5.00000	102.165	-19.234
5.07273	102.152	-19.233
5.14651	102.136	-19.233
5.22137	102.114	-19.232
5.29732	102.090	-19.231
5.37437	102.063	-19.229
5.45254	102.036	-19.228
5.53185	102.009	-19.227
5.61231	101.982	-19.225
5.69394	101.955	-19.224
5.77676	101.928	-19.223
5.86079	101.901	-19.221
5.94604	101.874	-19.220
6.03252	101.847	-19.218
6.12027	101.820	-19.217
6.20929	101.793	-19.215
6.29961	101.766	-19.214
6.39124	101.739	-19.212
6.48420	101.712	-19.211
6.57851	101.685	-19.209
6.67420	101.658	-19.208
6.77128	101.631	-19.206
6.86977	101.604	-19.204
6.96969	101.577	-19.203
7.07107	101.550	-19.201
7.17392	101.523	-19.199
7.27827	101.496	-19.197
7.38413	101.469	-19.196
7.49154	101.442	-19.194
7.60050	101.415	-19.192
7.71105	101.388	-19.190
7.82321	101.361	-19.188
7.93701	101.334	-19.186
8.05245	101.307	-19.185
8.16958	101.280	-19.183
8.28841	101.253	-19.181
8.40896	101.226	-19.179
8.53128	101.199	-19.177
8.65537	101.172	-19.174
8.78126	101.145	-19.172
8.90899	101.118	-19.170
9.03857	101.091	-19.168
9.17004	101.064	-19.166
9.30342	101.037	-19.164
9.43874	101.010	-19.161
9.57603	100.983	-19.159
9.71532	100.956	-19.157
9.85663	100.929	-19.154
10.0000	100.902	-19.152
10.1455	100.875	-19.150
10.2930	100.848	-19.147
10.4427	100.821	-19.145
10.5946	100.794	-19.142
10.7487	100.767	-19.139
10.9051	100.741	-19.137
11.0637	100.714	-19.134
11.2246	100.687	-19.132
11.3879	100.660	-19.129
11.5535	100.633	-19.126
11.7216	100.606	-19.123
11.8921	100.579	-19.120
12.0650	100.552	-19.117
12.2405	100.525	-19.115
12.4186	100.498	-19.112
12.5992	100.471	-19.109
12.7825	100.444	-19.105
12.9684	100.417	-19.102
13.1570	100.390	-19.099
13.3484	100.363	-19.096
13.5426	100.336	-19.093
13.7395	100.309	-19.090
13.9394	100.282	-19.087
14.1421	100.255	-19.083
14.3478	100.228	-19.080
14.5565	100.201	-19.077
14.7683	100.174	-19.074
14.9831	100.147	-19.070
15.2010	100.120	-19.067
15.4221	100.093	-19.063
15.6464	100.066	-19.060
15.8740	100.039	-19.056
16.1049	100.012	-19.052
16.3392	99.985	-19.049
16.5768	99.958	-19.045
16.8179	99.931	-19.041
17.0626	99.904	-19.037
17.3107	99.877	-19.033
17.5625	99.850	-19.029
17.8180	99.823	-19.025
18.0771	99.796	-19.021
18.3401	99.769	-19.017
18.6068	99.742	-19.013
18.8775	99.715	-19.009
19.1521	99.688	-19.004
19.4306	99.661	-19.000
19.7133	99.634	-18.995
20.0000	99.607	-18.991
20.2909	99.580	-18.986
20.5860	99.553	-18.982
20.8855	99.526	-18.977
21.1893	99.499	-18.972
21.4975	99.472	-18.967
21.8102	99.445	-18.962
22.1274	99.418	-18.957
22.4492	99.391	-18.952
22.7758	99.364	-18.947
23.1071	99.338	-18.942
23.4432	99.311	-18.936
23.7841	99.284	-18.931
24.1301	99.257	-18.925
24.4811	99.230	-18.920
24.8372	99.203	-18.914
25.1984	99.176	-18.908
25.5649	99.149	-18.902
25.9368	99.122	-18.897
26.3141	99.095	-18.891
26.6968	99.068	-18.884
27.0851	99.041	-18.878
27.4791	99.014	-18.872
27.8788	98.987	-18.866
28.2843	98.960	-18.859
28.6957	98.933	-18.853
29.1131	98.906	-18.846
29.5365	98.879	-18.839
29.9661	98.852	-18.832
30.4020	98.825	-18.825
30.8442	98.798	-18.818
31.2929	98.771	-18.811
31.7480	98.744	-18.804
32.2098	98.717	-18.796
32.6783	98.690	-18.789
33.1536	98.663	-18.781
33.6359	98.636	-18.773
34.1251	98.609	-18.765
34.6215	98.582	-18.757
35.1250	98.555	-18.749
35.6359	98.528	-18.741
36.1543	98.501	-18.733
36.6802	98.474	-18.724
37.2137	98.447	-18.716
37.7550	98.420	-18.707
38.3041	98.393	-18.698
38.8613	98.366	-18.689
39.4265	98.339	-18.680
40.0000	98.312	-18.670
40.5818	98.285	-18.661
41.1721	98.258	-18.651
41.7710	98.231	-18.642
42.3785	98.204	-18.632
42.9949	98.177	-18.622
43.6203	98.150	-18.611
44.2548	98.123	-18.601
44.8985	98.096	-18.590
45.5515	98.069	-18.580
46.2141	98.042	-18.569
46.8863	98.015	-18.558
47.5683	97.988	-18.547
48.2602	97.961	-18.535
48.9621	97.935	-18.524
49.6743	97.908	-18.512
50.3968	97.881	-18.500
51.1299	97.854	-18.488
51.8736	97.827	-18.475
52.6281	97.800	-18.463
53.3936	97.773	-18.450
54.1702	97.746	-18.437
54.9581	97.719	-18.424
55.7575	97.692	-18.410
56.5685	97.665	-18.397
57.3914	97.638	-18.383
58.2261	97.611	-18.369
59.0730	97.584	-18.354
59.9323	97.557	-18.340
60.8040	97.530	-18.325
61.6884	97.503	-18.310
62.5857	97.476	-18.295
63.4960	97.449	-18.279
64.4196	97.422	-18.263
65.3566	97.395	-18.247
66.3073	97.368	-18.231
67.2717	97.341	-18.214
68.2502	97.314	-18.197
69.2429	97.287	-18.180
70.2501	97.260	-18.162
71.2719	97.233	-18.145
72.3086	97.206	-18.126
73.3603	97.179	-18.108
74.4274	97.152	-18.089
75.5099	97.125	-18.070
76.6083	97.098	-18.050
77.7226	97.071	-18.030
78.8531	97.044	-18.010
80.0000	97.017	-17.990
81.1636	96.990	-17.969
82.3442	96.963	-17.947
83.5419	96.936	-17.925
84.7570	96.909	-17.903
85.9899	96.882	-17.881
87.2406	96.855	-17.858
88.5096	96.828	-17.834
89.7970	96.801	-17.810
91.1031	96.774	-17.786
92.4282	96.747	-17.761
93.7726	96.720	-17.735
95.1366	96.693	-17.709
96.5204	96.666	-17.683
97.9243	96.639	-17.656
99.3486	96.612	-17.629
100.794	96.585	-17.601
102.260	96.558	-17.572
103.747	96.531	-17.543
105.256	96.505	-17.513
106.787	96.478	-17.482
108.340	96.451	-17.451
109.916	96.424	-17.419
111.515	96.397	-17.387
113.137	96.370	-17.353
114.783	96.343	-17.319
116.452	96.316	-17.285
118.146	96.289	-17.249
119.865	96.262	-17.213
121.608	96.235	-17.175
123.377	96.208	-17.137
125.171	96.181	-17.098
126.992	96.154	-17.058
128.839	96.127	-17.017
130.713	96.100	-16.975
132.615	96.073	-16.932
134.543	96.046	-16.888
136.500	96.019	-16.843
138.486	95.992	-16.797
140.500	95.965	-16.749
142.544	95.938	-16.700
144.617	95.911	-16.650
146.721	95.884	-16.599
148.855	95.857	-16.545
151.020	95.830	-16.491
153.217	95.803	-16.435
155.445	95.776	-16.377
157.706	95.749	-16.317
160.000	95.722	-16.255
162.327	95.695	-16.191
164.688	95.668	-16.124
167.084	95.641	-16.055
169.514	95.614	-15.983
171.980	95.587	-15.907
174.481	95.560	-15.827
177.019	95.533	-15.741
179.594	95.506	-15.648
182.206	95.479	-15.545
184.856	95.452	-15.426
187.545	95.425	-15.282
190.273	95.398	-15.087
193.041	95.378	-14.769
195.849	95.386	-14.342
198.697	95.455	-13.908
201.587	95.599	-13.887
204.520	95.778	-14.633
207.494	95.878	-16.102
210.512	95.847	-17.854
213.574	95.693	-19.576
216.681	95.406	-21.017
219.833	95.037	-21.862
223.030	94.636	-22.159
226.274	94.169	-21.970
229.565	93.635	-20.975
232.905	93.034	-18.842
236.292	92.448	-14.841
239.729	92.111	-8.577
243.216	92.257	-1.156
246.754	92.946	5.363
250.343	93.954	8.445
253.984	94.888	8.623
257.678	95.589	7.375
261.426	96.031	5.300
265.229	96.255	3.229
269.087	96.428	1.710
273.001	96.715	0.297
276.972	97.119	-1.385
281.000	97.534	-3.640
285.088	97.839	-6.179
289.234	97.983	-8.703
293.441	97.979	-11.132
297.709	97.897	-13.506
302.040	97.737	-15.999
306.433	97.485	-18.580
310.890	97.152	-21.068
315.412	96.665	-23.163
320.000	96.005	-24.276
324.655	95.327	-23.910
329.377	94.771	-21.947
334.168	94.450	-18.794
339.028	94.415	-15.561
343.959	94.557	-12.986
348.962	94.753	-11.211
354.038	94.938	-10.032
359.188	95.095	-9.126
364.412	95.259	-8.421
369.713	95.463	-7.971
375.090	95.704	-7.932
380.546	95.904	-8.412
386.081	96.017	-8.903
391.697	96.067	-9.021
397.394	96.128	-8.652
403.175	96.285	-7.894
409.039	96.609	-7.519
414.989	97.052	-8.318
421.025	97.460	-10.409
427.149	97.705	-13.535
433.362	97.691	-17.053
439.665	97.379	-20.074
446.060	96.947	-21.966
452.548	96.552	-22.620
459.131	96.261	-22.208
465.809	96.203	-21.529
472.584	96.303	-21.530
479.458	96.371	-22.425
486.432	96.333	-23.996
493.507	96.095	-25.433
500.686	95.737	-26.113
507.968	95.388	-25.960
515.357	95.033	-24.944
522.853	94.761	-23.299
530.458	94.604	-21.680
538.174	94.477	-20.127
546.002	94.403	-18.470
553.943	94.400	-16.649
562.001	94.510	-14.913
570.175	94.710	-13.669
578.469	94.897	-12.920
586.883	95.053	-12.280
595.419	95.182	-11.517
604.080	95.321	-10.093
612.866	95.606	-8.559
621.780	96.001	-7.825
630.824	96.431	-8.012
640.000	96.817	-9.040
649.309	97.114	-10.527
658.753	97.335	-11.800
668.335	97.564	-12.838
678.056	97.885	-14.024
687.919	98.243	-16.027
697.925	98.557	-18.892
708.077	98.760	-22.356
718.376	98.742	-26.067
728.825	98.542	-29.226
739.426	98.274	-31.363
750.181	98.034	-32.607
761.093	97.959	-33.275
772.163	98.007	-34.274
783.394	98.082	-36.037
794.789	98.080	-38.422
806.349	97.957	-41.263
818.078	97.723	-44.116
829.977	97.439	-46.861
842.050	97.096	-49.101
854.298	96.727	-50.553
866.724	96.387	-52.212
879.330	95.848	-53.318
892.120	95.212	-53.310
905.097	94.701	-52.993
918.262	94.100	-51.990
931.618	93.551	-49.742
945.169	93.347	-46.644
958.917	93.287	-43.572
972.864	93.271	-40.857
987.015	93.383	-38.050
1001.37	93.620	-36.081
1015.94	93.788	-34.717
1030.71	94.053	-33.490
1045.71	94.453	-32.863
1060.92	94.936	-33.219
1076.35	95.444	-34.810
1092.00	95.877	-37.705
1107.89	96.052	-41.495
1124.00	95.946	-45.268
1140.35	95.650	-48.565
1156.94	95.181	-51.104
1173.77	94.685	-52.162
1190.84	94.364	-52.173
1208.16	94.119	-52.207
1225.73	93.872	-52.121
1243.56	93.657	-51.857
1261.65	93.463	-51.386
1280.00	93.296	-50.533
1298.62	93.240	-49.507
1317.51	93.266	-48.848
1336.67	93.307	-48.593
1356.11	93.369	-48.702
1375.84	93.396	-49.233
1395.85	93.368	-49.803
1416.15	93.308	-50.108
1436.75	93.289	-50.317
1457.65	93.298	-50.493
1478.85	93.344	-50.803
1500.36	93.425	-51.363
1522.19	93.496	-52.214
1544.33	93.525	-53.258
1566.79	93.563	-54.463
1589.58	93.594	-55.993
1612.70	93.570	-57.947
1636.16	93.479	-60.068
1659.95	93.338	-62.322
1684.10	93.099	-64.817
1708.60	92.789	-67.375
1733.45	92.363	-69.935
1758.66	91.763	-72.448
1784.24	90.946	-74.310
1810.19	89.885	-74.809
1836.52	88.694	-72.740
1863.24	87.620	-66.856
1890.34	86.961	-56.899
1917.83	86.977	-45.339
1945.73	87.602	-35.952
1974.03	88.605	-30.319
2002.74	89.737	-27.945
2031.87	90.802	-27.857
2061.43	91.721	-29.285
2091.41	92.450	-31.733
2121.83	92.978	-34.702
2152.69	93.304	-37.729
2184.01	93.505	-40.437
2215.77	93.630	-42.685
2248.00	93.778	-44.397
2280.70	94.024	-45.943
2313.87	94.346	-48.032
2347.53	94.693	-50.937
2381.68	94.970	-54.555
2416.32	95.096	-58.744
2451.46	95.045	-62.960
2487.12	94.818	-66.787
2523.30	94.456	-69.893
2560.00	94.008	-71.771
2597.24	93.613	-72.335
2635.01	93.365	-71.865
2673.34	93.332	-70.866
2712.23	93.568	-70.383
2751.68	93.987	-71.257
2791.70	94.483	-73.739
2832.31	94.918	-77.783
2873.50	95.164	-82.920
2915.30	95.195	-88.594
2957.70	94.981	-94.355
3000.72	94.531	-100.126
3044.37	93.860	-105.258
3088.65	92.999	-109.189
3133.58	92.036	-111.537
3179.16	91.096	-111.748
3225.40	90.366	-109.815
3272.31	90.014	-106.965
3319.91	90.034	-105.213
3368.20	90.233	-105.718
3417.19	90.385	-108.153
3466.89	90.284	-111.577
3517.32	89.872	-115.209
3568.48	89.188	-118.390
3620.39	88.254	-120.049
3673.05	87.272	-119.377
3726.47	86.516	-116.177
3780.67	86.159	-110.831
3835.67	86.401	-105.665
3891.46	87.034	-103.636
3948.06	87.764	-105.107
4005.49	88.356	-109.137
4063.75	88.604	-115.028
4122.86	88.367	-121.334
4182.82	87.764	-127.441
4243.66	86.828	-132.431
4305.39	85.608	-134.938
4368.01	84.496	-134.810
4431.55	83.661	-132.259
4496.01	83.112	-128.545
4561.40	82.960	-125.858
4627.75	82.975	-124.996
4695.06	83.019	-125.804
4763.35	82.939	-127.753
4832.64	82.698	-130.188
4902.93	82.279	-132.984
4974.24	81.664	-135.654
5046.60	80.940	-137.775
5120.00	80.119	-139.385
5194.47	79.276	-140.180
5270.03	78.419	-140.210
5346.68	77.493	-139.625
5424.45	76.560	-137.718
5503.35	75.695	-134.639
5583.40	75.020	-130.590
5664.61	74.536	-126.465
5747.01	74.214	-122.983
5830.60	73.960	-120.493
5915.41	73.648	-118.596
6001.45	73.252	-116.936
6088.74	72.785	-115.176
6177.30	72.283	-113.252
6267.15	71.706	-111.304
6358.31	71.009	-109.002
6450.80	70.228	-105.797
6544.62	69.366	-101.296
6639.82	68.492	-94.797
6736.40	67.670	-85.703
6834.38	67.072	-74.350
6933.79	66.960	-58.946
7034.64	67.538	-40.628
7136.96	69.011	-23.965
7240.77	71.021	-13.708
7346.09	73.183	-9.364
7452.94	75.410	-8.883
7561.35	77.496	-11.339
7671.33	79.395	-15.492
7782.91	81.284	-21.758
7896.12	83.029	-29.875
8010.97	84.389	-39.135
8127.49	85.327	-49.479
8245.71	85.778	-60.150
8365.65	85.687	-70.967
8487.33	85.137	-81.586
8610.78	84.241	-90.813
8736.03	83.168	-98.177
8863.09	82.092	-103.570
8992.01	81.101	-107.238
9122.80	80.232	-109.751
9255.50	79.431	-111.673
9390.12	78.621	-112.955
9526.70	77.815	-113.301
9665.27	77.107	-112.360
9805.86	76.631	-110.620
9948.49	76.414	-109.194
10093.2	76.403	-109.165
10240.0	76.443	-110.873
10388.9	76.320	-114.240
10540.1	75.905	-118.012
10693.4	75.112	-121.355
10848.9	73.984	-123.501
11006.7	72.746	-122.908
11166.8	71.648	-119.212
11329.2	70.975	-114.093
11494.0	70.771	-110.028
11661.2	70.501	-108.469
11830.8	69.923	-107.716
12002.9	69.087	-105.574
12177.5	68.211	-98.278
12354.6	68.077	-85.491
12534.3	69.233	-74.987
12716.6	71.069	-71.943
12901.6	72.928	-75.815
13089.2	74.339	-83.294
13279.6	75.113	-92.428
13472.8	75.173	-102.846
13668.8	74.375	-113.253
13867.6	72.816	-123.093
14069.3	70.626	-131.953
14273.9	67.556	-139.203
14481.5	64.039	-141.628
14692.2	61.314	-130.228
14905.9	60.389	-77.063
15122.7	61.838	-40.644
15342.7	64.408	-35.974
15565.8	66.749	-38.068
15792.2	68.503	-42.742
16021.9	69.473	-47.895
16255.0	69.941	-52.441
16491.4	70.162	-56.289
16731.3	70.330	-59.051
16974.7	70.556	-61.707
17221.6	70.727	-64.496
17472.1	70.682	-66.940
17726.2	70.459	-69.133
17984.0	70.076	-70.360
18245.6	69.707	-70.038
18511.0	69.491	-69.242
18780.2	69.470	-68.387
19053.4	69.519	-68.102
19330.5	69.589	-68.304
19611.7	69.681	-68.661
19897.0	69.788	-69.113
20186.4	69.908	-69.852
20480.0	69.986	-71.040
20777.9	69.966	-72.370
21080.1	69.883	-73.651
21386.7	69.763	-74.731
21697.8	69.634	-75.626
22013.4	69.505	-76.383
22333.6	69.376	-77.046
22658.4	69.247	-77.639
22988.0	69.118	-78.176
23322.4	68.989	-78.668
23661.6	68.860	-79.122
24005.8	68.731	-79.543
24355.0	68.602	-79.935
24709.2	68.472	-80.303
25068.6	68.343	-80.649
25433.2	68.214	-80.975
25803.2	68.085	-81.283
26178.5	67.956	-81.575
26559.3	67.827	-81.853
26945.6	67.698	-82.118
27337.5	67.569	-82.370
27735.2	67.440	-82.611
28138.6	67.311	-82.842
28547.9	67.182	-83.064
28963.1	67.053	-83.276
29384.4	66.924	-83.480
29811.8	66.795	-83.677
30245.4	66.666	-83.866
30685.3	66.537	-84.049
31131.7	66.408	-84.225
31584.5	66.279	-84.395
32043.9	66.150	-84.560
32510.0	66.021	-84.719
32982.8	65.891	-84.873
33462.6	65.762	-85.023
33949.3	65.633	-85.168
34443.1	65.504	-85.308
34944.1	65.375	-85.445
35452.4	65.246	-85.578
35968.0	65.117	-85.707
36491.2	64.988	-85.833
37022.0	64.859	-85.955
37560.5	64.730	-86.076
38106.8	64.613	-86.184
38661.1	64.507	-86.284
39223.4	64.429	-86.360
39793.9	64.368	-86.419
