5.00000	84.942	8.340
5.07273	84.947	8.339
5.14651	84.955	8.337
5.22137	84.964	8.335
5.29732	84.975	8.333
5.37437	84.987	8.331
5.45254	84.999	8.328
5.53185	85.011	8.326
5.61231	85.023	8.323
5.69394	85.034	8.320
5.77676	85.046	8.318
5.86079	85.058	8.315
5.94604	85.070	8.312
6.03252	85.082	8.310
6.12027	85.094	8.307
6.20929	85.106	8.304
6.29961	85.118	8.301
6.39124	85.129	8.298
6.48420	85.141	8.295
6.57851	85.153	8.292
6.67420	85.165	8.289
6.77128	85.177	8.286
6.86977	85.189	8.282
6.96969	85.201	8.279
7.07107	85.213	8.276
7.17392	85.224	8.273
7.27827	85.236	8.269
7.38413	85.248	8.266
7.49154	85.260	8.262
7.60050	85.272	8.259
7.71105	85.284	8.255
7.82321	85.296	8.252
7.93701	85.308	8.248
8.05245	85.319	8.244
8.16958	85.331	8.240
8.28841	85.343	8.237
8.40896	85.355	8.233
8.53128	85.367	8.229
8.65537	85.379	8.225
8.78126	85.391	8.221
8.90899	85.403	8.217
9.03857	85.415	8.212
9.17004	85.426	8.208
9.30342	85.438	8.204
9.43874	85.450	8.200
9.57603	85.462	8.195
9.71532	85.474	8.191
9.85663	85.486	8.186
10.0000	85.498	8.181
10.1455	85.510	8.177
10.2930	85.521	8.172
10.4427	85.533	8.167
10.5946	85.545	8.162
10.7487	85.557	8.157
10.9051	85.569	8.152
11.0637	85.581	8.147
11.2246	85.593	8.142
11.3879	85.605	8.137
11.5535	85.616	8.131
11.7216	85.628	8.126
11.8921	85.640	8.120
12.0650	85.652	8.115
12.2405	85.664	8.109
12.4186	85.676	8.103
12.5992	85.688	8.097
12.7825	85.700	8.092
12.9684	85.711	8.086
13.1570	85.723	8.079
13.3484	85.735	8.073
13.5426	85.747	8.067
13.7395	85.759	8.060
13.9394	85.771	8.053
14.1421	85.783	8.046
14.3478	85.795	8.039
14.5565	85.806	8.032
14.7683	85.818	8.025
14.9831	85.830	8.017
15.2010	85.842	8.010
15.4221	85.854	8.002
15.6464	85.866	7.994
15.8740	85.878	7.986
16.1049	85.890	7.978
16.3392	85.901	7.970
16.5768	85.913	7.962
16.8179	85.925	7.954
17.0626	85.937	7.945
17.3107	85.949	7.937
17.5625	85.961	7.928
17.8180	85.973	7.919
18.0771	85.985	7.910
18.3401	85.996	7.901
18.6068	86.008	7.892
18.8775	86.020	7.883
19.1521	86.032	7.873
19.4306	86.044	7.863
19.7133	86.056	7.854
20.0000	86.068	7.844
20.2909	86.080	7.834
20.5860	86.092	7.823
20.8855	86.103	7.813
21.1893	86.115	7.803
21.4975	86.127	7.792
21.8102	86.139	7.781
22.1274	86.151	7.770
22.4492	86.163	7.759
22.7758	86.175	7.748
23.1071	86.187	7.736
23.4432	86.198	7.725
23.7841	86.210	7.713
24.1301	86.222	7.701
24.4811	86.234	7.689
24.8372	86.246	7.676
25.1984	86.258	7.664
25.5649	86.270	7.651
25.9368	86.282	7.638
26.3141	86.293	7.625
26.6968	86.305	7.612
27.0851	86.317	7.599
27.4791	86.329	7.585
27.8788	86.341	7.571
28.2843	86.353	7.557
28.6957	86.365	7.543
29.1131	86.377	7.528
29.5365	86.388	7.514
29.9661	86.400	7.499
30.4020	86.412	7.484
30.8442	86.424	7.468
31.2929	86.436	7.453
31.7480	86.448	7.437
32.2098	86.460	7.421
32.6783	86.472	7.405
33.1536	86.483	7.389
33.6359	86.495	7.372
34.1251	86.507	7.355
34.6215	86.519	7.338
35.1250	86.531	7.320
35.6359	86.543	7.303
36.1543	86.555	7.285
36.6802	86.567	7.266
37.2137	86.578	7.248
37.7550	86.590	7.229
38.3041	86.602	7.210
38.8613	86.614	7.191
39.4265	86.626	7.171
40.0000	86.638	7.152
40.5818	86.650	7.131
41.1721	86.662	7.111
41.7710	86.673	7.090
42.3785	86.685	7.069
42.9949	86.697	7.048
43.6203	86.709	7.026
44.2548	86.721	7.004
44.8985	86.733	6.982
45.5515	86.745	6.959
46.2141	86.757	6.936
46.8863	86.769	6.913
47.5683	86.780	6.889
48.2602	86.792	6.866
48.9621	86.804	6.841
49.6743	86.816	6.816
50.3968	86.828	6.791
51.1299	86.840	6.766
51.8736	86.852	6.740
52.6281	86.864	6.714
53.3936	86.875	6.688
54.1702	86.887	6.661
54.9581	86.899	6.633
55.7575	86.911	6.606
56.5685	86.923	6.578
57.3914	86.935	6.549
58.2261	86.947	6.520
59.0730	86.959	6.491
59.9323	86.970	6.461
60.8040	86.982	6.431
61.6884	86.994	6.400
62.5857	87.006	6.369
63.4960	87.018	6.337
64.4196	87.030	6.305
65.3566	87.042	6.273
66.3073	87.054	6.240
67.2717	87.065	6.206
68.2502	87.077	6.172
69.2429	87.089	6.138
70.2501	87.101	6.103
71.2719	87.113	6.068
72.3086	87.125	6.032
73.3603	87.137	5.995
74.4274	87.149	5.958
75.5099	87.160	5.920
76.6083	87.172	5.882
77.7226	87.184	5.843
78.8531	87.196	5.804
80.0000	87.208	5.764
81.1636	87.220	5.724
82.3442	87.232	5.683
83.5419	87.244	5.641
84.7570	87.255	5.599
85.9899	87.267	5.556
87.2406	87.279	5.513
88.5096	87.291	5.468
89.7970	87.303	5.424
91.1031	87.315	5.378
92.4282	87.327	5.332
93.7726	87.339	5.285
95.1366	87.350	5.238
96.5204	87.362	5.189
97.9243	87.374	5.140
99.3486	87.386	5.091
100.794	87.398	5.040
102.260	87.410	4.989
103.747	87.422	4.937
105.256	87.434	4.885
106.787	87.446	4.831
108.340	87.457	4.777
109.916	87.469	4.722
111.515	87.481	4.666
113.137	87.493	4.609
114.783	87.505	4.552
116.452	87.517	4.494
118.146	87.529	4.434
119.865	87.541	4.374
121.608	87.552	4.313
123.377	87.564	4.251
125.171	87.576	4.188
126.992	87.588	4.124
128.839	87.600	4.060
130.713	87.612	3.994
132.615	87.624	3.927
134.543	87.636	3.859
136.500	87.647	3.791
138.486	87.659	3.721
140.500	87.671	3.650
142.544	87.683	3.578
144.617	87.695	3.505
146.721	87.707	3.431
148.855	87.719	3.356
151.020	87.731	3.280
153.217	87.742	3.202
155.445	87.754	3.123
157.706	87.766	3.044
160.000	87.778	2.962
162.327	87.790	2.880
164.688	87.802	2.796
167.084	87.814	2.712
169.514	87.826	2.625
171.980	87.837	2.538
174.481	87.849	2.449
177.019	87.861	2.359
179.594	87.873	2.267
182.206	87.885	2.174
184.856	87.897	2.080
187.545	87.909	1.984
190.273	87.921	1.887
193.041	87.932	1.788
195.849	87.944	1.688
198.697	87.956	1.586
201.587	87.968	1.483
204.520	87.980	1.378
207.494	87.992	1.272
210.512	88.004	1.164
213.574	88.016	1.055
216.681	88.027	0.944
219.833	88.039	0.832
223.030	88.051	0.718
226.274	88.063	0.604
229.565	88.075	0.488
232.905	88.087	0.371
236.292	88.099	0.246
239.729	88.113	0.103
243.216	88.131	-0.077
246.754	88.152	-0.306
250.343	88.178	-0.585
253.984	88.208	-0.912
257.678	88.242	-1.271
261.426	88.271	-1.640
265.229	88.292	-1.992
269.087	88.292	-2.306
273.001	88.273	-2.536
276.972	88.246	-2.685
281.000	88.217	-2.779
285.088	88.198	-2.825
289.234	88.199	-2.867
293.441	88.213	-2.939
297.709	88.235	-3.022
302.040	88.259	-3.119
306.433	88.283	-3.215
310.890	88.306	-3.311
315.412	88.332	-3.414
320.000	88.357	-3.541
324.655	88.383	-3.712
329.377	88.397	-3.942
334.168	88.393	-4.188
339.028	88.377	-4.402
343.959	88.353	-4.553
348.962	88.337	-4.623
354.038	88.343	-4.650
359.188	88.373	-4.733
364.412	88.419	-4.954
369.713	88.459	-5.335
375.090	88.483	-5.845
380.546	88.474	-6.403
386.081	88.436	-6.870
391.697	88.391	-7.196
397.394	88.347	-7.396
403.175	88.322	-7.508
409.039	88.319	-7.667
414.989	88.313	-7.909
421.025	88.300	-8.212
427.149	88.269	-8.534
433.362	88.218	-8.785
439.665	88.160	-8.923
446.060	88.104	-8.942
452.548	88.062	-8.872
459.131	88.031	-8.761
465.809	88.013	-8.614
472.584	88.011	-8.485
479.458	88.021	-8.389
486.432	88.039	-8.365
493.507	88.051	-8.412
500.686	88.055	-8.481
507.968	88.050	-8.544
515.357	88.037	-8.560
522.853	88.028	-8.483
530.458	88.037	-8.352
538.174	88.066	-8.221
546.002	88.111	-8.158
553.943	88.163	-8.203
562.001	88.213	-8.346
570.175	88.257	-8.565
578.469	88.294	-8.828
586.883	88.325	-9.095
595.419	88.354	-9.359
604.080	88.380	-9.624
612.866	88.405	-9.896
621.780	88.429	-10.181
630.824	88.453	-10.477
640.000	88.477	-10.788
649.309	88.499	-11.120
658.753	88.514	-11.468
668.335	88.521	-11.833
678.056	88.516	-12.198
687.919	88.499	-12.547
697.925	88.474	-12.865
708.077	88.444	-13.143
718.376	88.409	-13.378
728.825	88.367	-13.563
739.426	88.322	-13.682
750.181	88.268	-13.701
761.093	88.210	-13.582
772.163	88.162	-13.296
783.394	88.143	-12.861
794.789	88.169	-12.346
806.349	88.241	-11.829
818.078	88.352	-11.431
829.977	88.482	-11.215
842.050	88.607	-11.148
854.298	88.722	-11.208
866.724	88.821	-11.331
879.330	88.915	-11.461
892.120	89.011	-11.601
905.097	89.112	-11.741
918.262	89.227	-11.898
931.618	89.351	-12.089
945.169	89.488	-12.323
958.917	89.643	-12.659
972.864	89.811	-13.148
987.015	90.006	-13.880
1001.37	90.226	-14.923
1015.94	90.454	-16.265
1030.71	90.664	-17.885
1045.71	90.803	-19.692
1060.92	90.844	-21.434
1076.35	90.795	-22.882
1092.00	90.694	-23.862
1107.89	90.621	-24.361
1124.00	90.637	-24.626
1140.35	90.745	-25.061
1156.94	90.904	-25.973
1173.77	91.045	-27.406
1190.84	91.116	-29.140
1208.16	91.108	-30.877
1225.73	91.055	-32.351
1243.56	91.003	-33.533
1261.65	90.995	-34.555
1280.00	91.031	-35.652
1298.62	91.085	-37.046
1317.51	91.102	-38.697
1336.67	91.054	-40.433
1356.11	90.937	-42.031
1375.84	90.778	-43.269
1395.85	90.628	-44.116
1416.15	90.528	-44.693
1436.75	90.483	-45.228
1457.65	90.475	-45.919
1478.85	90.470	-46.797
1500.36	90.448	-47.799
1522.19	90.404	-48.818
1544.33	90.346	-49.756
1566.79	90.296	-50.572
1589.58	90.271	-51.355
1612.70	90.262	-52.192
1636.16	90.272	-53.164
1659.95	90.276	-54.317
1684.10	90.247	-55.576
1708.60	90.192	-56.836
1733.45	90.108	-58.028
1758.66	90.005	-59.067
1784.24	89.907	-59.923
1810.19	89.821	-60.635
1836.52	89.761	-61.233
1863.24	89.740	-61.790
1890.34	89.753	-62.436
1917.83	89.796	-63.273
1945.73	89.848	-64.387
1974.03	89.879	-65.769
2002.74	89.872	-67.320
2031.87	89.823	-68.943
2061.43	89.726	-70.491
2091.41	89.600	-71.853
2121.83	89.458	-72.973
2152.69	89.311	-73.817
2184.01	89.186	-74.378
2215.77	89.104	-74.799
2248.00	89.066	-75.199
2280.70	89.075	-75.705
2313.87	89.107	-76.435
2347.53	89.138	-77.362
2381.68	89.149	-78.400
2416.32	89.142	-79.444
2451.46	89.130	-80.407
2487.12	89.128	-81.297
2523.30	89.146	-82.142
2560.00	89.194	-83.020
2597.24	89.270	-84.015
2635.01	89.364	-85.166
2673.34	89.468	-86.478
2712.23	89.575	-87.956
2751.68	89.681	-89.563
2791.70	89.789	-91.324
2832.31	89.895	-93.227
2873.50	90.006	-95.277
2915.30	90.124	-97.529
2957.70	90.230	-99.982
3000.72	90.329	-102.635
3044.37	90.409	-105.515
3088.65	90.458	-108.565
3133.58	90.479	-111.758
3179.16	90.471	-115.037
3225.40	90.436	-118.373
3272.31	90.388	-121.761
3319.91	90.341	-125.261
3368.20	90.292	-128.954
3417.19	90.234	-132.949
3466.89	90.127	-137.242
3517.32	89.947	-141.777
3568.48	89.681	-146.478
3620.39	89.301	-151.200
3673.05	88.815	-155.748
3726.47	88.214	-159.909
3780.67	87.501	-163.456
3835.67	86.733	-166.226
3891.46	85.945	-168.096
3948.06	85.233	-169.035
4005.49	84.671	-169.458
4063.75	84.248	-169.781
4122.86	83.934	-170.333
4182.82	83.664	-171.314
4243.66	83.388	-172.632
4305.39	83.103	-174.159
4368.01	82.811	-175.853
4431.55	82.535	-177.750
4496.01	82.272	179.983
4561.40	81.981	177.246
4627.75	81.616	174.046
4695.06	81.081	170.600
4763.35	80.357	167.373
4832.64	79.453	164.796
4902.93	78.403	163.562
4974.24	77.379	164.163
5046.60	76.513	166.353
5120.00	75.859	169.661
5194.47	75.476	173.143
5270.03	75.279	176.055
5346.68	75.210	178.323
5424.45	75.225	179.941
5503.35	75.311	-179.007
5583.40	75.461	-178.629
5664.61	75.659	-179.068
5747.01	75.867	179.624
5830.60	76.035	177.454
5915.41	76.123	174.569
6001.45	76.105	171.175
6088.74	75.962	167.500
6177.30	75.712	163.738
6267.15	75.365	160.016
6358.31	74.935	156.429
6450.80	74.438	153.001
6544.62	73.865	149.780
6639.82	73.225	146.884
6736.40	72.540	144.354
6834.38	71.800	142.195
6933.79	71.019	140.548
7034.64	70.214	139.440
7136.96	69.396	138.949
7240.77	68.579	139.221
7346.09	67.833	140.385
7452.94	67.237	142.153
7561.35	66.814	143.920
7671.33	66.539	144.989
7782.91	66.281	144.924
7896.12	65.896	144.069
8010.97	65.318	143.311
8127.49	64.530	143.604
8245.71	63.745	146.309
8365.65	63.291	151.328
8487.33	63.327	156.385
8610.78	63.835	158.891
8736.03	64.475	157.748
8863.09	64.858	154.129
8992.01	64.868	149.507
9122.80	64.455	144.662
9255.50	63.667	140.521
9390.12	62.705	137.919
9526.70	61.741	136.938
9665.27	60.866	137.218
9805.86	60.103	138.420
9948.49	59.440	140.265
10093.2	58.902	142.619
10240.0	58.488	145.311
10388.9	58.237	148.008
10540.1	58.179	150.074
10693.4	58.227	151.055
10848.9	58.308	150.712
11006.7	58.275	149.220
11166.8	58.025	147.252
11329.2	57.546	145.439
11494.0	56.871	144.536
11661.2	56.153	145.349
11830.8	55.622	147.742
12002.9	55.416	150.586
12177.5	55.494	152.357
12354.6	55.690	152.214
12534.3	55.794	150.576
12716.6	55.678	148.034
12901.6	55.316	145.236
13089.2	54.726	142.941
13279.6	53.980	141.603
13472.8	53.189	141.491
13668.8	52.402	142.972
13867.6	51.773	146.246
14069.3	51.472	150.601
14273.9	51.523	154.542
14481.5	51.877	156.443
14692.2	52.279	155.757
14905.9	52.477	153.454
15122.7	52.416	150.444
15342.7	52.072	147.494
15565.8	51.537	145.402
15792.2	50.975	144.409
16021.9	50.474	144.185
16255.0	50.074	144.279
16491.4	49.727	144.316
16731.3	49.404	144.241
16974.7	49.083	144.084
17221.6	48.763	143.895
17472.1	48.442	143.694
17726.2	48.122	143.489
17984.0	47.801	143.285
18245.6	47.481	143.082
18511.0	47.160	142.881
18780.2	46.840	142.685
19053.4	46.519	142.491
19330.5	46.199	142.302
19611.7	45.878	142.116
19897.0	45.558	141.933
20186.4	45.237	141.755
20480.0	44.917	141.580
20777.9	44.596	141.409
21080.1	44.276	141.240
21386.7	43.956	141.075
21697.8	43.635	140.914
22013.4	43.315	140.755
22333.6	42.994	140.599
22658.4	42.674	140.446
22988.0	42.353	140.296
23322.4	42.033	140.148
23661.6	41.712	140.003
24005.8	41.392	139.860
24355.0	41.071	139.720
24709.2	40.751	139.583
25068.6	40.430	139.447
25433.2	40.110	139.314
25803.2	39.789	139.183
26178.5	39.469	139.055
26559.3	39.148	138.928
26945.6	38.828	138.804
27337.5	38.507	138.682
27735.2	38.187	138.561
28138.6	37.867	138.442
28547.9	37.546	138.325
28963.1	37.226	138.210
29384.4	36.905	138.097
29811.8	36.585	137.986
30245.4	36.264	137.877
30685.3	35.944	137.769
31131.7	35.623	137.662
31584.5	35.303	137.557
32043.9	34.982	137.454
32510.0	34.662	137.353
32982.8	34.341	137.253
33462.6	34.021	137.154
33949.3	33.700	137.057
34443.1	33.380	136.961
34944.1	33.059	136.867
35452.4	32.739	136.774
35968.0	32.418	136.682
36491.2	32.098	136.592
37022.0	31.778	136.502
37560.5	31.457	136.414
38106.8	31.166	136.333
38661.1	30.902	136.260
39223.4	30.703	136.204
39793.9	30.551	136.161
