20.19895	63.17	136.7
20.53749	63.34	136.3
20.8817	63.51	136
21.23169	63.7	135.6
21.58753	63.89	135.1
21.94935	64.09	134.7
22.31722	64.3	134.3
22.69126	64.51	133.8
23.07158	64.73	133.3
23.45826	64.95	132.8
23.85143	65.18	132.3
24.25118	65.41	131.8
24.65764	65.65	131.3
25.07091	65.9	130.7
25.4911	66.15	130.2
25.91834	66.42	129.6
26.35274	66.68	129.1
26.79441	66.96	128.5
27.2435	67.24	128
27.7001	67.53	127.4
28.16436	67.83	126.8
28.63641	68.12	126.2
29.11636	68.43	125.6
29.60436	68.73	125
30.10053	69.04	124.5
30.60502	69.35	123.9
31.11797	69.66	123.3
31.63952	69.97	122.7
32.1698	70.28	122
32.70898	70.58	121.4
33.25719	70.88	120.8
33.81459	71.16	120.2
34.38133	71.45	119.6
34.95757	71.72	119
35.54346	71.99	118.4
36.13918	72.24	117.7
36.74488	72.49	117.1
37.36074	72.73	116.5
37.98691	72.96	115.9
38.62358	73.19	115.2
39.27092	73.41	114.6
39.92911	73.62	114
40.59833	73.84	113.3
41.27877	74.06	112.7
41.97061	74.29	112.1
42.67405	74.52	111.5
43.38928	74.77	110.8
44.11649	75.02	110.2
44.8559	75.29	109.6
45.60769	75.57	108.9
46.37209	75.86	108.3
47.1493	76.17	107.6
47.93953	76.48	107
48.74301	76.79	106.4
49.55995	77.11	105.7
50.39059	77.41	105.1
51.23515	77.71	104.5
52.09386	77.99	103.8
52.96697	78.26	103.2
53.85471	78.52	102.5
54.75733	78.75	101.9
55.67507	78.96	101.3
56.6082	79.14	100.6
57.55697	79.31	100
58.52164	79.45	99.3
59.50247	79.56	98.7
60.49975	79.66	98.1
61.51374	79.74	97.4
62.54472	79.8	96.8
63.59299	79.86	96.1
64.65882	79.93	95.5
65.74252	80.01	94.8
66.84438	80.12	94.2
67.96471	80.25	93.6
69.10382	80.42	92.9
70.26201	80.61	92.3
71.43962	80.81	91.6
72.63697	81.03	91
73.85438	81.24	90.3
75.0922	81.43	89.7
76.35076	81.61	89
77.63042	81.77	88.3
78.93152	81.93	87.7
80.25443	82.08	87
81.59952	82.23	86.4
82.96715	82.39	85.7
84.3577	82.56	85
85.77155	82.73	84.4
87.2091	82.9	83.7
88.67075	83.05	83
90.15689	83.18	82.4
91.66795	83.3	81.7
93.20432	83.38	81
94.76645	83.45	80.3
96.35476	83.51	79.6
97.96969	83.56	79
99.61168	83.63	78.3
101.2812	83.71	77.6
102.9787	83.81	76.9
104.70465	83.93	76.2
106.45952	84.07	75.5
108.24381	84.23	74.8
110.058	84.38	74.1
111.9026	84.53	73.4
113.77812	84.67	72.7
115.68507	84.78	72
117.62398	84.87	71.3
119.59538	84.92	70.6
121.59983	84.96	69.9
123.63787	84.99	69.2
125.71007	85.02	68.6
127.81701	85.07	67.9
129.95925	85.12	67.2
132.1374	85.18	66.5
134.35205	85.23	65.8
136.60383	85.29	65.1
138.89334	85.35	64.4
141.22123	85.41	63.8
143.58813	85.48	63.1
145.9947	85.56	62.5
148.44161	85.63	61.8
150.92953	85.68	61.2
153.45914	85.7	60.6
156.03116	85.71	60.1
158.64628	85.71	59.5
161.30523	85.72	59.1
164.00874	85.74	58.6
166.75757	85.77	58.2
169.55247	85.79	57.9
172.39421	85.81	57.6
175.28358	85.73	57
178.22137	85.62	55.9
181.2084	85.67	55.2
184.2455	85.69	54.4
187.3335	85.68	53.6
190.47326	85.71	52.9
193.66564	85.73	52.2
196.91152	85.66	51.4
200.2118	85.61	50.7
203.5674	85.84	49.9
206.97924	86.16	49.1
210.44827	86.19	48.4
213.97543	85.95	47.7
217.56171	85.76	46.9
221.2081	85.81	46.2
224.9156	85.98	45.3
228.68524	86.04	44.6
232.51806	86.02	43.9
236.41512	86.03	43.2
240.3775	86.08	42.4
244.40628	86.1	41.8
248.50259	86.05	41.1
252.66756	86	40.4
256.90233	86.03	39.6
261.20807	86.1	39
265.58598	86.12	38.3
270.03727	86.09	37.7
274.56316	86.07	37.1
279.16491	86.07	36.4
283.84378	86.1	35.8
288.60107	86.11	35.2
293.43809	86.12	34.7
298.35619	86.15	34.1
303.35671	86.18	33.6
308.44104	86.19	33.1
313.61059	86.22	32.5
318.86678	86.23	32.1
324.21107	86.2	31.7
329.64492	86.18	31.2
335.16985	86.15	30.8
340.78738	86.14	30.5
346.49906	86.12	30
352.30647	86.09	29.7
358.21121	86.08	29.5
364.21492	86.06	29.2
370.31925	86.05	29
376.5259	86.04	28.8
382.83656	86.03	28.6
389.253	86.04	28.4
395.77697	86.07	28.3
402.41029	86.1	28.1
409.15479	86.1	28
416.01232	86.08	27.9
422.98479	86.06	27.8
430.07412	86.04	27.7
437.28226	86.02	27.6
444.61122	86.02	27.6
452.06302	86.02	27.5
459.6397	86.02	27.5
467.34338	86.01	27.5
475.17617	86	27.4
483.14023	86	27.3
491.23778	86.01	27.3
499.47105	86.01	27.2
507.84231	85.91	27.2
516.35387	85.82	27.2
525.00808	85.75	26.9
533.80735	85.69	26.6
542.75409	85.65	26.2
551.85078	85.63	25.8
561.09994	85.62	25.3
570.50411	85.62	24.6
580.0659	85.63	24
589.78794	85.64	23.2
599.67293	85.69	22.5
609.7236	85.74	21.9
619.94272	85.77	21.1
630.33311	85.79	20.4
640.89765	85.81	19.7
651.63925	85.81	19
662.56088	85.81	18.2
673.66556	85.79	17.5
684.95636	85.76	16.8
696.4364	85.73	16.1
708.10884	85.67	15.5
719.97692	85.61	14.9
732.04391	85.55	14.4
744.31315	85.46	14
756.78802	85.38	13.7
769.47197	85.3	13.5
782.36851	85.22	13.4
795.4812	85.14	13.4
808.81366	85.07	13.6
822.36957	85.01	13.8
836.15269	84.97	14.1
850.16681	84.95	14.4
864.41582	84.94	14.7
878.90364	84.95	15.1
893.63428	84.97	15.3
908.61181	85.01	15.5
923.84036	85.05	15.6
939.32415	85.09	15.6
955.06746	85.12	15.5
971.07462	85.15	15.4
987.35007	85.17	15.3
1003.8983	85.17	15.3
1020.7239	85.17	15.3
1037.8315	85.17	15.4
1055.2258	85.18	15.6
1072.9116	85.2	15.9
1090.8939	85.25	16.3
1109.1775	85.32	16.7
1127.7676	85.42	17
1146.6693	85.56	17.2
1165.8877	85.71	17.2
1185.4283	85.87	17
1205.2964	86.03	16.5
1225.4974	86.18	15.7
1246.0371	86.29	14.7
1266.9209	86.37	13.5
1288.1549	86.41	12.2
1309.7446	86.41	11.1
1331.6963	86.37	10
1354.0158	86.3	9.1
1376.7095	86.21	8.5
1399.7835	86.11	8
1423.2442	86.03	7.8
1447.0981	85.97	7.6
1471.3518	85.92	7.5
1496.012	85.89	7.4
1521.0856	85.85	7.2
1546.5793	85.81	7.1
1572.5004	85.73	7
1598.8559	85.64	7.2
1625.6531	85.53	7.6
1652.8994	85.48	8.7
1680.6024	85.5	10
1708.7697	85.64	11.5
1737.4091	85.91	12.7
1766.5285	86.27	13.3
1796.136	86.67	12.8
1826.2397	87.04	11.5
1856.8479	87.33	9.2
1887.9691	87.49	6.6
1919.612	87.55	3.7
1951.7851	87.48	1
1984.4975	87.33	-1.2
2017.7582	87.14	-2.8
2051.5763	86.97	-4.1
2085.9612	86.83	-5.3
2120.9224	86.68	-6.7
2156.4696	86.5	-8.2
2192.6126	86.22	-9.5
2229.3613	85.83	-10.4
2266.7259	85.38	-10
2304.7168	85.01	-8.1
2343.3444	84.87	-5.5
2382.6195	85.02	-3
2422.5528	85.37	-1.9
2463.1553	85.7	-2.7
2504.4384	85.9	-4.7
2546.4134	85.89	-7.2
2589.0919	85.72	-9.1
2632.4858	85.47	-10.2
2676.6069	85.23	-10.6
2721.4674	85.02	-10.8
2767.0799	84.81	-10.9
2813.4568	84.55	-10.5
2860.6111	84.3	-9
2908.5556	84.25	-6.3
2957.3037	84.53	-3.9
3006.8689	85.06	-3.1
3057.2647	85.56	-5.1
3108.5052	85.82	-9
3160.6045	85.71	-13.5
3213.577	85.26	-16.9
3267.4374	84.63	-18
3322.2004	84.04	-16.7
3377.8813	83.72	-14.1
3434.4954	83.71	-11.5
3492.0584	83.91	-9.6
3550.5862	84.26	-8.8
3610.0949	84.69	-9.6
3670.6009	85.03	-12.2
3732.1211	85.17	-16.3
3794.6724	84.99	-20.8
3858.272	84.54	-24.3
3922.9376	83.93	-26.3
3988.687	83.3	-26.6
4055.5384	82.75	-25.9
4123.5102	82.32	-24.3
4192.6212	82.05	-22.6
4262.8906	81.9	-21.3
4334.3377	81.72	-20.6
4406.9822	81.46	-19.4
4480.8443	81.23	-16.9
4555.9444	81.22	-14
4632.3031	81.46	-11.6
4709.9417	81.81	-10.6
4788.8814	82.15	-10.8
4869.1443	82.45	-12.1
4950.7523	82.63	-14.5
5033.7281	82.6	-17.5
5118.0947	82.39	-19.9
5203.8752	82.13	-21.4
5291.0934	81.87	-22.5
5379.7734	81.61	-23.5
5469.9397	81.3	-24.1
5561.6173	80.97	-24.2
5654.8313	80.64	-23.8
5749.6077	80.33	-22.7
5845.9725	80.1	-21
5943.9525	80.03	-18.9
6043.5746	80.16	-17.4
6144.8664	80.36	-17
6247.8558	80.56	-17.7
6352.5714	80.68	-19
6459.0421	80.77	-21.1
6567.2972	80.72	-24.2
6677.3667	80.39	-27.6
6789.281	79.72	-29.2
6903.071	78.95	-27.4
7018.7682	78.58	-23.4
7136.4045	78.77	-19.9
7256.0123	79.17	-19.1
7377.6249	79.46	-20.3
7501.2757	79.56	-22.1
7626.9989	79.59	-23.9
7754.8293	79.62	-26.2
7884.8021	79.47	-29.3
8016.9533	79.08	-31.7
8151.3194	78.57	-32
8287.9375	78.3	-30.7
8426.8454	78.4	-29.9
8568.0814	78.71	-31
8711.6845	78.94	-34.6
8857.6945	78.85	-39.5
9006.1516	78.51	-43.7
9157.0969	78.11	-47.3
9310.5721	77.75	-51
9466.6196	77.29	-55
9625.2825	76.83	-58.4
9786.6046	76.47	-63.6
9950.6305	75.93	-72
10117.405	74.64	-79.9
10286.976	72.58	-82.6
10459.388	69.87	-78.5
10634.69	67.45	-65.3
10812.93	66.1	-46.5
10994.157	67.01	-29.5
11178.422	68.35	-23.5
11365.775	69.08	-23.9
11556.268	69.53	-25.4
11749.954	70.05	-26.6
11946.886	70.62	-30
12147.119	71.16	-35.6
12350.708	71.5	-44
12557.708	71.25	-55.2
12768.179	70.14	-64.1
12982.177	68.56	-66.3
13199.761	67.71	-68.1
13420.992	67.46	-77.3
13645.931	66.62	-95.6
13874.641	64.55	-122.2
14107.183	61.39	-162.7
14343.623	58.05	144.2
14584.025	56.99	93.5
14828.457	58.8	58
15076.986	60.56	36
15329.68	61.75	20.9
15586.609	62.63	9.2
15847.844	63.12	-2.3
16113.458	62.8	-15.6
16383.524	61.43	-27.3
16658.115	58.89	-28.1
16937.31	56.15	-14.6
17221.183	55.2	1.9
17509.814	55.92	8.4
17803.283	56.36	2.5
18101.67	55.82	-5.9
18405.059	54.58	-12.3
18713.532	52.69	-17.7
19027.176	50.35	-15.5
19346.076	47.19	-0.7
19670.321	45.04	22.8
