"| "| "| "| "| Standardized FRD file, measured by OmniMic "146122014.omm" on 6/13/2014 by userID: 
"| "| "| "| "| Equivalent to driven with 2.83V and measured at 1m
"| "| "| "| "| Acoustic origin is 29.23useconds behind the mounting plane.
"| "| "| "| "| 
19.86599	67.33	83
20.19895	67.64	82.9
20.53749	67.98	82.7
20.8817	68.35	82.6
21.23169	68.71	82.5
21.58753	68.99	82.3
21.94935	69.19	82.2
22.31722	69.3	82
22.69126	69.37	81.9
23.07158	69.43	81.7
23.45826	69.52	81.6
23.85143	69.67	81.5
24.25118	69.86	81.3
24.65764	70.08	81.2
25.07091	70.3	81
25.4911	70.52	80.9
25.91834	70.75	80.7
26.35274	71.03	80.5
26.79441	71.37	80.4
27.2435	71.77	80.2
27.7001	72.2	80
28.16436	72.62	79.8
28.63641	73.04	79.7
29.11636	73.47	79.4
29.60436	73.93	79.2
30.10053	74.42	79.1
30.60502	74.93	78.9
31.11797	75.43	78.7
31.63952	75.93	78.5
32.1698	76.39	78.3
32.70898	76.79	78.1
33.25719	77.17	77.9
33.81459	77.53	77.7
34.38133	77.91	77.5
34.95757	78.27	77.2
35.54346	78.59	77
36.13918	78.87	76.8
36.74488	79.11	76.6
37.36074	79.32	76.4
37.98691	79.51	76.1
38.62358	79.67	75.9
39.27092	79.82	75.7
39.92911	79.93	75.4
40.59833	80.01	75.1
41.27877	80.08	74.8
41.97061	80.14	74.6
42.67405	80.18	74.4
43.38928	80.2	74.1
44.11649	80.22	73.8
44.8559	80.23	73.6
45.60769	80.26	73.3
46.37209	80.34	73
47.1493	80.47	72.7
47.93953	80.65	72.4
48.74301	80.85	72.2
49.55995	81.02	71.9
50.39059	81.14	71.6
51.23515	81.12	71.3
52.09386	80.94	70.9
52.96697	80.61	70.6
53.85471	80.31	70.2
54.75733	80.2	69.9
55.67507	80.26	69.6
56.6082	80.38	69.2
57.55697	80.46	68.9
58.52164	80.45	68.6
59.50247	80.37	68.2
60.49975	80.37	67.9
61.51374	80.47	67.5
62.54472	80.57	67.1
63.59299	80.68	66.8
64.65882	80.86	66.3
65.74252	81.03	65.9
66.84438	81.17	65.5
67.96471	81.28	65.1
69.10382	81.37	64.7
70.26201	81.46	64.3
71.43962	81.59	63.9
72.63697	81.8	63.4
73.85438	82.06	63
75.0922	82.36	62.6
76.35076	82.68	62.1
77.63042	82.99	61.6
78.93152	83.27	61.2
80.25443	83.54	60.7
81.59952	83.77	60.2
82.96715	83.9	59.7
84.3577	83.92	59.3
85.77155	83.82	58.8
87.2091	83.58	58.2
88.67075	83.27	57.7
90.15689	82.99	57.2
91.66795	82.85	56.7
93.20432	82.87	56.1
94.76645	83.14	55.6
96.35476	83.5	55
97.96969	83.82	54.5
99.61168	84.01	53.8
101.2812	84.08	53.2
102.9787	84.07	52.7
104.70465	84	52.1
106.45952	83.88	51.5
108.24381	83.77	50.9
110.058	83.77	50.2
111.9026	83.88	49.6
113.77812	84.09	48.9
115.68507	84.29	48.3
117.62398	84.36	47.6
119.59538	84.33	47
121.59983	84.24	46.2
123.63787	84.09	45.6
125.71007	83.9	44.9
127.81701	83.74	44.2
129.95925	83.68	43.6
132.1374	83.75	42.9
134.35205	83.94	42.1
136.60383	84.15	41.3
138.89334	84.31	40.6
141.22123	84.32	39.9
143.58813	84.23	39.1
145.9947	84.09	38.3
148.44161	84.02	37.5
150.92953	84.03	36.7
153.45914	84.11	36
156.03116	84.19	35.2
158.64628	84.22	34.3
161.30523	84.18	33.5
164.00874	84.08	32.7
166.75757	83.96	31.9
169.55247	83.9	31
172.39421	83.93	30.2
175.28358	83.99	29.3
178.22137	83.97	28.5
181.2084	83.86	27.6
184.2455	83.83	26.7
187.3335	83.86	25.9
190.47326	83.98	25
193.66564	84.14	24.1
196.91152	84.18	23.2
200.2118	84.13	22.4
203.5674	84.01	21.4
206.97924	83.95	20.6
210.44827	83.95	19.7
213.97543	83.96	18.9
217.56171	83.95	17.9
221.2081	83.91	17.1
224.9156	83.92	16.2
228.68524	83.98	15.3
232.51806	83.98	14.5
236.41512	83.85	13.7
240.3775	83.7	12.8
244.40628	83.68	12
248.50259	83.74	11.2
252.66756	83.75	10.3
256.90233	83.72	9.6
261.20807	83.65	8.8
265.58598	83.6	8.1
270.03727	83.54	7.4
274.56316	83.44	6.6
279.16491	83.38	6
283.84378	83.38	5.3
288.60107	83.37	4.8
293.43809	83.33	4.3
298.35619	83.31	3.7
303.35671	83.3	3.2
308.44104	83.28	2.7
313.61059	83.26	2.4
318.86678	83.24	1.9
324.21107	83.22	1.6
329.64492	83.13	1.4
335.16985	83.04	1.1
340.78738	83.01	1
346.49906	82.97	0.8
352.30647	82.88	0.8
358.21121	82.81	0.7
364.21492	82.77	0.8
370.31925	82.72	0.7
376.5259	82.67	0.7
382.83656	82.6	0.9
389.253	82.51	0.9
395.77697	82.47	1.1
402.41029	82.44	1.2
409.15479	82.41	1.4
416.01232	82.4	1.5
422.98479	82.39	1.6
430.07412	82.39	1.7
437.28226	82.43	1.7
444.61122	82.5	1.7
452.06302	82.55	1.8
459.6397	82.54	1.7
467.34338	82.51	1.6
475.17617	82.47	1.6
483.14023	82.43	1.4
491.23778	82.42	1.2
499.47105	82.41	1
507.84231	82.4	0.7
516.35387	82.4	0.4
525.00808	82.39	0.1
533.80735	82.38	-0.2
542.75409	82.37	-0.6
551.85078	82.35	-1
561.09994	82.33	-1.3
570.50411	82.31	-1.7
580.0659	82.28	-2.1
589.78794	82.25	-2.5
599.67293	82.22	-2.9
609.7236	82.19	-3.3
619.94272	82.15	-3.7
630.33311	82.11	-4.1
640.89765	82.07	-4.5
651.63925	82.03	-4.8
662.56088	81.98	-5.2
673.66556	81.94	-5.6
684.95636	81.89	-6
696.4364	81.84	-6.3
708.10884	81.79	-6.6
719.97692	81.74	-7
732.04391	81.69	-7.3
744.31315	81.64	-7.6
756.78802	81.59	-7.9
769.47197	81.54	-8.2
782.36851	81.49	-8.5
795.4812	81.44	-8.8
808.81366	81.39	-9.1
822.36957	81.35	-9.4
836.15269	81.3	-9.7
850.16681	81.25	-10
864.41582	81.2	-10.4
878.90364	81.15	-10.6
893.63428	81.09	-10.9
908.61181	81.01	-11.1
923.84036	80.92	-11.3
939.32415	80.82	-11.4
955.06746	80.71	-11.3
971.07462	80.59	-11.1
987.35007	80.48	-10.6
1003.8983	80.38	-9.9
1020.7239	80.3	-9
1037.8315	80.27	-7.9
1055.2258	80.28	-6.6
1072.9116	80.35	-5.3
1090.8939	80.48	-4.1
1109.1775	80.66	-3.2
1127.7676	80.88	-2.6
1146.6693	81.13	-2.3
1165.8877	81.38	-2.5
1185.4283	81.61	-3.1
1205.2964	81.8	-4
1225.4974	81.94	-5.1
1246.0371	82.02	-6.3
1266.9209	82.04	-7.5
1288.1549	82.01	-8.3
1309.7446	81.94	-8.8
1331.6963	81.87	-8.7
1354.0158	81.83	-8.1
1376.7095	81.86	-6.9
1399.7835	82.01	-5.6
1423.2442	82.29	-4.3
1447.0981	82.69	-3.5
1471.3518	83.17	-3.4
1496.012	83.68	-4.3
1521.0856	84.19	-6
1546.5793	84.63	-8.5
1572.5004	85	-11.7
1598.8559	85.27	-15.2
1625.6531	85.44	-18.9
1652.8994	85.51	-22.5
1680.6024	85.49	-26
1708.7697	85.42	-29.2
1737.4091	85.31	-32
1766.5285	85.18	-34.4
1796.136	85.07	-36.6
1826.2397	84.97	-38.7
1856.8479	84.89	-40.8
1887.9691	84.82	-43
1919.612	84.73	-45.2
1951.7851	84.63	-47.5
1984.4975	84.51	-49.9
2017.7582	84.37	-52.2
2051.5763	84.23	-54.5
2085.9612	84.08	-56.9
2120.9224	83.91	-59.4
2156.4696	83.7	-62.1
2192.6126	83.43	-64.9
2229.3613	83.08	-67.6
2266.7259	82.65	-69.8
2304.7168	82.18	-71.3
2343.3444	81.75	-72.1
2382.6195	81.41	-72.4
2422.5528	81.16	-72.8
2463.1553	80.97	-73.6
2504.4384	80.75	-74.9
2546.4134	80.47	-76.3
2589.0919	80.13	-77.5
2632.4858	79.79	-78
2676.6069	79.51	-78.2
2721.4674	79.31	-78.6
2767.0799	79.13	-79.3
2813.4568	78.93	-80.4
2860.6111	78.68	-81.4
2908.5556	78.42	-82.1
2957.3037	78.22	-82.8
3006.8689	78.05	-83.7
3057.2647	77.87	-85.3
3108.5052	77.6	-87.2
3160.6045	77.21	-89.1
3213.577	76.73	-90.5
3267.4374	76.24	-91.1
3322.2004	75.8	-91.1
3377.8813	75.45	-91.1
3434.4954	75.14	-91.5
3492.0584	74.79	-92.6
3550.5862	74.32	-94.2
3610.0949	73.64	-96
3670.6009	72.68	-97.3
3732.1211	71.35	-96.9
3794.6724	69.6	-92.6
3858.272	67.76	-79.9
3922.9376	67.32	-56.5
3988.687	69.59	-35.5
4055.5384	72.95	-29.4
4123.5102	75.77	-34
4192.6212	77.7	-44
4262.8906	78.85	-56
4334.3377	79.37	-68.3
4406.9822	79.39	-80.3
4480.8443	78.92	-91.7
4555.9444	77.99	-101.4
4632.3031	76.69	-108.1
4709.9417	75.27	-110.9
4788.8814	74.06	-110.2
4869.1443	73.3	-107.3
4950.7523	73.04	-104.5
5033.7281	73.12	-103.9
5118.0947	73.18	-106.1
5203.8752	72.92	-109.5
5291.0934	72.41	-112
5379.7734	71.92	-112.8
5469.9397	71.65	-113.1
5561.6173	71.57	-114.3
5654.8313	71.47	-117.4
5749.6077	71.09	-121.4
5845.9725	70.42	-124.1
5943.9525	69.79	-124.7
6043.5746	69.48	-124.9
6144.8664	69.35	-126.8
6247.8558	69.03	-130.2
6352.5714	68.7	-132.7
6459.0421	68.7	-136.9
6567.2972	68.43	-146.4
6677.3667	67.05	-157.7
6789.281	64.4	-163.5
6903.071	61.73	-153.5
7018.7682	62.14	-140.5
7136.4045	62.93	-145.6
7256.0123	61.76	-153
7377.6249	60.53	-150.8
7501.2757	60.17	-148.8
7626.9989	60.49	-146.5
7754.8293	61.77	-151.9
7884.8021	62.64	-164.5
8016.9533	63.67	106.8
8151.3194	63.97	149.6
8287.9375	63.21	122.4
8426.8454	62.55	100.4
8568.0814	62.45	83.8
8711.6845	63.49	70.5
8857.6945	64.9	55
9006.1516	66.17	41.7
9157.0969	67.99	29
9310.5721	69.79	10.7
9466.6196	70.37	-9.2
9625.2825	70.66	-22.9
9786.6046	71.21	-39.6
9950.6305	70.66	-57
10117.405	69.63	-69.4
10286.976	68.52	-79.1
10459.388	67.19	-86.7
10634.69	65.45	-90.2
10812.93	63.8	-84.3
10994.157	64.06	-72.8
11178.422	65.58	-68.2
11365.775	67.38	-71.1
11556.268	68.96	-80.3
11749.954	69.96	-93.8
11946.886	70.41	-108.1
12147.119	70.18	-123.6
12350.708	69.28	-136.2
12557.708	68.37	-146.7
12768.179	67.35	-157.3
12982.177	65.94	-168
13199.761	63.64	-173.9
13420.992	61.52	-169.6
13645.931	60.9	-160.6
13874.641	61.2	-157.4
14107.183	61.83	-155
14343.623	63.37	-157.5
14584.025	64.87	-169.2
14828.457	65	170.2
15076.986	63.57	156.1
15329.68	61.75	149.8
15586.609	61.27	151.2
15847.844	62.33	143.8
16113.458	62.09	127.9
16383.524	61	114.9
16658.115	60.16	104.5
16937.31	59.22	94.4
17221.183	58.43	85.5
17509.814	57.46	73.4
17803.283	55.33	63.5
18101.67	52.84	62.6
18405.059	52.11	65.3
18713.532	52.81	58.6
19027.176	52.99	44.3
19346.076	52.24	18
19670.321	49.39	-34.5
20000	47.43	-86.3
