19.8660	73.1400	50.5000
20.1989	73.3000	50.7000
20.5375	73.4600	51.0000
20.8817	73.6200	51.3000
21.2317	73.7800	51.6000
21.5875	73.9400	51.8000
21.9493	74.1100	52.1000
22.3172	74.2800	52.4000
22.6913	74.4500	52.6000
23.0716	74.6300	52.9000
23.4583	74.8200	53.2000
23.8514	75.0500	53.4000
24.2512	75.2700	53.7000
24.6576	75.4300	53.9000
25.0709	75.5000	54.2000
25.4911	75.5100	54.4000
25.9183	75.5000	54.6000
26.3527	75.5200	54.9000
26.7944	75.6100	55.1000
27.2435	75.7900	55.3000
27.7001	76.0300	55.5000
28.1644	76.2900	55.7000
28.6364	76.5700	55.9000
29.1164	76.8700	56.1000
29.6044	77.1700	56.3000
30.1005	77.4800	56.4000
30.6050	77.8000	56.6000
31.1180	78.1400	56.7000
31.6395	78.5100	56.8000
32.1698	78.8900	56.9000
32.7090	79.2800	57.1000
33.2572	79.6700	57.2000
33.8146	80.0300	57.3000
34.3813	80.3700	57.5000
34.9576	80.7100	57.6000
35.5435	81.0800	57.7000
36.1392	81.4600	57.7000
36.7449	81.8200	57.9000
37.3607	82.1500	57.9000
37.9869	82.4200	58.0000
38.6236	82.6500	58.0000
39.2709	82.8100	58.1000
39.9291	82.8800	58.1000
40.5983	82.8700	58.1000
41.2788	82.8100	58.2000
41.9706	82.6600	58.2000
42.6741	82.4500	58.2000
43.3893	82.2000	58.2000
44.1165	81.9900	58.2000
44.8559	81.8600	58.2000
45.6077	81.7900	58.2000
46.3721	81.7700	58.1000
47.1493	81.8000	58.1000
47.9395	81.8500	58.1000
48.7430	81.9100	58.1000
49.5600	81.9300	58.0000
50.3906	81.9100	57.9000
51.2351	81.8900	57.9000
52.0939	81.9300	57.8000
52.9670	82.0300	57.7000
53.8547	82.1700	57.6000
54.7573	82.3300	57.5000
55.6751	82.5200	57.3000
56.6082	82.6900	57.2000
57.5570	82.8300	57.0000
58.5216	82.9300	57.0000
59.5025	83.0000	56.9000
60.4997	83.0900	56.7000
61.5137	83.2200	56.5000
62.5447	83.3200	56.4000
63.5930	83.3900	56.2000
64.6588	83.4800	56.0000
65.7425	83.5600	55.8000
66.8444	83.6600	55.5000
67.9647	83.7800	55.3000
69.1038	83.8600	55.2000
70.2620	83.9100	54.9000
71.4396	83.9400	54.7000
72.6370	83.9600	54.4000
73.8544	83.9500	54.1000
75.0922	83.9700	53.8000
76.3508	84.0300	53.5000
77.6304	84.1200	53.2000
78.9315	84.2300	53.0000
80.2544	84.3700	52.7000
81.5995	84.5100	52.4000
82.9672	84.6200	52.1000
84.3577	84.6800	51.7000
85.7716	84.7100	51.4000
87.2091	84.6900	51.0000
88.6707	84.6400	50.6000
90.1569	84.6200	50.3000
91.6680	84.6200	49.9000
93.2043	84.6400	49.5000
94.7665	84.6500	49.1000
96.3548	84.6700	48.7000
97.9697	84.7100	48.2000
99.6117	84.7600	47.9000
101.2812	84.7900	47.4000
102.9787	84.8000	47.0000
104.7047	84.8200	46.5000
106.4595	84.8500	46.0000
108.2438	84.8700	45.5000
110.0580	84.8700	45.0000
111.9026	84.8800	44.6000
113.7781	84.9200	44.1000
115.6851	84.9500	43.5000
117.6240	84.9800	43.0000
119.5954	84.9900	42.4000
121.5998	84.9400	42.0000
123.6379	84.8400	41.4000
125.7101	84.7400	40.8000
127.8170	84.6600	40.2000
129.9592	84.6100	39.6000
132.1374	84.5900	39.1000
134.3520	84.5800	38.4000
136.6038	84.6000	37.8000
138.8933	84.6500	37.2000
141.2212	84.7000	36.5000
143.5881	84.7400	35.9000
145.9947	84.7600	35.2000
148.4416	84.7600	34.6000
150.9295	84.7600	33.9000
153.4591	84.7500	33.3000
156.0312	84.7600	32.5000
158.6463	84.7600	31.8000
161.3052	84.7000	31.1000
164.0087	84.6000	30.4000
166.7576	84.4900	29.7000
169.5525	84.4200	28.9000
172.3942	84.4100	28.2000
175.2836	84.4400	27.5000
178.2214	84.4700	26.8000
181.2084	84.5300	26.0000
184.2455	84.6200	25.3000
187.3335	84.6500	24.5000
190.4733	84.6600	23.6000
193.6656	84.6700	22.8000
196.9115	84.6800	22.1000
200.2118	84.6700	21.3000
203.5674	84.6500	20.5000
206.9792	84.6300	19.8000
210.4483	84.6000	19.0000
213.9754	84.5900	18.2000
217.5617	84.6000	17.5000
221.2081	84.6400	16.7000
224.9156	84.6700	15.9000
228.6852	84.6700	15.2000
232.5181	84.6500	14.4000
236.4151	84.6000	13.7000
240.3775	84.5500	12.9000
244.4063	84.5000	12.2000
248.5026	84.4600	11.5000
252.6676	84.4500	10.8000
256.9023	84.4600	10.2000
261.2081	84.4400	9.4000
265.5860	84.3500	8.7000
270.0373	84.2400	8.2000
274.5632	84.1500	7.5000
279.1649	84.1100	7.0000
283.8438	84.0900	6.4000
288.6011	84.0600	6.0000
293.4381	84.0200	5.4000
298.3562	83.9900	5.0000
303.3567	83.9700	4.6000
308.4410	83.9700	4.2000
313.6106	83.9700	3.9000
318.8668	83.9500	3.6000
324.2111	83.8900	3.4000
329.6449	83.7900	3.1000
335.1698	83.6900	3.1000
340.7874	83.6100	3.0000
346.4991	83.5400	2.9000
352.3065	83.4800	2.9000
358.2112	83.4100	2.9000
364.2149	83.3500	3.1000
370.3193	83.3000	3.2000
376.5259	83.2400	3.4000
382.8366	83.1700	3.6000
389.2530	83.1000	3.8000
395.7770	83.0500	4.1000
402.4103	83.0200	4.4000
409.1548	82.9900	4.7000
416.0123	82.9300	5.1000
422.9848	82.8900	5.3000
430.0741	82.8500	5.7000
437.2823	82.8200	6.1000
444.6112	82.8200	6.4000
452.0630	82.7100	6.7000
459.6397	82.6000	7.0000
467.3434	82.5100	7.3000
475.1762	82.4400	7.6000
483.1402	82.3200	8.0000
491.2378	82.2500	8.3000
499.4710	82.2200	8.6000
507.8423	82.1800	9.0000
516.3539	82.1600	9.3000
525.0081	82.1400	9.7000
533.8074	82.1400	9.9000
542.7541	82.2000	10.2000
551.8508	82.2600	10.3000
561.0999	82.3300	10.5000
570.5041	82.4100	10.6000
580.0659	82.4800	10.6000
589.7879	82.5500	10.6000
599.6729	82.6300	10.5000
609.7236	82.7100	10.4000
619.9427	82.7800	10.2000
630.3331	82.8600	10.0000
640.8976	82.9400	9.6000
651.6392	83.0000	9.3000
662.5609	83.0600	8.9000
673.6656	83.1200	8.5000
684.9564	83.1600	8.0000
696.4364	83.2000	7.4000
708.1088	83.2300	7.0000
719.9769	83.2600	6.4000
732.0439	83.2800	5.9000
744.3131	83.2900	5.4000
756.7880	83.2900	4.9000
769.4720	83.3000	4.3000
782.3685	83.2900	3.8000
795.4812	83.2900	3.3000
808.8137	83.2800	2.9000
822.3696	83.2700	2.4000
836.1527	83.2700	2.0000
850.1668	83.2600	1.4000
864.4158	83.2500	0.9000
878.9036	83.2300	0.3000
893.6343	83.2000	-0.3000
908.6118	83.1700	-1.0000
923.8404	83.1200	-1.6000
939.3242	83.0500	-2.3000
955.0675	82.9700	-3.0000
971.0746	82.8700	-3.5000
987.3501	82.7500	-4.0000
1003.8983	82.6200	-4.4000
1020.7239	82.4700	-4.6000
1037.8315	82.3100	-4.6000
1055.2258	82.1700	-4.3000
1072.9116	82.0500	-3.9000
1090.8939	81.9400	-3.2000
1109.1775	81.8800	-2.4000
1127.7676	81.8600	-1.6000
1146.6693	81.8800	-0.9000
1165.8877	81.9500	-0.3000
1185.4283	82.0300	0.1000
1205.2964	82.1300	0.1000
1225.4974	82.2200	-0.1000
1246.0371	82.2900	-0.5000
1266.9209	82.3300	-1.1000
1288.1549	82.3400	-1.9000
1309.7446	82.3100	-2.5000
1331.6963	82.2500	-3.0000
1354.0158	82.1800	-3.4000
1376.7095	82.1100	-3.6000
1399.7835	82.0500	-3.6000
1423.2442	82.0200	-3.4000
1447.0981	82.0200	-3.3000
1471.3518	82.0500	-3.2000
1496.0120	82.1100	-3.4000
1521.0856	82.1700	-3.8000
1546.5793	82.2300	-4.5000
1572.5004	82.2500	-5.3000
1598.8559	82.2600	-6.2000
1625.6531	82.2400	-7.2000
1652.8994	82.2000	-8.2000
1680.6024	82.1500	-9.1000
1708.7697	82.0800	-10.1000
1737.4091	82.0200	-11.1000
1766.5285	81.9400	-12.2000
1796.1360	81.8600	-13.4000
1826.2397	81.7400	-14.7000
1856.8479	81.5800	-16.1000
1887.9691	81.3800	-17.6000
1919.6120	81.1200	-18.8000
1951.7851	80.8300	-19.8000
1984.4975	80.5100	-20.4000
2017.7582	80.2000	-20.7000
2051.5763	79.9000	-20.7000
2085.9612	79.6500	-20.5000
2120.9224	79.4200	-20.5000
2156.4696	79.2000	-20.7000
2192.6126	78.9200	-21.0000
2229.3613	78.5900	-21.3000
2266.7259	78.1800	-21.2000
2304.7168	77.7300	-20.3000
2343.3444	77.3500	-18.5000
2382.6195	77.0800	-16.2000
2422.5528	76.9600	-14.0000
2463.1553	76.9200	-12.5000
2504.4384	76.8700	-11.7000
2546.4134	76.7400	-11.2000
2589.0919	76.5600	-10.4000
2632.4858	76.3600	-9.2000
2676.6069	76.2100	-7.5000
2721.4674	76.1400	-5.9000
2767.0799	76.1400	-4.4000
2813.4568	76.1600	-3.2000
2860.6111	76.2000	-2.3000
2908.5556	76.2800	-1.7000
2957.3037	76.3800	-1.5000
3006.8689	76.4700	-1.8000
3057.2647	76.5200	-2.7000
3108.5052	76.5000	-4.0000
3160.6045	76.3800	-5.6000
3213.5770	76.1600	-7.4000
3267.4374	75.7900	-9.2000
3322.2004	75.2200	-10.5000
3377.8813	74.4900	-10.4000
3434.4954	73.6700	-8.0000
3492.0584	73.0400	-2.8000
3550.5862	72.9400	3.8000
3610.0949	73.3400	8.6000
3670.6009	73.8600	10.3000
3732.1211	74.1700	10.1000
3794.6724	74.3100	9.5000
3858.2720	74.3500	8.7000
3922.9376	74.2300	7.6000
3988.6870	73.8400	7.7000
4055.5384	73.5300	11.0000
4123.5102	73.8900	15.1000
4192.6212	74.6700	14.9000
4262.8906	75.0800	10.5000
4334.3377	74.8200	5.8000
4406.9822	74.1800	3.7000
4480.8443	73.5800	4.4000
4555.9444	73.1100	6.9000
4632.3031	72.8800	11.3000
4709.9417	73.2300	15.6000
4788.8814	73.7900	16.4000
4869.1443	73.9700	15.8000
4950.7523	74.0700	17.8000
5033.7281	74.6800	20.4000
5118.0947	75.5600	20.1000
5203.8752	76.3700	18.4000
5291.0934	77.2700	15.7000
5379.7734	78.1400	11.1000
5469.9397	78.9400	7.0000
5561.6173	80.3000	2.2000
5654.8313	81.9200	-9.5000
5749.6077	82.8200	-27.2000
5845.9725	82.6300	-46.2000
5943.9525	81.4800	-62.7000
6043.5746	79.6400	-72.4000
6144.8664	78.4400	-71.2000
6247.8558	79.3400	-72.2000
6352.5714	80.2400	-86.0000
6459.0421	79.5200	-103.4000
6567.2972	77.7100	-112.7000
6677.3667	76.6600	-113.6000
6789.2810	76.4200	-118.1000
6903.0710	75.2500	-123.8000
7018.7682	73.8800	-116.7000
7136.4045	74.6900	-105.0000
7256.0123	77.3100	-95.9000
7377.6249	81.5900	-104.0000
7501.2757	84.3800	-128.7000
7626.9989	85.1600	-157.5000
7754.8293	84.3000	175.7000
7884.8021	82.0300	154.6000
8016.9533	79.0600	145.2000
8151.3194	77.4900	148.5000
8287.9375	77.4800	141.3000
8426.8454	75.7700	130.2000
8568.0814	73.6600	128.0000
8711.6845	71.9900	129.1000
8857.6945	70.2000	131.8000
9006.1516	68.0600	148.5000
9157.0969	70.7900	173.5000
9310.5721	74.7600	165.9000
9466.6196	76.5300	144.6000
9625.2825	75.9600	119.6000
9786.6046	73.3800	102.7000
9950.6305	70.6100	94.9000
10117.4050	67.4200	94.6000
10286.9760	64.8500	105.4000
10459.3880	64.7900	117.3000
10634.6900	63.6600	119.9000
10812.9300	64.3800	130.3000
10994.1570	63.8500	127.9000
11178.4220	63.8900	139.2000
11365.7750	65.7500	144.3000
11556.2680	67.3500	132.0000
11749.9540	66.7200	119.2000
11946.8860	65.8700	113.2000
12147.1190	65.4200	105.4000
12350.7080	64.1400	101.0000
12557.7080	63.0700	96.3000
12768.1790	61.2700	106.4000
12982.1770	63.4800	105.4000
13199.7610	63.1000	90.0000
13420.9920	62.6200	86.1000
13645.9310	62.1300	74.0000
13874.6410	60.4800	63.3000
14107.1830	57.6400	58.9000
14343.6230	57.6100	58.3000
14584.0250	55.8400	72.5000
14828.4570	57.7700	59.9000
15076.9860	57.8100	46.1000
15329.6800	57.9000	40.5000
15586.6090	57.1600	32.0000
15847.8440	58.7100	23.4000
16113.4580	60.1100	-23.2000
16383.5240	54.1800	-41.6000
16658.1150	51.0000	-53.1000
16937.3100	51.9900	-51.3000
17221.1830	51.0800	-86.2000
17509.8140	42.4600	-106.4000
17803.2830	37.7700	-130.7000
18101.6700	36.2000	7.5000
18405.0590	45.5700	-19.9000
18713.5320	44.5900	-77.8000
19027.1760	39.9600	-134.7000
19346.0760	37.9400	-53.2000
19670.3210	39.9300	-62.0000