19.8660	74.4000	71.4000
20.1989	74.6600	71.5000
20.5375	74.9300	71.5000
20.8817	75.2200	71.6000
21.2317	75.5100	71.6000
21.5875	75.7500	71.7000
21.9493	75.9300	71.8000
22.3172	76.0500	71.8000
22.6913	76.1400	71.8000
23.0716	76.2400	71.9000
23.4583	76.4100	71.9000
23.8514	76.7100	71.9000
24.2512	77.1000	72.0000
24.6576	77.4200	72.0000
25.0709	77.5700	72.0000
25.4911	77.5900	72.0000
25.9183	77.5800	72.1000
26.3527	77.6200	72.1000
26.7944	77.8000	72.1000
27.2435	78.0900	72.0000
27.7001	78.3600	72.0000
28.1644	78.5200	72.0000
28.6364	78.6200	71.9000
29.1164	78.7000	71.9000
29.6044	78.8300	71.8000
30.1005	79.0200	71.8000
30.6050	79.2200	71.7000
31.1180	79.4200	71.6000
31.6395	79.6000	71.6000
32.1698	79.7700	71.5000
32.7090	79.9500	71.5000
33.2572	80.1500	71.4000
33.8146	80.3700	71.4000
34.3813	80.6300	71.3000
34.9576	80.9000	71.2000
35.5435	81.1400	71.1000
36.1392	81.3300	71.0000
36.7449	81.4500	70.9000
37.3607	81.5000	70.8000
37.9869	81.4900	70.7000
38.6236	81.3800	70.5000
39.2709	81.3000	70.4000
39.9291	81.4100	70.2000
40.5983	81.7400	70.1000
41.2788	82.0800	70.0000
41.9706	82.3500	69.8000
42.6741	82.6600	69.7000
43.3893	83.0600	69.6000
44.1165	83.4300	69.5000
44.8559	83.6700	69.3000
45.6077	83.7000	69.1000
46.3721	83.6100	68.9000
47.1493	83.5500	68.7000
47.9395	83.5600	68.5000
48.7430	83.5500	68.3000
49.5600	83.5100	68.1000
50.3906	83.5000	67.9000
51.2351	83.5100	67.6000
52.0939	83.4800	67.4000
52.9670	83.4300	67.3000
53.8547	83.4300	67.0000
54.7573	83.4500	66.8000
55.6751	83.5200	66.5000
56.6082	83.6200	66.3000
57.5570	83.7400	66.0000
58.5216	83.7800	65.8000
59.5025	83.8000	65.5000
60.4997	84.0100	65.2000
61.5137	84.4800	64.9000
62.5447	84.8000	64.7000
63.5930	84.9700	64.4000
64.6588	85.0800	64.1000
65.7425	85.1500	63.8000
66.8444	85.2200	63.5000
67.9647	85.3300	63.1000
69.1038	85.4300	62.8000
70.2620	85.5000	62.4000
71.4396	85.5600	62.1000
72.6370	85.6000	61.8000
73.8544	85.6300	61.5000
75.0922	85.6600	61.1000
76.3508	85.7300	60.7000
77.6304	85.8200	60.3000
78.9315	85.9100	59.9000
80.2544	86.0000	59.5000
81.5995	86.0900	59.2000
82.9672	86.1800	58.8000
84.3577	86.2200	58.3000
85.7716	86.2400	57.9000
87.2091	86.2500	57.4000
88.6707	86.2200	57.0000
90.1569	86.2800	56.5000
91.6680	86.5400	56.1000
93.2043	86.7600	55.7000
94.7665	86.8700	55.2000
96.3548	86.9100	54.7000
97.9697	86.9200	54.2000
99.6117	86.9000	53.7000
101.2812	86.8900	53.3000
102.9787	86.8900	52.8000
104.7047	86.9200	52.2000
106.4595	86.9500	51.7000
108.2438	86.9900	51.1000
110.0580	87.0500	50.5000
111.9026	87.1300	50.0000
113.7781	87.2000	49.5000
115.6851	87.2600	48.9000
117.6240	87.3300	48.3000
119.5954	87.4200	47.7000
121.5998	87.3400	47.2000
123.6379	87.1300	46.6000
125.7101	87.0200	45.9000
127.8170	86.9400	45.3000
129.9592	86.9000	44.7000
132.1374	86.8800	44.1000
134.3520	86.8800	43.4000
136.6038	86.9200	42.7000
138.8933	86.9700	42.1000
141.2212	87.0200	41.5000
143.5881	87.0500	40.8000
145.9947	87.0800	40.0000
148.4416	87.1200	39.3000
150.9295	87.1600	38.7000
153.4591	87.2000	38.0000
156.0312	87.2200	37.2000
158.6463	87.2300	36.6000
161.3052	87.1900	35.8000
164.0087	87.1000	35.1000
166.7576	87.0100	34.3000
169.5525	86.9700	33.6000
172.3942	86.9800	32.8000
175.2836	87.0000	32.0000
178.2214	86.9400	31.4000
181.2084	86.9500	30.6000
184.2455	87.0800	29.8000
187.3335	87.1400	29.0000
190.4733	87.1800	28.2000
193.6656	87.2300	27.4000
196.9115	87.2700	26.7000
200.2118	87.2800	25.9000
203.5674	87.2600	25.1000
206.9792	87.2500	24.4000
210.4483	87.2500	23.6000
213.9754	87.2700	22.7000
217.5617	87.3100	22.0000
221.2081	87.3600	21.2000
224.9156	87.4000	20.4000
228.6852	87.4200	19.7000
232.5181	87.4000	18.9000
236.4151	87.3700	18.3000
240.3775	87.3200	17.5000
244.4063	87.2500	16.8000
248.5026	87.2100	16.1000
252.6676	87.1900	15.4000
256.9023	87.1900	14.7000
261.2081	87.1600	14.0000
265.5860	87.0800	13.5000
270.0373	87.0000	12.8000
274.5632	86.9400	12.3000
279.1649	86.9200	11.7000
283.8438	86.9200	11.2000
288.6011	86.9000	10.7000
293.4381	86.8800	10.3000
298.3562	86.8600	9.8000
303.3567	86.8700	9.4000
308.4410	86.9100	9.0000
313.6106	86.9400	8.7000
318.8668	86.9400	8.4000
324.2111	86.9000	8.2000
329.6449	86.8100	8.0000
335.1698	86.7300	7.9000
340.7874	86.6600	7.8000
346.4991	86.6000	7.7000
352.3065	86.5500	7.7000
358.2112	86.5100	7.6000
364.2149	86.4900	7.7000
370.3193	86.4800	7.8000
376.5259	86.4500	7.8000
382.8366	86.4100	7.9000
389.2530	86.3800	8.1000
395.7770	86.3800	8.1000
402.4103	86.4100	8.3000
409.1548	86.4400	8.4000
416.0123	86.4600	8.5000
422.9848	86.4700	8.6000
430.0741	86.4800	8.7000
437.2823	86.4900	8.8000
444.6112	86.5100	8.8000
452.0630	86.5300	8.9000
459.6397	86.5200	9.1000
467.3434	86.5300	9.1000
475.1762	86.5400	9.1000
483.1402	86.5500	9.1000
491.2378	86.5600	9.0000
499.4710	86.6000	8.8000
507.8423	86.6400	8.6000
516.3539	86.6800	8.4000
525.0081	86.7100	8.1000
533.8074	86.7400	7.8000
542.7541	86.7700	7.5000
551.8508	86.8000	7.2000
561.0999	86.8200	6.9000
570.5041	86.8400	6.5000
580.0659	86.8500	6.1000
589.7879	86.8600	5.7000
599.6729	86.8700	5.3000
609.7236	86.8700	4.9000
619.9427	86.8600	4.5000
630.3331	86.8500	4.1000
640.8976	86.8300	3.8000
651.6392	86.8100	3.4000
662.5609	86.7900	3.1000
673.6656	86.7600	2.8000
684.9564	86.7300	2.6000
696.4364	86.6900	2.4000
708.1088	86.6600	2.2000
719.9769	86.6400	2.1000
732.0439	86.6100	2.1000
744.3131	86.6000	2.1000
756.7880	86.5900	2.2000
769.4720	86.6000	2.2000
782.3685	86.6200	2.3000
795.4812	86.6500	2.3000
808.8137	86.7000	2.3000
822.3696	86.7600	2.2000
836.1527	86.8300	2.0000
850.1668	86.9100	1.6000
864.4158	86.9900	1.1000
878.9036	87.0600	0.5000
893.6343	87.1200	-0.3000
908.6118	87.1700	-1.2000
923.8404	87.2000	-2.2000
939.3242	87.2000	-3.3000
955.0675	87.1800	-4.5000
971.0746	87.1200	-5.7000
987.3501	87.0400	-6.8000
1003.8983	86.9300	-7.8000
1020.7239	86.7900	-8.6000
1037.8315	86.6300	-9.3000
1055.2258	86.4700	-9.7000
1072.9116	86.3100	-9.9000
1090.8939	86.1600	-9.8000
1109.1775	86.0400	-9.6000
1127.7676	85.9600	-9.3000
1146.6693	85.9200	-8.9000
1165.8877	85.9100	-8.7000
1185.4283	85.9200	-8.6000
1205.2964	85.9600	-8.7000
1225.4974	85.9900	-9.1000
1246.0371	86.0200	-9.6000
1266.9209	86.0200	-10.3000
1288.1549	86.0100	-11.2000
1309.7446	85.9600	-12.0000
1331.6963	85.8900	-12.8000
1354.0158	85.8100	-13.5000
1376.7095	85.7200	-14.2000
1399.7835	85.6300	-14.7000
1423.2442	85.5500	-15.3000
1447.0981	85.4900	-15.9000
1471.3518	85.4200	-16.6000
1496.0120	85.3500	-17.4000
1521.0856	85.2500	-18.4000
1546.5793	85.1300	-19.5000
1572.5004	84.9600	-20.6000
1598.8559	84.7500	-21.6000
1625.6531	84.5200	-22.5000
1652.8994	84.2600	-23.1000
1680.6024	83.9900	-23.4000
1708.7697	83.7300	-23.5000
1737.4091	83.4900	-23.5000
1766.5285	83.2600	-23.3000
1796.1360	83.0500	-23.2000
1826.2397	82.8400	-23.0000
1856.8479	82.6300	-22.8000
1887.9691	82.4200	-22.6000
1919.6120	82.2000	-22.3000
1951.7851	81.9800	-21.8000
1984.4975	81.7600	-21.2000
2017.7582	81.5600	-20.5000
2051.5763	81.3900	-19.7000
2085.9612	81.2500	-18.8000
2120.9224	81.1500	-17.9000
2156.4696	81.0800	-17.3000
2192.6126	81.0200	-16.9000
2229.3613	80.9400	-16.9000
2266.7259	80.8200	-17.1000
2304.7168	80.6400	-17.2000
2343.3444	80.4000	-17.2000
2382.6195	80.1300	-16.7000
2422.5528	79.8700	-15.7000
2463.1553	79.6500	-14.2000
2504.4384	79.5100	-12.3000
2546.4134	79.4600	-10.4000
2589.0919	79.5100	-8.6000
2632.4858	79.6500	-7.0000
2676.6069	79.8700	-6.0000
2721.4674	80.1400	-5.7000
2767.0799	80.4300	-6.4000
2813.4568	80.6700	-7.8000
2860.6111	80.8300	-10.0000
2908.5556	80.9000	-12.5000
2957.3037	80.8800	-15.3000
3006.8689	80.7700	-18.2000
3057.2647	80.5700	-21.4000
3108.5052	80.2600	-24.6000
3160.6045	79.8000	-27.8000
3213.5770	79.1900	-30.3000
3267.4374	78.4800	-31.8000
3322.2004	77.7500	-32.1000
3377.8813	77.0700	-31.3000
3434.4954	76.4600	-29.9000
3492.0584	75.9000	-27.7000
3550.5862	75.4700	-24.4000
3610.0949	75.3400	-20.1000
3670.6009	75.6200	-16.7000
3732.1211	76.1500	-15.8000
3794.6724	76.6400	-17.6000
3858.2720	76.9300	-21.3000
3922.9376	76.9600	-26.0000
3988.6870	76.7100	-31.4000
4055.5384	76.1000	-36.5000
4123.5102	75.0900	-39.6000
4192.6212	73.9600	-38.6000
4262.8906	73.2200	-33.7000
4334.3377	73.1500	-27.3000
4406.9822	73.7500	-21.7000
4480.8443	74.9200	-18.9000
4555.9444	76.3700	-20.9000
4632.3031	77.5600	-27.0000
4709.9417	78.3000	-34.1000
4788.8814	78.9100	-39.8000
4869.1443	79.7300	-44.8000
4950.7523	80.7700	-51.0000
5033.7281	81.8900	-58.3000
5118.0947	83.1200	-66.9000
5203.8752	84.3900	-77.3000
5291.0934	85.5000	-89.3000
5379.7734	86.4800	-101.4000
5469.9397	87.5300	-114.0000
5561.6173	88.5700	-128.7000
5654.8313	89.3500	-145.9000
5749.6077	89.5900	-164.5000
5845.9725	89.2000	30.8000
5943.9525	88.2500	162.4000
6043.5746	87.2000	151.6000
6144.8664	86.3900	142.9000
6247.8558	85.6700	134.3000
6352.5714	84.8500	126.2000
6459.0421	83.9800	119.3000
6567.2972	83.1900	113.1000
6677.3667	82.2800	106.0000
6789.2810	80.8100	100.4000
6903.0710	79.2200	101.2000
7018.7682	78.6400	106.6000
7136.4045	78.9800	108.8000
7256.0123	79.5400	105.3000
7377.6249	79.6200	97.5000
7501.2757	79.0400	89.6000
7626.9989	78.0900	83.5000
7754.8293	76.7900	79.8000
7884.8021	75.6400	82.0000
8016.9533	75.6000	84.3000
8151.3194	75.6300	81.5000
8287.9375	75.4200	77.5000
8426.8454	75.0200	71.8000
8568.0814	74.2300	65.7000
8711.6845	73.0300	59.5000
8857.6945	71.0900	56.3000
9006.1516	69.0000	62.4000
9157.0969	68.5500	76.6000
9310.5721	70.1200	83.3000
9466.6196	71.7500	77.8000
9625.2825	72.3300	64.6000
9786.6046	71.5200	49.9000
9950.6305	69.6100	40.5000
10117.4050	67.7100	38.4000
10286.9760	66.3800	39.6000
10459.3880	65.7000	40.9000
10634.6900	65.2200	39.8000
10812.9300	64.7700	38.6000
10994.1570	64.3600	34.0000
11178.4220	63.2700	29.5000
11365.7750	62.0000	27.0000
11556.2680	60.4800	27.8000
11749.9540	59.5900	33.9000
11946.8860	59.8000	38.8000
12147.1190	60.5600	38.1000
12350.7080	60.9300	32.8000
12557.7080	61.0700	27.5000
12768.1790	61.1700	19.3000
12982.1770	60.9600	9.2000
13199.7610	60.4800	-2.1000
13420.9920	59.8300	-11.1000
13645.9310	59.4600	-22.6000
13874.6410	58.1900	-40.2000
14107.1830	55.6500	-56.2000
14343.6230	53.6300	-73.3000
14584.0250	49.9800	-94.8000
14828.4570	45.7100	-108.2000
15076.9860	41.2000	-137.0000
15329.6800	36.9800	147.6000
15586.6090	36.5600	34.8000
15847.8440	38.6300	-23.7000
16113.4580	42.9400	-56.4000
16383.5240	47.5500	-84.0000
16658.1150	50.2800	-117.2000
16937.3100	50.8900	-145.6000
17221.1830	50.7700	-169.8000
17509.8140	49.7100	174.7000
17803.2830	47.6600	171.2000
18101.6700	47.6800	174.5000
18405.0590	48.9300	167.1000
18713.5320	49.2800	156.5000
19027.1760	49.4700	148.7000
19346.0760	49.7600	144.1000
19670.3210	51.5900	143.5000
20000.0000	52.9300	139.8000