"| "| "| "| Standardized FRD file, measured by OmniMic "146122014.omm" on 6/17/2014 by userID: 
"| "| "| "| Equivalent to driven with 2.83V and measured at 1m
"| "| "| "| Acoustic origin is 78.23useconds behind the mounting plane.
"| "| "| "| 
19.86599	70.46	122.9
20.19895	70.71	122.4
20.53749	70.97	121.9
20.8817	71.24	121.4
21.23169	71.51	120.8
21.58753	71.76	120.3
21.94935	71.97	119.7
22.31722	72.16	119.1
22.69126	72.32	118.6
23.07158	72.48	118
23.45826	72.64	117.5
23.85143	72.82	116.9
24.25118	73.02	116.3
24.65764	73.21	115.8
25.07091	73.4	115.2
25.4911	73.58	114.6
25.91834	73.75	114
26.35274	73.88	113.5
26.79441	73.98	112.9
27.2435	74.06	112.4
27.7001	74.18	111.8
28.16436	74.4	111.3
28.63641	74.73	110.7
29.11636	75.08	110.2
29.60436	75.36	109.6
30.10053	75.6	109.1
30.60502	75.82	108.5
31.11797	76.07	108
31.63952	76.36	107.4
32.1698	76.67	106.9
32.70898	77.02	106.4
33.25719	77.39	105.8
33.81459	77.76	105.3
34.38133	78.12	104.7
34.95757	78.48	104.2
35.54346	78.81	103.7
36.13918	79.12	103.1
36.74488	79.44	102.6
37.36074	79.77	102.1
37.98691	80.09	101.5
38.62358	80.37	101
39.27092	80.61	100.4
39.92911	80.83	99.9
40.59833	81.03	99.4
41.27877	81.24	98.9
41.97061	81.45	98.3
42.67405	81.62	97.8
43.38928	81.74	97.2
44.11649	81.8	96.7
44.8559	81.8	96.2
45.60769	81.81	95.6
46.37209	81.84	95.1
47.1493	81.9	94.6
47.93953	81.94	94.1
48.74301	81.91	93.5
49.55995	81.73	93
50.39059	81.32	92.5
51.23515	80.9	92
52.09386	80.75	91.5
52.96697	80.81	90.9
53.85471	80.99	90.4
54.75733	81.24	89.9
55.67507	81.51	89.3
56.6082	81.78	88.7
57.55697	81.98	88.2
58.52164	82.14	87.6
59.50247	82.34	87.1
60.49975	82.58	86.6
61.51374	82.84	86
62.54472	83.1	85.5
63.59299	83.32	84.9
64.65882	83.53	84.4
65.74252	83.75	83.9
66.84438	83.93	83.3
67.96471	84.08	82.8
69.10382	84.23	82.2
70.26201	84.35	81.7
71.43962	84.44	81.2
72.63697	84.5	80.6
73.85438	84.56	80.1
75.0922	84.66	79.5
76.35076	84.79	78.9
77.63042	84.98	78.3
78.93152	85.2	77.8
80.25443	85.43	77.2
81.59952	85.63	76.6
82.96715	85.81	76.1
84.3577	85.95	75.5
85.77155	86.06	74.9
87.2091	86.13	74.3
88.67075	86.18	73.7
90.15689	86.22	73.1
91.66795	86.24	72.5
93.20432	86.26	71.8
94.76645	86.31	71.2
96.35476	86.43	70.6
97.96969	86.62	70
99.61168	86.81	69.4
101.2812	86.96	68.8
102.9787	87.08	68.1
104.70465	87.14	67.5
106.45952	87.18	66.9
108.24381	87.21	66.2
110.058	87.26	65.6
111.9026	87.33	64.9
113.77812	87.44	64.3
115.68507	87.56	63.6
117.62398	87.76	63
119.59538	87.95	62.3
121.59983	87.93	61.6
123.63787	87.77	60.9
125.71007	87.71	60.2
127.81701	87.71	59.5
129.95925	87.74	58.8
132.1374	87.78	58.1
134.35205	87.84	57.4
136.60383	87.92	56.7
138.89334	88.02	55.9
141.22123	88.1	55.2
143.58813	88.16	54.5
145.9947	88.19	53.8
148.44161	88.22	53.1
150.92953	88.28	52.3
153.45914	88.36	51.6
156.03116	88.46	50.8
158.64628	88.53	50.1
161.30523	88.54	49.3
164.00874	88.53	48.6
166.75757	88.53	47.7
169.55247	88.52	47
172.39421	88.53	46.2
175.28358	88.55	45.4
178.22137	88.54	44.6
181.2084	88.62	43.9
184.2455	88.78	43.1
187.3335	88.87	42.3
190.47326	88.93	41.5
193.66564	88.99	40.7
196.91152	89.02	39.9
200.2118	89.02	39.2
203.5674	89	38.4
206.97924	88.99	37.5
210.44827	89	36.7
213.97543	89.06	35.9
217.56171	89.15	35.1
221.2081	89.24	34.4
224.9156	89.28	33.6
228.68524	89.28	32.8
232.51806	89.28	32
236.41512	89.26	31.3
240.3775	89.25	30.5
244.40628	89.23	29.7
248.50259	89.24	29
252.66756	89.28	28.3
256.90233	89.3	27.6
261.20807	89.28	26.9
265.58598	89.2	26.2
270.03727	89.16	25.5
274.56316	89.16	24.9
279.16491	89.17	24.2
283.84378	89.17	23.6
288.60107	89.19	23
293.43809	89.23	22.4
298.35619	89.3	21.9
303.35671	89.31	21.4
308.44104	89.32	20.9
313.61059	89.35	20.4
318.86678	89.35	19.9
324.21107	89.34	19.5
329.64492	89.31	19.2
335.16985	89.26	18.8
340.78738	89.23	18.5
346.49906	89.22	18.2
352.30647	89.2	17.8
358.21121	89.19	17.6
364.21492	89.2	17.4
370.31925	89.19	17.2
376.5259	89.17	17.1
382.83656	89.17	17
389.253	89.17	16.8
395.77697	89.18	16.7
402.41029	89.23	16.5
409.15479	89.27	16.4
416.01232	89.23	16.3
422.98479	89.09	16.3
430.07412	88.98	16.1
437.28226	89.06	16.1
444.61122	89.29	16.1
452.06302	89.56	16.1
459.6397	89.59	16
467.34338	89.49	15.9
475.17617	89.43	15.8
483.14023	89.37	15.6
491.23778	89.36	15.5
499.47105	89.46	15.3
507.84231	89.53	15
516.35387	89.59	14.8
525.00808	89.66	14.5
533.80735	89.73	14.1
542.75409	89.8	13.6
551.85078	89.88	13.2
561.09994	89.95	12.7
570.50411	90.01	12
580.0659	90.08	11.5
589.78794	90.14	10.8
599.67293	90.19	10.2
609.7236	90.23	9.4
619.94272	90.27	8.6
630.33311	90.3	7.9
640.89765	90.32	7
651.63925	90.33	6.2
662.56088	90.33	5.4
673.66556	90.31	4.6
684.95636	90.29	3.8
696.4364	90.26	3.2
708.10884	90.22	2.5
719.97692	90.18	1.9
732.04391	90.12	1.4
744.31315	90.07	1
756.78802	90.03	0.6
769.47197	89.98	0.3
782.36851	89.94	0.2
795.4812	89.92	0
808.81366	89.91	0
822.36957	89.91	-0.1
836.15269	89.93	-0.2
850.16681	89.96	-0.4
864.41582	90.01	-0.6
878.90364	90.06	-1
893.63428	90.11	-1.5
908.61181	90.16	-2
923.84036	90.2	-2.7
939.32415	90.22	-3.5
955.06746	90.23	-4.4
971.07462	90.21	-5.2
987.35007	90.17	-6.1
1003.8983	90.1	-6.9
1020.7239	90.01	-7.4
1037.8315	89.91	-7.9
1055.2258	89.8	-8.2
1072.9116	89.7	-8.1
1090.8939	89.61	-7.9
1109.1775	89.54	-7.4
1127.7676	89.52	-6.8
1146.6693	89.55	-6.2
1165.8877	89.62	-5.6
1185.4283	89.73	-5.1
1205.2964	89.87	-4.9
1225.4974	90.03	-4.8
1246.0371	90.2	-5
1266.9209	90.36	-5.5
1288.1549	90.51	-6
1309.7446	90.66	-6.7
1331.6963	90.81	-7.5
1354.0158	90.95	-8.3
1376.7095	91.1	-9.3
1399.7835	91.25	-10.4
1423.2442	91.41	-11.7
1447.0981	91.55	-13.3
1471.3518	91.66	-15.1
1496.012	91.75	-17.1
1521.0856	91.78	-19.4
1546.5793	91.74	-21.7
1572.5004	91.63	-23.9
1598.8559	91.47	-25.9
1625.6531	91.25	-27.3
1652.8994	91.02	-28.2
1680.6024	90.82	-28.5
1708.7697	90.68	-28.3
1737.4091	90.64	-28
1766.5285	90.7	-27.9
1796.136	90.82	-28.2
1826.2397	90.96	-29.1
1856.8479	91.08	-30.6
1887.9691	91.15	-32.4
1919.612	91.15	-34.4
1951.7851	91.07	-36.3
1984.4975	90.94	-38
2017.7582	90.81	-39.2
2051.5763	90.69	-40.2
2085.9612	90.63	-41.1
2120.9224	90.58	-42.3
2156.4696	90.54	-43.8
2192.6126	90.43	-45.5
2229.3613	90.22	-47.3
2266.7259	89.92	-48.7
2304.7168	89.57	-49.1
2343.3444	89.26	-48.4
2382.6195	89.12	-47.1
2422.5528	89.14	-46
2463.1553	89.27	-45.6
2504.4384	89.38	-46.1
2546.4134	89.4	-46.9
2589.0919	89.34	-47.3
2632.4858	89.32	-47.1
2676.6069	89.41	-46.5
2721.4674	89.62	-46.4
2767.0799	89.84	-47.1
2813.4568	90.02	-48.1
2860.6111	90.15	-48.9
2908.5556	90.33	-49.4
2957.3037	90.63	-50.1
3006.8689	91.01	-51.4
3057.2647	91.38	-53.7
3108.5052	91.69	-56.8
3160.6045	91.9	-60.3
3213.577	92.01	-63.7
3267.4374	92.07	-67
3322.2004	92.09	-70.1
3377.8813	92.14	-72.9
3434.4954	92.22	-75.8
3492.0584	92.3	-79.1
3550.5862	92.33	-82.8
3610.0949	92.3	-86.5
3670.6009	92.26	-89.8
3732.1211	92.27	-93
3794.6724	92.32	-96.7
3858.272	92.34	-100.8
3922.9376	92.31	-105.3
3988.687	92.26	-109.8
4055.5384	92.22	-114.7
4123.5102	92.09	-120.6
4192.6212	91.75	-126.5
4262.8906	91.25	-131.3
4334.3377	90.82	-134.9
4406.9822	90.53	-138.8
4480.8443	90.18	-143.2
4555.9444	89.76	-146.8
4632.3031	89.6	-149.5
4709.9417	89.74	-154.5
4788.8814	89.69	-163.1
4869.1443	89.09	-172.9
4950.7523	88.05	179
5033.7281	86.93	172.8
5118.0947	85.84	167
5203.8752	84.58	160.8
5291.0934	82.96	154.3
5379.7734	80.26	148.3
5469.9397	75.43	161.7
5561.6173	77.62	-156.6
5654.8313	81.86	-164
5749.6077	82.75	176.8
5845.9725	81.56	163.5
5943.9525	80.29	160.6
6043.5746	79.95	158.5
6144.8664	79.65	153.2
6247.8558	79.16	146.8
6352.5714	78.32	139.9
6459.0421	77.24	135.2
6567.2972	76.38	131.3
6677.3667	75.34	125.9
6789.281	73.87	123.3
6903.071	72.73	124.2
7018.7682	71.95	125.6
7136.4045	71.57	128.6
7256.0123	72.16	129.5
7377.6249	72.9	121.9
7501.2757	72.61	110.4
7626.9989	71.81	103
7754.8293	71.41	95.8
7884.8021	70.67	86.9
8016.9533	69.83	79.3
8151.3194	68.79	72.1
8287.9375	67.9	66.2
8426.8454	66.65	60.6
8568.0814	66.5	60.2
8711.6845	66.64	45.5
8857.6945	64.08	35.1
9006.1516	63.24	44
9157.0969	64.07	44.4
9310.5721	65.29	40
9466.6196	66.59	32.9
9625.2825	68.07	16.7
9786.6046	67.98	2.4
9950.6305	69.14	-10.6
10117.405	68.95	-32.9
10286.976	68.01	-43.4
10459.388	68.52	-55
10634.69	68.33	-72
10812.93	68.13	-86.1
10994.157	67.21	-103.9
11178.422	65.88	-117.1
11365.775	64.65	-126.9
11556.268	63.22	-138
11749.954	62.14	-143.3
11946.886	60.72	-147
12147.119	60.76	-148.5
12350.708	60.56	-161.2
12557.708	58.92	-164.1
12768.179	59.17	-171.5
12982.177	58.94	-175.6
13199.761	58.9	175.7
13420.992	58.37	163.5
13645.931	58.74	152
13874.641	57.74	141.6
14107.183	56.64	132.1
14343.623	56.43	138.5
14584.025	57.86	125.5
14828.457	58.6	107.5
15076.986	57.51	92.6
15329.68	57.92	78.6
15586.609	57.32	70.1
15847.844	57.62	58.2
16113.458	58.03	44.9
16383.524	56.75	23.1
16658.115	53.83	13.2
16937.31	52.77	-3.6
17221.183	49.5	-11.7
17509.814	46.23	24
17803.283	50.45	5.7
18101.67	49.51	6.3
18405.059	50.22	-6
18713.532	49.53	-51.5
19027.176	49.01	2.8
19346.076	47.37	-17.2
19670.321	45.44	-32.2
