19.8660	70.6000	120.7000
20.1989	70.6900	120.6000
20.5375	70.8800	120.3000
20.8817	71.2500	119.7000
21.2317	71.6900	119.0000
21.5875	71.9900	118.5000
21.9493	72.1700	118.1000
22.3172	72.3800	117.5000
22.6913	72.6200	116.8000
23.0716	72.7700	116.3000
23.4583	72.8000	115.9000
23.8514	72.7700	115.4000
24.2512	72.7100	114.7000
24.6576	72.7100	114.2000
25.0709	72.8300	113.8000
25.4911	73.1000	113.2000
25.9183	73.4200	112.6000
26.3527	73.7100	112.1000
26.7944	74.1200	111.6000
27.2435	74.6400	111.0000
27.7001	75.0800	110.4000
28.1644	75.4900	110.0000
28.6364	75.9700	109.4000
29.1164	76.4200	108.8000
29.6044	76.8300	108.3000
30.1005	77.2900	107.8000
30.6050	77.7200	107.2000
31.1180	78.1100	106.7000
31.6395	78.5500	106.1000
32.1698	78.9500	105.6000
32.7090	79.3200	105.0000
33.2572	79.6700	104.5000
33.8146	79.9900	104.0000
34.3813	80.3100	103.4000
34.9576	80.6200	102.9000
35.5435	80.8600	102.4000
36.1392	81.0700	101.8000
36.7449	81.2400	101.2000
37.3607	81.3700	100.7000
37.9869	81.4900	100.2000
38.6236	81.5700	99.6000
39.2709	81.6200	99.1000
39.9291	81.6300	98.6000
40.5983	81.6100	98.0000
41.2788	81.5700	97.5000
41.9706	81.5400	97.0000
42.6741	81.5100	96.4000
43.3893	81.4500	95.9000
44.1165	81.3000	95.4000
44.8559	81.0900	94.8000
45.6077	81.0300	94.3000
46.3721	81.1400	93.8000
47.1493	81.3200	93.2000
47.9395	81.4700	92.7000
48.7430	81.6400	92.2000
49.5600	81.8200	91.7000
50.3906	82.0100	91.1000
51.2351	82.2000	90.6000
52.0939	82.3900	90.1000
52.9670	82.5900	89.5000
53.8547	82.8200	89.0000
54.7573	83.0900	88.5000
55.6751	83.4300	87.9000
56.6082	83.8300	87.4000
57.5570	84.2600	86.9000
58.5216	84.6900	86.3000
59.5025	85.1000	85.8000
60.4997	85.4600	85.1000
61.5137	85.7500	84.6000
62.5447	85.9700	84.1000
63.5930	86.0900	83.5000
64.6588	86.1000	83.0000
65.7425	86.0000	82.4000
66.8444	85.8100	81.9000
67.9647	85.5600	81.3000
69.1038	85.3100	80.8000
70.2620	85.1200	80.2000
71.4396	85.0200	79.7000
72.6370	85.0300	79.1000
73.8544	85.2100	78.5000
75.0922	85.5200	77.9000
76.3508	85.9200	77.4000
77.6304	86.3600	76.8000
78.9315	86.7900	76.2000
80.2544	87.1500	75.7000
81.5995	87.3900	75.1000
82.9672	87.4900	74.5000
84.3577	87.4500	73.9000
85.7716	87.2500	73.2000
87.2091	86.9500	72.6000
88.6707	86.6900	72.0000
90.1569	86.5600	71.4000
91.6680	86.6500	70.8000
93.2043	86.9700	70.1000
94.7665	87.4100	69.5000
96.3548	87.8500	68.9000
97.9697	88.1800	68.3000
99.6117	88.3100	67.6000
101.2812	88.2700	67.0000
102.9787	88.0900	66.3000
104.7047	87.8700	65.7000
106.4595	87.6900	65.0000
108.2438	87.6300	64.4000
110.0580	87.6900	63.6000
111.9026	87.8600	63.0000
113.7781	88.0500	62.3000
115.6851	88.2300	61.6000
117.6240	88.3800	60.9000
119.5954	88.5400	60.2000
121.5998	88.6900	59.5000
123.6379	88.8000	58.8000
125.7101	88.8300	58.1000
127.8170	88.7900	57.4000
129.9592	88.7300	56.6000
132.1374	88.7300	55.9000
134.3520	88.8300	55.1000
136.6038	88.9900	54.4000
138.8933	89.1300	53.6000
141.2212	89.2000	52.9000
143.5881	89.2100	52.1000
145.9947	89.2100	51.3000
148.4416	89.2500	50.6000
150.9295	89.3300	49.8000
153.4591	89.4500	49.0000
156.0312	89.5800	48.2000
158.6463	89.6800	47.3000
161.3052	89.7100	46.5000
164.0087	89.6800	45.7000
166.7576	89.6100	44.9000
169.5525	89.5900	44.1000
172.3942	89.6300	43.3000
175.2836	89.7200	42.5000
178.2214	89.8100	41.6000
181.2084	89.8700	40.7000
184.2455	89.9200	39.9000
187.3335	89.9800	39.0000
190.4733	90.0500	38.2000
193.6656	90.1200	37.3000
196.9115	90.1600	36.5000
200.2118	90.1600	35.6000
203.5674	90.1600	34.7000
206.9792	90.1800	33.8000
210.4483	90.2100	32.9000
213.9754	90.2600	32.1000
217.5617	90.3100	31.2000
221.2081	90.3500	30.3000
224.9156	90.3900	29.5000
228.6852	90.4300	28.6000
232.5181	90.4500	27.6000
236.4151	90.4600	26.8000
240.3775	90.4600	25.9000
244.4063	90.4600	25.0000
248.5026	90.4800	24.2000
252.6676	90.5000	23.4000
256.9023	90.4900	22.4000
261.2081	90.4700	21.6000
265.5860	90.4600	20.8000
270.0373	90.4600	20.0000
274.5632	90.4800	19.2000
279.1649	90.5100	18.3000
283.8438	90.5400	17.5000
288.6011	90.5500	16.8000
293.4381	90.5500	16.0000
298.3562	90.5600	15.3000
303.3567	90.5800	14.4000
308.4410	90.6100	13.7000
313.6106	90.6300	13.1000
318.8668	90.6200	12.4000
324.2111	90.6000	11.8000
329.6449	90.5500	11.1000
335.1698	90.5100	10.5000
340.7874	90.4800	9.9000
346.4991	90.4600	9.4000
352.3065	90.4400	8.8000
358.2112	90.4200	8.3000
364.2149	90.4000	7.8000
370.3193	90.3700	7.4000
376.5259	90.3400	6.9000
382.8366	90.3100	6.5000
389.2530	90.2800	6.2000
395.7770	90.2500	5.8000
402.4103	90.2200	5.4000
409.1548	90.1900	5.1000
416.0123	90.1700	4.8000
422.9848	90.1500	4.5000
430.0741	90.1400	4.2000
437.2823	90.1200	4.0000
444.6112	90.0900	3.8000
452.0630	90.0300	3.5000
459.6397	89.9000	3.4000
467.3434	89.7300	3.3000
475.1762	89.5600	3.3000
483.1402	89.4100	3.3000
491.2378	89.2900	3.3000
499.4710	89.2600	3.4000
507.8423	89.2400	3.5000
516.3539	89.2400	3.6000
525.0081	89.2400	3.7000
533.8074	89.2600	3.9000
542.7541	89.2800	4.0000
551.8508	89.3200	4.1000
561.0999	89.3700	4.1000
570.5041	89.4300	4.2000
580.0659	89.4900	4.1000
589.7879	89.5700	4.0000
599.6729	89.6400	3.8000
609.7236	89.7300	3.5000
619.9427	89.8100	3.1000
630.3331	89.8900	2.7000
640.8976	89.9600	2.1000
651.6392	90.0300	1.5000
662.5609	90.0900	0.8000
673.6656	90.1500	0.1000
684.9564	90.1900	-0.7000
696.4364	90.2100	-1.5000
708.1088	90.2300	-2.3000
719.9769	90.2300	-3.1000
732.0439	90.2200	-3.9000
744.3131	90.2000	-4.7000
756.7880	90.1700	-5.4000
769.4720	90.1300	-6.0000
782.3685	90.0800	-6.5000
795.4812	90.0300	-7.0000
808.8137	89.9900	-7.4000
822.3696	89.9500	-7.7000
836.1527	89.9200	-7.9000
850.1668	89.9100	-8.1000
864.4158	89.9000	-8.2000
878.9036	89.9100	-8.4000
893.6343	89.9400	-8.6000
908.6118	89.9600	-8.9000
923.8404	90.0000	-9.3000
939.3242	90.0300	-9.7000
955.0675	90.0600	-10.2000
971.0746	90.0900	-10.8000
987.3501	90.1000	-11.4000
1003.8983	90.1000	-12.0000
1020.7239	90.0900	-12.5000
1037.8315	90.0700	-13.0000
1055.2258	90.0400	-13.4000
1072.9116	90.0200	-13.6000
1090.8939	90.0300	-13.6000
1109.1775	90.0500	-13.6000
1127.7676	90.1000	-13.6000
1146.6693	90.1900	-13.6000
1165.8877	90.3200	-13.7000
1185.4283	90.4800	-14.0000
1205.2964	90.6600	-14.6000
1225.4974	90.8500	-15.5000
1246.0371	91.0300	-16.8000
1266.9209	91.1900	-18.3000
1288.1549	91.3200	-20.1000
1309.7446	91.4200	-22.1000
1331.6963	91.4600	-24.3000
1354.0158	91.4700	-26.5000
1376.7095	91.4200	-28.6000
1399.7835	91.3400	-30.7000
1423.2442	91.2100	-32.7000
1447.0981	91.0500	-34.5000
1471.3518	90.8700	-36.1000
1496.0120	90.6600	-37.4000
1521.0856	90.4500	-38.4000
1546.5793	90.2300	-39.2000
1572.5004	90.0200	-39.7000
1598.8559	89.8200	-40.0000
1625.6531	89.6500	-40.0000
1652.8994	89.5200	-39.8000
1680.6024	89.4400	-39.5000
1708.7697	89.4000	-39.1000
1737.4091	89.4300	-38.9000
1766.5285	89.5000	-38.8000
1796.1360	89.6100	-39.2000
1826.2397	89.7300	-39.9000
1856.8479	89.8300	-41.0000
1887.9691	89.8700	-42.5000
1919.6120	89.8600	-44.1000
1951.7851	89.7800	-45.6000
1984.4975	89.6500	-46.8000
2017.7582	89.5100	-47.4000
2051.5763	89.4000	-47.7000
2085.9612	89.3700	-47.8000
2120.9224	89.4000	-48.0000
2156.4696	89.4800	-48.7000
2192.6126	89.5300	-49.8000
2229.3613	89.5200	-51.1000
2266.7259	89.4400	-52.2000
2304.7168	89.3400	-52.7000
2343.3444	89.3000	-52.6000
2382.6195	89.3600	-52.3000
2422.5528	89.5400	-52.4000
2463.1553	89.7900	-53.1000
2504.4384	90.0300	-54.6000
2546.4134	90.2100	-56.6000
2589.0919	90.3300	-58.8000
2632.4858	90.4000	-61.0000
2676.6069	90.4600	-63.2000
2721.4674	90.5100	-65.6000
2767.0799	90.5000	-68.2000
2813.4568	90.4100	-70.9000
2860.6111	90.2300	-73.2000
2908.5556	90.0000	-74.6000
2957.3037	89.8100	-75.2000
3006.8689	89.7600	-75.1000
3057.2647	89.8800	-75.2000
3108.5052	90.1100	-76.0000
3160.6045	90.3600	-77.8000
3213.5770	90.5400	-80.1000
3267.4374	90.6600	-82.6000
3322.2004	90.7500	-84.9000
3377.8813	90.8800	-87.0000
3434.4954	91.0800	-89.3000
3492.0584	91.3500	-92.1000
3550.5862	91.6200	-95.7000
3610.0949	91.8400	-100.1000
3670.6009	91.9700	-105.1000
3732.1211	91.9900	-110.6000
3794.6724	91.8800	-116.1000
3858.2720	91.6400	-121.2000
3922.9376	91.3200	-125.8000
3988.6870	90.9800	-129.6000
4055.5384	90.6700	-132.9000
4123.5102	90.4100	-135.9000
4192.6212	90.2100	-138.8000
4262.8906	90.1000	-141.5000
4334.3377	90.0900	-144.5000
4406.9822	90.2200	-148.1000
4480.8443	90.4100	-153.0000
4555.9444	90.5800	-159.6000
4632.3031	90.5900	-167.7000
4709.9417	90.3700	-177.4000
4788.8814	89.8500	174.0000
4869.1443	89.0700	165.4000
4950.7523	88.0800	158.0000
5033.7281	86.9800	151.7000
5118.0947	85.8000	146.4000
5203.8752	84.5300	142.6000
5291.0934	83.2200	140.3000
5379.7734	81.9600	139.7000
5469.9397	80.8700	140.3000
5561.6173	80.0000	141.5000
5654.8313	79.3900	142.5000
5749.6077	78.9800	142.7000
5845.9725	78.6400	141.8000
5943.9525	78.2800	140.2000
6043.5746	77.9000	138.7000
6144.8664	77.6100	137.3000
6247.8558	77.5300	135.1000
6352.5714	77.5400	130.7000
6459.0421	77.3700	123.8000
6567.2972	76.7800	115.9000
6677.3667	75.7300	109.3000
6789.2810	74.3900	105.2000
6903.0710	73.0100	103.4000
7018.7682	71.7400	103.8000
7136.4045	70.6800	106.0000
7256.0123	70.0400	109.3000
7377.6249	69.9400	112.0000
7501.2757	70.2100	111.9000
7626.9989	70.5300	108.6000
7754.8293	70.6400	102.7000
7884.8021	70.4400	95.3000
8016.9533	69.9200	87.9000
8151.3194	69.1600	81.4000
8287.9375	68.3200	76.3000
8426.8454	67.5900	72.3000
8568.0814	67.1000	68.1000
8711.6845	66.7900	62.3000
8857.6945	66.4800	54.4000
9006.1516	65.9900	45.2000
9157.0969	65.2600	35.8000
9310.5721	64.3900	27.4000
9466.6196	63.5700	19.9000
9625.2825	62.9700	12.0000
9786.6046	62.5600	1.9000
9950.6305	62.1600	-11.4000
10117.4050	61.5200	-27.2000
10286.9760	60.5200	-43.7000
10459.3880	59.2600	-58.8000
10634.6900	58.0600	-72.4000
10812.9300	57.1400	-86.5000
10994.1570	56.5500	-102.7000
11178.4220	56.1000	-122.1000
11365.7750	55.4500	-143.8000
11556.2680	54.3900	-165.8000
11749.9540	52.8800	176.4000
11946.8860	51.3400	158.7000
12147.1190	50.1500	143.8000
12350.7080	49.3400	129.1000
12557.7080	48.6500	114.1000
12768.1790	48.0100	97.7000
12982.1770	47.4500	75.8000
13199.7610	47.2500	41.2000
13420.9920	48.0600	-16.6000
13645.9310	49.9200	-97.2000
13874.6410	51.3700	-159.1000
14107.1830	51.6400	108.9000
14343.6230	50.8300	69.4000
14584.0250	49.8900	51.5000
14828.4570	49.9000	43.5000
15076.9860	50.6200	36.7000
15329.6800	51.3300	27.6000
15586.6090	51.6400	16.8000
15847.8440	51.5600	5.7000
16113.4580	51.1400	-5.3000
16383.5240	50.4900	-15.4000
16658.1150	49.7500	-23.1000
16937.3100	49.1900	-26.9000
17221.1830	49.0400	-28.1000
17509.8140	49.3700	-30.6000
17803.2830	49.9500	-38.3000
18101.6700	50.1900	-51.5000
18405.0590	49.6500	-67.6000
18713.5320	48.2900	-82.3000
19027.1760	46.5300	-91.3000
19346.0760	44.9900	-93.4000
19670.3210	44.0400	-91.6000
20000.0000	43.7300	-90.3000