19.8660	59.9300	143.0000
20.1989	61.1600	142.5000
20.5375	62.5300	142.0000
20.8817	64.0600	141.5000
21.2317	65.4900	141.0000
21.5875	66.5300	140.4000
21.9493	66.9300	139.9000
22.3172	66.8000	139.4000
22.6913	66.2200	138.8000
23.0716	65.6100	138.2000
23.4583	65.4000	137.7000
23.8514	65.7000	137.1000
24.2512	66.3600	136.5000
24.6576	66.9800	136.0000
25.0709	67.2900	135.4000
25.4911	67.3700	134.8000
25.9183	67.3900	134.1000
26.3527	67.4700	133.5000
26.7944	67.7500	132.9000
27.2435	68.2500	132.3000
27.7001	68.8300	131.7000
28.1644	69.3700	131.1000
28.6364	69.8600	130.5000
29.1164	70.3200	129.9000
29.6044	70.7400	129.3000
30.1005	71.1500	128.6000
30.6050	71.5800	128.0000
31.1180	72.0700	127.4000
31.6395	72.6000	126.8000
32.1698	73.1400	126.2000
32.7090	73.6500	125.5000
33.2572	74.1200	124.7000
33.8146	74.5500	124.1000
34.3813	74.9500	123.5000
34.9576	75.3400	122.8000
35.5435	75.7200	122.2000
36.1392	76.1100	121.5000
36.7449	76.4700	120.9000
37.3607	76.7900	120.2000
37.9869	77.1000	119.6000
38.6236	77.4000	118.9000
39.2709	77.6500	118.2000
39.9291	77.8000	117.6000
40.5983	77.8800	116.8000
41.2788	77.9200	116.1000
41.9706	77.9500	115.5000
42.6741	78.0200	114.8000
43.3893	78.2300	114.2000
44.1165	78.7300	113.5000
44.8559	79.4500	112.8000
45.6077	79.5500	112.1000
46.3721	79.0600	111.4000
47.1493	78.6300	110.8000
47.9395	78.6700	110.0000
48.7430	78.8800	109.3000
49.5600	79.1000	108.7000
50.3906	79.3700	108.0000
51.2351	79.7200	107.3000
52.0939	80.0700	106.6000
52.9670	80.3600	105.9000
53.8547	80.5900	105.2000
54.7573	80.7900	104.6000
55.6751	81.0200	103.8000
56.6082	81.2700	103.1000
57.5570	81.5200	102.4000
58.5216	81.7200	101.7000
59.5025	81.9100	101.0000
60.4997	82.1800	100.3000
61.5137	82.5100	99.6000
62.5447	82.7500	98.8000
63.5930	82.8600	98.1000
64.6588	82.8900	97.4000
65.7425	82.8500	96.7000
66.8444	82.7500	96.0000
67.9647	82.6400	95.3000
69.1038	82.6100	94.6000
70.2620	82.6800	93.8000
71.4396	82.8900	93.1000
72.6370	83.1800	92.4000
73.8544	83.5200	91.7000
75.0922	83.9300	91.0000
76.3508	84.3900	90.3000
77.6304	84.8000	89.4000
78.9315	85.0600	88.7000
80.2544	85.1500	88.0000
81.5995	85.1200	87.3000
82.9672	84.9500	86.6000
84.3577	84.6500	85.7000
85.7716	84.3500	85.0000
87.2091	84.1000	84.3000
88.6707	83.9300	83.6000
90.1569	83.9800	82.8000
91.6680	84.4500	82.0000
93.2043	85.1600	81.3000
94.7665	85.7900	80.5000
96.3548	86.2700	79.8000
97.9697	86.5000	79.0000
99.6117	86.5000	78.1000
101.2812	86.2800	77.4000
102.9787	85.9700	76.7000
104.7047	85.7400	75.9000
106.4595	85.7100	75.0000
108.2438	85.8400	74.3000
110.0580	86.1500	73.5000
111.9026	86.5600	72.7000
113.7781	86.9500	71.8000
115.6851	87.2000	71.1000
117.6240	87.2600	70.3000
119.5954	87.1400	69.5000
121.5998	86.9400	68.6000
123.6379	86.7100	67.8000
125.7101	86.5400	67.0000
127.8170	86.5900	66.2000
129.9592	86.8700	65.3000
132.1374	87.2600	64.5000
134.3520	87.5500	63.7000
136.6038	87.5900	62.8000
138.8933	87.4100	61.9000
141.2212	87.1700	61.1000
143.5881	87.1100	60.2000
145.9947	87.2400	59.3000
148.4416	87.5000	58.5000
150.9295	87.7400	57.5000
153.4591	87.8900	56.7000
156.0312	87.9200	55.8000
158.6463	87.8200	54.9000
161.3052	87.6300	54.0000
164.0087	87.5200	53.1000
166.7576	87.6100	52.1000
169.5525	87.8300	51.3000
172.3942	87.9700	50.3000
175.2836	87.9200	49.4000
178.2214	87.7500	48.5000
181.2084	87.7200	47.5000
184.2455	87.9100	46.6000
187.3335	88.1500	45.6000
190.4733	88.2400	44.7000
193.6656	88.1900	43.8000
196.9115	88.1100	42.8000
200.2118	88.0900	41.9000
203.5674	88.1700	40.9000
206.9792	88.2700	40.0000
210.4483	88.2700	39.0000
213.9754	88.1900	38.1000
217.5617	88.1800	37.1000
221.2081	88.2800	36.2000
224.9156	88.3900	35.2000
228.6852	88.3900	34.3000
232.5181	88.3200	33.3000
236.4151	88.3000	32.4000
240.3775	88.3500	31.4000
244.4063	88.3600	30.5000
248.5026	88.3300	29.6000
252.6676	88.3000	28.6000
256.9023	88.3400	27.7000
261.2081	88.3800	26.8000
265.5860	88.3000	26.0000
270.0373	88.2100	25.1000
274.5632	88.2100	24.2000
279.1649	88.2500	23.4000
283.8438	88.2400	22.5000
288.6011	88.2100	21.7000
293.4381	88.2200	20.9000
298.3562	88.2300	20.1000
303.3567	88.2100	19.4000
308.4410	88.2300	18.6000
313.6106	88.2900	17.9000
318.8668	88.2900	17.2000
324.2111	88.2400	16.7000
329.6449	88.2000	16.0000
335.1698	88.1600	15.4000
340.7874	88.1100	14.8000
346.4991	88.1000	14.4000
352.3065	88.0700	13.9000
358.2112	88.0300	13.4000
364.2149	88.0200	13.0000
370.3193	88.0100	12.6000
376.5259	87.9700	12.2000
382.8366	87.9400	12.0000
389.2530	87.9100	11.7000
395.7770	87.9000	11.4000
402.4103	87.9200	11.2000
409.1548	87.9200	10.9000
416.0123	87.9200	10.7000
422.9848	87.9100	10.5000
430.0741	87.9000	10.3000
437.2823	87.9100	10.1000
444.6112	87.9000	9.8000
452.0630	87.8100	9.6000
459.6397	87.7300	9.4000
467.3434	87.6800	9.2000
475.1762	87.6300	9.1000
483.1402	87.6100	9.0000
491.2378	87.6100	8.8000
499.4710	87.6400	8.7000
507.8423	87.6900	8.5000
516.3539	87.7500	8.3000
525.0081	87.8100	8.0000
533.8074	87.8700	7.7000
542.7541	87.9400	7.4000
551.8508	88.0100	7.0000
561.0999	88.0900	6.5000
570.5041	88.1600	6.0000
580.0659	88.2400	5.4000
589.7879	88.3100	4.8000
599.6729	88.3800	4.1000
609.7236	88.4400	3.3000
619.9427	88.5000	2.5000
630.3331	88.5500	1.6000
640.8976	88.5900	0.7000
651.6392	88.6200	-0.2000
662.5609	88.6400	-1.2000
673.6656	88.6500	-2.2000
684.9564	88.6500	-3.2000
696.4364	88.6300	-4.2000
708.1088	88.6100	-5.1000
719.9769	88.5700	-6.0000
732.0439	88.5200	-6.8000
744.3131	88.4600	-7.6000
756.7880	88.4000	-8.2000
769.4720	88.3400	-8.8000
782.3685	88.2800	-9.2000
795.4812	88.2300	-9.5000
808.8137	88.1800	-9.8000
822.3696	88.1600	-9.9000
836.1527	88.1500	-10.1000
850.1668	88.1700	-10.2000
864.4158	88.2000	-10.4000
878.9036	88.2500	-10.6000
893.6343	88.3200	-11.0000
908.6118	88.4000	-11.5000
923.8404	88.4700	-12.1000
939.3242	88.5400	-12.9000
955.0675	88.6000	-13.9000
971.0746	88.6400	-14.9000
987.3501	88.6600	-16.0000
1003.8983	88.6600	-17.2000
1020.7239	88.6300	-18.2000
1037.8315	88.5800	-19.2000
1055.2258	88.5100	-20.0000
1072.9116	88.4500	-20.5000
1090.8939	88.3900	-20.9000
1109.1775	88.3600	-21.2000
1127.7676	88.3700	-21.3000
1146.6693	88.4100	-21.5000
1165.8877	88.5000	-21.7000
1185.4283	88.6100	-22.2000
1205.2964	88.7400	-23.0000
1225.4974	88.8700	-24.1000
1246.0371	88.9800	-25.6000
1266.9209	89.0600	-27.3000
1288.1549	89.0800	-29.2000
1309.7446	89.0400	-31.1000
1331.6963	88.9400	-32.9000
1354.0158	88.7900	-34.5000
1376.7095	88.6100	-35.7000
1399.7835	88.4300	-36.4000
1423.2442	88.2600	-36.7000
1447.0981	88.1400	-36.7000
1471.3518	88.0900	-36.5000
1496.0120	88.0900	-36.3000
1521.0856	88.1500	-36.4000
1546.5793	88.2300	-36.8000
1572.5004	88.3000	-37.5000
1598.8559	88.3400	-38.3000
1625.6531	88.3500	-39.1000
1652.8994	88.3500	-39.7000
1680.6024	88.3600	-40.0000
1708.7697	88.4300	-40.0000
1737.4091	88.5800	-40.1000
1766.5285	88.8200	-40.5000
1796.1360	89.1000	-41.6000
1826.2397	89.3800	-43.5000
1856.8479	89.5900	-46.2000
1887.9691	89.6900	-49.2000
1919.6120	89.6600	-52.4000
1951.7851	89.5000	-55.1000
1984.4975	89.2700	-57.2000
2017.7582	89.0400	-58.2000
2051.5763	88.8800	-58.6000
2085.9612	88.8500	-58.7000
2120.9224	88.9300	-59.2000
2156.4696	89.0300	-60.4000
2192.6126	89.0700	-62.2000
2229.3613	89.0000	-64.0000
2266.7259	88.8500	-65.1000
2304.7168	88.7100	-65.2000
2343.3444	88.6900	-64.4000
2382.6195	88.8900	-63.6000
2422.5528	89.2500	-63.5000
2463.1553	89.6600	-64.6000
2504.4384	90.0200	-66.7000
2546.4134	90.2800	-69.0000
2589.0919	90.4900	-71.1000
2632.4858	90.7500	-72.9000
2676.6069	91.0900	-74.9000
2721.4674	91.5100	-77.7000
2767.0799	91.9100	-81.4000
2813.4568	92.2000	-86.0000
2860.6111	92.3600	-90.7000
2908.5556	92.4300	-95.0000
2957.3037	92.5000	-98.8000
3006.8689	92.6600	-102.5000
3057.2647	92.9200	-106.9000
3108.5052	93.1700	-112.5000
3160.6045	93.2700	-119.3000
3213.5770	93.1400	-126.6000
3267.4374	92.7600	-133.5000
3322.2004	92.2100	-139.1000
3377.8813	91.6000	-143.4000
3434.4954	91.0400	-146.2000
3492.0584	90.6100	-147.9000
3550.5862	90.4300	-148.8000
3610.0949	90.5500	-150.3000
3670.6009	90.8700	-153.8000
3732.1211	91.1300	-159.8000
3794.6724	91.1000	-167.3000
3858.2720	90.7300	-174.7000
3922.9376	90.1400	-20.5000
3988.6870	89.5500	174.9000
4055.5384	89.1300	171.4000
4123.5102	88.8900	167.6000
4192.6212	88.7500	162.7000
4262.8906	88.5700	156.5000
4334.3377	88.2200	149.3000
4406.9822	87.6600	141.7000
4480.8443	86.9000	134.6000
4555.9444	86.0200	128.0000
4632.3031	85.0400	121.9000
4709.9417	83.8900	116.2000
4788.8814	82.5600	111.8000
4869.1443	81.1700	109.5000
4950.7523	79.9000	108.9000
5033.7281	78.7600	109.4000
5118.0947	77.7800	111.1000
5203.8752	77.1100	113.4000
5291.0934	76.6200	114.5000
5379.7734	76.0300	115.3000
5469.9397	75.4000	118.7000
5561.6173	75.5400	125.2000
5654.8313	76.8500	127.4000
5749.6077	78.1900	119.6000
5845.9725	78.4900	106.5000
5943.9525	77.7500	94.1000
6043.5746	76.4700	85.5000
6144.8664	75.0800	80.1000
6247.8558	73.6600	77.2000
6352.5714	72.2700	76.9000
6459.0421	71.0900	79.7000
6567.2972	70.4600	84.8000
6677.3667	70.5100	89.2000
6789.2810	71.0100	90.9000
6903.0710	71.6600	89.0000
7018.7682	72.1600	84.5000
7136.4045	72.5600	78.9000
7256.0123	72.9000	71.5000
7377.6249	72.9700	62.7000
7501.2757	72.7800	53.9000
7626.9989	72.4600	45.5000
7754.8293	72.1000	37.1000
7884.8021	71.6100	28.2000
8016.9533	71.0200	19.9000
8151.3194	70.4900	11.3000
8287.9375	69.8000	2.1000
8426.8454	69.0700	-6.3000
8568.0814	68.4100	-15.1000
8711.6845	67.7000	-24.7000
8857.6945	66.8000	-35.0000
9006.1516	65.9700	-43.9000
9157.0969	65.4600	-55.6000
9310.5721	64.5500	-70.7000
9466.6196	63.1200	-85.8000
9625.2825	61.7200	-100.1000
9786.6046	60.2100	-118.9000
9950.6305	57.9500	-139.1000
10117.4050	55.5000	-158.5000
10286.9760	53.3300	-119.6000
10459.3880	52.2200	161.1000
10634.6900	51.4100	129.4000
10812.9300	50.0300	95.6000
10994.1570	48.6600	72.1000
11178.4220	48.2900	57.1000
11365.7750	48.6200	43.4000
11556.2680	48.7200	29.2000
11749.9540	48.9300	17.4000
11946.8860	49.1900	4.4000
12147.1190	48.7500	-6.3000
12350.7080	48.3700	-10.0000
12557.7080	48.6700	-13.9000
12768.1790	48.9600	-22.6000
12982.1770	48.2200	-32.1000
13199.7610	47.6200	-31.9000
13420.9920	48.4300	-32.5000
13645.9310	49.6000	-39.1000
13874.6410	50.4400	-52.6000
14107.1830	49.8900	-66.5000
14343.6230	49.4500	-77.6000
14584.0250	48.8100	-90.2000
14828.4570	48.1100	-99.9000
15076.9860	47.9000	-105.5000
15329.6800	48.1400	-117.2000
15586.6090	47.4000	-132.3000
15847.8440	46.1400	-147.5000
16113.4580	43.9300	-165.0000
16383.5240	40.6500	168.9000
16658.1150	37.7600	118.9000
16937.3100	38.3100	32.7000
17221.1830	41.0500	-37.4000
17509.8140	43.0000	-71.8000
17803.2830	44.6700	-94.5000
18101.6700	45.1300	-115.6000
18405.0590	44.7600	-130.7000
18713.5320	44.0400	-138.1000
19027.1760	43.9700	-139.3000
19346.0760	45.5500	-146.9000
19670.3210	46.3300	-173.3000
20000.0000	45.5800	177.2000