19.86599	67.67	121.3
20.19895	67.95	120.8
20.53749	68.23	120.3
20.8817	68.53	119.7
21.23169	68.83	119.1
21.58753	69.11	118.5
21.94935	69.37	117.9
22.31722	69.6	117.4
22.69126	69.81	116.8
23.07158	70.02	116.2
23.45826	70.24	115.8
23.85143	70.52	115.2
24.25118	70.81	114.7
24.65764	71.09	114.1
25.07091	71.31	113.6
25.4911	71.47	113
25.91834	71.62	112.5
26.35274	71.78	111.9
26.79441	72	111.3
27.2435	72.26	110.7
27.7001	72.5	110.2
28.16436	72.7	109.6
28.63641	72.87	109
29.11636	73.05	108.5
29.60436	73.28	108
30.10053	73.56	107.4
30.60502	73.86	107
31.11797	74.17	106.4
31.63952	74.51	105.9
32.1698	74.85	105.4
32.70898	75.18	104.8
33.25719	75.51	104.2
33.81459	75.83	103.7
34.38133	76.15	103.1
34.95757	76.46	102.6
35.54346	76.75	102
36.13918	77.02	101.5
36.74488	77.31	101
37.36074	77.65	100.5
37.98691	77.98	100
38.62358	78.23	99.5
39.27092	78.46	98.9
39.92911	78.67	98.4
40.59833	78.88	97.8
41.27877	79.11	97.3
41.97061	79.38	96.8
42.67405	79.6	96.3
43.38928	79.78	95.7
44.11649	79.89	95.3
44.8559	79.94	94.7
45.60769	79.95	94.2
46.37209	79.72	93.6
47.1493	79.34	93.1
47.93953	78.67	92.6
48.74301	78.5	92
49.55995	78.48	91.5
50.39059	78.55	91
51.23515	78.77	90.5
52.09386	79.06	90
52.96697	79.35	89.5
53.85471	79.59	88.9
54.75733	79.71	88.4
55.67507	79.81	87.8
56.6082	80.04	87.2
57.55697	80.35	86.8
58.52164	80.66	86.2
59.50247	80.73	85.7
60.49975	80.96	85.2
61.51374	81.47	84.6
62.54472	81.48	84
63.59299	81.55	83.6
64.65882	81.73	83
65.74252	81.92	82.4
66.84438	82	81.9
67.96471	82.13	81.3
69.10382	82.32	80.8
70.26201	82.43	80.1
71.43962	82.56	79.7
72.63697	82.71	79.1
73.85438	82.84	78.5
75.0922	82.99	77.9
76.35076	83.18	77.3
77.63042	83.25	76.8
78.93152	83.42	76.3
80.25443	83.61	75.7
81.59952	83.84	75
82.96715	83.91	74.4
84.3577	84.04	74
85.77155	84.1	73.3
87.2091	84.1	72.7
88.67075	84.12	72.1
90.15689	84.16	71.5
91.66795	84.27	70.9
93.20432	84.42	70.2
94.76645	84.56	69.6
96.35476	84.78	68.9
97.96969	84.87	68.5
99.61168	85.03	67.8
101.2812	85.09	67.1
102.9787	85.02	66.4
104.70465	85.04	65.9
106.45952	85.01	65.2
108.24381	85.07	64.6
110.058	85.08	63.8
111.9026	85.24	63.2
113.77812	85.31	62.6
115.68507	85.56	61.8
117.62398	85.51	61.2
119.59538	85.62	60.5
121.59983	85.68	59.8
123.63787	85.47	59.1
125.71007	85.42	58.4
127.81701	85.41	57.7
129.95925	85.4	56.9
132.1374	85.48	56.3
134.35205	85.54	55.5
136.60383	85.63	54.8
138.89334	85.71	54.1
141.22123	85.75	53.3
143.58813	85.74	52.6
145.9947	85.74	51.9
148.44161	85.74	51.1
150.92953	85.78	50.4
153.45914	85.82	49.6
156.03116	85.93	48.7
158.64628	86.18	48.1
161.30523	86.41	47.2
164.00874	86.29	46.5
166.75757	86.15	45.7
169.55247	86.16	44.9
172.39421	86.16	44.1
175.28358	86.21	43.3
178.22137	86.23	42.5
181.2084	86.28	41.7
184.2455	86.38	41
187.3335	86.38	40.1
190.47326	86.37	39.3
193.66564	86.43	38.5
196.91152	86.47	37.6
200.2118	86.45	36.9
203.5674	86.42	36
206.97924	86.39	35.3
210.44827	86.39	34.4
213.97543	86.42	33.7
217.56171	86.48	32.9
221.2081	86.55	32.1
224.9156	86.56	31.3
228.68524	86.57	30.6
232.51806	86.57	29.8
236.41512	86.55	29
240.3775	86.02	28.3
244.40628	86.56	27.5
248.50259	86.48	26.8
252.66756	86.5	26.1
256.90233	86.55	25.3
261.20807	86.54	24.7
265.58598	86.43	24
270.03727	86.4	23.3
274.56316	86.39	22.7
279.16491	86.39	22.2
283.84378	86.36	21.5
288.60107	86.38	21
293.43809	86.33	20.5
298.35619	86.3	20
303.35671	86.36	19.5
308.44104	86.42	19
313.61059	86.46	18.6
318.86678	86.47	18.3
324.21107	86.48	17.9
329.64492	86.44	17.5
335.16985	86.38	17.2
340.78738	86.36	17
346.49906	86.36	16.8
352.30647	86.31	16.7
358.21121	86.25	16.4
364.21492	86.3	16.2
370.31925	86.31	16.1
376.5259	86.28	16.1
382.83656	86.26	16
389.253	86.25	15.9
395.77697	86.25	15.9
402.41029	86.3	15.8
409.15479	86.33	15.8
416.01232	86.34	15.8
422.98479	86.37	15.7
430.07412	86.38	15.7
437.28226	86.39	15.6
444.61122	86.42	15.5
452.06302	86.46	15.5
459.6397	86.5	15.3
467.34338	86.53	15.2
475.17617	86.56	15
483.14023	86.61	14.7
491.23778	86.65	14.5
499.47105	86.7	14.2
507.84231	86.75	13.8
516.35387	86.79	13.4
525.00808	86.85	13.1
533.80735	86.89	12.8
542.75409	86.93	12.2
551.85078	86.96	11.7
561.09994	86.99	11.3
570.50411	87.02	10.8
580.0659	87.04	10.4
589.78794	87.05	9.8
599.67293	87.06	9.2
609.7236	87.08	8.5
619.94272	87.09	7.7
630.33311	87.02	7.1
640.89765	86.97	6.4
651.63925	86.9	5.7
662.56088	86.83	5.2
673.66556	86.76	4.5
684.95636	86.74	3.8
696.4364	86.71	3.3
708.10884	86.67	2.8
719.97692	86.63	2.3
732.04391	86.6	2
744.31315	86.56	1.7
756.78802	86.53	1.5
769.47197	86.51	1.4
782.36851	86.5	1.3
795.4812	86.51	1.2
808.81366	86.53	1.2
822.36957	86.57	1.1
836.15269	86.62	1
850.16681	86.68	0.7
864.41582	86.76	0.3
878.90364	86.84	-0.2
893.63428	86.91	-0.9
908.61181	86.97	-1.6
923.84036	87.02	-2.6
939.32415	87.05	-3.6
955.06746	87.05	-4.7
971.07462	87.01	-5.8
987.35007	86.96	-6.8
1003.8983	86.88	-7.8
1020.7239	86.77	-8.6
1037.8315	86.65	-9.2
1055.2258	86.51	-9.5
1072.9116	86.38	-9.6
1090.8939	86.27	-9.5
1109.1775	86.18	-9
1127.7676	86.15	-8.6
1146.6693	86.16	-8.1
1165.8877	86.21	-7.6
1185.4283	86.3	-7.4
1205.2964	86.41	-7.5
1225.4974	86.53	-7.9
1246.0371	86.63	-8.5
1266.9209	86.7	-9.3
1288.1549	86.73	-10.3
1309.7446	86.72	-11.3
1331.6963	86.67	-12.2
1354.0158	86.6	-12.8
1376.7095	86.5	-13.1
1399.7835	86.41	-13.1
1423.2442	86.35	-12.9
1447.0981	86.34	-12.4
1471.3518	86.37	-11.9
1496.012	86.46	-11.4
1521.0856	86.6	-11.1
1546.5793	86.76	-11
1572.5004	86.92	-11.2
1598.8559	87.09	-11.6
1625.6531	87.27	-12.2
1652.8994	87.44	-12.8
1680.6024	87.62	-13.5
1708.7697	87.83	-14.4
1737.4091	88.04	-15.5
1766.5285	88.26	-16.9
1796.136	88.47	-18.7
1826.2397	88.65	-21
1856.8479	88.77	-23.6
1887.9691	88.83	-26.3
1919.612	88.81	-29.1
1951.7851	88.7	-31.6
1984.4975	88.54	-33.9
2017.7582	88.36	-35.6
2051.5763	88.2	-36.9
2085.9612	88.09	-38.1
2120.9224	88.01	-39.5
2156.4696	87.93	-41.1
2192.6126	87.79	-43
2229.3613	87.55	-44.8
2266.7259	87.21	-46
2304.7168	86.85	-46.2
2343.3444	86.58	-45.2
2382.6195	86.51	-43.7
2422.5528	86.63	-42.9
2463.1553	86.81	-43.1
2504.4384	86.94	-44.2
2546.4134	86.93	-45.6
2589.0919	86.81	-46.4
2632.4858	86.71	-46.3
2676.6069	86.75	-45.6
2721.4674	86.93	-45.3
2767.0799	87.16	-45.7
2813.4568	87.36	-46.6
2860.6111	87.5	-47.5
2908.5556	87.68	-47.9
2957.3037	87.98	-48.4
3006.8689	88.38	-49.6
3057.2647	88.8	-51.6
3108.5052	89.17	-54.4
3160.6045	89.49	-57.5
3213.577	89.8	-60.8
3267.4374	90.13	-64.6
3322.2004	90.47	-69.1
3377.8813	90.73	-74.8
3434.4954	90.83	-81.4
3492.0584	90.68	-88.7
3550.5862	90.21	-95.6
3610.0949	89.48	-100.8
3670.6009	88.66	-103.6
3732.1211	88.05	-103.8
3794.6724	87.84	-103.6
3858.272	87.85	-104.8
3922.9376	87.83	-107.3
3988.687	87.74	-110
4055.5384	87.69	-112.6
4123.5102	87.67	-115.8
4192.6212	87.56	-119.5
4262.8906	87.37	-122.6
4334.3377	87.35	-124.9
4406.9822	87.58	-128.5
4480.8443	87.75	-134.5
4555.9444	87.64	-141.5
4632.3031	87.38	-148.1
4709.9417	87.1	-154.9
4788.8814	86.66	-162.8
4869.1443	85.95	-170.6
4950.7523	85.08	-177.6
5033.7281	84.11	175.7
5118.0947	82.89	169.1
5203.8752	81.32	164.4
5291.0934	79.75	163.2
5379.7734	78.52	163
5469.9397	77.02	161.1
5561.6173	74.36	166.9
5654.8313	74.24	-167.8
5749.6077	77.46	-164.3
5845.9725	78.97	-177.8
5943.9525	78.72	168
6043.5746	77.62	158.3
6144.8664	76.45	153.4
6247.8558	75.73	150.4
6352.5714	75.17	144.8
6459.0421	74.12	138.7
6567.2972	72.94	135.4
6677.3667	71.93	133.4
6789.281	71.14	131.3
6903.071	70.12	127.2
7018.7682	68.76	126.5
7136.4045	67.96	127.7
7256.0123	67.24	127.7
7377.6249	66.89	128.4
7501.2757	66.56	126.5
7626.9989	66.5	126.5
7754.8293	66.78	121.1
7884.8021	66.57	114.7
8016.9533	66.52	105.5
8151.3194	65.77	94.1
8287.9375	64.8	83.8
8426.8454	63.37	75.4
8568.0814	62.66	73.7
8711.6845	62.91	66.5
8857.6945	62.24	53
9006.1516	60.2	50.6
9157.0969	61.67	53.3
9310.5721	62.81	34
9466.6196	62.49	18
9625.2825	62.68	3.6
9786.6046	62.47	-12.8
9950.6305	62.13	-29.3
10117.405	61.64	-44.5
10286.976	60.86	-62.3
10459.388	59.55	-65.9
10634.69	60.34	-68.2
10812.93	61.84	-82.1
10994.157	61.56	-103
11178.422	60.48	-121
11365.775	59.57	-131.4
11556.268	58.65	-146.4
11749.954	56.94	-154.7
11946.886	55.7	-159.6
12147.119	54.14	-171.2
12350.708	52.92	-166.3
12557.708	51.95	-173
12768.179	51.71	-172.2
12982.177	50.86	-176.2
13199.761	50.59	176.6
13420.992	51.22	169.2
13645.931	50.76	168.5
13874.641	52.68	168.6
14107.183	52.87	145.2
14343.623	53.1	137.6
14584.025	51.71	121
14828.457	51.79	114.5
15076.986	49.94	104.6
15329.68	51.42	106.3
15586.609	51.84	95.4
15847.844	51.4	93.3
16113.458	53.11	92.8
16383.524	53.32	68.8
16658.115	52.71	53.7
16937.31	50.34	43.8
17221.183	49.07	40.2
17509.814	47.15	39.6
17803.283	47.96	48.3
18101.67	46.23	47.4
18405.059	47.04	40.7
18713.532	46.72	43.5
19027.176	48.68	54
19346.076	50.96	39.3
19670.321	48.88	30.1
