"| "| "| "| Standardized FRD file, measured by OmniMic "146122014.omm" on 6/18/2014 by userID: 
"| "| "| "| Equivalent to driven with 2.83V and measured at 1m
"| "| "| "| Acoustic origin is 99.23useconds behind the mounting plane.
"| "| "| "| 
19.86599	70.87	87.7
20.19895	70.98	87.5
20.53749	71.08	87.3
20.8817	71.2	87.1
21.23169	71.31	86.9
21.58753	71.41	86.7
21.94935	71.51	86.4
22.31722	71.59	86.2
22.69126	71.67	86
23.07158	71.74	85.8
23.45826	71.82	85.5
23.85143	71.91	85.3
24.25118	72	85.1
24.65764	72.11	84.8
25.07091	72.25	84.6
25.4911	72.42	84.3
25.91834	72.61	84.1
26.35274	72.8	83.9
26.79441	72.98	83.7
27.2435	73.17	83.4
27.7001	73.36	83.2
28.16436	73.58	82.9
28.63641	73.81	82.7
29.11636	74.06	82.4
29.60436	74.33	82.2
30.10053	74.62	82
30.60502	74.93	81.7
31.11797	75.25	81.5
31.63952	75.6	81.2
32.1698	75.97	80.9
32.70898	76.34	80.7
33.25719	76.73	80.4
33.81459	77.12	80.1
34.38133	77.51	79.9
34.95757	77.93	79.6
35.54346	78.37	79.3
36.13918	78.81	79.1
36.74488	79.19	78.8
37.36074	79.42	78.5
37.98691	79.38	78.2
38.62358	78.85	77.9
39.27092	78.18	77.6
39.92911	78	77.3
40.59833	78.27	77
41.27877	78.76	76.7
41.97061	79.19	76.4
42.67405	79.53	76.1
43.38928	79.77	75.8
44.11649	79.93	75.5
44.8559	80.06	75.1
45.60769	80.21	74.8
46.37209	80.37	74.4
47.1493	80.49	74.1
47.93953	80.55	73.8
48.74301	80.64	73.4
49.55995	80.76	73.2
50.39059	80.86	72.8
51.23515	80.93	72.5
52.09386	81.01	72.1
52.96697	81.1	71.8
53.85471	81.16	71.4
54.75733	81.22	71
55.67507	81.28	70.6
56.6082	81.36	70.2
57.55697	81.44	69.8
58.52164	81.47	69.4
59.50247	81.49	69
60.49975	81.57	68.6
61.51374	81.7	68.2
62.54472	81.77	67.8
63.59299	81.8	67.4
64.65882	81.88	66.9
65.74252	82.02	66.5
66.84438	82.18	66
67.96471	82.34	65.6
69.10382	82.52	65.1
70.26201	82.7	64.7
71.43962	82.88	64.2
72.63697	83.07	63.7
73.85438	83.27	63.2
75.0922	83.47	62.7
76.35076	83.65	62.2
77.63042	83.82	61.7
78.93152	84	61.2
80.25443	84.14	60.7
81.59952	84.25	60.2
82.96715	84.35	59.7
84.3577	84.44	59.2
85.77155	84.52	58.6
87.2091	84.57	58.1
88.67075	84.6	57.5
90.15689	84.63	57
91.66795	84.68	56.4
93.20432	84.74	55.8
94.76645	84.79	55.2
96.35476	84.83	54.6
97.96969	84.88	54
99.61168	84.92	53.4
101.2812	84.96	52.7
102.9787	85.04	52.1
104.70465	85.12	51.5
106.45952	85.19	50.8
108.24381	85.27	50.1
110.058	85.36	49.4
111.9026	85.44	48.8
113.77812	85.5	48.1
115.68507	85.56	47.5
117.62398	85.72	46.8
119.59538	85.95	46
121.59983	85.81	45.3
123.63787	85.45	44.6
125.71007	85.29	43.8
127.81701	85.22	43.1
129.95925	85.19	42.3
132.1374	85.21	41.5
134.35205	85.26	40.7
136.60383	85.32	39.9
138.89334	85.39	39.1
141.22123	85.46	38.3
143.58813	85.5	37.5
145.9947	85.52	36.6
148.44161	85.54	35.9
150.92953	85.54	35
153.45914	85.55	34.2
156.03116	85.55	33.3
158.64628	85.53	32.4
161.30523	85.46	31.5
164.00874	85.39	30.6
166.75757	85.34	29.7
169.55247	85.34	28.8
172.39421	85.35	27.9
175.28358	85.34	26.9
178.22137	85.32	26
181.2084	85.4	25.1
184.2455	85.52	24.2
187.3335	85.55	23.2
190.47326	85.56	22.3
193.66564	85.57	21.3
196.91152	85.56	20.3
200.2118	85.53	19.3
203.5674	85.48	18.4
206.97924	85.44	17.4
210.44827	85.4	16.3
213.97543	85.38	15.4
217.56171	85.39	14.4
221.2081	85.43	13.4
224.9156	85.45	12.4
228.68524	85.44	11.4
232.51806	85.39	10.4
236.41512	85.35	9.4
240.3775	85.32	8.5
244.40628	85.26	7.5
248.50259	85.2	6.6
252.66756	85.18	5.7
256.90233	85.17	4.7
261.20807	85.12	3.8
265.58598	85.03	2.9
270.03727	84.95	2
274.56316	84.88	1.1
279.16491	84.83	0.3
283.84378	84.79	-0.5
288.60107	84.76	-1.3
293.43809	84.72	-2.1
298.35619	84.68	-2.8
303.35671	84.63	-3.5
308.44104	84.61	-4.2
313.61059	84.59	-4.7
318.86678	84.56	-5.3
324.21107	84.49	-5.9
329.64492	84.39	-6.4
335.16985	84.27	-6.8
340.78738	84.16	-7.2
346.49906	84.07	-7.4
352.30647	84	-7.7
358.21121	83.94	-7.9
364.21492	83.87	-8.1
370.31925	83.79	-8.2
376.5259	83.71	-8.1
382.83656	83.6	-8.2
389.253	83.5	-8.1
395.77697	83.44	-8
402.41029	83.4	-7.9
409.15479	83.36	-7.7
416.01232	83.3	-7.5
422.98479	83.24	-7.3
430.07412	83.19	-7.1
437.28226	83.16	-6.9
444.61122	83.14	-6.6
452.06302	83.13	-6.5
459.6397	83.12	-6.3
467.34338	83.11	-6.2
475.17617	83.11	-6
483.14023	83.08	-6
491.23778	83.05	-6
499.47105	83.07	-6
507.84231	83.1	-6
516.35387	83.13	-6.1
525.00808	83.19	-6.2
533.80735	83.26	-6.5
542.75409	83.33	-6.8
551.85078	83.4	-7.2
561.09994	83.46	-7.7
570.50411	83.51	-8.2
580.0659	83.56	-8.8
589.78794	83.61	-9.5
599.67293	83.64	-10.1
609.7236	83.67	-10.8
619.94272	83.69	-11.5
630.33311	83.7	-12.3
640.89765	83.69	-13
651.63925	83.68	-13.9
662.56088	83.66	-14.6
673.66556	83.62	-15.3
684.95636	83.58	-16
696.4364	83.52	-16.6
708.10884	83.47	-17.2
719.97692	83.42	-17.6
732.04391	83.35	-18.1
744.31315	83.3	-18.4
756.78802	83.25	-18.6
769.47197	83.2	-18.8
782.36851	83.17	-18.9
795.4812	83.16	-19.1
808.81366	83.16	-19.1
822.36957	83.18	-19.3
836.15269	83.21	-19.5
850.16681	83.26	-19.7
864.41582	83.31	-20.2
878.90364	83.37	-20.7
893.63428	83.43	-21.4
908.61181	83.47	-22.1
923.84036	83.51	-23.1
939.32415	83.53	-24.1
955.06746	83.53	-25.1
971.07462	83.5	-26.2
987.35007	83.45	-27.3
1003.8983	83.37	-28.2
1020.7239	83.28	-29.1
1037.8315	83.18	-29.7
1055.2258	83.07	-30.2
1072.9116	82.97	-30.4
1090.8939	82.89	-30.5
1109.1775	82.83	-30.3
1127.7676	82.83	-30.1
1146.6693	82.86	-30
1165.8877	82.94	-29.9
1185.4283	83.06	-30.1
1205.2964	83.2	-30.5
1225.4974	83.35	-31.2
1246.0371	83.49	-32.3
1266.9209	83.61	-33.6
1288.1549	83.72	-35.1
1309.7446	83.79	-36.8
1331.6963	83.83	-38.7
1354.0158	83.84	-40.5
1376.7095	83.81	-42.5
1399.7835	83.76	-44.4
1423.2442	83.68	-46.3
1447.0981	83.57	-48.2
1471.3518	83.44	-50
1496.012	83.26	-51.7
1521.0856	83.06	-53.3
1546.5793	82.83	-54.5
1572.5004	82.58	-55.5
1598.8559	82.33	-56
1625.6531	82.11	-56.2
1652.8994	81.95	-56.1
1680.6024	81.86	-55.8
1708.7697	81.85	-55.5
1737.4091	81.91	-55.6
1766.5285	82	-56.2
1796.136	82.11	-57.2
1826.2397	82.19	-58.7
1856.8479	82.22	-60.5
1887.9691	82.21	-62.5
1919.612	82.14	-64.4
1951.7851	82.02	-66.2
1984.4975	81.89	-67.9
2017.7582	81.76	-69.3
2051.5763	81.65	-70.6
2085.9612	81.58	-72.1
2120.9224	81.51	-73.8
2156.4696	81.41	-75.8
2192.6126	81.24	-78.1
2229.3613	80.98	-80.4
2266.7259	80.62	-82
2304.7168	80.23	-82.8
2343.3444	79.9	-82.5
2382.6195	79.73	-81.6
2422.5528	79.75	-80.7
2463.1553	79.94	-80.5
2504.4384	80.22	-81.5
2546.4134	80.5	-83.6
2589.0919	80.74	-86.8
2632.4858	80.93	-90.9
2676.6069	81	-96.1
2721.4674	80.89	-102.5
2767.0799	80.5	-109.6
2813.4568	79.72	-116.8
2860.6111	78.49	-123.2
2908.5556	76.75	-126.9
2957.3037	74.62	-125.4
3006.8689	72.66	-115.9
3057.2647	71.93	-100.1
3108.5052	72.7	-86.2
3160.6045	74.14	-78.3
3213.577	75.71	-75.2
3267.4374	77.24	-76
3322.2004	78.64	-79.8
3377.8813	79.78	-86.1
3434.4954	80.63	-94
3492.0584	81.19	-102.8
3550.5862	81.51	-111.9
3610.0949	81.64	-121.3
3670.6009	81.59	-131.3
3732.1211	81.3	-141.7
3794.6724	80.7	-152
3858.272	79.81	-161.5
3922.9376	78.74	-169.4
3988.687	77.6	-176.1
4055.5384	76.39	178.1
4123.5102	75	173.7
4192.6212	73.61	172.1
4262.8906	72.6	172.8
4334.3377	72.02	172.6
4406.9822	71.45	170.6
4480.8443	70.78	168.6
4555.9444	70.16	167
4632.3031	69.58	165.1
4709.9417	68.99	163.6
4788.8814	68.66	162.4
4869.1443	68.51	158.3
4950.7523	67.87	152.3
5033.7281	66.91	149.7
5118.0947	66.6	149.3
5203.8752	66.64	144.1
5291.0934	66.01	136.9
5379.7734	65.13	134.4
5469.9397	65.16	133.3
5561.6173	65.52	126.1
5654.8313	65.29	115.4
5749.6077	64.56	104.7
5845.9725	63.44	93.9
5943.9525	61.72	84.8
6043.5746	59.75	81.1
6144.8664	58.03	80.3
6247.8558	55.85	87.1
6352.5714	56.99	106.2
6459.0421	59.79	98.3
6567.2972	59.9	80.9
6677.3667	58.55	73.2
6789.281	57.73	72
6903.071	57.39	74.7
7018.7682	58.48	75.5
7136.4045	59.28	67.1
7256.0123	59.17	60.7
7377.6249	59.41	57.8
7501.2757	60.01	52.5
7626.9989	60.28	43.6
7754.8293	59.69	38
7884.8021	60.38	38.7
8016.9533	61.68	27.5
8151.3194	61.73	14.9
8287.9375	61.78	3.4
8426.8454	60.76	-8.3
8568.0814	59.84	-10.2
8711.6845	59.86	-16.2
8857.6945	59.57	-25.7
9006.1516	58.79	-40.5
9157.0969	56.52	-53.4
9310.5721	53.65	-52.8
9466.6196	53.4	-43
9625.2825	52.71	-45.6
9786.6046	52.77	-36.6
9950.6305	53	-44.7
10117.405	51.94	-47.4
10286.976	51.38	-49.3
10459.388	50.91	-50.9
10634.69	51.73	-52.1
10812.93	51.51	-68.6
10994.157	49.42	-71.7
11178.422	50.2	-77.9
11365.775	49.41	-87
11556.268	49.55	-98.1
11749.954	47.35	-116.8
11946.886	42.18	-107.6
12147.119	43.84	-109.1
12350.708	43.46	-127.1
12557.708	43.11	-147.4
12768.179	34.35	-141.7
12982.177	38.53	-104.2
13199.761	35.41	-129.3
13420.992	34.88	-80.6
13645.931	40.65	-125.7
13874.641	40.04	-160.1
14107.183	34.47	-156.8
14343.623	30.79	-116.6
14584.025	43.28	-152.5
14828.457	44.02	144.8
15076.986	41.11	105.9
15329.68	38.2	84.9
15586.609	37.8	71.6
15847.844	39.37	42.3
16113.458	32.6	-9.1
16383.524	35.6	65.2
16658.115	39.74	-24.5
16937.31	32.58	-112.4
17221.183	32.66	-152.8
17509.814	31.21	53.2
17803.283	31.33	-51.8
18101.67	34.14	-48.2
18405.059	20.08	-87.8
18713.532	31.32	132.9
19027.176	29.45	69.9
19346.076	31.95	43
19670.321	18.54	122.7
