"| "| "| "| Standardized FRD file, measured by OmniMic "146122014.omm" on 6/18/2014 by userID: 
"| "| "| "| Equivalent to driven with 2.83V and measured at 1m
"| "| "| "| Acoustic origin is 106.2useconds behind the mounting plane.
"| "| "| "| 
19.86599	71.83	79.5
20.19895	71.98	79.3
20.53749	72.13	79.2
20.8817	72.28	79.1
21.23169	72.44	79
21.58753	72.59	78.9
21.94935	72.74	78.8
22.31722	72.88	78.7
22.69126	73.02	78.6
23.07158	73.15	78.5
23.45826	73.27	78.4
23.85143	73.37	78.3
24.25118	73.48	78.1
24.65764	73.61	78
25.07091	73.81	77.9
25.4911	74.09	77.8
25.91834	74.45	77.7
26.35274	74.84	77.5
26.79441	75.25	77.4
27.2435	75.66	77.3
27.7001	76.05	77.1
28.16436	76.39	77
28.63641	76.69	76.8
29.11636	77.02	76.7
29.60436	77.41	76.5
30.10053	77.87	76.3
30.60502	78.36	76.2
31.11797	78.84	76.1
31.63952	79.3	75.9
32.1698	79.75	75.8
32.70898	80.17	75.6
33.25719	80.56	75.3
33.81459	80.95	75.1
34.38133	81.31	74.9
34.95757	81.65	74.8
35.54346	81.96	74.6
36.13918	82.23	74.4
36.74488	82.49	74.2
37.36074	82.73	73.9
37.98691	82.96	73.7
38.62358	83.16	73.5
39.27092	83.32	73.3
39.92911	83.45	73
40.59833	83.56	72.8
41.27877	83.69	72.5
41.97061	83.86	72.3
42.67405	84.03	72
43.38928	84.18	71.8
44.11649	84.3	71.5
44.8559	84.42	71.2
45.60769	84.59	71
46.37209	84.82	70.7
47.1493	85.03	70.4
47.93953	85.16	70.1
48.74301	85.25	69.9
49.55995	85.32	69.5
50.39059	85.41	69.2
51.23515	85.49	68.9
52.09386	85.5	68.6
52.96697	85.39	68.3
53.85471	85.19	68
54.75733	85.01	67.6
55.67507	84.94	67.3
56.6082	84.94	67
57.55697	84.97	66.6
58.52164	85.08	66.2
59.50247	85.3	65.9
60.49975	85.35	65.5
61.51374	85.24	65.2
62.54472	85.12	64.7
63.59299	85	64.3
64.65882	84.82	63.9
65.74252	84.67	63.6
66.84438	84.64	63.2
67.96471	84.75	62.7
69.10382	84.92	62.3
70.26201	85.08	61.9
71.43962	85.28	61.5
72.63697	85.56	61
73.85438	85.88	60.6
75.0922	86.17	60.1
76.35076	86.42	59.6
77.63042	86.61	59.2
78.93152	86.78	58.7
80.25443	86.94	58.2
81.59952	87.08	57.7
82.96715	87.2	57.1
84.3577	87.31	56.6
85.77155	87.37	56.1
87.2091	87.39	55.6
88.67075	87.39	55
90.15689	87.37	54.5
91.66795	87.35	53.9
93.20432	87.34	53.5
94.76645	87.34	52.9
96.35476	87.37	52.3
97.96969	87.43	51.7
99.61168	87.52	51.1
101.2812	87.63	50.5
102.9787	87.76	49.9
104.70465	87.87	49.3
106.45952	87.96	48.6
108.24381	88.04	48
110.058	88.09	47.3
111.9026	88.13	46.7
113.77812	88.15	46
115.68507	88.17	45.3
117.62398	88.27	44.6
119.59538	88.4	43.9
121.59983	88.27	43.1
123.63787	87.99	42.4
125.71007	87.84	41.7
127.81701	87.75	41
129.95925	87.68	40.2
132.1374	87.66	39.4
134.35205	87.69	38.6
136.60383	87.76	37.9
138.89334	87.86	37.1
141.22123	87.93	36.3
143.58813	87.95	35.4
145.9947	87.95	34.6
148.44161	87.94	33.8
150.92953	87.95	32.9
153.45914	87.97	32.1
156.03116	87.97	31.3
158.64628	87.95	30.5
161.30523	87.88	29.6
164.00874	87.8	28.6
166.75757	87.75	27.7
169.55247	87.74	26.8
172.39421	87.74	25.9
175.28358	87.75	25
178.22137	87.76	24.1
181.2084	87.82	23.1
184.2455	87.86	22.2
187.3335	87.84	21.2
190.47326	87.82	20.3
193.66564	87.81	19.3
196.91152	87.81	18.3
200.2118	87.79	17.3
203.5674	87.77	16.3
206.97924	87.75	15.4
210.44827	87.73	14.4
213.97543	87.72	13.4
217.56171	87.72	12.5
221.2081	87.73	11.5
224.9156	87.72	10.5
228.68524	87.71	9.6
232.51806	87.7	8.6
236.41512	87.69	7.6
240.3775	87.65	6.6
244.40628	87.58	5.7
248.50259	87.51	4.7
252.66756	87.48	3.8
256.90233	87.46	2.8
261.20807	87.43	1.9
265.58598	87.35	1
270.03727	87.27	0.1
274.56316	87.19	-0.7
279.16491	87.13	-1.5
283.84378	87.08	-2.3
288.60107	87.06	-3
293.43809	87.06	-3.8
298.35619	87.09	-4.5
303.35671	87.06	-5.2
308.44104	86.95	-5.8
313.61059	86.91	-6.4
318.86678	86.87	-7
324.21107	86.8	-7.5
329.64492	86.69	-7.9
335.16985	86.56	-8.3
340.78738	86.44	-8.6
346.49906	86.36	-8.8
352.30647	86.27	-9.1
358.21121	86.18	-9.2
364.21492	86.09	-9.3
370.31925	86.01	-9.4
376.5259	85.92	-9.4
382.83656	85.83	-9.3
389.253	85.73	-9.2
395.77697	85.66	-9.1
402.41029	85.62	-8.7
409.15479	85.59	-8.5
416.01232	85.54	-8.3
422.98479	85.48	-8
430.07412	85.44	-7.7
437.28226	85.4	-7.5
444.61122	85.38	-7.2
452.06302	85.37	-6.9
459.6397	85.36	-6.7
467.34338	85.36	-6.4
475.17617	85.36	-6.3
483.14023	85.37	-6.2
491.23778	85.37	-6
499.47105	85.38	-5.9
507.84231	85.4	-5.9
516.35387	85.41	-5.8
525.00808	85.48	-5.9
533.80735	85.56	-6.1
542.75409	85.64	-6.3
551.85078	85.72	-6.7
561.09994	85.79	-7.1
570.50411	85.86	-7.6
580.0659	85.93	-8.2
589.78794	85.98	-8.8
599.67293	86.03	-9.5
609.7236	86.07	-10.2
619.94272	86.1	-11
630.33311	86.12	-11.8
640.89765	86.12	-12.7
651.63925	86.11	-13.5
662.56088	86.09	-14.3
673.66556	86.06	-15.1
684.95636	86.01	-15.9
696.4364	85.95	-16.6
708.10884	85.89	-17.2
719.97692	85.81	-17.7
732.04391	85.74	-18.1
744.31315	85.66	-18.5
756.78802	85.59	-18.7
769.47197	85.53	-18.8
782.36851	85.49	-18.8
795.4812	85.46	-18.7
808.81366	85.45	-18.6
822.36957	85.46	-18.5
836.15269	85.5	-18.5
850.16681	85.55	-18.5
864.41582	85.62	-18.7
878.90364	85.7	-19
893.63428	85.78	-19.5
908.61181	85.86	-20.1
923.84036	85.92	-20.9
939.32415	85.97	-21.8
955.06746	86	-22.8
971.07462	86.01	-23.8
987.35007	85.99	-24.8
1003.8983	85.94	-25.7
1020.7239	85.87	-26.5
1037.8315	85.79	-27.1
1055.2258	85.71	-27.5
1072.9116	85.63	-27.7
1090.8939	85.57	-27.7
1109.1775	85.55	-27.5
1127.7676	85.56	-27.3
1146.6693	85.61	-27
1165.8877	85.7	-26.9
1185.4283	85.83	-26.9
1205.2964	85.98	-27.2
1225.4974	86.14	-27.7
1246.0371	86.3	-28.4
1266.9209	86.46	-29.3
1288.1549	86.61	-30.4
1309.7446	86.74	-31.6
1331.6963	86.88	-32.9
1354.0158	87	-34.3
1376.7095	87.13	-35.9
1399.7835	87.26	-37.7
1423.2442	87.38	-39.7
1447.0981	87.48	-42
1471.3518	87.55	-44.6
1496.012	87.58	-47.5
1521.0856	87.54	-50.5
1546.5793	87.43	-53.6
1572.5004	87.23	-56.7
1598.8559	86.94	-59.6
1625.6531	86.58	-62
1652.8994	86.17	-63.8
1680.6024	85.74	-64.9
1708.7697	85.33	-65.3
1737.4091	84.99	-65
1766.5285	84.75	-64.4
1796.136	84.62	-63.8
1826.2397	84.56	-63.3
1856.8479	84.55	-63.3
1887.9691	84.55	-63.7
1919.612	84.52	-64.3
1951.7851	84.47	-64.9
1984.4975	84.4	-65.4
2017.7582	84.34	-65.7
2051.5763	84.32	-65.8
2085.9612	84.35	-66
2120.9224	84.43	-66.4
2156.4696	84.51	-67.2
2192.6126	84.56	-68.2
2229.3613	84.56	-69.2
2266.7259	84.52	-69.8
2304.7168	84.5	-69.9
2343.3444	84.57	-69.4
2382.6195	84.79	-68.9
2422.5528	85.15	-68.7
2463.1553	85.6	-69.4
2504.4384	86.08	-70.9
2546.4134	86.58	-73
2589.0919	87.12	-75.6
2632.4858	87.72	-79.2
2676.6069	88.35	-84
2721.4674	88.94	-90.5
2767.0799	89.37	-98.9
2813.4568	89.52	-108.6
2860.6111	89.28	-119.1
2908.5556	88.57	-129.4
2957.3037	87.38	-138
3006.8689	85.77	-142.9
3057.2647	84.12	-142
3108.5052	83.17	-135
3160.6045	83.47	-127.5
3213.577	84.64	-125.5
3267.4374	85.88	-129.9
3322.2004	86.73	-138.9
3377.8813	87.03	-150.3
3434.4954	86.81	-162.2
3492.0584	86.07	-173.5
3550.5862	84.96	177.7
3610.0949	83.68	170.6
3670.6009	82.49	166.5
3732.1211	81.53	163.4
3794.6724	80.75	159.8
3858.272	79.96	155.5
3922.9376	79.06	150.9
3988.687	78.07	146.8
4055.5384	77.03	143.2
4123.5102	75.94	140
4192.6212	74.81	137.7
4262.8906	73.78	136.6
4334.3377	73.02	135.5
4406.9822	72.43	132.3
4480.8443	71.6	126.2
4555.9444	70.12	118.9
4632.3031	67.84	113.9
4709.9417	65.01	116.2
4788.8814	62.74	128.9
4869.1443	62.27	144.7
4950.7523	62.9	153.7
5033.7281	63.58	157.7
5118.0947	64.3	158.7
5203.8752	64.95	155.8
5291.0934	65.09	150.3
5379.7734	64.77	145.5
5469.9397	64.45	142.4
5561.6173	64.33	138.4
5654.8313	64.07	131.6
5749.6077	63.25	123.4
5845.9725	61.72	117.9
5943.9525	60.07	119.5
6043.5746	59.29	125.7
6144.8664	59.31	130.6
6247.8558	59.67	133.7
6352.5714	60.35	134.9
6459.0421	61.24	133.6
6567.2972	62.26	128.8
6677.3667	63	119.4
6789.281	62.93	109.3
6903.071	62.51	103.5
7018.7682	62.45	101.1
7136.4045	63	100.1
7256.0123	64.27	95.9
7377.6249	65.36	86.5
7501.2757	66.24	77.5
7626.9989	67.66	66
7754.8293	68.87	47
7884.8021	69.03	23.9
8016.9533	67.99	2.1
8151.3194	66.24	-13.4
8287.9375	64.61	-24.1
8426.8454	63.02	-32.9
8568.0814	61.65	-39.2
8711.6845	60.48	-46.5
8857.6945	59.01	-53.3
9006.1516	57.45	-56.5
9157.0969	56.39	-56.1
9310.5721	56.05	-56.6
9466.6196	56.14	-62.4
9625.2825	55.55	-74.1
9786.6046	53.99	-85.6
9950.6305	51.19	-92.5
10117.405	48.17	-82.5
10286.976	48	-61.9
10459.388	50.2	-54.8
10634.69	52.45	-61.3
10812.93	53.49	-83.3
10994.157	51.81	-106
11178.422	48.9	-118
11365.775	45.67	-118.4
11556.268	43.3	-106.8
11749.954	43.31	-91.4
11946.886	44.55	-88.8
12147.119	45.5	-97.5
12350.708	45.96	-114.1
12557.708	46.14	-139.8
12768.179	44.88	-168.9
12982.177	43.51	169.1
13199.761	42.12	131.2
13420.992	40.11	75
13645.931	37.85	3.8
13874.641	35.2	-47.6
14107.183	35.54	-82.7
14343.623	34.99	-131.1
14584.025	32.07	137.2
14828.457	30.03	76.6
15076.986	32.12	-1.6
15329.68	33.97	-52.7
15586.609	34.56	-128.2
15847.844	31.66	114.9
16113.458	33.33	-34.8
16383.524	32.16	-117.6
16658.115	29.64	-142.1
16937.31	30.56	-176.2
17221.183	33.06	125.9
17509.814	36.45	52.9
17803.283	39.12	-6.8
18101.67	39.89	-65.6
18405.059	40.54	-125.4
18713.532	41.97	148
19027.176	40.84	43.4
19346.076	38.52	-21.1
19670.321	35.36	-54.3
20000	35.27	-72
