19.8660	73.5400	37.1000
20.1989	73.9200	37.4000
20.5375	74.3400	37.7000
20.8817	74.7800	38.0000
21.2317	75.2100	38.4000
21.5875	75.5600	38.7000
21.9493	75.8100	39.0000
22.3172	75.9700	39.3000
22.6913	76.0800	39.6000
23.0716	76.1300	39.9000
23.4583	76.0900	40.2000
23.8514	75.9000	40.4000
24.2512	75.6000	40.7000
24.6576	75.3500	41.0000
25.0709	75.2900	41.3000
25.4911	75.4300	41.6000
25.9183	75.6900	41.8000
26.3527	75.9700	42.1000
26.7944	76.2300	42.4000
27.2435	76.4700	42.6000
27.7001	76.7000	42.9000
28.1644	76.9300	43.1000
28.6364	77.1600	43.4000
29.1164	77.4300	43.6000
29.6044	77.7600	43.8000
30.1005	78.1600	44.0000
30.6050	78.5900	44.3000
31.1180	79.0100	44.5000
31.6395	79.4200	44.6000
32.1698	79.8600	44.8000
32.7090	80.3300	45.0000
33.2572	80.8300	45.2000
33.8146	81.3000	45.3000
34.3813	81.7200	45.5000
34.9576	82.1200	45.7000
35.5435	82.5300	45.8000
36.1392	82.9400	45.9000
36.7449	83.3400	46.1000
37.3607	83.7200	46.2000
37.9869	84.0600	46.3000
38.6236	84.3500	46.4000
39.2709	84.6000	46.5000
39.9291	84.8000	46.6000
40.5983	84.9700	46.7000
41.2788	85.1100	46.7000
41.9706	85.2300	46.8000
42.6741	85.3500	46.8000
43.3893	85.4000	46.9000
44.1165	85.3100	46.9000
44.8559	84.9900	46.9000
45.6077	84.8600	47.0000
46.3721	84.9600	46.9000
47.1493	84.9500	46.9000
47.9395	84.5900	46.8000
48.7430	84.0200	46.8000
49.5600	83.5300	46.8000
50.3906	83.4200	46.7000
51.2351	83.5400	46.7000
52.0939	83.8100	46.7000
52.9670	84.0800	46.6000
53.8547	84.2900	46.5000
54.7573	84.4700	46.4000
55.6751	84.6500	46.3000
56.6082	84.8400	46.2000
57.5570	85.0000	46.0000
58.5216	85.0500	45.9000
59.5025	85.0300	45.8000
60.4997	85.0400	45.6000
61.5137	85.1100	45.4000
62.5447	85.1700	45.3000
63.5930	85.2000	45.1000
64.6588	85.2600	44.9000
65.7425	85.3800	44.7000
66.8444	85.5700	44.5000
67.9647	85.7800	44.2000
69.1038	85.9700	44.0000
70.2620	86.1300	43.7000
71.4396	86.2500	43.5000
72.6370	86.3500	43.2000
73.8544	86.4300	42.9000
75.0922	86.5200	42.6000
76.3508	86.6000	42.3000
77.6304	86.7200	41.9000
78.9315	86.8600	41.5000
80.2544	86.9800	41.2000
81.5995	87.0800	40.8000
82.9672	87.1400	40.5000
84.3577	87.1500	40.1000
85.7716	87.1100	39.7000
87.2091	87.0600	39.3000
88.6707	87.0700	38.9000
90.1569	87.1300	38.4000
91.6680	87.1400	38.0000
93.2043	87.0800	37.5000
94.7665	87.0500	37.1000
96.3548	87.0200	36.6000
97.9697	86.9700	36.1000
99.6117	86.9100	35.6000
101.2812	86.8300	35.1000
102.9787	86.7700	34.5000
104.7047	86.7800	34.0000
106.4595	86.8500	33.4000
108.2438	86.9300	32.8000
110.0580	87.0100	32.2000
111.9026	87.0800	31.5000
113.7781	87.1200	30.9000
115.6851	87.1300	30.3000
117.6240	87.1600	29.7000
119.5954	87.1600	29.0000
121.5998	87.0100	28.4000
123.6379	86.8500	27.7000
125.7101	86.7500	27.0000
127.8170	86.6600	26.3000
129.9592	86.5800	25.6000
132.1374	86.5000	24.8000
134.3520	86.3900	24.1000
136.6038	86.2900	23.3000
138.8933	86.2700	22.5000
141.2212	86.2900	21.7000
143.5881	86.3300	20.9000
145.9947	86.3800	20.1000
148.4416	86.4200	19.3000
150.9295	86.4600	18.4000
153.4591	86.4800	17.6000
156.0312	86.4700	16.7000
158.6463	86.4100	15.9000
161.3052	86.2500	15.0000
164.0087	86.0400	14.1000
166.7576	85.8000	13.2000
169.5525	85.6100	12.3000
172.3942	85.5200	11.3000
175.2836	85.5100	10.3000
178.2214	85.5200	9.3000
181.2084	85.6000	8.4000
184.2455	85.8100	7.4000
187.3335	85.9800	6.4000
190.4733	86.0500	5.5000
193.6656	86.0500	4.5000
196.9115	86.0000	3.5000
200.2118	85.9100	2.5000
203.5674	85.8600	1.4000
206.9792	85.8400	0.4000
210.4483	85.8300	-0.6000
213.9754	85.8200	-1.7000
217.5617	85.8100	-2.7000
221.2081	85.7500	-3.7000
224.9156	85.6600	-4.7000
228.6852	85.5800	-5.7000
232.5181	85.5500	-6.8000
236.4151	85.5600	-7.8000
240.3775	85.5500	-8.8000
244.4063	85.4900	-9.8000
248.5026	85.4000	-10.7000
252.6676	85.3000	-11.7000
256.9023	85.2100	-12.6000
261.2081	85.1200	-13.6000
265.5860	85.0500	-14.6000
270.0373	84.9900	-15.4000
274.5632	84.9400	-16.3000
279.1649	84.8600	-17.1000
283.8438	84.7600	-17.9000
288.6011	84.7000	-18.7000
293.4381	84.6900	-19.5000
298.3562	84.6900	-20.2000
303.3567	84.6700	-20.9000
308.4410	84.6200	-21.5000
313.6106	84.5600	-22.1000
318.8668	84.5100	-22.6000
324.2111	84.4700	-23.1000
329.6449	84.3900	-23.5000
335.1698	84.2700	-23.9000
340.7874	84.1500	-24.2000
346.4991	84.0600	-24.5000
352.3065	84.0100	-24.7000
358.2112	83.9600	-25.0000
364.2149	83.8800	-25.1000
370.3193	83.7900	-25.2000
376.5259	83.7100	-25.3000
382.8366	83.6500	-25.3000
389.2530	83.5900	-25.4000
395.7770	83.5500	-25.4000
402.4103	83.5300	-25.3000
409.1548	83.5300	-25.3000
416.0123	83.5000	-25.3000
422.9848	83.4400	-25.4000
430.0741	83.3800	-25.3000
437.2823	83.3500	-25.3000
444.6112	83.3300	-25.3000
452.0630	83.2300	-25.4000
459.6397	83.1300	-25.6000
467.3434	83.0500	-25.8000
475.1762	82.9500	-26.0000
483.1402	82.8300	-26.2000
491.2378	82.7500	-26.4000
499.4710	82.7500	-26.5000
507.8423	82.7600	-26.7000
516.3539	82.7700	-26.7000
525.0081	82.8000	-26.8000
533.8074	82.8300	-26.9000
542.7541	82.8700	-27.0000
551.8508	82.9300	-27.1000
561.0999	83.0000	-27.3000
570.5041	83.0900	-27.5000
580.0659	83.1900	-27.7000
589.7879	83.3100	-28.0000
599.6729	83.4400	-28.5000
609.7236	83.5800	-29.0000
619.9427	83.7400	-29.8000
630.3331	83.9000	-30.7000
640.8976	84.0600	-31.7000
651.6392	84.2300	-33.0000
662.5609	84.3900	-34.4000
673.6656	84.5400	-36.1000
684.9564	84.6800	-37.9000
696.4364	84.8100	-40.0000
708.1088	84.9100	-42.2000
719.9769	84.9800	-44.6000
732.0439	85.0300	-47.2000
744.3131	85.0400	-49.9000
756.7880	85.0200	-52.7000
769.4720	84.9500	-55.6000
782.3685	84.8300	-58.6000
795.4812	84.6700	-61.6000
808.8137	84.4500	-64.5000
822.3696	84.1800	-67.4000
836.1527	83.8400	-70.2000
850.1668	83.4400	-72.8000
864.4158	82.9800	-75.0000
878.9036	82.4500	-76.9000
893.6343	81.8600	-78.2000
908.6118	81.2300	-78.8000
923.8404	80.5800	-78.7000
939.3242	79.9300	-77.5000
955.0675	79.3400	-75.3000
971.0746	78.8600	-72.1000
987.3501	78.5400	-68.2000
1003.8983	78.4200	-63.9000
1020.7239	78.4900	-59.7000
1037.8315	78.7500	-56.2000
1055.2258	79.1300	-53.4000
1072.9116	79.5800	-51.6000
1090.8939	80.0600	-50.6000
1109.1775	80.5400	-50.4000
1127.7676	80.9900	-50.8000
1146.6693	81.4000	-51.8000
1165.8877	81.7700	-53.1000
1185.4283	82.0900	-54.6000
1205.2964	82.3700	-56.4000
1225.4974	82.6000	-58.2000
1246.0371	82.8000	-60.1000
1266.9209	82.9700	-62.0000
1288.1549	83.1200	-63.7000
1309.7446	83.2600	-65.3000
1331.6963	83.4000	-66.8000
1354.0158	83.5700	-68.2000
1376.7095	83.7800	-69.6000
1399.7835	84.0200	-71.1000
1423.2442	84.3000	-72.9000
1447.0981	84.6000	-75.1000
1471.3518	84.9000	-77.6000
1496.0120	85.1800	-80.6000
1521.0856	85.4100	-84.0000
1546.5793	85.5800	-87.5000
1572.5004	85.7000	-91.0000
1598.8559	85.7600	-94.2000
1625.6531	85.8100	-97.1000
1652.8994	85.8900	-99.6000
1680.6024	86.0400	-101.9000
1708.7697	86.2800	-104.1000
1737.4091	86.6400	-106.8000
1766.5285	87.0800	-110.1000
1796.1360	87.5600	-114.5000
1826.2397	88.0300	-119.9000
1856.8479	88.4300	-126.4000
1887.9691	88.7300	-133.5000
1919.6120	88.9200	-141.3000
1951.7851	88.9700	-149.5000
1984.4975	88.9100	-157.9000
2017.7582	88.7100	-166.4000
2051.5763	88.4100	-174.9000
2085.9612	88.0000	177.2000
2120.9224	87.4800	168.2000
2156.4696	86.8400	159.7000
2192.6126	86.0500	151.4000
2229.3613	85.1000	143.4000
2266.7259	83.9800	136.2000
2304.7168	82.7000	130.2000
2343.3444	81.3400	125.7000
2382.6195	80.0000	123.1000
2422.5528	78.8100	121.9000
2463.1553	77.8200	121.4000
2504.4384	76.9900	120.6000
2546.4134	76.1900	119.5000
2589.0919	75.3700	118.5000
2632.4858	74.5800	118.3000
2676.6069	73.9200	118.7000
2721.4674	73.4600	119.0000
2767.0799	73.1500	118.4000
2813.4568	72.8400	116.6000
2860.6111	72.4300	114.1000
2908.5556	71.8900	111.8000
2957.3037	71.3200	110.2000
3006.8689	70.8400	109.2000
3057.2647	70.4800	108.1000
3108.5052	70.2100	106.2000
3160.6045	69.9000	103.3000
3213.5770	69.4700	100.1000
3267.4374	68.9300	97.2000
3322.2004	68.3800	95.3000
3377.8813	68.0000	94.0000
3434.4954	67.8600	92.1000
3492.0584	67.8100	88.2000
3550.5862	67.6800	82.5000
3610.0949	67.3600	75.4000
3670.6009	66.8300	67.3000
3732.1211	66.0500	58.1000
3794.6724	64.8300	47.8000
3858.2720	62.9000	37.5000
3922.9376	60.1100	30.2000
3988.6870	56.5700	29.8000
4055.5384	52.8500	40.3000
4123.5102	49.9100	64.2000
4192.6212	49.8200	98.1000
4262.8906	52.9100	120.8000
4334.3377	56.4000	125.4000
4406.9822	59.0100	120.0000
4480.8443	60.7000	110.5000
4555.9444	61.6700	100.1000
4632.3031	62.2100	90.6000
4709.9417	62.7000	82.0000
4788.8814	63.3200	72.7000
4869.1443	63.9600	61.1000
4950.7523	64.3600	46.9000
5033.7281	64.3400	31.3000
5118.0947	63.8200	15.3000
5203.8752	62.8000	0.5000
5291.0934	61.3900	-11.7000
5379.7734	59.9000	-20.5000
5469.9397	58.7000	-26.9000
5561.6173	57.8500	-33.6000
5654.8313	57.1300	-41.8000
5749.6077	56.4600	-50.5000
5845.9725	56.0200	-60.1000
5943.9525	55.7300	-72.3000
6043.5746	55.2100	-87.6000
6144.8664	54.0500	-103.9000
6247.8558	52.2900	-117.1000
6352.5714	50.6900	-126.0000
6459.0421	49.5800	-136.2000
6567.2972	48.1700	-150.1000
6677.3667	46.3800	-161.4000
6789.2810	45.5300	-171.3000
6903.0710	45.3300	172.0000
7018.7682	44.3200	143.1000
7136.4045	42.1800	108.7000
7256.0123	38.8600	60.3000
7377.6249	34.7200	-13.1000
7501.2757	32.7000	-107.5000
7626.9989	32.8300	-26.1000
7754.8293	32.4900	113.1000
7884.8021	32.4800	78.8000
8016.9533	32.8400	46.0000
8151.3194	30.7200	20.0000
8287.9375	30.9600	21.0000
8426.8454	34.3700	4.2000
8568.0814	36.2300	-14.7000
8711.6845	38.1000	-27.5000
8857.6945	39.2700	-37.3000
9006.1516	40.8600	-43.7000
9157.0969	42.5400	-60.5000
9310.5721	42.5100	-82.1000
9466.6196	41.7500	-93.8000
9625.2825	42.2200	-97.9000
9786.6046	43.4600	-101.2000
9950.6305	44.9200	-106.0000
10117.4050	45.9000	-113.1000
10286.9760	46.6400	-120.3000
10459.3880	47.5500	-132.7000
10634.6900	48.0500	-150.0000
10812.9300	48.1800	-172.2000
10994.1570	46.9000	165.9000
11178.4220	43.5200	147.3000
11365.7750	39.2900	151.4000
11556.2680	39.1200	168.9000
11749.9540	41.7100	157.5000
11946.8860	42.4700	128.1000
12147.1190	41.1700	96.3000
12350.7080	37.6500	74.3000
12557.7080	34.0400	76.2000
12768.1790	33.4400	85.6000
12982.1770	32.2100	84.7000
13199.7610	31.8500	100.2000
13420.9920	31.2500	86.9000
13645.9310	26.8000	68.5000
13874.6410	25.9100	47.4000
14107.1830	26.3700	16.9000
14343.6230	26.5700	-37.4000
14584.0250	24.5000	36.9000
14828.4570	26.9600	97.8000
15076.9860	29.9900	66.8000
15329.6800	32.2600	38.1000
15586.6090	32.6100	6.8000
15847.8440	32.2500	-52.8000
16113.4580	31.3900	43.4000
16383.5240	31.6100	-35.8000
16658.1150	31.6100	154.8000
16937.3100	33.1200	68.0000
17221.1830	36.2000	31.1000
17509.8140	36.9300	-8.3000
17803.2830	36.8900	-114.7000
18101.6700	35.7100	103.5000
18405.0590	32.7100	1.6000
18713.5320	31.2700	-37.7000
19027.1760	31.4100	-75.3000
19346.0760	32.0100	-100.5000
19670.3210	32.6000	-115.5000
20000.0000	32.2200	-118.2000