19.8660	81.0600	33.9000
20.1989	81.2700	34.2000
20.5375	81.4900	34.4000
20.8817	81.7100	34.6000
21.2317	81.9300	35.0000
21.5875	82.1500	35.3000
21.9493	82.3500	35.6000
22.3172	82.5400	35.9000
22.6913	82.7200	36.2000
23.0716	82.8900	36.5000
23.4583	83.0500	36.9000
23.8514	83.2100	37.2000
24.2512	83.3500	37.5000
24.6576	83.4900	37.7000
25.0709	83.6200	38.0000
25.4911	83.7400	38.3000
25.9183	83.8600	38.6000
26.3527	84.0000	38.9000
26.7944	84.1600	39.1000
27.2435	84.3400	39.4000
27.7001	84.5100	39.7000
28.1644	84.6600	39.9000
28.6364	84.8000	40.2000
29.1164	84.9500	40.4000
29.6044	85.1000	40.7000
30.1005	85.2600	40.9000
30.6050	85.4300	41.2000
31.1180	85.5900	41.4000
31.6395	85.7500	41.6000
32.1698	85.9200	41.8000
32.7090	86.0900	42.0000
33.2572	86.2700	42.3000
33.8146	86.4500	42.5000
34.3813	86.6300	42.5000
34.9576	86.8100	42.7000
35.5435	87.0000	42.9000
36.1392	87.2000	43.0000
36.7449	87.4100	43.2000
37.3607	87.6200	43.3000
37.9869	87.8300	43.5000
38.6236	88.0400	43.6000
39.2709	88.2400	43.7000
39.9291	88.4300	43.9000
40.5983	88.6100	44.0000
41.2788	88.7800	44.1000
41.9706	88.9400	44.2000
42.6741	89.0900	44.2000
43.3893	89.2300	44.3000
44.1165	89.3700	44.4000
44.8559	89.4800	44.5000
45.6077	89.5600	44.5000
46.3721	89.6000	44.6000
47.1493	89.6000	44.6000
47.9395	89.5600	44.5000
48.7430	89.4700	44.5000
49.5600	89.3000	44.5000
50.3906	89.0800	44.5000
51.2351	88.8900	44.5000
52.0939	88.7800	44.5000
52.9670	88.7500	44.4000
53.8547	88.7500	44.4000
54.7573	88.8000	44.3000
55.6751	88.8700	44.3000
56.6082	88.9400	44.2000
57.5570	88.9900	44.1000
58.5216	89.0300	44.0000
59.5025	89.0700	43.9000
60.4997	89.0800	43.8000
61.5137	89.0700	43.5000
62.5447	89.0500	43.4000
63.5930	89.0700	43.2000
64.6588	89.1700	43.1000
65.7425	89.3000	42.9000
66.8444	89.4500	42.7000
67.9647	89.6100	42.5000
69.1038	89.7600	42.3000
70.2620	89.9100	42.1000
71.4396	90.0400	41.9000
72.6370	90.1600	41.6000
73.8544	90.2700	41.4000
75.0922	90.3500	41.0000
76.3508	90.4200	40.7000
77.6304	90.4900	40.4000
78.9315	90.5600	40.1000
80.2544	90.6200	39.8000
81.5995	90.6700	39.5000
82.9672	90.7100	39.2000
84.3577	90.7600	38.8000
85.7716	90.7900	38.4000
87.2091	90.7900	38.1000
88.6707	90.8000	37.6000
90.1569	90.8500	37.2000
91.6680	90.9400	36.8000
93.2043	91.0500	36.4000
94.7665	91.1500	35.9000
96.3548	91.1800	35.4000
97.9697	91.1600	35.0000
99.6117	91.0900	34.5000
101.2812	91.0200	34.1000
102.9787	90.9700	33.5000
104.7047	90.9700	32.9000
106.4595	91.0200	32.4000
108.2438	91.1100	31.8000
110.0580	91.2000	31.3000
111.9026	91.2700	30.7000
113.7781	91.3000	30.2000
115.6851	91.3200	29.4000
117.6240	91.3600	28.8000
119.5954	91.3700	28.2000
121.5998	91.2000	27.6000
123.6379	90.9700	26.9000
125.7101	90.8100	26.3000
127.8170	90.7200	25.6000
129.9592	90.6900	24.8000
132.1374	90.6900	24.1000
134.3520	90.6900	23.4000
136.6038	90.7000	22.7000
138.8933	90.7000	21.9000
141.2212	90.6900	21.2000
143.5881	90.6800	20.3000
145.9947	90.6700	19.5000
148.4416	90.7000	18.7000
150.9295	90.7400	17.9000
153.4591	90.7700	17.1000
156.0312	90.7800	16.2000
158.6463	90.7500	15.4000
161.3052	90.6500	14.5000
164.0087	90.5000	13.6000
166.7576	90.3800	12.7000
169.5525	90.3000	11.8000
172.3942	90.2500	10.8000
175.2836	90.2300	9.9000
178.2214	90.2400	9.0000
181.2084	90.2800	8.1000
184.2455	90.3000	7.1000
187.3335	90.3300	6.1000
190.4733	90.3700	5.2000
193.6656	90.4000	4.2000
196.9115	90.3900	3.1000
200.2118	90.3400	2.2000
203.5674	90.2900	1.2000
206.9792	90.2600	0.2000
210.4483	90.2200	-1.0000
213.9754	90.2000	-2.0000
217.5617	90.2300	-3.0000
221.2081	90.2900	-4.0000
224.9156	90.3500	-5.1000
228.6852	90.3600	-6.1000
232.5181	90.3300	-7.0000
236.4151	90.2700	-8.0000
240.3775	90.2100	-9.1000
244.4063	90.1400	-10.1000
248.5026	90.0600	-11.1000
252.6676	90.0100	-12.1000
256.9023	89.9900	-13.1000
261.2081	89.9400	-14.0000
265.5860	89.8000	-15.0000
270.0373	89.6400	-15.9000
274.5632	89.5300	-16.8000
279.1649	89.4800	-17.8000
283.8438	89.4600	-18.6000
288.6011	89.4200	-19.4000
293.4381	89.3800	-20.3000
298.3562	89.3600	-21.0000
303.3567	89.3600	-21.8000
308.4410	89.3800	-22.5000
313.6106	89.4000	-23.2000
318.8668	89.4000	-23.9000
324.2111	89.3400	-24.5000
329.6449	89.2300	-25.0000
335.1698	89.1300	-25.6000
340.7874	89.0400	-26.1000
346.4991	88.9700	-26.6000
352.3065	88.9200	-27.0000
358.2112	88.8900	-27.4000
364.2149	88.8600	-27.9000
370.3193	88.8400	-28.2000
376.5259	88.7900	-28.7000
382.8366	88.7300	-29.1000
389.2530	88.6700	-29.5000
395.7770	88.6300	-29.9000
402.4103	88.6200	-30.4000
409.1548	88.6100	-30.8000
416.0123	88.5800	-31.4000
422.9848	88.5300	-31.9000
430.0741	88.4600	-32.5000
437.2823	88.3900	-33.1000
444.6112	88.3500	-33.9000
452.0630	88.2700	-34.8000
459.6397	88.1400	-35.6000
467.3434	88.0300	-36.4000
475.1762	87.9000	-37.0000
483.1402	87.7600	-37.6000
491.2378	87.6100	-38.0000
499.4710	87.5700	-38.6000
507.8423	87.5200	-39.3000
516.3539	87.4800	-39.8000
525.0081	87.4300	-40.4000
533.8074	87.3800	-41.0000
542.7541	87.3300	-41.6000
551.8508	87.2800	-42.2000
561.0999	87.2300	-42.8000
570.5041	87.1800	-43.3000
580.0659	87.1200	-43.8000
589.7879	87.0700	-44.3000
599.6729	87.0200	-44.7000
609.7236	86.9700	-45.2000
619.9427	86.9300	-45.6000
630.3331	86.8900	-46.0000
640.8976	86.8600	-46.3000
651.6392	86.8300	-46.6000
662.5609	86.8100	-46.8000
673.6656	86.8100	-47.1000
684.9564	86.8200	-47.3000
696.4364	86.8400	-47.6000
708.1088	86.8800	-47.9000
719.9769	86.9300	-48.2000
732.0439	87.0000	-48.6000
744.3131	87.0800	-49.0000
756.7880	87.1800	-49.5000
769.4720	87.3000	-50.2000
782.3685	87.4200	-51.0000
795.4812	87.5500	-51.9000
808.8137	87.6900	-53.0000
822.3696	87.8300	-54.3000
836.1527	87.9700	-55.8000
850.1668	88.1000	-57.5000
864.4158	88.2200	-59.4000
878.9036	88.3200	-61.4000
893.6343	88.3900	-63.6000
908.6118	88.4500	-65.9000
923.8404	88.4700	-68.4000
939.3242	88.4600	-70.9000
955.0675	88.4100	-73.4000
971.0746	88.3300	-76.0000
987.3501	88.2100	-78.5000
1003.8983	88.0600	-80.8000
1020.7239	87.8800	-83.1000
1037.8315	87.6700	-85.1000
1055.2258	87.4400	-86.9000
1072.9116	87.2100	-88.4000
1090.8939	86.9800	-89.6000
1109.1775	86.7700	-90.6000
1127.7676	86.5900	-91.4000
1146.6693	86.4400	-92.0000
1165.8877	86.3300	-92.6000
1185.4283	86.2600	-93.2000
1205.2964	86.2100	-94.0000
1225.4974	86.1800	-94.9000
1246.0371	86.1600	-95.9000
1266.9209	86.1400	-97.1000
1288.1549	86.1000	-98.4000
1309.7446	86.0600	-99.6000
1331.6963	86.0200	-100.8000
1354.0158	85.9700	-101.9000
1376.7095	85.9400	-102.9000
1399.7835	85.9300	-103.9000
1423.2442	85.9500	-104.8000
1447.0981	86.0000	-105.8000
1471.3518	86.0900	-106.8000
1496.0120	86.2100	-108.1000
1521.0856	86.3400	-109.5000
1546.5793	86.4900	-111.1000
1572.5004	86.6600	-112.9000
1598.8559	86.8400	-115.0000
1625.6531	87.0400	-117.2000
1652.8994	87.2500	-119.8000
1680.6024	87.4600	-122.7000
1708.7697	87.6600	-125.9000
1737.4091	87.8400	-129.5000
1766.5285	87.9900	-133.3000
1796.1360	88.1000	-137.4000
1826.2397	88.1700	-141.6000
1856.8479	88.2100	-145.8000
1887.9691	88.2100	-150.0000
1919.6120	88.2100	-154.1000
1951.7851	88.2200	-158.2000
1984.4975	88.2300	-162.4000
2017.7582	88.2600	-166.7000
2051.5763	88.3200	-171.1000
2085.9612	88.3900	-175.9000
2120.9224	88.4700	-8.5000
2156.4696	88.5600	173.4000
2192.6126	88.6400	167.2000
2229.3613	88.7000	160.3000
2266.7259	88.6900	152.6000
2304.7168	88.5600	144.1000
2343.3444	88.2900	135.0000
2382.6195	87.8100	125.4000
2422.5528	87.0800	115.7000
2463.1553	86.0600	106.5000
2504.4384	84.7200	98.4000
2546.4134	83.0500	92.9000
2589.0919	81.2300	91.8000
2632.4858	79.7400	96.6000
2676.6069	79.3600	105.1000
2721.4674	80.2500	110.5000
2767.0799	81.6800	108.7000
2813.4568	82.9200	100.3000
2860.6111	83.6400	87.8000
2908.5556	83.7600	73.3000
2957.3037	83.3100	58.4000
3006.8689	82.3500	44.4000
3057.2647	81.0100	32.3000
3108.5052	79.4700	22.6000
3160.6045	77.9500	15.3000
3213.5770	76.5700	9.4000
3267.4374	75.3500	3.7000
3322.2004	74.1600	-2.3000
3377.8813	72.9100	-8.4000
3434.4954	71.5500	-13.9000
3492.0584	70.1600	-18.2000
3550.5862	68.8900	-20.9000
3610.0949	67.8900	-22.7000
3670.6009	67.2400	-25.0000
3732.1211	66.8200	-29.0000
3794.6724	66.4600	-35.0000
3858.2720	66.0300	-42.8000
3922.9376	65.4400	-52.1000
3988.6870	64.5900	-62.2000
4055.5384	63.4300	-71.9000
4123.5102	62.1100	-79.3000
4192.6212	61.0400	-83.9000
4262.8906	60.5800	-87.6000
4334.3377	60.7200	-93.2000
4406.9822	61.3400	-102.0000
4480.8443	62.2200	-115.5000
4555.9444	62.9400	-134.1000
4632.3031	63.0100	-155.6000
4709.9417	62.3200	-136.6000
4788.8814	61.3400	169.9000
4869.1443	61.1200	160.3000
4950.7523	61.9500	147.9000
5033.7281	62.9700	128.3000
5118.0947	63.3600	103.1000
5203.8752	62.7200	76.4000
5291.0934	61.0900	53.9000
5379.7734	59.4100	39.8000
5469.9397	58.8600	28.9000
5561.6173	58.8500	13.0000
5654.8313	58.3200	-6.1000
5749.6077	57.3500	-23.0000
5845.9725	56.6000	-36.8000
5943.9525	56.4300	-50.1000
6043.5746	56.7200	-65.9000
6144.8664	57.0900	-86.0000
6247.8558	56.9600	-109.5000
6352.5714	55.9500	-132.5000
6459.0421	54.4000	-151.1000
6567.2972	53.0000	-164.6000
6677.3667	52.2100	-176.3000
6789.2810	51.8400	168.9000
6903.0710	51.3000	151.8000
7018.7682	50.2900	136.2000
7136.4045	49.2800	124.8000
7256.0123	48.6300	113.6000
7377.6249	47.3700	99.5000
7501.2757	44.7600	92.9000
7626.9989	43.9700	100.8000
7754.8293	45.5400	94.4000
7884.8021	46.1000	78.6000
8016.9533	46.8500	64.5000
8151.3194	48.3000	44.6000
8287.9375	49.4600	14.5000
8426.8454	49.2100	-32.0000
8568.0814	46.6000	-103.4000
8711.6845	44.8800	148.6000
8857.6945	46.8100	75.7000
9006.1516	48.3500	25.0000
9157.0969	48.5900	-8.5000
9310.5721	48.7600	-32.6000
9466.6196	49.1700	-59.2000
9625.2825	48.6200	-85.5000
9786.6046	47.9100	-105.3000
9950.6305	47.3200	-124.8000
10117.4050	45.8500	-145.2000
10286.9760	43.8500	-157.8000
10459.3880	43.2900	-170.4000
10634.6900	42.8200	172.4000
10812.9300	42.2100	159.1000
10994.1570	42.8500	152.8000
11178.4220	44.2700	136.1000
11365.7750	44.0000	111.4000
11556.2680	42.9400	90.1000
11749.9540	42.6000	73.1000
11946.8860	43.7800	54.6000
12147.1190	43.8600	31.1000
12350.7080	43.0300	12.9000
12557.7080	41.3800	-6.8000
12768.1790	38.6200	-17.6000
12982.1770	37.6100	-16.1000
13199.7610	38.7900	-18.9000
13420.9920	39.9600	-35.5000
13645.9310	40.2100	-57.6000
13874.6410	39.6800	-77.2000
14107.1830	40.4300	-89.0000
14343.6230	40.7400	-108.6000
14584.0250	39.0700	-123.6000
14828.4570	39.4700	-136.0000
15076.9860	41.2100	-170.1000
15329.6800	42.1000	146.7000
15586.6090	41.2500	108.2000
15847.8440	40.1100	73.8000
16113.4580	38.6100	42.3000
16383.5240	36.7400	-5.7000
16658.1150	31.1600	-56.7000
16937.3100	27.6100	-60.1000
17221.1830	29.7500	-52.9000
17509.8140	30.1400	-91.9000
17803.2830	28.3600	-173.0000
18101.6700	31.0800	138.8000
18405.0590	31.6500	130.8000
18713.5320	32.7100	96.0000
19027.1760	32.4100	7.3000
19346.0760	30.8400	-108.1000
19670.3210	30.1000	130.4000
20000.0000	30.5100	75.5000