"| "| "| "| Standardized FRD file, measured by OmniMic "ref141614.omm" on 6/27/2014 by userID: 
"| "| "| "| Equivalent to driven with 2.83V and measured at 1m
"| "| "| "| Acoustic origin is 359.7useconds behind the mounting plane.
"| "| "| "| 
19.86599	83.31	31.1
20.19895	83.25	31.4
20.53749	83.17	31.7
20.8817	83.09	32
21.23169	83.01	32.3
21.58753	82.97	32.6
21.94935	82.98	33
22.31722	83.09	33.3
22.69126	83.32	33.6
23.07158	83.63	33.9
23.45826	83.97	34.2
23.85143	84.32	34.5
24.25118	84.67	34.7
24.65764	84.98	35
25.07091	85.2	35.3
25.4911	85.35	35.6
25.91834	85.46	35.9
26.35274	85.57	36.2
26.79441	85.68	36.4
27.2435	85.8	36.7
27.7001	85.94	37
28.16436	86.09	37.1
28.63641	86.27	37.4
29.11636	86.47	37.6
29.60436	86.66	37.9
30.10053	86.85	38.1
30.60502	87.03	38.3
31.11797	87.2	38.6
31.63952	87.36	38.8
32.1698	87.52	39
32.70898	87.69	39.2
33.25719	87.87	39.4
33.81459	88.05	39.6
34.38133	88.22	39.8
34.95757	88.39	40
35.54346	88.57	40.1
36.13918	88.76	40.3
36.74488	88.96	40.5
37.36074	89.18	40.6
37.98691	89.39	40.8
38.62358	89.59	40.9
39.27092	89.77	41
39.92911	89.95	41.2
40.59833	90.13	41.3
41.27877	90.31	41.4
41.97061	90.46	41.5
42.67405	90.49	41.6
43.38928	90.41	41.6
44.11649	90.22	41.7
44.8559	90.02	41.7
45.60769	89.95	41.8
46.37209	90.01	41.8
47.1493	90.06	41.8
47.93953	90.04	41.8
48.74301	90.01	41.8
49.55995	89.99	41.8
50.39059	89.98	41.8
51.23515	89.95	41.8
52.09386	89.9	41.8
52.96697	89.86	41.7
53.85471	89.85	41.7
54.75733	89.85	41.6
55.67507	89.89	41.5
56.6082	89.99	41.4
57.55697	90.1	41.3
58.52164	90.24	41.3
59.50247	90.47	41.2
60.49975	90.53	41
61.51374	90.45	40.9
62.54472	90.45	40.7
63.59299	90.49	40.6
64.65882	90.54	40.4
65.74252	90.62	40.1
66.84438	90.74	40
67.96471	90.89	39.8
69.10382	91.06	39.6
70.26201	91.21	39.3
71.43962	91.34	39.1
72.63697	91.45	38.9
73.85438	91.56	38.6
75.0922	91.65	38.3
76.35076	91.71	38
77.63042	91.75	37.7
78.93152	91.82	37.4
80.25443	91.92	37.1
81.59952	92.01	36.8
82.96715	92.09	36.4
84.3577	92.15	36
85.77155	92.17	35.6
87.2091	92.17	35.2
88.67075	92.15	34.8
90.15689	92.2	34.4
91.66795	92.37	34
93.20432	92.56	33.5
94.76645	92.67	33.1
96.35476	92.68	32.6
97.96969	92.61	32.1
99.61168	92.48	31.6
101.2812	92.35	31.1
102.9787	92.24	30.5
104.70465	92.17	30
106.45952	92.16	29.4
108.24381	92.2	28.9
110.058	92.28	28.3
111.9026	92.36	27.7
113.77812	92.43	27.1
115.68507	92.47	26.5
117.62398	92.46	25.8
119.59538	92.29	25.2
121.59983	92.09	24.4
123.63787	91.89	23.8
125.71007	91.66	23.1
127.81701	91.5	22.4
129.95925	91.43	21.7
132.1374	91.42	20.9
134.35205	91.43	20.2
136.60383	91.41	19.4
138.89334	91.36	18.6
141.22123	91.31	17.8
143.58813	91.27	17
145.9947	91.24	16.2
148.44161	91.26	15.3
150.92953	91.35	14.5
153.45914	91.48	13.7
156.03116	91.63	12.8
158.64628	91.64	11.8
161.30523	91.51	10.9
164.00874	91.28	10
166.75757	91.02	9.1
169.55247	90.76	8.2
172.39421	90.64	7.3
175.28358	90.67	6.3
178.22137	90.78	5.3
181.2084	90.91	4.3
184.2455	91.01	3.3
187.3335	91.1	2.3
190.47326	91.15	1.3
193.66564	91.16	0.3
196.91152	91.13	-0.8
200.2118	91.04	-1.8
203.5674	90.95	-2.9
206.97924	90.91	-3.9
210.44827	90.93	-5
213.97543	90.99	-6.1
217.56171	91.11	-7.2
221.2081	91.25	-8.2
224.9156	91.35	-9.3
228.68524	91.37	-10.4
232.51806	91.33	-11.5
236.41512	91.26	-12.6
240.3775	91.2	-13.7
244.40628	91.15	-14.7
248.50259	91.08	-15.8
252.66756	91.03	-17
256.90233	91.01	-18
261.20807	90.96	-19.1
265.58598	90.82	-20.1
270.03727	90.65	-21.3
274.56316	90.51	-22.3
279.16491	90.42	-23.3
283.84378	90.37	-24.3
288.60107	90.31	-25.4
293.43809	90.27	-26.4
298.35619	90.26	-27.4
303.35671	90.27	-28.3
308.44104	90.32	-29.4
313.61059	90.39	-30.3
318.86678	90.43	-31.2
324.21107	90.4	-32.2
329.64492	90.29	-33
335.16985	90.12	-33.8
340.78738	89.98	-34.7
346.49906	89.87	-35.6
352.30647	89.77	-36.3
358.21121	89.69	-37.1
364.21492	89.78	-37.8
370.31925	89.96	-38.2
376.5259	90.16	-38.5
382.83656	90.01	-38.9
389.253	89.9	-39.2
395.77697	89.87	-39.5
402.41029	89.92	-39.8
409.15479	89.89	-40
416.01232	89.75	-40.2
422.98479	89.5	-40.4
430.07412	89.3	-40.4
437.28226	89.26	-40.6
444.61122	89.37	-40.5
452.06302	89.4	-40.6
459.6397	89.03	-40.5
467.34338	88.97	-40.5
475.17617	88.92	-40.3
483.14023	88.85	-40.2
491.23778	88.82	-40
499.47105	88.84	-39.8
507.84231	88.89	-39.7
516.35387	88.97	-39.6
525.00808	89.06	-39.5
533.80735	89.18	-39.6
542.75409	89.32	-39.7
551.85078	89.47	-40
561.09994	89.64	-40.4
570.50411	89.82	-41
580.0659	90.01	-41.8
589.78794	90.21	-42.7
599.67293	90.41	-43.9
609.7236	90.6	-45.2
619.94272	90.79	-46.8
630.33311	90.97	-48.5
640.89765	91.13	-50.4
651.63925	91.28	-52.4
662.56088	91.41	-54.6
673.66556	91.51	-57
684.95636	91.59	-59.4
696.4364	91.65	-61.9
708.10884	91.68	-64.5
719.97692	91.68	-67.1
732.04391	91.65	-69.7
744.31315	91.6	-72.3
756.78802	91.51	-74.9
769.47197	91.41	-77.4
782.36851	91.28	-79.8
795.4812	91.13	-82
808.81366	90.97	-84.1
822.36957	90.8	-86.1
836.15269	90.63	-87.9
850.16681	90.46	-89.6
864.41582	90.3	-91.1
878.90364	90.15	-92.5
893.63428	90.02	-93.9
908.61181	89.9	-95.2
923.84036	89.79	-96.6
939.32415	89.7	-98
955.06746	89.61	-99.4
971.07462	89.52	-100.9
987.35007	89.42	-102.4
1003.8983	89.31	-103.9
1020.7239	89.2	-105.3
1037.8315	89.08	-106.7
1055.2258	88.95	-107.9
1072.9116	88.83	-108.9
1090.8939	88.73	-109.7
1109.1775	88.66	-110.3
1127.7676	88.63	-110.8
1146.6693	88.64	-111.2
1165.8877	88.71	-111.7
1185.4283	88.83	-112.3
1205.2964	88.99	-113.1
1225.4974	89.18	-114.1
1246.0371	89.4	-115.2
1266.9209	89.64	-116.5
1288.1549	89.92	-117.8
1309.7446	90.24	-119.3
1331.6963	90.63	-121
1354.0158	91.1	-123
1376.7095	91.64	-125.5
1399.7835	92.25	-128.8
1423.2442	92.9	-132.9
1447.0981	93.57	-138.1
1471.3518	94.22	-144.3
1496.012	94.82	-151.7
1521.0856	95.32	-160
1546.5793	95.72	-169.2
1572.5004	95.99	-135
1598.8559	96.1	170
1625.6531	96.05	158.7
1652.8994	95.8	147
1680.6024	95.35	134.9
1708.7697	94.67	122.8
1737.4091	93.72	110.8
1766.5285	92.48	99.3
1796.136	90.89	88.8
1826.2397	88.95	80.4
1856.8479	86.7	75.6
1887.9691	84.41	76.3
1919.612	82.7	83.2
1951.7851	82.24	92.3
1984.4975	82.8	97.3
2017.7582	83.69	95.9
2051.5763	84.38	89.7
2085.9612	84.67	80.7
2120.9224	84.55	70.3
2156.4696	84.02	59.7
2192.6126	83.15	49.7
2229.3613	81.98	40.9
2266.7259	80.64	34.1
2304.7168	79.24	29.6
2343.3444	77.98	27.3
2382.6195	77.04	26.6
2422.5528	76.49	26
2463.1553	76.28	24.1
2504.4384	76.22	20
2546.4134	76.13	13.7
2589.0919	75.88	6
2632.4858	75.4	-2.3
2676.6069	74.74	-10.1
2721.4674	74.05	-16.7
2767.0799	73.53	-22.4
2813.4568	73.29	-28.6
2860.6111	73.24	-36.9
2908.5556	73.12	-47.7
2957.3037	72.71	-60.4
3006.8689	71.88	-73.6
3057.2647	70.63	-85.4
3108.5052	69.17	-94.3
3160.6045	67.83	-99.6
3213.577	66.94	-102.6
3267.4374	66.61	-105.3
3322.2004	66.79	-109.5
3377.8813	67.35	-116.9
3434.4954	67.99	-128.6
3492.0584	68.35	-144.4
3550.5862	68.12	-162.6
3610.0949	67.18	-103.9
3670.6009	65.62	163.5
3732.1211	63.8	152.4
3794.6724	62.22	145.4
3858.272	61.06	139.6
3922.9376	60.03	132.9
3988.687	58.83	126.3
4055.5384	57.44	121.6
4123.5102	56.05	120.5
4192.6212	55.12	123.8
4262.8906	55.47	128.7
4334.3377	57.02	126.5
4406.9822	58.45	113.4
4480.8443	58.7	93.6
4555.9444	57.35	74.5
4632.3031	54.73	66.5
4709.9417	53.41	77.5
4788.8814	55.77	85.3
4869.1443	58.97	76.1
4950.7523	61.48	56.5
5033.7281	63.1	31.7
5118.0947	63.71	4.3
5203.8752	63.3	-22.4
5291.0934	62.06	-44.9
5379.7734	60.57	-61.2
5469.9397	59.49	-72.5
5561.6173	58.99	-82.9
5654.8313	58.76	-94.7
5749.6077	58.39	-107.7
5845.9725	57.69	-119.4
5943.9525	56.97	-126.9
6043.5746	57.03	-130.7
6144.8664	58.22	-137.4
6247.8558	59.89	-152.4
6352.5714	61.18	-11.6
6459.0421	61.35	155.2
6567.2972	59.84	126
6677.3667	56.94	107.4
6789.281	54.94	102.3
6903.071	54.26	95
7018.7682	53.37	86.6
7136.4045	52.91	81
7256.0123	53.21	74.2
7377.6249	54.11	61.6
7501.2757	54.46	42.1
7626.9989	53.87	24.3
7754.8293	53.41	9.5
7884.8021	52.59	-7.5
8016.9533	50.75	-19
8151.3194	49.82	-21.5
8287.9375	49.94	-29.4
8426.8454	49.99	-41
8568.0814	50.09	-55.9
8711.6845	49.99	-71.5
8857.6945	50.1	-90
9006.1516	49.31	-111.5
9157.0969	49.1	-135.3
9310.5721	49.05	60.8
9466.6196	46.43	65.9
9625.2825	44.35	-43.4
9786.6046	43.59	-106.9
9950.6305	44.52	-143.1
10117.405	45.86	-170.3
10286.976	47.39	166.2
10459.388	48.07	137
10634.69	47.5	104.4
10812.93	45.85	73.3
10994.157	44.37	41.9
11178.422	42.16	6.4
11365.775	38.83	-29.5
11556.268	38.65	-68.3
11749.954	42.1	-138.1
11946.886	42.63	166.5
12147.119	42.03	128.4
12350.708	40.79	94
12557.708	39.47	60.6
12768.179	38.37	27.7
12982.177	38.05	6.5
13199.761	37.76	-22.4
13420.992	37.26	-60
13645.931	37.16	-98.1
13874.641	39.78	-121.5
14107.183	42.78	-146.9
14343.623	43.68	-171.4
14584.025	44.49	168.5
14828.457	44.39	129.8
15076.986	41.9	85.2
15329.68	37.82	40.1
15586.609	33.86	7.1
15847.844	34.95	-23.5
16113.458	35.11	-72.2
16383.524	31.72	-119.6
16658.115	30.57	157.3
16937.31	31.39	12.6
17221.183	29.72	-20.9
17509.814	29.66	72.3
17803.283	30.66	-92.3
18101.67	28.93	107.1
18405.059	27.65	-17.7
18713.532	28.5	-53.8
19027.176	32.42	-87.8
19346.076	33.18	-145.7
19670.321	33.72	144.9
20000	34.93	162.6
