"| "| "| "| Standardized FRD file, measured by OmniMic "146122014.omm" on 6/13/2014 by userID: 
"| "| "| "| Equivalent to driven with 2.83V and measured at 1m
"| "| "| "| Acoustic origin is 71.23useconds behind the mounting plane.
"| "| "| "| 
19.86599	66.64	122.7
20.19895	66.83	122.2
20.53749	67.03	121.6
20.8817	67.24	121
21.23169	67.45	120.5
21.58753	67.64	119.9
21.94935	67.8	119.3
22.31722	67.92	118.7
22.69126	68.02	118.1
23.07158	68.12	117.5
23.45826	68.28	117
23.85143	68.51	116.4
24.25118	68.81	115.8
24.65764	69.09	115.2
25.07091	69.31	114.7
25.4911	69.45	114.1
25.91834	69.58	113.6
26.35274	69.73	113
26.79441	69.94	112.5
27.2435	70.2	111.9
27.7001	70.51	111.3
28.16436	70.87	110.8
28.63641	71.26	110.2
29.11636	71.67	109.7
29.60436	72.06	109.1
30.10053	72.44	108.5
30.60502	72.82	108
31.11797	73.2	107.4
31.63952	73.59	106.9
32.1698	73.99	106.3
32.70898	74.42	105.8
33.25719	74.84	105.3
33.81459	75.23	104.7
34.38133	75.58	104.2
34.95757	75.91	103.6
35.54346	76.24	103.1
36.13918	76.56	102.5
36.74488	76.86	101.9
37.36074	77.12	101.4
37.98691	77.35	100.9
38.62358	77.54	100.3
39.27092	77.71	99.7
39.92911	77.87	99.2
40.59833	78.02	98.6
41.27877	78.15	98.1
41.97061	78.25	97.6
42.67405	78.32	97.1
43.38928	78.38	96.6
44.11649	78.43	96
44.8559	78.47	95.5
45.60769	78.52	94.9
46.37209	78.58	94.3
47.1493	78.67	93.7
47.93953	78.77	93.2
48.74301	78.87	92.6
49.55995	78.99	92.1
50.39059	79.13	91.6
51.23515	79.24	91
52.09386	79.23	90.5
52.96697	79.14	89.9
53.85471	79.05	89.4
54.75733	79.11	88.8
55.67507	79.29	88.3
56.6082	79.52	87.7
57.55697	79.78	87.2
58.52164	80.07	86.6
59.50247	80.34	86.1
60.49975	80.49	85.5
61.51374	80.54	85
62.54472	80.53	84.4
63.59299	80.52	83.9
64.65882	80.54	83.3
65.74252	80.59	82.8
66.84438	80.7	82.2
67.96471	80.84	81.6
69.10382	80.96	81.1
70.26201	81.05	80.5
71.43962	81.17	79.9
72.63697	81.33	79.4
73.85438	81.54	78.8
75.0922	81.78	78.2
76.35076	82.04	77.6
77.63042	82.32	77
78.93152	82.61	76.5
80.25443	82.87	75.8
81.59952	83.09	75.2
82.96715	83.23	74.6
84.3577	83.29	74
85.77155	83.26	73.4
87.2091	83.15	72.8
88.67075	83.04	72.2
90.15689	83.01	71.6
91.66795	83.07	70.9
93.20432	83.27	70.3
94.76645	83.57	69.7
96.35476	83.9	69
97.96969	84.18	68.4
99.61168	84.37	67.7
101.2812	84.42	67.1
102.9787	84.38	66.4
104.70465	84.26	65.8
106.45952	84.17	65.1
108.24381	84.16	64.4
110.058	84.24	63.8
111.9026	84.4	63.1
113.77812	84.61	62.4
115.68507	84.8	61.7
117.62398	84.96	61
119.59538	85.06	60.3
121.59983	85.01	59.6
123.63787	84.87	58.9
125.71007	84.76	58.1
127.81701	84.71	57.4
129.95925	84.72	56.7
132.1374	84.81	55.9
134.35205	84.97	55.2
136.60383	85.14	54.5
138.89334	85.27	53.6
141.22123	85.3	52.8
143.58813	85.27	52.1
145.9947	85.25	51.3
148.44161	85.27	50.5
150.92953	85.36	49.7
153.45914	85.48	48.9
156.03116	85.6	48.1
158.64628	85.64	47.3
161.30523	85.62	46.5
164.00874	85.54	45.7
166.75757	85.5	44.8
169.55247	85.52	44
172.39421	85.6	43.2
175.28358	85.7	42.4
178.22137	85.78	41.5
181.2084	85.8	40.7
184.2455	85.8	39.8
187.3335	85.83	39
190.47326	85.92	38.1
193.66564	85.99	37.2
196.91152	86.02	36.4
200.2118	86.02	35.5
203.5674	86.01	34.6
206.97924	86.01	33.8
210.44827	86.03	32.9
213.97543	86.05	32
217.56171	86.08	31.2
221.2081	86.11	30.3
224.9156	86.16	29.5
228.68524	86.21	28.6
232.51806	86.23	27.6
236.41512	86.21	26.8
240.3775	86.18	25.9
244.40628	86.17	25.1
248.50259	86.17	24.2
252.66756	86.19	23.4
256.90233	86.2	22.6
261.20807	86.19	21.8
265.58598	86.15	21
270.03727	86.08	20.2
274.56316	86.04	19.4
279.16491	86.04	18.7
283.84378	86.04	18
288.60107	86.04	17.3
293.43809	86.02	16.6
298.35619	85.99	15.9
303.35671	86	15.3
308.44104	86.05	14.7
313.61059	86.1	14.1
318.86678	86.11	13.5
324.21107	86.09	12.9
329.64492	86.03	12.4
335.16985	85.97	12
340.78738	85.93	11.6
346.49906	85.89	11.2
352.30647	85.84	10.8
358.21121	85.78	10.6
364.21492	85.75	10.3
370.31925	85.73	10.1
376.5259	85.7	9.9
382.83656	85.65	9.8
389.253	85.59	9.7
395.77697	85.56	9.6
402.41029	85.54	9.5
409.15479	85.53	9.5
416.01232	85.52	9.5
422.98479	85.51	9.4
430.07412	85.49	9.4
437.28226	85.48	9.4
444.61122	85.44	9.4
452.06302	85.37	9.4
459.6397	85.33	9.5
467.34338	85.31	9.6
475.17617	85.28	9.6
483.14023	85.26	9.7
491.23778	85.25	9.6
499.47105	85.27	9.6
507.84231	85.29	9.6
516.35387	85.34	9.4
525.00808	85.39	9.2
533.80735	85.45	9
542.75409	85.51	8.7
551.85078	85.58	8.3
561.09994	85.65	7.8
570.50411	85.72	7.2
580.0659	85.79	6.5
589.78794	85.86	5.8
599.67293	85.92	5.1
609.7236	85.97	4.2
619.94272	86.02	3.3
630.33311	86.05	2.4
640.89765	86.08	1.4
651.63925	86.1	0.5
662.56088	86.1	-0.5
673.66556	86.09	-1.5
684.95636	86.08	-2.5
696.4364	86.05	-3.4
708.10884	86.02	-4.4
719.97692	85.99	-5.2
732.04391	85.95	-6
744.31315	85.9	-6.7
756.78802	85.86	-7.4
769.47197	85.82	-7.9
782.36851	85.79	-8.4
795.4812	85.78	-8.9
808.81366	85.77	-9.3
822.36957	85.79	-9.8
836.15269	85.81	-10.3
850.16681	85.85	-10.9
864.41582	85.9	-11.6
878.90364	85.95	-12.5
893.63428	86	-13.5
908.61181	86.05	-14.7
923.84036	86.07	-16
939.32415	86.08	-17.5
955.06746	86.07	-19.1
971.07462	86.02	-20.8
987.35007	85.94	-22.5
1003.8983	85.82	-24.3
1020.7239	85.66	-25.9
1037.8315	85.47	-27.5
1055.2258	85.25	-28.9
1072.9116	85	-30.1
1090.8939	84.73	-31.1
1109.1775	84.44	-31.9
1127.7676	84.15	-32.4
1146.6693	83.86	-32.7
1165.8877	83.57	-32.8
1185.4283	83.28	-32.6
1205.2964	83	-32.4
1225.4974	82.73	-31.9
1246.0371	82.45	-31.2
1266.9209	82.17	-30.2
1288.1549	81.9	-28.8
1309.7446	81.65	-27
1331.6963	81.47	-24.7
1354.0158	81.37	-22
1376.7095	81.4	-19.1
1399.7835	81.56	-16.3
1423.2442	81.84	-14
1447.0981	82.21	-12.4
1471.3518	82.62	-11.5
1496.012	83.02	-11.5
1521.0856	83.38	-12.2
1546.5793	83.67	-13.4
1572.5004	83.89	-14.8
1598.8559	84.03	-16.2
1625.6531	84.12	-17.5
1652.8994	84.16	-18.6
1680.6024	84.21	-19.3
1708.7697	84.27	-19.9
1737.4091	84.37	-20.3
1766.5285	84.51	-20.9
1796.136	84.68	-21.8
1826.2397	84.84	-23
1856.8479	84.98	-24.6
1887.9691	85.07	-26.4
1919.612	85.1	-28.2
1951.7851	85.07	-29.9
1984.4975	85.01	-31.2
2017.7582	84.96	-32.2
2051.5763	84.95	-33
2085.9612	84.99	-33.9
2120.9224	85.05	-35.1
2156.4696	85.1	-36.7
2192.6126	85.08	-38.6
2229.3613	84.96	-40.4
2266.7259	84.75	-41.8
2304.7168	84.53	-42.2
2343.3444	84.39	-41.8
2382.6195	84.39	-41.1
2422.5528	84.53	-40.9
2463.1553	84.73	-41.5
2504.4384	84.88	-42.8
2546.4134	84.92	-44.4
2589.0919	84.88	-45.7
2632.4858	84.85	-46.3
2676.6069	84.9	-46.7
2721.4674	85.03	-47.2
2767.0799	85.19	-48.3
2813.4568	85.31	-49.7
2860.6111	85.38	-51.1
2908.5556	85.45	-52.2
2957.3037	85.58	-53.1
3006.8689	85.79	-54.2
3057.2647	86.02	-56
3108.5052	86.22	-58.2
3160.6045	86.35	-60.6
3213.577	86.45	-62.9
3267.4374	86.55	-64.9
3322.2004	86.7	-66.9
3377.8813	86.9	-69.1
3434.4954	87.14	-71.9
3492.0584	87.38	-75.2
3550.5862	87.57	-79.2
3610.0949	87.7	-83.5
3670.6009	87.76	-88.2
3732.1211	87.74	-93.3
3794.6724	87.59	-98.7
3858.272	87.26	-103.9
3922.9376	86.78	-108.3
3988.687	86.26	-111.4
4055.5384	85.78	-113.5
4123.5102	85.38	-115.1
4192.6212	85.02	-115.8
4262.8906	84.8	-115.6
4334.3377	84.91	-114.9
4406.9822	85.32	-115.7
4480.8443	85.73	-119
4555.9444	85.93	-122.8
4632.3031	86.15	-125.6
4709.9417	86.77	-128.5
4788.8814	87.72	-135
4869.1443	88.48	-146.5
4950.7523	88.64	-161.2
5033.7281	88.06	-170.8
5118.0947	86.81	169.4
5203.8752	85.09	158.5
5291.0934	83.23	151.1
5379.7734	81.39	146.3
5469.9397	79.53	143.5
5561.6173	77.77	143.5
5654.8313	76.33	145.2
5749.6077	75.05	146.9
5845.9725	73.68	151
5943.9525	73.03	159.7
6043.5746	73.7	165.2
6144.8664	74.54	161.1
6247.8558	74.39	152.2
6352.5714	73.39	145.6
6459.0421	72.29	142.9
6567.2972	71.47	141
6677.3667	70.58	137.8
6789.281	69.36	135.6
6903.071	68.1	135.9
7018.7682	66.98	137.8
7136.4045	66.01	141.5
7256.0123	65.53	147.4
7377.6249	65.87	152.2
7501.2757	66.6	151
7626.9989	66.84	146.1
7754.8293	66.78	141.2
7884.8021	66.67	135.2
8016.9533	66.2	127.4
8151.3194	65.27	120.2
8287.9375	64.11	114.4
8426.8454	62.81	110.2
8568.0814	61.46	108.4
8711.6845	60.44	109
8857.6945	59.87	108.7
9006.1516	59.29	106.1
9157.0969	58.63	104.1
9310.5721	58.46	101.3
9466.6196	58.46	93.6
9625.2825	58.14	82.2
9786.6046	57.53	69.1
9950.6305	56.72	52.6
10117.405	55.46	33.5
10286.976	53.77	10.9
10459.388	51.32	-10.5
10634.69	49.24	-26.7
10812.93	48.44	-42.4
10994.157	48.17	-61.5
11178.422	48.63	-75.5
11365.775	50.52	-93.5
11556.268	51.54	-118.5
11749.954	51.42	-138.7
11946.886	51.62	-157.2
12147.119	50.84	-86.9
12350.708	49.05	166.8
12557.708	45.86	155.7
12768.179	41.14	164.1
12982.177	39	-156.9
13199.761	42	-142.8
13420.992	43.08	-155.6
13645.931	41.75	-162.1
13874.641	41.81	-144.4
14107.183	46.33	-139.5
14343.623	48.68	-156.8
14584.025	48.94	-176
14828.457	47.53	160.7
15076.986	45.61	144.7
15329.68	44.19	130.4
15586.609	42.28	87
15847.844	36.61	-7.9
16113.458	39.33	-110.7
16383.524	44.64	-146.8
16658.115	47.69	150.9
16937.31	48.22	119.5
17221.183	48.17	87.5
17509.814	45.77	56
17803.283	41.04	32.9
18101.67	34.72	26.8
18405.059	31.84	24.5
18713.532	31.67	-62.1
19027.176	32.67	29.3
19346.076	32.96	131.1
19670.321	31.43	96.6
20000	29.78	97.9
