19.8660	74.8400	86.6000
20.1989	75.0700	86.4000
20.5375	75.3000	86.2000
20.8817	75.5400	86.1000
21.2317	75.7800	85.9000
21.5875	76.0200	85.7000
21.9493	76.2800	85.5000
22.3172	76.5500	85.3000
22.6913	76.8300	85.1000
23.0716	77.1100	84.9000
23.4583	77.3800	84.7000
23.8514	77.6400	84.5000
24.2512	77.8900	84.3000
24.6576	78.1000	84.1000
25.0709	78.2700	83.9000
25.4911	78.4000	83.8000
25.9183	78.5200	83.6000
26.3527	78.6700	83.4000
26.7944	78.8500	83.1000
27.2435	79.0700	82.9000
27.7001	79.3000	82.7000
28.1644	79.5400	82.5000
28.6364	79.7700	82.3000
29.1164	80.0000	82.1000
29.6044	80.2000	81.9000
30.1005	80.3900	81.7000
30.6050	80.5600	81.5000
31.1180	80.7400	81.2000
31.6395	80.9200	81.0000
32.1698	81.1200	80.7000
32.7090	81.3800	80.5000
33.2572	81.6600	80.2000
33.8146	81.9200	80.0000
34.3813	82.1300	79.8000
34.9576	82.3400	79.5000
35.5435	82.5400	79.3000
36.1392	82.7300	79.1000
36.7449	82.8400	78.8000
37.3607	82.8800	78.5000
37.9869	82.9300	78.2000
38.6236	83.0200	78.0000
39.2709	83.1800	77.7000
39.9291	83.3500	77.5000
40.5983	83.5300	77.2000
41.2788	83.7700	76.9000
41.9706	84.0600	76.6000
42.6741	84.3300	76.4000
43.3893	84.5300	76.1000
44.1165	84.6900	75.8000
44.8559	84.8200	75.5000
45.6077	84.9300	75.2000
46.3721	85.0200	74.9000
47.1493	85.1200	74.6000
47.9395	85.2000	74.3000
48.7430	85.2400	74.0000
49.5600	85.2400	73.6000
50.3906	85.2800	73.3000
51.2351	85.3300	73.0000
52.0939	85.3500	72.6000
52.9670	85.3300	72.3000
53.8547	85.3000	71.9000
54.7573	85.3100	71.6000
55.6751	85.3600	71.2000
56.6082	85.4400	70.9000
57.5570	85.5900	70.5000
58.5216	85.8300	70.2000
59.5025	86.0500	69.8000
60.4997	86.1600	69.4000
61.5137	86.1800	69.0000
62.5447	86.2100	68.6000
63.5930	86.3200	68.3000
64.6588	86.4600	67.9000
65.7425	86.6000	67.4000
66.8444	86.7400	67.0000
67.9647	86.8700	66.6000
69.1038	86.9800	66.2000
70.2620	87.1000	65.8000
71.4396	87.2200	65.3000
72.6370	87.3100	64.9000
73.8544	87.3800	64.4000
75.0922	87.4900	64.0000
76.3508	87.6300	63.6000
77.6304	87.7500	63.1000
78.9315	87.8400	62.7000
80.2544	87.9200	62.2000
81.5995	88.0300	61.7000
82.9672	88.1100	61.2000
84.3577	88.1500	60.7000
85.7716	88.1800	60.2000
87.2091	88.2100	59.7000
88.6707	88.2700	59.2000
90.1569	88.3600	58.6000
91.6680	88.4800	58.1000
93.2043	88.6000	57.6000
94.7665	88.6800	57.0000
96.3548	88.7300	56.5000
97.9697	88.7600	55.9000
99.6117	88.7700	55.3000
101.2812	88.7700	54.7000
102.9787	88.7700	54.1000
104.7047	88.7900	53.5000
106.4595	88.8400	52.9000
108.2438	88.9100	52.3000
110.0580	89.0100	51.7000
111.9026	89.1200	51.1000
113.7781	89.2100	50.4000
115.6851	89.2700	49.8000
117.6240	89.3500	49.2000
119.5954	89.3900	48.5000
121.5998	89.2700	47.8000
123.6379	89.0400	47.1000
125.7101	88.9200	46.4000
127.8170	88.8700	45.8000
129.9592	88.8600	45.1000
132.1374	88.8800	44.4000
134.3520	88.9200	43.7000
136.6038	88.9800	43.0000
138.8933	89.0400	42.3000
141.2212	89.0900	41.5000
143.5881	89.1300	40.7000
145.9947	89.1500	40.0000
148.4416	89.1900	39.2000
150.9295	89.2400	38.4000
153.4591	89.2900	37.7000
156.0312	89.3300	36.9000
158.6463	89.3300	36.1000
161.3052	89.2900	35.3000
164.0087	89.2200	34.5000
166.7576	89.1400	33.6000
169.5525	89.1000	32.8000
172.3942	89.0900	32.0000
175.2836	89.1200	31.2000
178.2214	89.2100	30.4000
181.2084	89.2800	29.6000
184.2455	89.3200	28.8000
187.3335	89.3700	27.9000
190.4733	89.4200	27.1000
193.6656	89.4600	26.2000
196.9115	89.4600	25.4000
200.2118	89.4400	24.5000
203.5674	89.4100	23.7000
206.9792	89.3900	22.8000
210.4483	89.3900	22.0000
213.9754	89.4200	21.1000
217.5617	89.5200	20.3000
221.2081	89.6300	19.4000
224.9156	89.7100	18.6000
228.6852	89.7200	17.9000
232.5181	89.6600	17.1000
236.4151	89.6000	16.2000
240.3775	89.5600	15.4000
244.4063	89.5300	14.6000
248.5026	89.5000	13.8000
252.6676	89.4900	13.1000
256.9023	89.4900	12.4000
261.2081	89.4500	11.6000
265.5860	89.3800	11.0000
270.0373	89.3100	10.3000
274.5632	89.2900	9.6000
279.1649	89.2800	9.1000
283.8438	89.2700	8.5000
288.6011	89.2500	7.9000
293.4381	89.2300	7.4000
298.3562	89.2200	6.9000
303.3567	89.2400	6.4000
308.4410	89.2900	6.0000
313.6106	89.3300	5.5000
318.8668	89.3200	5.2000
324.2111	89.2800	4.9000
329.6449	89.2100	4.7000
335.1698	89.1400	4.5000
340.7874	89.0800	4.3000
346.4991	89.0400	4.1000
352.3065	89.0000	3.9000
358.2112	88.9700	3.8000
364.2149	88.9500	3.7000
370.3193	88.9200	3.6000
376.5259	88.8700	3.6000
382.8366	88.8300	3.7000
389.2530	88.8000	3.6000
395.7770	88.8100	3.6000
402.4103	88.8400	3.6000
409.1548	88.8700	3.6000
416.0123	88.9000	3.5000
422.9848	88.9000	3.4000
430.0741	88.9000	3.4000
437.2823	88.9000	3.3000
444.6112	88.8900	3.3000
452.0630	88.8600	3.2000
459.6397	88.8300	3.2000
467.3434	88.8300	3.1000
475.1762	88.8200	2.9000
483.1402	88.8000	2.7000
491.2378	88.7800	2.5000
499.4710	88.7600	2.2000
507.8423	88.7600	1.8000
516.3539	88.7600	1.4000
525.0081	88.7500	1.0000
533.8074	88.7500	0.6000
542.7541	88.7500	0.1000
551.8508	88.7400	-0.4000
561.0999	88.7300	-0.9000
570.5041	88.7200	-1.5000
580.0659	88.7000	-2.0000
589.7879	88.6800	-2.5000
599.6729	88.7000	-3.0000
609.7236	88.7100	-3.6000
619.9427	88.7300	-4.1000
630.3331	88.7400	-4.6000
640.8976	88.7500	-5.1000
651.6392	88.7500	-5.5000
662.5609	88.7600	-6.0000
673.6656	88.7700	-6.4000
684.9564	88.7900	-6.7000
696.4364	88.8100	-7.1000
708.1088	88.8300	-7.4000
719.9769	88.8700	-7.7000
732.0439	88.9100	-8.0000
744.3131	88.9700	-8.4000
756.7880	89.0400	-8.8000
769.4720	89.1200	-9.2000
782.3685	89.2100	-9.8000
795.4812	89.3200	-10.4000
808.8137	89.4200	-11.2000
822.3696	89.5300	-12.1000
836.1527	89.6400	-13.3000
850.1668	89.7400	-14.6000
864.4158	89.8200	-16.0000
878.9036	89.8800	-17.7000
893.6343	89.9200	-19.5000
908.6118	89.9100	-21.3000
923.8404	89.8700	-23.3000
939.3242	89.7800	-25.3000
955.0675	89.6300	-27.3000
971.0746	89.4300	-29.1000
987.3501	89.1700	-30.7000
1003.8983	88.8600	-31.9000
1020.7239	88.5100	-32.7000
1037.8315	88.1300	-32.8000
1055.2258	87.7700	-32.2000
1072.9116	87.4400	-30.8000
1090.8939	87.2100	-28.7000
1109.1775	87.1000	-26.2000
1127.7676	87.1600	-23.5000
1146.6693	87.3600	-21.1000
1165.8877	87.6800	-19.3000
1185.4283	88.0800	-18.4000
1205.2964	88.5000	-18.2000
1225.4974	88.9000	-18.9000
1246.0371	89.2600	-20.2000
1266.9209	89.5500	-21.9000
1288.1549	89.7600	-23.8000
1309.7446	89.9100	-25.7000
1331.6963	90.0000	-27.5000
1354.0158	90.0500	-29.1000
1376.7095	90.0900	-30.4000
1399.7835	90.1400	-31.5000
1423.2442	90.2200	-32.4000
1447.0981	90.3400	-33.4000
1471.3518	90.4900	-34.5000
1496.0120	90.6600	-35.9000
1521.0856	90.8200	-37.7000
1546.5793	90.9600	-39.7000
1572.5004	91.0500	-41.8000
1598.8559	91.0900	-44.0000
1625.6531	91.0800	-46.0000
1652.8994	91.0500	-47.7000
1680.6024	91.0300	-49.1000
1708.7697	91.0400	-50.3000
1737.4091	91.1000	-51.3000
1766.5285	91.2200	-52.3000
1796.1360	91.3900	-53.7000
1826.2397	91.5700	-55.6000
1856.8479	91.7400	-57.8000
1887.9691	91.8600	-60.4000
1919.6120	91.9100	-63.1000
1951.7851	91.9000	-65.5000
1984.4975	91.8500	-67.3000
2017.7582	91.8300	-68.5000
2051.5763	91.9200	-69.1000
2085.9612	92.1700	-69.5000
2120.9224	92.6200	-70.4000
2156.4696	93.2200	-72.5000
2192.6126	93.8900	-76.1000
2229.3613	94.5300	-81.5000
2266.7259	95.0300	-88.4000
2304.7168	95.3500	-96.4000
2343.3444	95.4200	-105.4000
2382.6195	95.2000	-114.7000
2422.5528	94.6600	-123.8000
2463.1553	93.7800	-131.8000
2504.4384	92.5700	-137.7000
2546.4134	91.1900	-139.9000
2589.0919	90.0200	-137.6000
2632.4858	89.5900	-132.1000
2676.6069	90.0500	-127.7000
2721.4674	91.0200	-127.8000
2767.0799	91.9700	-132.6000
2813.4568	92.6300	-140.5000
2860.6111	92.9100	-149.9000
2908.5556	92.8500	-159.8000
2957.3037	92.5300	-169.5000
3006.8689	92.0200	-124.5000
3057.2647	91.3500	172.4000
3108.5052	90.5300	163.8000
3160.6045	89.5500	155.7000
3213.5770	88.4200	148.5000
3267.4374	87.1900	142.2000
3322.2004	85.9200	136.9000
3377.8813	84.6200	132.3000
3434.4954	83.2400	128.1000
3492.0584	81.7100	124.9000
3550.5862	80.0400	123.7000
3610.0949	78.4400	125.5000
3670.6009	77.2800	130.1000
3732.1211	76.7900	134.5000
3794.6724	76.6900	135.5000
3858.2720	76.4800	132.8000
3922.9376	75.8300	128.7000
3988.6870	74.7800	125.9000
4055.5384	73.6600	125.8000
4123.5102	72.8400	127.8000
4192.6212	72.4100	129.5000
4262.8906	72.1300	129.5000
4334.3377	71.7800	128.4000
4406.9822	71.3600	127.5000
4480.8443	71.0700	127.0000
4555.9444	71.0000	125.6000
4632.3031	70.9900	122.3000
4709.9417	70.9700	116.9000
4788.8814	70.8900	107.2000
4869.1443	70.1700	89.3000
4950.7523	67.8800	58.8000
5033.7281	63.8000	3.7000
5118.0947	63.2500	-93.1000
5203.8752	69.0100	-166.3000
5291.0934	73.8100	154.7000
5379.7734	76.8500	116.8000
5469.9397	78.3800	81.7000
5561.6173	78.4400	46.0000
5654.8313	76.9200	11.5000
5749.6077	73.7800	-17.2000
5845.9725	69.8700	-31.9000
5943.9525	67.6900	-36.6000
6043.5746	66.5600	-51.7000
6144.8664	63.3600	-73.4000
6247.8558	57.4300	-77.9000
6352.5714	55.7700	-36.1000
6459.0421	59.8700	-23.8000
6567.2972	61.9400	-41.0000
6677.3667	61.2200	-62.8000
6789.2810	58.0000	-75.0000
6903.0710	54.6500	-55.8000
7018.7682	58.5000	-23.1000
7136.4045	62.7800	-32.9000
7256.0123	64.2600	-52.9000
7377.6249	64.7200	-67.9000
7501.2757	65.1900	-81.3000
7626.9989	66.0200	-94.4000
7754.8293	67.3100	-118.1000
7884.8021	66.1000	-154.9000
8016.9533	60.4500	-175.4000
8151.3194	56.2300	-155.3000
8287.9375	55.8400	-155.1000
8426.8454	55.0400	-158.2000
8568.0814	53.9500	-167.6000
8711.6845	50.7000	-173.5000
8857.6945	47.5600	-157.3000
9006.1516	48.1800	-137.9000
9157.0969	49.4800	-136.4000
9310.5721	49.3900	-137.5000
9466.6196	49.6200	-130.2000
9625.2825	51.8700	-127.5000
9786.6046	54.4600	-139.0000
9950.6305	56.4800	-165.7000
10117.4050	56.5000	160.7000
10286.9760	54.1100	119.0000
10459.3880	50.1600	75.6000
10634.6900	45.2200	18.6000
10812.9300	42.5200	-60.6000
10994.1570	43.4300	-28.5000
11178.4220	43.2700	102.1000
11365.7750	43.1000	-10.3000
11556.2680	43.9000	-97.7000
11749.9540	43.7200	-156.2000
11946.8860	43.4400	173.0000
12147.1190	43.6000	150.5000
12350.7080	43.0100	138.3000
12557.7080	42.4500	123.7000
12768.1790	41.0800	107.5000
12982.1770	40.7400	93.5000
13199.7610	40.9200	72.3000
13420.9920	39.7400	40.6000
13645.9310	38.8900	-23.1000
13874.6410	39.1600	-110.0000
14107.1830	41.1100	-168.9000
14343.6230	42.7800	146.6000
14584.0250	43.2400	119.4000
14828.4570	44.1000	106.6000
15076.9860	45.7000	93.4000
15329.6800	45.7300	72.2000
15586.6090	45.7400	55.7000
15847.8440	44.9400	37.8000
16113.4580	44.0600	28.4000
16383.5240	43.8500	23.7000
16658.1150	44.3600	14.5000
16937.3100	43.4900	-4.1000
17221.1830	41.1900	-16.1000
17509.8140	40.1500	-24.9000
17803.2830	40.3000	-20.6000
18101.6700	41.2000	-11.0000
18405.0590	41.9800	-7.1000
18713.5320	43.8300	-12.7000
19027.1760	46.1300	-33.4000
19346.0760	46.7600	-59.6000
19670.3210	45.1700	-77.7000
20000.0000	44.0400	-81.1000