19.8660	73.0800	95.1000
20.1989	73.2400	94.8000
20.5375	73.3300	94.5000
20.8817	73.3600	94.2000
21.2317	73.3700	94.0000
21.5875	73.3700	93.7000
21.9493	73.4100	93.4000
22.3172	73.5100	93.1000
22.6913	73.6800	92.9000
23.0716	73.8600	92.6000
23.4583	73.9700	92.3000
23.8514	74.0100	92.0000
24.2512	74.0300	91.8000
24.6576	74.0400	91.5000
25.0709	74.0700	91.2000
25.4911	74.1500	91.0000
25.9183	74.2700	90.7000
26.3527	74.4300	90.4000
26.7944	74.6400	90.1000
27.2435	74.8700	89.8000
27.7001	75.0700	89.5000
28.1644	75.2000	89.2000
28.6364	75.2800	89.0000
29.1164	75.3800	88.7000
29.6044	75.5700	88.5000
30.1005	75.8700	88.3000
30.6050	76.2400	88.0000
31.1180	76.6100	87.7000
31.6395	76.9700	87.5000
32.1698	77.2800	87.2000
32.7090	77.5100	86.9000
33.2572	77.7300	86.6000
33.8146	78.0200	86.3000
34.3813	78.4100	86.0000
34.9576	78.8500	85.7000
35.5435	79.2200	85.5000
36.1392	79.5200	85.2000
36.7449	79.7900	84.9000
37.3607	80.0400	84.6000
37.9869	80.3200	84.3000
38.6236	80.6600	84.0000
39.2709	81.0100	83.7000
39.9291	81.2900	83.4000
40.5983	81.4900	83.1000
41.2788	81.6200	82.8000
41.9706	81.6600	82.6000
42.6741	81.5700	82.3000
43.3893	81.3200	82.0000
44.1165	81.0600	81.7000
44.8559	80.9300	81.4000
45.6077	80.9300	81.0000
46.3721	81.0500	80.7000
47.1493	81.2000	80.4000
47.9395	81.3000	80.1000
48.7430	81.3200	79.8000
49.5600	81.3200	79.4000
50.3906	81.3900	79.1000
51.2351	81.5100	78.8000
52.0939	81.6300	78.4000
52.9670	81.7000	78.1000
53.8547	81.7400	77.9000
54.7573	81.8300	77.5000
55.6751	82.0200	77.2000
56.6082	82.2500	76.8000
57.5570	82.4700	76.5000
58.5216	82.8000	76.1000
59.5025	83.3100	75.8000
60.4997	83.4500	75.4000
61.5137	83.2700	75.0000
62.5447	83.1100	74.7000
63.5930	83.1000	74.3000
64.6588	83.1600	73.9000
65.7425	83.2200	73.6000
66.8444	83.2400	73.3000
67.9647	83.2900	72.9000
69.1038	83.4600	72.5000
70.2620	83.6900	72.1000
71.4396	83.8600	71.6000
72.6370	84.0300	71.2000
73.8544	84.2300	70.8000
75.0922	84.4000	70.4000
76.3508	84.5100	70.0000
77.6304	84.6300	69.6000
78.9315	84.8200	69.2000
80.2544	84.9900	68.7000
81.5995	85.1200	68.3000
82.9672	85.2800	67.9000
84.3577	85.4100	67.4000
85.7716	85.4700	67.0000
87.2091	85.5100	66.5000
88.6707	85.5600	66.1000
90.1569	85.5800	65.6000
91.6680	85.6000	65.1000
93.2043	85.6900	64.7000
94.7665	85.7900	64.2000
96.3548	85.8700	63.7000
97.9697	85.9600	63.2000
99.6117	86.0300	62.7000
101.2812	86.0700	62.2000
102.9787	86.1300	61.7000
104.7047	86.2100	61.2000
106.4595	86.2700	60.7000
108.2438	86.3400	60.1000
110.0580	86.4100	59.6000
111.9026	86.4600	59.1000
113.7781	86.5400	58.6000
115.6851	86.5700	58.0000
117.6240	86.5200	57.5000
119.5954	86.3800	56.9000
121.5998	86.3600	56.3000
123.6379	86.4500	55.7000
125.7101	86.4700	55.2000
127.8170	86.4800	54.7000
129.9592	86.5000	54.1000
132.1374	86.5400	53.4000
134.3520	86.6100	52.8000
136.6038	86.6900	52.3000
138.8933	86.7700	51.7000
141.2212	86.8600	51.0000
143.5881	86.9200	50.4000
145.9947	86.9700	49.8000
148.4416	87.0100	49.2000
150.9295	87.0600	48.6000
153.4591	87.1000	47.9000
156.0312	87.1400	47.3000
158.6463	87.1700	46.6000
161.3052	87.1700	46.0000
164.0087	87.1700	45.4000
166.7576	87.1800	44.7000
169.5525	87.2100	44.0000
172.3942	87.2500	43.5000
175.2836	87.3200	42.8000
178.2214	87.4000	42.1000
181.2084	87.4600	41.4000
184.2455	87.5200	40.8000
187.3335	87.6200	40.1000
190.4733	87.7300	39.5000
193.6656	87.8400	38.8000
196.9115	87.8900	38.2000
200.2118	87.8900	37.5000
203.5674	87.8600	36.9000
206.9792	87.8400	36.3000
210.4483	87.8300	35.6000
213.9754	87.8200	35.0000
217.5617	87.8500	34.3000
221.2081	87.9200	33.8000
224.9156	87.9800	33.1000
228.6852	87.9900	32.5000
232.5181	87.9600	32.0000
236.4151	87.9200	31.4000
240.3775	87.8900	30.8000
244.4063	87.8500	30.3000
248.5026	87.8500	29.7000
252.6676	87.9000	29.2000
256.9023	87.9200	28.7000
261.2081	87.9100	28.2000
265.5860	87.8500	27.7000
270.0373	87.7900	27.3000
274.5632	87.7600	26.9000
279.1649	87.7700	26.5000
283.8438	87.8000	26.1000
288.6011	87.8300	25.7000
293.4381	87.8200	25.5000
298.3562	87.8000	25.1000
303.3567	87.8000	24.9000
308.4410	87.8300	24.6000
313.6106	87.8600	24.5000
318.8668	87.8500	24.3000
324.2111	87.7900	24.1000
329.6449	87.7200	24.0000
335.1698	87.6800	23.9000
340.7874	87.6700	23.9000
346.4991	87.6500	23.8000
352.3065	87.6200	23.8000
358.2112	87.5900	23.8000
364.2149	87.5900	23.9000
370.3193	87.6000	23.9000
376.5259	87.6100	24.0000
382.8366	87.5900	24.0000
389.2530	87.5900	24.2000
395.7770	87.5200	24.2000
402.4103	87.4900	24.4000
409.1548	87.5100	24.6000
416.0123	87.6200	24.8000
422.9848	87.6400	25.0000
430.0741	87.7700	25.2000
437.2823	87.8700	25.3000
444.6112	87.7400	25.6000
452.0630	87.4900	25.8000
459.6397	87.3400	26.1000
467.3434	87.3300	26.3000
475.1762	87.3600	26.7000
483.1402	87.3800	27.0000
491.2378	87.4200	27.3000
499.4710	87.4500	27.6000
507.8423	87.5000	27.9000
516.3539	87.5500	28.2000
525.0081	87.6100	28.5000
533.8074	87.6800	28.8000
542.7541	87.7500	29.0000
551.8508	87.8400	29.2000
561.0999	87.9300	29.3000
570.5041	88.0200	29.4000
580.0659	88.1100	29.4000
589.7879	88.2100	29.3000
599.6729	88.3100	29.1000
609.7236	88.4000	28.8000
619.9427	88.4900	28.5000
630.3331	88.5700	28.0000
640.8976	88.6300	27.6000
651.6392	88.6800	27.0000
662.5609	88.7200	26.4000
673.6656	88.7400	25.8000
684.9564	88.7500	25.2000
696.4364	88.7400	24.6000
708.1088	88.7000	24.0000
719.9769	88.6600	23.6000
732.0439	88.6000	23.2000
744.3131	88.5300	23.0000
756.7880	88.4500	22.8000
769.4720	88.3700	22.9000
782.3685	88.3000	23.1000
795.4812	88.2400	23.4000
808.8137	88.2000	23.9000
822.3696	88.1800	24.4000
836.1527	88.1900	24.9000
850.1668	88.2200	25.4000
864.4158	88.2700	25.8000
878.9036	88.3400	26.1000
893.6343	88.4200	26.2000
908.6118	88.5000	26.1000
923.8404	88.5700	25.8000
939.3242	88.6200	25.4000
955.0675	88.6400	24.8000
971.0746	88.6300	24.2000
987.3501	88.5800	23.7000
1003.8983	88.4900	23.2000
1020.7239	88.3600	23.0000
1037.8315	88.2100	23.0000
1055.2258	88.0500	23.4000
1072.9116	87.9000	24.2000
1090.8939	87.7800	25.4000
1109.1775	87.7200	26.9000
1127.7676	87.7200	28.5000
1146.6693	87.8100	30.1000
1165.8877	87.9600	31.6000
1185.4283	88.1700	32.6000
1205.2964	88.4000	33.3000
1225.4974	88.6400	33.5000
1246.0371	88.8700	33.3000
1266.9209	89.0600	32.9000
1288.1549	89.2200	32.3000
1309.7446	89.3400	31.6000
1331.6963	89.4300	30.9000
1354.0158	89.5000	30.4000
1376.7095	89.5800	29.9000
1399.7835	89.6700	29.4000
1423.2442	89.7700	28.8000
1447.0981	89.8900	28.1000
1471.3518	90.0100	27.2000
1496.0120	90.1200	25.9000
1521.0856	90.2000	24.3000
1546.5793	90.2300	22.5000
1572.5004	90.1900	20.5000
1598.8559	90.0900	18.6000
1625.6531	89.9200	16.9000
1652.8994	89.7100	15.5000
1680.6024	89.4800	14.4000
1708.7697	89.2500	13.7000
1737.4091	89.0400	13.2000
1766.5285	88.8700	12.7000
1796.1360	88.7300	12.1000
1826.2397	88.5800	11.1000
1856.8479	88.4000	9.9000
1887.9691	88.1400	8.5000
1919.6120	87.7900	7.0000
1951.7851	87.3300	6.0000
1984.4975	86.8000	5.6000
2017.7582	86.2400	6.1000
2051.5763	85.7200	7.5000
2085.9612	85.2900	9.5000
2120.9224	84.9800	11.5000
2156.4696	84.7200	13.3000
2192.6126	84.4600	14.8000
2229.3613	84.1400	16.2000
2266.7259	83.7700	18.2000
2304.7168	83.4200	21.2000
2343.3444	83.2100	24.9000
2382.6195	83.1800	28.6000
2422.5528	83.3000	31.7000
2463.1553	83.4600	33.7000
2504.4384	83.5700	35.1000
2546.4134	83.5900	36.3000
2589.0919	83.5900	37.9000
2632.4858	83.6400	39.9000
2676.6069	83.7900	41.8000
2721.4674	84.0500	43.2000
2767.0799	84.3500	43.6000
2813.4568	84.6200	43.0000
2860.6111	84.7800	41.7000
2908.5556	84.8100	39.9000
2957.3037	84.6900	38.2000
3006.8689	84.4800	36.7000
3057.2647	84.1800	35.5000
3108.5052	83.8100	34.7000
3160.6045	83.3300	34.3000
3213.5770	82.7700	35.0000
3267.4374	82.2200	37.4000
3322.2004	81.8900	41.0000
3377.8813	81.8600	44.3000
3434.4954	81.9600	46.0000
3492.0584	81.9100	46.3000
3550.5862	81.6100	46.9000
3610.0949	81.2700	49.4000
3670.6009	81.1900	53.1000
3732.1211	81.4000	55.9000
3794.6724	81.6100	56.8000
3858.2720	81.6600	57.4000
3922.9376	81.6600	58.8000
3988.6870	81.8200	60.6000
4055.5384	82.1500	61.9000
4123.5102	82.5500	62.1000
4192.6212	82.9900	61.2000
4262.8906	83.4300	58.8000
4334.3377	83.6300	54.8000
4406.9822	83.4100	51.6000
4480.8443	83.2100	52.7000
4555.9444	84.1100	55.1000
4632.3031	85.8500	48.9000
4709.9417	86.8300	32.2000
4788.8814	86.1700	11.5000
4869.1443	83.6800	-4.7000
4950.7523	80.3500	-6.8000
5033.7281	78.6400	4.2000
5118.0947	78.9200	10.3000
5203.8752	79.3300	8.1000
5291.0934	79.1400	3.1000
5379.7734	78.7300	0.7000
5469.9397	78.8700	-0.8000
5561.6173	79.3200	-6.7000
5654.8313	79.3000	-15.8000
5749.6077	78.7600	-23.4000
5845.9725	78.3100	-28.0000
5943.9525	78.1100	-31.9000
6043.5746	78.1300	-34.8000
6144.8664	78.6600	-38.1000
6247.8558	79.4300	-44.7000
6352.5714	80.1100	-53.9000
6459.0421	80.6400	-67.0000
6567.2972	80.2100	-85.1000
6677.3667	77.8600	-100.1000
6789.2810	74.7800	-98.0000
6903.0710	73.9300	-86.5000
7018.7682	74.1800	-82.3000
7136.4045	74.3400	-81.3000
7256.0123	74.4100	-82.9000
7377.6249	73.7900	-85.7000
7501.2757	72.5900	-83.9000
7626.9989	71.6200	-76.9000
7754.8293	70.8500	-66.2000
7884.8021	70.7900	-48.2000
8016.9533	73.2300	-28.4000
8151.3194	77.2800	-25.8000
8287.9375	80.2300	-37.9000
8426.8454	81.7900	-55.1000
8568.0814	81.8800	-73.7000
8711.6845	80.6200	-88.6000
8857.6945	78.6900	-95.6000
9006.1516	76.9700	-95.4000
9157.0969	76.0900	-91.2000
9310.5721	76.0900	-90.4000
9466.6196	75.8900	-96.6000
9625.2825	74.4800	-105.1000
9786.6046	71.9500	-107.7000
9950.6305	69.2200	-101.3000
10117.4050	67.2100	-86.8000
10286.9760	66.5400	-66.4000
10459.3880	68.1300	-50.1000
10634.6900	70.5600	-47.6000
10812.9300	71.9300	-58.5000
10994.1570	71.2700	-70.0000
11178.4220	70.0500	-75.0000
11365.7750	69.1300	-80.3000
11556.2680	68.0300	-95.8000
11749.9540	65.0400	-136.4000
11946.8860	58.9400	156.3000
12147.1190	58.9700	48.4000
12350.7080	61.3800	-5.4000
12557.7080	61.2800	-26.1000
12768.1790	60.3100	-25.9000
12982.1770	60.4400	-14.8000
13199.7610	62.1800	-6.9000
13420.9920	64.3900	-9.6000
13645.9310	65.6100	-26.2000
13874.6410	64.0800	-45.9000
14107.1830	61.2500	-50.7000
14343.6230	59.0700	-46.1000
14584.0250	57.6300	-38.6000
14828.4570	56.6600	-29.5000
15076.9860	57.1500	-20.2000
15329.6800	58.6100	-20.8000
15586.6090	59.4200	-30.0000
15847.8440	59.1200	-39.7000
16113.4580	58.6100	-48.2000
16383.5240	57.7600	-59.7000
16658.1150	54.8500	-81.0000
16937.3100	47.6300	-78.8000
17221.1830	47.4900	-26.7000
17509.8140	53.9800	-24.7000
17803.2830	57.4100	-50.9000
18101.6700	58.2800	-75.9000
18405.0590	59.4600	-102.3000
18713.5320	58.8500	-137.8000
19027.1760	56.9000	-159.8000
19346.0760	56.4800	-171.3000
19670.3210	56.8800	155.7000
20000.0000	57.4600	166.5000