19.8660	68.9100	112.8000
20.1989	69.1100	112.2000
20.5375	69.2700	111.7000
20.8817	69.3800	111.2000
21.2317	69.4700	110.7000
21.5875	69.5500	110.2000
21.9493	69.6100	109.7000
22.3172	69.6600	109.2000
22.6913	69.7000	108.7000
23.0716	69.7600	108.2000
23.4583	69.8600	107.7000
23.8514	70.0500	107.2000
24.2512	70.3300	106.7000
24.6576	70.6500	106.3000
25.0709	70.9500	105.8000
25.4911	71.2200	105.3000
25.9183	71.4700	104.8000
26.3527	71.7100	104.3000
26.7944	71.9400	103.8000
27.2435	72.1800	103.3000
27.7001	72.4300	102.9000
28.1644	72.7100	102.4000
28.6364	73.0100	101.9000
29.1164	73.3300	101.5000
29.6044	73.6700	101.1000
30.1005	74.0400	100.6000
30.6050	74.4300	100.1000
31.1180	74.8300	99.7000
31.6395	75.2300	99.2000
32.1698	75.6100	98.7000
32.7090	75.9600	98.3000
33.2572	76.2900	97.8000
33.8146	76.6300	97.3000
34.3813	76.9800	96.9000
34.9576	77.3200	96.4000
35.5435	77.6500	95.9000
36.1392	77.9600	95.5000
36.7449	78.2200	95.0000
37.3607	78.4300	94.5000
37.9869	78.6200	94.1000
38.6236	78.7900	93.7000
39.2709	78.9400	93.2000
39.9291	79.0700	92.8000
40.5983	79.1700	92.3000
41.2788	79.2600	91.8000
41.9706	79.3400	91.3000
42.6741	79.4100	90.9000
43.3893	79.4500	90.4000
44.1165	79.4900	90.0000
44.8559	79.5100	89.5000
45.6077	79.5500	89.0000
46.3721	79.6100	88.6000
47.1493	79.6700	88.1000
47.9395	79.6700	87.7000
48.7430	79.5700	87.3000
49.5600	79.3800	86.8000
50.3906	79.2500	86.4000
51.2351	79.2500	85.9000
52.0939	79.4100	85.4000
52.9670	79.6500	85.0000
53.8547	79.8900	84.5000
54.7573	80.1300	84.0000
55.6751	80.3800	83.5000
56.6082	80.6400	83.0000
57.5570	80.9000	82.6000
58.5216	81.2000	82.1000
59.5025	81.5100	81.6000
60.4997	81.7600	81.1000
61.5137	81.9200	80.7000
62.5447	82.0500	80.2000
63.5930	82.1800	79.7000
64.6588	82.2600	79.2000
65.7425	82.3000	78.7000
66.8444	82.3000	78.2000
67.9647	82.2900	77.8000
69.1038	82.2900	77.3000
70.2620	82.3100	76.7000
71.4396	82.3800	76.2000
72.6370	82.5200	75.7000
73.8544	82.7100	75.2000
75.0922	82.9600	74.7000
76.3508	83.2500	74.1000
77.6304	83.5400	73.6000
78.9315	83.8200	73.1000
80.2544	84.0700	72.5000
81.5995	84.2400	72.0000
82.9672	84.3200	71.5000
84.3577	84.3000	70.9000
85.7716	84.1900	70.4000
87.2091	84.0300	69.9000
88.6707	83.9100	69.3000
90.1569	83.9100	68.8000
91.6680	84.0400	68.2000
93.2043	84.3200	67.6000
94.7665	84.6700	67.0000
96.3548	85.0000	66.4000
97.9697	85.2300	65.8000
99.6117	85.3100	65.2000
101.2812	85.2900	64.6000
102.9787	85.1400	64.0000
104.7047	84.9600	63.4000
106.4595	84.8100	62.8000
108.2438	84.7600	62.2000
110.0580	84.8300	61.6000
111.9026	85.0100	60.9000
113.7781	85.2400	60.3000
115.6851	85.4500	59.6000
117.6240	85.6600	59.0000
119.5954	85.8400	58.3000
121.5998	85.7900	57.7000
123.6379	85.6100	57.0000
125.7101	85.4800	56.4000
127.8170	85.4000	55.8000
129.9592	85.3800	55.1000
132.1374	85.4500	54.4000
134.3520	85.6000	53.7000
136.6038	85.7600	52.9000
138.8933	85.8600	52.2000
141.2212	85.8700	51.5000
143.5881	85.8400	50.8000
145.9947	85.8100	50.2000
148.4416	85.8500	49.4000
150.9295	85.9500	48.7000
153.4591	86.0600	47.9000
156.0312	86.1400	47.2000
158.6463	86.1500	46.4000
161.3052	86.1100	45.7000
164.0087	86.0100	45.0000
166.7576	85.9500	44.2000
169.5525	85.9700	43.5000
172.3942	86.0600	42.7000
175.2836	86.1700	41.9000
178.2214	86.2600	41.1000
181.2084	86.2500	40.4000
184.2455	86.2000	39.6000
187.3335	86.2300	38.9000
190.4733	86.3300	38.1000
193.6656	86.4100	37.3000
196.9115	86.4400	36.5000
200.2118	86.4300	35.7000
203.5674	86.4100	35.1000
206.9792	86.4200	34.3000
210.4483	86.4500	33.5000
213.9754	86.4700	32.7000
217.5617	86.4700	31.9000
221.2081	86.4900	31.3000
224.9156	86.5300	30.5000
228.6852	86.5600	29.8000
232.5181	86.5600	29.0000
236.4151	86.5200	28.3000
240.3775	86.4900	27.7000
244.4063	86.4700	26.9000
248.5026	86.4800	26.2000
252.6676	86.4900	25.5000
256.9023	86.4800	24.9000
261.2081	86.4500	24.3000
265.5860	86.4200	23.7000
270.0373	86.4000	23.1000
274.5632	86.3900	22.5000
279.1649	86.3900	22.0000
283.8438	86.4100	21.5000
288.6011	86.4000	20.9000
293.4381	86.3800	20.4000
298.3562	86.3500	20.1000
303.3567	86.3400	19.7000
308.4410	86.3400	19.3000
313.6106	86.3300	18.9000
318.8668	86.2900	18.7000
324.2111	86.2200	18.4000
329.6449	86.1600	18.1000
335.1698	86.1200	17.9000
340.7874	86.0800	17.9000
346.4991	86.0400	17.7000
352.3065	85.9900	17.7000
358.2112	85.9600	17.7000
364.2149	85.9400	17.7000
370.3193	85.9100	17.7000
376.5259	85.8600	17.9000
382.8366	85.8100	18.0000
389.2530	85.7700	18.1000
395.7770	85.7500	18.3000
402.4103	85.7300	18.5000
409.1548	85.7100	18.7000
416.0123	85.7000	18.9000
422.9848	85.6900	19.1000
430.0741	85.6700	19.3000
437.2823	85.6700	19.6000
444.6112	85.6800	19.8000
452.0630	85.7000	20.1000
459.6397	85.7400	20.3000
467.3434	85.7700	20.4000
475.1762	85.8000	20.6000
483.1402	85.8300	20.6000
491.2378	85.8700	20.7000
499.4710	85.9100	20.7000
507.8423	85.9500	20.7000
516.3539	86.0000	20.7000
525.0081	86.0500	20.5000
533.8074	86.1100	20.5000
542.7541	86.1600	20.3000
551.8508	86.2200	20.1000
561.0999	86.2700	20.0000
570.5041	86.3100	19.7000
580.0659	86.3700	19.5000
589.7879	86.4100	19.1000
599.6729	86.4600	18.8000
609.7236	86.5000	18.3000
619.9427	86.5300	17.8000
630.3331	86.5500	17.3000
640.8976	86.5600	16.7000
651.6392	86.5500	16.0000
662.5609	86.5500	15.4000
673.6656	86.5300	14.7000
684.9564	86.5000	14.1000
696.4364	86.4500	13.5000
708.1088	86.4000	13.0000
719.9769	86.3300	12.6000
732.0439	86.2500	12.2000
744.3131	86.1700	12.0000
756.7880	86.0900	11.9000
769.4720	86.0100	11.9000
782.3685	85.9400	11.9000
795.4812	85.8800	12.1000
808.8137	85.8300	12.3000
822.3696	85.7900	12.6000
836.1527	85.7700	12.9000
850.1668	85.7700	13.1000
864.4158	85.7800	13.2000
878.9036	85.7900	13.3000
893.6343	85.8100	13.3000
908.6118	85.8200	13.2000
923.8404	85.8300	12.9000
939.3242	85.8200	12.6000
955.0675	85.7800	12.2000
971.0746	85.7200	11.8000
987.3501	85.6300	11.5000
1003.8983	85.5100	11.2000
1020.7239	85.3600	11.2000
1037.8315	85.1800	11.4000
1055.2258	85.0000	11.9000
1072.9116	84.8100	12.8000
1090.8939	84.6400	14.1000
1109.1775	84.5100	15.9000
1127.7676	84.4400	17.9000
1146.6693	84.4500	20.2000
1165.8877	84.5600	22.5000
1185.4283	84.7500	24.7000
1205.2964	85.0200	26.5000
1225.4974	85.3500	27.9000
1246.0371	85.7200	28.7000
1266.9209	86.0900	29.0000
1288.1549	86.4600	28.8000
1309.7446	86.7900	28.2000
1331.6963	87.0900	27.2000
1354.0158	87.3400	25.9000
1376.7095	87.5400	24.5000
1399.7835	87.7000	23.0000
1423.2442	87.8100	21.5000
1447.0981	87.8900	20.0000
1471.3518	87.9500	18.5000
1496.0120	87.9900	17.1000
1521.0856	88.0100	15.8000
1546.5793	88.0100	14.5000
1572.5004	88.0000	13.1000
1598.8559	87.9800	11.8000
1625.6531	87.9300	10.4000
1652.8994	87.8500	9.1000
1680.6024	87.7500	7.9000
1708.7697	87.6300	6.8000
1737.4091	87.5000	5.9000
1766.5285	87.3900	5.1000
1796.1360	87.2800	4.3000
1826.2397	87.1900	3.5000
1856.8479	87.0900	2.5000
1887.9691	86.9600	1.3000
1919.6120	86.7800	-0.1000
1951.7851	86.5100	-1.3000
1984.4975	86.1700	-2.1000
2017.7582	85.8000	-2.3000
2051.5763	85.4500	-1.7000
2085.9612	85.1800	-0.6000
2120.9224	85.0100	0.6000
2156.4696	84.9000	1.5000
2192.6126	84.7900	2.0000
2229.3613	84.6300	2.4000
2266.7259	84.4300	3.2000
2304.7168	84.2500	4.7000
2343.3444	84.1900	6.8000
2382.6195	84.3000	8.6000
2422.5528	84.5200	9.5000
2463.1553	84.7200	9.3000
2504.4384	84.8200	8.4000
2546.4134	84.8000	7.5000
2589.0919	84.7200	7.1000
2632.4858	84.6900	7.1000
2676.6069	84.7400	6.8000
2721.4674	84.8100	5.8000
2767.0799	84.7800	4.0000
2813.4568	84.6100	2.1000
2860.6111	84.2900	0.6000
2908.5556	83.9300	0.1000
2957.3037	83.6200	0.2000
3006.8689	83.3900	0.5000
3057.2647	83.1800	0.4000
3108.5052	82.9200	0.2000
3160.6045	82.5900	0.2000
3213.5770	82.2500	0.7000
3267.4374	81.9700	1.7000
3322.2004	81.7600	2.6000
3377.8813	81.5700	2.9000
3434.4954	81.2700	2.6000
3492.0584	80.7700	2.7000
3550.5862	80.1200	4.2000
3610.0949	79.5000	7.9000
3670.6009	79.1800	13.3000
3732.1211	79.2400	18.7000
3794.6724	79.5400	23.0000
3858.2720	79.9700	25.9000
3922.9376	80.4800	27.4000
3988.6870	80.9400	27.1000
4055.5384	81.2500	25.9000
4123.5102	81.4100	24.5000
4192.6212	81.5600	23.3000
4262.8906	81.7400	21.2000
4334.3377	81.8000	17.5000
4406.9822	81.5100	13.0000
4480.8443	80.8200	9.5000
4555.9444	79.9000	8.3000
4632.3031	78.9900	9.6000
4709.9417	78.2500	12.8000
4788.8814	77.7500	17.0000
4869.1443	77.5000	21.5000
4950.7523	77.4300	25.6000
5033.7281	77.4900	29.3000
5118.0947	77.7200	32.7000
5203.8752	78.1700	34.7000
5291.0934	78.6500	34.2000
5379.7734	78.9100	31.8000
5469.9397	78.8700	28.7000
5561.6173	78.5700	25.7000
5654.8313	78.0400	23.4000
5749.6077	77.3100	22.5000
5845.9725	76.5600	23.3000
5943.9525	75.8000	25.5000
6043.5746	75.1300	29.8000
6144.8664	74.7800	35.9000
6247.8558	74.8300	42.3000
6352.5714	75.2900	47.8000
6459.0421	76.0500	51.0000
6567.2972	76.8600	51.4000
6677.3667	77.5500	49.5000
6789.2810	77.9700	46.2000
6903.0710	78.1400	43.0000
7018.7682	78.2100	40.3000
7136.4045	78.2500	38.1000
7256.0123	78.3500	36.4000
7377.6249	78.5900	34.4000
7501.2757	78.9000	31.2000
7626.9989	79.1900	27.3000
7754.8293	79.5700	23.3000
7884.8021	80.2900	17.2000
8016.9533	80.9600	6.2000
8151.3194	81.1000	-8.9000
8287.9375	80.2200	-26.6000
8426.8454	78.0600	-42.0000
8568.0814	74.9900	-48.7000
8711.6845	72.1500	-44.5000
8857.6945	70.5700	-33.7000
9006.1516	70.3900	-22.0000
9157.0969	71.1700	-14.8000
9310.5721	72.3200	-9.8000
9466.6196	74.3800	-10.1000
9625.2825	76.1400	-21.0000
9786.6046	76.4700	-35.3000
9950.6305	75.8000	-44.7000
10117.4050	75.2400	-46.3000
10286.9760	75.7900	-45.3000
10459.3880	77.1500	-49.7000
10634.6900	78.2500	-61.0000
10812.9300	78.5100	-74.6000
10994.1570	78.1700	-86.0000
11178.4220	77.7600	-94.7000
11365.7750	77.4200	-102.8000
11556.2680	77.1800	-111.3000
11749.9540	76.8000	-123.3000
11946.8860	75.6000	-137.0000
12147.1190	73.4900	-148.3000
12350.7080	70.7100	-153.9000
12557.7080	67.8400	-151.3000
12768.1790	65.5800	-142.5000
12982.1770	64.0200	-131.2000
13199.7610	62.9700	-117.5000
13420.9920	62.9100	-101.4000
13645.9310	64.0000	-90.1000
13874.6410	65.4600	-86.2000
14107.1830	66.6800	-90.9000
14343.6230	66.4100	-100.4000
14584.0250	65.2700	-103.1000
14828.4570	64.3000	-102.8000
15076.9860	62.9700	-99.4000
15329.6800	62.0700	-86.9000
15586.6090	63.4200	-76.2000
15847.8440	64.9900	-80.5000
16113.4580	65.1700	-90.4000
16383.5240	64.2200	-98.2000
16658.1150	62.6100	-100.2000
16937.3100	61.0100	-95.2000
17221.1830	60.3700	-84.1000
17509.8140	61.3800	-77.9000
17803.2830	62.2200	-82.7000
18101.6700	61.6400	-91.4000
18405.0590	60.0400	-91.1000
18713.5320	59.3800	-88.5000
19027.1760	57.9600	-86.8000
19346.0760	57.0900	-72.8000
19670.3210	58.0000	-61.0000
20000.0000	58.6300	-56.0000