19.8660	76.1800	83.4000
20.1989	76.3500	83.3000
20.5375	76.5600	83.2000
20.8817	76.8300	83.1000
21.2317	77.1300	83.0000
21.5875	77.3900	82.9000
21.9493	77.5300	82.7000
22.3172	77.5800	82.6000
22.6913	77.5800	82.5000
23.0716	77.5800	82.4000
23.4583	77.6100	82.2000
23.8514	77.7400	82.1000
24.2512	77.9500	81.9000
24.6576	78.2100	81.8000
25.0709	78.4600	81.6000
25.4911	78.7000	81.5000
25.9183	78.9000	81.3000
26.3527	79.0200	81.2000
26.7944	79.0700	81.1000
27.2435	79.0900	80.9000
27.7001	79.1400	80.8000
28.1644	79.2700	80.7000
28.6364	79.5200	80.6000
29.1164	79.8000	80.4000
29.6044	80.0500	80.2000
30.1005	80.2500	80.0000
30.6050	80.4100	79.8000
31.1180	80.5300	79.7000
31.6395	80.6400	79.5000
32.1698	80.7900	79.3000
32.7090	81.0300	79.1000
33.2572	81.3500	79.0000
33.8146	81.6700	78.8000
34.3813	81.9500	78.6000
34.9576	82.1800	78.4000
35.5435	82.3800	78.2000
36.1392	82.5700	78.1000
36.7449	82.8000	77.9000
37.3607	83.0900	77.7000
37.9869	83.3900	77.4000
38.6236	83.6600	77.2000
39.2709	83.8100	77.0000
39.9291	83.7900	76.8000
40.5983	83.6700	76.6000
41.2788	83.6200	76.3000
41.9706	83.6900	76.1000
42.6741	83.8700	75.9000
43.3893	84.0900	75.6000
44.1165	84.2300	75.5000
44.8559	84.2800	75.2000
45.6077	84.3200	74.9000
46.3721	84.3900	74.7000
47.1493	84.4600	74.4000
47.9395	84.5000	74.2000
48.7430	84.4900	73.9000
49.5600	84.4700	73.6000
50.3906	84.4900	73.4000
51.2351	84.5600	73.1000
52.0939	84.6200	72.9000
52.9670	84.6600	72.6000
53.8547	84.7000	72.3000
54.7573	84.8100	72.0000
55.6751	85.0100	71.6000
56.6082	85.2200	71.3000
57.5570	85.4200	71.0000
58.5216	85.6100	70.7000
59.5025	85.7900	70.4000
60.4997	85.9800	70.2000
61.5137	86.1500	69.8000
62.5447	86.2700	69.5000
63.5930	86.3500	69.2000
64.6588	86.4300	68.8000
65.7425	86.5200	68.4000
66.8444	86.6000	68.0000
67.9647	86.6500	67.7000
69.1038	86.6600	67.4000
70.2620	86.7000	67.0000
71.4396	86.7700	66.6000
72.6370	86.8400	66.2000
73.8544	86.8900	65.8000
75.0922	86.9700	65.4000
76.3508	87.1000	65.1000
77.6304	87.2300	64.7000
78.9315	87.3200	64.3000
80.2544	87.4000	63.8000
81.5995	87.5300	63.4000
82.9672	87.6400	62.9000
84.3577	87.6900	62.6000
85.7716	87.7700	62.1000
87.2091	87.9000	61.7000
88.6707	88.0000	61.2000
90.1569	88.0600	60.7000
91.6680	88.1400	60.3000
93.2043	88.2500	59.8000
94.7665	88.3300	59.3000
96.3548	88.4000	58.8000
97.9697	88.4600	58.3000
99.6117	88.4900	57.9000
101.2812	88.4900	57.4000
102.9787	88.5200	56.8000
104.7047	88.5500	56.3000
106.4595	88.5600	55.7000
108.2438	88.6000	55.3000
110.0580	88.6700	54.7000
111.9026	88.7400	54.2000
113.7781	88.8400	53.6000
115.6851	88.9300	53.1000
117.6240	89.0100	52.5000
119.5954	89.0500	51.9000
121.5998	88.9800	51.3000
123.6379	88.8200	50.8000
125.7101	88.7500	50.1000
127.8170	88.7300	49.5000
129.9592	88.7200	48.9000
132.1374	88.7300	48.3000
134.3520	88.7500	47.7000
136.6038	88.7600	47.0000
138.8933	88.8100	46.5000
141.2212	88.8600	45.8000
143.5881	88.9100	45.1000
145.9947	88.9500	44.5000
148.4416	89.0000	43.9000
150.9295	89.0400	43.2000
153.4591	89.0500	42.5000
156.0312	89.0500	41.9000
158.6463	89.0500	41.2000
161.3052	89.0200	40.4000
164.0087	88.9800	39.8000
166.7576	88.9200	39.1000
169.5525	88.8800	38.4000
172.3942	88.8800	37.8000
175.2836	88.9200	37.0000
178.2214	88.9800	36.3000
181.2084	89.0200	35.7000
184.2455	89.0500	34.9000
187.3335	89.0900	34.3000
190.4733	89.1300	33.6000
193.6656	89.1700	32.8000
196.9115	89.1900	32.2000
200.2118	89.1700	31.5000
203.5674	89.1600	30.9000
206.9792	89.1700	30.1000
210.4483	89.1700	29.5000
213.9754	89.1700	28.8000
217.5617	89.1800	28.1000
221.2081	89.2200	27.5000
224.9156	89.2700	26.8000
228.6852	89.3100	26.3000
232.5181	89.3100	25.6000
236.4151	89.2900	25.1000
240.3775	89.2500	24.4000
244.4063	89.2100	23.9000
248.5026	89.1600	23.3000
252.6676	89.1500	22.9000
256.9023	89.1300	22.4000
261.2081	89.0700	21.9000
265.5860	89.0200	21.4000
270.0373	88.9900	21.1000
274.5632	88.9900	20.8000
279.1649	88.9900	20.4000
283.8438	88.9800	20.1000
288.6011	88.9500	19.8000
293.4381	88.9100	19.6000
298.3562	88.8700	19.4000
303.3567	88.8700	19.3000
308.4410	88.9100	19.2000
313.6106	88.9400	19.2000
318.8668	88.9100	19.1000
324.2111	88.8100	19.1000
329.6449	88.7000	19.2000
335.1698	88.6300	19.3000
340.7874	88.6000	19.5000
346.4991	88.5900	19.7000
352.3065	88.5600	19.8000
358.2112	88.5400	20.1000
364.2149	88.5200	20.4000
370.3193	88.5100	20.7000
376.5259	88.4800	21.0000
382.8366	88.4400	21.3000
389.2530	88.4200	21.7000
395.7770	88.4200	22.0000
402.4103	88.4500	22.4000
409.1548	88.4500	22.7000
416.0123	88.4900	22.9000
422.9848	88.4700	23.2000
430.0741	88.5100	23.6000
437.2823	88.4400	23.9000
444.6112	88.7100	24.1000
452.0630	88.2800	24.2000
459.6397	88.1900	24.3000
467.3434	88.2900	24.4000
475.1762	88.3700	24.5000
483.1402	88.4000	24.5000
491.2378	88.4300	24.4000
499.4710	88.4600	24.4000
507.8423	88.4800	24.3000
516.3539	88.5000	24.3000
525.0081	88.5200	24.2000
533.8074	88.5300	24.0000
542.7541	88.5400	23.9000
551.8508	88.5400	23.8000
561.0999	88.5300	23.7000
570.5041	88.5200	23.6000
580.0659	88.5000	23.6000
589.7879	88.4800	23.5000
599.6729	88.4500	23.5000
609.7236	88.4200	23.5000
619.9427	88.3800	23.6000
630.3331	88.3400	23.7000
640.8976	88.2900	23.9000
651.6392	88.2400	24.1000
662.5609	88.2000	24.4000
673.6656	88.1500	24.8000
684.9564	88.1000	25.3000
696.4364	88.0700	25.7000
708.1088	88.0400	26.4000
719.9769	88.0100	27.1000
732.0439	88.0100	27.9000
744.3131	88.0100	28.6000
756.7880	88.0400	29.5000
769.4720	88.0900	30.3000
782.3685	88.1600	31.2000
795.4812	88.2600	32.0000
808.8137	88.3700	32.6000
822.3696	88.5000	33.2000
836.1527	88.6500	33.6000
850.1668	88.8100	33.8000
864.4158	88.9600	33.8000
878.9036	89.1100	33.6000
893.6343	89.2500	33.2000
908.6118	89.3600	32.6000
923.8404	89.4600	31.8000
939.3242	89.5200	31.0000
955.0675	89.5300	30.1000
971.0746	89.5100	29.2000
987.3501	89.4400	28.3000
1003.8983	89.3400	27.6000
1020.7239	89.1900	27.2000
1037.8315	89.0200	27.0000
1055.2258	88.8400	27.2000
1072.9116	88.6700	27.8000
1090.8939	88.5200	28.9000
1109.1775	88.4200	30.3000
1127.7676	88.4100	31.8000
1146.6693	88.4600	33.4000
1165.8877	88.5900	34.7000
1185.4283	88.7600	35.6000
1205.2964	88.9600	36.1000
1225.4974	89.1600	36.1000
1246.0371	89.3300	35.7000
1266.9209	89.4400	35.1000
1288.1549	89.5100	34.2000
1309.7446	89.5200	33.4000
1331.6963	89.4700	32.6000
1354.0158	89.4000	32.2000
1376.7095	89.3100	32.1000
1399.7835	89.2300	32.3000
1423.2442	89.1800	32.7000
1447.0981	89.1800	33.1000
1471.3518	89.2100	33.3000
1496.0120	89.2800	33.4000
1521.0856	89.3600	33.0000
1546.5793	89.4000	32.3000
1572.5004	89.3800	31.4000
1598.8559	89.3200	30.3000
1625.6531	89.1800	29.3000
1652.8994	88.9800	28.6000
1680.6024	88.7500	28.3000
1708.7697	88.5100	28.5000
1737.4091	88.3000	29.1000
1766.5285	88.1500	29.9000
1796.1360	88.0600	30.7000
1826.2397	88.0200	31.2000
1856.8479	87.9900	31.2000
1887.9691	87.9300	30.7000
1919.6120	87.7700	30.0000
1951.7851	87.4800	29.2000
1984.4975	87.0800	29.0000
2017.7582	86.6100	29.9000
2051.5763	86.1500	32.0000
2085.9612	85.8300	35.2000
2120.9224	85.7400	38.7000
2156.4696	85.8400	41.6000
2192.6126	85.9900	43.3000
2229.3613	86.0600	44.1000
2266.7259	85.9900	44.8000
2304.7168	85.8200	46.3000
2343.3444	85.6900	49.1000
2382.6195	85.7800	52.6000
2422.5528	86.1100	55.4000
2463.1553	86.5400	56.7000
2504.4384	86.9000	56.8000
2546.4134	87.1000	56.5000
2589.0919	87.2200	56.6000
2632.4858	87.4200	57.3000
2676.6069	87.7800	57.6000
2721.4674	88.2100	56.4000
2767.0799	88.4800	53.6000
2813.4568	88.4200	50.4000
2860.6111	88.0600	49.2000
2908.5556	87.8100	51.7000
2957.3037	88.3300	55.8000
3006.8689	89.6100	55.9000
3057.2647	90.9300	49.3000
3108.5052	91.7300	37.9000
3160.6045	91.7800	23.6000
3213.5770	90.9800	8.7000
3267.4374	89.2300	-5.1000
3322.2004	86.5000	-14.6000
3377.8813	82.9500	-15.1000
3434.4954	79.8200	-0.4000
3492.0584	79.3700	21.2000
3550.5862	80.7200	32.1000
3610.0949	81.9800	32.4000
3670.6009	82.4500	27.4000
3732.1211	81.9900	22.1000
3794.6724	81.0300	21.6000
3858.2720	80.6400	25.6000
3922.9376	80.9900	26.4000
3988.6870	80.9800	22.6000
4055.5384	80.3500	20.4000
4123.5102	80.0600	22.8000
4192.6212	80.6900	21.8000
4262.8906	80.9400	13.0000
4334.3377	79.8500	2.7000
4406.9822	77.5000	1.5000
4480.8443	76.5100	15.7000
4555.9444	78.1200	21.3000
4632.3031	78.8500	12.9000
4709.9417	77.2300	6.4000
4788.8814	75.2400	30.4000
4869.1443	80.3800	49.8000
4950.7523	84.7300	34.9000
5033.7281	86.7100	12.5000
5118.0947	87.0500	-8.3000
5203.8752	86.5600	-23.5000
5291.0934	86.0200	-34.3000
5379.7734	85.5200	-43.6000
5469.9397	84.9000	-51.7000
5561.6173	84.1400	-58.5000
5654.8313	83.1300	-62.9000
5749.6077	82.2000	-62.3000
5845.9725	82.1100	-59.0000
5943.9525	82.8500	-59.0000
6043.5746	83.5600	-65.9000
6144.8664	83.2200	-77.1000
6247.8558	81.5400	-83.9000
6352.5714	79.7800	-78.4000
6459.0421	79.9400	-68.0000
6567.2972	81.2000	-67.1000
6677.3667	81.7600	-74.9000
6789.2810	81.0400	-82.5000
6903.0710	79.9700	-83.8000
7018.7682	79.4200	-83.0000
7136.4045	79.0600	-84.1000
7256.0123	78.3500	-87.0000
7377.6249	77.2900	-87.8000
7501.2757	76.2200	-87.1000
7626.9989	75.2600	-84.0000
7754.8293	74.4900	-83.5000
7884.8021	72.8400	-79.1000
8016.9533	72.5300	-70.1000
8151.3194	71.8000	-68.4000
8287.9375	70.9500	-57.1000
8426.8454	72.1300	-50.8000
8568.0814	72.8000	-59.5000
8711.6845	70.9500	-72.8000
8857.6945	67.0700	-71.3000
9006.1516	63.4100	-54.2000
9157.0969	62.8900	-10.0000
9310.5721	67.8700	4.5000
9466.6196	68.9400	-7.2000
9625.2825	71.3500	5.1000
9786.6046	73.6000	-30.6000
9950.6305	64.9100	-51.3000
10117.4050	71.2800	-1.5000
10286.9760	71.9300	-37.3000
10459.3880	70.9500	-42.4000
10634.6900	72.6200	-61.0000
10812.9300	70.6500	-99.8000
10994.1570	67.7700	-113.7000
11178.4220	65.2300	-140.3000
11365.7750	63.7300	-155.1000
11556.2680	59.7800	-177.9000
11749.9540	60.4400	174.5000
11946.8860	58.4700	140.2000
12147.1190	55.1700	119.1000
12350.7080	53.8200	93.1000
12557.7080	53.6100	40.8000
12768.1790	53.1400	-14.8000
12982.1770	55.3700	-60.8000
13199.7610	56.8800	-97.9000
13420.9920	58.0800	-142.9000
13645.9310	51.4700	152.2000
13874.6410	39.3600	169.2000
14107.1830	45.3200	-68.8000
14343.6230	51.1200	-96.7000
14584.0250	52.5700	-99.3000
14828.4570	52.6100	-120.2000
15076.9860	58.0200	-135.2000
15329.6800	55.9200	174.1000
15586.6090	51.9200	135.2000
15847.8440	47.9500	73.3000
16113.4580	42.5300	-10.6000
16383.5240	44.5400	-17.8000
16658.1150	47.5000	-31.7000
16937.3100	43.5100	-14.1000
17221.1830	47.4100	-57.6000
17509.8140	33.5400	-40.5000
17803.2830	43.2900	36.6000
18101.6700	45.3700	16.6000
18405.0590	44.7500	37.7000
18713.5320	45.1100	29.7000
19027.1760	41.4500	62.4000
19346.0760	50.1300	107.2000
19670.3210	49.6200	56.0000