19.86599	83.48	49
20.19895	83.68	49.3
20.53749	83.85	49.6
20.8817	84	49.9
21.23169	84.13	50.3
21.58753	84.24	50.6
21.94935	84.33	50.9
22.31722	84.41	51.2
22.69126	84.48	51.4
23.07158	84.55	51.7
23.45826	84.65	52
23.85143	84.79	52.3
24.25118	84.97	52.5
24.65764	85.14	52.9
25.07091	85.27	53.1
25.4911	85.36	53.4
25.91834	85.45	53.6
26.35274	85.54	53.8
26.79441	85.66	54.1
27.2435	85.8	54.3
27.7001	85.95	54.6
28.16436	86.1	54.8
28.63641	86.24	55
29.11636	86.37	55.1
29.60436	86.48	55.3
30.10053	86.57	55.6
30.60502	86.68	55.8
31.11797	86.82	55.9
31.63952	87.01	56.1
32.1698	87.18	56.3
32.70898	87.33	56.4
33.25719	87.44	56.6
33.81459	87.56	56.7
34.38133	87.68	56.8
34.95757	87.82	56.9
35.54346	88.01	57.1
36.13918	88.24	57.3
36.74488	88.46	57.4
37.36074	88.64	57.4
37.98691	88.8	57.5
38.62358	88.95	57.6
39.27092	89.12	57.7
39.92911	89.31	57.7
40.59833	89.5	57.9
41.27877	89.67	57.9
41.97061	89.8	58
42.67405	89.87	58
43.38928	89.89	58
44.11649	89.86	58
44.8559	89.75	58
45.60769	89.63	58
46.37209	89.55	58.1
47.1493	89.53	58.1
47.93953	89.55	58.1
48.74301	89.62	58
49.55995	89.71	58
50.39059	89.78	58
51.23515	89.83	57.9
52.09386	89.86	57.9
52.96697	89.87	57.9
53.85471	89.87	57.8
54.75733	89.87	57.7
55.67507	89.87	57.6
56.6082	89.9	57.5
57.55697	90.02	57.5
58.52164	90.18	57.3
59.50247	90.28	57.2
60.49975	90.3	57.1
61.51374	90.3	56.9
62.54472	90.36	56.8
63.59299	90.47	56.7
64.65882	90.54	56.5
65.74252	90.58	56.3
66.84438	90.68	56.1
67.96471	90.82	56
69.10382	90.93	55.8
70.26201	91.02	55.6
71.43962	91.13	55.4
72.63697	91.25	55.1
73.85438	91.33	55
75.0922	91.4	54.7
76.35076	91.48	54.5
77.63042	91.59	54.2
78.93152	91.67	54.1
80.25443	91.74	53.8
81.59952	91.85	53.4
82.96715	91.96	53.1
84.3577	92	52.9
85.77155	92.02	52.6
87.2091	92.05	52.3
88.67075	92.06	51.9
90.15689	92.07	51.7
91.66795	92.13	51.3
93.20432	92.24	50.9
94.76645	92.35	50.7
96.35476	92.41	50.3
97.96969	92.42	49.9
99.61168	92.37	49.5
101.2812	92.29	49.1
102.9787	92.25	48.7
104.70465	92.23	48.3
106.45952	92.27	47.9
108.24381	92.34	47.5
110.058	92.4	47.1
111.9026	92.47	46.7
113.77812	92.58	46.2
115.68507	92.65	45.7
117.62398	92.74	45.3
119.59538	92.73	44.8
121.59983	92.51	44.4
123.63787	92.27	43.9
125.71007	92.13	43.4
127.81701	92.06	42.9
129.95925	92.05	42.4
132.1374	92.04	41.8
134.35205	92.03	41.4
136.60383	92.05	40.8
138.89334	92.1	40.3
141.22123	92.16	39.8
143.58813	92.19	39.3
145.9947	92.23	38.7
148.44161	92.29	38.2
150.92953	92.34	37.6
153.45914	92.36	37
156.03116	92.37	36.4
158.64628	92.36	35.8
161.30523	92.29	35.3
164.00874	92.18	34.7
166.75757	92.08	34.1
169.55247	91.99	33.5
172.39421	91.94	33
175.28358	91.94	32.3
178.22137	91.98	31.8
181.2084	92.02	31.2
184.2455	92.08	30.6
187.3335	92.16	30.1
190.47326	92.27	29.5
193.66564	92.37	28.9
196.91152	92.41	28.4
200.2118	92.39	27.8
203.5674	92.33	27.3
206.97924	92.29	26.7
210.44827	92.27	26.2
213.97543	92.25	25.7
217.56171	92.27	25.2
221.2081	92.38	24.7
224.9156	92.51	24.3
228.68524	92.54	23.8
232.51806	92.47	23.4
236.41512	92.37	23
240.3775	92.31	22.6
244.40628	92.21	22.2
248.50259	92.14	21.9
252.66756	92.12	21.6
256.90233	92.11	21.4
261.20807	92.08	21.1
265.58598	92.01	20.9
270.03727	91.96	20.7
274.56316	91.97	20.6
279.16491	92	20.6
283.84378	92.02	20.5
288.60107	92	20.5
293.43809	91.96	20.5
298.35619	91.95	20.6
303.35671	92	20.7
308.44104	92.07	20.8
313.61059	92.11	21
318.86678	92.08	21.3
324.21107	91.99	21.6
329.64492	91.87	21.9
335.16985	91.8	22.2
340.78738	91.76	22.5
346.49906	91.73	22.8
352.30647	91.69	23.2
358.21121	91.68	23.6
364.21492	91.71	24
370.31925	91.73	24.4
376.5259	91.74	24.7
382.83656	91.75	25.1
389.253	91.76	25.4
395.77697	91.77	25.7
402.41029	91.81	26
409.15479	91.88	26.3
416.01232	91.96	26.4
422.98479	92.03	26.6
430.07412	92.09	26.9
437.28226	92.06	27
444.61122	91.91	27.1
452.06302	91.69	27.3
459.6397	91.58	27.4
467.34338	91.57	27.5
475.17617	91.61	27.6
483.14023	91.63	27.7
491.23778	91.65	27.8
499.47105	91.67	27.9
507.84231	91.69	28
516.35387	91.72	28.1
525.00808	91.74	28.2
533.80735	91.76	28.3
542.75409	91.78	28.4
551.85078	91.81	28.5
561.09994	91.83	28.5
570.50411	91.86	28.5
580.0659	91.89	28.5
589.78794	91.92	28.5
599.67293	91.95	28.4
609.7236	91.97	28.3
619.94272	91.99	28.1
630.33311	92.01	27.9
640.89765	92.02	27.7
651.63925	92.02	27.4
662.56088	92.01	27.1
673.66556	91.99	26.7
684.95636	91.96	26.4
696.4364	91.91	26
708.10884	91.85	25.7
719.97692	91.77	25.4
732.04391	91.68	25.1
744.31315	91.58	24.9
756.78802	91.47	24.8
769.47197	91.35	24.8
782.36851	91.23	24.9
795.4812	91.1	25
808.81366	90.98	25.3
822.36957	90.86	25.6
836.15269	90.75	26
850.16681	90.64	26.5
864.41582	90.54	26.9
878.90364	90.44	27.3
893.63428	90.34	27.7
908.61181	90.24	28
923.84036	90.12	28.2
939.32415	89.98	28.5
955.06746	89.81	28.8
971.07462	89.61	29.2
987.35007	89.38	29.8
1003.8983	89.11	30.6
1020.7239	88.83	31.9
1037.8315	88.55	33.7
1055.2258	88.29	36
1072.9116	88.09	38.9
1090.8939	87.99	42.2
1109.1775	88	45.7
1127.7676	88.14	49
1146.6693	88.4	52
1165.8877	88.74	54.3
1185.4283	89.12	55.9
1205.2964	89.51	56.6
1225.4974	89.87	56.7
1246.0371	90.17	56.2
1266.9209	90.4	55.3
1288.1549	90.55	54.1
1309.7446	90.62	53
1331.6963	90.63	51.9
1354.0158	90.58	50.9
1376.7095	90.5	50.2
1399.7835	90.4	49.8
1423.2442	90.31	49.5
1447.0981	90.22	49.2
1471.3518	90.15	49
1496.012	90.07	48.6
1521.0856	89.98	48
1546.5793	89.86	47.2
1572.5004	89.69	46.3
1598.8559	89.46	45.4
1625.6531	89.17	44.7
1652.8994	88.83	44.2
1680.6024	88.46	44.1
1708.7697	88.08	44.2
1737.4091	87.71	44.7
1766.5285	87.35	45.4
1796.136	87.01	46.2
1826.2397	86.67	46.9
1856.8479	86.32	47.6
1887.9691	85.94	48.3
1919.612	85.52	49.1
1951.7851	85.08	50.2
1984.4975	84.61	51.6
2017.7582	84.15	53.4
2051.5763	83.71	55.4
2085.9612	83.29	57.7
2120.9224	82.88	60.2
2156.4696	82.5	62.9
2192.6126	82.15	66
2229.3613	81.89	69.4
2266.7259	81.76	72.7
2304.7168	81.76	75.3
2343.3444	81.79	76.7
2382.6195	81.75	77
2422.5528	81.53	76.5
2463.1553	81.11	76.2
2504.4384	80.57	76.8
2546.4134	80.04	78.4
2589.0919	79.65	80.6
2632.4858	79.4	82.1
2676.6069	79.16	82.2
2721.4674	78.77	81.3
2767.0799	78.15	80.2
2813.4568	77.36	79.5
2860.6111	76.48	79.6
2908.5556	75.56	80.1
2957.3037	74.52	80.8
3006.8689	73.26	82.7
3057.2647	71.9	88.1
3108.5052	71.09	98.1
3160.6045	71.47	108.3
3213.577	72.73	112.2
3267.4374	74.02	109.4
3322.2004	74.91	102.1
3377.8813	75.37	93.4
3434.4954	75.55	85.3
3492.0584	75.63	79.3
3550.5862	75.89	76.2
3610.0949	76.65	75.5
3670.6009	77.99	74.9
3732.1211	79.53	73.2
3794.6724	81.09	73.8
3858.272	83.55	78.2
3922.9376	87.56	77.7
3988.687	91.89	64.7
4055.5384	95.3	42
4123.5102	97.38	14.4
4192.6212	98.05	-14.6
4262.8906	97.42	-41.8
4334.3377	95.6	-64.2
4406.9822	93.05	-79.3
4480.8443	90.38	-87
4555.9444	87.79	-89.9
4632.3031	85	-86.8
4709.9417	83.03	-72.1
4788.8814	83.65	-58
4869.1443	84.79	-58.3
4950.7523	84.58	-65.1
5033.7281	83.05	-67.6
5118.0947	81.49	-60.8
5203.8752	81.07	-49.6
5291.0934	81.66	-40.7
5379.7734	82.79	-38
5469.9397	83.62	-42.2
5561.6173	83.56	-49.5
5654.8313	82.61	-55.4
5749.6077	81.16	-56.8
5845.9725	79.69	-52.9
5943.9525	78.84	-44
6043.5746	79.08	-35.1
6144.8664	80	-31.8
6247.8558	80.76	-35
6352.5714	80.72	-41.8
6459.0421	79.74	-46.7
6567.2972	78.63	-44.7
6677.3667	78.61	-40
6789.281	79.27	-41.8
6903.071	79.38	-50.1
7018.7682	78.43	-59
7136.4045	76.76	-63.6
7256.0123	75.05	-62.3
7377.6249	73.9	-56.6
7501.2757	73.65	-51.3
7626.9989	73.68	-51.3
7754.8293	73.11	-53.8
7884.8021	72.12	-54
8016.9533	71.25	-50.9
8151.3194	70.87	-46.3
8287.9375	71.04	-44.4
8426.8454	70.99	-47.6
8568.0814	70.03	-51.4
8711.6845	68.57	-49.3
8857.6945	67.89	-41.7
9006.1516	68.04	-35.3
9157.0969	69.13	-31.7
9310.5721	70.64	-38.6
9466.6196	71.11	-51.4
9625.2825	71.23	-63.7
9786.6046	71.16	-80.8
9950.6305	69.79	-100.9
10117.405	67.24	-114.4
10286.976	65.05	-118.2
10459.388	64.76	-121.1
10634.69	65.9	-147.1
10812.93	65.37	154.5
10994.157	61.6	28.5
11178.422	58.26	-145.1
11365.775	55.44	63.9
11556.268	55.41	-45.5
11749.954	56.16	-86.8
11946.886	58.6	-112.3
12147.119	59.81	-17.6
12350.708	55.48	111.8
12557.708	51.32	17.2
12768.179	53.24	-55.8
12982.177	53.93	-92.5
13199.761	54.83	-100.2
13420.992	55.67	-108.9
13645.931	57.12	-109.7
13874.641	58.6	-130.4
14107.183	57.64	-149.7
14343.623	58.04	174.3
14584.025	55.69	103.6
14828.457	54.42	2.2
15076.986	57.85	-88.4
15329.68	59.6	-158
15586.609	59.02	147.5
15847.844	56.2	63.2
16113.458	54.27	-51
16383.524	55.22	-127.5
16658.115	55.45	73.9
16937.31	54.24	-97.6
17221.183	53.35	51.3
17509.814	54.01	128.6
17803.283	56.31	92.4
18101.67	56.96	32.5
18405.059	53.18	-84.1
18713.532	48.48	114.9
19027.176	47.28	-74.2
19346.076	49.79	62.5
19670.321	53.69	73
20000	54.25	44.4
