19.8660	61.2300	125.0000
20.1989	61.2800	124.5000
20.5375	61.3800	123.9000
20.8817	61.6200	123.3000
21.2317	61.9700	122.8000
21.5875	62.3100	122.2000
21.9493	62.5400	121.6000
22.3172	62.6300	121.1000
22.6913	62.6600	120.5000
23.0716	62.6800	119.9000
23.4583	62.7200	119.4000
23.8514	62.8100	118.8000
24.2512	62.9700	118.3000
24.6576	63.1900	117.7000
25.0709	63.4700	117.2000
25.4911	63.8100	116.6000
25.9183	64.2000	116.1000
26.3527	64.6000	115.5000
26.7944	64.9900	114.9000
27.2435	65.3600	114.4000
27.7001	65.7500	113.8000
28.1644	66.1600	113.3000
28.6364	66.5900	112.7000
29.1164	67.0300	112.1000
29.6044	67.4700	111.6000
30.1005	67.9200	111.0000
30.6050	68.3700	110.5000
31.1180	68.8200	109.9000
31.6395	69.2600	109.4000
32.1698	69.6900	108.8000
32.7090	70.1000	108.3000
33.2572	70.5000	107.8000
33.8146	70.8800	107.3000
34.3813	71.2300	106.7000
34.9576	71.5500	106.1000
35.5435	71.8300	105.5000
36.1392	72.0800	105.0000
36.7449	72.3000	104.4000
37.3607	72.4900	103.9000
37.9869	72.6600	103.3000
38.6236	72.7900	102.8000
39.2709	72.8900	102.3000
39.9291	72.9500	101.8000
40.5983	72.9900	101.2000
41.2788	73.0300	100.7000
41.9706	73.0700	100.2000
42.6741	73.0900	99.7000
43.3893	73.1000	99.2000
44.1165	73.1100	98.6000
44.8559	73.1400	98.1000
45.6077	73.2100	97.6000
46.3721	73.3500	97.0000
47.1493	73.5200	96.5000
47.9395	73.7300	96.0000
48.7430	73.9400	95.5000
49.5600	74.1500	95.0000
50.3906	74.3500	94.5000
51.2351	74.5500	93.9000
52.0939	74.7600	93.4000
52.9670	74.9800	92.9000
53.8547	75.1800	92.3000
54.7573	75.3700	91.8000
55.6751	75.5700	91.3000
56.6082	75.8400	90.8000
57.5570	76.2200	90.3000
58.5216	76.7800	89.6000
59.5025	77.4000	89.1000
60.4997	77.5900	88.6000
61.5137	77.3700	88.1000
62.5447	77.2600	87.6000
63.5930	77.2400	87.1000
64.6588	77.1900	86.5000
65.7425	77.1000	86.0000
66.8444	77.0100	85.5000
67.9647	76.9400	84.9000
69.1038	76.9200	84.4000
70.2620	77.0300	83.8000
71.4396	77.2700	83.3000
72.6370	77.6200	82.8000
73.8544	78.0200	82.2000
75.0922	78.4400	81.7000
76.3508	78.8300	81.2000
77.6304	79.1800	80.6000
78.9315	79.4400	80.1000
80.2544	79.5700	79.5000
81.5995	79.5600	78.9000
82.9672	79.4000	78.3000
84.3577	79.1200	77.8000
85.7716	78.8000	77.2000
87.2091	78.5700	76.7000
88.6707	78.5600	76.1000
90.1569	78.8200	75.5000
91.6680	79.3300	74.9000
93.2043	79.9200	74.3000
94.7665	80.4100	73.8000
96.3548	80.6900	73.2000
97.9697	80.7300	72.6000
99.6117	80.6200	72.0000
101.2812	80.3600	71.4000
102.9787	80.0700	70.8000
104.7047	79.8500	70.2000
106.4595	79.8100	69.6000
108.2438	79.9400	69.0000
110.0580	80.2400	68.3000
111.9026	80.5900	67.7000
113.7781	80.9300	67.1000
115.6851	81.2200	66.5000
117.6240	81.4200	65.9000
119.5954	81.5000	65.3000
121.5998	81.4600	64.7000
123.6379	81.2500	64.0000
125.7101	80.9700	63.4000
127.8170	80.8400	62.6000
129.9592	80.9700	62.0000
132.1374	81.3400	61.4000
134.3520	81.7300	60.7000
136.6038	81.9000	60.1000
138.8933	81.8600	59.4000
141.2212	81.6600	58.7000
143.5881	81.5500	58.1000
145.9947	81.5800	57.4000
148.4416	81.7300	56.7000
150.9295	81.9000	56.0000
153.4591	82.0500	55.3000
156.0312	82.0800	54.6000
158.6463	82.0400	53.9000
161.3052	81.9700	53.2000
164.0087	81.8900	52.5000
166.7576	81.9200	51.8000
169.5525	82.1100	51.1000
172.3942	82.3200	50.5000
175.2836	82.3900	49.7000
178.2214	82.2600	49.0000
181.2084	82.1500	48.3000
184.2455	82.2100	47.6000
187.3335	82.3800	46.8000
190.4733	82.4900	46.2000
193.6656	82.5500	45.5000
196.9115	82.6000	44.7000
200.2118	82.6200	44.0000
203.5674	82.6300	43.3000
206.9792	82.7000	42.6000
210.4483	82.8000	41.9000
213.9754	82.8300	41.2000
217.5617	82.7900	40.5000
221.2081	82.8000	39.8000
224.9156	82.9000	39.1000
228.6852	82.9800	38.4000
232.5181	83.0000	37.8000
236.4151	82.9800	37.1000
240.3775	82.9700	36.5000
244.4063	82.9900	35.8000
248.5026	83.0100	35.2000
252.6676	83.0200	34.5000
256.9023	83.0400	34.0000
261.2081	83.0700	33.4000
265.5860	83.1000	32.8000
270.0373	83.1000	32.1000
274.5632	83.1000	31.6000
279.1649	83.1200	31.1000
283.8438	83.1600	30.6000
288.6011	83.1900	30.1000
293.4381	83.2000	29.5000
298.3562	83.2100	29.0000
303.3567	83.2300	28.6000
308.4410	83.2500	28.2000
313.6106	83.2700	27.7000
318.8668	83.2800	27.3000
324.2111	83.2700	27.0000
329.6449	83.2500	26.6000
335.1698	83.2400	26.3000
340.7874	83.2500	25.9000
346.4991	83.2500	25.6000
352.3065	83.2500	25.4000
358.2112	83.2600	25.1000
364.2149	83.2700	24.8000
370.3193	83.2800	24.6000
376.5259	83.2900	24.4000
382.8366	83.2800	24.1000
389.2530	83.2800	23.9000
395.7770	83.2900	23.7000
402.4103	83.3000	23.5000
409.1548	83.3000	23.3000
416.0123	83.2900	23.2000
422.9848	83.2800	23.0000
430.0741	83.3000	22.8000
437.2823	83.3200	22.6000
444.6112	83.3700	22.4000
452.0630	83.4400	22.1000
459.6397	83.4700	21.9000
467.3434	83.4800	21.8000
475.1762	83.4500	21.4000
483.1402	83.4500	21.2000
491.2378	83.4600	21.0000
499.4710	83.4700	20.6000
507.8423	83.4600	20.4000
516.3539	83.4600	20.0000
525.0081	83.4700	19.7000
533.8074	83.4700	19.3000
542.7541	83.5000	19.0000
551.8508	83.5200	18.6000
561.0999	83.5400	18.2000
570.5041	83.5700	17.8000
580.0659	83.5800	17.4000
589.7879	83.5900	17.0000
599.6729	83.6000	16.5000
609.7236	83.6000	16.0000
619.9427	83.5900	15.6000
630.3331	83.5700	15.1000
640.8976	83.5500	14.6000
651.6392	83.5100	14.2000
662.5609	83.4700	13.8000
673.6656	83.4200	13.5000
684.9564	83.3600	13.2000
696.4364	83.3000	13.0000
708.1088	83.2300	12.9000
719.9769	83.1600	12.9000
732.0439	83.1000	13.1000
744.3131	83.0500	13.3000
756.7880	83.0000	13.7000
769.4720	82.9800	14.1000
782.3685	82.9800	14.6000
795.4812	83.0000	15.1000
808.8137	83.0500	15.6000
822.3696	83.1200	16.0000
836.1527	83.2100	16.2000
850.1668	83.3200	16.4000
864.4158	83.4400	16.4000
878.9036	83.5600	16.1000
893.6343	83.6800	15.8000
908.6118	83.7800	15.2000
923.8404	83.8700	14.4000
939.3242	83.9400	13.6000
955.0675	83.9800	12.7000
971.0746	83.9900	11.7000
987.3501	83.9700	10.8000
1003.8983	83.9200	9.9000
1020.7239	83.8500	9.1000
1037.8315	83.7600	8.5000
1055.2258	83.6600	8.0000
1072.9116	83.5600	7.7000
1090.8939	83.4500	7.6000
1109.1775	83.3600	7.6000
1127.7676	83.2800	7.7000
1146.6693	83.2300	7.9000
1165.8877	83.1900	8.2000
1185.4283	83.1600	8.4000
1205.2964	83.1500	8.6000
1225.4974	83.1500	8.8000
1246.0371	83.1500	8.9000
1266.9209	83.1600	9.0000
1288.1549	83.1600	9.0000
1309.7446	83.1700	9.0000
1331.6963	83.1900	8.9000
1354.0158	83.2000	8.8000
1376.7095	83.2100	8.6000
1399.7835	83.2100	8.2000
1423.2442	83.1800	7.8000
1447.0981	83.1300	7.4000
1471.3518	83.0300	7.0000
1496.0120	82.9000	6.8000
1521.0856	82.7400	6.9000
1546.5793	82.5700	7.4000
1572.5004	82.4100	8.4000
1598.8559	82.3000	9.9000
1625.6531	82.2600	11.6000
1652.8994	82.3200	13.5000
1680.6024	82.4700	15.2000
1708.7697	82.7000	16.5000
1737.4091	82.9800	17.3000
1766.5285	83.2900	17.5000
1796.1360	83.5900	17.1000
1826.2397	83.8400	16.1000
1856.8479	84.0200	14.6000
1887.9691	84.0900	12.9000
1919.6120	84.0500	11.3000
1951.7851	83.9100	10.2000
1984.4975	83.7300	10.0000
2017.7582	83.5700	10.6000
2051.5763	83.5500	12.0000
2085.9612	83.6900	13.3000
2120.9224	83.9400	13.8000
2156.4696	84.2000	13.2000
2192.6126	84.3500	11.8000
2229.3613	84.3400	10.5000
2266.7259	84.2100	10.0000
2304.7168	84.1100	10.7000
2343.3444	84.1600	12.2000
2382.6195	84.4300	13.5000
2422.5528	84.8400	13.6000
2463.1553	85.2100	12.4000
2504.4384	85.4400	10.5000
2546.4134	85.5300	8.7000
2589.0919	85.5800	7.7000
2632.4858	85.7300	7.2000
2676.6069	86.0200	6.1000
2721.4674	86.3300	3.8000
2767.0799	86.5100	0.4000
2813.4568	86.4900	-3.5000
2860.6111	86.2700	-6.7000
2908.5556	85.9700	-8.9000
2957.3037	85.7400	-10.2000
3006.8689	85.6000	-11.4000
3057.2647	85.5000	-13.0000
3108.5052	85.3500	-15.2000
3160.6045	85.1000	-17.4000
3213.5770	84.7500	-19.2000
3267.4374	84.3500	-20.4000
3322.2004	83.9500	-21.0000
3377.8813	83.5800	-21.2000
3434.4954	83.2100	-21.1000
3492.0584	82.8200	-20.4000
3550.5862	82.4800	-19.0000
3610.0949	82.2800	-16.9000
3670.6009	82.2600	-15.1000
3732.1211	82.3000	-14.0000
3794.6724	82.3300	-13.3000
3858.2720	82.4000	-12.8000
3922.9376	82.5200	-12.8000
3988.6870	82.6000	-13.7000
4055.5384	82.5600	-14.8000
4123.5102	82.4600	-15.1000
4192.6212	82.5000	-15.2000
4262.8906	82.6700	-16.4000
4334.3377	82.7300	-19.3000
4406.9822	82.4700	-22.9000
4480.8443	81.9200	-25.4000
4555.9444	81.2600	-26.0000
4632.3031	80.6400	-25.0000
4709.9417	80.1200	-22.9000
4788.8814	79.7400	-19.9000
4869.1443	79.5600	-16.3000
4950.7523	79.5700	-12.7000
5033.7281	79.8100	-9.3000
5118.0947	80.3000	-7.1000
5203.8752	80.9100	-7.0000
5291.0934	81.3900	-9.1000
5379.7734	81.6700	-12.1000
5469.9397	81.7900	-15.4000
5561.6173	81.7900	-19.2000
5654.8313	81.5500	-23.5000
5749.6077	81.0400	-27.2000
5845.9725	80.3800	-29.4000
5943.9525	79.6500	-30.2000
6043.5746	78.8900	-29.3000
6144.8664	78.3500	-26.4000
6247.8558	78.0900	-23.3000
6352.5714	77.9900	-20.0000
6459.0421	78.2100	-17.0000
6567.2972	78.6100	-16.4000
6677.3667	78.8800	-17.6000
6789.2810	79.0500	-20.0000
6903.0710	78.9600	-23.8000
7018.7682	78.5400	-27.4000
7136.4045	77.8900	-30.1000
7256.0123	76.9900	-31.2000
7377.6249	76.0400	-29.3000
7501.2757	75.3100	-25.0000
7626.9989	74.9600	-19.3000
7754.8293	75.0300	-14.0000
7884.8021	75.3000	-10.3000
8016.9533	75.7000	-8.0000
8151.3194	76.1200	-7.8000
8287.9375	76.3800	-9.2000
8426.8454	76.3000	-11.4000
8568.0814	75.8500	-11.7000
8711.6845	75.4700	-8.8000
8857.6945	75.4300	-4.2000
9006.1516	75.8900	0.2000
9157.0969	76.6800	2.1000
9310.5721	77.5600	1.2000
9466.6196	78.2800	-3.1000
9625.2825	78.5100	-8.8000
9786.6046	78.3900	-14.5000
9950.6305	77.7000	-19.2000
10117.4050	76.7100	-16.5000
10286.9760	77.0900	-9.3000
10459.3880	78.4000	-8.8000
10634.6900	79.5400	-15.0000
10812.9300	80.0400	-25.2000
10994.1570	79.7700	-36.2000
11178.4220	78.8100	-44.9000
11365.7750	77.5400	-48.8000
11556.2680	76.7000	-47.8000
11749.9540	76.5800	-46.5000
11946.8860	77.0700	-49.0000
12147.1190	77.2600	-57.6000
12350.7080	76.5000	-67.8000
12557.7080	74.9000	-73.5000
12768.1790	73.4200	-72.2000
12982.1770	72.8200	-68.4000
13199.7610	73.0100	-66.0000
13420.9920	73.8300	-68.2000
13645.9310	74.4900	-78.1000
13874.6410	74.1600	-91.2000
14107.1830	73.3000	-101.4000
14343.6230	72.6200	-109.9000
14584.0250	72.2400	-121.4000
14828.4570	71.3000	-138.7000
15076.9860	69.1300	-155.6000
15329.6800	66.4700	-163.8000
15586.6090	64.9600	-166.3000
15847.8440	64.4400	-175.5000
16113.4580	63.7000	170.9000
16383.5240	62.4900	155.1000
16658.1150	61.0600	142.6000
16937.3100	60.0600	135.7000
17221.1830	59.9500	130.2000
17509.8140	60.1000	121.1000
17803.2830	59.8700	109.7000
18101.6700	59.1500	100.2000
18405.0590	58.4600	96.3000
18713.5320	58.0700	91.3000
19027.1760	57.1000	88.6000
19346.0760	57.2900	94.7000
19670.3210	58.3300	95.4000
20000.0000	58.7500	94.8000