14.9760	53.7500	-105.9000
15.2270	54.4900	-87.8000
15.4822	55.3300	-66.4000
15.7417	56.0300	-47.0000
16.0055	56.3900	-34.7000
16.2737	56.2200	-31.2000
16.5465	55.4500	-33.7000
16.8238	54.2400	-39.7000
17.1058	52.8900	-47.6000
17.3925	51.9200	-56.1000
17.6840	51.8900	-65.1000
17.9804	52.7800	-74.9000
18.2817	54.3800	-85.2000
18.5881	56.1100	-94.1000
18.8997	57.6400	-99.8000
19.2164	58.8600	-102.1000
19.5385	59.8700	-102.3000
19.8660	60.7500	-101.9000
20.1989	61.5200	-101.8000
20.5375	62.1700	-103.2000
20.8817	62.7500	-107.9000
21.2317	63.2500	-115.8000
21.5875	63.6000	-124.2000
21.9493	63.7100	-130.2000
22.3172	63.5700	-133.3000
22.6913	63.2000	-134.9000
23.0716	62.9300	-136.1000
23.4583	63.2000	-137.5000
23.8514	64.4000	-139.6000
24.2512	66.1000	-142.2000
24.6576	67.4500	-144.7000
25.0709	68.0800	-146.8000
25.4911	68.2000	-148.5000
25.9183	68.1800	-150.2000
26.3527	68.1400	-152.5000
26.7944	68.1400	-155.9000
27.2435	68.2100	-160.1000
27.7001	68.3800	-164.0000
28.1644	68.7800	-167.1000
28.6364	69.3800	-169.5000
29.1164	69.8400	-171.4000
29.6044	69.8700	-173.0000
30.1005	69.6200	-174.2000
30.6050	69.3600	-175.2000
31.1180	69.3800	-175.8000
31.6395	69.6600	-176.2000
32.1698	70.0800	-176.7000
32.7090	70.5800	-177.8000
33.2572	71.0600	14.4000
33.8146	71.4400	178.8000
34.3813	71.7100	175.9000
34.9576	71.9300	173.2000
35.5435	72.1300	171.0000
36.1392	72.3700	169.3000
36.7449	72.7000	167.6000
37.3607	73.1200	165.7000
37.9869	73.4800	164.0000
38.6236	73.7000	162.5000
39.2709	73.8800	160.9000
39.9291	74.1300	158.6000
40.5983	74.4600	155.5000
41.2788	74.7400	152.1000
41.9706	74.9000	148.9000
42.6741	74.9200	146.1000
43.3893	74.8500	143.5000
44.1165	74.8500	140.2000
44.8559	74.9400	136.5000
45.6077	74.9500	135.3000
46.3721	74.8700	137.2000
47.1493	74.9700	139.4000
47.9395	75.4100	139.8000
48.7430	75.8200	137.6000
49.5600	76.1000	133.8000
50.3906	76.3600	131.3000
51.2351	76.5900	130.2000
52.0939	76.7800	129.2000
52.9670	76.9700	128.1000
53.8547	77.1900	127.1000
54.7573	77.3600	126.1000
55.6751	77.4600	123.8000
56.6082	77.5600	119.6000
57.5570	77.7400	116.2000
58.5216	78.1800	113.8000
59.5025	78.8200	111.0000
60.4997	79.0500	110.7000
61.5137	78.8200	112.4000
62.5447	78.6800	112.3000
63.5930	78.7400	110.9000
64.6588	78.9500	110.0000
65.7425	79.1600	109.0000
66.8444	79.3600	107.9000
67.9647	79.5200	107.1000
69.1038	79.5900	106.0000
70.2620	79.6100	104.3000
71.4396	79.6900	102.2000
72.6370	79.8300	99.6000
73.8544	80.1000	96.0000
75.0922	80.3800	92.4000
76.3508	80.4900	91.4000
77.6304	80.5500	91.8000
78.9315	80.6100	91.5000
80.2544	80.6900	90.5000
81.5995	80.8100	89.1000
82.9672	80.9200	87.2000
84.3577	81.0000	85.2000
85.7716	81.0400	83.3000
87.2091	81.1400	81.9000
88.6707	81.2900	80.5000
90.1569	81.4200	79.1000
91.6680	81.4900	77.9000
93.2043	81.5600	76.4000
94.7665	81.5800	74.4000
96.3548	81.6000	72.5000
97.9697	81.6900	70.7000
99.6117	81.7600	69.1000
101.2812	81.7500	67.6000
102.9787	81.7700	66.1000
104.7047	81.8600	64.8000
106.4595	81.9100	63.8000
108.2438	81.8900	62.7000
110.0580	81.8900	61.2000
111.9026	81.9700	59.2000
113.7781	82.0400	57.5000
115.6851	82.0400	56.1000
117.6240	82.0800	54.5000
119.5954	82.1100	53.2000
121.5998	82.0600	52.1000
123.6379	81.9900	51.1000
125.7101	81.9900	50.0000
127.8170	82.0300	49.2000
129.9592	82.0000	48.4000
132.1374	81.9600	47.3000
134.3520	81.9600	46.0000
136.6038	82.0100	44.8000
138.8933	82.0700	43.6000
141.2212	82.0900	42.5000
143.5881	82.0700	41.6000
145.9947	81.9800	40.8000
148.4416	81.9500	39.8000
150.9295	81.9900	38.6000
153.4591	82.0000	37.8000
156.0312	81.9500	36.7000
158.6463	81.9200	35.4000
161.3052	81.9100	34.2000
164.0087	81.8900	33.5000
166.7576	81.8100	32.9000
169.5525	81.7100	32.2000
172.3942	81.7000	31.2000
175.2836	81.7100	30.8000
178.2214	81.5500	31.5000
181.2084	81.5100	31.3000
184.2455	81.6500	29.4000
187.3335	81.7200	27.7000
190.4733	81.7500	26.6000
193.6656	81.7300	25.8000
196.9115	81.7100	24.8000
200.2118	81.7100	24.0000
203.5674	81.6900	23.5000
206.9792	81.6200	22.9000
210.4483	81.5800	22.2000
213.9754	81.5800	21.6000
217.5617	81.5700	21.0000
221.2081	81.5600	20.3000
224.9156	81.5400	19.4000
228.6852	81.5300	18.6000
232.5181	81.4900	18.0000
236.4151	81.4500	17.3000
240.3775	81.4000	16.7000
244.4063	81.3300	16.0000
248.5026	81.3300	15.4000
252.6676	81.3300	14.9000
256.9023	81.2800	14.2000
261.2081	81.2500	13.2000
265.5860	81.2000	12.8000
270.0373	81.1100	12.6000
274.5632	81.0500	12.3000
279.1649	81.0200	12.0000
283.8438	81.0100	11.5000
288.6011	81.0000	11.2000
293.4381	80.9600	10.9000
298.3562	80.9000	10.4000
303.3567	80.8900	10.0000
308.4410	80.9300	9.7000
313.6106	80.9500	9.1000
318.8668	80.9500	8.3000
324.2111	80.9200	7.5000
329.6449	80.8200	6.9000
335.1698	80.7300	6.5000
340.7874	80.7100	6.2000
346.4991	80.6800	5.9000
352.3065	80.6100	5.5000
358.2112	80.5600	5.1000
364.2149	80.5200	4.7000
370.3193	80.4800	4.4000
376.5259	80.4300	4.0000
382.8366	80.3700	3.7000
389.2530	80.3000	3.3000
395.7770	80.2000	3.0000
402.4103	80.0900	2.8000
409.1548	79.9800	2.9000
416.0123	79.8600	3.4000
422.9848	79.7600	4.4000
430.0741	79.7800	6.0000
437.2823	80.0200	7.6000
444.6112	80.4000	8.1000
452.0630	80.7100	7.0000
459.6397	80.8000	4.8000
467.3434	80.7500	8.0000
475.1762	80.6300	9.8000
483.1402	80.3900	10.6000
491.2378	80.0400	8.5000
499.4710	79.6800	7.1000
507.8423	79.2900	6.3000
516.3539	78.8600	6.4000
525.0081	78.4600	8.1000
533.8074	78.3500	11.1000
542.7541	78.5600	13.4000
551.8508	78.9000	14.1000
561.0999	79.1600	13.5000
570.5041	79.3000	12.5000
580.0659	79.3700	11.8000
589.7879	79.5000	11.6000
599.6729	79.7300	11.3000
609.7236	79.9500	9.7000
619.9427	79.9700	7.8000
630.3331	79.8500	6.7000
640.8976	79.8200	6.7000
651.6392	79.9200	6.3000
662.5609	80.0300	5.1000
673.6656	80.0400	3.4000
684.9564	79.9200	1.7000
696.4364	79.6900	0.5000
708.1088	79.4200	0.5000
719.9769	79.2400	1.5000
732.0439	79.2800	2.7000
744.3131	79.4600	2.8000
756.7880	79.6000	1.6000
769.4720	79.6000	-0.3000
782.3685	79.4100	-2.3000
795.4812	79.0000	-3.3000
808.8137	78.5200	-2.3000
822.3696	78.2000	0.3000
836.1527	78.1400	3.4000
850.1668	78.2900	6.2000
864.4158	78.5700	8.3000
878.9036	78.9700	9.9000
893.6343	79.4800	10.3000
908.6118	79.9800	9.3000
923.8404	80.3700	7.0000
939.3242	80.5800	3.9000
955.0675	80.6200	0.5000
971.0746	80.4400	-2.7000
987.3501	80.0600	-4.7000
1003.8983	79.6400	-4.9000
1020.7239	79.3500	-3.9000
1037.8315	79.1900	-2.8000
1055.2258	79.1000	-1.3000
1072.9116	79.1600	0.8000
1090.8939	79.4700	2.3000
1109.1775	79.8400	2.2000
1127.7676	80.0900	0.9000
1146.6693	80.2100	-0.3000
1165.8877	80.3100	-1.0000
1185.4283	80.5000	-1.7000
1205.2964	80.7400	-3.3000
1225.4974	80.8800	-5.6000
1246.0371	80.9100	-8.0000
1266.9209	80.8900	-10.3000
1288.1549	80.8500	-12.7000
1309.7446	80.7200	-15.5000
1331.6963	80.4300	-18.2000
1354.0158	80.0000	-20.0000
1376.7095	79.5300	-20.6000
1399.7835	79.0900	-20.2000
1423.2442	78.7800	-18.6000
1447.0981	78.7300	-17.1000
1471.3518	78.7700	-17.0000
1496.0120	78.6900	-17.9000
1521.0856	78.4600	-18.3000
1546.5793	78.2400	-17.9000
1572.5004	78.0600	-17.4000
1598.8559	77.8200	-16.3000
1625.6531	77.7000	-14.1000
1652.8994	77.8200	-12.3000
1680.6024	78.0100	-11.5000
1708.7697	78.1500	-11.4000
1737.4091	78.2300	-11.5000
1766.5285	78.2700	-11.2000
1796.1360	78.4200	-10.3000
1826.2397	78.7400	-10.0000
1856.8479	79.1300	-10.7000
1887.9691	79.5000	-13.2000
1919.6120	79.6400	-17.2000
1951.7851	79.4600	-21.4000
1984.4975	78.9600	-24.1000
2017.7582	78.3700	-24.4000
2051.5763	77.9100	-22.6000
2085.9612	77.7900	-19.3000
2120.9224	78.1900	-16.7000
2156.4696	78.8000	-17.4000
2192.6126	79.1900	-21.4000
2229.3613	79.0800	-26.7000
2266.7259	78.4400	-30.3000
2304.7168	77.5900	-29.7000
2343.3444	77.1800	-25.4000
2382.6195	77.4300	-21.9000
2422.5528	77.8900	-21.6000
2463.1553	78.2300	-23.3000
2504.4384	78.3500	-26.0000
2546.4134	78.2700	-28.7000
2589.0919	78.0600	-30.6000
2632.4858	77.8500	-31.4000
2676.6069	77.7900	-31.9000
2721.4674	77.8500	-33.3000
2767.0799	77.8500	-36.2000
2813.4568	77.5800	-39.9000
2860.6111	77.0100	-42.7000
2908.5556	76.3000	-43.2000
2957.3037	75.7200	-42.2000
3006.8689	75.3000	-40.7000
3057.2647	75.0200	-38.9000
3108.5052	74.9400	-37.4000
3160.6045	74.9200	-37.7000
3213.5770	74.5800	-38.6000
3267.4374	74.0400	-37.0000
3322.2004	73.8500	-33.3000
3377.8813	74.0900	-30.7000
3434.4954	74.4100	-30.9000
3492.0584	74.3900	-32.8000
3550.5862	74.0100	-33.0000
3610.0949	73.8200	-30.3000
3670.6009	74.1200	-28.3000
3732.1211	74.4600	-29.0000
3794.6724	74.5600	-31.2000
3858.2720	74.4100	-33.1000
3922.9376	74.1600	-33.8000
3988.6870	74.0200	-33.9000
4055.5384	73.9000	-34.4000
4123.5102	73.7000	-35.0000
4192.6212	73.4000	-35.0000
4262.8906	73.1700	-33.4000
4334.3377	73.2500	-31.8000
4406.9822	73.4300	-31.9000
4480.8443	73.4500	-32.8000
4555.9444	73.4000	-32.9000
4632.3031	73.6100	-32.8000
4709.9417	73.8400	-35.0000
4788.8814	73.7400	-37.8000
4869.1443	73.5700	-39.4000
4950.7523	73.4500	-40.6000
5033.7281	73.3900	-42.3000
5118.0947	73.2000	-44.4000
5203.8752	73.0100	-45.6000
5291.0934	73.0600	-47.8000
5379.7734	72.9200	-53.1000
5469.9397	72.1900	-58.0000
5561.6173	71.2800	-60.6000
5654.8313	70.1100	-61.7000
5749.6077	68.7700	-56.7000
5845.9725	68.4900	-47.7000
5943.9525	69.4500	-43.6000
6043.5746	70.1000	-48.3000
6144.8664	70.3500	-54.0000
6247.8558	70.8300	-65.5000
6352.5714	69.9200	-84.4000
6459.0421	66.8100	-92.3000
6567.2972	62.6800	-64.9000
6677.3667	60.8600	-24.2000
6789.2810	61.8500	-5.9000
6903.0710	63.6700	0.9000
7018.7682	65.5100	6.4000
7136.4045	67.7200	6.0000
7256.0123	69.3400	-1.8000
7377.6249	70.2900	-12.6000
7501.2757	70.9500	-26.7000
7626.9989	70.4500	-44.5000
7754.8293	68.9700	-59.5000
7884.8021	67.0900	-76.9000
8016.9533	63.5500	-91.3000
8151.3194	59.9200	-127.0000
8287.9375	58.1200	143.8000
8426.8454	59.4200	67.7000
8568.0814	61.6600	47.4000
8711.6845	63.5100	41.0000
8857.6945	65.2800	41.9000
9006.1516	67.3400	41.1000
9157.0969	68.8300	36.0000
9310.5721	69.9300	30.3000
9466.6196	71.0900	25.2000
9625.2825	72.0800	16.2000
9786.6046	72.3800	5.7000
9950.6305	72.1400	-3.1000
10117.4050	71.7000	-7.4000
10286.9760	71.7600	-10.2000
10459.3880	72.0600	-15.8000
10634.6900	71.9800	-23.6000
10812.9300	71.5500	-30.6000
10994.1570	70.9400	-35.5000
11178.4220	70.5300	-40.1000
11365.7750	69.9300	-45.9000
11556.2680	69.0200	-49.8000
11749.9540	68.3700	-51.4000
11946.8860	67.9600	-55.9000
12147.1190	67.0800	-59.9000
12350.7080	66.5000	-62.3000
12557.7080	65.6300	-67.1000
12768.1790	65.0800	-68.4000
12982.1770	65.0200	-80.2000
13199.7610	63.2100	-96.5000
13420.9920	59.2900	-87.7000
13645.9310	56.3400	-35.8000
13874.6410	57.5000	-3.3000
14107.1830	60.4100	3.9000
14343.6230	60.9800	-9.7000
14584.0250	60.9600	-13.8000
14828.4570	60.6500	-17.4000
15076.9860	61.0600	-7.1000
15329.6800	63.7900	-0.8000
15586.6090	65.9700	-13.7000
15847.8440	66.3800	-32.4000
16113.4580	66.3300	-46.4000
16383.5240	66.7400	-62.9000
16658.1150	66.4700	-88.2000
16937.3100	63.9500	-108.4000
17221.1830	60.3100	-110.5000
17509.8140	57.0000	-92.4000
17803.2830	57.1700	-56.7000
18101.6700	59.0400	-57.6000
18405.0590	60.3000	-68.1000
18713.5320	61.2400	-85.5000
19027.1760	61.1800	-104.5000
19346.0760	61.0200	-123.6000
19670.3210	59.7200	-142.2000
20000.0000	58.4000	-146.4000