14.9760	61.9700	-79.7000
15.2270	61.6500	-73.9000
15.4822	61.2700	-67.0000
15.7417	60.9300	-61.0000
16.0055	60.8300	-59.4000
16.2737	61.0900	-64.3000
16.5465	61.9000	-79.8000
16.8238	63.0300	-102.3000
17.1058	64.1500	-125.5000
17.3925	64.9700	-142.2000
17.6840	65.4100	-148.7000
17.9804	65.6000	-148.2000
18.2817	65.6900	-143.2000
18.5881	65.7700	-137.8000
18.8997	65.8700	-133.9000
19.2164	66.0100	-132.8000
19.5385	66.2200	-133.2000
19.8660	66.4900	-134.5000
20.1989	66.8000	-135.7000
20.5375	67.1400	-136.4000
20.8817	67.5000	-136.6000
21.2317	67.8900	-136.7000
21.5875	68.2800	-136.8000
21.9493	68.6500	-137.3000
22.3172	68.9900	-139.0000
22.6913	69.3000	-141.8000
23.0716	69.6400	-144.7000
23.4583	70.0200	-146.7000
23.8514	70.4700	-147.7000
24.2512	70.9500	-148.3000
24.6576	71.4000	-149.0000
25.0709	71.7600	-150.5000
25.4911	72.0400	-153.3000
25.9183	72.2900	-156.6000
26.3527	72.5400	-159.2000
26.7944	72.8000	-160.6000
27.2435	73.0600	-161.5000
27.7001	73.2800	-162.8000
28.1644	73.4400	-165.3000
28.6364	73.5800	-169.1000
29.1164	73.7500	-172.8000
29.6044	74.0300	-175.5000
30.1005	74.4100	-177.2000
30.6050	74.7600	-178.4000
31.1180	74.9900	-179.7000
31.6395	75.1300	151.9000
32.1698	75.2400	177.8000
32.7090	75.3500	175.9000
33.2572	75.4900	173.7000
33.8146	75.6900	171.5000
34.3813	76.0000	169.7000
34.9576	76.3600	167.9000
35.5435	76.7400	166.0000
36.1392	77.1100	163.9000
36.7449	77.4400	161.9000
37.3607	77.7500	159.9000
37.9869	78.0700	158.1000
38.6236	78.4000	156.5000
39.2709	78.6900	154.9000
39.9291	78.8800	153.2000
40.5983	79.0100	151.3000
41.2788	79.1400	149.2000
41.9706	79.3000	146.9000
42.6741	79.4300	143.9000
43.3893	79.5300	140.4000
44.1165	79.7000	137.3000
44.8559	79.9700	135.0000
45.6077	80.1900	133.5000
46.3721	80.3700	132.3000
47.1493	80.6800	131.2000
47.9395	81.1300	129.5000
48.7430	81.3700	126.8000
49.5600	81.3700	123.3000
50.3906	81.3200	120.4000
51.2351	81.2500	118.8000
52.0939	81.1500	118.3000
52.9670	81.1900	118.4000
53.8547	81.4000	118.4000
54.7573	81.5500	117.3000
55.6751	81.6500	115.2000
56.6082	81.8100	113.4000
57.5570	81.8900	112.5000
58.5216	82.1700	110.4000
59.5025	82.8900	105.6000
60.4997	83.2400	101.5000
61.5137	83.0300	100.3000
62.5447	82.8000	99.8000
63.5930	82.7600	99.1000
64.6588	82.7800	97.9000
65.7425	82.9000	96.8000
66.8444	83.0700	96.0000
67.9647	83.1900	95.4000
69.1038	83.2500	94.4000
70.2620	83.3000	92.6000
71.4396	83.3300	90.5000
72.6370	83.4000	88.5000
73.8544	83.5300	86.5000
75.0922	83.6700	84.5000
76.3508	83.7600	82.9000
77.6304	83.8400	81.3000
78.9315	83.9500	79.8000
80.2544	84.0400	78.5000
81.5995	84.0800	77.3000
82.9672	84.1200	75.9000
84.3577	84.2100	74.3000
85.7716	84.3000	72.6000
87.2091	84.3400	71.0000
88.6707	84.3500	70.0000
90.1569	84.4700	69.4000
91.6680	84.6300	68.7000
93.2043	84.7100	67.0000
94.7665	84.7800	64.4000
96.3548	84.7900	62.0000
97.9697	84.7200	60.0000
99.6117	84.6600	58.5000
101.2812	84.7100	57.8000
102.9787	84.9900	57.7000
104.7047	85.1900	57.0000
106.4595	85.1000	55.4000
108.2438	84.8500	54.2000
110.0580	84.7200	52.7000
111.9026	84.7100	50.8000
113.7781	84.7900	49.0000
115.6851	84.8800	47.7000
117.6240	84.8500	46.8000
119.5954	84.7100	45.5000
121.5998	84.6700	44.0000
123.6379	84.6900	43.1000
125.7101	84.7200	42.3000
127.8170	84.7200	41.5000
129.9592	84.6900	40.6000
132.1374	84.6100	39.4000
134.3520	84.5300	38.1000
136.6038	84.5100	36.9000
138.8933	84.5800	36.1000
141.2212	84.6200	35.5000
143.5881	84.5800	35.0000
145.9947	84.4900	34.3000
148.4416	84.4600	33.3000
150.9295	84.4800	32.3000
153.4591	84.4900	31.6000
156.0312	84.4500	30.7000
158.6463	84.4300	29.5000
161.3052	84.4300	28.1000
164.0087	84.3900	27.4000
166.7576	84.2900	27.0000
169.5525	84.1800	26.5000
172.3942	84.1500	25.6000
175.2836	84.1400	24.9000
178.2214	84.1100	24.7000
181.2084	84.0700	24.6000
184.2455	84.0800	23.9000
187.3335	84.1400	22.8000
190.4733	84.1600	22.0000
193.6656	84.1200	21.3000
196.9115	84.1000	20.5000
200.2118	84.1100	19.8000
203.5674	84.0800	19.2000
206.9792	84.0100	18.4000
210.4483	83.9800	17.7000
213.9754	83.9900	17.3000
217.5617	83.9700	17.0000
221.2081	83.9300	16.4000
224.9156	83.9300	15.7000
228.6852	83.9400	15.1000
232.5181	83.9000	14.5000
236.4151	83.8600	13.9000
240.3775	83.8100	13.3000
244.4063	83.7500	12.7000
248.5026	83.7800	12.0000
252.6676	83.7900	11.6000
256.9023	83.7200	10.9000
261.2081	83.6500	10.1000
265.5860	83.5700	9.7000
270.0373	83.4700	9.5000
274.5632	83.4300	9.2000
279.1649	83.4100	8.9000
283.8438	83.3900	8.6000
288.6011	83.3900	8.4000
293.4381	83.3700	8.2000
298.3562	83.3600	8.0000
303.3567	83.3200	7.6000
308.4410	83.2700	7.0000
313.6106	83.2500	6.3000
318.8668	83.2100	5.2000
324.2111	83.1400	4.0000
329.6449	82.9700	2.9000
335.1699	82.7700	2.2000
340.7874	82.5900	1.9000
346.4991	82.4000	1.8000
352.3065	82.2500	1.6000
358.2112	82.1000	1.5000
364.2149	81.9300	1.4000
370.3192	81.7500	1.3000
376.5259	81.5400	1.8000
382.8365	81.3400	2.7000
389.2530	81.2400	3.8000
395.7770	81.2100	4.9000
402.4103	81.2000	5.7000
409.1548	81.1700	6.4000
416.0123	81.1400	9.1000
422.9848	81.3600	10.8000
430.0741	81.6900	10.9000
437.2823	81.8700	9.3000
444.6112	81.8200	7.1000
452.0630	81.5600	5.2000
459.6397	81.1800	4.3000
467.3434	80.8200	4.4000
475.1762	80.7100	4.6000
483.1402	80.6100	4.3000
491.2378	80.4700	3.9000
499.4710	80.2900	3.5000
507.8423	80.0100	3.5000
516.3539	79.6600	4.4000
525.0081	79.3700	7.0000
533.8074	79.3800	10.5000
542.7541	79.7100	13.0000
551.8508	80.1000	13.6000
561.0999	80.3600	12.8000
570.5041	80.4300	11.8000
580.0659	80.4300	11.6000
589.7880	80.4900	12.0000
599.6729	80.6600	12.2000
609.7236	80.8300	11.4000
619.9428	80.8500	10.3000
630.3331	80.7900	10.1000
640.8976	80.8400	10.5000
651.6392	81.0500	10.5000
662.5608	81.2700	9.3000
673.6656	81.3500	7.1000
684.9564	81.2200	4.9000
696.4364	80.9200	3.6000
708.1088	80.6000	4.0000
719.9769	80.4500	5.4000
732.0439	80.5400	6.7000
744.3132	80.7100	6.8000
756.7880	80.8500	6.1000
769.4720	80.9400	4.8000
782.3685	80.9000	2.7000
795.4812	80.6100	0.7000
808.8137	80.1300	0.3000
822.3696	79.6700	1.9000
836.1527	79.4000	4.8000
850.1668	79.3800	8.1000
864.4158	79.5700	11.2000
878.9036	80.0200	13.8000
893.6343	80.6400	14.4000
908.6118	81.1700	12.9000
923.8403	81.4900	10.1000
939.3242	81.6100	7.0000
955.0674	81.5900	3.9000
971.0747	81.3700	0.9000
987.3501	80.9600	-1.1000
1003.8983	80.5000	-1.5000
1020.7239	80.1000	-1.0000
1037.8315	79.7300	0.1000
1055.2258	79.3600	2.3000
1072.9116	79.1800	6.0000
1090.8939	79.3600	9.8000
1109.1775	79.7600	11.9000
1127.7676	80.1000	12.6000
1146.6693	80.3700	13.1000
1165.8877	80.7000	13.7000
1185.4283	81.1400	13.4000
1205.2964	81.5300	11.7000
1225.4974	81.7100	9.0000
1246.0371	81.6900	6.6000
1266.9209	81.6000	5.1000
1288.1549	81.5200	4.0000
1309.7446	81.4200	3.0000
1331.6963	81.2900	2.4000
1354.0157	81.1700	2.1000
1376.7095	81.0500	2.0000
1399.7834	80.9100	2.2000
1423.2441	80.7900	3.2000
1447.0981	80.8300	4.6000
1471.3518	80.9600	5.5000
1496.0120	81.1000	6.2000
1521.0856	81.3300	7.0000
1546.5793	81.7200	7.2000
1572.5004	82.0800	5.6000
1598.8560	82.2600	3.4000
1625.6531	82.3300	1.3000
1652.8994	82.3400	-0.8000
1680.6024	82.2300	-2.8000
1708.7697	82.0300	-4.1000
1737.4091	81.8200	-4.3000
1766.5284	81.7200	-3.6000
1796.1360	81.8600	-2.6000
1826.2397	82.1700	-2.9000
1856.8479	82.4600	-4.8000
1887.9691	82.6300	-7.8000
1919.6121	82.5600	-11.4000
1951.7852	82.2800	-14.6000
1984.4976	81.8200	-16.4000
2017.7582	81.3700	-16.6000
2051.5764	81.0300	-15.8000
2085.9612	80.8600	-14.3000
2120.9224	80.9400	-12.8000
2156.4695	81.2500	-12.9000
2192.6125	81.5000	-15.3000
2229.3613	81.4500	-19.1000
2266.7258	80.9900	-22.2000
2304.7168	80.3200	-22.6000
2343.3445	79.8800	-20.1000
2382.6194	79.9000	-17.7000
2422.5527	80.1200	-17.6000
2463.1553	80.2000	-19.3000
2504.4385	80.0200	-21.4000
2546.4133	79.6200	-22.2000
2589.0918	79.2400	-21.1000
2632.4858	79.1200	-19.3000
2676.6069	79.2100	-18.4000
2721.4673	79.3100	-18.7000
2767.0798	79.3100	-19.7000
2813.4568	79.1900	-20.9000
2860.6111	78.9500	-21.7000
2908.5557	78.6600	-21.4000
2957.3037	78.4800	-20.5000
3006.8689	78.3900	-19.7000
3057.2646	78.3500	-19.0000
3108.5051	78.3800	-18.7000
3160.6045	78.4300	-19.2000
3213.5769	78.3000	-20.5000
3267.4375	77.9600	-20.5000
3322.2004	77.7300	-18.8000
3377.8813	77.7400	-16.9000
3434.4954	77.8900	-15.9000
3492.0583	78.0100	-15.9000
3550.5862	78.0200	-15.8000
3610.0950	78.0900	-14.7000
3670.6008	78.4100	-13.7000
3732.1211	78.8500	-14.6000
3794.6724	79.1600	-17.4000
3858.2720	79.1900	-20.8000
3922.9375	78.9900	-23.2000
3988.6870	78.8500	-24.3000
4055.5383	78.8200	-25.7000
4123.5103	78.7500	-27.7000
4192.6211	78.5900	-29.7000
4262.8906	78.3500	-31.2000
4334.3379	78.2200	-31.8000
4406.9824	78.2400	-33.5000
4480.8442	78.1400	-36.1000
4555.9443	77.9300	-38.5000
4632.3032	77.7200	-41.1000
4709.9419	77.3300	-44.0000
4788.8813	76.7800	-44.5000
4869.1445	76.6600	-43.1000
4950.7524	77.0700	-43.9000
5033.7280	77.5000	-48.9000
5118.0947	77.6100	-56.4000
5203.8750	77.5600	-65.2000
5291.0933	77.4400	-76.7000
5379.7734	77.0100	-92.5000
5469.9399	75.9100	-111.5000
5561.6172	74.1500	-131.8000
5654.8315	72.0000	-152.4000
5749.6079	70.3400	-96.0000
5845.9727	69.9400	158.2000
5943.9526	70.1000	128.5000
6043.5747	70.4700	105.4000
6144.8662	71.3700	92.0000
6247.8560	72.9900	82.1000
6352.5713	74.5100	70.3000
6459.0420	75.3900	56.9000
6567.2974	75.6800	46.0000
6677.3667	75.7600	37.3000
6789.2808	75.5200	31.1000
6903.0708	75.3500	28.1000
7018.7681	75.3400	26.0000
7136.4043	75.4300	25.0000
7256.0122	75.7900	23.8000
7377.6250	76.1600	21.6000
7501.2759	76.5900	18.5000
7626.9990	76.8700	14.2000
7754.8291	77.0100	10.4000
7884.8022	77.2200	6.4000
8016.9531	77.2500	1.9000
8151.3193	77.2500	-2.4000
8287.9375	77.1800	-6.4000
8426.8457	77.2700	-11.2000
8568.0811	77.0800	-17.7000
8711.6846	76.7800	-24.3000
8857.6943	75.9700	-32.6000
9006.1514	74.2800	-35.3000
9157.0967	72.7100	-29.8000
9310.5723	72.3000	-22.5000
9466.6191	72.8500	-19.5000
9625.2822	73.3800	-23.2000
9786.6045	73.2200	-30.5000
9950.6309	71.9600	-34.1000
10117.4050	70.6300	-29.0000
10286.9760	70.6800	-19.1000
10459.3880	71.8300	-16.6000
10634.6900	72.8700	-21.9000
10812.9300	72.8400	-31.8000
10994.1570	72.0100	-38.1000
11178.4220	71.1600	-37.3000
11365.7750	71.4200	-36.9000
11556.2680	71.5300	-42.8000
11749.9540	71.3300	-45.9000
11946.8860	71.3200	-52.6000
12147.1190	70.9100	-60.1000
12350.7080	70.4500	-68.0000
12557.7080	69.5500	-77.4000
12768.1790	68.0300	-84.1000
12982.1770	66.2600	-85.8000
13199.7610	64.3700	-83.3000
13420.9920	63.0000	-75.6000
13645.9310	63.0100	-70.6000
13874.6410	63.1700	-74.8000
14107.1830	62.5300	-80.3000
14343.6230	61.8400	-85.2000
14584.0250	60.7100	-90.5000
14828.4570	58.5100	-79.7000
15076.9860	59.0500	-42.7000
15329.6800	61.8700	-37.5000
15586.6090	63.0500	-51.6000
15847.8440	63.3000	-65.7000
16113.4580	62.9400	-79.2000
16383.5240	61.5300	-86.1000
16658.1150	61.0100	-85.1000
16937.3110	61.9600	-92.4000
17221.1840	62.0200	-113.8000
17509.8140	60.1800	-139.3000
17803.2830	57.2500	-161.1000
18101.6700	54.5700	119.9000
18405.0590	55.0800	19.1000
18713.5310	57.3900	-46.9000
19027.1760	57.9400	-93.3000
19346.0760	57.0300	-131.8000
19670.3200	55.2400	-176.6000
20000.0000	54.1100	153.1000