19.8660	58.4200	77.7000
20.1989	59.6200	75.5000
20.5375	60.7500	73.2000
20.8817	61.8100	70.9000
21.2317	62.8100	68.6000
21.5875	63.7000	66.5000
21.9493	64.4500	64.8000
22.3172	65.0400	63.5000
22.6913	65.5300	62.4000
23.0716	65.9600	61.0000
23.4583	66.3600	58.1000
23.8514	66.7300	52.3000
24.2512	67.0700	44.6000
24.6576	67.3800	38.4000
25.0709	67.6600	37.0000
25.4911	67.9200	39.5000
25.9183	68.1100	43.9000
26.3527	68.2100	46.1000
26.7944	68.2000	44.5000
27.2435	68.1500	40.1000
27.7001	68.1400	35.1000
28.1644	68.3100	30.7000
28.6364	68.6600	27.4000
29.1164	69.1000	25.3000
29.6044	69.5300	24.5000
30.1005	69.9300	24.4000
30.6050	70.2800	24.2000
31.1180	70.5900	22.9000
31.6395	70.8500	20.4000
32.1698	71.0500	17.6000
32.7090	71.2000	15.1000
33.2572	71.3400	13.0000
33.8146	71.4800	11.2000
34.3813	71.6400	9.6000
34.9576	71.8500	8.2000
35.5435	72.0900	6.9000
36.1392	72.3900	5.7000
36.7449	72.7300	4.3000
37.3607	73.1200	2.4000
37.9869	73.5200	-0.1000
38.6236	73.9100	-2.9000
39.2709	74.2300	-5.1000
39.9291	74.4400	-5.6000
40.5983	74.6100	-5.0000
41.2788	74.8900	-5.5000
41.9706	75.2500	-7.9000
42.6741	75.5000	-11.3000
43.3893	75.6000	-14.0000
44.1165	75.6500	-14.9000
44.8559	75.7500	-14.3000
45.6077	76.0000	-14.8000
46.3721	76.4700	-17.8000
47.1493	77.0300	-21.2000
47.9395	77.4500	-23.4000
48.7430	77.5000	-25.5000
49.5600	77.3900	-27.8000
50.3906	77.5100	-30.2000
51.2351	77.9300	-32.0000
52.0939	78.2900	-33.4000
52.9670	78.4600	-35.6000
53.8547	78.5300	-38.5000
54.7573	78.6000	-39.7000
55.6751	78.6900	-39.6000
56.6082	78.7100	-40.4000
57.5570	78.4600	-43.5000
58.5216	78.0400	-47.4000
59.5025	78.0500	-50.2000
60.4997	78.7800	-50.8000
61.5137	79.7700	-50.1000
62.5447	80.2900	-49.3000
63.5930	80.5600	-49.9000
64.6588	80.8600	-51.8000
65.7425	81.0300	-53.5000
66.8444	80.9900	-54.9000
67.9647	80.8500	-56.3000
69.1038	80.8500	-57.6000
70.2620	80.9600	-58.8000
71.4396	81.0400	-60.3000
72.6370	81.1200	-62.1000
73.8544	81.3300	-63.4000
75.0922	81.6500	-64.4000
76.3508	81.9800	-65.5000
77.6304	82.2400	-66.7000
78.9315	82.3700	-68.1000
80.2544	82.4500	-69.9000
81.5995	82.4900	-71.8000
82.9672	82.5300	-74.1000
84.3577	82.6200	-75.9000
85.7716	82.8400	-76.9000
87.2091	83.0800	-77.5000
88.6707	83.2000	-77.9000
90.1569	83.2800	-78.2000
91.6680	83.4800	-78.8000
93.2043	83.7300	-79.6000
94.7665	83.9200	-81.0000
96.3548	84.0700	-83.1000
97.9697	84.1500	-85.4000
99.6117	84.1400	-88.0000
101.2812	84.2900	-90.1000
102.9787	84.6400	-91.1000
104.7047	84.9700	-92.0000
106.4595	85.1700	-92.7000
108.2438	85.2000	-93.4000
110.0580	85.2000	-94.6000
111.9026	85.2700	-96.3000
113.7781	85.4700	-98.5000
115.6851	85.7200	-100.3000
117.6240	85.9000	-101.3000
119.5954	85.9500	-102.3000
121.5998	85.9800	-103.6000
123.6379	86.0200	-104.8000
125.7101	86.0700	-106.1000
127.8170	86.1100	-107.7000
129.9592	86.2000	-109.3000
132.1374	86.2900	-110.5000
134.3520	86.3800	-111.9000
136.6038	86.4800	-113.7000
138.8933	86.6500	-115.3000
141.2212	86.8300	-116.5000
143.5881	86.9200	-117.4000
145.9947	86.9700	-118.5000
148.4416	87.0400	-119.6000
150.9295	87.1100	-120.4000
153.4591	87.0800	-121.3000
156.0312	86.9900	-123.0000
158.6463	87.0000	-125.6000
161.3052	87.1100	-127.9000
164.0087	87.2100	-129.2000
166.7576	87.2000	-130.2000
169.5525	87.1500	-131.5000
172.3942	87.2200	-132.9000
175.2836	87.4000	-133.8000
178.2214	87.4800	-134.5000
181.2084	87.4200	-135.0000
184.2455	87.3200	-135.7000
187.3335	87.3100	-137.3000
190.4733	87.4000	-139.1000
193.6656	87.4900	-140.6000
196.9115	87.5500	-142.1000
200.2118	87.6200	-143.3000
203.5674	87.6200	-144.0000
206.9792	87.5800	-144.7000
210.4483	87.5200	-145.4000
213.9754	87.4900	-146.6000
217.5617	87.5000	-148.0000
221.2081	87.5500	-149.5000
224.9156	87.6300	-151.1000
228.6852	87.7400	-152.5000
232.5181	87.7600	-153.5000
236.4151	87.6800	-154.3000
240.3775	87.5600	-155.3000
244.4063	87.4500	-157.1000
248.5026	87.4600	-159.0000
252.6676	87.4800	-160.1000
256.9023	87.4400	-161.2000
261.2081	87.3800	-161.9000
265.5860	87.2700	-162.1000
270.0373	87.1200	-162.8000
274.5632	87.0700	-164.0000
279.1649	87.0800	-165.2000
283.8438	87.1000	-166.3000
288.6011	87.0800	-166.7000
293.4381	87.0100	-166.9000
298.3562	86.9500	-167.7000
303.3567	86.9200	-168.8000
308.4410	86.9300	-169.7000
313.6106	86.9800	-170.7000
318.8668	86.9800	-171.7000
324.2111	86.8400	-172.7000
329.6449	86.6800	-173.9000
335.1698	86.6100	-175.0000
340.7874	86.5800	-175.8000
346.4991	86.5100	-176.2000
352.3065	86.3900	-176.7000
358.2112	86.2900	-177.4000
364.2149	86.1700	-177.9000
370.3193	85.9800	-177.6000
376.5259	85.8100	-176.6000
382.8366	85.6300	-141.0000
389.2530	85.4200	-54.8000
395.7770	85.1800	-92.6000
402.4103	85.1200	-128.3000
409.1548	85.5000	-164.0000
416.0123	86.1800	-163.6000
422.9848	86.8000	-165.7000
430.0741	87.2400	-169.8000
437.2823	87.3200	-175.2000
444.6112	86.9200	11.6000
452.0630	86.3200	178.2000
459.6397	85.8700	178.3000
467.3434	85.6200	178.6000
475.1762	85.4300	178.7000
483.1402	85.2200	178.4000
491.2378	84.9600	178.5000
499.4710	84.7200	178.8000
507.8423	84.3600	179.3000
516.3539	83.8700	-178.5000
525.0081	83.6900	-172.8000
533.8074	84.3300	-167.7000
542.7541	85.1900	-167.5000
551.8508	85.7200	-170.6000
561.0999	85.7700	-173.9000
570.5041	85.5400	-175.5000
580.0659	85.4200	-174.8000
589.7879	85.5900	-173.9000
599.6729	85.9700	-174.6000
609.7236	86.1500	-177.6000
619.9427	85.9000	180.0000
630.3331	85.6500	-179.5000
640.8976	85.8100	-178.3000
651.6392	86.2200	-179.3000
662.5609	86.5200	177.2000
673.6656	86.4200	172.6000
684.9564	85.9400	168.7000
696.4364	85.2600	167.2000
708.1088	84.5600	167.8000
719.9769	84.0800	171.3000
732.0439	84.1400	175.0000
744.3131	84.4700	176.5000
756.7880	84.7600	176.3000
769.4720	84.9800	175.2000
782.3685	85.0700	172.9000
795.4812	84.8900	170.8000
808.8137	84.6600	170.5000
822.3696	84.6300	170.4000
836.1527	84.6100	169.3000
850.1668	84.4800	167.8000
864.4158	84.2400	166.7000
878.9036	83.9600	166.6000
893.6343	83.8000	166.9000
908.6118	83.7500	166.9000
923.8404	83.6900	165.7000
939.3242	83.4400	164.4000
955.0675	83.1400	163.5000
971.0746	82.7400	162.4000
987.3501	82.0900	162.4000
1003.8983	81.3700	165.5000
1020.7239	81.1400	170.9000
1037.8315	81.4100	174.4000
1055.2258	81.5800	175.6000
1072.9116	81.6100	177.2000
1090.8939	81.8700	179.7000
1109.1775	82.3600	179.7000
1127.7676	82.5200	177.4000
1146.6693	82.3200	176.1000
1165.8877	82.0200	177.1000
1185.4283	82.1200	179.7000
1205.2964	82.5000	179.9000
1225.4974	82.6500	178.2000
1246.0371	82.6000	176.9000
1266.9209	82.4100	176.1000
1288.1549	82.2400	176.8000
1309.7446	82.3100	177.3000
1331.6963	82.2600	176.3000
1354.0158	81.9600	176.5000
1376.7095	81.9400	178.5000
1399.7835	81.9900	178.8000
1423.2442	81.9600	-179.5000
1447.0981	82.4200	-178.2000
1471.3518	82.8100	179.0000
1496.0120	82.6800	175.4000
1521.0856	82.2100	173.6000
1546.5793	81.6600	174.2000
1572.5004	81.3800	177.1000
1598.8559	81.3500	-179.7000
1625.6531	81.7900	-176.2000
1652.8994	82.5200	-176.8000
1680.6024	82.9100	179.6000
1708.7697	82.9000	175.1000
1737.4091	82.4700	171.5000
1766.5285	81.7800	170.9000
1796.1360	81.3400	173.1000
1826.2397	81.2400	175.5000
1856.8479	81.3600	177.4000
1887.9691	81.6600	177.4000
1919.6120	81.7700	176.5000
1951.7851	81.9200	173.9000
1984.4975	81.5800	171.0000
2017.7582	81.1300	170.1000
2051.5763	80.6500	170.0000
2085.9612	80.0000	171.6000
2120.9224	79.7200	177.0000
2156.4696	80.1800	-179.7000
2192.6126	80.6100	-179.6000
2229.3613	80.8500	178.0000
2266.7259	80.5900	175.6000
2304.7168	80.1700	175.1000
2343.3444	79.7000	176.6000
2382.6195	79.5900	-179.9000
2422.5528	79.8000	-177.7000
2463.1553	80.0200	-176.9000
2504.4384	80.2300	-177.2000
2546.4134	80.3100	-178.1000
2589.0919	80.3400	-178.9000
2632.4858	80.2200	179.9000
2676.6069	80.0100	180.0000
2721.4674	79.8700	-178.6000
2767.0799	80.0800	-177.9000
2813.4568	80.1900	-178.8000
2860.6111	80.1800	-179.5000
2908.5556	80.2400	-179.8000
2957.3037	80.4100	178.2000
3006.8689	80.2100	175.2000
3057.2647	79.8400	173.9000
3108.5052	79.5200	172.8000
3160.6045	79.0400	172.1000
3213.5770	78.5400	173.2000
3267.4374	78.3100	174.6000
3322.2004	78.0200	174.7000
3377.8813	77.3400	176.2000
3434.4954	77.0600	-177.7000
3492.0584	77.5500	-174.1000
3550.5862	77.8400	-174.9000
3610.0949	77.5900	-174.5000
3670.6009	77.6900	-170.8000
3732.1211	78.3500	-170.9000
3794.6724	78.2800	-174.9000
3858.2720	77.7100	-173.7000
3922.9376	77.6800	-171.3000
3988.6870	77.5500	-168.2000
4055.5384	78.1300	-163.9000
4123.5102	78.8000	-164.7000
4192.6212	79.0200	-164.7000
4262.8906	79.6400	-164.0000
4334.3377	80.1000	-165.9000
4406.9822	80.4900	-165.6000
4480.8443	81.6100	-165.5000
4555.9444	82.8800	-171.5000
4632.3031	83.6700	-13.5000
4709.9417	84.5500	169.8000
4788.8814	84.7500	154.3000
4869.1443	84.2100	138.1000
4950.7523	82.4800	120.5000
5033.7281	79.1000	111.3000
5118.0947	76.3100	120.9000
5203.8752	76.1400	127.1000
5291.0934	75.6500	127.9000
5379.7734	75.4900	125.3000
5469.9397	74.6100	120.1000
5561.6173	72.8600	116.5000
5654.8313	71.4400	124.4000
5749.6077	71.3600	126.0000
5845.9725	70.7300	126.6000
5943.9525	70.3500	127.5000
6043.5746	70.0700	124.1000
6144.8664	68.6000	120.1000
6247.8558	67.5300	124.3000
6352.5714	66.8000	123.0000
6459.0421	65.3500	124.7000
6567.2972	64.4400	130.5000
6677.3667	64.2300	133.0000
6789.2810	63.1900	134.2000
6903.0710	62.5700	140.0000
7018.7682	62.8000	143.5000
7136.4045	61.8100	146.1000
7256.0123	62.6000	147.9000
7377.6249	61.5700	144.1000
7501.2757	61.0300	150.8000
7626.9989	61.2500	145.9000
7754.8293	59.8600	147.0000
7884.8021	59.6700	155.4000
8016.9533	61.0200	148.3000
8151.3194	59.7200	149.1000
8287.9375	60.8600	142.2000
8426.8454	59.8900	130.2000
8568.0814	59.2100	120.9000
8711.6845	56.2700	96.1000
8857.6945	46.7500	88.0000
9006.1516	47.3000	154.3000
9157.0969	49.4300	-172.8000
9310.5721	51.7800	175.4000
9466.6196	54.1100	-171.7000
9625.2825	54.6600	160.3000
9786.6046	55.0600	151.6000
9950.6305	50.3900	126.7000
10117.4050	49.7000	152.8000
10286.9760	48.7200	166.2000
10459.3880	48.8200	165.6000
10634.6900	51.2500	-165.4000
10812.9300	54.6200	176.1000
10994.1570	54.8000	167.8000
11178.4220	55.6200	159.6000
11365.7750	57.5900	156.2000
11556.2680	57.3100	144.7000
11749.9540	59.5000	126.3000
11946.8860	58.9700	106.4000
12147.1190	57.5800	83.8000
12350.7080	54.5000	68.3000
12557.7080	45.9200	70.4000
12768.1790	39.2100	46.1000
12982.1770	45.9800	-170.1000
13199.7610	51.7100	147.0000
13420.9920	51.8600	128.6000
13645.9310	50.6700	121.3000
13874.6410	49.1500	117.8000
14107.1830	47.9000	121.9000
14343.6230	49.3500	113.7000
14584.0250	46.3400	97.1000
14828.4570	37.5300	123.3000
15076.9860	45.6100	111.2000
15329.6800	40.0700	125.5000
15586.6090	40.4500	46.9000
15847.8440	34.4000	164.1000
16113.4580	41.5500	144.0000
16383.5240	32.4200	-171.6000
16658.1150	40.6300	133.5000
16937.3100	36.9800	121.5000
17221.1830	26.9100	129.6000
17509.8140	38.0900	151.2000
17803.2830	31.0300	148.1000
18101.6700	15.3500	106.2000
18405.0590	37.0900	149.2000
18713.5320	39.4600	147.3000
19027.1760	36.5000	165.6000
19346.0760	38.3600	139.9000
19670.3210	35.6900	132.1000