19.8660	61.3300	-116.4000
20.1989	60.2900	-118.2000
20.5375	59.6700	-120.1000
20.8817	59.5400	-122.0000
21.2317	59.6200	-124.1000
21.5875	59.8600	-126.4000
21.9493	60.2300	-129.0000
22.3172	60.8200	-131.9000
22.6913	61.6000	-135.1000
23.0716	62.3800	-137.8000
23.4583	62.9600	-139.5000
23.8514	63.3300	-140.2000
24.2512	63.6100	-140.5000
24.6576	63.8800	-140.9000
25.0709	64.2100	-141.6000
25.4911	64.6100	-142.9000
25.9183	64.9400	-144.4000
26.3527	65.0400	-145.1000
26.7944	64.8400	-145.0000
27.2435	64.4000	-144.3000
27.7001	64.1800	-143.9000
28.1644	64.4700	-144.5000
28.6364	65.1800	-146.0000
29.1164	65.7700	-147.4000
29.6044	65.9100	-148.1000
30.1005	65.7000	-148.5000
30.6050	65.5900	-149.3000
31.1180	65.8000	-151.6000
31.6395	66.4200	-155.8000
32.1698	67.0000	-160.6000
32.7090	67.3400	-164.7000
33.2572	67.5900	-167.8000
33.8146	67.9000	-169.6000
34.3813	68.3900	-170.6000
34.9576	69.0000	-171.2000
35.5435	69.6700	-171.8000
36.1392	70.2500	-172.7000
36.7449	70.5700	-174.1000
37.3607	70.7000	-176.1000
37.9869	70.8400	-178.3000
38.6236	71.1700	-135.8000
39.2709	71.6200	178.4000
39.9291	71.9600	176.6000
40.5983	72.1600	175.3000
41.2788	72.3100	174.2000
41.9706	72.4700	173.2000
42.6741	72.7200	171.1000
43.3893	73.0700	168.0000
44.1165	73.3800	166.4000
44.8559	73.5000	166.9000
45.6077	73.3800	167.3000
46.3721	73.1000	165.6000
47.1493	73.2500	161.0000
47.9395	73.9200	155.2000
48.7430	74.4200	151.6000
49.5600	74.5800	150.0000
50.3906	74.5900	148.7000
51.2351	74.7900	147.3000
52.0939	75.4200	145.8000
52.9670	75.7900	143.9000
53.8547	75.7200	141.5000
54.7573	75.5600	140.3000
55.6751	75.4300	140.3000
56.6082	75.2600	140.3000
57.5570	75.4200	138.9000
58.5216	75.6100	137.7000
59.5025	75.4200	138.4000
60.4997	75.6600	137.7000
61.5137	76.6800	133.4000
62.5447	77.3900	130.0000
63.5930	77.7200	128.1000
64.6588	77.9400	127.0000
65.7425	78.0900	126.2000
66.8444	78.1200	124.7000
67.9647	77.9700	122.6000
69.1038	77.8400	120.7000
70.2620	77.8600	119.3000
71.4396	78.0100	118.1000
72.6370	78.2900	116.6000
73.8544	78.7600	114.9000
75.0922	79.0300	113.1000
76.3508	79.0400	111.6000
77.6304	79.1200	110.6000
78.9315	79.3300	109.6000
80.2544	79.4600	108.3000
81.5995	79.4500	106.3000
82.9672	79.4300	103.7000
84.3577	79.4900	101.7000
85.7716	79.6800	100.1000
87.2091	79.9400	98.9000
88.6707	80.1500	98.6000
90.1569	80.3000	99.0000
91.6680	80.4800	99.1000
93.2043	80.7100	97.9000
94.7665	80.8000	95.5000
96.3548	80.7100	93.8000
97.9697	80.7000	92.4000
99.6117	80.9900	90.8000
101.2812	81.1700	88.9000
102.9787	81.2500	87.1000
104.7047	81.3600	85.7000
106.4595	81.4500	84.4000
108.2438	81.5400	83.2000
110.0580	81.6200	81.7000
111.9026	81.7100	79.6000
113.7781	81.9300	77.2000
115.6851	82.2100	76.1000
117.6240	82.3400	75.6000
119.5954	82.3200	74.1000
121.5998	82.3300	71.8000
123.6379	82.3900	70.5000
125.7101	82.3200	69.9000
127.8170	82.2100	68.7000
129.9592	82.2800	67.2000
132.1374	82.4100	65.9000
134.3520	82.4400	63.9000
136.6038	82.4900	61.8000
138.8933	82.6100	60.4000
141.2212	82.7200	59.7000
143.5881	82.7500	59.4000
145.9947	82.7800	59.2000
148.4416	82.9500	58.3000
150.9295	83.1000	56.6000
153.4591	83.1100	55.3000
156.0312	83.0400	53.9000
158.6463	82.9600	51.6000
161.3052	82.9900	49.4000
164.0087	83.0500	48.1000
166.7576	83.0400	47.3000
169.5525	82.9800	46.3000
172.3942	83.0100	45.0000
175.2836	83.2200	44.1000
178.2214	83.4000	43.7000
181.2084	83.3100	43.7000
184.2455	83.0800	43.0000
187.3335	83.0600	41.4000
190.4733	83.1400	39.6000
193.6656	83.2200	38.3000
196.9115	83.2700	37.0000
200.2118	83.3100	35.9000
203.5674	83.3200	35.3000
206.9792	83.3000	35.0000
210.4483	83.2800	34.7000
213.9754	83.2900	33.8000
217.5617	83.3300	32.6000
221.2081	83.3700	31.4000
224.9156	83.4000	29.7000
228.6852	83.4800	28.1000
232.5181	83.5500	27.1000
236.4151	83.5500	26.6000
240.3775	83.4300	25.9000
244.4063	83.2800	24.2000
248.5026	83.2800	22.3000
252.6676	83.2900	21.4000
256.9023	83.2100	20.6000
261.2081	83.1600	19.8000
265.5860	83.0800	19.7000
270.0373	82.9500	19.4000
274.5632	82.8900	18.3000
279.1649	82.9200	17.1000
283.8438	82.9800	16.3000
288.6011	83.0100	16.1000
293.4381	83.0000	16.0000
298.3562	82.9900	15.4000
303.3567	82.9400	14.5000
308.4410	82.8700	13.5000
313.6106	82.8800	12.7000
318.8668	82.8900	12.2000
324.2111	82.8000	11.5000
329.6449	82.6700	10.5000
335.1698	82.6400	9.4000
340.7874	82.6400	8.5000
346.4991	82.6000	8.0000
352.3065	82.4800	7.6000
358.2112	82.3600	7.0000
364.2149	82.2800	6.2000
370.3193	82.2000	6.0000
376.5259	82.0800	6.4000
382.8366	81.9000	7.2000
389.2530	81.7700	8.1000
395.7770	81.7100	9.6000
402.4103	81.7300	12.5000
409.1548	81.9200	15.4000
416.0123	82.3200	17.3000
422.9848	82.8400	17.7000
430.0741	83.3000	16.2000
437.2823	83.5200	13.1000
444.6112	83.4400	9.7000
452.0630	83.1200	7.4000
459.6397	82.7700	6.6000
467.3434	82.5100	6.2000
475.1762	82.2800	5.7000
483.1402	82.0200	5.3000
491.2378	81.7200	5.4000
499.4710	81.4100	6.0000
507.8423	81.0800	7.2000
516.3539	80.7800	9.8000
525.0081	80.7100	13.8000
533.8074	81.1000	17.5000
542.7541	81.6900	18.6000
551.8508	82.1400	17.5000
561.0999	82.3100	15.5000
570.5041	82.2800	14.2000
580.0659	82.2300	14.2000
589.7879	82.3100	14.8000
599.6729	82.5400	14.8000
609.7236	82.7500	13.7000
619.9427	82.8200	12.6000
630.3331	82.8800	12.2000
640.8976	83.1000	11.9000
651.6392	83.4200	10.4000
662.5609	83.6600	7.3000
673.6656	83.6400	3.2000
684.9564	83.3100	-0.6000
696.4364	82.7400	-2.7000
708.1088	82.1000	-2.5000
719.9769	81.6400	0.0000
732.0439	81.5900	3.0000
744.3131	81.8000	4.5000
756.7880	82.0300	4.4000
769.4720	82.1700	3.4000
782.3685	82.1800	1.9000
795.4812	82.0400	0.7000
808.8137	81.8400	0.3000
822.3696	81.6900	0.7000
836.1527	81.6500	1.2000
850.1668	81.6500	1.4000
864.4158	81.6500	1.4000
878.9036	81.6700	1.6000
893.6343	81.7700	1.7000
908.6118	81.9400	1.1000
923.8404	82.0800	-0.5000
939.3242	82.0900	-2.9000
955.0675	81.9600	-5.5000
971.0746	81.6500	-8.1000
987.3501	81.1200	-9.8000
1003.8983	80.4400	-9.6000
1020.7239	79.8600	-7.1000
1037.8315	79.5500	-3.6000
1055.2258	79.4900	-0.2000
1072.9116	79.6500	2.9000
1090.8939	80.0500	5.0000
1109.1775	80.5000	4.7000
1127.7676	80.7200	2.4000
1146.6693	80.6000	0.1000
1165.8877	80.2800	-0.6000
1185.4283	80.0200	0.3000
1205.2964	79.9500	1.4000
1225.4974	79.9200	2.1000
1246.0371	79.9000	2.7000
1266.9209	79.8900	3.3000
1288.1549	79.9100	3.9000
1309.7446	79.9600	4.1000
1331.6963	79.9700	4.0000
1354.0158	79.9100	4.1000
1376.7095	79.8700	4.5000
1399.7835	79.8300	4.8000
1423.2442	79.7700	5.8000
1447.0981	79.8900	7.1000
1471.3518	80.1100	7.1000
1496.0120	80.2000	6.4000
1521.0856	80.2000	5.9000
1546.5793	80.1900	5.6000
1572.5004	80.1800	5.2000
1598.8559	80.1300	5.1000
1625.6531	80.1300	5.7000
1652.8994	80.2900	5.9000
1680.6024	80.4500	4.9000
1708.7697	80.4900	3.2000
1737.4091	80.3600	1.4000
1766.5285	80.0800	0.6000
1796.1360	79.8400	1.1000
1826.2397	79.7500	2.1000
1856.8479	79.8200	3.0000
1887.9691	79.9800	2.8000
1919.6120	80.1100	1.5000
1951.7851	80.1100	-0.7000
1984.4975	79.8700	-3.1000
2017.7582	79.4400	-4.4000
2051.5763	78.9300	-4.2000
2085.9612	78.4700	-2.3000
2120.9224	78.2900	1.1000
2156.4696	78.5100	3.6000
2192.6126	78.8600	3.6000
2229.3613	78.9800	1.3000
2266.7259	78.6800	-1.3000
2304.7168	78.0700	-1.5000
2343.3444	77.5200	1.7000
2382.6195	77.5000	6.2000
2422.5528	77.8900	8.6000
2463.1553	78.2300	8.1000
2504.4384	78.2800	6.5000
2546.4134	78.0700	5.5000
2589.0919	77.8000	6.2000
2632.4858	77.6900	8.2000
2676.6069	77.8100	9.9000
2721.4674	78.0300	10.5000
2767.0799	78.1900	10.0000
2813.4568	78.2300	9.2000
2860.6111	78.1700	8.9000
2908.5556	78.1600	9.3000
2957.3037	78.3200	9.5000
3006.8689	78.5000	8.5000
3057.2647	78.5400	6.8000
3108.5052	78.4800	5.1000
3160.6045	78.3700	3.4000
3213.5770	78.1700	1.6000
3267.4374	77.8300	0.3000
3322.2004	77.4500	-0.4000
3377.8813	77.0400	-0.6000
3434.4954	76.5700	0.0000
3492.0584	76.1500	1.5000
3550.5862	75.7600	3.4000
3610.0949	75.4600	6.7000
3670.6009	75.5400	10.2000
3732.1211	75.7300	10.9000
3794.6724	75.4900	10.9000
3858.2720	75.1300	14.4000
3922.9376	75.3300	19.4000
3988.6870	75.8200	21.6000
4055.5384	76.1000	22.7000
4123.5102	76.4700	25.1000
4192.6212	77.1300	26.2000
4262.8906	77.6100	24.8000
4334.3377	77.8300	24.6000
4406.9822	78.3800	26.5000
4480.8443	79.3300	26.4000
4555.9444	80.2300	23.7000
4632.3031	81.0900	20.2000
4709.9417	82.1300	15.3000
4788.8814	83.2300	6.7000
4869.1443	83.8200	-6.9000
4950.7523	83.5300	-21.5000
5033.7281	82.6700	-33.1000
5118.0947	81.7100	-42.1000
5203.8752	80.7500	-50.9000
5291.0934	79.5800	-59.7000
5379.7734	78.0900	-67.6000
5469.9397	76.1900	-72.8000
5561.6173	74.0800	-73.5000
5654.8313	72.1500	-71.0000
5749.6077	70.5300	-67.3000
5845.9725	69.2100	-62.5000
5943.9525	68.3500	-58.3000
6043.5746	67.6600	-55.2000
6144.8664	67.1700	-53.1000
6247.8558	66.6300	-53.0000
6352.5714	65.8400	-52.6000
6459.0421	65.1000	-51.5000
6567.2972	64.3300	-51.3000
6677.3667	63.4000	-50.0000
6789.2810	62.6500	-48.1000
6903.0710	61.9000	-47.6000
7018.7682	60.9000	-46.3000
7136.4045	59.8400	-43.4000
7256.0123	58.9900	-39.2000
7377.6249	58.3700	-36.2000
7501.2757	57.7200	-35.2000
7626.9989	56.6500	-33.5000
7754.8293	55.4800	-27.9000
7884.8021	55.0900	-16.2000
8016.9533	56.4200	-10.1000
8151.3194	56.6600	-18.1000
8287.9375	55.4500	-23.0000
8426.8454	53.7600	-21.0000
8568.0814	52.8400	-9.4000
8711.6845	54.3600	3.6000
8857.6945	55.3500	-4.8000
9006.1516	54.9500	-16.5000
9157.0969	53.7000	-24.7000
9310.5721	52.4700	-21.8000
9466.6196	52.5300	-23.4000
9625.2825	52.6100	-29.4000
9786.6046	52.1800	-38.9000
9950.6305	50.9300	-41.5000
10117.4050	50.3000	-40.1000
10286.9760	50.2000	-40.3000
10459.3880	49.7400	-42.8000
10634.6900	49.4900	-42.8000
10812.9300	49.5900	-41.0000
10994.1570	50.5300	-40.6000
11178.4220	51.8500	-41.0000
11365.7750	53.8500	-46.6000
11556.2680	55.1400	-63.9000
11749.9540	55.1100	-81.9000
11946.8860	54.8600	-94.8000
12147.1190	54.7400	-111.0000
12350.7080	53.5200	-135.3000
12557.7080	51.0200	-164.9000
12768.1790	47.8600	151.0000
12982.1770	44.5200	61.0000
13199.7610	42.4000	-26.9000
13420.9920	41.8300	-66.0000
13645.9310	40.8400	-77.2000
13874.6410	39.4700	-79.7000
14107.1830	38.4600	-65.2000
14343.6230	39.0800	-62.5000
14584.0250	38.4300	-76.2000
14828.4570	37.5600	-96.7000
15076.9860	38.0300	-106.6000
15329.6800	37.4200	-136.3000
15586.6090	37.6400	143.3000
15847.8440	37.8800	29.6000
16113.4580	38.6800	-79.0000
16383.5240	38.9600	155.5000
16658.1150	40.2200	11.1000
16937.3100	40.1300	-44.2000
17221.1830	41.0800	-54.0000
17509.8140	42.5800	-65.8000
17803.2830	42.8800	-78.1000
18101.6700	42.3200	-85.9000
18405.0590	41.1100	-92.7000
18713.5320	39.9100	-97.0000
19027.1760	39.4300	-104.1000
19346.0760	39.0400	-122.6000
19670.3210	38.5700	150.6000
20000.0000	38.7000	75.3000