19.8660	58.3000	136.0000
20.1989	59.3700	135.5000
20.5375	60.5700	135.0000
20.8817	61.9000	134.4000
21.2317	63.1400	133.8000
21.5875	64.0600	133.2000
21.9493	64.5000	132.7000
22.3172	64.5300	132.0000
22.6913	64.3300	131.4000
23.0716	64.0900	130.8000
23.4583	63.9800	130.2000
23.8514	64.0300	129.6000
24.2512	64.2200	129.0000
24.6576	64.4500	128.4000
25.0709	64.6700	127.8000
25.4911	64.8700	127.2000
25.9183	65.0900	126.6000
26.3527	65.3700	126.0000
26.7944	65.7600	125.3000
27.2435	66.2400	124.7000
27.7001	66.7300	124.1000
28.1644	67.1800	123.4000
28.6364	67.5800	122.8000
29.1164	67.9900	122.2000
29.6044	68.4400	121.6000
30.1005	68.9200	121.0000
30.6050	69.3900	120.3000
31.1180	69.8200	119.7000
31.6395	70.2100	119.0000
32.1698	70.5800	118.4000
32.7090	70.9600	117.7000
33.2572	71.3500	117.1000
33.8146	71.7400	116.4000
34.3813	72.1400	115.8000
34.9576	72.5100	115.2000
35.5435	72.8400	114.5000
36.1392	73.1300	113.9000
36.7449	73.4100	113.2000
37.3607	73.6800	112.6000
37.9869	73.9500	111.9000
38.6236	74.2000	111.2000
39.2709	74.4200	110.6000
39.9291	74.6000	109.9000
40.5983	74.7800	109.3000
41.2788	74.9800	108.7000
41.9706	75.2300	108.0000
42.6741	75.4600	107.3000
43.3893	75.6600	106.7000
44.1165	75.8900	106.0000
44.8559	76.1700	105.3000
45.6077	76.3400	104.7000
46.3721	76.3900	104.0000
47.1493	76.4900	103.4000
47.9395	76.7100	102.7000
48.7430	76.9700	102.1000
49.5600	77.2000	101.4000
50.3906	77.4600	100.7000
51.2351	77.7700	100.1000
52.0939	78.1100	99.4000
52.9670	78.4500	98.8000
53.8547	78.7500	98.1000
54.7573	79.0200	97.4000
55.6751	79.3000	96.7000
56.6082	79.6300	96.1000
57.5570	79.9600	95.4000
58.5216	80.1600	94.7000
59.5025	80.2600	94.1000
60.4997	80.5100	93.4000
61.5137	80.9800	92.7000
62.5447	81.3200	92.0000
63.5930	81.4600	91.4000
64.6588	81.5400	90.7000
65.7425	81.6300	90.0000
66.8444	81.7200	89.3000
67.9647	81.8400	88.6000
69.1038	82.0300	87.9000
70.2620	82.2800	87.3000
71.4396	82.6100	86.6000
72.6370	82.9600	85.9000
73.8544	83.3000	85.2000
75.0922	83.6000	84.5000
76.3508	83.8300	83.8000
77.6304	83.9800	83.1000
78.9315	84.0200	82.4000
80.2544	83.9800	81.7000
81.5995	83.8600	81.0000
82.9672	83.7100	80.3000
84.3577	83.6000	79.6000
85.7716	83.6100	78.8000
87.2091	83.8300	78.1000
88.6707	84.2200	77.4000
90.1569	84.7500	76.7000
91.6680	85.3900	75.9000
93.2043	85.9600	75.2000
94.7665	86.3200	74.5000
96.3548	86.4100	73.7000
97.9697	86.2700	73.0000
99.6117	85.9400	72.2000
101.2812	85.5600	71.5000
102.9787	85.2800	70.7000
104.7047	85.2200	70.0000
106.4595	85.3400	69.2000
108.2438	85.6400	68.4000
110.0580	85.9900	67.7000
111.9026	86.2900	66.9000
113.7781	86.4500	66.1000
115.6851	86.4400	65.3000
117.6240	86.2200	64.5000
119.5954	85.8800	63.7000
121.5998	85.3400	62.9000
123.6379	84.8300	62.1000
125.7101	84.6900	61.3000
127.8170	84.7200	60.5000
129.9592	84.7400	59.7000
132.1374	84.7300	58.8000
134.3520	84.7100	58.0000
136.6038	84.6000	57.2000
138.8933	84.4000	56.3000
141.2212	84.2600	55.5000
143.5881	84.2800	54.6000
145.9947	84.5100	53.7000
148.4416	84.9200	52.9000
150.9295	85.3800	52.0000
153.4591	85.7200	51.1000
156.0312	85.8000	50.2000
158.6463	85.6400	49.3000
161.3052	85.3900	48.5000
164.0087	85.3900	47.6000
166.7576	85.6000	46.7000
169.5525	85.7900	45.7000
172.3942	85.7400	44.8000
175.2836	85.4700	43.9000
178.2214	85.2100	43.0000
181.2084	85.2400	42.1000
184.2455	85.6200	41.2000
187.3335	85.9700	40.2000
190.4733	86.1200	39.3000
193.6656	86.0900	38.4000
196.9115	85.9400	37.4000
200.2118	85.7600	36.5000
203.5674	85.7100	35.6000
206.9792	85.7900	34.6000
210.4483	85.8800	33.7000
213.9754	85.8700	32.7000
217.5617	85.8600	31.8000
221.2081	85.9500	30.8000
224.9156	86.1100	29.9000
228.6852	86.1500	29.0000
232.5181	86.0000	28.1000
236.4151	85.8500	27.2000
240.3775	85.8300	26.2000
244.4063	85.9300	25.3000
248.5026	85.9600	24.4000
252.6676	85.9100	23.5000
256.9023	85.8500	22.7000
261.2081	85.8300	21.8000
265.5860	85.7800	21.0000
270.0373	85.7100	20.1000
274.5632	85.6800	19.3000
279.1649	85.6900	18.5000
283.8438	85.7000	17.7000
288.6011	85.6400	16.9000
293.4381	85.5600	16.2000
298.3562	85.5600	15.5000
303.3567	85.6100	14.8000
308.4410	85.6200	14.1000
313.6106	85.6100	13.5000
318.8668	85.5800	12.9000
324.2111	85.5300	12.3000
329.6449	85.4800	11.8000
335.1698	85.4500	11.2000
340.7874	85.4100	10.7000
346.4991	85.3500	10.3000
352.3065	85.3000	9.8000
358.2112	85.2900	9.4000
364.2149	85.3000	9.0000
370.3193	85.3000	8.7000
376.5259	85.2700	8.4000
382.8366	85.2200	8.1000
389.2530	85.1800	7.8000
395.7770	85.1400	7.6000
402.4103	85.1000	7.3000
409.1548	85.0600	7.1000
416.0123	85.0400	6.9000
422.9848	85.0100	6.7000
430.0741	84.9800	6.5000
437.2823	84.9500	6.3000
444.6112	84.9500	6.1000
452.0630	84.9200	6.1000
459.6397	84.9100	6.1000
467.3434	84.8900	6.1000
475.1762	84.8300	6.1000
483.1402	84.7600	6.1000
491.2378	84.7000	6.0000
499.4710	84.6500	5.9000
507.8423	84.6200	5.7000
516.3539	84.6200	5.4000
525.0081	84.6200	5.1000
533.8074	84.6300	4.7000
542.7541	84.6400	4.2000
551.8508	84.6500	3.6000
561.0999	84.6500	2.9000
570.5041	84.6500	2.1000
580.0659	84.6400	1.3000
589.7879	84.6200	0.4000
599.6729	84.5800	-0.4000
609.7236	84.5300	-1.2000
619.9427	84.4700	-1.9000
630.3331	84.4000	-2.6000
640.8976	84.3100	-3.2000
651.6392	84.2200	-3.8000
662.5609	84.1200	-4.2000
673.6656	84.0100	-4.6000
684.9564	83.9000	-4.8000
696.4364	83.7800	-4.9000
708.1088	83.6700	-4.8000
719.9769	83.5600	-4.6000
732.0439	83.4600	-4.2000
744.3131	83.3900	-3.7000
756.7880	83.3300	-3.1000
769.4720	83.3100	-2.4000
782.3685	83.3200	-1.6000
795.4812	83.3700	-0.9000
808.8137	83.4600	-0.2000
822.3696	83.5800	0.3000
836.1527	83.7200	0.7000
850.1668	83.8900	0.8000
864.4158	84.0700	0.6000
878.9036	84.2500	0.2000
893.6343	84.4300	-0.5000
908.6118	84.5800	-1.4000
923.8404	84.7200	-2.6000
939.3242	84.8200	-3.9000
955.0675	84.8800	-5.4000
971.0746	84.9000	-6.9000
987.3501	84.8800	-8.5000
1003.8983	84.8200	-9.9000
1020.7239	84.7100	-11.3000
1037.8315	84.5800	-12.4000
1055.2258	84.4100	-13.2000
1072.9116	84.2400	-13.8000
1090.8939	84.0700	-14.0000
1109.1775	83.9200	-13.9000
1127.7676	83.8000	-13.6000
1146.6693	83.7300	-13.1000
1165.8877	83.7100	-12.5000
1185.4283	83.7300	-12.1000
1205.2964	83.8000	-11.8000
1225.4974	83.8800	-11.8000
1246.0371	83.9600	-12.0000
1266.9209	84.0300	-12.4000
1288.1549	84.0900	-13.0000
1309.7446	84.1100	-13.6000
1331.6963	84.1100	-14.2000
1354.0158	84.0900	-14.6000
1376.7095	84.0700	-14.9000
1399.7835	84.0600	-15.0000
1423.2442	84.0800	-15.0000
1447.0981	84.1300	-15.0000
1471.3518	84.2200	-15.0000
1496.0120	84.3400	-15.3000
1521.0856	84.4800	-15.8000
1546.5793	84.6100	-16.6000
1572.5004	84.7100	-17.7000
1598.8559	84.7900	-18.9000
1625.6531	84.8200	-20.2000
1652.8994	84.8300	-21.4000
1680.6024	84.8000	-22.4000
1708.7697	84.7800	-23.3000
1737.4091	84.7700	-24.0000
1766.5285	84.7700	-24.7000
1796.1360	84.8000	-25.4000
1826.2397	84.8500	-26.3000
1856.8479	84.8900	-27.4000
1887.9691	84.9200	-28.6000
1919.6120	84.9300	-29.9000
1951.7851	84.9000	-31.2000
1984.4975	84.8600	-32.3000
2017.7582	84.8300	-33.3000
2051.5763	84.8200	-34.2000
2085.9612	84.8500	-35.3000
2120.9224	84.8800	-36.6000
2156.4696	84.8900	-38.4000
2192.6126	84.8200	-40.4000
2229.3613	84.6500	-42.3000
2266.7259	84.4000	-43.6000
2304.7168	84.1300	-44.0000
2343.3444	83.9200	-43.5000
2382.6195	83.8800	-42.6000
2422.5528	83.9900	-42.0000
2463.1553	84.1800	-42.2000
2504.4384	84.3700	-43.1000
2546.4134	84.5100	-44.5000
2589.0919	84.6000	-45.8000
2632.4858	84.7100	-47.1000
2676.6069	84.8700	-48.7000
2721.4674	85.0400	-50.9000
2767.0799	85.1400	-53.8000
2813.4568	85.1100	-56.9000
2860.6111	84.9600	-59.5000
2908.5556	84.8000	-61.3000
2957.3037	84.7500	-62.6000
3006.8689	84.8500	-64.2000
3057.2647	85.0300	-66.9000
3108.5052	85.1400	-71.0000
3160.6045	85.0700	-76.0000
3213.5770	84.7800	-81.2000
3267.4374	84.2900	-85.9000
3322.2004	83.6700	-89.7000
3377.8813	82.9800	-92.6000
3434.4954	82.2800	-94.7000
3492.0584	81.5400	-96.2000
3550.5862	80.7700	-96.8000
3610.0949	79.9900	-96.2000
3670.6009	79.3300	-94.3000
3732.1211	78.9000	-91.8000
3794.6724	78.6700	-89.8000
3858.2720	78.4800	-88.7000
3922.9376	78.2500	-88.0000
3988.6870	78.0000	-87.0000
4055.5384	77.7700	-86.1000
4123.5102	77.5000	-85.2000
4192.6212	77.1700	-83.6000
4262.8906	76.9500	-80.5000
4334.3377	77.0300	-77.4000
4406.9822	77.2100	-75.9000
4480.8443	77.1700	-74.6000
4555.9444	77.1200	-70.8000
4632.3031	77.6200	-65.4000
4709.9417	78.7000	-63.1000
4788.8814	79.7200	-64.8000
4869.1443	80.4100	-68.1000
4950.7523	80.9400	-71.4000
5033.7281	81.4500	-75.0000
5118.0947	81.8700	-79.4000
5203.8752	82.1800	-83.9000
5291.0934	82.4600	-88.4000
5379.7734	82.6800	-93.4000
5469.9397	82.8200	-98.0000
5561.6173	83.0600	-102.3000
5654.8313	83.4500	-107.7000
5749.6077	83.7900	-114.7000
5845.9725	84.0500	-123.0000
5943.9525	84.1800	-133.1000
6043.5746	83.9400	-144.9000
6144.8664	83.2000	-156.8000
6247.8558	82.0500	-167.0000
6352.5714	80.6900	-174.5000
6459.0421	79.4500	-68.9000
6567.2972	78.4900	175.6000
6677.3667	77.3300	169.0000
6789.2810	75.7800	164.0000
6903.0710	74.3000	161.6000
7018.7682	73.0900	159.2000
7136.4045	71.7500	155.4000
7256.0123	70.0800	152.9000
7377.6249	68.4800	153.2000
7501.2757	67.2000	155.3000
7626.9989	66.5200	156.3000
7754.8293	65.8000	151.6000
7884.8021	64.2800	144.7000
8016.9533	62.0000	138.7000
8151.3194	59.2100	136.7000
8287.9375	56.6000	133.9000
8426.8454	53.2100	124.8000
8568.0814	49.3700	102.4000
8711.6845	46.0300	42.8000
8857.6945	47.4500	-21.2000
9006.1516	51.0100	-45.9000
9157.0969	54.4200	-55.7000
9310.5721	56.8500	-61.7000
9466.6196	58.7000	-66.9000
9625.2825	59.9900	-72.6000
9786.6046	60.8800	-78.1000
9950.6305	61.2800	-83.3000
10117.4050	60.9700	-86.0000
10286.9760	60.6000	-81.2000
10459.3880	60.9500	-74.2000
10634.6900	62.0600	-66.5000
10812.9300	63.8200	-61.3000
10994.1570	66.4800	-59.9000
11178.4220	69.4300	-67.8000
11365.7750	71.5200	-85.6000
11556.2680	71.7400	-103.6000
11749.9540	71.4400	-114.3000
11946.8860	71.3700	-121.6000
12147.1190	71.5300	-126.8000
12350.7080	72.2100	-130.2000
12557.7080	73.9700	-136.4000
12768.1790	76.1300	-154.6000
12982.1770	76.8300	176.5000
13199.7610	74.7400	144.9000
13420.9920	71.1200	132.7000
13645.9310	69.7800	132.6000
13874.6410	70.0200	120.9000
14107.1830	69.0600	95.6000
14343.6230	65.0900	70.7000
14584.0250	59.3200	64.4000
14828.4570	54.5500	78.0000
15076.9860	52.4200	97.3000
15329.6800	51.8400	108.8000
15586.6090	51.5400	115.7000
15847.8440	52.1900	126.4000
16113.4580	54.9600	126.4000
16383.5240	57.3700	106.2000
16658.1150	56.1300	69.9000
16937.3100	51.2200	55.2000
17221.1830	47.7300	58.3000
17509.8140	45.8200	65.1000
17803.2830	44.4700	66.7000
18101.6700	43.6800	69.7000
18405.0590	43.1800	68.3000
18713.5320	42.7700	70.6000
19027.1760	42.3200	69.4000
19346.0760	39.7500	56.5000
19670.3210	37.5500	40.5000
20000.0000	37.1100	32.0000