19.8660	68.9800	106.0000
20.1989	69.2700	105.5000
20.5375	69.5700	105.1000
20.8817	69.8900	104.7000
21.2317	70.2100	104.2000
21.5875	70.5000	103.8000
21.9493	70.7600	103.3000
22.3172	70.9700	102.9000
22.6913	71.1600	102.4000
23.0716	71.3500	102.0000
23.4583	71.5700	101.6000
23.8514	71.8500	101.1000
24.2512	72.1700	100.7000
24.6576	72.5000	100.3000
25.0709	72.8200	99.9000
25.4911	73.1300	99.4000
25.9183	73.4200	99.0000
26.3527	73.7000	98.6000
26.7944	73.9800	98.1000
27.2435	74.2500	97.7000
27.7001	74.5600	97.2000
28.1644	74.9200	96.8000
28.6364	75.3300	96.4000
29.1164	75.7400	96.0000
29.6044	76.1000	95.5000
30.1005	76.4200	95.1000
30.6050	76.7300	94.7000
31.1180	77.0600	94.2000
31.6395	77.4100	93.8000
32.1698	77.7600	93.4000
32.7090	78.1000	93.0000
33.2572	78.4200	92.6000
33.8146	78.7600	92.2000
34.3813	79.1100	91.8000
34.9576	79.4600	91.3000
35.5435	79.8200	90.9000
36.1392	80.1500	90.5000
36.7449	80.4500	90.1000
37.3607	80.7100	89.6000
37.9869	80.9600	89.2000
38.6236	81.2200	88.8000
39.2709	81.4900	88.4000
39.9291	81.7700	87.9000
40.5983	82.0300	87.5000
41.2788	82.2100	87.1000
41.9706	82.3500	86.6000
42.6741	82.4900	86.2000
43.3893	82.6800	85.8000
44.1165	82.8300	85.4000
44.8559	82.9200	84.9000
45.6077	82.9900	84.5000
46.3721	83.0600	84.1000
47.1493	83.1200	83.6000
47.9395	83.1900	83.2000
48.7430	83.3000	82.7000
49.5600	83.4500	82.3000
50.3906	83.6300	81.8000
51.2351	83.7700	81.4000
52.0939	83.8800	80.9000
52.9670	83.9800	80.5000
53.8547	84.0900	80.0000
54.7573	84.2000	79.6000
55.6751	84.3200	79.1000
56.6082	84.5200	78.7000
57.5570	84.8000	78.2000
58.5216	85.1500	77.7000
59.5025	85.4700	77.3000
60.4997	85.6000	76.8000
61.5137	85.6200	76.3000
62.5447	85.6900	75.8000
63.5930	85.7800	75.3000
64.6588	85.7700	74.8000
65.7425	85.5600	74.3000
66.8444	85.2300	73.9000
67.9647	84.9300	73.4000
69.1038	84.7300	72.9000
70.2620	84.5800	72.3000
71.4396	84.5400	71.8000
72.6370	84.6500	71.3000
73.8544	84.9300	70.8000
75.0922	85.2700	70.3000
76.3508	85.5400	69.7000
77.6304	85.7000	69.2000
78.9315	85.7700	68.7000
80.2544	85.8100	68.1000
81.5995	85.8300	67.6000
82.9672	85.8400	67.0000
84.3577	85.8300	66.4000
85.7716	85.8300	65.8000
87.2091	85.8400	65.3000
88.6707	85.8700	64.7000
90.1569	85.9400	64.1000
91.6680	86.1000	63.5000
93.2043	86.3000	62.9000
94.7665	86.5400	62.3000
96.3548	86.7900	61.7000
97.9697	86.9500	61.1000
99.6117	87.0300	60.5000
101.2812	87.0300	59.9000
102.9787	86.9600	59.2000
104.7047	86.8800	58.6000
106.4595	86.8300	57.9000
108.2438	86.8400	57.3000
110.0580	86.9300	56.6000
111.9026	87.0800	55.9000
113.7781	87.2400	55.2000
115.6851	87.3500	54.6000
117.6240	87.4200	53.9000
119.5954	87.4400	53.2000
121.5998	87.3300	52.5000
123.6379	87.1300	51.8000
125.7101	86.9800	51.0000
127.8170	86.8800	50.3000
129.9592	86.8500	49.6000
132.1374	86.9100	48.8000
134.3520	87.0100	48.1000
136.6038	87.1300	47.3000
138.8933	87.2000	46.6000
141.2212	87.1900	45.8000
143.5881	87.1100	45.0000
145.9947	87.0600	44.2000
148.4416	87.0900	43.4000
150.9295	87.1900	42.6000
153.4591	87.2800	41.8000
156.0312	87.3100	41.0000
158.6463	87.2900	40.2000
161.3052	87.2000	39.4000
164.0087	87.0800	38.5000
166.7576	86.9800	37.7000
169.5525	86.9300	36.9000
172.3942	86.9500	36.0000
175.2836	87.0100	35.1000
178.2214	87.0200	34.3000
181.2084	86.9600	33.4000
184.2455	86.9200	32.6000
187.3335	86.8800	31.7000
190.4733	86.8700	30.8000
193.6656	86.8900	30.0000
196.9115	86.9100	29.1000
200.2118	86.9400	28.2000
203.5674	86.9800	27.3000
206.9792	87.0200	26.5000
210.4483	87.0600	25.6000
213.9754	87.1000	24.7000
217.5617	87.1200	23.9000
221.2081	87.1300	23.0000
224.9156	87.1500	22.1000
228.6852	87.1700	21.2000
232.5181	87.1500	20.4000
236.4151	87.0800	19.5000
240.3775	87.0400	18.7000
244.4063	87.0400	17.9000
248.5026	87.0400	17.1000
252.6676	87.0300	16.3000
256.9023	87.0100	15.5000
261.2081	86.9600	14.8000
265.5860	86.9000	14.0000
270.0373	86.8300	13.3000
274.5632	86.7700	12.6000
279.1649	86.7400	11.9000
283.8438	86.7300	11.3000
288.6011	86.6900	10.6000
293.4381	86.6300	10.0000
298.3562	86.5900	9.5000
303.3567	86.5900	8.9000
308.4410	86.6100	8.5000
313.6106	86.6200	8.0000
318.8668	86.5900	7.6000
324.2111	86.5300	7.3000
329.6449	86.4400	7.0000
335.1698	86.3600	6.7000
340.7874	86.3000	6.5000
346.4991	86.2200	6.3000
352.3065	86.1300	6.2000
358.2112	86.0700	6.1000
364.2149	86.0300	6.1000
370.3193	86.0200	6.1000
376.5259	85.9900	6.2000
382.8366	85.9200	6.3000
389.2530	85.8300	6.4000
395.7770	85.7600	6.6000
402.4103	85.7300	6.8000
409.1548	85.7000	7.0000
416.0123	85.6700	7.3000
422.9848	85.6200	7.5000
430.0741	85.5800	7.8000
437.2823	85.5500	8.0000
444.6112	85.5400	8.3000
452.0630	85.4500	8.6000
459.6397	85.3700	8.9000
467.3434	85.2900	9.3000
475.1762	85.2100	9.7000
483.1402	85.1500	10.1000
491.2378	85.1200	10.5000
499.4710	85.1200	10.8000
507.8423	85.1400	11.1000
516.3539	85.1700	11.4000
525.0081	85.2300	11.5000
533.8074	85.2900	11.6000
542.7541	85.3800	11.5000
551.8508	85.4700	11.2000
561.0999	85.5600	10.9000
570.5041	85.6600	10.4000
580.0659	85.7500	9.6000
589.7879	85.8400	8.8000
599.6729	85.9400	7.9000
609.7236	86.0200	6.8000
619.9427	86.0800	5.8000
630.3331	86.1300	4.7000
640.8976	86.1700	3.6000
651.6392	86.1900	2.5000
662.5609	86.1800	1.4000
673.6656	86.1600	0.3000
684.9564	86.1200	-0.7000
696.4364	86.0700	-1.7000
708.1088	86.0000	-2.5000
719.9769	85.9200	-3.3000
732.0439	85.8300	-3.9000
744.3131	85.7300	-4.4000
756.7880	85.6400	-4.7000
769.4720	85.5500	-4.9000
782.3685	85.4800	-5.0000
795.4812	85.4200	-5.0000
808.8137	85.3800	-4.9000
822.3696	85.3700	-4.8000
836.1527	85.3700	-4.7000
850.1668	85.4000	-4.6000
864.4158	85.4400	-4.7000
878.9036	85.5000	-4.9000
893.6343	85.5700	-5.2000
908.6118	85.6300	-5.7000
923.8404	85.6800	-6.4000
939.3242	85.7200	-7.2000
955.0675	85.7400	-8.1000
971.0746	85.7300	-9.0000
987.3501	85.6900	-10.0000
1003.8983	85.6300	-10.9000
1020.7239	85.5400	-11.7000
1037.8315	85.4300	-12.4000
1055.2258	85.3000	-12.9000
1072.9116	85.1700	-13.1000
1090.8939	85.0500	-13.2000
1109.1775	84.9400	-13.0000
1127.7676	84.8500	-12.6000
1146.6693	84.8100	-12.2000
1165.8877	84.7900	-11.8000
1185.4283	84.8100	-11.4000
1205.2964	84.8500	-11.2000
1225.4974	84.9100	-11.1000
1246.0371	84.9600	-11.2000
1266.9209	85.0000	-11.4000
1288.1549	85.0200	-11.7000
1309.7446	85.0200	-12.0000
1331.6963	85.0100	-12.0000
1354.0158	85.0000	-12.0000
1376.7095	85.0100	-11.7000
1399.7835	85.0500	-11.2000
1423.2442	85.1500	-10.6000
1447.0981	85.3100	-10.2000
1471.3518	85.5200	-10.0000
1496.0120	85.7800	-10.2000
1521.0856	86.0500	-10.8000
1546.5793	86.3100	-12.0000
1572.5004	86.5400	-13.5000
1598.8559	86.7300	-15.3000
1625.6531	86.8700	-17.4000
1652.8994	86.9600	-19.5000
1680.6024	87.0000	-21.6000
1708.7697	87.0100	-23.6000
1737.4091	87.0100	-25.5000
1766.5285	86.9900	-27.4000
1796.1360	86.9600	-29.3000
1826.2397	86.9200	-31.3000
1856.8479	86.8500	-33.3000
1887.9691	86.7500	-35.4000
1919.6120	86.6200	-37.3000
1951.7851	86.4500	-39.2000
1984.4975	86.2600	-40.7000
2017.7582	86.0700	-42.0000
2051.5763	85.9100	-43.2000
2085.9612	85.7800	-44.4000
2120.9224	85.6600	-45.8000
2156.4696	85.5100	-47.6000
2192.6126	85.3100	-49.5000
2229.3613	85.0100	-51.3000
2266.7259	84.6300	-52.7000
2304.7168	84.2200	-53.3000
2343.3444	83.8600	-53.2000
2382.6195	83.5900	-52.5000
2422.5528	83.4400	-52.0000
2463.1553	83.3300	-52.0000
2504.4384	83.2100	-52.4000
2546.4134	83.0100	-52.9000
2589.0919	82.7800	-52.9000
2632.4858	82.5700	-52.4000
2676.6069	82.4400	-51.7000
2721.4674	82.4000	-51.1000
2767.0799	82.3800	-51.0000
2813.4568	82.3300	-51.2000
2860.6111	82.2500	-51.3000
2908.5556	82.1700	-51.1000
2957.3037	82.1500	-50.7000
3006.8689	82.1800	-50.6000
3057.2647	82.2200	-50.7000
3108.5052	82.2600	-51.1000
3160.6045	82.2800	-51.6000
3213.5770	82.3000	-52.1000
3267.4374	82.3200	-52.6000
3322.2004	82.3400	-53.2000
3377.8813	82.3800	-53.7000
3434.4954	82.4400	-54.3000
3492.0584	82.5300	-55.1000
3550.5862	82.6300	-56.3000
3610.0949	82.6900	-57.7000
3670.6009	82.6900	-59.1000
3732.1211	82.6600	-60.2000
3794.6724	82.6500	-60.8000
3858.2720	82.7000	-61.0000
3922.9376	82.8800	-60.9000
3988.6870	83.2700	-60.9000
4055.5384	83.9100	-62.3000
4123.5102	84.6200	-66.7000
4192.6212	85.0700	-73.8000
4262.8906	85.0300	-82.2000
4334.3377	84.5100	-89.5000
4406.9822	83.7300	-94.3000
4480.8443	83.0300	-96.4000
4555.9444	82.6300	-97.1000
4632.3031	82.5400	-98.4000
4709.9417	82.5900	-101.4000
4788.8814	82.5100	-106.1000
4869.1443	82.1800	-111.2000
4950.7523	81.7400	-115.2000
5033.7281	81.3800	-119.0000
5118.0947	81.0100	-124.1000
5203.8752	80.3000	-129.8000
5291.0934	79.2700	-133.4000
5379.7734	78.3100	-134.0000
5469.9397	77.7600	-133.3000
5561.6173	77.5900	-133.5000
5654.8313	77.6700	-136.4000
5749.6077	77.5800	-142.9000
5845.9725	76.9800	-150.7000
5943.9525	76.0600	-157.4000
6043.5746	75.0600	-163.9000
6144.8664	73.7000	-171.0000
6247.8558	71.9100	-175.5000
6352.5714	70.2900	-177.0000
6459.0421	68.8000	-179.6000
6567.2972	67.1200	178.2000
6677.3667	65.4800	174.3000
6789.2810	63.2800	165.7000
6903.0710	60.4400	151.0000
7018.7682	57.1300	115.0000
7136.4045	54.6100	44.1000
7256.0123	55.8500	-20.4000
7377.6249	57.5900	-46.8000
7501.2757	59.5400	-54.3000
7626.9989	61.1000	-57.7000
7754.8293	62.7100	-57.9000
7884.8021	64.4400	-62.4000
8016.9533	65.4900	-69.3000
8151.3194	66.1900	-76.9000
8287.9375	66.2100	-85.4000
8426.8454	65.6800	-91.3000
8568.0814	64.9300	-94.7000
8711.6845	63.9300	-95.6000
8857.6945	62.7300	-91.3000
9006.1516	62.2000	-79.4000
9157.0969	63.2400	-66.3000
9310.5721	65.1600	-60.1000
9466.6196	67.1900	-58.1000
9625.2825	69.8500	-62.6000
9786.6046	71.7500	-80.1000
9950.6305	71.0800	-100.4000
10117.4050	68.7200	-104.0000
10286.9760	68.1200	-92.4000
10459.3880	70.2100	-79.8000
10634.6900	74.0600	-86.2000
10812.9300	76.0300	-106.0000
10994.1570	76.8500	-122.7000
11178.4220	77.7800	-139.1000
11365.7750	78.3700	-160.3000
11556.2680	77.9600	-134.8000
11749.9540	77.1700	159.3000
11946.8860	76.4100	141.9000
12147.1190	75.9200	122.3000
12350.7080	75.2000	95.0000
12557.7080	73.4100	65.7000
12768.1790	72.6600	28.3000
12982.1770	71.0200	-33.7000
13199.7610	67.7300	-103.2000
13420.9920	65.4100	-159.7000
13645.9310	64.9600	156.3000
13874.6410	63.2900	109.7000
14107.1830	60.6000	75.1000
14343.6230	57.6600	28.3000
14584.0250	53.1300	-43.3000
14828.4570	51.4600	-123.3000
15076.9860	52.8100	-28.1000
15329.6800	53.3100	149.8000
15586.6090	53.9300	135.6000
15847.8440	54.0900	123.6000
16113.4580	54.6200	115.0000
16383.5240	55.0900	99.8000
16658.1150	53.7800	83.4000
16937.3100	52.0200	74.0000
17221.1830	50.8300	63.3000
17509.8140	48.5900	52.5000
17803.2830	46.3400	52.6000
18101.6700	45.3300	57.9000
18405.0590	45.1100	56.7000
18713.5320	44.3000	53.5000
19027.1760	43.0800	50.9000
19346.0760	42.3900	47.4000
19670.3210	41.6600	41.0000
20000.0000	41.4400	39.4000