19.8660	57.3200	128.3000
20.1989	58.1300	127.7000
20.5375	58.9500	127.1000
20.8817	59.8200	126.5000
21.2317	60.6600	125.9000
21.5875	61.3800	125.3000
21.9493	61.9400	124.7000
22.3172	62.3500	124.1000
22.6913	62.6600	123.6000
23.0716	62.8600	123.0000
23.4583	62.9200	122.4000
23.8514	62.8600	121.9000
24.2512	62.7000	121.3000
24.6576	62.5500	120.7000
25.0709	62.4800	120.1000
25.4911	62.4900	119.5000
25.9183	62.5500	118.9000
26.3527	62.6800	118.4000
26.7944	62.9600	117.8000
27.2435	63.3800	117.2000
27.7001	63.8200	116.6000
28.1644	64.1800	116.0000
28.6364	64.4700	115.4000
29.1164	64.7400	114.8000
29.6044	65.0200	114.2000
30.1005	65.3200	113.7000
30.6050	65.6500	113.1000
31.1180	66.0300	112.5000
31.6395	66.4400	112.0000
32.1698	66.8300	111.4000
32.7090	67.1500	110.8000
33.2572	67.4400	110.2000
33.8146	67.7500	109.6000
34.3813	68.0900	109.1000
34.9576	68.4600	108.5000
35.5435	68.8300	107.9000
36.1392	69.1700	107.4000
36.7449	69.4600	106.8000
37.3607	69.7200	106.2000
37.9869	69.9400	105.6000
38.6236	70.1600	105.1000
39.2709	70.3600	104.5000
39.9291	70.5400	103.9000
40.5983	70.7100	103.3000
41.2788	70.8800	102.8000
41.9706	71.0500	102.2000
42.6741	71.2000	101.6000
43.3893	71.2300	101.1000
44.1165	71.0700	100.5000
44.8559	70.7000	99.9000
45.6077	70.6200	99.3000
46.3721	71.0200	98.7000
47.1493	71.4600	98.2000
47.9395	71.6900	97.7000
48.7430	71.8300	97.1000
49.5600	72.0200	96.5000
50.3906	72.2800	95.9000
51.2351	72.5900	95.4000
52.0939	72.8700	94.8000
52.9670	73.1100	94.2000
53.8547	73.3300	93.7000
54.7573	73.5400	93.2000
55.6751	73.7600	92.6000
56.6082	74.0300	92.1000
57.5570	74.3800	91.5000
58.5216	74.7400	90.9000
59.5025	75.0000	90.3000
60.4997	75.1800	89.7000
61.5137	75.3500	89.1000
62.5447	75.5100	88.6000
63.5930	75.6600	88.0000
64.6588	75.7100	87.5000
65.7425	75.6500	86.9000
66.8444	75.4300	86.3000
67.9647	75.1400	85.7000
69.1038	74.9100	85.1000
70.2620	74.7000	84.6000
71.4396	74.4600	84.0000
72.6370	74.3300	83.4000
73.8544	74.3600	82.8000
75.0922	74.6300	82.3000
76.3508	74.9100	81.7000
77.6304	75.0900	81.1000
78.9315	75.2000	80.5000
80.2544	75.3400	79.9000
81.5995	75.4600	79.3000
82.9672	75.5700	78.7000
84.3577	75.7100	78.1000
85.7716	75.8200	77.4000
87.2091	75.9300	76.8000
88.6707	76.1100	76.2000
90.1569	76.4000	75.6000
91.6680	76.6200	75.0000
93.2043	76.7900	74.4000
94.7665	77.0600	73.7000
96.3548	77.3300	73.1000
97.9697	77.5300	72.5000
99.6117	77.6300	71.8000
101.2812	77.6400	71.2000
102.9787	77.6000	70.5000
104.7047	77.5600	69.9000
106.4595	77.5500	69.2000
108.2438	77.6000	68.6000
110.0580	77.7500	67.9000
111.9026	77.9400	67.3000
113.7781	78.1200	66.6000
115.6851	78.2500	65.9000
117.6240	78.3400	65.2000
119.5954	78.4100	64.5000
121.5998	78.4400	63.9000
123.6379	78.4500	63.2000
125.7101	78.4600	62.5000
127.8170	78.4700	61.8000
129.9592	78.4800	61.1000
132.1374	78.5300	60.4000
134.3520	78.6300	59.7000
136.6038	78.7700	58.9000
138.8933	78.8900	58.2000
141.2212	78.9000	57.5000
143.5881	78.8500	56.7000
145.9947	78.8200	56.0000
148.4416	78.8900	55.2000
150.9295	79.0300	54.5000
153.4591	79.1600	53.7000
156.0312	79.2600	53.0000
158.6463	79.3200	52.2000
161.3052	79.3100	51.4000
164.0087	79.2500	50.7000
166.7576	79.1800	49.9000
169.5525	79.1800	49.1000
172.3942	79.2300	48.3000
175.2836	79.3000	47.5000
178.2214	79.3200	46.8000
181.2084	79.3100	46.0000
184.2455	79.3200	45.1000
187.3335	79.4000	44.3000
190.4733	79.5700	43.5000
193.6656	79.7000	42.8000
196.9115	79.7300	42.0000
200.2118	79.7200	41.2000
203.5674	79.7100	40.4000
206.9792	79.7100	39.6000
210.4483	79.7500	38.8000
213.9754	79.8100	38.0000
217.5617	79.8200	37.2000
221.2081	79.8300	36.4000
224.9156	79.8400	35.6000
228.6852	79.8500	34.8000
232.5181	79.8500	34.0000
236.4151	79.8300	33.2000
240.3775	79.8200	32.4000
244.4063	79.8200	31.7000
248.5026	79.8200	30.9000
252.6676	79.8200	30.1000
256.9023	79.8100	29.4000
261.2081	79.8000	28.6000
265.5860	79.8000	27.9000
270.0373	79.7800	27.2000
274.5632	79.7500	26.5000
279.1649	79.7400	25.8000
283.8438	79.7200	25.2000
288.6011	79.7200	24.5000
293.4381	79.7300	23.9000
298.3562	79.7300	23.2000
303.3567	79.7400	22.6000
308.4410	79.7400	22.1000
313.6106	79.7600	21.5000
318.8668	79.8000	21.0000
324.2111	79.8100	20.5000
329.6449	79.8000	20.0000
335.1698	79.7500	19.5000
340.7874	79.7100	19.1000
346.4991	79.6800	18.7000
352.3065	79.6500	18.3000
358.2112	79.6200	17.9000
364.2149	79.5800	17.6000
370.3193	79.5300	17.3000
376.5259	79.5000	17.0000
382.8366	79.4800	16.7000
389.2530	79.5000	16.5000
395.7770	79.6000	16.2000
402.4103	79.6800	16.1000
409.1548	79.6700	15.9000
416.0123	79.6000	15.7000
422.9848	79.5200	15.5000
430.0741	79.4500	15.3000
437.2823	79.4000	15.2000
444.6112	79.3700	15.1000
452.0630	79.3300	15.1000
459.6397	79.2900	15.1000
467.3434	79.2500	15.1000
475.1762	79.2000	15.1000
483.1402	79.1500	15.1000
491.2378	79.1000	15.1000
499.4710	79.0600	15.1000
507.8423	79.0400	15.0000
516.3539	79.0200	15.0000
525.0081	79.0000	14.9000
533.8074	79.0000	14.8000
542.7541	78.9900	14.6000
551.8508	78.9900	14.4000
561.0999	78.9900	14.2000
570.5041	78.9900	14.0000
580.0659	78.9800	13.7000
589.7879	78.9600	13.5000
599.6729	78.9600	13.1000
609.7236	78.9600	12.8000
619.9427	78.9600	12.4000
630.3331	78.9700	11.9000
640.8976	78.9800	11.4000
651.6392	78.9800	10.9000
662.5609	78.9800	10.3000
673.6656	78.9700	9.6000
684.9564	78.9500	9.0000
696.4364	78.9200	8.3000
708.1088	78.8800	7.7000
719.9769	78.8200	7.1000
732.0439	78.7600	6.6000
744.3131	78.6800	6.2000
756.7880	78.6000	5.9000
769.4720	78.5100	5.7000
782.3685	78.4200	5.6000
795.4812	78.3400	5.7000
808.8137	78.2700	5.8000
822.3696	78.2100	6.1000
836.1527	78.1700	6.5000
850.1668	78.1500	6.9000
864.4158	78.1500	7.3000
878.9036	78.1800	7.7000
893.6343	78.2300	8.1000
908.6118	78.2900	8.3000
923.8404	78.3700	8.4000
939.3242	78.4500	8.4000
955.0675	78.5300	8.3000
971.0746	78.6000	8.1000
987.3501	78.6700	7.7000
1003.8983	78.7200	7.3000
1020.7239	78.7600	6.9000
1037.8315	78.7900	6.5000
1055.2258	78.8100	6.1000
1072.9116	78.8200	5.7000
1090.8939	78.8200	5.5000
1109.1775	78.8400	5.2000
1127.7676	78.8600	5.0000
1146.6693	78.8900	4.8000
1165.8877	78.9300	4.5000
1185.4283	78.9700	4.1000
1205.2964	79.0100	3.7000
1225.4974	79.0400	3.0000
1246.0371	79.0500	2.3000
1266.9209	79.0300	1.5000
1288.1549	78.9800	0.6000
1309.7446	78.8800	-0.1000
1331.6963	78.7500	-0.6000
1354.0158	78.5900	-0.9000
1376.7095	78.4200	-0.8000
1399.7835	78.2600	-0.2000
1423.2442	78.1300	0.7000
1447.0981	78.0600	2.0000
1471.3518	78.0700	3.4000
1496.0120	78.1600	4.9000
1521.0856	78.3100	6.1000
1546.5793	78.5300	6.9000
1572.5004	78.7700	7.3000
1598.8559	79.0300	7.4000
1625.6531	79.2900	7.1000
1652.8994	79.5300	6.5000
1680.6024	79.7700	5.6000
1708.7697	80.0000	4.4000
1737.4091	80.2000	2.8000
1766.5285	80.3600	1.0000
1796.1360	80.4800	-1.1000
1826.2397	80.5300	-3.4000
1856.8479	80.5000	-5.8000
1887.9691	80.3600	-8.1000
1919.6120	80.1300	-10.0000
1951.7851	79.8400	-11.1000
1984.4975	79.5500	-11.3000
2017.7582	79.3300	-10.7000
2051.5763	79.2500	-9.6000
2085.9612	79.3200	-8.8000
2120.9224	79.4900	-8.9000
2156.4696	79.6400	-9.9000
2192.6126	79.6800	-11.6000
2229.3613	79.5600	-13.3000
2266.7259	79.3000	-14.3000
2304.7168	79.0300	-14.1000
2343.3444	78.8700	-12.7000
2382.6195	78.9300	-11.1000
2422.5528	79.1700	-10.4000
2463.1553	79.4400	-11.0000
2504.4384	79.6000	-12.6000
2546.4134	79.5900	-14.2000
2589.0919	79.4900	-14.9000
2632.4858	79.4600	-14.8000
2676.6069	79.6100	-14.5000
2721.4674	79.8900	-15.1000
2767.0799	80.1500	-17.0000
2813.4568	80.2600	-19.7000
2860.6111	80.2000	-22.2000
2908.5556	80.0600	-23.8000
2957.3037	79.9900	-24.7000
3006.8689	80.0600	-25.5000
3057.2647	80.1900	-27.4000
3108.5052	80.2600	-30.2000
3160.6045	80.1500	-33.4000
3213.5770	79.8900	-36.2000
3267.4374	79.5700	-38.3000
3322.2004	79.2600	-40.0000
3377.8813	78.9200	-41.7000
3434.4954	78.4700	-43.2000
3492.0584	77.9100	-43.4000
3550.5862	77.4400	-41.7000
3610.0949	77.3000	-39.2000
3670.6009	77.4800	-37.9000
3732.1211	77.6800	-38.8000
3794.6724	77.6700	-40.7000
3858.2720	77.5200	-42.1000
3922.9376	77.3900	-43.3000
3988.6870	77.2600	-44.9000
4055.5384	76.9700	-46.9000
4123.5102	76.5100	-48.1000
4192.6212	76.0600	-47.7000
4262.8906	75.7700	-46.8000
4334.3377	75.5300	-46.2000
4406.9822	75.2500	-45.1000
4480.8443	75.1200	-42.7000
4555.9444	75.3500	-40.5000
4632.3031	75.7800	-41.2000
4709.9417	75.9400	-44.5000
4788.8814	75.6600	-47.9000
4869.1443	75.0800	-49.3000
4950.7523	74.4800	-48.2000
5033.7281	74.0700	-44.9000
5118.0947	74.0700	-40.2000
5203.8752	74.6000	-36.8000
5291.0934	75.2900	-37.1000
5379.7734	75.7100	-39.9000
5469.9397	75.8500	-43.0000
5561.6173	75.8700	-45.8000
5654.8313	75.7800	-48.7000
5749.6077	75.5900	-50.9000
5845.9725	75.4600	-52.7000
5943.9525	75.3200	-54.9000
6043.5746	75.0100	-57.2000
6144.8664	74.6200	-58.2000
6247.8558	74.3100	-58.5000
6352.5714	74.0200	-58.5000
6459.0421	73.7800	-57.7000
6567.2972	73.6900	-56.4000
6677.3667	73.8100	-55.2000
6789.2810	74.1700	-55.2000
6903.0710	74.4700	-57.5000
7018.7682	74.5300	-59.9000
7136.4045	74.6300	-61.5000
7256.0123	74.8300	-63.9000
7377.6249	74.9900	-67.1000
7501.2757	75.1400	-70.8000
7626.9989	75.2400	-75.8000
7754.8293	75.1600	-81.7000
7884.8021	74.7900	-88.0000
8016.9533	74.0700	-93.1000
8151.3194	73.2800	-95.1000
8287.9375	72.8700	-95.5000
8426.8454	72.6900	-97.9000
8568.0814	72.2400	-101.0000
8711.6845	71.8200	-101.9000
8857.6945	71.7600	-102.9000
9006.1516	71.9600	-105.7000
9157.0969	72.1200	-112.0000
9310.5721	71.7900	-120.7000
9466.6196	70.9400	-128.9000
9625.2825	69.8500	-134.9000
9786.6046	68.8900	-139.5000
9950.6305	67.9900	-145.0000
10117.4050	66.8200	-150.7000
10286.9760	65.5500	-154.6000
10459.3880	64.5600	-157.6000
10634.6900	63.6900	-162.7000
10812.9300	62.5900	-169.2000
10994.1570	61.2300	-177.7000
11178.4220	59.0600	173.6000
11365.7750	56.6600	168.9000
11556.2680	54.3700	163.9000
11749.9540	52.7300	159.2000
11946.8860	50.9800	145.1000
12147.1190	48.4800	126.3000
12350.7080	45.2000	94.4000
12557.7080	38.9000	66.7000
12768.1790	36.5500	65.4000
12982.1770	38.0200	65.3000
13199.7610	41.3300	55.3000
13420.9920	42.5900	50.3000
13645.9310	43.6700	69.0000
13874.6410	48.6300	97.4000
14107.1830	55.2000	95.7000
14343.6230	60.2800	81.7000
14584.0250	64.4800	56.6000
14828.4570	66.7500	25.0000
15076.9860	67.0100	-4.0000
15329.6800	66.3300	-26.0000
15586.6090	65.4600	-43.7000
15847.8440	64.2700	-59.8000
16113.4580	62.4900	-72.8000
16383.5240	60.2600	-80.8000
16658.1150	58.0500	-81.9000
16937.3100	56.3100	-76.7000
17221.1830	55.5700	-69.3000
17509.8140	55.6400	-62.2000
17803.2830	57.2100	-58.1000
18101.6700	59.3800	-64.8000
18405.0590	60.7600	-82.5000
18713.5320	60.4700	-104.4000
19027.1760	58.9800	-122.4000
19346.0760	56.9300	-134.8000
19670.3210	55.2600	-143.2000
20000.0000	54.2800	-147.1000