19.86599	68.97	146.4
20.19895	69.17	145.9
20.53749	69.37	145.4
20.8817	69.58	144.9
21.23169	69.79	144.4
21.58753	70	143.9
21.94935	70.2	143.4
22.31722	70.39	142.9
22.69126	70.57	142.4
23.07158	70.8	141.8
23.45826	71.15	141.3
23.85143	71.69	140.8
24.25118	72.35	140.3
24.65764	72.88	139.7
25.07091	73.13	139.2
25.4911	73.16	138.6
25.91834	73.15	138
26.35274	73.2	137.5
26.79441	73.45	136.9
27.2435	73.9	136.4
27.7001	74.43	135.8
28.16436	74.92	135.3
28.63641	75.35	134.7
29.11636	75.73	134.1
29.60436	76.04	133.5
30.10053	76.31	132.9
30.60502	76.58	132.3
31.11797	76.9	131.8
31.63952	77.26	131.2
32.1698	77.67	130.6
32.70898	78.1	130
33.25719	78.53	129.4
33.81459	78.94	128.7
34.38133	79.33	128.1
34.95757	79.71	127.5
35.54346	80.11	126.9
36.13918	80.52	126.3
36.74488	80.93	125.6
37.36074	81.3	125
37.98691	81.6	124.4
38.62358	81.82	123.7
39.27092	81.99	123.1
39.92911	82.19	122.5
40.59833	82.4	121.9
41.27877	82.57	121.2
41.97061	82.7	120.6
42.67405	82.81	120
43.38928	82.92	119.3
44.11649	83.01	118.7
44.8559	83.09	118.1
45.60769	83.14	117.4
46.37209	83.17	116.8
47.1493	83.2	116.1
47.93953	83.28	115.5
48.74301	83.38	114.8
49.55995	83.52	114.2
50.39059	83.7	113.5
51.23515	83.91	112.9
52.09386	84.11	112.2
52.96697	84.31	111.5
53.85471	84.52	110.9
54.75733	84.76	110.2
55.67507	85.05	109.6
56.6082	85.41	109
57.55697	85.82	108.3
58.52164	86.32	107.6
59.50247	86.82	107
60.49975	87.07	106.3
61.51374	87.13	105.7
62.54472	87.22	105
63.59299	87.36	104.3
64.65882	87.48	103.7
65.74252	87.6	103
66.84438	87.71	102.3
67.96471	87.77	101.7
69.10382	87.8	101
70.26201	87.89	100.4
71.43962	88.07	99.7
72.63697	88.25	99
73.85438	88.41	98.4
75.0922	88.62	97.7
76.35076	88.89	97.1
77.63042	89.2	96.4
78.93152	89.46	95.7
80.25443	89.64	95.1
81.59952	89.71	94.4
82.96715	89.65	93.7
84.3577	89.48	93
85.77155	89.31	92.4
87.2091	89.22	91.7
88.67075	89.22	91.1
90.15689	89.41	90.4
91.66795	89.8	89.7
93.20432	90.29	89
94.76645	90.81	88.3
96.35476	91.25	87.6
97.96969	91.53	87
99.61168	91.63	86.3
101.2812	91.59	85.6
102.9787	91.43	84.9
104.70465	91.26	84.2
106.45952	91.19	83.5
108.24381	91.25	82.8
110.058	91.45	82.1
111.9026	91.77	81.4
113.77812	92.12	80.7
115.68507	92.39	80
117.62398	92.47	79.3
119.59538	92.41	78.6
121.59983	92.32	77.8
123.63787	92.27	77.1
125.71007	92.25	76.4
127.81701	92.34	75.7
129.95925	92.55	75
132.1374	92.8	74.2
134.35205	93.01	73.5
136.60383	93.08	72.8
138.89334	93.03	72
141.22123	92.9	71.2
143.58813	92.84	70.5
145.9947	92.92	69.7
148.44161	93.16	69
150.92953	93.45	68.2
153.45914	93.67	67.5
156.03116	93.75	66.7
158.64628	93.74	66
161.30523	93.62	65.2
164.00874	93.53	64.4
166.75757	93.59	63.6
169.55247	93.75	62.8
172.39421	93.87	62
175.28358	93.87	61.3
178.22137	93.81	60.5
181.2084	93.85	59.7
184.2455	94.1	58.9
187.3335	94.36	58
190.47326	94.48	57.2
193.66564	94.45	56.5
196.91152	94.35	55.7
200.2118	94.31	54.9
203.5674	94.36	54
206.97924	94.45	53.2
210.44827	94.49	52.4
213.97543	94.49	51.5
217.56171	94.53	50.7
221.2081	94.65	49.9
224.9156	94.76	49.1
228.68524	94.75	48.3
232.51806	94.68	47.4
236.41512	94.67	46.6
240.3775	94.75	45.8
244.40628	94.82	45
248.50259	94.81	44.2
252.66756	94.79	43.4
256.90233	94.82	42.6
261.20807	94.86	41.8
265.58598	94.83	41
270.03727	94.79	40.2
274.56316	94.83	39.4
279.16491	94.88	38.7
283.84378	94.87	38
288.60107	94.85	37.2
293.43809	94.88	36.5
298.35619	94.95	35.8
303.35671	95	35.1
308.44104	95.06	34.4
313.61059	95.11	33.8
318.86678	95.11	33.1
324.21107	95.06	32.5
329.64492	95.03	31.9
335.16985	94.99	31.4
340.78738	94.95	30.8
346.49906	94.92	30.3
352.30647	94.91	29.8
358.21121	94.9	29.3
364.21492	94.9	28.9
370.31925	94.89	28.5
376.5259	94.85	28.1
382.83656	94.82	27.7
389.253	94.79	27.4
395.77697	94.77	27.1
402.41029	94.76	26.8
409.15479	94.76	26.6
416.01232	94.75	26.4
422.98479	94.74	26.2
430.07412	94.72	26
437.28226	94.73	25.9
444.61122	94.76	25.7
452.06302	94.81	25.7
459.6397	94.83	25.6
467.34338	94.81	25.6
475.17617	94.79	25.6
483.14023	94.78	25.6
491.23778	94.76	25.6
499.47105	94.76	25.6
507.84231	94.76	25.7
516.35387	94.78	25.7
525.00808	94.8	25.7
533.80735	94.83	25.7
542.75409	94.86	25.7
551.85078	94.89	25.7
561.09994	94.92	25.6
570.50411	94.95	25.5
580.0659	94.98	25.3
589.78794	95	25.1
599.67293	94.99	24.7
609.7236	94.96	24.4
619.94272	94.94	24.1
630.33311	94.92	23.9
640.89765	94.9	23.7
651.63925	94.89	23.6
662.56088	94.89	23.5
673.66556	94.9	23.3
684.95636	94.9	23.2
696.4364	94.9	23.2
708.10884	94.9	23.2
719.97692	94.88	23.2
732.04391	94.87	23.2
744.31315	94.85	23.4
756.78802	94.83	23.7
769.47197	94.82	24
782.36851	94.82	24.5
795.4812	94.83	25
808.81366	94.86	25.7
822.36957	94.92	26.3
836.15269	95.01	26.8
850.16681	95.11	27.3
864.41582	95.24	27.8
878.90364	95.39	28.1
893.63428	95.55	28.1
908.61181	95.71	27.9
923.84036	95.87	27.6
939.32415	96	27
955.06746	96.11	26.3
971.07462	96.19	25.6
987.35007	96.24	24.7
1003.8983	96.25	23.9
1020.7239	96.23	23.2
1037.8315	96.17	22.7
1055.2258	96.09	22.5
1072.9116	96	22.6
1090.8939	95.93	23.1
1109.1775	95.89	24
1127.7676	95.91	25
1146.6693	95.99	26.1
1165.8877	96.14	27.3
1185.4283	96.36	28.1
1205.2964	96.61	28.6
1225.4974	96.87	28.7
1246.0371	97.13	28.5
1266.9209	97.37	28
1288.1549	97.58	27.3
1309.7446	97.75	26.6
1331.6963	97.89	25.9
1354.0158	98.02	25.5
1376.7095	98.17	25.2
1399.7835	98.34	25.1
1423.2442	98.56	25
1447.0981	98.83	24.7
1471.3518	99.14	24.1
1496.012	99.47	23.1
1521.0856	99.79	21.6
1546.5793	100.07	19.6
1572.5004	100.31	17.4
1598.8559	100.47	15.1
1625.6531	100.59	12.7
1652.8994	100.65	10.4
1680.6024	100.69	8.3
1708.7697	100.72	6.4
1737.4091	100.77	4.4
1766.5285	100.83	2.4
1796.136	100.88	0
1826.2397	100.9	-2.8
1856.8479	100.85	-5.9
1887.9691	100.69	-9.2
1919.612	100.41	-12.5
1951.7851	99.98	-15.3
1984.4975	99.44	-17.4
2017.7582	98.83	-18.2
2051.5763	98.27	-17.6
2085.9612	97.84	-15.7
2120.9224	97.61	-13.4
2156.4696	97.59	-11.2
2192.6126	97.71	-9.9
2229.3613	97.87	-9.4
2266.7259	98.03	-9.4
2304.7168	98.2	-9.9
2343.3444	98.38	-10.5
2382.6195	98.58	-11.8
2422.5528	98.77	-13.8
2463.1553	98.88	-16.5
2504.4384	98.87	-19.6
2546.4134	98.71	-22.7
2589.0919	98.44	-25.2
2632.4858	98.13	-27.1
2676.6069	97.86	-28.5
2721.4674	97.64	-30.1
2767.0799	97.36	-32.4
2813.4568	96.91	-35
2860.6111	96.2	-37
2908.5556	95.31	-37.4
2957.3037	94.45	-35.2
3006.8689	93.83	-31.3
3057.2647	93.48	-27.3
3108.5052	93.25	-23.9
3160.6045	93	-20.3
3213.577	92.78	-15.6
3267.4374	92.82	-9.3
3322.2004	93.35	-2.5
3377.8813	94.4	2.7
3434.4954	95.79	4.7
3492.0584	97.28	2.8
3550.5862	98.63	-2.6
3610.0949	99.66	-10.9
3670.6009	100.24	-21.1
3732.1211	100.28	-31.9
3794.6724	99.76	-41.7
3858.272	98.83	-48.2
3922.9376	97.94	-50.6
3988.687	97.63	-50.8
4055.5384	97.83	-53.8
4123.5102	97.91	-61.1
4192.6212	97.47	-70.9
4262.8906	96.39	-81
4334.3377	94.8	-89.6
4406.9822	92.91	-97
4480.8443	90.61	-105
4555.9444	87.08	-116.2
4632.3031	79.42	-132
4709.9417	73.03	44.3
4788.8814	84.25	25.4
4869.1443	88.09	14.1
4950.7523	90.3	5.1
5033.7281	91.83	-4
5118.0947	92.79	-13.9
5203.8752	93.25	-23.9
5291.0934	93.32	-34
5379.7734	93.04	-44.5
5469.9397	92.33	-56.8
5561.6173	90.55	-71.3
5654.8313	86.91	-82.9
5749.6077	80.91	-81.6
5845.9725	72.24	-14.8
5943.9525	83.24	34.4
6043.5746	88.35	22.6
6144.8664	90.47	11.5
6247.8558	92.31	3.2
6352.5714	93.87	-11.6
6459.0421	93.86	-29.5
6567.2972	92.78	-39.6
6677.3667	92.66	-46.6
6789.281	92.01	-63.7
6903.071	88.79	-78.8
7018.7682	84.32	-75.6
7136.4045	79.6	-40.9
7256.0123	85.95	-8.4
7377.6249	88.63	-28.9
7501.2757	87.32	-38.4
7626.9989	87.32	-35.9
7754.8293	87.26	-39.9
7884.8021	87.18	-42.6
8016.9533	86.32	-51
8151.3194	83.42	-46.4
8287.9375	83.87	-20.8
8426.8454	86.86	-22.2
8568.0814	85.77	-33.7
8711.6845	85.39	-5.9
8857.6945	89.55	-7.3
9006.1516	91.43	-16
9157.0969	93.1	-29.3
9310.5721	93.41	-44.1
9466.6196	93.04	-54.9
9625.2825	92.33	-60.3
9786.6046	92.34	-61.1
9950.6305	92.93	-62.3
10117.405	94.3	-67.8
10286.976	95.33	-78.7
10459.388	95.87	-89.6
10634.69	96.29	-103.5
10812.93	96	-114.5
10994.157	95.83	-123
11178.422	96.18	-131.6
11365.775	96.77	-138.3
11556.268	97.96	-154.3
11749.954	98.31	-173.3
11946.886	97.52	162.8
12147.119	95.63	150
12350.708	94.22	137.1
12557.708	91.33	129.1
12768.179	90.31	138.5
12982.177	89.01	140.2
13199.761	90.86	147.3
13420.992	91.35	135.8
13645.931	91.95	134.7
13874.641	92.32	128.1
14107.183	92.76	121.4
14343.623	93.56	119.7
14584.025	96.06	105.1
14828.457	95.27	72.2
15076.986	90.84	64
15329.68	91.27	93.1
15586.609	94.29	77
15847.844	93.36	65.2
16113.458	93.05	60.3
16383.524	93.51	59.7
16658.115	94.51	58.5
16937.31	96.08	48
17221.183	97.67	43.7
17509.814	101.17	21
17803.283	101.43	-9.3
18101.67	99.54	-46.4
18405.059	95.62	-55.3
18713.532	92.95	-54.9
19027.176	92.42	-33.4
19346.076	96.17	-30.7
19670.321	99.38	-47.3
