19.86599	76.37	99.4
20.19895	76.59	99.1
20.53749	76.81	98.7
20.8817	77.03	98.3
21.23169	77.26	97.9
21.58753	77.5	97.6
21.94935	77.76	97.2
22.31722	78.05	96.8
22.69126	78.36	96.5
23.07158	78.67	96.1
23.45826	78.95	95.8
23.85143	79.2	95.5
24.25118	79.43	95.1
24.65764	79.64	94.8
25.07091	79.85	94.4
25.4911	80.06	94.1
25.91834	80.28	93.7
26.35274	80.51	93.3
26.79441	80.76	93
27.2435	81.02	92.7
27.7001	81.29	92.3
28.16436	81.56	92
28.63641	81.83	91.6
29.11636	82.08	91.2
29.60436	82.31	90.9
30.10053	82.53	90.6
30.60502	82.77	90.2
31.11797	83.05	89.9
31.63952	83.36	89.6
32.1698	83.68	89.2
32.70898	83.98	88.9
33.25719	84.25	88.5
33.81459	84.52	88.2
34.38133	84.8	87.8
34.95757	85.08	87.5
35.54346	85.35	87.2
36.13918	85.63	86.8
36.74488	85.9	86.5
37.36074	86.18	86.1
37.98691	86.45	85.7
38.62358	86.74	85.4
39.27092	87.03	85
39.92911	87.32	84.6
40.59833	87.56	84.3
41.27877	87.72	83.9
41.97061	87.81	83.6
42.67405	87.92	83.2
43.38928	88.06	82.8
44.11649	88.12	82.5
44.8559	88.07	82.1
45.60769	87.86	81.7
46.37209	87.6	81.4
47.1493	87.45	81
47.93953	87.45	80.6
48.74301	87.46	80.2
49.55995	87.45	79.8
50.39059	87.47	79.5
51.23515	87.53	79.1
52.09386	87.59	78.7
52.96697	87.63	78.2
53.85471	87.71	77.8
54.75733	87.82	77.5
55.67507	87.93	77.1
56.6082	88.01	76.7
57.55697	88.17	76.3
58.52164	88.5	75.8
59.50247	88.82	75.4
60.49975	88.98	75
61.51374	89.02	74.6
62.54472	89.07	74.1
63.59299	89.2	73.7
64.65882	89.36	73.3
65.74252	89.48	72.8
66.84438	89.61	72.4
67.96471	89.8	71.9
69.10382	89.99	71.5
70.26201	90.17	71
71.43962	90.32	70.5
72.63697	90.45	70.1
73.85438	90.57	69.6
75.0922	90.7	69.1
76.35076	90.8	68.7
77.63042	90.86	68.2
78.93152	90.94	67.7
80.25443	91.03	67.2
81.59952	91.11	66.7
82.96715	91.18	66.2
84.3577	91.22	65.6
85.77155	91.23	65.1
87.2091	91.2	64.6
88.67075	91.19	64
90.15689	91.21	63.5
91.66795	91.26	63
93.20432	91.35	62.4
94.76645	91.46	61.9
96.35476	91.57	61.3
97.96969	91.66	60.7
99.61168	91.74	60.1
101.2812	91.76	59.6
102.9787	91.76	59
104.70465	91.76	58.4
106.45952	91.78	57.8
108.24381	91.82	57.2
110.058	91.88	56.5
111.9026	91.95	55.9
113.77812	92	55.3
115.68507	92.01	54.7
117.62398	92.02	54
119.59538	92	53.4
121.59983	91.85	52.7
123.63787	91.66	52
125.71007	91.57	51.4
127.81701	91.58	50.7
129.95925	91.62	50
132.1374	91.69	49.4
134.35205	91.77	48.7
136.60383	91.84	48
138.89334	91.89	47.3
141.22123	91.89	46.5
143.58813	91.86	45.8
145.9947	91.84	45.1
148.44161	91.85	44.3
150.92953	91.91	43.6
153.45914	92.01	42.8
156.03116	92.1	42.1
158.64628	92.14	41.3
161.30523	92.11	40.6
164.00874	92.04	39.8
166.75757	91.97	39
169.55247	91.9	38.2
172.39421	91.86	37.5
175.28358	91.84	36.7
178.22137	91.82	35.9
181.2084	91.85	35.1
184.2455	91.98	34.3
187.3335	92.08	33.5
190.47326	92.16	32.8
193.66564	92.22	32
196.91152	92.22	31.2
200.2118	92.16	30.4
203.5674	92.08	29.6
206.97924	92.04	28.8
210.44827	92.05	28.1
213.97543	92.1	27.3
217.56171	92.19	26.6
221.2081	92.27	25.8
224.9156	92.3	25.1
228.68524	92.29	24.3
232.51806	92.23	23.6
236.41512	92.14	22.9
240.3775	92.09	22.2
244.40628	92.08	21.5
248.50259	92.08	20.9
252.66756	92.09	20.2
256.90233	92.08	19.6
261.20807	92.03	19.1
265.58598	91.95	18.5
270.03727	91.9	18.1
274.56316	91.87	17.6
279.16491	91.85	17.1
283.84378	91.81	16.7
288.60107	91.78	16.4
293.43809	91.73	16.1
298.35619	91.7	15.8
303.35671	91.7	15.6
308.44104	91.73	15.5
313.61059	91.73	15.4
318.86678	91.68	15.4
324.21107	91.59	15.4
329.64492	91.48	15.5
335.16985	91.37	15.6
340.78738	91.27	15.8
346.49906	91.18	16.1
352.30647	91.11	16.5
358.21121	91.06	16.8
364.21492	91	17.3
370.31925	90.92	17.7
376.5259	90.83	18.2
382.83656	90.77	18.8
389.253	90.76	19.3
395.77697	90.82	19.9
402.41029	90.9	20.4
409.15479	90.98	21
416.01232	91.05	21.5
422.98479	91.13	22
430.07412	91.23	22.4
437.28226	91.34	22.9
444.61122	91.44	23.2
452.06302	91.56	23.3
459.6397	91.67	23.3
467.34338	91.74	23.4
475.17617	91.83	22.8
483.14023	91.87	22.3
491.23778	91.89	21.9
499.47105	91.92	21.7
507.84231	91.97	21.6
516.35387	92.03	21.5
525.00808	92.09	21.6
533.80735	92.16	21.8
542.75409	92.24	21.9
551.85078	92.35	22.2
561.09994	92.46	22.5
570.50411	92.58	22.6
580.0659	92.7	22.6
589.78794	92.82	22.6
599.67293	92.95	22.5
609.7236	93.07	22.3
619.94272	93.17	22
630.33311	93.28	21.6
640.89765	93.38	21.2
651.63925	93.46	20.7
662.56088	93.52	20.2
673.66556	93.58	19.6
684.95636	93.62	19.1
696.4364	93.64	18.5
708.10884	93.65	18.1
719.97692	93.65	17.6
732.04391	93.63	17.3
744.31315	93.6	17.1
756.78802	93.57	17.1
769.47197	93.53	17.2
782.36851	93.51	17.4
795.4812	93.5	17.9
808.81366	93.51	18.4
822.36957	93.55	19.1
836.15269	93.62	19.7
850.16681	93.73	20.4
864.41582	93.87	21
878.90364	94.04	21.5
893.63428	94.24	21.7
908.61181	94.46	21.7
923.84036	94.67	21.4
939.32415	94.89	20.8
955.06746	95.07	20.1
971.07462	95.24	19.1
987.35007	95.37	18.1
1003.8983	95.47	17
1020.7239	95.53	15.8
1037.8315	95.55	14.8
1055.2258	95.55	14
1072.9116	95.54	13.3
1090.8939	95.51	12.9
1109.1775	95.51	12.8
1127.7676	95.53	12.9
1146.6693	95.58	13
1165.8877	95.69	13.2
1185.4283	95.84	13.2
1205.2964	96.01	12.9
1225.4974	96.19	12.3
1246.0371	96.36	11.5
1266.9209	96.49	10.4
1288.1549	96.59	9.2
1309.7446	96.63	8
1331.6963	96.63	7
1354.0158	96.61	6.3
1376.7095	96.58	6
1399.7835	96.59	6.2
1423.2442	96.67	6.7
1447.0981	96.84	7.2
1471.3518	97.09	7.5
1496.012	97.43	7.3
1521.0856	97.78	6.3
1546.5793	98.12	4.6
1572.5004	98.41	2.4
1598.8559	98.62	-0.1
1625.6531	98.75	-2.8
1652.8994	98.8	-5.3
1680.6024	98.8	-7.7
1708.7697	98.78	-9.6
1737.4091	98.78	-11.4
1766.5285	98.82	-13.1
1796.136	98.89	-15
1826.2397	98.98	-17.3
1856.8479	99.03	-20.2
1887.9691	99.01	-23.4
1919.612	98.87	-27
1951.7851	98.6	-30.5
1984.4975	98.21	-33.4
2017.7582	97.72	-35.5
2051.5763	97.21	-36.6
2085.9612	96.75	-36.8
2120.9224	96.4	-36.5
2156.4696	96.13	-36
2192.6126	95.9	-35.6
2229.3613	95.68	-35.2
2266.7259	95.48	-34.3
2304.7168	95.34	-33.1
2343.3444	95.32	-31.5
2382.6195	95.45	-30.1
2422.5528	95.69	-29.4
2463.1553	95.96	-29.7
2504.4384	96.21	-30.7
2546.4134	96.4	-32.1
2589.0919	96.54	-33.7
2632.4858	96.66	-35.5
2676.6069	96.76	-37.4
2721.4674	96.81	-39.5
2767.0799	96.82	-41.9
2813.4568	96.77	-44.3
2860.6111	96.62	-46.7
2908.5556	96.36	-48.7
2957.3037	96.03	-49.6
3006.8689	95.74	-49
3057.2647	95.68	-47.4
3108.5052	95.93	-46.1
3160.6045	96.34	-46.2
3213.577	96.76	-47.7
3267.4374	97.16	-49.7
3322.2004	97.65	-52.4
3377.8813	98.19	-57.2
3434.4954	98.55	-64.5
3492.0584	98.41	-73.6
3550.5862	97.58	-82.1
3610.0949	96.12	-85.9
3670.6009	94.91	-81.5
3732.1211	95.16	-74.5
3794.6724	96.28	-74.7
3858.272	97.05	-81.4
3922.9376	97.18	-90.1
3988.687	96.84	-98.6
4055.5384	96.2	-106.2
4123.5102	95.28	-113.2
4192.6212	94.03	-118.6
4262.8906	92.54	-120.8
4334.3377	91.23	-118.9
4406.9822	90.56	-114.7
4480.8443	90.53	-112.4
4555.9444	90.68	-114.3
4632.3031	90.47	-119.6
4709.9417	89.66	-125.5
4788.8814	88.39	-128.9
4869.1443	87.2	-129.2
4950.7523	86.18	-130.4
5033.7281	84.44	-133.5
5118.0947	81.32	-127.9
5203.8752	79.54	-102.1
5291.0934	81.19	-81.6
5379.7734	83.41	-73.8
5469.9397	85.32	-75.4
5561.6173	85.91	-80.1
5654.8313	86.39	-74.4
5749.6077	89.39	-73.4
5845.9725	91.95	-91.9
5943.9525	92.19	-118
6043.5746	89.95	-140
6144.8664	86.41	-144.5
6247.8558	84.8	-135.9
6352.5714	84.35	-131.2
6459.0421	84.48	-129.7
6567.2972	84.1	-133.8
6677.3667	83.08	-131.2
6789.281	83.62	-127.1
6903.071	84.27	-132
7018.7682	84.27	-141.3
7136.4045	82.74	-153.8
7256.0123	78.3	-148.6
7377.6249	80.46	-109.1
7501.2757	84.95	-121.8
7626.9989	85.5	-144.5
7754.8293	84.71	-159.7
7884.8021	83.56	-179
8016.9533	80.26	155.4
8151.3194	71.78	80.8
8287.9375	80.35	-44.1
8426.8454	85.65	-82.3
8568.0814	88.38	-105.8
8711.6845	90.19	-130.5
8857.6945	90.05	-152.5
9006.1516	90.09	-163.4
9157.0969	90.5	-9.9
9310.5721	90.03	167.9
9466.6196	90.2	158.3
9625.2825	90.53	143.9
9786.6046	90.22	127.3
9950.6305	88.92	111.4
10117.405	87.39	105.8
10286.976	86.6	96.7
10459.388	83.4	95.5
10634.69	84.5	128.1
10812.93	89.96	119.1
10994.157	91.88	93.3
11178.422	92.4	72.3
11365.775	92.31	52.5
11556.268	92.31	36.5
11749.954	92.81	13.7
11946.886	91.13	-20.3
12147.119	86.98	-42
12350.708	81.06	-59.2
12557.708	68.4	-44.4
12768.179	76.49	63
12982.177	83.07	52.4
13199.761	85.85	41
13420.992	89.06	27.5
13645.931	91.08	8.5
13874.641	91.83	-11.2
14107.183	92.86	-26.6
14343.623	93.99	-48.5
14584.025	93.88	-75.7
14828.457	91.72	-105.3
15076.986	85.86	-115.6
15329.68	84.64	-73.1
15586.609	89.93	-72.8
15847.844	92.58	-90.6
16113.458	94.03	-109.4
16383.524	95.03	-130.2
16658.115	94.83	-156
16937.31	93.29	-166.3
17221.183	94.27	-172.5
17509.814	96.11	171.4
17803.283	96.91	144.6
18101.67	96.05	115.5
18405.059	94.56	98
18713.532	93.76	77.5
19027.176	91.15	57.8
19346.076	89.29	62.1
19670.321	92.28	52
