"| "| "| "| "| "| "| Standardized FRD file, measured by OmniMic "1100200.omm" on 11/20/2013 by userID: 
"| "| "| "| "| "| "| Equivalent to driven with 2.83V and measured at 1m
"| "| "| "| "| "| "| Acoustic origin is -1.767useconds behind the mounting plane.
"| "| "| "| "| "| "| 
20.19895	59.75	141.3
20.53749	59.88	141
20.8817	60.03	140.7
21.23169	60.18	140.3
21.58753	60.34	139.9
21.94935	60.52	139.5
22.31722	60.71	139
22.69126	60.91	138.6
23.07158	61.12	138.1
23.45826	61.33	137.7
23.85143	61.56	137.2
24.25118	61.8	136.7
24.65764	62.04	136.2
25.07091	62.28	135.6
25.4911	62.52	135.1
25.91834	62.77	134.6
26.35274	63.02	134
26.79441	63.28	133.5
27.2435	63.54	132.9
27.7001	63.81	132.4
28.16436	64.08	131.8
28.63641	64.35	131.2
29.11636	64.63	130.7
29.60436	64.91	130.1
30.10053	65.19	129.5
30.60502	65.47	128.9
31.11797	65.75	128.3
31.63952	66.03	127.7
32.1698	66.31	127.1
32.70898	66.6	126.5
33.25719	66.87	125.9
33.81459	67.15	125.3
34.38133	67.42	124.7
34.95757	67.69	124
35.54346	67.95	123.4
36.13918	68.21	122.8
36.74488	68.46	122.2
37.36074	68.71	121.5
37.98691	68.96	120.9
38.62358	69.2	120.3
39.27092	69.44	119.6
39.92911	69.67	119
40.59833	69.91	118.4
41.27877	70.14	117.7
41.97061	70.38	117.1
42.67405	70.61	116.4
43.38928	70.86	115.8
44.11649	71.1	115.1
44.8559	71.35	114.5
45.60769	71.61	113.8
46.37209	71.86	113.1
47.1493	72.12	112.4
47.93953	72.39	111.8
48.74301	72.66	111.1
49.55995	72.92	110.5
50.39059	73.19	109.8
51.23515	73.45	109.1
52.09386	73.71	108.5
52.96697	73.95	107.8
53.85471	74.19	107.2
54.75733	74.42	106.5
55.67507	74.63	105.9
56.6082	74.84	105.2
57.55697	75.03	104.5
58.52164	75.21	103.9
59.50247	75.37	103.2
60.49975	75.53	102.6
61.51374	75.68	101.9
62.54472	75.82	101.2
63.59299	75.96	100.6
64.65882	76.1	99.9
65.74252	76.25	99.2
66.84438	76.4	98.6
67.96471	76.57	97.9
69.10382	76.76	97.2
70.26201	76.96	96.5
71.43962	77.17	95.9
72.63697	77.39	95.2
73.85438	77.61	94.5
75.0922	77.82	93.9
76.35076	78.03	93.2
77.63042	78.23	92.4
78.93152	78.42	91.7
80.25443	78.58	91.1
81.59952	78.74	90.4
82.96715	78.88	89.7
84.3577	79	89.1
85.77155	79.12	88.4
87.2091	79.23	87.7
88.67075	79.33	87
90.15689	79.42	86.4
91.66795	79.51	85.7
93.20432	79.6	85.1
94.76645	79.68	84.4
96.35476	79.77	83.8
97.96969	79.86	83.1
99.61168	79.95	82.5
101.2812	80.06	81.8
102.9787	80.17	81.2
104.70465	80.29	80.6
106.45952	80.42	80
108.24381	80.55	79.3
110.058	80.68	78.8
111.9026	80.8	78.2
113.77812	80.9	77.7
115.68507	80.99	77.2
117.62398	81.05	76.8
119.59538	81.1	76.4
121.59983	81.13	76.1
123.63787	81.15	75.8
125.71007	81.15	75.4
127.81701	81.19	74.8
129.95925	81.4	73.8
132.1374	81.61	73.1
134.35205	81.75	72.4
136.60383	81.83	71.7
138.89334	81.91	70.9
141.22123	82.03	70.3
143.58813	82.27	69.5
145.9947	82.55	68.8
148.44161	82.78	68
150.92953	82.86	67.4
153.45914	82.73	66.6
156.03116	82.48	65.8
158.64628	82.24	65.1
161.30523	82.16	64.4
164.00874	82.3	63.6
166.75757	82.58	63
169.55247	82.86	62.2
172.39421	83.02	61.3
175.28358	83.05	60.6
178.22137	83.04	59.8
181.2084	83.01	59
184.2455	82.99	58.3
187.3335	82.99	57.5
190.47326	83	56.8
193.66564	83.02	56
196.91152	83.08	55.3
200.2118	83.21	54.5
203.5674	83.38	53.6
206.97924	83.49	52.8
210.44827	83.45	52.1
213.97543	83.31	51.4
217.56171	83.25	50.6
221.2081	83.34	49.8
224.9156	83.48	49.1
228.68524	83.57	48.3
232.51806	83.59	47.4
236.41512	83.59	46.7
240.3775	83.58	45.9
244.40628	83.54	45.1
248.50259	83.52	44.4
252.66756	83.52	43.7
256.90233	83.6	43
261.20807	83.69	42.3
265.58598	83.69	41.5
270.03727	83.64	40.7
274.56316	83.6	40.1
279.16491	83.63	39.4
283.84378	83.69	38.7
288.60107	83.73	38
293.43809	83.75	37.3
298.35619	83.76	36.7
303.35671	83.76	36.1
308.44104	83.78	35.4
313.61059	83.82	34.9
318.86678	83.86	34.3
324.21107	83.84	33.7
329.64492	83.8	33.2
335.16985	83.77	32.7
340.78738	83.76	32.2
346.49906	83.77	31.8
352.30647	83.77	31.4
358.21121	83.75	30.9
364.21492	83.74	30.6
370.31925	83.74	30.1
376.5259	83.74	29.9
382.83656	83.72	29.5
389.253	83.71	29.2
395.77697	83.69	28.9
402.41029	83.68	28.6
409.15479	83.68	28.4
416.01232	83.68	28.3
422.98479	83.69	28
430.07412	83.71	27.9
437.28226	83.72	27.7
444.61122	83.73	27.5
452.06302	83.73	27.3
459.6397	83.72	27.2
467.34338	83.71	27.1
475.17617	83.7	27
483.14023	83.7	26.7
491.23778	83.7	26.6
499.47105	83.71	26.5
507.84231	83.69	26.4
516.35387	83.67	26.3
525.00808	83.66	26.1
533.80735	83.66	26
542.75409	83.65	25.7
551.85078	83.65	25.5
561.09994	83.64	25.3
570.50411	83.65	25.1
580.0659	83.65	24.7
589.78794	83.35	24.2
599.67293	83.41	23.5
609.7236	83.47	22.7
619.94272	83.5	22
630.33311	83.54	21.1
640.89765	83.55	20.3
651.63925	83.56	19.5
662.56088	83.55	18.6
673.66556	83.52	17.8
684.95636	83.48	17
696.4364	83.44	16.3
708.10884	83.37	15.6
719.97692	83.29	15
732.04391	83.2	14.6
744.31315	83.11	14.2
756.78802	83.02	14
769.47197	82.93	14
782.36851	82.85	14
795.4812	82.79	14.2
808.81366	82.74	14.5
822.36957	82.71	14.8
836.15269	82.71	15.2
850.16681	82.74	15.6
864.41582	82.78	15.8
878.90364	82.85	16
893.63428	82.93	15.9
908.61181	83	15.7
923.84036	83.08	15.3
939.32415	83.13	14.7
955.06746	83.17	14
971.07462	83.17	13.3
987.35007	83.14	12.5
1003.8983	83.07	11.7
1020.7239	82.98	11.2
1037.8315	82.85	10.8
1055.2258	82.71	10.8
1072.9116	82.57	11
1090.8939	82.45	11.7
1109.1775	82.38	12.6
1127.7676	82.35	13.7
1146.6693	82.39	14.9
1165.8877	82.5	15.8
1185.4283	82.65	16.6
1205.2964	82.84	17
1225.4974	83.04	16.9
1246.0371	83.23	16.4
1266.9209	83.38	15.7
1288.1549	83.48	14.6
1309.7446	83.53	13.5
1331.6963	83.53	12.4
1354.0158	83.48	11.4
1376.7095	83.4	10.7
1399.7835	83.29	10.2
1423.2442	83.19	10
1447.0981	83.1	10
1471.3518	83.03	10.2
1496.012	82.97	10.3
1521.0856	82.9	10.5
1546.5793	82.84	10.8
1572.5004	82.76	11.3
1598.8559	82.68	12.1
1625.6531	82.63	13.3
1652.8994	82.64	14.9
1680.6024	82.77	16.7
1708.7697	83.04	18.3
1737.4091	83.41	19.5
1766.5285	83.86	19.7
1796.136	84.31	18.9
1826.2397	84.7	17.1
1856.8479	84.99	14.5
1887.9691	85.14	11.6
1919.612	85.15	8.6
1951.7851	85.03	6
1984.4975	84.84	4.1
2017.7582	84.62	3
2051.5763	84.45	2.4
2085.9612	84.34	2.1
2120.9224	84.3	1.6
2156.4696	84.28	0.7
2192.6126	84.19	-0.4
2229.3613	84.02	-1.5
2266.7259	83.79	-1.9
2304.7168	83.57	-1.4
2343.3444	83.46	-0.3
2382.6195	83.54	0.8
2422.5528	83.73	1.2
2463.1553	83.95	0.5
2504.4384	84.07	-1.1
2546.4134	84.09	-2.9
2589.0919	84.01	-4.6
2632.4858	83.9	-5.8
2676.6069	83.79	-7.1
2721.4674	83.65	-8.6
2767.0799	83.4	-10.2
2813.4568	83.03	-11
2860.6111	82.61	-10.5
2908.5556	82.31	-8.4
2957.3037	82.31	-6
3006.8689	82.57	-4.7
3057.2647	82.87	-5.5
3108.5052	83	-7.7
3160.6045	82.85	-10.2
3213.577	82.51	-11.7
3267.4374	82.07	-11.5
3322.2004	81.73	-9.9
3377.8813	81.59	-7.6
3434.4954	81.66	-5.3
3492.0584	81.89	-3.5
3550.5862	82.24	-2.7
3610.0949	82.64	-3.2
3670.6009	82.96	-5.1
3732.1211	83.13	-8
3794.6724	83.1	-11.1
3858.272	82.93	-13.7
3922.9376	82.7	-15.8
3988.687	82.42	-17.9
4055.5384	82.04	-19.5
4123.5102	81.57	-20.2
4192.6212	81.09	-19.5
4262.8906	80.79	-18
4334.3377	80.67	-16.5
4406.9822	80.62	-15.9
4480.8443	80.55	-15.7
4555.9444	80.41	-15.3
4632.3031	80.26	-14.4
4709.9417	80.21	-13.1
4788.8814	80.29	-11.7
4869.1443	80.54	-11
4950.7523	80.85	-11.7
5033.7281	81.06	-13.9
5118.0947	81.08	-16.8
5203.8752	80.92	-19.5
5291.0934	80.64	-22
5379.7734	80.24	-23.8
5469.9397	79.73	-24.6
5561.6173	79.21	-24
5654.8313	78.8	-22.5
5749.6077	78.52	-20.4
5845.9725	78.4	-18.1
5943.9525	78.48	-15.9
6043.5746	78.72	-14.5
6144.8664	79.07	-14.5
6247.8558	79.38	-16
6352.5714	79.54	-18.4
6459.0421	79.55	-21.1
6567.2972	79.47	-23.9
6677.3667	79.21	-27
6789.281	78.67	-29.3
6903.071	77.91	-28.6
7018.7682	77.38	-24.6
7136.4045	77.56	-20.1
7256.0123	78.23	-18.7
7377.6249	78.77	-21.8
7501.2757	78.88	-27
7626.9989	78.63	-31.6
7754.8293	78.25	-34.6
7884.8021	77.88	-37.1
8016.9533	77.4	-39.3
8151.3194	76.74	-39.4
8287.9375	76.27	-36.9
8426.8454	76.44	-34.2
8568.0814	76.97	-34.8
8711.6845	77.33	-39.6
8857.6945	77.23	-46.2
9006.1516	76.74	-51.6
9157.0969	76.11	-55.1
9310.5721	75.62	-57.7
9466.6196	75.28	-60.9
9625.2825	74.99	-65.8
9786.6046	74.61	-73.1
9950.6305	73.97	-83
10117.405	72.84	-95.6
10286.976	70.99	-108.8
10459.388	68.22	-118
10634.69	64.36	-132
10812.93	60.86	-152
10994.157	62.36	124.2
11178.422	65.42	63.6
11365.775	67.11	28.1
11556.268	67.74	9.1
11749.954	68.16	0.7
11946.886	69.2	-3.7
12147.119	70.23	-11.2
12350.708	70.65	-22.8
12557.708	70.3	-35.8
12768.179	69.44	-46.9
12982.177	68.57	-56.5
13199.761	67.92	-68.6
13420.992	67.21	-91.2
13645.931	65.72	-130.5
13874.641	63.26	176.5
14107.183	60.39	118.1
14343.623	59.51	74.9
14584.025	60.33	48.7
14828.457	61.19	33.8
15076.986	61.71	23.7
15329.68	62.05	17.2
15586.609	62.21	11.7
15847.844	62.38	7.6
16113.458	62.33	1.8
16383.524	61.65	-1.2
16658.115	60.49	-0.3
16937.31	59.53	5.2
17221.183	60.34	8.3
17509.814	61.15	4.3
17803.283	61.15	-2.1
18101.67	60.4	-6.6
18405.059	59.63	-11.1
18713.532	59.02	-18.6
19027.176	58.12	-27.3
19346.076	56.81	-34.5
19670.321	55.7	-42
