20.1989	53.7900	145.4000
20.5375	53.9900	145.0000
20.8817	54.1900	144.5000
21.2317	54.3900	144.0000
21.5875	54.5900	143.5000
21.9493	54.7800	143.0000
22.3172	54.9600	142.5000
22.6913	55.1300	142.0000
23.0716	55.3000	141.5000
23.4583	55.4800	140.9000
23.8514	55.6500	140.4000
24.2512	55.8500	139.9000
24.6576	56.0700	139.4000
25.0709	56.3400	138.8000
25.4911	56.6700	138.3000
25.9183	57.0600	137.7000
26.3527	57.5200	137.2000
26.7944	58.0300	136.6000
27.2435	58.5900	136.0000
27.7001	59.1800	135.5000
28.1644	59.7800	134.9000
28.6364	60.3800	134.3000
29.1164	60.9800	133.8000
29.6044	61.5900	133.2000
30.1005	62.2100	132.6000
30.6050	62.8400	132.1000
31.1180	63.4800	131.5000
31.6395	64.1100	130.9000
32.1698	64.7400	130.3000
32.7090	65.3400	129.7000
33.2572	65.9200	129.1000
33.8146	66.4500	128.5000
34.3813	66.9500	127.9000
34.9576	67.4100	127.3000
35.5435	67.8400	126.7000
36.1392	68.2400	126.1000
36.7449	68.5900	125.5000
37.3607	68.9000	124.9000
37.9869	69.1500	124.3000
38.6236	69.3400	123.7000
39.2709	69.5000	123.1000
39.9291	69.6300	122.4000
40.5983	69.7600	121.8000
41.2788	69.8900	121.2000
41.9706	70.0400	120.6000
42.6741	70.2100	120.0000
43.3893	70.4300	119.3000
44.1165	70.6900	118.7000
44.8559	71.0100	118.1000
45.6077	71.3800	117.5000
46.3721	71.8000	116.8000
47.1493	72.2500	116.2000
47.9395	72.7200	115.6000
48.7430	73.1800	114.9000
49.5600	73.6300	114.3000
50.3906	74.0500	113.7000
51.2351	74.4300	113.1000
52.0939	74.7700	112.4000
52.9670	75.0700	111.8000
53.8547	75.3500	111.2000
54.7573	75.6100	110.5000
55.6751	75.8800	109.9000
56.6082	76.1600	109.3000
57.5570	76.4300	108.6000
58.5216	76.6700	108.0000
59.5025	76.8500	107.4000
60.4997	76.9600	106.8000
61.5137	76.9800	106.1000
62.5447	76.9300	105.5000
63.5930	76.8400	104.9000
64.6588	76.7700	104.2000
65.7425	76.7800	103.6000
66.8444	76.9400	103.0000
67.9647	77.2600	102.3000
69.1038	77.7100	101.7000
70.2620	78.2200	101.1000
71.4396	78.7400	100.4000
72.6370	79.2200	99.8000
73.8544	79.6400	99.1000
75.0922	79.9600	98.5000
76.3508	80.1900	97.9000
77.6304	80.3400	97.3000
78.9315	80.4200	96.6000
80.2544	80.4600	96.0000
81.5995	80.4900	95.3000
82.9672	80.5400	94.7000
84.3577	80.6700	94.1000
85.7716	80.9000	93.4000
87.2091	81.2400	92.8000
88.6707	81.6300	92.2000
90.1569	82.0200	91.5000
91.6680	82.3200	90.9000
93.2043	82.5100	90.2000
94.7665	82.5900	89.6000
96.3548	82.6000	88.9000
97.9697	82.5900	88.3000
99.6117	82.6100	87.6000
101.2812	82.7100	87.0000
102.9787	82.8900	86.3000
104.7047	83.1500	85.7000
106.4595	83.4500	85.0000
108.2438	83.7500	84.4000
110.0580	83.9800	83.7000
111.9026	84.1300	83.1000
113.7781	84.1900	82.4000
115.6851	84.1500	81.7000
117.6240	84.0300	81.1000
119.5954	83.9000	80.4000
121.5998	83.8900	79.7000
123.6379	84.0300	79.1000
125.7101	84.2900	78.4000
127.8170	84.5300	77.7000
129.9592	84.6700	77.0000
132.1374	84.7000	76.4000
134.3520	84.6500	75.7000
136.6038	84.6400	75.0000
138.8933	84.7100	74.3000
141.2212	84.8500	73.6000
143.5881	85.0100	72.9000
145.9947	85.1400	72.2000
148.4416	85.2400	71.5000
150.9295	85.2500	70.8000
153.4591	85.1600	70.1000
156.0312	85.0400	69.4000
158.6463	85.0100	68.7000
161.3052	85.1200	68.0000
164.0087	85.3200	67.3000
166.7576	85.4800	66.6000
169.5525	85.5200	65.8000
172.3942	85.4600	65.1000
175.2836	85.4200	64.4000
178.2214	85.4600	63.7000
181.2084	85.5600	63.0000
184.2455	85.6400	62.2000
187.3335	85.6800	61.5000
190.4733	85.6800	60.8000
193.6656	85.6300	60.0000
196.9115	85.6500	59.3000
200.2118	85.7800	58.6000
203.5674	85.8800	57.9000
206.9792	85.8700	57.1000
210.4483	85.8000	56.4000
213.9754	85.7800	55.7000
217.5617	85.8300	54.9000
221.2081	85.9000	54.2000
224.9156	85.9400	53.5000
228.6852	85.9300	52.8000
232.5181	85.9300	52.1000
236.4151	85.9600	51.3000
240.3775	86.0000	50.6000
244.4063	86.0000	49.9000
248.5026	85.9700	49.2000
252.6676	85.9900	48.5000
256.9023	86.0300	47.9000
261.2081	86.0400	47.2000
265.5860	86.0300	46.5000
270.0373	86.0100	45.9000
274.5632	86.0200	45.2000
279.1649	86.0400	44.6000
283.8438	86.0400	44.0000
288.6011	86.0500	43.4000
293.4381	86.0700	42.8000
298.3562	86.0700	42.2000
303.3567	86.0800	41.7000
308.4410	86.0900	41.1000
313.6106	86.1100	40.6000
318.8668	86.1200	40.1000
324.2111	86.1200	39.6000
329.6449	86.1200	39.2000
335.1698	86.1300	38.8000
340.7874	86.1400	38.4000
346.4991	86.1600	38.0000
352.3065	86.1600	37.6000
358.2112	86.1600	37.3000
364.2149	86.1600	37.0000
370.3193	86.1600	36.7000
376.5259	86.1700	36.5000
382.8366	86.1600	36.3000
389.2530	86.1600	36.1000
395.7770	86.1400	35.9000
402.4103	86.1300	35.7000
409.1548	86.1200	35.6000
416.0123	86.1000	35.5000
422.9848	86.0900	35.4000
430.0741	86.0700	35.4000
437.2823	86.0600	35.3000
444.6112	86.0500	35.3000
452.0630	86.0400	35.3000
459.6397	86.0300	35.3000
467.3434	86.0200	35.3000
475.1762	86.0200	35.3000
483.1402	86.0100	35.3000
491.2378	86.0000	35.2000
499.4710	86.0100	35.2000
507.8423	86.0200	34.7000
516.3539	86.0300	34.2000
525.0081	86.0500	33.7000
533.8074	86.0800	33.0000
542.7541	86.1100	32.4000
551.8508	86.1500	31.6000
561.0999	86.1800	30.9000
570.5041	86.2200	30.1000
580.0659	86.2600	29.3000
589.7879	86.2900	28.5000
599.6729	86.3300	27.7000
609.7236	86.3500	26.9000
619.9427	86.3700	26.2000
630.3331	86.3900	25.4000
640.8976	86.4100	24.7000
651.6392	86.4200	23.9000
662.5609	86.4300	23.0000
673.6656	86.4400	22.1000
684.9564	86.4300	21.2000
696.4364	86.4200	20.3000
708.1088	86.4100	19.6000
719.9769	86.3800	19.0000
732.0439	86.3400	18.4000
744.3131	86.2900	17.8000
756.7880	86.2300	17.4000
769.4720	86.1600	17.0000
782.3685	86.0900	16.7000
795.4812	86.0200	16.6000
808.8137	85.9400	16.5000
822.3696	85.8800	16.6000
836.1527	85.8200	16.7000
850.1668	85.7800	17.0000
864.4158	85.7600	17.3000
878.9036	85.7600	17.6000
893.6343	85.7700	17.9000
908.6118	85.8000	18.1000
923.8404	85.8500	18.2000
939.3242	85.9000	18.2000
955.0675	85.9500	18.2000
971.0746	86.0000	18.0000
987.3501	86.0400	17.7000
1003.8983	86.0600	17.4000
1020.7239	86.0700	17.1000
1037.8315	86.0600	16.8000
1055.2258	86.0400	16.5000
1072.9116	86.0100	16.4000
1090.8939	85.9800	16.4000
1109.1775	85.9500	16.5000
1127.7676	85.9400	16.7000
1146.6693	85.9500	16.9000
1165.8877	85.9700	17.2000
1185.4283	86.0200	17.4000
1205.2964	86.0800	17.5000
1225.4974	86.1400	17.4000
1246.0371	86.1900	17.2000
1266.9209	86.2300	16.9000
1288.1549	86.2400	16.6000
1309.7446	86.2300	16.3000
1331.6963	86.2000	16.2000
1354.0158	86.1500	16.2000
1376.7095	86.1000	16.5000
1399.7835	86.0700	17.0000
1423.2442	86.0800	17.7000
1447.0981	86.1300	18.5000
1471.3518	86.2200	19.2000
1496.0120	86.3300	19.7000
1521.0856	86.4600	20.0000
1546.5793	86.5900	20.2000
1572.5004	86.7100	20.3000
1598.8559	86.8100	20.5000
1625.6531	86.9200	20.9000
1652.8994	87.0700	21.4000
1680.6024	87.2800	22.0000
1708.7697	87.5700	22.5000
1737.4091	87.9400	22.5000
1766.5285	88.3500	21.7000
1796.1360	88.7600	20.1000
1826.2397	89.1100	17.8000
1856.8479	89.3700	14.8000
1887.9691	89.5000	11.4000
1919.6120	89.5000	8.0000
1951.7851	89.3600	4.8000
1984.4975	89.1400	2.3000
2017.7582	88.8700	0.4000
2051.5763	88.6100	-0.8000
2085.9612	88.3900	-1.7000
2120.9224	88.2100	-2.6000
2156.4696	88.0000	-3.6000
2192.6126	87.7300	-4.6000
2229.3613	87.3600	-5.1000
2266.7259	86.9300	-4.4000
2304.7168	86.5800	-2.3000
2343.3444	86.4700	1.0000
2382.6195	86.6700	4.2000
2422.5528	87.1200	6.0000
2463.1553	87.6300	5.9000
2504.4384	88.0300	4.2000
2546.4134	88.2600	1.7000
2589.0919	88.3100	-0.8000
2632.4858	88.2700	-2.9000
2676.6069	88.1800	-4.8000
2721.4674	88.0400	-6.6000
2767.0799	87.7700	-8.4000
2813.4568	87.3500	-9.3000
2860.6111	86.8400	-8.5000
2908.5556	86.4700	-5.0000
2957.3037	86.5900	-0.2000
3006.8689	87.2400	3.4000
3057.2647	88.1500	3.8000
3108.5052	88.9800	0.8000
3160.6045	89.5000	-4.2000
3213.5770	89.6700	-9.9000
3267.4374	89.5200	-15.1000
3322.2004	89.1600	-19.2000
3377.8813	88.7100	-21.8000
3434.4954	88.3000	-22.9000
3492.0584	88.0300	-23.1000
3550.5862	87.9700	-23.2000
3610.0949	88.0500	-24.2000
3670.6009	88.1500	-26.7000
3732.1211	88.1000	-30.8000
3794.6724	87.7200	-35.3000
3858.2720	87.0300	-39.0000
3922.9376	86.1300	-40.5000
3988.6870	85.2500	-39.6000
4055.5384	84.5900	-36.6000
4123.5102	84.2700	-32.9000
4192.6212	84.2800	-29.9000
4262.8906	84.4400	-28.5000
4334.3377	84.5400	-28.6000
4406.9822	84.5300	-29.0000
4480.8443	84.4900	-29.1000
4555.9444	84.5400	-29.4000
4632.3031	84.5600	-30.6000
4709.9417	84.4500	-32.1000
4788.8814	84.2600	-33.0000
4869.1443	84.1300	-33.4000
4950.7523	84.0700	-34.4000
5033.7281	83.9300	-36.2000
5118.0947	83.6400	-38.0000
5203.8752	83.2600	-39.1000
5291.0934	82.8900	-39.6000
5379.7734	82.5300	-40.1000
5469.9397	82.1300	-40.5000
5561.6173	81.6700	-40.3000
5654.8313	81.2200	-39.3000
5749.6077	80.8000	-37.8000
5845.9725	80.3900	-35.6000
5943.9525	80.1100	-32.1000
6043.5746	80.0800	-28.3000
6144.8664	80.2600	-24.7000
6247.8558	80.7000	-21.5000
6352.5714	81.4300	-20.3000
6459.0421	82.2100	-22.2000
6567.2972	82.7700	-27.1000
6677.3667	82.8800	-33.7000
6789.2810	82.5100	-40.1000
6903.0710	81.7500	-44.8000
7018.7682	80.7000	-46.6000
7136.4045	79.6700	-43.8000
7256.0123	79.4100	-37.6000
7377.6249	79.8500	-34.1000
7501.2757	80.3100	-33.5000
7626.9989	80.8100	-34.3000
7754.8293	81.2600	-37.7000
7884.8021	81.4000	-43.0000
8016.9533	81.2200	-48.3000
8151.3194	80.8900	-53.2000
8287.9375	80.3000	-58.3000
8426.8454	79.4300	-60.9000
8568.0814	78.8100	-60.8000
8711.6845	78.4900	-61.2000
8857.6945	78.2200	-62.2000
9006.1516	78.0600	-64.2000
9157.0969	77.8400	-67.4000
9310.5721	77.5600	-71.7000
9466.6196	77.0100	-76.4000
9625.2825	76.2600	-80.1000
9786.6046	75.7400	-83.0000
9950.6305	75.2600	-89.7000
10117.4050	74.2000	-98.1000
10286.9760	72.6800	-105.4000
10459.3880	71.0300	-112.1000
10634.6900	68.1900	-118.9000
10812.9300	65.0800	-111.9000
10994.1570	63.5800	-103.9000
11178.4220	62.4400	-97.5000
11365.7750	62.4500	-98.7000
11556.2680	61.4000	-108.1000
11749.9540	60.9900	-116.8000
11946.8860	60.1400	-140.3000
12147.1190	58.5700	-159.5000
12350.7080	58.6300	-177.2000
12557.7080	59.4900	170.7000
12768.1790	62.2200	155.5000
12982.1770	63.5000	131.8000
13199.7610	63.3900	123.5000
13420.9920	64.6600	128.7000
13645.9310	67.3400	134.7000
13874.6410	70.5200	133.2000
14107.1830	73.3200	127.2000
14343.6230	75.8900	115.5000
14584.0250	77.8300	100.7000
14828.4570	79.1200	84.6000
15076.9860	80.0200	69.4000
15329.6800	80.5100	52.5000
15586.6090	80.1900	36.4000
15847.8440	79.3300	26.5000
16113.4580	79.1700	20.8000
16383.5240	79.2600	11.2000
16658.1150	78.8100	-1.5000
16937.3100	77.5400	-12.9000
17221.1830	75.9200	-16.6000
17509.8140	75.3700	-16.2000
17803.2830	75.0300	-19.6000
18101.6700	74.3100	-24.9000
18405.0590	73.5000	-29.5000
18713.5320	72.9000	-33.1000
19027.1760	72.4900	-35.6000
19346.0760	72.1500	-39.6000
19670.3210	71.3800	-46.7000