20.19895	64.4	124.6
20.53749	64.94	124
20.8817	65.47	123.5
21.23169	65.96	122.9
21.58753	66.41	122.3
21.94935	66.81	121.8
22.31722	67.14	121.2
22.69126	67.42	120.6
23.07158	67.64	120.1
23.45826	67.82	119.5
23.85143	67.96	118.9
24.25118	68.08	118.3
24.65764	68.21	117.7
25.07091	68.36	117.2
25.4911	68.56	116.6
25.91834	68.81	116
26.35274	69.11	115.4
26.79441	69.46	114.9
27.2435	69.85	114.3
27.7001	70.24	113.7
28.16436	70.63	113.2
28.63641	71.01	112.6
29.11636	71.4	112
29.60436	71.81	111.4
30.10053	72.24	110.9
30.60502	72.66	110.2
31.11797	73.08	109.6
31.63952	73.49	109.1
32.1698	73.89	108.5
32.70898	74.28	107.9
33.25719	74.67	107.4
33.81459	75.05	106.8
34.38133	75.42	106.2
34.95757	75.76	105.7
35.54346	76.09	105.1
36.13918	76.41	104.5
36.74488	76.71	104
37.36074	76.99	103.4
37.98691	77.25	102.8
38.62358	77.49	102.3
39.27092	77.71	101.7
39.92911	77.91	101.2
40.59833	78.1	100.6
41.27877	78.26	100.1
41.97061	78.41	99.5
42.67405	78.53	98.9
43.38928	78.62	98.3
44.11649	78.68	97.7
44.8559	78.74	97.2
45.60769	78.84	96.6
46.37209	78.98	96.1
47.1493	79.11	95.5
47.93953	79.18	95
48.74301	79.18	94.4
49.55995	79.12	93.8
50.39059	79.03	93.3
51.23515	78.96	92.7
52.09386	78.96	92.2
52.96697	79.03	91.6
53.85471	79.14	91.1
54.75733	79.29	90.4
55.67507	79.47	89.8
56.6082	79.67	89.3
57.55697	79.9	88.7
58.52164	80.14	88.2
59.50247	80.38	87.6
60.49975	80.6	87
61.51374	80.78	86.5
62.54472	80.96	85.9
63.59299	81.15	85.4
64.65882	81.34	84.8
65.74252	81.53	84.2
66.84438	81.74	83.5
67.96471	81.96	83
69.10382	82.18	82.4
70.26201	82.41	81.8
71.43962	82.64	81.2
72.63697	82.86	80.6
73.85438	83.07	80.1
75.0922	83.26	79.5
76.35076	83.43	78.9
77.63042	83.56	78.3
78.93152	83.66	77.6
80.25443	83.71	77
81.59952	83.73	76.4
82.96715	83.72	75.8
84.3577	83.69	75.2
85.77155	83.68	74.6
87.2091	83.7	74
88.67075	83.76	73.3
90.15689	83.89	72.7
91.66795	84.05	72
93.20432	84.23	71.4
94.76645	84.42	70.7
96.35476	84.6	70.1
97.96969	84.73	69.5
99.61168	84.83	68.8
101.2812	84.88	68.2
102.9787	84.91	67.4
104.70465	84.93	66.8
106.45952	84.97	66.1
108.24381	85.03	65.4
110.058	85.11	64.8
111.9026	85.2	64.1
113.77812	85.28	63.4
115.68507	85.34	62.6
117.62398	85.38	61.9
119.59538	85.38	61.2
121.59983	85.34	60.5
123.63787	85.29	59.8
125.71007	85.28	59.1
127.81701	85.31	58.3
129.95925	85.37	57.6
132.1374	85.45	56.9
134.35205	85.52	56.2
136.60383	85.57	55.4
138.89334	85.59	54.6
141.22123	85.59	53.8
143.58813	85.59	53.1
145.9947	85.59	52.3
148.44161	85.61	51.6
150.92953	85.65	50.8
153.45914	85.68	50
156.03116	85.72	49.2
158.64628	85.74	48.4
161.30523	85.75	47.6
164.00874	85.75	46.8
166.75757	85.76	46
169.55247	85.79	45.2
172.39421	85.84	44.4
175.28358	85.89	43.5
178.22137	85.94	42.7
181.2084	85.98	41.9
184.2455	86.01	41.1
187.3335	86.05	40.2
190.47326	86.09	39.4
193.66564	86.11	38.6
196.91152	86.13	37.8
200.2118	86.13	36.9
203.5674	86.13	36.1
206.97924	86.14	35.4
210.44827	86.15	34.6
213.97543	86.16	33.8
217.56171	86.17	33.1
221.2081	86.17	32.3
224.9156	86.19	31.5
228.68524	86.2	30.8
232.51806	86.2	30.1
236.41512	86.18	29.3
240.3775	86.16	28.6
244.40628	86.15	27.9
248.50259	86.14	27.1
252.66756	86.14	26.5
256.90233	86.12	25.9
261.20807	86.11	25.1
265.58598	86.11	24.5
270.03727	86.09	23.9
274.56316	86.06	23.2
279.16491	86.04	22.7
283.84378	86.04	22
288.60107	86.05	21.6
293.43809	86.04	21
298.35619	86.05	20.4
303.35671	86.06	19.9
308.44104	86.07	19.3
313.61059	86.07	18.9
318.86678	86.09	18.5
324.21107	86.08	18
329.64492	86.04	17.6
335.16985	86	17.2
340.78738	85.97	16.9
346.49906	85.95	16.5
352.30647	85.93	16.3
358.21121	85.91	16
364.21492	85.88	15.8
370.31925	85.86	15.6
376.5259	85.83	15.4
382.83656	85.8	15.2
389.253	85.77	15.1
395.77697	85.76	14.9
402.41029	85.77	14.9
409.15479	85.78	14.7
416.01232	85.8	14.7
422.98479	85.81	14.5
430.07412	85.81	14.4
437.28226	85.79	14.4
444.61122	85.78	14.3
452.06302	85.78	14.4
459.6397	85.79	14.4
467.34338	85.78	14.4
475.17617	85.76	14.5
483.14023	85.75	14.4
491.23778	85.74	14.3
499.47105	85.74	14.4
507.84231	85.75	14.2
516.35387	85.78	14.2
525.00808	85.8	14
533.80735	85.83	13.8
542.75409	85.86	13.5
551.85078	85.89	13.3
561.09994	85.92	13
570.50411	85.94	12.7
580.0659	85.96	12.4
589.78794	85.98	12
599.67293	86	11.7
609.7236	86.02	11.4
619.94272	86.03	11.1
630.33311	86.05	10.8
640.89765	86.06	10.4
651.63925	86.07	10.1
662.56088	86.08	9.8
673.66556	86.09	9.6
684.95636	86.1	9.2
696.4364	86.1	8.9
708.10884	86.08	8.7
719.97692	86.06	8.5
732.04391	86.04	8.4
744.31315	86.02	8.3
756.78802	86.01	8.3
769.47197	86	8.4
782.36851	86.01	8.5
795.4812	86.02	8.6
808.81366	86.05	8.7
822.36957	86.1	8.8
836.15269	86.16	8.8
850.16681	86.24	8.8
864.41582	86.32	8.7
878.90364	86.41	8.4
893.63428	86.5	8
908.61181	86.59	7.4
923.84036	86.66	6.7
939.32415	86.71	5.9
955.06746	86.74	5
971.07462	86.75	4
987.35007	86.72	3
1003.8983	86.66	2.1
1020.7239	86.56	1.3
1037.8315	86.44	0.8
1055.2258	86.3	0.5
1072.9116	86.17	0.6
1090.8939	86.04	1.1
1109.1775	85.95	1.9
1127.7676	85.93	2.9
1146.6693	85.97	4.1
1165.8877	86.1	5.2
1185.4283	86.3	6.1
1205.2964	86.56	6.6
1225.4974	86.86	6.5
1246.0371	87.18	5.9
1266.9209	87.48	4.8
1288.1549	87.75	3.1
1309.7446	87.97	1.1
1331.6963	88.13	-1.3
1354.0158	88.22	-3.9
1376.7095	88.25	-6.6
1399.7835	88.2	-9.4
1423.2442	88.07	-12.2
1447.0981	87.87	-14.8
1471.3518	87.59	-17.2
1496.012	87.24	-19.2
1521.0856	86.82	-20.8
1546.5793	86.34	-21.7
1572.5004	85.83	-21.8
1598.8559	85.33	-20.9
1625.6531	84.9	-19
1652.8994	84.61	-16.3
1680.6024	84.51	-13.2
1708.7697	84.61	-10.3
1737.4091	84.88	-8.2
1766.5285	85.23	-7.3
1796.136	85.57	-7.5
1826.2397	85.84	-8.7
1856.8479	86	-10.5
1887.9691	86.03	-12.5
1919.612	85.93	-14.4
1951.7851	85.73	-15.7
1984.4975	85.5	-16.3
2017.7582	85.29	-16.1
2051.5763	85.17	-15.6
2085.9612	85.14	-15.1
2120.9224	85.16	-15.1
2156.4696	85.16	-15.7
2192.6126	85.06	-16.5
2229.3613	84.84	-16.9
2266.7259	84.56	-16.3
2304.7168	84.35	-14.4
2343.3444	84.36	-11.7
2382.6195	84.63	-9.5
2422.5528	85.05	-8.8
2463.1553	85.43	-9.8
2504.4384	85.62	-11.6
2546.4134	85.61	-13.3
2589.0919	85.5	-13.9
2632.4858	85.45	-13.3
2676.6069	85.58	-12.4
2721.4674	85.87	-12.3
2767.0799	86.17	-13.3
2813.4568	86.36	-15.2
2860.6111	86.43	-16.9
2908.5556	86.46	-18.1
2957.3037	86.55	-18.9
3006.8689	86.73	-20.2
3057.2647	86.91	-22.4
3108.5052	86.99	-25.2
3160.6045	86.92	-28.1
3213.577	86.77	-30.5
3267.4374	86.61	-32.4
3322.2004	86.46	-34.3
3377.8813	86.27	-36.4
3434.4954	85.96	-38.3
3492.0584	85.54	-39.2
3550.5862	85.18	-38.5
3610.0949	85.08	-37
3670.6009	85.24	-36.2
3732.1211	85.48	-37.1
3794.6724	85.59	-39.3
3858.272	85.55	-41.8
3922.9376	85.4	-44.2
3988.687	85.19	-46.3
4055.5384	84.9	-48.1
4123.5102	84.57	-49.3
4192.6212	84.28	-49.9
4262.8906	84.06	-50.4
4334.3377	83.83	-51.2
4406.9822	83.58	-51.6
4480.8443	83.39	-51.3
4555.9444	83.37	-51.4
4632.3031	83.4	-52.9
4709.9417	83.23	-55.5
4788.8814	82.77	-57.4
4869.1443	82.24	-57.2
4950.7523	81.95	-55.7
5033.7281	81.89	-54.9
5118.0947	81.84	-55.2
5203.8752	81.66	-56
5291.0934	81.38	-56.3
5379.7734	81.1	-55.6
5469.9397	80.97	-54.2
5561.6173	81.02	-53.2
5654.8313	81.13	-53.3
5749.6077	81.2	-53.9
5845.9725	81.26	-55
5943.9525	81.29	-57
6043.5746	81.14	-59.7
6144.8664	80.71	-61.7
6247.8558	80.17	-61.7
6352.5714	79.78	-59.6
6459.0421	79.71	-56.6
6567.2972	79.96	-54.2
6677.3667	80.46	-53.1
6789.281	81.04	-54.2
6903.071	81.44	-57.2
7018.7682	81.64	-59.9
7136.4045	81.95	-62
7256.0123	82.43	-65.7
7377.6249	82.77	-71.5
7501.2757	82.92	-78.2
7626.9989	82.91	-85.9
7754.8293	82.64	-94.7
7884.8021	82.1	-104.4
8016.9533	81.06	-115.9
8151.3194	78.98	-127
8287.9375	75.71	-131.6
8426.8454	72.07	-122.6
8568.0814	70.15	-98.9
8711.6845	71.23	-74.5
8857.6945	73.91	-65.4
9006.1516	76.04	-70
9157.0969	76.93	-78.8
9310.5721	77	-85.7
9466.6196	77.09	-89.5
9625.2825	77.52	-94.9
9786.6046	77.63	-103.9
9950.6305	77.22	-113.7
10117.405	76.37	-124.5
10286.976	74.64	-134.3
10459.388	72.24	-138.2
10634.69	69.96	-134.2
10812.93	68.7	-125
10994.157	68.45	-118.2
11178.422	68.41	-115.1
11365.775	68.41	-112.6
11556.268	68.47	-110.1
11749.954	68.88	-109.3
11946.886	69.52	-113.5
12147.119	69.61	-122.9
12350.708	68.88	-132.5
12557.708	67.71	-139.4
12768.179	66.31	-144.4
12982.177	64.89	-150.4
13199.761	62.58	-164.1
13420.992	56.23	-177.1
13645.931	50.49	-157.7
13874.641	52.42	-109.5
14107.183	57.32	-78.4
14343.623	60.48	-75.7
14584.025	62.14	-84.1
14828.457	62.27	-94.1
15076.986	61.63	-98.9
15329.68	61.21	-98.5
15586.609	61.7	-97.5
15847.844	62.78	-100.4
16113.458	63.35	-110.5
16383.524	62.85	-122.8
16658.115	61.74	-133.6
16937.31	60.09	-144.1
17221.183	57.12	-150.2
17509.814	53.79	-139.8
17803.283	53.01	-120.5
18101.67	54.36	-116.8
18405.059	54.84	-120.5
18713.532	54.54	-117.5
19027.176	54.59	-114.6
19346.076	54.85	-111
