19.86599	75.89	171.2
20.19895	76.27	169.4
20.53749	76.7	168
20.8817	77.2	167
21.23169	77.73	166.2
21.58753	78.21	165.3
21.94935	78.57	163.9
22.31722	78.82	161.5
22.69126	78.99	158.2
23.07158	79.1	154.8
23.45826	79.15	152.1
23.85143	79.16	150.3
24.25118	79.15	149
24.65764	79.16	147.9
25.07091	79.2	146.7
25.4911	79.31	145.4
25.91834	79.48	144.1
26.35274	79.67	142.9
26.79441	79.86	141.8
27.2435	80.04	140.9
27.7001	80.22	139.9
28.16436	80.39	138.7
28.63641	80.56	137.4
29.11636	80.73	136
29.60436	80.9	134.7
30.10053	81.06	133.3
30.60502	81.22	132.1
31.11797	81.38	130.9
31.63952	81.53	129.8
32.1698	81.69	128.7
32.70898	81.85	127.6
33.25719	82.02	126.5
33.81459	82.2	125.3
34.38133	82.39	124.1
34.95757	82.58	122.9
35.54346	82.76	121.6
36.13918	82.93	120.3
36.74488	83.1	118.9
37.36074	83.27	117.5
37.98691	83.45	116.1
38.62358	83.63	114.9
39.27092	83.8	113.6
39.92911	83.97	112.2
40.59833	84.12	110.6
41.27877	84.28	109.2
41.97061	84.44	107.8
42.67405	84.6	106.4
43.38928	84.77	104.9
44.11649	84.95	103.2
44.8559	85.1	101.2
45.60769	85.18	98.9
46.37209	85.18	96.4
47.1493	85.1	94.3
47.93953	84.96	92.8
48.74301	84.82	92.2
49.55995	84.75	92.1
50.39059	84.76	92
51.23515	84.84	92
52.09386	84.94	91.6
52.96697	85.06	91.2
53.85471	85.19	90.7
54.75733	85.32	90.2
55.67507	85.46	89.6
56.6082	85.6	89
57.55697	85.75	88.5
58.52164	85.96	88
59.50247	86.22	87.2
60.49975	86.41	85.7
61.51374	86.5	83.9
62.54472	86.54	82.4
63.59299	86.58	81.4
64.65882	86.64	80.4
65.74252	86.72	79.6
66.84438	86.8	78.8
67.96471	86.9	78.1
69.10382	87	77.3
70.26201	87.11	76.5
71.43962	87.21	75.7
72.63697	87.32	74.8
73.85438	87.43	73.9
75.0922	87.53	72.9
76.35076	87.64	71.9
77.63042	87.73	70.9
78.93152	87.83	70
80.25443	87.92	69.1
81.59952	88.01	68.1
82.96715	88.11	67.2
84.3577	88.21	66.2
85.77155	88.3	65.1
87.2091	88.38	64
88.67075	88.45	62.9
90.15689	88.51	61.7
91.66795	88.56	60.7
93.20432	88.61	59.7
94.76645	88.66	58.7
96.35476	88.71	57.8
97.96969	88.75	56.8
99.61168	88.79	55.8
101.2812	88.82	54.9
102.9787	88.84	54
104.70465	88.86	53.2
106.45952	88.89	52.5
108.24381	88.93	51.8
110.058	88.98	50.9
111.9026	89.03	50.1
113.77812	89.08	49.1
115.68507	89.09	48.1
117.62398	89.08	47.2
119.59538	89.04	46.5
121.59983	89.03	46
123.63787	89.05	45.5
125.71007	89.08	45
127.81701	89.1	44.4
129.95925	89.13	43.9
132.1374	89.15	43.4
134.35205	89.18	42.8
136.60383	89.21	42.4
138.89334	89.26	41.9
141.22123	89.3	41.3
143.58813	89.34	40.8
145.9947	89.39	40.1
148.44161	89.43	39.5
150.92953	89.47	38.8
153.45914	89.5	38.1
156.03116	89.52	37.3
158.64628	89.52	36.5
161.30523	89.51	35.9
164.00874	89.49	35.4
166.75757	89.48	35
169.55247	89.48	34.6
172.39421	89.51	34.4
175.28358	89.55	34
178.22137	89.6	33.6
181.2084	89.64	32.9
184.2455	89.66	32.3
187.3335	89.67	31.7
190.47326	89.67	31.2
193.66564	89.68	30.6
196.91152	89.69	30.1
200.2118	89.69	29.6
203.5674	89.69	29.1
206.97924	89.69	28.6
210.44827	89.69	28.2
213.97543	89.7	27.8
217.56171	89.71	27.3
221.2081	89.72	26.8
224.9156	89.72	26.3
228.68524	89.71	25.7
232.51806	89.69	25.3
236.41512	89.67	25
240.3775	89.66	24.5
244.40628	89.64	24.2
248.50259	89.62	23.9
252.66756	89.6	23.5
256.90233	89.58	23.3
261.20807	89.56	22.9
265.58598	89.54	22.8
270.03727	89.54	22.7
274.56316	89.54	22.5
279.16491	89.55	22.3
283.84378	89.55	21.9
288.60107	89.54	21.7
293.43809	89.54	21.6
298.35619	89.55	21.3
303.35671	89.57	21
308.44104	89.59	20.6
313.61059	89.58	20.1
318.86678	89.56	19.6
324.21107	89.52	19.3
329.64492	89.47	19.1
335.16985	89.42	18.9
340.78738	89.38	18.8
346.49906	89.35	18.8
352.30647	89.33	18.8
358.21121	89.32	18.7
364.21492	89.3	18.7
370.31925	89.28	18.5
376.5259	89.26	18.4
382.83656	89.23	18.5
389.253	89.2	18.6
395.77697	89.2	18.8
402.41029	89.21	19
409.15479	89.24	19.2
416.01232	89.27	19.2
422.98479	89.3	19.1
430.07412	89.33	19.1
437.28226	89.36	19
444.61122	89.41	19
452.06302	89.46	18.8
459.6397	89.51	18.3
467.34338	89.53	17.9
475.17617	89.52	17.4
483.14023	89.5	17
491.23778	89.47	16.7
499.47105	89.44	16.5
507.84231	89.4	16.4
516.35387	89.37	16.3
525.00808	89.36	16.5
533.80735	89.36	16.4
542.75409	89.38	16.3
551.85078	89.38	16
561.09994	89.37	15.9
570.50411	89.34	15.7
580.0659	89.32	15.9
589.78794	89.29	15.7
599.67293	89.21	15.3
609.7236	89.08	14.9
619.94272	88.91	14.7
630.33311	88.74	15.1
640.89765	88.6	15.4
651.63925	88.43	16
662.56088	88.28	16.9
673.66556	88.25	17.9
684.95636	88.29	18.3
696.4364	88.3	18.2
708.10884	88.25	18.2
719.97692	88.25	18.9
732.04391	88.42	19.5
744.31315	88.69	19
756.78802	88.92	17.4
769.47197	89	14.8
782.36851	88.89	12.2
795.4812	88.58	10.4
808.81366	88.19	10.6
822.36957	87.96	12.4
836.15269	87.99	14.4
850.16681	88.19	15.5
864.41582	88.34	15.7
878.90364	88.47	16.2
893.63428	88.73	16.8
908.61181	89.11	16.3
923.84036	89.38	14.5
939.32415	89.5	12.5
955.06746	89.62	10.6
971.07462	89.67	8
987.35007	89.57	5.3
1003.8983	89.33	3.2
1020.7239	89.07	1.7
1037.8315	88.78	0.6
1055.2258	88.44	0.1
1072.9116	88.12	0.3
1090.8939	87.92	0.8
1109.1775	87.74	0.9
1127.7676	87.49	1
1146.6693	87.18	1.9
1165.8877	86.97	4
1185.4283	87	6.1
1205.2964	87.11	6.9
1225.4974	87.12	7.1
1246.0371	87.11	7.6
1266.9209	87.13	8
1288.1549	87.14	8.2
1309.7446	87.11	8.1
1331.6963	86.98	8.1
1354.0158	86.81	9
1376.7095	86.76	10.3
1399.7835	86.75	11
1423.2442	86.64	11.8
1447.0981	86.54	13.4
1471.3518	86.49	15.6
1496.012	86.54	18.3
1521.0856	86.82	21.4
1546.5793	87.29	23.2
1572.5004	87.7	23.5
1598.8559	88	23.7
1625.6531	88.32	24.2
1652.8994	88.72	24.4
1680.6024	89.17	24
1708.7697	89.59	22.6
1737.4091	89.92	20.8
1766.5285	90.18	18.8
1796.136	90.41	16.6
1826.2397	90.6	14.1
1856.8479	90.75	11.2
1887.9691	90.77	7.5
1919.612	90.56	4
1951.7851	90.18	1.4
1984.4975	89.69	0.5
2017.7582	89.3	1.2
2051.5763	89.1	2.4
2085.9612	89.05	3.6
2120.9224	89.21	4.5
2156.4696	89.44	3.6
2192.6126	89.5	1.3
2229.3613	89.27	-1.2
2266.7259	88.75	-2.1
2304.7168	88.25	0.1
2343.3444	88.15	4
2382.6195	88.51	6.8
2422.5528	89.01	7.3
2463.1553	89.38	5.6
2504.4384	89.43	3.3
2546.4134	89.28	2.4
2589.0919	89.25	3.2
2632.4858	89.51	4.1
2676.6069	89.92	3.4
2721.4674	90.27	0.9
2767.0799	90.44	-2.7
2813.4568	90.35	-6.7
2860.6111	90.02	-9.7
2908.5556	89.59	-11.1
2957.3037	89.27	-11.2
3006.8689	89.12	-11.1
3057.2647	89.05	-11.6
3108.5052	88.97	-12.8
3160.6045	88.78	-14.4
3213.577	88.41	-15.4
3267.4374	88.03	-14.8
3322.2004	87.88	-13.3
3377.8813	87.93	-12.7
3434.4954	87.94	-13.4
3492.0584	87.76	-14.1
3550.5862	87.56	-13.4
3610.0949	87.6	-12.1
3670.6009	87.81	-12.1
3732.1211	87.94	-13.5
3794.6724	87.92	-15.1
3858.272	87.89	-16.6
3922.9376	87.85	-18.8
3988.687	87.61	-21.7
4055.5384	87.09	-23.6
4123.5102	86.52	-23.3
4192.6212	86.2	-22.1
4262.8906	86	-21.7
4334.3377	85.72	-21.8
4406.9822	85.34	-21.1
4480.8443	85.02	-19.3
4555.9444	84.88	-17.1
4632.3031	84.82	-15.6
4709.9417	84.74	-13.9
4788.8814	84.75	-11.4
4869.1443	85.03	-8.7
4950.7523	85.55	-7.6
5033.7281	86.04	-8.6
5118.0947	86.39	-10.9
5203.8752	86.63	-13.8
5291.0934	86.78	-17.6
5379.7734	86.7	-22.2
5469.9397	86.31	-26.5
5561.6173	85.67	-29
5654.8313	85.04	-29
5749.6077	84.68	-28.1
5845.9725	84.47	-28
5943.9525	84.26	-28.2
6043.5746	84.04	-28.5
6144.8664	83.81	-28.5
6247.8558	83.67	-27.9
6352.5714	83.73	-27.7
6459.0421	83.94	-28.5
6567.2972	84.31	-31.7
6677.3667	84.44	-39.3
6789.281	83.57	-47.6
6903.071	81.96	-49.3
7018.7682	80.59	-45.3
7136.4045	79.85	-39.5
7256.0123	79.74	-35.8
7377.6249	79.55	-34.4
7501.2757	79.36	-32.7
7626.9989	79.11	-30.8
7754.8293	79.19	-27.6
7884.8021	79.54	-27.5
8016.9533	79.64	-29.3
8151.3194	79.51	-31.4
8287.9375	79.25	-32.6
8426.8454	78.97	-33.7
8568.0814	78.59	-33.9
8711.6845	78.32	-32.7
8857.6945	78.34	-32.3
9006.1516	78.27	-33.1
9157.0969	78.27	-32.2
9310.5721	78.86	-32.9
9466.6196	79.29	-39.3
9625.2825	79.1	-47.3
9786.6046	78.46	-55.4
9950.6305	77.14	-61.2
10117.405	75.49	-60.6
10286.976	74.35	-56.5
10459.388	73.83	-51.5
10634.69	73.99	-49.1
10812.93	74.52	-50.5
10994.157	74.61	-57.6
11178.422	74.14	-64.9
11365.775	73.26	-71.6
11556.268	72.28	-77.7
11749.954	71.26	-86.1
11946.886	69.22	-94.4
12147.119	66.1	-90.7
12350.708	62.87	-64.9
12557.708	62.7	-31.1
12768.179	64.58	-19.6
12982.177	66.15	-20.8
13199.761	66.84	-25.5
13420.992	67.82	-28.4
13645.931	68.62	-38.1
13874.641	68.17	-50
14107.183	66.94	-56.9
14343.623	66.18	-59.7
14584.025	65.66	-65.9
14828.457	64.15	-69.3
15076.986	62.42	-66
15329.68	61.54	-59.9
15586.609	61.23	-60.6
15847.844	60.53	-62.7
16113.458	60.03	-62.6
16383.524	59.54	-64.8
16658.115	58.42	-64.1
16937.31	57.85	-57
17221.183	58.75	-58.1
17509.814	59.14	-70.6
17803.283	58.09	-86.9
18101.67	55.57	-104.3
18405.059	53.1	-142.3
18713.532	52.67	174
19027.176	55.71	107.1
19346.076	58.65	62.8
19670.321	60.33	37.3
20000	60.71	28.1
