19.8660	75.8400	166.1000
20.1989	76.0500	164.5000
20.5375	76.2700	163.0000
20.8817	76.4800	161.5000
21.2317	76.7000	160.0000
21.5875	76.9200	158.6000
21.9493	77.1300	157.1000
22.3172	77.3600	155.6000
22.6913	77.5800	154.1000
23.0716	77.7900	152.6000
23.4583	78.0000	151.0000
23.8514	78.1900	149.5000
24.2512	78.3800	147.9000
24.6576	78.5600	146.3000
25.0709	78.7300	144.7000
25.4911	78.8900	143.2000
25.9183	79.0500	141.8000
26.3527	79.2100	140.3000
26.7944	79.3900	138.9000
27.2435	79.5600	137.6000
27.7001	79.7400	136.3000
28.1644	79.9300	135.0000
28.6364	80.1100	133.8000
29.1164	80.3000	132.6000
29.6044	80.4900	131.3000
30.1005	80.6800	129.9000
30.6050	80.8600	128.6000
31.1180	81.0400	127.3000
31.6395	81.2000	126.0000
32.1698	81.3700	124.8000
32.7090	81.5500	123.7000
33.2572	81.7400	122.5000
33.8146	81.9300	121.4000
34.3813	82.1300	120.3000
34.9576	82.3300	119.1000
35.5435	82.5300	117.8000
36.1392	82.7200	116.4000
36.7449	82.9000	115.0000
37.3607	83.0800	113.7000
37.9869	83.2500	112.5000
38.6236	83.4200	111.2000
39.2709	83.5800	109.9000
39.9291	83.7500	108.6000
40.5983	83.9100	107.3000
41.2788	84.0700	106.0000
41.9706	84.2300	104.6000
42.6741	84.4000	103.2000
43.3893	84.5500	101.6000
44.1165	84.7000	100.0000
44.8559	84.8300	98.4000
45.6077	84.9500	96.7000
46.3721	85.0500	94.9000
47.1493	85.1300	92.9000
47.9395	85.1600	90.9000
48.7430	85.1500	88.9000
49.5600	85.0600	87.2000
50.3906	84.9400	85.9000
51.2351	84.8000	85.2000
52.0939	84.7100	85.1000
52.9670	84.6800	85.2000
53.8547	84.7100	85.3000
54.7573	84.7900	85.3000
55.6751	84.8800	85.2000
56.6082	84.9700	85.1000
57.5570	85.0800	85.1000
58.5216	85.2300	85.4000
59.5025	85.4700	85.6000
60.4997	85.7400	85.1000
61.5137	85.9700	83.8000
62.5447	86.1200	82.4000
63.5930	86.2300	81.3000
64.6588	86.3400	80.4000
65.7425	86.4500	79.6000
66.8444	86.5600	78.8000
67.9647	86.6800	78.0000
69.1038	86.8000	77.3000
70.2620	86.9200	76.4000
71.4396	87.0400	75.6000
72.6370	87.1600	74.8000
73.8544	87.2700	73.9000
75.0922	87.3900	73.0000
76.3508	87.5100	72.1000
77.6304	87.6200	71.3000
78.9315	87.7300	70.4000
80.2544	87.8400	69.5000
81.5995	87.9400	68.6000
82.9672	88.0500	67.6000
84.3577	88.1500	66.6000
85.7716	88.2400	65.6000
87.2091	88.3300	64.6000
88.6707	88.4100	63.7000
90.1569	88.5000	62.8000
91.6680	88.5800	61.9000
93.2043	88.6600	60.9000
94.7665	88.7300	59.9000
96.3548	88.8000	58.9000
97.9697	88.8600	57.9000
99.6117	88.9100	56.9000
101.2812	88.9500	56.0000
102.9787	88.9900	55.2000
104.7047	89.0300	54.4000
106.4595	89.0900	53.7000
108.2438	89.1500	53.0000
110.0580	89.2200	52.3000
111.9026	89.3000	51.4000
113.7781	89.3700	50.5000
115.6851	89.4400	49.4000
117.6240	89.4700	48.2000
119.5954	89.4600	47.0000
121.5998	89.4200	46.2000
123.6379	89.3900	45.6000
125.7101	89.3800	45.2000
127.8170	89.3900	44.8000
129.9592	89.4200	44.3000
132.1374	89.4500	43.9000
134.3520	89.4900	43.5000
136.6038	89.5300	43.0000
138.8933	89.5800	42.5000
141.2212	89.6400	42.0000
143.5881	89.6900	41.4000
145.9947	89.7400	40.8000
148.4416	89.8000	40.2000
150.9295	89.8400	39.5000
153.4591	89.8800	38.7000
156.0312	89.9000	37.9000
158.6463	89.9100	37.2000
161.3052	89.9000	36.5000
164.0087	89.8900	36.0000
166.7576	89.8800	35.6000
169.5525	89.8800	35.3000
172.3942	89.8900	35.2000
175.2836	89.9400	35.1000
178.2214	90.0200	34.9000
181.2084	90.1200	34.5000
184.2455	90.2000	33.8000
187.3335	90.2600	33.0000
190.4733	90.2900	32.2000
193.6656	90.3200	31.5000
196.9115	90.3300	30.8000
200.2118	90.3400	30.2000
203.5674	90.3500	29.6000
206.9792	90.3600	29.0000
210.4483	90.3600	28.5000
213.9754	90.3800	28.0000
217.5617	90.3900	27.4000
221.2081	90.4100	26.8000
224.9156	90.4100	26.2000
228.6852	90.4100	25.6000
232.5181	90.3900	25.0000
236.4151	90.3600	24.5000
240.3775	90.3300	24.1000
244.4063	90.3100	23.8000
248.5026	90.2900	23.5000
252.6676	90.2900	23.2000
256.9023	90.2800	22.9000
261.2081	90.2700	22.7000
265.5860	90.2600	22.5000
270.0373	90.2600	22.3000
274.5632	90.2700	22.2000
279.1649	90.2800	22.0000
283.8438	90.3100	21.8000
288.6011	90.3300	21.5000
293.4381	90.3700	21.2000
298.3562	90.4100	20.8000
303.3567	90.4300	20.3000
308.4410	90.4300	19.7000
313.6106	90.4100	19.2000
318.8668	90.3800	18.7000
324.2111	90.3400	18.4000
329.6449	90.3000	18.2000
335.1698	90.2600	18.2000
340.7874	90.2500	18.1000
346.4991	90.2400	18.1000
352.3065	90.2500	18.0000
358.2112	90.2600	18.0000
364.2149	90.2600	17.9000
370.3193	90.2700	17.8000
376.5259	90.2700	17.7000
382.8366	90.2800	17.6000
389.2530	90.2900	17.6000
395.7770	90.3200	17.7000
402.4103	90.3700	17.7000
409.1548	90.4300	17.6000
416.0123	90.4800	17.4000
422.9848	90.5300	17.0000
430.0741	90.5700	16.7000
437.2823	90.6100	16.3000
444.6112	90.6500	15.9000
452.0630	90.6800	15.4000
459.6397	90.7000	14.8000
467.3434	90.7000	14.2000
475.1762	90.6800	13.7000
483.1402	90.6400	13.3000
491.2378	90.5700	11.8000
499.4710	90.3700	10.5000
507.8423	89.9800	9.8000
516.3539	89.4400	10.3000
525.0081	88.8700	12.9000
533.8074	88.5100	17.5000
542.7541	88.5900	22.4000
551.8508	89.0300	25.5000
561.0999	89.5500	25.9000
570.5041	89.9300	23.1000
580.0659	90.0600	20.2000
589.7879	90.0400	17.7000
599.6729	89.9600	15.9000
609.7236	89.8400	14.4000
619.9427	89.6800	13.4000
630.3331	89.5300	13.3000
640.8976	89.5500	14.2000
651.6392	89.7600	14.2000
662.5609	89.9300	12.9000
673.6656	89.9200	11.0000
684.9564	89.7200	9.5000
696.4364	89.4200	9.2000
708.1088	89.1200	10.4000
719.9769	89.0400	13.0000
732.0439	89.3000	15.5000
744.3131	89.7500	16.1000
756.7880	90.1500	14.7000
769.4720	90.3300	12.1000
782.3685	90.2500	9.4000
795.4812	89.9600	7.8000
808.8137	89.6100	7.9000
822.3696	89.4100	9.5000
836.1527	89.4600	11.3000
850.1668	89.6500	11.9000
864.4158	89.7500	11.9000
878.9036	89.8400	12.4000
893.6343	90.0600	12.9000
908.6118	90.3800	12.5000
923.8404	90.6000	10.9000
939.3242	90.7000	9.2000
955.0675	90.8000	7.5000
971.0746	90.8200	5.3000
987.3501	90.7000	3.0000
1003.8983	90.4600	1.4000
1020.7239	90.2100	0.5000
1037.8315	89.9300	0.1000
1055.2258	89.6400	0.3000
1072.9116	89.4300	1.3000
1090.8939	89.3600	2.5000
1109.1775	89.3500	3.1000
1127.7676	89.2900	3.5000
1146.6693	89.2200	4.6000
1165.8877	89.2900	6.2000
1185.4283	89.5800	7.3000
1205.2964	89.9000	6.8000
1225.4974	90.0700	5.4000
1246.0371	90.1600	4.0000
1266.9209	90.2000	2.4000
1288.1549	90.1800	0.6000
1309.7446	90.0700	-1.2000
1331.6963	89.8200	-2.8000
1354.0158	89.4900	-3.4000
1376.7095	89.2200	-3.2000
1399.7835	88.9900	-3.1000
1423.2442	88.7100	-2.5000
1447.0981	88.4600	-1.3000
1471.3518	88.2700	0.4000
1496.0120	88.1600	2.5000
1521.0856	88.2000	5.1000
1546.5793	88.4300	6.8000
1572.5004	88.6200	7.5000
1598.8559	88.7400	8.1000
1625.6531	88.9000	9.1000
1652.8994	89.1500	10.0000
1680.6024	89.4600	10.3000
1708.7697	89.7600	9.7000
1737.4091	89.9700	8.7000
1766.5285	90.1400	7.8000
1796.1360	90.3200	6.9000
1826.2397	90.5300	5.6000
1856.8479	90.7300	3.7000
1887.9691	90.8300	1.0000
1919.6120	90.7400	-2.0000
1951.7851	90.4600	-4.3000
1984.4975	90.0700	-5.2000
2017.7582	89.7700	-4.6000
2051.5763	89.6300	-3.7000
2085.9612	89.6200	-2.6000
2120.9224	89.8000	-2.1000
2156.4696	90.0300	-3.2000
2192.6126	90.0900	-5.7000
2229.3613	89.8400	-8.3000
2266.7259	89.3000	-9.2000
2304.7168	88.7500	-7.1000
2343.3444	88.6200	-3.0000
2382.6195	88.9700	0.0000
2422.5528	89.4800	0.6000
2463.1553	89.8600	-0.9000
2504.4384	89.9500	-3.3000
2546.4134	89.8100	-4.2000
2589.0919	89.7800	-3.7000
2632.4858	90.0200	-3.0000
2676.6069	90.4100	-3.8000
2721.4674	90.7400	-6.3000
2767.0799	90.9000	-10.0000
2813.4568	90.8200	-14.1000
2860.6111	90.4700	-17.4000
2908.5556	90.0200	-19.1000
2957.3037	89.6500	-19.3000
3006.8689	89.4500	-19.4000
3057.2647	89.3400	-19.9000
3108.5052	89.2300	-21.1000
3160.6045	88.9900	-22.9000
3213.5770	88.5600	-24.0000
3267.4374	88.0800	-23.5000
3322.2004	87.7700	-21.8000
3377.8813	87.6700	-20.4000
3434.4954	87.5900	-19.9000
3492.0584	87.3800	-19.3000
3550.5862	87.2300	-17.2000
3610.0949	87.3800	-14.7000
3670.6009	87.7800	-13.7000
3732.1211	88.1300	-14.8000
3794.6724	88.3000	-16.7000
3858.2720	88.3900	-18.4000
3922.9376	88.4700	-20.5000
3988.6870	88.4700	-23.3000
4055.5384	88.2800	-26.1000
4123.5102	87.9800	-27.9000
4192.6212	87.7600	-29.0000
4262.8906	87.6200	-30.6000
4334.3377	87.4100	-32.9000
4406.9822	87.0500	-35.4000
4480.8443	86.5100	-37.3000
4555.9444	85.8500	-37.9000
4632.3031	85.2000	-37.2000
4709.9417	84.6000	-35.4000
4788.8814	84.0400	-32.2000
4869.1443	83.8200	-27.1000
4950.7523	84.1300	-22.9000
5033.7281	84.5900	-21.5000
5118.0947	84.9700	-21.3000
5203.8752	85.4500	-21.9000
5291.0934	85.9400	-24.8000
5379.7734	86.1600	-29.9000
5469.9397	86.0100	-35.5000
5561.6173	85.5500	-40.1000
5654.8313	84.9800	-43.3000
5749.6077	84.4200	-45.9000
5845.9725	83.7600	-48.2000
5943.9525	83.0300	-50.2000
6043.5746	82.0600	-51.2000
6144.8664	80.9500	-49.6000
6247.8558	79.8900	-45.3000
6352.5714	79.1900	-37.2000
6459.0421	79.5000	-28.2000
6567.2972	80.4900	-24.2000
6677.3667	81.4100	-25.7000
6789.2810	81.8800	-30.5000
6903.0710	81.9800	-35.9000
7018.7682	81.8500	-42.1000
7136.4045	81.3800	-48.4000
7256.0123	80.5700	-54.6000
7377.6249	79.2000	-59.0000
7501.2757	77.4400	-58.0000
7626.9989	75.7100	-51.7000
7754.8293	74.6800	-40.7000
7884.8021	74.6800	-31.4000
8016.9533	75.2400	-24.8000
8151.3194	76.0200	-22.1000
8287.9375	76.6500	-22.6000
8426.8454	77.0400	-25.1000
8568.0814	77.0700	-28.2000
8711.6845	77.0800	-30.3000
8857.6945	77.1100	-34.9000
9006.1516	76.4100	-40.0000
9157.0969	75.2400	-38.2000
9310.5721	75.2300	-33.0000
9466.6196	75.7000	-35.7000
9625.2825	75.5700	-41.2000
9786.6046	75.1300	-47.3000
9950.6305	74.2500	-52.5000
10117.4050	73.0600	-55.6000
10286.9760	71.7800	-55.6000
10459.3880	70.8700	-53.7000
10634.6900	70.3900	-55.7000
10812.9300	69.4500	-60.0000
10994.1570	67.8600	-64.0000
11178.4220	65.3900	-60.1000
11365.7750	62.8500	-47.2000
11556.2680	61.3800	-30.1000
11749.9540	61.0100	-16.8000
11946.8860	61.1800	2.3000
12147.1190	63.5100	22.0000
12350.7080	65.9600	28.3000
12557.7080	67.6700	27.1000
12768.1790	68.9700	24.2000
12982.1770	70.1200	20.0000
13199.7610	71.3000	14.0000
13420.9920	72.3200	4.9000
13645.9310	72.8900	-7.1000
13874.6410	72.7000	-20.0000
14107.1830	71.8400	-29.9000
14343.6230	70.9400	-36.0000
14584.0250	70.3000	-41.5000
14828.4570	69.7800	-47.5000
15076.9860	69.3100	-54.4000
15329.6800	68.7800	-63.4000
15586.6090	67.9100	-75.8000
15847.8440	66.0500	-87.8000
16113.4580	63.2600	-87.7000
16383.5240	61.3100	-81.2000
16658.1150	59.8800	-80.7000
16937.3100	57.7400	-78.5000
17221.1830	55.0800	-64.6000
17509.8140	53.6600	-43.8000
17803.2830	54.2000	-31.1000
18101.6700	54.6100	-29.1000
18405.0590	54.5200	-23.7000
18713.5320	54.8100	-15.9000
19027.1760	56.2700	4.5000
19346.0760	59.3000	10.7000
19670.3210	60.8300	1.9000
20000.0000	61.0100	-3.4000