20.1989	65.3300	135.4000
20.5375	65.3600	134.9000
20.8817	65.3900	134.3000
21.2317	65.4300	133.8000
21.5875	65.5000	133.2000
21.9493	65.5800	132.6000
22.3172	65.7000	132.1000
22.6913	65.8700	131.5000
23.0716	66.1000	130.9000
23.4583	66.4200	130.3000
23.8514	66.8500	129.8000
24.2512	67.3600	129.2000
24.6576	67.8600	128.6000
25.0709	68.2800	128.0000
25.4911	68.6300	127.4000
25.9183	68.9400	126.8000
26.3527	69.2500	126.2000
26.7944	69.5900	125.6000
27.2435	69.9700	125.0000
27.7001	70.3900	124.4000
28.1644	70.8400	123.8000
28.6364	71.3100	123.2000
29.1164	71.7800	122.6000
29.6044	72.2500	122.0000
30.1005	72.7200	121.4000
30.6050	73.1900	120.8000
31.1180	73.6800	120.2000
31.6395	74.1800	119.6000
32.1698	74.6700	119.0000
32.7090	75.1300	118.4000
33.2572	75.5700	117.8000
33.8146	75.9800	117.2000
34.3813	76.3700	116.6000
34.9576	76.7300	116.0000
35.5435	77.0700	115.4000
36.1392	77.3800	114.8000
36.7449	77.6700	114.2000
37.3607	77.9100	113.6000
37.9869	78.1200	113.0000
38.6236	78.3000	112.4000
39.2709	78.4500	111.8000
39.9291	78.5800	111.2000
40.5983	78.6900	110.5000
41.2788	78.7800	109.9000
41.9706	78.8600	109.3000
42.6741	78.9700	108.7000
43.3893	79.1200	108.1000
44.1165	79.3000	107.5000
44.8559	79.4600	106.9000
45.6077	79.5800	106.3000
46.3721	79.6300	105.7000
47.1493	79.6900	105.1000
47.9395	79.7800	104.5000
48.7430	79.9100	103.9000
49.5600	80.0400	103.3000
50.3906	80.1600	102.7000
51.2351	80.2800	102.1000
52.0939	80.4300	101.5000
52.9670	80.6100	100.9000
53.8547	80.8100	100.3000
54.7573	81.0200	99.7000
55.6751	81.2400	99.1000
56.6082	81.4700	98.5000
57.5570	81.7000	97.9000
58.5216	81.9200	97.3000
59.5025	82.1100	96.7000
60.4997	82.2800	96.1000
61.5137	82.4300	95.5000
62.5447	82.5400	94.8000
63.5930	82.6300	94.2000
64.6588	82.7000	93.6000
65.7425	82.7700	93.0000
66.8444	82.8500	92.4000
67.9647	82.9800	91.8000
69.1038	83.1700	91.2000
70.2620	83.4200	90.6000
71.4396	83.7300	90.0000
72.6370	84.0600	89.4000
73.8544	84.3900	88.8000
75.0922	84.6900	88.2000
76.3508	84.9400	87.5000
77.6304	85.1300	86.9000
78.9315	85.2500	86.3000
80.2544	85.3000	85.7000
81.5995	85.3000	85.1000
82.9672	85.2700	84.4000
84.3577	85.2400	83.8000
85.7716	85.2500	83.2000
87.2091	85.3300	82.6000
88.6707	85.5100	81.9000
90.1569	85.7700	81.3000
91.6680	86.0700	80.7000
93.2043	86.3400	80.1000
94.7665	86.5600	79.4000
96.3548	86.6900	78.8000
97.9697	86.7200	78.1000
99.6117	86.6900	77.5000
101.2812	86.6400	76.9000
102.9787	86.6000	76.2000
104.7047	86.6100	75.5000
106.4595	86.7000	74.9000
108.2438	86.8400	74.2000
110.0580	87.0200	73.6000
111.9026	87.2100	72.9000
113.7781	87.3800	72.2000
115.6851	87.4900	71.6000
117.6240	87.5500	70.9000
119.5954	87.5400	70.2000
121.5998	87.4900	69.5000
123.6379	87.4500	68.8000
125.7101	87.4700	68.1000
127.8170	87.5700	67.5000
129.9592	87.7200	66.8000
132.1374	87.8700	66.1000
134.3520	87.9500	65.4000
136.6038	87.9700	64.6000
138.8933	87.9600	63.9000
141.2212	87.9600	63.2000
143.5881	88.0100	62.5000
145.9947	88.1000	61.8000
148.4416	88.2000	61.0000
150.9295	88.2900	60.3000
153.4591	88.3600	59.6000
156.0312	88.4000	58.8000
158.6463	88.4000	58.1000
161.3052	88.3800	57.4000
164.0087	88.4000	56.6000
166.7576	88.4700	55.9000
169.5525	88.5500	55.1000
172.3942	88.5900	54.4000
175.2836	88.6000	53.6000
178.2214	88.6100	52.9000
181.2084	88.6500	52.1000
184.2455	88.7200	51.3000
187.3335	88.7900	50.6000
190.4733	88.8300	49.8000
193.6656	88.8600	49.1000
196.9115	88.8800	48.3000
200.2118	88.9000	47.5000
203.5674	88.9500	46.8000
206.9792	89.0100	46.0000
210.4483	89.0300	45.3000
213.9754	89.0100	44.5000
217.5617	89.0300	43.8000
221.2081	89.1000	43.0000
224.9156	89.1700	42.3000
228.6852	89.1800	41.5000
232.5181	89.1500	40.8000
236.4151	89.1400	40.1000
240.3775	89.1900	39.3000
244.4063	89.2200	38.6000
248.5026	89.2000	37.9000
252.6676	89.1600	37.2000
256.9023	89.2200	36.5000
261.2081	89.2700	35.8000
265.5860	89.2100	35.1000
270.0373	89.1500	34.5000
274.5632	89.1600	33.9000
279.1649	89.2200	33.2000
283.8438	89.2100	32.6000
288.6011	89.1900	32.0000
293.4381	89.2400	31.4000
298.3562	89.2800	30.8000
303.3567	89.2700	30.2000
308.4410	89.3000	29.7000
313.6106	89.3700	29.2000
318.8668	89.3700	28.7000
324.2111	89.3100	28.3000
329.6449	89.2800	27.8000
335.1698	89.2600	27.4000
340.7874	89.2200	27.1000
346.4991	89.2200	26.7000
352.3065	89.2200	26.4000
358.2112	89.1900	26.1000
364.2149	89.1800	25.9000
370.3193	89.1800	25.6000
376.5259	89.1500	25.4000
382.8366	89.1300	25.2000
389.2530	89.1100	25.0000
395.7770	89.1100	24.9000
402.4103	89.1200	24.8000
409.1548	89.1300	24.7000
416.0123	89.1300	24.6000
422.9848	89.1400	24.5000
430.0741	89.1400	24.4000
437.2823	89.1500	24.4000
444.6112	89.1700	24.3000
452.0630	89.1900	24.3000
459.6397	89.2000	24.2000
467.3434	89.2000	24.2000
475.1762	89.1900	24.2000
483.1402	89.1800	24.2000
491.2378	89.1700	24.2000
499.4710	89.1700	24.2000
507.8423	89.1600	23.9000
516.3539	89.1600	23.6000
525.0081	89.1700	23.3000
533.8074	89.1900	22.9000
542.7541	89.2200	22.5000
551.8508	89.2500	22.0000
561.0999	89.2900	21.5000
570.5041	89.3200	20.9000
580.0659	89.3700	20.3000
589.7879	89.4000	19.7000
599.6729	89.4400	18.9000
609.7236	89.4700	18.2000
619.9427	89.5000	17.4000
630.3331	89.5300	16.6000
640.8976	89.5500	15.8000
651.6392	89.5600	14.9000
662.5609	89.5700	14.0000
673.6656	89.5800	13.2000
684.9564	89.5800	12.3000
696.4364	89.5700	11.4000
708.1088	89.5500	10.9000
719.9769	89.5300	10.4000
732.0439	89.5000	10.0000
744.3131	89.4700	9.7000
756.7880	89.4400	9.5000
769.4720	89.4200	9.3000
782.3685	89.3900	9.2000
795.4812	89.3800	9.1000
808.8137	89.3700	9.2000
822.3696	89.3800	9.2000
836.1527	89.4000	9.2000
850.1668	89.4400	9.2000
864.4158	89.4900	9.2000
878.9036	89.5500	9.0000
893.6343	89.6200	8.8000
908.6118	89.6900	8.4000
923.8404	89.7500	7.9000
939.3242	89.8100	7.3000
955.0675	89.8400	6.6000
971.0746	89.8600	5.9000
987.3501	89.8600	5.1000
1003.8983	89.8400	4.4000
1020.7239	89.8000	3.7000
1037.8315	89.7400	3.2000
1055.2258	89.6800	2.8000
1072.9116	89.6100	2.6000
1090.8939	89.5600	2.6000
1109.1775	89.5200	2.6000
1127.7676	89.5100	2.8000
1146.6693	89.5300	2.9000
1165.8877	89.5800	3.0000
1185.4283	89.6500	2.9000
1205.2964	89.7200	2.7000
1225.4974	89.7900	2.2000
1246.0371	89.8300	1.6000
1266.9209	89.8500	1.0000
1288.1549	89.8300	0.3000
1309.7446	89.7800	-0.1000
1331.6963	89.7200	-0.3000
1354.0158	89.6500	-0.1000
1376.7095	89.6200	0.4000
1399.7835	89.6400	1.3000
1423.2442	89.7500	2.3000
1447.0981	89.9400	3.1000
1471.3518	90.2100	3.6000
1496.0120	90.5300	3.5000
1521.0856	90.8700	2.8000
1546.5793	91.1900	1.6000
1572.5004	91.4600	-0.2000
1598.8559	91.6700	-2.2000
1625.6531	91.8100	-4.5000
1652.8994	91.9000	-6.7000
1680.6024	91.9300	-8.8000
1708.7697	91.9500	-10.7000
1737.4091	91.9600	-12.5000
1766.5285	91.9900	-14.2000
1796.1360	92.0200	-16.1000
1826.2397	92.0400	-18.2000
1856.8479	92.0400	-20.6000
1887.9691	91.9900	-23.2000
1919.6120	91.8700	-25.9000
1951.7851	91.6700	-28.5000
1984.4975	91.4100	-30.7000
2017.7582	91.1200	-32.6000
2051.5763	90.8300	-34.0000
2085.9612	90.5800	-35.1000
2120.9224	90.3500	-36.2000
2156.4696	90.1300	-37.5000
2192.6126	89.8900	-38.9000
2229.3613	89.5800	-40.4000
2266.7259	89.2000	-41.6000
2304.7168	88.7800	-42.1000
2343.3444	88.3800	-41.9000
2382.6195	88.0500	-41.3000
2422.5528	87.7900	-40.6000
2463.1553	87.5700	-40.2000
2504.4384	87.3000	-39.9000
2546.4134	86.9600	-39.3000
2589.0919	86.5900	-37.7000
2632.4858	86.3100	-34.8000
2676.6069	86.2600	-31.2000
2721.4674	86.4800	-28.0000
2767.0799	86.8600	-26.1000
2813.4568	87.2500	-25.4000
2860.6111	87.5800	-25.5000
2908.5556	87.8800	-25.6000
2957.3037	88.2200	-25.9000
3006.8689	88.6500	-26.8000
3057.2647	89.1100	-28.9000
3108.5052	89.4900	-32.2000
3160.6045	89.6900	-36.3000
3213.5770	89.7000	-40.5000
3267.4374	89.5800	-44.1000
3322.2004	89.4200	-47.3000
3377.8813	89.2400	-50.2000
3434.4954	89.0100	-53.1000
3492.0584	88.7200	-55.5000
3550.5862	88.4500	-57.4000
3610.0949	88.2800	-59.0000
3670.6009	88.1900	-61.3000
3732.1211	88.0500	-64.8000
3794.6724	87.7100	-68.9000
3858.2720	87.1600	-72.7000
3922.9376	86.4700	-75.3000
3988.6870	85.7500	-77.0000
4055.5384	85.0500	-77.9000
4123.5102	84.3400	-78.2000
4192.6212	83.6200	-77.7000
4262.8906	82.9500	-76.0000
4334.3377	82.4500	-73.4000
4406.9822	82.1600	-70.5000
4480.8443	82.0500	-68.0000
4555.9444	82.0800	-66.3000
4632.3031	82.1800	-65.9000
4709.9417	82.2100	-66.5000
4788.8814	82.1300	-67.7000
4869.1443	81.9400	-69.0000
4950.7523	81.7100	-70.0000
5033.7281	81.4800	-70.9000
5118.0947	81.2600	-72.4000
5203.8752	80.9200	-74.4000
5291.0934	80.3900	-76.1000
5379.7734	79.7500	-76.6000
5469.9397	79.1400	-76.3000
5561.6173	78.4400	-76.1000
5654.8313	77.4700	-74.0000
5749.6077	76.6000	-67.9000
5845.9725	76.2500	-59.5000
5943.9525	76.4900	-49.8000
6043.5746	77.6700	-41.3000
6144.8664	79.4100	-38.4000
6247.8558	81.2500	-40.5000
6352.5714	82.9900	-48.2000
6459.0421	84.1300	-60.6000
6567.2972	84.6000	-74.4000
6677.3667	84.6000	-89.1000
6789.2810	83.9500	-104.5000
6903.0710	82.6200	-117.7000
7018.7682	81.0700	-127.1000
7136.4045	79.6000	-133.9000
7256.0123	78.4900	-138.5000
7377.6249	77.9900	-144.2000
7501.2757	77.7800	-153.5000
7626.9989	77.7500	-165.6000
7754.8293	77.8600	179.3000
7884.8021	77.8500	161.9000
8016.9533	78.2700	146.2000
8151.3194	79.1100	127.9000
8287.9375	79.6500	108.4000
8426.8454	79.8000	91.9000
8568.0814	79.9000	81.3000
8711.6845	80.8500	75.9000
8857.6945	82.7400	66.9000
9006.1516	84.4000	52.0000
9157.0969	85.4100	35.1000
9310.5721	85.9500	18.1000
9466.6196	85.7900	0.8000
9625.2825	85.0300	-12.3000
9786.6046	84.4200	-23.4000
9950.6305	83.4500	-34.2000
10117.4050	82.1900	-44.3000
10286.9760	79.7800	-51.4000
10459.3880	77.0600	-42.9000
10634.6900	77.0100	-24.1000
10812.9300	79.0900	-15.3000
10994.1570	81.2900	-17.8000
11178.4220	82.9500	-26.0000
11365.7750	84.5500	-36.8000
11556.2680	85.8600	-57.2000
11749.9540	84.9700	-82.6000
11946.8860	82.4900	-99.0000
12147.1190	79.6000	-108.1000
12350.7080	76.2600	-106.6000
12557.7080	73.8900	-92.1000
12768.1790	73.8600	-72.5000
12982.1770	75.9200	-61.1000
13199.7610	78.6100	-62.3000
13420.9920	80.6300	-75.2000
13645.9310	81.3000	-91.0000
13874.6410	81.2000	-106.8000
14107.1830	80.3800	-120.9000
14343.6230	79.0400	-132.7000
14584.0250	77.4300	-140.2000
14828.4570	75.6200	-143.9000
15076.9860	74.1700	-140.5000
15329.6800	73.9800	-132.8000
15586.6090	75.4500	-129.6000
15847.8440	77.3000	-136.7000
16113.4580	78.7300	-152.9000
16383.5240	78.9500	-169.0000
16658.1150	77.3100	162.8000
16937.3100	74.6800	150.9000
17221.1830	72.2400	148.6000
17509.8140	70.8900	153.9000
17803.2830	71.0800	157.8000
18101.6700	71.8200	155.4000
18405.0590	72.6900	148.1000
18713.5320	73.2000	135.5000
19027.1760	73.0000	123.2000
19346.0760	72.6100	112.4000
19670.3210	72.2100	104.0000