20.1989	61.9800	127.8000
20.5375	63.1900	127.2000
20.8817	64.3400	126.7000
21.2317	65.3800	126.1000
21.5875	66.2400	125.5000
21.9493	66.8900	125.0000
22.3172	67.3400	124.4000
22.6913	67.6200	123.8000
23.0716	67.7900	123.2000
23.4583	67.9000	122.6000
23.8514	67.9900	122.1000
24.2512	68.0800	121.5000
24.6576	68.1900	120.9000
25.0709	68.3500	120.3000
25.4911	68.5500	119.7000
25.9183	68.8200	119.1000
26.3527	69.1400	118.5000
26.7944	69.5200	118.0000
27.2435	69.9300	117.4000
27.7001	70.3800	116.8000
28.1644	70.8300	116.2000
28.6364	71.2900	115.6000
29.1164	71.7700	115.0000
29.6044	72.2600	114.4000
30.1005	72.7700	113.8000
30.6050	73.2800	113.3000
31.1180	73.7800	112.7000
31.6395	74.2700	112.1000
32.1698	74.7400	111.5000
32.7090	75.2000	110.9000
33.2572	75.6400	110.3000
33.8146	76.0600	109.8000
34.3813	76.4400	109.2000
34.9576	76.7900	108.6000
35.5435	77.1000	108.0000
36.1392	77.3800	107.4000
36.7449	77.6300	106.8000
37.3607	77.8500	106.3000
37.9869	78.0100	105.7000
38.6236	78.1200	105.1000
39.2709	78.1800	104.5000
39.9291	78.2200	104.0000
40.5983	78.2200	103.4000
41.2788	78.2000	102.8000
41.9706	78.1600	102.2000
42.6741	78.0900	101.7000
43.3893	78.0000	101.1000
44.1165	77.9300	100.5000
44.8559	77.9400	99.9000
45.6077	78.1200	99.3000
46.3721	78.4800	98.8000
47.1493	78.8800	98.2000
47.9395	79.2500	97.6000
48.7430	79.5900	97.0000
49.5600	79.9100	96.5000
50.3906	80.2100	95.9000
51.2351	80.4700	95.3000
52.0939	80.7000	94.7000
52.9670	80.8900	94.2000
53.8547	81.0700	93.6000
54.7573	81.2500	93.0000
55.6751	81.4400	92.4000
56.6082	81.6500	91.9000
57.5570	81.8600	91.3000
58.5216	82.0600	90.7000
59.5025	82.2300	90.1000
60.4997	82.3900	89.6000
61.5137	82.5000	89.0000
62.5447	82.5600	88.4000
63.5930	82.5600	87.8000
64.6588	82.5300	87.2000
65.7425	82.5100	86.6000
66.8444	82.5300	86.0000
67.9647	82.6400	85.5000
69.1038	82.8600	84.9000
70.2620	83.1600	84.3000
71.4396	83.5100	83.7000
72.6370	83.8800	83.1000
73.8544	84.2200	82.5000
75.0922	84.5000	81.9000
76.3508	84.7100	81.3000
77.6304	84.8400	80.7000
78.9315	84.9000	80.1000
80.2544	84.8900	79.5000
81.5995	84.8400	78.8000
82.9672	84.7800	78.2000
84.3577	84.7600	77.6000
85.7716	84.8000	77.0000
87.2091	84.9700	76.4000
88.6707	85.2600	75.7000
90.1569	85.6300	75.1000
91.6680	85.9900	74.5000
93.2043	86.2900	73.8000
94.7665	86.4800	73.2000
96.3548	86.5700	72.5000
97.9697	86.5500	71.9000
99.6117	86.4800	71.2000
101.2812	86.4100	70.6000
102.9787	86.3700	69.9000
104.7047	86.3900	69.2000
106.4595	86.5000	68.6000
108.2438	86.6800	67.9000
110.0580	86.8800	67.2000
111.9026	87.0600	66.5000
113.7781	87.2000	65.8000
115.6851	87.2700	65.1000
117.6240	87.2600	64.4000
119.5954	87.1900	63.7000
121.5998	87.0900	63.0000
123.6379	87.0400	62.3000
125.7101	87.1000	61.6000
127.8170	87.2500	60.9000
129.9592	87.4300	60.1000
132.1374	87.5500	59.4000
134.3520	87.5700	58.7000
136.6038	87.5400	57.9000
138.8933	87.5100	57.2000
141.2212	87.5200	56.4000
143.5881	87.5900	55.6000
145.9947	87.6800	54.9000
148.4416	87.7900	54.1000
150.9295	87.9000	53.3000
153.4591	87.9700	52.6000
156.0312	87.9800	51.8000
158.6463	87.9400	51.0000
161.3052	87.9100	50.2000
164.0087	87.9500	49.4000
166.7576	88.0500	48.6000
169.5525	88.1300	47.8000
172.3942	88.1500	47.0000
175.2836	88.1400	46.1000
178.2214	88.1400	45.3000
181.2084	88.2000	44.5000
184.2455	88.2900	43.7000
187.3335	88.3600	42.8000
190.4733	88.4100	42.0000
193.6656	88.4300	41.2000
196.9115	88.4400	40.3000
200.2118	88.4600	39.5000
203.5674	88.5200	38.7000
206.9792	88.5700	37.9000
210.4483	88.5600	37.1000
213.9754	88.5300	36.3000
217.5617	88.5500	35.5000
221.2081	88.6400	34.6000
224.9156	88.7100	33.9000
228.6852	88.7000	33.1000
232.5181	88.6500	32.3000
236.4151	88.6500	31.5000
240.3775	88.7100	30.7000
244.4063	88.7400	29.9000
248.5026	88.6900	29.1000
252.6676	88.6400	28.4000
256.9023	88.7300	27.6000
261.2081	88.7700	26.9000
265.5860	88.6700	26.2000
270.0373	88.6000	25.4000
274.5632	88.6100	24.8000
279.1649	88.6700	24.1000
283.8438	88.6500	23.4000
288.6011	88.6200	22.7000
293.4381	88.6800	22.0000
298.3562	88.7200	21.4000
303.3567	88.6900	20.7000
308.4410	88.7300	20.1000
313.6106	88.8000	19.5000
318.8668	88.8000	19.0000
324.2111	88.7300	18.5000
329.6449	88.6900	18.0000
335.1698	88.6500	17.5000
340.7874	88.5900	17.0000
346.4991	88.5900	16.6000
352.3065	88.5800	16.2000
358.2112	88.5400	15.9000
364.2149	88.5200	15.6000
370.3193	88.5200	15.3000
376.5259	88.4800	15.0000
382.8366	88.4400	14.8000
389.2530	88.4200	14.5000
395.7770	88.4000	14.3000
402.4103	88.4000	14.2000
409.1548	88.3900	14.0000
416.0123	88.3700	13.9000
422.9848	88.3500	13.8000
430.0741	88.3200	13.7000
437.2823	88.3000	13.6000
444.6112	88.3000	13.4000
452.0630	88.3100	13.5000
459.6397	88.3300	13.5000
467.3434	88.3200	13.6000
475.1762	88.3300	13.7000
483.1402	88.3300	13.7000
491.2378	88.3300	13.8000
499.4710	88.3300	13.9000
507.8423	88.3400	14.0000
516.3539	88.3500	14.0000
525.0081	88.3600	14.1000
533.8074	88.3800	14.2000
542.7541	88.4000	14.2000
551.8508	88.4100	14.2000
561.0999	88.4300	14.2000
570.5041	88.4500	14.2000
580.0659	88.4500	14.2000
589.7879	88.4700	14.1000
599.6729	88.4700	14.0000
609.7236	88.4700	14.0000
619.9427	88.4600	13.9000
630.3331	88.4500	13.9000
640.8976	88.4300	13.8000
651.6392	88.4100	13.8000
662.5609	88.3900	13.8000
673.6656	88.3500	13.9000
684.9564	88.3200	13.9000
696.4364	88.2800	14.0000
708.1088	88.2400	13.9000
719.9769	88.2000	13.9000
732.0439	88.1500	13.9000
744.3131	88.1100	14.0000
756.7880	88.0700	14.2000
769.4720	88.0400	14.5000
782.3685	88.0300	14.8000
795.4812	88.0300	15.3000
808.8137	88.0500	15.7000
822.3696	88.0900	16.1000
836.1527	88.1600	16.4000
850.1668	88.2400	16.7000
864.4158	88.3300	16.8000
878.9036	88.4400	16.8000
893.6343	88.5400	16.6000
908.6118	88.6500	16.2000
923.8404	88.7400	15.6000
939.3242	88.8100	14.9000
955.0675	88.8600	14.1000
971.0746	88.8800	13.2000
987.3501	88.8600	12.3000
1003.8983	88.8000	11.4000
1020.7239	88.7200	10.7000
1037.8315	88.6000	10.1000
1055.2258	88.4600	9.8000
1072.9116	88.3200	9.8000
1090.8939	88.1800	10.1000
1109.1775	88.0600	10.7000
1127.7676	87.9900	11.5000
1146.6693	87.9700	12.5000
1165.8877	88.0100	13.4000
1185.4283	88.0900	14.3000
1205.2964	88.2200	14.8000
1225.4974	88.3600	15.0000
1246.0371	88.5100	15.0000
1266.9209	88.6300	14.6000
1288.1549	88.7300	14.1000
1309.7446	88.8000	13.5000
1331.6963	88.8400	13.0000
1354.0158	88.8600	12.5000
1376.7095	88.8700	12.2000
1399.7835	88.9000	12.0000
1423.2442	88.9400	11.9000
1447.0981	89.0200	11.8000
1471.3518	89.1300	11.5000
1496.0120	89.2500	11.0000
1521.0856	89.3700	10.2000
1546.5793	89.4700	9.0000
1572.5004	89.5300	7.7000
1598.8559	89.5500	6.4000
1625.6531	89.5300	5.1000
1652.8994	89.4900	3.9000
1680.6024	89.4300	3.0000
1708.7697	89.4000	2.1000
1737.4091	89.4000	1.2000
1766.5285	89.4300	0.1000
1796.1360	89.4600	-1.4000
1826.2397	89.4600	-3.4000
1856.8479	89.4000	-5.9000
1887.9691	89.2400	-8.6000
1919.6120	88.9600	-11.2000
1951.7851	88.5500	-13.6000
1984.4975	88.0500	-15.3000
2017.7582	87.5000	-16.1000
2051.5763	86.9500	-16.0000
2085.9612	86.4800	-15.1000
2120.9224	86.1100	-14.0000
2156.4696	85.8000	-13.0000
2192.6126	85.5100	-12.2000
2229.3613	85.1700	-11.5000
2266.7259	84.7800	-10.4000
2304.7168	84.3700	-8.5000
2343.3444	84.0100	-5.7000
2382.6195	83.8000	-2.1000
2422.5528	83.8000	1.6000
2463.1553	83.9500	4.8000
2504.4384	84.2000	7.3000
2546.4134	84.5000	9.1000
2589.0919	84.8400	10.5000
2632.4858	85.2600	11.3000
2676.6069	85.7500	11.1000
2721.4674	86.2400	9.5000
2767.0799	86.6300	6.5000
2813.4568	86.8100	2.3000
2860.6111	86.7100	-2.1000
2908.5556	86.3600	-5.9000
2957.3037	85.8400	-8.2000
3006.8689	85.3300	-8.9000
3057.2647	84.9700	-8.5000
3108.5052	84.7800	-8.3000
3160.6045	84.6600	-8.7000
3213.5770	84.5100	-9.8000
3267.4374	84.2800	-11.1000
3322.2004	84.0000	-12.3000
3377.8813	83.7100	-13.3000
3434.4954	83.3900	-14.4000
3492.0584	83.0400	-15.4000
3550.5862	82.6800	-16.2000
3610.0949	82.3400	-16.8000
3670.6009	82.0300	-17.8000
3732.1211	81.6700	-19.6000
3794.6724	81.1500	-21.6000
3858.2720	80.4500	-23.2000
3922.9376	79.6400	-23.6000
3988.6870	78.8500	-22.9000
4055.5384	78.1300	-21.5000
4123.5102	77.4400	-19.7000
4192.6212	76.7600	-17.2000
4262.8906	76.2000	-13.8000
4334.3377	75.8800	-9.8000
4406.9822	75.8300	-6.7000
4480.8443	75.9100	-5.4000
4555.9444	75.9200	-6.2000
4632.3031	75.6500	-8.1000
4709.9417	75.0900	-9.2000
4788.8814	74.5400	-8.3000
4869.1443	74.3600	-7.0000
4950.7523	74.4000	-8.0000
5033.7281	74.3300	-11.7000
5118.0947	73.9700	-17.0000
5203.8752	73.2400	-22.5000
5291.0934	72.2700	-26.2000
5379.7734	71.4400	-27.5000
5469.9397	71.2100	-27.7000
5561.6173	71.7000	-30.8000
5654.8313	72.4700	-39.7000
5749.6077	73.0300	-52.7000
5845.9725	73.3400	-67.4000
5943.9525	73.4600	-82.1000
6043.5746	73.5200	-94.4000
6144.8664	73.9600	-104.0000
6247.8558	74.8800	-114.0000
6352.5714	75.8100	-125.4000
6459.0421	76.6300	-136.3000
6567.2972	77.5400	-147.6000
6677.3667	78.2400	-162.1000
6789.2810	78.0400	-142.3000
6903.0710	76.1800	165.1000
7018.7682	72.7900	163.5000
7136.4045	70.7400	-115.5000
7256.0123	72.1900	-156.9000
7377.6249	74.2800	-153.2000
7501.2757	75.4100	-153.5000
7626.9989	76.2500	-152.9000
7754.8293	76.9500	-150.1000
7884.8021	78.4100	-145.9000
8016.9533	80.2000	-147.2000
8151.3194	81.7100	-151.6000
8287.9375	82.8900	-157.7000
8426.8454	83.8100	-163.5000
8568.0814	84.7200	-169.1000
8711.6845	85.9600	-175.4000
8857.6945	87.4700	172.2000
9006.1516	87.9100	152.2000
9157.0969	86.8300	133.0000
9310.5721	84.6900	117.3000
9466.6196	81.2500	109.3000
9625.2825	77.7300	117.8000
9786.6046	76.1800	137.1000
9950.6305	76.8700	156.2000
10117.4050	79.3000	164.9000
10286.9760	81.8200	161.0000
10459.3880	83.6800	147.8000
10634.6900	84.3300	126.7000
10812.9300	82.8200	102.9000
10994.1570	78.9800	87.4000
11178.4220	73.9600	91.6000
11365.7750	70.4000	121.8000
11556.2680	72.4100	159.9000
11749.9540	77.5100	170.1000
11946.8860	82.0800	157.5000
12147.1190	84.8400	127.0000
12350.7080	84.1600	90.3000
12557.7080	80.7300	64.9000
12768.1790	76.6200	54.7000
12982.1770	72.7600	55.3000
13199.7610	69.3800	65.2000
13420.9920	66.8900	87.5000
13645.9310	68.4500	120.1000
13874.6410	73.6900	123.1000
14107.1830	76.7800	97.8000
14343.6230	76.3100	65.5000
14584.0250	73.2500	40.8000
14828.4570	69.5800	21.5000
15076.9860	66.0400	-14.0000
15329.6800	65.3300	-97.4000
15586.6090	71.1900	168.3000
15847.8440	73.1800	96.9000
16113.4580	72.3200	64.3000
16383.5240	70.9300	49.2000
16658.1150	69.4000	36.8000
16937.3100	66.3800	29.5000
17221.1830	63.0800	44.9000
17509.8140	66.0700	78.9000
17803.2830	70.8200	66.9000
18101.6700	71.7000	42.4000
18405.0590	71.1200	23.0000
18713.5320	69.8700	7.3000
19027.1760	68.4200	-6.5000
19346.0760	66.1200	-21.4000
19670.3210	62.4500	-22.9000