20.1989	71.3800	118.6000
20.5375	71.5600	118.3000
20.8817	71.7500	117.9000
21.2317	71.9500	117.5000
21.5875	72.1400	117.1000
21.9493	72.3200	116.7000
22.3172	72.5000	116.3000
22.6913	72.6800	115.8000
23.0716	72.8600	115.3000
23.4583	73.0400	114.9000
23.8514	73.2200	114.4000
24.2512	73.4200	113.9000
24.6576	73.6100	113.4000
25.0709	73.7900	112.9000
25.4911	73.9800	112.4000
25.9183	74.1800	111.9000
26.3527	74.3700	111.3000
26.7944	74.5800	110.8000
27.2435	74.7900	110.2000
27.7001	75.0000	109.7000
28.1644	75.2100	109.2000
28.6364	75.4300	108.7000
29.1164	75.6500	108.2000
29.6044	75.8700	107.6000
30.1005	76.0900	107.1000
30.6050	76.3200	106.6000
31.1180	76.5500	106.0000
31.6395	76.7800	105.5000
32.1698	77.0100	105.0000
32.7090	77.2500	104.4000
33.2572	77.4800	103.9000
33.8146	77.7100	103.4000
34.3813	77.9400	102.9000
34.9576	78.1600	102.3000
35.5435	78.3900	101.8000
36.1392	78.6000	101.3000
36.7449	78.8200	100.6000
37.3607	79.0300	100.1000
37.9869	79.2300	99.6000
38.6236	79.4200	99.0000
39.2709	79.6100	98.5000
39.9291	79.7900	98.0000
40.5983	79.9600	97.5000
41.2788	80.1300	96.9000
41.9706	80.2900	96.4000
42.6741	80.4400	95.9000
43.3893	80.5800	95.3000
44.1165	80.7100	94.8000
44.8559	80.8400	94.3000
45.6077	80.9400	93.8000
46.3721	81.0200	93.2000
47.1493	81.0900	92.7000
47.9395	81.1600	92.1000
48.7430	81.2200	91.5000
49.5600	81.2900	91.0000
50.3906	81.3700	90.5000
51.2351	81.4600	90.0000
52.0939	81.5600	89.4000
52.9670	81.6700	88.9000
53.8547	81.7900	88.4000
54.7573	81.9200	87.8000
55.6751	82.0500	87.3000
56.6082	82.1900	86.8000
57.5570	82.3300	86.2000
58.5216	82.4700	85.6000
59.5025	82.6100	85.1000
60.4997	82.7400	84.5000
61.5137	82.8700	84.0000
62.5447	83.0000	83.4000
63.5930	83.1300	82.9000
64.6588	83.2500	82.4000
65.7425	83.3600	81.8000
66.8444	83.4800	81.3000
67.9647	83.5900	80.7000
69.1038	83.7100	80.1000
70.2620	83.8200	79.5000
71.4396	83.9300	79.0000
72.6370	84.0500	78.4000
73.8544	84.1700	77.9000
75.0922	84.2900	77.3000
76.3508	84.4100	76.8000
77.6304	84.5400	76.2000
78.9315	84.6700	75.6000
80.2544	84.8000	75.0000
81.5995	84.9300	74.5000
82.9672	85.0500	74.0000
84.3577	85.1700	73.4000
85.7716	85.2800	72.9000
87.2091	85.3800	72.4000
88.6707	85.4800	71.9000
90.1569	85.5700	71.3000
91.6680	85.6600	70.8000
93.2043	85.7400	70.3000
94.7665	85.8100	69.9000
96.3548	85.8700	69.4000
97.9697	85.9300	69.0000
99.6117	85.9800	68.6000
101.2812	86.0000	68.1000
102.9787	86.0000	67.6000
104.7047	85.9800	67.0000
106.4595	85.9600	66.2000
108.2438	86.0000	65.3000
110.0580	86.1100	64.7000
111.9026	86.2500	63.9000
113.7781	86.4100	63.3000
115.6851	86.5500	62.6000
117.6240	86.6300	61.9000
119.5954	86.6600	61.3000
121.5998	86.6600	60.5000
123.6379	86.6300	59.9000
125.7101	86.5900	59.2000
127.8170	86.5400	58.5000
129.9592	86.5300	57.8000
132.1374	86.5700	57.1000
134.3520	86.6500	56.4000
136.6038	86.7500	55.6000
138.8933	86.8400	54.9000
141.2212	86.9000	54.3000
143.5881	86.9800	53.4000
145.9947	87.0500	52.7000
148.4416	87.1500	52.0000
150.9295	87.2300	51.2000
153.4591	87.3100	50.4000
156.0312	87.3500	49.7000
158.6463	87.3300	49.0000
161.3052	87.2900	48.2000
164.0087	87.2300	47.3000
166.7576	87.2100	46.6000
169.5525	87.2300	45.8000
172.3942	87.3000	45.1000
175.2836	87.3900	44.1000
178.2214	87.4800	43.4000
181.2084	87.5400	42.6000
184.2455	87.5900	41.8000
187.3335	87.6300	40.9000
190.4733	87.6900	40.2000
193.6656	87.7500	39.4000
196.9115	87.8000	38.5000
200.2118	87.8200	37.8000
203.5674	87.8400	36.9000
206.9792	87.8500	36.0000
210.4483	87.8700	35.2000
213.9754	87.9000	34.4000
217.5617	87.9300	33.6000
221.2081	87.9900	32.7000
224.9156	88.0500	31.9000
228.6852	88.0900	31.1000
232.5181	88.1000	30.2000
236.4151	88.1000	29.4000
240.3775	88.1000	28.6000
244.4063	88.0900	27.9000
248.5026	88.0900	26.9000
252.6676	88.1000	26.2000
256.9023	88.1100	25.4000
261.2081	88.1200	24.6000
265.5860	88.1100	23.9000
270.0373	88.0900	23.1000
274.5632	88.0900	22.4000
279.1649	88.1000	21.6000
283.8438	88.1200	20.9000
288.6011	88.1400	20.2000
293.4381	88.1600	19.5000
298.3562	88.1900	18.9000
303.3567	88.2200	18.1000
308.4410	88.2500	17.6000
313.6106	88.2600	16.9000
318.8668	88.2400	16.3000
324.2111	88.1900	15.7000
329.6449	88.1300	15.2000
335.1698	88.0900	14.6000
340.7874	88.0600	14.1000
346.4991	88.0400	13.7000
352.3065	88.0200	13.2000
358.2112	88.0000	12.8000
364.2149	87.9800	12.4000
370.3193	87.9600	12.0000
376.5259	87.9500	11.7000
382.8366	87.9100	11.3000
389.2530	87.8700	11.1000
395.7770	87.8300	10.9000
402.4103	87.7900	10.7000
409.1548	87.7700	10.4000
416.0123	87.7500	10.2000
422.9848	87.7300	10.1000
430.0741	87.7000	10.0000
437.2823	87.6700	9.8000
444.6112	87.6500	9.8000
452.0630	87.6300	9.7000
459.6397	87.6200	9.6000
467.3434	87.6000	9.5000
475.1762	87.5800	9.6000
483.1402	87.5700	9.5000
491.2378	87.5700	9.5000
499.4710	87.5800	9.4000
507.8423	87.4900	9.0000
516.3539	87.4100	8.6000
525.0081	87.3500	8.4000
533.8074	87.3000	8.3000
542.7541	87.2700	8.2000
551.8508	87.2600	8.1000
561.0999	87.2700	8.0000
570.5041	87.3000	7.9000
580.0659	87.3500	7.6000
589.7879	87.4100	7.4000
599.6729	87.5100	7.0000
609.7236	87.6100	6.5000
619.9427	87.7100	5.9000
630.3331	87.8100	5.2000
640.8976	87.8900	4.5000
651.6392	87.9600	3.7000
662.5609	88.0300	2.9000
673.6656	88.0800	2.1000
684.9564	88.1200	1.1000
696.4364	88.1400	0.2000
708.1088	88.1500	-0.7000
719.9769	88.1500	-1.6000
732.0439	88.1400	-2.4000
744.3131	88.1200	-3.2000
756.7880	88.0900	-3.8000
769.4720	88.0600	-4.4000
782.3685	88.0300	-5.0000
795.4812	88.0100	-5.4000
808.8137	87.9900	-5.7000
822.3696	87.9900	-6.1000
836.1527	88.0100	-6.3000
850.1668	88.0400	-6.7000
864.4158	88.0800	-7.0000
878.9036	88.1400	-7.4000
893.6343	88.2000	-7.9000
908.6118	88.2700	-8.6000
923.8404	88.3400	-9.4000
939.3242	88.3900	-10.4000
955.0675	88.4300	-11.3000
971.0746	88.4600	-12.4000
987.3501	88.4600	-13.5000
1003.8983	88.4500	-14.6000
1020.7239	88.4200	-15.7000
1037.8315	88.3600	-16.6000
1055.2258	88.3000	-17.4000
1072.9116	88.2500	-18.0000
1090.8939	88.2000	-18.5000
1109.1775	88.1700	-18.9000
1127.7676	88.1600	-19.3000
1146.6693	88.1900	-19.7000
1165.8877	88.2200	-20.1000
1185.4283	88.2900	-20.8000
1205.2964	88.3600	-21.7000
1225.4974	88.4200	-22.8000
1246.0371	88.4700	-24.1000
1266.9209	88.4900	-25.5000
1288.1549	88.4700	-26.9000
1309.7446	88.4100	-28.4000
1331.6963	88.3200	-29.8000
1354.0158	88.2100	-31.0000
1376.7095	88.0800	-32.0000
1399.7835	87.9600	-32.7000
1423.2442	87.8700	-33.1000
1447.0981	87.8000	-33.6000
1471.3518	87.7700	-34.1000
1496.0120	87.7600	-34.6000
1521.0856	87.7700	-35.4000
1546.5793	87.7700	-36.3000
1572.5004	87.7500	-37.3000
1598.8559	87.7000	-38.4000
1625.6531	87.6400	-39.4000
1652.8994	87.5700	-40.2000
1680.6024	87.5300	-40.9000
1708.7697	87.5100	-41.3000
1737.4091	87.5500	-41.9000
1766.5285	87.6300	-42.8000
1796.1360	87.7300	-44.1000
1826.2397	87.8200	-45.9000
1856.8479	87.8600	-48.1000
1887.9691	87.8300	-50.5000
1919.6120	87.7100	-52.9000
1951.7851	87.5200	-55.1000
1984.4975	87.2900	-56.8000
2017.7582	87.0600	-58.0000
2051.5763	86.8800	-59.0000
2085.9612	86.7400	-60.0000
2120.9224	86.6300	-61.3000
2156.4696	86.5100	-62.8000
2192.6126	86.3200	-64.5000
2229.3613	86.0500	-65.8000
2266.7259	85.7400	-66.7000
2304.7168	85.4600	-66.7000
2343.3444	85.2900	-66.2000
2382.6195	85.2600	-65.9000
2422.5528	85.3400	-66.2000
2463.1553	85.4300	-67.3000
2504.4384	85.4600	-69.2000
2546.4134	85.3900	-71.3000
2589.0919	85.2500	-73.3000
2632.4858	85.0700	-75.0000
2676.6069	84.8800	-76.6000
2721.4674	84.7000	-78.1000
2767.0799	84.5000	-79.6000
2813.4568	84.2600	-81.0000
2860.6111	84.0100	-82.1000
2908.5556	83.8000	-82.8000
2957.3037	83.6600	-83.5000
3006.8689	83.5600	-84.8000
3057.2647	83.4300	-86.5000
3108.5052	83.2200	-88.6000
3160.6045	82.8700	-90.6000
3213.5770	82.4500	-91.7000
3267.4374	82.0000	-91.8000
3322.2004	81.6400	-91.1000
3377.8813	81.4400	-90.0000
3434.4954	81.3800	-89.4000
3492.0584	81.4000	-89.2000
3550.5862	81.4400	-89.6000
3610.0949	81.4600	-90.4000
3670.6009	81.4900	-91.3000
3732.1211	81.5300	-92.3000
3794.6724	81.6300	-93.7000
3858.2720	81.7500	-95.6000
3922.9376	81.8500	-98.4000
3988.6870	81.8700	-101.7000
4055.5384	81.8000	-105.3000
4123.5102	81.6600	-108.8000
4192.6212	81.4900	-112.4000
4262.8906	81.2700	-116.5000
4334.3377	80.9100	-121.0000
4406.9822	80.3300	-125.1000
4480.8443	79.5900	-127.7000
4555.9444	78.8000	-128.4000
4632.3031	78.1900	-127.7000
4709.9417	77.8800	-126.5000
4788.8814	77.9000	-126.3000
4869.1443	78.1300	-128.0000
4950.7523	78.2900	-132.6000
5033.7281	78.1800	-139.1000
5118.0947	77.7300	-146.3000
5203.8752	76.9900	-153.6000
5291.0934	75.9700	-161.0000
5379.7734	74.5100	-167.7000
5469.9397	72.4300	-168.3000
5561.6173	69.9200	-157.1000
5654.8313	68.5200	-140.9000
5749.6077	68.7700	-129.7000
5845.9725	69.0700	-125.6000
5943.9525	69.3500	-120.7000
6043.5746	70.3200	-115.3000
6144.8664	71.6400	-115.2000
6247.8558	72.4900	-122.8000
6352.5714	72.4900	-133.9000
6459.0421	71.5100	-141.2000
6567.2972	69.9500	-136.2000
6677.3667	69.5400	-124.2000
6789.2810	70.7000	-116.1000
6903.0710	72.0100	-117.7000
7018.7682	73.2200	-124.3000
7136.4045	74.2100	-134.3000
7256.0123	74.5700	-148.5000
7377.6249	74.2000	-163.8000
7501.2757	73.3800	-179.2000
7626.9989	72.3800	162.6000
7754.8293	70.9700	133.2000
7884.8021	68.8200	85.6000
8016.9533	66.5600	21.6000
8151.3194	66.0000	-41.5000
8287.9375	67.1500	-87.1000
8426.8454	68.3300	-112.5000
8568.0814	69.1000	-127.8000
8711.6845	69.5300	-139.6000
8857.6945	69.5900	-150.1000
9006.1516	69.3000	-159.7000
9157.0969	68.5800	-166.3000
9310.5721	67.8300	-167.2000
9466.6196	68.0200	-165.0000
9625.2825	69.0900	-165.7000
9786.6046	70.0400	-173.0000
9950.6305	70.4800	176.2000
10117.4050	70.5400	165.1000
10286.9760	70.3100	154.0000
10459.3880	69.7200	143.8000
10634.6900	68.8400	136.5000
10812.9300	68.1500	132.9000
10994.1570	68.2800	129.8000
11178.4220	68.9200	122.9000
11365.7750	69.3900	111.0000
11556.2680	69.3000	95.9000
11749.9540	68.6400	81.5000
11946.8860	67.6300	69.8000
12147.1190	66.6500	59.4000
12350.7080	65.6800	48.0000
12557.7080	64.3900	38.0000
12768.1790	62.6500	31.7000
12982.1770	61.0500	28.4000
13199.7610	60.0700	24.2000
13420.9920	59.1300	17.2000
13645.9310	57.8500	11.2000
13874.6410	56.5200	8.5000
14107.1830	55.5700	7.6000
14343.6230	54.9800	4.8000
14584.0250	53.8500	2.0000
14828.4570	52.1200	4.4000
15076.9860	51.0700	11.8000
15329.6800	51.6600	19.1000
15586.6090	53.4500	23.2000
15847.8440	54.8000	19.0000
16113.4580	55.5900	9.5000
16383.5240	55.5500	-4.7000
16658.1150	54.9100	-12.7000
16937.3100	54.4200	-17.8000
17221.1830	54.1300	-24.7000
17509.8140	53.8800	-35.3000
17803.2830	53.1400	-43.3000
18101.6700	52.6400	-48.7000
18405.0590	52.3600	-57.7000
18713.5320	51.5700	-70.0000
19027.1760	50.1000	-76.7000
19346.0760	49.3200	-81.9000
19670.3210	49.6600	-90.5000