20.19895	70.65	114.6
20.53749	70.78	114.1
20.8817	70.91	113.6
21.23169	71.05	113.1
21.58753	71.21	112.6
21.94935	71.39	112.1
22.31722	71.58	111.5
22.69126	71.8	111
23.07158	72.03	110.5
23.45826	72.28	110
23.85143	72.53	109.4
24.25118	72.79	108.9
24.65764	73.05	108.4
25.07091	73.33	107.9
25.4911	73.61	107.4
25.91834	73.92	106.8
26.35274	74.24	106.3
26.79441	74.58	105.8
27.2435	74.95	105.3
27.7001	75.34	104.8
28.16436	75.75	104.3
28.63641	76.18	103.8
29.11636	76.63	103.3
29.60436	77.09	102.8
30.10053	77.56	102.3
30.60502	78.04	101.8
31.11797	78.52	101.2
31.63952	79	100.7
32.1698	79.47	100.2
32.70898	79.93	99.7
33.25719	80.36	99.2
33.81459	80.76	98.7
34.38133	81.13	98.2
34.95757	81.48	97.7
35.54346	81.8	97.2
36.13918	82.09	96.7
36.74488	82.35	96.2
37.36074	82.57	95.7
37.98691	82.76	95.2
38.62358	82.91	94.7
39.27092	83.02	94.2
39.92911	83.1	93.7
40.59833	83.15	93.2
41.27877	83.19	92.8
41.97061	83.22	92.3
42.67405	83.24	91.8
43.38928	83.28	91.3
44.11649	83.33	90.8
44.8559	83.41	90.3
45.60769	83.51	89.8
46.37209	83.65	89.3
47.1493	83.82	88.8
47.93953	84.01	88.3
48.74301	84.23	87.8
49.55995	84.45	87.3
50.39059	84.67	86.8
51.23515	84.88	86.3
52.09386	85.07	85.8
52.96697	85.24	85.3
53.85471	85.39	84.8
54.75733	85.53	84.3
55.67507	85.69	83.7
56.6082	85.85	83.2
57.55697	86.03	82.7
58.52164	86.19	82.2
59.50247	86.33	81.7
60.49975	86.44	81.1
61.51374	86.51	80.6
62.54472	86.53	80.1
63.59299	86.51	79.6
64.65882	86.45	79
65.74252	86.37	78.5
66.84438	86.32	77.9
67.96471	86.33	77.4
69.10382	86.43	76.9
70.26201	86.62	76.3
71.43962	86.87	75.8
72.63697	87.16	75.2
73.85438	87.45	74.7
75.0922	87.72	74.1
76.35076	87.93	73.5
77.63042	88.07	73
78.93152	88.13	72.4
80.25443	88.12	71.8
81.59952	88.06	71.2
82.96715	87.98	70.6
84.3577	87.89	70
85.77155	87.87	69.4
87.2091	87.92	68.8
88.67075	88.09	68.2
90.15689	88.34	67.6
91.66795	88.64	67
93.20432	88.92	66.4
94.76645	89.14	65.7
96.35476	89.26	65.1
97.96969	89.28	64.5
99.61168	89.23	63.8
101.2812	89.14	63.2
102.9787	89.05	62.5
104.70465	89.02	61.9
106.45952	89.04	61.2
108.24381	89.14	60.5
110.058	89.28	59.9
111.9026	89.42	59.2
113.77812	89.55	58.5
115.68507	89.62	57.8
117.62398	89.62	57.1
119.59538	89.56	56.4
121.59983	89.46	55.6
123.63787	89.35	54.9
125.71007	89.31	54.2
127.81701	89.36	53.5
129.95925	89.47	52.7
132.1374	89.57	52
134.35205	89.61	51.2
136.60383	89.59	50.4
138.89334	89.54	49.7
141.22123	89.52	48.9
143.58813	89.54	48.1
145.9947	89.59	47.3
148.44161	89.65	46.5
150.92953	89.72	45.7
153.45914	89.76	44.9
156.03116	89.77	44.1
158.64628	89.73	43.3
161.30523	89.68	42.5
164.00874	89.66	41.7
166.75757	89.69	40.8
169.55247	89.73	40
172.39421	89.74	39.1
175.28358	89.73	38.3
178.22137	89.7	37.4
181.2084	89.71	36.6
184.2455	89.76	35.7
187.3335	89.8	34.9
190.47326	89.82	34
193.66564	89.82	33.1
196.91152	89.82	32.3
200.2118	89.81	31.4
203.5674	89.83	30.5
206.97924	89.86	29.7
210.44827	89.86	28.8
213.97543	89.81	28
217.56171	89.81	27.1
221.2081	89.86	26.3
224.9156	89.91	25.5
228.68524	89.9	24.6
232.51806	89.86	23.8
236.41512	89.85	23
240.3775	89.87	22.2
244.40628	89.88	21.4
248.50259	89.83	20.5
252.66756	89.77	19.8
256.90233	89.82	19
261.20807	89.85	18.2
265.58598	89.77	17.5
270.03727	89.67	16.8
274.56316	89.66	16
279.16491	89.69	15.3
283.84378	89.67	14.6
288.60107	89.64	14
293.43809	89.66	13.3
298.35619	89.69	12.7
303.35671	89.66	12.1
308.44104	89.66	11.5
313.61059	89.72	11
318.86678	89.71	10.5
324.21107	89.64	10
329.64492	89.57	9.6
335.16985	89.51	9.2
340.78738	89.43	8.8
346.49906	89.41	8.5
352.30647	89.38	8.2
358.21121	89.31	8
364.21492	89.28	7.8
370.31925	89.25	7.6
376.5259	89.2	7.5
382.83656	89.14	7.4
389.253	89.09	7.3
395.77697	89.06	7.3
402.41029	89.04	7.3
409.15479	89.02	7.3
416.01232	88.99	7.4
422.98479	88.96	7.4
430.07412	88.92	7.5
437.28226	88.89	7.6
444.61122	88.87	7.7
452.06302	88.87	8.1
459.6397	88.87	8.6
467.34338	88.85	9
475.17617	88.83	9.5
483.14023	88.82	10
491.23778	88.8	10.5
499.47105	88.81	11
507.84231	88.82	11.6
516.35387	88.83	12.1
525.00808	88.85	12.6
533.80735	88.88	13.1
542.75409	88.9	13.7
551.85078	88.93	14.1
561.09994	88.97	14.6
570.50411	89	15.1
580.0659	89.03	15.5
589.78794	89.06	15.9
599.67293	89.09	16.3
609.7236	89.11	16.6
619.94272	89.13	16.9
630.33311	89.13	17.3
640.89765	89.14	17.6
651.63925	89.13	18
662.56088	89.11	18.4
673.66556	89.09	18.8
684.95636	89.05	19.2
696.4364	89.01	19.7
708.10884	88.96	19.6
719.97692	88.89	19.6
732.04391	88.82	19.7
744.31315	88.75	19.9
756.78802	88.68	20.2
769.47197	88.61	20.7
782.36851	88.56	21.3
795.4812	88.52	22
808.81366	88.51	22.8
822.36957	88.52	23.6
836.15269	88.57	24.4
850.16681	88.64	25.1
864.41582	88.73	25.7
878.90364	88.84	26.1
893.63428	88.96	26.3
908.61181	89.09	26.3
923.84036	89.2	26.1
939.32415	89.3	25.7
955.06746	89.37	25.1
971.07462	89.41	24.4
987.35007	89.41	23.6
1003.8983	89.37	22.8
1020.7239	89.29	22.1
1037.8315	89.17	21.6
1055.2258	89.02	21.4
1072.9116	88.86	21.4
1090.8939	88.69	21.8
1109.1775	88.55	22.5
1127.7676	88.43	23.5
1146.6693	88.36	24.7
1165.8877	88.35	26
1185.4283	88.4	27.2
1205.2964	88.49	28.2
1225.4974	88.6	29
1246.0371	88.73	29.4
1266.9209	88.84	29.6
1288.1549	88.94	29.5
1309.7446	89	29.4
1331.6963	89.04	29.3
1354.0158	89.06	29.3
1376.7095	89.08	29.5
1399.7835	89.11	29.7
1423.2442	89.17	30.1
1447.0981	89.25	30.4
1471.3518	89.36	30.5
1496.012	89.49	30.4
1521.0856	89.62	30
1546.5793	89.72	29.3
1572.5004	89.79	28.5
1598.8559	89.81	27.6
1625.6531	89.8	26.8
1652.8994	89.77	26.1
1680.6024	89.74	25.5
1708.7697	89.72	25.1
1737.4091	89.73	24.6
1766.5285	89.76	23.9
1796.136	89.79	22.7
1826.2397	89.79	21.2
1856.8479	89.72	19.3
1887.9691	89.55	17.2
1919.612	89.27	15.2
1951.7851	88.89	13.5
1984.4975	88.43	12.6
2017.7582	87.94	12.4
2051.5763	87.48	12.9
2085.9612	87.1	14
2120.9224	86.78	15.1
2156.4696	86.51	16.1
2192.6126	86.23	16.9
2229.3613	85.91	17.7
2266.7259	85.54	19
2304.7168	85.17	20.9
2343.3444	84.88	23.7
2382.6195	84.74	26.7
2422.5528	84.76	29.5
2463.1553	84.88	31.3
2504.4384	85.01	32.2
2546.4134	85.04	32.4
2589.0919	84.96	32.3
2632.4858	84.77	32.6
2676.6069	84.55	33.5
2721.4674	84.37	35
2767.0799	84.28	36.7
2813.4568	84.25	38.2
2860.6111	84.25	39.3
2908.5556	84.23	40.1
2957.3037	84.19	40.8
3006.8689	84.17	41.6
3057.2647	84.2	42.1
3108.5052	84.24	42
3160.6045	84.21	41.3
3213.577	84.08	40.3
3267.4374	83.87	39.5
3322.2004	83.6	39
3377.8813	83.31	38.6
3434.4954	82.99	38.3
3492.0584	82.63	38.2
3550.5862	82.27	38.5
3610.0949	81.93	38.9
3670.6009	81.6	39.1
3732.1211	81.2	38.9
3794.6724	80.7	39.1
3858.272	80.18	39.9
3922.9376	79.7	41.1
3988.687	79.27	41.8
4055.5384	78.75	42.1
4123.5102	78.1	42.4
4192.6212	77.32	43.5
4262.8906	76.49	45.9
4334.3377	75.73	49.8
4406.9822	75.18	54.8
4480.8443	74.97	59.9
4555.9444	75.01	63.3
4632.3031	75.05	64.7
4709.9417	74.93	65.3
4788.8814	74.76	65.9
4869.1443	74.68	65.8
4950.7523	74.52	64
5033.7281	74.09	61.3
5118.0947	73.53	59.5
5203.8752	73.17	58
5291.0934	72.97	54
5379.7734	72.56	47.5
5469.9397	71.98	41.3
5561.6173	71.64	34.8
5654.8313	71.38	26.1
5749.6077	71.05	18.2
5845.9725	71.27	12
5943.9525	72.13	3.5
6043.5746	73.02	-6.1
6144.8664	74.25	-14.2
6247.8558	76.04	-23.9
6352.5714	77.95	-37.7
6459.0421	79.56	-56.6
6567.2972	80.08	-81.3
6677.3667	78.56	-107.8
6789.281	74.37	-124.1
6903.071	69.3	-113.7
7018.7682	67.85	-88.1
7136.4045	67.46	-68.6
7256.0123	68.56	-43.3
7377.6249	71.4	-29.1
7501.2757	74	-22.8
7626.9989	76.41	-21.5
7754.8293	78.3	-22.9
7884.8021	79.99	-24.8
8016.9533	81.6	-28.2
8151.3194	83.09	-32.9
8287.9375	84.59	-38.8
8426.8454	86.19	-49.2
8568.0814	86.99	-65.6
8711.6845	86.5	-82.3
8857.6945	85.17	-95.2
9006.1516	83.29	-104.3
9157.0969	81.05	-107.7
9310.5721	78.94	-106.9
9466.6196	76.56	-102
9625.2825	74.53	-87.9
9786.6046	74.05	-68.5
9950.6305	75.3	-51.4
10117.405	78.05	-44.9
10286.976	80.5	-54.2
10459.388	81	-72.9
10634.69	79.35	-90.9
10812.93	75.96	-99.8
10994.157	71.95	-94.7
11178.422	68.47	-74
11365.775	67.66	-33.6
11556.268	72.23	-5.2
11749.954	77.49	-7.3
11946.886	81.09	-31.1
12147.119	81.01	-65.5
12350.708	77.49	-86.8
12557.708	73.86	-90.3
12768.179	70.66	-87.7
12982.177	67.04	-76.2
13199.761	65.3	-45.5
13420.992	67.53	-20.3
13645.931	70.86	-14.7
13874.641	73.52	-24.8
14107.183	74.03	-43.5
14343.623	72.49	-58.2
14584.025	70.05	-65
14828.457	66.77	-60.3
15076.986	64.98	-33.5
15329.68	68.79	-12.1
15586.609	72.13	-28
15847.844	71.76	-49.7
16113.458	69.5	-60.3
16383.524	67.31	-60.1
16658.115	65.24	-55.5
16937.31	63.34	-39.4
17221.183	64.77	-11.7
17509.814	68.92	-12
17803.283	70.33	-28.7
18101.67	69.94	-42.2
18405.059	69.17	-49.6
18713.532	68.48	-55.1
19027.176	67.7	-60.1
19346.076	67.07	-61
19670.321	67.28	-63.5
