19.8660	79.3100	155.3000
20.1989	79.5400	153.7000
20.5375	79.7700	152.2000
20.8817	79.9800	150.6000
21.2317	80.1700	149.0000
21.5875	80.3700	147.4000
21.9493	80.5600	145.9000
22.3172	80.7600	144.3000
22.6913	80.9500	142.8000
23.0716	81.1500	141.3000
23.4583	81.3300	139.9000
23.8514	81.5000	138.5000
24.2512	81.6700	137.2000
24.6576	81.8400	135.9000
25.0709	82.0000	134.5000
25.4911	82.1600	133.0000
25.9183	82.3200	131.5000
26.3527	82.4800	130.1000
26.7944	82.6400	128.7000
27.2435	82.8000	127.3000
27.7001	82.9600	126.0000
28.1644	83.1200	124.7000
28.6364	83.2800	123.4000
29.1164	83.4400	122.1000
29.6044	83.5900	120.8000
30.1005	83.7400	119.6000
30.6050	83.8800	118.3000
31.1180	84.0300	117.1000
31.6395	84.1800	115.8000
32.1698	84.3400	114.6000
32.7090	84.4900	113.4000
33.2572	84.6500	112.2000
33.8146	84.8000	111.0000
34.3813	84.9500	109.8000
34.9576	85.1100	108.6000
35.5435	85.2700	107.4000
36.1392	85.4300	106.1000
36.7449	85.6000	104.8000
37.3607	85.7600	103.6000
37.9869	85.9200	102.2000
38.6236	86.0800	100.9000
39.2709	86.2300	99.5000
39.9291	86.3800	98.0000
40.5983	86.5300	96.5000
41.2788	86.6600	94.9000
41.9706	86.7800	93.4000
42.6741	86.8900	91.9000
43.3893	86.9900	90.3000
44.1165	87.0800	88.8000
44.8559	87.1700	87.2000
45.6077	87.2400	85.7000
46.3721	87.2800	84.1000
47.1493	87.3100	82.8000
47.9395	87.3300	81.6000
48.7430	87.3500	80.6000
49.5600	87.4000	79.6000
50.3906	87.4600	78.6000
51.2351	87.5300	77.5000
52.0939	87.5800	76.4000
52.9670	87.6100	75.3000
53.8547	87.6200	74.4000
54.7573	87.6500	73.8000
55.6751	87.7200	73.2000
56.6082	87.8500	72.7000
57.5570	88.0200	71.8000
58.5216	88.2000	70.4000
59.5025	88.3200	68.3000
60.4997	88.2900	66.5000
61.5137	88.1800	65.5000
62.5447	88.1200	65.0000
63.5930	88.1200	64.6000
64.6588	88.1600	64.1000
65.7425	88.2200	63.7000
66.8444	88.2900	63.1000
67.9647	88.3600	62.5000
69.1038	88.4400	61.8000
70.2620	88.5200	61.1000
71.4396	88.6000	60.3000
72.6370	88.6700	59.6000
73.8544	88.7400	58.9000
75.0922	88.8200	58.2000
76.3508	88.9000	57.4000
77.6304	88.9800	56.7000
78.9315	89.0700	55.8000
80.2544	89.1500	55.0000
81.5995	89.2300	54.1000
82.9672	89.3100	53.1000
84.3577	89.3700	52.0000
85.7716	89.4100	51.0000
87.2091	89.4500	50.1000
88.6707	89.4800	49.1000
90.1569	89.5200	48.3000
91.6680	89.5600	47.4000
93.2043	89.6000	46.5000
94.7665	89.6300	45.6000
96.3548	89.6500	44.7000
97.9697	89.6600	43.8000
99.6117	89.6600	42.9000
101.2812	89.6400	42.1000
102.9787	89.6200	41.5000
104.7047	89.6100	40.9000
106.4595	89.6100	40.6000
108.2438	89.6400	40.2000
110.0580	89.6900	39.8000
111.9026	89.7600	39.3000
113.7781	89.8300	38.7000
115.6851	89.8900	37.9000
117.6240	89.9400	37.0000
119.5954	89.9700	36.0000
121.5998	89.9700	34.9000
123.6379	89.9300	34.0000
125.7101	89.8800	33.4000
127.8170	89.8400	32.9000
129.9592	89.8200	32.6000
132.1374	89.8100	32.2000
134.3520	89.8100	31.9000
136.6038	89.8300	31.5000
138.8933	89.8500	31.2000
141.2212	89.8800	30.8000
143.5881	89.9100	30.3000
145.9947	89.9500	29.8000
148.4416	89.9800	29.3000
150.9295	90.0000	28.5000
153.4591	90.0000	27.9000
156.0312	90.0000	27.3000
158.6463	89.9800	26.6000
161.3052	89.9400	26.0000
164.0087	89.8900	25.6000
166.7576	89.8300	25.2000
169.5525	89.7900	25.2000
172.3942	89.7700	25.2000
175.2836	89.7700	25.4000
178.2214	89.8100	25.5000
181.2084	89.8800	25.4000
184.2455	89.9600	25.0000
187.3335	90.0200	24.6000
190.4733	90.0600	24.2000
193.6656	90.1000	23.7000
196.9115	90.1300	23.1000
200.2118	90.1400	22.5000
203.5674	90.1500	22.1000
206.9792	90.1500	21.6000
210.4483	90.1600	21.2000
213.9754	90.1600	20.8000
217.5617	90.1800	20.3000
221.2081	90.1900	19.9000
224.9156	90.2000	19.3000
228.6852	90.1800	18.7000
232.5181	90.1400	18.1000
236.4151	90.1000	17.8000
240.3775	90.0600	17.5000
244.4063	90.0300	17.4000
248.5026	90.0100	17.1000
252.6676	89.9900	16.9000
256.9023	89.9600	16.7000
261.2081	89.9300	16.6000
265.5860	89.9000	16.5000
270.0373	89.8900	16.5000
274.5632	89.8900	16.6000
279.1649	89.9000	16.5000
283.8438	89.9100	16.5000
288.6011	89.9300	16.6000
293.4381	89.9600	16.6000
298.3562	90.0100	16.5000
303.3567	90.0800	16.3000
308.4410	90.1300	15.8000
313.6106	90.1400	15.2000
318.8668	90.1200	14.8000
324.2111	90.0900	14.5000
329.6449	90.0600	14.2000
335.1698	90.0400	14.2000
340.7874	90.0500	14.2000
346.4991	90.0700	14.1000
352.3065	90.1100	14.0000
358.2112	90.1400	13.7000
364.2149	90.1700	13.4000
370.3193	90.1900	13.0000
376.5259	90.1800	12.5000
382.8366	90.1600	12.2000
389.2530	90.1300	11.9000
395.7770	90.1200	11.9000
402.4103	90.1300	11.8000
409.1548	90.1500	11.5000
416.0123	90.1700	11.1000
422.9848	90.1600	10.5000
430.0741	90.1100	10.2000
437.2823	90.0600	10.0000
444.6112	90.0400	10.0000
452.0630	90.0500	9.9000
459.6397	90.0500	9.5000
467.3434	90.0300	9.1000
475.1762	89.9800	8.7000
483.1402	89.9100	8.5000
491.2378	89.8500	8.4000
499.4710	89.7900	8.4000
507.8423	89.7400	8.5000
516.3539	89.7100	8.6000
525.0081	89.7100	8.8000
533.8074	89.7200	8.8000
542.7541	89.7400	8.7000
551.8508	89.7400	8.4000
561.0999	89.7100	8.1000
570.5041	89.6700	7.8000
580.0659	89.6100	7.6000
589.7879	89.5500	7.6000
599.6729	89.5000	7.6000
609.7236	89.4500	7.8000
619.9427	89.4200	7.8000
630.3331	89.3900	7.9000
640.8976	89.3700	8.0000
651.6392	89.3400	8.0000
662.5609	89.3200	7.9000
673.6656	89.2900	7.9000
684.9564	89.2600	7.8000
696.4364	89.2400	7.6000
708.1088	89.2000	7.2000
719.9769	89.1300	6.9000
732.0439	89.0200	6.5000
744.3131	88.9000	6.2000
756.7880	88.7500	5.9000
769.4720	88.5800	6.0000
782.3685	88.2400	5.1000
795.4812	87.8000	3.6000
808.8137	87.2500	2.8000
822.3696	86.8500	4.1000
836.1527	86.6800	6.0000
850.1668	86.6700	7.2000
864.4158	86.6100	7.9000
878.9036	86.5000	9.1000
893.6343	86.5100	11.0000
908.6118	86.6900	12.4000
923.8404	86.8500	12.7000
939.3242	86.9300	13.1000
955.0675	87.0800	13.6000
971.0746	87.2600	13.4000
987.3501	87.3400	12.6000
1003.8983	87.3000	12.0000
1020.7239	87.2300	11.9000
1037.8315	87.1500	12.2000
1055.2258	87.0700	12.9000
1072.9116	87.0800	14.4000
1090.8939	87.2200	15.6000
1109.1775	87.3900	16.1000
1127.7676	87.4900	16.4000
1146.6693	87.5700	17.2000
1165.8877	87.7800	18.6000
1185.4283	88.1700	19.4000
1205.2964	88.5800	18.6000
1225.4974	88.8300	17.2000
1246.0371	89.0100	15.8000
1266.9209	89.1600	14.5000
1288.1549	89.2900	13.0000
1309.7446	89.3900	11.3000
1331.6963	89.3900	9.5000
1354.0158	89.2900	8.2000
1376.7095	89.2200	7.8000
1399.7835	89.2400	7.4000
1423.2442	89.3000	7.0000
1447.0981	89.4100	6.4000
1471.3518	89.5300	5.3000
1496.0120	89.6200	3.8000
1521.0856	89.6900	2.2000
1546.5793	89.7600	0.1000
1572.5004	89.7100	-2.5000
1598.8559	89.5100	-5.0000
1625.6531	89.2100	-6.8000
1652.8994	88.9000	-7.7000
1680.6024	88.6400	-8.1000
1708.7697	88.4200	-8.3000
1737.4091	88.2300	-8.4000
1766.5285	88.0900	-8.3000
1796.1360	88.0300	-8.4000
1826.2397	87.9900	-9.0000
1856.8479	87.9200	-10.1000
1887.9691	87.7900	-11.6000
1919.6120	87.5400	-13.3000
1951.7851	87.1600	-14.7000
1984.4975	86.6400	-15.1000
2017.7582	86.1100	-14.1000
2051.5763	85.6800	-12.2000
2085.9612	85.3400	-9.6000
2120.9224	85.2100	-6.4000
2156.4696	85.2900	-4.1000
2192.6126	85.4100	-2.8000
2229.3613	85.4500	-2.3000
2266.7259	85.3700	-1.8000
2304.7168	85.2500	-0.5000
2343.3444	85.2200	1.6000
2382.6195	85.3500	3.6000
2422.5528	85.5800	4.8000
2463.1553	85.7700	5.1000
2504.4384	85.8300	5.0000
2546.4134	85.7900	5.6000
2589.0919	85.7700	7.1000
2632.4858	85.8500	9.5000
2676.6069	86.1900	12.6000
2721.4674	86.8700	15.3000
2767.0799	87.8100	16.0000
2813.4568	88.7600	13.8000
2860.6111	89.5200	8.8000
2908.5556	89.9000	1.9000
2957.3037	89.8400	-5.0000
3006.8689	89.4600	-10.5000
3057.2647	88.9200	-14.0000
3108.5052	88.4200	-15.5000
3160.6045	88.1100	-16.1000
3213.5770	87.9400	-17.3000
3267.4374	87.7400	-18.7000
3322.2004	87.5100	-20.0000
3377.8813	87.2800	-20.9000
3434.4954	87.1600	-21.4000
3492.0584	87.1600	-22.5000
3550.5862	87.1500	-25.0000
3610.0949	86.9500	-28.3000
3670.6009	86.4900	-31.0000
3732.1211	85.9400	-31.9000
3794.6724	85.5100	-31.6000
3858.2720	85.2700	-31.1000
3922.9376	85.1500	-30.4000
3988.6870	85.3400	-30.1000
4055.5384	85.7000	-32.8000
4123.5102	85.7600	-38.5000
4192.6212	85.3000	-44.6000
4262.8906	84.4600	-48.3000
4334.3377	83.6000	-49.1000
4406.9822	83.0400	-48.7000
4480.8443	82.8200	-49.4000
4555.9444	82.6300	-53.1000
4632.3031	81.9800	-58.8000
4709.9417	80.6300	-62.1000
4788.8814	78.9400	-59.6000
4869.1443	77.6300	-51.9000
4950.7523	77.2200	-42.6000
5033.7281	77.8000	-35.8000
5118.0947	78.6400	-34.9000
5203.8752	79.2400	-38.3000
5291.0934	79.5300	-44.7000
5379.7734	79.3100	-53.7000
5469.9397	78.2000	-62.3000
5561.6173	76.1100	-64.0000
5654.8313	73.9900	-53.0000
5749.6077	73.7100	-38.6000
5845.9725	74.6500	-32.4000
5943.9525	75.5900	-32.7000
6043.5746	76.1400	-37.4000
6144.8664	76.0000	-42.5000
6247.8558	75.7400	-44.9000
6352.5714	75.7600	-47.4000
6459.0421	75.8100	-51.2000
6567.2972	76.0100	-57.3000
6677.3667	75.7100	-67.7000
6789.2810	74.3900	-75.2000
6903.0710	73.0700	-76.6000
7018.7682	72.3900	-78.1000
7136.4045	72.0400	-82.7000
7256.0123	71.5900	-91.2000
7377.6249	70.6700	-101.8000
7501.2757	69.2900	-113.2000
7626.9989	67.6700	-126.1000
7754.8293	65.9200	-146.8000
7884.8021	63.4400	-45.9000
8016.9533	61.7800	145.9000
8151.3194	62.0900	95.4000
8287.9375	63.4300	55.2000
8426.8454	65.2400	27.0000
8568.0814	66.2100	2.8000
8711.6845	66.3200	-15.3000
8857.6945	65.8900	-30.0000
9006.1516	64.8700	-40.9000
9157.0969	63.4300	-49.8000
9310.5721	60.9900	-49.3000
9466.6196	59.4700	-37.4000
9625.2825	59.8500	-29.4000
9786.6046	60.6000	-29.5000
9950.6305	60.8500	-32.1000
10117.4050	60.9400	-34.0000
10286.9760	61.0200	-37.2000
10459.3880	61.3000	-42.5000
10634.6900	61.1100	-53.9000
10812.9300	59.7200	-64.8000
10994.1570	57.4000	-66.9000
11178.4220	54.9700	-59.9000
11365.7750	53.4100	-48.2000
11556.2680	52.9300	-34.8000
11749.9540	53.2600	-26.5000
11946.8860	53.2700	-19.4000
12147.1190	53.4500	-8.8000
12350.7080	54.6500	0.5000
12557.7080	56.2000	-0.8000
12768.1790	56.2700	-9.4000
12982.1770	55.2300	-12.8000
13199.7610	53.7900	-10.4000
13420.9920	53.1600	-3.0000
13645.9310	53.4700	-3.5000
13874.6410	53.1400	-7.4000
14107.1830	52.0100	-3.4000
14343.6230	50.9700	10.7000
14584.0250	51.8000	23.3000
14828.4570	53.4300	23.7000
15076.9860	54.9200	18.1000
15329.6800	55.8300	9.9000
15586.6090	55.8800	-0.4000
15847.8440	54.9600	-6.0000
16113.4580	54.9700	-6.7000
16383.5240	55.0300	-12.7000
16658.1150	54.1500	-16.4000
16937.3100	53.8800	-10.2000
17221.1830	53.7900	-12.1000
17509.8140	52.3700	-11.9000
17803.2830	50.9700	3.5000
18101.6700	51.0700	18.2000
18405.0590	52.5800	33.3000
18713.5320	53.9900	34.7000
19027.1760	54.6800	30.9000
19346.0760	55.5000	28.4000
19670.3210	55.2700	25.1000
20000.0000	55.1000	25.3000