20.1989	67.2300	110.8000
20.5375	67.4400	110.3000
20.8817	67.6500	109.8000
21.2317	67.8400	109.4000
21.5875	68.0300	108.9000
21.9493	68.2000	108.4000
22.3172	68.3600	107.9000
22.6913	68.5000	107.4000
23.0716	68.6400	107.0000
23.4583	68.7800	106.5000
23.8514	68.9200	106.0000
24.2512	69.0900	105.5000
24.6576	69.2900	105.1000
25.0709	69.5300	104.6000
25.4911	69.8300	104.1000
25.9183	70.1900	103.6000
26.3527	70.6000	103.1000
26.7944	71.0600	102.7000
27.2435	71.5500	102.2000
27.7001	72.0800	101.7000
28.1644	72.6200	101.3000
28.6364	73.1800	100.8000
29.1164	73.7400	100.4000
29.6044	74.3000	99.9000
30.1005	74.8500	99.4000
30.6050	75.4000	99.0000
31.1180	75.9300	98.5000
31.6395	76.4600	98.0000
32.1698	76.9600	97.6000
32.7090	77.4400	97.1000
33.2572	77.9000	96.7000
33.8146	78.3200	96.2000
34.3813	78.7100	95.8000
34.9576	79.0500	95.3000
35.5435	79.3600	94.9000
36.1392	79.6200	94.4000
36.7449	79.8400	94.0000
37.3607	80.0100	93.5000
37.9869	80.1400	93.1000
38.6236	80.2100	92.6000
39.2709	80.2500	92.2000
39.9291	80.2500	91.7000
40.5983	80.2300	91.3000
41.2788	80.2100	90.8000
41.9706	80.1800	90.3000
42.6741	80.1600	89.9000
43.3893	80.1700	89.4000
44.1165	80.2000	89.0000
44.8559	80.2700	88.5000
45.6077	80.3600	88.1000
46.3721	80.5000	87.6000
47.1493	80.6700	87.2000
47.9395	80.8800	86.7000
48.7430	81.1100	86.3000
49.5600	81.3600	85.8000
50.3906	81.6000	85.3000
51.2351	81.8400	84.9000
52.0939	82.0700	84.4000
52.9670	82.3000	84.0000
53.8547	82.5500	83.5000
54.7573	82.8000	83.0000
55.6751	83.0700	82.6000
56.6082	83.3400	82.1000
57.5570	83.6000	81.6000
58.5216	83.8400	81.1000
59.5025	84.0400	80.7000
60.4997	84.1900	80.2000
61.5137	84.2900	79.7000
62.5447	84.3300	79.2000
63.5930	84.3300	78.7000
64.6588	84.3200	78.2000
65.7425	84.3400	77.7000
66.8444	84.4500	77.2000
67.9647	84.6500	76.7000
69.1038	84.9500	76.2000
70.2620	85.3200	75.7000
71.4396	85.6900	75.2000
72.6370	86.0200	74.7000
73.8544	86.2900	74.2000
75.0922	86.4900	73.7000
76.3508	86.6000	73.1000
77.6304	86.6300	72.6000
78.9315	86.6000	72.1000
80.2544	86.5200	71.5000
81.5995	86.4300	71.0000
82.9672	86.3600	70.4000
84.3577	86.3700	69.9000
85.7716	86.5300	69.3000
87.2091	86.8200	68.8000
88.6707	87.2000	68.2000
90.1569	87.5700	67.7000
91.6680	87.8700	67.1000
93.2043	88.0500	66.5000
94.7665	88.0900	65.9000
96.3548	88.0300	65.3000
97.9697	87.9100	64.7000
99.6117	87.7800	64.1000
101.2812	87.7100	63.5000
102.9787	87.7100	62.9000
104.7047	87.8100	62.3000
106.4595	87.9900	61.6000
108.2438	88.2000	61.0000
110.0580	88.3800	60.4000
111.9026	88.5000	59.7000
113.7781	88.5500	59.1000
115.6851	88.5200	58.4000
117.6240	88.4000	57.8000
119.5954	88.2500	57.1000
121.5998	88.1600	56.4000
123.6379	88.2100	55.8000
125.7101	88.3900	55.1000
127.8170	88.5700	54.4000
129.9592	88.6700	53.7000
132.1374	88.6500	53.0000
134.3520	88.5500	52.3000
136.6038	88.4500	51.6000
138.8933	88.4200	50.9000
141.2212	88.4700	50.1000
143.5881	88.5600	49.4000
145.9947	88.6800	48.7000
148.4416	88.8100	47.9000
150.9295	88.8700	47.2000
153.4591	88.8300	46.4000
156.0312	88.7100	45.7000
158.6463	88.6200	44.9000
161.3052	88.6400	44.1000
164.0087	88.7500	43.4000
166.7576	88.8400	42.6000
169.5525	88.8400	41.8000
172.3942	88.7600	41.0000
175.2836	88.6900	40.2000
178.2214	88.7200	39.4000
181.2084	88.8200	38.7000
184.2455	88.9000	37.9000
187.3335	88.9500	37.1000
190.4733	88.9600	36.3000
193.6656	88.9200	35.5000
196.9115	88.9200	34.7000
200.2118	88.9800	33.9000
203.5674	89.0800	33.1000
206.9792	89.0900	32.3000
210.4483	88.9900	31.5000
213.9754	88.9500	30.8000
217.5617	89.0300	30.0000
221.2081	89.1700	29.3000
224.9156	89.1900	28.5000
228.6852	89.1100	27.8000
232.5181	89.0200	27.0000
236.4151	89.0400	26.3000
240.3775	89.2100	25.6000
244.4063	89.1900	24.9000
248.5026	88.9500	24.2000
252.6676	89.0000	23.5000
256.9023	89.1600	22.9000
261.2081	89.1300	22.2000
265.5860	88.9800	21.5000
270.0373	88.8700	21.0000
274.5632	88.9200	20.3000
279.1649	89.0000	19.8000
283.8438	88.8900	19.2000
288.6011	88.8600	18.6000
293.4381	88.9900	18.1000
298.3562	88.9800	17.6000
303.3567	88.9200	17.1000
308.4410	88.9800	16.6000
313.6106	89.0800	16.1000
318.8668	89.0700	15.7000
324.2111	88.9600	15.3000
329.6449	88.9600	15.0000
335.1698	88.9000	14.6000
340.7874	88.8400	14.3000
346.4991	88.8800	14.1000
352.3065	88.8800	13.8000
358.2112	88.8200	13.6000
364.2149	88.8400	13.4000
370.3193	88.8500	13.3000
376.5259	88.8000	13.2000
382.8366	88.7900	13.0000
389.2530	88.7500	13.0000
395.7770	88.7400	12.9000
402.4103	88.7800	12.9000
409.1548	88.7600	12.8000
416.0123	88.7400	12.8000
422.9848	88.7300	12.8000
430.0741	88.7100	12.7000
437.2823	88.7000	12.7000
444.6112	88.7000	12.7000
452.0630	88.7000	12.8000
459.6397	88.6900	13.1000
467.3434	88.6800	13.2000
475.1762	88.6500	13.5000
483.1402	88.6200	13.8000
491.2378	88.6000	14.0000
499.4710	88.5900	14.3000
507.8423	88.6000	14.6000
516.3539	88.6100	14.9000
525.0081	88.6200	15.2000
533.8074	88.6500	15.4000
542.7541	88.6800	15.7000
551.8508	88.7100	15.9000
561.0999	88.7500	16.1000
570.5041	88.8000	16.3000
580.0659	88.8400	16.5000
589.7879	88.8900	16.6000
599.6729	88.9400	16.7000
609.7236	88.9800	16.8000
619.9427	89.0300	16.9000
630.3331	89.0700	17.0000
640.8976	89.1000	17.0000
651.6392	89.1400	17.1000
662.5609	89.1700	17.1000
673.6656	89.2000	17.2000
684.9564	89.2300	17.2000
696.4364	89.2600	17.3000
708.1088	89.2700	17.0000
719.9769	89.2900	16.8000
732.0439	89.3000	16.6000
744.3131	89.3100	16.5000
756.7880	89.3200	16.3000
769.4720	89.3400	16.2000
782.3685	89.3600	16.2000
795.4812	89.4000	16.1000
808.8137	89.4400	16.1000
822.3696	89.4900	16.0000
836.1527	89.5600	15.9000
850.1668	89.6300	15.7000
864.4158	89.7100	15.5000
878.9036	89.8000	15.1000
893.6343	89.8800	14.5000
908.6118	89.9700	13.9000
923.8404	90.0400	13.1000
939.3242	90.0900	12.2000
955.0675	90.1300	11.2000
971.0746	90.1400	10.1000
987.3501	90.1200	9.0000
1003.8983	90.0800	8.0000
1020.7239	90.0200	7.0000
1037.8315	89.9300	6.1000
1055.2258	89.8300	5.3000
1072.9116	89.7100	4.7000
1090.8939	89.6000	4.2000
1109.1775	89.4900	4.0000
1127.7676	89.4000	3.8000
1146.6693	89.3300	3.7000
1165.8877	89.2800	3.5000
1185.4283	89.2500	3.3000
1205.2964	89.2200	2.9000
1225.4974	89.2000	2.4000
1246.0371	89.1500	1.7000
1266.9209	89.0800	0.9000
1288.1549	88.9700	0.1000
1309.7446	88.8100	-0.7000
1331.6963	88.6200	-1.2000
1354.0158	88.4000	-1.4000
1376.7095	88.1600	-1.3000
1399.7835	87.9500	-0.6000
1423.2442	87.7700	0.4000
1447.0981	87.6700	1.7000
1471.3518	87.6400	3.0000
1496.0120	87.7000	4.2000
1521.0856	87.8100	5.1000
1546.5793	87.9600	5.5000
1572.5004	88.1100	5.5000
1598.8559	88.2500	5.2000
1625.6531	88.3600	4.6000
1652.8994	88.4600	3.9000
1680.6024	88.5400	3.1000
1708.7697	88.6200	2.1000
1737.4091	88.7000	1.0000
1766.5285	88.7800	-0.4000
1796.1360	88.8300	-2.2000
1826.2397	88.8400	-4.4000
1856.8479	88.7800	-7.0000
1887.9691	88.6300	-9.7000
1919.6120	88.3700	-12.4000
1951.7851	88.0000	-14.9000
1984.4975	87.5300	-16.9000
2017.7582	87.0100	-18.1000
2051.5763	86.4700	-18.6000
2085.9612	85.9800	-18.4000
2120.9224	85.5500	-17.8000
2156.4696	85.1800	-17.1000
2192.6126	84.8400	-16.5000
2229.3613	84.5000	-15.8000
2266.7259	84.1600	-14.9000
2304.7168	83.8400	-13.7000
2343.3444	83.6000	-12.3000
2382.6195	83.4500	-10.9000
2422.5528	83.3800	-10.1000
2463.1553	83.3100	-9.9000
2504.4384	83.1900	-10.4000
2546.4134	82.9800	-11.2000
2589.0919	82.6700	-11.9000
2632.4858	82.2900	-12.3000
2676.6069	81.8900	-12.4000
2721.4674	81.4700	-12.4000
2767.0799	81.0000	-12.3000
2813.4568	80.4400	-11.8000
2860.6111	79.8200	-10.6000
2908.5556	79.1900	-8.3000
2957.3037	78.6700	-5.0000
3006.8689	78.3000	-1.1000
3057.2647	78.1000	2.7000
3108.5052	78.0300	6.1000
3160.6045	78.0600	9.0000
3213.5770	78.1800	11.1000
3267.4374	78.3200	12.2000
3322.2004	78.4400	12.4000
3377.8813	78.4800	11.8000
3434.4954	78.4600	10.7000
3492.0584	78.3700	8.8000
3550.5862	78.1200	6.0000
3610.0949	77.5900	2.7000
3670.6009	76.7100	-0.1000
3732.1211	75.5500	-0.9000
3794.6724	74.2800	0.6000
3858.2720	73.0200	4.7000
3922.9376	71.9200	11.8000
3988.6870	71.3400	21.8000
4055.5384	71.5900	31.4000
4123.5102	72.3900	36.3000
4192.6212	73.1000	36.2000
4262.8906	73.4000	33.3000
4334.3377	73.3600	30.0000
4406.9822	73.2900	27.0000
4480.8443	73.4100	22.1000
4555.9444	73.5700	12.8000
4632.3031	73.3700	-1.1000
4709.9417	72.7100	-18.1000
4788.8814	71.8300	-36.3000
4869.1443	71.1500	-54.8000
4950.7523	71.1700	-72.7000
5033.7281	72.0400	-90.3000
5118.0947	73.4500	-108.4000
5203.8752	74.8300	-126.1000
5291.0934	75.8400	-141.6000
5379.7734	76.5000	-153.8000
5469.9397	76.9400	-162.4000
5561.6173	77.3900	-167.7000
5654.8313	78.1100	-172.0000
5749.6077	78.8000	-61.3000
5845.9725	78.9200	174.8000
5943.9525	78.6800	171.7000
6043.5746	78.7200	171.1000
6144.8664	78.7900	170.2000
6247.8558	78.7700	171.7000
6352.5714	79.3500	175.4000
6459.0421	80.5700	176.1000
6567.2972	81.8800	171.8000
6677.3667	82.7500	162.9000
6789.2810	82.8100	152.3000
6903.0710	82.1600	143.6000
7018.7682	81.1900	137.5000
7136.4045	79.9200	133.5000
7256.0123	78.3800	133.4000
7377.6249	76.8200	137.3000
7501.2757	75.2900	147.1000
7626.9989	74.8600	164.6000
7754.8293	76.2200	-77.1000
7884.8021	78.8000	-171.5000
8016.9533	81.3700	-175.3000
8151.3194	83.0300	174.6000
8287.9375	83.5700	160.2000
8426.8454	83.0000	148.2000
8568.0814	81.7900	141.5000
8711.6845	80.4800	141.0000
8857.6945	79.8800	145.5000
9006.1516	80.0600	148.8000
9157.0969	80.6000	149.7000
9310.5721	81.2900	147.3000
9466.6196	81.8900	142.4000
9625.2825	82.3900	134.4000
9786.6046	82.3900	122.9000
9950.6305	81.4700	110.7000
10117.4050	79.7300	102.0000
10286.9760	77.6000	100.3000
10459.3880	76.0600	106.1000
10634.6900	75.6900	112.4000
10812.9300	75.7000	115.7000
10994.1570	76.0000	118.6000
11178.4220	76.9500	117.9000
11365.7750	77.7700	110.3000
11556.2680	77.7500	98.3000
11749.9540	76.4300	88.4000
11946.8860	74.8200	86.5000
12147.1190	73.5900	89.7000
12350.7080	73.3100	97.4000
12557.7080	74.2900	103.4000
12768.1790	76.3000	101.4000
12982.1770	77.7400	86.0000
13199.7610	77.1600	66.7000
13420.9920	75.0400	56.1000
13645.9310	73.1900	56.4000
13874.6410	72.4300	60.7000
14107.1830	72.6500	63.2000
14343.6230	73.3300	59.9000
14584.0250	73.4300	51.7000
14828.4570	73.1700	45.0000
15076.9860	72.9800	36.4000
15329.6800	72.1600	27.2000
15586.6090	71.2800	21.5000
15847.8440	70.4200	15.6000
16113.4580	69.4800	12.4000
16383.5240	69.2600	11.0000
16658.1150	69.5200	6.0000
16937.3100	69.6500	-3.5000
17221.1830	69.5100	-12.1000
17509.8140	69.9600	-23.2000
17803.2830	70.1400	-43.8000
18101.6700	68.6200	-71.1000
18405.0590	65.3600	-98.0000
18713.5320	61.2200	-129.1000
19027.1760	56.6000	-28.7000
19346.0760	54.5300	90.9000
19670.3210	55.7000	28.1000