19.8660	79.9900	164.1000
20.1989	80.2300	162.6000
20.5375	80.4800	161.0000
20.8817	80.7400	159.4000
21.2317	81.0100	157.7000
21.5875	81.2700	156.0000
21.9493	81.5100	154.4000
22.3172	81.7200	152.7000
22.6913	81.9200	151.1000
23.0716	82.1100	149.5000
23.4583	82.3000	147.9000
23.8514	82.4900	146.4000
24.2512	82.6800	144.8000
24.6576	82.8700	143.3000
25.0709	83.0500	141.8000
25.4911	83.2300	140.4000
25.9183	83.4100	139.0000
26.3527	83.5800	137.6000
26.7944	83.7600	136.3000
27.2435	83.9500	135.0000
27.7001	84.1300	133.6000
28.1644	84.3000	132.2000
28.6364	84.4700	130.7000
29.1164	84.6300	129.3000
29.6044	84.8000	127.9000
30.1005	84.9700	126.6000
30.6050	85.1400	125.3000
31.1180	85.3200	124.0000
31.6395	85.4900	122.7000
32.1698	85.6700	121.4000
32.7090	85.8400	120.0000
33.2572	86.0200	118.7000
33.8146	86.1900	117.3000
34.3813	86.3500	116.0000
34.9576	86.5200	114.6000
35.5435	86.7000	113.2000
36.1392	86.8800	111.9000
36.7449	87.0600	110.4000
37.3607	87.2400	108.9000
37.9869	87.4100	107.4000
38.6236	87.5800	105.8000
39.2709	87.7400	104.2000
39.9291	87.8900	102.6000
40.5983	88.0400	101.0000
41.2788	88.1800	99.4000
41.9706	88.3100	97.7000
42.6741	88.4400	96.0000
43.3893	88.5600	94.3000
44.1165	88.6700	92.5000
44.8559	88.7700	90.8000
45.6077	88.8300	89.0000
46.3721	88.8800	87.4000
47.1493	88.9100	85.8000
47.9395	88.9300	84.4000
48.7430	88.9700	83.1000
49.5600	89.0200	81.9000
50.3906	89.0800	80.6000
51.2351	89.1300	79.2000
52.0939	89.1700	77.8000
52.9670	89.1900	76.5000
53.8547	89.1900	75.3000
54.7573	89.2000	74.2000
55.6751	89.2400	73.3000
56.6082	89.2900	72.2000
57.5570	89.3300	70.9000
58.5216	89.3100	69.5000
59.5025	89.2100	68.3000
60.4997	89.1400	68.0000
61.5137	89.1500	68.3000
62.5447	89.2600	68.3000
63.5930	89.4000	67.9000
64.6588	89.5200	67.1000
65.7425	89.6300	66.3000
66.8444	89.7200	65.3000
67.9647	89.8100	64.4000
69.1038	89.8800	63.5000
70.2620	89.9600	62.6000
71.4396	90.0300	61.7000
72.6370	90.1000	60.8000
73.8544	90.1600	59.9000
75.0922	90.2300	59.1000
76.3508	90.3000	58.2000
77.6304	90.3800	57.3000
78.9315	90.4600	56.4000
80.2544	90.5300	55.4000
81.5995	90.6000	54.5000
82.9672	90.6600	53.4000
84.3577	90.7100	52.3000
85.7716	90.7500	51.3000
87.2091	90.7700	50.3000
88.6707	90.8000	49.4000
90.1569	90.8300	48.5000
91.6680	90.8600	47.6000
93.2043	90.9000	46.7000
94.7665	90.9300	45.7000
96.3548	90.9500	44.7000
97.9697	90.9600	43.8000
99.6117	90.9600	42.8000
101.2812	90.9400	42.0000
102.9787	90.9200	41.2000
104.7047	90.9000	40.7000
106.4595	90.9100	40.2000
108.2438	90.9300	39.7000
110.0580	90.9800	39.1000
111.9026	91.0400	38.4000
113.7781	91.0900	37.4000
115.6851	91.1100	36.2000
117.6240	91.0800	35.0000
119.5954	90.9900	34.0000
121.5998	90.9000	33.5000
123.6379	90.8400	33.2000
125.7101	90.8100	33.0000
127.8170	90.8000	32.8000
129.9592	90.8000	32.5000
132.1374	90.8000	32.2000
134.3520	90.8100	31.9000
136.6038	90.8300	31.6000
138.8933	90.8500	31.3000
141.2212	90.8800	30.9000
143.5881	90.9100	30.4000
145.9947	90.9400	29.9000
148.4416	90.9700	29.4000
150.9295	90.9900	28.9000
153.4591	91.0100	28.3000
156.0312	91.0200	27.6000
158.6463	91.0100	26.9000
161.3052	90.9900	26.3000
164.0087	90.9400	25.7000
166.7576	90.8800	25.4000
169.5525	90.8400	25.1000
172.3942	90.8100	25.0000
175.2836	90.7900	25.0000
178.2214	90.7900	25.0000
181.2084	90.8000	25.0000
184.2455	90.8500	24.9000
187.3335	90.9100	24.7000
190.4733	90.9600	24.3000
193.6656	91.0000	23.8000
196.9115	91.0200	23.3000
200.2118	91.0400	22.8000
203.5674	91.0400	22.3000
206.9792	91.0400	21.8000
210.4483	91.0300	21.4000
213.9754	91.0400	21.0000
217.5617	91.0500	20.6000
221.2081	91.0500	20.2000
224.9156	91.0500	19.6000
228.6852	91.0200	19.0000
232.5181	90.9700	18.5000
236.4151	90.9100	18.2000
240.3775	90.8600	18.0000
244.4063	90.8200	17.9000
248.5026	90.7900	17.7000
252.6676	90.7600	17.6000
256.9023	90.7300	17.4000
261.2081	90.7000	17.3000
265.5860	90.6700	17.3000
270.0373	90.6500	17.4000
274.5632	90.6400	17.4000
279.1649	90.6400	17.5000
283.8438	90.6500	17.5000
288.6011	90.6700	17.5000
293.4381	90.7000	17.5000
298.3562	90.7500	17.4000
303.3567	90.8000	17.0000
308.4410	90.8200	16.4000
313.6106	90.8100	15.7000
318.8668	90.7500	15.2000
324.2111	90.6800	14.8000
329.6449	90.5900	14.7000
335.1698	90.5200	14.7000
340.7874	90.4700	14.9000
346.4991	90.4400	15.0000
352.3065	90.4200	15.2000
358.2112	90.4100	15.3000
364.2149	90.4000	15.4000
370.3193	90.3800	15.4000
376.5259	90.3500	15.4000
382.8366	90.3100	15.6000
389.2530	90.2700	15.9000
395.7770	90.2700	16.3000
402.4103	90.2900	16.8000
409.1548	90.3500	17.2000
416.0123	90.4400	17.7000
422.9848	90.5700	17.7000
430.0741	90.7000	17.1000
437.2823	90.7900	16.2000
444.6112	90.8300	15.0000
452.0630	90.7900	13.7000
459.6397	90.6700	12.5000
467.3434	90.5300	11.9000
475.1762	90.4000	11.4000
483.1402	90.2700	11.0000
491.2378	90.1200	10.9000
499.4710	89.9700	10.9000
507.8423	89.8500	11.3000
516.3539	89.7600	12.0000
525.0081	89.7100	12.8000
533.8074	89.7800	13.7000
542.7541	89.9600	14.0000
551.8508	90.0800	13.2000
561.0999	90.0800	12.3000
570.5041	90.0100	11.8000
580.0659	89.9500	11.8000
589.7879	89.9600	12.2000
599.6729	90.0800	12.2000
609.7236	90.1900	11.4000
619.9427	90.1700	10.5000
630.3331	90.1000	10.5000
640.8976	90.1900	11.3000
651.6392	90.4900	11.2000
662.5609	90.7600	9.3000
673.6656	90.8100	6.3000
684.9564	90.6200	3.5000
696.4364	90.2300	1.8000
708.1088	89.7400	1.9000
719.9769	89.3600	3.9000
732.0439	89.3400	6.7000
744.3131	89.6100	8.3000
756.7880	89.9500	8.1000
769.4720	90.1800	6.3000
782.3685	90.1900	3.6000
795.4812	89.9400	1.0000
808.8137	89.4900	-0.3000
822.3696	89.0000	0.1000
836.1527	88.6500	1.8000
850.1668	88.4600	3.3000
864.4158	88.2300	4.8000
878.9036	88.0100	7.3000
893.6343	88.0200	10.7000
908.6118	88.3100	13.3000
923.8404	88.6200	14.3000
939.3242	88.8500	14.8000
955.0675	89.1100	14.9000
971.0746	89.3100	14.0000
987.3501	89.3200	12.7000
1003.8983	89.1700	12.3000
1020.7239	89.0200	13.0000
1037.8315	88.9500	14.3000
1055.2258	88.9800	16.1000
1072.9116	89.1700	18.0000
1090.8939	89.4900	19.0000
1109.1775	89.7900	18.9000
1127.7676	89.9700	18.3000
1146.6693	90.0500	18.3000
1165.8877	90.2200	19.0000
1185.4283	90.5700	19.3000
1205.2964	90.9300	18.1000
1225.4974	91.1200	16.3000
1246.0371	91.2100	14.7000
1266.9209	91.2400	13.2000
1288.1549	91.2200	12.0000
1309.7446	91.2100	11.2000
1331.6963	91.1800	10.6000
1354.0158	91.1800	10.6000
1376.7095	91.2800	10.6000
1399.7835	91.4400	10.0000
1423.2442	91.5800	9.1000
1447.0981	91.7200	7.9000
1471.3518	91.8400	6.3000
1496.0120	91.9100	4.4000
1521.0856	91.9200	2.3000
1546.5793	91.8700	0.1000
1572.5004	91.7000	-2.1000
1598.8559	91.4300	-3.8000
1625.6531	91.1400	-4.5000
1652.8994	90.9200	-4.6000
1680.6024	90.7700	-4.7000
1708.7697	90.6600	-4.9000
1737.4091	90.5400	-5.2000
1766.5285	90.4400	-5.3000
1796.1360	90.3900	-5.5000
1826.2397	90.3600	-6.0000
1856.8479	90.3000	-6.9000
1887.9691	90.2100	-7.9000
1919.6120	90.0500	-9.0000
1951.7851	89.8400	-10.1000
1984.4975	89.5400	-10.8000
2017.7582	89.2500	-10.8000
2051.5763	88.9900	-10.7000
2085.9612	88.7000	-10.4000
2120.9224	88.4100	-9.3000
2156.4696	88.2100	-8.1000
2192.6126	88.0600	-6.8000
2229.3613	87.9300	-5.6000
2266.7259	87.7700	-4.4000
2304.7168	87.5900	-2.3000
2343.3444	87.5700	0.8000
2382.6195	87.8300	3.9000
2422.5528	88.2800	5.8000
2463.1553	88.7900	6.1000
2504.4384	89.2200	4.9000
2546.4134	89.5100	2.9000
2589.0919	89.6500	0.6000
2632.4858	89.6700	-1.5000
2676.6069	89.6300	-3.0000
2721.4674	89.6200	-4.4000
2767.0799	89.6200	-6.0000
2813.4568	89.5600	-8.0000
2860.6111	89.3800	-10.2000
2908.5556	89.0500	-11.7000
2957.3037	88.6600	-11.7000
3006.8689	88.4000	-10.3000
3057.2647	88.4100	-8.5000
3108.5052	88.6500	-7.3000
3160.6045	89.0400	-7.5000
3213.5770	89.4400	-9.4000
3267.4374	89.7400	-12.6000
3322.2004	89.9200	-16.7000
3377.8813	89.9600	-21.8000
3434.4954	89.8100	-27.9000
3492.0584	89.3300	-34.6000
3550.5862	88.3600	-40.4000
3610.0949	86.9000	-42.1000
3670.6009	85.4400	-37.9000
3732.1211	84.7200	-31.0000
3794.6724	84.7100	-26.0000
3858.2720	84.9000	-23.2000
3922.9376	85.2100	-21.3000
3988.6870	85.7900	-21.0000
4055.5384	86.3300	-24.4000
4123.5102	86.4700	-30.3000
4192.6212	86.1500	-36.4000
4262.8906	85.5000	-40.6000
4334.3377	84.8300	-42.9000
4406.9822	84.3200	-44.9000
4480.8443	83.8100	-48.0000
4555.9444	83.0600	-51.4000
4632.3031	82.0700	-53.7000
4709.9417	80.9100	-54.1000
4788.8814	79.7100	-51.8000
4869.1443	78.8900	-47.2000
4950.7523	78.6700	-44.2000
5033.7281	78.4800	-45.6000
5118.0947	77.6700	-48.0000
5203.8752	76.3700	-46.7000
5291.0934	75.1400	-41.9000
5379.7734	73.9900	-33.3000
5469.9397	73.8700	-19.4000
5561.6173	75.1300	-9.9000
5654.8313	76.4400	-8.6000
5749.6077	77.3700	-11.5000
5845.9725	78.0100	-16.4000
5943.9525	78.4100	-23.2000
6043.5746	78.3800	-31.6000
6144.8664	77.8800	-39.4000
6247.8558	77.1300	-45.7000
6352.5714	76.2700	-50.5000
6459.0421	75.4000	-54.1000
6567.2972	74.6500	-57.2000
6677.3667	74.1000	-61.7000
6789.2810	73.4300	-69.0000
6903.0710	72.2800	-77.0000
7018.7682	70.8200	-83.0000
7136.4045	69.6200	-89.6000
7256.0123	68.5000	-101.1000
7377.6249	67.0800	-117.6000
7501.2757	65.2600	-137.7000
7626.9989	64.1400	-162.2000
7754.8293	64.5100	169.1000
7884.8021	65.6000	134.3000
8016.9533	67.1800	107.1000
8151.3194	68.5400	82.3000
8287.9375	69.2200	61.2000
8426.8454	69.5300	43.4000
8568.0814	69.2800	28.2000
8711.6845	68.6300	17.8000
8857.6945	67.9800	11.9000
9006.1516	67.8800	8.4000
9157.0969	68.2400	1.7000
9310.5721	68.4200	-9.3000
9466.6196	68.0400	-23.5000
9625.2825	66.6000	-35.7000
9786.6046	64.6000	-40.8000
9950.6305	62.7800	-41.2000
10117.4050	61.4000	-42.0000
10286.9760	59.8500	-45.1000
10459.3880	57.6600	-45.7000
10634.6900	55.0200	-39.2000
10812.9300	52.7300	-26.7000
10994.1570	51.1800	-7.5000
11178.4220	51.7800	14.9000
11365.7750	53.8200	27.6000
11556.2680	55.7900	28.2000
11749.9540	56.7200	17.1000
11946.8860	56.7100	-3.8000
12147.1190	55.2500	-39.4000
12350.7080	52.4100	-104.6000
12557.7080	51.3900	160.9000
12768.1790	52.2900	84.9000
12982.1770	51.8600	53.5000
13199.7610	49.5200	53.0000
13420.9920	49.3100	83.4000
13645.9310	51.3600	90.7000
13874.6410	52.6100	85.9000
14107.1830	52.2300	83.5000
14343.6230	52.3900	94.2000
14584.0250	54.8200	105.3000
14828.4570	57.1000	104.1000
15076.9860	60.1900	100.3000
15329.6800	61.6400	71.5000
15586.6090	59.8900	42.5000
15847.8440	58.1900	11.8000
16113.4580	55.6000	-35.6000
16383.5240	52.5900	-110.8000
16658.1150	51.1300	15.8000
16937.3100	50.4800	116.0000
17221.1830	51.3500	112.4000
17509.8140	52.8700	106.5000
17803.2830	52.8000	98.4000
18101.6700	52.6100	102.2000
18405.0590	54.7800	110.2000
18713.5320	56.7600	102.9000
19027.1760	56.4800	91.4000
19346.0760	55.4600	85.1000
19670.3210	54.3200	79.5000
20000.0000	53.6900	76.7000