5.00000	48.983	174.063
5.07273	49.105	173.991
5.14651	49.264	173.898
5.22137	49.476	173.773
5.29732	49.709	173.634
5.37437	49.966	173.480
5.45254	50.223	173.323
5.53185	50.481	173.165
5.61231	50.738	173.004
5.69394	50.995	172.840
5.77676	51.252	172.675
5.86079	51.509	172.506
5.94604	51.767	172.336
6.03252	52.024	172.162
6.12027	52.281	171.986
6.20929	52.538	171.808
6.29961	52.795	171.627
6.39124	53.053	171.443
6.48420	53.310	171.256
6.57851	53.567	171.067
6.67420	53.824	170.875
6.77128	54.082	170.680
6.86977	54.339	170.482
6.96969	54.596	170.281
7.07107	54.853	170.077
7.17392	55.110	169.870
7.27827	55.368	169.660
7.38413	55.625	169.447
7.49154	55.882	169.231
7.60050	56.139	169.011
7.71105	56.396	168.788
7.82321	56.654	168.562
7.93701	56.911	168.332
8.05245	57.168	168.099
8.16958	57.425	167.862
8.28841	57.682	167.622
8.40896	57.940	167.378
8.53128	58.197	167.131
8.65537	58.454	166.879
8.78126	58.711	166.624
8.90899	58.968	166.365
9.03857	59.226	166.102
9.17004	59.483	165.835
9.30342	59.740	165.564
9.43874	59.997	165.289
9.57603	60.255	165.009
9.71532	60.512	164.726
9.85663	60.769	164.438
10.0000	61.026	164.145
10.1455	61.283	163.848
10.2930	61.541	163.546
10.4427	61.798	163.240
10.5946	62.055	162.929
10.7487	62.312	162.613
10.9051	62.569	162.292
11.0637	62.827	161.967
11.2246	63.084	161.636
11.3879	63.341	161.300
11.5535	63.598	160.958
11.7216	63.855	160.611
11.8921	64.113	160.259
12.0650	64.370	159.901
12.2405	64.627	159.538
12.4186	64.884	159.169
12.5992	65.141	158.793
12.7825	65.399	158.412
12.9684	65.656	158.025
13.1570	65.913	157.631
13.3484	66.170	157.231
13.5426	66.428	156.824
13.7395	66.685	156.411
13.9394	66.942	155.991
14.1421	67.199	155.564
14.3478	67.456	155.130
14.5565	67.714	154.689
14.7683	67.971	154.240
14.9831	68.228	153.784
15.2010	68.485	153.320
15.4221	68.742	152.848
15.6464	69.000	152.369
15.8740	69.257	151.881
16.1049	69.514	151.384
16.3392	69.771	150.879
16.5768	70.028	150.365
16.8179	70.286	149.843
17.0626	70.543	149.310
17.3107	70.800	148.769
17.5625	71.057	148.217
17.8180	71.314	147.655
18.0771	71.572	147.083
18.3401	71.829	146.500
18.6068	72.086	145.905
18.8775	72.343	145.299
19.1521	72.601	144.680
19.4306	72.858	144.047
19.7133	73.115	143.397
20.0000	73.370	142.736
20.2909	73.622	142.065
20.5860	73.870	141.421
20.8855	74.115	140.788
21.1893	74.367	140.179
21.4975	74.627	139.539
21.8102	74.887	138.858
22.1274	75.155	138.147
22.4492	75.418	137.367
22.7758	75.679	136.548
23.1071	75.937	135.706
23.4432	76.191	134.830
23.7841	76.449	133.966
24.1301	76.707	133.055
24.4811	76.959	132.157
24.8372	77.215	131.243
25.1984	77.467	130.259
25.5649	77.717	129.238
25.9368	77.967	128.142
26.3141	78.221	126.953
26.6968	78.488	125.653
27.0851	78.769	124.209
27.4791	79.061	122.644
27.8788	79.360	120.956
28.2843	79.658	119.183
28.6957	79.951	117.366
29.1131	80.237	115.528
29.5365	80.521	113.683
29.9661	80.804	111.837
30.4020	81.087	109.991
30.8442	81.371	108.144
31.2929	81.654	106.298
31.7480	81.937	104.452
32.2098	82.220	102.606
32.6783	82.503	100.759
33.1536	82.786	98.913
33.6359	83.069	97.067
34.1251	83.352	95.220
34.6215	83.635	93.374
35.1250	83.918	91.528
35.6359	84.201	89.682
36.1543	84.484	87.835
36.6802	84.766	85.961
37.2137	85.037	84.007
37.7550	85.283	81.872
38.3041	85.479	79.465
38.8613	85.605	76.767
39.4265	85.652	73.814
40.0000	85.621	70.663
40.5818	85.507	67.458
41.1721	85.311	64.469
41.7710	85.049	61.852
42.3785	84.724	59.728
42.9949	84.348	58.235
43.6203	83.951	57.328
44.2548	83.545	56.862
44.8985	83.142	56.697
45.5515	82.740	56.634
46.2141	82.339	56.615
46.8863	81.938	56.597
47.5683	81.537	56.578
48.2602	81.139	56.578
48.9621	80.755	56.645
49.6743	80.405	56.887
50.3968	80.116	57.451
51.1299	79.905	58.412
51.8736	79.777	59.789
52.6281	79.730	61.526
53.3936	79.756	63.494
54.1702	79.847	65.542
54.9581	80.002	67.529
55.7575	80.216	69.375
56.5685	80.488	71.007
57.3914	80.799	72.363
58.2261	81.143	73.415
59.0730	81.513	74.109
59.9323	81.902	74.391
60.8040	82.308	74.238
61.6884	82.725	73.679
62.5857	83.137	72.783
63.4960	83.528	71.603
64.4196	83.869	70.212
65.3566	84.147	68.682
66.3073	84.353	67.072
67.2717	84.490	65.481
68.2502	84.579	63.998
69.2429	84.638	62.657
70.2501	84.681	61.472
71.2719	84.722	60.410
72.3086	84.764	59.411
73.3603	84.812	58.476
74.4274	84.879	57.589
75.5099	84.965	56.704
76.6083	85.072	55.798
77.7226	85.196	54.778
78.8531	85.316	53.585
80.0000	85.423	52.274
81.1636	85.499	50.887
82.3442	85.516	49.565
83.5419	85.470	48.461
84.7570	85.356	47.593
85.9899	85.178	46.982
87.2406	84.951	46.576
88.5096	84.702	46.297
89.7970	84.452	46.132
91.1031	84.226	46.156
92.4282	84.049	46.512
93.7726	83.940	47.299
95.1366	83.922	48.530
96.5204	84.014	50.077
97.9243	84.206	51.672
99.3486	84.494	53.099
100.794	84.853	54.137
102.260	85.265	54.652
103.747	85.709	54.648
105.256	86.167	54.055
106.787	86.617	52.887
108.340	87.043	51.177
109.916	87.428	48.883
111.515	87.751	46.120
113.137	87.998	42.972
114.783	88.159	39.574
116.452	88.203	36.156
118.146	88.108	33.025
119.865	87.859	30.388
121.608	87.462	28.307
123.377	86.940	26.825
125.171	86.333	25.920
126.992	85.715	25.501
128.839	85.142	25.720
130.713	84.678	26.768
132.615	84.388	28.734
134.543	84.297	31.392
136.500	84.414	34.241
138.486	84.701	36.598
140.500	85.085	38.027
142.544	85.497	38.457
144.617	85.865	38.030
146.721	86.154	37.044
148.855	86.359	35.787
151.020	86.479	34.471
153.217	86.547	33.295
155.445	86.599	32.284
157.706	86.652	31.416
160.000	86.720	30.655
162.327	86.810	29.928
164.688	86.908	29.214
167.084	87.012	28.500
169.514	87.118	27.763
171.980	87.221	26.963
174.481	87.317	26.021
177.019	87.384	24.870
179.594	87.400	23.545
182.206	87.351	22.159
184.856	87.232	20.872
187.545	87.059	19.899
190.273	86.874	19.366
193.041	86.712	19.225
195.849	86.593	19.360
198.697	86.524	19.597
201.587	86.495	19.823
204.520	86.489	19.989
207.494	86.498	20.056
210.512	86.497	20.093
213.574	86.481	20.127
216.681	86.441	20.132
219.833	86.368	20.180
223.030	86.271	20.280
226.274	86.164	20.432
229.565	86.060	20.668
232.905	85.985	21.020
236.292	85.964	21.516
239.729	86.043	22.017
243.216	86.248	22.389
246.754	86.558	22.468
250.343	86.933	22.031
253.984	87.279	20.976
257.678	87.503	19.380
261.426	87.548	17.552
265.229	87.394	15.842
269.087	87.098	14.620
273.001	86.740	14.342
276.972	86.425	15.180
281.000	86.265	16.759
285.088	86.270	18.459
289.234	86.405	19.773
293.441	86.617	20.471
297.709	86.845	20.558
302.040	87.057	20.228
306.433	87.244	19.674
310.890	87.403	18.982
315.412	87.540	18.135
320.000	87.644	17.100
324.655	87.691	15.899
329.377	87.671	14.641
334.168	87.580	13.518
339.028	87.444	12.766
343.959	87.302	12.463
348.962	87.184	12.604
354.038	87.123	13.032
359.188	87.118	13.507
364.412	87.146	13.957
369.713	87.207	14.374
375.090	87.313	14.724
380.546	87.470	14.850
386.081	87.667	14.548
391.697	87.872	13.700
397.394	88.029	12.266
403.175	88.078	10.516
409.039	88.010	8.797
414.989	87.830	7.376
421.025	87.574	6.641
427.149	87.318	6.769
433.362	87.124	7.627
439.665	87.048	9.011
446.060	87.121	10.391
452.548	87.307	11.235
459.131	87.557	11.356
465.809	87.795	10.722
472.584	87.968	9.552
479.458	88.056	8.169
486.432	88.061	6.746
493.507	88.008	5.425
500.686	87.909	4.249
507.968	87.770	3.233
515.357	87.591	2.506
522.853	87.387	2.167
530.458	87.184	2.285
538.174	87.007	2.872
546.002	86.887	3.781
553.943	86.832	4.831
562.001	86.839	5.867
570.175	86.911	6.757
578.469	87.035	7.377
586.883	87.196	7.614
595.419	87.362	7.431
604.080	87.499	6.881
612.866	87.584	6.120
621.780	87.607	5.350
630.824	87.588	4.654
640.000	87.537	4.080
649.309	87.456	3.653
658.753	87.360	3.375
668.335	87.243	3.314
678.056	87.114	3.619
687.919	87.018	4.351
697.925	86.989	5.479
708.077	87.066	6.682
718.376	87.231	7.559
728.825	87.436	7.913
739.426	87.625	7.692
750.181	87.749	7.108
761.093	87.801	6.501
772.163	87.809	6.083
783.394	87.814	5.990
794.789	87.864	6.150
806.349	87.967	6.319
818.078	88.117	6.278
829.977	88.292	5.884
842.050	88.456	5.074
854.298	88.582	3.939
866.724	88.639	2.604
879.330	88.623	1.330
892.120	88.551	0.293
905.097	88.439	-0.374
918.262	88.334	-0.560
931.618	88.271	-0.367
945.169	88.272	-0.009
958.917	88.346	0.307
972.864	88.474	0.324
987.015	88.624	-0.045
1001.37	88.770	-0.833
1015.94	88.870	-1.948
1030.71	88.910	-3.212
1045.71	88.896	-4.443
1060.92	88.847	-5.530
1076.35	88.783	-6.427
1092.00	88.725	-7.179
1107.89	88.677	-7.895
1124.00	88.626	-8.638
1140.35	88.552	-9.412
1156.94	88.446	-10.141
1173.77	88.304	-10.715
1190.84	88.141	-11.039
1208.16	87.973	-11.029
1225.73	87.820	-10.676
1243.56	87.713	-10.026
1261.65	87.667	-9.197
1280.00	87.679	-8.423
1298.62	87.743	-7.866
1317.51	87.831	-7.586
1336.67	87.916	-7.576
1356.11	87.992	-7.758
1375.84	88.047	-8.033
1395.85	88.084	-8.307
1416.15	88.112	-8.566
1436.75	88.132	-8.790
1457.65	88.148	-8.937
1478.85	88.173	-9.009
1500.36	88.212	-9.011
1522.19	88.275	-8.962
1544.33	88.373	-8.944
1566.79	88.495	-9.080
1589.58	88.626	-9.469
1612.70	88.751	-10.122
1636.16	88.848	-10.993
1659.95	88.909	-11.992
1684.10	88.941	-12.984
1708.60	88.952	-13.884
1733.45	88.957	-14.684
1758.66	88.963	-15.402
1784.24	88.982	-16.084
1810.19	89.014	-16.822
1836.52	89.052	-17.685
1863.24	89.086	-18.724
1890.34	89.086	-19.864
1917.83	89.042	-21.013
1945.73	88.961	-22.069
1974.03	88.847	-22.880
2002.74	88.738	-23.410
2031.87	88.659	-23.753
2061.43	88.618	-23.996
2091.41	88.615	-24.290
2121.83	88.630	-24.711
2152.69	88.653	-25.297
2184.01	88.671	-26.056
2215.77	88.672	-26.934
2248.00	88.660	-27.915
2280.70	88.620	-28.919
2313.87	88.555	-29.894
2347.53	88.469	-30.833
2381.68	88.356	-31.647
2416.32	88.231	-32.306
2451.46	88.106	-32.836
2487.12	87.983	-33.216
2523.30	87.876	-33.506
2560.00	87.786	-33.791
2597.24	87.696	-34.073
2635.01	87.605	-34.361
2673.34	87.501	-34.618
2712.23	87.375	-34.736
2751.68	87.252	-34.667
2791.70	87.140	-34.380
2832.31	87.047	-33.881
2873.50	86.998	-33.256
2915.30	86.986	-32.526
2957.70	87.019	-31.804
3000.72	87.091	-31.137
3044.37	87.205	-30.554
3088.65	87.365	-30.154
3133.58	87.560	-29.967
3179.16	87.792	-30.070
3225.40	88.041	-30.546
3272.31	88.292	-31.384
3319.91	88.529	-32.585
3368.20	88.736	-34.079
3417.19	88.916	-35.844
3466.89	89.068	-37.845
3517.32	89.181	-40.042
3568.48	89.251	-42.440
3620.39	89.266	-44.973
3673.05	89.212	-47.553
3726.47	89.089	-50.058
3780.67	88.903	-52.350
3835.67	88.663	-54.306
3891.46	88.406	-55.803
3948.06	88.151	-56.862
4005.49	87.926	-57.540
4063.75	87.753	-57.912
4122.86	87.634	-58.161
4182.82	87.582	-58.409
4243.66	87.593	-58.818
4305.39	87.654	-59.541
4368.01	87.751	-60.728
4431.55	87.853	-62.459
4496.01	87.928	-64.738
4561.40	87.941	-67.499
4627.75	87.880	-70.624
4695.06	87.729	-74.014
4763.35	87.466	-77.609
4832.64	87.075	-81.256
4902.93	86.529	-84.777
4974.24	85.792	-87.964
5046.60	84.812	-90.317
5120.00	83.610	-90.924
5194.47	82.358	-88.466
5270.03	81.331	-81.355
5346.68	80.978	-69.637
5424.45	81.553	-58.310
5503.35	82.775	-52.604
5583.40	84.186	-52.571
5664.61	85.380	-56.205
5747.01	86.139	-61.914
5830.60	86.425	-68.443
5915.41	86.270	-74.933
6001.45	85.744	-80.636
6088.74	84.972	-84.806
6177.30	84.115	-87.045
6267.15	83.298	-87.137
6358.31	82.646	-85.311
6450.80	82.269	-82.273
6544.62	82.190	-78.991
6639.82	82.378	-76.538
6736.40	82.742	-75.462
6834.38	83.163	-75.918
6933.79	83.539	-77.697
7034.64	83.811	-80.390
7136.96	83.946	-83.677
7240.77	83.952	-87.265
7346.09	83.854	-90.901
7452.94	83.661	-94.527
7561.35	83.395	-98.046
7671.33	83.059	-101.442
7782.91	82.648	-104.718
7896.12	82.167	-107.837
8010.97	81.614	-110.745
8127.49	81.004	-113.425
8245.71	80.333	-115.906
8365.65	79.584	-118.192
8487.33	78.730	-120.259
8610.78	77.713	-122.049
8736.03	76.445	-123.125
8863.09	74.939	-122.609
8992.01	73.340	-118.879
9122.80	71.907	-109.523
9255.50	71.210	-92.623
9390.12	71.594	-74.620
9526.70	72.838	-63.375
9665.27	74.446	-59.368
9805.86	75.946	-60.023
9948.49	77.141	-63.254
10093.2	77.962	-67.817
10240.0	78.399	-72.969
10388.9	78.528	-78.016
10540.1	78.406	-82.587
10693.4	78.130	-86.392
10848.9	77.772	-89.364
11006.7	77.396	-91.588
11166.8	77.043	-93.269
11329.2	76.720	-94.600
11494.0	76.414	-95.764
11661.2	76.121	-96.827
11830.8	75.820	-97.831
12002.9	75.506	-98.781
12177.5	75.177	-99.670
12354.6	74.831	-100.477
12534.3	74.474	-101.221
12716.6	74.089	-101.891
12901.6	73.676	-102.423
13089.2	73.233	-102.738
13279.6	72.762	-102.780
13472.8	72.277	-102.458
13668.8	71.809	-101.756
13867.6	71.374	-100.772
14069.3	70.983	-99.671
14273.9	70.627	-98.637
14481.5	70.274	-97.797
14692.2	69.887	-97.249
14905.9	69.411	-96.865
15122.7	68.788	-96.277
15342.7	68.024	-94.991
15565.8	67.135	-92.191
15792.2	66.237	-87.008
16021.9	65.503	-79.027
16255.0	65.093	-68.185
16491.4	65.158	-55.772
16731.3	65.810	-43.519
16974.7	67.007	-33.329
17221.6	68.677	-26.969
17472.1	70.608	-24.834
17726.2	72.485	-26.761
17984.0	74.140	-31.707
18245.6	75.426	-38.531
18511.0	76.235	-46.605
18780.2	76.569	-55.013
19053.4	76.460	-63.018
19330.5	75.969	-69.934
19611.7	75.262	-75.120
19897.0	74.508	-78.408
20186.4	73.843	-79.809
20480.0	73.378	-80.055
20777.9	73.100	-80.142
21080.1	72.904	-80.417
21386.7	72.747	-80.944
21697.8	72.590	-81.595
22013.4	72.434	-82.279
22333.6	72.277	-82.966
22658.4	72.120	-83.642
22988.0	71.964	-84.300
23322.4	71.807	-84.938
23661.6	71.650	-85.554
24005.8	71.494	-86.149
24355.0	71.337	-86.722
24709.2	71.180	-87.275
25068.6	71.024	-87.808
25433.2	70.867	-88.322
25803.2	70.710	-88.818
26178.5	70.554	-89.298
26559.3	70.397	-89.762
26945.6	70.240	-90.210
27337.5	70.084	-90.644
27735.2	69.927	-91.065
28138.6	69.770	-91.473
28547.9	69.614	-91.869
28963.1	69.457	-92.253
29384.4	69.300	-92.626
29811.8	69.144	-92.989
30245.4	68.987	-93.342
30685.3	68.830	-93.685
31131.7	68.674	-94.019
31584.5	68.517	-94.344
32043.9	68.360	-94.662
32510.0	68.204	-94.971
32982.8	68.047	-95.273
33462.6	67.890	-95.567
33949.3	67.734	-95.854
34443.1	67.577	-96.135
34944.1	67.420	-96.409
35452.4	67.264	-96.677
35968.0	67.107	-96.939
36491.2	66.950	-97.195
37022.0	66.794	-97.446
37560.5	66.637	-97.692
38106.8	66.495	-97.912
38661.1	66.366	-98.110
39223.4	66.270	-98.257
39793.9	66.197	-98.370
