5.00000	53.607	163.163
5.07273	53.722	163.095
5.14651	53.870	163.007
5.22137	54.069	162.888
5.29732	54.287	162.757
5.37437	54.529	162.611
5.45254	54.770	162.463
5.53185	55.011	162.313
5.61231	55.252	162.161
5.69394	55.493	162.006
5.77676	55.735	161.849
5.86079	55.976	161.690
5.94604	56.217	161.528
6.03252	56.458	161.364
6.12027	56.700	161.198
6.20929	56.941	161.029
6.29961	57.182	160.857
6.39124	57.423	160.683
6.48420	57.665	160.506
6.57851	57.906	160.327
6.67420	58.147	160.145
6.77128	58.388	159.961
6.86977	58.630	159.773
6.96969	58.871	159.583
7.07107	59.112	159.390
7.17392	59.353	159.194
7.27827	59.594	158.996
7.38413	59.836	158.794
7.49154	60.077	158.589
7.60050	60.318	158.381
7.71105	60.559	158.170
7.82321	60.801	157.956
7.93701	61.042	157.738
8.05245	61.283	157.518
8.16958	61.524	157.294
8.28841	61.766	157.066
8.40896	62.007	156.836
8.53128	62.248	156.601
8.65537	62.489	156.363
8.78126	62.730	156.122
8.90899	62.972	155.877
9.03857	63.213	155.628
9.17004	63.454	155.375
9.30342	63.695	155.118
9.43874	63.937	154.858
9.57603	64.178	154.593
9.71532	64.419	154.325
9.85663	64.660	154.052
10.0000	64.902	153.775
10.1455	65.143	153.494
10.2930	65.384	153.209
10.4427	65.625	152.919
10.5946	65.867	152.625
10.7487	66.108	152.326
10.9051	66.349	152.022
11.0637	66.590	151.714
11.2246	66.831	151.401
11.3879	67.073	151.083
11.5535	67.314	150.760
11.7216	67.555	150.432
11.8921	67.796	150.098
12.0650	68.038	149.760
12.2405	68.279	149.416
12.4186	68.520	149.066
12.5992	68.761	148.711
12.7825	69.003	148.351
12.9684	69.244	147.984
13.1570	69.485	147.612
13.3484	69.726	147.233
13.5426	69.967	146.848
13.7395	70.209	146.457
13.9394	70.450	146.060
14.1421	70.691	145.656
14.3478	70.932	145.245
14.5565	71.174	144.827
14.7683	71.415	144.403
14.9831	71.656	143.971
15.2010	71.897	143.532
15.4221	72.139	143.086
15.6464	72.380	142.632
15.8740	72.621	142.170
16.1049	72.862	141.700
16.3392	73.104	141.222
16.5768	73.345	140.736
16.8179	73.586	140.241
17.0626	73.827	139.737
17.3107	74.068	139.224
17.5625	74.310	138.702
17.8180	74.551	138.169
18.0771	74.792	137.627
18.3401	75.033	137.073
18.6068	75.275	136.509
18.8775	75.516	135.933
19.1521	75.757	135.344
19.4306	75.998	134.741
19.7133	76.240	134.122
20.0000	76.481	133.485
20.2909	76.720	132.829
20.5860	76.956	132.160
20.8855	77.185	131.481
21.1893	77.410	130.822
21.4975	77.634	130.166
21.8102	77.855	129.529
22.1274	78.079	128.879
22.4492	78.299	128.229
22.7758	78.519	127.616
23.1071	78.742	127.022
23.4432	78.970	126.462
23.7841	79.219	125.910
24.1301	79.476	125.267
24.4811	79.727	124.587
24.8372	79.968	123.893
25.1984	80.205	123.165
25.5649	80.440	122.465
25.9368	80.681	121.768
26.3141	80.944	121.008
26.6968	81.223	120.114
27.0851	81.504	119.106
27.4791	81.792	118.048
27.8788	82.083	116.959
28.2843	82.377	115.896
28.6957	82.677	114.901
29.1131	82.981	113.928
29.5365	83.292	112.950
29.9661	83.608	111.928
30.4020	83.918	110.801
30.8442	84.226	109.573
31.2929	84.528	108.223
31.7480	84.825	106.727
32.2098	85.119	105.116
32.6783	85.418	103.375
33.1536	85.718	101.497
33.6359	86.017	99.463
34.1251	86.312	97.249
34.6215	86.594	94.867
35.1250	86.855	92.318
35.6359	87.095	89.632
36.1543	87.318	86.780
36.6802	87.522	83.752
37.2137	87.705	80.549
37.7550	87.859	77.136
38.3041	87.959	73.582
38.8613	87.999	69.957
39.4265	87.982	66.265
40.0000	87.900	62.583
40.5818	87.757	58.954
41.1721	87.543	55.422
41.7710	87.257	52.123
42.3785	86.896	49.093
42.9949	86.471	46.451
43.6203	86.012	44.308
44.2548	85.535	42.644
44.8985	85.042	41.467
45.5515	84.552	40.824
46.2141	84.067	40.676
46.8863	83.601	41.024
47.5683	83.173	41.819
48.2602	82.787	43.008
48.9621	82.445	44.554
49.6743	82.152	46.418
50.3968	81.913	48.611
51.1299	81.735	51.069
51.8736	81.648	53.708
52.6281	81.666	56.293
53.3936	81.779	58.597
54.1702	81.979	60.568
54.9581	82.241	62.142
55.7575	82.531	63.382
56.5685	82.831	64.431
57.3914	83.131	65.317
58.2261	83.428	65.954
59.0730	83.716	66.288
59.9323	83.992	66.254
60.8040	84.230	65.844
61.6884	84.420	65.251
62.5857	84.568	64.592
63.4960	84.668	63.983
64.4196	84.739	63.606
65.3566	84.812	63.450
66.3073	84.897	63.499
67.2717	85.010	63.721
68.2502	85.164	63.999
69.2429	85.360	64.212
70.2501	85.591	64.248
71.2719	85.851	64.000
72.3086	86.116	63.418
73.3603	86.362	62.537
74.4274	86.582	61.416
75.5099	86.771	60.130
76.6083	86.930	58.757
77.7226	87.077	57.352
78.8531	87.215	55.936
80.0000	87.345	54.513
81.1636	87.453	53.084
82.3442	87.513	51.657
83.5419	87.502	50.287
84.7570	87.417	49.096
85.9899	87.265	48.212
87.2406	87.077	47.764
88.5096	86.901	47.823
89.7970	86.776	48.336
91.1031	86.720	49.150
92.4282	86.741	50.048
93.7726	86.830	50.807
95.1366	86.986	51.237
96.5204	87.203	51.246
97.9243	87.475	50.836
99.3486	87.791	50.072
100.794	88.138	49.089
102.260	88.498	48.011
103.747	88.863	46.902
105.256	89.230	45.788
106.787	89.595	44.672
108.340	89.951	43.510
109.916	90.283	42.240
111.515	90.559	40.713
113.137	90.756	38.820
114.783	90.862	36.537
116.452	90.857	33.868
118.146	90.741	30.973
119.865	90.515	28.133
121.608	90.183	25.657
123.377	89.777	23.805
125.171	89.326	22.738
126.992	88.884	22.573
128.839	88.504	23.172
130.713	88.205	24.309
132.615	87.999	25.801
134.543	87.896	27.440
136.500	87.899	29.074
138.486	88.011	30.406
140.500	88.207	31.201
142.544	88.443	31.346
144.617	88.669	30.802
146.721	88.826	29.792
148.855	88.889	28.603
151.020	88.861	27.515
153.217	88.752	26.780
155.445	88.587	26.475
157.706	88.400	26.645
160.000	88.222	27.278
162.327	88.109	28.316
164.688	88.106	29.644
167.084	88.241	30.929
169.514	88.513	31.847
171.980	88.874	32.048
174.481	89.245	31.356
177.019	89.555	29.929
179.594	89.747	28.051
182.206	89.808	26.105
184.856	89.751	24.420
187.545	89.613	23.171
190.273	89.442	22.445
193.041	89.286	22.190
195.849	89.184	22.216
198.697	89.148	22.334
201.587	89.185	22.427
204.520	89.287	22.399
207.494	89.429	22.168
210.512	89.586	21.679
213.574	89.733	20.858
216.681	89.830	19.686
219.833	89.842	18.301
223.030	89.743	16.904
226.274	89.539	15.821
229.565	89.278	15.368
232.905	89.027	15.706
236.292	88.877	16.734
239.729	88.887	18.079
243.216	89.047	19.228
246.754	89.311	19.714
250.343	89.598	19.302
253.984	89.813	18.102
257.678	89.894	16.374
261.426	89.804	14.619
265.229	89.564	13.300
269.087	89.239	12.812
273.001	88.920	13.422
276.972	88.716	14.933
281.000	88.683	16.731
285.088	88.791	18.270
289.234	88.982	19.279
293.441	89.208	19.712
297.709	89.414	19.716
302.040	89.604	19.518
306.433	89.803	19.193
310.890	90.006	18.742
315.412	90.216	18.060
320.000	90.407	17.080
324.655	90.545	15.863
329.377	90.617	14.485
334.168	90.614	13.120
339.028	90.564	11.969
343.959	90.496	11.101
348.962	90.435	10.513
354.038	90.388	10.129
359.188	90.345	9.819
364.412	90.298	9.507
369.713	90.239	9.172
375.090	90.171	8.809
380.546	90.122	8.413
386.081	90.096	7.954
391.697	90.079	7.421
397.394	90.053	6.874
403.175	90.004	6.377
409.039	89.919	6.037
414.989	89.811	6.008
421.025	89.717	6.326
427.149	89.673	6.943
433.362	89.716	7.678
439.665	89.858	8.243
446.060	90.064	8.428
452.548	90.286	8.194
459.131	90.463	7.627
465.809	90.550	6.865
472.584	90.544	6.051
479.458	90.458	5.271
486.432	90.327	4.527
493.507	90.177	3.806
500.686	90.023	3.109
507.968	89.872	2.467
515.357	89.730	1.959
522.853	89.607	1.664
530.458	89.516	1.597
538.174	89.461	1.734
546.002	89.445	2.011
553.943	89.462	2.326
562.001	89.501	2.625
570.175	89.557	2.873
578.469	89.625	3.064
586.883	89.703	3.141
595.419	89.778	3.065
604.080	89.842	2.867
612.866	89.894	2.551
621.780	89.925	2.138
630.824	89.942	1.695
640.000	89.938	1.225
649.309	89.904	0.840
658.753	89.846	0.653
668.335	89.757	0.712
678.056	89.658	1.077
687.919	89.588	1.697
697.925	89.584	2.351
708.077	89.656	2.829
718.376	89.779	3.011
728.825	89.934	2.878
739.426	90.078	2.492
750.181	90.174	1.995
761.093	90.234	1.562
772.163	90.276	1.282
783.394	90.323	1.144
794.789	90.394	1.038
806.349	90.497	0.843
818.078	90.631	0.346
829.977	90.763	-0.504
842.050	90.867	-1.685
854.298	90.913	-3.042
866.724	90.879	-4.348
879.330	90.774	-5.400
892.120	90.627	-6.024
905.097	90.477	-6.139
918.262	90.379	-5.855
931.618	90.362	-5.378
945.169	90.438	-4.998
958.917	90.576	-4.902
972.864	90.748	-5.223
987.015	90.923	-6.000
1001.37	91.055	-7.172
1015.94	91.126	-8.622
1030.71	91.125	-10.203
1045.71	91.052	-11.749
1060.92	90.925	-13.134
1076.35	90.754	-14.288
1092.00	90.553	-15.194
1107.89	90.331	-15.803
1124.00	90.094	-16.125
1140.35	89.850	-16.077
1156.94	89.622	-15.592
1173.77	89.426	-14.687
1190.84	89.273	-13.417
1208.16	89.188	-11.811
1225.73	89.194	-10.074
1243.56	89.297	-8.431
1261.65	89.503	-7.149
1280.00	89.773	-6.424
1298.62	90.057	-6.334
1317.51	90.308	-6.728
1336.67	90.503	-7.442
1356.11	90.640	-8.279
1375.84	90.738	-9.129
1395.85	90.817	-9.955
1416.15	90.889	-10.761
1436.75	90.955	-11.565
1457.65	91.020	-12.389
1478.85	91.081	-13.219
1500.36	91.141	-14.056
1522.19	91.202	-14.887
1544.33	91.261	-15.722
1566.79	91.316	-16.573
1589.58	91.360	-17.449
1612.70	91.387	-18.352
1636.16	91.394	-19.260
1659.95	91.382	-20.154
1684.10	91.360	-21.005
1708.60	91.335	-21.796
1733.45	91.313	-22.528
1758.66	91.305	-23.229
1784.24	91.310	-23.927
1810.19	91.329	-24.705
1836.52	91.350	-25.612
1863.24	91.362	-26.646
1890.34	91.350	-27.794
1917.83	91.303	-28.946
1945.73	91.228	-29.980
1974.03	91.134	-30.849
2002.74	91.041	-31.507
2031.87	90.971	-32.013
2061.43	90.923	-32.479
2091.41	90.897	-32.971
2121.83	90.888	-33.548
2152.69	90.884	-34.236
2184.01	90.881	-35.045
2215.77	90.871	-35.970
2248.00	90.843	-37.003
2280.70	90.789	-38.064
2313.87	90.712	-39.062
2347.53	90.613	-39.989
2381.68	90.505	-40.791
2416.32	90.400	-41.489
2451.46	90.295	-42.156
2487.12	90.199	-42.787
2523.30	90.102	-43.395
2560.00	89.998	-43.942
2597.24	89.893	-44.406
2635.01	89.783	-44.784
2673.34	89.675	-45.053
2712.23	89.579	-45.228
2751.68	89.500	-45.328
2791.70	89.443	-45.406
2832.31	89.404	-45.507
2873.50	89.372	-45.662
2915.30	89.343	-45.855
2957.70	89.315	-46.035
3000.72	89.292	-46.180
3044.37	89.281	-46.252
3088.65	89.298	-46.258
3133.58	89.347	-46.304
3179.16	89.424	-46.446
3225.40	89.524	-46.783
3272.31	89.637	-47.350
3319.91	89.751	-48.144
3368.20	89.875	-49.201
3417.19	89.990	-50.520
3466.89	90.092	-52.069
3517.32	90.176	-53.906
3568.48	90.201	-55.991
3620.39	90.159	-58.203
3673.05	90.041	-60.386
3726.47	89.840	-62.386
3780.67	89.583	-63.995
3835.67	89.291	-65.076
3891.46	89.003	-65.577
3948.06	88.761	-65.571
4005.49	88.587	-65.161
4063.75	88.512	-64.598
4122.86	88.537	-64.181
4182.82	88.633	-64.131
4243.66	88.775	-64.582
4305.39	88.925	-65.598
4368.01	89.040	-67.085
4431.55	89.098	-68.920
4496.01	89.084	-70.885
4561.40	89.005	-72.829
4627.75	88.874	-74.623
4695.06	88.703	-76.163
4763.35	88.515	-77.398
4832.64	88.326	-78.342
4902.93	88.138	-79.000
4974.24	87.969	-79.385
5046.60	87.836	-79.473
5120.00	87.757	-79.320
5194.47	87.766	-78.995
5270.03	87.881	-78.722
5346.68	88.110	-78.827
5424.45	88.437	-79.611
5503.35	88.826	-81.330
5583.40	89.219	-84.144
5664.61	89.547	-87.996
5747.01	89.730	-92.645
5830.60	89.730	-97.778
5915.41	89.503	-102.981
6001.45	89.051	-107.739
6088.74	88.447	-111.586
6177.30	87.786	-114.252
6267.15	87.181	-115.706
6358.31	86.727	-116.362
6450.80	86.445	-116.924
6544.62	86.287	-117.958
6639.82	86.159	-119.713
6736.40	85.990	-122.023
6834.38	85.750	-124.640
6933.79	85.434	-127.345
7034.64	85.051	-129.949
7136.96	84.645	-132.424
7240.77	84.222	-134.872
7346.09	83.771	-137.357
7452.94	83.282	-139.910
7561.35	82.730	-142.510
7671.33	82.099	-145.006
7782.91	81.397	-147.305
7896.12	80.629	-149.312
8010.97	79.803	-150.982
8127.49	78.923	-152.341
8245.71	77.979	-153.426
8365.65	76.915	-154.218
8487.33	75.718	-154.525
8610.78	74.341	-153.802
8736.03	72.759	-150.906
8863.09	71.183	-143.795
8992.01	70.012	-129.482
9122.80	69.664	-107.970
9255.50	70.509	-89.089
9390.12	72.132	-79.307
9526.70	73.939	-76.463
9665.27	75.620	-77.631
9805.86	76.965	-81.078
9948.49	77.924	-85.945
10093.2	78.545	-91.442
10240.0	78.862	-97.084
10388.9	78.929	-102.484
10540.1	78.820	-107.346
10693.4	78.601	-111.567
10848.9	78.330	-115.170
11006.7	78.044	-118.298
11166.8	77.757	-121.143
11329.2	77.466	-123.829
11494.0	77.161	-126.483
11661.2	76.829	-129.194
11830.8	76.448	-131.959
12002.9	75.996	-134.773
12177.5	75.443	-137.451
12354.6	74.774	-139.664
12534.3	74.023	-141.100
12716.6	73.269	-141.474
12901.6	72.600	-140.914
13089.2	72.084	-139.941
13279.6	71.724	-139.260
13472.8	71.434	-139.406
13668.8	71.099	-140.421
13867.6	70.651	-142.012
14069.3	70.031	-143.796
14273.9	69.233	-145.455
14481.5	68.238	-146.579
14692.2	67.049	-146.743
14905.9	65.711	-145.423
15122.7	64.288	-141.845
15342.7	62.921	-135.265
15565.8	61.825	-125.292
15792.2	61.140	-112.494
16021.9	60.959	-98.803
16255.0	61.239	-86.155
16491.4	61.890	-75.577
16731.3	62.755	-66.921
16974.7	63.842	-59.467
17221.6	65.118	-53.397
17472.1	66.588	-48.969
17726.2	68.228	-47.002
17984.0	69.819	-47.870
18245.6	71.265	-51.137
18511.0	72.464	-56.072
18780.2	73.337	-62.045
19053.4	73.941	-68.374
19330.5	74.322	-74.681
19611.7	74.505	-80.683
19897.0	74.552	-86.186
20186.4	74.494	-91.252
20480.0	74.344	-95.909
20777.9	74.121	-100.090
21080.1	73.868	-103.768
21386.7	73.599	-107.020
21697.8	73.330	-109.908
22013.4	73.061	-112.528
22333.6	72.792	-114.931
22658.4	72.524	-117.155
22988.0	72.255	-119.227
23322.4	71.986	-121.168
23661.6	71.717	-122.994
24005.8	71.448	-124.719
24355.0	71.179	-126.354
24709.2	70.910	-127.908
25068.6	70.641	-129.389
25433.2	70.372	-130.804
25803.2	70.103	-132.159
26178.5	69.834	-133.457
26559.3	69.565	-134.705
26945.6	69.297	-135.906
27337.5	69.028	-137.063
27735.2	68.759	-138.179
28138.6	68.490	-139.258
28547.9	68.221	-140.301
28963.1	67.952	-141.310
29384.4	67.683	-142.288
29811.8	67.414	-143.237
30245.4	67.145	-144.157
30685.3	66.876	-145.051
31131.7	66.607	-145.920
31584.5	66.338	-146.766
32043.9	66.070	-147.589
32510.0	65.801	-148.390
32982.8	65.532	-149.170
33462.6	65.263	-149.931
33949.3	64.994	-150.674
34443.1	64.725	-151.398
34944.1	64.456	-152.105
35452.4	64.187	-152.796
35968.0	63.918	-153.470
36491.2	63.649	-154.130
37022.0	63.380	-154.775
37560.5	63.111	-155.407
38106.8	62.867	-155.974
38661.1	62.646	-156.484
39223.4	62.480	-156.865
39793.9	62.352	-157.158
