19.8660	74.5800	170.6000
20.1989	74.8500	169.1000
20.5375	75.1100	167.8000
20.8817	75.4000	166.6000
21.2317	75.6900	165.3000
21.5875	75.9700	164.1000
21.9493	76.2300	162.8000
22.3172	76.4300	161.4000
22.6913	76.6200	159.9000
23.0716	76.7900	158.5000
23.4583	76.9800	157.3000
23.8514	77.1800	156.4000
24.2512	77.3800	155.6000
24.6576	77.5900	154.8000
25.0709	77.8100	153.7000
25.4911	78.0300	152.2000
25.9183	78.2600	150.6000
26.3527	78.4800	149.1000
26.7944	78.7100	148.1000
27.2435	78.9400	147.2000
27.7001	79.1500	146.3000
28.1644	79.3200	145.1000
28.6364	79.4800	143.6000
29.1164	79.6300	142.1000
29.6044	79.8200	140.7000
30.1005	80.0300	139.3000
30.6050	80.2500	137.9000
31.1180	80.4800	136.5000
31.6395	80.7100	135.1000
32.1698	80.9300	133.7000
32.7090	81.1000	132.5000
33.2572	81.2500	131.4000
33.8146	81.4200	130.4000
34.3813	81.6200	129.4000
34.9576	81.8400	128.4000
35.5435	82.1000	127.1000
36.1392	82.4100	125.7000
36.7449	82.6800	124.2000
37.3607	82.9000	122.8000
37.9869	83.0900	121.4000
38.6236	83.2600	120.2000
39.2709	83.4100	119.2000
39.9291	83.6100	118.0000
40.5983	83.8500	116.7000
41.2788	84.0500	115.4000
41.9706	84.2000	114.3000
42.6741	84.3600	113.2000
43.3893	84.5500	112.3000
44.1165	84.7300	111.0000
44.8559	84.8700	108.9000
45.6077	84.9700	107.5000
46.3721	85.0200	106.9000
47.1493	85.1000	106.4000
47.9395	85.2700	105.9000
48.7430	85.3700	105.0000
49.5600	85.4300	103.0000
50.3906	85.5500	101.4000
51.2351	85.6700	100.0000
52.0939	85.6000	99.0000
52.9670	85.5700	98.0000
53.8547	85.6600	96.7000
54.7573	85.7900	96.2000
55.6751	85.9500	95.8000
56.6082	86.1100	94.8000
57.5570	86.3100	93.7000
58.5216	86.5600	92.5000
59.5025	86.8600	91.3000
60.4997	87.0200	90.0000
61.5137	87.0900	88.7000
62.5447	87.2900	88.0000
63.5930	87.4600	87.1000
64.6588	87.6000	86.0000
65.7425	87.7800	85.3000
66.8444	87.8500	84.2000
67.9647	87.9100	83.4000
69.1038	87.9700	82.8000
70.2620	88.0900	81.3000
71.4396	88.1600	80.4000
72.6370	88.2300	79.1000
73.8544	88.3100	77.8000
75.0922	88.3900	76.9000
76.3508	88.5400	76.3000
77.6304	88.7300	74.8000
78.9315	88.8600	73.7000
80.2544	88.9600	72.6000
81.5995	89.1100	71.9000
82.9672	89.2900	70.8000
84.3577	89.3100	69.1000
85.7716	89.3500	68.1000
87.2091	89.4500	67.2000
88.6707	89.5500	66.1000
90.1569	89.6700	65.3000
91.6680	89.7300	64.0000
93.2043	89.8400	62.8000
94.7665	89.9300	61.2000
96.3548	89.9100	59.6000
97.9697	89.8100	58.1000
99.6117	89.9300	57.6000
101.2812	89.9700	57.5000
102.9787	90.1200	56.4000
104.7047	90.1600	55.3000
106.4595	90.1600	55.2000
108.2438	90.2000	54.4000
110.0580	90.2700	53.7000
111.9026	90.3600	52.6000
113.7781	90.5800	51.4000
115.6851	90.5300	49.7000
117.6240	90.5400	48.3000
119.5954	90.5100	47.6000
121.5998	90.6300	47.4000
123.6379	90.6900	46.7000
125.7101	90.7200	46.2000
127.8170	90.7300	45.1000
129.9592	90.7300	44.6000
132.1374	90.8200	43.9000
134.3520	90.8500	42.6000
136.6038	90.9100	41.8000
138.8933	91.0300	40.9000
141.2212	91.1300	39.7000
143.5881	91.1700	38.8000
145.9947	91.1600	38.2000
148.4416	91.1600	37.5000
150.9295	91.1500	36.5000
153.4591	91.2100	35.3000
156.0312	91.3700	35.0000
158.6463	91.4200	33.5000
161.3052	91.4200	32.4000
164.0087	91.3400	31.3000
166.7576	91.2600	30.2000
169.5525	91.2400	29.5000
172.3942	91.2000	29.5000
175.2836	91.2500	29.1000
178.2214	91.3500	28.7000
181.2084	91.4600	28.3000
184.2455	91.4600	27.5000
187.3335	91.4700	26.6000
190.4733	91.5000	25.2000
193.6656	91.5600	24.0000
196.9115	91.6000	23.2000
200.2118	91.5500	22.4000
203.5674	91.4700	21.9000
206.9792	91.4300	21.6000
210.4483	91.4800	21.1000
213.9754	91.5100	20.6000
217.5617	91.5800	20.0000
221.2081	91.6600	19.4000
224.9156	91.6900	18.2000
228.6852	91.7300	17.0000
232.5181	91.8000	16.0000
236.4151	91.7400	15.1000
240.3775	91.6700	14.1000
244.4063	91.5500	12.9000
248.5026	91.5300	12.3000
252.6676	91.5900	11.6000
256.9023	91.5700	10.6000
261.2081	91.4000	10.0000
265.5860	91.2700	9.8000
270.0373	91.3100	10.0000
274.5632	91.3400	9.6000
279.1649	91.3700	8.6000
283.8438	91.4000	7.5000
288.6011	91.3300	7.2000
293.4381	91.2800	7.1000
298.3562	91.2400	6.5000
303.3567	91.2300	5.7000
308.4410	91.2700	5.1000
313.6106	91.3000	4.8000
318.8668	91.3100	3.7000
324.2111	91.1900	2.2000
329.6449	90.9800	1.8000
335.1698	90.9000	1.7000
340.7874	90.9400	1.3000
346.4991	90.8500	1.3000
352.3065	90.6800	1.2000
358.2112	90.6100	0.7000
364.2149	90.5300	0.7000
370.3193	90.5100	1.2000
376.5259	90.3800	1.7000
382.8366	90.3800	2.7000
389.2530	90.3800	3.2000
395.7770	90.4800	3.4000
402.4103	90.5400	5.0000
409.1548	90.7400	7.1000
416.0123	91.2400	7.6000
422.9848	91.9500	5.1000
430.0741	92.1000	1.7000
437.2823	92.1200	5.9000
444.6112	91.6500	3.2000
452.0630	91.2000	3.1000
459.6397	91.0700	4.0000
467.3434	91.1600	3.8000
475.1762	91.1900	1.7000
483.1402	90.9700	-0.5000
491.2378	90.5900	-1.8000
499.4710	90.1900	-2.2000
507.8423	89.7600	-2.1000
516.3539	89.2300	-0.3000
525.0081	88.9800	3.8000
533.8074	89.1900	7.3000
542.7541	89.5000	8.9000
551.8508	89.7500	9.9000
561.0999	90.0200	10.4000
570.5041	90.3200	10.7000
580.0659	90.6500	10.3000
589.7879	90.9600	9.5000
599.6729	91.3500	8.0000
609.7236	91.6300	4.5000
619.9427	91.5500	0.8000
630.3331	91.2900	-1.3000
640.8976	91.1200	-2.5000
651.6392	91.0000	-3.6000
662.5609	90.8800	-5.2000
673.6656	90.6600	-6.9000
684.9564	90.3300	-8.0000
696.4364	89.9900	-8.5000
708.1088	89.6100	-8.2000
719.9769	89.3300	-7.1000
732.0439	89.1600	-6.4000
744.3131	88.8100	-5.7000
756.7880	88.5400	-2.3000
769.4720	88.7900	0.8000
782.3685	89.0700	0.9000
795.4812	89.0100	0.4000
808.8137	88.8400	1.9000
822.3696	88.9900	5.0000
836.1527	89.4600	6.3000
850.1668	89.9000	5.5000
864.4158	90.1000	3.8000
878.9036	90.1900	2.9000
893.6343	90.3500	1.7000
908.6118	90.4000	-0.6000
923.8404	90.1400	-2.6000
939.3242	89.7700	-1.9000
955.0675	89.8200	0.1000
971.0746	89.9700	0.2000
987.3501	90.0200	0.4000
1003.8983	90.1900	0.7000
1020.7239	90.3900	-0.1000
1037.8315	90.4200	-1.2000
1055.2258	90.4300	-1.4000
1072.9116	90.5400	-1.5000
1090.8939	90.7700	-1.7000
1109.1775	91.0800	-4.0000
1127.7676	91.0400	-7.6000
1146.6693	90.6100	-10.1000
1165.8877	90.1100	-9.1000
1185.4283	90.0800	-6.8000
1205.2964	90.2600	-6.1000
1225.4974	90.3700	-5.9000
1246.0371	90.5800	-5.5000
1266.9209	90.9900	-5.9000
1288.1549	91.4300	-9.1000
1309.7446	91.4500	-14.4000
1331.6963	90.9200	-18.7000
1354.0158	90.1300	-19.9000
1376.7095	89.4700	-17.7000
1399.7835	89.2400	-13.9000
1423.2442	89.4000	-9.9000
1447.0981	90.0600	-8.1000
1471.3518	90.6800	-10.5000
1496.0120	90.7700	-15.0000
1521.0856	90.4100	-17.6000
1546.5793	90.0900	-17.4000
1572.5004	89.9700	-17.4000
1598.8559	89.8000	-16.4000
1625.6531	89.9800	-15.0000
1652.8994	90.2400	-16.2000
1680.6024	90.1700	-17.6000
1708.7697	90.1100	-17.4000
1737.4091	90.2000	-17.9000
1766.5285	90.2400	-18.2000
1796.1360	90.3500	-18.6000
1826.2397	90.5000	-19.3000
1856.8479	90.6600	-20.3000
1887.9691	90.8700	-22.3000
1919.6120	90.9700	-25.0000
1951.7851	90.8100	-28.6000
1984.4975	90.4000	-30.4000
2017.7582	90.0700	-30.8000
2051.5763	89.7900	-30.4000
2085.9612	89.7300	-28.4000
2120.9224	90.0400	-27.6000
2156.4696	90.3500	-28.8000
2192.6126	90.6200	-30.9000
2229.3613	90.7400	-34.5000
2266.7259	90.5000	-38.1000
2304.7168	90.0600	-39.9000
2343.3444	89.7700	-38.9000
2382.6195	89.9200	-37.8000
2422.5528	90.2200	-38.8000
2463.1553	90.5200	-41.5000
2504.4384	90.5400	-45.6000
2546.4134	90.3100	-48.8000
2589.0919	90.0200	-50.6000
2632.4858	89.9800	-50.9000
2676.6069	90.2900	-53.1000
2721.4674	90.4200	-58.3000
2767.0799	90.1300	-63.8000
2813.4568	89.5700	-67.8000
2860.6111	89.0300	-69.6000
2908.5556	88.7100	-71.0000
2957.3037	88.5200	-73.4000
3006.8689	88.2300	-76.2000
3057.2647	87.9600	-78.9000
3108.5052	87.7400	-82.0000
3160.6045	87.4200	-86.8000
3213.5770	86.7800	-91.1000
3267.4374	86.1700	-94.0000
3322.2004	85.6800	-97.5000
3377.8813	84.9800	-102.2000
3434.4954	84.0200	-105.6000
3492.0584	83.1700	-108.0000
3550.5862	82.4100	-111.2000
3610.0949	81.3700	-115.5000
3670.6009	79.9600	-119.6000
3732.1211	78.1100	-120.7000
3794.6724	76.5500	-116.9000
3858.2720	75.4900	-115.8000
3922.9376	73.4700	-114.7000
3988.6870	71.6800	-101.5000
4055.5384	71.8200	-90.9000
4123.5102	72.0200	-86.7000
4192.6212	71.7000	-88.2000
4262.8906	70.3100	-79.4000
4334.3377	72.3600	-73.7000
4406.9822	72.0600	-90.7000
4480.8443	68.8600	-90.1000
4555.9444	68.6000	-81.4000
4632.3031	67.4300	-83.4000
4709.9417	65.9600	-76.8000
4788.8814	65.3200	-75.9000
4869.1443	61.3900	-70.5000
4950.7523	62.7800	-39.8000
5033.7281	62.5000	-51.3000
5118.0947	59.2800	-25.3000
5203.8752	61.8400	-11.0000
5291.0934	61.9900	-8.2000
5379.7734	61.7100	-0.1000
5469.9397	61.2500	19.7000
5561.6173	64.7200	29.9000
5654.8313	65.2500	29.3000
5749.6077	67.4800	35.0000
5845.9725	68.3800	26.7000
5943.9525	68.6000	28.8000
6043.5746	69.9400	24.2000
6144.8664	69.2500	18.4000
6247.8558	69.3900	18.9000
6352.5714	68.6500	20.7000
6459.0421	69.0400	21.5000
6567.2972	68.4600	28.8000
6677.3667	69.7200	31.1000
6789.2810	70.1900	31.7000
6903.0710	70.5000	30.5000
7018.7682	71.4000	32.4000
7136.4045	72.0800	26.0000
7256.0123	72.8700	20.1000
7377.6249	71.9300	1.3000
7501.2757	69.9600	-5.5000
7626.9989	61.8900	-15.9000
7754.8293	64.5700	81.2000
7884.8021	72.1900	74.1000
8016.9533	74.6000	49.0000
8151.3194	74.3400	39.2000
8287.9375	74.8300	32.5000
8426.8454	75.4000	25.9000
8568.0814	75.3600	13.1000
8711.6845	74.3200	4.0000
8857.6945	72.6700	3.8000
9006.1516	72.6900	8.3000
9157.0969	73.0300	3.3000
9310.5721	72.9400	-0.7000
9466.6196	69.9500	-9.4000
9625.2825	66.9500	16.9000
9786.6046	71.0300	38.7000
9950.6305	77.1600	34.0000
10117.4050	78.2500	-7.5000
10286.9760	75.7200	-16.5000
10459.3880	75.7000	-19.9000
10634.6900	76.1800	-32.1000
10812.9300	76.0500	-47.3000
10994.1570	74.3300	-64.3000
11178.4220	71.5300	-75.4000
11365.7750	69.3100	-83.6000
11556.2680	66.9100	-94.3000
11749.9540	60.9600	-91.5000
11946.8860	56.6300	-51.0000
12147.1190	58.8700	-13.9000
12350.7080	65.8900	-10.9000
12557.7080	65.7900	-32.0000
12768.1790	65.9000	-49.8000
12982.1770	62.9700	-48.7000
13199.7610	62.9500	-36.1000
13420.9920	65.7400	-36.8000
13645.9310	66.5200	-55.1000
13874.6410	65.0200	-75.3000
14107.1830	63.5100	-85.5000
14343.6230	62.0500	-99.1000
14584.0250	59.1400	-113.6000
14828.4570	54.0400	-133.1000
15076.9860	42.4600	-109.3000
15329.6800	45.2800	-45.2000
15586.6090	51.8500	-11.6000
15847.8440	52.8300	-26.5000
16113.4580	56.0000	-40.3000
16383.5240	55.9200	-65.8000
16658.1150	53.4500	-88.6000
16937.3100	48.9000	-89.1000
17221.1830	46.0100	-98.1000
17509.8140	44.8700	-79.3000
17803.2830	43.8400	-77.5000
18101.6700	39.4600	-70.2000
18405.0590	30.9700	-92.2000
18713.5320	39.9700	-6.3000
19027.1760	46.9000	-80.8000
19346.0760	48.3400	-131.5000
19670.3210	46.9800	-167.1000
20000.0000	40.7400	132.3000