19.8660	69.2000	-165.3000
20.1989	69.3500	-170.0000
20.5375	69.5000	-173.2000
20.8817	69.6400	-175.2000
21.2317	69.7700	-177.0000
21.5875	69.9200	-178.3000
21.9493	70.1200	-178.9000
22.3172	70.5600	-128.7000
22.6913	71.2700	-4.6000
23.0716	72.0100	123.9000
23.4583	72.5100	179.9000
23.8514	72.7600	179.0000
24.2512	72.9500	177.2000
24.6576	73.1400	175.4000
25.0709	73.3700	174.8000
25.4911	73.6400	174.6000
25.9183	73.9300	174.5000
26.3527	74.2300	174.2000
26.7944	74.5700	172.5000
27.2435	74.9300	169.3000
27.7001	75.2600	166.4000
28.1644	75.5100	165.2000
28.6364	75.7100	164.5000
29.1164	75.9200	163.8000
29.6044	76.2000	163.0000
30.1005	76.5700	162.2000
30.6050	76.9100	161.2000
31.1180	77.1400	159.6000
31.6395	77.3200	157.3000
32.1698	77.5100	155.3000
32.7090	77.7500	154.3000
33.2572	78.0100	153.5000
33.8146	78.2800	152.4000
34.3813	78.5500	151.0000
34.9576	78.8100	149.5000
35.5435	79.0600	148.1000
36.1392	79.3000	146.7000
36.7449	79.5400	145.5000
37.3607	79.7700	144.3000
37.9869	80.0100	143.2000
38.6236	80.2700	141.9000
39.2709	80.5300	140.6000
39.9291	80.7800	139.2000
40.5983	81.0100	137.9000
41.2788	81.2600	136.8000
41.9706	81.5100	135.8000
42.6741	81.7200	134.6000
43.3893	81.8600	132.8000
44.1165	81.9900	130.9000
44.8559	82.1500	129.1000
45.6077	82.3000	127.5000
46.3721	82.4500	126.2000
47.1493	82.6000	124.9000
47.9395	82.7300	123.4000
48.7430	82.9000	121.8000
49.5600	83.1100	120.1000
50.3906	83.2100	119.3000
51.2351	83.2900	118.8000
52.0939	83.6200	118.3000
52.9670	83.8300	117.4000
53.8547	83.8500	114.8000
54.7573	83.9500	113.7000
55.6751	84.1700	113.1000
56.6082	84.3000	111.8000
57.5570	84.4700	110.5000
58.5216	84.7300	109.5000
59.5025	85.0100	108.4000
60.4997	85.2100	107.4000
61.5137	85.3400	106.6000
62.5447	85.5300	105.5000
63.5930	85.7300	103.8000
64.6588	85.9100	101.9000
65.7425	86.0200	100.5000
66.8444	86.0900	98.8000
67.9647	86.1500	97.6000
69.1038	86.2100	96.8000
70.2620	86.3500	95.5000
71.4396	86.4800	94.5000
72.6370	86.6100	93.5000
73.8544	86.7000	92.6000
75.0922	86.8000	91.8000
76.3508	87.0700	90.8000
77.6304	87.3100	89.6000
78.9315	87.4400	87.5000
80.2544	87.4700	86.1000
81.5995	87.5500	85.0000
82.9672	87.6600	83.6000
84.3577	87.6800	82.2000
85.7716	87.7400	81.4000
87.2091	87.7800	80.3000
88.6707	87.7300	79.4000
90.1569	87.7500	79.4000
91.6680	87.9200	79.6000
93.2043	88.1400	79.0000
94.7665	88.3300	77.7000
96.3548	88.5500	76.4000
97.9697	88.7100	75.4000
99.6117	88.8700	74.0000
101.2812	88.9400	72.4000
102.9787	89.0400	71.2000
104.7047	89.0800	70.4000
106.4595	89.2000	69.6000
108.2438	89.3100	68.2000
110.0580	89.3800	67.1000
111.9026	89.5300	65.6000
113.7781	89.6700	64.3000
115.6851	89.6900	62.6000
117.6240	89.7500	61.6000
119.5954	89.9000	60.5000
121.5998	89.8900	59.5000
123.6379	89.8300	58.1000
125.7101	89.9200	57.6000
127.8170	89.9100	56.7000
129.9592	89.9300	55.7000
132.1374	90.0100	55.0000
134.3520	90.0700	54.1000
136.6038	90.2000	53.0000
138.8933	90.3000	52.0000
141.2212	90.3900	51.1000
143.5881	90.4000	49.9000
145.9947	90.4200	49.0000
148.4416	90.4500	48.1000
150.9295	90.5000	47.2000
153.4591	90.5900	46.2000
156.0312	90.6700	45.1000
158.6463	90.7400	44.0000
161.3052	90.7000	42.5000
164.0087	90.6500	41.4000
166.7576	90.6000	40.6000
169.5525	90.5800	39.9000
172.3942	90.6200	39.6000
175.2836	90.7000	39.1000
178.2214	90.7900	38.7000
181.2084	90.8700	38.1000
184.2455	90.9100	37.1000
187.3335	90.9300	36.0000
190.4733	90.9700	34.8000
193.6656	91.0100	33.6000
196.9115	91.0000	32.6000
200.2118	91.0000	31.7000
203.5674	90.9800	31.1000
206.9792	90.9400	30.5000
210.4483	90.9600	30.1000
213.9754	91.0100	29.6000
217.5617	91.0600	29.1000
221.2081	91.1200	28.3000
224.9156	91.2100	26.9000
228.6852	91.2400	25.7000
232.5181	91.2500	24.6000
236.4151	91.1900	23.7000
240.3775	91.1100	23.1000
244.4063	91.0500	22.4000
248.5026	91.0600	21.9000
252.6676	91.1200	21.2000
256.9023	91.1200	20.1000
261.2081	91.0100	19.3000
265.5860	90.9300	19.2000
270.0373	90.9800	19.5000
274.5632	91.0400	19.0000
279.1649	91.1100	18.1000
283.8438	91.1500	17.1000
288.6011	91.1300	16.1000
293.4381	91.1000	15.6000
298.3562	91.0600	14.9000
303.3567	91.0200	14.4000
308.4410	91.0000	14.1000
313.6106	91.0700	13.8000
318.8668	91.1500	12.9000
324.2111	91.1500	11.5000
329.6449	91.0200	10.8000
335.1698	90.9600	10.6000
340.7874	91.0100	10.1000
346.4991	90.9800	9.4000
352.3065	90.9300	8.9000
358.2112	90.8900	8.6000
364.2149	90.9000	8.4000
370.3193	90.9500	7.8000
376.5259	90.9300	7.3000
382.8366	90.9300	7.1000
389.2530	90.9700	6.0000
395.7770	90.9600	5.2000
402.4103	90.8800	4.6000
409.1548	90.8500	4.3000
416.0123	90.8000	3.8000
422.9848	90.8300	3.3000
430.0741	90.8200	3.0000
437.2823	90.8000	2.2000
444.6112	90.7100	1.8000
452.0630	90.7400	1.7000
459.6397	90.7800	1.0000
467.3434	90.7200	0.0000
475.1762	90.6300	-0.6000
483.1402	90.5400	-0.7000
491.2378	90.5500	16.7000
499.4710	90.2200	16.5000
507.8423	89.8500	16.8000
516.3539	89.4200	18.6000
525.0081	89.2800	22.6000
533.8074	89.6200	25.7000
542.7541	90.0100	26.1000
551.8508	90.2000	25.5000
561.0999	90.2700	25.2000
570.5041	90.3800	25.4000
580.0659	90.5400	25.2000
589.7879	90.6800	24.7000
599.6729	90.8700	23.9000
609.7236	91.0100	21.7000
619.9427	90.8300	19.3000
630.3331	90.5000	18.6000
640.8976	90.3000	19.3000
651.6392	90.2200	20.0000
662.5609	90.2200	20.3000
673.6656	90.1900	20.1000
684.9564	90.1000	20.1000
696.4364	90.0100	20.1000
708.1088	89.8400	20.7000
719.9769	89.8000	22.3000
732.0439	89.9600	23.1000
744.3131	90.0000	22.7000
756.7880	89.9300	23.4000
769.4720	90.1000	24.5000
782.3685	90.3700	23.4000
795.4812	90.2700	21.0000
808.8137	89.8000	20.7000
822.3696	89.5400	23.7000
836.1527	89.7100	26.4000
850.1668	90.0900	27.6000
864.4158	90.3800	26.8000
878.9036	90.4900	25.8000
893.6343	90.5600	24.9000
908.6118	90.5900	23.8000
923.8404	90.4400	22.2000
939.3242	90.1000	22.4000
955.0675	90.0300	24.2000
971.0746	90.1400	24.4000
987.3501	90.0600	24.3000
1003.8983	89.9200	25.0000
1020.7239	89.8900	25.8000
1037.8315	89.7400	26.9000
1055.2258	89.7200	29.8000
1072.9116	89.9900	32.4000
1090.8939	90.5000	34.3000
1109.1775	91.1700	33.4000
1127.7676	91.5000	30.0000
1146.6693	91.3900	26.7000
1165.8877	91.0300	26.0000
1185.4283	90.9400	27.1000
1205.2964	90.9500	27.5000
1225.4974	90.9300	28.5000
1246.0371	91.1300	30.1000
1266.9209	91.5500	30.9000
1288.1549	92.1300	29.2000
1309.7446	92.4300	25.1000
1331.6963	92.2600	20.9000
1354.0158	91.8500	18.6000
1376.7095	91.4800	18.0000
1399.7835	91.2200	18.0000
1423.2442	90.9500	18.8000
1447.0981	90.9700	20.4000
1471.3518	91.1900	20.0000
1496.0120	91.2000	17.6000
1521.0856	90.8600	16.5000
1546.5793	90.7300	17.1000
1572.5004	90.7800	15.8000
1598.8559	90.4800	13.5000
1625.6531	90.0600	12.6000
1652.8994	89.6200	11.3000
1680.6024	88.6700	10.9000
1708.7697	87.7200	16.0000
1737.4091	87.4900	23.3000
1766.5285	87.7500	29.5000
1796.1360	88.3500	33.3000
1826.2397	88.9700	34.5000
1856.8479	89.4300	34.1000
1887.9691	89.7900	32.4000
1919.6120	89.8100	30.3000
1951.7851	89.6100	28.1000
1984.4975	89.1400	28.6000
2017.7582	88.9100	30.7000
2051.5763	88.7000	32.5000
2085.9612	88.5500	37.4000
2120.9224	89.0900	42.1000
2156.4696	89.9000	43.5000
2192.6126	90.6300	41.8000
2229.3613	90.9900	37.3000
2266.7259	90.7100	33.2000
2304.7168	90.0800	32.9000
2343.3444	89.7500	36.9000
2382.6195	90.1300	41.3000
2422.5528	90.8200	42.2000
2463.1553	91.4800	40.3000
2504.4384	91.7100	36.2000
2546.4134	91.4500	32.9000
2589.0919	90.9400	33.6000
2632.4858	91.0400	38.6000
2676.6069	92.0700	40.2000
2721.4674	92.9700	35.6000
2767.0799	93.2400	29.1000
2813.4568	92.9800	23.6000
2860.6111	92.5200	21.0000
2908.5556	92.2300	20.6000
2957.3037	92.3200	20.8000
3006.8689	92.6400	19.8000
3057.2647	93.2200	16.8000
3108.5052	93.7000	10.0000
3160.6045	93.6200	-0.3000
3213.5770	92.6600	-8.3000
3267.4374	91.7500	-10.9000
3322.2004	91.5300	-14.6000
3377.8813	90.9700	-22.5000
3434.4954	89.6500	-29.8000
3492.0584	88.0700	-32.8000
3550.5862	86.8000	-32.9000
3610.0949	85.8100	-33.5000
3670.6009	84.8400	-36.1000
3732.1211	83.3800	-39.1000
3794.6724	81.6400	-38.5000
3858.2720	80.2300	-36.3000
3922.9376	78.7400	-34.6000
3988.6870	77.0700	-30.2000
4055.5384	75.8400	-23.8000
4123.5102	74.6400	-19.1000
4192.6212	73.3500	-10.9000
4262.8906	72.8500	-2.5000
4334.3377	72.3600	1.7000
4406.9822	71.5000	7.3000
4480.8443	71.3400	10.8000
4555.9444	69.6100	8.3000
4632.3031	67.6700	28.0000
4709.9417	69.2000	32.6000
4788.8814	67.4600	27.1000
4869.1443	65.0600	44.2000
4950.7523	66.2800	53.5000
5033.7281	63.8600	45.3000
5118.0947	61.6600	85.0000
5203.8752	63.6300	85.5000
5291.0934	62.4400	105.2000
5379.7734	64.5300	105.2000
5469.9397	60.5800	114.1000
5561.6173	64.2800	140.9000
5654.8313	63.4600	141.6000
5749.6077	65.6000	153.5000
5845.9725	65.4100	162.2000
5943.9525	67.7700	158.3000
6043.5746	64.7900	159.8000
6144.8664	66.0500	-176.9000
6247.8558	66.8600	-173.0000
6352.5714	67.9000	-150.5000
6459.0421	71.1700	-153.5000
6567.2972	72.0900	-149.0000
6677.3667	74.6700	-155.2000
6789.2810	75.3300	-161.6000
6903.0710	76.4100	-173.7000
7018.7682	74.8200	175.4000
7136.4045	74.0300	-177.0000
7256.0123	76.2400	-175.1000
7377.6249	78.0700	151.7000
7501.2757	72.0000	106.3000
7626.9989	59.1200	122.6000
7754.8293	61.0400	-137.1000
7884.8021	63.8400	-126.2000
8016.9533	66.2800	-128.4000
8151.3194	66.4700	-122.4000
8287.9375	66.2900	-109.1000
8426.8454	68.3500	-103.5000
8568.0814	68.1600	-102.9000
8711.6845	68.9400	-91.0000
8857.6945	70.5500	-87.9000
9006.1516	71.3100	-85.6000
9157.0969	72.0400	-88.1000
9310.5721	72.4000	-87.5000
9466.6196	71.7200	-88.6000
9625.2825	71.8100	-82.3000
9786.6046	72.5000	-79.0000
9950.6305	72.7800	-78.0000
10117.4050	72.2500	-79.7000
10286.9760	72.2500	-78.1000
10459.3880	71.1800	-75.9000
10634.6900	70.9400	-66.7000
10812.9300	70.5400	-58.2000
10994.1570	70.7700	-43.1000
11178.4220	73.7300	-31.5000
11365.7750	76.5400	-32.4000
11556.2680	81.9500	-42.4000
11749.9540	79.5500	-131.1000
11946.8860	68.0700	-99.9000
12147.1190	68.9700	-61.4000
12350.7080	69.9000	-58.6000
12557.7080	69.8000	-50.3000
12768.1790	69.7100	-47.8000
12982.1770	69.2900	-47.2000
13199.7610	70.3800	-41.1000
13420.9920	70.7400	-44.3000
13645.9310	69.3000	-47.2000
13874.6410	68.6800	-49.2000
14107.1830	67.4200	-47.7000
14343.6230	68.1000	-40.9000
14584.0250	67.2600	-57.1000
14828.4570	65.0100	-66.0000
15076.9860	62.6200	-69.1000
15329.6800	59.8700	-67.8000
15586.6090	53.1100	-57.0000
15847.8440	51.5400	-37.3000
16113.4580	44.0600	-26.3000
16383.5240	43.7500	43.0000
16658.1150	47.9000	48.8000
16937.3100	46.7900	39.8000
17221.1830	47.6900	79.4000
17509.8140	49.0200	74.6000
17803.2830	47.9800	72.7000
18101.6700	49.9500	87.0000
18405.0590	46.9200	96.7000
18713.5320	47.6000	89.3000
19027.1760	42.4200	113.2000
19346.0760	45.3700	118.4000
19670.3210	43.7300	130.3000
20000.0000	46.1200	143.5000