5.0000	49.4300	-128.4000
5.0838	49.7200	-128.4000
5.1690	50.1100	-128.3000
5.2556	50.5200	-128.3000
5.3437	50.9400	-128.3000
5.4333	51.3800	-128.2000
5.5244	51.8200	-128.2000
5.6169	52.2700	-128.2000
5.7111	52.7400	-128.2000
5.8068	53.2500	-128.1000
5.9041	53.8500	-128.1000
6.0031	54.5200	-128.1000
6.1037	55.2300	-128.0000
6.2060	55.9300	-128.0000
6.3100	56.6100	-127.9000
6.4158	57.2800	-127.9000
6.5233	57.9000	-127.9000
6.6326	58.4900	-127.8000
6.7438	59.0200	-127.8000
6.8568	59.4800	-127.8000
6.9717	59.8600	-127.7000
7.0886	60.1500	-127.7000
7.2074	60.3300	-127.6000
7.3282	60.3900	-127.6000
7.4510	60.3500	-127.5000
7.5759	60.2100	-127.5000
7.7029	59.9800	-127.4000
7.8320	59.6900	-127.4000
7.9632	59.3600	-127.3000
8.0967	59.0000	-127.3000
8.2324	58.6400	-127.2000
8.3704	58.3100	-127.2000
8.5107	58.0400	-127.2000
8.6533	57.8800	-127.2000
8.7983	57.8700	-127.3000
8.9458	58.1200	-127.7000
9.0957	58.6500	-128.4000
9.2482	59.4200	-129.6000
9.4032	60.3700	-131.0000
9.5608	61.4300	-132.8000
9.7210	62.5100	-134.7000
9.8840	63.5300	-136.8000
10.0496	64.4300	-138.9000
10.2180	65.1500	-141.0000
10.3893	65.7500	-143.2000
10.5634	66.2900	-145.7000
10.7405	66.8000	-148.4000
10.9205	67.2800	-151.3000
11.1035	67.6900	-154.0000
11.2896	68.0300	-156.3000
11.4788	68.2700	-158.0000
11.6712	68.3900	-158.9000
11.8668	68.4000	-159.0000
12.0657	68.3300	-158.5000
12.2680	68.2100	-157.6000
12.4736	68.0700	-156.5000
12.6826	67.9300	-155.5000
12.8952	67.8300	-154.7000
13.1113	67.8300	-154.7000
13.3311	68.0100	-155.8000
13.5545	68.4400	-158.6000
13.7817	69.1000	-162.9000
14.0127	69.8500	-167.8000
14.2475	70.5600	-172.3000
14.4863	71.1100	-175.3000
14.7291	71.4600	-176.0000
14.9760	71.6800	-174.8000
15.2270	71.8500	-172.0000
15.4822	71.9800	-168.7000
15.7417	72.0800	-165.6000
16.0055	72.1200	-163.8000
16.2737	72.1300	-163.5000
16.5465	72.1000	-164.5000
16.8238	72.0500	-166.3000
17.1058	72.0100	-168.3000
17.3925	72.0400	-170.2000
17.6840	72.2600	-171.6000
17.9804	72.8300	-172.5000
18.2817	73.7000	-173.3000
18.5881	74.6400	-174.2000
18.8997	75.4400	-175.3000
19.2164	76.0400	-177.3000
19.5385	76.5000	-147.4000
19.8660	76.8600	176.4000
20.1989	77.1100	172.4000
20.5375	77.2000	169.4000
20.8817	77.1400	167.1000
21.2317	76.9900	165.3000
21.5875	76.8400	163.7000
21.9493	76.7800	162.1000
22.3172	76.8800	160.3000
22.6913	77.1300	158.5000
23.0716	77.4700	156.9000
23.4583	77.8400	155.6000
23.8514	78.2300	154.7000
24.2512	78.6300	153.9000
24.6576	78.9800	153.1000
25.0709	79.2600	152.2000
25.4911	79.4800	151.0000
25.9183	79.6500	149.7000
26.3527	79.7600	148.7000
26.7944	79.8200	147.9000
27.2435	79.8900	147.2000
27.7001	80.0000	146.4000
28.1644	80.2700	145.1000
28.6364	80.6900	143.4000
29.1164	81.0800	141.7000
29.6044	81.2800	140.4000
30.1005	81.3800	139.4000
30.6050	81.4700	138.3000
31.1180	81.6200	136.8000
31.6395	81.8400	134.9000
32.1698	82.0900	133.3000
32.7090	82.3600	132.2000
33.2572	82.6200	131.4000
33.8146	82.8400	130.5000
34.3813	83.0200	129.2000
34.9576	83.2000	127.8000
35.5435	83.3900	126.2000
36.1392	83.6000	124.8000
36.7449	83.8100	123.4000
37.3607	84.0200	122.0000
37.9869	84.2000	120.6000
38.6236	84.3700	119.1000
39.2709	84.5600	117.6000
39.9291	84.8100	116.2000
40.5983	85.1000	115.0000
41.2788	85.3000	113.7000
41.9706	85.4200	112.4000
42.6741	85.5000	110.9000
43.3893	85.5800	109.0000
44.1165	85.6300	107.0000
44.8559	85.6600	105.2000
45.6077	85.7400	103.6000
46.3721	85.9000	102.4000
47.1493	86.0800	101.2000
47.9395	86.2500	99.9000
48.7430	86.3900	98.7000
49.5600	86.4900	97.4000
50.3906	86.5100	95.5000
51.2351	86.4900	93.9000
52.0939	86.4800	93.3000
52.9670	86.5100	92.9000
53.8547	86.5900	92.2000
54.7573	86.7800	91.9000
55.6751	87.0100	91.7000
56.6082	87.1900	91.0000
57.5570	87.3400	89.7000
58.5216	87.5100	88.2000
59.5025	87.6500	86.5000
60.4997	87.7800	85.2000
61.5137	87.9100	84.3000
62.5447	88.0700	83.5000
63.5930	88.2300	82.5000
64.6588	88.3300	81.2000
65.7425	88.3800	80.0000
66.8444	88.4300	79.2000
67.9647	88.5100	78.2000
69.1038	88.6500	77.0000
70.2620	88.7900	75.8000
71.4396	88.8900	74.8000
72.6370	88.9800	73.7000
73.8544	89.1000	73.0000
75.0922	89.2400	72.5000
76.3508	89.3500	71.5000
77.6304	89.4500	70.2000
78.9315	89.5600	68.8000
80.2544	89.7000	67.6000
81.5995	89.8300	66.2000
82.9672	89.9200	64.8000
84.3577	89.9800	63.5000
85.7716	90.0300	62.4000
87.2091	90.0700	61.3000
88.6707	90.1300	60.1000
90.1569	90.2000	59.2000
91.6680	90.2400	58.7000
93.2043	90.3300	57.7000
94.7665	90.4700	56.0000
96.3548	90.4800	54.3000
97.9697	90.4800	53.4000
99.6117	90.5200	53.3000
101.2812	90.5600	53.2000
102.9787	90.5900	52.7000
104.7047	90.6300	51.7000
106.4595	90.6700	50.4000
108.2438	90.7000	48.9000
110.0580	90.7400	47.1000
111.9026	90.7700	45.2000
113.7781	90.8000	43.3000
115.6851	90.8300	41.5000
117.6240	90.8500	39.8000
119.5954	90.8700	38.4000
121.5998	90.8700	37.4000
123.6379	90.8400	36.9000
125.7101	90.8100	36.3000
127.8170	90.8000	35.7000
129.9592	90.7800	35.2000
132.1374	90.8900	34.2000
134.3520	90.9300	34.0000
136.6038	90.9000	33.4000
138.8933	90.9400	32.0000
141.2212	91.1500	30.8000
143.5881	91.1100	29.7000
145.9947	91.1300	28.8000
148.4416	91.0700	27.8000
150.9295	91.0400	27.3000
153.4591	91.0400	26.9000
156.0312	91.1100	26.1000
158.6463	91.1500	25.3000
161.3052	91.1900	23.9000
164.0087	91.1100	22.5000
166.7576	91.0700	21.9000
169.5525	91.0000	21.3000
172.3942	90.9500	20.9000
175.2836	90.9300	20.8000
178.2214	90.9600	20.6000
181.2084	91.0600	20.3000
184.2455	91.0600	19.6000
187.3335	91.1100	19.1000
190.4733	91.1300	18.3000
193.6656	91.2200	17.3000
196.9115	91.2900	16.2000
200.2118	91.2700	14.9000
203.5674	91.1900	14.0000
206.9792	91.1100	13.6000
210.4483	91.0600	13.2000
213.9754	91.0600	12.8000
217.5617	91.0800	12.6000
221.2081	91.1400	11.9000
224.9156	91.2400	10.8000
228.6852	91.2700	9.9000
232.5181	91.2800	8.9000
236.4151	91.2300	7.9000
240.3775	91.1400	7.0000
244.4063	91.0300	6.3000
248.5026	91.0500	5.9000
252.6676	91.0800	5.2000
256.9023	91.1100	4.3000
261.2081	91.0500	3.0000
265.5860	90.8700	2.3000
270.0373	90.7400	2.5000
274.5632	90.7400	2.3000
279.1649	90.7900	1.8000
283.8438	90.8200	0.8000
288.6011	90.7500	0.1000
293.4381	90.6500	0.0000
298.3562	90.6000	-0.3000
303.3567	90.5800	-0.7000
308.4410	90.5700	-1.4000
313.6106	90.6200	-1.7000
318.8668	90.7200	-2.3000
324.2111	90.6200	-3.6000
329.6449	90.4000	-4.4000
335.1698	90.3900	-4.2000
340.7874	90.4300	-4.3000
346.4991	90.4300	-5.2000
352.3065	90.3600	-5.8000
358.2112	90.2500	-6.5000
364.2149	90.1600	-6.8000
370.3193	90.2200	-7.0000
376.5259	90.2100	-7.3000
382.8366	90.0900	-7.7000
389.2530	90.1300	-8.9000
395.7770	90.0700	-9.6000
402.4103	89.9300	-10.1000
409.1548	89.7900	-9.6000
416.0123	89.7400	-9.7000
422.9848	89.8100	-10.5000
430.0741	89.7600	-10.5000
437.2823	89.6200	-10.9000
444.6112	89.4900	-11.1000
452.0630	89.5200	-10.9000
459.6397	89.5200	-11.1000
467.3434	89.3100	-11.3000
475.1762	89.0400	-10.3000
483.1402	89.2700	-6.9000
491.2378	89.8400	-6.3000
499.4710	90.1700	-9.3000
507.8423	90.1000	-12.1000
516.3539	90.0400	-12.8000
525.0081	89.9400	-13.5000
533.8074	90.0000	-15.1000
542.7541	89.8700	-16.0000
551.8508	89.6300	-16.0000
561.0999	89.6200	-16.0000
570.5041	89.7000	-16.1000
580.0659	89.9500	10.1000
589.7879	90.0300	7.5000
599.6729	89.8300	6.4000
609.7236	89.7600	7.2000
619.9427	89.9500	8.1000
630.3331	90.3300	7.1000
640.8976	90.5000	3.9000
651.6392	90.2900	0.7000
662.5609	89.8500	-0.7000
673.6656	89.5400	-0.2000
684.9564	89.4300	0.1000
696.4364	89.2900	-0.5000
708.1088	88.9700	-0.7000
719.9769	88.6100	0.5000
732.0439	88.4100	3.4000
744.3131	88.5200	5.9000
756.7880	88.6800	7.6000
769.4720	88.9900	9.2000
782.3685	89.4600	9.3000
795.4812	89.8500	7.1000
808.8137	90.0000	3.7000
822.3696	89.9400	2.7000
836.1527	89.8000	1.8000
850.1668	89.6300	1.1000
864.4158	89.4900	0.6000
878.9036	89.4900	0.7000
893.6343	89.8200	0.5000
908.6118	90.0300	-1.9000
923.8404	89.8700	-4.4000
939.3242	89.4900	-5.0000
955.0675	89.2800	-3.8000
971.0746	89.2500	-2.7000
987.3501	89.2300	-1.4000
1003.8983	89.4300	0.1000
1020.7239	89.8500	-0.1000
1037.8315	90.0300	-2.3000
1055.2258	89.9800	-4.2000
1072.9116	89.7800	-5.5000
1090.8939	89.5600	-4.8000
1109.1775	89.6800	-3.9000
1127.7676	89.7800	-5.0000
1146.6693	89.6600	-5.6000
1165.8877	89.5900	-4.6000
1185.4283	89.9000	-4.0000
1205.2964	90.1600	-6.1000
1225.4974	90.1100	-8.8000
1246.0371	89.8400	-10.3000
1266.9209	89.6000	-9.9000
1288.1549	89.6700	-9.6000
1309.7446	89.7200	-10.9000
1331.6963	89.6200	-12.4000
1354.0158	89.4000	-13.5000
1376.7095	89.1600	-13.9000
1399.7835	88.9300	-13.9000
1423.2442	88.6800	-12.8000
1447.0981	88.7300	-11.4000
1471.3518	88.8600	-11.6000
1496.0120	88.8500	-12.9000
1521.0856	88.5900	-13.4000
1546.5793	88.4400	-12.2000
1572.5004	88.5200	-11.5000
1598.8559	88.5400	-11.8000
1625.6531	88.6000	-11.3000
1652.8994	88.7900	-12.7000
1680.6024	88.6000	-14.8000
1708.7697	88.2800	-14.8000
1737.4091	88.1500	-14.1000
1766.5285	88.1100	-13.5000
1796.1360	88.1200	-13.5000
1826.2397	88.0300	-13.8000
1856.8479	87.8800	-13.3000
1887.9691	87.8900	-12.2000
1919.6120	88.0300	-11.5000
1951.7851	88.1700	-12.2000
1984.4975	88.1400	-12.8000
2017.7582	88.1300	-12.9000
2051.5763	88.1500	-13.2000
2085.9612	88.1200	-13.2000
2120.9224	88.1900	-12.4000
2156.4696	88.4300	-12.2000
2192.6126	88.7400	-13.1000
2229.3613	89.0700	-15.0000
2266.7259	89.2600	-18.9000
2304.7168	89.1700	-22.8000
2343.3444	88.8500	-26.4000
2382.6195	88.2700	-28.4000
2422.5528	87.8600	-28.6000
2463.1553	87.5100	-28.1000
2504.4384	87.3000	-27.9000
2546.4134	87.1900	-27.3000
2589.0919	87.1400	-27.4000
2632.4858	87.0100	-27.3000
2676.6069	86.9800	-26.8000
2721.4674	87.1000	-26.7000
2767.0799	87.2000	-27.2000
2813.4568	87.3700	-27.7000
2860.6111	87.6000	-28.6000
2908.5556	88.0100	-30.7000
2957.3037	88.4200	-34.3000
3006.8689	88.7700	-39.5000
3057.2647	89.0000	-46.8000
3108.5052	88.9300	-56.1000
3160.6045	88.4100	-66.3000
3213.5770	87.3700	-77.1000
3267.4374	85.7000	-85.8000
3322.2004	83.5400	-90.9000
3377.8813	81.5900	-91.1000
3434.4954	79.8100	-89.6000
3492.0584	78.3600	-87.8000
3550.5862	76.8000	-89.3000
3610.0949	73.8100	-88.9000
3670.6009	70.4000	-72.6000
3732.1211	69.7900	-47.4000
3794.6724	70.7200	-31.6000
3858.2720	71.4300	-24.5000
3922.9376	71.6700	-18.2000
3988.6870	72.0900	-11.3000
4055.5384	72.5800	-6.9000
4123.5102	72.7600	-3.4000
4192.6212	72.9500	2.0000
4262.8906	73.3600	6.7000
4334.3377	73.8400	10.5000
4406.9822	74.2300	13.6000
4480.8443	74.7100	17.7000
4555.9444	75.5800	21.1000
4632.3031	76.6000	20.6000
4709.9417	77.1500	17.5000
4788.8814	77.2800	14.7000
4869.1443	77.0400	13.6000
4950.7523	76.8600	17.3000
5033.7281	77.7000	22.4000
5118.0947	79.0600	20.0000
5203.8752	79.5500	12.8000
5291.0934	79.2800	9.8000
5379.7734	79.8500	11.7000
5469.9397	81.5700	6.3000
5561.6173	82.7700	-10.9000
5654.8313	82.3400	-35.0000
5749.6077	79.6200	-60.5000
5845.9725	73.5700	-77.5000
5943.9525	65.4700	-43.3000
6043.5746	67.9100	-8.8000
6144.8664	67.9400	-4.2000
6247.8558	66.6500	10.9000
6352.5714	66.9400	35.8000
6459.0421	69.7300	57.0000
6567.2972	73.4800	61.5000
6677.3667	75.6900	56.5000
6789.2810	77.7300	60.5000
6903.0710	82.5100	53.1000
7018.7682	85.8700	20.3000
7136.4045	85.8000	-22.4000
7256.0123	81.6700	-61.2000
7377.6249	73.5900	-70.9000
7501.2757	69.2300	-41.0000
7626.9989	68.0600	-4.3000
7754.8293	72.7000	13.1000
7884.8021	76.2200	1.1000
8016.9533	77.5100	-23.7000
8151.3194	76.0800	-50.3000
8287.9375	72.5900	-68.0000
8426.8454	68.5600	-72.1000
8568.0814	65.2200	-70.3000
8711.6845	60.8400	-70.4000
8857.6945	50.4000	-50.5000
9006.1516	57.7000	66.0000
9157.0969	64.7900	65.2000
9310.5721	70.9000	57.9000
9466.6196	74.8800	23.7000
9625.2825	74.3400	-14.2000
9786.6046	71.3400	-33.2000
9950.6305	69.3500	-40.7000
10117.4050	67.4100	-48.0000
10286.9760	64.7300	-50.1000
10459.3880	63.7500	-45.4000
10634.6900	62.7000	-45.8000
10812.9300	63.0800	-53.7000
10994.1570	61.2100	-67.5000
11178.4220	57.0900	-80.1000
11365.7750	54.2800	-59.2000
11556.2680	51.8400	-59.7000
11749.9540	49.3700	-50.5000
11946.8860	49.8200	-44.4000
12147.1190	48.1800	-52.5000
12350.7080	42.1700	-110.2000
12557.7080	44.7300	65.8000
12768.1790	31.8500	-22.0000
12982.1770	42.7800	91.4000
13199.7610	35.5200	55.8000
13420.9920	52.0900	160.0000
13645.9310	58.8400	102.5000
13874.6410	57.6500	61.9000
14107.1830	55.7500	43.5000
14343.6230	55.1000	14.5000
14584.0250	47.6900	23.9000
14828.4570	50.2500	6.4000
15076.9860	43.3900	-60.2000
15329.6800	44.9700	102.2000
15586.6090	45.0700	1.7000
15847.8440	44.0500	-54.3000
16113.4580	40.7200	-130.3000
16383.5240	31.7100	-149.1000
16658.1150	35.6700	157.5000
16937.3100	38.8300	149.7000
17221.1830	39.8600	150.0000
17509.8140	41.6200	174.3000
17803.2830	43.3700	-171.8000
18101.6700	39.9700	-160.2000
18405.0590	41.1200	176.0000
18713.5320	43.1700	-176.0000
19027.1760	46.3600	178.6000
19346.0760	44.5900	155.5000
19670.3210	43.5900	-118.3000
20000.0000	47.4100	-168.6000