19.8660	68.5400	133.5000
20.1989	67.8700	134.0000
20.5375	67.5700	135.8000
20.8817	67.6300	140.5000
21.2317	67.9200	147.9000
21.5875	68.2900	155.4000
21.9493	68.6300	160.4000
22.3172	68.9200	162.6000
22.6913	69.1800	163.4000
23.0716	69.4200	163.6000
23.4583	69.6700	163.0000
23.8514	69.9100	161.1000
24.2512	70.1600	158.1000
24.6576	70.3900	155.5000
25.0709	70.6000	154.4000
25.4911	70.7900	154.6000
25.9183	70.9600	155.3000
26.3527	71.1100	155.4000
26.7944	71.2500	154.2000
27.2435	71.3500	152.2000
27.7001	71.4000	150.6000
28.1644	71.3400	150.0000
28.6364	71.2200	150.1000
29.1164	71.1700	150.7000
29.6044	71.3700	151.7000
30.1005	71.8500	152.9000
30.6050	72.3600	153.6000
31.1180	72.7100	153.3000
31.6395	72.9600	152.0000
32.1698	73.2200	150.8000
32.7090	73.5700	150.2000
33.2572	73.9500	149.8000
33.8146	74.2600	148.9000
34.3813	74.4800	147.6000
34.9576	74.6600	146.3000
35.5435	74.8600	145.6000
36.1392	75.1100	145.4000
36.7449	75.4400	145.4000
37.3607	75.8700	145.2000
37.9869	76.3200	144.8000
38.6236	76.7200	143.6000
39.2709	77.1100	141.8000
39.9291	77.5700	139.7000
40.5983	78.0700	137.4000
41.2788	78.5100	134.5000
41.9706	78.8400	130.9000
42.6741	79.0800	127.0000
43.3893	79.2400	123.3000
44.1165	79.3400	119.6000
44.8559	79.3900	116.1000
45.6077	79.3800	112.9000
46.3721	79.3200	109.8000
47.1493	79.1800	106.6000
47.9395	78.9500	103.8000
48.7430	78.6400	102.2000
49.5600	78.3600	101.6000
50.3906	78.2600	101.4000
51.2351	78.2700	100.8000
52.0939	78.2400	99.6000
52.9670	78.1100	98.1000
53.8547	77.8800	97.0000
54.7573	77.5800	96.6000
55.6751	77.2800	97.2000
56.6082	77.0900	99.3000
57.5570	77.0900	102.2000
58.5216	77.2800	104.7000
59.5025	77.6200	106.4000
60.4997	78.0500	107.1000
61.5137	78.4900	107.1000
62.5447	78.9000	106.4000
63.5930	79.2200	105.5000
64.6588	79.4800	104.5000
65.7425	79.7200	103.5000
66.8444	79.9700	102.6000
67.9647	80.2000	101.7000
69.1038	80.4500	100.9000
70.2620	80.7300	100.0000
71.4396	81.0200	98.8000
72.6370	81.3100	97.3000
73.8544	81.5600	95.6000
75.0922	81.7700	93.8000
76.3508	81.9800	92.0000
77.6304	82.1800	90.2000
78.9315	82.3700	88.0000
80.2544	82.5400	85.9000
81.5995	82.6800	83.5000
82.9672	82.7700	80.7000
84.3577	82.7300	77.8000
85.7716	82.5700	75.5000
87.2091	82.3700	74.1000
88.6707	82.2100	73.3000
90.1569	82.1200	73.0000
91.6680	82.1000	72.8000
93.2043	82.1500	72.4000
94.7665	82.2300	71.4000
96.3548	82.2400	69.8000
97.9697	82.0900	68.0000
99.6117	81.7400	67.0000
101.2812	81.2900	67.9000
102.9787	80.9500	71.2000
104.7047	80.9700	76.0000
106.4595	81.4700	80.8000
108.2438	82.3400	83.9000
110.0580	83.3500	84.4000
111.9026	84.2600	82.0000
113.7781	84.8900	77.6000
115.6851	85.1800	72.7000
117.6240	85.2300	68.5000
119.5954	85.1900	65.6000
121.5998	85.1700	63.4000
123.6379	85.1800	61.4000
125.7101	85.1900	59.5000
127.8170	85.1800	57.6000
129.9592	85.1400	56.0000
132.1374	85.0700	54.5000
134.3520	85.0000	53.5000
136.6038	84.9500	52.8000
138.8933	84.9500	52.4000
141.2212	84.9900	51.9000
143.5881	85.0400	51.3000
145.9947	85.1300	50.8000
148.4416	85.2600	50.4000
150.9295	85.4700	49.7000
153.4591	85.7200	48.6000
156.0312	85.9800	46.6000
158.6463	86.1700	43.8000
161.3052	86.2100	40.4000
164.0087	86.0700	37.0000
166.7576	85.7500	34.3000
169.5525	85.3400	32.9000
172.3942	84.9200	32.8000
175.2836	84.6100	34.0000
178.2214	84.4700	35.8000
181.2084	84.5300	37.5000
184.2455	84.7100	38.7000
187.3335	84.9600	39.1000
190.4733	85.2100	38.8000
193.6656	85.4600	38.1000
196.9115	85.6600	36.9000
200.2118	85.7900	35.6000
203.5674	85.8700	34.3000
206.9792	85.9200	33.3000
210.4483	85.9800	32.5000
213.9754	86.0800	31.7000
217.5617	86.2100	31.0000
221.2081	86.4000	30.1000
224.9156	86.5900	28.6000
228.6852	86.7600	26.6000
232.5181	86.8500	24.2000
236.4151	86.8400	21.7000
240.3775	86.7300	19.6000
244.4063	86.5900	18.0000
248.5026	86.4600	17.0000
252.6676	86.4100	16.2000
256.9023	86.4300	15.2000
261.2081	86.4500	13.7000
265.5860	86.4400	11.8000
270.0373	86.3400	9.7000
274.5632	86.1500	7.7000
279.1649	85.8800	6.1000
283.8438	85.5500	5.2000
288.6011	85.2200	5.1000
293.4381	84.9300	5.7000
298.3562	84.7500	6.9000
303.3567	84.7100	8.2000
308.4410	84.8000	9.2000
313.6106	84.9800	9.7000
318.8668	85.2100	9.4000
324.2111	85.4200	8.0000
329.6449	85.5400	5.9000
335.1698	85.4900	3.6000
340.7874	85.3100	1.8000
346.4991	85.0800	0.7000
352.3065	84.8800	0.1000
358.2112	84.7100	-0.3000
364.2149	84.5600	-0.7000
370.3193	84.4000	-1.2000
376.5259	84.2300	-1.8000
382.8366	83.9700	-2.3000
389.2530	83.6200	-2.1000
395.7770	83.2500	-0.5000
402.4103	83.0500	2.4000
409.1548	83.1700	5.5000
416.0123	83.4800	7.4000
422.9848	83.8200	8.1000
430.0741	84.1200	7.9000
437.2823	84.3600	6.9000
444.6112	84.5200	5.5000
452.0630	84.6100	4.1000
459.6397	84.6700	2.8000
467.3434	84.7000	1.3000
475.1762	84.6800	-0.5000
483.1402	84.5800	-2.4000
491.2378	84.3800	-4.1000
499.4710	84.1300	-5.3000
507.8423	83.8000	-6.3000
516.3539	83.3600	-6.3000
525.0081	82.9100	-4.6000
533.8074	82.7300	-1.3000
542.7541	82.9000	1.5000
551.8508	83.2100	2.5000
561.0999	83.4500	2.0000
570.5041	83.5600	1.2000
580.0659	83.6400	0.8000
589.7879	83.7800	0.3000
599.6729	83.9300	-1.1000
609.7236	83.9600	-3.2000
619.9427	83.7900	-5.4000
630.3331	83.4700	-6.3000
640.8976	83.2100	-5.8000
651.6392	83.1100	-5.3000
662.5609	83.0500	-5.4000
673.6656	82.9300	-5.6000
684.9564	82.7500	-5.6000
696.4364	82.5300	-4.9000
708.1088	82.3300	-3.0000
719.9769	82.3700	0.2000
732.0439	82.8200	2.8000
744.3131	83.4200	2.8000
756.7880	83.8900	0.6000
769.4720	84.1600	-2.7000
782.3685	84.1900	-6.8000
795.4812	83.9200	-10.7000
808.8137	83.3700	-12.9000
822.3696	82.7800	-12.7000
836.1527	82.3700	-10.9000
850.1668	82.2300	-8.7000
864.4158	82.2900	-7.0000
878.9036	82.4400	-6.4000
893.6343	82.5800	-6.5000
908.6118	82.6700	-7.3000
923.8404	82.6700	-8.5000
939.3242	82.5600	-9.5000
955.0675	82.4200	-9.9000
971.0746	82.3400	-10.0000
987.3501	82.3100	-10.4000
1003.8983	82.2300	-11.1000
1020.7239	82.0800	-12.0000
1037.8315	81.8500	-12.6000
1055.2258	81.5800	-12.7000
1072.9116	81.2900	-12.3000
1090.8939	81.0100	-11.3000
1109.1775	80.8000	-9.7000
1127.7676	80.6500	-8.0000
1146.6693	80.5600	-5.8000
1165.8877	80.6200	-3.3000
1185.4283	80.8900	-1.3000
1205.2964	81.2100	-1.0000
1225.4974	81.3600	-1.8000
1246.0371	81.3400	-2.0000
1266.9209	81.3600	-1.5000
1288.1549	81.4700	-0.9000
1309.7446	81.6600	-0.9000
1331.6963	81.8200	-1.7000
1354.0158	81.8600	-3.0000
1376.7095	81.7700	-4.0000
1399.7835	81.5700	-4.4000
1423.2442	81.3800	-3.5000
1447.0981	81.3900	-1.9000
1471.3518	81.5700	-0.9000
1496.0120	81.7600	-1.1000
1521.0856	81.8600	-1.7000
1546.5793	81.8800	-2.3000
1572.5004	81.8800	-2.5000
1598.8559	81.9000	-2.2000
1625.6531	82.0300	-2.1000
1652.8994	82.2000	-2.7000
1680.6024	82.2600	-3.8000
1708.7697	82.2300	-4.8000
1737.4091	82.1700	-5.0000
1766.5285	82.1900	-4.7000
1796.1360	82.3700	-4.7000
1826.2397	82.5700	-5.7000
1856.8479	82.6700	-7.3000
1887.9691	82.7500	-9.0000
1919.6120	82.7600	-11.1000
1951.7851	82.6700	-13.5000
1984.4975	82.4000	-15.6000
2017.7582	82.0400	-16.2000
2051.5763	81.7600	-15.9000
2085.9612	81.6300	-15.0000
2120.9224	81.6800	-14.2000
2156.4696	81.8200	-14.7000
2192.6126	81.8800	-15.9000
2229.3613	81.8900	-17.5000
2266.7259	81.7800	-19.6000
2304.7168	81.4600	-21.0000
2343.3444	81.1200	-20.7000
2382.6195	81.0500	-19.5000
2422.5528	81.1500	-19.4000
2463.1553	81.2500	-20.3000
2504.4384	81.3100	-21.9000
2546.4134	81.3000	-24.0000
2589.0919	81.1600	-26.5000
2632.4858	80.9000	-28.6000
2676.6069	80.6100	-30.2000
2721.4674	80.3200	-31.7000
2767.0799	79.9900	-33.2000
2813.4568	79.6000	-34.6000
2860.6111	79.1400	-35.6000
2908.5556	78.6200	-35.9000
2957.3037	78.1200	-35.4000
3006.8689	77.7000	-34.5000
3057.2647	77.3400	-33.5000
3108.5052	77.0400	-32.4000
3160.6045	76.7900	-31.7000
3213.5770	76.4900	-31.6000
3267.4374	76.0100	-31.1000
3322.2004	75.4600	-29.3000
3377.8813	75.0000	-25.8000
3434.4954	74.8100	-21.5000
3492.0584	74.9100	-17.8000
3550.5862	75.1400	-15.6000
3610.0949	75.3400	-14.4000
3670.6009	75.5100	-13.6000
3732.1211	75.6800	-13.4000
3794.6724	75.8000	-13.7000
3858.2720	75.8400	-14.1000
3922.9376	75.8400	-14.3000
3988.6870	75.8900	-14.1000
4055.5384	76.0200	-14.3000
4123.5102	76.1900	-15.0000
4192.6212	76.3000	-16.5000
4262.8906	76.3400	-18.1000
4334.3377	76.4400	-19.1000
4406.9822	76.7700	-20.7000
4480.8443	77.2700	-24.9000
4555.9444	77.6000	-32.7000
4632.3031	77.5000	-43.3000
4709.9417	76.7900	-55.3000
4788.8814	75.3000	-66.2000
4869.1443	72.9300	-71.1000
4950.7523	69.9800	-64.9000
5033.7281	67.9500	-48.7000
5118.0947	67.9200	-37.2000
5203.8752	68.5500	-36.5000
5291.0934	68.5600	-42.9000
5379.7734	67.4800	-50.9000
5469.9397	65.1600	-53.0000
5561.6173	61.9700	-38.9000
5654.8313	60.1300	-11.2000
5749.6077	60.7700	9.8000
5845.9725	62.3700	20.4000
5943.9525	63.7200	23.3000
6043.5746	64.3900	22.6000
6144.8664	64.5200	22.6000
6247.8558	64.5600	25.4000
6352.5714	64.8400	29.6000
6459.0421	65.4500	33.8000
6567.2972	66.3100	35.9000
6677.3667	67.0400	35.3000
6789.2810	67.5500	33.6000
6903.0710	67.9500	31.8000
7018.7682	68.4200	29.8000
7136.4045	68.9400	25.2000
7256.0123	68.9300	17.7000
7377.6249	68.0800	12.3000
7501.2757	66.9900	12.2000
7626.9989	66.2500	14.9000
7754.8293	65.8900	18.6000
7884.8021	65.9900	22.0000
8016.9533	66.5400	23.6000
8151.3194	67.2700	21.7000
8287.9375	67.7300	16.7000
8426.8454	67.8800	10.6000
8568.0814	67.6400	4.5000
8711.6845	67.2000	0.0000
8857.6945	66.7200	-4.0000
9006.1516	66.2900	-7.0000
9157.0969	66.1500	-11.4000
9310.5721	65.9300	-18.0000
9466.6196	65.7200	-24.8000
9625.2825	65.7300	-34.1000
9786.6046	65.4600	-48.6000
9950.6305	64.1400	-64.2000
10117.4050	62.0100	-74.3000
10286.9760	59.7200	-78.6000
10459.3880	58.0400	-78.9000
10634.6900	57.4500	-82.3000
10812.9300	57.5200	-91.5000
10994.1570	57.6500	-108.1000
11178.4220	57.1000	-130.2000
11365.7750	56.0900	-151.3000
11556.2680	55.2300	-152.6000
11749.9540	54.1000	166.8000
11946.8860	53.2700	148.9000
12147.1190	52.3500	130.6000
12350.7080	50.6100	114.3000
12557.7080	48.3900	104.3000
12768.1790	45.7300	93.5000
12982.1770	43.0500	72.6000
13199.7610	40.2000	36.6000
13420.9920	38.0400	-5.1000
13645.9310	36.5100	-28.9000
13874.6410	39.2100	-64.2000
14107.1830	42.8300	-91.6000
14343.6230	45.3900	-102.8000
14584.0250	46.3100	-114.1000
14828.4570	45.1300	-122.9000
15076.9860	44.7600	-122.4000
15329.6800	45.1700	-124.7000
15586.6090	44.1900	-118.5000
15847.8440	44.0900	-105.7000
16113.4580	44.8400	-104.0000
16383.5240	46.4000	-107.0000
16658.1150	47.0900	-113.7000
16937.3100	47.2600	-114.2000
17221.1830	47.8200	-116.5000
17509.8140	48.2100	-126.2000
17803.2830	48.2900	-138.4000
18101.6700	47.7000	-150.1000
18405.0590	45.7200	-151.2000
18713.5320	44.3400	-150.0000
19027.1760	43.1700	-164.9000
19346.0760	42.4900	165.5000
19670.3210	40.9600	127.0000
20000.0000	39.2700	105.2000