14.9760	55.5100	-165.7000
15.2270	57.3400	-164.9000
15.4822	59.2900	-164.0000
15.7417	60.8900	-163.2000
16.0055	61.8100	-162.9000
16.2737	61.9700	-163.7000
16.5465	61.5100	-165.9000
16.8238	60.6500	-169.1000
17.1058	59.7100	-172.4000
17.3925	58.9800	-174.6000
17.6840	58.7000	-174.3000
17.9804	58.7900	-171.6000
18.2817	59.1000	-166.9000
18.5881	59.5200	-162.0000
18.8997	59.9700	-158.5000
19.2164	60.4400	-157.2000
19.5385	60.9300	-157.1000
19.8660	61.4400	-157.7000
20.1989	61.9300	-158.6000
20.5375	62.3500	-159.7000
20.8817	62.7000	-161.0000
21.2317	63.0200	-162.4000
21.5875	63.3400	-163.7000
21.9493	63.6900	-164.5000
22.3172	64.1000	-164.9000
22.6913	64.5300	-165.1000
23.0716	64.9400	-165.4000
23.4583	65.2600	-166.0000
23.8514	65.4800	-167.6000
24.2512	65.6700	-170.1000
24.6576	65.8700	-172.7000
25.0709	66.1600	-174.5000
25.4911	66.5500	-175.8000
25.9183	66.9500	-176.8000
26.3527	67.2800	-178.3000
26.7944	67.5000	-16.7000
27.2435	67.6600	177.5000
27.7001	67.7800	174.9000
28.1644	67.8900	173.2000
28.6364	67.9900	172.1000
29.1164	68.1100	171.5000
29.6044	68.2500	171.2000
30.1005	68.4400	171.2000
30.6050	68.6800	171.0000
31.1180	68.9800	170.5000
31.6395	69.3200	169.3000
32.1698	69.6500	168.0000
32.7090	69.9300	166.8000
33.2572	70.1800	165.7000
33.8146	70.4200	164.7000
34.3813	70.6700	163.8000
34.9576	70.9400	162.8000
35.5435	71.2500	161.6000
36.1392	71.5900	160.3000
36.7449	71.9000	158.9000
37.3607	72.1800	157.2000
37.9869	72.4400	155.5000
38.6236	72.7000	153.8000
39.2709	72.9500	152.2000
39.9291	73.2000	150.7000
40.5983	73.4500	149.2000
41.2788	73.7300	147.6000
41.9706	74.0100	145.9000
42.6741	74.2600	143.8000
43.3893	74.4700	141.5000
44.1165	74.6400	139.2000
44.8559	74.7800	137.1000
45.6077	74.8900	135.3000
46.3721	74.9900	133.7000
47.1493	75.0800	132.3000
47.9395	75.2000	131.0000
48.7430	75.3700	129.8000
49.5600	75.6000	128.5000
50.3906	75.8400	126.9000
51.2351	76.0500	124.8000
52.0939	76.2000	122.3000
52.9670	76.2300	119.7000
53.8547	76.1800	117.5000
54.7573	76.0600	116.0000
55.6751	75.9300	115.4000
56.6082	75.8800	115.5000
57.5570	75.9600	116.0000
58.5216	76.1700	116.2000
59.5025	76.4400	115.9000
60.4997	76.6700	114.9000
61.5137	76.8700	114.0000
62.5447	77.0700	113.1000
63.5930	77.2800	112.1000
64.6588	77.5000	111.0000
65.7425	77.7000	109.8000
66.8444	77.8800	108.5000
67.9647	78.0400	107.2000
69.1038	78.1900	106.0000
70.2620	78.3400	105.0000
71.4396	78.5200	104.1000
72.6370	78.7300	103.1000
73.8544	78.9500	101.9000
75.0922	79.1800	100.6000
76.3508	79.3900	99.1000
77.6304	79.5900	97.5000
78.9315	79.7700	95.8000
80.2544	79.9300	94.0000
81.5995	80.0900	92.3000
82.9672	80.2200	90.4000
84.3577	80.3200	88.5000
85.7716	80.3900	86.7000
87.2091	80.4500	85.2000
88.6707	80.5300	83.8000
90.1569	80.6100	82.3000
91.6680	80.7000	80.8000
93.2043	80.7700	79.2000
94.7665	80.8200	77.6000
96.3548	80.8700	76.1000
97.9697	80.9200	74.7000
99.6117	80.9500	73.1000
101.2812	80.9500	71.6000
102.9787	80.9100	70.2000
104.7047	80.8600	69.3000
106.4595	80.8300	68.7000
108.2438	80.8600	68.3000
110.0580	80.9700	67.8000
111.9026	81.1100	66.9000
113.7781	81.2400	65.5000
115.6851	81.2800	63.6000
117.6240	81.2200	61.9000
119.5954	81.0800	61.2000
121.5998	81.0100	61.3000
123.6379	81.0800	61.5000
125.7101	81.2300	61.2000
127.8170	81.3900	60.4000
129.9592	81.4800	59.2000
132.1374	81.5200	58.1000
134.3520	81.5500	57.4000
136.6038	81.5900	56.8000
138.8933	81.6700	56.3000
141.2212	81.7700	55.7000
143.5881	81.8800	54.9000
145.9947	81.9900	54.1000
148.4416	82.1200	53.2000
150.9295	82.2500	52.2000
153.4591	82.3800	50.9000
156.0312	82.4900	49.3000
158.6463	82.5300	47.5000
161.3052	82.5200	45.7000
164.0087	82.4300	44.2000
166.7576	82.3100	43.2000
169.5525	82.1800	42.8000
172.3942	82.1000	42.8000
175.2836	82.0900	43.1000
178.2214	82.1700	43.5000
181.2084	82.3300	43.5000
184.2455	82.5100	43.1000
187.3335	82.7000	42.3000
190.4733	82.8700	41.2000
193.6656	83.0000	39.8000
196.9115	83.0900	38.3000
200.2118	83.1300	36.8000
203.5674	83.1400	35.6000
206.9792	83.1500	34.4000
210.4483	83.1700	33.5000
213.9754	83.2100	32.5000
217.5617	83.2600	31.4000
221.2081	83.3200	30.2000
224.9156	83.3700	28.7000
228.6852	83.3500	27.1000
232.5181	83.2800	25.6000
236.4151	83.1700	24.4000
240.3775	83.0700	23.7000
244.4063	83.0200	23.3000
248.5026	83.0200	22.8000
252.6676	83.0500	22.0000
256.9023	83.0700	20.8000
261.2081	83.0400	19.4000
265.5860	82.9500	18.1000
270.0373	82.8200	17.1000
274.5632	82.6800	16.5000
279.1649	82.5500	16.2000
283.8438	82.4500	16.0000
288.6011	82.3800	16.0000
293.4381	82.3500	16.0000
298.3562	82.3600	15.9000
303.3567	82.3900	15.7000
308.4410	82.4300	15.2000
313.6106	82.4500	14.5000
318.8668	82.4600	13.7000
324.2111	82.4300	12.9000
329.6449	82.3800	12.2000
335.1698	82.3300	11.6000
340.7874	82.3000	11.1000
346.4991	82.2800	10.4000
352.3065	82.2400	9.6000
358.2112	82.1600	8.7000
364.2149	82.0500	8.0000
370.3193	81.9200	7.6000
376.5259	81.7900	7.4000
382.8366	81.6700	7.4000
389.2530	81.5600	7.6000
395.7770	81.4600	8.1000
402.4103	81.4200	8.8000
409.1548	81.4500	9.4000
416.0123	81.5500	9.8000
422.9848	81.6900	9.8000
430.0741	81.8400	9.3000
437.2823	81.9800	8.4000
444.6112	82.0900	7.2000
452.0630	82.1800	5.6000
459.6397	82.2200	3.5000
467.3434	82.1700	1.0000
475.1762	81.9800	-1.5000
483.1402	81.6700	-3.6000
491.2378	81.2500	-4.9000
499.4710	80.7800	-5.3000
507.8423	80.3200	-4.5000
516.3539	79.9200	-3.3000
525.0081	79.5800	-1.3000
533.8074	79.4700	1.4000
542.7541	79.6200	3.0000
551.8508	79.7200	3.2000
561.0999	79.7000	3.3000
570.5041	79.6400	4.2000
580.0659	79.7200	5.5000
589.7879	79.9500	6.2000
599.6729	80.2200	5.6000
609.7236	80.3500	3.7000
619.9427	80.2400	1.8000
630.3331	80.0100	1.0000
640.8976	79.8500	1.0000
651.6392	79.7800	0.8000
662.5609	79.6800	-0.1000
673.6656	79.4400	-1.0000
684.9564	79.0700	-1.3000
696.4364	78.5900	-0.3000
708.1088	78.1400	2.7000
719.9769	78.0100	7.5000
732.0439	78.3500	11.6000
744.3131	78.8700	13.3000
756.7880	79.2700	13.1000
769.4720	79.5000	12.0000
782.3685	79.5700	10.9000
795.4812	79.5000	10.3000
808.8137	79.3700	10.8000
822.3696	79.3500	12.2000
836.1527	79.4900	13.9000
850.1668	79.7600	15.2000
864.4158	80.1100	15.8000
878.9036	80.5000	15.9000
893.6343	80.9500	15.0000
908.6118	81.3400	12.7000
923.8404	81.5300	9.4000
939.3242	81.5400	6.3000
955.0675	81.4600	3.4000
971.0746	81.2500	0.8000
987.3501	80.9200	-1.2000
1003.8983	80.5600	-2.1000
1020.7239	80.2100	-2.5000
1037.8315	79.8600	-2.4000
1055.2258	79.5400	-1.3000
1072.9116	79.3800	0.4000
1090.8939	79.3700	1.4000
1109.1775	79.3300	1.5000
1127.7676	79.2000	1.7000
1146.6693	78.9900	2.6000
1165.8877	78.8800	4.5000
1185.4283	78.9800	6.2000
1205.2964	79.0900	6.5000
1225.4974	79.0500	7.0000
1246.0371	79.0300	8.2000
1266.9209	79.1100	9.5000
1288.1549	79.2600	10.6000
1309.7446	79.4500	11.6000
1331.6963	79.7100	12.1000
1354.0158	79.9800	12.1000
1376.7095	80.2400	11.4000
1399.7835	80.4300	10.3000
1423.2442	80.5900	9.1000
1447.0981	80.7100	7.5000
1471.3518	80.7500	5.6000
1496.0120	80.6800	3.7000
1521.0856	80.5300	2.3000
1546.5793	80.3900	1.2000
1572.5004	80.2100	0.0000
1598.8559	79.9200	-0.8000
1625.6531	79.6000	-0.7000
1652.8994	79.3100	0.2000
1680.6024	79.0800	1.7000
1708.7697	78.9700	3.6000
1737.4091	79.0000	5.7000
1766.5285	79.1800	7.6000
1796.1360	79.5100	8.6000
1826.2397	79.8100	8.2000
1856.8479	80.0600	7.2000
1887.9691	80.1900	5.4000
1919.6120	80.1400	3.5000
1951.7851	79.9800	2.4000
1984.4975	79.8100	2.2000
2017.7582	79.7300	2.6000
2051.5763	79.6900	3.1000
2085.9612	79.7700	3.9000
2120.9224	80.0200	4.0000
2156.4696	80.2400	2.7000
2192.6126	80.3200	0.9000
2229.3613	80.2800	-1.1000
2266.7259	80.1000	-2.5000
2304.7168	79.9400	-2.8000
2343.3444	79.9100	-2.8000
2382.6195	79.9700	-3.5000
2422.5528	80.0000	-4.7000
2463.1553	80.0100	-6.2000
2504.4384	79.9500	-8.2000
2546.4134	79.7700	-10.2000
2589.0919	79.5300	-11.6000
2632.4858	79.3100	-12.5000
2676.6069	79.1400	-13.7000
2721.4674	78.9300	-15.2000
2767.0799	78.6500	-16.9000
2813.4568	78.2400	-18.5000
2860.6111	77.7000	-19.1000
2908.5556	77.1600	-18.4000
2957.3037	76.7600	-16.8000
3006.8689	76.5200	-15.3000
3057.2647	76.3800	-14.1000
3108.5052	76.2700	-13.5000
3160.6045	76.1100	-13.4000
3213.5770	75.8900	-12.8000
3267.4374	75.7600	-11.8000
3322.2004	75.7000	-11.4000
3377.8813	75.6400	-11.7000
3434.4954	75.4900	-12.6000
3492.0584	75.1900	-13.4000
3550.5862	74.8300	-13.4000
3610.0949	74.5200	-13.1000
3670.6009	74.2200	-13.2000
3732.1211	73.8200	-13.4000
3794.6724	73.3000	-12.8000
3858.2720	72.7700	-11.1000
3922.9376	72.3800	-8.5000
3988.6870	72.1700	-6.1000
4055.5384	72.0200	-4.4000
4123.5102	71.8400	-3.1000
4192.6212	71.6200	-1.8000
4262.8906	71.3400	-0.2000
4334.3377	71.0500	2.4000
4406.9822	70.9200	6.0000
4480.8443	71.0700	9.1000
4555.9444	71.3000	10.5000
4632.3031	71.3500	10.5000
4709.9417	71.1700	11.2000
4788.8814	71.0500	13.1000
4869.1443	71.1100	14.8000
4950.7523	71.1800	15.2000
5033.7281	71.0900	15.4000
5118.0947	70.9600	16.4000
5203.8752	70.9500	17.5000
5291.0934	70.9500	17.8000
5379.7734	70.7700	18.2000
5469.9397	70.5500	20.4000
5561.6173	70.6100	24.2000
5654.8313	71.0800	27.7000
5749.6077	71.8300	29.7000
5845.9725	72.8000	29.4000
5943.9525	73.8200	25.5000
6043.5746	74.5800	17.4000
6144.8664	74.7800	5.8000
6247.8558	74.2500	-6.6000
6352.5714	72.9600	-16.6000
6459.0421	71.1400	-21.8000
6567.2972	69.0800	-21.5000
6677.3667	67.0600	-14.7000
6789.2810	65.8700	-2.9000
6903.0710	66.1000	8.8000
7018.7682	67.5200	15.3000
7136.4045	69.0900	12.3000
7256.0123	70.0100	1.3000
7377.6249	69.9600	-14.3000
7501.2757	68.5600	-29.1000
7626.9989	66.0100	-34.8000
7754.8293	63.1400	-30.0000
7884.8021	60.7500	-15.9000
8016.9533	60.2400	-1.3000
8151.3194	61.1500	6.5000
8287.9375	62.5500	5.0000
8426.8454	63.4500	-4.5000
8568.0814	63.6000	-19.3000
8711.6845	62.3300	-34.3000
8857.6945	60.0000	-39.9000
9006.1516	57.7800	-38.7000
9157.0969	56.3200	-35.9000
9310.5721	55.5700	-38.5000
9466.6196	54.8800	-45.8000
9625.2825	53.5800	-56.1000
9786.6046	52.0600	-59.3000
9950.6305	51.7700	-67.2000
10117.4050	51.1800	-81.0000
10286.9760	49.6300	-93.8000
10459.3880	47.8000	-93.7000
10634.6900	47.6200	-95.1000
10812.9300	48.7400	-101.7000
10994.1570	49.0300	-117.5000
11178.4220	47.6500	-128.8000
11365.7750	45.5300	-119.8000
11556.2680	46.3000	-101.0000
11749.9540	49.8700	-75.6000
11946.8860	53.4200	-80.9000
12147.1190	56.0100	-94.2000
12350.7080	58.0900	-107.7000
12557.7080	59.1400	-126.1000
12768.1790	59.2100	-146.0000
12982.1770	58.8600	-163.3000
13199.7610	58.4900	169.7000
13420.9920	57.5400	161.2000
13645.9310	55.1000	143.6000
13874.6410	51.5000	134.0000
14107.1830	47.4100	135.4000
14343.6230	43.9100	162.2000
14584.0250	43.6800	-139.6000
14828.4570	45.5100	-121.3000
15076.9860	46.6700	-115.0000
15329.6800	47.0400	-109.5000
15586.6090	47.5500	-107.1000
15847.8440	47.8800	-111.0000
16113.4580	47.9600	-114.1000
16383.5240	48.4900	-114.1000
16658.1150	49.2000	-111.7000
16937.3100	49.9400	-116.4000
17221.1830	49.1200	-126.4000
17509.8140	47.0700	-131.2000
17803.2830	45.0800	-123.8000
18101.6700	44.5000	-117.6000
18405.0590	43.9300	-107.1000
18713.5320	44.2300	-100.9000
19027.1760	43.6200	-103.0000
19346.0760	42.9400	-108.0000
19670.3210	42.0500	-108.0000
20000.0000	42.1600	-106.1000