14.97596	55.51	-165.7
15.22696	57.34	-164.9
15.48217	59.29	-164
15.74166	60.89	-163.2
16.00549	61.81	-162.9
16.27375	61.97	-163.7
16.5465	61.51	-165.9
16.82382	60.65	-169.1
17.10579	59.71	-172.4
17.39249	58.98	-174.6
17.68399	58.7	-174.3
17.98038	58.79	-171.6
18.28174	59.1	-166.9
18.58814	59.52	-162
18.89969	59.97	-158.5
19.21645	60.44	-157.2
19.53852	60.93	-157.1
19.86599	61.44	-157.7
20.19895	61.93	-158.6
20.53749	62.35	-159.7
20.8817	62.7	-161
21.23169	63.02	-162.4
21.58753	63.34	-163.7
21.94935	63.69	-164.5
22.31722	64.1	-164.9
22.69126	64.53	-165.1
23.07158	64.94	-165.4
23.45826	65.26	-166
23.85143	65.48	-167.6
24.25118	65.67	-170.1
24.65764	65.87	-172.7
25.07091	66.16	-174.5
25.4911	66.55	-175.8
25.91834	66.95	-176.8
26.35274	67.28	-178.3
26.79441	67.5	-16.7
27.2435	67.66	177.5
27.7001	67.78	174.9
28.16436	67.89	173.2
28.63641	67.99	172.1
29.11636	68.11	171.5
29.60436	68.25	171.2
30.10053	68.44	171.2
30.60502	68.68	171
31.11797	68.98	170.5
31.63952	69.32	169.3
32.1698	69.65	168
32.70898	69.93	166.8
33.25719	70.18	165.7
33.81459	70.42	164.7
34.38133	70.67	163.8
34.95757	70.94	162.8
35.54346	71.25	161.6
36.13918	71.59	160.3
36.74488	71.9	158.9
37.36074	72.18	157.2
37.98691	72.44	155.5
38.62358	72.7	153.8
39.27092	72.95	152.2
39.92911	73.2	150.7
40.59833	73.45	149.2
41.27877	73.73	147.6
41.97061	74.01	145.9
42.67405	74.26	143.8
43.38928	74.47	141.5
44.11649	74.64	139.2
44.8559	74.78	137.1
45.60769	74.89	135.3
46.37209	74.99	133.7
47.1493	75.08	132.3
47.93953	75.2	131
48.74301	75.37	129.8
49.55995	75.6	128.5
50.39059	75.84	126.9
51.23515	76.05	124.8
52.09386	76.2	122.3
52.96697	76.23	119.7
53.85471	76.18	117.5
54.75733	76.06	116
55.67507	75.93	115.4
56.6082	75.88	115.5
57.55697	75.96	116
58.52164	76.17	116.2
59.50247	76.44	115.9
60.49975	76.67	114.9
61.51374	76.87	114
62.54472	77.07	113.1
63.59299	77.28	112.1
64.65882	77.5	111
65.74252	77.7	109.8
66.84438	77.88	108.5
67.96471	78.04	107.2
69.10382	78.19	106
70.26201	78.34	105
71.43962	78.52	104.1
72.63697	78.73	103.1
73.85438	78.95	101.9
75.0922	79.18	100.6
76.35076	79.39	99.1
77.63042	79.59	97.5
78.93152	79.77	95.8
80.25443	79.93	94
81.59952	80.09	92.3
82.96715	80.22	90.4
84.3577	80.32	88.5
85.77155	80.39	86.7
87.2091	80.45	85.2
88.67075	80.53	83.8
90.15689	80.61	82.3
91.66795	80.7	80.8
93.20432	80.77	79.2
94.76645	80.82	77.6
96.35476	80.87	76.1
97.96969	80.92	74.7
99.61168	80.95	73.1
101.2812	80.95	71.6
102.9787	80.91	70.2
104.70465	80.86	69.3
106.45952	80.83	68.7
108.24381	80.86	68.3
110.058	80.97	67.8
111.9026	81.11	66.9
113.77812	81.24	65.5
115.68507	81.28	63.6
117.62398	81.22	61.9
119.59538	81.08	61.2
121.59983	81.01	61.3
123.63787	81.08	61.5
125.71007	81.23	61.2
127.81701	81.39	60.4
129.95925	81.48	59.2
132.1374	81.52	58.1
134.35205	81.55	57.4
136.60383	81.59	56.8
138.89334	81.67	56.3
141.22123	81.77	55.7
143.58813	81.88	54.9
145.9947	81.99	54.1
148.44161	82.12	53.2
150.92953	82.25	52.2
153.45914	82.38	50.9
156.03116	82.49	49.3
158.64628	82.53	47.5
161.30523	82.52	45.7
164.00874	82.43	44.2
166.75757	82.31	43.2
169.55247	82.18	42.8
172.39421	82.1	42.8
175.28358	82.09	43.1
178.22137	82.17	43.5
181.2084	82.33	43.5
184.2455	82.51	43.1
187.3335	82.7	42.3
190.47326	82.87	41.2
193.66564	83	39.8
196.91152	83.09	38.3
200.2118	83.13	36.8
203.5674	83.14	35.6
206.97924	83.15	34.4
210.44827	83.17	33.5
213.97543	83.21	32.5
217.56171	83.26	31.4
221.2081	83.32	30.2
224.9156	83.37	28.7
228.68524	83.35	27.1
232.51806	83.28	25.6
236.41512	83.17	24.4
240.3775	83.07	23.7
244.40628	83.02	23.3
248.50259	83.02	22.8
252.66756	83.05	22
256.90233	83.07	20.8
261.20807	83.04	19.4
265.58598	82.95	18.1
270.03727	82.82	17.1
274.56316	82.68	16.5
279.16491	82.55	16.2
283.84378	82.45	16
288.60107	82.38	16
293.43809	82.35	16
298.35619	82.36	15.9
303.35671	82.39	15.7
308.44104	82.43	15.2
313.61059	82.45	14.5
318.86678	82.46	13.7
324.21107	82.43	12.9
329.64492	82.38	12.2
335.16985	82.33	11.6
340.78738	82.3	11.1
346.49906	82.28	10.4
352.30647	82.24	9.6
358.21121	82.16	8.7
364.21492	82.05	8
370.31925	81.92	7.6
376.5259	81.79	7.4
382.83656	81.67	7.4
389.253	81.56	7.6
395.77697	81.46	8.1
402.41029	81.42	8.8
409.15479	81.45	9.4
416.01232	81.55	9.8
422.98479	81.69	9.8
430.07412	81.84	9.3
437.28226	81.98	8.4
444.61122	82.09	7.2
452.06302	82.18	5.6
459.6397	82.22	3.5
467.34338	82.17	1
475.17617	81.98	-1.5
483.14023	81.67	-3.6
491.23778	81.25	-4.9
499.47105	80.78	-5.3
507.84231	80.32	-4.5
516.35387	79.92	-3.3
525.00808	79.58	-1.3
533.80735	79.47	1.4
542.75409	79.62	3
551.85078	79.72	3.2
561.09994	79.7	3.3
570.50411	79.64	4.2
580.0659	79.72	5.5
589.78794	79.95	6.2
599.67293	80.22	5.6
609.7236	80.35	3.7
619.94272	80.24	1.8
630.33311	80.01	1
640.89765	79.85	1
651.63925	79.78	0.8
662.56088	79.68	-0.1
673.66556	79.44	-1
684.95636	79.07	-1.3
696.4364	78.59	-0.3
708.10884	78.14	2.7
719.97692	78.01	7.5
732.04391	78.35	11.6
744.31315	78.87	13.3
756.78802	79.27	13.1
769.47197	79.5	12
782.36851	79.57	10.9
795.4812	79.5	10.3
808.81366	79.37	10.8
822.36957	79.35	12.2
836.15269	79.49	13.9
850.16681	79.76	15.2
864.41582	80.11	15.8
878.90364	80.5	15.9
893.63428	80.95	15
908.61181	81.34	12.7
923.84036	81.53	9.4
939.32415	81.54	6.3
955.06746	81.46	3.4
971.07462	81.25	0.8
987.35007	80.92	-1.2
1003.8983	80.56	-2.1
1020.7239	80.21	-2.5
1037.8315	79.86	-2.4
1055.2258	79.54	-1.3
1072.9116	79.38	0.4
1090.8939	79.37	1.4
1109.1775	79.33	1.5
1127.7676	79.2	1.7
1146.6693	78.99	2.6
1165.8877	78.88	4.5
1185.4283	78.98	6.2
1205.2964	79.09	6.5
1225.4974	79.05	7
1246.0371	79.03	8.2
1266.9209	79.11	9.5
1288.1549	79.26	10.6
1309.7446	79.45	11.6
1331.6963	79.71	12.1
1354.0158	79.98	12.1
1376.7095	80.24	11.4
1399.7835	80.43	10.3
1423.2442	80.59	9.1
1447.0981	80.71	7.5
1471.3518	80.75	5.6
1496.012	80.68	3.7
1521.0856	80.53	2.3
1546.5793	80.39	1.2
1572.5004	80.21	0
1598.8559	79.92	-0.8
1625.6531	79.6	-0.7
1652.8994	79.31	0.2
1680.6024	79.08	1.7
1708.7697	78.97	3.6
1737.4091	79	5.7
1766.5285	79.18	7.6
1796.136	79.51	8.6
1826.2397	79.81	8.2
1856.8479	80.06	7.2
1887.9691	80.19	5.4
1919.612	80.14	3.5
1951.7851	79.98	2.4
1984.4975	79.81	2.2
2017.7582	79.73	2.6
2051.5763	79.69	3.1
2085.9612	79.77	3.9
2120.9224	80.02	4
2156.4696	80.24	2.7
2192.6126	80.32	0.9
2229.3613	80.28	-1.1
2266.7259	80.1	-2.5
2304.7168	79.94	-2.8
2343.3444	79.91	-2.8
2382.6195	79.97	-3.5
2422.5528	80	-4.7
2463.1553	80.01	-6.2
2504.4384	79.95	-8.2
2546.4134	79.77	-10.2
2589.0919	79.53	-11.6
2632.4858	79.31	-12.5
2676.6069	79.14	-13.7
2721.4674	78.93	-15.2
2767.0799	78.65	-16.9
2813.4568	78.24	-18.5
2860.6111	77.7	-19.1
2908.5556	77.16	-18.4
2957.3037	76.76	-16.8
3006.8689	76.52	-15.3
3057.2647	76.38	-14.1
3108.5052	76.27	-13.5
3160.6045	76.11	-13.4
3213.577	75.89	-12.8
3267.4374	75.76	-11.8
3322.2004	75.7	-11.4
3377.8813	75.64	-11.7
3434.4954	75.49	-12.6
3492.0584	75.19	-13.4
3550.5862	74.83	-13.4
3610.0949	74.52	-13.1
3670.6009	74.22	-13.2
3732.1211	73.82	-13.4
3794.6724	73.3	-12.8
3858.272	72.77	-11.1
3922.9376	72.38	-8.5
3988.687	72.17	-6.1
4055.5384	72.02	-4.4
4123.5102	71.84	-3.1
4192.6212	71.62	-1.8
4262.8906	71.34	-0.2
4334.3377	71.05	2.4
4406.9822	70.92	6
4480.8443	71.07	9.1
4555.9444	71.3	10.5
4632.3031	71.35	10.5
4709.9417	71.17	11.2
4788.8814	71.05	13.1
4869.1443	71.11	14.8
4950.7523	71.18	15.2
5033.7281	71.09	15.4
5118.0947	70.96	16.4
5203.8752	70.95	17.5
5291.0934	70.95	17.8
5379.7734	70.77	18.2
5469.9397	70.55	20.4
5561.6173	70.61	24.2
5654.8313	71.08	27.7
5749.6077	71.83	29.7
5845.9725	72.8	29.4
5943.9525	73.82	25.5
6043.5746	74.58	17.4
6144.8664	74.78	5.8
6247.8558	74.25	-6.6
6352.5714	72.96	-16.6
6459.0421	71.14	-21.8
6567.2972	69.08	-21.5
6677.3667	67.06	-14.7
6789.281	65.87	-2.9
6903.071	66.1	8.8
7018.7682	67.52	15.3
7136.4045	69.09	12.3
7256.0123	70.01	1.3
7377.6249	69.96	-14.3
7501.2757	68.56	-29.1
7626.9989	66.01	-34.8
7754.8293	63.14	-30
7884.8021	60.75	-15.9
8016.9533	60.24	-1.3
8151.3194	61.15	6.5
8287.9375	62.55	5
8426.8454	63.45	-4.5
8568.0814	63.6	-19.3
8711.6845	62.33	-34.3
8857.6945	60	-39.9
9006.1516	57.78	-38.7
9157.0969	56.32	-35.9
9310.5721	55.57	-38.5
9466.6196	54.88	-45.8
9625.2825	53.58	-56.1
9786.6046	52.06	-59.3
9950.6305	51.77	-67.2
10117.405	51.18	-81
10286.976	49.63	-93.8
10459.388	47.8	-93.7
10634.69	47.62	-95.1
10812.93	48.74	-101.7
10994.157	49.03	-117.5
11178.422	47.65	-128.8
11365.775	45.53	-119.8
11556.268	46.3	-101
11749.954	49.87	-75.6
11946.886	53.42	-80.9
12147.119	56.01	-94.2
12350.708	58.09	-107.7
12557.708	59.14	-126.1
12768.179	59.21	-146
12982.177	58.86	-163.3
13199.761	58.49	169.7
13420.992	57.54	161.2
13645.931	55.1	143.6
13874.641	51.5	134
14107.183	47.41	135.4
14343.623	43.91	162.2
14584.025	43.68	-139.6
14828.457	45.51	-121.3
15076.986	46.67	-115
15329.68	47.04	-109.5
15586.609	47.55	-107.1
15847.844	47.88	-111
16113.458	47.96	-114.1
16383.524	48.49	-114.1
16658.115	49.2	-111.7
16937.31	49.94	-116.4
17221.183	49.12	-126.4
17509.814	47.07	-131.2
17803.283	45.08	-123.8
18101.67	44.5	-117.6
18405.059	43.93	-107.1
18713.532	44.23	-100.9
19027.176	43.62	-103
19346.076	42.94	-108
19670.321	42.05	-108
20000	42.16	-106.1
