5.00000	21.930	151.480
5.07273	22.030	151.476
5.14651	22.161	151.471
5.22137	22.335	151.464
5.29732	22.528	151.457
5.37437	22.740	151.449
5.45254	22.952	151.440
5.53185	23.164	151.432
5.61231	23.377	151.424
5.69394	23.589	151.415
5.77676	23.801	151.406
5.86079	24.014	151.397
5.94604	24.226	151.388
6.03252	24.438	151.379
6.12027	24.651	151.370
6.20929	24.863	151.360
6.29961	25.075	151.351
6.39124	25.288	151.341
6.48420	25.500	151.331
6.57851	25.712	151.321
6.67420	25.924	151.311
6.77128	26.137	151.301
6.86977	26.349	151.291
6.96969	26.561	151.280
7.07107	26.774	151.270
7.17392	26.986	151.259
7.27827	27.198	151.248
7.38413	27.411	151.237
7.49154	27.623	151.225
7.60050	27.835	151.214
7.71105	28.047	151.202
7.82321	28.260	151.190
7.93701	28.472	151.178
8.05245	28.684	151.166
8.16958	28.897	151.154
8.28841	29.109	151.141
8.40896	29.321	151.129
8.53128	29.534	151.116
8.65537	29.746	151.103
8.78126	29.958	151.089
8.90899	30.171	151.076
9.03857	30.383	151.062
9.17004	30.595	151.048
9.30342	30.807	151.034
9.43874	31.020	151.020
9.57603	31.232	151.006
9.71532	31.444	150.991
9.85663	31.657	150.976
10.0000	31.869	150.961
10.1455	32.081	150.946
10.2930	32.294	150.930
10.4427	32.506	150.914
10.5946	32.718	150.898
10.7487	32.930	150.882
10.9051	33.143	150.866
11.0637	33.355	150.849
11.2246	33.567	150.832
11.3879	33.780	150.815
11.5535	33.992	150.797
11.7216	34.204	150.780
11.8921	34.417	150.762
12.0650	34.629	150.743
12.2405	34.841	150.725
12.4186	35.054	150.706
12.5992	35.266	150.687
12.7825	35.478	150.668
12.9684	35.690	150.648
13.1570	35.903	150.629
13.3484	36.115	150.608
13.5426	36.327	150.588
13.7395	36.540	150.567
13.9394	36.752	150.546
14.1421	36.964	150.525
14.3478	37.177	150.503
14.5565	37.389	150.481
14.7683	37.601	150.458
14.9831	37.814	150.435
15.2010	38.026	150.412
15.4221	38.238	150.389
15.6464	38.450	150.365
15.8740	38.663	150.341
16.1049	38.875	150.316
16.3392	39.087	150.291
16.5768	39.300	150.266
16.8179	39.512	150.240
17.0626	39.724	150.215
17.3107	39.937	150.188
17.5625	40.149	150.161
17.8180	40.361	150.134
18.0771	40.573	150.107
18.3401	40.786	150.079
18.6068	40.998	150.051
18.8775	41.210	150.022
19.1521	41.423	149.993
19.4306	41.635	149.963
19.7133	41.847	149.933
20.0000	42.060	149.903
20.2909	42.272	149.872
20.5860	42.484	149.840
20.8855	42.697	149.809
21.1893	42.909	149.776
21.4975	43.121	149.744
21.8102	43.333	149.710
22.1274	43.546	149.677
22.4492	43.758	149.643
22.7758	43.970	149.608
23.1071	44.183	149.573
23.4432	44.395	149.537
23.7841	44.607	149.501
24.1301	44.820	149.464
24.4811	45.032	149.427
24.8372	45.244	149.389
25.1984	45.456	149.351
25.5649	45.669	149.312
25.9368	45.881	149.272
26.3141	46.093	149.232
26.6968	46.306	149.192
27.0851	46.518	149.150
27.4791	46.730	149.109
27.8788	46.943	149.066
28.2843	47.155	149.023
28.6957	47.367	148.980
29.1131	47.580	148.935
29.5365	47.792	148.890
29.9661	48.004	148.845
30.4020	48.216	148.798
30.8442	48.429	148.752
31.2929	48.641	148.704
31.7480	48.853	148.656
32.2098	49.066	148.607
32.6783	49.278	148.557
33.1536	49.490	148.506
33.6359	49.703	148.455
34.1251	49.915	148.403
34.6215	50.127	148.351
35.1250	50.339	148.297
35.6359	50.552	148.243
36.1543	50.764	148.188
36.6802	50.976	148.132
37.2137	51.189	148.075
37.7550	51.401	148.018
38.3041	51.613	147.960
38.8613	51.826	147.901
39.4265	52.038	147.841
40.0000	52.250	147.780
40.5818	52.463	147.718
41.1721	52.675	147.655
41.7710	52.887	147.592
42.3785	53.099	147.527
42.9949	53.312	147.462
43.6203	53.524	147.395
44.2548	53.736	147.328
44.8985	53.949	147.260
45.5515	54.161	147.190
46.2141	54.373	147.120
46.8863	54.586	147.049
47.5683	54.798	146.976
48.2602	55.010	146.903
48.9621	55.223	146.828
49.6743	55.435	146.753
50.3968	55.647	146.676
51.1299	55.859	146.598
51.8736	56.072	146.519
52.6281	56.284	146.439
53.3936	56.496	146.358
54.1702	56.709	146.276
54.9581	56.921	146.192
55.7575	57.133	146.107
56.5685	57.346	146.021
57.3914	57.558	145.934
58.2261	57.770	145.845
59.0730	57.982	145.755
59.9323	58.195	145.664
60.8040	58.407	145.571
61.6884	58.619	145.477
62.5857	58.832	145.382
63.4960	59.044	145.285
64.4196	59.256	145.187
65.3566	59.469	145.088
66.3073	59.681	144.987
67.2717	59.893	144.885
68.2502	60.106	144.781
69.2429	60.318	144.675
70.2501	60.530	144.568
71.2719	60.742	144.460
72.3086	60.955	144.350
73.3603	61.167	144.238
74.4274	61.379	144.125
75.5099	61.592	144.010
76.6083	61.804	143.893
77.7226	62.016	143.775
78.8531	62.229	143.655
80.0000	62.441	143.533
81.1636	62.653	143.409
82.3442	62.865	143.284
83.5419	63.078	143.157
84.7570	63.290	143.028
85.9899	63.502	142.897
87.2406	63.715	142.764
88.5096	63.927	142.629
89.7970	64.139	142.492
91.1031	64.352	142.354
92.4282	64.564	142.213
93.7726	64.776	142.070
95.1366	64.989	141.925
96.5204	65.201	141.778
97.9243	65.413	141.629
99.3486	65.625	141.478
100.794	65.838	141.324
102.260	66.050	141.169
103.747	66.262	141.011
105.256	66.475	140.851
106.787	66.687	140.688
108.340	66.899	140.523
109.916	67.112	140.356
111.515	67.324	140.186
113.137	67.536	140.014
114.783	67.748	139.839
116.452	67.961	139.662
118.146	68.173	139.482
119.865	68.385	139.300
121.608	68.598	139.115
123.377	68.810	138.927
125.171	69.022	138.737
126.992	69.235	138.544
128.839	69.447	138.348
130.713	69.659	138.150
132.615	69.872	137.948
134.543	70.084	137.744
136.500	70.296	137.537
138.486	70.508	137.327
140.500	70.721	137.114
142.544	70.933	136.897
144.617	71.145	136.678
146.721	71.358	136.456
148.855	71.570	136.231
151.020	71.782	136.003
153.217	71.995	135.772
155.445	72.207	135.537
157.706	72.419	135.299
160.000	72.632	135.059
162.327	72.844	134.815
164.688	73.056	134.568
167.084	73.268	134.318
169.514	73.481	134.064
171.980	73.693	133.808
174.481	73.905	133.549
177.019	74.118	133.287
179.594	74.330	133.022
182.206	74.542	132.754
184.856	74.755	132.484
187.545	74.967	132.212
190.273	75.179	131.938
193.041	75.391	131.663
195.849	75.604	131.388
198.697	75.816	131.113
201.587	76.028	130.839
204.520	76.241	130.570
207.494	76.453	130.309
210.512	76.665	130.062
213.574	76.878	129.847
216.681	77.096	129.687
219.833	77.326	129.591
223.030	77.584	129.516
226.274	77.872	129.329
229.565	78.177	128.891
232.905	78.476	128.130
236.292	78.739	127.110
239.729	78.945	125.976
243.216	79.092	124.933
246.754	79.205	124.170
250.343	79.314	123.727
253.984	79.441	123.501
257.678	79.589	123.410
261.426	79.756	123.413
265.229	79.941	123.450
269.087	80.143	123.536
273.001	80.366	123.621
276.972	80.625	123.680
281.000	80.906	123.570
285.088	81.191	123.245
289.234	81.473	122.798
293.441	81.744	122.279
297.709	81.995	121.740
302.040	82.240	121.278
306.433	82.489	120.847
310.890	82.753	120.463
315.412	83.041	120.010
320.000	83.355	119.406
324.655	83.683	118.633
329.377	84.018	117.602
334.168	84.330	116.312
339.028	84.596	114.907
343.959	84.828	113.446
348.962	85.019	112.004
354.038	85.173	110.721
359.188	85.323	109.617
364.412	85.473	108.646
369.713	85.655	107.781
375.090	85.854	106.869
380.546	86.045	105.872
386.081	86.241	104.842
391.697	86.422	103.776
397.394	86.581	102.744
403.175	86.748	101.780
409.039	86.923	100.835
414.989	87.114	99.867
421.025	87.301	98.812
427.149	87.486	97.689
433.362	87.664	96.519
439.665	87.825	95.313
446.060	87.974	94.127
452.548	88.109	93.006
459.131	88.230	91.966
465.809	88.353	91.041
472.584	88.492	90.211
479.458	88.662	89.398
486.432	88.869	88.510
493.507	89.099	87.518
500.686	89.337	86.220
507.968	89.531	84.714
515.357	89.683	83.084
522.853	89.806	81.293
530.458	89.881	79.532
538.174	89.936	77.938
546.002	90.003	76.444
553.943	90.051	75.092
562.001	90.111	73.799
570.175	90.198	72.447
578.469	90.292	70.996
586.883	90.387	69.480
595.419	90.450	67.984
604.080	90.458	66.668
612.866	90.437	65.604
621.780	90.389	64.794
630.824	90.352	64.192
640.000	90.354	63.662
649.309	90.383	63.126
658.753	90.447	62.532
668.335	90.535	61.855
678.056	90.643	61.129
687.919	90.766	60.299
697.925	90.890	59.353
708.077	91.004	58.302
718.376	91.102	57.151
728.825	91.181	55.930
739.426	91.240	54.681
750.181	91.276	53.438
761.093	91.281	52.257
772.163	91.250	51.177
783.394	91.188	50.222
794.789	91.107	49.413
806.349	91.022	48.750
818.078	90.961	48.212
829.977	90.935	47.743
842.050	90.945	47.294
854.298	90.989	46.844
866.724	91.048	46.346
879.330	91.106	45.802
892.120	91.159	45.237
905.097	91.206	44.636
918.262	91.247	43.995
931.618	91.279	43.327
945.169	91.310	42.644
958.917	91.342	41.963
972.864	91.378	41.297
987.015	91.428	40.632
1001.37	91.493	39.903
1015.94	91.565	39.022
1030.71	91.626	37.927
1045.71	91.640	36.650
1060.92	91.577	35.361
1076.35	91.448	34.329
1092.00	91.277	33.726
1107.89	91.120	33.646
1124.00	91.039	33.988
1140.35	91.051	34.398
1156.94	91.121	34.587
1173.77	91.201	34.456
1190.84	91.252	34.047
1208.16	91.254	33.541
1225.73	91.221	33.081
1243.56	91.181	32.741
1261.65	91.155	32.542
1280.00	91.156	32.449
1298.62	91.181	32.401
1317.51	91.231	32.374
1336.67	91.299	32.350
1356.11	91.375	32.327
1375.84	91.458	32.297
1395.85	91.549	32.244
1416.15	91.655	32.134
1436.75	91.780	31.925
1457.65	91.917	31.595
1478.85	92.049	31.132
1500.36	92.165	30.545
1522.19	92.252	29.870
1544.33	92.308	29.148
1566.79	92.346	28.412
1589.58	92.375	27.712
1612.70	92.410	27.055
1636.16	92.452	26.420
1659.95	92.499	25.793
1684.10	92.557	25.134
1708.60	92.620	24.395
1733.45	92.677	23.581
1758.66	92.726	22.716
1784.24	92.758	21.833
1810.19	92.768	20.985
1836.52	92.755	20.214
1863.24	92.726	19.527
1890.34	92.685	18.920
1917.83	92.638	18.367
1945.73	92.590	17.834
1974.03	92.548	17.296
2002.74	92.517	16.734
2031.87	92.499	16.113
2061.43	92.482	15.440
2091.41	92.461	14.747
2121.83	92.425	14.090
2152.69	92.372	13.539
2184.01	92.309	13.139
2215.77	92.250	12.882
2248.00	92.208	12.734
2280.70	92.186	12.630
2313.87	92.181	12.530
2347.53	92.192	12.412
2381.68	92.208	12.283
2416.32	92.226	12.149
2451.46	92.244	12.027
2487.12	92.265	11.921
2523.30	92.301	11.826
2560.00	92.355	11.677
2597.24	92.426	11.377
2635.01	92.499	10.885
2673.34	92.557	10.197
2712.23	92.582	9.401
2751.68	92.571	8.629
2791.70	92.539	7.978
2832.31	92.511	7.442
2873.50	92.494	6.946
2915.30	92.493	6.404
2957.70	92.498	5.750
3000.72	92.486	4.974
3044.37	92.437	4.192
3088.65	92.351	3.475
3133.58	92.229	2.877
3179.16	92.081	2.448
3225.40	91.923	2.263
3272.31	91.776	2.346
3319.91	91.654	2.671
3368.20	91.568	3.193
3417.19	91.518	3.842
3466.89	91.508	4.475
3517.32	91.523	5.015
3568.48	91.546	5.493
3620.39	91.579	5.966
3673.05	91.623	6.503
3726.47	91.702	7.119
3780.67	91.837	7.669
3835.67	92.027	7.969
3891.46	92.249	7.839
3948.06	92.458	7.231
4005.49	92.623	6.271
4063.75	92.730	5.114
4122.86	92.779	3.925
4182.82	92.797	2.834
4243.66	92.803	1.822
4305.39	92.804	0.854
4368.01	92.802	-0.153
4431.55	92.773	-1.186
4496.01	92.702	-2.138
4561.40	92.597	-2.952
4627.75	92.455	-3.563
4695.06	92.298	-3.901
4763.35	92.158	-4.036
4832.64	92.041	-4.028
4902.93	91.956	-3.927
4974.24	91.892	-3.796
5046.60	91.841	-3.595
5120.00	91.803	-3.310
5194.47	91.777	-2.974
5270.03	91.767	-2.547
5346.68	91.792	-2.090
5424.45	91.852	-1.725
5503.35	91.940	-1.521
5583.40	92.040	-1.553
5664.61	92.133	-1.796
5747.01	92.206	-2.154
5830.60	92.257	-2.541
5915.41	92.298	-2.878
6001.45	92.347	-3.172
6088.74	92.404	-3.501
6177.30	92.473	-3.953
6267.15	92.538	-4.563
6358.31	92.584	-5.307
6450.80	92.605	-6.092
6544.62	92.602	-6.822
6639.82	92.584	-7.456
6736.40	92.565	-7.993
6834.38	92.551	-8.475
6933.79	92.553	-9.014
7034.64	92.550	-9.662
7136.96	92.529	-10.385
7240.77	92.485	-11.110
7346.09	92.411	-11.751
7452.94	92.324	-12.193
7561.35	92.246	-12.428
7671.33	92.184	-12.519
7782.91	92.151	-12.540
7896.12	92.137	-12.580
8010.97	92.137	-12.680
8127.49	92.144	-12.833
8245.71	92.162	-13.056
8365.65	92.186	-13.388
8487.33	92.206	-13.830
8610.78	92.218	-14.391
8736.03	92.210	-15.023
8863.09	92.180	-15.673
8992.01	92.128	-16.275
9122.80	92.056	-16.760
9255.50	91.975	-17.085
9390.12	91.895	-17.260
9526.70	91.826	-17.307
9665.27	91.775	-17.292
9805.86	91.744	-17.277
9948.49	91.725	-17.332
10093.2	91.700	-17.423
10240.0	91.673	-17.473
10388.9	91.652	-17.390
10540.1	91.667	-17.193
10693.4	91.728	-17.072
10848.9	91.819	-17.189
11006.7	91.914	-17.706
11166.8	91.960	-18.622
11329.2	91.931	-19.685
11494.0	91.832	-20.658
11661.2	91.682	-21.290
11830.8	91.530	-21.460
12002.9	91.399	-21.254
12177.5	91.307	-20.767
12354.6	91.254	-20.163
12534.3	91.225	-19.516
12716.6	91.222	-18.787
12901.6	91.253	-18.022
13089.2	91.325	-17.199
13279.6	91.448	-16.391
13472.8	91.619	-15.734
13668.8	91.829	-15.318
13867.6	92.071	-15.213
14069.3	92.337	-15.512
14273.9	92.610	-16.226
14481.5	92.877	-17.343
14692.2	93.116	-18.872
14905.9	93.298	-20.729
15122.7	93.403	-22.715
15342.7	93.436	-24.699
15565.8	93.404	-26.503
15792.2	93.337	-28.022
16021.9	93.254	-29.247
16255.0	93.173	-30.202
16491.4	93.110	-30.937
16731.3	93.081	-31.513
16974.7	93.093	-32.046
17221.6	93.150	-32.706
17472.1	93.228	-33.611
17726.2	93.302	-34.817
17984.0	93.343	-36.240
18245.6	93.341	-37.731
18511.0	93.305	-39.165
18780.2	93.255	-40.480
19053.4	93.199	-41.667
19330.5	93.155	-42.785
19611.7	93.122	-43.918
19897.0	93.092	-45.096
20186.4	93.065	-46.349
20480.0	93.031	-47.714
20777.9	92.978	-49.171
21080.1	92.898	-50.676
21386.7	92.788	-52.114
21697.8	92.651	-53.389
22013.4	92.507	-54.427
22333.6	92.382	-55.229
22658.4	92.295	-55.953
22988.0	92.249	-56.773
23322.4	92.223	-57.851
23661.6	92.178	-59.203
24005.8	92.094	-60.686
24355.0	91.955	-62.122
24709.2	91.783	-63.347
25068.6	91.612	-64.310
25433.2	91.457	-65.048
25803.2	91.335	-65.715
26178.5	91.241	-66.443
26559.3	91.162	-67.251
26945.6	91.089	-68.234
27337.5	91.012	-69.351
27735.2	90.916	-70.617
28138.6	90.788	-71.928
28547.9	90.633	-73.137
28963.1	90.469	-74.206
29384.4	90.307	-75.098
29811.8	90.175	-75.865
30245.4	90.078	-76.692
30685.3	90.001	-77.697
31131.7	89.926	-78.957
31584.5	89.836	-80.433
32043.9	89.706	-82.075
32510.0	89.527	-83.799
32982.8	89.287	-85.407
33462.6	89.006	-86.761
33949.3	88.698	-87.814
34443.1	88.383	-88.441
34944.1	88.110	-88.686
35452.4	87.895	-88.781
35968.0	87.742	-88.895
36491.2	87.653	-89.237
37022.0	87.601	-89.972
37560.5	87.566	-91.169
38106.8	87.535	-92.585
38661.1	87.500	-94.251
39223.4	87.466	-95.643
39793.9	87.439	-96.800
