5.00000	51.200	130.356
5.07273	51.288	130.316
5.14651	51.403	130.265
5.22137	51.556	130.203
5.29732	51.725	130.143
5.37437	51.912	130.079
5.45254	52.099	130.018
5.53185	52.286	129.957
5.61231	52.472	129.895
5.69394	52.659	129.833
5.77676	52.846	129.769
5.86079	53.033	129.706
5.94604	53.219	129.641
6.03252	53.406	129.576
6.12027	53.593	129.510
6.20929	53.780	129.443
6.29961	53.966	129.376
6.39124	54.153	129.307
6.48420	54.340	129.238
6.57851	54.526	129.167
6.67420	54.713	129.096
6.77128	54.900	129.024
6.86977	55.087	128.951
6.96969	55.273	128.877
7.07107	55.460	128.802
7.17392	55.647	128.726
7.27827	55.834	128.649
7.38413	56.020	128.571
7.49154	56.207	128.492
7.60050	56.394	128.412
7.71105	56.581	128.331
7.82321	56.767	128.249
7.93701	56.954	128.165
8.05245	57.141	128.080
8.16958	57.327	127.995
8.28841	57.514	127.907
8.40896	57.701	127.819
8.53128	57.888	127.730
8.65537	58.074	127.639
8.78126	58.261	127.547
8.90899	58.448	127.453
9.03857	58.635	127.359
9.17004	58.821	127.263
9.30342	59.008	127.165
9.43874	59.195	127.067
9.57603	59.382	126.966
9.71532	59.568	126.865
9.85663	59.755	126.762
10.0000	59.942	126.657
10.1455	60.128	126.551
10.2930	60.315	126.443
10.4427	60.502	126.334
10.5946	60.689	126.224
10.7487	60.875	126.111
10.9051	61.062	125.997
11.0637	61.249	125.882
11.2246	61.436	125.764
11.3879	61.622	125.645
11.5535	61.809	125.525
11.7216	61.996	125.402
11.8921	62.183	125.278
12.0650	62.369	125.152
12.2405	62.556	125.023
12.4186	62.743	124.894
12.5992	62.929	124.762
12.7825	63.116	124.628
12.9684	63.303	124.492
13.1570	63.490	124.354
13.3484	63.676	124.214
13.5426	63.863	124.073
13.7395	64.050	123.929
13.9394	64.237	123.782
14.1421	64.423	123.634
14.3478	64.610	123.483
14.5565	64.797	123.330
14.7683	64.983	123.175
14.9831	65.170	123.017
15.2010	65.357	122.856
15.4221	65.544	122.693
15.6464	65.730	122.527
15.8740	65.917	122.359
16.1049	66.104	122.188
16.3392	66.291	122.014
16.5768	66.477	121.838
16.8179	66.664	121.659
17.0626	66.851	121.476
17.3107	67.038	121.291
17.5625	67.224	121.103
17.8180	67.411	120.912
18.0771	67.598	120.717
18.3401	67.784	120.519
18.6068	67.971	120.317
18.8775	68.158	120.112
19.1521	68.345	119.902
19.4306	68.531	119.688
19.7133	68.718	119.469
20.0000	68.905	119.243
20.2909	69.092	119.009
20.5860	69.278	118.762
20.8855	69.461	118.507
21.1893	69.641	118.254
21.4975	69.817	118.022
21.8102	69.995	117.808
22.1274	70.177	117.592
22.4492	70.358	117.371
22.7758	70.537	117.158
23.1071	70.715	116.961
23.4432	70.895	116.786
23.7841	71.083	116.614
24.1301	71.268	116.452
24.4811	71.472	116.267
24.8372	71.675	116.001
25.1984	71.864	115.714
25.5649	72.054	115.433
25.9368	72.236	115.152
26.3141	72.410	114.933
26.6968	72.602	114.753
27.0851	72.798	114.562
27.4791	73.003	114.358
27.8788	73.218	114.104
28.2843	73.432	113.782
28.6957	73.641	113.430
29.1131	73.856	113.033
29.5365	74.065	112.570
29.9661	74.259	112.097
30.4020	74.457	111.613
30.8442	74.639	111.134
31.2929	74.822	110.699
31.7480	75.013	110.263
32.2098	75.198	109.825
32.6783	75.395	109.374
33.1536	75.591	108.861
33.6359	75.774	108.329
34.1251	75.959	107.796
34.6215	76.138	107.251
35.1250	76.317	106.694
35.6359	76.485	106.139
36.1543	76.651	105.615
36.6802	76.820	105.097
37.2137	76.982	104.597
37.7550	77.146	104.142
38.3041	77.323	103.690
38.8613	77.504	103.205
39.4265	77.689	102.676
40.0000	77.874	102.096
40.5818	78.054	101.469
41.1721	78.230	100.787
41.7710	78.388	100.090
42.3785	78.538	99.417
42.9949	78.684	98.767
43.6203	78.819	98.166
44.2548	78.965	97.594
44.8985	79.106	97.029
45.5515	79.247	96.485
46.2141	79.392	95.941
46.8863	79.527	95.416
47.5683	79.672	94.907
48.2602	79.813	94.396
48.9621	79.954	93.903
49.6743	80.098	93.410
50.3968	80.232	92.941
51.1299	80.374	92.514
51.8736	80.517	92.117
52.6281	80.669	91.761
53.3936	80.843	91.384
54.1702	81.023	90.938
54.9581	81.210	90.414
55.7575	81.392	89.809
56.5685	81.565	89.156
57.3914	81.727	88.494
58.2261	81.884	87.863
59.0730	82.049	87.252
59.9323	82.225	86.604
60.8040	82.404	85.885
61.6884	82.578	85.106
62.5857	82.746	84.278
63.4960	82.904	83.430
64.4196	83.062	82.572
65.3566	83.226	81.652
66.3073	83.374	80.681
67.2717	83.521	79.667
68.2502	83.652	78.593
69.2429	83.758	77.529
70.2501	83.858	76.508
71.2719	83.945	75.517
72.3086	84.021	74.593
73.3603	84.100	73.723
74.4274	84.171	72.890
75.5099	84.238	72.130
76.6083	84.313	71.419
77.7226	84.390	70.717
78.8531	84.459	70.063
80.0000	84.543	69.447
81.1636	84.628	68.816
82.3442	84.706	68.214
83.5419	84.799	67.625
84.7570	84.889	67.019
85.9899	84.981	66.419
87.2406	85.078	65.800
88.5096	85.165	65.185
89.7970	85.260	64.587
91.1031	85.352	63.989
92.4282	85.446	63.411
93.7726	85.551	62.829
95.1366	85.658	62.215
96.5204	85.766	61.574
97.9243	85.870	60.923
99.3486	85.977	60.279
100.794	86.099	59.595
102.260	86.216	58.859
103.747	86.345	58.061
105.256	86.474	57.142
106.787	86.585	56.133
108.340	86.686	55.060
109.916	86.768	53.937
111.515	86.826	52.814
113.137	86.869	51.724
114.783	86.891	50.687
116.452	86.900	49.748
118.146	86.903	48.916
119.865	86.903	48.193
121.608	86.907	47.575
123.377	86.918	47.051
125.171	86.945	46.590
126.992	86.986	46.144
128.839	87.037	45.689
130.713	87.095	45.231
132.615	87.168	44.738
134.543	87.244	44.189
136.500	87.330	43.577
138.486	87.421	42.851
140.500	87.499	42.014
142.544	87.556	41.120
144.617	87.594	40.215
146.721	87.607	39.366
148.855	87.612	38.617
151.020	87.612	37.969
153.217	87.616	37.425
155.445	87.628	36.977
157.706	87.660	36.589
160.000	87.714	36.194
162.327	87.789	35.722
164.688	87.877	35.108
167.084	87.958	34.342
169.514	88.020	33.474
171.980	88.061	32.557
174.481	88.078	31.658
177.019	88.084	30.819
179.594	88.085	30.034
182.206	88.085	29.289
184.856	88.085	28.558
187.545	88.079	27.829
190.273	88.065	27.105
193.041	88.032	26.426
195.849	87.988	25.853
198.697	87.942	25.398
201.587	87.898	25.068
204.520	87.867	24.858
207.494	87.860	24.707
210.512	87.868	24.571
213.574	87.900	24.403
216.681	87.945	24.141
219.833	87.991	23.786
223.030	88.035	23.346
226.274	88.067	22.838
229.565	88.080	22.331
232.905	88.085	21.874
236.292	88.085	21.481
239.729	88.091	21.156
243.216	88.104	20.881
246.754	88.136	20.610
250.343	88.181	20.273
253.984	88.227	19.858
257.678	88.272	19.365
261.426	88.303	18.806
265.229	88.316	18.246
269.087	88.322	17.728
273.001	88.322	17.254
276.972	88.322	16.826
281.000	88.322	16.432
285.088	88.322	16.074
289.234	88.322	15.763
293.441	88.327	15.502
297.709	88.340	15.293
302.040	88.374	15.100
306.433	88.427	14.854
310.890	88.489	14.525
315.412	88.570	14.056
320.000	88.644	13.397
324.655	88.692	12.603
329.377	88.718	11.730
334.168	88.702	10.854
339.028	88.655	10.076
343.959	88.583	9.476
348.962	88.504	9.118
354.038	88.447	8.969
359.188	88.422	8.929
364.412	88.430	8.888
369.713	88.463	8.753
375.090	88.502	8.489
380.546	88.535	8.112
386.081	88.551	7.686
391.697	88.557	7.272
397.394	88.558	6.883
403.175	88.558	6.522
409.039	88.558	6.180
414.989	88.558	5.852
421.025	88.558	5.539
427.149	88.558	5.240
433.362	88.558	4.956
439.665	88.558	4.691
446.060	88.558	4.451
452.548	88.558	4.249
459.131	88.564	4.091
465.809	88.577	3.973
472.584	88.609	3.861
479.458	88.655	3.697
486.432	88.705	3.475
493.507	88.761	3.193
500.686	88.822	2.829
507.968	88.877	2.387
515.357	88.928	1.887
522.853	88.973	1.332
530.458	89.007	0.728
538.174	89.023	0.118
546.002	89.030	-0.457
553.943	89.031	-0.991
562.001	89.031	-1.486
570.175	89.031	-1.954
578.469	89.031	-2.403
586.883	89.031	-2.836
595.419	89.031	-3.255
604.080	89.031	-3.662
612.866	89.031	-4.057
621.780	89.031	-4.441
630.824	89.031	-4.813
640.000	89.031	-5.172
649.309	89.031	-5.517
658.753	89.031	-5.848
668.335	89.031	-6.160
678.056	89.031	-6.452
687.919	89.031	-6.718
697.925	89.031	-6.950
708.077	89.031	-7.136
718.376	89.031	-7.251
728.825	89.037	-7.261
739.426	89.063	-7.159
750.181	89.123	-6.984
761.093	89.240	-6.884
772.163	89.390	-7.016
783.394	89.558	-7.437
794.789	89.722	-8.181
806.349	89.841	-9.162
818.078	89.916	-10.211
829.977	89.958	-11.221
842.050	89.977	-12.128
854.298	89.995	-12.906
866.724	90.027	-13.626
879.330	90.073	-14.367
892.120	90.118	-15.158
905.097	90.163	-16.009
918.262	90.195	-16.912
931.618	90.207	-17.807
945.169	90.213	-18.653
958.917	90.213	-19.444
972.864	90.213	-20.174
987.015	90.215	-20.846
1001.37	90.224	-21.465
1015.94	90.246	-22.050
1030.71	90.284	-22.643
1045.71	90.333	-23.282
1060.92	90.389	-23.969
1076.35	90.455	-24.719
1092.00	90.525	-25.555
1107.89	90.593	-26.456
1124.00	90.674	-27.443
1140.35	90.754	-28.573
1156.94	90.818	-29.817
1173.77	90.870	-31.137
1190.84	90.904	-32.518
1208.16	90.916	-33.910
1225.73	90.922	-35.296
1243.56	90.916	-36.684
1261.65	90.904	-38.080
1280.00	90.872	-39.458
1298.62	90.827	-40.770
1317.51	90.782	-42.016
1336.67	90.737	-43.204
1356.11	90.704	-44.358
1375.84	90.691	-45.565
1395.85	90.680	-46.893
1416.15	90.659	-48.352
1436.75	90.606	-49.899
1457.65	90.508	-51.401
1478.85	90.380	-52.736
1500.36	90.245	-53.857
1522.19	90.120	-54.762
1544.33	90.035	-55.532
1566.79	89.994	-56.329
1589.58	89.979	-57.274
1612.70	89.973	-58.414
1636.16	89.962	-59.766
1659.95	89.927	-61.301
1684.10	89.854	-62.957
1708.60	89.730	-64.636
1733.45	89.545	-66.184
1758.66	89.321	-67.462
1784.24	89.078	-68.389
1810.19	88.836	-68.898
1836.52	88.641	-69.024
1863.24	88.513	-68.928
1890.34	88.456	-68.774
1917.83	88.480	-68.775
1945.73	88.552	-69.117
1974.03	88.637	-69.824
2002.74	88.717	-70.860
2031.87	88.767	-72.149
2061.43	88.787	-73.573
2091.41	88.794	-75.097
2121.83	88.787	-76.741
2152.69	88.762	-78.531
2184.01	88.695	-80.454
2215.77	88.564	-82.388
2248.00	88.369	-84.190
2280.70	88.107	-85.678
2313.87	87.806	-86.627
2347.53	87.531	-86.951
2381.68	87.332	-86.772
2416.32	87.242	-86.336
2451.46	87.274	-85.996
2487.12	87.394	-86.045
2523.30	87.569	-86.633
2560.00	87.744	-87.763
2597.24	87.886	-89.282
2635.01	87.998	-91.051
2673.34	88.080	-92.987
2712.23	88.147	-95.045
2751.68	88.221	-97.262
2791.70	88.298	-99.733
2832.31	88.366	-102.535
2873.50	88.387	-105.669
2915.30	88.340	-109.038
2957.70	88.217	-112.539
3000.72	88.011	-116.060
3044.37	87.733	-119.460
3088.65	87.405	-122.711
3133.58	87.015	-125.742
3179.16	86.585	-128.511
3225.40	86.118	-131.015
3272.31	85.603	-133.183
3319.91	85.069	-134.961
3368.20	84.515	-136.342
3417.19	83.940	-137.236
3466.89	83.388	-137.609
3517.32	82.851	-137.460
3568.48	82.377	-136.787
3620.39	81.981	-135.724
3673.05	81.674	-134.387
3726.47	81.475	-132.961
3780.67	81.378	-131.656
3835.67	81.365	-130.611
3891.46	81.433	-129.949
3948.06	81.558	-129.764
4005.49	81.734	-130.137
4063.75	81.945	-131.186
4122.86	82.159	-133.010
4182.82	82.332	-135.608
4243.66	82.425	-138.946
4305.39	82.363	-142.864
4368.01	82.101	-147.087
4431.55	81.580	-151.161
4496.01	80.791	-154.637
4561.40	79.694	-156.588
4627.75	78.441	-155.712
4695.06	77.356	-150.728
4763.35	76.760	-140.852
4832.64	77.143	-128.993
4902.93	78.495	-121.516
4974.24	80.331	-120.050
5046.60	82.132	-123.495
5120.00	83.572	-129.833
5194.47	84.598	-137.866
5270.03	85.158	-147.067
5346.68	85.270	-156.738
5424.45	85.049	-166.088
5503.35	84.552	-174.888
5583.40	83.860	177.190
5664.61	83.060	170.149
5747.01	82.228	163.933
5830.60	81.403	158.390
5915.41	80.607	153.252
6001.45	79.785	148.198
6088.74	78.837	143.245
6177.30	77.731	138.590
6267.15	76.405	134.684
6358.31	74.886	132.138
6450.80	73.295	131.501
6544.62	71.733	133.425
6639.82	70.466	137.990
6736.40	69.713	143.474
6834.38	69.320	147.949
6933.79	69.134	150.479
7034.64	68.922	151.339
7136.96	68.527	151.278
7240.77	67.899	151.170
7346.09	67.039	152.143
7452.94	66.154	155.190
7561.35	65.484	160.530
7671.33	65.151	167.496
7782.91	65.292	174.080
7896.12	65.774	178.359
8010.97	66.345	-179.741
8127.49	66.858	-179.564
8245.71	67.222	179.692
8365.65	67.474	178.570
8487.33	67.685	177.230
8610.78	67.892	175.559
8736.03	68.102	173.376
8863.09	68.271	170.527
8992.01	68.315	167.108
9122.80	68.162	163.473
9255.50	67.796	160.111
9390.12	67.247	157.607
9526.70	66.653	156.428
9665.27	66.199	156.515
9805.86	65.986	157.129
9948.49	66.003	157.263
10093.2	66.146	156.267
10240.0	66.237	154.144
10388.9	66.157	151.403
10540.1	65.897	148.714
10693.4	65.522	146.569
10848.9	65.125	145.262
11006.7	64.835	144.772
11166.8	64.747	144.591
11329.2	64.897	143.928
11494.0	65.243	142.003
11661.2	65.658	138.431
11830.8	66.009	133.256
12002.9	66.182	126.781
12177.5	66.085	119.331
12354.6	65.645	111.472
12534.3	64.839	103.604
12716.6	63.614	96.600
12901.6	62.064	91.152
13089.2	60.359	87.678
13279.6	58.595	86.885
13472.8	57.013	88.798
13668.8	55.811	92.098
13867.6	54.803	96.176
14069.3	54.042	100.971
14273.9	53.550	106.509
14481.5	53.435	111.740
14692.2	53.604	115.206
14905.9	53.878	116.423
15122.7	54.045	115.983
15342.7	53.985	114.820
15565.8	53.718	113.940
15792.2	53.439	113.899
16021.9	53.309	114.419
16255.0	53.410	114.587
16491.4	53.669	113.529
16731.3	53.938	110.971
16974.7	54.052	107.204
17221.6	53.954	102.709
17472.1	53.645	97.945
17726.2	53.152	93.272
17984.0	52.508	88.935
18245.6	51.727	85.131
18511.0	50.816	82.084
18780.2	49.838	80.039
19053.4	48.851	79.124
19330.5	47.957	79.299
19611.7	47.217	80.139
19897.0	46.628	81.116
20186.4	46.153	81.843
20480.0	45.729	82.169
20777.9	45.303	82.197
21080.1	44.876	82.064
21386.7	44.441	81.843
21697.8	44.006	81.580
22013.4	43.571	81.280
22333.6	43.135	80.953
22658.4	42.700	80.607
22988.0	42.265	80.245
23322.4	41.830	79.873
23661.6	41.395	79.493
24005.8	40.960	79.107
24355.0	40.525	78.718
24709.2	40.089	78.326
25068.6	39.654	77.934
25433.2	39.219	77.541
25803.2	38.784	77.150
26178.5	38.349	76.760
26559.3	37.914	76.372
26945.6	37.479	75.986
27337.5	37.043	75.603
27735.2	36.608	75.222
28138.6	36.173	74.844
28547.9	35.738	74.471
28963.1	35.303	74.100
29384.4	34.868	73.734
29811.8	34.433	73.372
30245.4	33.997	73.013
30685.3	33.562	72.658
31131.7	33.127	72.306
31584.5	32.692	71.959
32043.9	32.257	71.615
32510.0	31.822	71.276
32982.8	31.386	70.941
33462.6	30.951	70.609
33949.3	30.516	70.281
34443.1	30.081	69.958
34944.1	29.646	69.637
35452.4	29.211	69.321
35968.0	28.776	69.008
36491.2	28.340	68.698
37022.0	27.905	68.391
37560.5	27.470	68.081
38106.8	27.074	67.793
38661.1	26.714	67.514
39223.4	26.443	67.294
39793.9	26.234	67.119
