19.8660	66.9900	120.9000
20.1989	67.0200	120.3000
20.5375	67.0700	119.7000
20.8817	67.1300	119.2000
21.2317	67.2100	118.7000
21.5875	67.3100	118.1000
21.9493	67.4300	117.6000
22.3172	67.5800	117.0000
22.6913	67.7400	116.5000
23.0716	67.9100	115.9000
23.4583	68.0800	115.4000
23.8514	68.2600	114.8000
24.2512	68.4300	114.3000
24.6576	68.6200	113.7000
25.0709	68.8100	113.2000
25.4911	69.0200	112.6000
25.9183	69.2400	112.1000
26.3527	69.4700	111.5000
26.7944	69.7000	110.9000
27.2435	69.9300	110.4000
27.7001	70.1800	109.8000
28.1644	70.4300	109.3000
28.6364	70.6900	108.6000
29.1164	70.9500	108.1000
29.6044	71.2300	107.5000
30.1005	71.5200	107.0000
30.6050	71.8200	106.4000
31.1180	72.1200	105.8000
31.6395	72.4200	105.3000
32.1698	72.7300	104.7000
32.7090	73.0300	104.2000
33.2572	73.3300	103.6000
33.8146	73.6400	103.1000
34.3813	73.9300	102.5000
34.9576	74.2200	102.0000
35.5435	74.4900	101.4000
36.1392	74.7600	100.9000
36.7449	75.0100	100.3000
37.3607	75.2500	99.7000
37.9869	75.4700	99.2000
38.6236	75.6700	98.6000
39.2709	75.8600	98.1000
39.9291	76.0300	97.5000
40.5983	76.1900	97.0000
41.2788	76.3300	96.4000
41.9706	76.4700	95.9000
42.6741	76.5900	95.3000
43.3893	76.7100	94.8000
44.1165	76.8200	94.2000
44.8559	76.9400	93.7000
45.6077	77.0500	93.0000
46.3721	77.1700	92.5000
47.1493	77.3000	91.9000
47.9395	77.4500	91.4000
48.7430	77.6300	90.8000
49.5600	77.8200	90.3000
50.3906	78.0300	89.7000
51.2351	78.2600	89.2000
52.0939	78.4900	88.6000
52.9670	78.7300	88.1000
53.8547	78.9700	87.4000
54.7573	79.2100	86.9000
55.6751	79.4400	86.3000
56.6082	79.6600	85.8000
57.5570	79.8700	85.2000
58.5216	80.0600	84.7000
59.5025	80.2400	84.1000
60.4997	80.3800	83.5000
61.5137	80.4900	82.9000
62.5447	80.5800	82.3000
63.5930	80.6500	81.7000
64.6588	80.7100	81.2000
65.7425	80.7500	80.6000
66.8444	80.7700	80.0000
67.9647	80.8000	79.4000
69.1038	80.8200	78.8000
70.2620	80.8500	78.2000
71.4396	80.9000	77.6000
72.6370	80.9700	77.0000
73.8544	81.0600	76.4000
75.0922	81.1700	75.8000
76.3508	81.3000	75.2000
77.6304	81.4300	74.5000
78.9315	81.5600	73.9000
80.2544	81.6800	73.3000
81.5995	81.7800	72.7000
82.9672	81.8700	72.0000
84.3577	81.9500	71.4000
85.7716	82.0300	70.8000
87.2091	82.1100	70.1000
88.6707	82.1900	69.4000
90.1569	82.2900	68.8000
91.6680	82.3900	68.2000
93.2043	82.5000	67.5000
94.7665	82.6100	66.8000
96.3548	82.7100	66.1000
97.9697	82.8000	65.4000
99.6117	82.8700	64.8000
101.2812	82.9200	64.1000
102.9787	82.9700	63.3000
104.7047	83.0100	62.6000
106.4595	83.0600	61.9000
108.2438	83.1200	61.3000
110.0580	83.1900	60.6000
111.9026	83.2600	59.8000
113.7781	83.3400	59.1000
115.6851	83.4200	58.3000
117.6240	83.4900	57.6000
119.5954	83.5600	56.8000
121.5998	83.6200	56.1000
123.6379	83.6700	55.4000
125.7101	83.7100	54.6000
127.8170	83.7400	53.8000
129.9592	83.7800	53.0000
132.1374	83.8100	52.3000
134.3520	83.8500	51.6000
136.6038	83.8900	50.7000
138.8933	83.9400	50.0000
141.2212	83.9700	49.2000
143.5881	84.0100	48.4000
145.9947	84.0500	47.6000
148.4416	84.0900	46.9000
150.9295	84.1400	46.1000
153.4591	84.1800	45.3000
156.0312	84.2200	44.5000
158.6463	84.2500	43.8000
161.3052	84.2700	43.0000
164.0087	84.2900	42.2000
166.7576	84.3100	41.5000
169.5525	84.3300	40.8000
172.3942	84.3500	40.1000
175.2836	84.3800	39.5000
178.2214	84.4100	38.7000
181.2084	84.4300	38.2000
184.2455	84.4500	37.5000
187.3335	84.4700	37.0000
190.4733	84.4900	36.6000
193.6656	84.5100	36.1000
196.9115	84.5200	35.8000
200.2118	84.5100	35.2000
203.5674	84.4900	34.2000
206.9792	84.5000	33.5000
210.4483	84.5300	32.6000
213.9754	84.5700	31.8000
217.5617	84.6100	30.9000
221.2081	84.6400	30.1000
224.9156	84.6600	29.2000
228.6852	84.6700	28.4000
232.5181	84.6600	27.6000
236.4151	84.6500	26.7000
240.3775	84.6400	25.9000
244.4063	84.6400	25.1000
248.5026	84.6500	24.3000
252.6676	84.6600	23.4000
256.9023	84.6600	22.7000
261.2081	84.6400	21.8000
265.5860	84.6100	21.0000
270.0373	84.5900	20.3000
274.5632	84.5700	19.5000
279.1649	84.5600	18.8000
283.8438	84.5600	18.0000
288.6011	84.5600	17.3000
293.4381	84.5600	16.6000
298.3562	84.5600	15.9000
303.3567	84.5700	15.3000
308.4410	84.5900	14.6000
313.6106	84.6100	14.1000
318.8668	84.6100	13.5000
324.2111	84.5900	12.9000
329.6449	84.5600	12.4000
335.1698	84.5300	11.8000
340.7874	84.5000	11.3000
346.4991	84.4800	10.9000
352.3065	84.4600	10.4000
358.2112	84.4500	10.0000
364.2149	84.4400	9.5000
370.3193	84.4300	9.2000
376.5259	84.4100	8.8000
382.8366	84.3800	8.4000
389.2530	84.3700	8.0000
395.7770	84.3500	7.8000
402.4103	84.3400	7.4000
409.1548	84.3300	7.1000
416.0123	84.3000	6.8000
422.9848	84.2800	6.5000
430.0741	84.2400	6.2000
437.2823	84.2100	5.9000
444.6112	84.1900	5.7000
452.0630	84.1400	5.4000
459.6397	84.1000	5.1000
467.3434	84.0700	4.8000
475.1762	84.0200	4.5000
483.1402	83.9800	4.2000
491.2378	83.9200	3.8000
499.4710	83.8400	3.3000
507.8423	83.7800	2.9000
516.3539	83.7200	2.4000
525.0081	83.6700	2.0000
533.8074	83.6100	1.5000
542.7541	83.5700	1.1000
551.8508	83.5300	0.8000
561.0999	83.4800	0.5000
570.5041	83.4400	0.2000
580.0659	83.3900	0.0000
589.7879	83.3400	-0.2000
599.6729	83.2900	-0.4000
609.7236	83.2500	-0.5000
619.9427	83.2100	-0.5000
630.3331	83.1800	-0.5000
640.8976	83.1500	-0.5000
651.6392	83.1200	-0.5000
662.5609	83.1100	-0.4000
673.6656	83.1100	-0.3000
684.9564	83.1100	-0.2000
696.4364	83.1300	-0.1000
708.1088	83.1500	0.0000
719.9769	83.1900	0.1000
732.0439	83.2400	0.1000
744.3131	83.3000	0.0000
756.7880	83.3600	-0.1000
769.4720	83.4300	-0.3000
782.3685	83.5100	-0.6000
795.4812	83.5800	-1.0000
808.8137	83.6600	-1.5000
822.3696	83.7400	-2.1000
836.1527	83.8100	-2.8000
850.1668	83.8700	-3.6000
864.4158	83.9200	-4.5000
878.9036	83.9500	-5.5000
893.6343	83.9600	-6.5000
908.6118	83.9500	-7.6000
923.8404	83.9200	-8.8000
939.3242	83.8600	-9.9000
955.0675	83.7800	-10.9000
971.0746	83.6800	-11.8000
987.3501	83.5500	-12.6000
1003.8983	83.4200	-13.3000
1020.7239	83.2700	-13.8000
1037.8315	83.1300	-14.0000
1055.2258	83.0000	-14.1000
1072.9116	82.8800	-14.0000
1090.8939	82.8000	-13.8000
1109.1775	82.7300	-13.6000
1127.7676	82.7000	-13.4000
1146.6693	82.6800	-13.4000
1165.8877	82.6600	-13.4000
1185.4283	82.6400	-13.6000
1205.2964	82.6000	-13.9000
1225.4974	82.5400	-14.2000
1246.0371	82.4500	-14.4000
1266.9209	82.3300	-14.3000
1288.1549	82.2100	-13.9000
1309.7446	82.1100	-13.1000
1331.6963	82.0500	-12.0000
1354.0158	82.0800	-10.6000
1376.7095	82.1900	-9.2000
1399.7835	82.4100	-8.0000
1423.2442	82.6900	-7.3000
1447.0981	83.0200	-7.2000
1471.3518	83.3600	-7.7000
1496.0120	83.6700	-8.9000
1521.0856	83.9300	-10.6000
1546.5793	84.1300	-12.6000
1572.5004	84.2500	-14.7000
1598.8559	84.3200	-16.8000
1625.6531	84.3300	-18.8000
1652.8994	84.3100	-20.6000
1680.6024	84.2800	-22.2000
1708.7697	84.2400	-23.8000
1737.4091	84.2000	-25.2000
1766.5285	84.1600	-26.7000
1796.1360	84.1100	-28.2000
1826.2397	84.0500	-29.6000
1856.8479	83.9800	-31.1000
1887.9691	83.9100	-32.5000
1919.6120	83.8300	-33.8000
1951.7851	83.7600	-35.2000
1984.4975	83.6900	-36.6000
2017.7582	83.6100	-38.2000
2051.5763	83.5100	-39.8000
2085.9612	83.3800	-41.5000
2120.9224	83.2100	-43.1000
2156.4696	83.0100	-44.6000
2192.6126	82.8000	-45.9000
2229.3613	82.5800	-47.0000
2266.7259	82.3700	-47.9000
2304.7168	82.1700	-48.7000
2343.3444	81.9800	-49.2000
2382.6195	81.8300	-49.7000
2422.5528	81.7300	-50.2000
2463.1553	81.6700	-50.9000
2504.4384	81.6200	-52.2000
2546.4134	81.5300	-54.0000
2589.0919	81.3300	-56.0000
2632.4858	81.0200	-57.6000
2676.6069	80.6700	-58.5000
2721.4674	80.3600	-58.6000
2767.0799	80.1600	-58.4000
2813.4568	80.0500	-58.4000
2860.6111	79.9800	-59.0000
2908.5556	79.9000	-59.7000
2957.3037	79.8400	-60.6000
3006.8689	79.8400	-61.9000
3057.2647	79.8700	-64.2000
3108.5052	79.7900	-67.8000
3160.6045	79.4600	-72.2000
3213.5770	78.8000	-76.3000
3267.4374	77.8800	-78.7000
3322.2004	76.9100	-78.7000
3377.8813	76.1200	-76.6000
3434.4954	75.5700	-74.1000
3492.0584	75.1400	-71.7000
3550.5862	74.7700	-69.2000
3610.0949	74.5100	-66.2000
3670.6009	74.4200	-63.3000
3732.1211	74.4400	-61.0000
3794.6724	74.5100	-59.4000
3858.2720	74.5900	-58.1000
3922.9376	74.7300	-57.1000
3988.6870	74.9800	-56.8000
4055.5384	75.2200	-57.9000
4123.5102	75.3100	-60.2000
4192.6212	75.2000	-62.5000
4262.8906	74.9900	-64.1000
4334.3377	74.8200	-65.3000
4406.9822	74.6700	-66.8000
4480.8443	74.4600	-68.3000
4555.9444	74.2500	-69.6000
4632.3031	74.1000	-71.3000
4709.9417	73.8500	-73.9000
4788.8814	73.3400	-76.3000
4869.1443	72.7700	-77.1000
4950.7523	72.3300	-77.5000
5033.7281	71.8100	-78.6000
5118.0947	71.0600	-78.5000
5203.8752	70.4500	-75.9000
5291.0934	70.2600	-73.4000
5379.7734	70.1000	-72.8000
5469.9397	69.8000	-71.9000
5561.6173	69.6600	-70.3000
5654.8313	69.7000	-69.6000
5749.6077	69.7100	-70.0000
5845.9725	69.7200	-70.9000
5943.9525	69.6600	-72.8000
6043.5746	69.4300	-74.8000
6144.8664	69.1800	-76.1000
6247.8558	69.0400	-77.4000
6352.5714	69.0900	-79.6000
6459.0421	69.2200	-84.8000
6567.2972	69.0000	-92.9000
6677.3667	68.2300	-101.4000
6789.2810	67.0900	-108.5000
6903.0710	65.8800	-114.1000
7018.7682	64.6800	-121.0000
7136.4045	63.0600	-129.8000
7256.0123	61.3100	-138.6000
7377.6249	59.8000	-152.9000
7501.2757	58.3700	-172.4000
7626.9989	58.9100	166.6000
7754.8293	61.2100	128.8000
7884.8021	63.2000	91.6000
8016.9533	64.8900	61.7000
8151.3194	66.1000	36.2000
8287.9375	66.3800	16.2000
8426.8454	66.2200	2.5000
8568.0814	65.9400	-7.3000
8711.6845	65.3700	-16.1000
8857.6945	64.4100	-19.1000
9006.1516	64.3800	-19.6000
9157.0969	64.3500	-24.6000
9310.5721	63.9900	-30.1000
9466.6196	63.0100	-35.0000
9625.2825	61.8300	-34.7000
9786.6046	60.9800	-31.5000
9950.6305	60.6200	-27.4000
10117.4050	60.5200	-25.9000
10286.9760	60.1600	-26.8000
10459.3880	59.2000	-25.8000
10634.6900	58.2800	-19.5000
10812.9300	57.9400	-8.6000
10994.1570	58.7400	4.4000
11178.4220	60.7700	11.4000
11365.7750	62.5400	11.1000
11556.2680	64.1200	7.7000
11749.9540	65.3500	3.3000
11946.8860	66.9700	-0.7000
12147.1190	68.7700	-10.5000
12350.7080	70.0400	-23.6000
12557.7080	71.0400	-40.4000
12768.1790	70.9100	-60.4000
12982.1770	70.2100	-73.0000
13199.7610	70.4400	-86.0000
13420.9920	70.1000	-103.8000
13645.9310	69.8400	-119.4000
13874.6410	69.8800	-141.7000
14107.1830	69.3400	-168.6000
14343.6230	68.7300	163.6000
14584.0250	67.5200	126.3000
14828.4570	65.8300	91.0000
15076.9860	63.9300	56.2000
15329.6800	62.3300	25.3000
15586.6090	61.1200	-4.4000
15847.8440	60.2000	-31.2000
16113.4580	59.2900	-56.1000
16383.5240	58.9900	-74.5000
16658.1150	58.8200	-97.7000
16937.3100	58.0100	-116.8000
17221.1830	58.2800	-133.3000
17509.8140	58.2700	-157.1000
17803.2830	57.1600	115.2000
18101.6700	56.2200	168.3000
18405.0590	57.1500	152.6000
18713.5320	58.0200	127.7000
19027.1760	57.7900	99.3000
19346.0760	56.3600	74.5000
19670.3210	54.7400	55.0000
20000.0000	53.7300	46.3000