19.8660	67.3300	83.4000
20.1989	67.6400	83.3000
20.5375	67.9800	83.1000
20.8817	68.3500	83.0000
21.2317	68.7100	82.9000
21.5875	68.9900	82.7000
21.9493	69.1900	82.6000
22.3172	69.3000	82.4000
22.6913	69.3700	82.3000
23.0716	69.4300	82.1000
23.4583	69.5200	82.0000
23.8514	69.6700	81.9000
24.2512	69.8600	81.7000
24.6576	70.0800	81.6000
25.0709	70.3000	81.4000
25.4911	70.5200	81.3000
25.9183	70.7500	81.1000
26.3527	71.0300	80.9000
26.7944	71.3700	80.8000
27.2435	71.7700	80.6000
27.7001	72.2000	80.4000
28.1644	72.6200	80.2000
28.6364	73.0400	80.1000
29.1164	73.4700	79.9000
29.6044	73.9300	79.8000
30.1005	74.4200	79.7000
30.6050	74.9300	79.5000
31.1180	75.4300	79.3000
31.6395	75.9300	79.1000
32.1698	76.3900	78.9000
32.7090	76.7900	78.7000
33.2572	77.1700	78.5000
33.8146	77.5300	78.3000
34.3813	77.9100	78.1000
34.9576	78.2700	77.8000
35.5435	78.5900	77.6000
36.1392	78.8700	77.4000
36.7449	79.1100	77.2000
37.3607	79.3200	77.0000
37.9869	79.5100	76.7000
38.6236	79.6700	76.5000
39.2709	79.8200	76.3000
39.9291	79.9300	76.0000
40.5983	80.0100	75.8000
41.2788	80.0800	75.5000
41.9706	80.1400	75.4000
42.6741	80.1800	75.2000
43.3893	80.2000	74.9000
44.1165	80.2200	74.6000
44.8559	80.2300	74.4000
45.6077	80.2600	74.1000
46.3721	80.3400	73.8000
47.1493	80.4700	73.5000
47.9395	80.6500	73.2000
48.7430	80.8500	73.0000
49.5600	81.0200	72.7000
50.3906	81.1400	72.4000
51.2351	81.1200	72.1000
52.0939	80.9400	71.8000
52.9670	80.6100	71.5000
53.8547	80.3100	71.2000
54.7573	80.2000	70.9000
55.6751	80.2600	70.6000
56.6082	80.3800	70.2000
57.5570	80.4600	69.9000
58.5216	80.4500	69.6000
59.5025	80.3700	69.2000
60.4997	80.3700	68.9000
61.5137	80.4700	68.5000
62.5447	80.5700	68.1000
63.5930	80.6800	67.8000
64.6588	80.8600	67.4000
65.7425	81.0300	67.1000
66.8444	81.1700	66.7000
67.9647	81.2800	66.3000
69.1038	81.3700	65.9000
70.2620	81.4600	65.5000
71.4396	81.5900	65.1000
72.6370	81.8000	64.6000
73.8544	82.0600	64.2000
75.0922	82.3600	63.8000
76.3508	82.6800	63.4000
77.6304	82.9900	63.0000
78.9315	83.2700	62.6000
80.2544	83.5400	62.1000
81.5995	83.7700	61.6000
82.9672	83.9000	61.1000
84.3577	83.9200	60.7000
85.7716	83.8200	60.2000
87.2091	83.5800	59.7000
88.6707	83.2700	59.3000
90.1569	82.9900	58.8000
91.6680	82.8500	58.3000
93.2043	82.8700	57.7000
94.7665	83.1400	57.2000
96.3548	83.5000	56.6000
97.9697	83.8200	56.1000
99.6117	84.0100	55.5000
101.2812	84.0800	55.0000
102.9787	84.0700	54.5000
104.7047	84.0000	53.9000
106.4595	83.8800	53.3000
108.2438	83.7700	52.7000
110.0580	83.7700	52.1000
111.9026	83.8800	51.5000
113.7781	84.0900	50.9000
115.6851	84.2900	50.3000
117.6240	84.3600	49.6000
119.5954	84.3300	49.0000
121.5998	84.2400	48.3000
123.6379	84.0900	47.7000
125.7101	83.9000	47.1000
127.8170	83.7400	46.4000
129.9592	83.6800	45.8000
132.1374	83.7500	45.1000
134.3520	83.9400	44.4000
136.6038	84.1500	43.7000
138.8933	84.3100	43.0000
141.2212	84.3200	42.3000
143.5881	84.2300	41.5000
145.9947	84.0900	40.8000
148.4416	84.0200	40.1000
150.9295	84.0300	39.3000
153.4591	84.1100	38.6000
156.0312	84.1900	37.8000
158.6463	84.2200	37.0000
161.3052	84.1800	36.3000
164.0087	84.0800	35.5000
166.7576	83.9600	34.7000
169.5525	83.9000	33.9000
172.3942	83.9300	33.2000
175.2836	83.9900	32.3000
178.2214	83.9700	31.5000
181.2084	83.8600	30.7000
184.2455	83.8300	29.9000
187.3335	83.8600	29.1000
190.4733	83.9800	28.2000
193.6656	84.1400	27.4000
196.9115	84.1800	26.6000
200.2118	84.1300	25.8000
203.5674	84.0100	24.9000
206.9792	83.9500	24.2000
210.4483	83.9500	23.3000
213.9754	83.9600	22.5000
217.5617	83.9500	21.6000
221.2081	83.9100	20.9000
224.9156	83.9200	20.0000
228.6852	83.9800	19.2000
232.5181	83.9800	18.5000
236.4151	83.8500	17.7000
240.3775	83.7000	16.9000
244.4063	83.6800	16.2000
248.5026	83.7400	15.4000
252.6676	83.7500	14.6000
256.9023	83.7200	14.0000
261.2081	83.6500	13.3000
265.5860	83.6000	12.6000
270.0373	83.5400	12.0000
274.5632	83.4400	11.3000
279.1649	83.3800	10.8000
283.8438	83.3800	10.2000
288.6011	83.3700	9.7000
293.4381	83.3300	9.3000
298.3562	83.3100	8.8000
303.3567	83.3000	8.4000
308.4410	83.2800	8.0000
313.6106	83.2600	7.8000
318.8668	83.2400	7.4000
324.2111	83.2200	7.1000
329.6449	83.1300	7.0000
335.1698	83.0400	6.8000
340.7874	83.0100	6.8000
346.4991	82.9700	6.7000
352.3065	82.8800	6.8000
358.2112	82.8100	6.8000
364.2149	82.7700	7.0000
370.3193	82.7200	7.0000
376.5259	82.6700	7.2000
382.8366	82.6000	7.4000
389.2530	82.5100	7.6000
395.7770	82.4700	7.8000
402.4103	82.4400	8.1000
409.1548	82.4100	8.4000
416.0123	82.4000	8.6000
422.9848	82.3900	8.9000
430.0741	82.3900	9.0000
437.2823	82.4300	9.2000
444.6112	82.4900	9.4000
452.0630	82.5400	9.6000
459.6397	82.5500	9.7000
467.3434	82.5300	9.8000
475.1762	82.4900	9.9000
483.1402	82.4600	9.9000
491.2378	82.4400	9.9000
499.4710	82.4300	9.8000
507.8423	82.4200	9.6000
516.3539	82.4100	9.4000
525.0081	82.4000	9.3000
533.8074	82.3900	9.1000
542.7541	82.3700	8.9000
551.8508	82.3500	8.6000
561.0999	82.3200	8.4000
570.5041	82.2900	8.2000
580.0659	82.2400	7.9000
589.7879	82.2000	7.7000
599.6729	82.1500	7.5000
609.7236	82.1000	7.3000
619.9427	82.0400	7.1000
630.3331	81.9800	7.0000
640.8976	81.9100	6.8000
651.6392	81.8500	6.8000
662.5609	81.7800	6.7000
673.6656	81.7100	6.7000
684.9564	81.6500	6.6000
696.4364	81.5800	6.7000
708.1088	81.5100	6.7000
719.9769	81.4500	6.8000
732.0439	81.3800	6.9000
744.3131	81.3300	7.0000
756.7880	81.2700	7.1000
769.4720	81.2200	7.2000
782.3685	81.1800	7.3000
795.4812	81.1400	7.4000
808.8137	81.1000	7.5000
822.3696	81.0600	7.5000
836.1527	81.0300	7.5000
850.1668	80.9800	7.4000
864.4158	80.9300	7.2000
878.9036	80.8800	7.0000
893.6343	80.8000	6.7000
908.6118	80.7000	6.5000
923.8404	80.5700	6.4000
939.3242	80.4100	6.5000
955.0675	80.2300	6.8000
971.0746	80.0300	7.3000
987.3501	79.8200	8.3000
1003.8983	79.6300	9.7000
1020.7239	79.4800	11.5000
1037.8315	79.3900	13.6000
1055.2258	79.3900	16.0000
1072.9116	79.4800	18.4000
1090.8939	79.6700	20.6000
1109.1775	79.9300	22.3000
1127.7676	80.2400	23.4000
1146.6693	80.5600	24.0000
1165.8877	80.8600	24.0000
1185.4283	81.1100	23.4000
1205.2964	81.3000	22.6000
1225.4974	81.4000	21.6000
1246.0371	81.4200	20.7000
1266.9209	81.3600	20.2000
1288.1549	81.2500	20.1000
1309.7446	81.1300	20.8000
1331.6963	81.0400	22.2000
1354.0158	81.0600	24.3000
1376.7095	81.2200	26.7000
1399.7835	81.5300	29.0000
1423.2442	81.9900	30.6000
1447.0981	82.5500	31.3000
1471.3518	83.1300	31.0000
1496.0120	83.6800	29.7000
1521.0856	84.1800	27.5000
1546.5793	84.5800	24.8000
1572.5004	84.8800	21.7000
1598.8559	85.0800	18.4000
1625.6531	85.1900	15.1000
1652.8994	85.2100	11.9000
1680.6024	85.1700	8.9000
1708.7697	85.0700	6.1000
1737.4091	84.9400	3.7000
1766.5285	84.7800	1.5000
1796.1360	84.6100	-0.5000
1826.2397	84.4300	-2.3000
1856.8479	84.2500	-3.8000
1887.9691	84.0900	-5.2000
1919.6120	83.9400	-6.5000
1951.7851	83.8200	-7.9000
1984.4975	83.7100	-9.4000
2017.7582	83.5900	-11.2000
2051.5763	83.4400	-13.2000
2085.9612	83.2300	-15.4000
2120.9224	82.9600	-17.6000
2156.4696	82.6200	-19.6000
2192.6126	82.2400	-21.3000
2229.3613	81.8300	-22.6000
2266.7259	81.4200	-23.6000
2304.7168	81.0100	-24.4000
2343.3444	80.6200	-24.9000
2382.6195	80.2300	-25.4000
2422.5528	79.8500	-25.8000
2463.1553	79.4700	-26.1000
2504.4384	79.0800	-26.4000
2546.4134	78.6600	-26.7000
2589.0919	78.2000	-26.7000
2632.4858	77.7200	-26.2000
2676.6069	77.3000	-25.0000
2721.4674	76.9800	-23.5000
2767.0799	76.7900	-22.3000
2813.4568	76.6500	-21.8000
2860.6111	76.4900	-21.9000
2908.5556	76.2700	-22.3000
2957.3037	76.0200	-22.9000
3006.8689	75.7700	-23.7000
3057.2647	75.4500	-25.1000
3108.5052	75.0000	-27.0000
3160.6045	74.3300	-28.7000
3213.5770	73.5000	-29.3000
3267.4374	72.6500	-28.1000
3322.2004	71.9600	-25.7000
3377.8813	71.5000	-23.5000
3434.4954	71.1400	-22.7000
3492.0584	70.6700	-23.3000
3550.5862	69.9300	-24.9000
3610.0949	68.8500	-26.5000
3670.6009	67.3800	-27.2000
3732.1211	65.4400	-26.3000
3794.6724	62.7900	-22.1000
3858.2720	58.9900	-7.8000
3922.9376	55.9800	38.3000
3988.6870	60.1000	86.7000
4055.5384	66.2700	94.6000
4123.5102	70.4600	86.5000
4192.6212	73.0000	73.1000
4262.8906	74.3500	58.7000
4334.3377	74.8500	44.9000
4406.9822	74.6800	32.5000
4480.8443	73.9700	22.2000
4555.9444	72.8900	14.8000
4632.3031	71.6600	10.6000
4709.9417	70.4200	9.1000
4788.8814	69.2800	10.1000
4869.1443	68.4900	13.7000
4950.7523	68.3200	16.9000
5033.7281	68.3800	16.4000
5118.0947	68.1200	13.5000
5203.8752	67.5600	11.5000
5291.0934	67.0900	10.5000
5379.7734	66.7700	8.7000
5469.9397	66.3600	5.5000
5561.6173	65.8200	2.1000
5654.8313	65.3000	-1.2000
5749.6077	64.8400	-5.0000
5845.9725	64.5100	-9.4000
5943.9525	64.3500	-15.4000
6043.5746	64.2100	-23.0000
6144.8664	64.1400	-30.7000
6247.8558	64.4200	-38.4000
6352.5714	65.0800	-48.0000
6459.0421	65.7800	-59.9000
6567.2972	66.3400	-72.1000
6677.3667	66.9500	-84.1000
6789.2810	67.4000	-97.9000
6903.0710	66.9800	-111.0000
7018.7682	66.1100	-115.8000
7136.4045	66.1600	-115.4000
7256.0123	66.6700	-117.2000
7377.6249	67.1000	-118.7000
7501.2757	67.6100	-120.4000
7626.9989	67.8800	-121.2000
7754.8293	68.4300	-118.1000
7884.8021	69.8600	-116.2000
8016.9533	71.5000	-119.8000
8151.3194	72.5800	-127.1000
8287.9375	73.1300	-133.4000
8426.8454	73.5300	-137.6000
8568.0814	74.1800	-140.0000
8711.6845	75.2600	-144.3000
8857.6945	76.3700	-151.8000
9006.1516	77.4200	-163.5000
9157.0969	77.7800	-174.7000
9310.5721	77.0100	162.4000
9466.6196	75.2900	148.5000
9625.2825	73.2600	140.8000
9786.6046	71.4900	134.6000
9950.6305	69.0100	129.5000
10117.4050	66.5400	132.3000
10286.9760	64.5500	136.6000
10459.3880	62.7800	146.2000
10634.6900	62.8700	154.9000
10812.9300	63.0900	150.7000
10994.1570	61.5100	142.4000
11178.4220	58.6300	146.0000
11365.7750	56.8100	159.2000
11556.2680	55.7400	172.5000
11749.9540	55.1200	-176.2000
11946.8860	54.8800	-168.2000
12147.1190	53.6700	-159.3000
12350.7080	54.1400	-143.1000
12557.7080	55.2400	-141.5000
12768.1790	54.8600	-143.1000
12982.1770	53.4500	-140.5000
13199.7610	52.2500	-124.0000
13420.9920	54.2000	-104.3000
13645.9310	56.8500	-105.9000
13874.6410	57.2600	-112.3000
14107.1830	57.4300	-113.0000
14343.6230	58.0900	-117.5000
14584.0250	58.5800	-127.8000
14828.4570	57.0600	-146.2000
15076.9860	52.4100	-145.5000
15329.6800	50.3300	-121.6000
15586.6090	52.3700	-102.4000
15847.8440	54.9300	-115.1000
16113.4580	53.6600	-129.3000
16383.5240	52.6400	-126.4000
16658.1150	52.8400	-128.2000
16937.3100	52.4500	-135.6000
17221.1830	51.0300	-142.4000
17509.8140	49.2100	-148.8000
17803.2830	46.3400	-150.2000
18101.6700	44.0100	-141.0000
18405.0590	43.7500	-126.6000
18713.5320	44.8500	-122.9000
19027.1760	45.7500	-145.8000
19346.0760	46.2700	157.9000
19670.3210	47.3500	71.3000
20000.0000	48.5600	30.6000