19.86599	73.14	50.3
20.19895	73.3	50.5
20.53749	73.46	50.8
20.8817	73.62	51.1
21.23169	73.78	51.4
21.58753	73.94	51.6
21.94935	74.11	51.9
22.31722	74.28	52.2
22.69126	74.45	52.4
23.07158	74.63	52.7
23.45826	74.82	53
23.85143	75.05	53.2
24.25118	75.27	53.5
24.65764	75.43	53.7
25.07091	75.5	54
25.4911	75.51	54.2
25.91834	75.5	54.4
26.35274	75.52	54.6
26.79441	75.61	54.8
27.2435	75.79	55
27.7001	76.03	55.2
28.16436	76.29	55.4
28.63641	76.57	55.6
29.11636	76.87	55.8
29.60436	77.17	56
30.10053	77.48	56.1
30.60502	77.8	56.3
31.11797	78.14	56.4
31.63952	78.51	56.5
32.1698	78.89	56.6
32.70898	79.28	56.8
33.25719	79.67	56.9
33.81459	80.03	57
34.38133	80.37	57.2
34.95757	80.71	57.4
35.54346	81.08	57.5
36.13918	81.46	57.5
36.74488	81.82	57.6
37.36074	82.15	57.6
37.98691	82.42	57.7
38.62358	82.65	57.7
39.27092	82.81	57.8
39.92911	82.88	57.8
40.59833	82.87	57.8
41.27877	82.81	57.9
41.97061	82.66	57.9
42.67405	82.45	57.9
43.38928	82.2	57.9
44.11649	81.99	57.9
44.8559	81.86	57.9
45.60769	81.79	57.9
46.37209	81.77	57.8
47.1493	81.8	57.8
47.93953	81.85	57.7
48.74301	81.91	57.7
49.55995	81.93	57.6
50.39059	81.91	57.5
51.23515	81.89	57.5
52.09386	81.93	57.4
52.96697	82.03	57.3
53.85471	82.17	57.2
54.75733	82.33	57.1
55.67507	82.52	56.9
56.6082	82.69	56.8
57.55697	82.83	56.6
58.52164	82.93	56.5
59.50247	83	56.4
60.49975	83.09	56.2
61.51374	83.22	56
62.54472	83.32	55.9
63.59299	83.39	55.7
64.65882	83.48	55.5
65.74252	83.56	55.3
66.84438	83.66	55
67.96471	83.78	54.8
69.10382	83.86	54.6
70.26201	83.91	54.3
71.43962	83.94	54.1
72.63697	83.96	53.8
73.85438	83.95	53.5
75.0922	83.97	53.2
76.35076	84.03	52.9
77.63042	84.12	52.6
78.93152	84.23	52.3
80.25443	84.37	52
81.59952	84.51	51.7
82.96715	84.62	51.4
84.3577	84.68	51
85.77155	84.71	50.7
87.2091	84.69	50.3
88.67075	84.64	49.9
90.15689	84.62	49.5
91.66795	84.62	49.1
93.20432	84.64	48.7
94.76645	84.65	48.3
96.35476	84.67	47.9
97.96969	84.71	47.4
99.61168	84.76	47
101.2812	84.79	46.5
102.9787	84.8	46.1
104.70465	84.82	45.7
106.45952	84.85	45.2
108.24381	84.87	44.7
110.058	84.87	44.2
111.9026	84.88	43.7
113.77812	84.92	43.2
115.68507	84.95	42.6
117.62398	84.98	42.1
119.59538	84.99	41.5
121.59983	84.94	41
123.63787	84.84	40.4
125.71007	84.74	39.8
127.81701	84.66	39.2
129.95925	84.61	38.6
132.1374	84.59	38
134.35205	84.58	37.3
136.60383	84.6	36.7
138.89334	84.65	36.1
141.22123	84.7	35.4
143.58813	84.74	34.7
145.9947	84.76	34
148.44161	84.76	33.4
150.92953	84.76	32.7
153.45914	84.75	32
156.03116	84.76	31.2
158.64628	84.76	30.5
161.30523	84.7	29.8
164.00874	84.6	29
166.75757	84.49	28.3
169.55247	84.42	27.5
172.39421	84.41	26.8
175.28358	84.44	26.1
178.22137	84.47	25.4
181.2084	84.53	24.6
184.2455	84.62	23.8
187.3335	84.65	23
190.47326	84.66	22.1
193.66564	84.67	21.3
196.91152	84.68	20.5
200.2118	84.67	19.7
203.5674	84.65	18.9
206.97924	84.63	18.1
210.44827	84.6	17.3
213.97543	84.59	16.5
217.56171	84.6	15.7
221.2081	84.64	14.9
224.9156	84.67	14.1
228.68524	84.67	13.3
232.51806	84.65	12.5
236.41512	84.6	11.7
240.3775	84.55	10.9
244.40628	84.5	10.3
248.50259	84.46	9.5
252.66756	84.45	8.8
256.90233	84.46	8.1
261.20807	84.44	7.3
265.58598	84.35	6.6
270.03727	84.24	6
274.56316	84.15	5.3
279.16491	84.11	4.7
283.84378	84.09	4.1
288.60107	84.06	3.6
293.43809	84.02	3
298.35619	83.99	2.6
303.35671	83.97	2.1
308.44104	83.97	1.7
313.61059	83.97	1.4
318.86678	83.95	1.1
324.21107	83.89	0.8
329.64492	83.79	0.5
335.16985	83.69	0.4
340.78738	83.61	0.2
346.49906	83.54	0.1
352.30647	83.48	0
358.21121	83.41	0
364.21492	83.35	0.1
370.31925	83.3	0.2
376.5259	83.24	0.3
382.83656	83.17	0.5
389.253	83.1	0.7
395.77697	83.05	0.9
402.41029	83.02	1.2
409.15479	82.99	1.4
416.01232	82.93	1.7
422.98479	82.89	1.9
430.07412	82.86	2.2
437.28226	82.82	2.5
444.61122	82.75	2.8
452.06302	82.64	3
459.6397	82.6	3.2
467.34338	82.56	3.5
475.17617	82.5	3.7
483.14023	82.44	3.9
491.23778	82.38	4
499.47105	82.33	4.2
507.84231	82.29	4.3
516.35387	82.28	4.4
525.00808	82.28	4.4
533.80735	82.28	4.5
542.75409	82.33	4.5
551.85078	82.37	4.5
561.09994	82.42	4.4
570.50411	82.47	4.4
580.0659	82.52	4.2
589.78794	82.57	4.1
599.67293	82.62	3.9
609.7236	82.67	3.7
619.94272	82.72	3.4
630.33311	82.77	3.1
640.89765	82.82	2.8
651.63925	82.86	2.4
662.56088	82.9	2
673.66556	82.94	1.5
684.95636	82.97	1.1
696.4364	82.99	0.5
708.10884	83.01	0
719.97692	83.03	-0.5
732.04391	83.04	-1.1
744.31315	83.04	-1.7
756.78802	83.04	-2.2
769.47197	83.03	-2.8
782.36851	83.02	-3.4
795.4812	83.01	-4
808.81366	83	-4.5
822.36957	82.98	-5.1
836.15269	82.96	-5.8
850.16681	82.93	-6.4
864.41582	82.9	-7.1
878.90364	82.86	-7.9
893.63428	82.81	-8.6
908.61181	82.75	-9.4
923.84036	82.67	-10.2
939.32415	82.56	-11
955.06746	82.44	-11.7
971.07462	82.31	-12.3
987.35007	82.15	-12.8
1003.8983	81.98	-13.1
1020.7239	81.81	-13.2
1037.8315	81.65	-13.1
1055.2258	81.5	-12.8
1072.9116	81.38	-12.3
1090.8939	81.3	-11.7
1109.1775	81.26	-11.1
1127.7676	81.25	-10.6
1146.6693	81.27	-10.3
1165.8877	81.31	-10.3
1185.4283	81.34	-10.4
1205.2964	81.36	-10.8
1225.4974	81.35	-11.4
1246.0371	81.3	-12
1266.9209	81.22	-12.6
1288.1549	81.1	-13
1309.7446	80.97	-13.1
1331.6963	80.84	-12.9
1354.0158	80.74	-12.4
1376.7095	80.68	-11.7
1399.7835	80.69	-11
1423.2442	80.75	-10.4
1447.0981	80.87	-10
1471.3518	81.01	-10.1
1496.012	81.15	-10.6
1521.0856	81.28	-11.4
1546.5793	81.38	-12.5
1572.5004	81.45	-13.8
1598.8559	81.49	-15.2
1625.6531	81.5	-16.6
1652.8994	81.5	-18.2
1680.6024	81.47	-19.9
1708.7697	81.42	-21.7
1737.4091	81.33	-23.7
1766.5285	81.19	-25.8
1796.136	81	-28
1826.2397	80.74	-30
1856.8479	80.42	-31.9
1887.9691	80.07	-33.3
1919.612	79.71	-34.4
1951.7851	79.36	-35.2
1984.4975	79.03	-35.9
2017.7582	78.73	-36.5
2051.5763	78.42	-37.3
2085.9612	78.08	-38.3
2120.9224	77.69	-39.1
2156.4696	77.24	-39.8
2192.6126	76.77	-40
2229.3613	76.3	-39.7
2266.7259	75.85	-39
2304.7168	75.45	-38.1
2343.3444	75.08	-37.1
2382.6195	74.74	-36.1
2422.5528	74.42	-34.9
2463.1553	74.13	-33.8
2504.4384	73.88	-32.7
2546.4134	73.63	-31.7
2589.0919	73.37	-30.9
2632.4858	73.09	-29.9
2676.6069	72.82	-28.6
2721.4674	72.6	-27.2
2767.0799	72.46	-25.9
2813.4568	72.38	-25
2860.6111	72.31	-24.8
2908.5556	72.22	-25.1
2957.3037	72.08	-25.8
3006.8689	71.89	-26.8
3057.2647	71.64	-28.1
3108.5052	71.32	-29.8
3160.6045	70.9	-31.6
3213.577	70.36	-33.5
3267.4374	69.69	-35
3322.2004	68.93	-35.8
3377.8813	68.14	-35.8
3434.4954	67.4	-35.3
3492.0584	66.7	-35
3550.5862	65.91	-35.4
3610.0949	64.84	-36
3670.6009	63.43	-35.2
3732.1211	61.93	-31.7
3794.6724	60.71	-27.6
3858.272	59.52	-29.7
3922.9376	57.28	-45.7
3988.687	53.37	-88.6
4055.5384	53.69	-165.9
4123.5102	59.7	132.4
4192.6212	64.38	103.1
4262.8906	67.3	84.2
4334.3377	69.03	69.7
4406.9822	69.95	57.8
4480.8443	70.35	48.5
4555.9444	70.59	41.6
4632.3031	70.91	35.6
4709.9417	71.21	28.8
4788.8814	71.28	21.7
4869.1443	71.16	15.7
4950.7523	71.09	11.3
5033.7281	71.2	7.7
5118.0947	71.58	4.6
5203.8752	72.41	1.2
5291.0934	73.68	-5
5379.7734	75.07	-15.1
5469.9397	76.35	-28.5
5561.6173	77.38	-44.7
5654.8313	78.02	-63.1
5749.6077	78.11	-82.6
5845.9725	77.48	-101.8
5943.9525	76.05	-117.7
6043.5746	74.14	-125.4
6144.8664	73.02	-123.1
6247.8558	73.64	-119.9
6352.5714	75.1	-124.4
6459.0421	76.09	-135.9
6567.2972	76.11	-148.2
6677.3667	75.71	-155.7
6789.281	75.68	-160.9
6903.071	75.77	-167
7018.7682	75.76	-172.4
7136.4045	75.92	-176.1
7256.0123	76.6	-0.1
7377.6249	78.07	174
7501.2757	79.59	157.7
7626.9989	79.92	133.6
7754.8293	78.62	107.8
7884.8021	75.75	86
8016.9533	71.67	73.6
8151.3194	67.71	73.9
8287.9375	64.38	80
8426.8454	62	95.6
8568.0814	62.18	104.6
8711.6845	61.42	98.2
8857.6945	58.31	96.9
9006.1516	56.32	114.7
9157.0969	56.53	125.8
9310.5721	56.82	128.1
9466.6196	55.54	121.2
9625.2825	50.74	127.4
9786.6046	48.93	97.7
9950.6305	53.5	-156.6
10117.405	56.14	-161.8
10286.976	56.46	-165.7
10459.388	57.01	-161.8
10634.69	58.62	-161.7
10812.93	59.83	-170.5
10994.157	59.85	176.9
11178.422	58.4	162.3
11365.775	55.88	154.3
11556.268	52.47	156.5
11749.954	50.15	-173.7
11946.886	52.7	-152.9
12147.119	55	-152.7
12350.708	56.27	-157.5
12557.708	57.24	-164.3
12768.179	57.57	-176.7
12982.177	56.8	174
13199.761	56.08	167.2
13420.992	55.5	158.1
13645.931	54.26	147.8
13874.641	52.1	138.4
14107.183	48.22	139.3
14343.623	47.63	158.6
14584.025	49.97	149.5
14828.457	49.27	128.3
15076.986	46.24	111.1
15329.68	42.66	90.4
15586.609	39.3	32.8
15847.844	36.23	-107.9
16113.458	36.75	103.3
16383.524	37.36	-45.6
16658.115	38.85	-130.8
16937.31	40.24	-162.8
17221.183	43.78	48.3
17509.814	44.33	156.9
17803.283	43.58	140.7
18101.67	42.87	122
18405.059	43.15	92.4
18713.532	42.54	68.3
19027.176	43.15	44.4
19346.076	43.43	18.2
19670.321	42.25	0.4
20000	42.47	-0.6
