19.86599	72.12	122.1
20.19895	71.7	121.6
20.53749	71.24	121.1
20.8817	70.73	120.5
21.23169	70.26	120
21.58753	69.93	119.4
21.94935	69.91	118.9
22.31722	70.25	118.3
22.69126	70.96	117.8
23.07158	71.7	117.2
23.45826	72.18	116.6
23.85143	72.39	116.1
24.25118	72.46	115.5
24.65764	72.52	114.9
25.07091	72.62	114.4
25.4911	72.78	113.8
25.91834	73	113.3
26.35274	73.22	112.7
26.79441	73.45	112.2
27.2435	73.68	111.5
27.7001	73.95	110.9
28.16436	74.27	110.4
28.63641	74.62	109.8
29.11636	74.95	109.3
29.60436	75.2	108.7
30.10053	75.39	108.2
30.60502	75.57	107.7
31.11797	75.77	107.1
31.63952	76	106.6
32.1698	76.26	106.1
32.70898	76.55	105.5
33.25719	76.86	105
33.81459	77.16	104.4
34.38133	77.43	103.9
34.95757	77.68	103.4
35.54346	77.93	102.8
36.13918	78.19	102.3
36.74488	78.47	101.8
37.36074	78.78	101.2
37.98691	79.11	100.7
38.62358	79.42	100.1
39.27092	79.67	99.6
39.92911	79.85	99
40.59833	79.99	98.5
41.27877	80.15	98
41.97061	80.37	97.5
42.67405	80.59	96.9
43.38928	80.81	96.4
44.11649	81.12	95.9
44.8559	81.5	95.3
45.60769	81.59	94.8
46.37209	81.32	94.3
47.1493	81.18	93.8
47.93953	81.29	93.2
48.74301	81.44	92.7
49.55995	81.49	92.1
50.39059	81.56	91.6
51.23515	81.55	91
52.09386	81.4	90.5
52.96697	81.13	90
53.85471	80.96	89.5
54.75733	80.98	88.9
55.67507	81.18	88.4
56.6082	81.38	87.9
57.55697	81.61	87.4
58.52164	82.05	86.8
59.50247	82.62	86.3
60.49975	82.7	85.6
61.51374	82.29	85.1
62.54472	82.15	84.6
63.59299	82.27	84
64.65882	82.5	83.5
65.74252	82.73	83
66.84438	82.88	82.4
67.96471	83.04	81.9
69.10382	83.24	81.4
70.26201	83.41	80.8
71.43962	83.55	80.1
72.63697	83.68	79.6
73.85438	83.81	79
75.0922	83.95	78.5
76.35076	84.08	77.9
77.63042	84.22	77.4
78.93152	84.39	76.8
80.25443	84.56	76.2
81.59952	84.77	75.6
82.96715	84.99	75
84.3577	85.16	74.4
85.77155	85.25	73.8
87.2091	85.3	73.2
88.67075	85.39	72.6
90.15689	85.5	72
91.66795	85.56	71.4
93.20432	85.61	70.7
94.76645	85.7	70.1
96.35476	85.81	69.5
97.96969	85.9	68.9
99.61168	85.96	68.3
101.2812	86	67.7
102.9787	86.05	67.1
104.70465	86.09	66.3
106.45952	86.13	65.7
108.24381	86.18	65.1
110.058	86.25	64.4
111.9026	86.36	63.8
113.77812	86.47	63.1
115.68507	86.54	62.4
117.62398	86.48	61.7
119.59538	86.41	61
121.59983	86.5	60.4
123.63787	86.62	59.7
125.71007	86.65	58.9
127.81701	86.66	58.2
129.95925	86.7	57.5
132.1374	86.75	56.8
134.35205	86.78	56.1
136.60383	86.87	55.3
138.89334	86.99	54.6
141.22123	87.07	53.9
143.58813	87.1	53.2
145.9947	87.12	52.4
148.44161	87.16	51.6
150.92953	87.22	50.9
153.45914	87.29	50.2
156.03116	87.36	49.4
158.64628	87.41	48.5
161.30523	87.43	47.8
164.00874	87.39	47
166.75757	87.36	46.3
169.55247	87.36	45.4
172.39421	87.39	44.7
175.28358	87.47	43.9
178.22137	87.62	43.1
181.2084	87.74	42.2
184.2455	87.75	41.5
187.3335	87.75	40.7
190.47326	87.8	39.9
193.66564	87.85	39.1
196.91152	87.87	38.3
200.2118	87.85	37.5
203.5674	87.81	36.6
206.97924	87.79	35.8
210.44827	87.81	35.1
213.97543	87.85	34.2
217.56171	87.92	33.4
221.2081	88	32.7
224.9156	88.04	31.8
228.68524	88.05	31.1
232.51806	88.04	30.3
236.41512	87.99	29.5
240.3775	87.96	28.8
244.40628	87.96	28.1
248.50259	88	27.3
252.66756	88.04	26.6
256.90233	88.06	25.8
261.20807	88.03	25.1
265.58598	87.97	24.5
270.03727	87.93	23.8
274.56316	87.92	23.2
279.16491	87.92	22.5
283.84378	87.93	21.9
288.60107	87.92	21.4
293.43809	87.89	20.8
298.35619	87.85	20.3
303.35671	87.91	19.7
308.44104	88.03	19.2
313.61059	88.09	18.7
318.86678	88.1	18.4
324.21107	88.09	17.9
329.64492	88.06	17.6
335.16985	88.02	17.2
340.78738	87.99	16.9
346.49906	87.97	16.6
352.30647	87.94	16.4
358.21121	87.92	16.2
364.21492	87.92	16
370.31925	87.93	15.8
376.5259	87.93	15.6
382.83656	87.92	15.5
389.253	87.92	15.4
395.77697	87.93	15.3
402.41029	87.95	15.2
409.15479	87.98	15.1
416.01232	87.99	15.1
422.98479	88	15
430.07412	88.02	14.9
437.28226	88.04	14.8
444.61122	88.07	14.6
452.06302	87.91	14.5
459.6397	87.8	14.3
467.34338	87.66	14.1
475.17617	87.53	13.9
483.14023	87.41	13.7
491.23778	87.32	13.4
499.47105	87.2	13.1
507.84231	87.17	12.8
516.35387	87.14	12.4
525.00808	87.2	11.9
533.80735	87.27	11.6
542.75409	87.33	11
551.85078	87.39	10.5
561.09994	87.44	10
570.50411	87.49	9.4
580.0659	87.54	8.7
589.78794	87.59	8
599.67293	87.62	7.4
609.7236	87.65	6.6
619.94272	87.68	5.9
630.33311	87.69	5.1
640.89765	87.7	4.3
651.63925	87.7	3.6
662.56088	87.69	2.8
673.66556	87.67	2.1
684.95636	87.64	1.3
696.4364	87.61	0.7
708.10884	87.57	0.1
719.97692	87.52	-0.4
732.04391	87.48	-1
744.31315	87.43	-1.4
756.78802	87.39	-1.7
769.47197	87.34	-2
782.36851	87.31	-2.2
795.4812	87.29	-2.3
808.81366	87.29	-2.4
822.36957	87.29	-2.6
836.15269	87.31	-2.7
850.16681	87.34	-3
864.41582	87.39	-3.3
878.90364	87.43	-3.8
893.63428	87.48	-4.3
908.61181	87.51	-4.9
923.84036	87.54	-5.7
939.32415	87.55	-6.5
955.06746	87.54	-7.4
971.07462	87.51	-8.2
987.35007	87.45	-9
1003.8983	87.37	-9.7
1020.7239	87.28	-10.3
1037.8315	87.19	-10.5
1055.2258	87.1	-10.7
1072.9116	87.03	-10.7
1090.8939	86.98	-10.5
1109.1775	86.96	-10.2
1127.7676	86.98	-10
1146.6693	87.02	-9.8
1165.8877	87.09	-9.8
1185.4283	87.17	-10
1205.2964	87.24	-10.3
1225.4974	87.3	-10.8
1246.0371	87.34	-11.3
1266.9209	87.37	-11.8
1288.1549	87.39	-12.1
1309.7446	87.42	-12.3
1331.6963	87.47	-12.3
1354.0158	87.55	-12.3
1376.7095	87.68	-12.4
1399.7835	87.86	-12.8
1423.2442	88.05	-13.5
1447.0981	88.25	-14.6
1471.3518	88.41	-16
1496.012	88.54	-17.8
1521.0856	88.6	-19.8
1546.5793	88.6	-21.7
1572.5004	88.53	-23.4
1598.8559	88.44	-24.8
1625.6531	88.35	-25.7
1652.8994	88.29	-26.2
1680.6024	88.29	-26.6
1708.7697	88.36	-27.1
1737.4091	88.49	-27.9
1766.5285	88.62	-29.1
1796.136	88.74	-30.8
1826.2397	88.82	-32.9
1856.8479	88.84	-35
1887.9691	88.81	-37.1
1919.612	88.76	-38.9
1951.7851	88.7	-40.7
1984.4975	88.66	-42.5
2017.7582	88.62	-44.4
2051.5763	88.55	-46.6
2085.9612	88.45	-48.9
2120.9224	88.28	-51.3
2156.4696	88.05	-53.4
2192.6126	87.79	-55.1
2229.3613	87.52	-56.4
2266.7259	87.26	-57.5
2304.7168	87.02	-58.3
2343.3444	86.79	-59
2382.6195	86.57	-59.5
2422.5528	86.37	-59.7
2463.1553	86.23	-59.8
2504.4384	86.14	-60.1
2546.4134	86.02	-60.6
2589.0919	85.86	-61.1
2632.4858	85.66	-61
2676.6069	85.53	-59.8
2721.4674	85.63	-58.2
2767.0799	85.93	-57.4
2813.4568	86.29	-58.1
2860.6111	86.55	-59.8
2908.5556	86.7	-61.4
2957.3037	86.87	-62.4
3006.8689	87.19	-63.5
3057.2647	87.65	-65.8
3108.5052	88.04	-69.8
3160.6045	88.2	-74.8
3213.577	88.13	-79.5
3267.4374	87.97	-82.9
3322.2004	87.93	-85.5
3377.8813	88.05	-88.5
3434.4954	88.17	-92.8
3492.0584	88.11	-98
3550.5862	87.86	-102.4
3610.0949	87.59	-105.5
3670.6009	87.54	-107.8
3732.1211	87.74	-111
3794.6724	88.04	-116.3
3858.272	88.17	-123.9
3922.9376	88	-132.6
3988.687	87.48	-141.3
4055.5384	86.66	-149
4123.5102	85.67	-154.8
4192.6212	84.71	-158.6
4262.8906	84	-161.1
4334.3377	83.57	-164
4406.9822	83.24	-168.9
4480.8443	82.73	-175.3
4555.9444	81.98	178
4632.3031	81.05	172
4709.9417	80.1	166.8
4788.8814	79.14	161.5
4869.1443	78.14	156.2
4950.7523	77.06	150.7
5033.7281	75.85	145.1
5118.0947	74.37	140
5203.8752	72.83	137.1
5291.0934	71.58	134.4
5379.7734	70.19	129.8
5469.9397	68.5	126.3
5561.6173	67.31	120.6
5654.8313	65.01	96.9
5749.6077	56.25	12.4
5845.9725	65.92	-116.5
5943.9525	70.77	-167.2
6043.5746	71.03	151
6144.8664	68.22	122
6247.8558	65.02	117.2
6352.5714	65.27	114.7
6459.0421	65.66	93.5
6567.2972	64.13	64
6677.3667	60.58	38.1
6789.281	56.53	23.5
6903.071	52.71	20.5
7018.7682	52.94	33.1
7136.4045	54.92	17.9
7256.0123	54.57	7.8
7377.6249	57.21	2.8
7501.2757	59.53	-25.5
7626.9989	59.35	-56.3
7754.8293	58.23	-81.8
7884.8021	55.83	-108.7
8016.9533	50.61	-125.9
8151.3194	43.32	-138.8
8287.9375	42.52	28.9
8426.8454	51.05	-7.5
8568.0814	54.01	-24.6
8711.6845	55.72	-51.6
8857.6945	54.23	-70.1
9006.1516	53.05	-78.7
9157.0969	50.69	-57.3
9310.5721	55.83	-53.3
9466.6196	57.6	-68.5
9625.2825	58.46	-85.1
9786.6046	58.89	-97.5
9950.6305	59.45	-118.5
10117.405	58.95	-132.7
10286.976	59.61	-154.2
10459.388	58.47	176.5
10634.69	56.02	147.8
10812.93	52.87	112.2
10994.157	39.96	13
11178.422	49.97	-162.6
11365.775	50.07	147.6
11556.268	51.16	128.3
11749.954	51.84	96.8
11946.886	51.04	71.8
12147.119	49.58	61.4
12350.708	49.84	59.9
12557.708	53.15	34.2
12768.179	52.26	-1.4
12982.177	48.46	-21.7
13199.761	45.25	-33.1
13420.992	42.23	-76.5
13645.931	32.34	-61.1
13874.641	24.79	-156.4
14107.183	35.04	63.5
14343.623	35.49	23.6
14584.025	32.96	71.2
14828.457	38.12	21.1
15076.986	45.35	-20.2
15329.68	36.56	-119.7
15586.609	40.93	149
15847.844	44.08	71.5
16113.458	32.64	63.9
16383.524	40.45	57.4
16658.115	39.77	29.1
16937.31	34.28	22.8
17221.183	43.43	-33.1
17509.814	42.18	-94.8
17803.283	44.09	-140
18101.67	43.27	-176.2
18405.059	43.35	174.2
18713.532	42.63	132
19027.176	42.73	100.9
19346.076	39.79	92.7
19670.321	42.96	82.3
