"| "| "| "| Standardized FRD file, measured by OmniMic "146122014.omm" on 6/13/2014 by userID: 
"| "| "| "| Equivalent to driven with 2.83V and measured at 1m
"| "| "| "| Acoustic origin is 75.73useconds behind the mounting plane.
"| "| "| "| 
19.86599	67.67	121.1
20.19895	67.95	120.7
20.53749	68.23	120.2
20.8817	68.53	119.6
21.23169	68.83	119
21.58753	69.11	118.4
21.94935	69.37	117.8
22.31722	69.6	117.3
22.69126	69.81	116.7
23.07158	70.02	116.1
23.45826	70.24	115.6
23.85143	70.52	115
24.25118	70.81	114.5
24.65764	71.09	113.9
25.07091	71.31	113.4
25.4911	71.47	112.8
25.91834	71.62	112.3
26.35274	71.78	111.7
26.79441	72	111.1
27.2435	72.26	110.5
27.7001	72.5	110
28.16436	72.7	109.4
28.63641	72.87	108.8
29.11636	73.05	108.3
29.60436	73.28	107.8
30.10053	73.56	107.2
30.60502	73.86	106.7
31.11797	74.17	106.1
31.63952	74.51	105.6
32.1698	74.85	105.1
32.70898	75.18	104.6
33.25719	75.51	104
33.81459	75.83	103.5
34.38133	76.15	102.9
34.95757	76.46	102.4
35.54346	76.75	101.8
36.13918	77.02	101.3
36.74488	77.31	100.8
37.36074	77.65	100.2
37.98691	77.98	99.7
38.62358	78.23	99.2
39.27092	78.46	98.6
39.92911	78.67	98.1
40.59833	78.88	97.5
41.27877	79.11	97
41.97061	79.38	96.5
42.67405	79.6	96
43.38928	79.78	95.4
44.11649	79.89	94.9
44.8559	79.94	94.3
45.60769	79.95	93.9
46.37209	79.72	93.3
47.1493	79.34	92.8
47.93953	78.67	92.3
48.74301	78.5	91.7
49.55995	78.48	91.2
50.39059	78.55	90.6
51.23515	78.77	90.1
52.09386	79.06	89.6
52.96697	79.35	89.1
53.85471	79.59	88.5
54.75733	79.71	88
55.67507	79.81	87.4
56.6082	80.04	86.8
57.55697	80.35	86.3
58.52164	80.66	85.8
59.50247	80.73	85.3
60.49975	80.96	84.8
61.51374	81.47	84.2
62.54472	81.48	83.6
63.59299	81.55	83.1
64.65882	81.73	82.5
65.74252	81.92	81.9
66.84438	82	81.4
67.96471	82.13	80.8
69.10382	82.32	80.3
70.26201	82.43	79.6
71.43962	82.56	79.2
72.63697	82.71	78.6
73.85438	82.84	78
75.0922	82.99	77.4
76.35076	83.18	76.8
77.63042	83.25	76.2
78.93152	83.42	75.7
80.25443	83.61	75.1
81.59952	83.84	74.4
82.96715	83.91	73.8
84.3577	84.04	73.4
85.77155	84.1	72.7
87.2091	84.1	72.1
88.67075	84.12	71.5
90.15689	84.16	70.9
91.66795	84.27	70.2
93.20432	84.42	69.5
94.76645	84.56	68.9
96.35476	84.78	68.2
97.96969	84.87	67.8
99.61168	85.03	67.1
101.2812	85.09	66.4
102.9787	85.02	65.7
104.70465	85.04	65.1
106.45952	85.01	64.4
108.24381	85.07	63.8
110.058	85.08	63.1
111.9026	85.24	62.4
113.77812	85.31	61.8
115.68507	85.56	61
117.62398	85.51	60.3
119.59538	85.62	59.6
121.59983	85.68	58.9
123.63787	85.47	58.3
125.71007	85.42	57.5
127.81701	85.41	56.8
129.95925	85.4	56
132.1374	85.48	55.3
134.35205	85.54	54.5
136.60383	85.63	53.9
138.89334	85.71	53.1
141.22123	85.75	52.3
143.58813	85.74	51.6
145.9947	85.74	50.8
148.44161	85.74	50
150.92953	85.78	49.3
153.45914	85.82	48.5
156.03116	85.93	47.6
158.64628	86.18	46.9
161.30523	86.41	46
164.00874	86.29	45.3
166.75757	86.15	44.5
169.55247	86.16	43.7
172.39421	86.16	42.8
175.28358	86.21	42.1
178.22137	86.23	41.2
181.2084	86.28	40.4
184.2455	86.38	39.6
187.3335	86.38	38.7
190.47326	86.37	38
193.66564	86.43	37.1
196.91152	86.47	36.2
200.2118	86.45	35.4
203.5674	86.42	34.6
206.97924	86.39	33.8
210.44827	86.39	32.9
213.97543	86.42	32.2
217.56171	86.48	31.3
221.2081	86.55	30.5
224.9156	86.56	29.6
228.68524	86.57	29
232.51806	86.57	28.1
236.41512	86.55	27.3
240.3775	86.02	26.6
244.40628	86.56	25.7
248.50259	86.48	25
252.66756	86.5	24.3
256.90233	86.55	23.5
261.20807	86.54	22.8
265.58598	86.43	22.1
270.03727	86.4	21.4
274.56316	86.39	20.7
279.16491	86.39	20.2
283.84378	86.36	19.5
288.60107	86.38	18.9
293.43809	86.33	18.4
298.35619	86.3	17.8
303.35671	86.36	17.3
308.44104	86.42	16.8
313.61059	86.46	16.3
318.86678	86.47	16
324.21107	86.48	15.6
329.64492	86.44	15.2
335.16985	86.38	14.8
340.78738	86.36	14.5
346.49906	86.36	14.3
352.30647	86.31	14.1
358.21121	86.25	13.8
364.21492	86.3	13.6
370.31925	86.31	13.5
376.5259	86.28	13.4
382.83656	86.26	13.3
389.253	86.25	13.1
395.77697	86.25	13.1
402.41029	86.3	12.9
409.15479	86.33	12.9
416.01232	86.34	12.8
422.98479	86.37	12.7
430.07412	86.38	12.6
437.28226	86.39	12.5
444.61122	86.42	12.3
452.06302	86.46	12.2
459.6397	86.5	12
467.34338	86.53	11.8
475.17617	86.56	11.6
483.14023	86.61	11.2
491.23778	86.65	11
499.47105	86.7	10.6
507.84231	86.75	10.1
516.35387	86.79	9.7
525.00808	86.85	9.4
533.80735	86.89	8.9
542.75409	86.93	8.3
551.85078	86.96	7.8
561.09994	86.99	7.2
570.50411	87.02	6.7
580.0659	87.04	6.2
589.78794	87.01	5.6
599.67293	86.98	4.9
609.7236	86.95	4.1
619.94272	86.92	3.3
630.33311	86.87	2.6
640.89765	86.82	1.9
651.63925	86.77	1.2
662.56088	86.7	0.5
673.66556	86.62	0
684.95636	86.58	-0.7
696.4364	86.53	-1.2
708.10884	86.49	-1.6
719.97692	86.44	-2.1
732.04391	86.38	-2.4
744.31315	86.34	-2.7
756.78802	86.31	-2.8
769.47197	86.28	-3
782.36851	86.27	-3.1
795.4812	86.27	-3.2
808.81366	86.29	-3.2
822.36957	86.33	-3.4
836.15269	86.37	-3.7
850.16681	86.43	-4
864.41582	86.5	-4.5
878.90364	86.56	-5.1
893.63428	86.62	-5.9
908.61181	86.66	-6.8
923.84036	86.68	-7.8
939.32415	86.67	-8.9
955.06746	86.64	-10
971.07462	86.58	-11.1
987.35007	86.49	-12.1
1003.8983	86.37	-13
1020.7239	86.23	-13.5
1037.8315	86.08	-13.9
1055.2258	85.95	-14.1
1072.9116	85.84	-14
1090.8939	85.75	-13.7
1109.1775	85.7	-13.2
1127.7676	85.7	-12.9
1146.6693	85.74	-12.7
1165.8877	85.8	-12.7
1185.4283	85.87	-13
1205.2964	85.92	-13.4
1225.4974	85.95	-14.1
1246.0371	85.94	-14.9
1266.9209	85.9	-15.6
1288.1549	85.81	-16.1
1309.7446	85.72	-16.4
1331.6963	85.62	-16.3
1354.0158	85.56	-16
1376.7095	85.53	-15.4
1399.7835	85.57	-14.7
1423.2442	85.67	-14.2
1447.0981	85.8	-13.9
1471.3518	85.95	-13.9
1496.012	86.1	-14.2
1521.0856	86.24	-14.6
1546.5793	86.36	-15.1
1572.5004	86.48	-15.6
1598.8559	86.62	-15.8
1625.6531	86.8	-16.3
1652.8994	87.02	-16.8
1680.6024	87.28	-17.6
1708.7697	87.57	-19
1737.4091	87.83	-20.9
1766.5285	88.06	-23.4
1796.136	88.22	-26.2
1826.2397	88.3	-29.1
1856.8479	88.31	-32.1
1887.9691	88.26	-34.8
1919.612	88.17	-37.4
1951.7851	88.04	-39.8
1984.4975	87.93	-42.1
2017.7582	87.78	-44.3
2051.5763	87.62	-46.6
2085.9612	87.42	-48.7
2120.9224	87.17	-50.8
2156.4696	86.9	-52.4
2192.6126	86.62	-53.6
2229.3613	86.36	-54.5
2266.7259	86.14	-55.3
2304.7168	85.94	-56
2343.3444	85.74	-56.8
2382.6195	85.54	-57.3
2422.5528	85.36	-57.8
2463.1553	85.22	-58.1
2504.4384	85.1	-58.5
2546.4134	84.95	-59.1
2589.0919	84.74	-59.6
2632.4858	84.51	-59.3
2676.6069	84.37	-58
2721.4674	84.45	-56.3
2767.0799	84.74	-55.4
2813.4568	85.09	-55.9
2860.6111	85.34	-57.3
2908.5556	85.49	-58.6
2957.3037	85.68	-59.6
3006.8689	86.01	-60.5
3057.2647	86.45	-62.6
3108.5052	86.84	-66.3
3160.6045	87.04	-70.8
3213.577	87.08	-74.9
3267.4374	87.11	-78.2
3322.2004	87.3	-81.5
3377.8813	87.59	-86.3
3434.4954	87.77	-93.2
3492.0584	87.59	-101.5
3550.5862	86.96	-109.4
3610.0949	86	-115
3670.6009	84.99	-117.5
3732.1211	84.34	-117.8
3794.6724	84.05	-118.9
3858.272	83.77	-121.9
3922.9376	83.21	-125.3
3988.687	82.47	-127
4055.5384	81.9	-126.4
4123.5102	81.69	-125.5
4192.6212	81.68	-125.6
4262.8906	81.82	-126.8
4334.3377	82.05	-129.5
4406.9822	82.21	-134
4480.8443	82.15	-139.3
4555.9444	82.03	-144
4632.3031	82.06	-149.5
4709.9417	82	-157.5
4788.8814	81.54	-166.2
4869.1443	80.85	-173.9
4950.7523	80.24	178.5
5033.7281	79.42	168.3
5118.0947	77.84	158
5203.8752	75.64	152.4
5291.0934	73.77	152.6
5379.7734	72.43	151.2
5469.9397	70.19	146.7
5561.6173	65.55	158.9
5654.8313	67.77	-156
5749.6077	72.78	-163.4
5845.9725	74.39	174.5
5943.9525	73.71	154.7
6043.5746	72.09	144.6
6144.8664	71.29	141.4
6247.8558	71.28	134.4
6352.5714	71	123.7
6459.0421	70.47	112.3
6567.2972	69.76	99.2
6677.3667	68.53	85.9
6789.281	66.97	75.4
6903.071	65.45	68.7
7018.7682	64.64	64
7136.4045	64	55.8
7256.0123	63.23	51
7377.6249	63.65	45
7501.2757	63.65	32.3
7626.9989	63.24	23.9
7754.8293	63.44	16.7
7884.8021	63.92	7.3
8016.9533	64.09	-6.2
8151.3194	63.32	-17.1
8287.9375	63.06	-22.5
8426.8454	63.34	-29.8
8568.0814	63.58	-39.1
8711.6845	63.39	-48.3
8857.6945	62.93	-54
9006.1516	62.96	-54.7
9157.0969	64.21	-61.1
9310.5721	64.63	-75.6
9466.6196	64.75	-88.2
9625.2825	64.82	-105.3
9786.6046	64.08	-120.9
9950.6305	63.32	-136.6
10117.405	61.59	-153.2
10286.976	59.94	-167.3
10459.388	58.27	167.9
10634.69	52.32	133.5
10812.93	47.68	-174.6
10994.157	49.46	154.9
11178.422	41.77	158.9
11365.775	41.68	-177.6
11556.268	40.03	-163.6
11749.954	45.79	-163.5
11946.886	44.63	167.4
12147.119	44.86	167.3
12350.708	41.46	154.5
12557.708	45.07	155.5
12768.179	44.01	126.2
12982.177	44.32	116.4
13199.761	42.86	95.2
13420.992	42	91.7
13645.931	40.14	43.8
13874.641	41.15	27.6
14107.183	35.43	8.8
14343.623	38.17	-66.8
14584.025	39.83	-153.6
14828.457	37.03	-171.6
15076.986	36.08	175
15329.68	34.44	139.5
15586.609	32.9	121
15847.844	35.53	-157.1
16113.458	45.24	165.7
16383.524	45.13	114.1
16658.115	35.31	90.3
16937.31	13.58	-32
17221.183	40.08	154.9
17509.814	42.52	156.1
17803.283	41.57	132.9
18101.67	41.75	157.7
18405.059	43.25	132.6
18713.532	43.82	124.9
19027.176	46.56	129.1
19346.076	47.22	108.8
19670.321	46.02	77.6
