19.86599	70.6	120.7
20.19895	70.69	120.6
20.53749	70.88	120.3
20.8817	71.25	119.7
21.23169	71.69	119
21.58753	71.99	118.5
21.94935	72.17	118.1
22.31722	72.38	117.5
22.69126	72.62	116.8
23.07158	72.77	116.3
23.45826	72.8	115.9
23.85143	72.77	115.4
24.25118	72.71	114.7
24.65764	72.71	114.2
25.07091	72.83	113.8
25.4911	73.1	113.2
25.91834	73.42	112.6
26.35274	73.71	112.1
26.79441	74.12	111.6
27.2435	74.64	111
27.7001	75.08	110.4
28.16436	75.49	110
28.63641	75.97	109.4
29.11636	76.42	108.8
29.60436	76.83	108.3
30.10053	77.29	107.8
30.60502	77.72	107.2
31.11797	78.11	106.7
31.63952	78.55	106.1
32.1698	78.95	105.6
32.70898	79.32	105
33.25719	79.67	104.5
33.81459	79.99	104
34.38133	80.31	103.4
34.95757	80.62	102.9
35.54346	80.86	102.4
36.13918	81.07	101.8
36.74488	81.24	101.2
37.36074	81.37	100.7
37.98691	81.49	100.2
38.62358	81.57	99.6
39.27092	81.62	99.1
39.92911	81.63	98.6
40.59833	81.61	98
41.27877	81.57	97.5
41.97061	81.54	97
42.67405	81.51	96.4
43.38928	81.45	95.9
44.11649	81.3	95.4
44.8559	81.09	94.8
45.60769	81.03	94.3
46.37209	81.14	93.8
47.1493	81.32	93.2
47.93953	81.47	92.7
48.74301	81.64	92.2
49.55995	81.82	91.7
50.39059	82.01	91.1
51.23515	82.2	90.6
52.09386	82.39	90.1
52.96697	82.59	89.5
53.85471	82.82	89
54.75733	83.09	88.5
55.67507	83.43	87.9
56.6082	83.83	87.4
57.55697	84.26	86.9
58.52164	84.69	86.3
59.50247	85.1	85.8
60.49975	85.46	85.1
61.51374	85.75	84.6
62.54472	85.97	84.1
63.59299	86.09	83.5
64.65882	86.1	83
65.74252	86	82.4
66.84438	85.81	81.9
67.96471	85.56	81.3
69.10382	85.31	80.8
70.26201	85.12	80.2
71.43962	85.02	79.7
72.63697	85.03	79.1
73.85438	85.21	78.5
75.0922	85.52	77.9
76.35076	85.92	77.4
77.63042	86.36	76.8
78.93152	86.79	76.2
80.25443	87.15	75.7
81.59952	87.39	75.1
82.96715	87.49	74.5
84.3577	87.45	73.9
85.77155	87.25	73.2
87.2091	86.95	72.6
88.67075	86.69	72
90.15689	86.56	71.4
91.66795	86.65	70.8
93.20432	86.97	70.1
94.76645	87.41	69.5
96.35476	87.85	68.9
97.96969	88.18	68.3
99.61168	88.31	67.6
101.2812	88.27	67
102.9787	88.09	66.3
104.70465	87.87	65.7
106.45952	87.69	65
108.24381	87.63	64.4
110.058	87.69	63.6
111.9026	87.86	63
113.77812	88.05	62.3
115.68507	88.23	61.6
117.62398	88.38	60.9
119.59538	88.54	60.2
121.59983	88.69	59.5
123.63787	88.8	58.8
125.71007	88.83	58.1
127.81701	88.79	57.4
129.95925	88.73	56.6
132.1374	88.73	55.9
134.35205	88.83	55.1
136.60383	88.99	54.4
138.89334	89.13	53.6
141.22123	89.2	52.9
143.58813	89.21	52.1
145.9947	89.21	51.3
148.44161	89.25	50.6
150.92953	89.33	49.8
153.45914	89.45	49
156.03116	89.58	48.2
158.64628	89.68	47.3
161.30523	89.71	46.5
164.00874	89.68	45.7
166.75757	89.61	44.9
169.55247	89.59	44.1
172.39421	89.63	43.3
175.28358	89.72	42.5
178.22137	89.81	41.6
181.2084	89.87	40.7
184.2455	89.92	39.9
187.3335	89.98	39
190.47326	90.05	38.2
193.66564	90.12	37.3
196.91152	90.16	36.5
200.2118	90.16	35.6
203.5674	90.16	34.7
206.97924	90.18	33.8
210.44827	90.21	32.9
213.97543	90.26	32.1
217.56171	90.31	31.2
221.2081	90.35	30.3
224.9156	90.39	29.5
228.68524	90.43	28.6
232.51806	90.45	27.6
236.41512	90.46	26.8
240.3775	90.46	25.9
244.40628	90.46	25
248.50259	90.48	24.2
252.66756	90.5	23.4
256.90233	90.49	22.4
261.20807	90.47	21.6
265.58598	90.46	20.8
270.03727	90.46	20
274.56316	90.48	19.2
279.16491	90.51	18.3
283.84378	90.54	17.5
288.60107	90.55	16.8
293.43809	90.55	16
298.35619	90.56	15.3
303.35671	90.58	14.4
308.44104	90.61	13.7
313.61059	90.63	13.1
318.86678	90.62	12.4
324.21107	90.6	11.8
329.64492	90.55	11.1
335.16985	90.51	10.5
340.78738	90.48	9.9
346.49906	90.46	9.4
352.30647	90.44	8.8
358.21121	90.42	8.3
364.21492	90.4	7.8
370.31925	90.37	7.4
376.5259	90.34	6.9
382.83656	90.31	6.5
389.253	90.28	6.2
395.77697	90.25	5.8
402.41029	90.22	5.4
409.15479	90.19	5.1
416.01232	90.17	4.8
422.98479	90.15	4.5
430.07412	90.14	4.2
437.28226	90.12	4
444.61122	90.08	3.7
452.06302	90.04	3.5
459.6397	90.01	3.3
467.34338	89.98	3
475.17617	89.95	2.7
483.14023	89.91	2.3
491.23778	89.88	1.9
499.47105	89.85	1.5
507.84231	89.83	1.2
516.35387	89.83	0.8
525.00808	89.84	0.4
533.80735	89.85	0
542.75409	89.87	-0.4
551.85078	89.89	-0.8
561.09994	89.91	-1.3
570.50411	89.93	-1.8
580.0659	89.95	-2.3
589.78794	89.96	-2.9
599.67293	89.97	-3.5
609.7236	89.98	-4.1
619.94272	89.98	-4.7
630.33311	89.98	-5.3
640.89765	89.97	-6
651.63925	89.96	-6.6
662.56088	89.94	-7.2
673.66556	89.91	-7.9
684.95636	89.88	-8.4
696.4364	89.84	-9
708.10884	89.8	-9.5
719.97692	89.76	-9.9
732.04391	89.72	-10.2
744.31315	89.68	-10.5
756.78802	89.65	-10.7
769.47197	89.63	-10.9
782.36851	89.62	-11.1
795.4812	89.62	-11.2
808.81366	89.65	-11.3
822.36957	89.68	-11.5
836.15269	89.73	-11.8
850.16681	89.79	-12.1
864.41582	89.86	-12.6
878.90364	89.92	-13.2
893.63428	89.98	-14
908.61181	90.03	-14.9
923.84036	90.06	-15.8
939.32415	90.07	-16.8
955.06746	90.05	-17.8
971.07462	90.01	-18.8
987.35007	89.95	-19.6
1003.8983	89.88	-20.3
1020.7239	89.8	-20.8
1037.8315	89.72	-21
1055.2258	89.67	-21.1
1072.9116	89.64	-21
1090.8939	89.66	-20.8
1109.1775	89.73	-20.6
1127.7676	89.84	-20.6
1146.6693	89.99	-20.8
1165.8877	90.17	-21.3
1185.4283	90.35	-22.1
1205.2964	90.52	-23.4
1225.4974	90.67	-24.9
1246.0371	90.78	-26.6
1266.9209	90.85	-28.5
1288.1549	90.88	-30.5
1309.7446	90.87	-32.4
1331.6963	90.83	-34.2
1354.0158	90.77	-36
1376.7095	90.69	-37.6
1399.7835	90.61	-39.1
1423.2442	90.52	-40.6
1447.0981	90.42	-42
1471.3518	90.32	-43.4
1496.012	90.2	-44.8
1521.0856	90.07	-46.2
1546.5793	89.91	-47.4
1572.5004	89.74	-48.4
1598.8559	89.57	-49.2
1625.6531	89.42	-49.8
1652.8994	89.3	-50.2
1680.6024	89.22	-50.6
1708.7697	89.17	-51
1737.4091	89.14	-51.6
1766.5285	89.11	-52.5
1796.136	89.08	-53.4
1826.2397	89.02	-54.3
1856.8479	88.96	-55.2
1887.9691	88.91	-55.9
1919.612	88.89	-56.5
1951.7851	88.9	-57.3
1984.4975	88.95	-58.3
2017.7582	89	-59.7
2051.5763	89.01	-61.5
2085.9612	88.97	-63.5
2120.9224	88.85	-65.5
2156.4696	88.67	-67.1
2192.6126	88.45	-68.3
2229.3613	88.25	-68.9
2266.7259	88.11	-69
2304.7168	88.07	-69.1
2343.3444	88.11	-69.3
2382.6195	88.21	-70
2422.5528	88.33	-71.2
2463.1553	88.42	-73
2504.4384	88.46	-75.1
2546.4134	88.45	-77.3
2589.0919	88.37	-79.5
2632.4858	88.28	-81.4
2676.6069	88.18	-83.2
2721.4674	88.08	-85
2767.0799	87.98	-86.8
2813.4568	87.86	-88.6
2860.6111	87.7	-90.2
2908.5556	87.54	-91.4
2957.3037	87.44	-92.1
3006.8689	87.44	-92.8
3057.2647	87.53	-93.8
3108.5052	87.67	-95.4
3160.6045	87.78	-97.7
3213.577	87.84	-100.3
3267.4374	87.86	-102.9
3322.2004	87.87	-105.4
3377.8813	87.92	-107.9
3434.4954	88.01	-110.6
3492.0584	88.14	-113.9
3550.5862	88.27	-117.9
3610.0949	88.33	-122.7
3670.6009	88.28	-128.1
3732.1211	88.08	-133.8
3794.6724	87.72	-139.2
3858.272	87.23	-143.8
3922.9376	86.68	-147.5
3988.687	86.14	-150.1
4055.5384	85.69	-152.2
4123.5102	85.33	-154
4192.6212	85.08	-155.5
4262.8906	84.98	-156.7
4334.3377	85.1	-158.4
4406.9822	85.45	-161.4
4480.8443	85.85	-166.9
4555.9444	86.1	-174.9
4632.3031	86.06	176.1
4709.9417	85.67	165.6
4788.8814	85.01	156.2
4869.1443	84.16	147.5
4950.7523	83.17	139.5
5033.7281	82.03	132.4
5118.0947	80.76	126.5
5203.8752	79.41	121.9
5291.0934	78.05	118.5
5379.7734	76.72	116.4
5469.9397	75.47	115.6
5561.6173	74.42	115.5
5654.8313	73.64	114.9
5749.6077	73.04	113.2
5845.9725	72.5	110.3
5943.9525	71.92	106.3
6043.5746	71.25	101.8
6144.8664	70.5	97.7
6247.8558	69.86	94
6352.5714	69.53	88.8
6459.0421	69.33	79.6
6567.2972	68.81	66.4
6677.3667	67.7	52
6789.281	66.14	38.5
6903.071	64.52	25.2
7018.7682	63.13	9.9
7136.4045	61.94	-8.8
7256.0123	60.82	-30.7
7377.6249	59.68	-54.8
7501.2757	58.47	-78.7
7626.9989	57.2	-100
7754.8293	55.96	-116.2
7884.8021	54.86	-126
8016.9533	54.1	-129.9
8151.3194	53.89	-129.6
8287.9375	54.17	-127.9
8426.8454	54.78	-126.7
8568.0814	55.55	-126.9
8711.6845	56.44	-128.2
8857.6945	57.54	-130.2
9006.1516	58.91	-133.4
9157.0969	60.37	-138.7
9310.5721	61.76	-146
9466.6196	63.06	-154.7
9625.2825	64.32	-164.7
9786.6046	65.53	-177.8
9950.6305	66.54	168.1
10117.405	67.12	150.1
10286.976	67.18	131.2
10459.388	66.78	113.6
10634.69	66.21	98.1
10812.93	65.73	83.2
10994.157	65.25	67.2
11178.422	64.45	50.5
11365.775	63.14	36
11556.268	61.46	24.9
11749.954	59.8	16.5
11946.886	58.4	9.4
12147.119	57.27	3.3
12350.708	56.45	-2.9
12557.708	55.8	-9.5
12768.179	55.12	-16.4
12982.177	54.45	-22.1
13199.761	54.16	-27
13420.992	54.31	-33.5
13645.931	54.23	-41.8
13874.641	53.37	-46.4
14107.183	51.75	-45.2
14343.623	50.1	-41.5
14584.025	49	-39.9
14828.457	48.29	-39.5
15076.986	47.99	-39.2
15329.68	48.12	-39.9
15586.609	48.68	-42.5
15847.844	49.42	-47.7
16113.458	49.8	-56.5
16383.524	49.44	-66.5
16658.115	48.34	-73.8
16937.31	46.99	-77.5
17221.183	45.79	-81.1
17509.814	44.73	-87.4
17803.283	43.91	-97.6
18101.67	43.3	-111.6
18405.059	42.44	-126.6
18713.532	40.89	-138
19027.176	38.82	-148.1
19346.076	37.08	-170.3
19670.321	36.14	162
20000	35.86	145.7
