19.8660	70.8700	87.6000
20.1989	70.9800	87.4000
20.5375	71.0800	87.2000
20.8817	71.2000	87.0000
21.2317	71.3100	86.8000
21.5875	71.4100	86.6000
21.9493	71.5100	86.3000
22.3172	71.5900	86.1000
22.6913	71.6700	85.9000
23.0716	71.7400	85.7000
23.4583	71.8200	85.4000
23.8514	71.9100	85.2000
24.2512	72.0000	85.0000
24.6576	72.1100	84.7000
25.0709	72.2500	84.5000
25.4911	72.4200	84.2000
25.9183	72.6100	84.0000
26.3527	72.8000	83.8000
26.7944	72.9800	83.6000
27.2435	73.1700	83.3000
27.7001	73.3600	83.1000
28.1644	73.5800	82.8000
28.6364	73.8100	82.6000
29.1164	74.0600	82.3000
29.6044	74.3300	82.1000
30.1005	74.6200	81.9000
30.6050	74.9300	81.6000
31.1180	75.2500	81.4000
31.6395	75.6000	81.1000
32.1698	75.9700	80.8000
32.7090	76.3400	80.6000
33.2572	76.7300	80.3000
33.8146	77.1200	80.0000
34.3813	77.5100	79.8000
34.9576	77.9300	79.5000
35.5435	78.3700	79.2000
36.1392	78.8100	79.0000
36.7449	79.1900	78.7000
37.3607	79.4200	78.4000
37.9869	79.3800	78.1000
38.6236	78.8500	77.8000
39.2709	78.1800	77.5000
39.9291	78.0000	77.2000
40.5983	78.2700	76.9000
41.2788	78.7600	76.6000
41.9706	79.1900	76.3000
42.6741	79.5300	76.0000
43.3893	79.7700	75.7000
44.1165	79.9300	75.4000
44.8559	80.0600	75.0000
45.6077	80.2100	74.7000
46.3721	80.3700	74.3000
47.1493	80.4900	74.0000
47.9395	80.5500	73.7000
48.7430	80.6400	73.3000
49.5600	80.7600	73.0000
50.3906	80.8600	72.6000
51.2351	80.9300	72.3000
52.0939	81.0100	71.9000
52.9670	81.1000	71.6000
53.8547	81.1600	71.2000
54.7573	81.2200	70.8000
55.6751	81.2800	70.4000
56.6082	81.3600	70.0000
57.5570	81.4400	69.6000
58.5216	81.4700	69.2000
59.5025	81.4900	68.8000
60.4997	81.5700	68.4000
61.5137	81.7000	68.0000
62.5447	81.7700	67.6000
63.5930	81.8000	67.2000
64.6588	81.8800	66.7000
65.7425	82.0200	66.3000
66.8444	82.1800	65.8000
67.9647	82.3400	65.4000
69.1038	82.5200	64.9000
70.2620	82.7000	64.5000
71.4396	82.8800	64.0000
72.6370	83.0700	63.5000
73.8544	83.2700	63.0000
75.0922	83.4700	62.5000
76.3508	83.6500	62.0000
77.6304	83.8200	61.5000
78.9315	84.0000	61.0000
80.2544	84.1400	60.5000
81.5995	84.2500	60.0000
82.9672	84.3500	59.4000
84.3577	84.4400	58.9000
85.7716	84.5200	58.3000
87.2091	84.5700	57.8000
88.6707	84.6000	57.2000
90.1569	84.6300	56.7000
91.6680	84.6800	56.1000
93.2043	84.7400	55.4000
94.7665	84.7900	54.8000
96.3548	84.8300	54.2000
97.9697	84.8800	53.6000
99.6117	84.9200	53.0000
101.2812	84.9600	52.3000
102.9787	85.0400	51.7000
104.7047	85.1200	51.1000
106.4595	85.1900	50.4000
108.2438	85.2700	49.7000
110.0580	85.3600	49.0000
111.9026	85.4400	48.4000
113.7781	85.5000	47.7000
115.6851	85.5600	47.0000
117.6240	85.7200	46.3000
119.5954	85.9500	45.5000
121.5998	85.8100	44.8000
123.6379	85.4500	44.1000
125.7101	85.2900	43.3000
127.8170	85.2200	42.6000
129.9592	85.1900	41.8000
132.1374	85.2100	41.0000
134.3520	85.2600	40.2000
136.6038	85.3200	39.4000
138.8933	85.3900	38.6000
141.2212	85.4600	37.8000
143.5881	85.5000	37.0000
145.9947	85.5200	36.1000
148.4416	85.5400	35.3000
150.9295	85.5400	34.4000
153.4591	85.5500	33.6000
156.0312	85.5500	32.7000
158.6463	85.5300	31.8000
161.3052	85.4600	30.9000
164.0087	85.3900	30.0000
166.7576	85.3400	29.1000
169.5525	85.3400	28.2000
172.3942	85.3500	27.3000
175.2836	85.3400	26.3000
178.2214	85.3200	25.4000
181.2084	85.4000	24.4000
184.2455	85.5200	23.5000
187.3335	85.5500	22.5000
190.4733	85.5600	21.6000
193.6656	85.5700	20.6000
196.9115	85.5600	19.6000
200.2118	85.5300	18.6000
203.5674	85.4800	17.7000
206.9792	85.4400	16.7000
210.4483	85.4000	15.6000
213.9754	85.3800	14.6000
217.5617	85.3900	13.6000
221.2081	85.4300	12.6000
224.9156	85.4500	11.6000
228.6852	85.4400	10.6000
232.5181	85.3900	9.6000
236.4151	85.3500	8.6000
240.3775	85.3200	7.7000
244.4063	85.2600	6.7000
248.5026	85.2000	5.7000
252.6676	85.1800	4.8000
256.9023	85.1700	3.8000
261.2081	85.1200	2.9000
265.5860	85.0300	2.0000
270.0373	84.9500	1.1000
274.5632	84.8800	0.2000
279.1649	84.8300	-0.8000
283.8438	84.7900	-1.6000
288.6011	84.7600	-2.4000
293.4381	84.7200	-3.2000
298.3562	84.6800	-3.9000
303.3567	84.6300	-4.6000
308.4410	84.6100	-5.3000
313.6106	84.5900	-5.9000
318.8668	84.5600	-6.5000
324.2111	84.4900	-7.1000
329.6449	84.3900	-7.6000
335.1698	84.2700	-8.0000
340.7874	84.1600	-8.4000
346.4991	84.0700	-8.7000
352.3065	84.0000	-9.0000
358.2112	83.9400	-9.2000
364.2149	83.8700	-9.4000
370.3193	83.7900	-9.5000
376.5259	83.7100	-9.5000
382.8366	83.6000	-9.6000
389.2530	83.5000	-9.5000
395.7770	83.4400	-9.4000
402.4103	83.4000	-9.3000
409.1548	83.3600	-9.2000
416.0123	83.3000	-9.0000
422.9848	83.2400	-8.8000
430.0741	83.1900	-8.6000
437.2823	83.1600	-8.4000
444.6112	83.1400	-8.2000
452.0630	83.1300	-8.1000
459.6397	83.1200	-7.9000
467.3434	83.1100	-7.9000
475.1762	83.1100	-7.8000
483.1402	83.1200	-7.8000
491.2378	83.1300	-7.8000
499.4710	83.1400	-7.9000
507.8423	83.1700	-8.1000
516.3539	83.2000	-8.3000
525.0081	83.2500	-8.7000
533.8074	83.3000	-9.0000
542.7541	83.3500	-9.5000
551.8508	83.3900	-10.0000
561.0999	83.4300	-10.5000
570.5041	83.4600	-11.1000
580.0659	83.4900	-11.7000
589.7879	83.5100	-12.4000
599.6729	83.5200	-13.1000
609.7236	83.5200	-13.8000
619.9427	83.5100	-14.5000
630.3331	83.5000	-15.3000
640.8976	83.4800	-16.0000
651.6392	83.4400	-16.7000
662.5609	83.4000	-17.4000
673.6656	83.3600	-18.1000
684.9564	83.3000	-18.7000
696.4364	83.2400	-19.2000
708.1088	83.1800	-19.7000
719.9769	83.1200	-20.2000
732.0439	83.0600	-20.6000
744.3131	83.0000	-20.9000
756.7880	82.9500	-21.2000
769.4720	82.9100	-21.4000
782.3685	82.8800	-21.6000
795.4812	82.8600	-21.8000
808.8137	82.8600	-22.0000
822.3696	82.8700	-22.2000
836.1527	82.8900	-22.5000
850.1668	82.9100	-23.0000
864.4158	82.9400	-23.5000
878.9036	82.9700	-24.2000
893.6343	82.9900	-25.0000
908.6118	83.0000	-25.8000
923.8404	82.9900	-26.8000
939.3242	82.9600	-27.8000
955.0675	82.9100	-28.9000
971.0746	82.8400	-29.9000
987.3501	82.7400	-30.8000
1003.8983	82.6300	-31.5000
1020.7239	82.5100	-32.1000
1037.8315	82.3900	-32.5000
1055.2258	82.2800	-32.8000
1072.9116	82.1900	-32.8000
1090.8939	82.1300	-32.7000
1109.1775	82.1100	-32.7000
1127.7676	82.1300	-32.7000
1146.6693	82.1700	-32.8000
1165.8877	82.2400	-33.2000
1185.4283	82.3100	-33.8000
1205.2964	82.3800	-34.7000
1225.4974	82.4300	-35.8000
1246.0371	82.4500	-37.0000
1266.9209	82.4500	-38.3000
1288.1549	82.4100	-39.6000
1309.7446	82.3600	-40.8000
1331.6963	82.2900	-42.0000
1354.0158	82.2100	-43.0000
1376.7095	82.1400	-43.9000
1399.7835	82.0800	-44.9000
1423.2442	82.0300	-45.8000
1447.0981	81.9800	-46.9000
1471.3518	81.9300	-48.0000
1496.0120	81.8600	-49.2000
1521.0856	81.7600	-50.4000
1546.5793	81.6500	-51.5000
1572.5004	81.5200	-52.5000
1598.8559	81.4000	-53.3000
1625.6531	81.2900	-53.9000
1652.8994	81.2300	-54.5000
1680.6024	81.2000	-55.1000
1708.7697	81.2100	-55.9000
1737.4091	81.2300	-57.0000
1766.5285	81.2400	-58.4000
1796.1360	81.2300	-60.0000
1826.2397	81.1800	-61.9000
1856.8479	81.0900	-63.7000
1887.9691	80.9800	-65.5000
1919.6120	80.8600	-67.2000
1951.7851	80.7500	-68.8000
1984.4975	80.6400	-70.6000
2017.7582	80.5200	-72.5000
2051.5763	80.3700	-74.6000
2085.9612	80.1700	-76.9000
2120.9224	79.9200	-79.1000
2156.4696	79.6200	-81.1000
2192.6126	79.2800	-82.7000
2229.3613	78.9400	-84.0000
2266.7259	78.6100	-84.9000
2304.7168	78.3000	-85.6000
2343.3444	78.0300	-86.0000
2382.6195	77.8200	-86.1000
2422.5528	77.6900	-86.3000
2463.1553	77.6500	-86.6000
2504.4384	77.7100	-87.4000
2546.4134	77.8100	-89.2000
2589.0919	77.8900	-92.0000
2632.4858	77.8900	-95.7000
2676.6069	77.7600	-100.1000
2721.4674	77.4700	-105.1000
2767.0799	76.9600	-110.5000
2813.4568	76.1500	-115.8000
2860.6111	74.9900	-119.8000
2908.5556	73.5200	-121.0000
2957.3037	71.9900	-117.9000
3006.8689	70.9100	-110.2000
3057.2647	70.6400	-101.1000
3108.5052	70.9700	-93.9000
3160.6045	71.5600	-88.6000
3213.5770	72.3900	-84.5000
3267.4374	73.5800	-82.1000
3322.2004	75.0700	-83.1000
3377.8813	76.5700	-88.5000
3434.4954	77.8000	-97.6000
3492.0584	78.6100	-109.1000
3550.5862	78.9700	-121.7000
3610.0949	78.9300	-134.5000
3670.6009	78.5600	-146.9000
3732.1211	77.9400	-158.5000
3794.6724	77.1800	-169.1000
3858.2720	76.3400	-107.2000
3922.9376	75.4700	171.4000
3988.6870	74.5300	161.5000
4055.5384	73.4400	151.3000
4123.5102	72.1300	141.3000
4192.6212	70.6100	132.2000
4262.8906	69.0000	124.5000
4334.3377	67.3700	117.7000
4406.9822	65.7600	111.8000
4480.8443	64.1800	106.2000
4555.9444	62.5500	100.7000
4632.3031	60.6900	96.3000
4709.9417	58.8200	96.4000
4788.8814	57.8400	99.8000
4869.1443	57.7600	98.9000
4950.7523	57.3700	92.2000
5033.7281	56.1800	86.7000
5118.0947	55.1100	87.3000
5203.8752	54.9300	88.6000
5291.0934	55.0300	85.9000
5379.7734	54.9000	81.9000
5469.9397	54.8500	78.2000
5561.6173	54.9000	72.1000
5654.8313	54.4900	63.7000
5749.6077	53.4900	57.3000
5845.9725	52.4900	55.0000
5943.9525	51.7700	53.7000
6043.5746	51.0100	51.5000
6144.8664	49.5400	49.6000
6247.8558	47.0900	57.9000
6352.5714	47.0800	82.3000
6459.0421	49.7400	89.4000
6567.2972	50.7500	81.6000
6677.3667	49.8000	78.0000
6789.2810	48.7600	87.0000
6903.0710	49.6000	101.3000
7018.7682	51.8000	108.1000
7136.4045	54.1100	107.0000
7256.0123	56.0100	100.8000
7377.6249	57.5700	92.9000
7501.2757	59.0500	81.7000
7626.9989	59.8700	65.6000
7754.8293	59.7500	48.8000
7884.8021	58.8400	33.2000
8016.9533	57.2100	21.9000
8151.3194	55.6800	15.9000
8287.9375	54.1300	10.5000
8426.8454	52.4300	10.4000
8568.0814	51.3400	10.4000
8711.6845	49.4200	9.4000
8857.6945	47.4400	20.5000
9006.1516	47.6600	32.5000
9157.0969	48.0800	34.8000
9310.5721	48.5100	37.7000
9466.6196	49.8200	33.2000
9625.2825	50.1200	19.2000
9786.6046	49.1100	7.4000
9950.6305	47.9100	0.7000
10117.4050	46.7400	-4.4000
10286.9760	45.1100	-8.3000
10459.3880	42.3700	-8.6000
10634.6900	39.6400	6.6000
10812.9300	39.2100	19.0000
10994.1570	38.6300	23.8000
11178.4220	38.6400	31.2000
11365.7750	39.8400	33.6000
11556.2680	40.3700	29.2000
11749.9540	39.2900	28.5000
11946.8860	38.7300	28.0000
12147.1190	36.8300	17.3000
12350.7080	34.7000	16.0000
12557.7080	34.3000	21.3000
12768.1790	35.6300	32.2000
12982.1770	36.9300	27.7000
13199.7610	36.6200	26.2000
13420.9920	37.6400	16.7000
13645.9310	38.4400	7.0000
13874.6410	38.9800	0.7000
14107.1830	38.0800	-11.3000
14343.6230	35.0600	-29.4000
14584.0250	31.6000	-47.1000
14828.4570	32.2800	-46.9000
15076.9860	32.4600	-45.9000
15329.6800	31.6400	-46.2000
15586.6090	32.2200	-112.4000
15847.8440	34.7500	117.6000
16113.4580	37.1300	0.2000
16383.5240	39.1800	-89.5000
16658.1150	38.4800	33.2000
16937.3100	35.5500	38.6000
17221.1830	32.7700	-55.3000
17509.8140	31.4400	-117.0000
17803.2830	32.1700	-18.8000
18101.6700	30.8000	123.6000
18405.0590	28.6500	1.9000
18713.5320	28.9300	-132.0000
19027.1760	25.0900	-176.8000
19346.0760	24.6900	-140.6000
19670.3210	29.6200	-124.7000
20000.0000	29.4300	-130.2000