"| "| "| "| Standardized FRD file, measured by OmniMic "ref141614.omm" on 6/27/2014 by userID: 
"| "| "| "| Equivalent to driven with 2.83V and measured at 1m
"| "| "| "| Acoustic origin is 237.2useconds behind the mounting plane.
"| "| "| "| 
19.86599	81.06	33.7
20.19895	81.27	34
20.53749	81.49	34.2
20.8817	81.71	34.4
21.23169	81.93	34.8
21.58753	82.15	35.1
21.94935	82.35	35.4
22.31722	82.54	35.7
22.69126	82.72	36
23.07158	82.89	36.3
23.45826	83.05	36.7
23.85143	83.21	37
24.25118	83.35	37.3
24.65764	83.49	37.5
25.07091	83.62	37.8
25.4911	83.74	38.1
25.91834	83.86	38.4
26.35274	84	38.6
26.79441	84.16	38.8
27.2435	84.34	39.1
27.7001	84.51	39.4
28.16436	84.66	39.6
28.63641	84.8	39.9
29.11636	84.95	40.1
29.60436	85.1	40.4
30.10053	85.26	40.6
30.60502	85.43	40.9
31.11797	85.59	41.1
31.63952	85.75	41.3
32.1698	85.92	41.4
32.70898	86.09	41.6
33.25719	86.27	41.9
33.81459	86.45	42.1
34.38133	86.63	42.2
34.95757	86.81	42.4
35.54346	87	42.6
36.13918	87.2	42.7
36.74488	87.41	42.9
37.36074	87.62	43
37.98691	87.83	43.1
38.62358	88.04	43.2
39.27092	88.24	43.3
39.92911	88.43	43.5
40.59833	88.61	43.6
41.27877	88.78	43.7
41.97061	88.94	43.8
42.67405	89.09	43.8
43.38928	89.23	43.9
44.11649	89.37	43.9
44.8559	89.48	44
45.60769	89.56	44
46.37209	89.6	44.1
47.1493	89.6	44.1
47.93953	89.56	44.1
48.74301	89.47	44.1
49.55995	89.3	44
50.39059	89.08	44
51.23515	88.89	44
52.09386	88.78	44
52.96697	88.75	43.9
53.85471	88.75	43.9
54.75733	88.8	43.8
55.67507	88.87	43.7
56.6082	88.94	43.6
57.55697	88.99	43.5
58.52164	89.03	43.4
59.50247	89.07	43.3
60.49975	89.08	43.2
61.51374	89.07	42.9
62.54472	89.05	42.8
63.59299	89.07	42.6
64.65882	89.17	42.5
65.74252	89.3	42.3
66.84438	89.45	42
67.96471	89.61	41.8
69.10382	89.76	41.6
70.26201	89.91	41.4
71.43962	90.04	41.2
72.63697	90.16	40.8
73.85438	90.27	40.6
75.0922	90.35	40.3
76.35076	90.42	40
77.63042	90.49	39.7
78.93152	90.56	39.3
80.25443	90.62	39
81.59952	90.67	38.7
82.96715	90.71	38.4
84.3577	90.76	37.9
85.77155	90.79	37.5
87.2091	90.79	37.2
88.67075	90.8	36.8
90.15689	90.85	36.3
91.66795	90.94	35.9
93.20432	91.05	35.5
94.76645	91.15	35
96.35476	91.18	34.4
97.96969	91.16	34
99.61168	91.09	33.5
101.2812	91.02	33
102.9787	90.97	32.5
104.70465	90.97	31.9
106.45952	91.02	31.4
108.24381	91.11	30.7
110.058	91.2	30.2
111.9026	91.27	29.6
113.77812	91.3	29
115.68507	91.32	28.3
117.62398	91.36	27.7
119.59538	91.37	27
121.59983	91.2	26.4
123.63787	90.97	25.7
125.71007	90.81	25
127.81701	90.72	24.3
129.95925	90.69	23.6
132.1374	90.69	22.8
134.35205	90.69	22.1
136.60383	90.7	21.3
138.89334	90.7	20.5
141.22123	90.69	19.8
143.58813	90.68	18.9
145.9947	90.67	18.1
148.44161	90.7	17.2
150.92953	90.74	16.4
153.45914	90.77	15.5
156.03116	90.78	14.7
158.64628	90.75	13.9
161.30523	90.65	12.9
164.00874	90.5	12
166.75757	90.38	11
169.55247	90.3	10.2
172.39421	90.25	9.1
175.28358	90.23	8.2
178.22137	90.24	7.2
181.2084	90.28	6.3
184.2455	90.3	5.3
187.3335	90.33	4.3
190.47326	90.37	3.3
193.66564	90.4	2.3
196.91152	90.39	1.2
200.2118	90.34	0.2
203.5674	90.29	-0.8
206.97924	90.26	-1.9
210.44827	90.22	-3
213.97543	90.2	-4.1
217.56171	90.23	-5.2
221.2081	90.29	-6.2
224.9156	90.35	-7.3
228.68524	90.36	-8.4
232.51806	90.33	-9.3
236.41512	90.27	-10.4
240.3775	90.21	-11.5
244.40628	90.14	-12.5
248.50259	90.06	-13.6
252.66756	90.01	-14.6
256.90233	89.99	-15.6
261.20807	89.94	-16.6
265.58598	89.8	-17.6
270.03727	89.64	-18.6
274.56316	89.53	-19.5
279.16491	89.48	-20.5
283.84378	89.46	-21.4
288.60107	89.42	-22.3
293.43809	89.38	-23.2
298.35619	89.36	-24
303.35671	89.36	-24.8
308.44104	89.38	-25.5
313.61059	89.4	-26.3
318.86678	89.4	-27
324.21107	89.34	-27.7
329.64492	89.23	-28.3
335.16985	89.13	-28.9
340.78738	89.04	-29.5
346.49906	88.97	-30
352.30647	88.92	-30.5
358.21121	88.89	-31
364.21492	88.86	-31.5
370.31925	88.84	-31.9
376.5259	88.79	-32.4
382.83656	88.73	-32.9
389.253	88.67	-33.3
395.77697	88.63	-33.8
402.41029	88.62	-34.4
409.15479	88.61	-34.9
416.01232	88.58	-35.5
422.98479	88.53	-36.1
430.07412	88.46	-36.7
437.28226	88.39	-37.5
444.61122	88.35	-38.3
452.06302	88.2	-39.3
459.6397	88.05	-40.2
467.34338	87.93	-41.1
475.17617	87.76	-41.9
483.14023	87.56	-42.6
491.23778	87.34	-43.4
499.47105	87.25	-44.1
507.84231	87.18	-44.9
516.35387	87.11	-45.7
525.00808	87.05	-46.5
533.80735	86.99	-47.2
542.75409	86.92	-48
551.85078	86.84	-48.7
561.09994	86.76	-49.4
570.50411	86.68	-50.1
580.0659	86.6	-50.7
589.78794	86.52	-51.3
599.67293	86.44	-51.8
609.7236	86.37	-52.2
619.94272	86.3	-52.6
630.33311	86.24	-53
640.89765	86.19	-53.3
651.63925	86.16	-53.6
662.56088	86.14	-53.9
673.66556	86.13	-54.1
684.95636	86.14	-54.4
696.4364	86.17	-54.7
708.10884	86.22	-55.1
719.97692	86.28	-55.5
732.04391	86.36	-56.1
744.31315	86.45	-56.7
756.78802	86.56	-57.6
769.47197	86.68	-58.5
782.36851	86.8	-59.7
795.4812	86.92	-61
808.81366	87.04	-62.5
822.36957	87.16	-64.1
836.15269	87.27	-66
850.16681	87.36	-68.1
864.41582	87.44	-70.3
878.90364	87.49	-72.7
893.63428	87.52	-75.2
908.61181	87.52	-77.9
923.84036	87.48	-80.6
939.32415	87.41	-83.4
955.06746	87.3	-86.1
971.07462	87.16	-88.9
987.35007	86.97	-91.6
1003.8983	86.75	-94.1
1020.7239	86.5	-96.4
1037.8315	86.23	-98.5
1055.2258	85.95	-100.3
1072.9116	85.67	-101.9
1090.8939	85.4	-103.2
1109.1775	85.15	-104.2
1127.7676	84.93	-105.1
1146.6693	84.76	-106
1165.8877	84.61	-106.9
1185.4283	84.49	-107.9
1205.2964	84.39	-109.1
1225.4974	84.29	-110.5
1246.0371	84.18	-111.9
1266.9209	84.06	-113.5
1288.1549	83.92	-115
1309.7446	83.76	-116.5
1331.6963	83.61	-117.8
1354.0158	83.47	-119
1376.7095	83.35	-120.1
1399.7835	83.28	-121.2
1423.2442	83.24	-122.4
1447.0981	83.24	-123.8
1471.3518	83.26	-125.7
1496.012	83.27	-127.9
1521.0856	83.25	-130.5
1546.5793	83.19	-133.3
1572.5004	83.06	-136.4
1598.8559	82.88	-139.4
1625.6531	82.63	-142.2
1652.8994	82.34	-144.8
1680.6024	82.01	-147
1708.7697	81.68	-148.6
1737.4091	81.38	-149.8
1766.5285	81.12	-150.5
1796.136	80.95	-150.8
1826.2397	80.89	-150.9
1856.8479	80.96	-151.2
1887.9691	81.15	-151.8
1919.612	81.44	-153.1
1951.7851	81.81	-155.3
1984.4975	82.19	-158.4
2017.7582	82.55	-162.4
2051.5763	82.85	-167.2
2085.9612	83.09	-172.6
2120.9224	83.28	-178.6
2156.4696	83.43	176
2192.6126	83.58	169.4
2229.3613	83.72	162.4
2266.7259	83.83	154.3
2304.7168	83.86	145.1
2343.3444	83.71	134.8
2382.6195	83.32	123.4
2422.5528	82.59	111.6
2463.1553	81.45	99.9
2504.4384	79.84	89.6
2546.4134	77.76	82.5
2589.0919	75.46	81.8
2632.4858	73.73	89
2676.6069	73.66	99.4
2721.4674	75.02	103.3
2767.0799	76.65	97.9
2813.4568	77.85	85.7
2860.6111	78.45	69.8
2908.5556	78.42	51.9
2957.3037	77.8	33.4
3006.8689	76.67	15.3
3057.2647	75.13	-1.4
3108.5052	73.34	-16.4
3160.6045	71.48	-29.5
3213.577	69.7	-41.8
3267.4374	68.03	-54.2
3322.2004	66.39	-67.3
3377.8813	64.74	-80.8
3434.4954	63.09	-94.2
3492.0584	61.49	-107.2
3550.5862	60.01	-119.3
3610.0949	58.65	-130.2
3670.6009	57.42	-139.2
3732.1211	56.4	-145.5
3794.6724	55.78	-149.1
3858.272	55.76	-151.4
3922.9376	56.28	-154.8
3988.687	57.04	-160.8
4055.5384	57.74	-169
4123.5102	58.3	-178.7
4192.6212	58.75	172.5
4262.8906	59.09	162.9
4334.3377	59.34	154.4
4406.9822	59.83	148.5
4480.8443	61.15	142.9
4555.9444	63.2	131.8
4632.3031	65.17	113.2
4709.9417	66.5	89.5
4788.8814	67.04	63.5
4869.1443	66.94	37.1
4950.7523	66.35	10.4
5033.7281	65.32	-18.5
5118.0947	63.52	-53.2
5203.8752	60.25	-99.2
5291.0934	55.15	-3.4
5379.7734	52.68	88.3
5469.9397	55.37	2.8
5561.6173	56.94	-50.7
5654.8313	56.66	-86.1
5749.6077	55.69	-110.7
5845.9725	54.42	-132.7
5943.9525	51.88	-153.9
6043.5746	47.13	-162.4
6144.8664	43.23	-134.9
6247.8558	46.57	-113.2
6352.5714	50.25	-119.3
6459.0421	52.76	-137.3
6567.2972	54.14	-161.8
6677.3667	54.3	171.7
6789.281	53.52	147.3
6903.071	52.27	127.1
7018.7682	50.7	110.2
7136.4045	48.69	97
7256.0123	46.11	89.5
7377.6249	43.86	93.4
7501.2757	43.52	95
7626.9989	42	91.7
7754.8293	42.4	104.3
7884.8021	46.17	94.2
8016.9533	48.38	64.1
8151.3194	48.48	28.2
8287.9375	47.16	-5.5
8426.8454	46.43	-46.5
8568.0814	45.99	-113.4
8711.6845	46.1	154.4
8857.6945	46.54	91.9
9006.1516	46.47	47.5
9157.0969	47.28	22.1
9310.5721	48.3	-6.2
9466.6196	47.31	-31.7
9625.2825	46.76	-46.1
9786.6046	47.05	-71.8
9950.6305	45.38	-101.6
10117.405	43.51	-115.8
10286.976	43.73	-130
10459.388	42.6	-154.6
10634.69	38.36	-169.5
10812.93	34.79	-158.3
10994.157	36.13	-150.1
11178.422	38.41	72.8
11365.775	37.12	135.9
11556.268	34.21	108.4
11749.954	33	98.9
11946.886	33.81	87.7
12147.119	36.34	77.7
12350.708	39.92	38.4
12557.708	39.71	-17.6
12768.179	37.42	-66.9
12982.177	34.74	-91.4
13199.761	36.18	-106.6
13420.992	36.85	-146.7
13645.931	36.97	128.3
13874.641	37.27	115.6
14107.183	37.05	85.6
14343.623	36.68	66.1
14584.025	34.08	47.3
14828.457	33.09	54.2
15076.986	36.65	42.1
15329.68	39.15	0.4
15586.609	38.46	-60.1
15847.844	35.09	-112.7
16113.458	33.43	81.9
16383.524	31.04	77.1
16658.115	28.36	-128.2
16937.31	28.53	27
17221.183	29.86	-103.9
17509.814	31.36	-152.3
17803.283	32.65	103.9
18101.67	32.01	131.5
18405.059	34.46	83.7
18713.532	33.7	10.4
19027.176	29.59	-120.2
19346.076	26.22	29.4
19670.321	27.41	136.7
20000	27.93	112
