19.8660	66.6400	122.6000
20.1989	66.8300	122.1000
20.5375	67.0300	121.5000
20.8817	67.2400	120.9000
21.2317	67.4500	120.4000
21.5875	67.6400	119.8000
21.9493	67.8000	119.2000
22.3172	67.9200	118.6000
22.6913	68.0200	118.0000
23.0716	68.1200	117.4000
23.4583	68.2800	116.9000
23.8514	68.5100	116.3000
24.2512	68.8100	115.7000
24.6576	69.0900	115.1000
25.0709	69.3100	114.6000
25.4911	69.4500	114.0000
25.9183	69.5800	113.5000
26.3527	69.7300	112.8000
26.7944	69.9400	112.3000
27.2435	70.2000	111.7000
27.7001	70.5100	111.1000
28.1644	70.8700	110.6000
28.6364	71.2600	110.0000
29.1164	71.6700	109.5000
29.6044	72.0600	108.9000
30.1005	72.4400	108.3000
30.6050	72.8200	107.8000
31.1180	73.2000	107.2000
31.6395	73.5900	106.7000
32.1698	73.9900	106.1000
32.7090	74.4200	105.6000
33.2572	74.8400	105.1000
33.8146	75.2300	104.5000
34.3813	75.5800	104.0000
34.9576	75.9100	103.4000
35.5435	76.2400	102.9000
36.1392	76.5600	102.3000
36.7449	76.8600	101.7000
37.3607	77.1200	101.2000
37.9869	77.3500	100.7000
38.6236	77.5400	100.1000
39.2709	77.7100	99.5000
39.9291	77.8700	99.0000
40.5983	78.0200	98.4000
41.2788	78.1500	97.9000
41.9706	78.2500	97.4000
42.6741	78.3200	96.9000
43.3893	78.3800	96.4000
44.1165	78.4300	95.7000
44.8559	78.4700	95.2000
45.6077	78.5200	94.6000
46.3721	78.5800	94.1000
47.1493	78.6700	93.5000
47.9395	78.7700	93.0000
48.7430	78.8700	92.4000
49.5600	78.9900	91.9000
50.3906	79.1300	91.4000
51.2351	79.2400	90.8000
52.0939	79.2300	90.3000
52.9670	79.1400	89.7000
53.8547	79.0500	89.2000
54.7573	79.1100	88.6000
55.6751	79.2900	88.1000
56.6082	79.5200	87.5000
57.5570	79.7800	87.0000
58.5216	80.0700	86.4000
59.5025	80.3400	85.9000
60.4997	80.4900	85.3000
61.5137	80.5400	84.7000
62.5447	80.5300	84.1000
63.5930	80.5200	83.6000
64.6588	80.5400	83.0000
65.7425	80.5900	82.5000
66.8444	80.7000	81.9000
67.9647	80.8400	81.3000
69.1038	80.9600	80.8000
70.2620	81.0500	80.2000
71.4396	81.1700	79.6000
72.6370	81.3300	79.1000
73.8544	81.5400	78.5000
75.0922	81.7800	77.9000
76.3508	82.0400	77.3000
77.6304	82.3200	76.7000
78.9315	82.6100	76.1000
80.2544	82.8700	75.4000
81.5995	83.0900	74.8000
82.9672	83.2300	74.2000
84.3577	83.2900	73.6000
85.7716	83.2600	73.0000
87.2091	83.1500	72.4000
88.6707	83.0400	71.8000
90.1569	83.0100	71.2000
91.6680	83.0700	70.5000
93.2043	83.2700	69.9000
94.7665	83.5700	69.3000
96.3548	83.9000	68.5000
97.9697	84.1800	67.9000
99.6117	84.3700	67.2000
101.2812	84.4200	66.6000
102.9787	84.3800	65.9000
104.7047	84.2600	65.3000
106.4595	84.1700	64.6000
108.2438	84.1600	63.9000
110.0580	84.2400	63.3000
111.9026	84.4000	62.6000
113.7781	84.6100	61.8000
115.6851	84.8000	61.1000
117.6240	84.9600	60.4000
119.5954	85.0600	59.7000
121.5998	85.0100	59.0000
123.6379	84.8700	58.3000
125.7101	84.7600	57.5000
127.8170	84.7100	56.8000
129.9592	84.7200	56.1000
132.1374	84.8100	55.2000
134.3520	84.9700	54.5000
136.6038	85.1400	53.8000
138.8933	85.2700	53.0000
141.2212	85.3000	52.2000
143.5881	85.2700	51.5000
145.9947	85.2500	50.7000
148.4416	85.2700	49.8000
150.9295	85.3600	49.0000
153.4591	85.4800	48.2000
156.0312	85.6000	47.4000
158.6463	85.6400	46.6000
161.3052	85.6200	45.8000
164.0087	85.5400	45.0000
166.7576	85.5000	44.0000
169.5525	85.5200	43.2000
172.3942	85.6000	42.4000
175.2836	85.7000	41.6000
178.2214	85.7800	40.7000
181.2084	85.8000	39.9000
184.2455	85.8000	38.9000
187.3335	85.8300	38.1000
190.4733	85.9200	37.2000
193.6656	85.9900	36.3000
196.9115	86.0200	35.5000
200.2118	86.0200	34.5000
203.5674	86.0100	33.6000
206.9792	86.0100	32.8000
210.4483	86.0300	31.9000
213.9754	86.0500	31.0000
217.5617	86.0800	30.1000
221.2081	86.1100	29.2000
224.9156	86.1600	28.4000
228.6852	86.2100	27.5000
232.5181	86.2300	26.6000
236.4151	86.2100	25.7000
240.3775	86.1800	24.8000
244.4063	86.1700	24.0000
248.5026	86.1700	23.1000
252.6676	86.1900	22.2000
256.9023	86.2000	21.4000
261.2081	86.1900	20.6000
265.5860	86.1500	19.8000
270.0373	86.0800	18.9000
274.5632	86.0400	18.1000
279.1649	86.0400	17.4000
283.8438	86.0400	16.7000
288.6011	86.0400	15.9000
293.4381	86.0200	15.2000
298.3562	85.9900	14.5000
303.3567	86.0000	13.9000
308.4410	86.0500	13.2000
313.6106	86.1000	12.6000
318.8668	86.1100	12.0000
324.2111	86.0900	11.4000
329.6449	86.0300	10.9000
335.1698	85.9700	10.5000
340.7874	85.9300	10.0000
346.4991	85.8900	9.6000
352.3065	85.8400	9.2000
358.2112	85.7800	8.9000
364.2149	85.7500	8.6000
370.3193	85.7300	8.4000
376.5259	85.7000	8.1000
382.8366	85.6500	8.0000
389.2530	85.5900	7.9000
395.7770	85.5600	7.7000
402.4103	85.5400	7.6000
409.1548	85.5300	7.5000
416.0123	85.5200	7.5000
422.9848	85.5100	7.5000
430.0741	85.4700	7.4000
437.2823	85.4500	7.3000
444.6112	85.4100	7.3000
452.0630	85.3500	7.3000
459.6397	85.3400	7.3000
467.3434	85.3300	7.3000
475.1762	85.3100	7.3000
483.1402	85.2800	7.3000
491.2378	85.2600	7.2000
499.4710	85.2700	7.1000
507.8423	85.3000	6.9000
516.3539	85.3300	6.6000
525.0081	85.3800	6.4000
533.8074	85.4300	6.0000
542.7541	85.4900	5.6000
551.8508	85.5500	5.1000
561.0999	85.6100	4.5000
570.5041	85.6600	3.8000
580.0659	85.7200	3.1000
589.7879	85.7700	2.2000
599.6729	85.8100	1.4000
609.7236	85.8500	0.5000
619.9427	85.8800	-0.4000
630.3331	85.9000	-1.4000
640.8976	85.9000	-2.4000
651.6392	85.9000	-3.4000
662.5609	85.8900	-4.4000
673.6656	85.8700	-5.4000
684.9564	85.8400	-6.4000
696.4364	85.8000	-7.4000
708.1088	85.7700	-8.3000
719.9769	85.7300	-9.1000
732.0439	85.6900	-9.9000
744.3131	85.6500	-10.6000
756.7880	85.6100	-11.3000
769.4720	85.5700	-11.9000
782.3685	85.5400	-12.5000
795.4812	85.5300	-13.0000
808.8137	85.5200	-13.5000
822.3696	85.5300	-14.1000
836.1527	85.5500	-14.7000
850.1668	85.5800	-15.4000
864.4158	85.6200	-16.3000
878.9036	85.6500	-17.3000
893.6343	85.6900	-18.4000
908.6118	85.7100	-19.7000
923.8404	85.7200	-21.1000
939.3242	85.7000	-22.6000
955.0675	85.6600	-24.2000
971.0746	85.5800	-25.9000
987.3501	85.4800	-27.6000
1003.8983	85.3400	-29.3000
1020.7239	85.1700	-30.9000
1037.8315	84.9600	-32.4000
1055.2258	84.7400	-33.7000
1072.9116	84.4900	-34.9000
1090.8939	84.2200	-35.9000
1109.1775	83.9400	-36.6000
1127.7676	83.6600	-37.3000
1146.6693	83.3600	-37.7000
1165.8877	83.0500	-38.1000
1185.4283	82.7200	-38.2000
1205.2964	82.3700	-38.0000
1225.4974	82.0000	-37.5000
1246.0371	81.6100	-36.5000
1266.9209	81.2300	-34.9000
1288.1549	80.9000	-32.5000
1309.7446	80.6600	-29.3000
1331.6963	80.5700	-25.6000
1354.0158	80.6700	-21.8000
1376.7095	80.9500	-18.4000
1399.7835	81.3800	-15.9000
1423.2442	81.8800	-14.4000
1447.0981	82.4000	-14.0000
1471.3518	82.8800	-14.5000
1496.0120	83.2900	-15.8000
1521.0856	83.6000	-17.4000
1546.5793	83.8300	-19.3000
1572.5004	83.9800	-21.1000
1598.8559	84.0700	-22.7000
1625.6531	84.1300	-24.2000
1652.8994	84.1900	-25.4000
1680.6024	84.2600	-26.5000
1708.7697	84.3400	-27.6000
1737.4091	84.4400	-28.8000
1766.5285	84.5200	-30.3000
1796.1360	84.5900	-31.8000
1826.2397	84.6200	-33.5000
1856.8479	84.6300	-35.1000
1887.9691	84.6200	-36.6000
1919.6120	84.6000	-38.0000
1951.7851	84.5900	-39.4000
1984.4975	84.5800	-40.7000
2017.7582	84.5700	-42.2000
2051.5763	84.5500	-43.7000
2085.9612	84.5100	-45.3000
2120.9224	84.4500	-46.9000
2156.4696	84.3700	-48.3000
2192.6126	84.2900	-49.6000
2229.3613	84.2200	-50.9000
2266.7259	84.1500	-52.1000
2304.7168	84.0800	-53.4000
2343.3444	83.9900	-54.6000
2382.6195	83.9100	-55.7000
2422.5528	83.8300	-56.7000
2463.1553	83.7800	-57.6000
2504.4384	83.7400	-58.7000
2546.4134	83.6700	-59.9000
2589.0919	83.5700	-61.0000
2632.4858	83.4500	-61.7000
2676.6069	83.3700	-61.9000
2721.4674	83.4000	-61.8000
2767.0799	83.5300	-62.1000
2813.4568	83.6900	-63.1000
2860.6111	83.8300	-64.5000
2908.5556	83.9300	-65.9000
2957.3037	84.0800	-67.2000
3006.8689	84.3000	-68.9000
3057.2647	84.5600	-71.5000
3108.5052	84.7200	-75.2000
3160.6045	84.6800	-79.3000
3213.5770	84.4500	-82.6000
3267.4374	84.1900	-84.4000
3322.2004	84.1000	-85.0000
3377.8813	84.2800	-85.8000
3434.4954	84.6200	-88.1000
3492.0584	84.9200	-92.2000
3550.5862	85.0400	-97.5000
3610.0949	84.9400	-103.1000
3670.6009	84.6600	-108.4000
3732.1211	84.2400	-113.1000
3794.6724	83.7300	-116.9000
3858.2720	83.2200	-119.7000
3922.9376	82.7400	-121.9000
3988.6870	82.3200	-123.7000
4055.5384	81.9200	-125.3000
4123.5102	81.5200	-126.5000
4192.6212	81.1700	-126.8000
4262.8906	80.9700	-126.3000
4334.3377	81.0400	-125.5000
4406.9822	81.3900	-125.9000
4480.8443	81.8500	-128.2000
4555.9444	82.2400	-131.8000
4632.3031	82.5800	-135.6000
4709.9417	83.1300	-139.7000
4788.8814	83.9600	-146.3000
4869.1443	84.7700	-157.6000
4950.7523	85.0500	-173.8000
5033.7281	84.4600	169.0000
5118.0947	82.9300	152.6000
5203.8752	80.7800	140.7000
5291.0934	78.5600	133.6000
5379.7734	76.4600	128.9000
5469.9397	74.2700	125.9000
5561.6173	72.0800	126.6000
5654.8313	70.2300	129.7000
5749.6077	68.5300	133.8000
5845.9725	66.9200	141.8000
5943.9525	66.5000	154.4000
6043.5746	67.5500	160.8000
6144.8664	68.6400	156.5000
6247.8558	68.7900	146.7000
6352.5714	67.9700	137.0000
6459.0421	66.6400	130.2000
6567.2972	65.1600	126.2000
6677.3667	63.6200	124.3000
6789.2810	62.1300	124.6000
6903.0710	60.7700	126.1000
7018.7682	59.5700	128.8000
7136.4045	58.4800	131.7000
7256.0123	57.7600	138.6000
7377.6249	58.6500	142.1000
7501.2757	59.2400	130.4000
7626.9989	57.5000	116.8000
7754.8293	55.1400	117.1000
7884.8021	54.4100	117.6000
8016.9533	53.1100	108.6000
8151.3194	50.8000	98.9000
8287.9375	47.8200	80.9000
8426.8454	42.6800	45.7000
8568.0814	37.6400	-20.8000
8711.6845	38.3300	-98.1000
8857.6945	38.3900	-123.4000
9006.1516	41.0200	-103.1000
9157.0969	45.8200	-99.7000
9310.5721	48.6900	-106.2000
9466.6196	51.0900	-112.2000
9625.2825	53.1800	-125.7000
9786.6046	53.6800	-138.0000
9950.6305	54.0500	-143.9000
10117.4050	54.4700	-148.3000
10286.9760	55.2500	-152.8000
10459.3880	56.2100	-162.8000
10634.6900	56.5800	-169.6000
10812.9300	56.4800	171.5000
10994.1570	56.5800	162.1000
11178.4220	56.8600	151.0000
11365.7750	57.1100	135.5000
11556.2680	56.7300	112.3000
11749.9540	54.8300	83.6000
11946.8860	49.5600	59.9000
12147.1190	43.2900	79.3000
12350.7080	44.6700	118.6000
12557.7080	47.7400	120.8000
12768.1790	50.0700	103.5000
12982.1770	50.6300	78.3000
13199.7610	49.9000	57.0000
13420.9920	49.3100	39.7000
13645.9310	47.9800	21.4000
13874.6410	46.7800	15.2000
14107.1830	47.0600	6.1000
14343.6230	47.3800	-12.2000
14584.0250	47.2200	-31.2000
14828.4570	47.5500	-47.0000
15076.9860	49.3400	-67.2000
15329.6800	50.5000	-108.9000
15586.6090	49.0600	-164.2000
15847.8440	45.0500	153.9000
16113.4580	40.8600	125.8000
16383.5240	41.0100	95.0000
16658.1150	40.6700	29.4000
16937.3100	41.0400	-13.4000
17221.1830	41.7000	-58.3000
17509.8140	41.2200	-100.1000
17803.2830	40.9100	-134.1000
18101.6700	40.8600	-157.5000
18405.0590	40.5500	171.9000
18713.5320	38.5800	126.9000
19027.1760	36.0800	90.6000
19346.0760	33.3200	7.9000
19670.3210	33.2800	-96.3000
20000.0000	36.5500	-131.0000