"| "| "| "| Standardized FRD file, measured by OmniMic "146122014.omm" on 6/17/2014 by userID: 
"| "| "| "| Equivalent to driven with 2.83V and measured at 1m
"| "| "| "| Acoustic origin is 102.7useconds behind the mounting plane.
"| "| "| "| 
19.86599	70.71	114.9
20.19895	70.79	114.4
20.53749	70.87	113.9
20.8817	70.95	113.4
21.23169	71.04	112.8
21.58753	71.13	112.3
21.94935	71.25	111.8
22.31722	71.39	111.2
22.69126	71.55	110.7
23.07158	71.69	110.2
23.45826	71.76	109.7
23.85143	71.78	109.2
24.25118	71.77	108.7
24.65764	71.77	108.2
25.07091	71.79	107.7
25.4911	71.84	107.2
25.91834	71.91	106.7
26.35274	71.98	106.1
26.79441	72.03	105.7
27.2435	72.07	105.2
27.7001	72.12	104.7
28.16436	72.22	104.2
28.63641	72.39	103.7
29.11636	72.62	103.2
29.60436	72.94	102.8
30.10053	73.35	102.3
30.60502	73.78	101.8
31.11797	74.18	101.3
31.63952	74.56	100.8
32.1698	74.95	100.3
32.70898	75.39	99.8
33.25719	75.87	99.3
33.81459	76.37	98.8
34.38133	76.86	98.4
34.95757	77.32	97.9
35.54346	77.73	97.4
36.13918	78.11	97
36.74488	78.49	96.5
37.36074	78.87	96
37.98691	79.23	95.6
38.62358	79.55	95.1
39.27092	79.82	94.6
39.92911	80.02	94
40.59833	80.14	93.6
41.27877	80.14	93.1
41.97061	80.04	92.6
42.67405	79.92	92.2
43.38928	79.87	91.7
44.11649	79.88	91.3
44.8559	79.99	90.8
45.60769	80.07	90.3
46.37209	80.09	89.8
47.1493	80.1	89.4
47.93953	80.14	88.9
48.74301	80.18	88.4
49.55995	80.22	87.9
50.39059	80.29	87.4
51.23515	80.4	87
52.09386	80.53	86.5
52.96697	80.67	86
53.85471	80.79	85.5
54.75733	80.9	85.1
55.67507	81.03	84.6
56.6082	81.17	84.1
57.55697	81.24	83.6
58.52164	81.17	83.1
59.50247	80.98	82.6
60.49975	81.07	82.1
61.51374	81.45	81.6
62.54472	81.71	81.1
63.59299	81.84	80.6
64.65882	81.98	80.1
65.74252	82.12	79.7
66.84438	82.3	79.1
67.96471	82.5	78.6
69.10382	82.71	78.1
70.26201	82.94	77.6
71.43962	83.15	77.1
72.63697	83.34	76.6
73.85438	83.5	76
75.0922	83.65	75.4
76.35076	83.8	74.9
77.63042	83.93	74.3
78.93152	84.05	73.8
80.25443	84.19	73.3
81.59952	84.35	72.8
82.96715	84.49	72.2
84.3577	84.62	71.6
85.77155	84.73	71
87.2091	84.82	70.5
88.67075	84.87	69.9
90.15689	84.91	69.4
91.66795	84.98	68.8
93.20432	85.07	68.1
94.76645	85.16	67.6
96.35476	85.26	67
97.96969	85.38	66.4
99.61168	85.5	65.8
101.2812	85.61	65.2
102.9787	85.73	64.5
104.70465	85.84	63.9
106.45952	85.93	63.3
108.24381	86.02	62.7
110.058	86.12	62.1
111.9026	86.22	61.4
113.77812	86.32	60.7
115.68507	86.39	60.1
117.62398	86.38	59.4
119.59538	86.26	58.7
121.59983	86.26	58
123.63787	86.35	57.4
125.71007	86.35	56.7
127.81701	86.36	56
129.95925	86.41	55.3
132.1374	86.5	54.6
134.35205	86.62	53.9
136.60383	86.74	53.2
138.89334	86.86	52.4
141.22123	86.95	51.7
143.58813	87	51
145.9947	87.03	50.2
148.44161	87.07	49.4
150.92953	87.13	48.7
153.45914	87.21	48
156.03116	87.28	47.1
158.64628	87.33	46.4
161.30523	87.33	45.6
164.00874	87.31	44.8
166.75757	87.3	44
169.55247	87.31	43.2
172.39421	87.34	42.4
175.28358	87.37	41.6
178.22137	87.35	40.8
181.2084	87.38	39.9
184.2455	87.55	39.1
187.3335	87.68	38.3
190.47326	87.78	37.4
193.66564	87.86	36.6
196.91152	87.92	35.8
200.2118	87.93	34.9
203.5674	87.93	34.1
206.97924	87.94	33.2
210.44827	87.95	32.3
213.97543	87.98	31.5
217.56171	88.03	30.6
221.2081	88.11	29.7
224.9156	88.18	28.8
228.68524	88.23	28
232.51806	88.23	27.2
236.41512	88.21	26.3
240.3775	88.19	25.5
244.40628	88.17	24.6
248.50259	88.17	23.8
252.66756	88.21	22.9
256.90233	88.26	22.1
261.20807	88.27	21.2
265.58598	88.21	20.5
270.03727	88.14	19.7
274.56316	88.1	18.9
279.16491	88.09	18.1
283.84378	88.11	17.3
288.60107	88.12	16.5
293.43809	88.12	15.9
298.35619	88.12	15.1
303.35671	88.14	14.5
308.44104	88.18	13.7
313.61059	88.23	13.1
318.86678	88.24	12.5
324.21107	88.22	11.9
329.64492	88.16	11.4
335.16985	88.09	10.8
340.78738	88.04	10.2
346.49906	88	9.8
352.30647	87.95	9.4
358.21121	87.9	8.9
364.21492	87.86	8.6
370.31925	87.84	8.2
376.5259	87.81	7.9
382.83656	87.77	7.7
389.253	87.72	7.5
395.77697	87.68	7.2
402.41029	87.68	7
409.15479	87.67	7
416.01232	87.64	6.8
422.98479	87.61	6.7
430.07412	87.57	6.6
437.28226	87.52	6.7
444.61122	87.47	6.6
452.06302	87.4	6.7
459.6397	87.36	6.8
467.34338	87.32	6.9
475.17617	87.28	6.9
483.14023	87.25	7
491.23778	87.22	7
499.47105	87.21	6.9
507.84231	87.21	6.8
516.35387	87.23	6.6
525.00808	87.26	6.4
533.80735	87.3	6.1
542.75409	87.34	5.7
551.85078	87.38	5.2
561.09994	87.43	4.7
570.50411	87.47	4.1
580.0659	87.51	3.5
589.78794	87.54	2.7
599.67293	87.57	2
609.7236	87.59	1.2
619.94272	87.6	0.3
630.33311	87.61	-0.5
640.89765	87.64	-1.4
651.63925	87.66	-2.3
662.56088	87.68	-3.2
673.66556	87.68	-4.1
684.95636	87.68	-5
696.4364	87.67	-5.9
708.10884	87.65	-6.7
719.97692	87.62	-7.5
732.04391	87.6	-8.2
744.31315	87.57	-8.9
756.78802	87.54	-9.6
769.47197	87.51	-10.2
782.36851	87.49	-10.7
795.4812	87.48	-11.3
808.81366	87.47	-11.8
822.36957	87.48	-12.4
836.15269	87.49	-13.1
850.16681	87.5	-13.8
864.41582	87.52	-14.5
878.90364	87.54	-15.4
893.63428	87.55	-16.3
908.61181	87.55	-17.4
923.84036	87.53	-18.4
939.32415	87.5	-19.6
955.06746	87.44	-20.7
971.07462	87.37	-21.7
987.35007	87.28	-22.8
1003.8983	87.17	-23.6
1020.7239	87.06	-24.3
1037.8315	86.96	-24.9
1055.2258	86.87	-25.3
1072.9116	86.8	-25.5
1090.8939	86.76	-25.8
1109.1775	86.76	-26.1
1127.7676	86.8	-26.5
1146.6693	86.85	-27.2
1165.8877	86.91	-28.2
1185.4283	86.95	-29.6
1205.2964	86.97	-31.4
1225.4974	86.93	-33.3
1246.0371	86.83	-35.5
1266.9209	86.65	-37.7
1288.1549	86.38	-39.8
1309.7446	86.02	-41.6
1331.6963	85.58	-42.8
1354.0158	85.09	-43.2
1376.7095	84.59	-42.7
1399.7835	84.13	-41.2
1423.2442	83.78	-38.8
1447.0981	83.59	-35.8
1471.3518	83.59	-32.8
1496.012	83.75	-30.1
1521.0856	84.03	-28.1
1546.5793	84.38	-27.1
1572.5004	84.75	-26.8
1598.8559	85.1	-27.2
1625.6531	85.42	-28.2
1652.8994	85.69	-29.7
1680.6024	85.92	-31.4
1708.7697	86.1	-33.5
1737.4091	86.22	-35.7
1766.5285	86.28	-38.1
1796.136	86.29	-40.5
1826.2397	86.24	-42.9
1856.8479	86.13	-45.1
1887.9691	85.99	-47.1
1919.612	85.84	-48.9
1951.7851	85.68	-50.5
1984.4975	85.53	-51.9
2017.7582	85.37	-53.4
2051.5763	85.19	-55
2085.9612	84.98	-56.5
2120.9224	84.71	-58
2156.4696	84.4	-59
2192.6126	84.06	-59.5
2229.3613	83.74	-59.4
2266.7259	83.46	-58.8
2304.7168	83.26	-57.7
2343.3444	83.17	-56.4
2382.6195	83.18	-55.1
2422.5528	83.29	-54
2463.1553	83.5	-53.6
2504.4384	83.74	-53.8
2546.4134	83.95	-54.7
2589.0919	84.1	-56
2632.4858	84.18	-57.2
2676.6069	84.26	-58.1
2721.4674	84.4	-58.6
2767.0799	84.63	-59.3
2813.4568	84.95	-60.6
2860.6111	85.28	-62.7
2908.5556	85.59	-65.3
2957.3037	85.9	-68.3
3006.8689	86.24	-71.9
3057.2647	86.58	-76.6
3108.5052	86.84	-82.7
3160.6045	86.89	-90.1
3213.577	86.64	-98.2
3267.4374	86.05	-106.1
3322.2004	85.14	-113
3377.8813	83.97	-118.1
3434.4954	82.64	-120.8
3492.0584	81.3	-120.5
3550.5862	80.13	-117.5
3610.0949	79.32	-112.6
3670.6009	78.86	-107
3732.1211	78.66	-100.8
3794.6724	78.87	-93.2
3858.272	79.87	-85.6
3922.9376	81.64	-82.3
3988.687	83.63	-85.8
4055.5384	85.28	-95
4123.5102	86.32	-107.8
4192.6212	86.7	-121.9
4262.8906	86.51	-135.6
4334.3377	85.9	-147.9
4406.9822	85.06	-158.4
4480.8443	84.1	-167.5
4555.9444	83.08	-176
4632.3031	82.05	177.3
4709.9417	80.97	169.8
4788.8814	79.71	162.6
4869.1443	78.24	156.6
4950.7523	76.72	152.2
5033.7281	75.18	148.4
5118.0947	73.37	145.8
5203.8752	71.47	148.2
5291.0934	70.52	154.8
5379.7734	70.56	156.8
5469.9397	70.37	152.5
5561.6173	69.53	147.6
5654.8313	68.53	144.7
5749.6077	67.65	142.2
5845.9725	66.78	138.9
5943.9525	65.83	134.3
6043.5746	64.55	128
6144.8664	62.69	122.1
6247.8558	60.59	119.2
6352.5714	58.55	116.1
6459.0421	55.88	112.3
6567.2972	52.53	113.7
6677.3667	48.93	119.5
6789.281	44.07	139.5
6903.071	43.9	-47.1
7018.7682	46.61	-139.6
7136.4045	49.4	-120
7256.0123	52.74	-111.7
7377.6249	55.68	-109.1
7501.2757	58.47	-113.7
7626.9989	60.39	-122.9
7754.8293	62.01	-134.3
7884.8021	62.85	-150.1
8016.9533	62.62	-162.8
8151.3194	62.54	-170.5
8287.9375	62.69	-52.4
8426.8454	62.64	173.7
8568.0814	63.13	168.7
8711.6845	64.3	158.4
8857.6945	64.9	142.1
9006.1516	64.75	126.1
9157.0969	64.32	111.7
9310.5721	63.65	97.7
9466.6196	62.68	84.9
9625.2825	61.74	74.5
9786.6046	61.19	64.3
9950.6305	60.69	52.3
10117.405	60.16	40.2
10286.976	59.7	26.5
10459.388	59.08	11.2
10634.69	58.65	-6.1
10812.93	57.83	-30.6
10994.157	54.89	-56.1
11178.422	51.99	-61.5
11365.775	52.45	-82
11556.268	51.81	-119
11749.954	50.89	-157.2
11946.886	50.31	163.8
12147.119	50.47	131.2
12350.708	51.37	97.8
12557.708	51.4	64.3
12768.179	49.96	41.8
12982.177	48.76	34.1
13199.761	49.64	32.2
13420.992	52.4	17.7
13645.931	54.36	-9.8
13874.641	54.54	-37.1
14107.183	53.78	-56.9
14343.623	53.08	-73.4
14584.025	52.35	-89.2
14828.457	51.64	-99.7
15076.986	51.51	-110.7
15329.68	50.48	-121.4
15586.609	49.46	-126.5
15847.844	49.04	-125.4
16113.458	49.74	-130.7
16383.524	49.84	-142.6
16658.115	50.28	-153.9
16937.31	50.63	-164.9
17221.183	50.49	-176
17509.814	49.46	170.4
17803.283	47.59	160.1
18101.67	46.79	155.9
18405.059	45.91	147.9
18713.532	43.49	133.7
19027.176	39.23	129.9
19346.076	37.57	149.3
19670.321	39.21	154.5
20000	40.23	158.1
