19.8660	74.8400	86.4000
20.1989	75.0700	86.2000
20.5375	75.3000	86.0000
20.8817	75.5400	85.9000
21.2317	75.7800	85.7000
21.5875	76.0200	85.5000
21.9493	76.2800	85.3000
22.3172	76.5500	85.1000
22.6913	76.8300	84.9000
23.0716	77.1100	84.7000
23.4583	77.3800	84.5000
23.8514	77.6400	84.3000
24.2512	77.8900	84.1000
24.6576	78.1000	83.9000
25.0709	78.2700	83.7000
25.4911	78.4000	83.5000
25.9183	78.5200	83.3000
26.3527	78.6700	83.1000
26.7944	78.8500	82.8000
27.2435	79.0700	82.6000
27.7001	79.3000	82.4000
28.1644	79.5400	82.2000
28.6364	79.7700	82.0000
29.1164	80.0000	81.7000
29.6044	80.2000	81.5000
30.1005	80.3900	81.3000
30.6050	80.5600	81.1000
31.1180	80.7400	80.8000
31.6395	80.9200	80.6000
32.1698	81.1200	80.3000
32.7090	81.3800	80.1000
33.2572	81.6600	79.8000
33.8146	81.9200	79.6000
34.3813	82.1300	79.4000
34.9576	82.3400	79.1000
35.5435	82.5400	78.9000
36.1392	82.7300	78.7000
36.7449	82.8400	78.4000
37.3607	82.8800	78.1000
37.9869	82.9300	77.8000
38.6236	83.0200	77.6000
39.2709	83.1800	77.3000
39.9291	83.3500	77.1000
40.5983	83.5300	76.7000
41.2788	83.7700	76.4000
41.9706	84.0600	76.1000
42.6741	84.3300	75.9000
43.3893	84.5300	75.6000
44.1165	84.6900	75.3000
44.8559	84.8200	75.0000
45.6077	84.9300	74.7000
46.3721	85.0200	74.4000
47.1493	85.1200	74.1000
47.9395	85.2000	73.8000
48.7430	85.2400	73.5000
49.5600	85.2400	73.1000
50.3906	85.2800	72.8000
51.2351	85.3300	72.5000
52.0939	85.3500	72.0000
52.9670	85.3300	71.7000
53.8547	85.3000	71.3000
54.7573	85.3100	71.0000
55.6751	85.3600	70.6000
56.6082	85.4400	70.3000
57.5570	85.5900	69.9000
58.5216	85.8300	69.6000
59.5025	86.0500	69.2000
60.4997	86.1600	68.8000
61.5137	86.1800	68.4000
62.5447	86.2100	68.0000
63.5930	86.3200	67.7000
64.6588	86.4600	67.2000
65.7425	86.6000	66.7000
66.8444	86.7400	66.3000
67.9647	86.8700	65.9000
69.1038	86.9800	65.5000
70.2620	87.1000	65.1000
71.4396	87.2200	64.6000
72.6370	87.3100	64.2000
73.8544	87.3800	63.7000
75.0922	87.4900	63.3000
76.3508	87.6300	62.7000
77.6304	87.7500	62.2000
78.9315	87.8400	61.8000
80.2544	87.9200	61.3000
81.5995	88.0300	60.8000
82.9672	88.1100	60.3000
84.3577	88.1500	59.8000
85.7716	88.1800	59.3000
87.2091	88.2100	58.7000
88.6707	88.2700	58.2000
90.1569	88.3600	57.6000
91.6680	88.4800	57.1000
93.2043	88.6000	56.6000
94.7665	88.6800	56.0000
96.3548	88.7300	55.5000
97.9697	88.7600	54.9000
99.6117	88.7700	54.2000
101.2812	88.7700	53.6000
102.9787	88.7700	53.0000
104.7047	88.7900	52.4000
106.4595	88.8400	51.8000
108.2438	88.9100	51.2000
110.0580	89.0100	50.5000
111.9026	89.1200	49.9000
113.7781	89.2100	49.2000
115.6851	89.2700	48.6000
117.6240	89.3500	48.0000
119.5954	89.3900	47.3000
121.5998	89.2700	46.5000
123.6379	89.0400	45.8000
125.7101	88.9200	45.1000
127.8170	88.8700	44.4000
129.9592	88.8600	43.7000
132.1374	88.8800	43.0000
134.3520	88.9200	42.2000
136.6038	88.9800	41.5000
138.8933	89.0400	40.8000
141.2212	89.0900	40.0000
143.5881	89.1300	39.2000
145.9947	89.1500	38.4000
148.4416	89.1900	37.6000
150.9295	89.2400	36.8000
153.4591	89.2900	36.1000
156.0312	89.3300	35.3000
158.6463	89.3300	34.4000
161.3052	89.2900	33.6000
164.0087	89.2200	32.8000
166.7576	89.1400	31.9000
169.5525	89.1000	31.0000
172.3942	89.0900	30.2000
175.2836	89.1200	29.4000
178.2214	89.2100	28.5000
181.2084	89.2800	27.6000
184.2455	89.3200	26.8000
187.3335	89.3700	25.9000
190.4733	89.4200	25.1000
193.6656	89.4600	24.1000
196.9115	89.4600	23.3000
200.2118	89.4400	22.4000
203.5674	89.4100	21.5000
206.9792	89.3900	20.6000
210.4483	89.3900	19.8000
213.9754	89.4200	18.9000
217.5617	89.5200	18.0000
221.2081	89.6300	17.1000
224.9156	89.7100	16.3000
228.6852	89.7200	15.4000
232.5181	89.6600	14.6000
236.4151	89.6000	13.7000
240.3775	89.5600	12.8000
244.4063	89.5300	12.0000
248.5026	89.5000	11.2000
252.6676	89.4900	10.4000
256.9023	89.4900	9.7000
261.2081	89.4500	8.8000
265.5860	89.3800	8.2000
270.0373	89.3100	7.5000
274.5632	89.2900	6.7000
279.1649	89.2800	6.1000
283.8438	89.2700	5.4000
288.6011	89.2500	4.8000
293.4381	89.2300	4.3000
298.3562	89.2200	3.7000
303.3567	89.2400	3.2000
308.4410	89.2900	2.7000
313.6106	89.3300	2.2000
318.8668	89.3200	1.8000
324.2111	89.2800	1.5000
329.6449	89.2100	1.2000
335.1699	89.1400	0.9000
340.7874	89.0800	0.7000
346.4991	89.0400	0.4000
352.3065	89.0000	0.2000
358.2112	88.9700	0.0000
364.2149	88.9500	-0.1000
370.3192	88.9200	-0.3000
376.5259	88.8700	-0.4000
382.8365	88.8300	-0.4000
389.2530	88.8000	-0.6000
395.7770	88.8100	-0.6000
402.4103	88.8400	-0.7000
409.1548	88.8700	-0.7000
416.0123	88.9000	-0.9000
422.9848	88.9000	-1.1000
430.0741	88.8900	-1.2000
437.2823	88.8900	-1.3000
444.6112	88.8600	-1.4000
452.0630	88.8200	-1.5000
459.6397	88.8900	-1.6000
467.3434	88.8900	-1.8000
475.1762	88.9000	-2.0000
483.1402	88.8900	-2.3000
491.2378	88.8500	-2.7000
499.4710	88.7900	-3.1000
507.8423	88.7800	-3.6000
516.3539	88.7700	-4.1000
525.0081	88.7600	-4.6000
533.8074	88.7600	-5.2000
542.7541	88.7400	-5.8000
551.8508	88.7200	-6.5000
561.0999	88.7000	-7.1000
570.5041	88.6700	-7.7000
580.0659	88.6300	-8.4000
589.7880	88.6000	-9.1000
599.6729	88.6000	-9.7000
609.7236	88.6000	-10.3000
619.9428	88.5900	-10.9000
630.3331	88.5900	-11.5000
640.8976	88.5800	-12.2000
651.6392	88.5700	-12.7000
662.5608	88.5700	-13.2000
673.6656	88.5600	-13.7000
684.9564	88.5600	-14.2000
696.4364	88.5600	-14.6000
708.1088	88.5700	-15.1000
719.9769	88.5900	-15.6000
732.0439	88.6100	-16.0000
744.3132	88.6400	-16.4000
756.7880	88.6800	-16.9000
769.4720	88.7400	-17.5000
782.3685	88.8000	-18.0000
795.4812	88.8800	-18.8000
808.8137	88.9600	-19.6000
822.3696	89.0400	-20.5000
836.1527	89.1300	-21.7000
850.1668	89.2000	-23.1000
864.4158	89.2600	-24.5000
878.9036	89.3000	-26.2000
893.6343	89.3100	-28.1000
908.6118	89.2800	-30.1000
923.8403	89.2000	-32.0000
939.3242	89.0700	-34.0000
955.0674	88.8800	-36.0000
971.0747	88.6400	-37.8000
987.3501	88.3300	-39.3000
1003.8983	87.9600	-40.3000
1020.7239	87.5700	-40.6000
1037.8315	87.1600	-40.2000
1055.2258	86.7900	-39.0000
1072.9116	86.5100	-36.8000
1090.8939	86.3900	-34.0000
1109.1775	86.4400	-31.2000
1127.7676	86.6800	-28.6000
1146.6693	87.0500	-26.9000
1165.8877	87.5100	-26.2000
1185.4283	87.9600	-26.6000
1205.2964	88.3700	-27.8000
1225.4974	88.7200	-29.7000
1246.0371	88.9700	-32.0000
1266.9209	89.1100	-34.5000
1288.1549	89.1700	-36.9000
1309.7446	89.1500	-39.1000
1331.6963	89.0700	-40.8000
1354.0157	89.0000	-41.9000
1376.7095	88.9500	-42.5000
1399.7834	88.9800	-42.9000
1423.2441	89.1000	-43.2000
1447.0981	89.3000	-43.9000
1471.3518	89.5400	-45.0000
1496.0120	89.7900	-46.9000
1521.0856	90.0000	-49.3000
1546.5793	90.1500	-52.1000
1572.5004	90.2000	-55.0000
1598.8560	90.1900	-57.8000
1625.6531	90.1100	-60.4000
1652.8994	90.0100	-62.5000
1680.6024	89.9300	-64.2000
1708.7697	89.8900	-65.7000
1737.4091	89.9100	-67.1000
1766.5284	89.9900	-68.7000
1796.1360	90.0800	-70.7000
1826.2397	90.1600	-73.1000
1856.8479	90.2000	-75.8000
1887.9691	90.2000	-78.5000
1919.6121	90.1500	-81.1000
1951.7852	90.0500	-83.5000
1984.4976	89.9600	-85.6000
2017.7582	89.8800	-87.2000
2051.5764	89.8600	-88.2000
2085.9612	89.9400	-89.1000
2120.9224	90.1800	-89.8000
2156.4695	90.6200	-91.1000
2192.6125	91.2200	-93.5000
2229.3613	91.9000	-97.8000
2266.7258	92.5300	-104.1000
2304.7168	93.0200	-112.2000
2343.3445	93.2600	-121.7000
2382.6194	93.1900	-132.1000
2422.5527	92.7700	-142.8000
2463.1553	91.9500	-152.9000
2504.4385	90.7400	-161.4000
2546.4133	89.1900	-166.6000
2589.0918	87.6000	-166.8000
2632.4858	86.6800	-161.5000
2676.6069	86.9400	-156.2000
2721.4673	87.9000	-156.4000
2767.0798	88.8300	-162.3000
2813.4568	89.4000	-171.6000
2860.6111	89.5400	177.3000
2908.5557	89.2800	165.8000
2957.3037	88.7200	154.5000
3006.8689	87.9600	143.9000
3057.2646	87.0400	133.9000
3108.5051	86.0200	124.3000
3160.6045	84.8900	115.0000
3213.5769	83.6400	106.3000
3267.4375	82.3500	98.2000
3322.2004	81.1000	90.3000
3377.8813	79.8700	81.9000
3434.4954	78.5700	72.5000
3492.0583	77.0800	62.5000
3550.5862	75.4300	52.5000
3610.0950	73.7000	42.6000
3670.6008	71.9700	32.1000
3732.1211	70.2000	20.5000
3794.6724	68.2400	7.7000
3858.2720	66.0300	-4.2000
3922.9375	64.0600	-12.2000
3988.6870	63.2700	-18.4000
4055.5383	63.6100	-30.0000
4123.5103	63.9700	-48.2000
4192.6211	63.7300	-68.5000
4262.8906	62.8300	-86.3000
4334.3379	61.5500	-99.0000
4406.9824	60.1000	-106.0000
4480.8442	58.8200	-103.6000
4555.9443	59.7900	-94.8000
4632.3032	62.3600	-101.4000
4709.9419	63.4400	-121.9000
4788.8813	61.5000	-143.5000
4869.1445	56.5900	-125.1000
4950.7524	63.3900	-98.8000
5033.7280	68.6500	-125.4000
5118.0947	71.2400	-160.3000
5203.8750	72.5700	164.1000
5291.0933	73.4800	127.6000
5379.7734	74.2500	87.7000
5469.9399	74.5700	43.3000
5561.6172	74.0700	-5.2000
5654.8315	72.3700	-57.5000
5749.6079	68.8900	-117.7000
5845.9727	63.8200	155.1000
5943.9526	64.7200	48.4000
6043.5747	66.4700	-17.4000
6144.8662	64.7900	-57.0000
6247.8560	62.7100	-65.5000
6352.5713	63.6200	-73.2000
6459.0420	64.0100	-87.4000
6567.2974	64.9200	-102.1000
6677.3667	65.4700	-127.7000
6789.2808	63.9600	-157.2000
6903.0708	60.2500	-175.2000
7018.7681	59.0600	-171.3000
7136.4043	60.7700	164.2000
7256.0122	59.5200	121.0000
7377.6250	56.1100	86.8000
7501.2759	54.5400	74.2000
7626.9990	60.3700	68.8000
7754.8291	67.5200	13.5000
7884.8022	69.9900	-61.4000
8016.9531	67.3100	-143.3000
8151.3193	56.9900	115.1000
8287.9375	54.4700	-57.1000
8426.8457	53.1200	-121.4000
8568.0811	45.5900	-146.8000
8711.6846	36.4700	-71.4000
8857.6943	40.2200	-55.8000
9006.1514	46.8600	-24.6000
9157.0967	50.5600	-63.1000
9310.5723	48.4800	-82.9000
9466.6191	49.6900	-86.3000
9625.2822	50.1600	-104.8000
9786.6045	48.6300	-119.4000
9950.6309	47.8600	-108.8000
10117.4050	51.3200	-125.7000
10286.9760	51.1200	-167.0000
10459.3880	46.3600	163.3000
10634.6900	44.4700	140.7000
10812.9300	33.3600	-119.7000
10994.1570	44.4600	161.9000
11178.4220	36.8500	167.6000
11365.7750	33.6000	167.0000
11556.2680	45.7700	-152.0000
11749.9540	46.4700	159.9000
11946.8860	45.5600	146.0000
12147.1190	43.5700	121.9000
12350.7080	42.9400	106.5000
12557.7080	37.2000	121.5000
12768.1790	44.5900	134.1000
12982.1770	47.2400	121.4000
13199.7610	48.4600	86.3000
13420.9920	49.0500	89.4000
13645.9310	50.1500	55.8000
13874.6410	47.5600	48.6000
14107.1830	46.1500	24.0000
14343.6230	45.2600	42.9000
14584.0250	48.9200	19.5000
14828.4570	49.1100	-16.3000
15076.9860	50.1400	-66.4000
15329.6800	44.0700	117.0000
15586.6090	37.4600	-122.9000
15847.8440	25.4500	132.7000
16113.4580	33.3400	80.9000
16383.5240	35.8700	64.8000
16658.1150	29.7900	141.7000
16937.3110	36.6900	9.2000
17221.1840	32.1600	-19.7000
17509.8140	39.1700	61.7000
17803.2830	35.3000	-1.6000
18101.6700	39.2100	-4.0000
18405.0590	41.3300	49.0000
18713.5310	38.3400	10.0000
19027.1760	44.2400	-1.8000
19346.0760	39.8100	-65.4000
19670.3200	42.6300	-95.6000