19.8660	73.0800	95.0000
20.1989	73.2400	94.7000
20.5375	73.3300	94.4000
20.8817	73.3600	94.1000
21.2317	73.3700	93.9000
21.5875	73.3700	93.6000
21.9493	73.4100	93.3000
22.3172	73.5100	93.0000
22.6913	73.6800	92.8000
23.0716	73.8600	92.5000
23.4583	73.9700	92.2000
23.8514	74.0100	91.9000
24.2512	74.0300	91.7000
24.6576	74.0400	91.4000
25.0709	74.0700	91.1000
25.4911	74.1500	90.9000
25.9183	74.2700	90.6000
26.3527	74.4300	90.3000
26.7944	74.6400	90.0000
27.2435	74.8700	89.7000
27.7001	75.0700	89.4000
28.1644	75.2000	89.1000
28.6364	75.2800	88.9000
29.1164	75.3800	88.6000
29.6044	75.5700	88.3000
30.1005	75.8700	88.1000
30.6050	76.2400	87.8000
31.1180	76.6100	87.6000
31.6395	76.9700	87.4000
32.1698	77.2800	87.1000
32.7090	77.5100	86.8000
33.2572	77.7300	86.5000
33.8146	78.0200	86.2000
34.3813	78.4100	85.9000
34.9576	78.8500	85.6000
35.5435	79.2200	85.4000
36.1392	79.5200	85.1000
36.7449	79.7900	84.8000
37.3607	80.0400	84.5000
37.9869	80.3200	84.2000
38.6236	80.6600	83.9000
39.2709	81.0100	83.6000
39.9291	81.2900	83.3000
40.5983	81.4900	83.0000
41.2788	81.6200	82.7000
41.9706	81.6600	82.4000
42.6741	81.5700	82.1000
43.3893	81.3200	81.8000
44.1165	81.0600	81.5000
44.8559	80.9300	81.2000
45.6077	80.9300	80.8000
46.3721	81.0500	80.5000
47.1493	81.2000	80.2000
47.9395	81.3000	79.9000
48.7430	81.3200	79.6000
49.5600	81.3200	79.2000
50.3906	81.3900	78.9000
51.2351	81.5100	78.6000
52.0939	81.6300	78.3000
52.9670	81.7000	78.0000
53.8547	81.7400	77.7000
54.7573	81.8300	77.3000
55.6751	82.0200	77.0000
56.6082	82.2500	76.6000
57.5570	82.4700	76.3000
58.5216	82.8000	75.9000
59.5025	83.3100	75.6000
60.4997	83.4500	75.2000
61.5137	83.2700	74.8000
62.5447	83.1100	74.5000
63.5930	83.1000	74.1000
64.6588	83.1600	73.7000
65.7425	83.2200	73.3000
66.8444	83.2400	73.0000
67.9647	83.2900	72.6000
69.1038	83.4600	72.2000
70.2620	83.6900	71.8000
71.4396	83.8600	71.3000
72.6370	84.0300	71.0000
73.8544	84.2300	70.6000
75.0922	84.4000	70.2000
76.3508	84.5100	69.8000
77.6304	84.6300	69.3000
78.9315	84.8200	68.9000
80.2544	84.9900	68.4000
81.5995	85.1200	68.0000
82.9672	85.2800	67.6000
84.3577	85.4100	67.1000
85.7716	85.4700	66.7000
87.2091	85.5100	66.2000
88.6707	85.5600	65.7000
90.1569	85.5800	65.2000
91.6680	85.6000	64.7000
93.2043	85.6900	64.4000
94.7665	85.7900	63.9000
96.3548	85.8700	63.4000
97.9697	85.9600	62.9000
99.6117	86.0300	62.4000
101.2812	86.0700	61.8000
102.9787	86.1300	61.3000
104.7047	86.2100	60.8000
106.4595	86.2700	60.3000
108.2438	86.3400	59.7000
110.0580	86.4100	59.2000
111.9026	86.4600	58.7000
113.7781	86.5400	58.2000
115.6851	86.5700	57.6000
117.6240	86.5200	57.1000
119.5954	86.3800	56.5000
121.5998	86.3600	55.9000
123.6379	86.4500	55.3000
125.7101	86.4700	54.7000
127.8170	86.4800	54.2000
129.9592	86.5000	53.6000
132.1374	86.5400	52.9000
134.3520	86.6100	52.4000
136.6038	86.6900	51.8000
138.8933	86.7700	51.2000
141.2212	86.8600	50.5000
143.5881	86.9200	49.9000
145.9947	86.9700	49.3000
148.4416	87.0100	48.6000
150.9295	87.0600	48.0000
153.4591	87.1000	47.3000
156.0312	87.1400	46.8000
158.6463	87.1700	46.1000
161.3052	87.1700	45.4000
164.0087	87.1700	44.8000
166.7576	87.1800	44.1000
169.5525	87.2100	43.4000
172.3942	87.2500	42.8000
175.2836	87.3200	42.2000
178.2214	87.4000	41.5000
181.2084	87.4600	40.8000
184.2455	87.5200	40.1000
187.3335	87.6200	39.4000
190.4733	87.7300	38.8000
193.6656	87.8400	38.1000
196.9115	87.8900	37.5000
200.2118	87.8900	36.8000
203.5674	87.8600	36.2000
206.9792	87.8400	35.5000
210.4483	87.8300	34.8000
213.9754	87.8200	34.2000
217.5617	87.8500	33.6000
221.2081	87.9200	33.0000
224.9156	87.9800	32.3000
228.6852	87.9900	31.7000
232.5181	87.9600	31.1000
236.4151	87.9200	30.5000
240.3775	87.8900	30.0000
244.4063	87.8500	29.4000
248.5026	87.8500	28.8000
252.6676	87.9000	28.3000
256.9023	87.9200	27.7000
261.2081	87.9100	27.3000
265.5860	87.8500	26.8000
270.0373	87.7900	26.3000
274.5632	87.7600	25.9000
279.1649	87.7700	25.5000
283.8438	87.8000	25.1000
288.6011	87.8300	24.7000
293.4381	87.8200	24.4000
298.3562	87.8000	24.1000
303.3567	87.8000	23.8000
308.4410	87.8300	23.5000
313.6106	87.8600	23.3000
318.8668	87.8500	23.1000
324.2111	87.7900	23.0000
329.6449	87.7200	22.8000
335.1698	87.6800	22.7000
340.7874	87.6700	22.7000
346.4991	87.6500	22.6000
352.3065	87.6200	22.5000
358.2112	87.5900	22.5000
364.2149	87.5900	22.6000
370.3193	87.6000	22.6000
376.5259	87.6100	22.6000
382.8366	87.5900	22.7000
389.2530	87.5900	22.8000
395.7770	87.5200	22.8000
402.4103	87.4900	23.0000
409.1548	87.5100	23.1000
416.0123	87.6200	23.3000
422.9848	87.5200	23.3000
430.0741	87.5400	23.4000
437.2823	87.5500	23.5000
444.6112	87.3700	23.7000
452.0630	87.1900	24.0000
459.6397	87.1700	24.2000
467.3434	87.2100	24.5000
475.1762	87.2500	24.7000
483.1402	87.2700	24.9000
491.2378	87.3100	25.2000
499.4710	87.3600	25.4000
507.8423	87.4100	25.6000
516.3539	87.4700	25.7000
525.0081	87.5300	25.8000
533.8074	87.6000	25.9000
542.7541	87.6700	26.0000
551.8508	87.7500	26.0000
561.0999	87.8200	25.9000
570.5041	87.9000	25.8000
580.0659	87.9800	25.6000
589.7879	88.0600	25.3000
599.6729	88.1300	25.0000
609.7236	88.1900	24.6000
619.9427	88.2500	24.2000
630.3331	88.3000	23.6000
640.8976	88.3300	23.1000
651.6392	88.3500	22.5000
662.5609	88.3600	21.8000
673.6656	88.3500	21.2000
684.9564	88.3200	20.6000
696.4364	88.2800	20.1000
708.1088	88.2200	19.6000
719.9769	88.1500	19.3000
732.0439	88.0700	19.0000
744.3131	87.9800	18.9000
756.7880	87.9000	18.9000
769.4720	87.8300	19.1000
782.3685	87.7600	19.3000
795.4812	87.7200	19.7000
808.8137	87.7000	20.1000
822.3696	87.7000	20.5000
836.1527	87.7200	20.9000
850.1668	87.7600	21.2000
864.4158	87.8100	21.3000
878.9036	87.8700	21.2000
893.6343	87.9200	20.9000
908.6118	87.9500	20.5000
923.8404	87.9600	20.0000
939.3242	87.9300	19.4000
955.0675	87.8700	18.8000
971.0746	87.7700	18.3000
987.3501	87.6300	18.0000
1003.8983	87.4700	18.0000
1020.7239	87.3100	18.3000
1037.8315	87.1500	19.0000
1055.2258	87.0200	20.0000
1072.9116	86.9400	21.3000
1090.8939	86.9300	22.7000
1109.1775	86.9900	24.1000
1127.7676	87.1000	25.2000
1146.6693	87.2500	25.9000
1165.8877	87.4000	26.3000
1185.4283	87.5500	26.3000
1205.2964	87.6700	26.1000
1225.4974	87.7400	25.7000
1246.0371	87.7700	25.3000
1266.9209	87.7600	25.1000
1288.1549	87.7400	25.1000
1309.7446	87.7200	25.5000
1331.6963	87.7500	26.1000
1354.0158	87.8400	26.7000
1376.7095	88.0000	27.2000
1399.7835	88.2100	27.4000
1423.2442	88.4500	27.0000
1447.0981	88.6800	25.9000
1471.3518	88.8700	24.4000
1496.0120	88.9900	22.4000
1521.0856	89.0200	20.3000
1546.5793	88.9700	18.1000
1572.5004	88.8400	16.2000
1598.8559	88.6700	14.6000
1625.6531	88.4800	13.3000
1652.8994	88.3100	12.3000
1680.6024	88.1500	11.4000
1708.7697	88.0200	10.4000
1737.4091	87.8900	9.2000
1766.5285	87.7300	7.7000
1796.1360	87.5200	5.9000
1826.2397	87.2200	4.2000
1856.8479	86.8400	2.6000
1887.9691	86.4100	1.5000
1919.6120	85.9400	0.9000
1951.7851	85.4900	0.8000
1984.4975	85.0700	1.0000
2017.7582	84.6800	1.2000
2051.5763	84.3000	1.3000
2085.9612	83.8800	1.3000
2120.9224	83.3900	1.4000
2156.4696	82.8400	2.1000
2192.6126	82.2600	3.5000
2229.3613	81.7400	5.8000
2266.7259	81.3400	8.6000
2304.7168	81.0600	11.4000
2343.3444	80.8600	13.6000
2382.6195	80.6500	15.4000
2422.5528	80.3900	17.0000
2463.1553	80.0900	18.9000
2504.4384	79.8000	21.3000
2546.4134	79.5700	24.0000
2589.0919	79.4400	26.8000
2632.4858	79.3900	29.3000
2676.6069	79.4100	31.3000
2721.4674	79.4600	32.5000
2767.0799	79.4800	32.9000
2813.4568	79.4000	32.7000
2860.6111	79.1900	32.1000
2908.5556	78.8200	31.5000
2957.3037	78.3000	31.5000
3006.8689	77.6400	32.4000
3057.2647	76.9300	34.9000
3108.5052	76.2900	39.3000
3160.6045	75.9200	45.1000
3213.5770	75.9200	51.1000
3267.4374	76.2600	55.5000
3322.2004	76.6600	57.4000
3377.8813	76.8400	57.2000
3434.4954	76.6800	56.9000
3492.0584	76.3000	58.2000
3550.5862	76.0100	61.8000
3610.0949	76.0700	66.1000
3670.6009	76.3900	68.9000
3732.1211	76.6800	70.1000
3794.6724	76.8600	70.8000
3858.2720	77.0200	71.8000
3922.9376	77.2300	72.5000
3988.6870	77.4200	72.9000
4055.5384	77.5600	73.6000
4123.5102	77.8100	75.3000
4192.6212	78.3700	77.1000
4262.8906	79.2000	77.3000
4334.3377	80.0200	75.5000
4406.9822	80.7500	74.4000
4480.8443	82.0100	75.2000
4555.9444	84.4200	72.2000
4632.3031	87.0800	58.2000
4709.9417	88.8100	35.2000
4788.8814	89.0600	8.4000
4869.1443	87.8100	-16.7000
4950.7523	85.3100	-34.8000
5033.7281	82.4600	-41.1000
5118.0947	80.6900	-38.0000
5203.8752	80.2900	-34.5000
5291.0934	80.5000	-34.1000
5379.7734	81.0400	-36.7000
5469.9397	81.5600	-43.4000
5561.6173	81.4900	-52.3000
5654.8313	80.7800	-58.7000
5749.6077	80.0500	-60.2000
5845.9725	79.8300	-58.9000
5943.9525	80.1000	-57.9000
6043.5746	80.6300	-58.4000
6144.8664	81.3100	-60.0000
6247.8558	82.2100	-63.2000
6352.5714	83.2800	-69.6000
6459.0421	84.2500	-81.2000
6567.2972	84.4400	-98.3000
6677.3667	83.2500	-116.6000
6789.2810	80.7900	-129.1000
6903.0710	78.0700	-132.6000
7018.7682	75.8100	-131.2000
7136.4045	73.8100	-128.0000
7256.0123	71.8100	-123.0000
7377.6249	69.7900	-113.7000
7501.2757	68.4400	-100.4000
7626.9989	67.4300	-86.1000
7754.8293	67.1300	-64.5000
7884.8021	69.5500	-43.1000
8016.9533	73.3700	-40.9000
8151.3194	75.9500	-54.3000
8287.9375	76.8800	-72.9000
8426.8454	76.5700	-93.9000
8568.0814	74.7000	-117.9000
8711.6845	70.6700	-141.4000
8857.6945	64.7500	-159.8000
9006.1516	58.4300	178.8000
9157.0969	54.2200	113.6000
9310.5721	55.8100	39.0000
9466.6196	57.8000	8.0000
9625.2825	58.7400	3.0000
9786.6046	59.3700	4.5000
9950.6305	59.4200	9.0000
10117.4050	59.0600	17.1000
10286.9760	59.2800	34.2000
10459.3880	62.1000	48.0000
10634.6900	65.3800	42.0000
10812.9300	66.6500	25.6000
10994.1570	66.3100	9.7000
11178.4220	64.9600	-0.9000
11365.7750	63.8800	-5.8000
11556.2680	63.4700	-15.2000
11749.9540	62.6500	-33.5000
11946.8860	61.1300	-61.6000
12147.1190	58.7900	-101.4000
12350.7080	56.0100	-150.4000
12557.7080	54.2800	165.7000
12768.1790	53.9000	131.5000
12982.1770	53.2900	108.0000
13199.7610	53.3100	91.2000
13420.9920	54.5100	66.0000
13645.9310	54.4900	16.3000
13874.6410	50.8700	-41.3000
14107.1830	47.8300	-75.0000
14343.6230	48.3400	-102.6000
14584.0250	47.3200	-136.2000
14828.4570	45.6600	-153.5000
15076.9860	45.6500	-153.0000
15329.6800	46.4900	-143.4000
15586.6090	49.0900	-140.1000
15847.8440	51.4900	-154.9000
16113.4580	52.7800	-168.2000
16383.5240	53.9600	-176.8000
16658.1150	55.3600	178.2000
16937.3100	57.1300	161.2000
17221.1830	57.7500	142.8000
17509.8140	59.3400	121.3000
17803.2830	60.2900	94.4000
18101.6700	60.7400	74.1000
18405.0590	61.4900	49.2000
18713.5320	61.4000	24.7000
19027.1760	60.7900	7.1000
19346.0760	60.6200	-1.8000
19670.3210	61.5900	-10.5000
20000.0000	62.0600	-17.2000