19.8660	76.1800	83.4000
20.1989	76.3500	83.3000
20.5375	76.5600	83.2000
20.8817	76.8300	83.1000
21.2317	77.1300	83.0000
21.5875	77.3900	82.9000
21.9493	77.5300	82.7000
22.3172	77.5800	82.6000
22.6913	77.5800	82.5000
23.0716	77.5800	82.4000
23.4583	77.6100	82.2000
23.8514	77.7400	82.1000
24.2512	77.9500	81.9000
24.6576	78.2100	81.8000
25.0709	78.4600	81.6000
25.4911	78.7000	81.5000
25.9183	78.9000	81.3000
26.3527	79.0200	81.2000
26.7944	79.0700	81.1000
27.2435	79.0900	80.9000
27.7001	79.1400	80.8000
28.1644	79.2700	80.7000
28.6364	79.5200	80.6000
29.1164	79.8000	80.4000
29.6044	80.0500	80.2000
30.1005	80.2500	80.0000
30.6050	80.4100	79.8000
31.1180	80.5300	79.7000
31.6395	80.6400	79.5000
32.1698	80.7900	79.3000
32.7090	81.0300	79.1000
33.2572	81.3500	79.0000
33.8146	81.6700	78.8000
34.3813	81.9500	78.6000
34.9576	82.1800	78.4000
35.5435	82.3800	78.2000
36.1392	82.5700	78.1000
36.7449	82.8000	77.9000
37.3607	83.0900	77.7000
37.9869	83.3900	77.4000
38.6236	83.6600	77.2000
39.2709	83.8100	77.0000
39.9291	83.7900	76.8000
40.5983	83.6700	76.6000
41.2788	83.6200	76.3000
41.9706	83.6900	76.1000
42.6741	83.8700	75.9000
43.3893	84.0900	75.6000
44.1165	84.2300	75.5000
44.8559	84.2800	75.2000
45.6077	84.3200	74.9000
46.3721	84.3900	74.7000
47.1493	84.4600	74.4000
47.9395	84.5000	74.2000
48.7430	84.4900	73.9000
49.5600	84.4700	73.6000
50.3906	84.4900	73.4000
51.2351	84.5600	73.1000
52.0939	84.6200	72.9000
52.9670	84.6600	72.6000
53.8547	84.7000	72.3000
54.7573	84.8100	72.0000
55.6751	85.0100	71.6000
56.6082	85.2200	71.3000
57.5570	85.4200	71.0000
58.5216	85.6100	70.7000
59.5025	85.7900	70.4000
60.4997	85.9800	70.2000
61.5137	86.1500	69.8000
62.5447	86.2700	69.5000
63.5930	86.3500	69.2000
64.6588	86.4300	68.8000
65.7425	86.5200	68.4000
66.8444	86.6000	68.0000
67.9647	86.6500	67.7000
69.1038	86.6600	67.4000
70.2620	86.7000	67.0000
71.4396	86.7700	66.6000
72.6370	86.8400	66.2000
73.8544	86.8900	65.8000
75.0922	86.9700	65.4000
76.3508	87.1000	65.1000
77.6304	87.2300	64.7000
78.9315	87.3200	64.3000
80.2544	87.4000	63.8000
81.5995	87.5300	63.4000
82.9672	87.6400	62.9000
84.3577	87.6900	62.6000
85.7716	87.7700	62.1000
87.2091	87.9000	61.7000
88.6707	88.0000	61.2000
90.1569	88.0600	60.7000
91.6680	88.1400	60.3000
93.2043	88.2500	59.8000
94.7665	88.3300	59.3000
96.3548	88.4000	58.8000
97.9697	88.4600	58.3000
99.6117	88.4900	57.9000
101.2812	88.4900	57.4000
102.9787	88.5200	56.8000
104.7047	88.5500	56.3000
106.4595	88.5600	55.7000
108.2438	88.6000	55.3000
110.0580	88.6700	54.7000
111.9026	88.7400	54.2000
113.7781	88.8400	53.6000
115.6851	88.9300	53.1000
117.6240	89.0100	52.5000
119.5954	89.0500	51.9000
121.5998	88.9800	51.3000
123.6379	88.8200	50.8000
125.7101	88.7500	50.1000
127.8170	88.7300	49.5000
129.9592	88.7200	48.9000
132.1374	88.7300	48.3000
134.3520	88.7500	47.7000
136.6038	88.7600	47.0000
138.8933	88.8100	46.5000
141.2212	88.8600	45.8000
143.5881	88.9100	45.1000
145.9947	88.9500	44.5000
148.4416	89.0000	43.9000
150.9295	89.0400	43.2000
153.4591	89.0500	42.5000
156.0312	89.0500	41.9000
158.6463	89.0500	41.2000
161.3052	89.0200	40.4000
164.0087	88.9800	39.8000
166.7576	88.9200	39.1000
169.5525	88.8800	38.4000
172.3942	88.8800	37.8000
175.2836	88.9200	37.0000
178.2214	88.9800	36.3000
181.2084	89.0200	35.7000
184.2455	89.0500	34.9000
187.3335	89.0900	34.3000
190.4733	89.1300	33.6000
193.6656	89.1700	32.8000
196.9115	89.1900	32.2000
200.2118	89.1700	31.5000
203.5674	89.1600	30.9000
206.9792	89.1700	30.1000
210.4483	89.1700	29.5000
213.9754	89.1700	28.8000
217.5617	89.1800	28.1000
221.2081	89.2200	27.5000
224.9156	89.2700	26.8000
228.6852	89.3100	26.3000
232.5181	89.3100	25.6000
236.4151	89.2900	25.1000
240.3775	89.2500	24.4000
244.4063	89.2100	23.9000
248.5026	89.1600	23.3000
252.6676	89.1500	22.9000
256.9023	89.1300	22.4000
261.2081	89.0700	21.9000
265.5860	89.0200	21.4000
270.0373	88.9900	21.1000
274.5632	88.9900	20.8000
279.1649	88.9900	20.4000
283.8438	88.9800	20.1000
288.6011	88.9500	19.8000
293.4381	88.9100	19.6000
298.3562	88.8700	19.4000
303.3567	88.8700	19.3000
308.4410	88.9100	19.2000
313.6106	88.9400	19.2000
318.8668	88.9100	19.1000
324.2111	88.8100	19.1000
329.6449	88.7000	19.2000
335.1698	88.6300	19.3000
340.7874	88.6000	19.5000
346.4991	88.5900	19.7000
352.3065	88.5800	19.8000
358.2112	88.5100	20.1000
364.2149	88.3900	20.3000
370.3193	88.2300	20.6000
376.5259	88.0800	21.0000
382.8366	88.0200	21.3000
389.2530	88.0100	21.7000
395.7770	88.0400	22.1000
402.4103	88.0200	22.6000
409.1548	87.9700	23.0000
416.0123	88.0000	23.4000
422.9848	88.1200	23.8000
430.0741	88.2200	24.2000
437.2823	88.3200	24.6000
444.6112	88.2800	24.8000
452.0630	88.2000	25.0000
459.6397	88.2500	25.1000
467.3434	88.3300	25.2000
475.1762	88.3900	25.3000
483.1402	88.4300	25.2000
491.2378	88.4800	25.1000
499.4710	88.5300	25.0000
507.8423	88.5700	24.8000
516.3539	88.6100	24.6000
525.0081	88.6300	24.3000
533.8074	88.6500	24.0000
542.7541	88.6600	23.7000
551.8508	88.6600	23.4000
561.0999	88.6500	23.1000
570.5041	88.6300	22.8000
580.0659	88.6000	22.5000
589.7879	88.5600	22.2000
599.6729	88.5000	22.0000
609.7236	88.4400	21.8000
619.9427	88.3700	21.7000
630.3331	88.2900	21.6000
640.8976	88.2000	21.7000
651.6392	88.1100	21.8000
662.5609	88.0100	22.0000
673.6656	87.9100	22.4000
684.9564	87.8100	22.9000
696.4364	87.7200	23.5000
708.1088	87.6400	24.3000
719.9769	87.5800	25.2000
732.0439	87.5400	26.2000
744.3131	87.5200	27.2000
756.7880	87.5300	28.3000
769.4720	87.5700	29.4000
782.3685	87.6500	30.5000
795.4812	87.7600	31.4000
808.8137	87.8900	32.1000
822.3696	88.0500	32.6000
836.1527	88.2100	32.9000
850.1668	88.3700	32.9000
864.4158	88.5200	32.6000
878.9036	88.6400	32.1000
893.6343	88.7500	31.4000
908.6118	88.8100	30.6000
923.8404	88.8300	29.6000
939.3242	88.8000	28.6000
955.0675	88.7100	27.6000
971.0746	88.5800	26.8000
987.3501	88.4100	26.2000
1003.8983	88.2000	26.0000
1020.7239	87.9700	26.2000
1037.8315	87.7500	26.8000
1055.2258	87.5500	27.9000
1072.9116	87.4000	29.4000
1090.8939	87.3200	31.1000
1109.1775	87.3200	32.8000
1127.7676	87.3900	34.3000
1146.6693	87.5200	35.5000
1165.8877	87.6700	36.3000
1185.4283	87.8200	36.5000
1205.2964	87.9400	36.4000
1225.4974	88.0100	36.0000
1246.0371	88.0300	35.5000
1266.9209	87.9800	35.0000
1288.1549	87.8800	34.9000
1309.7446	87.7500	35.0000
1331.6963	87.6300	35.6000
1354.0158	87.5500	36.6000
1376.7095	87.5300	37.7000
1399.7835	87.5700	38.8000
1423.2442	87.6800	39.5000
1447.0981	87.8200	39.8000
1471.3518	87.9500	39.6000
1496.0120	88.0500	38.9000
1521.0856	88.0700	37.9000
1546.5793	88.0100	36.8000
1572.5004	87.8700	35.9000
1598.8559	87.6800	35.3000
1625.6531	87.4700	35.2000
1652.8994	87.2800	35.5000
1680.6024	87.1400	36.1000
1708.7697	87.0500	36.5000
1737.4091	87.0100	36.8000
1766.5285	86.9600	36.5000
1796.1360	86.8800	35.9000
1826.2397	86.7200	35.1000
1856.8479	86.4700	34.3000
1887.9691	86.1400	33.7000
1919.6120	85.7500	33.7000
1951.7851	85.3500	34.3000
1984.4975	84.9700	35.4000
2017.7582	84.6400	36.8000
2051.5763	84.3400	38.2000
2085.9612	84.0400	39.7000
2120.9224	83.7000	41.3000
2156.4696	83.3400	43.5000
2192.6126	83.0000	46.5000
2229.3613	82.7800	50.4000
2266.7259	82.7400	54.6000
2304.7168	82.8700	58.3000
2343.3444	83.1300	61.2000
2382.6195	83.4000	63.1000
2422.5528	83.6300	64.4000
2463.1553	83.8100	65.5000
2504.4384	83.9800	66.6000
2546.4134	84.1700	67.8000
2589.0919	84.4300	68.9000
2632.4858	84.7600	69.4000
2676.6069	85.1100	69.1000
2721.4674	85.4000	67.8000
2767.0799	85.5200	66.0000
2813.4568	85.4500	64.8000
2860.6111	85.3200	65.6000
2908.5556	85.4800	68.7000
2957.3037	86.3000	71.8000
3006.8689	87.6500	71.3000
3057.2647	89.0700	65.5000
3108.5052	90.1400	55.3000
3160.6045	90.6300	42.3000
3213.5770	90.4700	28.4000
3267.4374	89.6400	15.3000
3322.2004	88.2400	4.9000
3377.8813	86.5300	-1.1000
3434.4954	84.9800	-2.0000
3492.0584	84.0300	-0.2000
3550.5862	83.6400	0.6000
3610.0949	83.3700	-0.9000
3670.6009	82.9400	-3.1000
3732.1211	82.4100	-4.0000
3794.6724	82.0800	-3.4000
3858.2720	82.0800	-2.7000
3922.9376	82.2600	-3.3000
3988.6870	82.4500	-4.6000
4055.5384	82.7300	-5.6000
4123.5102	83.2600	-7.2000
4192.6212	83.9600	-11.2000
4262.8906	84.4700	-18.0000
4334.3377	84.5100	-25.7000
4406.9822	84.1200	-31.7000
4480.8443	83.7000	-34.9000
4555.9444	83.5400	-37.0000
4632.3031	83.4800	-40.0000
4709.9417	83.1900	-43.7000
4788.8814	82.6000	-46.0000
4869.1443	81.8500	-44.6000
4950.7523	81.5700	-38.1000
5033.7281	82.5200	-31.2000
5118.0947	84.2100	-32.0000
5203.8752	85.4800	-40.2000
5291.0934	85.9100	-51.1000
5379.7734	85.7000	-61.4000
5469.9397	85.1200	-70.4000
5561.6173	84.2900	-78.7000
5654.8313	83.0800	-86.3000
5749.6077	81.4600	-91.5000
5845.9725	79.7600	-92.7000
5943.9525	78.3900	-91.6000
6043.5746	77.2900	-91.2000
6144.8664	76.1000	-92.4000
6247.8558	74.5300	-93.7000
6352.5714	72.6600	-92.5000
6459.0421	71.1000	-88.0000
6567.2972	70.1800	-86.2000
6677.3667	69.0500	-91.5000
6789.2810	66.7800	-101.8000
6903.0710	63.6500	-113.5000
7018.7682	60.7300	-134.0000
7136.4045	58.7100	-174.4000
7256.0123	58.6000	139.3000
7377.6249	59.5500	107.3000
7501.2757	60.1800	94.9000
7626.9989	61.1700	96.2000
7754.8293	62.6600	98.3000
7884.8021	63.8600	102.1000
8016.9533	66.1500	104.1000
8151.3194	68.0400	90.8000
8287.9375	67.5300	69.8000
8426.8454	63.7700	53.2000
8568.0814	57.0600	63.8000
8711.6845	54.5700	119.2000
8857.6945	57.5900	145.4000
9006.1516	59.6000	152.0000
9157.0969	60.8400	153.8000
9310.5721	60.4800	153.4000
9466.6196	59.9400	165.5000
9625.2825	60.8900	172.0000
9786.6046	60.8400	173.4000
9950.6305	59.6700	173.6000
10117.4050	56.2600	-164.2000
10286.9760	58.2500	-122.1000
10459.3880	63.8300	-122.5000
10634.6900	67.2600	-139.5000
10812.9300	68.5900	-166.5000
10994.1570	66.9000	167.7000
11178.4220	62.9200	153.5000
11365.7750	59.8300	156.0000
11556.2680	58.1900	155.0000
11749.9540	56.0200	143.3000
11946.8860	51.4400	127.3000
12147.1190	45.7900	135.3000
12350.7080	45.5700	141.6000
12557.7080	45.6300	98.9000
12768.1790	42.6600	16.0000
12982.1770	41.3200	-79.7000
13199.7610	41.8900	-159.4000
13420.9920	45.1400	156.0000
13645.9310	46.8800	100.9000
13874.6410	45.9500	50.1000
14107.1830	46.1600	-6.4000
14343.6230	47.7200	-78.0000
14584.0250	50.8300	-148.2000
14828.4570	52.3900	148.9000
15076.9860	50.2500	100.8000
15329.6800	45.7300	96.3000
15586.6090	42.1200	125.8000
15847.8440	40.5200	158.2000
16113.4580	39.3400	69.7000
16383.5240	40.8200	176.4000
16658.1150	41.6100	167.3000
16937.3100	43.0600	144.7000
17221.1830	42.6200	58.8000
17509.8140	43.2500	-38.2000
17803.2830	42.7600	-84.6000
18101.6700	41.1400	-91.7000
18405.0590	40.6700	-125.0000
18713.5320	41.1000	115.1000
19027.1760	42.5300	15.6000
19346.0760	43.3600	5.4000
19670.3210	43.7500	4.8000
20000.0000	43.1200	-9.1000