19.86599	83.48	48.7
20.19895	83.68	49
20.53749	83.85	49.3
20.8817	84	49.6
21.23169	84.13	50
21.58753	84.24	50.3
21.94935	84.33	50.6
22.31722	84.41	50.9
22.69126	84.48	51.1
23.07158	84.55	51.4
23.45826	84.65	51.7
23.85143	84.79	52
24.25118	84.97	52.2
24.65764	85.14	52.5
25.07091	85.27	52.7
25.4911	85.36	53
25.91834	85.45	53.2
26.35274	85.54	53.5
26.79441	85.66	53.8
27.2435	85.8	54
27.7001	85.95	54.3
28.16436	86.1	54.5
28.63641	86.24	54.7
29.11636	86.37	54.8
29.60436	86.48	55
30.10053	86.57	55.2
30.60502	86.68	55.4
31.11797	86.82	55.5
31.63952	87.01	55.7
32.1698	87.18	55.9
32.70898	87.33	56
33.25719	87.44	56.2
33.81459	87.56	56.3
34.38133	87.68	56.4
34.95757	87.82	56.5
35.54346	88.01	56.6
36.13918	88.24	56.8
36.74488	88.46	56.9
37.36074	88.64	56.9
37.98691	88.8	57
38.62358	88.95	57.1
39.27092	89.12	57.2
39.92911	89.31	57.2
40.59833	89.5	57.3
41.27877	89.67	57.3
41.97061	89.8	57.4
42.67405	89.87	57.4
43.38928	89.89	57.4
44.11649	89.86	57.5
44.8559	89.75	57.5
45.60769	89.63	57.5
46.37209	89.55	57.5
47.1493	89.53	57.5
47.93953	89.55	57.5
48.74301	89.62	57.4
49.55995	89.71	57.4
50.39059	89.78	57.4
51.23515	89.83	57.3
52.09386	89.86	57.2
52.96697	89.87	57.2
53.85471	89.87	57.1
54.75733	89.87	57
55.67507	89.87	56.9
56.6082	89.9	56.8
57.55697	90.02	56.7
58.52164	90.18	56.5
59.50247	90.28	56.4
60.49975	90.3	56.3
61.51374	90.3	56.2
62.54472	90.36	56
63.59299	90.47	55.9
64.65882	90.54	55.7
65.74252	90.58	55.5
66.84438	90.68	55.3
67.96471	90.82	55.1
69.10382	90.93	54.9
70.26201	91.02	54.7
71.43962	91.13	54.5
72.63697	91.25	54.2
73.85438	91.33	54
75.0922	91.4	53.7
76.35076	91.48	53.5
77.63042	91.59	53.2
78.93152	91.67	53.1
80.25443	91.74	52.8
81.59952	91.85	52.4
82.96715	91.96	52.1
84.3577	92	51.8
85.77155	92.02	51.5
87.2091	92.05	51.2
88.67075	92.06	50.8
90.15689	92.07	50.5
91.66795	92.13	50.1
93.20432	92.24	49.7
94.76645	92.35	49.4
96.35476	92.41	49.1
97.96969	92.42	48.7
99.61168	92.37	48.3
101.2812	92.29	47.8
102.9787	92.25	47.4
104.70465	92.23	47
106.45952	92.27	46.5
108.24381	92.34	46.1
110.058	92.4	45.7
111.9026	92.47	45.2
113.77812	92.58	44.8
115.68507	92.65	44.3
117.62398	92.74	43.8
119.59538	92.73	43.3
121.59983	92.51	42.8
123.63787	92.27	42.3
125.71007	92.13	41.8
127.81701	92.06	41.2
129.95925	92.05	40.7
132.1374	92.04	40.2
134.35205	92.03	39.7
136.60383	92.05	39.1
138.89334	92.1	38.5
141.22123	92.16	38
143.58813	92.19	37.4
145.9947	92.23	36.8
148.44161	92.29	36.3
150.92953	92.34	35.7
153.45914	92.36	35.1
156.03116	92.37	34.4
158.64628	92.36	33.8
161.30523	92.29	33.2
164.00874	92.18	32.6
166.75757	92.08	32
169.55247	91.99	31.4
172.39421	91.94	30.8
175.28358	91.94	30.1
178.22137	91.98	29.5
181.2084	92.02	28.8
184.2455	92.08	28.3
187.3335	92.16	27.7
190.47326	92.27	27.1
193.66564	92.37	26.4
196.91152	92.41	25.8
200.2118	92.39	25.3
203.5674	92.33	24.7
206.97924	92.29	24.1
210.44827	92.27	23.5
213.97543	92.25	22.9
217.56171	92.27	22.5
221.2081	92.38	21.9
224.9156	92.51	21.4
228.68524	92.54	20.9
232.51806	92.47	20.4
236.41512	92.37	20
240.3775	92.31	19.5
244.40628	92.21	19.1
248.50259	92.14	18.7
252.66756	92.12	18.4
256.90233	92.11	18.1
261.20807	92.08	17.8
265.58598	92.01	17.5
270.03727	91.96	17.3
274.56316	91.97	17.1
279.16491	92	17
283.84378	92.02	16.8
288.60107	92	16.8
293.43809	91.96	16.8
298.35619	91.95	16.8
303.35671	92	16.8
308.44104	92.07	16.9
313.61059	92.11	17
318.86678	92.08	17.2
324.21107	91.99	17.5
329.64492	91.87	17.7
335.16985	91.8	17.9
340.78738	91.76	18.2
346.49906	91.73	18.4
352.30647	91.69	18.7
358.21121	91.68	19.1
364.21492	91.71	19.3
370.31925	91.73	19.6
376.5259	91.74	19.9
382.83656	91.75	20.2
389.253	91.76	20.4
395.77697	91.77	20.7
402.41029	91.81	20.8
409.15479	91.88	21.1
416.01232	91.96	21.1
422.98479	91.76	21.1
430.07412	91.69	21.1
437.28226	91.72	21.2
444.61122	91.55	21.3
452.06302	91.37	21.4
459.6397	91.33	21.4
467.34338	91.35	21.5
475.17617	91.37	21.5
483.14023	91.38	21.4
491.23778	91.4	21.4
499.47105	91.42	21.3
507.84231	91.44	21.2
516.35387	91.45	21.1
525.00808	91.46	21
533.80735	91.48	20.9
542.75409	91.49	20.8
551.85078	91.49	20.7
561.09994	91.5	20.5
570.50411	91.51	20.4
580.0659	91.52	20.2
589.78794	91.53	20
599.67293	91.53	19.8
609.7236	91.54	19.5
619.94272	91.54	19.2
630.33311	91.53	18.8
640.89765	91.53	18.4
651.63925	91.51	17.9
662.56088	91.48	17.4
673.66556	91.44	16.8
684.95636	91.38	16.2
696.4364	91.31	15.6
708.10884	91.23	15
719.97692	91.12	14.4
732.04391	90.99	13.8
744.31315	90.85	13.3
756.78802	90.68	12.9
769.47197	90.5	12.6
782.36851	90.32	12.4
795.4812	90.12	12.4
808.81366	89.92	12.5
822.36957	89.73	12.8
836.15269	89.55	13.1
850.16681	89.37	13.5
864.41582	89.21	14
878.90364	89.06	14.4
893.63428	88.92	14.8
908.61181	88.77	15
923.84036	88.61	15.2
939.32415	88.42	15.3
955.06746	88.2	15.4
971.07462	87.94	15.6
987.35007	87.62	15.9
1003.8983	87.25	16.5
1020.7239	86.84	17.7
1037.8315	86.41	19.5
1055.2258	86	22.2
1072.9116	85.66	25.7
1090.8939	85.45	30
1109.1775	85.42	34.6
1127.7676	85.59	39
1146.6693	85.93	42.7
1165.8877	86.39	45.5
1185.4283	86.89	47
1205.2964	87.38	47.4
1225.4974	87.81	46.9
1246.0371	88.15	45.7
1266.9209	88.38	44
1288.1549	88.5	42
1309.7446	88.52	40.1
1331.6963	88.44	38.2
1354.0158	88.29	36.7
1376.7095	88.09	35.5
1399.7835	87.87	34.7
1423.2442	87.66	34.3
1447.0981	87.48	34
1471.3518	87.34	33.6
1496.012	87.21	33.1
1521.0856	87.07	32.1
1546.5793	86.9	30.9
1572.5004	86.67	29.4
1598.8559	86.36	27.8
1625.6531	85.96	26.3
1652.8994	85.49	25.1
1680.6024	84.98	24.4
1708.7697	84.46	24.2
1737.4091	83.97	24.3
1766.5285	83.53	24.6
1796.136	83.13	24.8
1826.2397	82.76	24.8
1856.8479	82.39	24.3
1887.9691	81.98	23.5
1919.612	81.51	22.4
1951.7851	80.98	21.3
1984.4975	80.4	20.3
2017.7582	79.79	19.5
2051.5763	79.19	18.7
2085.9612	78.61	18
2120.9224	78.08	17.2
2156.4696	77.59	15.9
2192.6126	77.17	14.1
2229.3613	76.78	11.4
2266.7259	76.43	7.9
2304.7168	76.1	3.4
2343.3444	75.82	-1.9
2382.6195	75.57	-8.2
2422.5528	75.38	-15.1
2463.1553	75.22	-22.6
2504.4384	75.08	-30.1
2546.4134	74.98	-36.8
2589.0919	74.98	-42.2
2632.4858	75.22	-46.1
2676.6069	75.77	-49.4
2721.4674	76.56	-53.2
2767.0799	77.4	-58.1
2813.4568	78.12	-63.7
2860.6111	78.64	-69.2
2908.5556	79.04	-73.6
2957.3037	79.44	-77.2
3006.8689	79.91	-80.7
3057.2647	80.37	-85.2
3108.5052	80.66	-90.9
3160.6045	80.62	-97.2
3213.577	80.2	-103.1
3267.4374	79.43	-107.7
3322.2004	78.38	-110.3
3377.8813	77.17	-110.2
3434.4954	75.91	-107.4
3492.0584	74.75	-102.2
3550.5862	73.69	-95
3610.0949	72.77	-85.2
3670.6009	72.47	-72.5
3732.1211	73.32	-63.9
3794.6724	74.45	-70.4
3858.272	74.3	-99.8
3922.9376	73.67	-160.7
3988.687	77.4	117.5
4055.5384	83.09	60.5
4123.5102	86.88	19.7
4192.6212	88.45	-13.8
4262.8906	88.05	-41.4
4334.3377	86.02	-61.3
4406.9822	83.06	-70.3
4480.8443	80.03	-68.7
4555.9444	77.25	-56.6
4632.3031	76.39	-30.9
4709.9417	78.98	-13.1
4788.8814	81.75	-15.5
4869.1443	83.02	-26.7
4950.7523	82.83	-38.7
5033.7281	81.61	-46.9
5118.0947	79.93	-48.4
5203.8752	78.78	-43.2
5291.0934	78.74	-38.6
5379.7734	79.03	-40.4
5469.9397	78.76	-47.6
5561.6173	77.43	-56.7
5654.8313	74.85	-62.2
5749.6077	71.53	-57.3
5845.9725	69.32	-39.3
5943.9525	69.3	-21.2
6043.5746	70.41	-12.2
6144.8664	71.29	-14.3
6247.8558	70.59	-21.9
6352.5714	68.18	-21.5
6459.0421	66.84	-4.7
6567.2972	68.18	5.2
6677.3667	69.3	0.5
6789.281	68.85	-10.2
6903.071	66.89	-17.5
7018.7682	64.17	-15.7
7136.4045	61.84	-1.4
7256.0123	62.16	17.6
7377.6249	63.97	16.7
7501.2757	63.71	-4
7626.9989	60.31	-39.7
7754.8293	54.62	-105.7
7884.8021	54.89	164.8
8016.9533	59.77	119
8151.3194	62.78	94.9
8287.9375	63.66	78.7
8426.8454	62.69	69.8
8568.0814	60.65	75
8711.6845	59.84	92.2
8857.6945	60.64	113.2
9006.1516	64.19	125
9157.0969	66.97	118.1
9310.5721	68.88	109.9
9466.6196	70.58	94
9625.2825	70.78	75.9
9786.6046	70.91	60.4
9950.6305	70.9	37.9
10117.405	69.27	12.4
10286.976	66.99	-7.1
10459.388	64.67	-29.4
10634.69	60.49	-48.1
10812.93	57.75	-38.5
10994.157	60.51	-49.5
11178.422	60.37	-99.5
11365.775	54.87	-143.5
11556.268	51.49	-160.9
11749.954	50.68	136.3
11946.886	51.02	8.8
12147.119	52.47	-76.8
12350.708	51.19	-115.5
12557.708	49.52	-130.8
12768.179	48.79	-130.7
12982.177	50.12	-93.2
13199.761	49.56	105.2
13420.992	50.85	24.5
13645.931	54.33	-20.5
13874.641	55.24	-56
14107.183	54.43	-59.6
14343.623	57.27	-67.2
14584.025	56.37	-94.4
14828.457	53.07	-92.4
15076.986	54.22	-85.2
15329.68	55.79	-109.8
15586.609	54.53	-173.5
15847.844	52.78	78.8
16113.458	58.23	-16.2
16383.524	62.83	-81.6
16658.115	62.46	-130.9
16937.31	59.57	-155.3
17221.183	56.88	-169.4
17509.814	55.08	156.3
17803.283	53.94	139.3
18101.67	54.03	79
18405.059	55.24	7.6
18713.532	53.75	-36.6
19027.176	51.11	-44.3
19346.076	52.01	-26.3
19670.321	56.4	-39.8
20000	57.89	-54.7
