19.86599	61.23	124.9
20.19895	61.28	124.4
20.53749	61.38	123.8
20.8817	61.62	123.2
21.23169	61.97	122.7
21.58753	62.31	122.1
21.94935	62.54	121.5
22.31722	62.63	121
22.69126	62.66	120.4
23.07158	62.68	119.8
23.45826	62.72	119.2
23.85143	62.81	118.6
24.25118	62.97	118.1
24.65764	63.19	117.5
25.07091	63.47	117
25.4911	63.81	116.4
25.91834	64.2	115.9
26.35274	64.6	115.3
26.79441	64.99	114.7
27.2435	65.36	114.2
27.7001	65.75	113.6
28.16436	66.16	113.1
28.63641	66.59	112.5
29.11636	67.03	111.9
29.60436	67.47	111.4
30.10053	67.92	110.8
30.60502	68.37	110.3
31.11797	68.82	109.7
31.63952	69.26	109.2
32.1698	69.69	108.6
32.70898	70.1	108
33.25719	70.5	107.5
33.81459	70.88	107
34.38133	71.23	106.4
34.95757	71.55	105.9
35.54346	71.83	105.3
36.13918	72.08	104.8
36.74488	72.3	104.2
37.36074	72.49	103.7
37.98691	72.66	103.1
38.62358	72.79	102.6
39.27092	72.89	102.1
39.92911	72.95	101.6
40.59833	72.99	101
41.27877	73.03	100.5
41.97061	73.07	99.9
42.67405	73.09	99.4
43.38928	73.1	98.9
44.11649	73.11	98.3
44.8559	73.14	97.8
45.60769	73.21	97.3
46.37209	73.35	96.7
47.1493	73.52	96.2
47.93953	73.73	95.7
48.74301	73.94	95.2
49.55995	74.15	94.7
50.39059	74.35	94.2
51.23515	74.55	93.5
52.09386	74.76	93
52.96697	74.98	92.5
53.85471	75.18	91.9
54.75733	75.37	91.4
55.67507	75.57	90.9
56.6082	75.84	90.4
57.55697	76.22	89.9
58.52164	76.78	89.3
59.50247	77.4	88.8
60.49975	77.59	88.2
61.51374	77.37	87.7
62.54472	77.26	87.2
63.59299	77.24	86.7
64.65882	77.19	86.1
65.74252	77.1	85.6
66.84438	77.01	85.1
67.96471	76.94	84.5
69.10382	76.92	84
70.26201	77.03	83.3
71.43962	77.27	82.8
72.63697	77.62	82.3
73.85438	78.02	81.7
75.0922	78.44	81.2
76.35076	78.83	80.7
77.63042	79.18	80.1
78.93152	79.44	79.5
80.25443	79.57	78.9
81.59952	79.56	78.4
82.96715	79.4	77.8
84.3577	79.12	77.3
85.77155	78.8	76.7
87.2091	78.57	76.2
88.67075	78.56	75.5
90.15689	78.82	74.9
91.66795	79.33	74.3
93.20432	79.92	73.7
94.76645	80.41	73.2
96.35476	80.69	72.6
97.96969	80.73	71.9
99.61168	80.62	71.3
101.2812	80.36	70.7
102.9787	80.07	70.1
104.70465	79.85	69.6
106.45952	79.81	69
108.24381	79.94	68.3
110.058	80.24	67.6
111.9026	80.59	67
113.77812	80.93	66.4
115.68507	81.22	65.8
117.62398	81.42	65.1
119.59538	81.5	64.5
121.59983	81.46	63.9
123.63787	81.25	63.2
125.71007	80.97	62.5
127.81701	80.84	61.8
129.95925	80.97	61.2
132.1374	81.34	60.6
134.35205	81.73	59.8
136.60383	81.9	59.2
138.89334	81.86	58.5
141.22123	81.66	57.8
143.58813	81.55	57.1
145.9947	81.58	56.4
148.44161	81.73	55.7
150.92953	81.9	55.1
153.45914	82.05	54.3
156.03116	82.08	53.6
158.64628	82.04	52.9
161.30523	81.97	52.2
164.00874	81.89	51.4
166.75757	81.92	50.7
169.55247	82.11	50
172.39421	82.32	49.3
175.28358	82.39	48.6
178.22137	82.26	47.9
181.2084	82.15	47.1
184.2455	82.21	46.4
187.3335	82.38	45.6
190.47326	82.49	44.9
193.66564	82.55	44.2
196.91152	82.6	43.5
200.2118	82.62	42.7
203.5674	82.63	42
206.97924	82.7	41.3
210.44827	82.8	40.5
213.97543	82.83	39.8
217.56171	82.79	39.1
221.2081	82.8	38.4
224.9156	82.9	37.7
228.68524	82.98	36.9
232.51806	83	36.3
236.41512	82.98	35.5
240.3775	82.97	34.9
244.40628	82.99	34.3
248.50259	83.01	33.6
252.66756	83.02	32.9
256.90233	83.04	32.3
261.20807	83.07	31.7
265.58598	83.1	31
270.03727	83.1	30.4
274.56316	83.1	29.8
279.16491	83.12	29.3
283.84378	83.16	28.7
288.60107	83.19	28.2
293.43809	83.2	27.6
298.35619	83.21	27.1
303.35671	83.23	26.6
308.44104	83.25	26.2
313.61059	83.27	25.7
318.86678	83.28	25.3
324.21107	83.27	24.9
329.64492	83.25	24.4
335.16985	83.24	24.1
340.78738	83.25	23.7
346.49906	83.25	23.4
352.30647	83.25	23.1
358.21121	83.26	22.7
364.21492	83.27	22.5
370.31925	83.28	22.2
376.5259	83.29	21.9
382.83656	83.28	21.7
389.253	83.28	21.4
395.77697	83.29	21.1
402.41029	83.3	20.9
409.15479	83.3	20.7
416.01232	83.29	20.5
422.98479	83.28	20.2
430.07412	83.3	20.1
437.28226	83.32	19.8
444.61122	83.37	19.5
452.06302	83.44	19.2
459.6397	83.47	18.9
467.34338	83.48	18.8
475.17617	83.45	18.4
483.14023	83.43	18.1
491.23778	83.43	17.9
499.47105	83.43	17.5
507.84231	83.44	17.2
516.35387	83.45	16.8
525.00808	83.46	16.4
533.80735	83.47	15.9
542.75409	83.49	15.4
551.85078	83.5	14.9
561.09994	83.51	14.3
570.50411	83.52	13.8
580.0659	83.51	13.2
589.78794	83.51	12.7
599.67293	83.49	12.1
609.7236	83.47	11.6
619.94272	83.44	11
630.33311	83.4	10.5
640.89765	83.36	10
651.63925	83.3	9.5
662.56088	83.24	9.1
673.66556	83.18	8.8
684.95636	83.1	8.5
696.4364	83.03	8.3
708.10884	82.96	8.3
719.97692	82.88	8.3
732.04391	82.82	8.4
744.31315	82.77	8.7
756.78802	82.72	9
769.47197	82.7	9.3
782.36851	82.7	9.7
795.4812	82.72	10.1
808.81366	82.77	10.5
822.36957	82.83	10.7
836.15269	82.91	10.9
850.16681	83	10.9
864.41582	83.09	10.7
878.90364	83.18	10.4
893.63428	83.27	10
908.61181	83.34	9.4
923.84036	83.38	8.7
939.32415	83.41	8
955.06746	83.41	7.2
971.07462	83.38	6.5
987.35007	83.34	5.9
1003.8983	83.29	5.5
1020.7239	83.23	5.1
1037.8315	83.17	5
1055.2258	83.13	5
1072.9116	83.11	5
1090.8939	83.11	5.1
1109.1775	83.14	5.1
1127.7676	83.18	4.9
1146.6693	83.24	4.6
1165.8877	83.28	4
1185.4283	83.3	3.3
1205.2964	83.29	2.4
1225.4974	83.24	1.6
1246.0371	83.14	0.8
1266.9209	83.01	0.2
1288.1549	82.86	-0.1
1309.7446	82.7	0
1331.6963	82.57	0.4
1354.0158	82.48	1.1
1376.7095	82.45	1.8
1399.7835	82.48	2.4
1423.2442	82.54	2.8
1447.0981	82.61	2.8
1471.3518	82.65	2.4
1496.012	82.65	1.9
1521.0856	82.6	1.3
1546.5793	82.48	1
1572.5004	82.35	1.1
1598.8559	82.22	1.8
1625.6531	82.14	2.8
1652.8994	82.15	4.1
1680.6024	82.25	5.3
1708.7697	82.42	6.1
1737.4091	82.62	6.4
1766.5285	82.81	6.2
1796.136	82.98	5.6
1826.2397	83.1	4.8
1856.8479	83.18	4
1887.9691	83.24	3.1
1919.612	83.28	2.2
1951.7851	83.3	1.2
1984.4975	83.28	0.1
2017.7582	83.19	-1
2051.5763	83.02	-1.7
2085.9612	82.8	-1.8
2120.9224	82.6	-1.1
2156.4696	82.49	0.6
2192.6126	82.54	2.5
2229.3613	82.76	4.1
2266.7259	83.08	4.7
2304.7168	83.4	4.4
2343.3444	83.65	3.5
2382.6195	83.84	2.5
2422.5528	83.99	1.5
2463.1553	84.14	0.4
2504.4384	84.28	-0.7
2546.4134	84.4	-2
2589.0919	84.48	-3.3
2632.4858	84.58	-4.4
2676.6069	84.72	-5.5
2721.4674	84.91	-7
2767.0799	85.08	-9.2
2813.4568	85.16	-11.8
2860.6111	85.15	-14.3
2908.5556	85.13	-16.3
2957.3037	85.19	-18.2
3006.8689	85.34	-20.9
3057.2647	85.43	-25.2
3108.5052	85.29	-30.6
3160.6045	84.79	-36
3213.577	84	-40
3267.4374	83.09	-41.5
3322.2004	82.32	-41.1
3377.8813	81.78	-40
3434.4954	81.35	-39.2
3492.0584	80.9	-38.5
3550.5862	80.45	-37
3610.0949	80.12	-34.8
3670.6009	79.95	-32.4
3732.1211	79.95	-30.6
3794.6724	80.04	-29.7
3858.272	80.08	-29.8
3922.9376	80.01	-30.3
3988.687	79.85	-30.3
4055.5384	79.73	-29.6
4123.5102	79.76	-28.9
4192.6212	79.9	-29.1
4262.8906	79.98	-30.6
4334.3377	79.87	-32.9
4406.9822	79.55	-34.7
4480.8443	79.19	-35.3
4555.9444	78.88	-35.7
4632.3031	78.51	-36.2
4709.9417	78.01	-35.6
4788.8814	77.63	-33.1
4869.1443	77.61	-30.2
4950.7523	77.75	-28.7
5033.7281	77.88	-27.7
5118.0947	78.18	-26.7
5203.8752	78.66	-27.8
5291.0934	78.97	-31.4
5379.7734	78.91	-35.6
5469.9397	78.69	-39.1
5561.6173	78.4	-42.8
5654.8313	77.88	-46.8
5749.6077	77.03	-49.7
5845.9725	76.08	-50
5943.9525	75.29	-48.5
6043.5746	74.64	-46
6144.8664	74.18	-42.2
6247.8558	74.11	-38
6352.5714	74.43	-35.5
6459.0421	74.82	-36.2
6567.2972	74.92	-39.2
6677.3667	74.72	-42.1
6789.281	74.42	-45
6903.071	73.9	-47.6
7018.7682	73.34	-48.9
7136.4045	72.83	-50.4
7256.0123	72.15	-51.8
7377.6249	71.39	-52.2
7501.2757	70.5	-51.9
7626.9989	69.64	-49
7754.8293	69.12	-45.5
7884.8021	68.77	-42.6
8016.9533	68.48	-40.7
8151.3194	68.1	-38.6
8287.9375	67.93	-36.2
8426.8454	67.77	-35.6
8568.0814	67.44	-35.3
8711.6845	66.87	-34.8
8857.6945	66.22	-31.3
9006.1516	66.13	-26.4
9157.0969	66.6	-24.2
9310.5721	67.18	-28.7
9466.6196	66.61	-38.9
9625.2825	64.78	-45.9
9786.6046	62.87	-48.7
9950.6305	61.17	-57.4
10117.405	57.63	-85.4
10286.976	51.69	-139.2
10459.388	52	151
10634.69	57.84	109.2
10812.93	62.23	90.3
10994.157	65.3	81.5
11178.422	67.73	73.9
11365.775	69.79	66
11556.268	71.37	58.3
11749.954	72.97	50.7
11946.886	74.62	40
12147.119	75.8	25
12350.708	76.2	9
12557.708	76.21	-5.4
12768.179	75.93	-19.6
12982.177	75.29	-33
13199.761	74.72	-44.9
13420.992	74.34	-60
13645.931	73.42	-78.7
13874.641	71.66	-99.4
14107.183	68.79	-119.7
14343.623	65.13	-134.6
14584.025	62.36	-150.5
14828.457	59.59	171.7
15076.986	55.87	100.7
15329.68	54.93	19.9
15586.609	55.9	-42.3
15847.844	56.42	-85.1
16113.458	56.21	-120.7
16383.524	55.45	-149.2
16658.115	54.71	46.4
16937.31	52.73	153.3
17221.183	51.15	138.8
17509.814	50.23	127.1
17803.283	48.98	121.6
18101.67	48.82	123
18405.059	49.51	127.6
18713.532	51.33	128.3
19027.176	52.22	118.5
19346.076	51.62	111.8
19670.321	50.33	113
20000	50.01	118
