14.9760	61.9700	-79.7000
15.2270	61.6500	-73.9000
15.4822	61.2700	-67.0000
15.7417	60.9300	-61.0000
16.0055	60.8300	-59.4000
16.2737	61.0900	-64.3000
16.5465	61.9000	-79.8000
16.8238	63.0300	-102.3000
17.1058	64.1500	-125.5000
17.3925	64.9700	-142.2000
17.6840	65.4100	-148.7000
17.9804	65.6000	-148.2000
18.2817	65.6900	-143.2000
18.5881	65.7700	-137.8000
18.8997	65.8700	-133.9000
19.2164	66.0100	-132.8000
19.5385	66.2200	-133.2000
19.8660	66.4900	-134.5000
20.1989	66.8000	-135.7000
20.5375	67.1400	-136.4000
20.8817	67.5000	-136.6000
21.2317	67.8900	-136.7000
21.5875	68.2800	-136.8000
21.9493	68.6500	-137.3000
22.3172	68.9900	-139.0000
22.6913	69.3000	-141.8000
23.0716	69.6400	-144.7000
23.4583	70.0200	-146.7000
23.8514	70.4700	-147.7000
24.2512	70.9500	-148.3000
24.6576	71.4000	-149.0000
25.0709	71.7600	-150.5000
25.4911	72.0400	-153.3000
25.9183	72.2900	-156.6000
26.3527	72.5400	-159.2000
26.7944	72.8000	-160.6000
27.2435	73.0600	-161.5000
27.7001	73.2800	-162.8000
28.1644	73.4400	-165.3000
28.6364	73.5800	-169.1000
29.1164	73.7500	-172.8000
29.6044	74.0300	-175.5000
30.1005	74.4100	-177.2000
30.6050	74.7600	-178.4000
31.1180	74.9900	-179.7000
31.6395	75.1300	151.9000
32.1698	75.2400	177.8000
32.7090	75.3500	175.9000
33.2572	75.4900	173.7000
33.8146	75.6900	171.5000
34.3813	76.0000	169.7000
34.9576	76.3600	167.9000
35.5435	76.7400	166.0000
36.1392	77.1100	163.9000
36.7449	77.4400	161.9000
37.3607	77.7500	159.9000
37.9869	78.0700	158.1000
38.6236	78.4000	156.5000
39.2709	78.6900	154.9000
39.9291	78.8800	153.2000
40.5983	79.0100	151.3000
41.2788	79.1400	149.2000
41.9706	79.3000	146.9000
42.6741	79.4300	143.9000
43.3893	79.5300	140.4000
44.1165	79.7000	137.3000
44.8559	79.9700	135.0000
45.6077	80.1900	133.5000
46.3721	80.3700	132.3000
47.1493	80.6800	131.2000
47.9395	81.1300	129.5000
48.7430	81.3700	126.8000
49.5600	81.3700	123.3000
50.3906	81.3200	120.4000
51.2351	81.2500	118.8000
52.0939	81.1500	118.3000
52.9670	81.1900	118.4000
53.8547	81.4000	118.4000
54.7573	81.5500	117.3000
55.6751	81.6500	115.2000
56.6082	81.8100	113.4000
57.5570	81.8900	112.5000
58.5216	82.1700	110.4000
59.5025	82.8900	105.6000
60.4997	83.2400	101.5000
61.5137	83.0300	100.3000
62.5447	82.8000	99.8000
63.5930	82.7600	99.1000
64.6588	82.7800	97.9000
65.7425	82.9000	96.8000
66.8444	83.0700	96.0000
67.9647	83.1900	95.4000
69.1038	83.2500	94.4000
70.2620	83.3000	92.6000
71.4396	83.3300	90.5000
72.6370	83.4000	88.5000
73.8544	83.5300	86.5000
75.0922	83.6700	84.5000
76.3508	83.7600	82.9000
77.6304	83.8400	81.3000
78.9315	83.9500	79.8000
80.2544	84.0400	78.5000
81.5995	84.0800	77.3000
82.9672	84.1200	75.9000
84.3577	84.2100	74.3000
85.7716	84.3000	72.6000
87.2091	84.3400	71.0000
88.6707	84.3500	70.0000
90.1569	84.4700	69.4000
91.6680	84.6300	68.7000
93.2043	84.7100	67.0000
94.7665	84.7800	64.4000
96.3548	84.7900	62.0000
97.9697	84.7200	60.0000
99.6117	84.6600	58.5000
101.2812	84.7100	57.8000
102.9787	84.9900	57.7000
104.7047	85.1900	57.0000
106.4595	85.1000	55.4000
108.2438	84.8500	54.2000
110.0580	84.7200	52.7000
111.9026	84.7100	50.8000
113.7781	84.7900	49.0000
115.6851	84.8800	47.7000
117.6240	84.8500	46.8000
119.5954	84.7100	45.5000
121.5998	84.6700	44.0000
123.6379	84.6900	43.1000
125.7101	84.7200	42.3000
127.8170	84.7200	41.5000
129.9592	84.6900	40.6000
132.1374	84.6100	39.4000
134.3520	84.5300	38.1000
136.6038	84.5100	36.9000
138.8933	84.5800	36.1000
141.2212	84.6200	35.5000
143.5881	84.5800	35.0000
145.9947	84.4900	34.3000
148.4416	84.4600	33.3000
150.9295	84.4800	32.3000
153.4591	84.4900	31.6000
156.0312	84.4500	30.7000
158.6463	84.4300	29.5000
161.3052	84.4300	28.1000
164.0087	84.3900	27.4000
166.7576	84.2900	27.0000
169.5525	84.1800	26.5000
172.3942	84.1500	25.6000
175.2836	84.1400	24.9000
178.2214	84.1100	24.7000
181.2084	84.0700	24.6000
184.2455	84.0800	23.9000
187.3335	84.1400	22.8000
190.4733	84.1600	22.0000
193.6656	84.1200	21.3000
196.9115	84.1000	20.5000
200.2118	84.1100	19.8000
203.5674	84.0800	19.2000
206.9792	84.0100	18.4000
210.4483	83.9800	17.7000
213.9754	83.9900	17.3000
217.5617	83.9700	17.0000
221.2081	83.9300	16.4000
224.9156	83.9300	15.7000
228.6852	83.9400	15.1000
232.5181	83.9000	14.5000
236.4151	83.8600	13.9000
240.3775	83.8100	13.3000
244.4063	83.7500	12.7000
248.5026	83.7800	12.0000
252.6676	83.7900	11.6000
256.9023	83.7200	10.9000
261.2081	83.6500	10.1000
265.5860	83.5700	9.7000
270.0373	83.4700	9.5000
274.5632	83.4300	9.2000
279.1649	83.4100	8.9000
283.8438	83.3900	8.6000
288.6011	83.3900	8.4000
293.4381	83.3700	8.2000
298.3562	83.3600	8.0000
303.3567	83.3200	7.6000
308.4410	83.2700	7.0000
313.6106	83.2500	6.3000
318.8668	83.2100	5.2000
324.2111	83.1400	4.0000
329.6449	82.9700	2.9000
335.1699	82.7700	2.2000
340.7874	82.5900	1.9000
346.4991	82.4000	1.8000
352.3065	82.2500	1.6000
358.2112	82.1000	1.5000
364.2149	81.9300	1.4000
370.3192	81.7500	1.3000
376.5259	81.5400	1.8000
382.8365	81.3400	2.7000
389.2530	81.2400	3.8000
395.7770	81.2100	4.9000
402.4103	81.2000	5.7000
409.1548	81.1700	6.4000
416.0123	81.1900	8.8000
422.9848	81.3900	10.2000
430.0741	81.6500	10.4000
437.2823	81.7500	9.6000
444.6112	81.7600	8.6000
452.0630	81.7700	7.9000
459.6397	81.8200	6.8000
467.3434	81.8600	4.8000
475.1762	81.8500	2.0000
483.1402	81.6700	-1.0000
491.2378	81.2800	-3.8000
499.4710	80.6700	-5.4000
507.8423	79.9300	-4.5000
516.3539	79.3700	-0.8000
525.0081	79.3500	3.9000
533.8074	79.7400	6.4000
542.7541	80.0900	6.2000
551.8508	80.1600	4.9000
561.0999	80.0400	4.6000
570.5041	79.9700	5.4000
580.0659	80.0700	6.4000
589.7880	80.2200	6.4000
599.6729	80.2700	5.9000
609.7236	80.2400	5.9000
619.9428	80.2600	6.6000
630.3331	80.4300	7.3000
640.8976	80.6700	7.0000
651.6392	80.8500	5.8000
662.5608	80.8900	4.3000
673.6656	80.8000	3.2000
684.9564	80.6800	3.3000
696.4364	80.7200	4.0000
708.1088	80.9400	4.0000
719.9769	81.1500	2.9000
732.0439	81.2900	1.1000
744.3132	81.3100	-1.3000
756.7880	81.1900	-3.6000
769.4720	80.9500	-5.5000
782.3685	80.6500	-6.8000
795.4812	80.3100	-7.7000
808.8137	79.9200	-8.2000
822.3696	79.3500	-7.8000
836.1527	78.7500	-4.7000
850.1668	78.5100	0.6000
864.4158	78.7800	6.0000
878.9036	79.4100	9.4000
893.6343	80.1100	10.4000
908.6118	80.7600	9.9000
923.8403	81.3600	7.8000
939.3242	81.7600	3.9000
955.0674	81.8400	-0.5000
971.0747	81.7200	-4.4000
987.3501	81.4400	-7.5000
1003.8983	81.0300	-9.7000
1020.7239	80.5600	-10.8000
1037.8315	80.1000	-11.0000
1055.2258	79.6600	-10.4000
1072.9116	79.2200	-9.1000
1090.8939	78.8000	-6.4000
1109.1775	78.5500	-2.2000
1127.7676	78.6800	3.1000
1146.6693	79.3000	7.5000
1165.8877	80.1300	8.9000
1185.4283	80.8300	7.7000
1205.2964	81.3200	5.0000
1225.4974	81.6100	1.7000
1246.0371	81.7100	-1.8000
1266.9209	81.6300	-5.0000
1288.1549	81.4300	-7.3000
1309.7446	81.1900	-9.1000
1331.6963	80.8700	-10.3000
1354.0157	80.4800	-10.4000
1376.7095	80.1100	-8.8000
1399.7834	80.0400	-5.6000
1423.2441	80.3700	-3.1000
1447.0981	80.8600	-2.5000
1471.3518	81.3200	-3.9000
1496.0120	81.6000	-6.9000
1521.0856	81.5700	-10.2000
1546.5793	81.2900	-12.0000
1572.5004	81.0600	-11.7000
1598.8560	81.1400	-10.7000
1625.6531	81.4200	-11.0000
1652.8994	81.6800	-12.9000
1680.6024	81.7700	-15.8000
1708.7697	81.6300	-18.7000
1737.4091	81.3300	-20.1000
1766.5284	81.1500	-19.9000
1796.1360	81.2000	-19.4000
1826.2397	81.4500	-19.9000
1856.8479	81.7600	-22.0000
1887.9691	81.9100	-25.8000
1919.6121	81.8200	-30.1000
1951.7852	81.5100	-34.2000
1984.4976	80.9500	-37.4000
2017.7582	80.2600	-38.1000
2051.5764	79.7700	-36.8000
2085.9612	79.6500	-35.3000
2120.9224	79.7700	-35.7000
2156.4695	79.7600	-38.2000
2192.6125	79.4000	-40.6000
2229.3613	78.9400	-41.0000
2266.7258	78.7400	-40.4000
2304.7168	78.7500	-41.3000
2343.3445	78.5900	-44.1000
2382.6194	78.0800	-46.3000
2422.5527	77.4400	-46.4000
2463.1553	77.0500	-44.8000
2504.4385	76.9500	-44.1000
2546.4133	76.8100	-45.3000
2589.0918	76.3800	-46.8000
2632.4858	75.7500	-46.0000
2676.6069	75.3600	-43.0000
2721.4673	75.4200	-40.7000
2767.0798	75.5700	-41.1000
2813.4568	75.4200	-42.9000
2860.6111	75.0100	-43.4000
2908.5557	74.6300	-42.5000
2957.3037	74.3900	-41.3000
3006.8689	74.2300	-40.0000
3057.2646	74.1800	-38.8000
3108.5051	74.2800	-38.5000
3160.6045	74.3000	-39.9000
3213.5769	74.0100	-41.8000
3267.4375	73.5000	-41.9000
3322.2004	73.1100	-39.6000
3377.8813	73.1800	-37.2000
3434.4954	73.4100	-37.9000
3492.0583	73.2900	-40.0000
3550.5862	72.9400	-40.5000
3610.0950	72.8500	-39.9000
3670.6008	72.8500	-40.9000
3732.1211	72.7000	-42.4000
3794.6724	72.5800	-43.3000
3858.2720	72.5400	-45.1000
3922.9375	72.3500	-48.2000
3988.6870	71.9300	-51.0000
4055.5383	71.4300	-52.5000
4123.5103	71.1000	-53.6000
4192.6211	70.8600	-56.3000
4262.8906	70.4500	-60.0000
4334.3379	69.9700	-64.0000
4406.9824	69.4400	-69.2000
4480.8442	68.7300	-75.8000
4555.9443	67.8700	-83.2000
4632.3032	67.0400	-92.4000
4709.9419	66.2600	-105.8000
4788.8813	65.1800	-124.1000
4869.1445	63.6900	-142.7000
4950.7524	62.7000	-157.6000
5033.7280	63.3600	-168.8000
5118.0947	65.6500	-148.9000
5203.8750	68.3900	168.1000
5291.0933	70.7500	152.5000
5379.7734	72.7700	137.6000
5469.9399	74.6100	123.6000
5561.6172	76.0700	107.9000
5654.8315	76.7300	92.6000
5749.6079	77.0500	80.8000
5845.9727	77.2800	71.8000
5943.9526	77.6800	64.1000
6043.5747	77.8900	55.3000
6144.8662	77.8900	48.8000
6247.8560	78.1200	42.5000
6352.5713	78.2400	35.2000
6459.0420	78.1900	27.0000
6567.2974	77.6300	19.3000
6677.3667	76.9200	15.1000
6789.2808	76.3400	11.7000
6903.0708	75.6100	10.2000
7018.7681	75.1800	10.9000
7136.4043	75.0900	10.9000
7256.0122	75.0300	10.7000
7377.6250	75.2700	9.9000
7501.2759	75.3100	6.6000
7626.9990	75.2300	4.4000
7754.8291	75.1300	1.8000
7884.8022	75.0500	0.2000
8016.9531	75.1000	-2.1000
8151.3193	75.0900	-4.7000
8287.9375	75.1600	-6.9000
8426.8457	75.4500	-11.0000
8568.0811	75.3900	-16.3000
8711.6846	75.5500	-22.4000
8857.6943	75.1300	-32.8000
9006.1514	73.8600	-40.2000
9157.0967	72.1500	-42.0000
9310.5723	70.6000	-37.5000
9466.6191	69.8200	-29.1000
9625.2822	70.4500	-22.2000
9786.6045	71.3800	-23.5000
9950.6309	71.8400	-29.6000
10117.4050	71.5900	-36.5000
10286.9760	71.1700	-40.1000
10459.3880	71.0600	-43.8000
10634.6900	70.9200	-49.8000
10812.9300	70.5800	-56.4000
10994.1570	69.8300	-62.3000
11178.4220	69.0500	-66.4000
11365.7750	68.4500	-68.9000
11556.2680	68.0800	-74.7000
11749.9540	67.3200	-78.0000
11946.8860	67.5400	-83.9000
12147.1190	67.1000	-98.9000
12350.7080	65.3800	-112.7000
12557.7080	63.0900	-124.2000
12768.1790	60.2000	-133.2000
12982.1770	57.9100	-145.8000
13199.7610	55.0000	83.9000
13420.9920	54.0600	85.0000
13645.9310	56.2700	24.1000
13874.6410	58.0700	-5.2000
14107.1830	59.4900	-18.8000
14343.6230	60.8600	-27.9000
14584.0250	62.0600	-39.1000
14828.4570	62.0900	-53.1000
15076.9860	61.1500	-61.9000
15329.6800	60.1400	-66.8000
15586.6090	58.9900	-65.8000
15847.8440	59.0600	-61.7000
16113.4580	59.2400	-65.4000
16383.5240	58.9200	-68.2000
16658.1150	58.6700	-68.4000
16937.3110	59.0300	-66.8000
17221.1840	60.0400	-69.5000
17509.8140	60.7500	-79.9000
17803.2830	60.4000	-94.0000
18101.6700	58.9300	-101.1000
18405.0590	58.3000	-101.7000
18713.5310	59.3400	-103.7000
19027.1760	60.8200	-121.0000
19346.0760	60.8800	-148.8000
19670.3200	59.9500	-175.0000
20000.0000	59.5700	173.5000