19.8660	61.3300	-116.4000
20.1989	60.2900	-118.2000
20.5375	59.6700	-120.1000
20.8817	59.5400	-122.0000
21.2317	59.6200	-124.1000
21.5875	59.8600	-126.4000
21.9493	60.2300	-129.0000
22.3172	60.8200	-131.9000
22.6913	61.6000	-135.1000
23.0716	62.3800	-137.8000
23.4583	62.9600	-139.5000
23.8514	63.3300	-140.2000
24.2512	63.6100	-140.5000
24.6576	63.8800	-140.9000
25.0709	64.2100	-141.6000
25.4911	64.6100	-142.9000
25.9183	64.9400	-144.4000
26.3527	65.0400	-145.1000
26.7944	64.8400	-145.0000
27.2435	64.4000	-144.3000
27.7001	64.1800	-143.9000
28.1644	64.4700	-144.5000
28.6364	65.1800	-146.0000
29.1164	65.7700	-147.4000
29.6044	65.9100	-148.1000
30.1005	65.7000	-148.5000
30.6050	65.5900	-149.3000
31.1180	65.8000	-151.6000
31.6395	66.4200	-155.8000
32.1698	67.0000	-160.6000
32.7090	67.3400	-164.7000
33.2572	67.5900	-167.8000
33.8146	67.9000	-169.6000
34.3813	68.3900	-170.6000
34.9576	69.0000	-171.2000
35.5435	69.6700	-171.8000
36.1392	70.2500	-172.7000
36.7449	70.5700	-174.1000
37.3607	70.7000	-176.1000
37.9869	70.8400	-178.3000
38.6236	71.1700	-135.8000
39.2709	71.6200	178.4000
39.9291	71.9600	176.6000
40.5983	72.1600	175.3000
41.2788	72.3100	174.2000
41.9706	72.4700	173.2000
42.6741	72.7200	171.1000
43.3893	73.0700	168.0000
44.1165	73.3800	166.4000
44.8559	73.5000	166.9000
45.6077	73.3800	167.3000
46.3721	73.1000	165.6000
47.1493	73.2500	161.0000
47.9395	73.9200	155.2000
48.7430	74.4200	151.6000
49.5600	74.5800	150.0000
50.3906	74.5900	148.7000
51.2351	74.7900	147.3000
52.0939	75.4200	145.8000
52.9670	75.7900	143.9000
53.8547	75.7200	141.5000
54.7573	75.5600	140.3000
55.6751	75.4300	140.3000
56.6082	75.2600	140.3000
57.5570	75.4200	138.9000
58.5216	75.6100	137.7000
59.5025	75.4200	138.4000
60.4997	75.6600	137.7000
61.5137	76.6800	133.4000
62.5447	77.3900	130.0000
63.5930	77.7200	128.1000
64.6588	77.9400	127.0000
65.7425	78.0900	126.2000
66.8444	78.1200	124.7000
67.9647	77.9700	122.6000
69.1038	77.8400	120.7000
70.2620	77.8600	119.3000
71.4396	78.0100	118.1000
72.6370	78.2900	116.6000
73.8544	78.7600	114.9000
75.0922	79.0300	113.1000
76.3508	79.0400	111.6000
77.6304	79.1200	110.6000
78.9315	79.3300	109.6000
80.2544	79.4600	108.3000
81.5995	79.4500	106.3000
82.9672	79.4300	103.7000
84.3577	79.4900	101.7000
85.7716	79.6800	100.1000
87.2091	79.9400	98.9000
88.6707	80.1500	98.6000
90.1569	80.3000	99.0000
91.6680	80.4800	99.1000
93.2043	80.7100	97.9000
94.7665	80.8000	95.5000
96.3548	80.7100	93.8000
97.9697	80.7000	92.4000
99.6117	80.9900	90.8000
101.2812	81.1700	88.9000
102.9787	81.2500	87.1000
104.7047	81.3600	85.7000
106.4595	81.4500	84.4000
108.2438	81.5400	83.2000
110.0580	81.6200	81.7000
111.9026	81.7100	79.6000
113.7781	81.9300	77.2000
115.6851	82.2100	76.1000
117.6240	82.3400	75.6000
119.5954	82.3200	74.1000
121.5998	82.3300	71.8000
123.6379	82.3900	70.5000
125.7101	82.3200	69.9000
127.8170	82.2100	68.7000
129.9592	82.2800	67.2000
132.1374	82.4100	65.9000
134.3520	82.4400	63.9000
136.6038	82.4900	61.8000
138.8933	82.6100	60.4000
141.2212	82.7200	59.7000
143.5881	82.7500	59.4000
145.9947	82.7800	59.2000
148.4416	82.9500	58.3000
150.9295	83.1000	56.6000
153.4591	83.1100	55.3000
156.0312	83.0400	53.9000
158.6463	82.9600	51.6000
161.3052	82.9900	49.4000
164.0087	83.0500	48.1000
166.7576	83.0400	47.3000
169.5525	82.9800	46.3000
172.3942	83.0100	45.0000
175.2836	83.2200	44.1000
178.2214	83.4000	43.7000
181.2084	83.3100	43.7000
184.2455	83.0800	43.0000
187.3335	83.0600	41.4000
190.4733	83.1400	39.6000
193.6656	83.2200	38.3000
196.9115	83.2700	37.0000
200.2118	83.3100	35.9000
203.5674	83.3200	35.3000
206.9792	83.3000	35.0000
210.4483	83.2800	34.7000
213.9754	83.2900	33.8000
217.5617	83.3300	32.6000
221.2081	83.3700	31.4000
224.9156	83.4000	29.7000
228.6852	83.4800	28.1000
232.5181	83.5500	27.1000
236.4151	83.5500	26.6000
240.3775	83.4300	25.9000
244.4063	83.2800	24.2000
248.5026	83.2800	22.3000
252.6676	83.2900	21.4000
256.9023	83.2100	20.6000
261.2081	83.1600	19.8000
265.5860	83.0800	19.7000
270.0373	82.9500	19.4000
274.5632	82.8900	18.3000
279.1649	82.9200	17.1000
283.8438	82.9800	16.3000
288.6011	83.0100	16.1000
293.4381	83.0000	16.0000
298.3562	82.9900	15.4000
303.3567	82.9400	14.5000
308.4410	82.8700	13.5000
313.6106	82.8800	12.7000
318.8668	82.8900	12.2000
324.2111	82.8000	11.5000
329.6449	82.6700	10.5000
335.1698	82.6400	9.4000
340.7874	82.6400	8.5000
346.4991	82.5800	8.1000
352.3065	82.4200	7.7000
358.2112	82.2300	7.3000
364.2149	82.0200	6.8000
370.3193	81.7900	7.1000
376.5259	81.5500	8.7000
382.8366	81.4000	11.1000
389.2530	81.5000	13.3000
395.7770	81.7400	14.9000
402.4103	82.0000	16.2000
409.1548	82.2400	16.9000
416.0123	82.4900	17.3000
422.9848	82.8000	17.3000
430.0741	83.1400	16.5000
437.2823	83.3800	14.1000
444.6112	83.3100	11.8000
452.0630	83.2200	11.0000
459.6397	83.2900	10.2000
467.3434	83.3500	8.4000
475.1762	83.3400	6.2000
483.1402	83.2700	3.5000
491.2378	83.0400	0.2000
499.4710	82.4800	-3.2000
507.8423	81.4700	-4.4000
516.3539	80.4400	0.1000
525.0081	80.3200	8.4000
533.8074	81.1000	12.9000
542.7541	81.8200	12.1000
551.8508	82.0700	9.1000
561.0999	81.9100	7.2000
570.5041	81.6600	7.1000
580.0659	81.5500	8.2000
589.7879	81.5400	9.4000
599.6729	81.5800	10.8000
609.7236	81.7300	12.8000
619.9427	82.1700	14.8000
630.3331	82.8900	14.8000
640.8976	83.5500	11.9000
651.6392	83.9300	7.4000
662.5609	84.0400	2.2000
673.6656	83.7900	-3.2000
684.9564	83.1700	-7.1000
696.4364	82.4800	-8.1000
708.1088	81.9300	-7.8000
719.9769	81.4200	-5.9000
732.0439	81.2900	-2.6000
744.3131	81.5400	-1.0000
756.7880	81.6900	-1.6000
769.4720	81.6500	-2.4000
782.3685	81.5400	-1.6000
795.4812	81.8300	-0.5000
808.8137	82.2800	-3.1000
822.3696	82.1300	-8.4000
836.1527	81.3200	-10.9000
850.1668	80.5900	-8.5000
864.4158	80.4100	-4.3000
878.9036	80.7400	-1.5000
893.6343	81.0300	-1.4000
908.6118	81.2400	-1.2000
923.8404	81.7000	-1.8000
939.3242	82.0700	-6.0000
955.0675	81.9200	-11.1000
971.0746	81.4100	-15.0000
987.3501	80.6900	-17.8000
1003.8983	79.6700	-17.6000
1020.7239	78.8500	-14.1000
1037.8315	78.4000	-8.4000
1055.2258	78.5500	-2.2000
1072.9116	79.2200	1.2000
1090.8939	79.8000	0.1000
1109.1775	79.8400	-1.7000
1127.7676	79.8400	-1.8000
1146.6693	79.9500	-2.2000
1165.8877	79.9100	-3.5000
1185.4283	79.7300	-3.5000
1205.2964	79.7000	-2.8000
1225.4974	79.7900	-2.5000
1246.0371	79.9300	-3.1000
1266.9209	79.9500	-4.9000
1288.1549	79.6600	-6.3000
1309.7446	79.4400	-6.4000
1331.6963	79.1700	-6.5000
1354.0158	78.8400	-5.9000
1376.7095	78.4800	-3.7000
1399.7835	78.4100	0.4000
1423.2442	78.8900	3.5000
1447.0981	79.3600	3.6000
1471.3518	79.7900	2.6000
1496.0120	80.0400	-0.5000
1521.0856	79.9400	-3.4000
1546.5793	79.5500	-5.4000
1572.5004	79.1300	-3.9000
1598.8559	79.1600	-2.0000
1625.6531	79.3700	-0.8000
1652.8994	79.6900	-1.3000
1680.6024	79.9400	-3.2000
1708.7697	79.9700	-6.2000
1737.4091	79.7500	-8.7000
1766.5285	79.4200	-10.2000
1796.1360	79.0500	-10.5000
1826.2397	78.8100	-9.7000
1856.8479	78.8600	-8.5000
1887.9691	79.0400	-9.8000
1919.6120	78.8900	-12.3000
1951.7851	78.5400	-14.0000
1984.4975	78.1200	-14.5000
2017.7582	77.7300	-13.3000
2051.5763	77.7600	-12.2000
2085.9612	77.6900	-13.7000
2120.9224	77.3900	-14.9000
2156.4696	76.9500	-15.7000
2192.6126	76.3400	-14.9000
2229.3613	75.8900	-11.1000
2266.7259	76.0400	-7.1000
2304.7168	76.5800	-6.4000
2343.3444	76.8300	-10.1000
2382.6195	76.3200	-14.8000
2422.5528	75.2100	-14.8000
2463.1553	74.4700	-8.2000
2504.4384	75.0100	-1.9000
2546.4134	75.8100	-3.4000
2589.0919	75.7000	-8.9000
2632.4858	74.7600	-10.7000
2676.6069	73.9600	-5.7000
2721.4674	74.1100	0.6000
2767.0799	74.7800	2.9000
2813.4568	75.2500	1.4000
2860.6111	75.4000	-1.4000
2908.5556	75.1400	-3.1000
2957.3037	74.9800	-2.8000
3006.8689	75.1000	-3.4000
3057.2647	75.0700	-5.7000
3108.5052	74.9500	-7.7000
3160.6045	74.7800	-11.9000
3213.5770	73.9300	-16.7000
3267.4374	72.6000	-17.7000
3322.2004	71.2500	-14.4000
3377.8813	70.2100	-6.0000
3434.4954	70.4900	3.4000
3492.0584	71.0400	3.4000
3550.5862	70.0400	4.0000
3610.0949	70.1000	16.7000
3670.6009	71.5300	17.6000
3732.1211	71.4900	13.1000
3794.6724	71.0800	14.5000
3858.2720	70.8000	15.2000
3922.9376	70.0300	21.2000
3988.6870	70.7500	30.2000
4055.5384	71.5000	32.1000
4123.5102	72.2200	35.0000
4192.6212	72.9300	34.9000
4262.8906	73.6800	34.8000
4334.3377	74.1100	32.0000
4406.9822	74.2700	34.7000
4480.8443	75.5000	35.8000
4555.9444	76.4400	33.2000
4632.3031	77.6900	30.8000
4709.9417	79.1000	22.7000
4788.8814	79.7200	13.0000
4869.1443	80.8100	4.4000
4950.7523	81.5700	-14.2000
5033.7281	80.5600	-31.9000
5118.0947	79.4000	-42.7000
5203.8752	78.5200	-53.2000
5291.0934	77.6300	-66.6000
5379.7734	75.6600	-84.1000
5469.9397	71.8600	-94.0000
5561.6173	68.9800	-88.5000
5654.8313	67.1100	-88.0000
5749.6077	64.7900	-83.7000
5845.9725	63.3100	-75.9000
5943.9525	62.4400	-69.6000
6043.5746	61.7500	-66.4000
6144.8664	61.8300	-62.3000
6247.8558	61.3100	-70.1000
6352.5714	59.8100	-74.7000
6459.0421	58.1800	-71.2000
6567.2972	57.4100	-76.1000
6677.3667	55.6900	-72.7000
6789.2810	54.8100	-77.2000
6903.0710	52.5700	-74.4000
7018.7682	51.6500	-75.5000
7136.4045	50.6300	-78.1000
7256.0123	48.2000	-78.8000
7377.6249	47.2300	-87.7000
7501.2757	44.1400	-57.3000
7626.9989	48.3400	-89.4000
7754.8293	47.8400	-84.6000
7884.8021	49.1900	-133.7000
8016.9533	48.7200	162.2000
8151.3194	43.4900	60.2000
8287.9375	47.2100	22.9000
8426.8454	50.6100	-37.1000
8568.0814	47.8900	-67.2000
8711.6845	52.6400	-78.1000
8857.6945	48.9800	-96.2000
9006.1516	51.8200	-110.0000
9157.0969	49.9600	-125.6000
9310.5721	50.0100	-121.0000
9466.6196	52.0700	-127.6000
9625.2825	50.7900	-150.4000
9786.6046	48.7300	-142.6000
9950.6305	49.0500	-154.6000
10117.4050	46.8500	-160.5000
10286.9760	47.8900	-156.1000
10459.3880	49.2600	-169.1000
10634.6900	49.5700	120.9000
10812.9300	46.6400	86.5000
10994.1570	47.4800	28.1000
11178.4220	45.1400	22.9000
11365.7750	48.2000	17.1000
11556.2680	49.7100	10.7000
11749.9540	52.1400	-29.6000
11946.8860	49.2100	-54.3000
12147.1190	42.3300	-64.5000
12350.7080	44.6300	-40.2000
12557.7080	46.1700	-19.8000
12768.1790	43.5300	-46.7000
12982.1770	40.7300	-63.1000
13199.7610	35.5500	-27.2000
13420.9920	38.2200	-27.9000
13645.9310	40.0100	-45.0000
13874.6410	39.3900	-48.5000
14107.1830	38.0900	-44.1000
14343.6230	28.0900	-138.8000
14584.0250	24.6700	64.2000
14828.4570	32.4300	-2.4000
15076.9860	34.0100	-70.0000
15329.6800	35.8300	150.8000
15586.6090	35.4100	114.0000
15847.8440	38.4300	62.0000
16113.4580	39.7500	44.6000
16383.5240	42.6400	25.5000
16658.1150	31.0100	-28.7000
16937.3100	37.1000	-17.7000
17221.1830	41.7000	2.1000
17509.8140	42.2000	-19.2000
17803.2830	38.9200	-39.0000
18101.6700	40.6400	-15.2000
18405.0590	39.0700	-39.4000
18713.5320	37.2500	-40.1000
19027.1760	40.7300	-25.5000
19346.0760	38.1700	-45.1000
19670.3210	37.7700	-79.1000