19.86599	58.43	77.7
20.19895	59.62	75.5
20.53749	60.75	73.2
20.8817	61.81	70.9
21.23169	62.81	68.6
21.58753	63.7	66.5
21.94935	64.45	64.8
22.31722	65.04	63.5
22.69126	65.53	62.4
23.07158	65.96	61
23.45826	66.36	58.1
23.85143	66.73	52.3
24.25118	67.07	44.6
24.65764	67.38	38.2
25.07091	67.66	37.1
25.4911	67.92	39.6
25.91834	68.11	43.9
26.35274	68.2	46
26.79441	68.2	44.6
27.2435	68.15	40.1
27.7001	68.15	35.1
28.16436	68.31	30.7
28.63641	68.66	27.4
29.11636	69.11	25.3
29.60436	69.53	24.6
30.10053	69.93	24.4
30.60502	70.28	24.2
31.11797	70.59	22.9
31.63952	70.85	20.4
32.1698	71.05	17.6
32.70898	71.2	15.1
33.25719	71.34	13
33.81459	71.48	11.2
34.38133	71.64	9.6
34.95757	71.85	8.2
35.54346	72.09	6.9
36.13918	72.38	5.7
36.74488	72.73	4.3
37.36074	73.12	2.4
37.98691	73.52	-0.1
38.62358	73.91	-2.9
39.27092	74.23	-5.2
39.92911	74.44	-5.5
40.59833	74.61	-5
41.27877	74.88	-5.5
41.97061	75.24	-7.9
42.67405	75.5	-11.2
43.38928	75.6	-14
44.11649	75.65	-14.8
44.8559	75.75	-14.3
45.60769	76	-14.8
46.37209	76.46	-17.8
47.1493	77.02	-21.1
47.93953	77.43	-23.4
48.74301	77.5	-25.5
49.55995	77.41	-27.8
50.39059	77.52	-30.2
51.23515	77.93	-32
52.09386	78.29	-33.3
52.96697	78.46	-35.4
53.85471	78.53	-38.4
54.75733	78.6	-39.6
55.67507	78.69	-39.6
56.6082	78.69	-40.5
57.55697	78.45	-43.5
58.52164	78.02	-47.5
59.50247	77.99	-50.1
60.49975	78.76	-50.8
61.51374	79.76	-50.1
62.54472	80.28	-49.4
63.59299	80.56	-49.9
64.65882	80.86	-51.8
65.74252	81.05	-53.5
66.84438	81	-54.9
67.96471	80.86	-56.3
69.10382	80.85	-57.6
70.26201	80.96	-58.8
71.43962	81.03	-60.3
72.63697	81.12	-62.1
73.85438	81.33	-63.4
75.0922	81.64	-64.4
76.35076	81.98	-65.5
77.63042	82.24	-66.7
78.93152	82.37	-68.1
80.25443	82.45	-69.9
81.59952	82.49	-71.9
82.96715	82.52	-74.2
84.3577	82.62	-76
85.77155	82.83	-76.8
87.2091	83.07	-77.4
88.67075	83.19	-77.9
90.15689	83.29	-78.3
91.66795	83.49	-78.9
93.20432	83.73	-79.7
94.76645	83.92	-81.1
96.35476	84.07	-83.2
97.96969	84.14	-85.5
99.61168	84.16	-88
101.2812	84.31	-90
102.9787	84.64	-91.2
104.70465	84.97	-92.1
106.45952	85.16	-92.7
108.24381	85.2	-93.5
110.058	85.19	-94.5
111.9026	85.25	-96.3
113.77812	85.46	-98.6
115.68507	85.7	-100.3
117.62398	85.88	-101.3
119.59538	85.95	-102.4
121.59983	85.99	-103.6
123.63787	86.02	-104.8
125.71007	86.06	-106.1
127.81701	86.11	-107.7
129.95925	86.18	-109.3
132.1374	86.29	-110.6
134.35205	86.39	-111.9
136.60383	86.48	-113.6
138.89334	86.63	-115.3
141.22123	86.81	-116.6
143.58813	86.93	-117.5
145.9947	86.97	-118.4
148.44161	87.03	-119.6
150.92953	87.09	-120.5
153.45914	87.08	-121.4
156.03116	87.02	-123.1
158.64628	87.03	-125.6
161.30523	87.17	-127.7
164.00874	87.25	-129
166.75757	87.19	-130.1
169.55247	87.12	-131.4
172.39421	87.18	-132.9
175.28358	87.28	-134.1
178.22137	87.4	-135.7
181.2084	87.42	-136.3
184.2455	87.33	-136.2
187.3335	87.34	-137.3
190.47326	87.44	-139
193.66564	87.52	-140.7
196.91152	87.55	-142.1
200.2118	87.57	-143.2
203.5674	87.57	-143.9
206.97924	87.54	-144.5
210.44827	87.51	-145.2
213.97543	87.48	-146.3
217.56171	87.5	-147.9
221.2081	87.56	-149.5
224.9156	87.64	-151.1
228.68524	87.74	-152.5
232.51806	87.76	-153.5
236.41512	87.69	-154.2
240.3775	87.56	-155.2
244.40628	87.44	-157
248.50259	87.45	-158.8
252.66756	87.47	-159.8
256.90233	87.42	-160.9
261.20807	87.36	-161.9
265.58598	87.26	-162.2
270.03727	87.11	-162.9
274.56316	87.06	-164.1
279.16491	87.08	-165.2
283.84378	87.09	-166.2
288.60107	87.06	-166.6
293.43809	86.87	-166.8
298.35619	86.65	-167.2
303.35671	86.7	-168.4
308.44104	86.86	-169.5
313.61059	86.96	-170.6
318.86678	86.99	-171.6
324.21107	86.85	-172.6
329.64492	86.68	-173.6
335.16985	86.6	-174.7
340.78738	86.5	-175.5
346.49906	86.32	-176.1
352.30647	86.07	-176.4
358.21121	85.78	-176.6
364.21492	85.49	-176.4
370.31925	85.18	-175.2
376.5259	84.91	-172.9
382.83656	84.8	-95.7
389.253	84.93	-111.5
395.77697	85.22	-136.9
402.41029	85.57	-163.2
409.15479	85.91	-163.9
416.01232	86.19	-165
422.98479	86.46	-166.4
430.07412	86.68	-168.5
437.28226	86.78	-171.1
444.61122	86.72	-173.4
452.06302	86.63	-174.9
459.6397	86.6	-176.2
467.34338	86.6	-177.8
475.17617	86.57	-179.9
483.14023	86.46	177.8
491.23778	86.19	175
499.47105	85.7	172.9
507.84231	84.99	172.8
516.35387	84.35	175.8
525.00808	84.24	-178.8
533.80735	84.61	-176.7
542.75409	85.01	-176.9
551.85078	85.14	-178.7
561.09994	84.99	-179.8
570.50411	84.79	-179.8
580.0659	84.7	-178.6
589.78794	84.75	-177.4
599.67293	84.88	-176.5
609.7236	85.09	-175.5
619.94272	85.46	-175
630.33311	85.94	-175.9
640.89765	86.34	-171.2
651.63925	86.53	177.2
662.56088	86.45	172.8
673.66556	86.09	168.9
684.95636	85.5	166.8
696.4364	84.9	166.8
708.10884	84.45	168.4
719.97692	84.26	170.7
732.04391	84.35	172.7
744.31315	84.61	173.1
756.78802	84.78	172
769.47197	84.8	170.5
782.36851	84.78	169.6
795.4812	84.87	168.3
808.81366	84.91	165.3
822.36957	84.58	161.7
836.15269	83.89	160.1
850.16681	83.22	161.6
864.41582	82.89	164.4
878.90364	82.88	166.7
893.63428	82.99	167.8
908.61181	83.14	168
923.84036	83.3	167.1
939.32415	83.33	164.7
955.06746	83.07	162
971.07462	82.56	160.4
987.35007	81.92	160.5
1003.8983	81.29	162.7
1020.7239	80.9	166.4
1037.8315	80.82	170.6
1055.2258	81.05	174
1072.9116	81.44	175.4
1090.8939	81.7	174.9
1109.1775	81.71	174.1
1127.7676	81.63	174.2
1146.6693	81.6	174.9
1165.8877	81.62	175.8
1185.4283	81.73	176.5
1205.2964	81.91	176.7
1225.4974	82.06	176.1
1246.0371	82.14	175
1266.9209	82.11	173.7
1288.1549	81.99	172.7
1309.7446	81.84	171.9
1331.6963	81.64	171.3
1354.0158	81.36	171.2
1376.7095	81	172.1
1399.7835	80.77	174.8
1423.2442	80.87	177.8
1447.0981	81.22	179.6
1471.3518	81.64	179.5
1496.012	81.94	177.7
1521.0856	82	175
1546.5793	81.78	172.6
1572.5004	81.38	172
1598.8559	81.06	173.2
1625.6531	81.04	175.4
1652.8994	81.31	176.5
1680.6024	81.64	175.6
1708.7697	81.78	173
1737.4091	81.64	170.1
1766.5285	81.29	168.4
1796.136	80.91	168.3
1826.2397	80.71	169.2
1856.8479	80.75	169.6
1887.9691	80.81	168.2
1919.612	80.61	165.9
1951.7851	80.19	164.6
1984.4975	79.75	164.8
2017.7582	79.4	165.9
2051.5763	79.22	166.9
2085.9612	79.07	167.3
2120.9224	78.89	167.6
2156.4696	78.68	167.8
2192.6126	78.36	168.3
2229.3613	78.07	170.3
2266.7259	78.07	172.9
2304.7168	78.34	173.5
2343.3444	78.44	171.6
2382.6195	78.09	169.4
2422.5528	77.46	170.3
2463.1553	77.16	174.1
2504.4384	77.4	176.9
2546.4134	77.72	176.2
2589.0919	77.63	174
2632.4858	77.23	173.3
2676.6069	76.84	174.7
2721.4674	76.73	177.2
2767.0799	76.91	178.8
2813.4568	77.19	178.5
2860.6111	77.33	176.4
2908.5556	77.23	173.7
2957.3037	76.95	171.2
3006.8689	76.51	169.1
3057.2647	75.96	167.9
3108.5052	75.37	167.4
3160.6045	74.69	167.1
3213.577	73.83	168.3
3267.4374	72.93	172
3322.2004	72.26	177.7
3377.8813	71.95	-175.4
3434.4954	72.15	-168.7
3492.0584	72.67	-164.5
3550.5862	73.15	-162.9
3610.0949	73.47	-162.7
3670.6009	73.6	-162.9
3732.1211	73.68	-163
3794.6724	73.66	-163.9
3858.272	73.29	-164.2
3922.9376	72.83	-161.2
3988.687	72.79	-156.3
4055.5384	73.12	-152.3
4123.5102	73.65	-148.9
4192.6212	74.44	-147.4
4262.8906	74.94	-148.8
4334.3377	75.18	-148
4406.9822	76.01	-144.9
4480.8443	77.4	-144.5
4555.9444	78.79	-149
4632.3031	79.97	-156.6
4709.9417	81.05	-168
4788.8814	81.54	177.2
4869.1443	81.17	158.3
4950.7523	79.81	142.9
5033.7281	77.73	134.4
5118.0947	75.69	132.7
5203.8752	74.31	131.7
5291.0934	73.14	129.1
5379.7734	72.05	125.8
5469.9397	70.7	122.5
5561.6173	69.18	121.9
5654.8313	67.86	122.9
5749.6077	66.72	123.3
5845.9725	65.63	123.6
5943.9525	64.54	123.4
6043.5746	63.41	123.2
6144.8664	62.14	122.8
6247.8558	60.7	123.6
6352.5714	59.28	125.7
6459.0421	57.84	128.3
6567.2972	56.2	133.3
6677.3667	54.8	143.2
6789.281	54.36	154
6903.071	54.62	161.3
7018.7682	55.22	164.4
7136.4045	55.66	163.2
7256.0123	55.78	159.4
7377.6249	55.7	154.3
7501.2757	55.55	147.9
7626.9989	55.19	137.8
7754.8293	53.68	130.2
7884.8021	52.26	136.2
8016.9533	53.18	139.9
8151.3194	54.65	127.6
8287.9375	55.64	102.9
8426.8454	55.23	66.9
8568.0814	53.1	24.9
8711.6845	50.4	-28.1
8857.6945	48.89	-93.1
9006.1516	48.82	-143.8
9157.0969	49.57	-167.4
9310.5721	50.79	36.7
9466.6196	51.79	162.9
9625.2825	52.04	148.7
9786.6046	51.79	139.1
9950.6305	51.53	135
10117.405	51.34	133.1
10286.976	51.49	132.3
10459.388	51.19	128.5
10634.69	50.81	131.7
10812.93	51.6	133.3
10994.157	51.84	128.6
11178.422	51.24	123.2
11365.775	49.44	125.8
11556.268	48.93	139.7
11749.954	50.44	140.5
11946.886	50.66	125.7
12147.119	49	111.8
12350.708	46.32	106.6
12557.708	44.89	84.6
12768.179	45.63	18
12982.177	48.67	-87.7
13199.761	48.58	-168.6
13420.992	46.49	161.3
13645.931	44.26	147.9
13874.641	41.98	145.8
14107.183	40.77	141.7
14343.623	38.92	136.5
14584.025	38.97	143.6
14828.457	40.41	135.6
15076.986	41	105.7
15329.68	40.01	66.3
15586.609	38.44	39.5
15847.844	37.03	40.5
16113.458	36.88	46.8
16383.524	37.8	57.1
16658.115	40.17	56.9
16937.31	39.37	41.6
17221.183	37.8	30.3
17509.814	37.17	12.8
17803.283	36.34	-3.6
18101.67	34.86	-16
18405.059	34.33	-30.3
18713.532	35.1	-33.6
19027.176	36.4	-54.3
19346.076	36.24	-155.5
19670.321	34.47	52.7
20000	33.86	0.9
