19.86599	60.84	122.2
20.19895	60.9	121.7
20.53749	60.98	121.1
20.8817	61.06	120.6
21.23169	61.13	120
21.58753	61.17	119.4
21.94935	61.16	118.8
22.31722	61.02	118.3
22.69126	60.78	117.7
23.07158	60.61	117.1
23.45826	60.78	116.6
23.85143	61.61	116
24.25118	62.99	115.4
24.65764	64.29	114.9
25.07091	65.05	114.3
25.4911	65.36	113.7
25.91834	65.53	113.1
26.35274	65.7	112.5
26.79441	65.97	112
27.2435	66.34	111.4
27.7001	66.77	110.8
28.16436	67.22	110.2
28.63641	67.68	109.7
29.11636	68.13	109.1
29.60436	68.52	108.6
30.10053	68.88	108
30.60502	69.25	107.4
31.11797	69.66	106.9
31.63952	70.1	106.3
32.1698	70.55	105.7
32.70898	70.97	105.2
33.25719	71.36	104.6
33.81459	71.74	104
34.38133	72.11	103.5
34.95757	72.45	102.9
35.54346	72.76	102.3
36.13918	73.04	101.8
36.74488	73.34	101.2
37.36074	73.67	100.7
37.98691	73.98	100.1
38.62358	74.23	99.5
39.27092	74.41	99
39.92911	74.55	98.4
40.59833	74.69	97.9
41.27877	74.92	97.3
41.97061	75.21	96.8
42.67405	75.34	96.2
43.38928	75.26	95.7
44.11649	75.12	95.1
44.8559	75.09	94.5
45.60769	75.17	94
46.37209	75.43	93.5
47.1493	75.83	92.9
47.93953	76.24	92.3
48.74301	76.49	91.8
49.55995	76.65	91.2
50.39059	76.92	90.6
51.23515	77.25	90.1
52.09386	77.5	89.5
52.96697	77.75	89
53.85471	78.07	88.4
54.75733	78.37	87.8
55.67507	78.6	87.3
56.6082	78.83	86.7
57.55697	79.18	86.1
58.52164	79.64	85.6
59.50247	79.98	85
60.49975	80.1	84.5
61.51374	80.19	83.9
62.54472	80.35	83.3
63.59299	80.4	82.7
64.65882	80.37	82.1
65.74252	80.43	81.5
66.84438	80.51	81
67.96471	80.54	80.4
69.10382	80.58	79.8
70.26201	80.73	79.2
71.43962	80.96	78.6
72.63697	81.2	78
73.85438	81.43	77.4
75.0922	81.65	76.8
76.35076	81.87	76.2
77.63042	82.01	75.6
78.93152	82.06	75
80.25443	82.03	74.3
81.59952	81.9	73.7
82.96715	81.65	73.1
84.3577	81.41	72.4
85.77155	81.28	71.8
87.2091	81.29	71.2
88.67075	81.48	70.6
90.15689	81.88	69.9
91.66795	82.44	69.2
93.20432	83.04	68.6
94.76645	83.51	67.9
96.35476	83.75	67.3
97.96969	83.75	66.6
99.61168	83.53	65.9
101.2812	83.19	65.2
102.9787	82.82	64.5
104.70465	82.55	63.8
106.45952	82.52	63.2
108.24381	82.64	62.5
110.058	82.88	61.7
111.9026	83.12	61
113.77812	83.25	60.3
115.68507	83.24	59.6
117.62398	82.95	58.9
119.59538	82.49	58.1
121.59983	82.02	57.4
123.63787	81.66	56.6
125.71007	81.49	55.9
127.81701	81.46	55.1
129.95925	81.51	54.4
132.1374	81.65	53.6
134.35205	81.85	52.8
136.60383	81.92	52
138.89334	81.87	51.3
141.22123	81.66	50.5
143.58813	81.46	49.7
145.9947	81.47	48.9
148.44161	81.65	48
150.92953	81.95	47.2
153.45914	82.26	46.4
156.03116	82.49	45.6
158.64628	82.52	44.7
161.30523	82.41	43.9
164.00874	82.28	43
166.75757	82.28	42.2
169.55247	82.39	41.3
172.39421	82.46	40.5
175.28358	82.37	39.6
178.22137	82.25	38.8
181.2084	82.21	37.9
184.2455	82.26	37
187.3335	82.45	36.2
190.47326	82.64	35.3
193.66564	82.69	34.5
196.91152	82.64	33.6
200.2118	82.53	32.7
203.5674	82.43	31.8
206.97924	82.41	31
210.44827	82.46	30.1
213.97543	82.52	29.2
217.56171	82.56	28.4
221.2081	82.61	27.5
224.9156	82.69	26.7
228.68524	82.72	25.8
232.51806	82.67	25
236.41512	82.55	24.1
240.3775	82.47	23.3
244.40628	82.49	22.5
248.50259	82.56	21.8
252.66756	82.57	21
256.90233	82.53	20.2
261.20807	82.47	19.5
265.58598	82.42	18.7
270.03727	82.36	18
274.56316	82.34	17.4
279.16491	82.34	16.7
283.84378	82.33	16.1
288.60107	82.29	15.5
293.43809	82.23	14.9
298.35619	82.2	14.3
303.35671	82.22	13.8
308.44104	82.24	13.3
313.61059	82.23	12.9
318.86678	82.18	12.5
324.21107	82.11	12.1
329.64492	82.05	11.7
335.16985	82.02	11.4
340.78738	81.99	11.2
346.49906	81.93	10.9
352.30647	81.88	10.7
358.21121	81.85	10.5
364.21492	81.85	10.4
370.31925	81.85	10.3
376.5259	81.82	10.2
382.83656	81.78	10.1
389.253	81.74	10
395.77697	81.71	10
402.41029	81.68	9.9
409.15479	81.66	9.9
416.01232	81.66	9.8
422.98479	81.66	9.8
430.07412	81.66	9.7
437.28226	81.66	9.7
444.61122	81.67	9.6
452.06302	81.65	9.7
459.6397	81.63	9.8
467.34338	81.59	9.9
475.17617	81.52	10
483.14023	81.46	10
491.23778	81.41	9.9
499.47105	81.37	9.8
507.84231	81.34	9.6
516.35387	81.33	9.3
525.00808	81.33	9
533.80735	81.32	8.6
542.75409	81.32	8.1
551.85078	81.31	7.6
561.09994	81.29	7
570.50411	81.27	6.3
580.0659	81.24	5.6
589.78794	81.2	4.9
599.67293	81.13	3.9
609.7236	81.06	3.1
619.94272	80.97	2.4
630.33311	80.87	1.8
640.89765	80.76	1.3
651.63925	80.64	0.9
662.56088	80.53	0.7
673.66556	80.41	0.5
684.95636	80.32	0.6
696.4364	80.23	0.7
708.10884	80.16	1
719.97692	80.09	1.4
732.04391	80.04	1.9
744.31315	80.02	2.5
756.78802	80.01	3.1
769.47197	80.04	3.8
782.36851	80.09	4.4
795.4812	80.17	5
808.81366	80.27	5.5
822.36957	80.4	5.8
836.15269	80.55	6
850.16681	80.71	5.9
864.41582	80.88	5.7
878.90364	81.04	5.2
893.63428	81.2	4.5
908.61181	81.33	3.7
923.84036	81.45	2.6
939.32415	81.53	1.5
955.06746	81.58	0.2
971.07462	81.6	-1
987.35007	81.59	-2.3
1003.8983	81.54	-3.4
1020.7239	81.47	-4.5
1037.8315	81.37	-5.3
1055.2258	81.26	-6
1072.9116	81.15	-6.5
1090.8939	81.04	-6.7
1109.1775	80.95	-6.8
1127.7676	80.88	-6.8
1146.6693	80.82	-6.8
1165.8877	80.78	-6.7
1185.4283	80.75	-6.7
1205.2964	80.72	-6.7
1225.4974	80.68	-6.8
1246.0371	80.64	-6.8
1266.9209	80.59	-6.7
1288.1549	80.53	-6.4
1309.7446	80.49	-5.8
1331.6963	80.49	-5.1
1354.0158	80.53	-4.2
1376.7095	80.64	-3.4
1399.7835	80.81	-2.7
1423.2442	81.03	-2.3
1447.0981	81.27	-2.5
1471.3518	81.53	-3.1
1496.012	81.75	-4.1
1521.0856	81.93	-5.5
1546.5793	82.06	-7.1
1572.5004	82.13	-8.7
1598.8559	82.16	-10.2
1625.6531	82.16	-11.6
1652.8994	82.15	-12.8
1680.6024	82.14	-13.8
1708.7697	82.14	-14.9
1737.4091	82.16	-15.9
1766.5285	82.17	-17
1796.136	82.17	-18.3
1826.2397	82.15	-19.5
1856.8479	82.11	-20.7
1887.9691	82.06	-21.8
1919.612	82	-22.7
1951.7851	81.96	-23.6
1984.4975	81.95	-24.5
2017.7582	81.94	-25.4
2051.5763	81.92	-26.5
2085.9612	81.88	-27.7
2120.9224	81.82	-28.9
2156.4696	81.73	-29.9
2192.6126	81.64	-30.8
2229.3613	81.56	-31.5
2266.7259	81.5	-32.2
2304.7168	81.46	-32.8
2343.3444	81.43	-33.5
2382.6195	81.43	-34.2
2422.5528	81.44	-35.1
2463.1553	81.47	-36.3
2504.4384	81.49	-37.8
2546.4134	81.45	-39.6
2589.0919	81.32	-41.4
2632.4858	81.14	-42.7
2676.6069	80.96	-43.3
2721.4674	80.87	-43.5
2767.0799	80.89	-43.7
2813.4568	80.96	-44.6
2860.6111	81	-46
2908.5556	80.98	-47.4
2957.3037	80.97	-48.4
3006.8689	81.04	-49.3
3057.2647	81.22	-50.8
3108.5052	81.39	-53.5
3160.6045	81.44	-57.1
3213.577	81.32	-60.8
3267.4374	81.09	-64.1
3322.2004	80.86	-66.8
3377.8813	80.67	-69.7
3434.4954	80.46	-73.2
3492.0584	80.12	-77.3
3550.5862	79.6	-81.3
3610.0949	78.94	-84.7
3670.6009	78.19	-87.4
3732.1211	77.35	-89.6
3794.6724	76.38	-90.8
3858.272	75.26	-90.3
3922.9376	74.16	-87
3988.687	73.38	-80.8
4055.5384	73.15	-73.9
4123.5102	73.37	-68.5
4192.6212	73.75	-65.5
4262.8906	74.11	-64.2
4334.3377	74.39	-64
4406.9822	74.58	-64.6
4480.8443	74.62	-65.4
4555.9444	74.63	-65.6
4632.3031	74.73	-65.6
4709.9417	74.92	-66.3
4788.8814	75.06	-67.9
4869.1443	75.13	-69.6
4950.7523	75.14	-71.4
5033.7281	75.01	-73.2
5118.0947	74.81	-73.2
5203.8752	74.92	-71.5
5291.0934	75.46	-71.5
5379.7734	75.98	-74.2
5469.9397	76.29	-77.5
5561.6173	76.68	-80.4
5654.8313	77.21	-84.5
5749.6077	77.77	-90
5845.9725	78.39	-97.2
5943.9525	78.99	-107.5
6043.5746	79.2	-120.8
6144.8664	78.85	-135.6
6247.8558	77.94	-150.3
6352.5714	76.58	-163.5
6459.0421	75.02	-175.3
6567.2972	73.3	174.2
6677.3667	71.26	164.1
6789.281	69.37	157.5
6903.071	68	149.7
7018.7682	66.57	137.2
7136.4045	64.51	122.7
7256.0123	62.3	110.9
7377.6249	60.8	99
7501.2757	59.72	86.4
7626.9989	59.85	75.4
7754.8293	60.88	58.5
7884.8021	61.42	38.7
8016.9533	61.35	22
8151.3194	60.99	11.5
8287.9375	61.12	5.8
8426.8454	61.47	-0.3
8568.0814	61.72	-5.2
8711.6845	61.91	-9.3
8857.6945	62.09	-10.9
9006.1516	62.62	-12.7
9157.0969	62.98	-15.6
9310.5721	63.17	-17.9
9466.6196	63.24	-18
9625.2825	63.77	-17.2
9786.6046	64.64	-18.1
9950.6305	65.94	-23.2
10117.405	66.74	-35.1
10286.976	66.47	-47.1
10459.388	65.64	-54.5
10634.69	64.85	-58.4
10812.93	63.88	-61.1
10994.157	62.39	-56.9
11178.422	62.71	-42.7
11365.775	64.81	-39.6
11556.268	66.18	-47.3
11749.954	66.35	-54.2
11946.886	66.68	-54.4
12147.119	68.11	-55.3
12350.708	69.83	-62.8
12557.708	71.2	-73.4
12768.179	72.79	-85
12982.177	75	-103.5
13199.761	76.45	-136.3
13420.992	75.22	-175
13645.931	72.48	161.7
13874.641	70.22	142.4
14107.183	68.24	123.1
14343.623	66.2	102.5
14584.025	63.97	82.7
14828.457	62.27	65.4
15076.986	61.48	44.3
15329.68	60.58	17.5
15586.609	58.88	-9
15847.844	57.99	-23.6
16113.458	58.28	-46.7
16383.524	57.16	-70.7
16658.115	55.27	-88.2
16937.31	53.76	-96.7
17221.183	53.28	-107.2
17509.814	53.03	-124.1
17803.283	52.29	-142
18101.67	51.33	-157.2
18405.059	50.28	-119.8
18713.532	48.87	150.4
19027.176	46.51	110.6
19346.076	42.05	73.9
19670.321	36.33	50
20000	33.11	47.8
