19.86599	66.13	100.9
20.19895	66.33	100.5
20.53749	66.53	100.2
20.8817	66.74	99.8
21.23169	66.94	99.4
21.58753	67.17	99
21.94935	67.41	98.6
22.31722	67.69	98.2
22.69126	67.99	97.8
23.07158	68.31	97.4
23.45826	68.62	97
23.85143	68.94	96.6
24.25118	69.24	96.3
24.65764	69.55	95.9
25.07091	69.84	95.5
25.4911	70.12	95.1
25.91834	70.4	94.8
26.35274	70.7	94.4
26.79441	71.02	94
27.2435	71.37	93.7
27.7001	71.74	93.3
28.16436	72.11	92.9
28.63641	72.5	92.6
29.11636	72.91	92.2
29.60436	73.34	91.8
30.10053	73.79	91.4
30.60502	74.25	91.1
31.11797	74.71	90.7
31.63952	75.15	90.3
32.1698	75.57	89.9
32.70898	75.97	89.5
33.25719	76.34	89.2
33.81459	76.71	88.8
34.38133	77.06	88.4
34.95757	77.42	88
35.54346	77.78	87.6
36.13918	78.13	87.3
36.74488	78.45	86.9
37.36074	78.74	86.5
37.98691	79	86.1
38.62358	79.23	85.7
39.27092	79.44	85.3
39.92911	79.63	84.9
40.59833	79.81	84.5
41.27877	79.96	84.2
41.97061	80.09	83.8
42.67405	80.23	83.4
43.38928	80.38	83
44.11649	80.52	82.6
44.8559	80.63	82.3
45.60769	80.73	81.9
46.37209	80.81	81.4
47.1493	80.9	81
47.93953	81.01	80.6
48.74301	81.13	80.2
49.55995	81.26	79.8
50.39059	81.4	79.4
51.23515	81.53	78.9
52.09386	81.63	78.5
52.96697	81.68	78.1
53.85471	81.69	77.6
54.75733	81.69	77.2
55.67507	81.72	76.8
56.6082	81.87	76.4
57.55697	82.07	75.9
58.52164	82.25	75.5
59.50247	82.4	75
60.49975	82.58	74.6
61.51374	82.78	74.1
62.54472	82.91	73.7
63.59299	82.95	73.2
64.65882	82.91	72.7
65.74252	82.73	72.3
66.84438	82.45	71.8
67.96471	82.19	71.3
69.10382	82.01	70.8
70.26201	81.89	70.3
71.43962	81.85	69.9
72.63697	81.94	69.3
73.85438	82.18	68.8
75.0922	82.52	68.3
76.35076	82.81	67.8
77.63042	82.98	67.3
78.93152	83.05	66.8
80.25443	83.07	66.2
81.59952	83.07	65.7
82.96715	83.06	65.1
84.3577	83.05	64.6
85.77155	83.01	64
87.2091	82.95	63.5
88.67075	82.91	63
90.15689	82.93	62.4
91.66795	83.06	61.8
93.20432	83.27	61.2
94.76645	83.53	60.6
96.35476	83.79	60
97.96969	83.98	59.4
99.61168	84.07	58.8
101.2812	84.07	58.2
102.9787	83.97	57.5
104.70465	83.83	56.9
106.45952	83.71	56.2
108.24381	83.67	55.6
110.058	83.74	55
111.9026	83.9	54.3
113.77812	84.12	53.6
115.68507	84.32	53
117.62398	84.47	52.3
119.59538	84.5	51.6
121.59983	84.36	50.9
123.63787	84.06	50.2
125.71007	83.79	49.5
127.81701	83.61	48.7
129.95925	83.55	48
132.1374	83.62	47.3
134.35205	83.77	46.5
136.60383	83.92	45.8
138.89334	84	45
141.22123	83.99	44.2
143.58813	83.92	43.5
145.9947	83.87	42.7
148.44161	83.9	41.9
150.92953	83.97	41.1
153.45914	84.03	40.3
156.03116	84.05	39.5
158.64628	84.02	38.7
161.30523	83.94	37.9
164.00874	83.82	37.1
166.75757	83.71	36.3
169.55247	83.66	35.4
172.39421	83.7	34.6
175.28358	83.78	33.7
178.22137	83.79	32.9
181.2084	83.73	32
184.2455	83.63	31.2
187.3335	83.54	30.3
190.47326	83.54	29.5
193.66564	83.66	28.6
196.91152	83.79	27.7
200.2118	83.84	26.9
203.5674	83.84	26
206.97924	83.82	25.2
210.44827	83.83	24.3
213.97543	83.86	23.4
217.56171	83.86	22.6
221.2081	83.85	21.7
224.9156	83.86	20.9
228.68524	83.89	20.1
232.51806	83.9	19.3
236.41512	83.86	18.4
240.3775	83.83	17.6
244.40628	83.81	16.8
248.50259	83.78	16.1
252.66756	83.75	15.3
256.90233	83.74	14.6
261.20807	83.7	13.8
265.58598	83.65	13.1
270.03727	83.58	12.5
274.56316	83.53	11.8
279.16491	83.49	11.2
283.84378	83.46	10.6
288.60107	83.43	10
293.43809	83.41	9.5
298.35619	83.39	9
303.35671	83.38	8.6
308.44104	83.37	8.2
313.61059	83.37	7.8
318.86678	83.35	7.5
324.21107	83.29	7.2
329.64492	83.22	7
335.16985	83.14	6.8
340.78738	83.07	6.7
346.49906	83.01	6.7
352.30647	82.94	6.6
358.21121	82.9	6.6
364.21492	82.9	6.6
370.31925	82.92	6.7
376.5259	82.89	6.9
382.83656	82.82	7.1
389.253	82.74	7.3
395.77697	82.68	7.5
402.41029	82.65	7.7
409.15479	82.62	7.9
416.01232	82.6	8.1
422.98479	82.58	8.3
430.07412	82.57	8.5
437.28226	82.56	8.7
444.61122	82.56	8.9
452.06302	82.49	9.2
459.6397	82.43	9.5
467.34338	82.38	9.8
475.17617	82.34	10.1
483.14023	82.31	10.4
491.23778	82.32	10.6
499.47105	82.33	10.7
507.84231	82.36	10.9
516.35387	82.4	10.9
525.00808	82.45	10.8
533.80735	82.5	10.7
542.75409	82.57	10.4
551.85078	82.64	10
561.09994	82.71	9.5
570.50411	82.78	8.9
580.0659	82.85	8
589.78794	82.9	7.2
599.67293	82.96	6.2
609.7236	82.99	5.1
619.94272	83.01	4.1
630.33311	83.01	3
640.89765	83	2.1
651.63925	82.96	1.1
662.56088	82.91	0.2
673.66556	82.84	-0.6
684.95636	82.77	-1.4
696.4364	82.69	-2.1
708.10884	82.6	-2.6
719.97692	82.5	-3.1
732.04391	82.41	-3.4
744.31315	82.31	-3.6
756.78802	82.23	-3.6
769.47197	82.16	-3.6
782.36851	82.1	-3.5
795.4812	82.06	-3.3
808.81366	82.04	-3.1
822.36957	82.05	-3
836.15269	82.07	-2.9
850.16681	82.11	-2.9
864.41582	82.15	-3
878.90364	82.21	-3.3
893.63428	82.25	-3.7
908.61181	82.29	-4.2
923.84036	82.31	-4.8
939.32415	82.31	-5.5
955.06746	82.29	-6.3
971.07462	82.25	-7
987.35007	82.18	-7.6
1003.8983	82.1	-8.1
1020.7239	82	-8.4
1037.8315	81.91	-8.5
1055.2258	81.82	-8.5
1072.9116	81.75	-8.3
1090.8939	81.7	-8.1
1109.1775	81.69	-7.8
1127.7676	81.7	-7.5
1146.6693	81.74	-7.3
1165.8877	81.78	-7.4
1185.4283	81.82	-7.6
1205.2964	81.85	-7.9
1225.4974	81.86	-8.4
1246.0371	81.83	-8.8
1266.9209	81.78	-9.1
1288.1549	81.71	-9.2
1309.7446	81.64	-9
1331.6963	81.58	-8.5
1354.0158	81.57	-7.7
1376.7095	81.62	-6.7
1399.7835	81.75	-5.8
1423.2442	81.94	-5.1
1447.0981	82.2	-4.7
1471.3518	82.48	-4.7
1496.012	82.79	-5.3
1521.0856	83.08	-6.2
1546.5793	83.36	-7.6
1572.5004	83.61	-9.3
1598.8559	83.82	-11.3
1625.6531	84.01	-13.5
1652.8994	84.15	-15.9
1680.6024	84.26	-18.5
1708.7697	84.33	-21.2
1737.4091	84.34	-24.1
1766.5285	84.3	-27
1796.136	84.2	-29.9
1826.2397	84.05	-32.6
1856.8479	83.87	-35.1
1887.9691	83.67	-37.4
1919.612	83.47	-39.5
1951.7851	83.27	-41.6
1984.4975	83.08	-43.7
2017.7582	82.86	-46.2
2051.5763	82.59	-48.8
2085.9612	82.23	-51.6
2120.9224	81.76	-54.1
2156.4696	81.19	-56.1
2192.6126	80.55	-57.2
2229.3613	79.91	-57.2
2266.7259	79.36	-56.3
2304.7168	78.96	-54.9
2343.3444	78.7	-53.6
2382.6195	78.54	-52.8
2422.5528	78.41	-52.8
2463.1553	78.22	-53.4
2504.4384	77.93	-54.3
2546.4134	77.53	-55
2589.0919	77.05	-55
2632.4858	76.56	-53.9
2676.6069	76.17	-51.8
2721.4674	75.97	-49.3
2767.0799	75.95	-47.2
2813.4568	76	-46.1
2860.6111	76.04	-45.8
2908.5556	76.02	-45.9
2957.3037	75.96	-46
3006.8689	75.91	-46.3
3057.2647	75.82	-47
3108.5052	75.64	-48
3160.6045	75.33	-48.7
3213.577	74.94	-48.4
3267.4374	74.61	-47.1
3322.2004	74.45	-45.5
3377.8813	74.43	-44.4
3434.4954	74.4	-44.1
3492.0584	74.33	-44
3550.5862	74.26	-43.7
3610.0949	74.32	-43.5
3670.6009	74.48	-44.6
3732.1211	74.55	-47.5
3794.6724	74.37	-51.8
3858.272	73.8	-56.5
3922.9376	72.74	-60.4
3988.687	71.14	-61.4
4055.5384	69.24	-55.4
4123.5102	68.07	-40.5
4192.6212	68.75	-24.2
4262.8906	70.54	-16.1
4334.3377	72.19	-16.4
4406.9822	73.19	-20.8
4480.8443	73.54	-25.6
4555.9444	73.6	-28.5
4632.3031	73.79	-30.4
4709.9417	73.99	-33.8
4788.8814	73.88	-37.5
4869.1443	73.68	-38.9
4950.7523	73.87	-39.6
5033.7281	74.27	-43.1
5118.0947	74.38	-48.8
5203.8752	74.22	-54.5
5291.0934	73.99	-60.5
5379.7734	73.5	-67.8
5469.9397	72.58	-75
5561.6173	71.4	-80.7
5654.8313	70.14	-86.4
5749.6077	68.34	-94.1
5845.9725	65.19	-100.1
5943.9525	60.53	-93.2
6043.5746	57.42	-58.8
6144.8664	59.11	-30.1
6247.8558	60.56	-19.3
6352.5714	61.94	-3.8
6459.0421	65.16	3.3
6567.2972	67.59	-3.8
6677.3667	68.66	-12.8
6789.281	69.14	-21.5
6903.071	68.85	-29.8
7018.7682	68.05	-32.8
7136.4045	67.65	-32.1
7256.0123	67.52	-30.8
7377.6249	67.91	-29.1
7501.2757	68.54	-31.6
7626.9989	68.77	-35.7
7754.8293	68.96	-38.8
7884.8021	69.32	-43.3
8016.9533	69.46	-51.2
8151.3194	68.92	-60.4
8287.9375	67.73	-67.2
8426.8454	66.25	-69.4
8568.0814	65.14	-66.7
8711.6845	64.61	-63.3
8857.6945	64.37	-59.1
9006.1516	64.82	-55.8
9157.0969	65.46	-57.6
9310.5721	66.01	-61.3
9466.6196	67.83	-71.7
9625.2825	69.94	-109.2
9786.6046	70.12	-14.2
9950.6305	69.42	98.6
10117.405	69.21	25.9
10286.976	68.34	-16.7
10459.388	67.58	-31.5
10634.69	68.28	-35.2
10812.93	69.73	-39.9
10994.157	71.35	-46.4
11178.422	73.31	-55
11365.775	75.46	-68.4
11556.268	77.32	-86.9
11749.954	78.79	-106.8
11946.886	80.65	-130.9
12147.119	81.75	-167.6
12350.708	80.93	156.3
12557.708	78.82	122.3
12768.179	76.26	93.9
12982.177	73.66	63.7
13199.761	69.42	34.1
13420.992	64.64	16.6
13645.931	60.99	4.5
13874.641	58.96	-12.7
14107.183	57.87	-46.9
14343.623	55.69	-101.1
14584.025	52.11	50.5
14828.457	48.46	109.1
15076.986	45.35	24.4
15329.68	42.46	-52.8
15586.609	38.99	-115.9
15847.844	36.85	171.9
16113.458	34.76	59.3
16383.524	33.31	-10.6
16658.115	35.64	-35.3
16937.31	38.8	-63.4
17221.183	41.07	-82.3
17509.814	41.02	-94.9
17803.283	39.17	-95.7
18101.67	37.75	-84.1
18405.059	36.85	-79.7
18713.532	37.28	-96.1
19027.176	39	-122.7
19346.076	40.13	-139
19670.321	39.76	-153.1
20000	39.82	-162.3
