19.86599	68.98	106
20.19895	69.27	105.5
20.53749	69.57	105.1
20.8817	69.89	104.7
21.23169	70.21	104.2
21.58753	70.5	103.8
21.94935	70.76	103.3
22.31722	70.97	102.9
22.69126	71.16	102.4
23.07158	71.35	102
23.45826	71.57	101.6
23.85143	71.85	101.1
24.25118	72.17	100.7
24.65764	72.5	100.3
25.07091	72.82	99.9
25.4911	73.13	99.4
25.91834	73.42	99
26.35274	73.7	98.6
26.79441	73.98	98.1
27.2435	74.25	97.7
27.7001	74.56	97.2
28.16436	74.92	96.8
28.63641	75.33	96.4
29.11636	75.74	96
29.60436	76.1	95.5
30.10053	76.42	95.1
30.60502	76.73	94.7
31.11797	77.06	94.2
31.63952	77.41	93.8
32.1698	77.76	93.4
32.70898	78.1	93
33.25719	78.42	92.6
33.81459	78.76	92.2
34.38133	79.11	91.8
34.95757	79.46	91.3
35.54346	79.82	90.9
36.13918	80.15	90.5
36.74488	80.45	90.1
37.36074	80.71	89.6
37.98691	80.96	89.2
38.62358	81.22	88.8
39.27092	81.49	88.4
39.92911	81.77	87.9
40.59833	82.03	87.5
41.27877	82.21	87.1
41.97061	82.35	86.6
42.67405	82.49	86.2
43.38928	82.68	85.8
44.11649	82.83	85.4
44.8559	82.92	84.9
45.60769	82.99	84.5
46.37209	83.06	84.1
47.1493	83.12	83.6
47.93953	83.19	83.2
48.74301	83.3	82.7
49.55995	83.45	82.3
50.39059	83.63	81.8
51.23515	83.77	81.4
52.09386	83.88	80.9
52.96697	83.98	80.5
53.85471	84.09	80
54.75733	84.2	79.6
55.67507	84.32	79.1
56.6082	84.52	78.7
57.55697	84.8	78.2
58.52164	85.15	77.7
59.50247	85.47	77.3
60.49975	85.6	76.8
61.51374	85.62	76.3
62.54472	85.69	75.8
63.59299	85.78	75.3
64.65882	85.77	74.8
65.74252	85.56	74.3
66.84438	85.23	73.9
67.96471	84.93	73.4
69.10382	84.73	72.9
70.26201	84.58	72.3
71.43962	84.54	71.8
72.63697	84.65	71.3
73.85438	84.93	70.8
75.0922	85.27	70.3
76.35076	85.54	69.7
77.63042	85.7	69.2
78.93152	85.77	68.7
80.25443	85.81	68.1
81.59952	85.83	67.6
82.96715	85.84	67
84.3577	85.83	66.4
85.77155	85.83	65.8
87.2091	85.84	65.3
88.67075	85.87	64.7
90.15689	85.94	64.1
91.66795	86.1	63.5
93.20432	86.3	62.9
94.76645	86.54	62.3
96.35476	86.79	61.7
97.96969	86.95	61.1
99.61168	87.03	60.5
101.2812	87.03	59.9
102.9787	86.96	59.2
104.70465	86.88	58.6
106.45952	86.83	57.9
108.24381	86.84	57.3
110.058	86.93	56.6
111.9026	87.08	55.9
113.77812	87.24	55.2
115.68507	87.35	54.6
117.62398	87.42	53.9
119.59538	87.44	53.2
121.59983	87.33	52.5
123.63787	87.13	51.8
125.71007	86.98	51
127.81701	86.88	50.3
129.95925	86.85	49.6
132.1374	86.91	48.8
134.35205	87.01	48.1
136.60383	87.13	47.3
138.89334	87.2	46.6
141.22123	87.19	45.8
143.58813	87.11	45
145.9947	87.06	44.2
148.44161	87.09	43.4
150.92953	87.19	42.6
153.45914	87.28	41.8
156.03116	87.31	41
158.64628	87.29	40.2
161.30523	87.2	39.4
164.00874	87.08	38.5
166.75757	86.98	37.7
169.55247	86.93	36.9
172.39421	86.95	36
175.28358	87.01	35.1
178.22137	87.02	34.3
181.2084	86.96	33.4
184.2455	86.92	32.6
187.3335	86.88	31.7
190.47326	86.87	30.8
193.66564	86.89	30
196.91152	86.91	29.1
200.2118	86.94	28.2
203.5674	86.98	27.3
206.97924	87.02	26.5
210.44827	87.06	25.6
213.97543	87.1	24.7
217.56171	87.12	23.9
221.2081	87.13	23
224.9156	87.15	22.1
228.68524	87.17	21.2
232.51806	87.15	20.4
236.41512	87.08	19.5
240.3775	87.04	18.7
244.40628	87.04	17.9
248.50259	87.04	17.1
252.66756	87.03	16.3
256.90233	87.01	15.5
261.20807	86.96	14.8
265.58598	86.9	14
270.03727	86.83	13.3
274.56316	86.77	12.6
279.16491	86.74	11.9
283.84378	86.73	11.3
288.60107	86.69	10.6
293.43809	86.63	10
298.35619	86.59	9.5
303.35671	86.59	8.9
308.44104	86.61	8.5
313.61059	86.62	8
318.86678	86.59	7.6
324.21107	86.53	7.3
329.64492	86.44	7
335.16985	86.36	6.7
340.78738	86.3	6.5
346.49906	86.22	6.3
352.30647	86.13	6.2
358.21121	86.07	6.1
364.21492	86.03	6.1
370.31925	86.02	6.1
376.5259	85.99	6.2
382.83656	85.92	6.3
389.253	85.83	6.4
395.77697	85.76	6.6
402.41029	85.73	6.8
409.15479	85.7	7
416.01232	85.67	7.3
422.98479	85.62	7.5
430.07412	85.58	7.8
437.28226	85.55	8
444.61122	85.54	8.3
452.06302	85.45	8.6
459.6397	85.37	8.9
467.34338	85.29	9.3
475.17617	85.21	9.7
483.14023	85.15	10.1
491.23778	85.12	10.5
499.47105	85.12	10.8
507.84231	85.14	11.1
516.35387	85.17	11.4
525.00808	85.23	11.5
533.80735	85.29	11.6
542.75409	85.38	11.5
551.85078	85.47	11.2
561.09994	85.56	10.9
570.50411	85.67	10.3
580.0659	85.76	9.5
589.78794	85.86	8.7
599.67293	85.95	7.7
609.7236	86.01	6.6
619.94272	86.06	5.6
630.33311	86.08	4.5
640.89765	86.09	3.5
651.63925	86.07	2.5
662.56088	86.05	1.5
673.66556	86.01	0.6
684.95636	85.95	-0.2
696.4364	85.89	-1
708.10884	85.81	-1.7
719.97692	85.72	-2.3
732.04391	85.62	-2.7
744.31315	85.53	-3.1
756.78802	85.43	-3.3
769.47197	85.35	-3.3
782.36851	85.28	-3.3
795.4812	85.23	-3.2
808.81366	85.19	-3.1
822.36957	85.18	-2.9
836.15269	85.19	-2.8
850.16681	85.21	-2.8
864.41582	85.25	-2.9
878.90364	85.29	-3.1
893.63428	85.33	-3.5
908.61181	85.36	-4
923.84036	85.38	-4.6
939.32415	85.39	-5.3
955.06746	85.37	-6.1
971.07462	85.33	-6.8
987.35007	85.26	-7.5
1003.8983	85.17	-8.2
1020.7239	85.06	-8.6
1037.8315	84.95	-8.9
1055.2258	84.84	-9
1072.9116	84.73	-8.9
1090.8939	84.65	-8.7
1109.1775	84.59	-8.4
1127.7676	84.55	-8.1
1146.6693	84.54	-7.9
1165.8877	84.54	-7.7
1185.4283	84.55	-7.7
1205.2964	84.55	-7.7
1225.4974	84.53	-7.8
1246.0371	84.5	-7.9
1266.9209	84.45	-7.9
1288.1549	84.39	-7.6
1309.7446	84.34	-7.2
1331.6963	84.32	-6.4
1354.0158	84.34	-5.5
1376.7095	84.43	-4.5
1399.7835	84.59	-3.5
1423.2442	84.81	-2.9
1447.0981	85.08	-2.7
1471.3518	85.37	-2.9
1496.012	85.66	-3.6
1521.0856	85.93	-4.7
1546.5793	86.17	-6.1
1572.5004	86.38	-7.8
1598.8559	86.55	-9.7
1625.6531	86.68	-11.7
1652.8994	86.79	-13.8
1680.6024	86.87	-16
1708.7697	86.91	-18.4
1737.4091	86.91	-20.8
1766.5285	86.87	-23.3
1796.136	86.78	-25.8
1826.2397	86.65	-28.2
1856.8479	86.47	-30.4
1887.9691	86.27	-32.4
1919.612	86.06	-34.1
1951.7851	85.85	-35.6
1984.4975	85.65	-37.1
2017.7582	85.45	-38.5
2051.5763	85.26	-39.9
2085.9612	85.05	-41.4
2120.9224	84.82	-42.9
2156.4696	84.56	-44.3
2192.6126	84.29	-45.6
2229.3613	84	-46.9
2266.7259	83.7	-48
2304.7168	83.38	-48.9
2343.3444	83.05	-49.7
2382.6195	82.71	-50.2
2422.5528	82.38	-50.6
2463.1553	82.07	-50.8
2504.4384	81.77	-51
2546.4134	81.45	-51.2
2589.0919	81.1	-51.2
2632.4858	80.73	-50.7
2676.6069	80.4	-49.5
2721.4674	80.19	-48
2767.0799	80.11	-46.6
2813.4568	80.1	-45.7
2860.6111	80.11	-45.4
2908.5556	80.1	-45.5
2957.3037	80.1	-45.7
3006.8689	80.12	-46.2
3057.2647	80.12	-47.5
3108.5052	80.02	-49.4
3160.6045	79.77	-51.2
3213.577	79.39	-52.1
3267.4374	79.04	-52
3322.2004	78.84	-51.1
3377.8813	78.79	-50.7
3434.4954	78.78	-51.2
3492.0584	78.69	-52.2
3550.5862	78.54	-52.9
3610.0949	78.45	-53.2
3670.6009	78.5	-53.6
3732.1211	78.68	-55
3794.6724	78.88	-57.9
3858.272	79.04	-62.4
3922.9376	79.07	-68.9
3988.687	78.78	-77.5
4055.5384	77.95	-87.5
4123.5102	76.41	-97
4192.6212	74.22	-103.6
4262.8906	71.64	-105.6
4334.3377	68.89	-103.6
4406.9822	65.68	-97.1
4480.8443	61.73	-76
4555.9444	61.57	-32
4632.3031	65.96	-12.4
4709.9417	68.97	-15.1
4788.8814	70.1	-21
4869.1443	70.68	-23
4950.7523	71.53	-25.6
5033.7281	71.94	-31.9
5118.0947	71.62	-36.1
5203.8752	71.53	-36.1
5291.0934	72.11	-38.6
5379.7734	72.32	-46.5
5469.9397	71.73	-54.9
5561.6173	70.85	-61.2
5654.8313	69.87	-68.4
5749.6077	68.09	-77.4
5845.9725	65	-82.4
5943.9525	61.06	-75.6
6043.5746	57.8	-51.1
6144.8664	57.94	-19.7
6247.8558	59.62	-1.8
6352.5714	61.32	12.7
6459.0421	64.11	20.7
6567.2972	66.49	17.1
6677.3667	67.78	9.1
6789.281	68.1	0.2
6903.071	67.45	-5.1
7018.7682	66.99	-2.6
7136.4045	67.36	-1.3
7256.0123	67.47	-1.5
7377.6249	67.97	0.2
7501.2757	68.76	-2.2
7626.9989	69.1	-6.2
7754.8293	69.43	-9.9
7884.8021	69.74	-15.9
8016.9533	69.6	-23.8
8151.3194	68.81	-30.6
8287.9375	67.71	-33.2
8426.8454	66.8	-32
8568.0814	66.32	-29.3
8711.6845	66.07	-27.2
8857.6945	65.91	-23.9
9006.1516	66.38	-19.4
9157.0969	67.61	-18.9
9310.5721	68.75	-24.8
9466.6196	69.49	-32.2
9625.2825	70.63	-42.3
9786.6046	71.74	-63.5
9950.6305	71.49	-95.9
10117.405	69.93	-136.2
10286.976	68.32	168.9
10459.388	68.35	114.6
10634.69	69.58	57.5
10812.93	69.71	15
10994.157	69.35	-1.5
11178.422	71.28	-12.9
11365.775	72.48	-29.6
11556.268	73.56	-40.7
11749.954	75.99	-54
11946.886	78.7	-81.4
12147.119	79.75	-119.7
12350.708	78.56	-162.9
12557.708	75.44	167.4
12768.179	73.32	141.5
12982.177	71.04	101.6
13199.761	66.58	56.2
13420.992	62.78	8.6
13645.931	60.4	-62.7
13874.641	56.63	-133
14107.183	52.62	-150.4
14343.623	50.15	163.6
14584.025	48.65	133.1
14828.457	45.75	78.7
15076.986	40.11	-9.7
15329.68	34.28	134.9
15586.609	31.41	-4.7
15847.844	32.1	-25.4
16113.458	39.74	80.4
16383.524	44.88	4.2
16658.115	45.21	-46.5
16937.31	43.05	-69.5
17221.183	41.56	-81.9
17509.814	37.98	-99.7
17803.283	31.42	-97.3
18101.67	30.98	-73.2
18405.059	36.04	-62.3
18713.532	38.63	-60.4
19027.176	38.04	-60.2
19346.076	36.9	-48
19670.321	38.45	-40.5
20000	38.94	-41.4
