19.86599	60.94	131.5
20.19895	61.34	131
20.53749	61.74	130.5
20.8817	62.17	129.9
21.23169	62.59	129.3
21.58753	63	128.8
21.94935	63.38	128.2
22.31722	63.75	127.6
22.69126	64.08	127
23.07158	64.32	126.4
23.45826	64.38	125.8
23.85143	64.24	125.2
24.25118	63.96	124.6
24.65764	63.71	124
25.07091	63.65	123.5
25.4911	63.75	122.9
25.91834	63.99	122.3
26.35274	64.31	121.7
26.79441	64.71	121.1
27.2435	65.15	120.5
27.7001	65.55	119.9
28.16436	65.86	119.3
28.63641	66.09	118.7
29.11636	66.3	118.2
29.60436	66.53	117.6
30.10053	66.8	117
30.60502	67.13	116.4
31.11797	67.55	115.8
31.63952	68.03	115.2
32.1698	68.48	114.6
32.70898	68.83	114
33.25719	69.13	113.4
33.81459	69.46	112.8
34.38133	69.84	112.2
34.95757	70.26	111.6
35.54346	70.67	111
36.13918	71.04	110.4
36.74488	71.36	109.8
37.36074	71.63	109.3
37.98691	71.86	108.7
38.62358	72.08	108.1
39.27092	72.31	107.5
39.92911	72.54	106.9
40.59833	72.74	106.3
41.27877	72.85	105.7
41.97061	72.89	105.2
42.67405	72.93	104.6
43.38928	72.98	104
44.11649	72.94	103.4
44.8559	72.75	102.8
45.60769	72.71	102.3
46.37209	72.83	101.7
47.1493	72.97	101.1
47.93953	73.03	100.5
48.74301	73.15	99.9
49.55995	73.39	99.3
50.39059	73.67	98.8
51.23515	73.95	98.2
52.09386	74.27	97.6
52.96697	74.61	97
53.85471	74.9	96.4
54.75733	75.11	95.8
55.67507	75.33	95.3
56.6082	75.63	94.7
57.55697	75.93	94.1
58.52164	76.01	93.5
59.50247	76	92.9
60.49975	76.2	92.4
61.51374	76.75	91.8
62.54472	77.16	91.2
63.59299	77.39	90.6
64.65882	77.48	90
65.74252	77.44	89.4
66.84438	77.21	88.8
67.96471	76.89	88.2
69.10382	76.52	87.6
70.26201	76.14	87.1
71.43962	75.79	86.5
72.63697	75.57	85.9
73.85438	75.6	85.3
75.0922	75.9	84.7
76.35076	76.25	84.1
77.63042	76.52	83.5
78.93152	76.72	82.9
80.25443	76.9	82.3
81.59952	77.05	81.7
82.96715	77.16	81.1
84.3577	77.29	80.5
85.77155	77.42	79.8
87.2091	77.53	79.2
88.67075	77.6	78.6
90.15689	77.71	78
91.66795	77.98	77.4
93.20432	78.33	76.7
94.76645	78.65	76.1
96.35476	78.96	75.4
97.96969	79.23	74.8
99.61168	79.42	74.2
101.2812	79.49	73.6
102.9787	79.47	72.9
104.70465	79.41	72.2
106.45952	79.36	71.6
108.24381	79.4	70.9
110.058	79.53	70.2
111.9026	79.75	69.6
113.77812	79.98	68.9
115.68507	80.19	68.2
117.62398	80.4	67.5
119.59538	80.62	66.9
121.59983	80.66	66.2
123.63787	80.6	65.5
125.71007	80.58	64.8
127.81701	80.57	64.1
129.95925	80.56	63.4
132.1374	80.59	62.6
134.35205	80.7	61.9
136.60383	80.88	61.2
138.89334	81.03	60.5
141.22123	81.08	59.8
143.58813	81.06	59
145.9947	81.08	58.3
148.44161	81.2	57.5
150.92953	81.35	56.8
153.45914	81.48	56
156.03116	81.57	55.3
158.64628	81.63	54.5
161.30523	81.63	53.8
164.00874	81.58	53
166.75757	81.51	52.2
169.55247	81.5	51.4
172.39421	81.6	50.6
175.28358	81.75	49.8
178.22137	81.84	49.1
181.2084	81.86	48.3
184.2455	81.88	47.5
187.3335	81.94	46.7
190.47326	82.05	45.9
193.66564	82.18	45.1
196.91152	82.24	44.2
200.2118	82.25	43.4
203.5674	82.27	42.6
206.97924	82.28	41.8
210.44827	82.31	41
213.97543	82.36	40.1
217.56171	82.41	39.3
221.2081	82.42	38.5
224.9156	82.42	37.7
228.68524	82.44	36.9
232.51806	82.44	36.1
236.41512	82.44	35.3
240.3775	82.44	34.4
244.40628	82.43	33.6
248.50259	82.43	32.8
252.66756	82.43	32
256.90233	82.43	31.2
261.20807	82.42	30.4
265.58598	82.41	29.7
270.03727	82.4	28.9
274.56316	82.39	28.1
279.16491	82.37	27.4
283.84378	82.36	26.7
288.60107	82.37	26
293.43809	82.37	25.2
298.35619	82.38	24.5
303.35671	82.39	23.8
308.44104	82.38	23.2
313.61059	82.38	22.5
318.86678	82.39	21.9
324.21107	82.4	21.3
329.64492	82.39	20.6
335.16985	82.36	20.1
340.78738	82.33	19.5
346.49906	82.3	19
352.30647	82.28	18.5
358.21121	82.24	18
364.21492	82.21	17.5
370.31925	82.19	17
376.5259	82.22	16.6
382.83656	82.35	16.2
389.253	82.48	15.8
395.77697	82.49	15.4
402.41029	82.41	15.1
409.15479	82.34	14.8
416.01232	82.26	14.5
422.98479	82.18	14.2
430.07412	82.12	13.9
437.28226	82.07	13.6
444.61122	82.03	13.4
452.06302	81.99	13.2
459.6397	81.95	13.1
467.34338	81.9	13
475.17617	81.85	12.8
483.14023	81.79	12.7
491.23778	81.73	12.6
499.47105	81.69	12.4
507.84231	81.65	12.3
516.35387	81.63	12.1
525.00808	81.61	11.9
533.80735	81.6	11.6
542.75409	81.59	11.3
551.85078	81.58	11.1
561.09994	81.58	10.7
570.50411	81.6	10.3
580.0659	81.6	9.9
589.78794	81.61	9.5
599.67293	81.63	9
609.7236	81.63	8.5
619.94272	81.64	8
630.33311	81.64	7.5
640.89765	81.63	7
651.63925	81.63	6.4
662.56088	81.61	5.8
673.66556	81.58	5.2
684.95636	81.54	4.5
696.4364	81.49	3.9
708.10884	81.43	3.3
719.97692	81.36	2.8
732.04391	81.27	2.3
744.31315	81.18	1.8
756.78802	81.07	1.5
769.47197	80.96	1.3
782.36851	80.85	1.2
795.4812	80.74	1.2
808.81366	80.64	1.4
822.36957	80.55	1.7
836.15269	80.47	2.1
850.16681	80.42	2.5
864.41582	80.38	3
878.90364	80.36	3.4
893.63428	80.36	3.8
908.61181	80.38	4.2
923.84036	80.4	4.5
939.32415	80.44	4.7
955.06746	80.47	4.9
971.07462	80.5	5.1
987.35007	80.52	5.2
1003.8983	80.55	5.3
1020.7239	80.58	5.5
1037.8315	80.62	5.7
1055.2258	80.68	5.9
1072.9116	80.75	6.1
1090.8939	80.85	6.2
1109.1775	80.96	6.2
1127.7676	81.09	5.9
1146.6693	81.21	5.4
1165.8877	81.33	4.7
1185.4283	81.42	3.7
1205.2964	81.47	2.4
1225.4974	81.47	1.1
1246.0371	81.41	-0.3
1266.9209	81.28	-1.5
1288.1549	81.08	-2.5
1309.7446	80.85	-3
1331.6963	80.59	-2.9
1354.0158	80.34	-2.2
1376.7095	80.14	-0.8
1399.7835	80.03	1
1423.2442	80.04	3
1447.0981	80.16	4.8
1471.3518	80.36	6.2
1496.012	80.62	7
1521.0856	80.89	7.3
1546.5793	81.15	7.2
1572.5004	81.39	6.7
1598.8559	81.61	6
1625.6531	81.8	5.2
1652.8994	81.98	4.2
1680.6024	82.16	3
1708.7697	82.32	1.6
1737.4091	82.45	-0.1
1766.5285	82.54	-2.1
1796.136	82.56	-4.3
1826.2397	82.5	-6.4
1856.8479	82.36	-8.4
1887.9691	82.15	-9.9
1919.612	81.91	-10.9
1951.7851	81.68	-11.2
1984.4975	81.5	-11.1
2017.7582	81.4	-10.7
2051.5763	81.37	-10.4
2085.9612	81.38	-10.3
2120.9224	81.41	-10.6
2156.4696	81.43	-11.1
2192.6126	81.42	-11.7
2229.3613	81.38	-12.2
2266.7259	81.33	-12.6
2304.7168	81.29	-12.9
2343.3444	81.28	-13.1
2382.6195	81.29	-13.4
2422.5528	81.33	-13.8
2463.1553	81.35	-14.6
2504.4384	81.32	-15.4
2546.4134	81.24	-16.2
2589.0919	81.13	-16.4
2632.4858	81.08	-16
2676.6069	81.15	-15.3
2721.4674	81.34	-15.1
2767.0799	81.58	-15.8
2813.4568	81.78	-17.2
2860.6111	81.89	-18.9
2908.5556	81.97	-20.5
2957.3037	82.09	-22
3006.8689	82.25	-24.1
3057.2647	82.38	-27.1
3108.5052	82.35	-31
3160.6045	82.09	-34.8
3213.577	81.66	-37.7
3267.4374	81.18	-39.2
3322.2004	80.82	-39.6
3377.8813	80.59	-40
3434.4954	80.44	-41
3492.0584	80.24	-42.7
3550.5862	79.93	-44.5
3610.0949	79.51	-45.8
3670.6009	79.04	-46.2
3732.1211	78.65	-45.5
3794.6724	78.41	-44.4
3858.272	78.3	-43.6
3922.9376	78.25	-43.2
3988.687	78.24	-43.4
4055.5384	78.23	-44.2
4123.5102	78.13	-45.6
4192.6212	77.88	-46.9
4262.8906	77.58	-47.1
4334.3377	77.41	-46.8
4406.9822	77.39	-46.9
4480.8443	77.38	-48.1
4555.9444	77.28	-49.9
4632.3031	77.1	-51.8
4709.9417	76.85	-53.9
4788.8814	76.5	-55.7
4869.1443	76.12	-57.2
4950.7523	75.69	-58.7
5033.7281	75.12	-59.8
5118.0947	74.48	-59.5
5203.8752	73.95	-58
5291.0934	73.52	-56.4
5379.7734	73.11	-54.2
5469.9397	72.93	-51.1
5561.6173	73.02	-49.2
5654.8313	73.06	-49.1
5749.6077	72.98	-48.5
5845.9725	73.09	-47
5943.9525	73.47	-46.9
6043.5746	73.87	-49.5
6144.8664	73.96	-54.2
6247.8558	73.5	-58.8
6352.5714	72.76	-59.7
6459.0421	72.49	-58
6567.2972	72.6	-58.9
6677.3667	72.45	-62.5
6789.281	71.88	-65.2
6903.071	71.28	-65.3
7018.7682	71.03	-63.5
7136.4045	71.24	-62.5
7256.0123	71.63	-64.5
7377.6249	71.8	-69
7501.2757	71.66	-74.5
7626.9989	71.2	-79.5
7754.8293	70.74	-83.1
7884.8021	70.33	-87.9
8016.9533	69.55	-92.7
8151.3194	68.9	-95.3
8287.9375	68.45	-101.2
8426.8454	67.14	-108.4
8568.0814	65.56	-108.8
8711.6845	65.09	-107.6
8857.6945	64.78	-112.5
9006.1516	63.8	-117.3
9157.0969	63.16	-120.7
9310.5721	62.33	-128.9
9466.6196	60.89	-136.9
9625.2825	59.57	-144.9
9786.6046	58.21	-156
9950.6305	56.44	-167.8
10117.405	54.67	-178.9
10286.976	53.18	171.1
10459.388	52.4	159.3
10634.69	52.36	144.5
10812.93	52.56	130.1
10994.157	53.29	115.2
11178.422	53.19	97.4
11365.775	52.79	85.8
11556.268	52.87	77.5
11749.954	53.21	72.7
11946.886	54.02	69.5
12147.119	54.53	63.3
12350.708	54.56	56.4
12557.708	54.12	49.8
12768.179	53.39	47.1
12982.177	52.95	50.2
13199.761	53.24	52.5
13420.992	52.85	52.4
13645.931	52.38	55.6
13874.641	51.88	58.5
14107.183	51.98	64.6
14343.623	52.35	77.3
14584.025	56.36	88.6
14828.457	59.93	74.4
15076.986	61.32	53.9
15329.68	61.71	29.7
15586.609	60.27	3.2
15847.844	56.64	-18.5
16113.458	50.25	-24.8
16383.524	46.35	5.3
16658.115	47.85	31
16937.31	50.29	38.5
17221.183	51.37	35
17509.814	50.91	24
17803.283	49.53	23
18101.67	50.24	30.8
18405.059	52.51	30.5
18713.532	54.95	15.8
19027.176	56.91	-13.2
19346.076	57.78	-54.7
19670.321	58.06	-95.2
20000	58.15	-117.4
