6.9717	47.5600	-164.3000
7.0886	47.6400	-164.3000
7.2074	47.7300	-164.2000
7.3282	47.8200	-164.2000
7.4510	47.9500	-164.2000
7.5759	48.1300	-164.1000
7.7029	48.3400	-164.1000
7.8320	48.5700	-164.1000
7.9632	48.8300	-164.0000
8.0967	49.1000	-164.0000
8.2324	49.3600	-164.0000
8.3704	49.6100	-163.9000
8.5107	49.8300	-163.9000
8.6533	50.0000	-163.8000
8.7983	50.1200	-163.7000
8.9458	50.1900	-152.8000
9.0957	50.2700	-125.0000
9.2482	50.3400	-84.2000
9.4032	50.4000	-34.2000
9.5608	50.4600	20.4000
9.7210	50.5100	74.5000
9.8840	50.5500	122.7000
10.0496	50.5800	158.8000
10.2180	50.5900	176.2000
10.3893	50.4200	168.4000
10.5634	49.7500	136.6000
10.7405	48.7200	86.9000
10.9205	47.4500	25.8000
11.1035	46.1000	-39.2000
11.2896	44.8300	-99.9000
11.4788	43.8500	-147.2000
11.6712	43.3500	-171.1000
11.8668	43.4600	-170.6000
12.0657	44.0100	-164.0000
12.2680	44.8800	-154.0000
12.4736	45.9800	-142.1000
12.6826	47.1700	-130.3000
12.8952	48.3200	-120.5000
13.1113	49.3000	-115.1000
13.3311	50.0200	-115.2000
13.5545	50.6900	-117.7000
13.7817	51.3200	-121.7000
14.0127	51.9300	-126.4000
14.2475	52.4900	-131.1000
14.4863	53.0200	-135.0000
14.7291	53.5000	-137.1000
14.9760	53.9300	-138.8000
15.2270	54.3000	-140.2000
15.4822	54.6600	-141.5000
15.7417	55.0400	-142.4000
16.0055	55.4700	-143.0000
16.2737	55.9900	-142.5000
16.5465	56.6100	-140.0000
16.8238	57.2900	-136.2000
17.1058	58.0200	-132.3000
17.3925	58.7700	-129.4000
17.6840	59.5200	-129.0000
17.9804	60.3500	-131.1000
18.2817	61.2100	-134.9000
18.5881	62.0500	-139.6000
18.8997	62.7900	-144.0000
19.2164	63.3700	-147.3000
19.5385	63.8600	-150.3000
19.8660	64.3000	-153.2000
20.1989	64.7100	-156.1000
20.5375	65.1100	-159.2000
20.8817	65.5600	-163.0000
21.2317	66.0300	-167.2000
21.5875	66.4100	-170.7000
21.9493	66.5800	-172.3000
22.3172	66.4900	-171.9000
22.6913	66.2800	-170.9000
23.0716	66.0600	-169.9000
23.4583	65.9600	-169.5000
23.8514	66.4100	-171.3000
24.2512	67.3500	-175.0000
24.6576	68.3300	-178.3000
25.0709	68.8700	-166.1000
25.4911	69.2100	-54.3000
25.9183	69.4800	93.8000
26.3527	69.7500	172.5000
26.7944	70.0400	171.5000
27.2435	70.3200	168.8000
27.7001	70.5800	165.8000
28.1644	70.8200	163.5000
28.6364	71.0500	161.3000
29.1164	71.2600	159.1000
29.6044	71.4400	157.2000
30.1005	71.6100	155.4000
30.6050	71.7700	153.7000
31.1180	71.9700	152.0000
31.6395	72.1800	150.3000
32.1698	72.3900	148.6000
32.7090	72.5700	147.0000
33.2572	72.7400	145.5000
33.8146	72.9100	144.0000
34.3813	73.0900	142.4000
34.9576	73.2700	140.8000
35.5435	73.4500	139.4000
36.1392	73.6400	138.0000
36.7449	73.8400	136.6000
37.3607	74.0800	135.2000
37.9869	74.3200	133.6000
38.6236	74.5300	132.1000
39.2709	74.7400	130.4000
39.9291	74.9300	128.7000
40.5983	75.1300	126.8000
41.2788	75.2900	125.0000
41.9706	75.4200	123.3000
42.6741	75.5300	121.5000
43.3893	75.6400	119.7000
44.1165	75.6800	118.3000
44.8559	75.6500	117.3000
45.6077	75.6700	117.1000
46.3721	76.1800	118.8000
47.1493	76.6800	119.2000
47.9395	77.0400	116.0000
48.7430	77.2900	113.2000
49.5600	77.4800	111.0000
50.3906	77.6900	109.0000
51.2351	77.8800	107.1000
52.0939	78.0500	104.8000
52.9670	78.1800	102.5000
53.8547	78.3000	100.5000
54.7573	78.4100	98.7000
55.6751	78.5200	97.0000
56.6082	78.6300	95.2000
57.5570	78.7400	93.4000
58.5216	78.8400	91.8000
59.5025	78.9600	90.1000
60.4997	79.0800	88.4000
61.5137	79.1900	86.7000
62.5447	79.2900	85.1000
63.5930	79.4100	83.4000
64.6588	79.5200	81.7000
65.7425	79.6200	79.9000
66.8444	79.7100	78.1000
67.9647	79.7900	76.2000
69.1038	79.8400	74.4000
70.2620	79.8800	72.8000
71.4396	79.9300	71.2000
72.6370	79.9800	69.6000
73.8544	80.0200	68.0000
75.0922	80.0600	66.5000
76.3508	80.1100	65.1000
77.6304	80.1700	63.6000
78.9315	80.2300	62.0000
80.2544	80.2800	60.5000
81.5995	80.3200	58.8000
82.9672	80.3400	57.1000
84.3577	80.3400	55.5000
85.7716	80.3100	54.1000
87.2091	80.3000	53.1000
88.6707	80.3200	52.0000
90.1569	80.3600	50.7000
91.6680	80.3900	49.6000
93.2043	80.4400	48.4000
94.7665	80.5200	47.0000
96.3548	80.5700	45.4000
97.9697	80.5800	43.7000
99.6117	80.5600	42.1000
101.2812	80.5300	40.8000
102.9787	80.5100	39.6000
104.7047	80.4900	38.3000
106.4595	80.4900	37.1000
108.2438	80.4900	35.7000
110.0580	80.4800	34.4000
111.9026	80.4500	33.0000
113.7781	80.4300	31.7000
115.6851	80.4200	30.4000
117.6240	80.3900	28.9000
119.5954	80.3000	27.5000
121.5998	80.2300	26.4000
123.6379	80.1900	25.3000
125.7101	80.1700	24.2000
127.8170	80.1800	22.7000
129.9592	80.1100	20.7000
132.1374	79.9600	18.6000
134.3520	79.7200	16.9000
136.6038	79.4000	15.7000
138.8933	79.0700	15.5000
141.2212	78.8600	15.9000
143.5881	78.7200	16.3000
145.9947	78.6100	16.6000
148.4416	78.5100	17.0000
150.9295	78.4700	17.5000
153.4591	78.4700	17.9000
156.0312	78.5200	18.1000
158.6463	78.5900	18.0000
161.3052	78.6600	17.6000
164.0087	78.6900	16.7000
166.7576	78.6600	16.0000
169.5525	78.6000	15.4000
172.3942	78.5400	15.2000
175.2836	78.5300	15.1000
178.2214	78.5500	15.0000
181.2084	78.5900	14.8000
184.2455	78.6300	14.3000
187.3335	78.6700	13.8000
190.4733	78.7000	13.2000
193.6656	78.7300	12.4000
196.9115	78.7400	11.6000
200.2118	78.7300	10.8000
203.5674	78.7100	10.1000
206.9792	78.6900	9.4000
210.4483	78.6600	8.8000
213.9754	78.6600	8.1000
217.5617	78.6600	7.4000
221.2081	78.6600	6.5000
224.9156	78.6500	5.4000
228.6852	78.5900	4.2000
232.5181	78.5000	3.2000
236.4151	78.3800	2.3000
240.3775	78.2700	1.6000
244.4063	78.1500	1.0000
248.5026	78.0400	0.5000
252.6676	77.9400	0.0000
256.9023	77.8200	-0.5000
261.2081	77.7000	-0.8000
265.5860	77.5800	-1.1000
270.0373	77.4700	-1.2000
274.5632	77.3900	-1.3000
279.1649	77.3100	-1.5000
283.8438	77.2300	-1.7000
288.6011	77.1500	-1.9000
293.4381	77.0800	-1.9000
298.3562	77.0200	-2.1000
303.3567	76.9800	-2.2000
308.4410	76.9300	-2.4000
313.6106	76.8800	-2.7000
318.8668	76.8300	-3.1000
324.2111	76.7700	-3.3000
329.6449	76.7000	-3.7000
335.1698	76.6400	-4.0000
340.7874	76.5800	-4.4000
346.4991	76.4900	-4.8000
352.3065	76.4000	-5.0000
358.2112	76.3200	-5.4000
364.2149	76.2300	-5.6000
370.3193	76.1300	-5.8000
376.5259	76.0500	-5.9000
382.8366	75.9600	-6.1000
389.2530	75.8700	-6.2000
395.7770	75.7800	-6.2000
402.4103	75.6900	-4.5000
409.1548	75.6900	-2.9000
416.0123	75.7700	-1.3000
422.9848	75.9200	0.0000
430.0741	76.1400	0.8000
437.2823	76.3700	1.0000
444.6112	76.5800	1.0000
452.0630	76.8700	0.8000
459.6397	77.2100	-0.3000
467.3434	77.5000	-2.7000
475.1762	77.6200	-6.2000
483.1402	77.5300	-10.0000
491.2378	77.1900	-13.6000
499.4710	76.6100	-16.1000
507.8423	75.8000	-16.3000
516.3539	75.1000	-14.6000
525.0081	74.6400	-12.3000
533.8074	74.3400	-10.4000
542.7541	74.0400	-8.7000
551.8508	73.7300	-6.4000
561.0999	73.5400	-3.5000
570.5041	73.5100	-0.7000
580.0659	73.5400	1.4000
589.7879	73.5500	3.4000
599.6729	73.6300	5.9000
609.7236	73.8700	8.1000
619.9427	74.1800	9.2000
630.3331	74.3900	9.1000
640.8976	74.4600	9.0000
651.6392	74.4200	9.2000
662.5609	74.3000	10.5000
673.6656	74.2600	13.1000
684.9564	74.4400	16.6000
696.4364	74.9400	20.1000
708.1088	75.6800	22.5000
719.9769	76.5600	22.9000
732.0439	77.3900	21.0000
744.3131	78.0100	17.4000
756.7880	78.4200	13.3000
769.4720	78.6900	8.8000
782.3685	78.7800	3.9000
795.4812	78.7000	-0.8000
808.8137	78.4400	-5.2000
822.3696	77.9300	-8.9000
836.1527	77.2500	-10.3000
850.1668	76.6500	-9.1000
864.4158	76.3800	-6.8000
878.9036	76.4100	-5.0000
893.6343	76.5700	-4.2000
908.6118	76.8000	-4.2000
923.8404	77.1000	-5.3000
939.3242	77.3200	-8.1000
955.0675	77.2800	-11.8000
971.0746	77.0100	-15.1000
987.3501	76.5500	-17.4000
1003.8983	75.9700	-18.2000
1020.7239	75.4700	-17.1000
1037.8315	75.1900	-15.3000
1055.2258	75.1300	-13.7000
1072.9116	75.1800	-13.2000
1090.8939	75.1500	-13.6000
1109.1775	75.0100	-13.7000
1127.7676	74.8700	-13.3000
1146.6693	74.8300	-12.5000
1165.8877	74.8700	-12.1000
1185.4283	74.9300	-12.0000
1205.2964	75.0400	-12.2000
1225.4974	75.2000	-13.3000
1246.0371	75.2800	-15.6000
1266.9209	75.1700	-18.6000
1288.1549	74.8000	-21.1000
1309.7446	74.3100	-22.4000
1331.6963	73.7500	-22.6000
1354.0158	73.1700	-21.2000
1376.7095	72.7900	-18.0000
1399.7835	72.8100	-14.9000
1423.2442	73.0200	-13.6000
1447.0981	73.1700	-13.9000
1471.3518	73.2100	-15.1000
1496.0120	73.0700	-16.6000
1521.0856	72.7500	-17.7000
1546.5793	72.3000	-17.8000
1572.5004	71.8600	-16.0000
1598.8559	71.6400	-13.5000
1625.6531	71.6100	-11.4000
1652.8994	71.6500	-10.1000
1680.6024	71.6800	-9.5000
1708.7697	71.6500	-9.3000
1737.4091	71.5300	-9.0000
1766.5285	71.3800	-8.2000
1796.1360	71.2500	-7.0000
1826.2397	71.2100	-5.3000
1856.8479	71.3000	-4.0000
1887.9691	71.4300	-3.6000
1919.6120	71.4400	-3.9000
1951.7851	71.3200	-3.8000
1984.4975	71.1800	-2.5000
2017.7582	71.2800	-0.6000
2051.5763	71.5800	0.0000
2085.9612	71.7900	-1.2000
2120.9224	71.7800	-3.1000
2156.4696	71.5200	-4.1000
2192.6126	71.2000	-3.3000
2229.3613	71.1700	-0.8000
2266.7259	71.4800	0.5000
2304.7168	71.8000	-0.8000
2343.3444	71.8100	-3.2000
2382.6195	71.5700	-4.4000
2422.5528	71.4500	-4.1000
2463.1553	71.5400	-4.6000
2504.4384	71.5700	-7.1000
2546.4134	71.2400	-10.3000
2589.0919	70.5500	-11.3000
2632.4858	69.9300	-9.4000
2676.6069	69.7500	-7.3000
2721.4674	69.6300	-7.6000
2767.0799	69.1300	-8.3000
2813.4568	68.3600	-6.2000
2860.6111	67.8200	-1.4000
2908.5556	67.5900	3.9000
2957.3037	67.6600	10.1000
3006.8689	68.2700	16.3000
3057.2647	69.3000	19.1000
3108.5052	70.1700	17.5000
3160.6045	70.5200	13.6000
3213.5770	70.4300	11.4000
3267.4374	70.4800	12.4000
3322.2004	71.1000	12.7000
3377.8813	71.6800	8.9000
3434.4954	71.8200	3.6000
3492.0584	71.7200	-1.3000
3550.5862	71.4200	-6.4000
3610.0949	70.8000	-10.5000
3670.6009	70.0900	-12.6000
3732.1211	69.4000	-14.2000
3794.6724	68.5300	-15.1000
3858.2720	67.5600	-13.3000
3922.9376	66.8900	-9.5000
3988.6870	66.6200	-6.1000
4055.5384	66.5100	-3.7000
4123.5102	66.6200	-2.5000
4192.6212	66.5800	-4.3000
4262.8906	66.0200	-5.0000
4334.3377	65.6200	-2.3000
4406.9822	65.7100	-0.4000
4480.8443	65.8400	-1.9000
4555.9444	65.4600	-4.1000
4632.3031	64.9800	-3.4000
4709.9417	64.8400	-3.0000
4788.8814	64.7000	-4.9000
4869.1443	64.1600	-7.9000
4950.7523	63.2400	-8.7000
5033.7281	62.3100	-6.9000
5118.0947	61.5800	-3.5000
5203.8752	61.2000	0.1000
5291.0934	61.1000	2.1000
5379.7734	60.8400	2.2000
5469.9397	60.4700	3.1000
5561.6173	60.1800	3.2000
5654.8313	59.6600	2.8000
5749.6077	58.9100	4.0000
5845.9725	58.4200	6.5000
5943.9525	58.1000	6.1000
6043.5746	57.2600	4.4000
6144.8664	56.0400	6.2000
6247.8558	55.1900	9.2000
6352.5714	54.4300	10.6000
6459.0421	53.6000	10.4000
6567.2972	52.4400	10.8000
6677.3667	51.0700	10.3000
6789.2810	48.3600	19.8000
6903.0710	46.7200	53.3000
7018.7682	48.1000	73.9000
7136.4045	49.0200	75.6000
7256.0123	49.0100	79.4000
7377.6249	49.3800	85.2000
7501.2757	50.0100	90.5000
7626.9989	50.6000	93.9000
7754.8293	50.9800	96.6000
7884.8021	51.1800	100.4000
8016.9533	51.7000	104.9000
8151.3194	52.3000	105.4000
8287.9375	52.4000	102.9000
8426.8454	51.9200	99.8000
8568.0814	50.7100	99.0000
8711.6845	49.2600	105.1000
8857.6945	48.2600	114.6000
9006.1516	48.3900	125.3000
9157.0969	49.2800	127.0000
9310.5721	48.9100	121.5000
9466.6196	47.4600	122.3000
9625.2825	45.7800	131.1000
9786.6046	45.1600	143.2000
9950.6305	44.2100	152.6000
10117.4050	43.3400	165.9000
10286.9760	42.8800	-177.2000
10459.3880	44.1800	-156.6000
10634.6900	46.1000	-146.5000
10812.9300	47.7700	-143.7000
10994.1570	48.7700	-143.3000
11178.4220	49.7900	-143.9000
11365.7750	50.1600	-148.8000
11556.2680	49.8000	-149.7000
11749.9540	49.7700	-146.8000
11946.8860	50.0100	-141.7000
12147.1190	50.5500	-137.7000
12350.7080	50.7100	-137.1000
12557.7080	50.1600	-135.5000
12768.1790	49.6700	-130.5000
12982.1770	49.3300	-123.0000
13199.7610	49.7600	-113.9000
13420.9920	50.2300	-110.5000
13645.9310	50.5300	-109.0000
13874.6410	50.9300	-107.0000
14107.1830	51.8500	-103.4000
14343.6230	52.8600	-104.2000
14584.0250	52.5500	-107.2000
14828.4570	51.8600	-107.5000
15076.9860	51.2500	-108.3000
15329.6800	50.4500	-107.9000
15586.6090	49.4000	-106.5000
15847.8440	47.9100	-100.5000
16113.4580	46.6900	-89.6000
16383.5240	46.3000	-81.5000
16658.1150	46.1100	-73.1000
16937.3100	46.0900	-66.3000
17221.1830	45.5300	-58.2000
17509.8140	45.9600	-52.9000
17803.2830	46.3000	-57.9000
18101.6700	45.1700	-58.3000
18405.0590	43.1200	-43.2000
18713.5320	41.6400	-30.7000
19027.1760	39.4700	-29.3000
19346.0760	39.6800	-11.4000
19670.3210	42.6800	9.2000
20000.0000	44.0300	12.6000