20.1989	59.7500	141.2000
20.5375	59.8800	140.9000
20.8817	60.0300	140.6000
21.2317	60.1800	140.2000
21.5875	60.3400	139.8000
21.9493	60.5200	139.4000
22.3172	60.7100	138.9000
22.6913	60.9100	138.5000
23.0716	61.1200	138.0000
23.4583	61.3300	137.6000
23.8514	61.5600	137.1000
24.2512	61.8000	136.6000
24.6576	62.0400	136.1000
25.0709	62.2800	135.5000
25.4911	62.5200	135.0000
25.9183	62.7700	134.5000
26.3527	63.0200	133.9000
26.7944	63.2800	133.4000
27.2435	63.5400	132.8000
27.7001	63.8100	132.3000
28.1644	64.0800	131.7000
28.6364	64.3500	131.1000
29.1164	64.6300	130.6000
29.6044	64.9100	130.0000
30.1005	65.1900	129.4000
30.6050	65.4700	128.7000
31.1180	65.7500	128.1000
31.6395	66.0300	127.5000
32.1698	66.3100	126.9000
32.7090	66.6000	126.3000
33.2572	66.8700	125.7000
33.8146	67.1500	125.1000
34.3813	67.4200	124.5000
34.9576	67.6900	123.8000
35.5435	67.9500	123.2000
36.1392	68.2100	122.6000
36.7449	68.4600	122.0000
37.3607	68.7100	121.3000
37.9869	68.9600	120.7000
38.6236	69.2000	120.1000
39.2709	69.4400	119.4000
39.9291	69.6700	118.8000
40.5983	69.9100	118.2000
41.2788	70.1400	117.5000
41.9706	70.3800	116.9000
42.6741	70.6100	116.1000
43.3893	70.8600	115.5000
44.1165	71.1000	114.8000
44.8559	71.3500	114.2000
45.6077	71.6100	113.5000
46.3721	71.8600	112.9000
47.1493	72.1200	112.2000
47.9395	72.3900	111.6000
48.7430	72.6600	110.9000
49.5600	72.9200	110.3000
50.3906	73.1900	109.6000
51.2351	73.4500	108.9000
52.0939	73.7100	108.3000
52.9670	73.9500	107.6000
53.8547	74.1900	107.0000
54.7573	74.4200	106.2000
55.6751	74.6300	105.6000
56.6082	74.8400	104.9000
57.5570	75.0300	104.2000
58.5216	75.2100	103.6000
59.5025	75.3700	102.9000
60.4997	75.5300	102.3000
61.5137	75.6800	101.6000
62.5447	75.8200	100.9000
63.5930	75.9600	100.3000
64.6588	76.1000	99.6000
65.7425	76.2500	98.9000
66.8444	76.4000	98.2000
67.9647	76.5700	97.5000
69.1038	76.7600	96.8000
70.2620	76.9600	96.1000
71.4396	77.1700	95.5000
72.6370	77.3900	94.8000
73.8544	77.6100	94.1000
75.0922	77.8200	93.5000
76.3508	78.0300	92.8000
77.6304	78.2300	92.1000
78.9315	78.4200	91.3000
80.2544	78.5800	90.7000
81.5995	78.7400	90.0000
82.9672	78.8800	89.3000
84.3577	79.0000	88.7000
85.7716	79.1200	88.0000
87.2091	79.2300	87.3000
88.6707	79.3300	86.6000
90.1569	79.4200	86.0000
91.6680	79.5100	85.2000
93.2043	79.6000	84.6000
94.7665	79.6800	83.9000
96.3548	79.7700	83.3000
97.9697	79.8600	82.6000
99.6117	79.9500	82.0000
101.2812	80.0600	81.3000
102.9787	80.1700	80.6000
104.7047	80.2900	80.0000
106.4595	80.4200	79.4000
108.2438	80.5500	78.8000
110.0580	80.6800	78.3000
111.9026	80.8000	77.7000
113.7781	80.9000	77.2000
115.6851	80.9900	76.6000
117.6240	81.0500	76.2000
119.5954	81.1000	75.8000
121.5998	81.1300	75.5000
123.6379	81.1500	75.2000
125.7101	81.1500	74.8000
127.8170	81.1900	74.1000
129.9592	81.4000	73.1000
132.1374	81.6100	72.4000
134.3520	81.7500	71.7000
136.6038	81.8300	71.0000
138.8933	81.9100	70.2000
141.2212	82.0300	69.6000
143.5881	82.2700	68.8000
145.9947	82.5500	68.1000
148.4416	82.7800	67.3000
150.9295	82.8600	66.7000
153.4591	82.7300	65.8000
156.0312	82.4800	65.0000
158.6463	82.2400	64.3000
161.3052	82.1600	63.6000
164.0087	82.3000	62.7000
166.7576	82.5800	62.1000
169.5525	82.8600	61.3000
172.3942	83.0200	60.5000
175.2836	83.0500	59.7000
178.2214	83.0400	58.9000
181.2084	83.0100	58.1000
184.2455	82.9900	57.4000
187.3335	82.9900	56.5000
190.4733	83.0000	55.8000
193.6656	83.0200	55.0000
196.9115	83.0800	54.3000
200.2118	83.2100	53.4000
203.5674	83.3800	52.6000
206.9792	83.4900	51.8000
210.4483	83.4500	51.1000
213.9754	83.3100	50.3000
217.5617	83.2500	49.5000
221.2081	83.3400	48.7000
224.9156	83.4800	47.9000
228.6852	83.5700	47.1000
232.5181	83.5900	46.3000
236.4151	83.5900	45.5000
240.3775	83.5800	44.7000
244.4063	83.5400	43.9000
248.5026	83.5200	43.1000
252.6676	83.5200	42.4000
256.9023	83.6000	41.7000
261.2081	83.6900	40.9000
265.5860	83.6900	40.2000
270.0373	83.6400	39.4000
274.5632	83.6000	38.7000
279.1649	83.6300	38.0000
283.8438	83.6900	37.2000
288.6011	83.7300	36.5000
293.4381	83.7500	35.9000
298.3562	83.7600	35.2000
303.3567	83.7600	34.6000
308.4410	83.7800	33.8000
313.6106	83.8200	33.3000
318.8668	83.8600	32.7000
324.2111	83.8400	32.1000
329.6449	83.8000	31.6000
335.1698	83.7700	31.0000
340.7874	83.7600	30.5000
346.4991	83.7700	30.0000
352.3065	83.7700	29.6000
358.2112	83.7500	29.1000
364.2149	83.7400	28.8000
370.3193	83.7400	28.2000
376.5259	83.7400	28.0000
382.8366	83.7200	27.5000
389.2530	83.7100	27.3000
395.7770	83.6900	26.9000
402.4103	83.6800	26.6000
409.1548	83.6800	26.3000
416.0123	83.6800	26.2000
422.9848	83.6900	25.9000
430.0741	83.7100	25.7000
437.2823	83.7200	25.5000
444.6112	83.7300	25.2000
452.0630	83.7300	25.1000
459.6397	83.7200	24.9000
467.3434	83.7100	24.7000
475.1762	83.7000	24.6000
483.1402	83.7000	24.3000
491.2378	83.7000	24.1000
499.4710	83.7100	24.0000
507.8423	83.6400	23.8000
516.3539	83.5700	23.6000
525.0081	83.5200	23.3000
533.8074	83.4800	23.0000
542.7541	83.4500	22.6000
551.8508	83.4200	22.2000
561.0999	83.3900	21.8000
570.5041	83.3800	21.4000
580.0659	83.3700	20.8000
589.7879	83.3500	20.4000
599.6729	83.3700	20.0000
609.7236	83.4000	19.4000
619.9427	83.4500	18.8000
630.3331	83.4900	18.0000
640.8976	83.5200	17.3000
651.6392	83.5400	16.5000
662.5609	83.5500	15.7000
673.6656	83.5400	14.9000
684.9564	83.5200	14.2000
696.4364	83.5000	13.5000
708.1088	83.4600	12.9000
719.9769	83.4100	12.3000
732.0439	83.3600	11.9000
744.3131	83.3000	11.4000
756.7880	83.2600	11.2000
769.4720	83.2100	11.0000
782.3685	83.1700	10.8000
795.4812	83.1500	10.8000
808.8137	83.1400	10.7000
822.3696	83.1500	10.6000
836.1527	83.1700	10.6000
850.1668	83.2100	10.4000
864.4158	83.2500	10.1000
878.9036	83.3000	9.6000
893.6343	83.3400	9.1000
908.6118	83.3800	8.3000
923.8404	83.4000	7.5000
939.3242	83.3900	6.4000
955.0675	83.3400	5.5000
971.0746	83.2600	4.5000
987.3501	83.1500	3.7000
1003.8983	83.0000	2.9000
1020.7239	82.8300	2.5000
1037.8315	82.6300	2.4000
1055.2258	82.4500	2.6000
1072.9116	82.2800	3.2000
1090.8939	82.1500	4.1000
1109.1775	82.0900	5.1000
1127.7676	82.0800	6.2000
1146.6693	82.1300	7.2000
1165.8877	82.2300	7.9000
1185.4283	82.3500	8.3000
1205.2964	82.4700	8.3000
1225.4974	82.5700	8.0000
1246.0371	82.6300	7.4000
1266.9209	82.6500	6.9000
1288.1549	82.6200	6.5000
1309.7446	82.5600	6.3000
1331.6963	82.4900	6.3000
1354.0158	82.4200	6.8000
1376.7095	82.4100	7.5000
1399.7835	82.4500	8.4000
1423.2442	82.5500	9.1000
1447.0981	82.7000	9.6000
1471.3518	82.8800	9.8000
1496.0120	83.0600	9.6000
1521.0856	83.2100	9.0000
1546.5793	83.3100	8.4000
1572.5004	83.3900	7.8000
1598.8559	83.4400	7.3000
1625.6531	83.5000	7.1000
1652.8994	83.5800	6.9000
1680.6024	83.7000	6.8000
1708.7697	83.8700	6.5000
1737.4091	84.0800	5.9000
1766.5285	84.2700	4.9000
1796.1360	84.4500	3.4000
1826.2397	84.5800	1.8000
1856.8479	84.6500	-0.2000
1887.9691	84.6900	-2.0000
1919.6120	84.6800	-3.8000
1951.7851	84.6400	-5.7000
1984.4975	84.5800	-7.4000
2017.7582	84.4900	-9.3000
2051.5763	84.3500	-11.1000
2085.9612	84.1600	-12.8000
2120.9224	83.9100	-14.3000
2156.4696	83.6000	-15.2000
2192.6126	83.2900	-15.5000
2229.3613	83.0000	-15.1000
2266.7259	82.8100	-14.2000
2304.7168	82.7300	-13.2000
2343.3444	82.7600	-12.4000
2382.6195	82.8500	-12.3000
2422.5528	82.9600	-12.9000
2463.1553	83.0100	-13.9000
2504.4384	82.9700	-15.2000
2546.4134	82.8500	-16.3000
2589.0919	82.6700	-16.9000
2632.4858	82.5000	-16.8000
2676.6069	82.3900	-16.3000
2721.4674	82.4000	-15.6000
2767.0799	82.4900	-15.3000
2813.4568	82.6100	-15.3000
2860.6111	82.7500	-15.5000
2908.5556	82.9500	-16.0000
2957.3037	83.2000	-17.2000
3006.8689	83.4500	-19.5000
3057.2647	83.5700	-23.0000
3108.5052	83.4800	-27.2000
3160.6045	83.1000	-30.8000
3213.5770	82.5100	-32.8000
3267.4374	81.9200	-32.6000
3322.2004	81.5500	-31.0000
3377.8813	81.5000	-29.6000
3434.4954	81.6000	-29.6000
3492.0584	81.6500	-30.8000
3550.5862	81.5900	-32.6000
3610.0949	81.4500	-34.1000
3670.6009	81.2900	-35.8000
3732.1211	81.0900	-37.7000
3794.6724	80.7300	-39.6000
3858.2720	80.2100	-40.4000
3922.9376	79.6600	-39.0000
3988.6870	79.4100	-36.4000
4055.5384	79.5500	-34.1000
4123.5102	79.8900	-34.0000
4192.6212	80.1400	-36.2000
4262.8906	80.1400	-39.6000
4334.3377	79.8800	-43.0000
4406.9822	79.4100	-45.2000
4480.8443	78.8800	-45.9000
4555.9444	78.4300	-45.6000
4632.3031	78.1000	-45.3000
4709.9417	77.7900	-44.7000
4788.8814	77.5800	-43.7000
4869.1443	77.5300	-43.0000
4950.7523	77.5300	-43.6000
5033.7281	77.4200	-45.1000
5118.0947	77.1600	-46.4000
5203.8752	76.9300	-47.3000
5291.0934	76.7300	-48.9000
5379.7734	76.4100	-51.1000
5469.9397	75.8900	-52.9000
5561.6173	75.2700	-53.2000
5654.8313	74.7100	-52.3000
5749.6077	74.2400	-50.7000
5845.9725	73.8600	-48.4000
5943.9525	73.6800	-45.2000
6043.5746	73.8500	-42.2000
6144.8664	74.2800	-41.6000
6247.8558	74.5900	-44.1000
6352.5714	74.5800	-48.1000
6459.0421	74.2700	-51.8000
6567.2972	73.8400	-54.1000
6677.3667	73.4400	-55.8000
6789.2810	73.0500	-57.2000
6903.0710	72.5500	-57.8000
7018.7682	72.0500	-56.5000
7136.4045	71.8700	-54.5000
7256.0123	72.0400	-54.3000
7377.6249	72.2300	-57.8000
7501.2757	72.1000	-63.8000
7626.9989	71.6500	-70.3000
7754.8293	70.9300	-76.4000
7884.8021	69.9300	-81.2000
8016.9533	68.7600	-83.7000
8151.3194	67.5500	-85.2000
8287.9375	66.5400	-87.6000
8426.8454	65.7000	-92.2000
8568.0814	65.1400	-99.2000
8711.6845	65.0900	-110.7000
8857.6945	65.2000	-128.7000
9006.1516	65.0000	-151.8000
9157.0969	64.4700	-175.8000
9310.5721	64.3700	165.3000
9466.6196	66.1400	153.2000
9625.2825	69.3300	142.8000
9786.6046	72.0800	127.5000
9950.6305	73.9800	107.1000
10117.4050	75.2100	85.5000
10286.9760	75.7800	65.6000
10459.3880	75.7200	49.4000
10634.6900	75.5000	39.7000
10812.9300	75.9100	33.3000
10994.1570	76.8200	24.3000
11178.4220	77.4100	10.1000
11365.7750	77.2900	-6.0000
11556.2680	76.6000	-19.9000
11749.9540	75.5400	-30.7000
11946.8860	74.4600	-38.4000
12147.1190	73.5900	-46.2000
12350.7080	72.8200	-56.6000
12557.7080	71.7600	-70.0000
12768.1790	70.1600	-84.4000
12982.1770	67.9600	-98.8000
13199.7610	65.2800	-117.8000
13420.9920	62.0900	-158.0000
13645.9310	59.4600	140.7000
13874.6410	59.7200	76.7000
14107.1830	61.2800	34.1000
14343.6230	62.4700	15.2000
14584.0250	63.2100	7.5000
14828.4570	63.7800	1.9000
15076.9860	64.0500	-4.7000
15329.6800	64.1300	-10.7000
15586.6090	64.1700	-14.3000
15847.8440	64.6200	-16.2000
16113.4580	65.2700	-21.8000
16383.5240	65.4600	-32.2000
16658.1150	64.8700	-45.3000
16937.3100	63.6300	-55.9000
17221.1830	62.4200	-67.6000
17509.8140	61.1700	-84.7000
17803.2830	59.1600	-108.8000
18101.6700	55.6800	-139.0000
18405.0590	50.9700	170.9000
18713.5320	46.4200	108.4000
19027.1760	45.7600	58.0000
19346.0760	47.7100	36.0000
19670.3210	49.4500	28.6000