20.1989	62.2000	133.0000
20.5375	62.4600	132.4000
20.8817	62.7100	131.8000
21.2317	62.9700	131.2000
21.5875	63.2200	130.6000
21.9493	63.4700	130.1000
22.3172	63.7100	129.5000
22.6913	63.9500	128.9000
23.0716	64.1900	128.3000
23.4583	64.4500	127.7000
23.8514	64.7100	127.1000
24.2512	64.9900	126.6000
24.6576	65.2800	126.0000
25.0709	65.5900	125.4000
25.4911	65.9100	124.8000
25.9183	66.2500	124.2000
26.3527	66.5900	123.6000
26.7944	66.9300	122.9000
27.2435	67.2800	122.3000
27.7001	67.6300	121.7000
28.1644	68.0100	121.1000
28.6364	68.3900	120.5000
29.1164	68.7900	119.9000
29.6044	69.2000	119.3000
30.1005	69.6200	118.6000
30.6050	70.0400	118.0000
31.1180	70.4600	117.4000
31.6395	70.8700	116.8000
32.1698	71.2600	116.2000
32.7090	71.6500	115.5000
33.2572	72.0200	114.9000
33.8146	72.3800	114.3000
34.3813	72.7200	113.7000
34.9576	73.0600	113.1000
35.5435	73.3900	112.5000
36.1392	73.7100	111.9000
36.7449	74.0100	111.3000
37.3607	74.2900	110.6000
37.9869	74.5500	110.0000
38.6236	74.7900	109.3000
39.2709	75.0100	108.7000
39.9291	75.2200	108.1000
40.5983	75.4100	107.5000
41.2788	75.5900	106.9000
41.9706	75.7600	106.3000
42.6741	75.9300	105.7000
43.3893	76.0900	105.1000
44.1165	76.2400	104.5000
44.8559	76.3900	103.8000
45.6077	76.5400	103.2000
46.3721	76.6800	102.6000
47.1493	76.8200	102.0000
47.9395	76.9400	101.4000
48.7430	77.0500	100.7000
49.5600	77.1200	100.1000
50.3906	77.1500	99.4000
51.2351	77.1500	98.8000
52.0939	77.1500	98.2000
52.9670	77.1700	97.6000
53.8547	77.2500	97.0000
54.7573	77.3600	96.4000
55.6751	77.5000	95.8000
56.6082	77.6500	95.1000
57.5570	77.8000	94.5000
58.5216	77.9400	93.9000
59.5025	78.0900	93.3000
60.4997	78.2800	92.7000
61.5137	78.5000	92.1000
62.5447	78.7200	91.4000
63.5930	78.9200	90.7000
64.6588	79.1200	90.1000
65.7425	79.3200	89.5000
66.8444	79.5100	88.9000
67.9647	79.7200	88.3000
69.1038	79.9300	87.6000
70.2620	80.1500	87.0000
71.4396	80.3900	86.3000
72.6370	80.6200	85.7000
73.8544	80.8500	85.1000
75.0922	81.0700	84.4000
76.3508	81.2600	83.7000
77.6304	81.4200	83.1000
78.9315	81.5500	82.5000
80.2544	81.6400	81.8000
81.5995	81.7100	81.1000
82.9672	81.7600	80.5000
84.3577	81.8000	79.8000
85.7716	81.8600	79.1000
87.2091	81.9500	78.5000
88.6707	82.0700	77.8000
90.1569	82.2200	77.2000
91.6680	82.4100	76.4000
93.2043	82.6100	75.8000
94.7665	82.8000	75.1000
96.3548	82.9500	74.5000
97.9697	83.0700	73.7000
99.6117	83.1500	73.0000
101.2812	83.2000	72.4000
102.9787	83.2300	71.7000
104.7047	83.2700	70.9000
106.4595	83.3300	70.2000
108.2438	83.4100	69.6000
110.0580	83.5200	68.8000
111.9026	83.6400	68.1000
113.7781	83.7400	67.4000
115.6851	83.8200	66.6000
117.6240	83.8600	65.9000
119.5954	83.8700	65.2000
121.5998	83.8900	64.4000
123.6379	83.9200	63.7000
125.7101	83.9500	63.0000
127.8170	84.0100	62.1000
129.9592	84.0800	61.4000
132.1374	84.1700	60.7000
134.3520	84.2600	59.9000
136.6038	84.3200	59.1000
138.8933	84.3600	58.3000
141.2212	84.4000	57.5000
143.5881	84.4400	56.8000
145.9947	84.4900	55.9000
148.4416	84.5500	55.1000
150.9295	84.6200	54.3000
153.4591	84.6700	53.5000
156.0312	84.7100	52.7000
158.6463	84.7300	51.9000
161.3052	84.7400	51.1000
164.0087	84.7400	50.2000
166.7576	84.7700	49.4000
169.5525	84.8000	48.5000
172.3942	84.8500	47.7000
175.2836	84.8900	46.8000
178.2214	84.9200	46.0000
181.2084	84.9600	45.1000
184.2455	85.0200	44.3000
187.3335	85.0900	43.4000
190.4733	85.1600	42.6000
193.6656	85.2200	41.7000
196.9115	85.2700	40.9000
200.2118	85.3000	40.0000
203.5674	85.3300	39.2000
206.9792	85.3700	38.4000
210.4483	85.4000	37.5000
213.9754	85.4100	36.8000
217.5617	85.4200	35.9000
221.2081	85.4400	35.2000
224.9156	85.4700	34.4000
228.6852	85.4900	33.5000
232.5181	85.5000	32.8000
236.4151	85.4900	32.0000
240.3775	85.4800	31.2000
244.4063	85.4700	30.4000
248.5026	85.4700	29.7000
252.6676	85.4600	28.9000
256.9023	85.4700	28.2000
261.2081	85.4800	27.5000
265.5860	85.4800	26.7000
270.0373	85.4500	26.0000
274.5632	85.4300	25.4000
279.1649	85.4300	24.7000
283.8438	85.4300	24.0000
288.6011	85.4600	23.3000
293.4381	85.4800	22.6000
298.3562	85.5100	22.0000
303.3567	85.5200	21.4000
308.4410	85.5100	20.7000
313.6106	85.5500	20.1000
318.8668	85.5700	19.5000
324.2111	85.5600	18.9000
329.6449	85.5200	18.3000
335.1698	85.4800	17.8000
340.7874	85.4600	17.3000
346.4991	85.4500	16.8000
352.3065	85.4400	16.3000
358.2112	85.4200	15.9000
364.2149	85.3900	15.5000
370.3193	85.3800	15.1000
376.5259	85.3700	14.7000
382.8366	85.3400	14.4000
389.2530	85.3200	14.1000
395.7770	85.3100	13.8000
402.4103	85.3200	13.5000
409.1548	85.3300	13.2000
416.0123	85.3400	13.0000
422.9848	85.3400	12.6000
430.0741	85.3300	12.4000
437.2823	85.3100	12.2000
444.6112	85.3000	11.9000
452.0630	85.2900	11.9000
459.6397	85.2800	11.7000
467.3434	85.2600	11.6000
475.1762	85.2300	11.4000
483.1402	85.2100	11.2000
491.2378	85.1900	11.1000
499.4710	85.1700	10.8000
507.8423	85.1600	10.6000
516.3539	85.1700	10.3000
525.0081	85.1700	10.0000
533.8074	85.1800	9.6000
542.7541	85.1800	9.3000
551.8508	85.1600	9.0000
561.0999	85.1600	8.6000
570.5041	85.1500	8.3000
580.0659	85.1400	7.9000
589.7879	85.1300	7.5000
599.6729	85.1100	7.1000
609.7236	85.1100	6.8000
619.9427	85.1000	6.4000
630.3331	85.0900	6.0000
640.8976	85.0800	5.7000
651.6392	85.0700	5.4000
662.5609	85.0600	5.0000
673.6656	85.0600	4.7000
684.9564	85.0500	4.3000
696.4364	85.0300	3.9000
708.1088	85.0200	3.5000
719.9769	85.0000	3.1000
732.0439	84.9800	2.7000
744.3131	84.9600	2.3000
756.7880	84.9400	2.0000
769.4720	84.9200	1.7000
782.3685	84.9200	1.4000
795.4812	84.9200	1.1000
808.8137	84.9200	0.9000
822.3696	84.9400	0.6000
836.1527	84.9600	0.3000
850.1668	84.9900	-0.2000
864.4158	85.0200	-0.7000
878.9036	85.0600	-1.2000
893.6343	85.0800	-1.9000
908.6118	85.1000	-2.7000
923.8404	85.1000	-3.6000
939.3242	85.0800	-4.5000
955.0675	85.0300	-5.4000
971.0746	84.9600	-6.3000
987.3501	84.8700	-7.1000
1003.8983	84.7500	-7.8000
1020.7239	84.6200	-8.3000
1037.8315	84.4800	-8.5000
1055.2258	84.3500	-8.5000
1072.9116	84.2500	-8.3000
1090.8939	84.1800	-7.8000
1109.1775	84.1600	-7.4000
1127.7676	84.1900	-7.0000
1146.6693	84.2600	-6.8000
1165.8877	84.3500	-7.0000
1185.4283	84.4500	-7.5000
1205.2964	84.5400	-8.4000
1225.4974	84.5700	-9.6000
1246.0371	84.5500	-11.0000
1266.9209	84.4600	-12.5000
1288.1549	84.2800	-13.8000
1309.7446	84.0300	-14.8000
1331.6963	83.7300	-15.3000
1354.0158	83.4000	-14.9000
1376.7095	83.1000	-13.8000
1399.7835	82.8800	-11.8000
1423.2442	82.8000	-9.4000
1447.0981	82.8800	-6.8000
1471.3518	83.1100	-4.7000
1496.0120	83.4400	-3.3000
1521.0856	83.8300	-2.7000
1546.5793	84.2100	-3.0000
1572.5004	84.5700	-3.9000
1598.8559	84.8800	-5.3000
1625.6531	85.1200	-7.1000
1652.8994	85.3100	-9.1000
1680.6024	85.4500	-11.3000
1708.7697	85.5300	-13.7000
1737.4091	85.5500	-16.1000
1766.5285	85.5100	-18.5000
1796.1360	85.4000	-20.9000
1826.2397	85.2200	-23.1000
1856.8479	84.9800	-24.8000
1887.9691	84.7000	-26.1000
1919.6120	84.4300	-26.8000
1951.7851	84.2000	-27.1000
1984.4975	84.0300	-27.1000
2017.7582	83.9200	-27.2000
2051.5763	83.8400	-27.5000
2085.9612	83.7600	-28.0000
2120.9224	83.6300	-28.7000
2156.4696	83.4600	-29.3000
2192.6126	83.2700	-29.5000
2229.3613	83.0900	-29.2000
2266.7259	82.9700	-28.7000
2304.7168	82.9100	-28.0000
2343.3444	82.9300	-27.6000
2382.6195	82.9900	-27.6000
2422.5528	83.0500	-28.0000
2463.1553	83.0500	-28.8000
2504.4384	82.9800	-29.7000
2546.4134	82.8300	-30.3000
2589.0919	82.6600	-30.1000
2632.4858	82.5600	-29.0000
2676.6069	82.6200	-27.5000
2721.4674	82.8800	-26.5000
2767.0799	83.2400	-26.7000
2813.4568	83.5800	-28.1000
2860.6111	83.8100	-30.2000
2908.5556	83.9400	-32.5000
2957.3037	84.0400	-34.8000
3006.8689	84.1200	-37.3000
3057.2647	84.1600	-40.5000
3108.5052	84.0500	-44.1000
3160.6045	83.7500	-47.6000
3213.5770	83.2800	-50.0000
3267.4374	82.8000	-51.0000
3322.2004	82.4400	-51.0000
3377.8813	82.2400	-50.9000
3434.4954	82.1000	-51.6000
3492.0584	81.8900	-52.8000
3550.5862	81.5400	-53.9000
3610.0949	81.0800	-53.7000
3670.6009	80.7300	-51.7000
3732.1211	80.7000	-48.8000
3794.6724	81.0300	-47.0000
3858.2720	81.4600	-47.5000
3922.9376	81.7600	-49.9000
3988.6870	81.8500	-52.7000
4055.5384	81.8300	-55.2000
4123.5102	81.7800	-57.7000
4192.6212	81.6400	-60.4000
4262.8906	81.4100	-62.7000
4334.3377	81.1600	-64.3000
4406.9822	81.0200	-65.4000
4480.8443	81.0000	-66.9000
4555.9444	81.0200	-69.4000
4632.3031	80.9600	-73.2000
4709.9417	80.6800	-77.8000
4788.8814	80.1000	-82.1000
4869.1443	79.3600	-84.7000
4950.7523	78.6500	-85.7000
5033.7281	78.0300	-86.2000
5118.0947	77.4200	-86.4000
5203.8752	76.8200	-85.7000
5291.0934	76.3500	-84.2000
5379.7734	76.0100	-82.2000
5469.9397	75.9200	-80.0000
5561.6173	76.1600	-79.0000
5654.8313	76.4500	-80.7000
5749.6077	76.5200	-84.1000
5845.9725	76.4200	-87.8000
5943.9525	76.2000	-92.0000
6043.5746	75.7600	-96.5000
6144.8664	75.0600	-100.3000
6247.8558	74.3000	-102.2000
6352.5714	73.7000	-102.9000
6459.0421	73.3200	-103.9000
6567.2972	72.9500	-106.3000
6677.3667	72.4500	-108.4000
6789.2810	72.1400	-109.7000
6903.0710	72.1900	-112.9000
7018.7682	72.1100	-119.7000
7136.4045	71.8300	-127.1000
7256.0123	71.9100	-136.1000
7377.6249	72.1900	-150.4000
7501.2757	72.4500	-168.5000
7626.9989	73.1600	170.9000
7754.8293	74.4800	146.0000
7884.8021	75.9600	117.7000
8016.9533	77.2800	89.6000
8151.3194	78.4300	63.9000
8287.9375	79.4500	40.1000
8426.8454	80.0700	16.8000
8568.0814	80.0100	-4.4000
8711.6845	79.5000	-21.7000
8857.6945	78.8400	-35.9000
9006.1516	77.9200	-47.9000
9157.0969	76.8500	-55.8000
9310.5721	76.1500	-60.1000
9466.6196	75.9000	-64.7000
9625.2825	75.7900	-71.0000
9786.6046	75.7000	-79.0000
9950.6305	75.5000	-89.8000
10117.4050	74.6900	-103.3000
10286.9760	72.9400	-114.8000
10459.3880	70.9900	-121.5000
10634.6900	68.9800	-129.5000
10812.9300	65.5300	-136.0000
10994.1570	61.6400	-129.1000
11178.4220	59.3600	-109.4000
11365.7750	58.2600	-84.5000
11556.2680	59.0500	-59.1000
11749.9540	62.1600	-44.4000
11946.8860	65.4300	-44.9000
12147.1190	67.4400	-53.8000
12350.7080	68.3600	-64.4000
12557.7080	68.7800	-72.3000
12768.1790	69.2500	-79.9000
12982.1770	69.5200	-91.3000
13199.7610	69.0300	-103.5000
13420.9920	68.1600	-112.0000
13645.9310	67.4600	-119.0000
13874.6410	66.6300	-126.1000
14107.1830	65.4000	-131.2000
14343.6230	64.1900	-133.3000
14584.0250	63.4600	-134.3000
14828.4570	63.2300	-137.7000
15076.9860	62.9000	-143.9000
15329.6800	62.1300	-149.4000
15586.6090	61.4700	-152.4000
15847.8440	61.2300	-157.7000
16113.4580	60.7100	-166.1000
16383.5240	59.7800	-172.6000
16658.1150	59.1800	180.0000
16937.3100	58.5600	166.4000
17221.1830	57.0500	148.7000
17509.8140	54.9600	129.8000
17803.2830	52.8800	103.1000
18101.6700	49.9600	65.2000
18405.0590	46.4200	21.0000
18713.5320	44.0700	-23.1000
19027.1760	44.0800	-50.8000
19346.0760	46.1400	-60.1000