20.19895	64.4	124.5
20.53749	64.94	123.8
20.8817	65.47	123.3
21.23169	65.96	122.7
21.58753	66.41	122.1
21.94935	66.81	121.6
22.31722	67.14	121
22.69126	67.42	120.4
23.07158	67.64	119.9
23.45826	67.82	119.3
23.85143	67.96	118.7
24.25118	68.08	118.1
24.65764	68.21	117.5
25.07091	68.36	117
25.4911	68.56	116.4
25.91834	68.81	115.8
26.35274	69.11	115.1
26.79441	69.46	114.6
27.2435	69.85	114
27.7001	70.24	113.4
28.16436	70.63	112.9
28.63641	71.01	112.3
29.11636	71.4	111.7
29.60436	71.81	111.1
30.10053	72.24	110.6
30.60502	72.66	110
31.11797	73.08	109.4
31.63952	73.49	108.9
32.1698	73.89	108.2
32.70898	74.28	107.6
33.25719	74.67	107.1
33.81459	75.05	106.5
34.38133	75.42	105.9
34.95757	75.76	105.4
35.54346	76.09	104.8
36.13918	76.41	104.2
36.74488	76.71	103.7
37.36074	76.99	103.1
37.98691	77.25	102.4
38.62358	77.49	101.9
39.27092	77.71	101.3
39.92911	77.91	100.8
40.59833	78.1	100.2
41.27877	78.26	99.7
41.97061	78.41	99.1
42.67405	78.53	98.6
43.38928	78.62	98
44.11649	78.68	97.3
44.8559	78.74	96.8
45.60769	78.84	96.2
46.37209	78.98	95.7
47.1493	79.11	95.1
47.93953	79.18	94.6
48.74301	79.18	94
49.55995	79.12	93.3
50.39059	79.03	92.8
51.23515	78.96	92.2
52.09386	78.96	91.7
52.96697	79.03	91.1
53.85471	79.14	90.6
54.75733	79.29	90
55.67507	79.47	89.3
56.6082	79.67	88.8
57.55697	79.9	88.2
58.52164	80.14	87.7
59.50247	80.38	87.1
60.49975	80.6	86.5
61.51374	80.78	85.9
62.54472	80.96	85.3
63.59299	81.15	84.8
64.65882	81.34	84.2
65.74252	81.53	83.6
66.84438	81.74	82.9
67.96471	81.96	82.4
69.10382	82.18	81.8
70.26201	82.41	81.2
71.43962	82.64	80.6
72.63697	82.86	79.9
73.85438	83.07	79.4
75.0922	83.26	78.8
76.35076	83.43	78.2
77.63042	83.56	77.6
78.93152	83.66	76.9
80.25443	83.71	76.3
81.59952	83.73	75.7
82.96715	83.72	75.1
84.3577	83.69	74.4
85.77155	83.68	73.8
87.2091	83.7	73.2
88.67075	83.76	72.5
90.15689	83.89	71.8
91.66795	84.05	71.2
93.20432	84.23	70.6
94.76645	84.42	69.9
96.35476	84.6	69.2
97.96969	84.73	68.6
99.61168	84.83	67.9
101.2812	84.88	67.2
102.9787	84.91	66.5
104.70465	84.93	65.9
106.45952	84.97	65.2
108.24381	85.03	64.4
110.058	85.11	63.8
111.9026	85.2	63.1
113.77812	85.28	62.3
115.68507	85.34	61.6
117.62398	85.38	60.9
119.59538	85.38	60.1
121.59983	85.34	59.4
123.63787	85.29	58.7
125.71007	85.28	57.9
127.81701	85.31	57.2
129.95925	85.37	56.5
132.1374	85.45	55.7
134.35205	85.52	55
136.60383	85.57	54.1
138.89334	85.59	53.4
141.22123	85.59	52.6
143.58813	85.59	51.8
145.9947	85.59	51
148.44161	85.61	50.2
150.92953	85.65	49.4
153.45914	85.68	48.6
156.03116	85.72	47.8
158.64628	85.74	47
161.30523	85.75	46.1
164.00874	85.75	45.4
166.75757	85.76	44.5
169.55247	85.79	43.7
172.39421	85.84	42.8
175.28358	85.89	42
178.22137	85.94	41.1
181.2084	85.98	40.3
184.2455	86.01	39.4
187.3335	86.05	38.6
190.47326	86.09	37.7
193.66564	86.11	36.9
196.91152	86.13	36
200.2118	86.13	35.1
203.5674	86.13	34.3
206.97924	86.14	33.5
210.44827	86.15	32.7
213.97543	86.16	31.9
217.56171	86.17	31.1
221.2081	86.17	30.3
224.9156	86.19	29.5
228.68524	86.2	28.7
232.51806	86.2	28
236.41512	86.18	27.2
240.3775	86.16	26.4
244.40628	86.15	25.7
248.50259	86.14	24.9
252.66756	86.14	24.2
256.90233	86.12	23.6
261.20807	86.11	22.8
265.58598	86.11	22.1
270.03727	86.09	21.4
274.56316	86.06	20.8
279.16491	86.04	20.2
283.84378	86.04	19.5
288.60107	86.05	19
293.43809	86.04	18.3
298.35619	86.05	17.7
303.35671	86.06	17.2
308.44104	86.07	16.6
313.61059	86.07	16.1
318.86678	86.09	15.6
324.21107	86.08	15.1
329.64492	86.04	14.6
335.16985	86	14.2
340.78738	85.97	13.8
346.49906	85.95	13.4
352.30647	85.93	13.1
358.21121	85.91	12.8
364.21492	85.88	12.5
370.31925	85.86	12.3
376.5259	85.83	12
382.83656	85.8	11.8
389.253	85.77	11.6
395.77697	85.76	11.4
402.41029	85.77	11.2
409.15479	85.78	11
416.01232	85.8	10.9
422.98479	85.81	10.7
430.07412	85.81	10.6
437.28226	85.79	10.4
444.61122	85.78	10.3
452.06302	85.78	10.3
459.6397	85.79	10.3
467.34338	85.78	10.2
475.17617	85.76	10.2
483.14023	85.75	10.1
491.23778	85.74	9.9
499.47105	85.74	9.9
507.84231	85.75	9.6
516.35387	85.77	9.5
525.00808	85.8	9.3
533.80735	85.82	9
542.75409	85.85	8.7
551.85078	85.87	8.4
561.09994	85.89	8.1
570.50411	85.91	7.7
580.0659	85.92	7.3
589.78794	85.92	6.9
599.67293	85.93	6.5
609.7236	85.93	6.1
619.94272	85.92	5.8
630.33311	85.92	5.4
640.89765	85.92	5
651.63925	85.91	4.7
662.56088	85.9	4.3
673.66556	85.9	4
684.95636	85.88	3.6
696.4364	85.86	3.3
708.10884	85.84	3
719.97692	85.8	2.7
732.04391	85.77	2.5
744.31315	85.74	2.3
756.78802	85.71	2.2
769.47197	85.7	2.2
782.36851	85.69	2.2
795.4812	85.69	2.2
808.81366	85.7	2.3
822.36957	85.73	2.3
836.15269	85.77	2.2
850.16681	85.83	2.1
864.41582	85.9	1.9
878.90364	85.97	1.6
893.63428	86.04	1.1
908.61181	86.1	0.5
923.84036	86.15	-0.2
939.32415	86.18	-1.1
955.06746	86.19	-2
971.07462	86.16	-3
987.35007	86.1	-3.9
1003.8983	86.01	-4.8
1020.7239	85.89	-5.4
1037.8315	85.75	-5.7
1055.2258	85.6	-5.7
1072.9116	85.46	-5.4
1090.8939	85.35	-4.7
1109.1775	85.29	-3.8
1127.7676	85.3	-2.7
1146.6693	85.38	-1.6
1165.8877	85.54	-0.7
1185.4283	85.75	-0.1
1205.2964	86	0.1
1225.4974	86.26	-0.1
1246.0371	86.52	-0.8
1266.9209	86.76	-1.9
1288.1549	86.97	-3.4
1309.7446	87.14	-5
1331.6963	87.28	-6.8
1354.0158	87.37	-8.8
1376.7095	87.43	-10.9
1399.7835	87.44	-13.1
1423.2442	87.42	-15.4
1447.0981	87.34	-17.7
1471.3518	87.19	-20
1496.012	86.98	-22.2
1521.0856	86.69	-24
1546.5793	86.34	-25.4
1572.5004	85.95	-26
1598.8559	85.56	-25.7
1625.6531	85.24	-24.6
1652.8994	85.07	-22.8
1680.6024	85.06	-20.9
1708.7697	85.22	-19.5
1737.4091	85.48	-18.9
1766.5285	85.76	-19.4
1796.136	85.99	-20.9
1826.2397	86.11	-23
1856.8479	86.12	-25.3
1887.9691	86.01	-27.4
1919.612	85.83	-29.2
1951.7851	85.61	-30.4
1984.4975	85.4	-31.2
2017.7582	85.22	-31.8
2051.5763	85.07	-32.3
2085.9612	84.92	-32.8
2120.9224	84.73	-33.4
2156.4696	84.51	-33.8
2192.6126	84.27	-33.7
2229.3613	84.05	-33
2266.7259	83.91	-31.8
2304.7168	83.9	-30.5
2343.3444	84.01	-29.5
2382.6195	84.2	-29.3
2422.5528	84.39	-30
2463.1553	84.5	-31.4
2504.4384	84.48	-33.1
2546.4134	84.31	-34.5
2589.0919	84.08	-34.9
2632.4858	83.9	-34.1
2676.6069	83.9	-32.6
2721.4674	84.12	-31.5
2767.0799	84.46	-31.6
2813.4568	84.78	-33
2860.6111	84.99	-35
2908.5556	85.1	-37.1
2957.3037	85.2	-39.1
3006.8689	85.31	-41.3
3057.2647	85.4	-44.2
3108.5052	85.38	-47.8
3160.6045	85.19	-51.3
3213.577	84.85	-54.3
3267.4374	84.47	-56.2
3322.2004	84.15	-57.5
3377.8813	83.88	-58.8
3434.4954	83.61	-60.3
3492.0584	83.27	-61.7
3550.5862	82.89	-62.5
3610.0949	82.52	-62.6
3670.6009	82.23	-62
3732.1211	82.09	-61.1
3794.6724	82.1	-60.7
3858.272	82.17	-61.1
3922.9376	82.22	-62.3
3988.687	82.22	-63.8
4055.5384	82.22	-65.6
4123.5102	82.2	-67.9
4192.6212	82.06	-70.6
4262.8906	81.82	-73.1
4334.3377	81.55	-75.2
4406.9822	81.31	-77.1
4480.8443	81.08	-79.2
4555.9444	80.87	-81.6
4632.3031	80.62	-84.9
4709.9417	80.16	-89.2
4788.8814	79.32	-93
4869.1443	78.28	-94.2
4950.7523	77.41	-92.9
5033.7281	76.77	-91.2
5118.0947	76.21	-89.3
5203.8752	75.83	-86.3
5291.0934	75.8	-84
5379.7734	75.84	-83.8
5469.9397	75.74	-84.4
5561.6173	75.64	-84.7
5654.8313	75.62	-85.8
5749.6077	75.52	-88.1
5845.9725	75.24	-90.7
5943.9525	74.83	-93.1
6043.5746	74.36	-95.4
6144.8664	73.76	-98
6247.8558	72.87	-99.8
6352.5714	71.92	-98.3
6459.0421	71.58	-94.5
6567.2972	71.9	-93.8
6677.3667	72.12	-98.1
6789.281	71.95	-103.5
6903.071	71.88	-109
7018.7682	71.97	-118.1
7136.4045	71.85	-131
7256.0123	71.71	-145.9
7377.6249	72.05	-163.3
7501.2757	73.16	175.3
7626.9989	74.91	149
7754.8293	76.72	120.5
7884.8021	78.45	93.9
8016.9533	80.16	68.8
8151.3194	81.48	44.1
8287.9375	82.18	21
8426.8454	82.33	0.5
8568.0814	82.01	-17.1
8711.6845	81.35	-31.2
8857.6945	80.67	-41.7
9006.1516	80.09	-50.7
9157.0969	79.55	-58.1
9310.5721	79.38	-64.6
9466.6196	79.49	-74.5
9625.2825	79.11	-87.9
9786.6046	78.1	-101.4
9950.6305	76.48	-114.6
10117.405	74.03	-125.4
10286.976	70.91	-129.9
10459.388	67.67	-124.5
10634.69	65.61	-109.2
10812.93	65.47	-93.7
10994.157	66.12	-85.7
11178.422	66.66	-81.5
11365.775	67.2	-78.2
11556.268	67.78	-76.7
11749.954	68.63	-76.6
11946.886	69.75	-80.6
12147.119	70.38	-90
12350.708	70.23	-100.4
12557.708	69.43	-109
12768.179	68.29	-112.5
12982.177	67.9	-112.4
13199.761	68.27	-117.7
13420.992	67.76	-129.2
13645.931	65.94	-137.3
13874.641	64.18	-137.6
14107.183	63.25	-135.3
14343.623	62.66	-134
14584.025	62	-133.4
14828.457	61.6	-132.2
15076.986	61.81	-131.7
15329.68	62.23	-135.9
15586.609	62.17	-142.8
15847.844	61.62	-150
16113.458	60.79	-157.4
16383.524	59.96	-165.4
16658.115	59.03	-178.1
16937.31	56.66	166
17221.183	52.54	160.9
17509.814	48.44	-174.3
17803.283	47.24	-133
18101.67	49.27	-114.3
18405.059	51.27	-117.1
18713.532	52.44	-123
19027.176	53.37	-130.9
19346.076	53.41	-137
