20.19895	57.78	141.4
20.53749	58.39	140.9
20.8817	58.98	140.4
21.23169	59.54	139.9
21.58753	60.05	139.4
21.94935	60.5	138.9
22.31722	60.89	138.3
22.69126	61.22	137.8
23.07158	61.52	137.3
23.45826	61.79	136.7
23.85143	62.05	136.2
24.25118	62.3	135.6
24.65764	62.56	135.1
25.07091	62.83	134.5
25.4911	63.14	133.9
25.91834	63.48	133.3
26.35274	63.86	132.8
26.79441	64.29	132.2
27.2435	64.74	131.6
27.7001	65.22	131
28.16436	65.7	130.5
28.63641	66.19	129.9
29.11636	66.69	129.3
29.60436	67.21	128.7
30.10053	67.74	128.1
30.60502	68.29	127.5
31.11797	68.84	126.9
31.63952	69.39	126.3
32.1698	69.93	125.7
32.70898	70.44	125.1
33.25719	70.91	124.5
33.81459	71.35	123.9
34.38133	71.75	123.3
34.95757	72.11	122.7
35.54346	72.44	122.1
36.13918	72.75	121.5
36.74488	73.03	120.9
37.36074	73.28	120.3
37.98691	73.49	119.7
38.62358	73.66	119.1
39.27092	73.78	118.5
39.92911	73.88	117.9
40.59833	73.95	117.2
41.27877	74	116.6
41.97061	74.05	116
42.67405	74.11	115.4
43.38928	74.2	114.8
44.11649	74.31	114.2
44.8559	74.46	113.6
45.60769	74.64	112.9
46.37209	74.87	112.3
47.1493	75.13	111.7
47.93953	75.41	111.1
48.74301	75.7	110.5
49.55995	76	109.9
50.39059	76.31	109.3
51.23515	76.6	108.7
52.09386	76.88	108
52.96697	77.14	107.4
53.85471	77.39	106.8
54.75733	77.63	106.2
55.67507	77.87	105.6
56.6082	78.13	105
57.55697	78.39	104.4
58.52164	78.65	103.7
59.50247	78.89	103.1
60.49975	79.08	102.5
61.51374	79.22	101.9
62.54472	79.31	101.3
63.59299	79.35	100.7
64.65882	79.37	100.1
65.74252	79.37	99.4
66.84438	79.4	98.8
67.96471	79.5	98.2
69.10382	79.7	97.6
70.26201	79.98	97
71.43962	80.3	96.4
72.63697	80.64	95.8
73.85438	80.94	95.1
75.0922	81.2	94.5
76.35076	81.39	93.9
77.63042	81.5	93.3
78.93152	81.54	92.7
80.25443	81.52	92.1
81.59952	81.46	91.5
82.96715	81.41	90.8
84.3577	81.4	90.2
85.77155	81.48	89.6
87.2091	81.7	89
88.67075	82.05	88.3
90.15689	82.46	87.7
91.66795	82.86	87.1
93.20432	83.2	86.4
94.76645	83.43	85.8
96.35476	83.54	85.2
97.96969	83.56	84.5
99.61168	83.53	83.9
101.2812	83.5	83.3
102.9787	83.5	82.6
104.70465	83.58	82
106.45952	83.74	81.4
108.24381	83.96	80.7
110.058	84.19	80.1
111.9026	84.41	79.4
113.77812	84.57	78.8
115.68507	84.68	78.1
117.62398	84.7	77.5
119.59538	84.67	76.8
121.59983	84.61	76.2
123.63787	84.61	75.5
125.71007	84.73	74.8
127.81701	84.94	74.1
129.95925	85.15	73.5
132.1374	85.31	72.8
134.35205	85.36	72.1
136.60383	85.35	71.4
138.89334	85.34	70.7
141.22123	85.38	70.1
143.58813	85.47	69.4
145.9947	85.59	68.7
148.44161	85.72	68
150.92953	85.86	67.3
153.45914	85.96	66.6
156.03116	85.99	65.9
158.64628	85.97	65.2
161.30523	85.96	64.4
164.00874	86.03	63.7
166.75757	86.15	63
169.55247	86.25	62.3
172.39421	86.28	61.6
175.28358	86.27	60.8
178.22137	86.28	60.1
181.2084	86.35	59.4
184.2455	86.45	58.6
187.3335	86.52	57.9
190.47326	86.58	57.2
193.66564	86.61	56.4
196.91152	86.62	55.7
200.2118	86.66	54.9
203.5674	86.73	54.2
206.97924	86.81	53.5
210.44827	86.82	52.8
213.97543	86.79	52.1
217.56171	86.82	51.3
221.2081	86.92	50.6
224.9156	87.01	49.9
228.68524	87.01	49.2
232.51806	86.98	48.5
236.41512	87	47.8
240.3775	87.09	47.1
244.40628	87.17	46.3
248.50259	87.14	45.7
252.66756	87.1	45
256.90233	87.21	44.3
261.20807	87.29	43.6
265.58598	87.23	43
270.03727	87.19	42.3
274.56316	87.24	41.7
279.16491	87.33	41
283.84378	87.34	40.3
288.60107	87.32	39.7
293.43809	87.39	39.1
298.35619	87.45	38.4
303.35671	87.44	37.8
308.44104	87.49	37.2
313.61059	87.59	36.6
318.86678	87.61	36
324.21107	87.58	35.5
329.64492	87.58	34.9
335.16985	87.58	34.4
340.78738	87.56	33.9
346.49906	87.57	33.4
352.30647	87.57	33
358.21121	87.55	32.5
364.21492	87.55	32.1
370.31925	87.57	31.7
376.5259	87.55	31.4
382.83656	87.53	31
389.253	87.52	30.7
395.77697	87.52	30.4
402.41029	87.52	30.1
409.15479	87.53	29.8
416.01232	87.52	29.6
422.98479	87.51	29.3
430.07412	87.49	29.1
437.28226	87.48	28.9
444.61122	87.48	28.8
452.06302	87.49	28.6
459.6397	87.49	28.4
467.34338	87.48	28.3
475.17617	87.43	28.2
483.14023	87.38	28.1
491.23778	87.35	28.1
499.47105	87.32	28.1
507.84231	87.3	27.7
516.35387	87.3	27.3
525.00808	87.31	26.9
533.80735	87.34	26.4
542.75409	87.38	25.9
551.85078	87.43	25.3
561.09994	87.48	24.6
570.50411	87.55	23.9
580.0659	87.63	23.1
589.78794	87.7	22.1
599.67293	87.78	21.1
609.7236	87.85	20
619.94272	87.91	18.9
630.33311	87.97	17.6
640.89765	88.02	16.3
651.63925	88.07	15
662.56088	88.11	13.6
673.66556	88.14	12.2
684.95636	88.15	10.7
696.4364	88.16	9.1
708.10884	88.13	8.3
719.97692	88.1	7.5
732.04391	88.05	6.7
744.31315	88	6
756.78802	87.94	5.5
769.47197	87.88	5
782.36851	87.82	4.6
795.4812	87.77	4.2
808.81366	87.73	4
822.36957	87.7	3.8
836.15269	87.68	3.6
850.16681	87.68	3.4
864.41582	87.7	3.1
878.90364	87.72	2.8
893.63428	87.75	2.3
908.61181	87.78	1.7
923.84036	87.8	1
939.32415	87.81	0.2
955.06746	87.79	-0.7
971.07462	87.75	-1.6
987.35007	87.68	-2.5
1003.8983	87.59	-3.3
1020.7239	87.48	-3.9
1037.8315	87.35	-4.4
1055.2258	87.21	-4.6
1072.9116	87.09	-4.6
1090.8939	87	-4.4
1109.1775	86.93	-4.1
1127.7676	86.91	-3.8
1146.6693	86.92	-3.5
1165.8877	86.96	-3.5
1185.4283	87	-3.7
1205.2964	87.04	-4.1
1225.4974	87.04	-4.8
1246.0371	86.99	-5.6
1266.9209	86.89	-6.4
1288.1549	86.72	-6.9
1309.7446	86.5	-7
1331.6963	86.27	-6.5
1354.0158	86.06	-5.1
1376.7095	85.92	-3.1
1399.7835	85.91	-0.6
1423.2442	86.04	2
1447.0981	86.33	4.2
1471.3518	86.74	5.8
1496.012	87.2	6.6
1521.0856	87.67	6.5
1546.5793	88.12	5.8
1572.5004	88.54	4.6
1598.8559	88.9	2.9
1625.6531	89.23	1
1652.8994	89.52	-1.1
1680.6024	89.78	-3.5
1708.7697	90	-6.1
1737.4091	90.18	-9
1766.5285	90.29	-12.1
1796.136	90.34	-15.4
1826.2397	90.3	-18.7
1856.8479	90.18	-21.8
1887.9691	90	-24.7
1919.612	89.77	-27.1
1951.7851	89.54	-29
1984.4975	89.31	-30.7
2017.7582	89.11	-32.2
2051.5763	88.92	-33.6
2085.9612	88.72	-35.1
2120.9224	88.5	-36.5
2156.4696	88.24	-37.7
2192.6126	87.98	-38.5
2229.3613	87.74	-38.8
2266.7259	87.56	-38.9
2304.7168	87.46	-38.9
2343.3444	87.44	-39.1
2382.6195	87.45	-39.8
2422.5528	87.47	-41
2463.1553	87.46	-42.8
2504.4384	87.36	-45
2546.4134	87.14	-47.3
2589.0919	86.8	-49.1
2632.4858	86.37	-50
2676.6069	85.98	-49.8
2721.4674	85.72	-48.9
2767.0799	85.62	-48
2813.4568	85.61	-47.7
2860.6111	85.58	-48
2908.5556	85.52	-48.4
2957.3037	85.47	-48.5
3006.8689	85.51	-48.5
3057.2647	85.64	-49.2
3108.5052	85.76	-51
3160.6045	85.76	-53.5
3213.577	85.61	-56
3267.4374	85.36	-57.8
3322.2004	85.12	-58.9
3377.8813	84.99	-59.8
3434.4954	84.92	-61.2
3492.0584	84.82	-63.4
3550.5862	84.56	-65.8
3610.0949	84.17	-67.7
3670.6009	83.75	-68.5
3732.1211	83.46	-68.5
3794.6724	83.3	-69
3858.272	83.09	-70.4
3922.9376	82.72	-71.6
3988.687	82.3	-71.6
4055.5384	82.07	-70.5
4123.5102	82.03	-70.2
4192.6212	81.97	-71
4262.8906	81.8	-72
4334.3377	81.63	-72.4
4406.9822	81.57	-72.6
4480.8443	81.61	-73.7
4555.9444	81.62	-75.7
4632.3031	81.54	-78.4
4709.9417	81.31	-81.4
4788.8814	80.93	-84
4869.1443	80.53	-85.6
4950.7523	80.23	-87.1
5033.7281	79.88	-89.1
5118.0947	79.42	-90.7
5203.8752	79.02	-91.4
5291.0934	78.73	-92.6
5379.7734	78.35	-94.4
5469.9397	77.86	-95.8
5561.6173	77.39	-96.5
5654.8313	76.98	-97.2
5749.6077	76.59	-98
5845.9725	76.23	-98.3
5943.9525	75.99	-98.4
6043.5746	75.92	-98.4
6144.8664	76.09	-99.1
6247.8558	76.45	-101.6
6352.5714	76.76	-106.7
6459.0421	76.8	-113.2
6567.2972	76.68	-120.1
6677.3667	76.51	-128.1
6789.281	76.16	-137.7
6903.071	75.52	-147.8
7018.7682	74.78	-156.5
7136.4045	74.34	-164
7256.0123	74.34	-171.8
7377.6249	74.62	-72
7501.2757	74.97	167.2
7626.9989	75.51	154.6
7754.8293	76.12	138.9
7884.8021	76.45	121.7
8016.9533	76.58	105.6
8151.3194	76.56	91.7
8287.9375	76.51	81.2
8426.8454	76.64	73.4
8568.0814	76.94	66.5
8711.6845	77.34	59.9
8857.6945	77.9	53
9006.1516	78.5	44.8
9157.0969	79.03	35.3
9310.5721	79.22	25.3
9466.6196	79.15	16.8
9625.2825	78.98	9.6
9786.6046	78.79	3.4
9950.6305	78.58	-2.5
10117.405	78.22	-8.7
10286.976	77.61	-13
10459.388	77.29	-15
10634.69	77.24	-18.4
10812.93	76.86	-21.5
10994.157	76.68	-21
11178.422	77.07	-21
11365.775	77.82	-23.6
11556.268	78.41	-32.4
11749.954	78.24	-41.5
11946.886	77.93	-48.5
12147.119	77.44	-53.9
12350.708	76.99	-55.7
12557.708	77.26	-58
12768.179	77.53	-67.5
12982.177	76.9	-80.1
13199.761	75.4	-88.9
13420.992	73.95	-90.7
13645.931	72.97	-90.5
13874.641	72.16	-90.3
14107.183	71.53	-91.2
14343.623	70.36	-90.6
14584.025	69.78	-80.7
14828.457	70.93	-71.2
15076.986	73.22	-73.6
15329.68	74.78	-88.4
15586.609	75.21	-108.1
15847.844	74.37	-127.1
16113.458	72.8	-139.9
16383.524	71.18	-147.9
16658.115	69.47	-157.4
16937.31	66.94	-161.5
17221.183	65.23	-159.5
17509.814	64.48	-157.9
17803.283	63.55	-160.1
18101.67	62.61	-161.8
18405.059	61.82	-162.1
18713.532	61.51	-164.5
19027.176	61.63	-169.5
19346.076	61.23	-171.9
19670.321	60.93	-170.9
