19.8660	75.8400	166.1000
20.1989	76.0500	164.5000
20.5375	76.2700	163.0000
20.8817	76.4800	161.5000
21.2317	76.7000	160.0000
21.5875	76.9200	158.6000
21.9493	77.1300	157.1000
22.3172	77.3600	155.6000
22.6913	77.5800	154.1000
23.0716	77.7900	152.6000
23.4583	78.0000	151.0000
23.8514	78.1900	149.5000
24.2512	78.3800	147.9000
24.6576	78.5600	146.3000
25.0709	78.7300	144.7000
25.4911	78.8900	143.2000
25.9183	79.0500	141.8000
26.3527	79.2100	140.3000
26.7944	79.3900	138.9000
27.2435	79.5600	137.6000
27.7001	79.7400	136.3000
28.1644	79.9300	135.0000
28.6364	80.1100	133.8000
29.1164	80.3000	132.6000
29.6044	80.4900	131.3000
30.1005	80.6800	129.9000
30.6050	80.8600	128.6000
31.1180	81.0400	127.3000
31.6395	81.2000	126.0000
32.1698	81.3700	124.8000
32.7090	81.5500	123.7000
33.2572	81.7400	122.5000
33.8146	81.9300	121.4000
34.3813	82.1300	120.3000
34.9576	82.3300	119.1000
35.5435	82.5300	117.8000
36.1392	82.7200	116.4000
36.7449	82.9000	115.0000
37.3607	83.0800	113.7000
37.9869	83.2500	112.5000
38.6236	83.4200	111.2000
39.2709	83.5800	109.9000
39.9291	83.7500	108.6000
40.5983	83.9100	107.3000
41.2788	84.0700	106.0000
41.9706	84.2300	104.6000
42.6741	84.4000	103.2000
43.3893	84.5500	101.6000
44.1165	84.7000	100.0000
44.8559	84.8300	98.4000
45.6077	84.9500	96.7000
46.3721	85.0500	94.9000
47.1493	85.1300	92.9000
47.9395	85.1600	90.9000
48.7430	85.1500	88.9000
49.5600	85.0600	87.2000
50.3906	84.9400	85.9000
51.2351	84.8000	85.2000
52.0939	84.7100	85.1000
52.9670	84.6800	85.2000
53.8547	84.7100	85.3000
54.7573	84.7900	85.3000
55.6751	84.8800	85.2000
56.6082	84.9700	85.1000
57.5570	85.0800	85.1000
58.5216	85.2300	85.4000
59.5025	85.4700	85.6000
60.4997	85.7400	85.1000
61.5137	85.9700	83.8000
62.5447	86.1200	82.4000
63.5930	86.2300	81.3000
64.6588	86.3400	80.4000
65.7425	86.4500	79.6000
66.8444	86.5600	78.8000
67.9647	86.6800	78.0000
69.1038	86.8000	77.3000
70.2620	86.9200	76.4000
71.4396	87.0400	75.6000
72.6370	87.1600	74.8000
73.8544	87.2700	73.9000
75.0922	87.3900	73.0000
76.3508	87.5100	72.1000
77.6304	87.6200	71.3000
78.9315	87.7300	70.4000
80.2544	87.8400	69.5000
81.5995	87.9400	68.6000
82.9672	88.0500	67.6000
84.3577	88.1500	66.6000
85.7716	88.2400	65.6000
87.2091	88.3300	64.6000
88.6707	88.4100	63.7000
90.1569	88.5000	62.8000
91.6680	88.5800	61.9000
93.2043	88.6600	60.9000
94.7665	88.7300	59.9000
96.3548	88.8000	58.9000
97.9697	88.8600	57.9000
99.6117	88.9100	56.9000
101.2812	88.9500	56.0000
102.9787	88.9900	55.2000
104.7047	89.0300	54.4000
106.4595	89.0900	53.7000
108.2438	89.1500	53.0000
110.0580	89.2200	52.3000
111.9026	89.3000	51.4000
113.7781	89.3700	50.5000
115.6851	89.4400	49.4000
117.6240	89.4700	48.2000
119.5954	89.4600	47.0000
121.5998	89.4200	46.2000
123.6379	89.3900	45.6000
125.7101	89.3800	45.2000
127.8170	89.3900	44.8000
129.9592	89.4200	44.3000
132.1374	89.4500	43.9000
134.3520	89.4900	43.5000
136.6038	89.5300	43.0000
138.8933	89.5800	42.5000
141.2212	89.6400	42.0000
143.5881	89.6900	41.4000
145.9947	89.7400	40.8000
148.4416	89.8000	40.2000
150.9295	89.8400	39.5000
153.4591	89.8800	38.7000
156.0312	89.9000	37.9000
158.6463	89.9100	37.2000
161.3052	89.9000	36.5000
164.0087	89.8900	36.0000
166.7576	89.8800	35.6000
169.5525	89.8800	35.3000
172.3942	89.8900	35.2000
175.2836	89.9400	35.1000
178.2214	90.0200	34.9000
181.2084	90.1200	34.5000
184.2455	90.2000	33.8000
187.3335	90.2600	33.0000
190.4733	90.2900	32.2000
193.6656	90.3200	31.5000
196.9115	90.3300	30.8000
200.2118	90.3400	30.2000
203.5674	90.3500	29.6000
206.9792	90.3600	29.0000
210.4483	90.3600	28.5000
213.9754	90.3800	28.0000
217.5617	90.3900	27.4000
221.2081	90.4100	26.8000
224.9156	90.4100	26.2000
228.6852	90.4100	25.6000
232.5181	90.3900	25.0000
236.4151	90.3600	24.5000
240.3775	90.3300	24.1000
244.4063	90.3100	23.8000
248.5026	90.2900	23.5000
252.6676	90.2900	23.2000
256.9023	90.2800	22.9000
261.2081	90.2700	22.7000
265.5860	90.2600	22.5000
270.0373	90.2600	22.3000
274.5632	90.2700	22.2000
279.1649	90.2800	22.0000
283.8438	90.3100	21.8000
288.6011	90.3300	21.5000
293.4381	90.3700	21.2000
298.3562	90.4100	20.8000
303.3567	90.4300	20.3000
308.4410	90.4300	19.7000
313.6106	90.4100	19.2000
318.8668	90.3800	18.7000
324.2111	90.3400	18.4000
329.6449	90.3000	18.2000
335.1698	90.2600	18.2000
340.7874	90.2500	18.1000
346.4991	90.2400	18.1000
352.3065	90.2500	18.0000
358.2112	90.2600	18.0000
364.2149	90.2600	17.9000
370.3193	90.2700	17.8000
376.5259	90.2700	17.7000
382.8366	90.2800	17.6000
389.2530	90.2900	17.6000
395.7770	90.3200	17.7000
402.4103	90.3700	17.7000
409.1548	90.4300	17.6000
416.0123	90.4800	17.4000
422.9848	90.5300	17.3000
430.0741	90.5800	17.0000
437.2823	90.6100	16.3000
444.6112	90.6000	15.6000
452.0630	90.5800	15.1000
459.6397	90.5900	14.6000
467.3434	90.6500	13.9000
475.1762	90.7000	12.6000
483.1402	90.7000	10.8000
491.2378	90.5700	8.0000
499.4710	90.2200	5.5000
507.8423	89.6600	4.2000
516.3539	89.0300	4.9000
525.0081	88.5700	7.3000
533.8074	88.4000	10.1000
542.7541	88.4200	12.0000
551.8508	88.4600	13.1000
561.0999	88.4800	14.3000
570.5041	88.6100	15.1000
580.0659	88.8400	15.5000
589.7879	89.0600	15.0000
599.6729	89.2200	14.4000
609.7236	89.3800	13.9000
619.9427	89.6200	13.3000
630.3331	89.9200	12.2000
640.8976	90.2300	10.1000
651.6392	90.4100	6.8000
662.5609	90.3600	2.9000
673.6656	90.0000	-0.4000
684.9564	89.4500	-2.0000
696.4364	88.9000	-1.5000
708.1088	88.5000	0.6000
719.9769	88.3500	3.1000
732.0439	88.4000	5.3000
744.3131	88.5600	6.7000
756.7880	88.7300	7.6000
769.4720	88.9400	8.3000
782.3685	89.2300	8.6000
795.4812	89.5700	7.6000
808.8137	89.7600	5.2000
822.3696	89.6600	2.5000
836.1527	89.3300	1.2000
850.1668	88.9600	2.0000
864.4158	88.8600	4.9000
878.9036	89.2000	7.3000
893.6343	89.7100	7.6000
908.6118	90.1600	6.0000
923.8404	90.4700	3.1000
939.3242	90.6000	-0.7000
955.0675	90.4900	-4.7000
971.0746	90.1200	-8.2000
987.3501	89.5200	-10.3000
1003.8983	88.8400	-9.9000
1020.7239	88.3200	-7.6000
1037.8315	88.0800	-4.4000
1055.2258	88.1300	-1.3000
1072.9116	88.4000	0.6000
1090.8939	88.7000	1.2000
1109.1775	88.9500	1.0000
1127.7676	89.1400	0.2000
1146.6693	89.2600	-0.9000
1165.8877	89.2900	-2.1000
1185.4283	89.2500	-2.9000
1205.2964	89.2700	-3.1000
1225.4974	89.4600	-3.6000
1246.0371	89.6300	-5.8000
1266.9209	89.5500	-9.2000
1288.1549	89.1600	-11.8000
1309.7446	88.6200	-12.7000
1331.6963	88.0500	-11.9000
1354.0158	87.5800	-9.3000
1376.7095	87.4000	-5.4000
1399.7835	87.5900	-1.8000
1423.2442	87.9900	-0.1000
1447.0981	88.3300	0.2000
1471.3518	88.5900	-0.4000
1496.0120	88.7400	-1.4000
1521.0856	88.7900	-2.2000
1546.5793	88.7900	-2.8000
1572.5004	88.7700	-2.7000
1598.8559	88.8000	-2.3000
1625.6531	88.9100	-1.5000
1652.8994	89.1500	-0.7000
1680.6024	89.5300	-0.4000
1708.7697	90.0000	-1.5000
1737.4091	90.3800	-4.4000
1766.5285	90.5200	-8.0000
1796.1360	90.4600	-11.4000
1826.2397	90.3100	-14.0000
1856.8479	90.1100	-16.1000
1887.9691	89.8900	-17.8000
1919.6120	89.6500	-19.0000
1951.7851	89.4200	-19.7000
1984.4975	89.2500	-19.9000
2017.7582	89.1900	-20.1000
2051.5763	89.2100	-21.0000
2085.9612	89.1600	-22.8000
2120.9224	88.9900	-24.7000
2156.4696	88.6500	-26.4000
2192.6126	88.1900	-26.9000
2229.3613	87.7700	-25.4000
2266.7259	87.6600	-23.1000
2304.7168	87.8100	-21.8000
2343.3444	87.9900	-22.2000
2382.6195	88.0100	-23.5000
2422.5528	87.8900	-24.2000
2463.1553	87.8000	-24.3000
2504.4384	87.7800	-24.4000
2546.4134	87.7200	-24.7000
2589.0919	87.6800	-24.2000
2632.4858	87.8500	-23.4000
2676.6069	88.2200	-23.8000
2721.4674	88.6100	-26.4000
2767.0799	88.7500	-30.7000
2813.4568	88.5600	-35.1000
2860.6111	88.1100	-38.2000
2908.5556	87.6500	-39.4000
2957.3037	87.3800	-39.7000
3006.8689	87.2800	-40.9000
3057.2647	87.1300	-43.4000
3108.5052	86.7900	-46.2000
3160.6045	86.2000	-48.4000
3213.5770	85.4900	-48.4000
3267.4374	84.9500	-46.7000
3322.2004	84.6800	-45.0000
3377.8813	84.4900	-44.3000
3434.4954	84.2100	-43.4000
3492.0584	84.0500	-41.5000
3550.5862	84.1500	-39.9000
3610.0949	84.3800	-40.1000
3670.6009	84.4600	-41.9000
3732.1211	84.3700	-43.7000
3794.6724	84.2400	-45.2000
3858.2720	84.1300	-46.9000
3922.9376	83.9600	-49.4000
3988.6870	83.5600	-51.9000
4055.5384	83.0400	-52.6000
4123.5102	82.7600	-52.0000
4192.6212	82.7800	-52.9000
4262.8906	82.7500	-56.1000
4334.3377	82.4400	-60.3000
4406.9822	81.8700	-64.4000
4480.8443	81.0800	-67.6000
4555.9444	80.1700	-69.7000
4632.3031	79.2100	-71.2000
4709.9417	78.1000	-72.2000
4788.8814	76.7600	-71.2000
4869.1443	75.4500	-67.2000
4950.7523	74.4700	-62.7000
5033.7281	73.5600	-59.5000
5118.0947	72.2500	-54.7000
5203.8752	70.8100	-43.0000
5291.0934	70.7700	-24.2000
5379.7734	72.4500	-12.3000
5469.9397	73.6100	-12.7000
5561.6173	73.7900	-14.2000
5654.8313	73.9200	-13.7000
5749.6077	73.8700	-14.1000
5845.9725	73.4500	-10.0000
5943.9525	74.1300	-3.1000
6043.5746	74.9800	-5.3000
6144.8664	74.5600	-8.9000
6247.8558	73.9500	-4.2000
6352.5714	74.4100	1.8000
6459.0421	75.1700	3.1000
6567.2972	75.8300	2.7000
6677.3667	76.5200	0.1000
6789.2810	76.9400	-5.3000
6903.0710	76.8600	-12.0000
7018.7682	76.2200	-18.0000
7136.4045	75.0300	-19.9000
7256.0123	74.0200	-15.6000
7377.6249	73.7600	-11.9000
7501.2757	73.6200	-10.3000
7626.9989	73.3200	-9.3000
7754.8293	72.9800	-4.8000
7884.8021	73.4300	0.9000
8016.9533	74.4700	4.5000
8151.3194	75.9400	2.3000
8287.9375	76.7000	-7.2000
8426.8454	76.7100	-18.6000
8568.0814	75.9600	-30.1000
8711.6845	74.5100	-38.8000
8857.6945	72.5800	-43.9000
9006.1516	69.7500	-38.7000
9157.0969	67.8000	-6.0000
9310.5721	69.2100	15.9000
9466.6196	70.9600	17.6000
9625.2825	72.1000	15.8000
9786.6046	73.5000	14.6000
9950.6305	74.6900	5.0000
10117.4050	74.0300	-4.6000
10286.9760	73.4500	-4.8000
10459.3880	73.9700	-5.2000
10634.6900	74.6900	-12.7000
10812.9300	74.5500	-24.1000
10994.1570	73.6200	-33.1000
11178.4220	72.3300	-37.5000
11365.7750	71.1400	-38.1000
11556.2680	70.3500	-36.4000
11749.9540	70.1200	-35.3000
11946.8860	70.2100	-37.3000
12147.1190	70.1400	-43.0000
12350.7080	69.4200	-49.4000
12557.7080	68.2500	-51.6000
12768.1790	67.2200	-51.1000
12982.1770	66.7000	-48.9000
13199.7610	66.8600	-48.7000
13420.9920	67.1300	-53.6000
13645.9310	66.9900	-62.0000
13874.6410	66.0800	-71.8000
14107.1830	64.5700	-78.3000
14343.6230	62.7800	-80.2000
14584.0250	61.2200	-75.2000
14828.4570	60.8500	-71.8000
15076.9860	60.9600	-80.6000
15329.6800	60.4400	-104.3000
15586.6090	58.7600	-149.6000
15847.8440	56.5200	139.0000
16113.4580	56.9500	56.8000
16383.5240	58.1600	2.4000
16658.1150	58.2400	-27.0000
16937.3100	57.3900	-39.8000
17221.1830	56.5200	-41.7000
17509.8140	55.7800	-41.4000
17803.2830	55.5700	-39.2000
18101.6700	55.0300	-39.2000
18405.0590	54.0800	-29.2000
18713.5320	54.9000	-14.0000
19027.1760	56.8800	-5.3000
19346.0760	59.3700	-4.5000
19670.3210	61.4900	-13.6000
20000.0000	62.3100	-20.6000