20.1989	65.3300	135.4000
20.5375	65.3600	134.9000
20.8817	65.3900	134.3000
21.2317	65.4300	133.8000
21.5875	65.5000	133.2000
21.9493	65.5800	132.6000
22.3172	65.7000	132.1000
22.6913	65.8700	131.5000
23.0716	66.1000	130.9000
23.4583	66.4200	130.3000
23.8514	66.8500	129.8000
24.2512	67.3600	129.2000
24.6576	67.8600	128.6000
25.0709	68.2800	128.0000
25.4911	68.6300	127.4000
25.9183	68.9400	126.8000
26.3527	69.2500	126.2000
26.7944	69.5900	125.6000
27.2435	69.9700	125.0000
27.7001	70.3900	124.4000
28.1644	70.8400	123.8000
28.6364	71.3100	123.2000
29.1164	71.7800	122.6000
29.6044	72.2500	122.0000
30.1005	72.7200	121.4000
30.6050	73.1900	120.8000
31.1180	73.6800	120.2000
31.6395	74.1800	119.6000
32.1698	74.6700	119.0000
32.7090	75.1300	118.4000
33.2572	75.5700	117.8000
33.8146	75.9800	117.2000
34.3813	76.3700	116.6000
34.9576	76.7300	116.0000
35.5435	77.0700	115.4000
36.1392	77.3800	114.8000
36.7449	77.6700	114.2000
37.3607	77.9100	113.6000
37.9869	78.1200	113.0000
38.6236	78.3000	112.4000
39.2709	78.4500	111.8000
39.9291	78.5800	111.2000
40.5983	78.6900	110.5000
41.2788	78.7800	109.9000
41.9706	78.8600	109.3000
42.6741	78.9700	108.7000
43.3893	79.1200	108.1000
44.1165	79.3000	107.5000
44.8559	79.4600	106.9000
45.6077	79.5800	106.3000
46.3721	79.6300	105.7000
47.1493	79.6900	105.1000
47.9395	79.7800	104.5000
48.7430	79.9100	103.9000
49.5600	80.0400	103.3000
50.3906	80.1600	102.7000
51.2351	80.2800	102.1000
52.0939	80.4300	101.5000
52.9670	80.6100	100.9000
53.8547	80.8100	100.3000
54.7573	81.0200	99.7000
55.6751	81.2400	99.1000
56.6082	81.4700	98.5000
57.5570	81.7000	97.9000
58.5216	81.9200	97.3000
59.5025	82.1100	96.7000
60.4997	82.2800	96.1000
61.5137	82.4300	95.5000
62.5447	82.5400	94.8000
63.5930	82.6300	94.2000
64.6588	82.7000	93.6000
65.7425	82.7700	93.0000
66.8444	82.8500	92.4000
67.9647	82.9800	91.8000
69.1038	83.1700	91.2000
70.2620	83.4200	90.6000
71.4396	83.7300	90.0000
72.6370	84.0600	89.4000
73.8544	84.3900	88.8000
75.0922	84.6900	88.2000
76.3508	84.9400	87.5000
77.6304	85.1300	86.9000
78.9315	85.2500	86.3000
80.2544	85.3000	85.7000
81.5995	85.3000	85.1000
82.9672	85.2700	84.4000
84.3577	85.2400	83.8000
85.7716	85.2500	83.2000
87.2091	85.3300	82.6000
88.6707	85.5100	81.9000
90.1569	85.7700	81.3000
91.6680	86.0700	80.7000
93.2043	86.3400	80.1000
94.7665	86.5600	79.4000
96.3548	86.6900	78.8000
97.9697	86.7200	78.1000
99.6117	86.6900	77.5000
101.2812	86.6400	76.9000
102.9787	86.6000	76.2000
104.7047	86.6100	75.5000
106.4595	86.7000	74.9000
108.2438	86.8400	74.2000
110.0580	87.0200	73.6000
111.9026	87.2100	72.9000
113.7781	87.3800	72.2000
115.6851	87.4900	71.6000
117.6240	87.5500	70.9000
119.5954	87.5400	70.2000
121.5998	87.4900	69.5000
123.6379	87.4500	68.8000
125.7101	87.4700	68.1000
127.8170	87.5700	67.5000
129.9592	87.7200	66.8000
132.1374	87.8700	66.1000
134.3520	87.9500	65.4000
136.6038	87.9700	64.6000
138.8933	87.9600	63.9000
141.2212	87.9600	63.2000
143.5881	88.0100	62.5000
145.9947	88.1000	61.8000
148.4416	88.2000	61.0000
150.9295	88.2900	60.3000
153.4591	88.3600	59.6000
156.0312	88.4000	58.8000
158.6463	88.4000	58.1000
161.3052	88.3800	57.4000
164.0087	88.4000	56.6000
166.7576	88.4700	55.9000
169.5525	88.5500	55.1000
172.3942	88.5900	54.4000
175.2836	88.6000	53.6000
178.2214	88.6100	52.9000
181.2084	88.6500	52.1000
184.2455	88.7200	51.3000
187.3335	88.7900	50.6000
190.4733	88.8300	49.8000
193.6656	88.8600	49.1000
196.9115	88.8800	48.3000
200.2118	88.9000	47.5000
203.5674	88.9500	46.8000
206.9792	89.0100	46.0000
210.4483	89.0300	45.3000
213.9754	89.0100	44.5000
217.5617	89.0300	43.8000
221.2081	89.1000	43.0000
224.9156	89.1700	42.3000
228.6852	89.1800	41.5000
232.5181	89.1500	40.8000
236.4151	89.1400	40.1000
240.3775	89.1900	39.3000
244.4063	89.2200	38.6000
248.5026	89.2000	37.9000
252.6676	89.1600	37.2000
256.9023	89.2200	36.5000
261.2081	89.2700	35.8000
265.5860	89.2100	35.1000
270.0373	89.1500	34.5000
274.5632	89.1600	33.9000
279.1649	89.2200	33.2000
283.8438	89.2100	32.6000
288.6011	89.1900	32.0000
293.4381	89.2400	31.4000
298.3562	89.2800	30.8000
303.3567	89.2700	30.2000
308.4410	89.3000	29.7000
313.6106	89.3700	29.2000
318.8668	89.3700	28.7000
324.2111	89.3100	28.3000
329.6449	89.2800	27.8000
335.1698	89.2600	27.4000
340.7874	89.2200	27.1000
346.4991	89.2200	26.7000
352.3065	89.2200	26.4000
358.2112	89.1900	26.1000
364.2149	89.1800	25.9000
370.3193	89.1800	25.6000
376.5259	89.1500	25.4000
382.8366	89.1300	25.2000
389.2530	89.1100	25.0000
395.7770	89.1100	24.9000
402.4103	89.1200	24.8000
409.1548	89.1300	24.7000
416.0123	89.1300	24.6000
422.9848	89.1400	24.5000
430.0741	89.1400	24.4000
437.2823	89.1500	24.4000
444.6112	89.1700	24.3000
452.0630	89.1800	24.4000
459.6397	89.1800	24.4000
467.3434	89.1700	24.5000
475.1762	89.1500	24.6000
483.1402	89.1300	24.7000
491.2378	89.1000	24.9000
499.4710	89.0800	25.0000
507.8423	89.0800	25.1000
516.3539	89.0800	25.2000
525.0081	89.1000	25.3000
533.8074	89.1300	25.4000
542.7541	89.1600	25.4000
551.8508	89.1900	25.5000
561.0999	89.2300	25.4000
570.5041	89.2700	25.4000
580.0659	89.3100	25.3000
589.7879	89.3500	25.2000
599.6729	89.3800	25.0000
609.7236	89.4100	24.8000
619.9427	89.4400	24.6000
630.3331	89.4700	24.4000
640.8976	89.4800	24.1000
651.6392	89.4900	23.9000
662.5609	89.5000	23.6000
673.6656	89.4900	23.3000
684.9564	89.4700	23.0000
696.4364	89.4500	22.8000
708.1088	89.4100	22.4000
719.9769	89.3700	22.1000
732.0439	89.3200	21.9000
744.3131	89.2600	21.8000
756.7880	89.2000	21.8000
769.4720	89.1400	21.9000
782.3685	89.0900	22.1000
795.4812	89.0500	22.4000
808.8137	89.0200	22.8000
822.3696	89.0200	23.2000
836.1527	89.0300	23.7000
850.1668	89.0700	24.1000
864.4158	89.1200	24.4000
878.9036	89.1800	24.6000
893.6343	89.2600	24.6000
908.6118	89.3300	24.6000
923.8404	89.3900	24.3000
939.3242	89.4400	24.0000
955.0675	89.4600	23.6000
971.0746	89.4600	23.2000
987.3501	89.4400	22.8000
1003.8983	89.3900	22.4000
1020.7239	89.3200	22.3000
1037.8315	89.2500	22.3000
1055.2258	89.1800	22.5000
1072.9116	89.1200	23.0000
1090.8939	89.1000	23.5000
1109.1775	89.1000	24.2000
1127.7676	89.1500	24.8000
1146.6693	89.2300	25.2000
1165.8877	89.3300	25.4000
1185.4283	89.4300	25.3000
1205.2964	89.5100	24.9000
1225.4974	89.5600	24.3000
1246.0371	89.5600	23.6000
1266.9209	89.5000	22.9000
1288.1549	89.3900	22.4000
1309.7446	89.2300	22.3000
1331.6963	89.0500	22.8000
1354.0158	88.8800	23.8000
1376.7095	88.7700	25.5000
1399.7835	88.7600	27.5000
1423.2442	88.8800	29.7000
1447.0981	89.1100	31.6000
1471.3518	89.4500	33.0000
1496.0120	89.8400	33.6000
1521.0856	90.2400	33.5000
1546.5793	90.6200	32.8000
1572.5004	90.9500	31.4000
1598.8559	91.2300	29.7000
1625.6531	91.4400	27.8000
1652.8994	91.5900	25.7000
1680.6024	91.6900	23.5000
1708.7697	91.7400	21.3000
1737.4091	91.7500	19.2000
1766.5285	91.7200	17.1000
1796.1360	91.6500	15.0000
1826.2397	91.5500	13.0000
1856.8479	91.4200	11.0000
1887.9691	91.2600	9.1000
1919.6120	91.0700	7.2000
1951.7851	90.8500	5.4000
1984.4975	90.5800	3.7000
2017.7582	90.2800	2.1000
2051.5763	89.9300	0.7000
2085.9612	89.5400	-0.4000
2120.9224	89.1300	-1.1000
2156.4696	88.7200	-1.5000
2192.6126	88.3400	-1.5000
2229.3613	87.9700	-1.5000
2266.7259	87.6000	-1.6000
2304.7168	87.2100	-1.7000
2343.3444	86.7600	-1.6000
2382.6195	86.2500	-1.3000
2422.5528	85.7000	-0.4000
2463.1553	85.1300	1.0000
2504.4384	84.5300	3.1000
2546.4134	83.8800	6.1000
2589.0919	83.2200	10.7000
2632.4858	82.7500	17.7000
2676.6069	82.7600	26.1000
2721.4674	83.3300	33.5000
2767.0799	84.2400	37.8000
2813.4568	85.1100	38.9000
2860.6111	85.7500	38.3000
2908.5556	86.1600	37.2000
2957.3037	86.4700	36.6000
3006.8689	86.8300	36.1000
3057.2647	87.2800	34.8000
3108.5052	87.6900	32.0000
3160.6045	87.9000	28.1000
3213.5770	87.8200	23.9000
3267.4374	87.5300	20.7000
3322.2004	87.1900	18.9000
3377.8813	86.9600	17.8000
3434.4954	86.8400	16.3000
3492.0584	86.6700	13.8000
3550.5862	86.3000	11.0000
3610.0949	85.7900	9.2000
3670.6009	85.2900	8.5000
3732.1211	84.9400	8.0000
3794.6724	84.6300	6.5000
3858.2720	84.1400	4.4000
3922.9376	83.4500	3.1000
3988.6870	82.7400	3.3000
4055.5384	82.2100	4.2000
4123.5102	81.7900	4.4000
4192.6212	81.2800	4.0000
4262.8906	80.6900	3.9000
4334.3377	80.1100	4.2000
4406.9822	79.5300	4.5000
4480.8443	78.8800	5.1000
4555.9444	78.2600	6.9000
4632.3031	77.8800	9.1000
4709.9417	77.7400	10.1000
4788.8814	77.6400	8.9000
4869.1443	77.3000	5.8000
4950.7523	76.6200	2.6000
5033.7281	75.8700	1.3000
5118.0947	75.5000	0.2000
5203.8752	75.4200	-4.3000
5291.0934	75.1200	-12.6000
5379.7734	74.4600	-22.3000
5469.9397	73.8000	-32.4000
5561.6173	73.1800	-44.7000
5654.8313	72.3000	-57.3000
5749.6077	71.6800	-65.7000
5845.9725	72.2700	-72.6000
5943.9525	73.5600	-85.2000
6043.5746	74.4400	-99.0000
6144.8664	75.5400	-108.3000
6247.8558	77.6100	-119.2000
6352.5714	79.6700	-138.0000
6459.0421	80.6500	-162.6000
6567.2972	80.1800	143.4000
6677.3667	78.1300	146.4000
6789.2810	74.6900	125.8000
6903.0710	70.2500	105.9000
7018.7682	64.5300	73.0000
7136.4045	58.7300	8.3000
7256.0123	59.8900	-50.7000
7377.6249	64.0500	-64.9000
7501.2757	68.5800	-68.7000
7626.9989	71.8600	-72.9000
7754.8293	74.4200	-74.4000
7884.8021	77.0000	-77.4000
8016.9533	79.0600	-84.9000
8151.3194	80.2400	-93.2000
8287.9375	80.8600	-99.1000
8426.8454	81.3100	-102.0000
8568.0814	81.9600	-102.6000
8711.6845	83.1000	-102.9000
8857.6945	84.6800	-107.4000
9006.1516	85.8800	-117.7000
9157.0969	86.3900	-129.1000
9310.5721	86.6700	-141.4000
9466.6196	86.3600	-157.6000
9625.2825	85.0700	-174.9000
9786.6046	83.0000	162.6000
9950.6305	78.8700	128.4000
10117.4050	72.9900	78.9000
10286.9760	72.1700	9.2000
10459.3880	76.4500	-41.6000
10634.6900	79.7200	-68.3000
10812.9300	81.9900	-83.1000
10994.1570	83.5600	-94.5000
11178.4220	84.7900	-103.2000
11365.7750	86.5000	-114.6000
11556.2680	87.3600	-137.3000
11749.9540	85.8100	-159.7000
11946.8860	83.4100	-174.0000
12147.1190	80.1800	177.1000
12350.7080	76.2900	179.1000
12557.7080	72.7900	-166.0000
12768.1790	71.6400	-139.5000
12982.1770	73.1400	-117.7000
13199.7610	76.4600	-109.7000
13420.9920	79.3500	-122.8000
13645.9310	79.5700	-141.3000
13874.6410	79.0900	-157.3000
14107.1830	77.5000	-142.5000
14343.6230	74.8000	166.3000
14584.0250	70.7500	146.8000
14828.4570	65.7500	121.4000
15076.9860	61.4500	68.3000
15329.6800	63.3900	-3.6000
15586.6090	68.3400	-52.5000
15847.8440	71.4300	-86.8000
16113.4580	72.2400	-113.0000
16383.5240	71.9700	-132.7000
16658.1150	70.3300	-154.6000
16937.3100	66.1900	-166.2000
17221.1830	60.9500	-155.4000
17509.8140	59.4200	-113.3000
17803.2830	63.8700	-95.6000
18101.6700	66.8000	-106.6000
18405.0590	67.6400	-122.1000
18713.5320	66.7800	-136.8000
19027.1760	64.5700	-145.7000
19346.0760	61.5300	-144.3000
19670.3210	58.8400	-129.8000