20.1989	66.4000	132.2000
20.5375	66.3100	131.7000
20.8817	66.2500	131.1000
21.2317	66.2100	130.6000
21.5875	66.2200	130.0000
21.9493	66.2900	129.4000
22.3172	66.4200	128.8000
22.6913	66.6200	128.3000
23.0716	66.8400	127.7000
23.4583	67.0600	127.1000
23.8514	67.2800	126.5000
24.2512	67.4800	125.9000
24.6576	67.6900	125.3000
25.0709	67.9200	124.7000
25.4911	68.1600	124.1000
25.9183	68.4500	123.6000
26.3527	68.8100	123.0000
26.7944	69.2400	122.4000
27.2435	69.7400	121.8000
27.7001	70.2900	121.2000
28.1644	70.8600	120.6000
28.6364	71.4400	120.0000
29.1164	72.0100	119.4000
29.6044	72.5700	118.8000
30.1005	73.1200	118.2000
30.6050	73.6600	117.6000
31.1180	74.2000	117.0000
31.6395	74.7400	116.4000
32.1698	75.2600	115.8000
32.7090	75.7700	115.2000
33.2572	76.2600	114.6000
33.8146	76.7100	114.0000
34.3813	77.1100	113.4000
34.9576	77.4700	112.8000
35.5435	77.7900	112.2000
36.1392	78.0800	111.6000
36.7449	78.3300	111.0000
37.3607	78.5300	110.4000
37.9869	78.6800	109.8000
38.6236	78.7800	109.2000
39.2709	78.8400	108.6000
39.9291	78.8600	108.0000
40.5983	78.8900	107.4000
41.2788	78.9100	106.8000
41.9706	78.9600	106.2000
42.6741	79.0400	105.6000
43.3893	79.1600	105.0000
44.1165	79.3300	104.4000
44.8559	79.5500	103.8000
45.6077	79.8400	103.2000
46.3721	80.1600	102.6000
47.1493	80.5200	102.0000
47.9395	80.8800	101.4000
48.7430	81.2500	100.8000
49.5600	81.5800	100.2000
50.3906	81.8800	99.6000
51.2351	82.1300	99.1000
52.0939	82.3300	98.5000
52.9670	82.5100	97.9000
53.8547	82.6900	97.3000
54.7573	82.8800	96.7000
55.6751	83.1000	96.1000
56.6082	83.3200	95.5000
57.5570	83.5300	94.9000
58.5216	83.7100	94.3000
59.5025	83.8500	93.7000
60.4997	83.9400	93.1000
61.5137	83.9800	92.5000
62.5447	83.9900	91.9000
63.5930	83.9800	91.3000
64.6588	83.9900	90.7000
65.7425	84.0600	90.1000
66.8444	84.2300	89.5000
67.9647	84.5200	88.9000
69.1038	84.9200	88.3000
70.2620	85.3800	87.7000
71.4396	85.8400	87.1000
72.6370	86.2600	86.5000
73.8544	86.6000	85.9000
75.0922	86.8500	85.2000
76.3508	87.0000	84.6000
77.6304	87.0700	84.0000
78.9315	87.0700	83.4000
80.2544	87.0300	82.8000
81.5995	86.9700	82.2000
82.9672	86.9500	81.5000
84.3577	87.0100	80.9000
85.7716	87.2200	80.3000
87.2091	87.5700	79.7000
88.6707	88.0000	79.0000
90.1569	88.4100	78.4000
91.6680	88.7300	77.7000
93.2043	88.9300	77.1000
94.7665	88.9700	76.5000
96.3548	88.9300	75.8000
97.9697	88.8200	75.2000
99.6117	88.7200	74.5000
101.2812	88.6800	73.9000
102.9787	88.7200	73.2000
104.7047	88.8700	72.5000
106.4595	89.0900	71.9000
108.2438	89.3400	71.2000
110.0580	89.5600	70.5000
111.9026	89.7300	69.8000
113.7781	89.8300	69.2000
115.6851	89.8400	68.5000
117.6240	89.7700	67.8000
119.5954	89.6400	67.1000
121.5998	89.5800	66.4000
123.6379	89.6700	65.7000
125.7101	89.9000	65.0000
127.8170	90.1500	64.3000
129.9592	90.3000	63.6000
132.1374	90.3200	62.8000
134.3520	90.2600	62.1000
136.6038	90.1900	61.4000
138.8933	90.2000	60.7000
141.2212	90.2900	59.9000
143.5881	90.4200	59.2000
145.9947	90.5800	58.4000
148.4416	90.7400	57.7000
150.9295	90.8300	56.9000
153.4591	90.8200	56.2000
156.0312	90.7100	55.4000
158.6463	90.6500	54.7000
161.3052	90.6900	53.9000
164.0087	90.8400	53.1000
166.7576	90.9700	52.4000
169.5525	91.0100	51.6000
172.3942	90.9600	50.8000
175.2836	90.9300	50.0000
178.2214	90.9700	49.2000
181.2084	91.0900	48.4000
184.2455	91.1900	47.6000
187.3335	91.2500	46.9000
190.4733	91.2700	46.1000
193.6656	91.2400	45.3000
196.9115	91.2400	44.5000
200.2118	91.3200	43.7000
203.5674	91.4300	42.9000
206.9792	91.4700	42.2000
210.4483	91.3800	41.4000
213.9754	91.3400	40.7000
217.5617	91.4200	40.0000
221.2081	91.5700	39.2000
224.9156	91.6100	38.5000
228.6852	91.5400	37.8000
232.5181	91.4700	37.0000
236.4151	91.4800	36.3000
240.3775	91.6600	35.6000
244.4063	91.6500	34.9000
248.5026	91.4300	34.2000
252.6676	91.4800	33.6000
256.9023	91.6500	32.9000
261.2081	91.6300	32.3000
265.5860	91.5200	31.6000
270.0373	91.4100	31.0000
274.5632	91.4700	30.4000
279.1649	91.5600	29.8000
283.8438	91.4900	29.1000
288.6011	91.4800	28.6000
293.4381	91.6000	28.0000
298.3562	91.5800	27.4000
303.3567	91.5300	26.9000
308.4410	91.5900	26.3000
313.6106	91.6900	25.8000
318.8668	91.6800	25.3000
324.2111	91.5900	24.8000
329.6449	91.6000	24.4000
335.1698	91.5600	24.0000
340.7874	91.5300	23.5000
346.4991	91.5700	23.2000
352.3065	91.5800	22.8000
358.2112	91.5400	22.5000
364.2149	91.6000	22.1000
370.3193	91.6300	21.8000
376.5259	91.6100	21.6000
382.8366	91.6200	21.3000
389.2530	91.6200	21.0000
395.7770	91.6400	20.8000
402.4103	91.6800	20.6000
409.1548	91.6700	20.4000
416.0123	91.6600	20.2000
422.9848	91.6700	20.0000
430.0741	91.6500	19.8000
437.2823	91.6500	19.7000
444.6112	91.6500	19.5000
452.0630	91.6600	19.4000
459.6397	91.6500	19.4000
467.3434	91.6500	19.2000
475.1762	91.6300	19.2000
483.1402	91.6000	19.2000
491.2378	91.5700	19.2000
499.4710	91.5400	19.1000
507.8423	91.5300	19.1000
516.3539	91.5200	19.1000
525.0081	91.5200	19.1000
533.8074	91.5200	19.1000
542.7541	91.5200	19.0000
551.8508	91.5300	18.9000
561.0999	91.5300	18.8000
570.5041	91.5400	18.7000
580.0659	91.5500	18.6000
589.7879	91.5600	18.4000
599.6729	91.5700	18.2000
609.7236	91.5700	18.0000
619.9427	91.5600	17.8000
630.3331	91.5500	17.5000
640.8976	91.5400	17.2000
651.6392	91.5200	17.0000
662.5609	91.4800	16.7000
673.6656	91.4400	16.4000
684.9564	91.3900	16.1000
696.4364	91.3300	15.9000
708.1088	91.2600	15.5000
719.9769	91.1800	15.1000
732.0439	91.0800	14.9000
744.3131	90.9900	14.8000
756.7880	90.8800	14.8000
769.4720	90.7700	14.9000
782.3685	90.6700	15.2000
795.4812	90.5800	15.6000
808.8137	90.5000	16.1000
822.3696	90.4500	16.7000
836.1527	90.4100	17.4000
850.1668	90.4100	18.1000
864.4158	90.4200	18.7000
878.9036	90.4500	19.2000
893.6343	90.4900	19.7000
908.6118	90.5500	20.0000
923.8404	90.6000	20.1000
939.3242	90.6400	20.1000
955.0675	90.6600	20.1000
971.0746	90.6700	20.0000
987.3501	90.6600	20.0000
1003.8983	90.6300	20.0000
1020.7239	90.5900	20.2000
1037.8315	90.5500	20.5000
1055.2258	90.5200	21.0000
1072.9116	90.5100	21.6000
1090.8939	90.5300	22.3000
1109.1775	90.6000	23.1000
1127.7676	90.6900	23.6000
1146.6693	90.8200	24.0000
1165.8877	90.9700	24.1000
1185.4283	91.1000	23.8000
1205.2964	91.2100	23.2000
1225.4974	91.2700	22.3000
1246.0371	91.2800	21.4000
1266.9209	91.2100	20.5000
1288.1549	91.0800	19.8000
1309.7446	90.9000	19.5000
1331.6963	90.6900	19.8000
1354.0158	90.4800	20.9000
1376.7095	90.3400	22.6000
1399.7835	90.3000	24.7000
1423.2442	90.3900	27.1000
1447.0981	90.6100	29.2000
1471.3518	90.9400	30.8000
1496.0120	91.3400	31.6000
1521.0856	91.7400	31.6000
1546.5793	92.1300	30.9000
1572.5004	92.4600	29.7000
1598.8559	92.7400	28.2000
1625.6531	92.9700	26.5000
1652.8994	93.1400	24.6000
1680.6024	93.2800	22.6000
1708.7697	93.3800	20.6000
1737.4091	93.4500	18.4000
1766.5285	93.4800	16.0000
1796.1360	93.4700	13.6000
1826.2397	93.4000	11.0000
1856.8479	93.2600	8.5000
1887.9691	93.0500	6.0000
1919.6120	92.7800	3.8000
1951.7851	92.4600	1.9000
1984.4975	92.1000	0.4000
2017.7582	91.7300	-0.7000
2051.5763	91.3600	-1.4000
2085.9612	91.0100	-1.9000
2120.9224	90.6800	-2.2000
2156.4696	90.3800	-2.3000
2192.6126	90.0900	-2.6000
2229.3613	89.7900	-3.0000
2266.7259	89.4500	-3.5000
2304.7168	89.0400	-3.9000
2343.3444	88.5600	-4.1000
2382.6195	88.0300	-3.6000
2422.5528	87.4800	-2.4000
2463.1553	86.9700	-0.4000
2504.4384	86.5100	1.9000
2546.4134	86.0700	4.8000
2589.0919	85.6500	8.4000
2632.4858	85.3200	13.1000
2676.6069	85.2600	18.9000
2721.4674	85.5700	24.4000
2767.0799	86.1500	28.0000
2813.4568	86.7600	29.4000
2860.6111	87.2300	29.3000
2908.5556	87.5500	28.7000
2957.3037	87.8000	28.4000
3006.8689	88.1100	28.0000
3057.2647	88.4700	26.7000
3108.5052	88.7900	24.1000
3160.6045	88.9200	20.4000
3213.5770	88.7800	16.6000
3267.4374	88.4300	13.9000
3322.2004	88.0400	12.6000
3377.8813	87.8100	12.3000
3434.4954	87.7500	11.6000
3492.0584	87.7100	9.5000
3550.5862	87.5100	6.3000
3610.0949	87.0800	3.3000
3670.6009	86.5100	1.2000
3732.1211	85.9500	0.0000
3794.6724	85.4200	-1.3000
3858.2720	84.8300	-2.7000
3922.9376	84.1100	-3.8000
3988.6870	83.3900	-3.8000
4055.5384	82.7700	-3.3000
4123.5102	82.2400	-3.2000
4192.6212	81.6700	-3.5000
4262.8906	81.0600	-3.7000
4334.3377	80.4700	-4.0000
4406.9822	79.8400	-4.7000
4480.8443	79.0600	-5.3000
4555.9444	78.1800	-4.7000
4632.3031	77.4200	-2.9000
4709.9417	76.8300	-1.4000
4788.8814	76.2200	-1.2000
4869.1443	75.3300	-1.5000
4950.7523	74.2200	0.2000
5033.7281	73.4700	4.3000
5118.0947	73.3300	6.1000
5203.8752	73.1500	2.7000
5291.0934	72.4700	-2.0000
5379.7734	71.9400	-4.7000
5469.9397	72.2000	-10.2000
5561.6173	72.5800	-22.2000
5654.8313	72.5200	-35.7000
5749.6077	72.8200	-45.6000
5845.9725	74.2300	-57.5000
5943.9525	75.6900	-75.6000
6043.5746	76.3700	-93.7000
6144.8664	76.9200	-106.3000
6247.8558	78.1000	-117.8000
6352.5714	79.2400	-134.0000
6459.0421	79.4500	-152.8000
6567.2972	78.5500	-169.9000
6677.3667	76.7400	178.1000
6789.2810	74.3500	171.8000
6903.0710	71.3500	172.8000
7018.7682	68.0200	-174.0000
7136.4045	66.9000	-144.0000
7256.0123	68.1900	-120.3000
7377.6249	70.1900	-103.5000
7501.2757	72.7500	-93.5000
7626.9989	74.9200	-90.2000
7754.8293	76.6900	-87.6000
7884.8021	78.6200	-86.1000
8016.9533	80.5200	-88.1000
8151.3194	82.0300	-92.7000
8287.9375	83.1100	-98.1000
8426.8454	83.7800	-102.7000
8568.0814	84.3300	-105.1000
8711.6845	85.2500	-106.8000
8857.6945	86.4100	-112.7000
9006.1516	86.8500	-121.6000
9157.0969	87.0200	-126.8000
9310.5721	87.7600	-134.7000
9466.6196	87.6800	-148.2000
9625.2825	86.5900	-160.2000
9786.6046	84.9300	-170.8000
9950.6305	82.0700	-177.9000
10117.4050	78.5700	-172.9000
10286.9760	75.9800	-155.7000
10459.3880	75.4800	-131.0000
10634.6900	76.9600	-112.6000
10812.9300	79.2200	-102.6000
10994.1570	81.5700	-101.3000
11178.4220	83.5000	-105.4000
11365.7750	85.4900	-114.5000
11556.2680	86.4800	-133.2000
11749.9540	85.7800	-151.8000
11946.8860	84.2200	-168.6000
12147.1190	81.2000	26.5000
12350.7080	77.5700	178.0000
12557.7080	74.4100	-172.6000
12768.1790	72.4800	-155.6000
12982.1770	71.7200	-136.5000
13199.7610	72.9400	-117.5000
13420.9920	75.5900	-115.4000
13645.9310	77.1000	-124.6000
13874.6410	78.2400	-138.6000
14107.1830	78.1900	-160.0000
14343.6230	76.7500	-71.9000
14584.0250	73.8600	152.9000
14828.4570	70.5100	128.3000
15076.9860	68.0500	94.9000
15329.6800	67.7400	54.3000
15586.6090	69.9800	7.9000
15847.8440	72.4400	-34.4000
16113.4580	73.4400	-69.9000
16383.5240	73.1600	-99.0000
16658.1150	71.4200	-126.8000
16937.3100	67.6900	-141.8000
17221.1830	62.9600	-137.8000
17509.8140	60.0600	-113.0000
17803.2830	60.8200	-88.1000
18101.6700	62.9200	-82.7000
18405.0590	65.0000	-91.9000
18713.5320	65.6100	-108.7000
19027.1760	63.4900	-119.0000
19346.0760	60.0800	-116.3000
19670.3210	57.8400	-104.8000