20.19895	61.98	127.8
20.53749	63.19	127.2
20.8817	64.34	126.7
21.23169	65.38	126.1
21.58753	66.24	125.5
21.94935	66.89	125
22.31722	67.34	124.4
22.69126	67.62	123.8
23.07158	67.79	123.2
23.45826	67.9	122.6
23.85143	67.99	122.1
24.25118	68.08	121.5
24.65764	68.19	120.9
25.07091	68.35	120.3
25.4911	68.55	119.7
25.91834	68.82	119.1
26.35274	69.14	118.5
26.79441	69.52	118
27.2435	69.93	117.4
27.7001	70.38	116.8
28.16436	70.83	116.2
28.63641	71.29	115.6
29.11636	71.77	115
29.60436	72.26	114.4
30.10053	72.77	113.8
30.60502	73.28	113.3
31.11797	73.78	112.7
31.63952	74.27	112.1
32.1698	74.74	111.5
32.70898	75.2	110.9
33.25719	75.64	110.3
33.81459	76.06	109.8
34.38133	76.44	109.2
34.95757	76.79	108.6
35.54346	77.1	108
36.13918	77.38	107.4
36.74488	77.63	106.8
37.36074	77.85	106.3
37.98691	78.01	105.7
38.62358	78.12	105.1
39.27092	78.18	104.5
39.92911	78.22	104
40.59833	78.22	103.4
41.27877	78.2	102.8
41.97061	78.16	102.2
42.67405	78.09	101.7
43.38928	78	101.1
44.11649	77.93	100.5
44.8559	77.94	99.9
45.60769	78.12	99.3
46.37209	78.48	98.8
47.1493	78.88	98.2
47.93953	79.25	97.6
48.74301	79.59	97
49.55995	79.91	96.5
50.39059	80.21	95.9
51.23515	80.47	95.3
52.09386	80.7	94.7
52.96697	80.89	94.2
53.85471	81.07	93.6
54.75733	81.25	93
55.67507	81.44	92.4
56.6082	81.65	91.9
57.55697	81.86	91.3
58.52164	82.06	90.7
59.50247	82.23	90.1
60.49975	82.39	89.6
61.51374	82.5	89
62.54472	82.56	88.4
63.59299	82.56	87.8
64.65882	82.53	87.2
65.74252	82.51	86.6
66.84438	82.53	86
67.96471	82.64	85.5
69.10382	82.86	84.9
70.26201	83.16	84.3
71.43962	83.51	83.7
72.63697	83.88	83.1
73.85438	84.22	82.5
75.0922	84.5	81.9
76.35076	84.71	81.3
77.63042	84.84	80.7
78.93152	84.9	80.1
80.25443	84.89	79.5
81.59952	84.84	78.8
82.96715	84.78	78.2
84.3577	84.76	77.6
85.77155	84.8	77
87.2091	84.97	76.4
88.67075	85.26	75.7
90.15689	85.63	75.1
91.66795	85.99	74.5
93.20432	86.29	73.8
94.76645	86.48	73.2
96.35476	86.57	72.5
97.96969	86.55	71.9
99.61168	86.48	71.2
101.2812	86.41	70.6
102.9787	86.37	69.9
104.70465	86.39	69.2
106.45952	86.5	68.6
108.24381	86.68	67.9
110.058	86.88	67.2
111.9026	87.06	66.5
113.77812	87.2	65.8
115.68507	87.27	65.1
117.62398	87.26	64.4
119.59538	87.19	63.7
121.59983	87.09	63
123.63787	87.04	62.3
125.71007	87.1	61.6
127.81701	87.25	60.9
129.95925	87.43	60.1
132.1374	87.55	59.4
134.35205	87.57	58.7
136.60383	87.54	57.9
138.89334	87.51	57.2
141.22123	87.52	56.4
143.58813	87.59	55.6
145.9947	87.68	54.9
148.44161	87.79	54.1
150.92953	87.9	53.3
153.45914	87.97	52.6
156.03116	87.98	51.8
158.64628	87.94	51
161.30523	87.91	50.2
164.00874	87.95	49.4
166.75757	88.05	48.6
169.55247	88.13	47.8
172.39421	88.15	47
175.28358	88.14	46.1
178.22137	88.14	45.3
181.2084	88.2	44.5
184.2455	88.29	43.7
187.3335	88.36	42.8
190.47326	88.41	42
193.66564	88.43	41.2
196.91152	88.44	40.3
200.2118	88.46	39.5
203.5674	88.52	38.7
206.97924	88.57	37.9
210.44827	88.56	37.1
213.97543	88.53	36.3
217.56171	88.55	35.5
221.2081	88.64	34.6
224.9156	88.71	33.9
228.68524	88.7	33.1
232.51806	88.65	32.3
236.41512	88.65	31.5
240.3775	88.71	30.7
244.40628	88.74	29.9
248.50259	88.69	29.1
252.66756	88.64	28.4
256.90233	88.73	27.6
261.20807	88.77	26.9
265.58598	88.67	26.2
270.03727	88.6	25.4
274.56316	88.61	24.8
279.16491	88.67	24.1
283.84378	88.65	23.4
288.60107	88.62	22.7
293.43809	88.68	22
298.35619	88.72	21.4
303.35671	88.69	20.7
308.44104	88.73	20.1
313.61059	88.8	19.5
318.86678	88.8	19
324.21107	88.73	18.5
329.64492	88.69	18
335.16985	88.65	17.5
340.78738	88.59	17
346.49906	88.59	16.6
352.30647	88.58	16.2
358.21121	88.54	15.9
364.21492	88.52	15.6
370.31925	88.52	15.3
376.5259	88.48	15
382.83656	88.44	14.8
389.253	88.42	14.5
395.77697	88.4	14.3
402.41029	88.4	14.2
409.15479	88.39	14
416.01232	88.37	13.9
422.98479	88.35	13.8
430.07412	88.32	13.7
437.28226	88.3	13.6
444.61122	88.3	13.4
452.06302	88.31	13.3
459.6397	88.34	13.2
467.34338	88.34	13.2
475.17617	88.35	13.1
483.14023	88.35	13
491.23778	88.35	12.9
499.47105	88.34	12.8
507.84231	88.34	12.7
516.35387	88.34	12.6
525.00808	88.35	12.5
533.80735	88.36	12.4
542.75409	88.38	12.2
551.85078	88.39	12
561.09994	88.4	11.8
570.50411	88.41	11.6
580.0659	88.41	11.3
589.78794	88.42	11
599.67293	88.42	10.8
609.7236	88.41	10.5
619.94272	88.4	10.2
630.33311	88.39	9.9
640.89765	88.37	9.6
651.63925	88.34	9.4
662.56088	88.32	9.1
673.66556	88.28	8.8
684.95636	88.24	8.6
696.4364	88.19	8.4
708.10884	88.14	8.1
719.97692	88.09	7.9
732.04391	88.03	7.8
744.31315	87.97	7.8
756.78802	87.91	7.9
769.47197	87.87	8.1
782.36851	87.83	8.4
795.4812	87.81	8.8
808.81366	87.82	9.2
822.36957	87.85	9.6
836.15269	87.9	9.9
850.16681	87.97	10.1
864.41582	88.06	10.2
878.90364	88.16	10.1
893.63428	88.26	9.8
908.61181	88.36	9.4
923.84036	88.44	8.7
939.32415	88.49	7.8
955.06746	88.52	6.9
971.07462	88.51	5.9
987.35007	88.46	5
1003.8983	88.38	4.1
1020.7239	88.27	3.4
1037.8315	88.14	3
1055.2258	88	2.8
1072.9116	87.87	2.9
1090.8939	87.76	3.4
1109.1775	87.7	4
1127.7676	87.68	4.6
1146.6693	87.73	5.3
1165.8877	87.81	5.7
1185.4283	87.93	5.8
1205.2964	88.05	5.6
1225.4974	88.17	5.1
1246.0371	88.26	4.3
1266.9209	88.3	3.4
1288.1549	88.31	2.4
1309.7446	88.27	1.5
1331.6963	88.21	0.9
1354.0158	88.15	0.5
1376.7095	88.09	0.3
1399.7835	88.08	0.3
1423.2442	88.11	0.4
1447.0981	88.2	0.3
1471.3518	88.32	-0.1
1496.012	88.45	-0.9
1521.0856	88.57	-2.1
1546.5793	88.65	-3.6
1572.5004	88.67	-5.4
1598.8559	88.64	-7.2
1625.6531	88.56	-8.9
1652.8994	88.44	-10.5
1680.6024	88.3	-11.8
1708.7697	88.17	-13
1737.4091	88.06	-14
1766.5285	87.97	-15.2
1796.136	87.89	-16.6
1826.2397	87.79	-18.2
1856.8479	87.66	-20.2
1887.9691	87.46	-22.4
1919.612	87.19	-24.7
1951.7851	86.84	-26.9
1984.4975	86.41	-28.8
2017.7582	85.92	-30.3
2051.5763	85.4	-31.3
2085.9612	84.86	-31.9
2120.9224	84.31	-32
2156.4696	83.76	-31.8
2192.6126	83.21	-31.3
2229.3613	82.65	-30.4
2266.7259	82.08	-29
2304.7168	81.5	-26.9
2343.3444	80.95	-23.9
2382.6195	80.5	-19.9
2422.5528	80.26	-14.9
2463.1553	80.28	-9.8
2504.4384	80.56	-5.5
2546.4134	80.99	-2.4
2589.0919	81.5	-0.6
2632.4858	82.03	-0.1
2676.6069	82.54	-0.8
2721.4674	83	-2.8
2767.0799	83.33	-6
2813.4568	83.42	-10.2
2860.6111	83.24	-14.4
2908.5556	82.81	-17.7
2957.3037	82.27	-19.1
3006.8689	81.86	-18.8
3057.2647	81.73	-18.2
3108.5052	81.8	-18.8
3160.6045	81.85	-21.4
3213.577	81.69	-25
3267.4374	81.28	-28.6
3322.2004	80.73	-31.1
3377.8813	80.23	-32.4
3434.4954	79.86	-33.4
3492.0584	79.58	-35.1
3550.5862	79.27	-37.7
3610.0949	78.87	-40.5
3670.6009	78.4	-43.4
3732.1211	77.89	-46.4
3794.6724	77.31	-49.7
3858.272	76.64	-52.7
3922.9376	75.96	-55.1
3988.687	75.4	-57.4
4055.5384	74.95	-60.7
4123.5102	74.43	-65.4
4192.6212	73.74	-70.4
4262.8906	73.03	-74.8
4334.3377	72.44	-78.9
4406.9822	71.99	-83.1
4480.8443	71.68	-87.1
4555.9444	71.74	-91.1
4632.3031	72.13	-97
4709.9417	72.53	-105.1
4788.8814	72.77	-113.7
4869.1443	73.02	-121.7
4950.7523	73.32	-129.5
5033.7281	73.53	-137.2
5118.0947	73.69	-143
5203.8752	74.08	-147.9
5291.0934	74.47	-154.2
5379.7734	74.4	-160.1
5469.9397	74.08	-161.8
5561.6173	74.16	-160
5654.8313	74.69	-157.9
5749.6077	75.54	-156.5
5845.9725	76.6	-157.2
5943.9525	77.48	-159.8
6043.5746	78.17	-161.7
6144.8664	79.09	-162.5
6247.8558	80.3	-165
6352.5714	81.52	-169.8
6459.0421	82.7	-176.9
6567.2972	83.87	175
6677.3667	84.93	162.7
6789.281	85.63	146.1
6903.071	85.57	124.7
7018.7682	84.09	99.5
7136.4045	80.75	75.2
7256.0123	76.19	55.5
7377.6249	71.71	27.8
7501.2757	68.07	-29.5
7626.9989	68.47	-95.3
7754.8293	71	-129.2
7884.8021	73.56	-141.5
8016.9533	76.22	-148.2
8151.3194	78.64	-157.5
8287.9375	80.31	-170.2
8426.8454	81.19	27.7
8568.0814	81.94	165.5
8711.6845	82.88	149.5
8857.6945	83.32	124.2
9006.1516	82.5	89.9
9157.0969	80.5	47.5
9310.5721	78.37	-2.8
9466.6196	77.74	-56
9625.2825	78.36	-100.7
9786.6046	79.32	-131.2
9950.6305	80.52	-153
10117.405	81.73	-174.7
10286.976	82.72	163.8
10459.388	82.93	132.6
10634.69	81.61	92.7
10812.93	78.13	42.9
10994.157	73.6	-17.8
11178.422	70.97	-83.5
11365.775	71.32	-126.9
11556.268	73.73	-150.9
11749.954	76.71	-139.8
11946.886	78.83	154
12147.119	79.31	112.8
12350.708	76.73	61.4
12557.708	70.86	14.1
12768.179	65.97	-34.9
12982.177	64.02	-94.7
13199.761	65.33	-134.2
13420.992	68.56	-161.5
13645.931	71.64	140.1
13874.641	73.81	134.6
14107.183	73.69	86.1
14343.623	70.09	27.8
14584.025	64.37	-32.6
14828.457	61.83	-97.3
15076.986	63.84	-148.1
15329.68	67.13	174.5
15586.609	68.5	134.4
15847.844	66.62	104.8
16113.458	63.8	96.5
16383.524	62.33	96.4
16658.115	60.98	96.8
16937.31	59.47	105.1
17221.183	60.21	127.9
17509.814	65.26	130.4
17803.283	68.21	102.4
18101.67	67.54	76
18405.059	66.24	60.6
18713.532	65.58	48
19027.176	65.22	25.9
19346.076	62.51	-10.2
19670.321	57.25	-34.3
