20.19895	64.49	123
20.53749	64.54	122.4
20.8817	64.59	121.9
21.23169	64.66	121.3
21.58753	64.74	120.8
21.94935	64.83	120.2
22.31722	64.94	119.6
22.69126	65.07	119.1
23.07158	65.23	118.5
23.45826	65.41	117.9
23.85143	65.61	117.4
24.25118	65.84	116.8
24.65764	66.09	116.2
25.07091	66.38	115.6
25.4911	66.7	115.1
25.91834	67.06	114.5
26.35274	67.46	113.9
26.79441	67.91	113.4
27.2435	68.39	112.8
27.7001	68.9	112.2
28.16436	69.43	111.7
28.63641	69.98	111.1
29.11636	70.53	110.5
29.60436	71.07	110
30.10053	71.62	109.4
30.60502	72.16	108.8
31.11797	72.7	108.3
31.63952	73.22	107.7
32.1698	73.73	107.1
32.70898	74.22	106.6
33.25719	74.68	106
33.81459	75.11	105.5
34.38133	75.5	104.9
34.95757	75.85	104.4
35.54346	76.16	103.8
36.13918	76.42	103.3
36.74488	76.65	102.7
37.36074	76.82	102.2
37.98691	76.95	101.6
38.62358	77.04	101.1
39.27092	77.1	100.5
39.92911	77.13	100
40.59833	77.14	99.4
41.27877	77.14	98.9
41.97061	77.16	98.3
42.67405	77.2	97.8
43.38928	77.29	97.2
44.11649	77.41	96.6
44.8559	77.59	96.1
45.60769	77.81	95.6
46.37209	78.08	95
47.1493	78.37	94.5
47.93953	78.68	93.9
48.74301	78.99	93.4
49.55995	79.28	92.8
50.39059	79.54	92.3
51.23515	79.76	91.7
52.09386	79.96	91.2
52.96697	80.14	90.6
53.85471	80.33	90
54.75733	80.54	89.5
55.67507	80.78	88.9
56.6082	81.03	88.4
57.55697	81.29	87.8
58.52164	81.52	87.3
59.50247	81.71	86.7
60.49975	81.82	86.2
61.51374	81.87	85.6
62.54472	81.87	85.1
63.59299	81.83	84.5
64.65882	81.81	83.9
65.74252	81.85	83.4
66.84438	81.98	82.8
67.96471	82.23	82.2
69.10382	82.58	81.6
70.26201	82.99	81.1
71.43962	83.42	80.5
72.63697	83.8	79.9
73.85438	84.12	79.3
75.0922	84.34	78.7
76.35076	84.48	78.2
77.63042	84.53	77.6
78.93152	84.52	77
80.25443	84.46	76.4
81.59952	84.39	75.8
82.96715	84.34	75.1
84.3577	84.37	74.5
85.77155	84.54	73.9
87.2091	84.86	73.3
88.67075	85.26	72.7
90.15689	85.65	72
91.66795	85.97	71.4
93.20432	86.16	70.8
94.76645	86.21	70.1
96.35476	86.17	69.5
97.96969	86.07	68.9
99.61168	85.96	68.2
101.2812	85.9	67.6
102.9787	85.93	66.9
104.70465	86.05	66.2
106.45952	86.26	65.5
108.24381	86.48	64.9
110.058	86.69	64.2
111.9026	86.83	63.5
113.77812	86.9	62.8
115.68507	86.9	62.1
117.62398	86.8	61.4
119.59538	86.67	60.7
121.59983	86.6	60
123.63787	86.67	59.3
125.71007	86.87	58.5
127.81701	87.08	57.8
129.95925	87.2	57.1
132.1374	87.2	56.3
134.35205	87.12	55.6
136.60383	87.03	54.8
138.89334	87.01	54.1
141.22123	87.08	53.3
143.58813	87.18	52.5
145.9947	87.31	51.8
148.44161	87.45	51
150.92953	87.52	50.2
153.45914	87.49	49.4
156.03116	87.38	48.6
158.64628	87.3	47.8
161.30523	87.33	47
164.00874	87.46	46.2
166.75757	87.57	45.4
169.55247	87.59	44.6
172.39421	87.52	43.7
175.28358	87.47	42.9
178.22137	87.5	42.1
181.2084	87.6	41.2
184.2455	87.69	40.4
187.3335	87.75	39.5
190.47326	87.76	38.7
193.66564	87.73	37.8
196.91152	87.73	37
200.2118	87.8	36.1
203.5674	87.89	35.3
206.97924	87.91	34.5
210.44827	87.81	33.7
213.97543	87.77	32.9
217.56171	87.85	32.1
221.2081	87.99	31.3
224.9156	88.02	30.5
228.68524	87.95	29.7
232.51806	87.87	28.9
236.41512	87.88	28.1
240.3775	88.06	27.4
244.40628	88.05	26.6
248.50259	87.83	25.8
252.66756	87.88	25.1
256.90233	88.04	24.4
261.20807	88.01	23.6
265.58598	87.88	22.9
270.03727	87.78	22.2
274.56316	87.83	21.6
279.16491	87.91	20.9
283.84378	87.82	20.3
288.60107	87.8	19.6
293.43809	87.92	19
298.35619	87.89	18.3
303.35671	87.83	17.7
308.44104	87.9	17.2
313.61059	88	16.6
318.86678	87.98	16.1
324.21107	87.88	15.6
329.64492	87.87	15.2
335.16985	87.8	14.8
340.78738	87.72	14.4
346.49906	87.74	14
352.30647	87.72	13.7
358.21121	87.64	13.4
364.21492	87.64	13.2
370.31925	87.64	13
376.5259	87.57	12.8
382.83656	87.54	12.7
389.253	87.5	12.6
395.77697	87.48	12.5
402.41029	87.5	12.4
409.15479	87.47	12.5
416.01232	87.45	12.5
422.98479	87.49	12.5
430.07412	87.49	12.5
437.28226	87.47	12.6
444.61122	87.44	12.7
452.06302	87.41	12.8
459.6397	87.43	12.8
467.34338	87.43	12.9
475.17617	87.44	13
483.14023	87.44	13.1
491.23778	87.42	13.2
499.47105	87.41	13.3
507.84231	87.42	13.3
516.35387	87.45	13.3
525.00808	87.47	13.3
533.80735	87.51	13.3
542.75409	87.54	13.2
551.85078	87.58	13.1
561.09994	87.62	12.9
570.50411	87.66	12.6
580.0659	87.7	12.3
589.78794	87.73	11.9
599.67293	87.76	11.5
609.7236	87.77	11
619.94272	87.78	10.5
630.33311	87.78	10.1
640.89765	87.77	9.5
651.63925	87.75	9
662.56088	87.72	8.5
673.66556	87.67	8
684.95636	87.61	7.6
696.4364	87.54	7.2
708.10884	87.45	6.7
719.97692	87.34	6.4
732.04391	87.23	6.3
744.31315	87.12	6.2
756.78802	87.01	6.4
769.47197	86.9	6.7
782.36851	86.82	7.2
795.4812	86.75	7.8
808.81366	86.72	8.6
822.36957	86.72	9.3
836.15269	86.76	10.1
850.16681	86.84	10.7
864.41582	86.94	11.1
878.90364	87.06	11.3
893.63428	87.2	11.3
908.61181	87.32	11
923.84036	87.44	10.4
939.32415	87.53	9.7
955.06746	87.59	8.7
971.07462	87.61	7.7
987.35007	87.6	6.7
1003.8983	87.54	5.7
1020.7239	87.44	4.9
1037.8315	87.32	4.2
1055.2258	87.18	3.9
1072.9116	87.04	3.8
1090.8939	86.92	4.1
1109.1775	86.84	4.5
1127.7676	86.79	5.1
1146.6693	86.8	5.6
1165.8877	86.84	6
1185.4283	86.91	6.2
1205.2964	86.99	6.1
1225.4974	87.07	5.7
1246.0371	87.12	5.1
1266.9209	87.13	4.4
1288.1549	87.1	3.8
1309.7446	87.05	3.2
1331.6963	86.97	2.9
1354.0158	86.9	2.8
1376.7095	86.85	3
1399.7835	86.85	3.4
1423.2442	86.91	3.7
1447.0981	87.02	3.8
1471.3518	87.17	3.5
1496.012	87.32	2.8
1521.0856	87.46	1.7
1546.5793	87.56	0.2
1572.5004	87.6	-1.5
1598.8559	87.59	-3.3
1625.6531	87.52	-5
1652.8994	87.41	-6.6
1680.6024	87.28	-7.9
1708.7697	87.15	-9.1
1737.4091	87.03	-10.2
1766.5285	86.93	-11.3
1796.136	86.83	-12.6
1826.2397	86.73	-14.1
1856.8479	86.6	-15.8
1887.9691	86.43	-17.8
1919.612	86.2	-19.8
1951.7851	85.91	-21.9
1984.4975	85.56	-23.8
2017.7582	85.15	-25.6
2051.5763	84.69	-27.2
2085.9612	84.19	-28.5
2120.9224	83.64	-29.5
2156.4696	83.05	-30.2
2192.6126	82.42	-30.6
2229.3613	81.75	-30.4
2266.7259	81.05	-29.8
2304.7168	80.31	-28.5
2343.3444	79.55	-26.3
2382.6195	78.78	-22.8
2422.5528	78.09	-17.9
2463.1553	77.6	-11.4
2504.4384	77.46	-3.9
2546.4134	77.74	3.6
2589.0919	78.43	9.5
2632.4858	79.37	12.8
2676.6069	80.37	13
2721.4674	81.23	10.4
2767.0799	81.8	5.6
2813.4568	81.96	-0.3
2860.6111	81.68	-6.3
2908.5556	80.99	-10.7
2957.3037	80.06	-12.1
3006.8689	79.26	-10.2
3057.2647	78.92	-6.4
3108.5052	79.06	-3.7
3160.6045	79.37	-3.7
3213.577	79.52	-5.9
3267.4374	79.41	-8.8
3322.2004	79.12	-11.2
3377.8813	78.81	-12.7
3434.4954	78.57	-14.2
3492.0584	78.36	-16.2
3550.5862	78.08	-18.8
3610.0949	77.73	-21.5
3670.6009	77.34	-24.3
3732.1211	76.91	-27.2
3794.6724	76.42	-30.5
3858.272	75.82	-33.7
3922.9376	75.19	-36.7
3988.687	74.6	-39.8
4055.5384	74	-43.7
4123.5102	73.25	-48.3
4192.6212	72.39	-52.5
4262.8906	71.57	-56.4
4334.3377	70.78	-60.9
4406.9822	69.88	-65.5
4480.8443	68.96	-68.2
4555.9444	68.51	-69.1
4632.3031	68.6	-71.5
4709.9417	68.78	-76.1
4788.8814	68.97	-80.7
4869.1443	69.42	-85.4
4950.7523	69.88	-91.8
5033.7281	70	-97.6
5118.0947	70.16	-99.9
5203.8752	70.79	-101
5291.0934	71.56	-102.6
5379.7734	72.52	-102.5
5469.9397	74.16	-103.4
5561.6173	75.89	-109.9
5654.8313	76.89	-119
5749.6077	77.3	-125.7
5845.9725	77.68	-129.4
5943.9525	78.21	-131.6
6043.5746	78.92	-132.7
6144.8664	80.08	-133.5
6247.8558	81.66	-137.1
6352.5714	83.39	-144.3
6459.0421	85.25	-156.4
6567.2972	86.84	-178.4
6677.3667	87.02	154.1
6789.281	84.81	121.3
6903.071	79.44	95.6
7018.7682	71.26	95.4
7136.4045	65.42	139
7256.0123	65.91	-8.7
7377.6249	68.08	-154.4
7501.2757	70.72	-139.7
7626.9989	73.32	-133.9
7754.8293	75.67	-132.8
7884.8021	77.79	-136.6
8016.9533	79.35	-143.5
8151.3194	80.63	-151.6
8287.9375	81.76	-162.6
8426.8454	82.5	65.8
8568.0814	82.29	161.2
8711.6845	80.91	136.7
8857.6945	78.18	102.6
9006.1516	73.29	48.4
9157.0969	68.84	-33.2
9310.5721	69.2	-100.4
9466.6196	70.39	-124.7
9625.2825	72.37	-125.4
9786.6046	75.78	-126.6
9950.6305	79.18	-139.8
10117.405	81.57	-163.2
10286.976	82.43	164.6
10459.388	80.46	122.5
10634.69	75.28	84.4
10812.93	68.04	51.5
10994.157	62.24	11.3
11178.422	63.54	-47.6
11365.775	68.5	-91.5
11556.268	73.07	-122.1
11749.954	77.18	-156.7
11946.886	78.81	155.6
12147.119	75.97	97
12350.708	70.32	54.3
12557.708	65.72	18.7
12768.179	64.7	-24.7
12982.177	65.97	-70.6
13199.761	68.35	-105.6
13420.992	70.99	-140.4
13645.931	71.91	-148.7
13874.641	70.48	135.1
14107.183	66.43	89.8
14343.623	61.89	33.9
14584.025	60.83	-46.9
14828.457	64.01	-113.4
15076.986	67.39	-163.5
15329.68	68.06	149.4
15586.609	64.17	112.9
15847.844	58.52	102.3
16113.458	52.13	109.7
16383.524	46.24	151.2
16658.115	50.18	-164
16937.31	56.8	-149.2
17221.183	62.06	-161.8
17509.814	63.81	170.5
17803.283	63.04	150.1
18101.67	62.05	139.8
18405.059	62.04	124.9
18713.532	58.99	101.6
19027.176	54.58	110.3
19346.076	54.67	128.4
19670.321	55.68	133.4
