"| "| "| "| "| Standardized FRD file, measured by OmniMic "1100200.omm" on 11/25/2013 by userID: 
"| "| "| "| "| Equivalent to driven with 2.83V and measured at 1m
"| "| "| "| "| Acoustic origin is 51.73useconds behind the mounting plane.
"| "| "| "| "| 
20.19895	73.55	82.2
20.53749	73.65	82.2
20.8817	73.75	82.1
21.23169	73.86	82
21.58753	73.98	81.9
21.94935	74.11	81.8
22.31722	74.24	81.7
22.69126	74.38	81.6
23.07158	74.53	81.4
23.45826	74.68	81.3
23.85143	74.85	81.2
24.25118	75.02	81.1
24.65764	75.2	80.9
25.07091	75.39	80.7
25.4911	75.6	80.5
25.91834	75.81	80.4
26.35274	76.04	80.2
26.79441	76.28	80.1
27.2435	76.53	79.9
27.7001	76.79	79.8
28.16436	77.06	79.6
28.63641	77.34	79.5
29.11636	77.62	79.3
29.60436	77.91	79.1
30.10053	78.21	78.9
30.60502	78.51	78.7
31.11797	78.8	78.5
31.63952	79.09	78.3
32.1698	79.38	78.1
32.70898	79.66	77.9
33.25719	79.93	77.7
33.81459	80.19	77.5
34.38133	80.43	77.3
34.95757	80.66	77.1
35.54346	80.88	76.9
36.13918	81.08	76.6
36.74488	81.26	76.4
37.36074	81.42	76.1
37.98691	81.57	75.9
38.62358	81.7	75.7
39.27092	81.81	75.5
39.92911	81.91	75.2
40.59833	81.99	75
41.27877	82.06	74.7
41.97061	82.11	74.4
42.67405	82.16	74.1
43.38928	82.2	73.9
44.11649	82.23	73.6
44.8559	82.27	73.4
45.60769	82.3	73.1
46.37209	82.35	72.8
47.1493	82.4	72.6
47.93953	82.47	72.2
48.74301	82.55	71.9
49.55995	82.64	71.6
50.39059	82.75	71.3
51.23515	82.86	71
52.09386	82.99	70.7
52.96697	83.12	70.3
53.85471	83.25	70
54.75733	83.4	69.7
55.67507	83.55	69.3
56.6082	83.7	69
57.55697	83.85	68.7
58.52164	84	68.3
59.50247	84.15	67.9
60.49975	84.29	67.6
61.51374	84.42	67.2
62.54472	84.54	66.9
63.59299	84.65	66.5
64.65882	84.75	66
65.74252	84.84	65.7
66.84438	84.92	65.3
67.96471	84.98	64.9
69.10382	85.04	64.5
70.26201	85.1	64
71.43962	85.16	63.6
72.63697	85.22	63.2
73.85438	85.3	62.8
75.0922	85.39	62.3
76.35076	85.49	61.9
77.63042	85.6	61.5
78.93152	85.72	61.1
80.25443	85.83	60.7
81.59952	85.94	60.2
82.96715	86.03	59.7
84.3577	86.11	59.3
85.77155	86.18	58.9
87.2091	86.24	58.4
88.67075	86.29	58
90.15689	86.34	57.6
91.66795	86.38	57.1
93.20432	86.43	56.7
94.76645	86.48	56.3
96.35476	86.54	56
97.96969	86.58	55.5
99.61168	86.63	55.2
101.2812	86.66	54.9
102.9787	86.67	54.6
104.70465	86.68	54.4
106.45952	86.75	54.1
108.24381	86.72	53.3
110.058	86.75	52.6
111.9026	86.88	52.1
113.77812	87.07	51.5
115.68507	87.23	50.9
117.62398	87.3	50.3
119.59538	87.31	49.6
121.59983	87.29	49
123.63787	87.27	48.4
125.71007	87.24	47.7
127.81701	87.16	47.1
129.95925	87.07	46.4
132.1374	87	45.7
134.35205	87.01	45.1
136.60383	87.09	44.3
138.89334	87.22	43.7
141.22123	87.32	43.1
143.58813	87.35	42.3
145.9947	87.36	41.6
148.44161	87.38	40.8
150.92953	87.45	40.1
153.45914	87.54	39.3
156.03116	87.59	38.6
158.64628	87.57	37.8
161.30523	87.5	37.1
164.00874	87.42	36.3
166.75757	87.34	35.6
169.55247	87.31	34.7
172.39421	87.35	34
175.28358	87.45	33.1
178.22137	87.53	32.4
181.2084	87.57	31.6
184.2455	87.58	30.8
187.3335	87.59	30
190.47326	87.62	29.1
193.66564	87.66	28.3
196.91152	87.69	27.6
200.2118	87.7	26.7
203.5674	87.7	25.8
206.97924	87.71	25.1
210.44827	87.72	24.2
213.97543	87.73	23.4
217.56171	87.74	22.6
221.2081	87.78	21.8
224.9156	87.81	21
228.68524	87.84	20.1
232.51806	87.85	19.3
236.41512	87.84	18.5
240.3775	87.82	17.8
244.40628	87.8	16.9
248.50259	87.78	16.1
252.66756	87.77	15.5
256.90233	87.77	14.7
261.20807	87.77	13.9
265.58598	87.75	13.2
270.03727	87.72	12.5
274.56316	87.7	11.9
279.16491	87.69	11.2
283.84378	87.69	10.6
288.60107	87.69	9.9
293.43809	87.71	9.3
298.35619	87.72	8.8
303.35671	87.74	8.2
308.44104	87.75	7.7
313.61059	87.74	7.4
318.86678	87.7	6.9
324.21107	87.64	6.5
329.64492	87.57	6.1
335.16985	87.51	5.8
340.78738	87.47	5.5
346.49906	87.45	5.3
352.30647	87.41	5.1
358.21121	87.38	4.9
364.21492	87.35	4.6
370.31925	87.33	4.5
376.5259	87.31	4.4
382.83656	87.27	4.4
389.253	87.23	4.3
395.77697	87.19	4.3
402.41029	87.16	4.3
409.15479	87.15	4.3
416.01232	87.14	4.2
422.98479	87.13	4.3
430.07412	87.13	4.3
437.28226	87.14	4.2
444.61122	87.15	4.2
452.06302	87.18	4.2
459.6397	87.21	4.1
467.34338	87.24	4
475.17617	87.27	3.8
483.14023	87.3	3.7
491.23778	87.34	3.6
499.47105	87.38	3.3
507.84231	87.37	2.9
516.35387	87.38	2.6
525.00808	87.39	2.3
533.80735	87.42	2.1
542.75409	87.46	1.8
551.85078	87.51	1.6
561.09994	87.57	1.2
570.50411	87.65	0.9
580.0659	87.71	0.3
589.78794	87.79	-0.3
599.67293	87.88	-1
609.7236	87.96	-1.8
619.94272	88.03	-2.5
630.33311	88.1	-3.5
640.89765	88.14	-4.4
651.63925	88.19	-5.3
662.56088	88.21	-6.2
673.66556	88.23	-7.2
684.95636	88.23	-8.1
696.4364	88.22	-8.9
708.10884	88.2	-9.7
719.97692	88.17	-10.4
732.04391	88.14	-11.1
744.31315	88.11	-11.7
756.78802	88.09	-12.1
769.47197	88.07	-12.5
782.36851	88.07	-12.9
795.4812	88.08	-13.1
808.81366	88.12	-13.5
822.36957	88.17	-13.8
836.15269	88.24	-14.2
850.16681	88.32	-14.8
864.41582	88.43	-15.5
878.90364	88.52	-16.4
893.63428	88.61	-17.4
908.61181	88.7	-18.6
923.84036	88.77	-20
939.32415	88.8	-21.5
955.06746	88.82	-23.1
971.07462	88.81	-24.7
987.35007	88.76	-26.4
1003.8983	88.68	-27.8
1020.7239	88.59	-29.2
1037.8315	88.48	-30.4
1055.2258	88.36	-31.4
1072.9116	88.26	-32.3
1090.8939	88.15	-33
1109.1775	88.08	-33.6
1127.7676	88.02	-34.2
1146.6693	88	-34.8
1165.8877	87.99	-35.6
1185.4283	87.98	-36.5
1205.2964	87.98	-37.6
1225.4974	87.95	-38.9
1246.0371	87.9	-40.2
1266.9209	87.83	-41.5
1288.1549	87.71	-42.8
1309.7446	87.59	-43.8
1331.6963	87.46	-44.7
1354.0158	87.34	-45.3
1376.7095	87.23	-45.7
1399.7835	87.17	-46.2
1423.2442	87.16	-46.5
1447.0981	87.17	-47.1
1471.3518	87.21	-47.9
1496.012	87.24	-49
1521.0856	87.28	-50.4
1546.5793	87.29	-51.8
1572.5004	87.27	-53.4
1598.8559	87.23	-55.1
1625.6531	87.18	-56.7
1652.8994	87.11	-58.4
1680.6024	87.04	-60
1708.7697	86.96	-61.8
1737.4091	86.86	-63.6
1766.5285	86.74	-65.4
1796.136	86.6	-67.4
1826.2397	86.43	-69.1
1856.8479	86.25	-70.8
1887.9691	86.05	-72.3
1919.612	85.88	-73.7
1951.7851	85.71	-75.2
1984.4975	85.56	-76.7
2017.7582	85.4	-78.5
2051.5763	85.21	-80.5
2085.9612	84.97	-82.6
2120.9224	84.66	-84.5
2156.4696	84.3	-86.1
2192.6126	83.9	-87.1
2229.3613	83.52	-87.5
2266.7259	83.2	-87.4
2304.7168	82.97	-87.1
2343.3444	82.85	-86.9
2382.6195	82.82	-87.1
2422.5528	82.83	-87.9
2463.1553	82.84	-89.4
2504.4384	82.8	-91.3
2546.4134	82.69	-93.7
2589.0919	82.51	-96.2
2632.4858	82.25	-98.6
2676.6069	81.93	-100.8
2721.4674	81.56	-102.5
2767.0799	81.18	-103.8
2813.4568	80.82	-104.4
2860.6111	80.56	-104.7
2908.5556	80.44	-105
2957.3037	80.46	-106
3006.8689	80.54	-108.4
3057.2647	80.53	-112.2
3108.5052	80.34	-117
3160.6045	79.92	-122.1
3213.577	79.26	-126.5
3267.4374	78.42	-129.7
3322.2004	77.48	-131.4
3377.8813	76.58	-131.5
3434.4954	75.84	-130.8
3492.0584	75.27	-130.2
3550.5862	74.8	-130.2
3610.0949	74.32	-130.6
3670.6009	73.75	-130.9
3732.1211	73.19	-130.5
3794.6724	72.72	-129.6
3858.272	72.41	-129.1
3922.9376	72.15	-129.5
3988.687	71.89	-130.4
4055.5384	71.61	-131.6
4123.5102	71.37	-133.4
4192.6212	71.11	-136.2
4262.8906	70.72	-139.6
4334.3377	70.23	-142.8
4406.9822	69.78	-146
4480.8443	69.51	-149.7
4555.9444	69.55	-155.4
4632.3031	69.92	-164.8
4709.9417	70.43	-179.7
4788.8814	70.92	161.1
4869.1443	71.55	139.7
4950.7523	72.81	118.8
5033.7281	74.87	97.9
5118.0947	77.21	75.5
5203.8752	79.3	50.4
5291.0934	80.88	23.4
5379.7734	81.83	-4.6
5469.9397	82.1	-32
5561.6173	81.62	-57.6
5654.8313	80.42	-79.2
5749.6077	78.53	-94
5845.9725	76.23	-100.3
5943.9525	74.2	-100.5
6043.5746	73.14	-100.1
6144.8664	72.61	-102.3
6247.8558	71.86	-104
6352.5714	71.21	-100.6
6459.0421	71.72	-95.9
6567.2972	73	-96.7
6677.3667	73.85	-106
6789.281	73.9	-118.6
6903.071	73.38	-129.8
7018.7682	72.71	-140.7
7136.4045	71.85	-153.7
7256.0123	70.29	-166
7377.6249	67.62	-167.4
7501.2757	64.39	-147.9
7626.9989	64.36	-116.9
7754.8293	67.42	-96.2
7884.8021	69.69	-98.4
8016.9533	70.62	-114.9
8151.3194	70.65	-129.6
8287.9375	70.49	-139.6
8426.8454	70.53	-149
8568.0814	70.41	-160.4
8711.6845	69.69	-171.2
8857.6945	68.59	-177.2
9006.1516	67.6	-179.6
9157.0969	67.36	-179.2
9310.5721	68.1	179.4
9466.6196	69.11	172.9
9625.2825	69.84	160.3
9786.6046	70.01	144.2
9950.6305	69.74	127.1
10117.405	69.11	109.3
10286.976	67.99	91.2
10459.388	66.31	75.9
10634.69	64.1	66.4
10812.93	61.99	62.4
10994.157	61.1	57.7
11178.422	61.02	46.2
11365.775	60.64	27.4
11556.268	59.46	2.9
11749.954	57.44	-28.8
11946.886	54.74	-70.7
12147.119	51.53	-121.2
12350.708	49.44	-172.9
12557.708	50.3	141.9
12768.179	51.58	106.1
12982.177	51.97	80.7
13199.761	51.71	64.6
13420.992	51.43	53.3
13645.931	51.31	43.1
13874.641	51.21	33.4
14107.183	50.82	26.1
14343.623	50.79	20.7
14584.025	51.05	10.9
14828.457	51.19	-4.9
15076.986	50.57	-25.1
15329.68	48.93	-40
15586.609	47	-43.4
15847.844	46.21	-46.4
16113.458	46.03	-59
16383.524	45.17	-87.3
16658.115	43.11	-126.6
16937.31	42.04	-172.7
17221.183	42.38	140.3
17509.814	42.63	97.4
17803.283	42.05	61.6
18101.67	40.81	35.1
18405.059	39.84	16.7
18713.532	39.87	1.1
19027.176	39.93	-9.1
19346.076	39.22	-18.3
19670.321	38.31	-29.9
