"| "| "| "| "| Standardized FRD file, measured by OmniMic "1100200.omm" on 11/25/2013 by userID: 
"| "| "| "| "| Equivalent to driven with 2.83V and measured at 1m
"| "| "| "| "| Acoustic origin is 51.73useconds behind the mounting plane.
"| "| "| "| "| 
20.19895	71.38	118.4
20.53749	71.56	118.1
20.8817	71.75	117.7
21.23169	71.95	117.3
21.58753	72.14	116.9
21.94935	72.32	116.5
22.31722	72.5	116.1
22.69126	72.68	115.6
23.07158	72.86	115.1
23.45826	73.04	114.7
23.85143	73.22	114.1
24.25118	73.42	113.6
24.65764	73.61	113.1
25.07091	73.79	112.6
25.4911	73.98	112.1
25.91834	74.18	111.6
26.35274	74.37	111.1
26.79441	74.58	110.6
27.2435	74.79	110
27.7001	75	109.5
28.16436	75.21	109
28.63641	75.43	108.5
29.11636	75.65	107.9
29.60436	75.87	107.3
30.10053	76.09	106.8
30.60502	76.32	106.3
31.11797	76.55	105.7
31.63952	76.78	105.2
32.1698	77.01	104.7
32.70898	77.25	104.1
33.25719	77.48	103.6
33.81459	77.71	103.1
34.38133	77.94	102.5
34.95757	78.16	101.9
35.54346	78.39	101.4
36.13918	78.6	100.9
36.74488	78.82	100.3
37.36074	79.03	99.8
37.98691	79.23	99.3
38.62358	79.42	98.7
39.27092	79.61	98.2
39.92911	79.79	97.6
40.59833	79.96	97.1
41.27877	80.13	96.5
41.97061	80.29	96
42.67405	80.44	95.5
43.38928	80.58	94.9
44.11649	80.71	94.4
44.8559	80.84	93.8
45.60769	80.94	93.3
46.37209	81.02	92.7
47.1493	81.09	92.2
47.93953	81.16	91.7
48.74301	81.22	91.1
49.55995	81.29	90.6
50.39059	81.37	90
51.23515	81.46	89.5
52.09386	81.56	88.9
52.96697	81.67	88.4
53.85471	81.79	87.9
54.75733	81.92	87.3
55.67507	82.05	86.7
56.6082	82.19	86.2
57.55697	82.33	85.6
58.52164	82.47	85.1
59.50247	82.61	84.6
60.49975	82.74	83.9
61.51374	82.87	83.4
62.54472	83	82.8
63.59299	83.13	82.3
64.65882	83.25	81.8
65.74252	83.36	81.1
66.84438	83.48	80.6
67.96471	83.59	80
69.10382	83.71	79.5
70.26201	83.82	78.9
71.43962	83.93	78.3
72.63697	84.05	77.7
73.85438	84.17	77.2
75.0922	84.29	76.6
76.35076	84.41	76
77.63042	84.54	75.4
78.93152	84.67	74.9
80.25443	84.8	74.3
81.59952	84.93	73.7
82.96715	85.05	73.2
84.3577	85.17	72.6
85.77155	85.28	72.1
87.2091	85.38	71.5
88.67075	85.48	71
90.15689	85.57	70.5
91.66795	85.66	70
93.20432	85.74	69.4
94.76645	85.81	69
96.35476	85.87	68.5
97.96969	85.93	68
99.61168	85.98	67.7
101.2812	86	67.2
102.9787	86	66.6
104.70465	85.98	66
106.45952	85.96	65.2
108.24381	86	64.2
110.058	86.11	63.6
111.9026	86.25	62.9
113.77812	86.41	62.2
115.68507	86.55	61.5
117.62398	86.63	60.8
119.59538	86.66	60.1
121.59983	86.66	59.4
123.63787	86.63	58.7
125.71007	86.59	58
127.81701	86.54	57.3
129.95925	86.53	56.5
132.1374	86.57	55.9
134.35205	86.65	55.1
136.60383	86.75	54.3
138.89334	86.84	53.5
141.22123	86.9	52.9
143.58813	86.98	52.1
145.9947	87.05	51.3
148.44161	87.15	50.6
150.92953	87.23	49.7
153.45914	87.31	49
156.03116	87.35	48.2
158.64628	87.33	47.5
161.30523	87.29	46.6
164.00874	87.23	45.8
166.75757	87.21	45
169.55247	87.23	44.2
172.39421	87.3	43.4
175.28358	87.39	42.5
178.22137	87.48	41.7
181.2084	87.54	40.8
184.2455	87.59	40.1
187.3335	87.63	39.1
190.47326	87.69	38.4
193.66564	87.75	37.5
196.91152	87.8	36.6
200.2118	87.82	35.9
203.5674	87.84	34.9
206.97924	87.85	34.1
210.44827	87.87	33.2
213.97543	87.9	32.3
217.56171	87.93	31.5
221.2081	87.99	30.6
224.9156	88.05	29.7
228.68524	88.09	28.9
232.51806	88.1	28
236.41512	88.1	27.2
240.3775	88.1	26.3
244.40628	88.09	25.5
248.50259	88.09	24.6
252.66756	88.1	23.8
256.90233	88.11	23
261.20807	88.12	22.1
265.58598	88.11	21.3
270.03727	88.09	20.5
274.56316	88.09	19.8
279.16491	88.1	19
283.84378	88.12	18.2
288.60107	88.14	17.5
293.43809	88.16	16.7
298.35619	88.19	16
303.35671	88.22	15.2
308.44104	88.25	14.6
313.61059	88.26	13.9
318.86678	88.24	13.2
324.21107	88.19	12.6
329.64492	88.13	12
335.16985	88.09	11.4
340.78738	88.06	10.9
346.49906	88.04	10.4
352.30647	88.02	9.9
358.21121	88	9.4
364.21492	87.98	9
370.31925	87.96	8.4
376.5259	87.95	8.1
382.83656	87.91	7.7
389.253	87.87	7.4
395.77697	87.83	7.1
402.41029	87.79	6.8
409.15479	87.77	6.5
416.01232	87.75	6.3
422.98479	87.73	6
430.07412	87.7	5.9
437.28226	87.67	5.7
444.61122	87.65	5.5
452.06302	87.63	5.4
459.6397	87.62	5.2
467.34338	87.6	5.1
475.17617	87.58	5
483.14023	87.57	4.9
491.23778	87.57	4.8
499.47105	87.58	4.7
507.84231	87.46	4.1
516.35387	87.35	3.6
525.00808	87.25	3.3
533.80735	87.15	3
542.75409	87.07	2.9
551.85078	87.02	2.8
561.09994	86.97	2.8
570.50411	86.96	2.7
580.0659	86.96	2.6
589.78794	86.97	2.5
599.67293	87.07	2.2
609.7236	87.17	1.8
619.94272	87.27	1.4
630.33311	87.38	0.8
640.89765	87.47	0.2
651.63925	87.55	-0.4
662.56088	87.63	-1.1
673.66556	87.7	-1.8
684.95636	87.77	-2.7
696.4364	87.82	-3.5
708.10884	87.87	-4.3
719.97692	87.91	-5.1
732.04391	87.94	-6
744.31315	87.98	-6.8
756.78802	88	-7.5
769.47197	88.04	-8.3
782.36851	88.07	-9.1
795.4812	88.1	-9.8
808.81366	88.15	-10.6
822.36957	88.2	-11.4
836.15269	88.25	-12.2
850.16681	88.31	-13.2
864.41582	88.35	-14.3
878.90364	88.4	-15.4
893.63428	88.44	-16.7
908.61181	88.46	-18
923.84036	88.47	-19.4
939.32415	88.45	-20.9
955.06746	88.41	-22.4
971.07462	88.34	-23.8
987.35007	88.25	-25
1003.8983	88.14	-26.3
1020.7239	88.02	-27.2
1037.8315	87.9	-28
1055.2258	87.79	-28.6
1072.9116	87.7	-29
1090.8939	87.63	-29.4
1109.1775	87.61	-29.7
1127.7676	87.62	-30.2
1146.6693	87.66	-30.8
1165.8877	87.7	-31.7
1185.4283	87.74	-32.8
1205.2964	87.76	-34.2
1225.4974	87.74	-35.8
1246.0371	87.68	-37.5
1266.9209	87.56	-39.1
1288.1549	87.41	-40.5
1309.7446	87.21	-41.7
1331.6963	87	-42.4
1354.0158	86.79	-42.7
1376.7095	86.64	-42.6
1399.7835	86.55	-42.3
1423.2442	86.54	-41.9
1447.0981	86.61	-41.8
1471.3518	86.73	-42.1
1496.012	86.87	-42.9
1521.0856	87	-44.1
1546.5793	87.1	-45.6
1572.5004	87.16	-47.3
1598.8559	87.17	-49.3
1625.6531	87.16	-51.1
1652.8994	87.11	-53
1680.6024	87.06	-54.7
1708.7697	87	-56.5
1737.4091	86.94	-58.4
1766.5285	86.86	-60.2
1796.136	86.77	-62.2
1826.2397	86.64	-64.2
1856.8479	86.51	-66.1
1887.9691	86.34	-68
1919.612	86.18	-69.7
1951.7851	86.02	-71.4
1984.4975	85.87	-73
2017.7582	85.72	-74.9
2051.5763	85.55	-77
2085.9612	85.34	-79.1
2120.9224	85.08	-81.3
2156.4696	84.77	-83.2
2192.6126	84.41	-84.8
2229.3613	84.04	-86
2266.7259	83.68	-86.6
2304.7168	83.39	-87
2343.3444	83.18	-87.3
2382.6195	83.04	-87.7
2422.5528	82.95	-88.6
2463.1553	82.87	-90.1
2504.4384	82.75	-92
2546.4134	82.57	-94.3
2589.0919	82.3	-96.6
2632.4858	81.96	-98.5
2676.6069	81.58	-100.1
2721.4674	81.21	-101.3
2767.0799	80.88	-102.1
2813.4568	80.59	-102.8
2860.6111	80.35	-103.6
2908.5556	80.16	-104.5
2957.3037	80.03	-105.8
3006.8689	79.91	-107.8
3057.2647	79.75	-110.5
3108.5052	79.47	-113.7
3160.6045	79.05	-117
3213.577	78.5	-119.6
3267.4374	77.88	-121.4
3322.2004	77.28	-122.3
3377.8813	76.77	-122.8
3434.4954	76.38	-123.5
3492.0584	76.04	-124.8
3550.5862	75.71	-127
3610.0949	75.28	-129.7
3670.6009	74.73	-132.3
3732.1211	74.1	-134.6
3794.6724	73.48	-136.6
3858.272	72.89	-139.2
3922.9376	72.22	-142.5
3988.687	71.32	-145.7
4055.5384	70.22	-147.1
4123.5102	69.2	-146.5
4192.6212	68.67	-146.5
4262.8906	68.52	-150.3
4334.3377	68.32	-159.4
4406.9822	67.73	-173.1
4480.8443	66.67	170.3
4555.9444	65.41	152.6
4632.3031	64.62	134.7
4709.9417	65.05	115.7
4788.8814	66.21	95.3
4869.1443	67.33	76.8
4950.7523	68.91	66.8
5033.7281	71.99	64.3
5118.0947	75.68	61.3
5203.8752	78.87	50
5291.0934	81.25	29.9
5379.7734	82.8	5.5
5469.9397	83.52	-20.2
5561.6173	83.4	-45.1
5654.8313	82.44	-66.3
5749.6077	80.72	-80
5845.9725	78.64	-84.6
5943.9525	77.2	-84.4
6043.5746	76.87	-85.7
6144.8664	76.73	-91.7
6247.8558	76.08	-98.3
6352.5714	75.04	-100.4
6459.0421	74.39	-98.9
6567.2972	74.57	-98.5
6677.3667	74.89	-102.8
6789.281	74.68	-108.7
6903.071	74.28	-111.1
7018.7682	74.43	-112.7
7136.4045	74.8	-118.4
7256.0123	74.6	-128.1
7377.6249	73.56	-134.7
7501.2757	72.36	-134.9
7626.9989	71.95	-133.4
7754.8293	72.12	-134.3
7884.8021	72.31	-138.7
8016.9533	72.12	-144.1
8151.3194	71.69	-146.8
8287.9375	71.61	-146.4
8426.8454	72.32	-146.6
8568.0814	73.34	-152.4
8711.6845	73.86	-164.5
8857.6945	73.71	-178.3
9006.1516	72.93	169.8
9157.0969	71.66	162.6
9310.5721	70.51	161.8
9466.6196	70.42	162.9
9625.2825	71.21	159.7
9786.6046	71.94	150
9950.6305	72.21	136.7
10117.405	72.13	122.2
10286.976	71.73	106.2
10459.388	70.82	90.5
10634.69	69.47	78.2
10812.93	68.14	68.9
10994.157	67.49	58
11178.422	67.07	40.1
11365.775	66.14	14.9
11556.268	64.37	-18.1
11749.954	61.79	-61.4
11946.886	58.97	-115.5
12147.119	57.3	-172.8
12350.708	57.87	138.8
12557.708	58.84	99.9
12768.179	59.19	70
12982.177	58.88	46.5
13199.761	58.1	28.2
13420.992	56.95	13.1
13645.931	55.28	5.1
13874.641	53.56	5.1
14107.183	52.45	7.2
14343.623	52.03	6.5
14584.025	51.6	2.1
14828.457	51.19	-3.5
15076.986	51.03	-11.1
15329.68	50.54	-18.3
15586.609	49.66	-23.3
15847.844	48.74	-24.6
16113.458	48.7	-28.4
16383.524	48.83	-36.6
16658.115	48.65	-47.6
16937.31	47.99	-57.3
17221.183	47.18	-64.5
17509.814	46.45	-73.7
17803.283	45.21	-82
18101.67	44.04	-84.6
18405.059	43.2	-83.3
18713.532	42.44	-86.4
19027.176	41.4	-105.3
19346.076	39.96	-124.1
19670.321	39.17	-139.4
