20.19895	70.65	114.6
20.53749	70.78	114.1
20.8817	70.91	113.6
21.23169	71.05	113.1
21.58753	71.21	112.6
21.94935	71.39	112.1
22.31722	71.58	111.5
22.69126	71.8	111
23.07158	72.03	110.5
23.45826	72.28	110
23.85143	72.53	109.4
24.25118	72.79	108.9
24.65764	73.05	108.4
25.07091	73.33	107.9
25.4911	73.61	107.4
25.91834	73.92	106.8
26.35274	74.24	106.3
26.79441	74.58	105.8
27.2435	74.95	105.3
27.7001	75.34	104.8
28.16436	75.75	104.3
28.63641	76.18	103.8
29.11636	76.63	103.3
29.60436	77.09	102.8
30.10053	77.56	102.3
30.60502	78.04	101.8
31.11797	78.52	101.2
31.63952	79	100.7
32.1698	79.47	100.2
32.70898	79.93	99.7
33.25719	80.36	99.2
33.81459	80.76	98.7
34.38133	81.13	98.2
34.95757	81.48	97.7
35.54346	81.8	97.2
36.13918	82.09	96.7
36.74488	82.35	96.2
37.36074	82.57	95.7
37.98691	82.76	95.2
38.62358	82.91	94.7
39.27092	83.02	94.2
39.92911	83.1	93.7
40.59833	83.15	93.2
41.27877	83.19	92.8
41.97061	83.22	92.3
42.67405	83.24	91.8
43.38928	83.28	91.3
44.11649	83.33	90.8
44.8559	83.41	90.3
45.60769	83.51	89.8
46.37209	83.65	89.3
47.1493	83.82	88.8
47.93953	84.01	88.3
48.74301	84.23	87.8
49.55995	84.45	87.3
50.39059	84.67	86.8
51.23515	84.88	86.3
52.09386	85.07	85.8
52.96697	85.24	85.3
53.85471	85.39	84.8
54.75733	85.53	84.3
55.67507	85.69	83.7
56.6082	85.85	83.2
57.55697	86.03	82.7
58.52164	86.19	82.2
59.50247	86.33	81.7
60.49975	86.44	81.1
61.51374	86.51	80.6
62.54472	86.53	80.1
63.59299	86.51	79.6
64.65882	86.45	79
65.74252	86.37	78.5
66.84438	86.32	77.9
67.96471	86.33	77.4
69.10382	86.43	76.9
70.26201	86.62	76.3
71.43962	86.87	75.8
72.63697	87.16	75.2
73.85438	87.45	74.7
75.0922	87.72	74.1
76.35076	87.93	73.5
77.63042	88.07	73
78.93152	88.13	72.4
80.25443	88.12	71.8
81.59952	88.06	71.2
82.96715	87.98	70.6
84.3577	87.89	70
85.77155	87.87	69.4
87.2091	87.92	68.8
88.67075	88.09	68.2
90.15689	88.34	67.6
91.66795	88.64	67
93.20432	88.92	66.4
94.76645	89.14	65.7
96.35476	89.26	65.1
97.96969	89.28	64.5
99.61168	89.23	63.8
101.2812	89.14	63.2
102.9787	89.05	62.5
104.70465	89.02	61.9
106.45952	89.04	61.2
108.24381	89.14	60.5
110.058	89.28	59.9
111.9026	89.42	59.2
113.77812	89.55	58.5
115.68507	89.62	57.8
117.62398	89.62	57.1
119.59538	89.56	56.4
121.59983	89.46	55.6
123.63787	89.35	54.9
125.71007	89.31	54.2
127.81701	89.36	53.5
129.95925	89.47	52.7
132.1374	89.57	52
134.35205	89.61	51.2
136.60383	89.59	50.4
138.89334	89.54	49.7
141.22123	89.52	48.9
143.58813	89.54	48.1
145.9947	89.59	47.3
148.44161	89.65	46.5
150.92953	89.72	45.7
153.45914	89.76	44.9
156.03116	89.77	44.1
158.64628	89.73	43.3
161.30523	89.68	42.5
164.00874	89.66	41.7
166.75757	89.69	40.8
169.55247	89.73	40
172.39421	89.74	39.1
175.28358	89.73	38.3
178.22137	89.7	37.4
181.2084	89.71	36.6
184.2455	89.76	35.7
187.3335	89.8	34.9
190.47326	89.82	34
193.66564	89.82	33.1
196.91152	89.82	32.3
200.2118	89.81	31.4
203.5674	89.83	30.5
206.97924	89.86	29.7
210.44827	89.86	28.8
213.97543	89.81	28
217.56171	89.81	27.1
221.2081	89.86	26.3
224.9156	89.91	25.5
228.68524	89.9	24.6
232.51806	89.86	23.8
236.41512	89.85	23
240.3775	89.87	22.2
244.40628	89.88	21.4
248.50259	89.83	20.5
252.66756	89.77	19.8
256.90233	89.82	19
261.20807	89.85	18.2
265.58598	89.77	17.5
270.03727	89.67	16.8
274.56316	89.66	16
279.16491	89.69	15.3
283.84378	89.67	14.6
288.60107	89.64	14
293.43809	89.66	13.3
298.35619	89.69	12.7
303.35671	89.66	12.1
308.44104	89.66	11.5
313.61059	89.72	11
318.86678	89.71	10.5
324.21107	89.64	10
329.64492	89.57	9.6
335.16985	89.51	9.2
340.78738	89.43	8.8
346.49906	89.41	8.5
352.30647	89.38	8.2
358.21121	89.31	8
364.21492	89.28	7.8
370.31925	89.25	7.6
376.5259	89.2	7.5
382.83656	89.14	7.4
389.253	89.09	7.3
395.77697	89.06	7.3
402.41029	89.04	7.3
409.15479	89.02	7.3
416.01232	88.99	7.4
422.98479	88.96	7.4
430.07412	88.92	7.5
437.28226	88.89	7.6
444.61122	88.87	7.7
452.06302	88.88	8
459.6397	88.89	8.4
467.34338	88.88	8.7
475.17617	88.86	9
483.14023	88.85	9.4
491.23778	88.83	9.8
499.47105	88.83	10.2
507.84231	88.83	10.6
516.35387	88.84	11
525.00808	88.85	11.3
533.80735	88.87	11.7
542.75409	88.9	12.1
551.85078	88.92	12.4
561.09994	88.95	12.7
570.50411	88.98	13
580.0659	89.01	13.3
589.78794	89.03	13.5
599.67293	89.05	13.7
609.7236	89.07	13.9
619.94272	89.09	14.1
630.33311	89.09	14.2
640.89765	89.09	14.4
651.63925	89.08	14.5
662.56088	89.07	14.7
673.66556	89.04	14.8
684.95636	89	15
696.4364	88.94	15.2
708.10884	88.88	15
719.97692	88.81	14.8
732.04391	88.72	14.8
744.31315	88.63	14.9
756.78802	88.54	15.1
769.47197	88.45	15.5
782.36851	88.38	16.1
795.4812	88.32	16.8
808.81366	88.29	17.5
822.36957	88.29	18.4
836.15269	88.32	19.2
850.16681	88.38	19.9
864.41582	88.47	20.5
878.90364	88.58	20.9
893.63428	88.7	21
908.61181	88.82	20.9
923.84036	88.93	20.6
939.32415	89.01	20.1
955.06746	89.07	19.4
971.07462	89.08	18.6
987.35007	89.06	17.8
1003.8983	89	17
1020.7239	88.9	16.4
1037.8315	88.77	16
1055.2258	88.62	15.9
1072.9116	88.47	16.1
1090.8939	88.34	16.6
1109.1775	88.24	17.4
1127.7676	88.19	18.3
1146.6693	88.19	19.2
1165.8877	88.24	20
1185.4283	88.32	20.6
1205.2964	88.42	20.8
1225.4974	88.51	20.8
1246.0371	88.58	20.5
1266.9209	88.62	20.1
1288.1549	88.61	19.6
1309.7446	88.57	19.2
1331.6963	88.51	19
1354.0158	88.44	19
1376.7095	88.39	19.4
1399.7835	88.38	19.8
1423.2442	88.41	20.4
1447.0981	88.5	20.7
1471.3518	88.61	20.8
1496.012	88.75	20.5
1521.0856	88.86	19.8
1546.5793	88.94	18.7
1572.5004	88.97	17.5
1598.8559	88.95	16.2
1625.6531	88.88	15
1652.8994	88.77	14
1680.6024	88.66	13.2
1708.7697	88.55	12.6
1737.4091	88.46	11.9
1766.5285	88.39	11.2
1796.136	88.33	10.2
1826.2397	88.24	8.9
1856.8479	88.12	7.4
1887.9691	87.92	5.6
1919.612	87.65	3.9
1951.7851	87.31	2.3
1984.4975	86.91	1.1
2017.7582	86.46	0.2
2051.5763	86	-0.3
2085.9612	85.53	-0.4
2120.9224	85.07	-0.3
2156.4696	84.61	0
2192.6126	84.14	0.5
2229.3613	83.64	1.2
2266.7259	83.12	2.3
2304.7168	82.59	3.9
2343.3444	82.1	6.3
2382.6195	81.72	9.3
2422.5528	81.49	12.5
2463.1553	81.41	15.3
2504.4384	81.4	16.9
2546.4134	81.34	17.5
2589.0919	81.12	17.5
2632.4858	80.69	17.9
2676.6069	80.15	19.5
2721.4674	79.65	22.9
2767.0799	79.39	27.4
2813.4568	79.4	31.7
2860.6111	79.57	34.7
2908.5556	79.74	36.7
2957.3037	79.86	38.2
3006.8689	80.01	39.7
3057.2647	80.26	40.8
3108.5052	80.59	40.5
3160.6045	80.85	38.5
3213.577	80.88	35.3
3267.4374	80.61	31.9
3322.2004	80.08	29.5
3377.8813	79.5	29
3434.4954	79.05	29.6
3492.0584	78.8	30.3
3550.5862	78.65	30.2
3610.0949	78.49	29.3
3670.6009	78.31	27.8
3732.1211	78.09	25.9
3794.6724	77.8	23.3
3858.272	77.41	20.6
3922.9376	77	18.3
3988.687	76.7	15.7
4055.5384	76.48	11.8
4123.5102	76.17	6.4
4192.6212	75.68	0.1
4262.8906	75.06	-6
4334.3377	74.36	-11.9
4406.9822	73.61	-17
4480.8443	72.89	-20.7
4555.9444	72.42	-22.8
4632.3031	72.27	-24.6
4709.9417	72.39	-26.2
4788.8814	72.9	-27.8
4869.1443	73.8	-31.6
4950.7523	74.6	-38.8
5033.7281	74.89	-46.4
5118.0947	74.95	-50.5
5203.8752	75.41	-52.4
5291.0934	76.09	-55.9
5379.7734	76.46	-59.8
5469.9397	76.73	-61.5
5561.6173	77.19	-62.2
5654.8313	77.65	-63.2
5749.6077	78.05	-63
5845.9725	78.69	-61.7
5943.9525	79.58	-61
6043.5746	80.6	-60.6
6144.8664	81.96	-60.5
6247.8558	83.79	-63.2
6352.5714	85.91	-71.4
6459.0421	87.83	-87.7
6567.2972	88.66	-112.2
6677.3667	87.61	-140.7
6789.281	84.28	-165.7
6903.071	79.15	-176.9
7018.7682	74.19	-171.3
7136.4045	70.3	-160.2
7256.0123	65.24	-143.9
7377.6249	60.65	-94.5
7501.2757	65.43	-42.8
7626.9989	70.53	-29.5
7754.8293	73.51	-27.9
7884.8021	75.66	-25.3
8016.9533	78.34	-25.6
8151.3194	80.7	-34
8287.9375	82.44	-46.2
8426.8454	83.74	-64.2
8568.0814	83.67	-88.8
8711.6845	81.93	-115.7
8857.6945	78.63	-145.5
9006.1516	73.66	-111.9
9157.0969	68.21	119.1
9310.5721	66.61	56
9466.6196	68.59	26.7
9625.2825	72.16	13.8
9786.6046	74.86	-1.3
9950.6305	76	-13.3
10117.405	77.52	-21.9
10286.976	79.21	-45
10459.388	78.19	-81.6
10634.69	74.06	-119
10812.93	68.58	-159.3
10994.157	64.55	150.5
11178.422	64.97	90.7
11365.775	67.78	58.6
11556.268	70.77	39
11749.954	73.96	19.7
11946.886	76.1	-15.8
12147.119	74.61	-61.8
12350.708	69.6	-100.1
12557.708	64.5	-130.2
12768.179	62.58	-164.4
12982.177	63.52	124.6
13199.761	65.16	82
13420.992	66.95	55.4
13645.931	68.36	31.9
13874.641	68.65	4.3
14107.183	66.07	-25.1
14343.623	60.2	-40.8
14584.025	52.83	-22.8
14828.457	54.09	33.9
15076.986	60.21	53.7
15329.68	64.82	35.7
15586.609	65.12	5.6
15847.844	62.44	-17.6
16113.458	57.24	-24.2
16383.524	52.66	-7.8
16658.115	51.29	22.3
16937.31	51.97	50.6
17221.183	56.7	78.2
17509.814	61.73	65.1
17803.283	62.16	42.6
18101.67	61.1	33.4
18405.059	61.03	31.6
18713.532	61.56	20.2
19027.176	59.93	6.6
19346.076	58.99	13.8
19670.321	60.42	6
