19.86599	79.31	155.2
20.19895	79.54	153.6
20.53749	79.77	152.1
20.8817	79.98	150.5
21.23169	80.17	148.9
21.58753	80.37	147.3
21.94935	80.56	145.8
22.31722	80.76	144.2
22.69126	80.95	142.7
23.07158	81.15	141.2
23.45826	81.33	139.8
23.85143	81.5	138.5
24.25118	81.67	137.2
24.65764	81.84	135.9
25.07091	82	134.5
25.4911	82.16	133
25.91834	82.32	131.5
26.35274	82.48	130.1
26.79441	82.64	128.7
27.2435	82.8	127.3
27.7001	82.96	126
28.16436	83.12	124.7
28.63641	83.28	123.4
29.11636	83.44	122
29.60436	83.59	120.7
30.10053	83.74	119.5
30.60502	83.88	118.2
31.11797	84.03	117
31.63952	84.18	115.7
32.1698	84.34	114.5
32.70898	84.49	113.3
33.25719	84.65	112.1
33.81459	84.8	110.9
34.38133	84.95	109.7
34.95757	85.11	108.5
35.54346	85.27	107.3
36.13918	85.43	106
36.74488	85.6	104.7
37.36074	85.76	103.5
37.98691	85.92	102.1
38.62358	86.08	100.8
39.27092	86.23	99.4
39.92911	86.38	98
40.59833	86.53	96.4
41.27877	86.66	94.8
41.97061	86.78	93.3
42.67405	86.89	91.8
43.38928	86.99	90.2
44.11649	87.08	88.7
44.8559	87.17	87.1
45.60769	87.24	85.6
46.37209	87.28	84
47.1493	87.31	82.7
47.93953	87.33	81.5
48.74301	87.35	80.5
49.55995	87.4	79.5
50.39059	87.46	78.5
51.23515	87.53	77.4
52.09386	87.58	76.2
52.96697	87.61	75.1
53.85471	87.62	74.2
54.75733	87.65	73.6
55.67507	87.72	73.1
56.6082	87.85	72.6
57.55697	88.02	71.7
58.52164	88.2	70.3
59.50247	88.32	68.2
60.49975	88.29	66.4
61.51374	88.18	65.4
62.54472	88.12	64.9
63.59299	88.12	64.5
64.65882	88.16	63.9
65.74252	88.22	63.5
66.84438	88.29	62.9
67.96471	88.36	62.3
69.10382	88.44	61.6
70.26201	88.52	60.9
71.43962	88.6	60.2
72.63697	88.67	59.5
73.85438	88.74	58.8
75.0922	88.82	58.1
76.35076	88.9	57.2
77.63042	88.98	56.5
78.93152	89.07	55.6
80.25443	89.15	54.8
81.59952	89.23	53.9
82.96715	89.31	52.9
84.3577	89.37	51.8
85.77155	89.41	50.8
87.2091	89.45	49.8
88.67075	89.48	48.9
90.15689	89.52	48.1
91.66795	89.56	47.2
93.20432	89.6	46.3
94.76645	89.63	45.4
96.35476	89.65	44.5
97.96969	89.66	43.6
99.61168	89.66	42.6
101.2812	89.64	41.8
102.9787	89.62	41.2
104.70465	89.61	40.7
106.45952	89.61	40.4
108.24381	89.64	40
110.058	89.69	39.5
111.9026	89.76	39
113.77812	89.83	38.4
115.68507	89.89	37.6
117.62398	89.94	36.7
119.59538	89.97	35.8
121.59983	89.97	34.6
123.63787	89.93	33.7
125.71007	89.88	33.1
127.81701	89.84	32.6
129.95925	89.82	32.3
132.1374	89.81	31.9
134.35205	89.81	31.5
136.60383	89.83	31.2
138.89334	89.85	30.9
141.22123	89.88	30.5
143.58813	89.91	30
145.9947	89.95	29.4
148.44161	89.98	28.9
150.92953	90	28.2
153.45914	90	27.6
156.03116	90	27
158.64628	89.98	26.2
161.30523	89.94	25.6
164.00874	89.89	25.2
166.75757	89.83	24.9
169.55247	89.79	24.8
172.39421	89.77	24.8
175.28358	89.77	25
178.22137	89.81	25.1
181.2084	89.88	24.9
184.2455	89.96	24.6
187.3335	90.02	24.2
190.47326	90.06	23.8
193.66564	90.1	23.2
196.91152	90.13	22.6
200.2118	90.14	22.1
203.5674	90.15	21.6
206.97924	90.15	21.1
210.44827	90.16	20.7
213.97543	90.16	20.3
217.56171	90.18	19.8
221.2081	90.19	19.4
224.9156	90.2	18.8
228.68524	90.18	18.1
232.51806	90.14	17.6
236.41512	90.1	17.3
240.3775	90.06	16.9
244.40628	90.03	16.8
248.50259	90.01	16.6
252.66756	89.99	16.3
256.90233	89.96	16.1
261.20807	89.93	15.9
265.58598	89.9	15.9
270.03727	89.89	15.9
274.56316	89.89	15.9
279.16491	89.9	15.9
283.84378	89.91	15.8
288.60107	89.93	15.9
293.43809	89.96	15.9
298.35619	90.01	15.8
303.35671	90.08	15.6
308.44104	90.13	15
313.61059	90.14	14.5
318.86678	90.12	14
324.21107	90.09	13.7
329.64492	90.06	13.5
335.16985	90.04	13.4
340.78738	90.05	13.4
346.49906	90.07	13.3
352.30647	90.11	13.2
358.21121	90.14	12.9
364.21492	90.17	12.6
370.31925	90.19	12.1
376.5259	90.18	11.6
382.83656	90.16	11.3
389.253	90.13	11
395.77697	90.12	11
402.41029	90.13	10.8
409.15479	90.15	10.6
416.01232	90.17	10.1
422.98479	90.16	9.5
430.07412	90.11	9.2
437.28226	90.06	9
444.61122	90.04	9
452.06302	90.05	8.8
459.6397	90.05	8.4
467.34338	90.03	8
475.17617	89.98	7.6
483.14023	89.91	7.3
491.23778	89.85	7.3
499.47105	89.79	7.2
507.84231	89.74	7.3
516.35387	89.71	7.4
525.00808	89.71	7.6
533.80735	89.72	7.6
542.75409	89.74	7.4
551.85078	89.74	7.1
561.09994	89.71	6.8
570.50411	89.67	6.5
580.0659	89.61	6.3
589.78794	89.55	6.2
599.67293	89.5	6.2
609.7236	89.45	6.3
619.94272	89.42	6.3
630.33311	89.39	6.5
640.89765	89.37	6.5
651.63925	89.34	6.5
662.56088	89.32	6.4
673.66556	89.29	6.3
684.95636	89.26	6.2
696.4364	89.24	6
708.10884	89.2	5.6
719.97692	89.13	5.2
732.04391	89.02	4.8
744.31315	88.9	4.5
756.78802	88.75	4.2
769.47197	88.58	4.2
782.36851	88.34	3.5
795.4812	87.99	2.5
808.81366	87.26	2
822.36957	86.71	0.3
836.15269	86.09	-2.2
850.16681	85.59	-1.3
864.41582	85.29	2
878.90364	85.42	5.6
893.63428	85.81	7.5
908.61181	86.24	7.7
923.84036	86.58	6.6
939.32415	86.81	4.5
955.06746	86.85	1.8
971.07462	86.64	-0.7
987.35007	86.21	-2
1003.8983	85.71	-1.1
1020.7239	85.39	1.8
1037.8315	85.39	5.5
1055.2258	85.72	8.7
1072.9116	86.23	10.1
1090.8939	86.7	9.8
1109.1775	87.04	8.6
1127.7676	87.28	7.1
1146.6693	87.44	5.6
1165.8877	87.54	4.3
1185.4283	87.6	3.3
1205.2964	87.73	2.9
1225.4974	88.01	1.9
1246.0371	88.27	-0.5
1266.9209	88.33	-3.8
1288.1549	88.15	-6.6
1309.7446	87.89	-8.2
1331.6963	87.63	-8.9
1354.0158	87.42	-8.6
1376.7095	87.39	-7.5
1399.7835	87.59	-6.8
1423.2442	87.94	-7.4
1447.0981	88.24	-9.4
1471.3518	88.43	-12.5
1496.012	88.44	-16.1
1521.0856	88.29	-19.6
1546.5793	88.02	-22.7
1572.5004	87.66	-24.9
1598.8559	87.28	-26.5
1625.6531	86.91	-27.5
1652.8994	86.59	-27.9
1680.6024	86.36	-28.1
1708.7697	86.21	-28.6
1737.4091	86.1	-29.7
1766.5285	85.89	-31.5
1796.136	85.57	-33
1826.2397	85.21	-34.1
1856.8479	84.83	-35
1887.9691	84.41	-35.6
1919.612	83.96	-35.8
1951.7851	83.49	-35.3
1984.4975	83.06	-34.1
2017.7582	82.75	-32.3
2051.5763	82.58	-30.9
2085.9612	82.41	-30.1
2120.9224	82.22	-29.3
2156.4696	82	-28.5
2192.6126	81.76	-27.1
2229.3613	81.63	-24.8
2266.7259	81.74	-22.5
2304.7168	82.02	-21.8
2343.3444	82.23	-22.8
2382.6195	82.25	-24.5
2422.5528	82.13	-25.8
2463.1553	82.01	-26.8
2504.4384	81.88	-28.2
2546.4134	81.62	-29.9
2589.0919	81.23	-31.1
2632.4858	80.76	-31.6
2676.6069	80.25	-30.9
2721.4674	79.87	-29
2767.0799	79.71	-27.2
2813.4568	79.66	-26.3
2860.6111	79.61	-26.6
2908.5556	79.34	-27.6
2957.3037	78.8	-26.7
3006.8689	78.5	-22.7
3057.2647	78.85	-18.4
3108.5052	79.65	-17.9
3160.6045	80.3	-22.4
3213.577	80.41	-29.8
3267.4374	79.95	-37.4
3322.2004	79.06	-43.6
3377.8813	77.9	-48.4
3434.4954	76.49	-52.1
3492.0584	74.58	-53.7
3550.5862	71.87	-46.2
3610.0949	69.81	-12.5
3670.6009	71.65	25.1
3732.1211	74.68	35.7
3794.6724	76.99	33.1
3858.272	78.49	25.2
3922.9376	79.32	16.2
3988.687	79.67	7.8
4055.5384	79.77	1.3
4123.5102	79.87	-4.7
4192.6212	79.8	-11.6
4262.8906	79.38	-18
4334.3377	78.75	-22.7
4406.9822	78.1	-26.2
4480.8443	77.37	-29.7
4555.9444	76.24	-31.7
4632.3031	74.85	-28.5
4709.9417	74.17	-20.2
4788.8814	74.55	-13.7
4869.1443	75.37	-12.3
4950.7523	76.07	-15.6
5033.7281	76.3	-21.9
5118.0947	76.1	-28.3
5203.8752	75.75	-34.9
5291.0934	75	-42.7
5379.7734	73.46	-47.7
5469.9397	71.49	-44.7
5561.6173	70.29	-36.3
5654.8313	70.07	-30.3
5749.6077	70.19	-27.9
5845.9725	70.3	-28.4
5943.9525	70.2	-30.4
6043.5746	69.83	-33
6144.8664	69.14	-33.8
6247.8558	68.67	-32
6352.5714	68.6	-31
6459.0421	68.96	-31.5
6567.2972	69.29	-39.7
6677.3667	67.7	-45.7
6789.281	65.98	-19.9
6903.071	67.73	-2.5
7018.7682	69.6	-7.6
7136.4045	70.58	-19.9
7256.0123	70.75	-33.3
7377.6249	70.32	-45.8
7501.2757	69.37	-56.4
7626.9989	67.8	-62.4
7754.8293	66.3	-62.8
7884.8021	65.23	-61.3
8016.9533	64.93	-60.6
8151.3194	64.88	-65.4
8287.9375	64.35	-73.1
8426.8454	63.29	-80.7
8568.0814	61.56	-84.6
8711.6845	59.68	-81.7
8857.6945	58.12	-73.5
9006.1516	57.52	-63.7
9157.0969	57.49	-56.5
9310.5721	57.84	-51
9466.6196	58.85	-49.2
9625.2825	59.75	-57.6
9786.6046	59.48	-70.4
9950.6305	58.3	-78.2
10117.405	56.99	-79.5
10286.976	56.3	-79.5
10459.388	55.78	-89.1
10634.69	54.42	-116.9
10812.93	50.97	-161.7
10994.157	47.87	110.3
11178.422	48.52	38.7
11365.775	51.07	14
11556.268	53.04	2.4
11749.954	54.14	-5.3
11946.886	54.43	-13
12147.119	54.37	-15.3
12350.708	55.54	-16.6
12557.708	56.49	-26.2
12768.179	55.97	-38.8
12982.177	54.4	-46.1
13199.761	52.53	-48.6
13420.992	51.02	-40
13645.931	50.78	-34.3
13874.641	50.43	-32.2
14107.183	49.94	-27.6
14343.623	50.9	-22.3
14584.025	52.09	-22
14828.457	53.2	-24.9
15076.986	53.69	-33.5
15329.68	53.64	-45.8
15586.609	53.15	-61.2
15847.844	52.1	-73.1
16113.458	50.2	-76.1
16383.524	48.46	-55.6
16658.115	49.97	-34.7
16937.31	52.56	-38.7
17221.183	51.11	-67.1
17509.814	48.47	-96.3
17803.283	45.19	-136.2
18101.67	42.44	33.8
18405.059	43.36	65.3
18713.532	46.37	35.6
19027.176	49.66	27.2
19346.076	50.87	2.8
19670.321	51.16	-7.8
20000	51.69	-12.8
