19.86599	79.99	164.1
20.19895	80.23	162.6
20.53749	80.48	161
20.8817	80.74	159.4
21.23169	81.01	157.7
21.58753	81.27	156
21.94935	81.51	154.4
22.31722	81.72	152.7
22.69126	81.92	151.1
23.07158	82.11	149.5
23.45826	82.3	147.9
23.85143	82.49	146.4
24.25118	82.68	144.8
24.65764	82.87	143.3
25.07091	83.05	141.8
25.4911	83.23	140.4
25.91834	83.41	139
26.35274	83.58	137.6
26.79441	83.76	136.3
27.2435	83.95	135
27.7001	84.13	133.6
28.16436	84.3	132.2
28.63641	84.47	130.7
29.11636	84.63	129.3
29.60436	84.8	127.9
30.10053	84.97	126.6
30.60502	85.14	125.3
31.11797	85.32	124
31.63952	85.49	122.7
32.1698	85.67	121.4
32.70898	85.84	120
33.25719	86.02	118.7
33.81459	86.19	117.3
34.38133	86.35	116
34.95757	86.52	114.6
35.54346	86.7	113.2
36.13918	86.88	111.9
36.74488	87.06	110.4
37.36074	87.24	108.9
37.98691	87.41	107.4
38.62358	87.58	105.8
39.27092	87.74	104.2
39.92911	87.89	102.6
40.59833	88.04	101
41.27877	88.18	99.4
41.97061	88.31	97.7
42.67405	88.44	96
43.38928	88.56	94.3
44.11649	88.67	92.5
44.8559	88.77	90.8
45.60769	88.83	89
46.37209	88.88	87.4
47.1493	88.91	85.8
47.93953	88.93	84.4
48.74301	88.97	83.1
49.55995	89.02	81.9
50.39059	89.08	80.6
51.23515	89.13	79.2
52.09386	89.17	77.8
52.96697	89.19	76.5
53.85471	89.19	75.3
54.75733	89.2	74.2
55.67507	89.24	73.3
56.6082	89.29	72.2
57.55697	89.33	70.9
58.52164	89.31	69.5
59.50247	89.21	68.3
60.49975	89.14	68
61.51374	89.15	68.3
62.54472	89.26	68.3
63.59299	89.4	67.9
64.65882	89.52	67.1
65.74252	89.63	66.3
66.84438	89.72	65.3
67.96471	89.81	64.4
69.10382	89.88	63.5
70.26201	89.96	62.6
71.43962	90.03	61.7
72.63697	90.1	60.8
73.85438	90.16	59.9
75.0922	90.23	59.1
76.35076	90.3	58.2
77.63042	90.38	57.3
78.93152	90.46	56.4
80.25443	90.53	55.4
81.59952	90.6	54.5
82.96715	90.66	53.4
84.3577	90.71	52.3
85.77155	90.75	51.3
87.2091	90.77	50.3
88.67075	90.8	49.4
90.15689	90.83	48.5
91.66795	90.86	47.6
93.20432	90.9	46.7
94.76645	90.93	45.7
96.35476	90.95	44.7
97.96969	90.96	43.8
99.61168	90.96	42.8
101.2812	90.94	42
102.9787	90.92	41.2
104.70465	90.9	40.7
106.45952	90.91	40.2
108.24381	90.93	39.7
110.058	90.98	39.1
111.9026	91.04	38.4
113.77812	91.09	37.4
115.68507	91.11	36.2
117.62398	91.08	35
119.59538	90.99	34
121.59983	90.9	33.5
123.63787	90.84	33.2
125.71007	90.81	33
127.81701	90.8	32.8
129.95925	90.8	32.5
132.1374	90.8	32.2
134.35205	90.81	31.9
136.60383	90.83	31.6
138.89334	90.85	31.3
141.22123	90.88	30.9
143.58813	90.91	30.4
145.9947	90.94	29.9
148.44161	90.97	29.4
150.92953	90.99	28.9
153.45914	91.01	28.3
156.03116	91.02	27.6
158.64628	91.01	26.9
161.30523	90.99	26.3
164.00874	90.94	25.7
166.75757	90.88	25.4
169.55247	90.84	25.1
172.39421	90.81	25
175.28358	90.79	25
178.22137	90.79	25
181.2084	90.8	25
184.2455	90.85	24.9
187.3335	90.91	24.7
190.47326	90.96	24.3
193.66564	91	23.8
196.91152	91.02	23.3
200.2118	91.04	22.8
203.5674	91.04	22.3
206.97924	91.04	21.8
210.44827	91.03	21.4
213.97543	91.04	21
217.56171	91.05	20.6
221.2081	91.05	20.2
224.9156	91.05	19.6
228.68524	91.02	19
232.51806	90.97	18.5
236.41512	90.91	18.2
240.3775	90.86	18
244.40628	90.82	17.9
248.50259	90.79	17.7
252.66756	90.76	17.6
256.90233	90.73	17.4
261.20807	90.7	17.3
265.58598	90.67	17.3
270.03727	90.65	17.4
274.56316	90.64	17.4
279.16491	90.64	17.5
283.84378	90.65	17.5
288.60107	90.67	17.5
293.43809	90.7	17.5
298.35619	90.75	17.4
303.35671	90.8	17
308.44104	90.82	16.4
313.61059	90.81	15.7
318.86678	90.75	15.2
324.21107	90.68	14.8
329.64492	90.59	14.7
335.16985	90.52	14.7
340.78738	90.47	14.9
346.49906	90.44	15
352.30647	90.42	15.2
358.21121	90.41	15.3
364.21492	90.4	15.4
370.31925	90.38	15.4
376.5259	90.35	15.4
382.83656	90.31	15.6
389.253	90.27	15.9
395.77697	90.27	16.3
402.41029	90.29	16.8
409.15479	90.35	17.2
416.01232	90.45	17.8
422.98479	90.59	17.5
430.07412	90.74	16.2
437.28226	90.81	14.3
444.61122	90.75	12.4
452.06302	90.64	11.1
459.6397	90.64	10.4
467.34338	90.79	9.1
475.17617	91	6.5
483.14023	91.1	2.4
491.23778	90.94	-2.6
499.47105	90.44	-5.6
507.84231	89.75	-6.3
516.35387	89.13	-4.2
525.00808	88.89	-0.8
533.80735	89.03	1.4
542.75409	89.21	1.6
551.85078	89.17	1
561.09994	88.97	1.6
570.50411	88.92	3.5
580.0659	89.08	5.2
589.78794	89.33	5.7
599.67293	89.5	5.5
609.7236	89.63	5.6
619.94272	89.83	5.8
630.33311	90.14	5.8
640.89765	90.55	4.5
651.63925	90.88	1.4
662.56088	90.92	-2.9
673.66556	90.65	-6.9
684.95636	90.14	-9.4
696.4364	89.57	-10
708.10884	89.07	-8.9
719.97692	88.78	-6.8
732.04391	88.73	-4.9
744.31315	88.76	-4
756.78802	88.76	-3.4
769.47197	88.77	-2.6
782.36851	88.92	-1.9
795.4812	89.17	-2.3
808.81366	89.3	-4.5
822.36957	89.11	-7.4
836.15269	88.6	-8.8
850.16681	87.96	-7.7
864.41582	87.54	-3.8
878.90364	87.58	0.7
893.63428	87.97	3.8
908.61181	88.46	4.8
923.84036	88.89	4.4
939.32415	89.2	2.6
955.06746	89.28	0.1
971.07462	89.13	-2.2
987.35007	88.75	-3.2
1003.8983	88.32	-2.1
1020.7239	88.1	0.9
1037.8315	88.18	4.4
1055.2258	88.59	7.2
1072.9116	89.12	8.1
1090.8939	89.56	7.5
1109.1775	89.9	6.5
1127.7676	90.2	5.1
1146.6693	90.43	3.4
1165.8877	90.57	1.5
1185.4283	90.63	0
1205.2964	90.74	-1.1
1225.4974	90.95	-2.5
1246.0371	91.12	-5.1
1266.9209	91.08	-8.4
1288.1549	90.81	-10.8
1309.7446	90.49	-11.8
1331.6963	90.23	-11.8
1354.0158	90.1	-10.7
1376.7095	90.2	-9.4
1399.7835	90.52	-9
1423.2442	90.93	-10.3
1447.0981	91.24	-13
1471.3518	91.39	-16.7
1496.012	91.34	-20.7
1521.0856	91.1	-24.4
1546.5793	90.73	-27.2
1572.5004	90.32	-28.9
1598.8559	89.92	-29.8
1625.6531	89.6	-30.1
1652.8994	89.38	-30.1
1680.6024	89.25	-30.4
1708.7697	89.17	-31.3
1737.4091	89.07	-32.8
1766.5285	88.86	-34.6
1796.136	88.53	-36
1826.2397	88.18	-36.6
1856.8479	87.88	-36.8
1887.9691	87.63	-36.8
1919.612	87.44	-36.9
1951.7851	87.29	-37.4
1984.4975	87.11	-38.2
2017.7582	86.9	-39.1
2051.5763	86.65	-40.2
2085.9612	86.31	-41.3
2120.9224	85.91	-41.9
2156.4696	85.44	-42.1
2192.6126	84.94	-41.3
2229.3613	84.51	-39.4
2266.7259	84.28	-36.9
2304.7168	84.24	-35
2343.3444	84.23	-34
2382.6195	84.23	-33.2
2422.5528	84.29	-32.5
2463.1553	84.46	-32.6
2504.4384	84.6	-34.2
2546.4134	84.58	-36.7
2589.0919	84.37	-39.6
2632.4858	83.96	-41.9
2676.6069	83.42	-43.1
2721.4674	82.93	-43.2
2767.0799	82.52	-43.3
2813.4568	82.1	-43.8
2860.6111	81.54	-44.4
2908.5556	80.74	-43.8
2957.3037	79.84	-40
3006.8689	79.36	-33
3057.2647	79.64	-26.1
3108.5052	80.39	-23.2
3160.6045	81	-24.4
3213.577	81.2	-27.7
3267.4374	81.06	-30.9
3322.2004	80.78	-33.4
3377.8813	80.36	-36
3434.4954	79.57	-37.8
3492.0584	78.37	-35.4
3550.5862	77.73	-26.2
3610.0949	78.37	-18.6
3670.6009	79.25	-18.1
3732.1211	79.63	-21.2
3794.6724	79.66	-23.9
3858.272	79.6	-26.4
3922.9376	79.43	-28.8
3988.687	79.18	-31.1
4055.5384	78.88	-33
4123.5102	78.63	-35.7
4192.6212	78.11	-39.7
4262.8906	77.05	-42.2
4334.3377	75.73	-40.3
4406.9822	74.75	-34.8
4480.8443	74.23	-29.3
4555.9444	74.05	-23.5
4632.3031	74.33	-18.7
4709.9417	74.75	-17.2
4788.8814	74.99	-17.1
4869.1443	75.29	-17.3
4950.7523	75.6	-20.3
5033.7281	75.37	-25.1
5118.0947	74.6	-26.5
5203.8752	74.14	-24.5
5291.0934	74.11	-23.6
5379.7734	74.17	-24.1
5469.9397	74.33	-26.6
5561.6173	74.27	-31.8
5654.8313	73.68	-38
5749.6077	72.47	-41.9
5845.9725	70.98	-40.1
5943.9525	70.11	-34.3
6043.5746	69.98	-32
6144.8664	69.64	-32.6
6247.8558	69.09	-32.3
6352.5714	68.54	-30.8
6459.0421	68.39	-28.5
6567.2972	68.46	-30.8
6677.3667	67.45	-32.8
6789.281	66.59	-18.8
6903.071	68.12	-10.9
7018.7682	68.89	-17.7
7136.4045	68.8	-24.7
7256.0123	68.3	-30.5
7377.6249	67.44	-32.5
7501.2757	66.77	-32
7626.9989	66.45	-28.7
7754.8293	66.98	-26.6
7884.8021	67.81	-28.2
8016.9533	68.71	-34.7
8151.3194	69	-46.4
8287.9375	68.42	-57.6
8426.8454	67.54	-66
8568.0814	66.54	-73
8711.6845	65.45	-78.7
8857.6945	64.25	-81.7
9006.1516	63.5	-82.8
9157.0969	63.34	-85.9
9310.5721	63.45	-95
9466.6196	62.96	-111.3
9625.2825	61.34	-129.8
9786.6046	58.65	-144.5
9950.6305	55.48	-154.8
10117.405	52.59	-168.8
10286.976	50.04	165
10459.388	47.86	119.4
10634.69	47.58	79.6
10812.93	48.94	55.9
10994.157	51.1	48.7
11178.422	52.97	39.8
11365.775	54.26	31.3
11556.268	55.25	19.7
11749.954	55.55	5.3
11946.886	54.66	-6.6
12147.119	52.61	-6.6
12350.708	51.09	10.9
12557.708	51.83	17.9
12768.179	51.69	8.3
12982.177	50.27	4.1
13199.761	50.23	24.7
13420.992	52.69	37.5
13645.931	54.11	35.7
13874.641	54.21	30.8
14107.183	53.38	30
14343.623	53.53	38
14584.025	55.53	43.3
14828.457	57.53	37.5
15076.986	59.52	23.6
15329.68	59.89	-1.7
15586.609	58.26	-13.5
15847.844	56.58	-22.6
16113.458	54.5	-19.9
16383.524	54.95	-18.7
16658.115	55.45	-37.6
16937.31	53.41	-54.5
17221.183	49.92	-52.6
17509.814	46.24	-25.8
17803.283	44.32	1.5
18101.67	45.23	42.8
18405.059	47.69	53
18713.532	48.19	42.3
19027.176	48.4	33.6
19346.076	48.13	24.1
19670.321	48.49	23.3
20000	48.76	19.8
