20.1989	67.2300	110.8000
20.5375	67.4400	110.3000
20.8817	67.6500	109.8000
21.2317	67.8400	109.4000
21.5875	68.0300	108.9000
21.9493	68.2000	108.4000
22.3172	68.3600	107.9000
22.6913	68.5000	107.4000
23.0716	68.6400	107.0000
23.4583	68.7800	106.5000
23.8514	68.9200	106.0000
24.2512	69.0900	105.5000
24.6576	69.2900	105.1000
25.0709	69.5300	104.6000
25.4911	69.8300	104.1000
25.9183	70.1900	103.6000
26.3527	70.6000	103.1000
26.7944	71.0600	102.7000
27.2435	71.5500	102.2000
27.7001	72.0800	101.7000
28.1644	72.6200	101.3000
28.6364	73.1800	100.8000
29.1164	73.7400	100.4000
29.6044	74.3000	99.9000
30.1005	74.8500	99.4000
30.6050	75.4000	99.0000
31.1180	75.9300	98.5000
31.6395	76.4600	98.0000
32.1698	76.9600	97.6000
32.7090	77.4400	97.1000
33.2572	77.9000	96.7000
33.8146	78.3200	96.2000
34.3813	78.7100	95.8000
34.9576	79.0500	95.3000
35.5435	79.3600	94.9000
36.1392	79.6200	94.4000
36.7449	79.8400	94.0000
37.3607	80.0100	93.5000
37.9869	80.1400	93.1000
38.6236	80.2100	92.6000
39.2709	80.2500	92.2000
39.9291	80.2500	91.7000
40.5983	80.2300	91.3000
41.2788	80.2100	90.8000
41.9706	80.1800	90.3000
42.6741	80.1600	89.9000
43.3893	80.1700	89.4000
44.1165	80.2000	89.0000
44.8559	80.2700	88.5000
45.6077	80.3600	88.1000
46.3721	80.5000	87.6000
47.1493	80.6700	87.2000
47.9395	80.8800	86.7000
48.7430	81.1100	86.3000
49.5600	81.3600	85.8000
50.3906	81.6000	85.3000
51.2351	81.8400	84.9000
52.0939	82.0700	84.4000
52.9670	82.3000	84.0000
53.8547	82.5500	83.5000
54.7573	82.8000	83.0000
55.6751	83.0700	82.6000
56.6082	83.3400	82.1000
57.5570	83.6000	81.6000
58.5216	83.8400	81.1000
59.5025	84.0400	80.7000
60.4997	84.1900	80.2000
61.5137	84.2900	79.7000
62.5447	84.3300	79.2000
63.5930	84.3300	78.7000
64.6588	84.3200	78.2000
65.7425	84.3400	77.7000
66.8444	84.4500	77.2000
67.9647	84.6500	76.7000
69.1038	84.9500	76.2000
70.2620	85.3200	75.7000
71.4396	85.6900	75.2000
72.6370	86.0200	74.7000
73.8544	86.2900	74.2000
75.0922	86.4900	73.7000
76.3508	86.6000	73.1000
77.6304	86.6300	72.6000
78.9315	86.6000	72.1000
80.2544	86.5200	71.5000
81.5995	86.4300	71.0000
82.9672	86.3600	70.4000
84.3577	86.3700	69.9000
85.7716	86.5300	69.3000
87.2091	86.8200	68.8000
88.6707	87.2000	68.2000
90.1569	87.5700	67.7000
91.6680	87.8700	67.1000
93.2043	88.0500	66.5000
94.7665	88.0900	65.9000
96.3548	88.0300	65.3000
97.9697	87.9100	64.7000
99.6117	87.7800	64.1000
101.2812	87.7100	63.5000
102.9787	87.7100	62.9000
104.7047	87.8100	62.3000
106.4595	87.9900	61.6000
108.2438	88.2000	61.0000
110.0580	88.3800	60.4000
111.9026	88.5000	59.7000
113.7781	88.5500	59.1000
115.6851	88.5200	58.4000
117.6240	88.4000	57.8000
119.5954	88.2500	57.1000
121.5998	88.1600	56.4000
123.6379	88.2100	55.8000
125.7101	88.3900	55.1000
127.8170	88.5700	54.4000
129.9592	88.6700	53.7000
132.1374	88.6500	53.0000
134.3520	88.5500	52.3000
136.6038	88.4500	51.6000
138.8933	88.4200	50.9000
141.2212	88.4700	50.1000
143.5881	88.5600	49.4000
145.9947	88.6800	48.7000
148.4416	88.8100	47.9000
150.9295	88.8700	47.2000
153.4591	88.8300	46.4000
156.0312	88.7100	45.7000
158.6463	88.6200	44.9000
161.3052	88.6400	44.1000
164.0087	88.7500	43.4000
166.7576	88.8400	42.6000
169.5525	88.8400	41.8000
172.3942	88.7600	41.0000
175.2836	88.6900	40.2000
178.2214	88.7200	39.4000
181.2084	88.8200	38.7000
184.2455	88.9000	37.9000
187.3335	88.9500	37.1000
190.4733	88.9600	36.3000
193.6656	88.9200	35.5000
196.9115	88.9200	34.7000
200.2118	88.9800	33.9000
203.5674	89.0800	33.1000
206.9792	89.0900	32.3000
210.4483	88.9900	31.5000
213.9754	88.9500	30.8000
217.5617	89.0300	30.0000
221.2081	89.1700	29.3000
224.9156	89.1900	28.5000
228.6852	89.1100	27.8000
232.5181	89.0200	27.0000
236.4151	89.0400	26.3000
240.3775	89.2100	25.6000
244.4063	89.1900	24.9000
248.5026	88.9500	24.2000
252.6676	89.0000	23.5000
256.9023	89.1600	22.9000
261.2081	89.1300	22.2000
265.5860	88.9800	21.5000
270.0373	88.8700	21.0000
274.5632	88.9200	20.3000
279.1649	89.0000	19.8000
283.8438	88.8900	19.2000
288.6011	88.8600	18.6000
293.4381	88.9900	18.1000
298.3562	88.9800	17.6000
303.3567	88.9200	17.1000
308.4410	88.9800	16.6000
313.6106	89.0800	16.1000
318.8668	89.0700	15.7000
324.2111	88.9600	15.3000
329.6449	88.9600	15.0000
335.1698	88.9000	14.6000
340.7874	88.8400	14.3000
346.4991	88.8800	14.1000
352.3065	88.8800	13.8000
358.2112	88.8200	13.6000
364.2149	88.8400	13.4000
370.3193	88.8500	13.3000
376.5259	88.8000	13.2000
382.8366	88.7900	13.0000
389.2530	88.7500	13.0000
395.7770	88.7400	12.9000
402.4103	88.7800	12.9000
409.1548	88.7600	12.8000
416.0123	88.7400	12.8000
422.9848	88.7300	12.8000
430.0741	88.7100	12.7000
437.2823	88.7000	12.7000
444.6112	88.7000	12.7000
452.0630	88.7000	12.7000
459.6397	88.7100	12.8000
467.3434	88.7100	12.8000
475.1762	88.6900	12.8000
483.1402	88.6600	12.9000
491.2378	88.6400	13.0000
499.4710	88.6200	13.1000
507.8423	88.6200	13.1000
516.3539	88.6300	13.2000
525.0081	88.6500	13.2000
533.8074	88.6800	13.2000
542.7541	88.7100	13.3000
551.8508	88.7400	13.2000
561.0999	88.7700	13.1000
570.5041	88.8200	13.0000
580.0659	88.8500	12.9000
589.7879	88.8900	12.7000
599.6729	88.9400	12.5000
609.7236	88.9800	12.2000
619.9427	89.0100	11.9000
630.3331	89.0400	11.6000
640.8976	89.0700	11.3000
651.6392	89.0900	11.0000
662.5609	89.1100	10.6000
673.6656	89.1200	10.2000
684.9564	89.1200	9.8000
696.4364	89.1100	9.4000
708.1088	89.1100	9.0000
719.9769	89.0900	8.7000
732.0439	89.0700	8.4000
744.3131	89.0500	8.1000
756.7880	89.0300	7.9000
769.4720	89.0200	7.8000
782.3685	89.0200	7.8000
795.4812	89.0200	7.7000
808.8137	89.0500	7.7000
822.3696	89.0900	7.7000
836.1527	89.1500	7.6000
850.1668	89.2200	7.4000
864.4158	89.3000	7.1000
878.9036	89.3900	6.6000
893.6343	89.4800	6.0000
908.6118	89.5700	5.2000
923.8404	89.6400	4.2000
939.3242	89.6900	3.0000
955.0675	89.7100	1.8000
971.0746	89.7000	0.4000
987.3501	89.6700	-0.9000
1003.8983	89.6000	-2.2000
1020.7239	89.5000	-3.4000
1037.8315	89.3800	-4.5000
1055.2258	89.2400	-5.5000
1072.9116	89.0900	-6.2000
1090.8939	88.9500	-6.8000
1109.1775	88.8200	-7.3000
1127.7676	88.7100	-7.7000
1146.6693	88.6100	-8.1000
1165.8877	88.5300	-8.6000
1185.4283	88.4600	-9.3000
1205.2964	88.3700	-10.1000
1225.4974	88.2600	-11.1000
1246.0371	88.1100	-12.2000
1266.9209	87.9000	-13.3000
1288.1549	87.6400	-14.2000
1309.7446	87.3200	-14.8000
1331.6963	86.9600	-15.0000
1354.0158	86.5800	-14.5000
1376.7095	86.2300	-13.3000
1399.7835	85.9500	-11.4000
1423.2442	85.7800	-9.0000
1447.0981	85.7600	-6.5000
1471.3518	85.8700	-4.2000
1496.0120	86.0800	-2.5000
1521.0856	86.3600	-1.5000
1546.5793	86.6600	-1.2000
1572.5004	86.9500	-1.5000
1598.8559	87.2100	-2.5000
1625.6531	87.4400	-3.8000
1652.8994	87.6200	-5.4000
1680.6024	87.7700	-7.3000
1708.7697	87.8900	-9.5000
1737.4091	87.9500	-11.9000
1766.5285	87.9700	-14.7000
1796.1360	87.9200	-17.6000
1826.2397	87.8000	-20.8000
1856.8479	87.5900	-24.0000
1887.9691	87.2900	-27.1000
1919.6120	86.9000	-30.1000
1951.7851	86.4400	-32.8000
1984.4975	85.9100	-35.0000
2017.7582	85.3300	-36.8000
2051.5763	84.7200	-38.1000
2085.9612	84.1000	-38.8000
2120.9224	83.4700	-39.0000
2156.4696	82.8700	-38.6000
2192.6126	82.3100	-37.8000
2229.3613	81.8300	-36.5000
2266.7259	81.4300	-35.2000
2304.7168	81.1100	-33.8000
2343.3444	80.8600	-32.7000
2382.6195	80.6700	-31.8000
2422.5528	80.5300	-31.5000
2463.1553	80.3900	-31.7000
2504.4384	80.2300	-32.6000
2546.4134	80.0000	-33.9000
2589.0919	79.6700	-35.4000
2632.4858	79.2500	-36.8000
2676.6069	78.8000	-37.8000
2721.4674	78.3500	-38.5000
2767.0799	77.9300	-39.4000
2813.4568	77.4900	-40.6000
2860.6111	76.9900	-41.9000
2908.5556	76.4300	-43.3000
2957.3037	75.8300	-44.3000
3006.8689	75.2400	-45.2000
3057.2647	74.6800	-46.0000
3108.5052	74.1500	-46.8000
3160.6045	73.7300	-47.5000
3213.5770	73.5500	-48.7000
3267.4374	73.6200	-51.9000
3322.2004	73.7700	-58.3000
3377.8813	73.7500	-67.9000
3434.4954	73.3700	-79.4000
3492.0584	72.6500	-90.9000
3550.5862	71.7900	-100.8000
3610.0949	71.1700	-108.8000
3670.6009	70.9700	-116.7000
3732.1211	70.9400	-126.1000
3794.6724	70.7400	-135.8000
3858.2720	70.2900	-142.5000
3922.9376	70.0900	-144.3000
3988.6870	70.6500	-143.8000
4055.5384	71.7600	-144.9000
4123.5102	72.9400	-147.9000
4192.6212	74.1400	-151.4000
4262.8906	75.4400	-156.0000
4334.3377	76.6100	-162.9000
4406.9822	77.3200	-170.9000
4480.8443	77.6100	-177.7000
4555.9444	77.8200	178.5000
4632.3031	78.2000	175.1000
4709.9417	78.6000	170.7000
4788.8814	78.7700	165.6000
4869.1443	78.7400	161.3000
4950.7523	78.6600	157.9000
5033.7281	78.5200	154.2000
5118.0947	78.1200	150.5000
5203.8752	77.4100	149.2000
5291.0934	76.8600	151.3000
5379.7734	76.8100	154.0000
5469.9397	76.9200	154.6000
5561.6173	76.9000	154.2000
5654.8313	76.7900	152.9000
5749.6077	76.2100	150.9000
5845.9725	75.0000	153.1000
5943.9525	74.3300	162.6000
6043.5746	74.6600	171.0000
6144.8664	75.0400	176.9000
6247.8558	75.6700	-175.9000
6352.5714	77.1600	-169.9000
6459.0421	78.8700	-171.1000
6567.2972	80.0600	-178.2000
6677.3667	80.3600	173.6000
6789.2810	79.9200	167.5000
6903.0710	79.2300	164.7000
7018.7682	78.2800	166.1000
7136.4045	78.1200	174.7000
7256.0123	79.3700	179.3000
7377.6249	80.5300	177.0000
7501.2757	81.4200	172.7000
7626.9989	82.1700	165.9000
7754.8293	82.5600	157.3000
7884.8021	82.7000	147.4000
8016.9533	82.4000	134.7000
8151.3194	81.1300	120.8000
8287.9375	78.6800	110.6000
8426.8454	75.4900	110.7000
8568.0814	73.2800	123.3000
8711.6845	72.9000	136.3000
8857.6945	73.3500	144.6000
9006.1516	74.3100	148.1000
9157.0969	75.3800	144.8000
9310.5721	75.6400	135.5000
9466.6196	74.9200	127.9000
9625.2825	74.2000	122.7000
9786.6046	73.0000	115.9000
9950.6305	70.9100	114.9000
10117.4050	69.2000	124.0000
10286.9760	69.2900	138.9000
10459.3880	71.2600	144.8000
10634.6900	73.0600	138.0000
10812.9300	73.7800	126.2000
10994.1570	74.0600	114.6000
11178.4220	74.2000	97.5000
11365.7750	72.5200	73.4000
11556.2680	67.6200	58.2000
11749.9540	62.4100	79.1000
11946.8860	62.5200	99.2000
12147.1190	62.3200	107.2000
12350.7080	62.6000	122.5000
12557.7080	65.0700	131.9000
12768.1790	67.8900	125.8000
12982.1770	69.1800	106.6000
13199.7610	67.7800	87.4000
13420.9920	65.2000	83.5000
13645.9310	63.6500	90.0000
13874.6410	63.5900	99.8000
14107.1830	65.3500	103.1000
14343.6230	66.4900	89.8000
14584.0250	65.8900	77.3000
14828.4570	64.3400	68.5000
15076.9860	63.1700	70.9000
15329.6800	63.0600	69.2000
15586.6090	62.4300	68.4000
15847.8440	63.0200	75.7000
16113.4580	65.2700	73.0000
16383.5240	67.0800	56.0000
16658.1150	66.9600	29.8000
16937.3100	63.6900	10.9000
17221.1830	60.6500	16.6000
17509.8140	61.8200	18.3000
17803.2830	62.8100	-21.4000
18101.6700	59.2400	-101.0000
18405.0590	57.8600	155.1000
18713.5320	61.1300	82.2000
19027.1760	63.6700	47.1000
19346.0760	65.6500	18.3000
19670.3210	66.1700	-10.0000