20.19895	42.44	162
20.53749	42.64	161.7
20.8817	42.81	161.4
21.23169	42.94	161.1
21.58753	43.01	160.8
21.94935	43	160.5
22.31722	42.89	160.2
22.69126	42.69	159.9
23.07158	42.37	159.6
23.45826	41.92	159.3
23.85143	41.35	158.9
24.25118	40.78	158.6
24.65764	40.46	158.3
25.07091	40.5	158
25.4911	41.07	157.6
25.91834	41.96	157.3
26.35274	42.98	157
26.79441	43.98	156.6
27.2435	44.89	156.3
27.7001	45.67	155.9
28.16436	46.35	155.5
28.63641	46.98	155.2
29.11636	47.67	154.8
29.60436	48.51	154.4
30.10053	49.49	154.1
30.60502	50.48	153.7
31.11797	51.33	153.3
31.63952	52.05	152.9
32.1698	52.65	152.5
32.70898	53.19	152.1
33.25719	53.7	151.7
33.81459	54.23	151.3
34.38133	54.78	150.9
34.95757	55.33	150.5
35.54346	55.82	150.1
36.13918	56.22	149.6
36.74488	56.57	149.2
37.36074	56.87	148.8
37.98691	57.16	148.3
38.62358	57.43	147.9
39.27092	57.66	147.5
39.92911	57.79	147
40.59833	57.84	146.6
41.27877	57.85	146.1
41.97061	57.85	145.6
42.67405	57.84	145.2
43.38928	57.82	144.7
44.11649	57.8	144.3
44.8559	57.78	143.8
45.60769	57.79	143.3
46.37209	57.88	142.8
47.1493	58.07	142.4
47.93953	58.4	141.9
48.74301	58.82	141.4
49.55995	59.29	140.9
50.39059	59.77	140.4
51.23515	60.24	139.9
52.09386	60.71	139.4
52.96697	61.18	138.9
53.85471	61.67	138.4
54.75733	62.17	137.9
55.67507	62.68	137.4
56.6082	63.18	136.8
57.55697	63.67	136.3
58.52164	64.15	135.8
59.50247	64.58	135.3
60.49975	64.95	134.7
61.51374	65.24	134.2
62.54472	65.47	133.7
63.59299	65.65	133.1
64.65882	65.8	132.6
65.74252	65.97	132
66.84438	66.2	131.5
67.96471	66.53	131
69.10382	66.98	130.4
70.26201	67.5	129.9
71.43962	68.06	129.3
72.63697	68.59	128.8
73.85438	69.06	128.2
75.0922	69.45	127.6
76.35076	69.75	127.1
77.63042	69.97	126.5
78.93152	70.11	125.9
80.25443	70.2	125.3
81.59952	70.26	124.8
82.96715	70.35	124.2
84.3577	70.5	123.6
85.77155	70.8	123
87.2091	71.25	122.4
88.67075	71.82	121.8
90.15689	72.43	121.2
91.66795	72.99	120.6
93.20432	73.45	120
94.76645	73.78	119.4
96.35476	74	118.8
97.96969	74.17	118.2
99.61168	74.33	117.5
101.2812	74.53	116.9
102.9787	74.82	116.3
104.70465	75.2	115.6
106.45952	75.64	115
108.24381	76.11	114.3
110.058	76.56	113.7
111.9026	76.97	113
113.77812	77.33	112.3
115.68507	77.64	111.7
117.62398	77.9	111
119.59538	78.13	110.3
121.59983	78.4	109.6
123.63787	78.75	108.9
125.71007	79.19	108.2
127.81701	79.66	107.5
129.95925	80.09	106.8
132.1374	80.43	106.1
134.35205	80.72	105.4
136.60383	80.99	104.6
138.89334	81.31	103.9
141.22123	81.66	103.1
143.58813	82.01	102.4
145.9947	82.35	101.6
148.44161	82.65	100.8
150.92953	82.89	100
153.45914	83.05	99.2
156.03116	83.16	98.4
158.64628	83.25	97.6
161.30523	83.35	96.8
164.00874	83.46	95.9
166.75757	83.56	95.1
169.55247	83.63	94.2
172.39421	83.66	93.4
175.28358	83.69	92.5
178.22137	83.74	91.6
181.2084	83.78	90.8
184.2455	83.78	89.9
187.3335	83.74	88.9
190.47326	83.69	88
193.66564	83.62	87.1
196.91152	83.55	86.2
200.2118	83.49	85.2
203.5674	83.43	84.3
206.97924	83.37	83.3
210.44827	83.35	82.3
213.97543	83.34	81.4
217.56171	83.31	80.4
221.2081	83.24	79.4
224.9156	83.19	78.4
228.68524	83.17	77.4
232.51806	83.18	76.4
236.41512	83.18	75.3
240.3775	83.18	74.3
244.40628	83.22	73.3
248.50259	83.26	72.2
252.66756	83.28	71.2
256.90233	83.26	70.2
261.20807	83.25	69.1
265.58598	83.3	68.1
270.03727	83.37	67.1
274.56316	83.4	66.1
279.16491	83.42	65
283.84378	83.46	64
288.60107	83.49	63
293.43809	83.5	62
298.35619	83.53	61
303.35671	83.6	60.1
308.44104	83.64	59.1
313.61059	83.64	58.2
318.86678	83.64	57.3
324.21107	83.67	56.4
329.64492	83.69	55.5
335.16985	83.7	54.7
340.78738	83.73	53.9
346.49906	83.73	53.1
352.30647	83.72	52.3
358.21121	83.72	51.6
364.21492	83.73	51
370.31925	83.72	50.3
376.5259	83.72	49.8
382.83656	83.71	49.2
389.253	83.69	48.7
395.77697	83.69	48.3
402.41029	83.68	47.9
409.15479	83.65	47.5
416.01232	83.63	47.2
422.98479	83.62	47
430.07412	83.6	46.8
437.28226	83.58	46.6
444.61122	83.55	46.5
452.06302	83.54	46.5
459.6397	83.52	46.4
467.34338	83.5	46.4
475.17617	83.41	46.5
483.14023	83.31	46.7
491.23778	83.24	47
499.47105	83.19	47.3
507.84231	83.17	47.7
516.35387	83.18	48
525.00808	83.21	48.4
533.80735	83.27	48.7
542.75409	83.35	49
551.85078	83.45	49.1
561.09994	83.57	49.2
570.50411	83.71	49.2
580.0659	83.85	49
589.78794	84.01	48.7
599.67293	84.17	48.3
609.7236	84.3	47.8
619.94272	84.41	47.2
630.33311	84.51	46.7
640.89765	84.6	46.1
651.63925	84.68	45.5
662.56088	84.74	45
673.66556	84.8	44.5
684.95636	84.85	44
696.4364	84.88	43.7
708.10884	84.91	43.4
719.97692	84.95	43.2
732.04391	84.96	43
744.31315	84.99	42.9
756.78802	85.02	42.8
769.47197	85.05	42.8
782.36851	85.07	42.7
795.4812	85.1	42.8
808.81366	85.13	42.8
822.36957	85.17	42.8
836.15269	85.21	42.8
850.16681	85.25	42.8
864.41582	85.28	42.8
878.90364	85.32	42.7
893.63428	85.36	42.5
908.61181	85.38	42.3
923.84036	85.39	41.9
939.32415	85.38	41.6
955.06746	85.35	41.1
971.07462	85.29	40.7
987.35007	85.2	40.4
1003.8983	85.12	39.8
1020.7239	85	39.5
1037.8315	84.87	39.3
1055.2258	84.72	39.4
1072.9116	84.57	39.8
1090.8939	84.45	40.4
1109.1775	84.35	41.2
1127.7676	84.28	42.1
1146.6693	84.25	42.9
1165.8877	84.25	43.7
1185.4283	84.25	44.3
1205.2964	84.26	44.7
1225.4974	84.24	45
1246.0371	84.19	45.2
1266.9209	84.08	45.4
1288.1549	83.93	45.9
1309.7446	83.75	46.8
1331.6963	83.55	48.2
1354.0158	83.38	50.3
1376.7095	83.28	53
1399.7835	83.28	56.1
1423.2442	83.42	59.3
1447.0981	83.67	62.2
1471.3518	84.02	64.6
1496.012	84.4	66.4
1521.0856	84.79	67.5
1546.5793	85.15	68.3
1572.5004	85.48	68.8
1598.8559	85.77	69.3
1625.6531	86.05	69.8
1652.8994	86.35	70.4
1680.6024	86.68	71.1
1708.7697	87.06	71.6
1737.4091	87.48	71.7
1766.5285	87.91	71.3
1796.136	88.34	70.3
1826.2397	88.72	68.8
1856.8479	89.02	66.8
1887.9691	89.22	64.6
1919.612	89.33	62.4
1951.7851	89.34	60.4
1984.4975	89.27	58.8
2017.7582	89.15	57.8
2051.5763	89.03	57.5
2085.9612	88.94	57.9
2120.9224	88.94	58.7
2156.4696	89.05	59.5
2192.6126	89.25	60.1
2229.3613	89.49	60.2
2266.7259	89.74	59.8
2304.7168	89.97	59
2343.3444	90.16	58
2382.6195	90.34	57
2422.5528	90.54	55.8
2463.1553	90.73	54.1
2504.4384	90.87	52
2546.4134	90.91	49.5
2589.0919	90.81	47
2632.4858	90.59	45.2
2676.6069	90.35	44.4
2721.4674	90.16	44.3
2767.0799	90.07	44.3
2813.4568	90.02	44
2860.6111	89.91	43.6
2908.5556	89.74	43.6
2957.3037	89.61	44.4
3006.8689	89.64	45.6
3057.2647	89.83	46.1
3108.5052	90.03	45.2
3160.6045	90.06	43.3
3213.577	89.84	41.8
3267.4374	89.52	41.9
3322.2004	89.36	43.8
3377.8813	89.55	45.9
3434.4954	89.98	46.1
3492.0584	90.34	43.9
3550.5862	90.4	40.6
3610.0949	90.18	38
3670.6009	89.92	37
3732.1211	89.8	36.5
3794.6724	89.75	35.2
3858.272	89.54	33.2
3922.9376	89.14	32.3
3988.687	88.82	32.9
4055.5384	88.75	33.7
4123.5102	88.74	33.1
4192.6212	88.56	31.9
4262.8906	88.27	31.6
4334.3377	88.1	32
4406.9822	88.01	31.7
4480.8443	87.83	31
4555.9444	87.64	30.9
4632.3031	87.57	30.7
4709.9417	87.48	29
4788.8814	87.17	26.8
4869.1443	86.73	25.5
4950.7523	86.36	24.6
5033.7281	85.9	22.7
5118.0947	85.15	21.3
5203.8752	84.34	22.2
5291.0934	83.78	24.1
5379.7734	83.31	25.1
5469.9397	82.74	26.3
5561.6173	82.25	27.9
5654.8313	81.76	28
5749.6077	80.78	27.7
5845.9725	79.39	31.8
5943.9525	78.5	40.8
6043.5746	78.22	49
6144.8664	77.92	57.5
6247.8558	78.27	69.6
6352.5714	79.9	77.4
6459.0421	81.52	75.5
6567.2972	82.22	68.8
6677.3667	82.09	62.6
6789.281	81.52	58.4
6903.071	80.69	56.2
7018.7682	79.69	56.5
7136.4045	78.83	59.8
7256.0123	78.34	64.4
7377.6249	78.16	68.1
7501.2757	77.96	70.5
7626.9989	77.64	73.7
7754.8293	77.53	77.2
7884.8021	77.36	79
8016.9533	76.84	81.6
8151.3194	76.54	87.1
8287.9375	76.76	90.4
8426.8454	76.58	90.4
8568.0814	75.91	93.6
8711.6845	75.87	100.6
8857.6945	76.37	104
9006.1516	76.71	105.4
9157.0969	77.17	104.9
9310.5721	77.02	101.3
9466.6196	76.35	102.3
9625.2825	76.16	106.1
9786.6046	76.28	107.9
9950.6305	76.26	107.6
10117.405	76.02	106.9
10286.976	75.72	107.1
10459.388	75.58	106.8
10634.69	75.3	105.6
10812.93	74.9	104.7
10994.157	74.45	103.7
11178.422	73.88	103.2
11365.775	73.66	103.9
11556.268	73.59	102.3
11749.954	73.38	100.8
11946.886	73.19	97.4
12147.119	72.37	94.7
12350.708	72.15	97.1
12557.708	72.58	96.7
12768.179	73.61	94.6
12982.177	74.61	84.2
13199.761	74.62	73.5
13420.992	74.63	65.8
13645.931	74.67	60
13874.641	75.23	55.7
14107.183	76.14	49.1
14343.623	77.32	39.7
14584.025	78.05	26.8
14828.457	78.22	16.6
15076.986	78.35	8
15329.68	78.23	0.9
15586.609	77.93	-5.4
15847.844	77.41	-11
16113.458	76.54	-14.7
16383.524	75.75	-11.3
16658.115	75.68	-5.8
16937.31	76.31	-2.9
17221.183	77.1	-4.2
17509.814	77.73	-6.8
17803.283	77.86	-11.7
18101.67	77.33	-18.7
18405.059	76.26	-21.1
18713.532	75.43	-19.5
19027.176	75.03	-19.1
19346.076	74.48	-24.2
19670.321	72.76	-32
