19.8660	74.5800	170.6000
20.1989	74.8500	169.1000
20.5375	75.1100	167.8000
20.8817	75.4000	166.6000
21.2317	75.6900	165.3000
21.5875	75.9700	164.1000
21.9493	76.2300	162.8000
22.3172	76.4300	161.4000
22.6913	76.6200	159.9000
23.0716	76.7900	158.5000
23.4583	76.9800	157.3000
23.8514	77.1800	156.4000
24.2512	77.3800	155.6000
24.6576	77.5900	154.8000
25.0709	77.8100	153.7000
25.4911	78.0300	152.2000
25.9183	78.2600	150.6000
26.3527	78.4800	149.1000
26.7944	78.7100	148.1000
27.2435	78.9400	147.2000
27.7001	79.1500	146.3000
28.1644	79.3200	145.1000
28.6364	79.4800	143.6000
29.1164	79.6300	142.1000
29.6044	79.8200	140.7000
30.1005	80.0300	139.3000
30.6050	80.2500	137.9000
31.1180	80.4800	136.5000
31.6395	80.7100	135.1000
32.1698	80.9300	133.7000
32.7090	81.1000	132.5000
33.2572	81.2500	131.4000
33.8146	81.4200	130.4000
34.3813	81.6200	129.4000
34.9576	81.8400	128.4000
35.5435	82.1000	127.1000
36.1392	82.4100	125.7000
36.7449	82.6800	124.2000
37.3607	82.9000	122.8000
37.9869	83.0900	121.4000
38.6236	83.2600	120.2000
39.2709	83.4100	119.2000
39.9291	83.6100	118.0000
40.5983	83.8500	116.7000
41.2788	84.0500	115.4000
41.9706	84.2000	114.3000
42.6741	84.3600	113.2000
43.3893	84.5500	112.3000
44.1165	84.7300	111.0000
44.8559	84.8700	108.9000
45.6077	84.9700	107.5000
46.3721	85.0200	106.9000
47.1493	85.1000	106.4000
47.9395	85.2700	105.9000
48.7430	85.3700	105.0000
49.5600	85.4300	103.0000
50.3906	85.5500	101.4000
51.2351	85.6700	100.0000
52.0939	85.6000	99.0000
52.9670	85.5700	98.0000
53.8547	85.6600	96.7000
54.7573	85.7900	96.2000
55.6751	85.9500	95.8000
56.6082	86.1100	94.8000
57.5570	86.3100	93.7000
58.5216	86.5600	92.5000
59.5025	86.8600	91.3000
60.4997	87.0200	90.0000
61.5137	87.0900	88.7000
62.5447	87.2900	88.0000
63.5930	87.4600	87.1000
64.6588	87.6000	86.0000
65.7425	87.7800	85.3000
66.8444	87.8500	84.2000
67.9647	87.9100	83.4000
69.1038	87.9700	82.8000
70.2620	88.0900	81.3000
71.4396	88.1600	80.4000
72.6370	88.2300	79.1000
73.8544	88.3100	77.8000
75.0922	88.3900	76.9000
76.3508	88.5400	76.3000
77.6304	88.7300	74.8000
78.9315	88.8600	73.7000
80.2544	88.9600	72.6000
81.5995	89.1100	71.9000
82.9672	89.2900	70.8000
84.3577	89.3100	69.1000
85.7716	89.3500	68.1000
87.2091	89.4500	67.2000
88.6707	89.5500	66.1000
90.1569	89.6700	65.3000
91.6680	89.7300	64.0000
93.2043	89.8400	62.8000
94.7665	89.9300	61.2000
96.3548	89.9100	59.6000
97.9697	89.8100	58.1000
99.6117	89.9300	57.6000
101.2812	89.9700	57.5000
102.9787	90.1200	56.4000
104.7047	90.1600	55.3000
106.4595	90.1600	55.2000
108.2438	90.2000	54.4000
110.0580	90.2700	53.7000
111.9026	90.3600	52.6000
113.7781	90.5800	51.4000
115.6851	90.5300	49.7000
117.6240	90.5400	48.3000
119.5954	90.5100	47.6000
121.5998	90.6300	47.4000
123.6379	90.6900	46.7000
125.7101	90.7200	46.2000
127.8170	90.7300	45.1000
129.9592	90.7300	44.6000
132.1374	90.8200	43.9000
134.3520	90.8500	42.6000
136.6038	90.9100	41.8000
138.8933	91.0300	40.9000
141.2212	91.1300	39.7000
143.5881	91.1700	38.8000
145.9947	91.1600	38.2000
148.4416	91.1600	37.5000
150.9295	91.1500	36.5000
153.4591	91.2100	35.3000
156.0312	91.3700	35.0000
158.6463	91.4200	33.5000
161.3052	91.4200	32.4000
164.0087	91.3400	31.3000
166.7576	91.2600	30.2000
169.5525	91.2400	29.5000
172.3942	91.2000	29.5000
175.2836	91.2500	29.1000
178.2214	91.3500	28.7000
181.2084	91.4600	28.3000
184.2455	91.4600	27.5000
187.3335	91.4700	26.6000
190.4733	91.5000	25.2000
193.6656	91.5600	24.0000
196.9115	91.6000	23.2000
200.2118	91.5500	22.4000
203.5674	91.4700	21.9000
206.9792	91.4300	21.6000
210.4483	91.4800	21.1000
213.9754	91.5100	20.6000
217.5617	91.5800	20.0000
221.2081	91.6600	19.4000
224.9156	91.6900	18.2000
228.6852	91.7300	17.0000
232.5181	91.8000	16.0000
236.4151	91.7400	15.1000
240.3775	91.6700	14.1000
244.4063	91.5500	12.9000
248.5026	91.5300	12.3000
252.6676	91.5900	11.6000
256.9023	91.5700	10.6000
261.2081	91.4000	10.0000
265.5860	91.2700	9.8000
270.0373	91.3100	10.0000
274.5632	91.3400	9.6000
279.1649	91.3700	8.6000
283.8438	91.4000	7.5000
288.6011	91.3300	7.2000
293.4381	91.2800	7.1000
298.3562	91.2400	6.5000
303.3567	91.2300	5.7000
308.4410	91.2700	5.1000
313.6106	91.3000	4.8000
318.8668	91.3100	3.7000
324.2111	91.1900	2.2000
329.6449	90.9800	1.8000
335.1698	90.9000	1.7000
340.7874	90.9400	1.3000
346.4991	90.8500	1.3000
352.3065	90.6800	1.2000
358.2112	90.6100	0.7000
364.2149	90.5300	0.7000
370.3193	90.5100	1.2000
376.5259	90.3800	1.7000
382.8366	90.3800	2.7000
389.2530	90.3800	3.2000
395.7770	90.4800	3.4000
402.4103	90.5400	5.0000
409.1548	90.7400	7.1000
416.0123	91.2400	7.6000
422.9848	91.9500	5.1000
430.0741	92.1000	1.7000
437.2823	91.9900	-1.2000
444.6112	91.8800	0.7000
452.0630	91.6700	0.6000
459.6397	91.7200	-0.3000
467.3434	91.6800	-3.0000
475.1762	91.3600	-5.9000
483.1402	90.8500	-7.6000
491.2378	90.3100	-7.5000
499.4710	89.8700	-6.4000
507.8423	89.4500	-4.4000
516.3539	89.3500	-0.2000
525.0081	89.7900	2.6000
533.8074	90.2800	1.4000
542.7541	90.3800	-1.4000
551.8508	90.1000	-3.3000
561.0999	89.7300	-2.7000
570.5041	89.6700	-0.9000
580.0659	89.7600	-0.4000
589.7879	89.7000	-0.1000
599.6729	89.6600	1.4000
609.7236	89.8900	3.7000
619.9427	90.4200	4.4000
630.3331	90.9600	2.9000
640.8976	91.3000	-0.4000
651.6392	91.4200	-3.9000
662.5609	91.3500	-7.7000
673.6656	91.0000	-10.9000
684.9564	90.5900	-12.1000
696.4364	90.3000	-12.7000
708.1088	90.0100	-13.1000
719.9769	89.7700	-12.7000
732.0439	89.6900	-12.8000
744.3131	89.5000	-13.7000
756.7880	89.1500	-14.1000
769.4720	88.7800	-13.3000
782.3685	88.4900	-11.3000
795.4812	88.4200	-9.0000
808.8137	88.4600	-7.5000
822.3696	88.4300	-6.4000
836.1527	88.4300	-4.3000
850.1668	88.6000	-2.1000
864.4158	88.9500	-0.2000
878.9036	89.5000	0.1000
893.6343	89.8400	-1.7000
908.6118	89.9900	-2.9000
923.8404	90.2800	-3.9000
939.3242	90.5000	-6.6000
955.0675	90.4000	-9.2000
971.0746	90.3400	-10.2000
987.3501	90.3400	-12.2000
1003.8983	90.1200	-13.8000
1020.7239	89.9200	-14.8000
1037.8315	89.6400	-15.4000
1055.2258	89.3200	-14.7000
1072.9116	89.2400	-12.5000
1090.8939	89.3900	-11.7000
1109.1775	89.4600	-10.7000
1127.7676	89.7500	-9.3000
1146.6693	90.3000	-9.7000
1165.8877	90.7800	-12.8000
1185.4283	90.8500	-17.3000
1205.2964	90.5600	-20.8000
1225.4974	90.1700	-22.0000
1246.0371	90.0200	-21.7000
1266.9209	90.0700	-22.6000
1288.1549	90.0100	-24.4000
1309.7446	89.8400	-25.9000
1331.6963	89.6500	-27.8000
1354.0158	89.2000	-29.6000
1376.7095	88.5400	-28.4000
1399.7835	88.3500	-24.2000
1423.2442	88.7200	-22.3000
1447.0981	89.0200	-22.4000
1471.3518	89.2600	-24.1000
1496.0120	89.2300	-25.9000
1521.0856	89.1400	-27.4000
1546.5793	88.8400	-28.1000
1572.5004	88.7700	-26.1000
1598.8559	89.1200	-26.3000
1625.6531	89.2100	-28.8000
1652.8994	89.0200	-30.1000
1680.6024	88.9300	-30.6000
1708.7697	88.8200	-30.4000
1737.4091	88.9500	-29.9000
1766.5285	89.2600	-30.9000
1796.1360	89.3800	-33.4000
1826.2397	89.4200	-35.8000
1856.8479	89.3200	-39.1000
1887.9691	88.9100	-41.6000
1919.6120	88.4800	-41.5000
1951.7851	88.3500	-40.0000
1984.4975	88.5600	-39.3000
2017.7582	88.9400	-40.9000
2051.5763	89.1100	-45.4000
2085.9612	88.7200	-49.6000
2120.9224	88.1100	-51.5000
2156.4696	87.6300	-50.2000
2192.6126	87.5600	-48.2000
2229.3613	87.9500	-47.0000
2266.7259	88.5100	-50.0000
2304.7168	88.6300	-56.1000
2343.3444	88.0700	-62.1000
2382.6195	87.0300	-63.7000
2422.5528	86.5400	-59.9000
2463.1553	86.9300	-57.6000
2504.4384	87.4100	-60.7000
2546.4134	87.3600	-66.0000
2589.0919	86.8500	-69.6000
2632.4858	86.4200	-70.0000
2676.6069	86.5500	-70.4000
2721.4674	86.7600	-75.1000
2767.0799	86.3700	-80.9000
2813.4568	85.6400	-84.3000
2860.6111	85.1400	-85.3000
2908.5556	84.9400	-87.0000
2957.3037	84.6800	-90.7000
3006.8689	84.2300	-93.8000
3057.2647	83.9300	-96.4000
3108.5052	83.7800	-101.1000
3160.6045	83.2300	-107.8000
3213.5770	82.3400	-113.7000
3267.4374	81.3700	-117.9000
3322.2004	80.5100	-121.8000
3377.8813	79.5900	-127.4000
3434.4954	78.4100	-133.1000
3492.0584	76.9200	-139.5000
3550.5862	74.8200	-143.9000
3610.0949	73.1700	-142.8000
3670.6009	72.1100	-147.8000
3732.1211	69.6200	-158.1000
3794.6724	66.2400	-157.7000
3858.2720	64.6800	-159.9000
3922.9376	61.1800	-178.9000
3988.6870	57.5400	167.3000
4055.5384	59.3100	116.1000
4123.5102	62.0100	60.1000
4192.6212	62.2700	34.2000
4262.8906	63.1500	36.0000
4334.3377	65.3200	34.6000
4406.9822	66.7400	29.0000
4480.8443	67.5000	30.4000
4555.9444	70.2900	30.8000
4632.3031	72.1100	11.3000
4709.9417	70.1400	-4.8000
4788.8814	68.9200	9.4000
4869.1443	71.2100	6.2000
4950.7523	70.7800	-9.4000
5033.7281	68.0900	-10.6000
5118.0947	67.9300	6.2000
5203.8752	69.4000	5.2000
5291.0934	68.9800	1.5000
5379.7734	68.5200	5.5000
5469.9397	69.1700	11.9000
5561.6173	69.8500	7.0000
5654.8313	69.6000	11.7000
5749.6077	70.8500	6.4000
5845.9725	70.0000	3.7000
5943.9525	70.6800	3.5000
6043.5746	70.5800	-3.8000
6144.8664	69.7900	-8.8000
6247.8558	68.8800	-12.4000
6352.5714	66.9000	-11.2000
6459.0421	66.1400	0.7000
6567.2972	66.9000	11.0000
6677.3667	68.0900	13.3000
6789.2810	69.0100	7.6000
6903.0710	68.5400	4.7000
7018.7682	68.4800	3.0000
7136.4045	68.3200	3.0000
7256.0123	68.6600	-4.4000
7377.6249	65.9600	-9.8000
7501.2757	65.7300	5.0000
7626.9989	64.3200	4.9000
7754.8293	63.5800	33.0000
7884.8021	69.6400	47.7000
8016.9533	72.4800	16.5000
8151.3194	70.8300	1.2000
8287.9375	69.7200	-10.4000
8426.8454	67.9500	-7.0000
8568.0814	66.9000	-1.8000
8711.6845	67.1200	9.5000
8857.6945	69.2400	12.1000
9006.1516	70.2800	4.3000
9157.0969	71.1200	-3.8000
9310.5721	71.5100	-9.2000
9466.6196	71.3500	-21.0000
9625.2825	71.6600	-25.9000
9786.6046	71.4400	-27.2000
9950.6305	74.5300	-38.1000
10117.4050	75.3400	-78.4000
10286.9760	71.6900	-107.2000
10459.3880	68.7000	-120.2000
10634.6900	66.6800	-134.5000
10812.9300	64.4100	-168.0000
10994.1570	61.7400	138.1000
11178.4220	58.8300	83.4000
11365.7750	60.9100	21.3000
11556.2680	58.5100	-13.5000
11749.9540	53.7900	-19.7000
11946.8860	54.8000	-24.0000
12147.1190	54.4600	28.4000
12350.7080	61.9800	-6.2000
12557.7080	58.5100	-13.5000
12768.1790	58.5400	-42.5000
12982.1770	53.4200	-35.8000
13199.7610	51.1800	-2.2000
13420.9920	56.2700	6.8000
13645.9310	58.1300	-8.9000
13874.6410	58.2200	-22.5000
14107.1830	57.6700	-29.3000
14343.6230	55.7400	-50.3000
14584.0250	55.1300	-55.8000
14828.4570	50.5300	-75.0000
15076.9860	46.0500	-50.4000
15329.6800	32.9900	33.6000
15586.6090	51.6700	70.7000
15847.8440	56.1900	3.7000
16113.4580	49.1500	-3.1000
16383.5240	53.6100	-2.6000
16658.1150	52.2800	-9.7000
16937.3100	48.8600	-16.2000
17221.1830	48.4300	2.7000
17509.8140	46.7300	19.4000
17803.2830	49.4000	0.5000
18101.6700	47.6600	4.0000
18405.0590	48.8200	-4.7000
18713.5320	48.8700	9.4000
19027.1760	49.8400	8.3000
19346.0760	49.8500	-13.6000
19670.3210	44.6400	-17.1000
20000.0000	44.6300	-23.9000