14.9760	55.5100	-165.7000
15.2270	57.3400	-164.9000
15.4822	59.2900	-164.0000
15.7417	60.8900	-163.2000
16.0055	61.8100	-162.9000
16.2737	61.9700	-163.7000
16.5465	61.5100	-165.9000
16.8238	60.6500	-169.1000
17.1058	59.7100	-172.4000
17.3925	58.9800	-174.6000
17.6840	58.7000	-174.3000
17.9804	58.7900	-171.6000
18.2817	59.1000	-166.9000
18.5881	59.5200	-162.0000
18.8997	59.9700	-158.5000
19.2164	60.4400	-157.2000
19.5385	60.9300	-157.1000
19.8660	61.4400	-157.7000
20.1989	61.9300	-158.6000
20.5375	62.3500	-159.7000
20.8817	62.7000	-161.0000
21.2317	63.0200	-162.4000
21.5875	63.3400	-163.7000
21.9493	63.6900	-164.5000
22.3172	64.1000	-164.9000
22.6913	64.5300	-165.1000
23.0716	64.9400	-165.4000
23.4583	65.2600	-166.0000
23.8514	65.4800	-167.6000
24.2512	65.6700	-170.1000
24.6576	65.8700	-172.7000
25.0709	66.1600	-174.5000
25.4911	66.5500	-175.8000
25.9183	66.9500	-176.8000
26.3527	67.2800	-178.3000
26.7944	67.5000	-16.7000
27.2435	67.6600	177.5000
27.7001	67.7800	174.9000
28.1644	67.8900	173.2000
28.6364	67.9900	172.1000
29.1164	68.1100	171.5000
29.6044	68.2500	171.2000
30.1005	68.4400	171.2000
30.6050	68.6800	171.0000
31.1180	68.9800	170.5000
31.6395	69.3200	169.3000
32.1698	69.6500	168.0000
32.7090	69.9300	166.8000
33.2572	70.1800	165.7000
33.8146	70.4200	164.7000
34.3813	70.6700	163.8000
34.9576	70.9400	162.8000
35.5435	71.2500	161.6000
36.1392	71.5900	160.3000
36.7449	71.9000	158.9000
37.3607	72.1800	157.2000
37.9869	72.4400	155.5000
38.6236	72.7000	153.8000
39.2709	72.9500	152.2000
39.9291	73.2000	150.7000
40.5983	73.4500	149.2000
41.2788	73.7300	147.6000
41.9706	74.0100	145.9000
42.6741	74.2600	143.8000
43.3893	74.4700	141.5000
44.1165	74.6400	139.2000
44.8559	74.7800	137.1000
45.6077	74.8900	135.3000
46.3721	74.9900	133.7000
47.1493	75.0800	132.3000
47.9395	75.2000	131.0000
48.7430	75.3700	129.8000
49.5600	75.6000	128.5000
50.3906	75.8400	126.9000
51.2351	76.0500	124.8000
52.0939	76.2000	122.3000
52.9670	76.2300	119.7000
53.8547	76.1800	117.5000
54.7573	76.0600	116.0000
55.6751	75.9300	115.4000
56.6082	75.8800	115.5000
57.5570	75.9600	116.0000
58.5216	76.1700	116.2000
59.5025	76.4400	115.9000
60.4997	76.6700	114.9000
61.5137	76.8700	114.0000
62.5447	77.0700	113.1000
63.5930	77.2800	112.1000
64.6588	77.5000	111.0000
65.7425	77.7000	109.8000
66.8444	77.8800	108.5000
67.9647	78.0400	107.2000
69.1038	78.1900	106.0000
70.2620	78.3400	105.0000
71.4396	78.5200	104.1000
72.6370	78.7300	103.1000
73.8544	78.9500	101.9000
75.0922	79.1800	100.6000
76.3508	79.3900	99.1000
77.6304	79.5900	97.5000
78.9315	79.7700	95.8000
80.2544	79.9300	94.0000
81.5995	80.0900	92.3000
82.9672	80.2200	90.4000
84.3577	80.3200	88.5000
85.7716	80.3900	86.7000
87.2091	80.4500	85.2000
88.6707	80.5300	83.8000
90.1569	80.6100	82.3000
91.6680	80.7000	80.8000
93.2043	80.7700	79.2000
94.7665	80.8200	77.6000
96.3548	80.8700	76.1000
97.9697	80.9200	74.7000
99.6117	80.9500	73.1000
101.2812	80.9500	71.6000
102.9787	80.9100	70.2000
104.7047	80.8600	69.3000
106.4595	80.8300	68.7000
108.2438	80.8600	68.3000
110.0580	80.9700	67.8000
111.9026	81.1100	66.9000
113.7781	81.2400	65.5000
115.6851	81.2800	63.6000
117.6240	81.2200	61.9000
119.5954	81.0800	61.2000
121.5998	81.0100	61.3000
123.6379	81.0800	61.5000
125.7101	81.2300	61.2000
127.8170	81.3900	60.4000
129.9592	81.4800	59.2000
132.1374	81.5200	58.1000
134.3520	81.5500	57.4000
136.6038	81.5900	56.8000
138.8933	81.6700	56.3000
141.2212	81.7700	55.7000
143.5881	81.8800	54.9000
145.9947	81.9900	54.1000
148.4416	82.1200	53.2000
150.9295	82.2500	52.2000
153.4591	82.3800	50.9000
156.0312	82.4900	49.3000
158.6463	82.5300	47.5000
161.3052	82.5200	45.7000
164.0087	82.4300	44.2000
166.7576	82.3100	43.2000
169.5525	82.1800	42.8000
172.3942	82.1000	42.8000
175.2836	82.0900	43.1000
178.2214	82.1700	43.5000
181.2084	82.3300	43.5000
184.2455	82.5100	43.1000
187.3335	82.7000	42.3000
190.4733	82.8700	41.2000
193.6656	83.0000	39.8000
196.9115	83.0900	38.3000
200.2118	83.1300	36.8000
203.5674	83.1400	35.6000
206.9792	83.1500	34.4000
210.4483	83.1700	33.5000
213.9754	83.2100	32.5000
217.5617	83.2600	31.4000
221.2081	83.3200	30.2000
224.9156	83.3700	28.7000
228.6852	83.3500	27.1000
232.5181	83.2800	25.6000
236.4151	83.1700	24.4000
240.3775	83.0700	23.7000
244.4063	83.0200	23.3000
248.5026	83.0200	22.8000
252.6676	83.0500	22.0000
256.9023	83.0700	20.8000
261.2081	83.0400	19.4000
265.5860	82.9500	18.1000
270.0373	82.8200	17.1000
274.5632	82.6800	16.5000
279.1649	82.5500	16.2000
283.8438	82.4500	16.0000
288.6011	82.3800	16.0000
293.4381	82.3500	16.0000
298.3562	82.3600	15.9000
303.3567	82.3900	15.7000
308.4410	82.4300	15.2000
313.6106	82.4500	14.5000
318.8668	82.4600	13.7000
324.2111	82.4300	12.9000
329.6449	82.3800	12.2000
335.1698	82.3300	11.6000
340.7874	82.3000	11.1000
346.4991	82.2800	10.4000
352.3065	82.2400	9.6000
358.2112	82.1600	8.7000
364.2149	82.0500	8.0000
370.3193	81.9200	7.6000
376.5259	81.7900	7.4000
382.8366	81.6700	7.4000
389.2530	81.5600	7.6000
395.7770	81.4600	8.1000
402.4103	81.4200	8.8000
409.1548	81.4500	9.4000
416.0123	81.5500	9.8000
422.9848	81.6900	9.8000
430.0741	81.8400	9.3000
437.2823	81.9800	8.4000
444.6112	82.0900	7.2000
452.0630	82.1500	5.3000
459.6397	82.1600	3.5000
467.3434	82.1400	1.4000
475.1762	82.0300	-0.9000
483.1402	81.8100	-3.5000
491.2378	81.4200	-6.0000
499.4710	80.8300	-7.7000
507.8423	80.0300	-7.4000
516.3539	79.4000	-3.9000
525.0081	79.2600	0.4000
533.8074	79.4700	2.7000
542.7541	79.6200	2.7000
551.8508	79.5100	2.1000
561.0999	79.2400	2.8000
570.5041	79.0500	4.9000
580.0659	79.0400	7.4000
589.7879	79.1900	9.6000
599.6729	79.4700	11.4000
609.7236	79.8600	12.5000
619.9427	80.3300	12.3000
630.3331	80.7600	10.5000
640.8976	81.0300	7.1000
651.6392	81.0300	3.0000
662.5609	80.7100	-0.9000
673.6656	80.1400	-3.3000
684.9564	79.4300	-3.7000
696.4364	78.7700	-1.9000
708.1088	78.3100	1.5000
719.9769	78.1600	5.3000
732.0439	78.2400	8.3000
744.3131	78.3900	10.2000
756.7880	78.4900	11.9000
769.4720	78.6300	13.8000
782.3685	78.9300	15.5000
795.4812	79.3100	16.0000
808.8137	79.5900	15.1000
822.3696	79.6200	13.8000
836.1527	79.4600	14.0000
850.1668	79.4400	16.2000
864.4158	79.7900	18.7000
878.9036	80.4000	19.6000
893.6343	81.0000	18.3000
908.6118	81.4800	15.6000
923.8404	81.8100	11.6000
939.3242	81.9000	6.6000
955.0675	81.6800	1.6000
971.0746	81.1500	-2.3000
987.3501	80.3900	-4.1000
1003.8983	79.6300	-3.3000
1020.7239	79.0800	-0.7000
1037.8315	78.8100	2.6000
1055.2258	78.8600	5.4000
1072.9116	79.0600	6.5000
1090.8939	79.1200	6.4000
1109.1775	79.0400	6.6000
1127.7676	79.0000	7.4000
1146.6693	79.0200	8.0000
1165.8877	79.0200	8.2000
1185.4283	78.9900	8.6000
1205.2964	78.9500	9.1000
1225.4974	78.9600	9.7000
1246.0371	78.9500	9.8000
1266.9209	78.8200	10.3000
1288.1549	78.7300	11.9000
1309.7446	78.8100	13.7000
1331.6963	78.9700	14.9000
1354.0158	79.1600	16.0000
1376.7095	79.4400	17.1000
1399.7835	79.8300	17.2000
1423.2442	80.1700	16.0000
1447.0981	80.4100	14.3000
1471.3518	80.5700	11.9000
1496.0120	80.5600	9.2000
1521.0856	80.3900	7.0000
1546.5793	80.1200	5.6000
1572.5004	79.8600	5.1000
1598.8559	79.6300	4.9000
1625.6531	79.4200	4.9000
1652.8994	79.2100	5.3000
1680.6024	79.0200	6.1000
1708.7697	78.9000	7.3000
1737.4091	78.8800	8.5000
1766.5285	78.8900	9.5000
1796.1360	78.9700	10.5000
1826.2397	79.1400	11.2000
1856.8479	79.3400	11.1000
1887.9691	79.4900	10.2000
1919.6120	79.5300	9.0000
1951.7851	79.4900	8.1000
1984.4975	79.4500	7.5000
2017.7582	79.4300	7.0000
2051.5763	79.4000	6.2000
2085.9612	79.2800	5.6000
2120.9224	79.2000	5.6000
2156.4696	79.2000	5.6000
2192.6126	79.2200	5.2000
2229.3613	79.2400	4.7000
2266.7259	79.2700	3.8000
2304.7168	79.2900	2.6000
2343.3444	79.2500	1.0000
2382.6195	79.1200	-0.7000
2422.5528	78.9400	-2.0000
2463.1553	78.7700	-3.2000
2504.4384	78.6000	-4.6000
2546.4134	78.3100	-6.2000
2589.0919	77.9500	-7.0000
2632.4858	77.6500	-7.3000
2676.6069	77.4100	-7.8000
2721.4674	77.1200	-8.6000
2767.0799	76.7700	-9.2000
2813.4568	76.4000	-9.5000
2860.6111	75.9800	-9.5000
2908.5556	75.5800	-8.7000
2957.3037	75.2700	-7.7000
3006.8689	75.0600	-6.9000
3057.2647	74.8600	-6.8000
3108.5052	74.5700	-7.2000
3160.6045	74.1300	-7.2000
3213.5770	73.6800	-5.6000
3267.4374	73.4400	-3.5000
3322.2004	73.3900	-2.2000
3377.8813	73.3700	-2.2000
3434.4954	73.2400	-3.3000
3492.0584	72.9100	-4.6000
3550.5862	72.4800	-5.2000
3610.0949	72.0200	-5.4000
3670.6009	71.5400	-5.4000
3732.1211	71.0100	-5.4000
3794.6724	70.3600	-5.0000
3858.2720	69.6100	-3.3000
3922.9376	68.8700	-0.2000
3988.6870	68.3200	4.2000
4055.5384	68.1000	8.4000
4123.5102	68.0300	10.6000
4192.6212	67.7900	10.8000
4262.8906	67.1400	11.1000
4334.3377	66.1200	13.7000
4406.9822	65.0200	20.7000
4480.8443	64.4500	31.4000
4555.9444	64.7800	41.9000
4632.3031	65.6100	48.5000
4709.9417	66.4400	51.6000
4788.8814	67.1700	52.3000
4869.1443	67.7500	50.9000
4950.7523	67.9800	47.6000
5033.7281	67.7900	44.8000
5118.0947	67.4100	44.3000
5203.8752	67.2200	45.0000
5291.0934	67.0600	44.8000
5379.7734	66.7000	45.1000
5469.9397	66.3000	47.3000
5561.6173	66.1400	50.7000
5654.8313	66.2400	54.4000
5749.6077	66.6800	57.9000
5845.9725	67.4500	59.2000
5943.9525	68.2700	57.5000
6043.5746	68.9200	52.5000
6144.8664	69.2100	44.5000
6247.8558	68.8900	34.7000
6352.5714	67.7400	27.0000
6459.0421	66.0900	25.4000
6567.2972	64.6600	29.7000
6677.3667	64.0400	36.3000
6789.2810	64.2100	41.8000
6903.0710	64.9600	45.8000
7018.7682	66.1800	46.8000
7136.4045	67.5500	43.8000
7256.0123	68.9100	35.9000
7377.6249	69.7400	21.7000
7501.2757	69.5300	5.2000
7626.9989	68.4800	-7.6000
7754.8293	67.2300	-15.1000
7884.8021	66.2800	-17.8000
8016.9533	66.1000	-19.3000
8151.3194	66.3700	-23.0000
8287.9375	66.6500	-28.4000
8426.8454	66.9800	-34.8000
8568.0814	67.2600	-43.7000
8711.6845	67.0800	-53.8000
8857.6945	66.5900	-62.5000
9006.1516	65.8300	-69.3000
9157.0969	64.8800	-72.6000
9310.5721	64.1100	-71.8000
9466.6196	64.1400	-70.8000
9625.2825	64.3100	-73.8000
9786.6046	64.2000	-77.3000
9950.6305	64.0800	-79.8000
10117.4050	64.0900	-82.3000
10286.9760	63.9100	-85.3000
10459.3880	63.7600	-87.3000
10634.6900	63.7500	-90.9000
10812.9300	63.5800	-96.0000
10994.1570	63.2100	-101.7000
11178.4220	62.2300	-106.6000
11365.7750	60.8900	-106.4000
11556.2680	59.6600	-101.8000
11749.9540	59.0100	-95.7000
11946.8860	58.9900	-90.0000
12147.1190	59.4500	-86.3000
12350.7080	60.4500	-86.3000
12557.7080	60.9200	-94.6000
12768.1790	60.4200	-103.3000
12982.1770	59.7000	-111.3000
13199.7610	58.6300	-120.9000
13420.9920	56.8800	-129.1000
13645.9310	54.8300	-134.2000
13874.6410	52.4900	-134.8000
14107.1830	49.9800	-127.3000
14343.6230	47.7000	-115.3000
14584.0250	45.9400	-107.0000
14828.4570	43.3000	-100.0000
15076.9860	41.4800	-94.3000
15329.6800	40.9500	-98.9000
15586.6090	39.5000	-114.3000
15847.8440	36.5600	-131.0000
16113.4580	34.2000	-168.0000
16383.5240	34.6800	148.5000
16658.1150	37.9900	121.1000
16937.3100	41.1200	100.9000
17221.1830	42.7600	78.4000
17509.8140	43.7800	50.5000
17803.2830	42.9400	21.7000
18101.6700	40.1300	-0.7000
18405.0590	36.4200	-38.6000
18713.5320	34.1800	-65.9000
19027.1760	33.4300	80.3000
19346.0760	33.7700	-43.6000
19670.3210	34.1800	-129.8000
20000.0000	33.6900	-162.6000