5.00000	-1.692	-13.657
5.07273	-1.453	-13.768
5.14651	-1.143	-13.905
5.22137	-0.731	-14.072
5.29732	-0.279	-14.233
5.37437	0.217	-14.402
5.45254	0.713	-14.566
5.53185	1.210	-14.730
5.61231	1.706	-14.895
5.69394	2.202	-15.062
5.77676	2.698	-15.231
5.86079	3.195	-15.401
5.94604	3.691	-15.574
6.03252	4.187	-15.748
6.12027	4.683	-15.925
6.20929	5.179	-16.103
6.29961	5.676	-16.284
6.39124	6.172	-16.468
6.48420	6.668	-16.654
6.57851	7.164	-16.842
6.67420	7.661	-17.032
6.77128	8.157	-17.224
6.86977	8.653	-17.419
6.96969	9.149	-17.617
7.07107	9.645	-17.818
7.17392	10.142	-18.022
7.27827	10.638	-18.228
7.38413	11.134	-18.437
7.49154	11.630	-18.648
7.60050	12.127	-18.862
7.71105	12.623	-19.079
7.82321	13.119	-19.299
7.93701	13.615	-19.523
8.05245	14.111	-19.749
8.16958	14.608	-19.979
8.28841	15.104	-20.212
8.40896	15.600	-20.448
8.53128	16.096	-20.687
8.65537	16.593	-20.930
8.78126	17.089	-21.176
8.90899	17.585	-21.426
9.03857	18.081	-21.679
9.17004	18.578	-21.936
9.30342	19.074	-22.196
9.43874	19.570	-22.460
9.57603	20.066	-22.728
9.71532	20.562	-22.999
9.85663	21.059	-23.274
10.0000	21.555	-23.554
10.1455	22.051	-23.837
10.2930	22.547	-24.124
10.4427	23.044	-24.416
10.5946	23.540	-24.712
10.7487	24.036	-25.012
10.9051	24.532	-25.316
11.0637	25.028	-25.625
11.2246	25.525	-25.937
11.3879	26.021	-26.255
11.5535	26.517	-26.577
11.7216	27.013	-26.904
11.8921	27.510	-27.236
12.0650	28.006	-27.572
12.2405	28.502	-27.914
12.4186	28.998	-28.260
12.5992	29.494	-28.612
12.7825	29.991	-28.968
12.9684	30.487	-29.330
13.1570	30.983	-29.697
13.3484	31.479	-30.069
13.5426	31.976	-30.447
13.7395	32.472	-30.830
13.9394	32.968	-31.219
14.1421	33.464	-31.614
14.3478	33.960	-32.015
14.5565	34.457	-32.421
14.7683	34.953	-32.834
14.9831	35.449	-33.253
15.2010	35.945	-33.678
15.4221	36.442	-34.110
15.6464	36.938	-34.548
15.8740	37.434	-34.993
16.1049	37.930	-35.444
16.3392	38.427	-35.902
16.5768	38.923	-36.366
16.8179	39.419	-36.838
17.0626	39.915	-37.317
17.3107	40.411	-37.803
17.5625	40.908	-38.297
17.8180	41.404	-38.798
18.0771	41.900	-39.306
18.3401	42.396	-39.822
18.6068	42.893	-40.346
18.8775	43.389	-40.877
19.1521	43.885	-41.417
19.4306	44.381	-41.965
19.7133	44.877	-42.522
20.0000	45.374	-43.087
20.2909	45.870	-43.660
20.5860	46.366	-44.243
20.8855	46.862	-44.834
21.1893	47.359	-45.434
21.4975	47.855	-46.044
21.8102	48.351	-46.663
22.1274	48.847	-47.291
22.4492	49.343	-47.930
22.7758	49.840	-48.578
23.1071	50.336	-49.236
23.4432	50.832	-49.905
23.7841	51.328	-50.584
24.1301	51.825	-51.274
24.4811	52.321	-51.974
24.8372	52.817	-52.686
25.1984	53.313	-53.408
25.5649	53.810	-54.142
25.9368	54.306	-54.888
26.3141	54.802	-55.645
26.6968	55.298	-56.415
27.0851	55.794	-57.197
27.4791	56.291	-57.991
27.8788	56.787	-58.798
28.2843	57.283	-59.618
28.6957	57.779	-60.451
29.1131	58.276	-61.297
29.5365	58.772	-62.157
29.9661	59.268	-63.031
30.4020	59.764	-63.919
30.8442	60.260	-64.822
31.2929	60.757	-65.739
31.7480	61.253	-66.671
32.2098	61.749	-67.617
32.6783	62.245	-68.579
33.1536	62.742	-69.557
33.6359	63.238	-70.549
34.1251	63.734	-71.558
34.6215	64.230	-72.582
35.1250	64.726	-73.621
35.6359	65.223	-74.677
36.1543	65.719	-75.748
36.6802	66.215	-76.833
37.2137	66.711	-77.933
37.7550	67.208	-79.047
38.3041	67.704	-80.172
38.8613	68.200	-81.305
39.4265	68.696	-82.443
40.0000	69.192	-83.578
40.5818	69.689	-84.690
41.1721	70.192	-85.771
41.7710	70.702	-86.806
42.3785	71.242	-87.828
42.9949	71.811	-88.911
43.6203	72.419	-90.148
44.2548	73.062	-91.677
44.8985	73.709	-93.590
45.5515	74.328	-95.865
46.2141	74.893	-98.406
46.8863	75.382	-101.071
47.5683	75.780	-103.606
48.2602	76.128	-105.814
48.9621	76.453	-107.519
49.6743	76.866	-108.858
50.3968	77.358	-110.197
51.1299	77.894	-111.676
51.8736	78.504	-113.474
52.6281	79.102	-115.761
53.3936	79.635	-118.308
54.1702	80.163	-120.958
54.9581	80.663	-123.780
55.7575	81.140	-126.704
56.5685	81.594	-129.705
57.3914	82.028	-132.817
58.2261	82.412	-135.975
59.0730	82.768	-139.109
59.9323	83.099	-142.219
60.8040	83.400	-145.272
61.6884	83.686	-148.240
62.5857	83.956	-151.132
63.4960	84.207	-153.935
64.4196	84.456	-156.641
65.3566	84.703	-159.294
66.3073	84.946	-161.887
67.2717	85.186	-164.436
68.2502	85.415	-166.909
69.2429	85.652	-169.310
70.2501	85.911	-171.721
71.2719	86.179	-174.198
72.3086	86.454	-176.767
73.3603	86.724	-179.473
74.4274	86.966	177.701
75.5099	87.181	174.832
76.6083	87.373	171.956
77.7226	87.545	169.113
78.8531	87.713	166.263
80.0000	87.860	163.385
81.1636	87.985	160.510
82.3442	88.089	157.642
83.5419	88.157	154.806
84.7570	88.192	152.064
85.9899	88.199	149.471
87.2406	88.185	147.058
88.5096	88.167	144.828
89.7970	88.144	142.751
91.1031	88.121	140.812
92.4282	88.095	138.995
93.7726	88.057	137.323
95.1366	88.018	135.826
96.5204	87.981	134.517
97.9243	87.959	133.394
99.3486	87.965	132.406
100.794	88.002	131.467
102.260	88.063	130.503
103.747	88.137	129.461
105.256	88.209	128.342
106.787	88.265	127.191
108.340	88.299	126.082
109.916	88.312	125.118
111.515	88.320	124.391
113.137	88.356	123.891
114.783	88.434	123.512
116.452	88.557	123.133
118.146	88.721	122.633
119.865	88.903	121.929
121.608	89.076	121.066
123.377	89.240	120.119
125.171	89.402	119.104
126.992	89.557	118.031
128.839	89.709	116.900
130.713	89.849	115.713
132.615	89.967	114.521
134.543	90.069	113.381
136.500	90.155	112.348
138.486	90.246	111.464
140.500	90.366	110.661
142.544	90.511	109.828
144.617	90.677	108.879
146.721	90.844	107.776
148.855	90.994	106.544
151.020	91.119	105.241
153.217	91.209	103.964
155.445	91.276	102.815
157.706	91.341	101.823
160.000	91.413	100.964
162.327	91.499	100.214
164.688	91.606	99.529
167.084	91.738	98.845
169.514	91.888	98.121
171.980	92.060	97.305
174.481	92.242	96.351
177.019	92.427	95.256
179.594	92.610	94.002
182.206	92.775	92.599
184.856	92.914	91.106
187.545	93.024	89.587
190.273	93.105	88.115
193.041	93.173	86.725
195.849	93.232	85.430
198.697	93.302	84.191
201.587	93.379	82.922
204.520	93.440	81.620
207.494	93.486	80.326
210.512	93.510	79.076
213.574	93.511	77.950
216.681	93.516	76.988
219.833	93.533	76.135
223.030	93.567	75.323
226.274	93.607	74.507
229.565	93.645	73.687
232.905	93.678	72.884
236.292	93.700	72.145
239.729	93.724	71.503
243.216	93.754	70.950
246.754	93.796	70.475
250.343	93.858	70.040
253.984	93.932	69.614
257.678	94.022	69.190
261.426	94.132	68.725
265.229	94.252	68.191
269.087	94.386	67.568
273.001	94.523	66.839
276.972	94.663	65.997
281.000	94.800	65.029
285.088	94.921	63.961
289.234	95.028	62.826
293.441	95.116	61.650
297.709	95.183	60.474
302.040	95.239	59.314
306.433	95.276	58.192
310.890	95.300	57.143
315.412	95.318	56.168
320.000	95.325	55.284
324.655	95.336	54.502
329.377	95.354	53.788
334.168	95.375	53.121
339.028	95.401	52.498
343.959	95.430	51.909
348.962	95.459	51.373
354.038	95.494	50.915
359.188	95.544	50.532
364.412	95.623	50.163
369.713	95.724	49.742
375.090	95.857	49.188
380.546	96.005	48.394
386.081	96.139	47.346
391.697	96.244	46.099
397.394	96.304	44.722
403.175	96.301	43.349
409.039	96.241	42.157
414.989	96.142	41.269
421.025	96.026	40.775
427.149	95.922	40.715
433.362	95.866	41.037
439.665	95.880	41.586
446.060	95.966	42.188
452.548	96.124	42.677
459.131	96.341	42.909
465.809	96.599	42.778
472.584	96.874	42.226
479.458	97.136	41.267
486.432	97.358	39.993
493.507	97.531	38.522
500.686	97.643	36.993
507.968	97.706	35.549
515.357	97.736	34.294
522.853	97.758	33.274
530.458	97.798	32.441
538.174	97.871	31.693
546.002	97.976	30.914
553.943	98.118	29.929
562.001	98.240	28.726
570.175	98.340	27.353
578.469	98.369	26.023
586.883	98.360	25.020
595.419	98.418	24.212
604.080	98.498	23.380
612.866	98.600	22.528
621.780	98.770	21.434
630.824	98.912	19.968
640.000	99.023	18.294
649.309	99.122	16.427
658.753	99.174	14.414
668.335	99.180	12.279
678.056	99.065	10.333
687.919	98.899	8.892
697.925	98.772	7.818
708.077	98.642	7.070
718.376	98.585	6.582
728.825	98.618	5.920
739.426	98.625	5.027
750.181	98.639	4.055
761.093	98.646	3.016
772.163	98.651	1.936
783.394	98.655	0.792
794.789	98.640	-0.406
806.349	98.609	-1.597
818.078	98.564	-2.737
829.977	98.517	-3.811
842.050	98.477	-4.849
854.298	98.447	-5.914
866.724	98.421	-7.053
879.330	98.392	-8.323
892.120	98.322	-9.683
905.097	98.203	-10.982
918.262	98.047	-12.093
931.618	97.867	-12.916
945.169	97.697	-13.405
958.917	97.575	-13.675
972.864	97.496	-13.897
987.015	97.452	-14.202
1001.37	97.413	-14.639
1015.94	97.361	-15.143
1030.71	97.294	-15.631
1045.71	97.214	-16.024
1060.92	97.130	-16.240
1076.35	97.074	-16.286
1092.00	97.051	-16.234
1107.89	97.072	-16.162
1124.00	97.146	-16.207
1140.35	97.254	-16.486
1156.94	97.381	-17.044
1173.77	97.522	-17.932
1190.84	97.651	-19.185
1208.16	97.744	-20.757
1225.73	97.781	-22.558
1243.56	97.744	-24.454
1261.65	97.628	-26.276
1280.00	97.445	-27.853
1298.62	97.221	-29.045
1317.51	97.000	-29.827
1336.67	96.803	-30.292
1356.11	96.633	-30.537
1375.84	96.495	-30.643
1395.85	96.379	-30.653
1416.15	96.289	-30.578
1436.75	96.238	-30.483
1457.65	96.220	-30.472
1478.85	96.222	-30.617
1500.36	96.221	-30.926
1522.19	96.196	-31.321
1544.33	96.142	-31.649
1566.79	96.085	-31.812
1589.58	96.048	-31.831
1612.70	96.042	-31.785
1636.16	96.071	-31.786
1659.95	96.116	-31.907
1684.10	96.157	-32.112
1708.60	96.196	-32.319
1733.45	96.248	-32.507
1758.66	96.319	-32.707
1784.24	96.414	-32.964
1810.19	96.537	-33.352
1836.52	96.678	-33.950
1863.24	96.816	-34.768
1890.34	96.949	-35.789
1917.83	97.064	-36.997
1945.73	97.151	-38.351
1974.03	97.201	-39.776
2002.74	97.205	-41.152
2031.87	97.181	-42.365
2061.43	97.159	-43.393
2091.41	97.153	-44.281
2121.83	97.184	-45.138
2152.69	97.241	-46.108
2184.01	97.295	-47.223
2215.77	97.334	-48.437
2248.00	97.359	-49.712
2280.70	97.358	-50.996
2313.87	97.333	-52.193
2347.53	97.293	-53.221
2381.68	97.254	-54.041
2416.32	97.229	-54.619
2451.46	97.249	-54.971
2487.12	97.343	-55.231
2523.30	97.518	-55.595
2560.00	97.776	-56.273
2597.24	98.099	-57.460
2635.01	98.464	-59.314
2673.34	98.825	-61.915
2712.23	99.119	-65.180
2751.68	99.312	-68.917
2791.70	99.376	-72.916
2832.31	99.299	-76.906
2873.50	99.114	-80.609
2915.30	98.867	-83.942
2957.70	98.572	-86.823
3000.72	98.254	-89.159
3044.37	97.959	-90.976
3088.65	97.695	-92.344
3133.58	97.496	-93.306
3179.16	97.410	-94.079
3225.40	97.431	-94.955
3272.31	97.557	-96.194
3319.91	97.753	-98.016
3368.20	97.984	-100.509
3417.19	98.240	-103.747
3466.89	98.497	-107.871
3517.32	98.698	-112.892
3568.48	98.810	-118.810
3620.39	98.724	-125.329
3673.05	98.385	-132.280
3726.47	97.671	-138.817
3780.67	96.645	-144.373
3835.67	95.427	-148.614
3891.46	94.078	-150.764
3948.06	92.872	-150.613
4005.49	91.997	-149.183
4063.75	91.320	-147.200
4122.86	90.885	-145.277
4182.82	90.567	-143.590
4243.66	90.391	-142.272
4305.39	90.323	-141.583
4368.01	90.339	-141.773
4431.55	90.362	-142.956
4496.01	90.304	-145.032
4561.40	90.062	-147.579
4627.75	89.583	-149.888
4695.06	88.945	-151.376
4763.35	88.222	-151.534
4832.64	87.550	-149.841
4902.93	87.197	-146.612
4974.24	87.268	-143.251
5046.60	87.748	-141.231
5120.00	88.530	-141.759
5194.47	89.304	-144.932
5270.03	89.909	-150.085
5346.68	90.266	-156.706
5424.45	90.269	-164.502
5503.35	89.894	-172.736
5583.40	89.192	179.248
5664.61	88.211	171.523
5747.01	86.958	164.414
5830.60	85.470	157.738
5915.41	83.618	152.663
6001.45	81.488	150.015
6088.74	79.260	149.868
6177.30	76.739	154.770
6267.15	74.468	167.630
6358.31	73.337	-174.918
6450.80	73.160	-156.769
6544.62	74.021	-144.747
6639.82	75.213	-138.929
6736.40	76.267	-138.140
6834.38	76.917	-139.830
6933.79	77.023	-142.565
7034.64	76.498	-144.829
7136.96	75.622	-144.329
7240.77	74.812	-139.000
7346.09	74.698	-128.436
7452.94	75.562	-118.510
7561.35	76.836	-114.381
7671.33	78.110	-114.745
7782.91	79.125	-117.727
7896.12	79.682	-122.070
8010.97	79.900	-126.451
8127.49	79.961	-130.284
8245.71	79.952	-133.596
8365.65	79.939	-136.488
8487.33	79.918	-139.246
8610.78	79.880	-142.012
8736.03	79.803	-144.827
8863.09	79.671	-147.643
8992.01	79.483	-150.395
9122.80	79.238	-153.005
9255.50	78.952	-155.388
9390.12	78.648	-157.522
9526.70	78.335	-159.440
9665.27	78.023	-161.182
9805.86	77.711	-162.790
9948.49	77.399	-164.290
10093.2	77.087	-165.700
10240.0	76.775	-167.030
10388.9	76.463	-168.293
10540.1	76.151	-169.494
10693.4	75.839	-170.642
10848.9	75.527	-171.741
11006.7	75.215	-172.795
11166.8	74.902	-173.810
11329.2	74.590	-174.787
11494.0	74.278	-175.730
11661.2	73.966	-176.642
11830.8	73.654	-177.524
12002.9	73.342	-178.378
12177.5	73.030	-179.207
12354.6	72.718	179.988
12534.3	72.406	179.206
12716.6	72.094	178.446
12901.6	71.782	177.706
13089.2	71.470	176.985
13279.6	71.157	176.282
13472.8	70.845	175.597
13668.8	70.533	174.928
13867.6	70.221	174.276
14069.3	69.909	173.638
14273.9	69.597	173.015
14481.5	69.285	172.406
14692.2	68.973	171.811
14905.9	68.661	171.229
15122.7	68.349	170.659
15342.7	68.037	170.101
15565.8	67.725	169.555
15792.2	67.412	169.020
16021.9	67.100	168.496
16255.0	66.788	167.982
16491.4	66.476	167.478
16731.3	66.164	166.984
16974.7	65.852	166.500
17221.6	65.540	166.025
17472.1	65.228	165.558
17726.2	64.916	165.101
17984.0	64.604	164.652
18245.6	64.292	164.211
18511.0	63.979	163.778
18780.2	63.667	163.352
19053.4	63.355	162.934
19330.5	63.043	162.524
19611.7	62.731	162.121
19897.0	62.419	161.724
20186.4	62.107	161.335
20480.0	61.795	160.952
20777.9	61.483	160.576
21080.1	61.171	160.206
21386.7	60.859	159.842
21697.8	60.547	159.485
22013.4	60.234	159.133
22333.6	59.922	158.787
22658.4	59.610	158.446
22988.0	59.298	158.111
23322.4	58.986	157.782
23661.6	58.674	157.458
24005.8	58.362	157.139
24355.0	58.050	156.825
24709.2	57.738	156.516
25068.6	57.426	156.212
25433.2	57.114	155.913
25803.2	56.802	155.618
26178.5	56.489	155.328
26559.3	56.177	155.043
26945.6	55.865	154.762
27337.5	55.553	154.485
27735.2	55.241	154.212
28138.6	54.929	153.944
28547.9	54.617	153.679
28963.1	54.305	153.419
29384.4	53.993	153.162
29811.8	53.681	152.910
30245.4	53.369	152.661
30685.3	53.056	152.415
31131.7	52.744	152.173
31584.5	52.432	151.934
32043.9	52.120	151.699
32510.0	51.808	151.468
32982.8	51.496	151.240
33462.6	51.184	151.014
33949.3	50.872	150.792
34443.1	50.560	150.573
34944.1	50.248	150.357
35452.4	49.936	150.144
35968.0	49.624	149.933
36491.2	49.311	149.725
37022.0	48.999	149.519
37560.5	48.687	149.311
38106.8	48.404	149.118
38661.1	48.146	148.931
39223.4	47.954	148.784
39793.9	47.805	148.668
