5.00000	-39.079	146.394
5.07273	-38.722	146.220
5.14651	-38.262	146.007
5.22137	-37.656	145.752
5.29732	-36.991	145.504
5.37437	-36.264	145.243
5.45254	-35.537	144.990
5.53185	-34.810	144.736
5.61231	-34.083	144.479
5.69394	-33.357	144.220
5.77676	-32.630	143.958
5.86079	-31.903	143.694
5.94604	-31.176	143.426
6.03252	-30.449	143.155
6.12027	-29.722	142.881
6.20929	-28.996	142.603
6.29961	-28.269	142.322
6.39124	-27.542	142.037
6.48420	-26.815	141.748
6.57851	-26.088	141.456
6.67420	-25.362	141.160
6.77128	-24.635	140.861
6.86977	-23.908	140.558
6.96969	-23.181	140.250
7.07107	-22.454	139.938
7.17392	-21.728	139.622
7.27827	-21.001	139.301
7.38413	-20.274	138.976
7.49154	-19.547	138.647
7.60050	-18.820	138.314
7.71105	-18.093	137.977
7.82321	-17.367	137.634
7.93701	-16.640	137.286
8.05245	-15.913	136.934
8.16958	-15.186	136.576
8.28841	-14.459	136.214
8.40896	-13.733	135.847
8.53128	-13.006	135.474
8.65537	-12.279	135.096
8.78126	-11.552	134.713
8.90899	-10.825	134.324
9.03857	-10.099	133.930
9.17004	-9.372	133.530
9.30342	-8.645	133.125
9.43874	-7.918	132.714
9.57603	-7.191	132.297
9.71532	-6.464	131.874
9.85663	-5.738	131.445
10.0000	-5.011	131.010
10.1455	-4.284	130.569
10.2930	-3.557	130.121
10.4427	-2.830	129.667
10.5946	-2.104	129.206
10.7487	-1.377	128.738
10.9051	-0.650	128.265
11.0637	0.077	127.784
11.2246	0.804	127.296
11.3879	1.530	126.801
11.5535	2.257	126.299
11.7216	2.984	125.789
11.8921	3.711	125.272
12.0650	4.438	124.748
12.2405	5.165	124.215
12.4186	5.891	123.675
12.5992	6.618	123.127
12.7825	7.345	122.571
12.9684	8.072	122.007
13.1570	8.799	121.435
13.3484	9.525	120.854
13.5426	10.252	120.265
13.7395	10.979	119.667
13.9394	11.706	119.060
14.1421	12.433	118.444
14.3478	13.160	117.819
14.5565	13.886	117.184
14.7683	14.613	116.540
14.9831	15.340	115.886
15.2010	16.067	115.223
15.4221	16.794	114.549
15.6464	17.520	113.866
15.8740	18.247	113.173
16.1049	18.974	112.469
16.3392	19.701	111.755
16.5768	20.428	111.029
16.8179	21.154	110.293
17.0626	21.881	109.545
17.3107	22.608	108.786
17.5625	23.335	108.016
17.8180	24.062	107.234
18.0771	24.789	106.440
18.3401	25.515	105.634
18.6068	26.242	104.815
18.8775	26.969	103.985
19.1521	27.696	103.141
19.4306	28.423	102.284
19.7133	29.149	101.414
20.0000	29.876	100.530
20.2909	30.603	99.633
20.5860	31.330	98.722
20.8855	32.057	97.796
21.1893	32.783	96.857
21.4975	33.510	95.902
21.8102	34.237	94.933
22.1274	34.964	93.948
22.4492	35.691	92.947
22.7758	36.418	91.931
23.1071	37.144	90.898
23.4432	37.871	89.849
23.7841	38.598	88.783
24.1301	39.325	87.699
24.4811	40.052	86.599
24.8372	40.778	85.481
25.1984	41.505	84.344
25.5649	42.232	83.189
25.9368	42.959	82.015
26.3141	43.686	80.821
26.6968	44.412	79.607
27.0851	45.139	78.374
27.4791	45.866	77.119
27.8788	46.593	75.844
28.2843	47.320	74.546
28.6957	48.047	73.227
29.1131	48.773	71.885
29.5365	49.500	70.520
29.9661	50.227	69.130
30.4020	50.954	67.717
30.8442	51.681	66.278
31.2929	52.407	64.814
31.7480	53.134	63.323
32.2098	53.861	61.805
32.6783	54.588	60.259
33.1536	55.315	58.684
33.6359	56.042	57.080
34.1251	56.768	55.445
34.6215	57.495	53.778
35.1250	58.222	52.079
35.6359	58.949	50.345
36.1543	59.676	48.576
36.6802	60.402	46.769
37.2137	61.129	44.924
37.7550	61.856	43.037
38.3041	62.583	41.107
38.8613	63.310	39.131
39.4265	64.036	37.105
40.0000	64.763	35.025
40.5818	65.490	32.884
41.1721	66.217	30.675
41.7710	66.944	28.384
42.3785	67.671	25.988
42.9949	68.397	23.430
43.6203	69.100	20.727
44.2548	69.768	17.908
44.8985	70.363	15.151
45.5515	70.903	12.689
46.2141	71.451	10.563
46.8863	72.026	8.717
47.5683	72.669	7.038
48.2602	73.398	5.260
48.9621	74.168	3.150
49.6743	74.927	0.725
50.3968	75.649	-1.867
51.1299	76.344	-4.496
51.8736	77.027	-7.081
52.6281	77.741	-9.658
53.3936	78.505	-12.386
54.1702	79.300	-15.466
54.9581	80.059	-18.884
55.7575	80.750	-22.469
56.5685	81.375	-26.031
57.3914	81.962	-29.503
58.2261	82.519	-32.700
59.0730	83.142	-35.672
59.9323	83.841	-38.754
60.8040	84.563	-42.085
61.6884	85.305	-45.685
62.5857	86.045	-49.617
63.4960	86.744	-53.840
64.4196	87.421	-58.241
65.3566	88.075	-62.824
66.3073	88.714	-67.577
67.2717	89.335	-72.529
68.2502	89.932	-77.699
69.2429	90.495	-83.104
70.2501	91.006	-88.703
71.2719	91.462	-94.456
72.3086	91.851	-100.315
73.3603	92.162	-106.196
74.4274	92.399	-111.999
75.5099	92.568	-117.638
76.6083	92.680	-123.063
77.7226	92.751	-128.226
78.8531	92.796	-133.122
80.0000	92.828	-137.767
81.1636	92.848	-142.197
82.3442	92.855	-146.423
83.5419	92.850	-150.453
84.7570	92.835	-154.293
85.9899	92.814	-157.934
87.2406	92.793	-161.389
88.5096	92.777	-164.682
89.7970	92.765	-167.840
91.1031	92.759	-170.883
92.4282	92.757	-173.835
93.7726	92.755	-176.704
95.1366	92.751	-179.491
96.5204	92.743	177.817
97.9243	92.732	175.237
99.3486	92.724	172.768
100.794	92.724	170.396
102.260	92.735	168.092
103.747	92.755	165.824
105.256	92.778	163.573
106.787	92.799	161.339
108.340	92.812	159.136
109.916	92.818	156.994
111.515	92.820	154.926
113.137	92.821	152.939
114.783	92.821	151.036
116.452	92.822	149.216
118.146	92.826	147.480
119.865	92.837	145.823
121.608	92.857	144.226
123.377	92.884	142.679
125.171	92.923	141.162
126.992	92.968	139.655
128.839	93.019	138.149
130.713	93.071	136.646
132.615	93.125	135.148
134.543	93.179	133.656
136.500	93.231	132.182
138.486	93.285	130.728
140.500	93.339	129.286
142.544	93.392	127.861
144.617	93.444	126.458
146.721	93.495	125.077
148.855	93.545	123.723
151.020	93.593	122.398
153.217	93.640	121.112
155.445	93.687	119.872
157.706	93.734	118.683
160.000	93.785	117.553
162.327	93.845	116.475
164.688	93.913	115.436
167.084	93.998	114.407
169.514	94.097	113.349
171.980	94.207	112.235
174.481	94.325	111.041
177.019	94.443	109.747
179.594	94.555	108.361
182.206	94.657	106.891
184.856	94.739	105.366
187.545	94.800	103.832
190.273	94.839	102.328
193.041	94.857	100.898
195.849	94.859	99.587
198.697	94.854	98.428
201.587	94.854	97.419
204.520	94.865	96.535
207.494	94.896	95.738
210.512	94.951	94.958
213.574	95.023	94.133
216.681	95.105	93.235
219.833	95.186	92.254
223.030	95.256	91.216
226.274	95.314	90.165
229.565	95.360	89.141
232.905	95.398	88.173
236.292	95.434	87.273
239.729	95.473	86.437
243.216	95.520	85.648
246.754	95.572	84.882
250.343	95.632	84.125
253.984	95.697	83.360
257.678	95.763	82.584
261.426	95.830	81.800
265.229	95.897	81.012
269.087	95.962	80.224
273.001	96.026	79.442
276.972	96.088	78.669
281.000	96.146	77.918
285.088	96.203	77.206
289.234	96.260	76.545
293.441	96.324	75.933
297.709	96.399	75.346
302.040	96.484	74.758
306.433	96.580	74.145
310.890	96.683	73.482
315.412	96.785	72.771
320.000	96.886	72.029
324.655	96.985	71.261
329.377	97.081	70.483
334.168	97.178	69.705
339.028	97.277	68.914
343.959	97.377	68.105
348.962	97.480	67.270
354.038	97.585	66.394
359.188	97.688	65.468
364.412	97.789	64.486
369.713	97.881	63.445
375.090	97.957	62.368
380.546	98.014	61.299
386.081	98.053	60.283
391.697	98.074	59.378
397.394	98.095	58.617
403.175	98.123	57.991
409.039	98.173	57.457
414.989	98.248	56.944
421.025	98.344	56.388
427.149	98.455	55.741
433.362	98.570	54.978
439.665	98.680	54.114
446.060	98.780	53.173
452.548	98.862	52.205
459.131	98.933	51.259
465.809	98.998	50.350
472.584	99.059	49.493
479.458	99.128	48.672
486.432	99.202	47.865
493.507	99.286	47.047
500.686	99.377	46.178
507.968	99.460	45.278
515.357	99.553	44.347
522.853	99.648	43.331
530.458	99.726	42.262
538.174	99.803	41.169
546.002	99.867	40.042
553.943	99.914	38.935
562.001	99.959	37.872
570.175	100.001	36.843
578.469	100.048	35.840
586.883	100.101	34.830
595.419	100.156	33.795
604.080	100.217	32.716
612.866	100.282	31.546
621.780	100.338	30.260
630.824	100.374	28.882
640.000	100.376	27.473
649.309	100.345	26.113
658.753	100.285	24.875
668.335	100.210	23.819
678.056	100.136	22.948
687.919	100.073	22.224
697.925	100.020	21.612
708.077	99.982	21.080
718.376	99.958	20.606
728.825	99.949	20.168
739.426	99.958	19.733
750.181	99.980	19.270
761.093	100.014	18.760
772.163	100.056	18.188
783.394	100.101	17.549
794.789	100.146	16.839
806.349	100.184	16.071
818.078	100.215	15.275
829.977	100.237	14.472
842.050	100.251	13.684
854.298	100.260	12.944
866.724	100.273	12.257
879.330	100.296	11.601
892.120	100.334	10.941
905.097	100.392	10.204
918.262	100.458	9.326
931.618	100.519	8.291
945.169	100.566	7.097
958.917	100.577	5.794
972.864	100.546	4.478
987.015	100.471	3.258
1001.37	100.358	2.253
1015.94	100.232	1.539
1030.71	100.113	1.129
1045.71	100.018	1.003
1060.92	99.974	1.068
1076.35	99.983	1.183
1092.00	100.043	1.230
1107.89	100.148	1.101
1124.00	100.288	0.690
1140.35	100.438	-0.064
1156.94	100.572	-1.144
1173.77	100.672	-2.486
1190.84	100.718	-3.982
1208.16	100.703	-5.479
1225.73	100.644	-6.851
1243.56	100.551	-8.018
1261.65	100.446	-8.925
1280.00	100.351	-9.590
1298.62	100.280	-10.084
1317.51	100.233	-10.479
1336.67	100.219	-10.860
1356.11	100.226	-11.299
1375.84	100.244	-11.828
1395.85	100.267	-12.455
1416.15	100.285	-13.168
1436.75	100.291	-13.929
1457.65	100.287	-14.701
1478.85	100.273	-15.454
1500.36	100.252	-16.162
1522.19	100.231	-16.814
1544.33	100.215	-17.424
1566.79	100.203	-18.004
1589.58	100.198	-18.562
1612.70	100.198	-19.111
1636.16	100.206	-19.660
1659.95	100.220	-20.219
1684.10	100.236	-20.779
1708.60	100.264	-21.346
1733.45	100.301	-21.946
1758.66	100.353	-22.620
1784.24	100.413	-23.423
1810.19	100.464	-24.366
1836.52	100.494	-25.407
1863.24	100.491	-26.479
1890.34	100.451	-27.459
1917.83	100.390	-28.232
1945.73	100.331	-28.747
1974.03	100.299	-29.028
2002.74	100.311	-29.155
2031.87	100.386	-29.273
2061.43	100.516	-29.562
2091.41	100.679	-30.132
2121.83	100.856	-31.027
2152.69	101.025	-32.238
2184.01	101.164	-33.707
2215.77	101.266	-35.338
2248.00	101.327	-37.049
2280.70	101.344	-38.745
2313.87	101.320	-40.324
2347.53	101.268	-41.691
2381.68	101.204	-42.777
2416.32	101.153	-43.542
2451.46	101.145	-44.025
2487.12	101.206	-44.349
2523.30	101.346	-44.685
2560.00	101.570	-45.229
2597.24	101.870	-46.191
2635.01	102.213	-47.711
2673.34	102.572	-49.838
2712.23	102.923	-52.591
2751.68	103.232	-55.949
2791.70	103.466	-59.795
2832.31	103.611	-64.001
2873.50	103.650	-68.417
2915.30	103.585	-72.917
2957.70	103.413	-77.354
3000.72	103.143	-81.565
3044.37	102.798	-85.441
3088.65	102.392	-88.905
3133.58	101.948	-91.908
3179.16	101.492	-94.423
3225.40	101.035	-96.453
3272.31	100.611	-98.037
3319.91	100.225	-99.275
3368.20	99.890	-100.239
3417.19	99.632	-101.082
3466.89	99.447	-102.037
3517.32	99.302	-103.259
3568.48	99.170	-104.794
3620.39	99.013	-106.611
3673.05	98.804	-108.584
3726.47	98.536	-110.525
3780.67	98.222	-112.270
3835.67	97.885	-113.712
3891.46	97.556	-114.826
3948.06	97.253	-115.640
4005.49	96.996	-116.222
4063.75	96.796	-116.694
4122.86	96.645	-117.141
4182.82	96.546	-117.605
4243.66	96.511	-118.158
4305.39	96.542	-118.902
4368.01	96.652	-119.985
4431.55	96.835	-121.597
4496.01	97.080	-123.936
4561.40	97.351	-127.150
4627.75	97.593	-131.278
4695.06	97.761	-136.258
4763.35	97.805	-141.898
4832.64	97.717	-148.151
4902.93	97.425	-154.679
4974.24	96.940	-161.163
5046.60	96.299	-167.483
5120.00	95.466	-173.407
5194.47	94.522	-178.700
5270.03	93.538	176.652
5346.68	92.483	172.627
5424.45	91.440	169.249
5503.35	90.373	166.294
5583.40	89.282	163.773
5664.61	88.193	161.609
5747.01	87.059	159.791
5830.60	85.911	158.329
5915.41	84.709	157.171
6001.45	83.389	156.661
6088.74	82.065	157.055
6177.30	80.731	158.315
6267.15	79.399	160.676
6358.31	78.193	163.983
6450.80	77.082	167.909
6544.62	76.075	172.376
6639.82	75.197	177.094
6736.40	74.414	-178.097
6834.38	73.700	-173.367
6933.79	73.041	-168.635
7034.64	72.436	-163.880
7136.96	71.842	-158.952
7240.77	71.299	-153.617
7346.09	70.870	-148.039
7452.94	70.530	-142.316
7561.35	70.313	-136.708
7671.33	70.202	-131.498
7782.91	70.171	-126.916
7896.12	70.159	-122.942
8010.97	70.147	-119.383
8127.49	70.130	-116.095
8245.71	70.103	-112.970
8365.65	70.080	-109.942
8487.33	70.072	-107.044
8610.78	70.073	-104.298
8736.03	70.086	-101.716
8863.09	70.101	-99.311
8992.01	70.113	-97.052
9122.80	70.125	-94.919
9255.50	70.131	-92.886
9390.12	70.133	-90.914
9526.70	70.138	-89.004
9665.27	70.150	-87.181
9805.86	70.159	-85.469
9948.49	70.159	-83.830
10093.2	70.159	-82.246
10240.0	70.150	-80.702
10388.9	70.137	-79.157
10540.1	70.132	-77.632
10693.4	70.128	-76.148
10848.9	70.128	-74.712
11006.7	70.128	-73.323
11166.8	70.128	-71.976
11329.2	70.128	-70.668
11494.0	70.128	-69.394
11661.2	70.128	-68.155
11830.8	70.128	-66.948
12002.9	70.128	-65.771
12177.5	70.128	-64.623
12354.6	70.128	-63.503
12534.3	70.128	-62.410
12716.6	70.128	-61.343
12901.6	70.128	-60.301
13089.2	70.128	-59.282
13279.6	70.128	-58.286
13472.8	70.128	-57.313
13668.8	70.128	-56.360
13867.6	70.128	-55.429
14069.3	70.128	-54.517
14273.9	70.128	-53.624
14481.5	70.128	-52.750
14692.2	70.128	-51.894
14905.9	70.128	-51.056
15122.7	70.128	-50.234
15342.7	70.128	-49.428
15565.8	70.128	-48.638
15792.2	70.128	-47.864
16021.9	70.128	-47.104
16255.0	70.128	-46.360
16491.4	70.128	-45.629
16731.3	70.128	-44.913
16974.7	70.128	-44.210
17221.6	70.128	-43.520
17472.1	70.128	-42.843
17726.2	70.128	-42.179
17984.0	70.128	-41.527
18245.6	70.128	-40.887
18511.0	70.128	-40.258
18780.2	70.128	-39.641
19053.4	70.128	-39.036
19330.5	70.128	-38.441
19611.7	70.128	-37.857
19897.0	70.128	-37.284
20186.4	70.127	-36.720
20480.0	70.127	-36.165
20777.9	70.127	-35.620
21080.1	70.126	-35.084
21386.7	70.126	-34.557
21697.8	70.125	-34.038
22013.4	70.125	-33.528
22333.6	70.125	-33.027
22658.4	70.124	-32.534
22988.0	70.124	-32.049
23322.4	70.123	-31.572
23661.6	70.123	-31.103
24005.8	70.123	-30.641
24355.0	70.122	-30.187
24709.2	70.122	-29.740
25068.6	70.121	-29.301
25433.2	70.121	-28.868
25803.2	70.121	-28.443
26178.5	70.120	-28.024
26559.3	70.120	-27.612
26945.6	70.119	-27.206
27337.5	70.119	-26.807
27735.2	70.119	-26.414
28138.6	70.118	-26.028
28547.9	70.118	-25.647
28963.1	70.117	-25.272
29384.4	70.117	-24.904
29811.8	70.117	-24.541
30245.4	70.116	-24.183
30685.3	70.116	-23.832
31131.7	70.115	-23.485
31584.5	70.115	-23.144
32043.9	70.114	-22.808
32510.0	70.114	-22.478
32982.8	70.114	-22.152
33462.6	70.113	-21.832
33949.3	70.113	-21.516
34443.1	70.112	-21.205
34944.1	70.112	-20.899
35452.4	70.112	-20.598
35968.0	70.111	-20.301
36491.2	70.111	-20.009
37022.0	70.110	-19.721
37560.5	70.110	-19.437
38106.8	70.110	-19.185
38661.1	70.109	-18.958
39223.4	70.109	-18.791
39793.9	70.109	-18.664
