5.00000	67.636	31.288
5.07273	67.652	31.328
5.14651	67.673	31.380
5.22137	67.702	31.452
5.29732	67.734	31.534
5.37437	67.769	31.627
5.45254	67.804	31.722
5.53185	67.839	31.818
5.61231	67.874	31.916
5.69394	67.909	32.015
5.77676	67.944	32.116
5.86079	67.979	32.219
5.94604	68.014	32.323
6.03252	68.049	32.429
6.12027	68.084	32.536
6.20929	68.119	32.645
6.29961	68.154	32.756
6.39124	68.189	32.869
6.48420	68.224	32.983
6.57851	68.259	33.099
6.67420	68.294	33.217
6.77128	68.329	33.336
6.86977	68.364	33.458
6.96969	68.399	33.581
7.07107	68.434	33.706
7.17392	68.469	33.834
7.27827	68.504	33.963
7.38413	68.539	34.094
7.49154	68.574	34.227
7.60050	68.609	34.363
7.71105	68.644	34.500
7.82321	68.679	34.640
7.93701	68.714	34.782
8.05245	68.749	34.926
8.16958	68.784	35.072
8.28841	68.819	35.221
8.40896	68.854	35.372
8.53128	68.889	35.526
8.65537	68.925	35.682
8.78126	68.960	35.840
8.90899	68.995	36.001
9.03857	69.030	36.165
9.17004	69.065	36.331
9.30342	69.100	36.500
9.43874	69.135	36.672
9.57603	69.170	36.846
9.71532	69.205	37.024
9.85663	69.240	37.204
10.0000	69.275	37.387
10.1455	69.310	37.574
10.2930	69.345	37.763
10.4427	69.380	37.956
10.5946	69.415	38.152
10.7487	69.450	38.351
10.9051	69.485	38.553
11.0637	69.520	38.759
11.2246	69.555	38.969
11.3879	69.590	39.182
11.5535	69.625	39.399
11.7216	69.660	39.619
11.8921	69.695	39.844
12.0650	69.730	40.072
12.2405	69.765	40.305
12.4186	69.800	40.541
12.5992	69.835	40.782
12.7825	69.870	41.028
12.9684	69.905	41.277
13.1570	69.940	41.532
13.3484	69.975	41.791
13.5426	70.010	42.055
13.7395	70.045	42.324
13.9394	70.080	42.599
14.1421	70.115	42.878
14.3478	70.150	43.164
14.5565	70.185	43.455
14.7683	70.220	43.751
14.9831	70.255	44.054
15.2010	70.290	44.363
15.4221	70.325	44.679
15.6464	70.360	45.002
15.8740	70.395	45.332
16.1049	70.431	45.669
16.3392	70.466	46.014
16.5768	70.501	46.368
16.8179	70.536	46.730
17.0626	70.571	47.101
17.3107	70.606	47.482
17.5625	70.641	47.874
17.8180	70.676	48.277
18.0771	70.711	48.693
18.3401	70.746	49.122
18.6068	70.781	49.568
18.8775	70.816	50.032
19.1521	70.851	50.518
19.4306	70.886	51.037
19.7133	70.923	51.596
20.0000	70.965	52.202
20.2909	71.018	52.846
20.5860	71.088	53.485
20.8855	71.170	54.079
21.1893	71.265	54.581
21.4975	71.358	54.970
21.8102	71.442	55.266
22.1274	71.513	55.493
22.4492	71.561	55.703
22.7758	71.594	55.951
23.1071	71.613	56.260
23.4432	71.619	56.660
23.7841	71.622	57.170
24.1301	71.624	57.793
24.4811	71.631	58.530
24.8372	71.649	59.367
25.1984	71.683	60.269
25.5649	71.730	61.203
25.9368	71.788	62.158
26.3141	71.859	63.125
26.6968	71.945	64.079
27.0851	72.037	65.009
27.4791	72.136	65.926
27.8788	72.248	66.805
28.2843	72.361	67.635
28.6957	72.471	68.449
29.1131	72.587	69.255
29.5365	72.699	70.069
29.9661	72.819	70.912
30.4020	72.949	71.755
30.8442	73.089	72.581
31.2929	73.240	73.360
31.7480	73.397	74.067
32.2098	73.552	74.718
32.6783	73.708	75.320
33.1536	73.860	75.881
33.6359	74.008	76.423
34.1251	74.155	76.943
34.6215	74.296	77.452
35.1250	74.432	77.982
35.6359	74.570	78.534
36.1543	74.710	79.103
36.6802	74.856	79.678
37.2137	75.008	80.235
37.7550	75.164	80.753
38.3041	75.317	81.233
38.8613	75.463	81.695
39.4265	75.601	82.172
40.0000	75.733	82.702
40.5818	75.868	83.310
41.1721	76.013	83.986
41.7710	76.177	84.679
42.3785	76.353	85.339
42.9949	76.542	85.946
43.6203	76.734	86.484
44.2548	76.923	86.979
44.8985	77.113	87.460
45.5515	77.307	87.931
46.2141	77.509	88.380
46.8863	77.719	88.771
47.5683	77.930	89.097
48.2602	78.144	89.359
48.9621	78.358	89.543
49.6743	78.561	89.671
50.3968	78.761	89.767
51.1299	78.960	89.817
51.8736	79.151	89.822
52.6281	79.338	89.773
53.3936	79.512	89.668
54.1702	79.663	89.549
54.9581	79.795	89.468
55.7575	79.904	89.490
56.5685	80.004	89.673
57.3914	80.107	90.027
58.2261	80.223	90.544
59.0730	80.370	91.161
59.9323	80.544	91.785
60.8040	80.737	92.381
61.6884	80.955	92.899
62.5857	81.179	93.322
63.4960	81.411	93.670
64.4196	81.652	93.918
65.3566	81.889	94.072
66.3073	82.124	94.156
67.2717	82.356	94.176
68.2502	82.582	94.148
69.2429	82.803	94.091
70.2501	83.023	94.002
71.2719	83.240	93.870
72.3086	83.448	93.706
73.3603	83.649	93.529
74.4274	83.840	93.363
75.5099	84.026	93.234
76.6083	84.213	93.147
77.7226	84.401	93.099
78.8531	84.597	93.083
80.0000	84.805	93.072
81.1636	85.021	93.046
82.3442	85.251	92.979
83.5419	85.491	92.832
84.7570	85.731	92.596
85.9899	85.970	92.285
87.2406	86.206	91.911
88.5096	86.441	91.476
89.7970	86.671	90.982
91.1031	86.897	90.444
92.4282	87.125	89.839
93.7726	87.344	89.158
95.1366	87.555	88.425
96.5204	87.764	87.614
97.9243	87.955	86.725
99.3486	88.129	85.792
100.794	88.280	84.846
102.260	88.411	83.921
103.747	88.522	83.052
105.256	88.618	82.273
106.787	88.709	81.585
108.340	88.794	80.979
109.916	88.874	80.460
111.515	88.953	80.040
113.137	89.032	79.730
114.783	89.125	79.510
116.452	89.224	79.358
118.146	89.339	79.266
119.865	89.475	79.180
121.608	89.618	79.077
123.377	89.772	78.971
125.171	89.939	78.847
126.992	90.116	78.701
128.839	90.316	78.486
130.713	90.528	78.142
132.615	90.743	77.654
134.543	90.955	77.007
136.500	91.145	76.238
138.486	91.313	75.417
140.500	91.461	74.587
142.544	91.590	73.785
144.617	91.707	73.037
146.721	91.810	72.370
148.855	91.903	71.837
151.020	92.005	71.449
153.217	92.129	71.156
155.445	92.275	70.906
157.706	92.453	70.627
160.000	92.658	70.223
162.327	92.872	69.650
164.688	93.088	68.907
167.084	93.295	68.007
169.514	93.486	66.979
171.980	93.654	65.879
174.481	93.801	64.760
177.019	93.937	63.643
179.594	94.061	62.542
182.206	94.185	61.448
184.856	94.307	60.316
187.545	94.416	59.141
190.273	94.510	57.959
193.041	94.593	56.778
195.849	94.659	55.616
198.697	94.714	54.503
201.587	94.764	53.436
204.520	94.807	52.404
207.494	94.844	51.419
210.512	94.880	50.463
213.574	94.909	49.523
216.681	94.929	48.615
219.833	94.936	47.764
223.030	94.930	47.014
226.274	94.918	46.411
229.565	94.913	45.975
232.905	94.930	45.678
236.292	94.987	45.416
239.729	95.068	45.088
243.216	95.169	44.647
246.754	95.280	44.047
250.343	95.381	43.291
253.984	95.463	42.440
257.678	95.525	41.549
261.426	95.564	40.667
265.229	95.584	39.854
269.087	95.593	39.153
273.001	95.603	38.574
276.972	95.623	38.100
281.000	95.663	37.677
285.088	95.719	37.250
289.234	95.790	36.784
293.441	95.875	36.227
297.709	95.962	35.549
302.040	96.040	34.761
306.433	96.104	33.889
310.890	96.144	32.972
315.412	96.157	32.083
320.000	96.146	31.302
324.655	96.130	30.665
329.377	96.115	30.171
334.168	96.115	29.794
339.028	96.135	29.470
343.959	96.167	29.168
348.962	96.218	28.859
354.038	96.285	28.486
359.188	96.355	28.037
364.412	96.428	27.512
369.713	96.494	26.924
375.090	96.547	26.320
380.546	96.593	25.743
386.081	96.639	25.219
391.697	96.693	24.741
397.394	96.763	24.270
403.175	96.848	23.764
409.039	96.948	23.182
414.989	97.059	22.488
421.025	97.180	21.633
427.149	97.294	20.595
433.362	97.389	19.408
439.665	97.460	18.117
446.060	97.504	16.768
452.548	97.523	15.405
459.131	97.524	14.050
465.809	97.509	12.688
472.584	97.467	11.339
479.458	97.396	10.060
486.432	97.305	8.888
493.507	97.193	7.862
500.686	97.079	6.992
507.968	96.972	6.224
515.357	96.861	5.524
522.853	96.744	4.897
530.458	96.612	4.372
538.174	96.470	4.012
546.002	96.328	3.851
553.943	96.200	3.888
562.001	96.097	4.075
570.175	96.020	4.340
578.469	95.961	4.659
586.883	95.922	5.032
595.419	95.905	5.445
604.080	95.914	5.877
612.866	95.957	6.265
621.780	96.023	6.544
630.824	96.105	6.685
640.000	96.193	6.684
649.309	96.274	6.585
658.753	96.357	6.426
668.335	96.444	6.195
678.056	96.529	5.890
687.919	96.612	5.513
697.925	96.688	5.076
708.077	96.750	4.635
718.376	96.812	4.230
728.825	96.887	3.833
739.426	96.973	3.408
750.181	97.082	2.881
761.093	97.198	2.180
772.163	97.305	1.304
783.394	97.398	0.271
794.789	97.461	-0.875
806.349	97.496	-2.065
818.078	97.509	-3.269
829.977	97.490	-4.444
842.050	97.447	-5.530
854.298	97.384	-6.487
866.724	97.315	-7.289
879.330	97.252	-7.951
892.120	97.206	-8.526
905.097	97.178	-9.092
918.262	97.160	-9.714
931.618	97.137	-10.412
945.169	97.097	-11.140
958.917	97.042	-11.848
972.864	96.971	-12.498
987.015	96.884	-13.033
1001.37	96.796	-13.421
1015.94	96.717	-13.679
1030.71	96.650	-13.831
1045.71	96.603	-13.914
1060.92	96.576	-13.985
1076.35	96.566	-14.084
1092.00	96.562	-14.229
1107.89	96.562	-14.412
1124.00	96.562	-14.616
1140.35	96.562	-14.825
1156.94	96.562	-15.024
1173.77	96.563	-15.197
1190.84	96.568	-15.327
1208.16	96.583	-15.411
1225.73	96.617	-15.469
1243.56	96.674	-15.554
1261.65	96.752	-15.714
1280.00	96.851	-16.008
1298.62	96.963	-16.494
1317.51	97.074	-17.198
1336.67	97.172	-18.128
1356.11	97.235	-19.239
1375.84	97.245	-20.411
1395.85	97.206	-21.507
1416.15	97.129	-22.418
1436.75	97.031	-23.059
1457.65	96.940	-23.415
1478.85	96.877	-23.555
1500.36	96.842	-23.561
1522.19	96.836	-23.477
1544.33	96.871	-23.379
1566.79	96.940	-23.361
1589.58	97.034	-23.478
1612.70	97.146	-23.777
1636.16	97.255	-24.267
1659.95	97.348	-24.885
1684.10	97.426	-25.565
1708.60	97.484	-26.237
1733.45	97.540	-26.859
1758.66	97.602	-27.456
1784.24	97.667	-28.040
1810.19	97.744	-28.630
1836.52	97.830	-29.267
1863.24	97.917	-29.962
1890.34	98.000	-30.696
1917.83	98.078	-31.436
1945.73	98.158	-32.173
1974.03	98.234	-32.890
2002.74	98.314	-33.564
2031.87	98.403	-34.196
2061.43	98.502	-34.792
2091.41	98.614	-35.333
2121.83	98.752	-35.837
2152.69	98.916	-36.326
2184.01	99.122	-36.849
2215.77	99.365	-37.477
2248.00	99.640	-38.221
2280.70	99.955	-39.073
2313.87	100.343	-40.150
2347.53	100.809	-41.654
2381.68	101.356	-43.844
2416.32	101.946	-46.930
2451.46	102.532	-51.037
2487.12	103.028	-56.110
2523.30	103.362	-61.884
2560.00	103.507	-68.046
2597.24	103.446	-74.312
2635.01	103.174	-80.348
2673.34	102.738	-85.775
2712.23	102.198	-90.372
2751.68	101.631	-93.987
2791.70	101.126	-96.696
2832.31	100.755	-98.826
2873.50	100.538	-100.887
2915.30	100.448	-103.360
2957.70	100.414	-106.584
3000.72	100.341	-110.583
3044.37	100.176	-115.258
3088.65	99.849	-120.361
3133.58	99.322	-125.597
3179.16	98.567	-130.518
3225.40	97.604	-134.741
3272.31	96.485	-137.986
3319.91	95.228	-139.743
3368.20	93.959	-139.590
3417.19	92.824	-137.538
3466.89	91.844	-133.575
3517.32	91.185	-128.038
3568.48	90.907	-121.997
3620.39	91.000	-116.536
3673.05	91.409	-112.672
3726.47	92.013	-110.830
3780.67	92.675	-111.095
3835.67	93.234	-113.082
3891.46	93.611	-116.210
3948.06	93.753	-119.964
4005.49	93.645	-123.810
4063.75	93.354	-127.217
4122.86	92.977	-129.934
4182.82	92.602	-131.936
4243.66	92.292	-133.448
4305.39	92.062	-134.829
4368.01	91.885	-136.388
4431.55	91.710	-138.258
4496.01	91.488	-140.391
4561.40	91.188	-142.615
4627.75	90.804	-144.713
4695.06	90.337	-146.442
4763.35	89.817	-147.526
4832.64	89.315	-147.815
4902.93	88.906	-147.395
4974.24	88.640	-146.590
5046.60	88.546	-145.928
5120.00	88.569	-145.880
5194.47	88.633	-146.585
5270.03	88.670	-147.924
5346.68	88.642	-149.641
5424.45	88.552	-151.469
5503.35	88.426	-153.216
5583.40	88.308	-154.811
5664.61	88.250	-156.360
5747.01	88.280	-158.141
5830.60	88.396	-160.481
5915.41	88.556	-163.622
6001.45	88.701	-167.665
6088.74	88.754	-172.521
6177.30	88.673	-177.991
6267.15	88.438	176.143
6358.31	88.040	170.106
6450.80	87.500	164.090
6544.62	86.842	158.185
6639.82	86.079	152.462
6736.40	85.236	146.806
6834.38	84.224	141.486
6933.79	83.070	136.695
7034.64	81.771	132.525
7136.96	80.291	129.378
7240.77	78.775	127.615
7346.09	77.338	127.069
7452.94	75.968	127.514
7561.35	74.766	128.463
7671.33	73.615	129.418
7782.91	72.411	130.607
7896.12	71.187	132.556
8010.97	70.067	135.019
8127.49	68.876	138.122
8245.71	67.773	142.006
8365.65	66.767	146.080
8487.33	65.774	151.161
8610.78	65.037	157.246
8736.03	64.494	163.814
8863.09	64.233	169.222
8992.01	64.082	172.086
9122.80	63.656	173.607
9255.50	62.984	175.164
9390.12	62.088	178.078
9526.70	61.129	-176.395
9665.27	60.467	-168.898
9805.86	60.183	-161.725
9948.49	60.083	-155.757
10093.2	60.078	-150.983
10240.0	60.060	-146.819
10388.9	60.031	-142.973
10540.1	60.012	-139.367
10693.4	60.003	-136.002
10848.9	60.000	-132.871
11006.7	60.000	-129.948
11166.8	60.000	-127.200
11329.2	60.000	-124.603
11494.0	60.000	-122.137
11661.2	60.000	-119.790
11830.8	60.000	-117.548
12002.9	60.000	-115.399
12177.5	60.000	-113.331
12354.6	60.004	-111.330
12534.3	60.013	-109.406
12716.6	60.032	-107.585
12901.6	60.057	-105.918
13089.2	60.069	-104.396
13279.6	60.069	-102.952
13472.8	60.061	-101.557
13668.8	60.037	-100.155
13867.6	60.015	-98.716
14069.3	60.005	-97.289
14273.9	60.000	-95.913
14481.5	60.000	-94.598
14692.2	60.000	-93.341
14905.9	60.000	-92.131
15122.7	60.000	-90.952
15342.7	60.005	-89.801
15565.8	60.018	-88.688
15792.2	60.045	-87.662
16021.9	60.081	-86.792
16255.0	60.104	-86.079
16491.4	60.111	-85.464
16731.3	60.099	-84.894
16974.7	60.068	-84.298
17221.6	60.035	-83.638
17472.1	60.012	-82.956
17726.2	60.003	-82.317
17984.0	60.000	-81.764
18245.6	60.001	-81.308
18511.0	60.007	-80.970
18780.2	60.023	-80.816
19053.4	60.048	-80.981
19330.5	60.038	-81.539
19611.7	59.947	-82.423
19897.0	59.704	-83.245
20186.4	59.349	-83.582
20480.0	58.940	-83.218
20777.9	58.514	-81.933
21080.1	58.193	-79.863
21386.7	58.021	-77.638
21697.8	57.920	-75.576
22013.4	57.877	-73.781
22333.6	57.849	-72.223
22658.4	57.827	-70.834
22988.0	57.809	-69.574
23322.4	57.792	-68.412
23661.6	57.774	-67.321
24005.8	57.756	-66.290
24355.0	57.738	-65.307
24709.2	57.720	-64.366
25068.6	57.702	-63.462
25433.2	57.685	-62.591
25803.2	57.667	-61.750
26178.5	57.649	-60.936
26559.3	57.631	-60.147
26945.6	57.613	-59.381
27337.5	57.595	-58.636
27735.2	57.578	-57.912
28138.6	57.560	-57.206
28547.9	57.542	-56.519
28963.1	57.524	-55.848
29384.4	57.506	-55.194
29811.8	57.488	-54.556
30245.4	57.470	-53.933
30685.3	57.453	-53.324
31131.7	57.435	-52.729
31584.5	57.417	-52.147
32043.9	57.399	-51.579
32510.0	57.381	-51.023
32982.8	57.363	-50.479
33462.6	57.346	-49.948
33949.3	57.328	-49.428
34443.1	57.310	-48.920
34944.1	57.292	-48.423
35452.4	57.274	-47.937
35968.0	57.256	-47.463
36491.2	57.239	-47.000
37022.0	57.221	-46.548
37560.5	57.203	-46.108
38106.8	57.187	-45.720
38661.1	57.172	-45.378
39223.4	57.161	-45.128
39793.9	57.153	-44.939
