5.00000	-12.941	54.540
5.07273	-12.651	54.390
5.14651	-12.276	54.204
5.22137	-11.779	53.977
5.29732	-11.234	53.755
5.37437	-10.637	53.520
5.45254	-10.041	53.292
5.53185	-9.444	53.062
5.61231	-8.847	52.830
5.69394	-8.250	52.596
5.77676	-7.653	52.359
5.86079	-7.056	52.120
5.94604	-6.459	51.877
6.03252	-5.862	51.632
6.12027	-5.265	51.384
6.20929	-4.669	51.132
6.29961	-4.072	50.878
6.39124	-3.475	50.619
6.48420	-2.878	50.358
6.57851	-2.281	50.093
6.67420	-1.684	49.825
6.77128	-1.087	49.553
6.86977	-0.490	49.278
6.96969	0.107	48.999
7.07107	0.704	48.716
7.17392	1.300	48.429
7.27827	1.897	48.138
7.38413	2.494	47.843
7.49154	3.091	47.545
7.60050	3.688	47.243
7.71105	4.285	46.937
7.82321	4.882	46.625
7.93701	5.479	46.310
8.05245	6.076	45.990
8.16958	6.672	45.665
8.28841	7.269	45.336
8.40896	7.866	45.002
8.53128	8.463	44.664
8.65537	9.060	44.321
8.78126	9.657	43.972
8.90899	10.254	43.619
9.03857	10.851	43.261
9.17004	11.448	42.898
9.30342	12.044	42.530
9.43874	12.641	42.156
9.57603	13.238	41.777
9.71532	13.835	41.393
9.85663	14.432	41.003
10.0000	15.029	40.608
10.1455	15.626	40.207
10.2930	16.223	39.799
10.4427	16.820	39.387
10.5946	17.416	38.968
10.7487	18.013	38.542
10.9051	18.610	38.111
11.0637	19.207	37.674
11.2246	19.804	37.230
11.3879	20.401	36.780
11.5535	20.998	36.324
11.7216	21.595	35.860
11.8921	22.192	35.390
12.0650	22.788	34.912
12.2405	23.385	34.428
12.4186	23.982	33.936
12.5992	24.579	33.438
12.7825	25.176	32.932
12.9684	25.773	32.418
13.1570	26.370	31.897
13.3484	26.967	31.368
13.5426	27.564	30.832
13.7395	28.160	30.287
13.9394	28.757	29.735
14.1421	29.354	29.174
14.3478	29.951	28.605
14.5565	30.548	28.027
14.7683	31.145	27.440
14.9831	31.742	26.844
15.2010	32.339	26.240
15.4221	32.936	25.626
15.6464	33.533	25.003
15.8740	34.129	24.371
16.1049	34.726	23.730
16.3392	35.323	23.079
16.5768	35.920	22.417
16.8179	36.517	21.746
17.0626	37.114	21.064
17.3107	37.711	20.372
17.5625	38.308	19.669
17.8180	38.905	18.956
18.0771	39.501	18.231
18.3401	40.098	17.496
18.6068	40.695	16.749
18.8775	41.292	15.990
19.1521	41.889	15.220
19.4306	42.486	14.438
19.7133	43.083	13.643
20.0000	43.680	12.836
20.2909	44.277	12.017
20.5860	44.873	11.184
20.8855	45.470	10.338
21.1893	46.067	9.480
21.4975	46.664	8.607
21.8102	47.261	7.720
22.1274	47.858	6.820
22.4492	48.455	5.904
22.7758	49.052	4.975
23.1071	49.649	4.030
23.4432	50.245	3.069
23.7841	50.842	2.093
24.1301	51.439	1.101
24.4811	52.036	0.093
24.8372	52.633	-0.932
25.1984	53.230	-1.974
25.5649	53.827	-3.033
25.9368	54.424	-4.110
26.3141	55.021	-5.205
26.6968	55.617	-6.319
27.0851	56.214	-7.452
27.4791	56.811	-8.605
27.8788	57.408	-9.777
28.2843	58.005	-10.970
28.6957	58.602	-12.184
29.1131	59.199	-13.420
29.5365	59.796	-14.677
29.9661	60.393	-15.958
30.4020	60.989	-17.263
30.8442	61.586	-18.591
31.2929	62.183	-19.945
31.7480	62.780	-21.325
32.2098	63.377	-22.732
32.6783	63.974	-24.168
33.1536	64.571	-25.632
33.6359	65.168	-27.128
34.1251	65.765	-28.658
34.6215	66.362	-30.223
35.1250	66.958	-31.827
35.6359	67.555	-33.476
36.1543	68.152	-35.179
36.6802	68.749	-36.958
37.2137	69.338	-38.820
37.7550	69.910	-40.752
38.3041	70.444	-42.646
38.8613	70.961	-44.403
39.4265	71.474	-45.953
40.0000	72.041	-47.396
40.5818	72.646	-48.927
41.1721	73.263	-50.588
41.7710	73.900	-52.413
42.3785	74.524	-54.449
42.9949	75.114	-56.588
43.6203	75.696	-58.720
44.2548	76.269	-60.849
44.8985	76.845	-62.960
45.5515	77.431	-65.103
46.2141	78.024	-67.309
46.8863	78.620	-69.592
47.5683	79.218	-71.950
48.2602	79.818	-74.409
48.9621	80.416	-76.992
49.6743	81.004	-79.681
50.3968	81.581	-82.442
51.1299	82.148	-85.264
51.8736	82.705	-88.144
52.6281	83.260	-91.090
53.3936	83.806	-94.091
54.1702	84.348	-97.142
54.9581	84.885	-100.245
55.7575	85.422	-103.421
56.5685	85.968	-106.720
57.3914	86.512	-110.167
58.2261	87.049	-113.768
59.0730	87.575	-117.560
59.9323	88.067	-121.529
60.8040	88.531	-125.626
61.6884	88.961	-129.823
62.5857	89.353	-134.074
63.4960	89.707	-138.343
64.4196	90.022	-142.575
65.3566	90.316	-146.763
66.3073	90.592	-150.919
67.2717	90.849	-155.045
68.2502	91.096	-159.150
69.2429	91.323	-163.286
70.2501	91.516	-167.428
71.2719	91.679	-171.522
72.3086	91.811	-175.553
73.3603	91.914	-179.490
74.4274	91.990	176.699
75.5099	92.053	173.027
76.6083	92.102	169.478
77.7226	92.140	166.059
78.8531	92.175	162.744
80.0000	92.202	159.512
81.1636	92.219	156.365
82.3442	92.226	153.309
83.5419	92.221	150.349
84.7570	92.206	147.495
85.9899	92.181	144.769
87.2406	92.153	142.178
88.5096	92.127	139.713
89.7970	92.107	137.349
91.1031	92.096	135.057
92.4282	92.090	132.807
93.7726	92.084	130.583
95.1366	92.073	128.388
96.5204	92.049	126.255
97.9243	92.020	124.218
99.3486	91.990	122.280
100.794	91.964	120.441
102.260	91.949	118.677
103.747	91.942	116.952
105.256	91.941	115.248
106.787	91.941	113.563
108.340	91.941	111.901
109.916	91.941	110.265
111.515	91.941	108.659
113.137	91.941	107.083
114.783	91.941	105.536
116.452	91.941	104.019
118.146	91.941	102.531
119.865	91.941	101.073
121.608	91.941	99.642
123.377	91.941	98.241
125.171	91.941	96.867
126.992	91.941	95.521
128.839	91.941	94.201
130.713	91.941	92.909
132.615	91.941	91.643
134.543	91.941	90.404
136.500	91.941	89.191
138.486	91.941	88.004
140.500	91.941	86.845
142.544	91.941	85.712
144.617	91.941	84.609
146.721	91.941	83.539
148.855	91.942	82.503
151.020	91.947	81.500
153.217	91.958	80.516
155.445	91.973	79.531
157.706	91.988	78.542
160.000	92.003	77.556
162.327	92.016	76.577
164.688	92.024	75.628
167.084	92.039	74.708
169.514	92.058	73.796
171.980	92.084	72.869
174.481	92.114	71.899
177.019	92.140	70.877
179.594	92.158	69.818
182.206	92.164	68.731
184.856	92.152	67.650
187.545	92.126	66.616
190.273	92.084	65.657
193.041	92.033	64.797
195.849	91.977	64.045
198.697	91.917	63.413
201.587	91.858	62.913
204.520	91.805	62.542
207.494	91.762	62.297
210.512	91.735	62.173
213.574	91.732	62.137
216.681	91.756	62.138
219.833	91.803	62.134
223.030	91.872	62.101
226.274	91.965	62.006
229.565	92.080	61.806
232.905	92.211	61.456
236.292	92.348	60.930
239.729	92.480	60.232
243.216	92.597	59.392
246.754	92.695	58.452
250.343	92.769	57.460
253.984	92.821	56.469
257.678	92.858	55.506
261.426	92.880	54.585
265.229	92.888	53.729
269.087	92.891	52.951
273.001	92.891	52.241
276.972	92.891	51.592
281.000	92.891	50.991
285.088	92.891	50.431
289.234	92.890	49.910
293.441	92.886	49.435
297.709	92.880	49.018
302.040	92.870	48.683
306.433	92.866	48.439
310.890	92.868	48.280
315.412	92.880	48.214
320.000	92.912	48.222
324.655	92.969	48.252
329.377	93.046	48.268
334.168	93.150	48.215
339.028	93.270	48.034
343.959	93.396	47.707
348.962	93.519	47.245
354.038	93.629	46.681
359.188	93.724	46.058
364.412	93.802	45.424
369.713	93.869	44.813
375.090	93.928	44.247
380.546	93.982	43.748
386.081	94.043	43.311
391.697	94.111	42.908
397.394	94.193	42.506
403.175	94.283	42.068
409.039	94.375	41.584
414.989	94.467	41.061
421.025	94.554	40.517
427.149	94.638	39.983
433.362	94.725	39.469
439.665	94.818	38.964
446.060	94.919	38.456
452.548	95.032	37.923
459.131	95.159	37.324
465.809	95.295	36.623
472.584	95.433	35.810
479.458	95.573	34.864
486.432	95.705	33.779
493.507	95.821	32.572
500.686	95.915	31.277
507.968	95.984	29.940
515.357	96.028	28.607
522.853	96.050	27.323
530.458	96.061	26.112
538.174	96.068	24.964
546.002	96.078	23.836
553.943	96.083	22.695
562.001	96.079	21.533
570.175	96.058	20.373
578.469	96.017	19.249
586.883	95.957	18.208
595.419	95.887	17.276
604.080	95.815	16.449
612.866	95.743	15.702
621.780	95.665	15.024
630.824	95.578	14.446
640.000	95.482	14.018
649.309	95.390	13.773
658.753	95.311	13.720
668.335	95.267	13.807
678.056	95.261	13.932
687.919	95.288	14.000
697.925	95.335	13.961
708.077	95.392	13.810
718.376	95.452	13.559
728.825	95.513	13.222
739.426	95.569	12.823
750.181	95.625	12.372
761.093	95.675	11.875
772.163	95.719	11.350
783.394	95.756	10.814
794.789	95.785	10.295
806.349	95.810	9.815
818.078	95.837	9.385
829.977	95.873	8.991
842.050	95.923	8.597
854.298	95.985	8.163
866.724	96.058	7.649
879.330	96.129	7.046
892.120	96.198	6.364
905.097	96.260	5.607
918.262	96.305	4.810
931.618	96.341	4.007
945.169	96.364	3.219
958.917	96.376	2.483
972.864	96.389	1.822
987.015	96.412	1.202
1001.37	96.447	0.571
1015.94	96.488	-0.103
1030.71	96.533	-0.845
1045.71	96.570	-1.656
1060.92	96.593	-2.494
1076.35	96.608	-3.329
1092.00	96.612	-4.140
1107.89	96.614	-4.912
1124.00	96.614	-5.656
1140.35	96.614	-6.373
1156.94	96.614	-7.071
1173.77	96.614	-7.749
1190.84	96.614	-8.404
1208.16	96.616	-9.036
1225.73	96.620	-9.642
1243.56	96.633	-10.234
1261.65	96.652	-10.834
1280.00	96.680	-11.460
1298.62	96.714	-12.138
1317.51	96.750	-12.889
1336.67	96.783	-13.722
1356.11	96.804	-14.625
1375.84	96.805	-15.563
1395.85	96.784	-16.479
1416.15	96.739	-17.301
1436.75	96.682	-17.971
1457.65	96.626	-18.470
1478.85	96.583	-18.811
1500.36	96.560	-19.032
1522.19	96.563	-19.186
1544.33	96.587	-19.318
1566.79	96.629	-19.437
1589.58	96.693	-19.548
1612.70	96.780	-19.673
1636.16	96.891	-19.834
1659.95	97.028	-20.063
1684.10	97.189	-20.392
1708.60	97.370	-20.826
1733.45	97.574	-21.371
1758.66	97.807	-22.068
1784.24	98.071	-22.980
1810.19	98.362	-24.162
1836.52	98.681	-25.698
1863.24	99.008	-27.659
1890.34	99.327	-30.068
1917.83	99.620	-32.913
1945.73	99.861	-36.121
1974.03	100.048	-39.621
2002.74	100.176	-43.359
2031.87	100.242	-47.265
2061.43	100.269	-51.315
2091.41	100.262	-55.621
2121.83	100.192	-60.206
2152.69	100.034	-65.069
2184.01	99.720	-70.033
2215.77	99.216	-74.809
2248.00	98.533	-79.108
2280.70	97.712	-82.744
2313.87	96.760	-85.421
2347.53	95.731	-86.774
2381.68	94.695	-86.650
2416.32	93.692	-84.811
2451.46	92.799	-80.875
2487.12	92.214	-75.113
2523.30	92.003	-68.589
2560.00	92.207	-62.551
2597.24	92.713	-57.869
2635.01	93.476	-54.987
2673.34	94.342	-54.205
2712.23	95.177	-55.261
2751.68	95.931	-57.763
2791.70	96.516	-61.385
2832.31	96.901	-65.684
2873.50	97.123	-70.242
2915.30	97.194	-74.937
2957.70	97.126	-79.531
3000.72	96.928	-83.858
3044.37	96.639	-87.772
3088.65	96.283	-91.198
3133.58	95.903	-94.093
3179.16	95.548	-96.527
3225.40	95.228	-98.673
3272.31	94.954	-100.696
3319.91	94.706	-102.767
3368.20	94.463	-104.946
3417.19	94.207	-107.246
3466.89	93.926	-109.630
3517.32	93.607	-112.036
3568.48	93.260	-114.430
3620.39	92.875	-116.775
3673.05	92.462	-119.040
3726.47	92.019	-121.205
3780.67	91.539	-123.257
3835.67	91.023	-125.162
3891.46	90.458	-126.841
3948.06	89.857	-128.188
4005.49	89.241	-129.174
4063.75	88.612	-129.804
4122.86	87.982	-130.062
4182.82	87.353	-129.960
4243.66	86.717	-129.449
4305.39	86.084	-128.404
4368.01	85.480	-126.706
4431.55	84.948	-124.313
4496.01	84.539	-121.394
4561.40	84.276	-118.285
4627.75	84.147	-115.286
4695.06	84.136	-112.610
4763.35	84.219	-110.349
4832.64	84.382	-108.568
4902.93	84.629	-107.362
4974.24	84.937	-106.904
5046.60	85.259	-107.233
5120.00	85.574	-108.286
5194.47	85.855	-109.993
5270.03	86.087	-112.239
5346.68	86.291	-114.976
5424.45	86.468	-118.256
5503.35	86.617	-122.162
5583.40	86.704	-126.761
5664.61	86.702	-132.168
5747.01	86.523	-138.121
5830.60	86.161	-144.623
5915.41	85.482	-151.122
6001.45	84.454	-157.014
6088.74	83.187	-162.043
6177.30	81.647	-165.626
6267.15	80.015	-167.149
6358.31	78.533	-166.824
6450.80	77.130	-165.108
6544.62	75.931	-162.529
6639.82	74.751	-159.399
6736.40	73.611	-155.284
6834.38	72.577	-150.216
6933.79	71.650	-143.974
7034.64	70.962	-136.933
7136.96	70.453	-129.509
7240.77	70.154	-122.179
7346.09	70.045	-115.550
7452.94	70.022	-109.535
7561.35	70.084	-103.905
7671.33	70.234	-98.457
7782.91	70.502	-93.343
7896.12	70.890	-88.897
8010.97	71.358	-85.374
8127.49	71.871	-82.810
8245.71	72.389	-81.128
8365.65	72.893	-80.223
8487.33	73.367	-80.043
8610.78	73.784	-80.514
8736.03	74.129	-81.519
8863.09	74.383	-82.932
8992.01	74.533	-84.573
9122.80	74.600	-86.283
9255.50	74.594	-87.982
9390.12	74.535	-89.638
9526.70	74.428	-91.255
9665.27	74.284	-92.889
9805.86	74.089	-94.615
9948.49	73.804	-96.355
10093.2	73.422	-98.046
10240.0	72.851	-99.260
10388.9	72.155	-99.394
10540.1	71.461	-98.233
10693.4	70.797	-95.587
10848.9	70.327	-91.742
11006.7	70.112	-87.798
11166.8	70.016	-84.167
11329.2	70.024	-80.899
11494.0	70.084	-77.750
11661.2	70.249	-74.666
11830.8	70.549	-71.966
12002.9	70.963	-70.058
12177.5	71.454	-69.246
12354.6	71.946	-69.645
12534.3	72.342	-71.068
12716.6	72.593	-73.152
12901.6	72.679	-75.554
13089.2	72.599	-77.945
13279.6	72.374	-80.019
13472.8	72.040	-81.489
13668.8	71.660	-82.190
13867.6	71.294	-82.118
14069.3	70.984	-81.385
14273.9	70.780	-80.277
14481.5	70.682	-79.209
14692.2	70.643	-78.442
14905.9	70.624	-78.057
15122.7	70.571	-77.947
15342.7	70.469	-77.876
15565.8	70.339	-77.662
15792.2	70.207	-77.237
16021.9	70.096	-76.615
16255.0	70.033	-75.933
16491.4	70.007	-75.349
16731.3	70.000	-74.923
16974.7	70.000	-74.651
17221.6	70.000	-74.507
17472.1	70.000	-74.470
17726.2	70.000	-74.529
17984.0	70.005	-74.698
18245.6	70.011	-74.995
18511.0	70.029	-75.482
18780.2	70.049	-76.277
19053.4	70.038	-77.389
19330.5	69.987	-78.865
19611.7	69.801	-80.485
19897.0	69.469	-81.755
20186.4	69.085	-82.434
20480.0	68.664	-82.398
20777.9	68.293	-81.598
21080.1	68.057	-80.492
21386.7	67.906	-79.558
21697.8	67.773	-78.900
22013.4	67.623	-78.351
22333.6	67.467	-77.767
22658.4	67.308	-77.076
22988.0	67.171	-76.279
23322.4	67.073	-75.501
23661.6	66.988	-74.814
24005.8	66.914	-74.221
24355.0	66.840	-73.706
24709.2	66.766	-73.242
25068.6	66.692	-72.816
25433.2	66.618	-72.421
25803.2	66.544	-72.051
26178.5	66.470	-71.703
26559.3	66.397	-71.373
26945.6	66.323	-71.060
27337.5	66.249	-70.762
27735.2	66.175	-70.478
28138.6	66.101	-70.206
28547.9	66.027	-69.945
28963.1	65.953	-69.694
29384.4	65.880	-69.453
29811.8	65.806	-69.221
30245.4	65.732	-68.998
30685.3	65.658	-68.783
31131.7	65.584	-68.576
31584.5	65.510	-68.376
32043.9	65.436	-68.183
32510.0	65.362	-67.998
32982.8	65.289	-67.819
33462.6	65.215	-67.646
33949.3	65.141	-67.480
34443.1	65.067	-67.320
34944.1	64.993	-67.166
35452.4	64.919	-67.019
35968.0	64.845	-66.878
36491.2	64.772	-66.744
37022.0	64.698	-66.617
37560.5	64.624	-66.500
38106.8	64.557	-66.400
38661.1	64.497	-66.320
39223.4	64.452	-66.264
39793.9	64.417	-66.224
