5.00000	9.315	4.961
5.07273	9.575	4.781
5.14651	9.911	4.551
5.22137	10.356	4.254
5.29732	10.846	3.950
5.37437	11.382	3.618
5.45254	11.919	3.292
5.53185	12.455	2.963
5.61231	12.992	2.631
5.69394	13.529	2.294
5.77676	14.065	1.953
5.86079	14.602	1.608
5.94604	15.138	1.258
6.03252	15.675	0.904
6.12027	16.212	0.545
6.20929	16.748	0.181
6.29961	17.285	-0.189
6.39124	17.821	-0.563
6.48420	18.358	-0.943
6.57851	18.894	-1.328
6.67420	19.431	-1.718
6.77128	19.968	-2.113
6.86977	20.504	-2.515
6.96969	21.041	-2.922
7.07107	21.577	-3.335
7.17392	22.114	-3.754
7.27827	22.650	-4.180
7.38413	23.187	-4.611
7.49154	23.724	-5.049
7.60050	24.260	-5.492
7.71105	24.797	-5.942
7.82321	25.333	-6.399
7.93701	25.870	-6.863
8.05245	26.406	-7.334
8.16958	26.943	-7.812
8.28841	27.480	-8.298
8.40896	28.016	-8.790
8.53128	28.553	-9.289
8.65537	29.089	-9.797
8.78126	29.626	-10.312
8.90899	30.163	-10.835
9.03857	30.699	-11.365
9.17004	31.236	-11.904
9.30342	31.772	-12.451
9.43874	32.309	-13.007
9.57603	32.845	-13.571
9.71532	33.382	-14.143
9.85663	33.919	-14.725
10.0000	34.455	-15.315
10.1455	34.992	-15.915
10.2930	35.528	-16.524
10.4427	36.065	-17.142
10.5946	36.601	-17.771
10.7487	37.138	-18.409
10.9051	37.675	-19.057
11.0637	38.211	-19.716
11.2246	38.748	-20.385
11.3879	39.284	-21.064
11.5535	39.821	-21.755
11.7216	40.357	-22.457
11.8921	40.894	-23.170
12.0650	41.431	-23.895
12.2405	41.967	-24.631
12.4186	42.504	-25.380
12.5992	43.040	-26.140
12.7825	43.577	-26.914
12.9684	44.114	-27.700
13.1570	44.650	-28.499
13.3484	45.187	-29.311
13.5426	45.723	-30.137
13.7395	46.260	-30.977
13.9394	46.796	-31.831
14.1421	47.333	-32.699
14.3478	47.870	-33.583
14.5565	48.406	-34.481
14.7683	48.943	-35.395
14.9831	49.479	-36.325
15.2010	50.016	-37.271
15.4221	50.552	-38.234
15.6464	51.089	-39.213
15.8740	51.626	-40.209
16.1049	52.162	-41.223
16.3392	52.699	-42.254
16.5768	53.235	-43.304
16.8179	53.772	-44.372
17.0626	54.308	-45.458
17.3107	54.845	-46.564
17.5625	55.382	-47.688
17.8180	55.918	-48.831
18.0771	56.455	-49.994
18.3401	56.991	-51.174
18.6068	57.528	-52.372
18.8775	58.065	-53.587
19.1521	58.601	-54.815
19.4306	59.138	-56.054
19.7133	59.674	-57.297
20.0000	60.211	-58.529
20.2909	60.749	-59.725
20.5860	61.297	-60.849
20.8855	61.885	-61.923
21.1893	62.519	-63.042
21.4975	63.216	-64.419
21.8102	63.915	-66.237
22.1274	64.564	-68.414
22.4492	65.190	-70.868
22.7758	65.765	-73.520
23.1071	66.289	-76.123
23.4432	66.826	-78.656
23.7841	67.366	-81.289
24.1301	67.880	-84.033
24.4811	68.383	-86.887
24.8372	68.856	-89.864
25.1984	69.290	-92.884
25.5649	69.695	-95.877
25.9368	70.079	-98.814
26.3141	70.452	-101.693
26.6968	70.820	-104.552
27.0851	71.177	-107.426
27.4791	71.523	-110.347
27.8788	71.846	-113.326
28.2843	72.143	-116.339
28.6957	72.408	-119.345
29.1131	72.644	-122.302
29.5365	72.854	-125.200
29.9661	73.029	-128.006
30.4020	73.172	-130.660
30.8442	73.288	-133.106
31.2929	73.390	-135.310
31.7480	73.489	-137.277
32.2098	73.589	-139.031
32.6783	73.694	-140.581
33.1536	73.810	-141.946
33.6359	73.938	-143.142
34.1251	74.079	-144.159
34.6215	74.248	-145.005
35.1250	74.453	-145.733
35.6359	74.698	-146.405
36.1543	74.992	-147.113
36.6802	75.327	-147.971
37.2137	75.684	-149.050
37.7550	76.048	-150.377
38.3041	76.407	-151.954
38.8613	76.739	-153.723
39.4265	77.047	-155.587
40.0000	77.342	-157.517
40.5818	77.616	-159.496
41.1721	77.875	-161.498
41.7710	78.123	-163.534
42.3785	78.353	-165.603
42.9949	78.568	-167.706
43.6203	78.758	-169.827
44.2548	78.926	-171.932
44.8985	79.070	-173.999
45.5515	79.188	-175.984
46.2141	79.290	-177.862
46.8863	79.375	-179.623
47.5683	79.449	178.743
48.2602	79.515	177.239
48.9621	79.575	175.854
49.6743	79.628	174.594
50.3968	79.673	173.491
51.1299	79.725	172.540
51.8736	79.782	171.714
52.6281	79.843	171.022
53.3936	79.920	170.441
54.1702	80.008	169.936
54.9581	80.105	169.506
55.7575	80.216	169.144
56.5685	80.338	168.829
57.3914	80.471	168.550
58.2261	80.609	168.317
59.0730	80.759	168.137
59.9323	80.921	168.001
60.8040	81.097	167.910
61.6884	81.291	167.844
62.5857	81.503	167.762
63.4960	81.727	167.644
64.4196	81.961	167.488
65.3566	82.203	167.291
66.3073	82.448	167.056
67.2717	82.693	166.806
68.2502	82.941	166.569
69.2429	83.196	166.358
70.2501	83.465	166.163
71.2719	83.751	165.959
72.3086	84.054	165.710
73.3603	84.370	165.372
74.4274	84.686	164.952
75.5099	85.006	164.486
76.6083	85.335	163.969
77.7226	85.669	163.403
78.8531	86.019	162.776
80.0000	86.384	162.009
81.1636	86.740	161.092
82.3442	87.090	160.058
83.5419	87.430	158.918
84.7570	87.752	157.731
85.9899	88.072	156.525
87.2406	88.385	155.297
88.5096	88.703	154.050
89.7970	89.029	152.734
91.1031	89.355	151.309
92.4282	89.676	149.767
93.7726	89.988	148.090
95.1366	90.281	146.279
96.5204	90.546	144.381
97.9243	90.783	142.455
99.3486	90.996	140.535
100.794	91.184	138.655
102.260	91.351	136.853
103.747	91.500	135.156
105.256	91.642	133.575
106.787	91.780	132.105
108.340	91.917	130.746
109.916	92.063	129.475
111.515	92.217	128.254
113.137	92.378	127.063
114.783	92.546	125.886
116.452	92.718	124.713
118.146	92.894	123.546
119.865	93.073	122.388
121.608	93.260	121.234
123.377	93.455	120.065
125.171	93.659	118.863
126.992	93.875	117.593
128.839	94.093	116.226
130.713	94.311	114.760
132.615	94.524	113.185
134.543	94.725	111.513
136.500	94.912	109.772
138.486	95.089	107.964
140.500	95.248	106.092
142.544	95.389	104.177
144.617	95.507	102.240
146.721	95.601	100.310
148.855	95.668	98.436
151.020	95.713	96.668
153.217	95.746	95.034
155.445	95.775	93.531
157.706	95.807	92.136
160.000	95.843	90.819
162.327	95.885	89.548
164.688	95.931	88.291
167.084	95.973	87.044
169.514	96.009	85.827
171.980	96.039	84.656
174.481	96.066	83.545
177.019	96.093	82.494
179.594	96.122	81.499
182.206	96.153	80.547
184.856	96.184	79.635
187.545	96.217	78.769
190.273	96.253	77.943
193.041	96.288	77.164
195.849	96.331	76.430
198.697	96.376	75.731
201.587	96.424	75.085
204.520	96.482	74.490
207.494	96.552	73.930
210.512	96.640	73.375
213.574	96.745	72.773
216.681	96.858	72.092
219.833	96.974	71.321
223.030	97.084	70.476
226.274	97.186	69.594
229.565	97.284	68.693
232.905	97.376	67.791
236.292	97.469	66.887
239.729	97.559	65.969
243.216	97.650	65.030
246.754	97.735	64.067
250.343	97.811	63.108
253.984	97.883	62.170
257.678	97.950	61.272
261.426	98.020	60.430
265.229	98.103	59.606
269.087	98.196	58.757
273.001	98.300	57.842
276.972	98.408	56.811
281.000	98.500	55.682
285.088	98.580	54.496
289.234	98.642	53.283
293.441	98.688	52.084
297.709	98.725	50.913
302.040	98.751	49.768
306.433	98.768	48.656
310.890	98.776	47.575
315.412	98.768	46.547
320.000	98.750	45.603
324.655	98.723	44.758
329.377	98.684	44.049
334.168	98.645	43.510
339.028	98.615	43.142
343.959	98.596	42.954
348.962	98.608	42.928
354.038	98.660	43.001
359.188	98.762	43.086
364.412	98.914	43.073
369.713	99.113	42.841
375.090	99.341	42.283
380.546	99.575	41.343
386.081	99.788	40.029
391.697	99.960	38.408
397.394	100.074	36.602
403.175	100.129	34.750
409.039	100.123	33.011
414.989	100.078	31.509
421.025	100.014	30.288
427.149	99.950	29.361
433.362	99.916	28.659
439.665	99.919	28.052
446.060	99.956	27.431
452.548	100.024	26.690
459.131	100.101	25.760
465.809	100.168	24.643
472.584	100.211	23.392
479.458	100.221	22.099
486.432	100.203	20.849
493.507	100.161	19.717
500.686	100.109	18.749
507.968	100.067	17.918
515.357	100.037	17.172
522.853	100.025	16.460
530.458	100.031	15.706
538.174	100.040	14.869
546.002	100.049	13.942
553.943	100.043	12.935
562.001	100.016	11.900
570.175	99.969	10.889
578.469	99.901	9.947
586.883	99.817	9.113
595.419	99.716	8.438
604.080	99.609	7.979
612.866	99.514	7.743
621.780	99.440	7.711
630.824	99.410	7.818
640.000	99.435	7.920
649.309	99.500	7.882
658.753	99.589	7.638
668.335	99.683	7.165
678.056	99.762	6.516
687.919	99.825	5.767
697.925	99.872	4.975
708.077	99.912	4.176
718.376	99.950	3.363
728.825	99.987	2.515
739.426	100.019	1.626
750.181	100.045	0.697
761.093	100.062	-0.257
772.163	100.072	-1.220
783.394	100.075	-2.182
794.789	100.076	-3.147
806.349	100.076	-4.131
818.078	100.074	-5.155
829.977	100.068	-6.241
842.050	100.050	-7.392
854.298	100.017	-8.605
866.724	99.958	-9.851
879.330	99.873	-11.090
892.120	99.748	-12.246
905.097	99.589	-13.191
918.262	99.421	-13.877
931.618	99.254	-14.309
945.169	99.108	-14.520
958.917	99.000	-14.635
972.864	98.913	-14.754
987.015	98.837	-14.897
1001.37	98.756	-15.031
1015.94	98.672	-15.095
1030.71	98.588	-15.042
1045.71	98.518	-14.852
1060.92	98.476	-14.560
1076.35	98.464	-14.218
1092.00	98.492	-13.901
1107.89	98.553	-13.696
1124.00	98.638	-13.666
1140.35	98.735	-13.852
1156.94	98.826	-14.257
1173.77	98.897	-14.835
1190.84	98.938	-15.502
1208.16	98.951	-16.169
1225.73	98.942	-16.768
1243.56	98.920	-17.249
1261.65	98.896	-17.602
1280.00	98.879	-17.849
1298.62	98.869	-18.000
1317.51	98.871	-18.063
1336.67	98.888	-18.035
1356.11	98.932	-17.934
1375.84	99.011	-17.828
1395.85	99.127	-17.795
1416.15	99.276	-17.932
1436.75	99.439	-18.304
1457.65	99.595	-18.898
1478.85	99.735	-19.656
1500.36	99.850	-20.478
1522.19	99.957	-21.294
1544.33	100.063	-22.090
1566.79	100.180	-22.884
1589.58	100.313	-23.746
1612.70	100.448	-24.707
1636.16	100.587	-25.767
1659.95	100.727	-26.926
1684.10	100.865	-28.173
1708.60	101.011	-29.523
1733.45	101.160	-31.025
1758.66	101.307	-32.708
1784.24	101.440	-34.570
1810.19	101.556	-36.597
1836.52	101.653	-38.773
1863.24	101.731	-41.099
1890.34	101.786	-43.597
1917.83	101.808	-46.285
1945.73	101.786	-49.166
1974.03	101.699	-52.216
2002.74	101.523	-55.325
2031.87	101.243	-58.325
2061.43	100.822	-60.888
2091.41	100.272	-62.538
2121.83	99.651	-62.936
2152.69	99.010	-61.848
2184.01	98.486	-59.249
2215.77	98.233	-55.558
2248.00	98.329	-51.410
2280.70	98.830	-47.622
2313.87	99.674	-45.190
2347.53	100.633	-44.701
2381.68	101.616	-46.470
2416.32	102.417	-50.493
2451.46	102.907	-55.962
2487.12	103.134	-61.979
2523.30	103.079	-67.796
2560.00	102.786	-72.582
2597.24	102.419	-75.976
2635.01	102.073	-78.089
2673.34	101.874	-79.288
2712.23	101.893	-80.217
2751.68	102.135	-81.653
2791.70	102.496	-84.249
2832.31	102.839	-88.275
2873.50	103.046	-93.592
2915.30	103.039	-99.749
2957.70	102.747	-105.952
3000.72	102.204	-111.296
3044.37	101.503	-115.238
3088.65	100.731	-117.541
3133.58	100.073	-118.421
3179.16	99.674	-118.674
3225.40	99.531	-119.198
3272.31	99.571	-120.713
3319.91	99.632	-123.568
3368.20	99.574	-127.566
3417.19	99.301	-132.084
3466.89	98.769	-136.178
3517.32	98.050	-138.974
3568.48	97.292	-140.203
3620.39	96.644	-140.153
3673.05	96.259	-139.525
3726.47	96.197	-139.387
3780.67	96.302	-140.596
3835.67	96.393	-143.329
3891.46	96.350	-147.317
3948.06	96.040	-151.775
4005.49	95.485	-155.690
4063.75	94.780	-158.502
4122.86	93.989	-159.961
4182.82	93.289	-160.203
4243.66	92.811	-159.914
4305.39	92.525	-159.754
4368.01	92.417	-160.219
4431.55	92.371	-161.614
4496.01	92.314	-163.920
4561.40	92.188	-166.975
4627.75	91.957	-170.502
4695.06	91.616	-174.185
4763.35	91.202	-177.896
4832.64	90.727	178.350
4902.93	90.226	174.346
4974.24	89.570	170.263
5046.60	88.757	166.752
5120.00	87.850	164.074
5194.47	86.799	162.458
5270.03	85.770	161.926
5346.68	84.962	161.699
5424.45	84.280	160.996
5503.35	83.669	159.517
5583.40	82.917	157.582
5664.61	81.962	156.117
5747.01	80.835	155.893
5830.60	79.650	157.038
5915.41	78.534	159.201
6001.45	77.673	161.494
6088.74	76.961	163.211
6177.30	76.264	164.380
6267.15	75.399	165.734
6358.31	74.320	168.478
6450.80	73.263	172.857
6544.62	72.363	178.329
6639.82	71.766	-175.861
6736.40	71.542	-170.847
6834.38	71.399	-167.123
6933.79	71.220	-164.284
7034.64	70.914	-161.628
7136.96	70.579	-158.703
7240.77	70.255	-155.446
7346.09	70.039	-152.023
7452.94	69.974	-148.964
7561.35	69.960	-146.597
7671.33	69.967	-144.971
7782.91	69.954	-144.212
7896.12	69.844	-144.224
8010.97	69.614	-144.840
8127.49	69.052	-145.093
8245.71	68.235	-143.488
8365.65	67.390	-139.806
8487.33	66.545	-134.242
8610.78	66.049	-127.331
8736.03	66.118	-120.802
8863.09	66.400	-115.689
8992.01	66.811	-112.056
9122.80	67.162	-109.723
9255.50	67.409	-108.082
9390.12	67.608	-106.784
9526.70	67.762	-105.729
9665.27	67.881	-104.783
9805.86	68.006	-103.940
9948.49	68.146	-103.346
10093.2	68.294	-103.189
10240.0	68.390	-103.534
10388.9	68.402	-104.253
10540.1	68.297	-105.101
10693.4	68.061	-105.704
10848.9	67.719	-105.647
11006.7	67.344	-104.688
11166.8	67.041	-102.937
11329.2	66.871	-100.758
11494.0	66.876	-98.653
11661.2	67.026	-97.214
11830.8	67.205	-96.755
12002.9	67.331	-97.250
12177.5	67.328	-98.441
12354.6	67.154	-99.865
12534.3	66.791	-100.904
12716.6	66.315	-101.092
12901.6	65.804	-100.384
13089.2	65.309	-98.921
13279.6	64.884	-96.944
13472.8	64.529	-94.721
13668.8	64.185	-92.269
13867.6	63.818	-89.265
14069.3	63.502	-85.438
14273.9	63.335	-80.849
14481.5	63.458	-76.088
14692.2	63.811	-71.998
14905.9	64.245	-68.909
15122.7	64.725	-66.905
15342.7	65.148	-65.888
15565.8	65.489	-65.330
15792.2	65.843	-65.010
16021.9	66.212	-65.117
16255.0	66.576	-65.848
16491.4	66.855	-67.181
16731.3	67.044	-68.875
16974.7	67.150	-70.761
17221.6	67.178	-72.710
17472.1	67.150	-74.684
17726.2	67.060	-76.705
17984.0	66.879	-78.680
18245.6	66.591	-80.345
18511.0	66.230	-81.452
18780.2	65.855	-82.012
19053.4	65.485	-82.140
19330.5	65.156	-82.023
19611.7	64.815	-81.715
19897.0	64.453	-81.024
20186.4	64.110	-79.904
20480.0	63.792	-78.377
20777.9	63.559	-76.547
21080.1	63.440	-74.765
21386.7	63.365	-73.226
21697.8	63.321	-71.922
22013.4	63.277	-70.815
22333.6	63.233	-69.827
22658.4	63.189	-68.924
22988.0	63.145	-68.088
23322.4	63.101	-67.304
23661.6	63.057	-66.565
24005.8	63.013	-65.863
24355.0	62.969	-65.193
24709.2	62.925	-64.551
25068.6	62.881	-63.934
25433.2	62.837	-63.340
25803.2	62.793	-62.766
26178.5	62.749	-62.211
26559.3	62.705	-61.673
26945.6	62.661	-61.150
27337.5	62.617	-60.643
27735.2	62.573	-60.149
28138.6	62.529	-59.668
28547.9	62.485	-59.199
28963.1	62.441	-58.741
29384.4	62.397	-58.294
29811.8	62.353	-57.858
30245.4	62.309	-57.431
30685.3	62.265	-57.014
31131.7	62.221	-56.606
31584.5	62.177	-56.207
32043.9	62.133	-55.815
32510.0	62.089	-55.432
32982.8	62.045	-55.057
33462.6	62.001	-54.688
33949.3	61.957	-54.328
34443.1	61.913	-53.974
34944.1	61.869	-53.626
35452.4	61.825	-53.286
35968.0	61.781	-52.951
36491.2	61.737	-52.623
37022.0	61.693	-52.301
37560.5	61.649	-51.986
38106.8	61.609	-51.706
38661.1	61.573	-51.458
39223.4	61.546	-51.276
39793.9	61.526	-51.138
