5.00000	60.344	80.291
5.07273	60.394	80.301
5.14651	60.460	80.316
5.22137	60.549	80.339
5.29732	60.647	80.370
5.37437	60.755	80.406
5.45254	60.863	80.445
5.53185	60.971	80.485
5.61231	61.079	80.526
5.69394	61.187	80.568
5.77676	61.296	80.610
5.86079	61.404	80.653
5.94604	61.512	80.697
6.03252	61.620	80.742
6.12027	61.728	80.788
6.20929	61.836	80.834
6.29961	61.944	80.881
6.39124	62.053	80.929
6.48420	62.161	80.978
6.57851	62.269	81.027
6.67420	62.377	81.078
6.77128	62.485	81.129
6.86977	62.593	81.181
6.96969	62.701	81.234
7.07107	62.809	81.288
7.17392	62.918	81.343
7.27827	63.026	81.398
7.38413	63.134	81.455
7.49154	63.242	81.512
7.60050	63.350	81.571
7.71105	63.458	81.630
7.82321	63.566	81.691
7.93701	63.675	81.752
8.05245	63.783	81.814
8.16958	63.891	81.878
8.28841	63.999	81.942
8.40896	64.107	82.008
8.53128	64.215	82.074
8.65537	64.323	82.142
8.78126	64.431	82.211
8.90899	64.540	82.280
9.03857	64.648	82.352
9.17004	64.756	82.424
9.30342	64.864	82.497
9.43874	64.972	82.572
9.57603	65.080	82.648
9.71532	65.188	82.725
9.85663	65.297	82.803
10.0000	65.405	82.883
10.1455	65.513	82.964
10.2930	65.621	83.047
10.4427	65.729	83.130
10.5946	65.837	83.216
10.7487	65.945	83.302
10.9051	66.053	83.391
11.0637	66.162	83.480
11.2246	66.270	83.572
11.3879	66.378	83.664
11.5535	66.486	83.759
11.7216	66.594	83.855
11.8921	66.702	83.953
12.0650	66.810	84.052
12.2405	66.919	84.153
12.4186	67.027	84.256
12.5992	67.135	84.361
12.7825	67.243	84.468
12.9684	67.351	84.576
13.1570	67.459	84.687
13.3484	67.567	84.799
13.5426	67.675	84.914
13.7395	67.784	85.031
13.9394	67.892	85.150
14.1421	68.000	85.271
14.3478	68.108	85.394
14.5565	68.216	85.520
14.7683	68.324	85.648
14.9831	68.432	85.778
15.2010	68.541	85.911
15.4221	68.649	86.047
15.6464	68.757	86.185
15.8740	68.865	86.326
16.1049	68.973	86.469
16.3392	69.081	86.616
16.5768	69.189	86.765
16.8179	69.297	86.918
17.0626	69.406	87.073
17.3107	69.514	87.232
17.5625	69.622	87.394
17.8180	69.730	87.560
18.0771	69.838	87.729
18.3401	69.946	87.901
18.6068	70.054	88.078
18.8775	70.163	88.258
19.1521	70.271	88.441
19.4306	70.379	88.629
19.7133	70.487	88.820
20.0000	70.595	89.014
20.2909	70.703	89.211
20.5860	70.811	89.409
20.8855	70.918	89.611
21.1893	71.023	89.819
21.4975	71.127	90.038
21.8102	71.231	90.269
22.1274	71.334	90.513
22.4492	71.436	90.772
22.7758	71.539	91.045
23.1071	71.641	91.334
23.4432	71.743	91.648
23.7841	71.845	91.988
24.1301	71.951	92.355
24.4811	72.061	92.740
24.8372	72.177	93.125
25.1984	72.292	93.504
25.5649	72.409	93.888
25.9368	72.526	94.275
26.3141	72.640	94.681
26.6968	72.756	95.126
27.0851	72.879	95.591
27.4791	73.006	96.065
27.8788	73.140	96.537
28.2843	73.277	96.992
28.6957	73.411	97.443
29.1131	73.545	97.915
29.5365	73.683	98.418
29.9661	73.829	98.938
30.4020	73.984	99.450
30.8442	74.145	99.932
31.2929	74.310	100.371
31.7480	74.471	100.781
32.2098	74.627	101.196
32.6783	74.783	101.636
33.1536	74.944	102.095
33.6359	75.111	102.557
34.1251	75.282	103.010
34.6215	75.456	103.455
35.1250	75.635	103.886
35.6359	75.815	104.306
36.1543	75.999	104.717
36.6802	76.187	105.103
37.2137	76.374	105.472
37.7550	76.563	105.834
38.3041	76.755	106.181
38.8613	76.944	106.529
39.4265	77.144	106.863
40.0000	77.343	107.157
40.5818	77.538	107.442
41.1721	77.737	107.717
41.7710	77.932	107.984
42.3785	78.129	108.261
42.9949	78.330	108.538
43.6203	78.533	108.813
44.2548	78.743	109.075
44.8985	78.954	109.318
45.5515	79.176	109.519
46.2141	79.397	109.643
46.8863	79.608	109.712
47.5683	79.806	109.767
48.2602	79.987	109.863
48.9621	80.155	110.092
49.6743	80.334	110.496
50.3968	80.552	110.980
51.1299	80.801	111.405
51.8736	81.069	111.708
52.6281	81.353	111.830
53.3936	81.618	111.797
54.1702	81.861	111.727
54.9581	82.097	111.683
55.7575	82.331	111.679
56.5685	82.572	111.710
57.3914	82.829	111.724
58.2261	83.092	111.689
59.0730	83.360	111.607
59.9323	83.635	111.464
60.8040	83.913	111.254
61.6884	84.194	110.974
62.5857	84.476	110.620
63.4960	84.761	110.183
64.4196	85.045	109.645
65.3566	85.320	109.021
66.3073	85.588	108.335
67.2717	85.850	107.581
68.2502	86.101	106.784
69.2429	86.355	105.937
70.2501	86.605	104.993
71.2719	86.845	103.953
72.3086	87.075	102.812
73.3603	87.282	101.577
74.4274	87.460	100.295
75.5099	87.614	99.012
76.6083	87.742	97.759
77.7226	87.852	96.553
78.8531	87.939	95.411
80.0000	88.010	94.358
81.1636	88.067	93.401
82.3442	88.107	92.572
83.5419	88.146	91.877
84.7570	88.181	91.300
85.9899	88.219	90.836
87.2406	88.262	90.464
88.5096	88.305	90.179
89.7970	88.352	89.995
91.1031	88.408	89.899
92.4282	88.471	89.885
93.7726	88.550	89.933
95.1366	88.640	90.014
96.5204	88.737	90.127
97.9243	88.839	90.304
99.3486	88.961	90.548
100.794	89.104	90.813
102.260	89.272	91.049
103.747	89.463	91.187
105.256	89.660	91.201
106.787	89.851	91.130
108.340	90.038	91.024
109.916	90.220	90.944
111.515	90.422	90.883
113.137	90.645	90.747
114.783	90.876	90.499
116.452	91.116	90.114
118.146	91.349	89.583
119.865	91.565	88.960
121.608	91.772	88.294
123.377	91.974	87.588
125.171	92.172	86.837
126.992	92.370	86.016
128.839	92.562	85.104
130.713	92.741	84.096
132.615	92.902	83.005
134.543	93.039	81.856
136.500	93.143	80.697
138.486	93.217	79.592
140.500	93.263	78.592
142.544	93.287	77.747
144.617	93.299	77.088
146.721	93.307	76.629
148.855	93.324	76.357
151.020	93.353	76.249
153.217	93.398	76.289
155.445	93.472	76.435
157.706	93.571	76.637
160.000	93.698	76.854
162.327	93.854	77.031
164.688	94.031	77.131
167.084	94.223	77.139
169.514	94.430	77.043
171.980	94.647	76.830
174.481	94.870	76.491
177.019	95.095	76.022
179.594	95.318	75.428
182.206	95.536	74.700
184.856	95.739	73.855
187.545	95.921	72.941
190.273	96.084	72.001
193.041	96.227	71.071
195.849	96.353	70.207
198.697	96.476	69.432
201.587	96.605	68.720
204.520	96.742	68.043
207.494	96.894	67.357
210.512	97.056	66.612
213.574	97.222	65.791
216.681	97.391	64.870
219.833	97.550	63.847
223.030	97.696	62.754
226.274	97.827	61.618
229.565	97.940	60.462
232.905	98.035	59.333
236.292	98.120	58.262
239.729	98.202	57.241
243.216	98.284	56.253
246.754	98.369	55.281
250.343	98.459	54.283
253.984	98.540	53.253
257.678	98.613	52.208
261.426	98.674	51.161
265.229	98.721	50.151
269.087	98.762	49.199
273.001	98.800	48.297
276.972	98.831	47.460
281.000	98.870	46.680
285.088	98.911	45.929
289.234	98.954	45.204
293.441	99.001	44.496
297.709	99.049	43.792
302.040	99.094	43.106
306.433	99.136	42.471
310.890	99.183	41.903
315.412	99.247	41.378
320.000	99.330	40.848
324.655	99.440	40.226
329.377	99.556	39.449
334.168	99.665	38.525
339.028	99.760	37.477
343.959	99.825	36.375
348.962	99.874	35.288
354.038	99.912	34.221
359.188	99.937	33.187
364.412	99.958	32.185
369.713	99.970	31.197
375.090	99.972	30.241
380.546	99.964	29.328
386.081	99.942	28.483
391.697	99.914	27.725
397.394	99.873	27.091
403.175	99.834	26.629
409.039	99.811	26.316
414.989	99.805	26.127
421.025	99.834	26.017
427.149	99.902	25.871
433.362	99.988	25.633
439.665	100.097	25.286
446.060	100.218	24.798
452.548	100.341	24.197
459.131	100.485	23.448
465.809	100.638	22.465
472.584	100.779	21.238
479.458	100.904	19.773
486.432	100.985	18.093
493.507	101.004	16.323
500.686	100.966	14.610
507.968	100.882	13.036
515.357	100.758	11.694
522.853	100.616	10.655
530.458	100.488	9.873
538.174	100.370	9.282
546.002	100.275	8.833
553.943	100.205	8.424
562.001	100.136	8.028
570.175	100.068	7.683
578.469	100.002	7.410
586.883	99.943	7.224
595.419	99.895	7.130
604.080	99.867	7.107
612.866	99.864	7.100
621.780	99.881	7.061
630.824	99.920	6.943
640.000	99.969	6.702
649.309	100.014	6.348
658.753	100.051	5.916
668.335	100.071	5.459
678.056	100.081	5.035
687.919	100.089	4.663
697.925	100.103	4.329
708.077	100.122	4.003
718.376	100.141	3.682
728.825	100.161	3.376
739.426	100.177	3.110
750.181	100.192	2.927
761.093	100.219	2.853
772.163	100.273	2.856
783.394	100.357	2.882
794.789	100.487	2.839
806.349	100.654	2.587
818.078	100.831	2.077
829.977	101.009	1.330
842.050	101.176	0.367
854.298	101.320	-0.749
866.724	101.455	-1.977
879.330	101.579	-3.319
892.120	101.700	-4.812
905.097	101.799	-6.485
918.262	101.858	-8.288
931.618	101.870	-10.122
945.169	101.843	-11.912
958.917	101.781	-13.590
972.864	101.706	-15.127
987.015	101.629	-16.566
1001.37	101.549	-17.957
1015.94	101.460	-19.324
1030.71	101.354	-20.663
1045.71	101.223	-21.936
1060.92	101.075	-23.096
1076.35	100.911	-24.123
1092.00	100.731	-24.969
1107.89	100.549	-25.609
1124.00	100.371	-26.049
1140.35	100.200	-26.275
1156.94	100.056	-26.308
1173.77	99.943	-26.216
1190.84	99.864	-26.061
1208.16	99.819	-25.907
1225.73	99.804	-25.817
1243.56	99.812	-25.843
1261.65	99.829	-25.997
1280.00	99.849	-26.260
1298.62	99.865	-26.608
1317.51	99.874	-27.005
1336.67	99.877	-27.415
1356.11	99.879	-27.813
1375.84	99.882	-28.185
1395.85	99.892	-28.529
1416.15	99.918	-28.869
1436.75	99.965	-29.262
1457.65	100.024	-29.760
1478.85	100.087	-30.375
1500.36	100.152	-31.116
1522.19	100.206	-31.965
1544.33	100.248	-32.878
1566.79	100.290	-33.847
1589.58	100.332	-34.919
1612.70	100.360	-36.110
1636.16	100.369	-37.403
1659.95	100.350	-38.790
1684.10	100.279	-40.181
1708.60	100.163	-41.449
1733.45	100.008	-42.497
1758.66	99.821	-43.216
1784.24	99.626	-43.500
1810.19	99.457	-43.317
1836.52	99.345	-42.721
1863.24	99.314	-41.821
1890.34	99.393	-40.825
1917.83	99.586	-40.015
1945.73	99.875	-39.619
1974.03	100.248	-39.855
2002.74	100.662	-40.869
2031.87	101.080	-42.705
2061.43	101.451	-45.337
2091.41	101.719	-48.595
2121.83	101.849	-52.224
2152.69	101.824	-55.947
2184.01	101.645	-59.453
2215.77	101.352	-62.446
2248.00	101.002	-64.755
2280.70	100.656	-66.350
2313.87	100.364	-67.349
2347.53	100.151	-67.993
2381.68	100.017	-68.540
2416.32	99.941	-69.182
2451.46	99.899	-70.025
2487.12	99.865	-71.100
2523.30	99.817	-72.374
2560.00	99.730	-73.760
2597.24	99.581	-75.056
2635.01	99.387	-76.031
2673.34	99.188	-76.550
2712.23	99.018	-76.544
2751.68	98.935	-76.073
2791.70	98.978	-75.394
2832.31	99.149	-74.787
2873.50	99.448	-74.486
2915.30	99.874	-74.738
2957.70	100.415	-75.800
3000.72	101.058	-77.934
3044.37	101.775	-81.426
3088.65	102.503	-86.441
3133.58	103.149	-92.953
3179.16	103.603	-100.723
3225.40	103.761	-109.298
3272.31	103.575	-118.336
3319.91	102.988	-127.382
3368.20	101.986	-135.813
3417.19	100.644	-143.002
3466.89	99.031	-148.289
3517.32	97.294	-150.841
3568.48	95.703	-150.075
3620.39	94.494	-146.288
3673.05	93.852	-141.144
3726.47	93.758	-137.058
3780.67	94.000	-135.481
3835.67	94.287	-136.384
3891.46	94.454	-139.079
3948.06	94.386	-142.931
4005.49	93.993	-147.218
4063.75	93.328	-151.245
4122.86	92.448	-154.547
4182.82	91.412	-156.660
4243.66	90.357	-157.274
4305.39	89.367	-156.494
4368.01	88.503	-154.537
4431.55	87.797	-151.743
4496.01	87.271	-148.441
4561.40	86.941	-144.939
4627.75	86.821	-141.625
4695.06	86.914	-139.033
4763.35	87.189	-137.727
4832.64	87.563	-138.093
4902.93	87.906	-140.109
4974.24	88.122	-143.464
5046.60	88.145	-147.818
5120.00	87.926	-152.815
5194.47	87.455	-158.077
5270.03	86.741	-163.305
5346.68	85.756	-168.158
5424.45	84.499	-172.164
5503.35	82.992	-174.820
5583.40	81.308	-175.509
5664.61	79.586	-173.565
5747.01	77.998	-168.759
5830.60	76.719	-161.841
5915.41	75.774	-154.218
6001.45	75.027	-146.509
6088.74	74.442	-138.427
6177.30	74.045	-129.307
6267.15	73.955	-118.762
6358.31	74.366	-107.646
6450.80	75.359	-98.470
6544.62	76.823	-93.774
6639.82	78.450	-93.714
6736.40	79.912	-97.579
6834.38	80.796	-103.510
6933.79	81.026	-109.923
7034.64	80.664	-116.200
7136.96	79.723	-121.675
7240.77	78.400	-124.802
7346.09	77.107	-124.527
7452.94	76.131	-121.317
7561.35	75.601	-116.628
7671.33	75.401	-112.206
7782.91	75.422	-109.058
7896.12	75.470	-107.171
8010.97	75.466	-106.158
8127.49	75.345	-105.512
8245.71	75.112	-104.748
8365.65	74.817	-103.590
8487.33	74.488	-101.938
8610.78	74.140	-99.651
8736.03	73.808	-96.482
8863.09	73.567	-92.208
8992.01	73.531	-86.921
9122.80	73.798	-81.381
9255.50	74.379	-76.818
9390.12	75.173	-74.175
9526.70	76.037	-73.666
9665.27	76.797	-74.896
9805.86	77.372	-77.244
9948.49	77.760	-80.242
10093.2	77.971	-83.607
10240.0	78.017	-87.100
10388.9	77.909	-90.492
10540.1	77.628	-93.596
10693.4	77.163	-96.107
10848.9	76.518	-97.502
11006.7	75.810	-97.128
11166.8	75.228	-94.682
11329.2	74.953	-90.636
11494.0	75.071	-86.429
11661.2	75.528	-83.604
11830.8	76.155	-82.832
12002.9	76.755	-83.891
12177.5	77.232	-86.238
12354.6	77.548	-89.413
12534.3	77.694	-93.081
12716.6	77.688	-96.984
12901.6	77.543	-100.960
13089.2	77.263	-104.928
13279.6	76.829	-108.758
13472.8	76.209	-112.227
13668.8	75.390	-114.919
13867.6	74.386	-116.255
14069.3	73.327	-115.572
14273.9	72.392	-112.437
14481.5	71.798	-107.318
14692.2	71.666	-102.205
14905.9	71.854	-98.988
15122.7	72.050	-97.879
15342.7	72.046	-97.859
15565.8	71.794	-97.730
15792.2	71.378	-96.423
16021.9	71.002	-93.197
16255.0	70.901	-88.470
16491.4	71.184	-83.694
16731.3	71.803	-80.281
16974.7	72.693	-78.979
17221.6	73.673	-80.135
17472.1	74.584	-83.577
17726.2	75.282	-88.714
17984.0	75.615	-94.992
18245.6	75.473	-101.610
18511.0	74.858	-107.678
18780.2	73.866	-112.490
19053.4	72.692	-115.117
19330.5	71.559	-115.109
19611.7	70.728	-112.961
19897.0	70.233	-110.092
20186.4	69.990	-107.626
20480.0	69.859	-105.932
20777.9	69.747	-104.821
21080.1	69.626	-104.034
21386.7	69.498	-103.415
21697.8	69.367	-102.897
22013.4	69.236	-102.451
22333.6	69.105	-102.063
22658.4	68.973	-101.722
22988.0	68.842	-101.418
23322.4	68.711	-101.145
23661.6	68.580	-100.898
24005.8	68.448	-100.672
24355.0	68.317	-100.464
24709.2	68.186	-100.272
25068.6	68.055	-100.094
25433.2	67.923	-99.927
25803.2	67.792	-99.771
26178.5	67.661	-99.624
26559.3	67.530	-99.486
26945.6	67.398	-99.355
27337.5	67.267	-99.231
27735.2	67.136	-99.113
28138.6	67.005	-99.000
28547.9	66.873	-98.893
28963.1	66.742	-98.790
29384.4	66.611	-98.691
29811.8	66.480	-98.597
30245.4	66.348	-98.506
30685.3	66.217	-98.418
31131.7	66.086	-98.334
31584.5	65.955	-98.253
32043.9	65.823	-98.174
32510.0	65.692	-98.099
32982.8	65.561	-98.025
33462.6	65.430	-97.954
33949.3	65.298	-97.886
34443.1	65.167	-97.819
34944.1	65.036	-97.755
35452.4	64.905	-97.692
35968.0	64.773	-97.631
36491.2	64.642	-97.573
37022.0	64.511	-97.516
37560.5	64.380	-97.463
38106.8	64.261	-97.418
38661.1	64.153	-97.384
39223.4	64.073	-97.362
39793.9	64.011	-97.346
