5.00000	72.589	86.934
5.07273	72.648	86.906
5.14651	72.724	86.871
5.22137	72.826	86.827
5.29732	72.939	86.785
5.37437	73.064	86.740
5.45254	73.189	86.696
5.53185	73.313	86.653
5.61231	73.438	86.609
5.69394	73.563	86.565
5.77676	73.688	86.520
5.86079	73.813	86.475
5.94604	73.937	86.429
6.03252	74.062	86.383
6.12027	74.187	86.336
6.20929	74.312	86.289
6.29961	74.436	86.241
6.39124	74.561	86.192
6.48420	74.686	86.143
6.57851	74.811	86.093
6.67420	74.935	86.043
6.77128	75.060	85.992
6.86977	75.185	85.940
6.96969	75.310	85.888
7.07107	75.434	85.835
7.17392	75.559	85.781
7.27827	75.684	85.726
7.38413	75.809	85.671
7.49154	75.933	85.615
7.60050	76.058	85.558
7.71105	76.183	85.501
7.82321	76.308	85.442
7.93701	76.433	85.383
8.05245	76.557	85.323
8.16958	76.682	85.262
8.28841	76.807	85.201
8.40896	76.932	85.138
8.53128	77.056	85.075
8.65537	77.181	85.011
8.78126	77.306	84.946
8.90899	77.431	84.880
9.03857	77.555	84.813
9.17004	77.680	84.745
9.30342	77.805	84.676
9.43874	77.930	84.606
9.57603	78.054	84.535
9.71532	78.179	84.464
9.85663	78.304	84.391
10.0000	78.429	84.317
10.1455	78.553	84.243
10.2930	78.678	84.167
10.4427	78.803	84.090
10.5946	78.928	84.012
10.7487	79.053	83.933
10.9051	79.177	83.853
11.0637	79.302	83.771
11.2246	79.427	83.689
11.3879	79.552	83.605
11.5535	79.676	83.521
11.7216	79.801	83.435
11.8921	79.926	83.347
12.0650	80.051	83.259
12.2405	80.175	83.169
12.4186	80.300	83.079
12.5992	80.425	82.986
12.7825	80.550	82.893
12.9684	80.674	82.798
13.1570	80.799	82.702
13.3484	80.924	82.605
13.5426	81.049	82.506
13.7395	81.173	82.406
13.9394	81.298	82.305
14.1421	81.423	82.202
14.3478	81.548	82.098
14.5565	81.673	81.993
14.7683	81.797	81.886
14.9831	81.922	81.777
15.2010	82.047	81.667
15.4221	82.172	81.556
15.6464	82.296	81.443
15.8740	82.421	81.328
16.1049	82.546	81.213
16.3392	82.671	81.095
16.5768	82.795	80.977
16.8179	82.920	80.857
17.0626	83.045	80.736
17.3107	83.170	80.613
17.5625	83.294	80.489
17.8180	83.419	80.365
18.0771	83.544	80.239
18.3401	83.669	80.112
18.6068	83.794	79.985
18.8775	83.918	79.858
19.1521	84.043	79.732
19.4306	84.168	79.607
19.7133	84.293	79.488
20.0000	84.419	79.372
20.2909	84.546	79.260
20.5860	84.679	79.142
20.8855	84.812	79.003
21.1893	84.944	78.858
21.4975	85.080	78.694
21.8102	85.210	78.519
22.1274	85.341	78.359
22.4492	85.483	78.172
22.7758	85.622	77.924
23.1071	85.755	77.629
23.4432	85.873	77.324
23.7841	85.979	77.055
24.1301	86.075	76.867
24.4811	86.173	76.795
24.8372	86.295	76.784
25.1984	86.434	76.742
25.5649	86.579	76.640
25.9368	86.727	76.477
26.3141	86.872	76.259
26.6968	87.005	76.035
27.0851	87.140	75.840
27.4791	87.285	75.638
27.8788	87.433	75.386
28.2843	87.576	75.104
28.6957	87.721	74.789
29.1131	87.858	74.453
29.5365	87.996	74.108
29.9661	88.134	73.728
30.4020	88.260	73.333
30.8442	88.384	72.941
31.2929	88.498	72.560
31.7480	88.600	72.253
32.2098	88.719	72.008
32.6783	88.843	71.772
33.1536	88.979	71.536
33.6359	89.128	71.251
34.1251	89.281	70.884
34.6215	89.436	70.426
35.1250	89.582	69.884
35.6359	89.717	69.282
36.1543	89.837	68.642
36.6802	89.936	68.019
37.2137	90.027	67.448
37.7550	90.113	66.924
38.3041	90.196	66.445
38.8613	90.279	66.001
39.4265	90.356	65.606
40.0000	90.440	65.266
40.5818	90.534	64.926
41.1721	90.627	64.569
41.7710	90.720	64.210
42.3785	90.813	63.835
42.9949	90.894	63.463
43.6203	90.964	63.169
44.2548	91.045	62.962
44.8985	91.142	62.768
45.5515	91.241	62.571
46.2141	91.353	62.361
46.8863	91.469	62.099
47.5683	91.576	61.825
48.2602	91.690	61.554
48.9621	91.805	61.271
49.6743	91.925	60.968
50.3968	92.048	60.630
51.1299	92.165	60.262
51.8736	92.279	59.889
52.6281	92.389	59.534
53.3936	92.503	59.202
54.1702	92.623	58.876
54.9581	92.751	58.542
55.7575	92.892	58.151
56.5685	93.027	57.696
57.3914	93.163	57.205
58.2261	93.300	56.654
59.0730	93.425	56.070
59.9323	93.550	55.474
60.8040	93.672	54.851
61.6884	93.787	54.219
62.5857	93.901	53.591
63.4960	94.015	52.968
64.4196	94.137	52.320
65.3566	94.261	51.617
66.3073	94.385	50.850
67.2717	94.503	50.020
68.2502	94.610	49.137
69.2429	94.708	48.224
70.2501	94.800	47.284
71.2719	94.884	46.302
72.3086	94.953	45.286
73.3603	95.003	44.271
74.4274	95.035	43.290
75.5099	95.046	42.393
76.6083	95.053	41.613
77.7226	95.060	40.937
78.8531	95.079	40.338
80.0000	95.111	39.754
81.1636	95.150	39.144
82.3442	95.188	38.496
83.5419	95.221	37.815
84.7570	95.241	37.127
85.9899	95.249	36.479
87.2406	95.252	35.891
88.5096	95.252	35.367
89.7970	95.252	34.904
91.1031	95.252	34.506
92.4282	95.254	34.182
93.7726	95.264	33.940
95.1366	95.290	33.761
96.5204	95.341	33.586
97.9243	95.411	33.344
99.3486	95.491	32.997
100.794	95.572	32.543
102.260	95.648	31.993
103.747	95.713	31.367
105.256	95.762	30.712
106.787	95.803	30.049
108.340	95.833	29.383
109.916	95.848	28.747
111.515	95.854	28.173
113.137	95.855	27.678
114.783	95.860	27.260
116.452	95.871	26.907
118.146	95.899	26.575
119.865	95.937	26.206
121.608	95.976	25.789
123.377	96.014	25.328
125.171	96.041	24.839
126.992	96.053	24.389
128.839	96.063	24.019
130.713	96.078	23.733
132.615	96.113	23.492
134.543	96.162	23.239
136.500	96.229	22.935
138.486	96.308	22.525
140.500	96.381	22.013
142.544	96.456	21.413
144.617	96.525	20.704
146.721	96.575	19.924
148.855	96.615	19.100
151.020	96.634	18.233
153.217	96.624	17.394
155.445	96.596	16.649
157.706	96.557	16.027
160.000	96.519	15.528
162.327	96.487	15.139
164.688	96.468	14.823
167.084	96.463	14.539
169.514	96.468	14.266
171.980	96.485	13.988
174.481	96.516	13.665
177.019	96.555	13.263
179.594	96.593	12.778
182.206	96.627	12.214
184.856	96.648	11.595
187.545	96.657	10.965
190.273	96.660	10.342
193.041	96.660	9.712
195.849	96.655	9.060
198.697	96.642	8.374
201.587	96.607	7.685
204.520	96.549	7.068
207.494	96.477	6.575
210.512	96.400	6.240
213.574	96.334	6.059
216.681	96.290	5.970
219.833	96.267	5.898
223.030	96.260	5.796
226.274	96.258	5.647
229.565	96.258	5.465
232.905	96.258	5.261
236.292	96.258	5.045
239.729	96.258	4.826
243.216	96.258	4.607
246.754	96.258	4.397
250.343	96.258	4.206
253.984	96.264	4.037
257.678	96.278	3.882
261.426	96.307	3.704
265.229	96.346	3.452
269.087	96.384	3.123
273.001	96.422	2.720
276.972	96.450	2.255
281.000	96.467	1.770
285.088	96.481	1.276
289.234	96.486	0.778
293.441	96.486	0.297
297.709	96.483	-0.164
302.040	96.475	-0.586
306.433	96.472	-0.954
310.890	96.483	-1.293
315.412	96.515	-1.668
320.000	96.565	-2.150
324.655	96.631	-2.818
329.377	96.696	-3.736
334.168	96.732	-4.900
339.028	96.715	-6.208
343.959	96.636	-7.498
348.962	96.512	-8.662
354.038	96.352	-9.604
359.188	96.183	-10.264
364.412	96.048	-10.765
369.713	95.922	-11.260
375.090	95.801	-11.809
380.546	95.659	-12.437
386.081	95.473	-13.074
391.697	95.230	-13.573
397.394	94.927	-13.738
403.175	94.598	-13.411
409.039	94.261	-12.476
414.989	93.963	-10.862
421.025	93.754	-8.688
427.149	93.646	-6.120
433.362	93.683	-3.455
439.665	93.845	-1.067
446.060	94.107	0.798
452.548	94.429	1.996
459.131	94.766	2.522
465.809	95.083	2.460
472.584	95.350	1.958
479.458	95.559	1.185
486.432	95.710	0.295
493.507	95.814	-0.599
500.686	95.892	-1.453
507.968	95.947	-2.260
515.357	95.991	-3.021
522.853	96.025	-3.766
530.458	96.044	-4.499
538.174	96.045	-5.196
546.002	96.031	-5.828
553.943	96.001	-6.353
562.001	95.968	-6.740
570.175	95.943	-7.001
578.469	95.934	-7.171
586.883	95.951	-7.315
595.419	95.991	-7.522
604.080	96.045	-7.855
612.866	96.100	-8.341
621.780	96.145	-8.979
630.824	96.166	-9.735
640.000	96.154	-10.542
649.309	96.106	-11.323
658.753	96.021	-11.983
668.335	95.908	-12.430
678.056	95.782	-12.589
687.919	95.669	-12.438
697.925	95.588	-12.025
708.077	95.559	-11.459
718.376	95.589	-10.928
728.825	95.648	-10.566
739.426	95.712	-10.359
750.181	95.761	-10.199
761.093	95.796	-9.898
772.163	95.868	-9.381
783.394	96.017	-8.816
794.789	96.251	-8.496
806.349	96.544	-8.686
818.078	96.838	-9.445
829.977	97.100	-10.687
842.050	97.313	-12.294
854.298	97.473	-14.148
866.724	97.585	-16.182
879.330	97.632	-18.323
892.120	97.598	-20.424
905.097	97.499	-22.335
918.262	97.362	-23.964
931.618	97.227	-25.311
945.169	97.120	-26.506
958.917	97.043	-27.762
972.864	96.945	-29.164
987.015	96.802	-30.638
1001.37	96.604	-32.089
1015.94	96.331	-33.337
1030.71	96.012	-34.202
1045.71	95.668	-34.590
1060.92	95.326	-34.434
1076.35	95.034	-33.805
1092.00	94.788	-32.842
1107.89	94.609	-31.680
1124.00	94.481	-30.484
1140.35	94.372	-29.219
1156.94	94.292	-27.773
1173.77	94.264	-26.098
1190.84	94.316	-24.258
1208.16	94.485	-22.513
1225.73	94.752	-21.199
1243.56	95.086	-20.555
1261.65	95.419	-20.627
1280.00	95.690	-21.204
1298.62	95.890	-22.000
1317.51	96.024	-22.762
1336.67	96.127	-23.283
1356.11	96.272	-23.576
1375.84	96.483	-23.857
1395.85	96.780	-24.414
1416.15	97.138	-25.549
1436.75	97.503	-27.395
1457.65	97.835	-29.956
1478.85	98.082	-33.154
1500.36	98.202	-36.802
1522.19	98.173	-40.666
1544.33	97.965	-44.464
1566.79	97.584	-47.851
1589.58	97.061	-50.510
1612.70	96.447	-52.159
1636.16	95.815	-52.580
1659.95	95.255	-51.769
1684.10	94.831	-49.981
1708.60	94.571	-47.590
1733.45	94.483	-44.991
1758.66	94.566	-42.572
1784.24	94.794	-40.678
1810.19	95.124	-39.570
1836.52	95.498	-39.356
1863.24	95.847	-39.949
1890.34	96.124	-41.099
1917.83	96.315	-42.536
1945.73	96.424	-44.000
1974.03	96.495	-45.330
2002.74	96.559	-46.514
2031.87	96.637	-47.621
2061.43	96.742	-48.778
2091.41	96.860	-50.107
2121.83	96.974	-51.656
2152.69	97.067	-53.433
2184.01	97.105	-55.350
2215.77	97.086	-57.261
2248.00	97.006	-59.012
2280.70	96.890	-60.461
2313.87	96.766	-61.520
2347.53	96.669	-62.165
2381.68	96.645	-62.515
2416.32	96.712	-62.804
2451.46	96.872	-63.286
2487.12	97.117	-64.230
2523.30	97.396	-65.803
2560.00	97.669	-68.029
2597.24	97.888	-70.844
2635.01	98.010	-74.046
2673.34	98.029	-77.413
2712.23	97.942	-80.743
2751.68	97.757	-83.818
2791.70	97.518	-86.455
2832.31	97.270	-88.619
2873.50	97.048	-90.352
2915.30	96.890	-91.791
2957.70	96.814	-93.191
3000.72	96.812	-94.833
3044.37	96.847	-96.896
3088.65	96.883	-99.470
3133.58	96.854	-102.495
3179.16	96.715	-105.741
3225.40	96.444	-108.900
3272.31	96.048	-111.588
3319.91	95.600	-113.476
3368.20	95.201	-114.469
3417.19	94.954	-114.831
3466.89	94.927	-115.236
3517.32	95.085	-116.469
3568.48	95.309	-118.987
3620.39	95.427	-122.617
3673.05	95.341	-126.915
3726.47	94.975	-131.297
3780.67	94.310	-134.918
3835.67	93.516	-136.970
3891.46	92.805	-137.130
3948.06	92.378	-135.794
4005.49	92.363	-134.473
4063.75	92.618	-134.609
4122.86	92.919	-136.443
4182.82	93.075	-139.479
4243.66	92.998	-142.931
4305.39	92.752	-146.100
4368.01	92.452	-148.551
4431.55	92.239	-150.217
4496.01	92.262	-151.582
4561.40	92.598	-153.714
4627.75	93.177	-157.599
4695.06	93.831	-163.666
4763.35	94.363	-171.647
4832.64	94.603	178.939
4902.93	94.439	168.538
4974.24	93.823	157.697
5046.60	92.795	146.782
5120.00	91.430	136.276
5194.47	89.796	126.408
5270.03	87.929	117.587
5346.68	85.794	110.149
5424.45	83.398	104.278
5503.35	80.718	100.496
5583.40	77.815	99.998
5664.61	75.074	103.549
5747.01	72.702	110.072
5830.60	70.732	117.471
5915.41	68.955	124.689
6001.45	67.230	132.964
6088.74	65.609	144.465
6177.30	64.419	160.547
6267.15	63.952	177.651
6358.31	64.118	-168.825
6450.80	64.615	-160.580
6544.62	65.049	-156.000
6639.82	65.235	-153.342
6736.40	65.088	-151.276
6834.38	64.619	-148.490
6933.79	64.001	-143.794
7034.64	63.448	-136.478
7136.96	63.202	-126.845
7240.77	63.388	-116.647
7346.09	64.013	-108.136
7452.94	64.945	-102.640
7561.35	65.897	-100.271
7671.33	66.647	-100.134
7782.91	67.068	-101.175
7896.12	67.075	-102.302
8010.97	66.724	-102.242
8127.49	66.257	-99.743
8245.71	65.972	-94.330
8365.65	66.130	-87.367
8487.33	66.769	-81.727
8610.78	67.644	-78.972
8736.03	68.467	-78.679
8863.09	69.068	-79.895
8992.01	69.350	-81.646
9122.80	69.320	-82.943
9255.50	69.102	-82.854
9390.12	68.914	-80.658
9526.70	68.997	-76.524
9665.27	69.608	-72.204
9805.86	70.543	-70.146
9948.49	71.540	-70.720
10093.2	72.457	-73.370
10240.0	73.084	-77.502
10388.9	73.376	-82.221
10540.1	73.425	-86.759
10693.4	73.268	-90.881
10848.9	72.983	-94.328
11006.7	72.589	-96.951
11166.8	72.153	-98.536
11329.2	71.767	-99.141
11494.0	71.481	-99.033
11661.2	71.322	-98.585
11830.8	71.300	-98.290
12002.9	71.349	-98.527
12177.5	71.369	-99.243
12354.6	71.323	-100.087
12534.3	71.258	-100.834
12716.6	71.214	-101.481
12901.6	71.240	-102.227
13089.2	71.353	-103.526
13279.6	71.451	-105.669
13472.8	71.410	-108.506
13668.8	71.128	-111.495
13867.6	70.566	-113.856
14069.3	69.822	-114.621
14273.9	69.122	-112.939
14481.5	68.797	-109.004
14692.2	69.036	-105.142
14905.9	69.661	-103.776
15122.7	70.383	-105.346
15342.7	70.902	-109.092
15565.8	71.049	-114.019
15792.2	70.837	-119.248
16021.9	70.320	-124.155
16255.0	69.564	-128.199
16491.4	68.681	-131.046
16731.3	67.703	-132.545
16974.7	66.682	-132.336
17221.6	65.752	-130.151
17472.1	65.058	-126.081
17726.2	64.722	-120.981
17984.0	64.803	-116.616
18245.6	65.096	-114.226
18511.0	65.397	-113.695
18780.2	65.579	-114.365
19053.4	65.571	-115.561
19330.5	65.407	-116.649
19611.7	65.187	-117.321
19897.0	64.965	-117.633
20186.4	64.773	-117.745
20480.0	64.595	-117.814
20777.9	64.424	-117.885
21080.1	64.254	-117.962
21386.7	64.083	-118.038
21697.8	63.913	-118.111
22013.4	63.742	-118.181
22333.6	63.572	-118.249
22658.4	63.401	-118.314
22988.0	63.231	-118.378
23322.4	63.060	-118.440
23661.6	62.890	-118.501
24005.8	62.719	-118.560
24355.0	62.548	-118.619
24709.2	62.378	-118.676
25068.6	62.207	-118.732
25433.2	62.037	-118.788
25803.2	61.866	-118.842
26178.5	61.696	-118.895
26559.3	61.525	-118.948
26945.6	61.355	-119.000
27337.5	61.184	-119.051
27735.2	61.014	-119.102
28138.6	60.843	-119.152
28547.9	60.673	-119.201
28963.1	60.502	-119.249
29384.4	60.332	-119.297
29811.8	60.161	-119.344
30245.4	59.990	-119.390
30685.3	59.820	-119.436
31131.7	59.649	-119.481
31584.5	59.479	-119.526
32043.9	59.308	-119.570
32510.0	59.138	-119.613
32982.8	58.967	-119.656
33462.6	58.797	-119.698
33949.3	58.626	-119.740
34443.1	58.456	-119.782
34944.1	58.285	-119.823
35452.4	58.115	-119.863
35968.0	57.944	-119.904
36491.2	57.774	-119.944
37022.0	57.603	-119.984
37560.5	57.433	-120.026
38106.8	57.278	-120.067
38661.1	57.138	-120.111
39223.4	57.033	-120.148
39793.9	56.953	-120.177
