5.00000	65.913	82.741
5.07273	65.969	82.709
5.14651	66.042	82.670
5.22137	66.140	82.620
5.29732	66.249	82.570
5.37437	66.368	82.517
5.45254	66.488	82.465
5.53185	66.608	82.413
5.61231	66.727	82.360
5.69394	66.847	82.307
5.77676	66.967	82.253
5.86079	67.086	82.199
5.94604	67.206	82.144
6.03252	67.326	82.088
6.12027	67.446	82.032
6.20929	67.565	81.974
6.29961	67.685	81.917
6.39124	67.805	81.858
6.48420	67.924	81.798
6.57851	68.044	81.738
6.67420	68.164	81.677
6.77128	68.284	81.616
6.86977	68.403	81.553
6.96969	68.523	81.490
7.07107	68.643	81.425
7.17392	68.762	81.360
7.27827	68.882	81.294
7.38413	69.002	81.227
7.49154	69.122	81.159
7.60050	69.241	81.091
7.71105	69.361	81.021
7.82321	69.481	80.950
7.93701	69.600	80.879
8.05245	69.720	80.806
8.16958	69.840	80.733
8.28841	69.959	80.658
8.40896	70.079	80.582
8.53128	70.199	80.506
8.65537	70.319	80.428
8.78126	70.438	80.349
8.90899	70.558	80.269
9.03857	70.678	80.188
9.17004	70.797	80.106
9.30342	70.917	80.023
9.43874	71.037	79.938
9.57603	71.157	79.853
9.71532	71.276	79.766
9.85663	71.396	79.678
10.0000	71.516	79.589
10.1455	71.635	79.499
10.2930	71.755	79.407
10.4427	71.875	79.314
10.5946	71.995	79.220
10.7487	72.114	79.125
10.9051	72.234	79.028
11.0637	72.354	78.930
11.2246	72.473	78.831
11.3879	72.593	78.730
11.5535	72.713	78.628
11.7216	72.832	78.525
11.8921	72.952	78.421
12.0650	73.072	78.315
12.2405	73.192	78.207
12.4186	73.311	78.099
12.5992	73.431	77.989
12.7825	73.551	77.877
12.9684	73.670	77.764
13.1570	73.790	77.650
13.3484	73.910	77.535
13.5426	74.030	77.418
13.7395	74.149	77.300
13.9394	74.269	77.181
14.1421	74.389	77.060
14.3478	74.508	76.938
14.5565	74.628	76.815
14.7683	74.748	76.691
14.9831	74.868	76.566
15.2010	74.987	76.439
15.4221	75.107	76.312
15.6464	75.227	76.184
15.8740	75.346	76.055
16.1049	75.466	75.926
16.3392	75.586	75.797
16.5768	75.705	75.668
16.8179	75.825	75.539
17.0626	75.945	75.411
17.3107	76.065	75.283
17.5625	76.184	75.158
17.8180	76.304	75.035
18.0771	76.424	74.916
18.3401	76.543	74.801
18.6068	76.663	74.692
18.8775	76.783	74.591
19.1521	76.903	74.501
19.4306	77.022	74.424
19.7133	77.142	74.367
20.0000	77.262	74.337
20.2909	77.381	74.347
20.5860	77.501	74.421
20.8855	77.626	74.592
21.1893	77.765	74.893
21.4975	77.940	75.308
21.8102	78.169	75.731
22.1274	78.464	75.990
22.4492	78.816	75.873
22.7758	79.190	75.243
23.1071	79.546	74.104
23.4432	79.853	72.544
23.7841	80.090	70.708
24.1301	80.259	68.736
24.4811	80.364	66.733
24.8372	80.413	64.768
25.1984	80.411	62.880
25.5649	80.360	61.081
25.9368	80.245	59.431
26.3141	80.057	58.069
26.6968	79.802	57.174
27.0851	79.492	56.995
27.4791	79.197	57.721
27.8788	78.995	59.264
28.2843	78.918	61.333
28.6957	79.002	63.475
29.1131	79.214	65.233
29.5365	79.489	66.447
29.9661	79.777	67.196
30.4020	80.071	67.607
30.8442	80.360	67.768
31.2929	80.659	67.706
31.7480	80.972	67.334
32.2098	81.267	66.627
32.6783	81.530	65.641
33.1536	81.743	64.452
33.6359	81.886	63.226
34.1251	81.986	62.123
34.6215	82.061	61.207
35.1250	82.138	60.467
35.6359	82.226	59.837
36.1543	82.326	59.266
36.6802	82.443	58.695
37.2137	82.569	58.077
37.7550	82.707	57.379
38.3041	82.846	56.577
38.8613	82.987	55.652
39.4265	83.117	54.598
40.0000	83.236	53.423
40.5818	83.338	52.126
41.1721	83.416	50.717
41.7710	83.471	49.202
42.3785	83.500	47.541
42.9949	83.472	45.743
43.6203	83.367	43.921
44.2548	83.159	42.250
44.8985	82.845	40.982
45.5515	82.437	40.443
46.2141	82.004	40.930
46.8863	81.631	42.501
47.5683	81.382	44.945
48.2602	81.295	47.869
48.9621	81.379	50.783
49.6743	81.594	53.345
50.3968	81.900	55.408
51.1299	82.263	56.939
51.8736	82.660	57.969
52.6281	83.081	58.516
53.3936	83.507	58.605
54.1702	83.933	58.261
54.9581	84.347	57.494
55.7575	84.739	56.327
56.5685	85.097	54.795
57.3914	85.417	52.916
58.2261	85.678	50.731
59.0730	85.861	48.352
59.9323	85.964	45.898
60.8040	85.979	43.480
61.6884	85.905	41.264
62.5857	85.768	39.414
63.4960	85.602	37.974
64.4196	85.423	36.947
65.3566	85.252	36.300
66.3073	85.103	35.961
67.2717	84.977	35.854
68.2502	84.865	35.969
69.2429	84.775	36.343
70.2501	84.740	36.921
71.2719	84.758	37.565
72.3086	84.828	38.183
73.3603	84.958	38.625
74.4274	85.112	38.795
75.5099	85.273	38.731
76.6083	85.439	38.456
77.7226	85.601	37.984
78.8531	85.763	37.302
80.0000	85.907	36.395
81.1636	86.016	35.324
82.3442	86.091	34.150
83.5419	86.116	32.939
84.7570	86.095	31.813
85.9899	86.046	30.835
87.2406	85.971	30.027
88.5096	85.877	29.449
89.7970	85.781	29.118
91.1031	85.693	29.018
92.4282	85.620	29.141
93.7726	85.582	29.427
95.1366	85.575	29.794
96.5204	85.597	30.203
97.9243	85.651	30.624
99.3486	85.744	30.985
100.794	85.865	31.206
102.260	86.004	31.265
103.747	86.164	31.114
105.256	86.321	30.717
106.787	86.458	30.145
108.340	86.584	29.434
109.916	86.683	28.605
111.515	86.755	27.729
113.137	86.802	26.856
114.783	86.825	26.028
116.452	86.834	25.282
118.146	86.836	24.619
119.865	86.836	24.027
121.608	86.836	23.491
123.377	86.836	22.997
125.171	86.834	22.548
126.992	86.830	22.155
128.839	86.826	21.843
130.713	86.832	21.627
132.615	86.865	21.448
134.543	86.923	21.221
136.500	87.006	20.867
138.486	87.099	20.307
140.500	87.177	19.546
142.544	87.230	18.644
144.617	87.253	17.661
146.721	87.241	16.674
148.855	87.202	15.749
151.020	87.140	14.920
153.217	87.060	14.228
155.445	86.975	13.681
157.706	86.890	13.262
160.000	86.810	12.949
162.327	86.735	12.723
164.688	86.662	12.582
167.084	86.598	12.518
169.514	86.543	12.513
171.980	86.494	12.569
174.481	86.461	12.663
177.019	86.435	12.777
179.594	86.418	12.927
182.206	86.412	13.116
184.856	86.430	13.309
187.545	86.469	13.445
190.273	86.526	13.468
193.041	86.589	13.344
195.849	86.646	13.083
198.697	86.692	12.715
201.587	86.719	12.284
204.520	86.733	11.819
207.494	86.730	11.335
210.512	86.704	10.882
213.574	86.662	10.509
216.681	86.604	10.264
219.833	86.545	10.196
223.030	86.509	10.260
226.274	86.497	10.365
229.565	86.512	10.424
232.905	86.536	10.371
236.292	86.552	10.224
239.729	86.556	10.040
243.216	86.549	9.877
246.754	86.538	9.766
250.343	86.535	9.697
253.984	86.544	9.615
257.678	86.558	9.473
261.426	86.568	9.262
265.229	86.564	9.007
269.087	86.539	8.772
273.001	86.501	8.625
276.972	86.462	8.584
281.000	86.427	8.642
285.088	86.405	8.771
289.234	86.398	8.924
293.441	86.399	9.084
297.709	86.409	9.247
302.040	86.430	9.401
306.433	86.461	9.529
310.890	86.503	9.608
315.412	86.553	9.614
320.000	86.608	9.527
324.655	86.660	9.338
329.377	86.704	9.051
334.168	86.728	8.699
339.028	86.728	8.356
343.959	86.711	8.088
348.962	86.687	7.930
354.038	86.669	7.887
359.188	86.673	7.891
364.412	86.695	7.850
369.713	86.725	7.708
375.090	86.748	7.462
380.546	86.752	7.161
386.081	86.738	6.866
391.697	86.708	6.629
397.394	86.675	6.466
403.175	86.642	6.357
409.039	86.610	6.275
414.989	86.571	6.218
421.025	86.522	6.217
427.149	86.464	6.317
433.362	86.400	6.576
439.665	86.350	7.015
446.060	86.329	7.573
452.548	86.339	8.175
459.131	86.382	8.736
465.809	86.448	9.185
472.584	86.524	9.508
479.458	86.602	9.721
486.432	86.681	9.839
493.507	86.757	9.879
500.686	86.829	9.842
507.968	86.890	9.749
515.357	86.937	9.655
522.853	86.982	9.579
530.458	87.024	9.513
538.174	87.064	9.467
546.002	87.108	9.432
553.943	87.153	9.388
562.001	87.197	9.339
570.175	87.240	9.298
578.469	87.285	9.265
586.883	87.331	9.237
595.419	87.379	9.216
604.080	87.430	9.199
612.866	87.482	9.190
621.780	87.540	9.187
630.824	87.603	9.179
640.000	87.666	9.179
649.309	87.735	9.209
658.753	87.814	9.277
668.335	87.916	9.364
678.056	88.053	9.382
687.919	88.220	9.221
697.925	88.406	8.796
708.077	88.590	8.064
718.376	88.751	7.043
728.825	88.869	5.806
739.426	88.932	4.473
750.181	88.945	3.165
761.093	88.916	1.968
772.163	88.857	0.951
783.394	88.785	0.151
794.789	88.719	-0.458
806.349	88.667	-0.935
818.078	88.633	-1.346
829.977	88.615	-1.749
842.050	88.608	-2.192
854.298	88.606	-2.701
866.724	88.604	-3.289
879.330	88.595	-3.965
892.120	88.572	-4.728
905.097	88.525	-5.551
918.262	88.449	-6.402
931.618	88.330	-7.210
945.169	88.166	-7.854
958.917	87.968	-8.220
972.864	87.757	-8.226
987.015	87.556	-7.850
1001.37	87.391	-7.146
1015.94	87.278	-6.252
1030.71	87.211	-5.318
1045.71	87.173	-4.408
1060.92	87.150	-3.514
1076.35	87.136	-2.564
1092.00	87.146	-1.510
1107.89	87.195	-0.384
1124.00	87.292	0.716
1140.35	87.441	1.641
1156.94	87.610	2.291
1173.77	87.774	2.716
1190.84	87.925	3.023
1208.16	88.058	3.341
1225.73	88.198	3.779
1243.56	88.391	4.248
1261.65	88.635	4.545
1280.00	88.916	4.525
1298.62	89.216	4.081
1317.51	89.491	3.214
1336.67	89.712	2.067
1356.11	89.879	0.801
1375.84	89.999	-0.474
1395.85	90.084	-1.676
1416.15	90.153	-2.780
1436.75	90.214	-3.811
1457.65	90.270	-4.797
1478.85	90.316	-5.744
1500.36	90.356	-6.647
1522.19	90.390	-7.508
1544.33	90.418	-8.325
1566.79	90.442	-9.086
1589.58	90.463	-9.783
1612.70	90.483	-10.405
1636.16	90.504	-10.923
1659.95	90.544	-11.350
1684.10	90.612	-11.764
1708.60	90.703	-12.235
1733.45	90.818	-12.840
1758.66	90.936	-13.633
1784.24	91.033	-14.559
1810.19	91.116	-15.560
1836.52	91.176	-16.600
1863.24	91.211	-17.595
1890.34	91.238	-18.500
1917.83	91.260	-19.305
1945.73	91.284	-19.986
1974.03	91.330	-20.576
2002.74	91.403	-21.154
2031.87	91.498	-21.792
2061.43	91.608	-22.540
2091.41	91.719	-23.406
2121.83	91.816	-24.327
2152.69	91.907	-25.229
2184.01	92.008	-26.092
2215.77	92.130	-26.949
2248.00	92.285	-27.878
2280.70	92.471	-28.988
2313.87	92.672	-30.354
2347.53	92.867	-31.980
2381.68	93.045	-33.828
2416.32	93.202	-35.848
2451.46	93.338	-37.999
2487.12	93.461	-40.270
2523.30	93.576	-42.686
2560.00	93.678	-45.289
2597.24	93.758	-48.112
2635.01	93.795	-51.132
2673.34	93.778	-54.310
2712.23	93.691	-57.564
2751.68	93.527	-60.785
2791.70	93.288	-63.855
2832.31	92.975	-66.650
2873.50	92.602	-69.036
2915.30	92.194	-70.925
2957.70	91.769	-72.260
3000.72	91.361	-73.013
3044.37	90.991	-73.216
3088.65	90.690	-72.949
3133.58	90.475	-72.364
3179.16	90.354	-71.640
3225.40	90.326	-70.954
3272.31	90.388	-70.481
3319.91	90.514	-70.339
3368.20	90.697	-70.607
3417.19	90.913	-71.362
3466.89	91.134	-72.599
3517.32	91.347	-74.284
3568.48	91.531	-76.373
3620.39	91.672	-78.788
3673.05	91.773	-81.453
3726.47	91.831	-84.335
3780.67	91.842	-87.402
3835.67	91.787	-90.599
3891.46	91.658	-93.824
3948.06	91.449	-96.942
4005.49	91.169	-99.819
4063.75	90.840	-102.351
4122.86	90.481	-104.460
4182.82	90.135	-106.167
4243.66	89.803	-107.546
4305.39	89.489	-108.622
4368.01	89.212	-109.467
4431.55	88.952	-110.109
4496.01	88.720	-110.486
4561.40	88.543	-110.607
4627.75	88.438	-110.542
4695.06	88.443	-110.453
4763.35	88.565	-110.641
4832.64	88.792	-111.405
4902.93	89.086	-112.975
4974.24	89.388	-115.440
5046.60	89.638	-118.716
5120.00	89.800	-122.649
5194.47	89.836	-127.037
5270.03	89.724	-131.609
5346.68	89.467	-136.094
5424.45	89.079	-140.245
5503.35	88.603	-143.862
5583.40	88.100	-146.844
5664.61	87.625	-149.253
5747.01	87.209	-151.266
5830.60	86.856	-153.120
5915.41	86.543	-154.981
6001.45	86.245	-156.899
6088.74	85.952	-158.849
6177.30	85.672	-160.827
6267.15	85.406	-162.865
6358.31	85.156	-164.996
6450.80	84.920	-167.285
6544.62	84.681	-169.771
6639.82	84.423	-172.444
6736.40	84.145	-175.281
6834.38	83.832	-178.246
6933.79	83.486	178.707
7034.64	83.099	175.621
7136.96	82.667	172.567
7240.77	82.198	169.611
7346.09	81.698	166.806
7452.94	81.189	164.171
7561.35	80.690	161.660
7671.33	80.203	159.201
7782.91	79.734	156.728
7896.12	79.278	154.148
8010.97	78.828	151.398
8127.49	78.379	148.434
8245.71	77.933	145.172
8365.65	77.482	141.501
8487.33	76.999	137.323
8610.78	76.448	132.618
8736.03	75.772	127.462
8863.09	74.939	122.001
8992.01	73.916	116.344
9122.80	72.660	110.764
9255.50	71.164	105.630
9390.12	69.440	101.232
9526.70	67.477	97.923
9665.27	65.334	96.087
9805.86	63.047	96.129
9948.49	60.696	98.463
10093.2	58.442	102.999
10240.0	56.197	109.802
10388.9	54.065	119.855
10540.1	52.323	133.369
10693.4	50.983	150.721
10848.9	50.261	169.362
11006.7	50.025	-173.782
11166.8	50.357	-157.894
11329.2	51.132	-143.628
11494.0	52.591	-131.545
11661.2	54.184	-125.618
11830.8	55.372	-124.301
12002.9	56.172	-124.575
12177.5	56.452	-125.473
12354.6	56.206	-125.165
12534.3	56.046	-121.479
12716.6	56.181	-115.813
12901.6	56.821	-110.412
13089.2	57.748	-107.579
13279.6	58.595	-107.072
13472.8	59.272	-107.706
13668.8	59.766	-108.817
13867.6	60.096	-109.823
14069.3	60.443	-110.526
14273.9	60.835	-111.319
14481.5	61.290	-112.534
14692.2	61.762	-114.466
14905.9	62.192	-117.187
15122.7	62.539	-120.620
15342.7	62.772	-124.660
15565.8	62.850	-129.097
15792.2	62.759	-133.694
16021.9	62.496	-138.245
16255.0	62.066	-142.554
16491.4	61.497	-146.424
16731.3	60.824	-149.723
16974.7	60.068	-152.410
17221.6	59.242	-154.505
17472.1	58.303	-155.929
17726.2	57.245	-156.384
17984.0	56.075	-155.295
18245.6	54.892	-151.806
18511.0	53.937	-145.241
18780.2	53.367	-136.144
19053.4	53.373	-126.432
19330.5	53.930	-118.935
19611.7	54.835	-114.582
19897.0	55.781	-113.304
20186.4	56.568	-114.076
20480.0	57.178	-116.070
20777.9	57.549	-118.857
21080.1	57.689	-121.832
21386.7	57.743	-124.582
21697.8	57.743	-127.226
22013.4	57.743	-129.855
22333.6	57.743	-132.772
22658.4	57.743	-136.350
22988.0	57.658	-140.581
23322.4	57.422	-145.608
23661.6	56.815	-150.604
24005.8	55.777	-154.579
24355.0	54.477	-157.011
24709.2	52.953	-156.655
25068.6	51.519	-152.319
25433.2	50.680	-145.836
25803.2	50.302	-139.676
26178.5	50.221	-135.132
26559.3	50.221	-131.846
26945.6	50.221	-129.246
27337.5	50.221	-127.080
27735.2	50.221	-125.228
28138.6	50.221	-123.619
28547.9	50.221	-122.209
28963.1	50.221	-120.964
29384.4	50.221	-119.861
29811.8	50.221	-118.884
30245.4	50.221	-118.019
30685.3	50.221	-117.256
31131.7	50.221	-116.587
31584.5	50.221	-116.007
32043.9	50.221	-115.509
32510.0	50.221	-115.090
32982.8	50.221	-114.749
33462.6	50.221	-114.484
33949.3	50.221	-114.293
34443.1	50.221	-114.178
34944.1	50.221	-114.139
35452.4	50.221	-114.180
35968.0	50.221	-114.305
36491.2	50.221	-114.521
37022.0	50.221	-114.840
37560.5	50.221	-115.286
38106.8	50.221	-115.785
38661.1	50.221	-116.356
39223.4	50.221	-116.834
39793.9	50.221	-117.236
