5.00000	-90.077	59.628
5.07273	-89.792	59.573
5.14651	-89.424	59.510
5.22137	-88.937	59.444
5.29732	-88.402	59.400
5.37437	-87.816	59.359
5.45254	-87.229	59.327
5.53185	-86.643	59.297
5.61231	-86.057	59.268
5.69394	-85.471	59.239
5.77676	-84.885	59.211
5.86079	-84.298	59.183
5.94604	-83.712	59.155
6.03252	-83.126	59.127
6.12027	-82.540	59.100
6.20929	-81.953	59.073
6.29961	-81.367	59.046
6.39124	-80.781	59.018
6.48420	-80.195	58.991
6.57851	-79.609	58.964
6.67420	-79.022	58.937
6.77128	-78.436	58.910
6.86977	-77.850	58.883
6.96969	-77.264	58.856
7.07107	-76.677	58.828
7.17392	-76.091	58.801
7.27827	-75.505	58.773
7.38413	-74.919	58.745
7.49154	-74.332	58.717
7.60050	-73.746	58.690
7.71105	-73.160	58.662
7.82321	-72.574	58.634
7.93701	-71.988	58.606
8.05245	-71.401	58.577
8.16958	-70.815	58.548
8.28841	-70.229	58.519
8.40896	-69.643	58.490
8.53128	-69.056	58.460
8.65537	-68.470	58.431
8.78126	-67.884	58.400
8.90899	-67.298	58.370
9.03857	-66.712	58.340
9.17004	-66.125	58.309
9.30342	-65.539	58.278
9.43874	-64.953	58.247
9.57603	-64.367	58.215
9.71532	-63.780	58.183
9.85663	-63.194	58.151
10.0000	-62.608	58.119
10.1455	-62.022	58.086
10.2930	-61.435	58.053
10.4427	-60.849	58.019
10.5946	-60.263	57.985
10.7487	-59.677	57.951
10.9051	-59.091	57.917
11.0637	-58.504	57.882
11.2246	-57.918	57.847
11.3879	-57.332	57.811
11.5535	-56.746	57.775
11.7216	-56.159	57.739
11.8921	-55.573	57.702
12.0650	-54.987	57.664
12.2405	-54.401	57.627
12.4186	-53.815	57.588
12.5992	-53.228	57.550
12.7825	-52.642	57.510
12.9684	-52.056	57.471
13.1570	-51.470	57.431
13.3484	-50.883	57.391
13.5426	-50.297	57.350
13.7395	-49.711	57.309
13.9394	-49.125	57.267
14.1421	-48.538	57.225
14.3478	-47.952	57.182
14.5565	-47.366	57.138
14.7683	-46.780	57.094
14.9831	-46.194	57.049
15.2010	-45.607	57.004
15.4221	-45.021	56.958
15.6464	-44.435	56.911
15.8740	-43.849	56.864
16.1049	-43.262	56.817
16.3392	-42.676	56.769
16.5768	-42.090	56.720
16.8179	-41.504	56.670
17.0626	-40.918	56.620
17.3107	-40.331	56.569
17.5625	-39.745	56.518
17.8180	-39.159	56.465
18.0771	-38.573	56.413
18.3401	-37.986	56.359
18.6068	-37.400	56.305
18.8775	-36.814	56.250
19.1521	-36.228	56.194
19.4306	-35.641	56.138
19.7133	-35.055	56.081
20.0000	-34.469	56.022
20.2909	-33.883	55.964
20.5860	-33.297	55.904
20.8855	-32.710	55.844
21.1893	-32.124	55.783
21.4975	-31.538	55.721
21.8102	-30.952	55.658
22.1274	-30.365	55.594
22.4492	-29.779	55.530
22.7758	-29.193	55.464
23.1071	-28.607	55.398
23.4432	-28.020	55.330
23.7841	-27.434	55.263
24.1301	-26.848	55.193
24.4811	-26.262	55.123
24.8372	-25.676	55.052
25.1984	-25.089	54.980
25.5649	-24.503	54.907
25.9368	-23.917	54.834
26.3141	-23.331	54.759
26.6968	-22.744	54.683
27.0851	-22.158	54.606
27.4791	-21.572	54.527
27.8788	-20.986	54.448
28.2843	-20.400	54.368
28.6957	-19.813	54.286
29.1131	-19.227	54.204
29.5365	-18.641	54.120
29.9661	-18.055	54.035
30.4020	-17.468	53.949
30.8442	-16.882	53.861
31.2929	-16.296	53.772
31.7480	-15.710	53.682
32.2098	-15.123	53.592
32.6783	-14.537	53.499
33.1536	-13.951	53.405
33.6359	-13.365	53.310
34.1251	-12.779	53.214
34.6215	-12.192	53.116
35.1250	-11.606	53.017
35.6359	-11.020	52.917
36.1543	-10.434	52.815
36.6802	-9.847	52.711
37.2137	-9.261	52.606
37.7550	-8.675	52.500
38.3041	-8.089	52.392
38.8613	-7.503	52.283
39.4265	-6.916	52.171
40.0000	-6.330	52.059
40.5818	-5.744	51.945
41.1721	-5.158	51.829
41.7710	-4.571	51.712
42.3785	-3.985	51.592
42.9949	-3.399	51.472
43.6203	-2.813	51.349
44.2548	-2.226	51.224
44.8985	-1.640	51.098
45.5515	-1.054	50.971
46.2141	-0.468	50.841
46.8863	0.118	50.709
47.5683	0.705	50.576
48.2602	1.291	50.440
48.9621	1.877	50.303
49.6743	2.463	50.164
50.3968	3.050	50.022
51.1299	3.636	49.879
51.8736	4.222	49.733
52.6281	4.808	49.586
53.3936	5.394	49.436
54.1702	5.981	49.284
54.9581	6.567	49.130
55.7575	7.153	48.974
56.5685	7.739	48.815
57.3914	8.326	48.655
58.2261	8.912	48.491
59.0730	9.498	48.326
59.9323	10.084	48.158
60.8040	10.671	47.988
61.6884	11.257	47.815
62.5857	11.843	47.640
63.4960	12.429	47.462
64.4196	13.015	47.281
65.3566	13.602	47.098
66.3073	14.188	46.913
67.2717	14.774	46.724
68.2502	15.360	46.533
69.2429	15.947	46.340
70.2501	16.533	46.143
71.2719	17.119	45.943
72.3086	17.705	45.741
73.3603	18.291	45.536
74.4274	18.878	45.327
75.5099	19.464	45.116
76.6083	20.050	44.902
77.7226	20.636	44.684
78.8531	21.223	44.463
80.0000	21.809	44.239
81.1636	22.395	44.012
82.3442	22.981	43.782
83.5419	23.568	43.548
84.7570	24.154	43.311
85.9899	24.740	43.070
87.2406	25.326	42.826
88.5096	25.912	42.578
89.7970	26.499	42.327
91.1031	27.085	42.072
92.4282	27.671	41.813
93.7726	28.257	41.551
95.1366	28.844	41.284
96.5204	29.430	41.014
97.9243	30.016	40.740
99.3486	30.602	40.462
100.794	31.189	40.179
102.260	31.775	39.893
103.747	32.361	39.602
105.256	32.947	39.308
106.787	33.533	39.009
108.340	34.120	38.705
109.916	34.706	38.397
111.515	35.292	38.085
113.137	35.878	37.767
114.783	36.465	37.446
116.452	37.051	37.119
118.146	37.637	36.788
119.865	38.223	36.452
121.608	38.809	36.111
123.377	39.396	35.765
125.171	39.982	35.414
126.992	40.568	35.057
128.839	41.154	34.696
130.713	41.741	34.329
132.615	42.327	33.956
134.543	42.913	33.579
136.500	43.499	33.195
138.486	44.086	32.806
140.500	44.672	32.412
142.544	45.258	32.011
144.617	45.844	31.604
146.721	46.430	31.192
148.855	47.017	30.773
151.020	47.603	30.348
153.217	48.189	29.917
155.445	48.775	29.480
157.706	49.362	29.036
160.000	49.948	28.585
162.327	50.534	28.128
164.688	51.120	27.664
167.084	51.706	27.193
169.514	52.293	26.715
171.980	52.879	26.230
174.481	53.465	25.737
177.019	54.051	25.237
179.594	54.638	24.730
182.206	55.224	24.215
184.856	55.810	23.693
187.545	56.396	23.163
190.273	56.983	22.624
193.041	57.569	22.078
195.849	58.155	21.523
198.697	58.741	20.961
201.587	59.327	20.389
204.520	59.914	19.809
207.494	60.500	19.221
210.512	61.086	18.623
213.574	61.672	18.016
216.681	62.259	17.400
219.833	62.845	16.775
223.030	63.431	16.140
226.274	64.017	15.496
229.565	64.603	14.842
232.905	65.190	14.178
236.292	65.776	13.503
239.729	66.362	12.819
243.216	66.948	12.124
246.754	67.535	11.418
250.343	68.121	10.702
253.984	68.707	9.974
257.678	69.293	9.235
261.426	69.880	8.485
265.229	70.466	7.723
269.087	71.052	6.949
273.001	71.638	6.163
276.972	72.224	5.365
281.000	72.811	4.555
285.088	73.397	3.731
289.234	73.983	2.895
293.441	74.569	2.046
297.709	75.156	1.183
302.040	75.742	0.307
306.433	76.328	-0.584
310.890	76.914	-1.488
315.412	77.500	-2.407
320.000	78.087	-3.341
324.655	78.673	-4.290
329.377	79.259	-5.254
334.168	79.845	-6.234
339.028	80.432	-7.230
343.959	81.018	-8.242
348.962	81.604	-9.271
354.038	82.190	-10.316
359.188	82.777	-11.380
364.412	83.363	-12.461
369.713	83.949	-13.560
375.090	84.535	-14.678
380.546	85.121	-15.815
386.081	85.708	-16.972
391.697	86.294	-18.149
397.394	86.880	-19.346
403.175	87.466	-20.566
409.039	88.053	-21.807
414.989	88.639	-23.072
421.025	89.225	-24.361
427.149	89.811	-25.675
433.362	90.397	-27.016
439.665	90.984	-28.387
446.060	91.570	-29.790
452.548	92.156	-31.231
459.131	92.742	-32.721
465.809	93.325	-34.268
472.584	93.899	-35.868
479.458	94.456	-37.489
486.432	94.994	-39.067
493.507	95.525	-40.558
500.686	96.059	-41.956
507.968	96.607	-43.286
515.357	97.176	-44.603
522.853	97.763	-45.965
530.458	98.357	-47.407
538.174	98.949	-48.914
546.002	99.538	-50.451
553.943	100.128	-52.003
562.001	100.718	-53.552
570.175	101.316	-55.089
578.469	101.925	-56.619
586.883	102.552	-58.166
595.419	103.204	-59.769
604.080	103.881	-61.487
612.866	104.581	-63.373
621.780	105.298	-65.478
630.824	106.021	-67.836
640.000	106.736	-70.447
649.309	107.436	-73.282
658.753	108.116	-76.308
668.335	108.771	-79.513
678.056	109.387	-82.801
687.919	109.989	-86.150
697.925	110.575	-89.584
708.077	111.136	-93.077
718.376	111.685	-96.599
728.825	112.223	-100.182
739.426	112.741	-103.824
750.181	113.251	-107.511
761.093	113.753	-111.278
772.163	114.247	-115.144
783.394	114.726	-119.124
794.789	115.187	-123.230
806.349	115.620	-127.463
818.078	116.020	-131.794
829.977	116.380	-136.186
842.050	116.698	-140.593
854.298	116.974	-144.977
866.724	117.212	-149.294
879.330	117.415	-153.504
892.120	117.595	-157.586
905.097	117.757	-161.552
918.262	117.904	-165.400
931.618	118.045	-169.157
945.169	118.176	-172.849
958.917	118.296	-176.495
972.864	118.400	179.899
987.015	118.479	176.351
1001.37	118.533	172.894
1015.94	118.563	169.560
1030.71	118.572	166.379
1045.71	118.565	163.387
1060.92	118.552	160.592
1076.35	118.540	157.982
1092.00	118.536	155.533
1107.89	118.542	153.212
1124.00	118.558	150.997
1140.35	118.586	148.854
1156.94	118.619	146.763
1173.77	118.656	144.726
1190.84	118.702	142.726
1208.16	118.748	140.749
1225.73	118.793	138.809
1243.56	118.838	136.905
1261.65	118.874	135.058
1280.00	118.910	133.293
1298.62	118.946	131.613
1317.51	118.985	130.025
1336.67	119.030	128.530
1356.11	119.086	127.117
1375.84	119.155	125.768
1395.85	119.237	124.474
1416.15	119.339	123.206
1436.75	119.455	121.936
1457.65	119.586	120.648
1478.85	119.734	119.312
1500.36	119.886	117.920
1522.19	120.050	116.469
1544.33	120.218	114.940
1566.79	120.382	113.350
1589.58	120.550	111.715
1612.70	120.718	110.016
1636.16	120.885	108.254
1659.95	121.049	106.432
1684.10	121.209	104.545
1708.60	121.363	102.589
1733.45	121.501	100.584
1758.66	121.628	98.554
1784.24	121.741	96.513
1810.19	121.839	94.486
1836.52	121.925	92.495
1863.24	122.003	90.547
1890.34	122.071	88.660
1917.83	122.137	86.854
1945.73	122.207	85.115
1974.03	122.285	83.422
2002.74	122.377	81.740
2031.87	122.484	80.011
2061.43	122.595	78.203
2091.41	122.702	76.310
2121.83	122.798	74.348
2152.69	122.876	72.358
2184.01	122.943	70.370
2215.77	122.999	68.405
2248.00	123.050	66.471
2280.70	123.101	64.557
2313.87	123.149	62.646
2347.53	123.199	60.720
2381.68	123.245	58.754
2416.32	123.280	56.756
2451.46	123.304	54.731
2487.12	123.306	52.702
2523.30	123.287	50.718
2560.00	123.247	48.830
2597.24	123.195	47.076
2635.01	123.140	45.467
2673.34	123.092	44.001
2712.23	123.064	42.631
2751.68	123.055	41.285
2791.70	123.056	39.929
2832.31	123.068	38.542
2873.50	123.077	37.117
2915.30	123.082	35.684
2957.70	123.087	34.261
3000.72	123.095	32.845
3044.37	123.108	31.419
3088.65	123.123	29.962
3133.58	123.136	28.475
3179.16	123.142	26.966
3225.40	123.137	25.468
3272.31	123.124	24.017
3319.91	123.112	22.630
3368.20	123.104	21.310
3417.19	123.114	20.030
3466.89	123.145	18.731
3517.32	123.194	17.354
3568.48	123.258	15.852
3620.39	123.328	14.177
3673.05	123.390	12.319
3726.47	123.434	10.299
3780.67	123.451	8.151
3835.67	123.433	5.929
3891.46	123.376	3.708
3948.06	123.289	1.539
4005.49	123.172	-0.536
4063.75	123.034	-2.476
4122.86	122.886	-4.273
4182.82	122.730	-5.941
4243.66	122.566	-7.466
4305.39	122.406	-8.853
4368.01	122.250	-10.121
4431.55	122.103	-11.280
4496.01	121.973	-12.369
4561.40	121.854	-13.428
4627.75	121.746	-14.481
4695.06	121.643	-15.542
4763.35	121.537	-16.587
4832.64	121.438	-17.594
4902.93	121.349	-18.585
4974.24	121.278	-19.589
5046.60	121.233	-20.696
5120.00	121.198	-22.007
5194.47	121.148	-23.541
5270.03	121.059	-25.244
5346.68	120.911	-27.004
5424.45	120.699	-28.653
5503.35	120.436	-30.028
5583.40	120.150	-31.023
5664.61	119.873	-31.616
5747.01	119.629	-31.865
5830.60	119.434	-31.880
5915.41	119.291	-31.783
6001.45	119.199	-31.681
6088.74	119.154	-31.668
6177.30	119.147	-31.815
6267.15	119.172	-32.194
6358.31	119.214	-32.867
6450.80	119.251	-33.844
6544.62	119.269	-35.103
6639.82	119.240	-36.568
6736.40	119.153	-38.094
6834.38	119.020	-39.556
6933.79	118.844	-40.854
7034.64	118.650	-41.916
7136.96	118.461	-42.756
7240.77	118.288	-43.438
7346.09	118.137	-44.043
7452.94	118.000	-44.644
7561.35	117.867	-45.260
7671.33	117.733	-45.886
7782.91	117.590	-46.490
7896.12	117.442	-47.037
8010.97	117.294	-47.517
8127.49	117.145	-47.912
8245.71	117.002	-48.210
8365.65	116.868	-48.410
8487.33	116.748	-48.503
8610.78	116.659	-48.511
8736.03	116.611	-48.520
8863.09	116.609	-48.654
8992.01	116.646	-49.059
9122.80	116.694	-49.820
9255.50	116.727	-50.955
9390.12	116.712	-52.395
9526.70	116.626	-53.990
9665.27	116.466	-55.569
9805.86	116.237	-56.967
9948.49	115.956	-58.035
10093.2	115.654	-58.687
10240.0	115.355	-58.909
10388.9	115.087	-58.742
10540.1	114.866	-58.288
10693.4	114.705	-57.694
10848.9	114.594	-57.095
11006.7	114.523	-56.576
11166.8	114.476	-56.169
11329.2	114.440	-55.849
11494.0	114.413	-55.560
11661.2	114.407	-55.280
11830.8	114.429	-55.044
12002.9	114.491	-54.948
12177.5	114.582	-55.114
12354.6	114.678	-55.602
12534.3	114.754	-56.400
12716.6	114.781	-57.412
12901.6	114.743	-58.462
13089.2	114.647	-59.357
13279.6	114.510	-59.923
13472.8	114.368	-60.035
13668.8	114.268	-59.679
13867.6	114.260	-59.020
14069.3	114.365	-58.376
14273.9	114.569	-58.074
14481.5	114.842	-58.359
14692.2	115.117	-59.295
14905.9	115.341	-60.720
15122.7	115.491	-62.384
15342.7	115.568	-64.024
15565.8	115.608	-65.419
15792.2	115.667	-66.497
16021.9	115.797	-67.370
16255.0	116.036	-68.294
16491.4	116.395	-69.622
16731.3	116.863	-71.705
16974.7	117.405	-74.838
17221.6	117.966	-79.187
17472.1	118.480	-84.776
17726.2	118.881	-91.541
17984.0	119.098	-99.303
18245.6	119.071	-107.800
18511.0	118.747	-116.762
18780.2	118.043	-125.656
19053.4	116.944	-133.937
19330.5	115.470	-141.165
19611.7	113.656	-146.671
19897.0	111.655	-149.520
20186.4	109.718	-149.100
20480.0	108.058	-145.517
20777.9	106.818	-139.795
21080.1	105.994	-133.438
21386.7	105.511	-127.635
21697.8	105.245	-122.850
22013.4	105.108	-119.169
22333.6	105.013	-116.386
22658.4	104.925	-114.251
22988.0	104.824	-112.546
23322.4	104.708	-111.105
23661.6	104.586	-109.840
24005.8	104.461	-108.711
24355.0	104.336	-107.698
24709.2	104.210	-106.786
25068.6	104.085	-105.963
25433.2	103.960	-105.217
25803.2	103.835	-104.537
26178.5	103.710	-103.916
26559.3	103.585	-103.347
26945.6	103.460	-102.824
27337.5	103.335	-102.343
27735.2	103.210	-101.899
28138.6	103.085	-101.488
28547.9	102.959	-101.107
28963.1	102.834	-100.754
29384.4	102.709	-100.426
29811.8	102.584	-100.121
30245.4	102.459	-99.838
30685.3	102.334	-99.574
31131.7	102.209	-99.328
31584.5	102.084	-99.099
32043.9	101.959	-98.885
32510.0	101.833	-98.687
32982.8	101.708	-98.502
33462.6	101.583	-98.330
33949.3	101.458	-98.171
34443.1	101.333	-98.024
34944.1	101.208	-97.888
35452.4	101.083	-97.762
35968.0	100.958	-97.648
36491.2	100.833	-97.544
37022.0	100.707	-97.451
37560.5	100.582	-97.372
38106.8	100.469	-97.309
38661.1	100.367	-97.267
39223.4	100.290	-97.242
39793.9	100.231	-97.226
