5.00000	-5.431	-60.797
5.07273	-5.228	-60.867
5.14651	-4.964	-60.954
5.22137	-4.613	-61.056
5.29732	-4.227	-61.148
5.37437	-3.803	-61.244
5.45254	-3.379	-61.334
5.53185	-2.955	-61.423
5.61231	-2.531	-61.513
5.69394	-2.107	-61.603
5.77676	-1.683	-61.694
5.86079	-1.259	-61.786
5.94604	-0.835	-61.879
6.03252	-0.411	-61.973
6.12027	0.013	-62.067
6.20929	0.437	-62.163
6.29961	0.861	-62.260
6.39124	1.285	-62.358
6.48420	1.709	-62.457
6.57851	2.133	-62.557
6.67420	2.557	-62.658
6.77128	2.981	-62.760
6.86977	3.405	-62.864
6.96969	3.829	-62.969
7.07107	4.253	-63.075
7.17392	4.677	-63.183
7.27827	5.102	-63.292
7.38413	5.526	-63.403
7.49154	5.950	-63.514
7.60050	6.374	-63.627
7.71105	6.798	-63.742
7.82321	7.222	-63.858
7.93701	7.646	-63.976
8.05245	8.070	-64.095
8.16958	8.494	-64.216
8.28841	8.918	-64.338
8.40896	9.342	-64.463
8.53128	9.766	-64.588
8.65537	10.190	-64.716
8.78126	10.614	-64.845
8.90899	11.038	-64.976
9.03857	11.462	-65.109
9.17004	11.886	-65.244
9.30342	12.310	-65.380
9.43874	12.734	-65.518
9.57603	13.158	-65.659
9.71532	13.582	-65.801
9.85663	14.006	-65.945
10.0000	14.430	-66.091
10.1455	14.854	-66.239
10.2930	15.278	-66.389
10.4427	15.702	-66.542
10.5946	16.126	-66.696
10.7487	16.550	-66.853
10.9051	16.974	-67.012
11.0637	17.398	-67.173
11.2246	17.823	-67.336
11.3879	18.247	-67.502
11.5535	18.671	-67.670
11.7216	19.095	-67.840
11.8921	19.519	-68.013
12.0650	19.943	-68.188
12.2405	20.367	-68.366
12.4186	20.791	-68.546
12.5992	21.215	-68.729
12.7825	21.639	-68.915
12.9684	22.063	-69.103
13.1570	22.487	-69.294
13.3484	22.911	-69.487
13.5426	23.335	-69.683
13.7395	23.759	-69.882
13.9394	24.183	-70.084
14.1421	24.607	-70.289
14.3478	25.031	-70.497
14.5565	25.455	-70.708
14.7683	25.879	-70.922
14.9831	26.303	-71.140
15.2010	26.727	-71.360
15.4221	27.151	-71.584
15.6464	27.575	-71.811
15.8740	27.999	-72.041
16.1049	28.423	-72.274
16.3392	28.847	-72.511
16.5768	29.271	-72.751
16.8179	29.695	-72.995
17.0626	30.119	-73.243
17.3107	30.544	-73.494
17.5625	30.968	-73.748
17.8180	31.392	-74.007
18.0771	31.816	-74.269
18.3401	32.240	-74.536
18.6068	32.664	-74.806
18.8775	33.088	-75.080
19.1521	33.512	-75.358
19.4306	33.936	-75.641
19.7133	34.360	-75.927
20.0000	34.784	-76.218
20.2909	35.208	-76.513
20.5860	35.632	-76.813
20.8855	36.056	-77.117
21.1893	36.480	-77.425
21.4975	36.904	-77.738
21.8102	37.328	-78.056
22.1274	37.752	-78.379
22.4492	38.176	-78.706
22.7758	38.600	-79.038
23.1071	39.024	-79.376
23.4432	39.448	-79.719
23.7841	39.872	-80.066
24.1301	40.296	-80.419
24.4811	40.720	-80.778
24.8372	41.144	-81.141
25.1984	41.568	-81.511
25.5649	41.992	-81.886
25.9368	42.416	-82.266
26.3141	42.840	-82.653
26.6968	43.265	-83.045
27.0851	43.689	-83.444
27.4791	44.113	-83.849
27.8788	44.537	-84.259
28.2843	44.961	-84.677
28.6957	45.385	-85.101
29.1131	45.809	-85.531
29.5365	46.233	-85.968
29.9661	46.657	-86.412
30.4020	47.081	-86.863
30.8442	47.505	-87.321
31.2929	47.929	-87.786
31.7480	48.353	-88.259
32.2098	48.777	-88.739
32.6783	49.201	-89.227
33.1536	49.625	-89.723
33.6359	50.049	-90.226
34.1251	50.473	-90.738
34.6215	50.897	-91.258
35.1250	51.321	-91.786
35.6359	51.745	-92.323
36.1543	52.169	-92.868
36.6802	52.593	-93.423
37.2137	53.017	-93.987
37.7550	53.441	-94.560
38.3041	53.865	-95.142
38.8613	54.289	-95.735
39.4265	54.713	-96.337
40.0000	55.137	-96.949
40.5818	55.561	-97.572
41.1721	55.986	-98.206
41.7710	56.410	-98.850
42.3785	56.834	-99.505
42.9949	57.258	-100.172
43.6203	57.682	-100.850
44.2548	58.106	-101.541
44.8985	58.530	-102.243
45.5515	58.954	-102.958
46.2141	59.378	-103.686
46.8863	59.802	-104.427
47.5683	60.226	-105.182
48.2602	60.650	-105.951
48.9621	61.074	-106.734
49.6743	61.498	-107.531
50.3968	61.922	-108.344
51.1299	62.346	-109.173
51.8736	62.770	-110.017
52.6281	63.194	-110.878
53.3936	63.618	-111.756
54.1702	64.042	-112.652
54.9581	64.466	-113.566
55.7575	64.890	-114.499
56.5685	65.314	-115.451
57.3914	65.738	-116.424
58.2261	66.162	-117.419
59.0730	66.586	-118.435
59.9323	67.010	-119.475
60.8040	67.434	-120.539
61.6884	67.858	-121.629
62.5857	68.282	-122.747
63.4960	68.707	-123.896
64.4196	69.131	-125.082
65.3566	69.552	-126.314
66.3073	69.964	-127.563
67.2717	70.372	-128.809
68.2502	70.765	-129.980
69.2429	71.185	-131.084
70.2501	71.632	-132.240
71.2719	72.094	-133.497
72.3086	72.585	-134.925
73.3603	73.073	-136.598
74.4274	73.536	-138.448
75.5099	73.994	-140.432
76.6083	74.434	-142.580
77.7226	74.850	-144.840
78.8531	75.245	-147.188
80.0000	75.620	-149.641
81.1636	75.961	-152.192
82.3442	76.264	-154.772
83.5419	76.537	-157.351
84.7570	76.773	-159.914
85.9899	76.966	-162.401
87.2406	77.120	-164.740
88.5096	77.248	-166.880
89.7970	77.360	-168.808
91.1031	77.464	-170.516
92.4282	77.570	-172.018
93.7726	77.686	-173.358
95.1366	77.803	-174.553
96.5204	77.929	-175.598
97.9243	78.062	-176.491
99.3486	78.213	-177.237
100.794	78.391	-177.884
102.260	78.594	-178.478
103.747	78.827	-179.067
105.256	79.089	-179.733
106.787	79.360	179.487
108.340	79.628	178.626
109.916	79.890	177.736
111.515	80.144	176.882
113.137	80.412	176.079
114.783	80.695	175.300
116.452	81.006	174.509
118.146	81.358	173.574
119.865	81.723	172.385
121.608	82.076	170.963
123.377	82.410	169.359
125.171	82.710	167.629
126.992	82.974	165.875
128.839	83.211	164.176
130.713	83.437	162.563
132.615	83.666	161.009
134.543	83.899	159.456
136.500	84.127	157.888
138.486	84.348	156.313
140.500	84.561	154.733
142.544	84.758	153.185
144.617	84.953	151.699
146.721	85.155	150.255
148.855	85.369	148.800
151.020	85.591	147.277
153.217	85.808	145.667
155.445	86.016	143.976
157.706	86.201	142.236
160.000	86.363	140.510
162.327	86.513	138.831
164.688	86.652	137.201
167.084	86.789	135.619
169.514	86.925	134.049
171.980	87.047	132.496
174.481	87.156	131.003
177.019	87.260	129.582
179.594	87.362	128.238
182.206	87.476	126.941
184.856	87.603	125.613
187.545	87.727	124.212
190.273	87.835	122.749
193.041	87.913	121.276
195.849	87.955	119.894
198.697	87.971	118.708
201.587	87.980	117.776
204.520	88.005	117.095
207.494	88.060	116.597
210.512	88.154	116.190
213.574	88.283	115.779
216.681	88.444	115.277
219.833	88.618	114.645
223.030	88.792	113.914
226.274	88.970	113.102
229.565	89.145	112.226
232.905	89.324	111.293
236.292	89.505	110.286
239.729	89.683	109.197
243.216	89.857	108.021
246.754	90.015	106.780
250.343	90.160	105.513
253.984	90.299	104.223
257.678	90.427	102.899
261.426	90.540	101.564
265.229	90.640	100.234
269.087	90.722	98.927
273.001	90.787	97.685
276.972	90.844	96.539
281.000	90.902	95.473
285.088	90.961	94.465
289.234	91.023	93.496
293.441	91.083	92.555
297.709	91.142	91.649
302.040	91.200	90.775
306.433	91.255	89.939
310.890	91.309	89.152
315.412	91.363	88.418
320.000	91.419	87.738
324.655	91.476	87.126
329.377	91.541	86.592
334.168	91.628	86.093
339.028	91.733	85.573
343.959	91.856	84.982
348.962	91.991	84.258
354.038	92.119	83.388
359.188	92.228	82.416
364.412	92.312	81.405
369.713	92.371	80.420
375.090	92.410	79.515
380.546	92.435	78.729
386.081	92.458	78.074
391.697	92.483	77.545
397.394	92.512	77.149
403.175	92.559	76.867
409.039	92.629	76.643
414.989	92.718	76.433
421.025	92.828	76.202
427.149	92.954	75.911
433.362	93.089	75.545
439.665	93.229	75.115
446.060	93.374	74.623
452.548	93.524	74.066
459.131	93.679	73.429
465.809	93.836	72.694
472.584	93.988	71.853
479.458	94.127	70.927
486.432	94.250	69.955
493.507	94.359	68.962
500.686	94.455	67.973
507.968	94.542	67.004
515.357	94.626	66.040
522.853	94.701	65.069
530.458	94.763	64.109
538.174	94.811	63.187
546.002	94.844	62.337
553.943	94.870	61.596
562.001	94.898	60.970
570.175	94.937	60.437
578.469	94.991	59.948
586.883	95.061	59.443
595.419	95.132	58.898
604.080	95.200	58.325
612.866	95.256	57.762
621.780	95.298	57.284
630.824	95.343	56.946
640.000	95.408	56.732
649.309	95.504	56.575
658.753	95.636	56.377
668.335	95.801	56.027
678.056	95.977	55.458
687.919	96.143	54.691
697.925	96.291	53.777
708.077	96.409	52.799
718.376	96.508	51.838
728.825	96.602	50.899
739.426	96.691	49.968
750.181	96.779	49.025
761.093	96.860	48.050
772.163	96.923	47.073
783.394	96.973	46.136
794.789	97.013	45.268
806.349	97.056	44.466
818.078	97.102	43.699
829.977	97.147	42.957
842.050	97.191	42.239
854.298	97.232	41.551
866.724	97.271	40.916
879.330	97.317	40.332
892.120	97.370	39.776
905.097	97.433	39.223
918.262	97.504	38.639
931.618	97.574	38.019
945.169	97.638	37.390
958.917	97.696	36.784
972.864	97.751	36.240
987.015	97.816	35.763
1001.37	97.900	35.306
1015.94	98.005	34.798
1030.71	98.121	34.185
1045.71	98.237	33.447
1060.92	98.334	32.623
1076.35	98.411	31.802
1092.00	98.475	31.063
1107.89	98.546	30.422
1124.00	98.636	29.827
1140.35	98.751	29.199
1156.94	98.885	28.455
1173.77	99.023	27.547
1190.84	99.144	26.502
1208.16	99.240	25.407
1225.73	99.315	24.353
1243.56	99.391	23.369
1261.65	99.477	22.418
1280.00	99.581	21.435
1298.62	99.698	20.348
1317.51	99.814	19.117
1336.67	99.914	17.759
1356.11	99.992	16.325
1375.84	100.047	14.875
1395.85	100.089	13.438
1416.15	100.118	12.015
1436.75	100.138	10.612
1457.65	100.152	9.220
1478.85	100.156	7.827
1500.36	100.144	6.449
1522.19	100.119	5.114
1544.33	100.083	3.832
1566.79	100.035	2.617
1589.58	99.973	1.509
1612.70	99.907	0.546
1636.16	99.848	-0.275
1659.95	99.806	-0.979
1684.10	99.798	-1.643
1708.60	99.823	-2.402
1733.45	99.854	-3.334
1758.66	99.869	-4.411
1784.24	99.854	-5.558
1810.19	99.801	-6.657
1836.52	99.722	-7.578
1863.24	99.642	-8.257
1890.34	99.593	-8.749
1917.83	99.581	-9.178
1945.73	99.598	-9.643
1974.03	99.640	-10.205
2002.74	99.693	-10.902
2031.87	99.745	-11.724
2061.43	99.795	-12.649
2091.41	99.841	-13.674
2121.83	99.880	-14.797
2152.69	99.903	-16.016
2184.01	99.898	-17.282
2215.77	99.866	-18.519
2248.00	99.811	-19.671
2280.70	99.735	-20.669
2313.87	99.655	-21.466
2347.53	99.592	-22.068
2381.68	99.562	-22.553
2416.32	99.571	-23.038
2451.46	99.607	-23.615
2487.12	99.663	-24.347
2523.30	99.717	-25.248
2560.00	99.755	-26.255
2597.24	99.785	-27.314
2635.01	99.807	-28.416
2673.34	99.821	-29.555
2712.23	99.825	-30.719
2751.68	99.818	-31.893
2791.70	99.797	-33.052
2832.31	99.760	-34.147
2873.50	99.719	-35.143
2915.30	99.682	-36.036
2957.70	99.659	-36.846
3000.72	99.659	-37.635
3044.37	99.675	-38.460
3088.65	99.706	-39.360
3133.58	99.739	-40.356
3179.16	99.764	-41.414
3225.40	99.782	-42.485
3272.31	99.797	-43.533
3319.91	99.820	-44.546
3368.20	99.863	-45.561
3417.19	99.931	-46.657
3466.89	100.018	-47.914
3517.32	100.109	-49.376
3568.48	100.188	-51.042
3620.39	100.236	-52.853
3673.05	100.248	-54.705
3726.47	100.237	-56.519
3780.67	100.209	-58.248
3835.67	100.188	-59.885
3891.46	100.190	-61.513
3948.06	100.210	-63.231
4005.49	100.249	-65.134
4063.75	100.277	-67.279
4122.86	100.265	-69.610
4182.82	100.206	-72.015
4243.66	100.096	-74.402
4305.39	99.946	-76.680
4368.01	99.773	-78.801
4431.55	99.584	-80.764
4496.01	99.378	-82.557
4561.40	99.149	-84.145
4627.75	98.897	-85.413
4695.06	98.650	-86.259
4763.35	98.442	-86.670
4832.64	98.306	-86.728
4902.93	98.268	-86.607
4974.24	98.337	-86.542
5046.60	98.493	-86.709
5120.00	98.728	-87.198
5194.47	99.042	-88.100
5270.03	99.452	-89.597
5346.68	99.948	-91.952
5424.45	100.489	-95.378
5503.35	101.007	-99.897
5583.40	101.448	-105.440
5664.61	101.755	-111.953
5747.01	101.861	-119.037
5830.60	101.781	-126.549
5915.41	101.450	-134.033
6001.45	100.882	-141.173
6088.74	100.160	-147.858
6177.30	99.248	-153.774
6267.15	98.259	-158.592
6358.31	97.331	-162.446
6450.80	96.403	-165.598
6544.62	95.567	-168.089
6639.82	94.806	-170.359
6736.40	94.095	-172.650
6834.38	93.369	-175.035
6933.79	92.575	-177.362
7034.64	91.719	-179.445
7136.96	90.796	178.850
7240.77	89.803	177.834
7346.09	88.833	177.698
7452.94	87.944	178.276
7561.35	87.144	179.386
7671.33	86.449	-179.161
7782.91	85.898	-177.759
7896.12	85.418	-176.694
8010.97	84.975	-175.975
8127.49	84.549	-175.528
8245.71	84.132	-175.293
8365.65	83.739	-175.290
8487.33	83.382	-175.702
8610.78	83.010	-176.699
8736.03	82.548	-178.185
8863.09	81.935	-179.817
8992.01	81.183	178.787
9122.80	80.346	177.868
9255.50	79.487	177.469
9390.12	78.653	177.262
9526.70	77.757	177.090
9665.27	76.779	176.906
9805.86	75.566	177.124
9948.49	74.085	179.109
10093.2	72.661	-176.008
10240.0	71.448	-168.182
10388.9	70.532	-158.002
10540.1	70.166	-148.354
10693.4	70.055	-140.453
10848.9	70.056	-134.135
11006.7	70.076	-128.598
11166.8	70.076	-123.300
11329.2	70.085	-117.967
11494.0	70.133	-112.330
11661.2	70.276	-106.213
11830.8	70.590	-99.716
12002.9	71.157	-93.351
12177.5	71.945	-87.929
12354.6	73.004	-84.141
12534.3	74.178	-82.621
12716.6	75.336	-83.193
12901.6	76.421	-85.567
13089.2	77.300	-89.399
13279.6	77.925	-94.119
13472.8	78.326	-99.314
13668.8	78.495	-104.797
13867.6	78.488	-110.288
14069.3	78.329	-115.745
14273.9	78.014	-121.045
14481.5	77.532	-126.146
14692.2	76.825	-130.802
14905.9	75.875	-134.633
15122.7	74.718	-137.120
15342.7	73.429	-137.595
15565.8	72.196	-135.526
15792.2	71.204	-131.100
16021.9	70.535	-125.253
16255.0	70.235	-119.419
16491.4	70.168	-114.319
16731.3	70.252	-109.967
16974.7	70.462	-106.198
17221.6	70.800	-103.113
17472.1	71.259	-100.987
17726.2	71.811	-100.114
17984.0	72.380	-100.614
18245.6	72.898	-102.396
18511.0	73.304	-105.252
18780.2	73.554	-108.971
19053.4	73.628	-113.357
19330.5	73.480	-118.073
19611.7	73.097	-122.971
19897.0	72.359	-127.251
20186.4	71.321	-130.120
20480.0	70.166	-131.131
20777.9	68.958	-129.490
21080.1	67.997	-125.096
21386.7	67.533	-119.993
21697.8	67.365	-115.700
22013.4	67.364	-112.788
22333.6	67.376	-110.836
22658.4	67.353	-109.448
22988.0	67.287	-108.312
23322.4	67.204	-107.276
23661.6	67.110	-106.295
24005.8	67.016	-105.359
24355.0	66.922	-104.477
24709.2	66.828	-103.645
25068.6	66.734	-102.860
25433.2	66.640	-102.115
25803.2	66.546	-101.407
26178.5	66.452	-100.733
26559.3	66.358	-100.089
26945.6	66.264	-99.473
27337.5	66.169	-98.883
27735.2	66.075	-98.315
28138.6	65.981	-97.770
28547.9	65.887	-97.244
28963.1	65.793	-96.737
29384.4	65.699	-96.247
29811.8	65.605	-95.775
30245.4	65.511	-95.317
30685.3	65.417	-94.875
31131.7	65.323	-94.447
31584.5	65.229	-94.032
32043.9	65.135	-93.629
32510.0	65.041	-93.239
32982.8	64.947	-92.861
33462.6	64.852	-92.494
33949.3	64.758	-92.139
34443.1	64.664	-91.794
34944.1	64.570	-91.459
35452.4	64.476	-91.135
35968.0	64.382	-90.821
36491.2	64.288	-90.518
37022.0	64.194	-90.225
37560.5	64.100	-89.945
38106.8	64.015	-89.701
38661.1	63.938	-89.492
39223.4	63.880	-89.341
39793.9	63.836	-89.229
