5.00000	-1.521	-26.854
5.07273	-1.291	-26.950
5.14651	-0.994	-27.071
5.22137	-0.600	-27.222
5.29732	-0.166	-27.365
5.37437	0.310	-27.518
5.45254	0.786	-27.663
5.53185	1.263	-27.809
5.61231	1.739	-27.955
5.69394	2.215	-28.103
5.77676	2.691	-28.252
5.86079	3.168	-28.403
5.94604	3.644	-28.556
6.03252	4.120	-28.710
6.12027	4.596	-28.866
6.20929	5.072	-29.024
6.29961	5.549	-29.184
6.39124	6.025	-29.346
6.48420	6.501	-29.510
6.57851	6.977	-29.677
6.67420	7.453	-29.845
6.77128	7.930	-30.015
6.86977	8.406	-30.187
6.96969	8.882	-30.361
7.07107	9.358	-30.538
7.17392	9.835	-30.718
7.27827	10.311	-30.900
7.38413	10.787	-31.084
7.49154	11.263	-31.271
7.60050	11.739	-31.460
7.71105	12.216	-31.651
7.82321	12.692	-31.845
7.93701	13.168	-32.042
8.05245	13.644	-32.242
8.16958	14.120	-32.444
8.28841	14.597	-32.650
8.40896	15.073	-32.858
8.53128	15.549	-33.069
8.65537	16.025	-33.283
8.78126	16.502	-33.500
8.90899	16.978	-33.720
9.03857	17.454	-33.943
9.17004	17.930	-34.169
9.30342	18.406	-34.398
9.43874	18.883	-34.631
9.57603	19.359	-34.867
9.71532	19.835	-35.106
9.85663	20.311	-35.348
10.0000	20.787	-35.594
10.1455	21.264	-35.844
10.2930	21.740	-36.097
10.4427	22.216	-36.353
10.5946	22.692	-36.614
10.7487	23.169	-36.878
10.9051	23.645	-37.146
11.0637	24.121	-37.417
11.2246	24.597	-37.693
11.3879	25.073	-37.972
11.5535	25.550	-38.256
11.7216	26.026	-38.544
11.8921	26.502	-38.835
12.0650	26.978	-39.132
12.2405	27.454	-39.432
12.4186	27.931	-39.737
12.5992	28.407	-40.046
12.7825	28.883	-40.360
12.9684	29.359	-40.678
13.1570	29.836	-41.001
13.3484	30.312	-41.328
13.5426	30.788	-41.661
13.7395	31.264	-41.998
13.9394	31.740	-42.340
14.1421	32.217	-42.687
14.3478	32.693	-43.039
14.5565	33.169	-43.397
14.7683	33.645	-43.760
14.9831	34.121	-44.128
15.2010	34.598	-44.502
15.4221	35.074	-44.881
15.6464	35.550	-45.266
15.8740	36.026	-45.656
16.1049	36.503	-46.052
16.3392	36.979	-46.454
16.5768	37.455	-46.862
16.8179	37.931	-47.276
17.0626	38.407	-47.697
17.3107	38.884	-48.124
17.5625	39.360	-48.557
17.8180	39.836	-48.996
18.0771	40.312	-49.442
18.3401	40.788	-49.895
18.6068	41.265	-50.355
18.8775	41.741	-50.821
19.1521	42.217	-51.295
19.4306	42.693	-51.776
19.7133	43.170	-52.264
20.0000	43.646	-52.760
20.2909	44.122	-53.263
20.5860	44.598	-53.774
20.8855	45.074	-54.292
21.1893	45.551	-54.819
21.4975	46.027	-55.353
21.8102	46.503	-55.896
22.1274	46.979	-56.447
22.4492	47.455	-57.007
22.7758	47.932	-57.575
23.1071	48.408	-58.153
23.4432	48.884	-58.739
23.7841	49.360	-59.334
24.1301	49.837	-59.939
24.4811	50.313	-60.553
24.8372	50.789	-61.177
25.1984	51.265	-61.811
25.5649	51.741	-62.454
25.9368	52.218	-63.108
26.3141	52.694	-63.772
26.6968	53.170	-64.447
27.0851	53.646	-65.132
27.4791	54.122	-65.829
27.8788	54.599	-66.537
28.2843	55.075	-67.256
28.6957	55.551	-67.988
29.1131	56.027	-68.731
29.5365	56.504	-69.486
29.9661	56.980	-70.254
30.4020	57.456	-71.034
30.8442	57.932	-71.827
31.2929	58.408	-72.634
31.7480	58.885	-73.454
32.2098	59.361	-74.288
32.6783	59.837	-75.137
33.1536	60.313	-75.999
33.6359	60.789	-76.877
34.1251	61.266	-77.770
34.6215	61.742	-78.678
35.1250	62.218	-79.602
35.6359	62.694	-80.543
36.1543	63.171	-81.500
36.6802	63.647	-82.475
37.2137	64.123	-83.467
37.7550	64.599	-84.478
38.3041	65.075	-85.508
38.8613	65.552	-86.557
39.4265	66.028	-87.627
40.0000	66.504	-88.717
40.5818	66.980	-89.828
41.1721	67.456	-90.963
41.7710	67.933	-92.121
42.3785	68.409	-93.304
42.9949	68.885	-94.514
43.6203	69.361	-95.755
44.2548	69.835	-97.026
44.8985	70.309	-98.325
45.5515	70.779	-99.647
46.2141	71.255	-100.999
46.8863	71.731	-102.421
47.5683	72.190	-103.897
48.2602	72.639	-105.389
48.9621	73.059	-106.789
49.6743	73.504	-108.046
50.3968	73.983	-109.290
51.1299	74.473	-110.577
51.8736	74.994	-111.995
52.6281	75.510	-113.660
53.3936	75.997	-115.480
54.1702	76.472	-117.358
54.9581	76.934	-119.249
55.7575	77.401	-121.163
56.5685	77.867	-123.176
57.3914	78.314	-125.291
58.2261	78.740	-127.483
59.0730	79.125	-129.655
59.9323	79.494	-131.683
60.8040	79.870	-133.553
61.6884	80.267	-135.296
62.5857	80.706	-137.024
63.4960	81.180	-138.929
64.4196	81.650	-141.086
65.3566	82.105	-143.485
66.3073	82.524	-146.064
67.2717	82.904	-148.705
68.2502	83.247	-151.270
69.2429	83.588	-153.711
70.2501	83.940	-156.112
71.2719	84.290	-158.515
72.3086	84.646	-160.957
73.3603	85.001	-163.508
74.4274	85.336	-166.148
75.5099	85.654	-168.821
76.6083	85.959	-171.508
77.7226	86.253	-174.200
78.8531	86.537	-176.906
80.0000	86.809	-179.624
81.1636	87.071	177.646
82.3442	87.321	174.901
83.5419	87.558	172.148
84.7570	87.782	169.393
85.9899	87.991	166.644
87.2406	88.187	163.914
88.5096	88.369	161.217
89.7970	88.542	158.559
91.1031	88.708	155.926
92.4282	88.864	153.320
93.7726	89.014	150.735
95.1366	89.155	148.166
96.5204	89.288	145.620
97.9243	89.420	143.069
99.3486	89.540	140.491
100.794	89.644	137.895
102.260	89.726	135.302
103.747	89.783	132.759
105.256	89.816	130.326
106.787	89.839	128.035
108.340	89.858	125.868
109.916	89.876	123.805
111.515	89.895	121.826
113.137	89.912	119.914
114.783	89.930	118.071
116.452	89.949	116.281
118.146	89.966	114.538
119.865	89.982	112.841
121.608	89.995	111.192
123.377	90.003	109.610
125.171	90.015	108.096
126.992	90.030	106.628
128.839	90.047	105.191
130.713	90.064	103.780
132.615	90.078	102.401
134.543	90.087	101.073
136.500	90.095	99.819
138.486	90.109	98.630
140.500	90.130	97.481
142.544	90.157	96.357
144.617	90.190	95.236
146.721	90.222	94.114
148.855	90.251	93.014
151.020	90.282	91.938
153.217	90.312	90.890
155.445	90.344	89.876
157.706	90.378	88.888
160.000	90.413	87.933
162.327	90.453	87.020
164.688	90.507	86.113
167.084	90.566	85.179
169.514	90.628	84.216
171.980	90.693	83.205
174.481	90.752	82.146
177.019	90.798	81.081
179.594	90.839	80.043
182.206	90.875	79.036
184.856	90.911	78.063
187.545	90.948	77.112
190.273	90.986	76.173
193.041	91.022	75.248
195.849	91.059	74.338
198.697	91.094	73.440
201.587	91.129	72.561
204.520	91.167	71.688
207.494	91.203	70.816
210.512	91.240	69.941
213.574	91.273	69.061
216.681	91.298	68.204
219.833	91.321	67.384
223.030	91.346	66.592
226.274	91.369	65.825
229.565	91.393	65.087
232.905	91.422	64.364
236.292	91.451	63.638
239.729	91.475	62.928
243.216	91.500	62.250
246.754	91.527	61.596
250.343	91.556	60.960
253.984	91.589	60.333
257.678	91.625	59.700
261.426	91.659	59.063
265.229	91.693	58.430
269.087	91.727	57.800
273.001	91.760	57.176
276.972	91.795	56.544
281.000	91.824	55.904
285.088	91.848	55.281
289.234	91.867	54.691
293.441	91.884	54.149
297.709	91.905	53.645
302.040	91.927	53.171
306.433	91.956	52.710
310.890	91.985	52.243
315.412	92.009	51.793
320.000	92.033	51.378
324.655	92.057	50.996
329.377	92.081	50.657
334.168	92.107	50.373
339.028	92.141	50.139
343.959	92.183	49.934
348.962	92.230	49.768
354.038	92.289	49.650
359.188	92.369	49.544
364.412	92.471	49.393
369.713	92.587	49.152
375.090	92.712	48.786
380.546	92.832	48.292
386.081	92.939	47.715
391.697	93.030	47.123
397.394	93.118	46.549
403.175	93.207	45.985
409.039	93.300	45.409
414.989	93.395	44.794
421.025	93.485	44.142
427.149	93.572	43.466
433.362	93.653	42.774
439.665	93.729	42.081
446.060	93.805	41.382
452.548	93.874	40.680
459.131	93.942	39.984
465.809	94.003	39.298
472.584	94.062	38.651
479.458	94.126	38.030
486.432	94.192	37.428
493.507	94.265	36.841
500.686	94.349	36.237
507.968	94.441	35.588
515.357	94.542	34.872
522.853	94.647	34.051
530.458	94.747	33.108
538.174	94.834	32.056
546.002	94.900	30.933
553.943	94.944	29.786
562.001	94.966	28.661
570.175	94.972	27.590
578.469	94.966	26.579
586.883	94.948	25.635
595.419	94.917	24.779
604.080	94.879	24.034
612.866	94.834	23.421
621.780	94.789	22.962
630.824	94.758	22.645
640.000	94.742	22.445
649.309	94.749	22.338
658.753	94.787	22.267
668.335	94.856	22.167
678.056	94.950	21.982
687.919	95.067	21.654
697.925	95.193	21.143
708.077	95.313	20.466
718.376	95.426	19.649
728.825	95.523	18.720
739.426	95.598	17.744
750.181	95.664	16.760
761.093	95.720	15.768
772.163	95.769	14.780
783.394	95.819	13.776
794.789	95.865	12.727
806.349	95.902	11.631
818.078	95.928	10.497
829.977	95.939	9.337
842.050	95.930	8.182
854.298	95.906	7.061
866.724	95.864	5.998
879.330	95.807	5.028
892.120	95.738	4.189
905.097	95.667	3.501
918.262	95.605	2.949
931.618	95.558	2.495
945.169	95.530	2.095
958.917	95.522	1.689
972.864	95.526	1.232
987.015	95.535	0.710
1001.37	95.538	0.147
1015.94	95.538	-0.429
1030.71	95.533	-1.003
1045.71	95.523	-1.546
1060.92	95.516	-2.051
1076.35	95.512	-2.534
1092.00	95.511	-2.994
1107.89	95.513	-3.426
1124.00	95.520	-3.822
1140.35	95.539	-4.189
1156.94	95.574	-4.560
1173.77	95.623	-4.975
1190.84	95.683	-5.458
1208.16	95.749	-6.023
1225.73	95.817	-6.667
1243.56	95.887	-7.386
1261.65	95.959	-8.185
1280.00	96.029	-9.079
1298.62	96.095	-10.069
1317.51	96.151	-11.148
1336.67	96.193	-12.291
1356.11	96.226	-13.485
1375.84	96.247	-14.739
1395.85	96.251	-16.041
1416.15	96.235	-17.366
1436.75	96.196	-18.676
1457.65	96.136	-19.930
1478.85	96.061	-21.101
1500.36	95.973	-22.173
1522.19	95.881	-23.151
1544.33	95.778	-24.027
1566.79	95.672	-24.779
1589.58	95.568	-25.406
1612.70	95.471	-25.919
1636.16	95.387	-26.342
1659.95	95.315	-26.701
1684.10	95.256	-27.004
1708.60	95.215	-27.280
1733.45	95.185	-27.545
1758.66	95.176	-27.819
1784.24	95.182	-28.153
1810.19	95.197	-28.573
1836.52	95.212	-29.074
1863.24	95.222	-29.640
1890.34	95.220	-30.224
1917.83	95.209	-30.768
1945.73	95.199	-31.245
1974.03	95.196	-31.655
2002.74	95.208	-32.021
2031.87	95.239	-32.385
2061.43	95.288	-32.794
2091.41	95.350	-33.278
2121.83	95.417	-33.832
2152.69	95.492	-34.454
2184.01	95.572	-35.150
2215.77	95.657	-35.922
2248.00	95.742	-36.763
2280.70	95.834	-37.677
2313.87	95.928	-38.679
2347.53	96.020	-39.760
2381.68	96.116	-40.921
2416.32	96.212	-42.180
2451.46	96.305	-43.539
2487.12	96.396	-45.010
2523.30	96.478	-46.597
2560.00	96.548	-48.287
2597.24	96.601	-50.058
2635.01	96.637	-51.885
2673.34	96.654	-53.744
2712.23	96.653	-55.617
2751.68	96.631	-57.479
2791.70	96.583	-59.272
2832.31	96.511	-60.909
2873.50	96.424	-62.282
2915.30	96.358	-63.340
2957.70	96.344	-64.138
3000.72	96.421	-64.840
3044.37	96.605	-65.727
3088.65	96.881	-67.105
3133.58	97.209	-69.220
3179.16	97.530	-72.195
3225.40	97.791	-75.984
3272.31	97.959	-80.446
3319.91	98.002	-85.369
3368.20	97.907	-90.475
3417.19	97.677	-95.505
3466.89	97.313	-100.194
3517.32	96.831	-104.258
3568.48	96.270	-107.458
3620.39	95.691	-109.700
3673.05	95.178	-111.130
3726.47	94.784	-112.089
3780.67	94.537	-112.989
3835.67	94.425	-114.253
3891.46	94.384	-116.180
3948.06	94.346	-118.836
4005.49	94.266	-122.139
4063.75	94.110	-125.940
4122.86	93.859	-130.059
4182.82	93.505	-134.308
4243.66	93.039	-138.474
4305.39	92.471	-142.343
4368.01	91.817	-145.749
4431.55	91.104	-148.598
4496.01	90.365	-150.882
4561.40	89.630	-152.648
4627.75	88.926	-154.000
4695.06	88.272	-155.115
4763.35	87.660	-156.165
4832.64	87.097	-157.340
4902.93	86.535	-158.749
4974.24	85.942	-160.303
5046.60	85.301	-161.913
5120.00	84.563	-163.357
5194.47	83.749	-164.349
5270.03	82.912	-164.819
5346.68	82.044	-164.747
5424.45	81.199	-164.156
5503.35	80.382	-163.157
5583.40	79.613	-161.847
5664.61	78.896	-160.381
5747.01	78.201	-158.797
5830.60	77.538	-157.128
5915.41	76.848	-155.263
6001.45	76.151	-152.926
6088.74	75.505	-150.177
6177.30	74.884	-147.055
6267.15	74.357	-143.591
6358.31	73.982	-140.176
6450.80	73.674	-137.044
6544.62	73.446	-134.270
6639.82	73.238	-131.940
6736.40	73.024	-129.981
6834.38	72.790	-128.329
6933.79	72.501	-126.866
7034.64	72.141	-125.334
7136.96	71.730	-123.511
7240.77	71.276	-121.212
7346.09	70.826	-118.300
7452.94	70.453	-114.888
7561.35	70.178	-111.221
7671.33	70.023	-107.559
7782.91	69.970	-104.181
7896.12	69.968	-101.223
8010.97	69.981	-98.645
8127.49	69.998	-96.379
8245.71	70.003	-94.348
8365.65	69.996	-92.461
8487.33	69.983	-90.667
8610.78	69.966	-88.939
8736.03	69.951	-87.263
8863.09	69.940	-85.649
8992.01	69.932	-84.099
9122.80	69.927	-82.613
9255.50	69.925	-81.196
9390.12	69.923	-79.840
9526.70	69.922	-78.530
9665.27	69.929	-77.282
9805.86	69.938	-76.123
9948.49	69.942	-75.037
10093.2	69.942	-74.003
10240.0	69.936	-73.007
10388.9	69.925	-72.021
10540.1	69.917	-71.037
10693.4	69.913	-70.078
10848.9	69.911	-69.153
11006.7	69.911	-68.268
11166.8	69.911	-67.419
11329.2	69.911	-66.603
11494.0	69.911	-65.818
11661.2	69.911	-65.061
11830.8	69.911	-64.332
12002.9	69.911	-63.628
12177.5	69.911	-62.950
12354.6	69.911	-62.293
12534.3	69.911	-61.658
12716.6	69.911	-61.039
12901.6	69.911	-60.430
13089.2	69.915	-59.826
13279.6	69.923	-59.230
13472.8	69.945	-58.672
13668.8	69.977	-58.206
13867.6	70.009	-57.855
14069.3	70.037	-57.620
14273.9	70.046	-57.478
14481.5	70.031	-57.348
14692.2	70.004	-57.167
14905.9	69.970	-56.919
15122.7	69.941	-56.608
15342.7	69.923	-56.275
15565.8	69.914	-55.961
15792.2	69.912	-55.689
16021.9	69.911	-55.466
16255.0	69.911	-55.289
16491.4	69.911	-55.156
16731.3	69.911	-55.065
16974.7	69.911	-55.020
17221.6	69.911	-55.024
17472.1	69.911	-55.083
17726.2	69.911	-55.206
17984.0	69.911	-55.405
18245.6	69.911	-55.697
18511.0	69.911	-56.111
18780.2	69.916	-56.724
19053.4	69.906	-57.634
19330.5	69.856	-58.884
19611.7	69.706	-60.353
19897.0	69.401	-61.544
20186.4	69.009	-62.004
20480.0	68.583	-61.647
20777.9	68.175	-60.467
21080.1	67.906	-58.757
21386.7	67.778	-57.061
21697.8	67.721	-55.644
22013.4	67.697	-54.523
22333.6	67.670	-53.622
22658.4	67.644	-52.858
22988.0	67.615	-52.189
23322.4	67.582	-51.582
23661.6	67.547	-51.018
24005.8	67.512	-50.486
24355.0	67.476	-49.981
24709.2	67.441	-49.501
25068.6	67.405	-49.043
25433.2	67.370	-48.604
25803.2	67.334	-48.183
26178.5	67.299	-47.778
26559.3	67.263	-47.388
26945.6	67.228	-47.010
27337.5	67.193	-46.645
27735.2	67.157	-46.292
28138.6	67.122	-45.948
28547.9	67.086	-45.615
28963.1	67.051	-45.291
29384.4	67.015	-44.976
29811.8	66.980	-44.669
30245.4	66.944	-44.370
30685.3	66.909	-44.078
31131.7	66.873	-43.794
31584.5	66.838	-43.517
32043.9	66.802	-43.246
32510.0	66.767	-42.982
32982.8	66.731	-42.724
33462.6	66.696	-42.471
33949.3	66.660	-42.225
34443.1	66.625	-41.984
34944.1	66.590	-41.749
35452.4	66.554	-41.520
35968.0	66.519	-41.295
36491.2	66.483	-41.076
37022.0	66.448	-40.863
37560.5	66.412	-40.656
38106.8	66.380	-40.473
38661.1	66.351	-40.313
39223.4	66.330	-40.197
39793.9	66.313	-40.109
