5.00000	-5.742	4.286
5.07273	-5.489	4.165
5.14651	-5.162	4.016
5.22137	-4.728	3.834
5.29732	-4.252	3.659
5.37437	-3.729	3.474
5.45254	-3.207	3.295
5.53185	-2.684	3.115
5.61231	-2.162	2.933
5.69394	-1.639	2.750
5.77676	-1.116	2.565
5.86079	-0.594	2.378
5.94604	-0.071	2.189
6.03252	0.451	1.997
6.12027	0.974	1.803
6.20929	1.496	1.607
6.29961	2.019	1.409
6.39124	2.542	1.207
6.48420	3.064	1.003
6.57851	3.587	0.797
6.67420	4.109	0.588
6.77128	4.632	0.376
6.86977	5.154	0.162
6.96969	5.677	-0.055
7.07107	6.200	-0.276
7.17392	6.722	-0.499
7.27827	7.245	-0.726
7.38413	7.767	-0.955
7.49154	8.290	-1.188
7.60050	8.812	-1.423
7.71105	9.335	-1.661
7.82321	9.858	-1.903
7.93701	10.380	-2.149
8.05245	10.903	-2.398
8.16958	11.425	-2.650
8.28841	11.948	-2.906
8.40896	12.471	-3.166
8.53128	12.993	-3.429
8.65537	13.516	-3.696
8.78126	14.038	-3.967
8.90899	14.561	-4.241
9.03857	15.083	-4.519
9.17004	15.606	-4.802
9.30342	16.129	-5.088
9.43874	16.651	-5.378
9.57603	17.174	-5.673
9.71532	17.696	-5.971
9.85663	18.219	-6.274
10.0000	18.741	-6.582
10.1455	19.264	-6.893
10.2930	19.787	-7.209
10.4427	20.309	-7.530
10.5946	20.832	-7.856
10.7487	21.354	-8.186
10.9051	21.877	-8.520
11.0637	22.399	-8.860
11.2246	22.922	-9.204
11.3879	23.445	-9.554
11.5535	23.967	-9.908
11.7216	24.490	-10.268
11.8921	25.012	-10.633
12.0650	25.535	-11.004
12.2405	26.057	-11.380
12.4186	26.580	-11.761
12.5992	27.103	-12.148
12.7825	27.625	-12.541
12.9684	28.148	-12.939
13.1570	28.670	-13.343
13.3484	29.193	-13.753
13.5426	29.715	-14.169
13.7395	30.238	-14.592
13.9394	30.761	-15.020
14.1421	31.283	-15.455
14.3478	31.806	-15.896
14.5565	32.328	-16.344
14.7683	32.851	-16.799
14.9831	33.373	-17.261
15.2010	33.896	-17.729
15.4221	34.419	-18.205
15.6464	34.941	-18.687
15.8740	35.464	-19.177
16.1049	35.986	-19.674
16.3392	36.509	-20.179
16.5768	37.032	-20.691
16.8179	37.554	-21.211
17.0626	38.077	-21.739
17.3107	38.599	-22.275
17.5625	39.122	-22.819
17.8180	39.644	-23.371
18.0771	40.167	-23.932
18.3401	40.690	-24.501
18.6068	41.212	-25.079
18.8775	41.735	-25.666
19.1521	42.257	-26.262
19.4306	42.780	-26.867
19.7133	43.302	-27.481
20.0000	43.825	-28.105
20.2909	44.348	-28.738
20.5860	44.870	-29.382
20.8855	45.393	-30.035
21.1893	45.915	-30.698
21.4975	46.438	-31.373
21.8102	46.960	-32.057
22.1274	47.483	-32.752
22.4492	48.006	-33.459
22.7758	48.528	-34.176
23.1071	49.051	-34.905
23.4432	49.573	-35.646
23.7841	50.096	-36.398
24.1301	50.618	-37.163
24.4811	51.141	-37.940
24.8372	51.664	-38.729
25.1984	52.186	-39.531
25.5649	52.709	-40.346
25.9368	53.231	-41.174
26.3141	53.754	-42.017
26.6968	54.276	-42.873
27.0851	54.799	-43.743
27.4791	55.322	-44.628
27.8788	55.844	-45.527
28.2843	56.367	-46.442
28.6957	56.889	-47.372
29.1131	57.412	-48.318
29.5365	57.934	-49.280
29.9661	58.457	-50.259
30.4020	58.980	-51.255
30.8442	59.502	-52.268
31.2929	60.025	-53.299
31.7480	60.547	-54.349
32.2098	61.070	-55.416
32.6783	61.592	-56.504
33.1536	62.115	-57.611
33.6359	62.638	-58.737
34.1251	63.160	-59.885
34.6215	63.683	-61.055
35.1250	64.205	-62.246
35.6359	64.728	-63.460
36.1543	65.251	-64.698
36.6802	65.773	-65.960
37.2137	66.296	-67.247
37.7550	66.818	-68.561
38.3041	67.341	-69.902
38.8613	67.863	-71.273
39.4265	68.386	-72.677
40.0000	68.909	-74.123
40.5818	69.426	-75.601
41.1721	69.938	-77.102
41.7710	70.438	-78.578
42.3785	70.938	-79.986
42.9949	71.457	-81.357
43.6203	71.996	-82.742
44.2548	72.567	-84.215
44.8985	73.164	-85.890
45.5515	73.763	-87.817
46.2141	74.350	-89.987
46.8863	74.904	-92.351
47.5683	75.416	-94.793
48.2602	75.901	-97.256
48.9621	76.355	-99.672
49.6743	76.809	-102.037
50.3968	77.267	-104.431
51.1299	77.710	-106.868
51.8736	78.145	-109.338
52.6281	78.562	-111.857
53.3936	78.949	-114.389
54.1702	79.316	-116.873
54.9581	79.663	-119.288
55.7575	79.993	-121.600
56.5685	80.310	-123.786
57.3914	80.625	-125.846
58.2261	80.932	-127.750
59.0730	81.249	-129.460
59.9323	81.597	-131.029
60.8040	81.977	-132.527
61.6884	82.403	-134.028
62.5857	82.881	-135.670
63.4960	83.389	-137.571
64.4196	83.907	-139.765
65.3566	84.421	-142.261
66.3073	84.906	-145.005
67.2717	85.356	-147.929
68.2502	85.758	-150.903
69.2429	86.134	-153.848
70.2501	86.504	-156.786
71.2719	86.864	-159.722
72.3086	87.235	-162.688
73.3603	87.611	-165.770
74.4274	87.972	-169.000
75.5099	88.316	-172.365
76.6083	88.628	-175.853
77.7226	88.905	-179.396
78.8531	89.157	177.015
80.0000	89.375	173.381
81.1636	89.553	169.757
82.3442	89.694	166.193
83.5419	89.796	162.730
84.7570	89.865	159.406
85.9899	89.911	156.265
87.2406	89.946	153.310
88.5096	89.982	150.519
89.7970	90.020	147.846
91.1031	90.058	145.263
92.4282	90.096	142.749
93.7726	90.130	140.291
95.1366	90.158	137.895
96.5204	90.177	135.568
97.9243	90.189	133.324
99.3486	90.194	131.173
100.794	90.199	129.124
102.260	90.206	127.161
103.747	90.219	125.262
105.256	90.234	123.412
106.787	90.249	121.605
108.340	90.265	119.839
109.916	90.278	118.115
111.515	90.293	116.430
113.137	90.307	114.776
114.783	90.318	113.153
116.452	90.321	111.581
118.146	90.316	110.086
119.865	90.311	108.689
121.608	90.312	107.388
123.377	90.325	106.150
125.171	90.350	104.939
126.992	90.380	103.740
128.839	90.413	102.553
130.713	90.448	101.386
132.615	90.492	100.229
134.543	90.541	99.059
136.500	90.590	97.878
138.486	90.642	96.676
140.500	90.684	95.463
142.544	90.717	94.288
144.617	90.753	93.169
146.721	90.792	92.091
148.855	90.841	91.036
151.020	90.901	89.966
153.217	90.966	88.846
155.445	91.031	87.671
157.706	91.090	86.440
160.000	91.137	85.169
162.327	91.167	83.901
164.688	91.186	82.670
167.084	91.192	81.504
169.514	91.194	80.425
171.980	91.200	79.419
174.481	91.210	78.461
177.019	91.230	77.523
179.594	91.251	76.577
182.206	91.268	75.629
184.856	91.280	74.693
187.545	91.285	73.793
190.273	91.287	72.951
193.041	91.288	72.168
195.849	91.293	71.446
198.697	91.305	70.767
201.587	91.324	70.111
204.520	91.350	69.462
207.494	91.381	68.802
210.512	91.411	68.130
213.574	91.441	67.457
216.681	91.468	66.787
219.833	91.489	66.142
223.030	91.510	65.541
226.274	91.533	64.978
229.565	91.556	64.462
232.905	91.587	63.993
236.292	91.626	63.556
239.729	91.677	63.133
243.216	91.741	62.694
246.754	91.815	62.208
250.343	91.895	61.657
253.984	91.979	61.026
257.678	92.058	60.313
261.426	92.126	59.544
265.229	92.183	58.739
269.087	92.228	57.916
273.001	92.255	57.105
276.972	92.265	56.352
281.000	92.263	55.695
285.088	92.254	55.164
289.234	92.246	54.775
293.441	92.252	54.517
297.709	92.279	54.345
302.040	92.326	54.209
306.433	92.395	54.077
310.890	92.485	53.905
315.412	92.592	53.658
320.000	92.713	53.306
324.655	92.841	52.832
329.377	92.970	52.224
334.168	93.090	51.494
339.028	93.197	50.671
343.959	93.286	49.793
348.962	93.358	48.898
354.038	93.413	48.027
359.188	93.457	47.208
364.412	93.495	46.449
369.713	93.530	45.760
375.090	93.574	45.121
380.546	93.625	44.490
386.081	93.679	43.856
391.697	93.741	43.199
397.394	93.803	42.491
403.175	93.857	41.751
409.039	93.907	40.995
414.989	93.951	40.224
421.025	93.984	39.469
427.149	94.015	38.742
433.362	94.044	38.031
439.665	94.068	37.346
446.060	94.096	36.678
452.548	94.121	36.009
459.131	94.140	35.360
465.809	94.159	34.744
472.584	94.176	34.165
479.458	94.200	33.619
486.432	94.234	33.070
493.507	94.274	32.477
500.686	94.317	31.811
507.968	94.349	31.068
515.357	94.359	30.295
522.853	94.344	29.567
530.458	94.309	28.959
538.174	94.269	28.523
546.002	94.235	28.263
553.943	94.226	28.141
562.001	94.250	28.067
570.175	94.303	27.943
578.469	94.374	27.705
586.883	94.450	27.335
595.419	94.520	26.850
604.080	94.577	26.299
612.866	94.622	25.725
621.780	94.656	25.154
630.824	94.681	24.609
640.000	94.701	24.107
649.309	94.717	23.658
658.753	94.732	23.273
668.335	94.753	22.949
678.056	94.782	22.675
687.919	94.823	22.430
697.925	94.877	22.191
708.077	94.947	21.923
718.376	95.026	21.599
728.825	95.115	21.198
739.426	95.209	20.694
750.181	95.291	20.109
761.093	95.365	19.491
772.163	95.431	18.863
783.394	95.495	18.254
794.789	95.569	17.636
806.349	95.653	16.943
818.078	95.731	16.157
829.977	95.802	15.284
842.050	95.851	14.351
854.298	95.876	13.433
866.724	95.885	12.588
879.330	95.887	11.838
892.120	95.891	11.183
905.097	95.903	10.606
918.262	95.931	10.070
931.618	95.978	9.507
945.169	96.038	8.863
958.917	96.103	8.093
972.864	96.157	7.186
987.015	96.180	6.218
1001.37	96.173	5.298
1015.94	96.147	4.503
1030.71	96.116	3.879
1045.71	96.103	3.412
1060.92	96.126	2.997
1076.35	96.178	2.504
1092.00	96.245	1.863
1107.89	96.310	1.051
1124.00	96.353	0.112
1140.35	96.364	-0.856
1156.94	96.353	-1.764
1173.77	96.329	-2.565
1190.84	96.306	-3.242
1208.16	96.295	-3.818
1225.73	96.304	-4.353
1243.56	96.333	-4.914
1261.65	96.378	-5.552
1280.00	96.433	-6.311
1298.62	96.488	-7.216
1317.51	96.528	-8.252
1336.67	96.547	-9.383
1356.11	96.536	-10.546
1375.84	96.497	-11.666
1395.85	96.437	-12.691
1416.15	96.365	-13.590
1436.75	96.290	-14.348
1457.65	96.226	-14.996
1478.85	96.175	-15.593
1500.36	96.134	-16.191
1522.19	96.095	-16.811
1544.33	96.046	-17.432
1566.79	95.985	-18.005
1589.58	95.915	-18.479
1612.70	95.846	-18.821
1636.16	95.791	-19.045
1659.95	95.751	-19.184
1684.10	95.727	-19.252
1708.60	95.721	-19.246
1733.45	95.747	-19.194
1758.66	95.811	-19.173
1784.24	95.914	-19.286
1810.19	96.046	-19.630
1836.52	96.184	-20.247
1863.24	96.310	-21.108
1890.34	96.411	-22.152
1917.83	96.481	-23.296
1945.73	96.527	-24.477
1974.03	96.546	-25.648
2002.74	96.543	-26.759
2031.87	96.525	-27.770
2061.43	96.502	-28.656
2091.41	96.490	-29.435
2121.83	96.492	-30.160
2152.69	96.508	-30.870
2184.01	96.540	-31.610
2215.77	96.578	-32.407
2248.00	96.622	-33.270
2280.70	96.662	-34.193
2313.87	96.695	-35.142
2347.53	96.726	-36.090
2381.68	96.753	-37.010
2416.32	96.791	-37.896
2451.46	96.851	-38.804
2487.12	96.930	-39.806
2523.30	97.021	-40.953
2560.00	97.112	-42.271
2597.24	97.188	-43.737
2635.01	97.243	-45.288
2673.34	97.286	-46.890
2712.23	97.319	-48.540
2751.68	97.343	-50.245
2791.70	97.356	-52.016
2832.31	97.343	-53.833
2873.50	97.301	-55.634
2915.30	97.231	-57.361
2957.70	97.134	-58.932
3000.72	97.027	-60.266
3044.37	96.932	-61.341
3088.65	96.872	-62.195
3133.58	96.871	-62.942
3179.16	96.935	-63.741
3225.40	97.059	-64.755
3272.31	97.229	-66.119
3319.91	97.417	-67.903
3368.20	97.606	-70.119
3417.19	97.774	-72.752
3466.89	97.901	-75.746
3517.32	97.971	-79.011
3568.48	97.973	-82.435
3620.39	97.909	-85.909
3673.05	97.789	-89.345
3726.47	97.625	-92.665
3780.67	97.439	-95.857
3835.67	97.241	-98.959
3891.46	97.036	-102.033
3948.06	96.819	-105.111
4005.49	96.574	-108.186
4063.75	96.304	-111.240
4122.86	96.002	-114.256
4182.82	95.672	-117.189
4243.66	95.329	-120.019
4305.39	94.978	-122.790
4368.01	94.618	-125.545
4431.55	94.236	-128.320
4496.01	93.813	-131.060
4561.40	93.349	-133.686
4627.75	92.845	-136.132
4695.06	92.311	-138.330
4763.35	91.767	-140.251
4832.64	91.224	-141.898
4902.93	90.692	-143.285
4974.24	90.182	-144.448
5046.60	89.713	-145.473
5120.00	89.302	-146.526
5194.47	88.938	-147.802
5270.03	88.602	-149.480
5346.68	88.236	-151.651
5424.45	87.776	-154.194
5503.35	87.197	-156.856
5583.40	86.489	-159.420
5664.61	85.645	-161.564
5747.01	84.703	-162.996
5830.60	83.742	-163.715
5915.41	82.704	-163.548
6001.45	81.691	-162.228
6088.74	80.793	-160.087
6177.30	79.922	-157.109
6267.15	79.195	-153.295
6358.31	78.653	-149.248
6450.80	78.224	-145.128
6544.62	77.964	-141.261
6639.82	77.795	-137.773
6736.40	77.724	-134.817
6834.38	77.712	-132.525
6933.79	77.717	-130.906
7034.64	77.701	-129.842
7136.96	77.645	-129.153
7240.77	77.549	-128.677
7346.09	77.422	-128.319
7452.94	77.278	-128.046
7561.35	77.129	-127.918
7671.33	76.956	-127.979
7782.91	76.757	-128.275
7896.12	76.471	-128.702
8010.97	76.093	-128.991
8127.49	75.646	-128.957
8245.71	75.120	-128.325
8365.65	74.590	-126.813
8487.33	74.151	-124.525
8610.78	73.826	-121.738
8736.03	73.657	-118.927
8863.09	73.607	-116.564
8992.01	73.624	-114.912
9122.80	73.629	-113.954
9255.50	73.570	-113.426
9390.12	73.435	-113.006
9526.70	73.238	-112.403
9665.27	73.037	-111.484
9805.86	72.876	-110.359
9948.49	72.773	-109.289
10093.2	72.710	-108.549
10240.0	72.636	-108.258
10388.9	72.493	-108.316
10540.1	72.232	-108.415
10693.4	71.851	-108.099
10848.9	71.408	-106.948
11006.7	70.986	-104.709
11166.8	70.692	-101.467
11329.2	70.595	-97.787
11494.0	70.705	-94.413
11661.2	70.969	-91.887
11830.8	71.330	-90.446
12002.9	71.710	-90.177
12177.5	72.022	-90.935
12354.6	72.220	-92.449
12534.3	72.250	-94.418
12716.6	72.068	-96.378
12901.6	71.708	-97.768
13089.2	71.262	-98.220
13279.6	70.828	-97.633
13472.8	70.481	-96.191
13668.8	70.273	-94.359
13867.6	70.186	-92.644
14069.3	70.158	-91.257
14273.9	70.156	-90.183
14481.5	70.156	-89.338
14692.2	70.156	-88.648
14905.9	70.156	-88.076
15122.7	70.156	-87.603
15342.7	70.156	-87.217
15565.8	70.156	-86.912
15792.2	70.156	-86.683
16021.9	70.156	-86.528
16255.0	70.156	-86.447
16491.4	70.156	-86.440
16731.3	70.156	-86.511
16974.7	70.156	-86.664
17221.6	70.156	-86.904
17472.1	70.156	-87.242
17726.2	70.156	-87.690
17984.0	70.156	-88.266
18245.6	70.156	-88.998
18511.0	70.156	-89.929
18780.2	70.156	-91.141
19053.4	70.149	-92.773
19330.5	70.085	-94.842
19611.7	69.919	-97.319
19897.0	69.544	-99.739
20186.4	68.981	-101.521
20480.0	68.331	-102.370
20777.9	67.635	-101.953
21080.1	67.053	-100.301
21386.7	66.673	-98.226
21697.8	66.408	-96.233
22013.4	66.231	-94.548
22333.6	66.061	-93.066
22658.4	65.914	-91.627
22988.0	65.808	-90.306
23322.4	65.718	-89.150
23661.6	65.643	-88.152
24005.8	65.567	-87.283
24355.0	65.491	-86.501
24709.2	65.415	-85.788
25068.6	65.339	-85.129
25433.2	65.263	-84.517
25803.2	65.187	-83.944
26178.5	65.111	-83.405
26559.3	65.035	-82.896
26945.6	64.959	-82.415
27337.5	64.883	-81.958
27735.2	64.807	-81.523
28138.6	64.731	-81.108
28547.9	64.656	-80.713
28963.1	64.580	-80.334
29384.4	64.504	-79.972
29811.8	64.428	-79.625
30245.4	64.352	-79.292
30685.3	64.276	-78.973
31131.7	64.200	-78.668
31584.5	64.124	-78.374
32043.9	64.048	-78.093
32510.0	63.972	-77.823
32982.8	63.896	-77.565
33462.6	63.820	-77.317
33949.3	63.745	-77.081
34443.1	63.669	-76.855
34944.1	63.593	-76.640
35452.4	63.517	-76.435
35968.0	63.441	-76.242
36491.2	63.365	-76.061
37022.0	63.289	-75.892
37560.5	63.213	-75.738
38106.8	63.144	-75.611
38661.1	63.082	-75.511
39223.4	63.036	-75.444
39793.9	63.000	-75.396
