499.47104	43.92	-82.5
507.84232	44.38	-82.3
516.35388	44.98	-82.2
525.00806	45.61	-82.2
533.80737	46.25	-82.3
542.75409	46.89	-82.5
551.85077	47.52	-82.8
561.09991	48.14	-83.3
570.50409	48.75	-83.8
580.06592	49.34	-84.4
589.78796	49.93	-85.1
599.67291	50.49	-85.8
609.72357	51.06	-86.5
619.94275	51.61	-87.4
630.33313	52.14	-88.2
640.89764	52.67	-89.1
651.63922	53.18	-90
662.56085	53.68	-90.8
673.66559	54.17	-91.7
684.95636	54.66	-92.6
696.4364	55.14	-93.4
708.10883	55.63	-94.3
719.97693	56.1	-95.2
732.04388	56.58	-96
744.31317	57.05	-96.8
756.78802	57.52	-97.7
769.47198	58	-98.6
782.36853	58.47	-99.5
795.4812	58.95	-100.4
808.81366	59.43	-101.5
822.36957	59.9	-102.6
836.15271	60.36	-103.7
850.16681	60.81	-105
864.41583	61.26	-106.3
878.90363	61.69	-107.7
893.63428	62.1	-109.1
908.61182	62.49	-110.5
923.84033	62.86	-111.9
939.32416	63.22	-113.4
955.06744	63.54	-114.6
971.07465	63.85	-115.8
987.3501	64.13	-116.8
1003.8983	64.41	-117.7
1020.7239	64.68	-118.4
1037.8315	64.96	-118.7
1055.2258	65.24	-118.9
1072.9116	65.55	-118.8
1090.8939	65.89	-118.6
1109.1775	66.27	-118.2
1127.7676	66.69	-117.8
1146.6693	67.15	-117.4
1165.8877	67.66	-117.2
1185.4283	68.18	-117.1
1205.2964	68.73	-117.1
1225.4974	69.28	-117.3
1246.0371	69.84	-117.7
1266.9209	70.41	-118.1
1288.1549	70.98	-118.6
1309.7446	71.55	-119.2
1331.6963	72.14	-119.9
1354.0157	72.74	-120.6
1376.7095	73.36	-121.5
1399.7834	73.98	-122.7
1423.2441	74.62	-124
1447.0981	75.25	-125.7
1471.3518	75.85	-127.5
1496.012	76.42	-129.7
1521.0856	76.96	-131.8
1546.5793	77.45	-134
1572.5004	77.92	-136.2
1598.856	78.38	-138.2
1625.6531	78.83	-140
1652.8994	79.3	-141.9
1680.6024	79.81	-143.8
1708.7697	80.35	-146
1737.4091	80.87	-148.6
1766.5284	81.37	-151.6
1796.136	81.82	-155
1826.2397	82.17	-158.4
1856.8479	82.44	-161.8
1887.9691	82.65	-164.9
1919.6121	82.83	-167.5
1951.7852	83.02	-169.7
1984.4976	83.24	-171.7
2017.7582	83.5	-173.8
2051.5764	83.76	-176.1
2085.9612	84	-178.8
2120.9224	84.15	178.7
2156.4695	84.25	176.4
2192.6125	84.32	174.7
2229.3613	84.42	173.5
2266.7258	84.59	172.6
2304.7168	84.85	171.6
2343.3445	85.12	170.1
2382.6194	85.37	168.4
2422.5527	85.59	166.9
2463.1553	85.81	165.2
2504.4385	86.04	162.7
2546.4133	86.18	159.4
2589.0918	86.21	156.5
2632.4858	86.18	154
2676.6069	86.09	151.8
2721.4673	85.93	150
2767.0798	85.69	149.2
2813.4568	85.44	149.7
2860.6111	85.32	152
2908.5557	85.53	155.3
2957.3037	86.13	157.9
3006.8689	86.93	158.4
3057.2646	87.68	156.5
3108.5051	88.21	153.6
3160.6045	88.54	150.7
3213.5769	88.77	148.6
3267.4375	89.04	147.1
3322.2004	89.37	145.4
3377.8813	89.67	143.5
3434.4954	89.94	141.7
3492.0583	90.24	140.3
3550.5862	90.65	138.6
3610.095	91.08	135.9
3670.6008	91.39	132.3
3732.1211	91.51	128.6
3794.6724	91.5	125.8
3858.272	91.49	123.8
3922.9375	91.54	122.3
3988.687	91.58	121
4055.5383	91.64	120.4
4123.5103	91.87	120.6
4192.6211	92.39	120.1
4262.8906	92.98	117.4
4334.3379	93.37	112.9
4406.9824	93.51	108.4
4480.8442	93.53	104.2
4555.9443	93.43	99.7
4632.3032	93.04	95.6
4709.9419	92.43	93.7
4788.8813	91.95	94.8
4869.1445	91.79	96.6
4950.7524	91.81	98.3
5033.728	91.98	100.2
5118.0947	92.39	101.8
5203.875	92.95	102.1
5291.0933	93.5	101.1
5379.7734	94.03	99.6
5469.9399	94.61	97.5
5561.6172	95.19	93.8
5654.8315	95.58	89.1
5749.6079	95.81	83.9
5845.9727	95.85	78.4
5943.9526	95.65	73.4
6043.5747	95.33	69.7
6144.8662	94.98	66.8
6247.856	94.56	64.9
6352.5713	94.16	64.9
6459.042	94.06	66.4
6567.2974	94.37	67.1
6677.3667	94.76	65.4
6789.2808	94.99	62.3
6903.0708	95.03	58.8
7018.7681	95	55.9
7136.4043	94.93	52.4
7256.0122	94.67	49.1
7377.625	94.29	46.8
7501.2759	93.88	45.8
7626.999	93.56	45.8
7754.8291	93.35	46.9
7884.8022	93.45	48.2
8016.9531	93.72	47.9
8151.3193	93.97	46.1
8287.9375	94.04	43.3
8426.8457	93.92	40.9
8568.0811	93.71	39.3
8711.6846	93.58	38.8
8857.6943	93.54	37.7
9006.1514	93.29	36.9
9157.0967	93.13	38.4
9310.5723	93.41	40.2
9466.6191	94.02	39.8
9625.2822	94.55	35.8
9786.6045	94.68	30.2
9950.6309	94.39	24.9
10117.405	93.8	21.6
10286.976	93.16	21.3
10459.388	92.94	23.6
10634.69	93.24	24.1
10812.93	93.46	21.3
10994.157	93.3	17.8
11178.422	92.85	15
11365.775	92.19	15.5
11556.268	92.01	19.8
11749.954	92.65	22.3
11946.886	93.33	20.2
12147.119	93.65	16.5
12350.708	93.78	12.6
12557.708	93.64	9.1
12768.179	93.55	7.2
12982.177	93.49	4.7
13199.761	93.4	3.3
13420.992	93.69	1.2
13645.931	93.79	-4.5
13874.641	93.35	-9.6
14107.183	92.79	-12.3
14343.623	92.28	-12.2
14584.025	92.46	-11.6
14828.457	92.64	-15.7
15076.986	92.41	-20.2
15329.68	91.92	-23.9
15586.609	91.41	-24.5
15847.844	91.51	-25
16113.458	91.63	-28.4
16383.524	91.5	-33.9
16658.115	90.72	-37.8
16937.311	90.26	-36.6
17221.184	90.47	-37
17509.814	90.78	-41.5
17803.283	90.47	-48.4
18101.67	89.92	-53
18405.059	89.3	-57.3
18713.531	88.78	-60.5
19027.176	88.25	-64.5
19346.076	87.65	-69.2
19670.32	86.75	-71.4
20000	86.48	-71.2
