5.00000	-71.300	32.892
5.07273	-71.034	32.837
5.14651	-70.689	32.772
5.22137	-70.233	32.704
5.29732	-69.731	32.654
5.37437	-69.182	32.608
5.45254	-68.632	32.570
5.53185	-68.083	32.533
5.61231	-67.533	32.498
5.69394	-66.983	32.462
5.77676	-66.434	32.427
5.86079	-65.884	32.392
5.94604	-65.334	32.357
6.03252	-64.785	32.322
6.12027	-64.235	32.287
6.20929	-63.686	32.252
6.29961	-63.136	32.217
6.39124	-62.586	32.182
6.48420	-62.037	32.146
6.57851	-61.487	32.111
6.67420	-60.938	32.075
6.77128	-60.388	32.040
6.86977	-59.838	32.004
6.96969	-59.289	31.969
7.07107	-58.739	31.932
7.17392	-58.189	31.895
7.27827	-57.640	31.858
7.38413	-57.090	31.821
7.49154	-56.541	31.784
7.60050	-55.991	31.746
7.71105	-55.441	31.709
7.82321	-54.892	31.671
7.93701	-54.342	31.632
8.05245	-53.792	31.593
8.16958	-53.243	31.554
8.28841	-52.693	31.514
8.40896	-52.144	31.474
8.53128	-51.594	31.433
8.65537	-51.044	31.392
8.78126	-50.495	31.351
8.90899	-49.945	31.309
9.03857	-49.395	31.267
9.17004	-48.846	31.224
9.30342	-48.296	31.181
9.43874	-47.747	31.137
9.57603	-47.197	31.093
9.71532	-46.647	31.049
9.85663	-46.098	31.004
10.0000	-45.548	30.958
10.1455	-44.999	30.912
10.2930	-44.449	30.865
10.4427	-43.899	30.818
10.5946	-43.350	30.770
10.7487	-42.800	30.722
10.9051	-42.250	30.673
11.0637	-41.701	30.624
11.2246	-41.151	30.574
11.3879	-40.602	30.524
11.5535	-40.052	30.473
11.7216	-39.502	30.421
11.8921	-38.953	30.368
12.0650	-38.403	30.315
12.2405	-37.853	30.261
12.4186	-37.304	30.206
12.5992	-36.754	30.151
12.7825	-36.205	30.095
12.9684	-35.655	30.038
13.1570	-35.105	29.981
13.3484	-34.556	29.923
13.5426	-34.006	29.864
13.7395	-33.456	29.805
13.9394	-32.907	29.745
14.1421	-32.357	29.684
14.3478	-31.808	29.622
14.5565	-31.258	29.559
14.7683	-30.708	29.495
14.9831	-30.159	29.431
15.2010	-29.609	29.365
15.4221	-29.060	29.299
15.6464	-28.510	29.232
15.8740	-27.960	29.164
16.1049	-27.411	29.096
16.3392	-26.861	29.026
16.5768	-26.311	28.955
16.8179	-25.762	28.884
17.0626	-25.212	28.811
17.3107	-24.663	28.737
17.5625	-24.113	28.663
17.8180	-23.563	28.587
18.0771	-23.014	28.511
18.3401	-22.464	28.433
18.6068	-21.914	28.354
18.8775	-21.365	28.275
19.1521	-20.815	28.193
19.4306	-20.266	28.112
19.7133	-19.716	28.029
20.0000	-19.166	27.944
20.2909	-18.617	27.859
20.5860	-18.067	27.772
20.8855	-17.517	27.684
21.1893	-16.968	27.595
21.4975	-16.418	27.505
21.8102	-15.869	27.413
22.1274	-15.319	27.321
22.4492	-14.769	27.226
22.7758	-14.220	27.131
23.1071	-13.670	27.034
23.4432	-13.120	26.936
23.7841	-12.571	26.836
24.1301	-12.021	26.735
24.4811	-11.472	26.633
24.8372	-10.922	26.529
25.1984	-10.372	26.424
25.5649	-9.823	26.317
25.9368	-9.273	26.209
26.3141	-8.724	26.099
26.6968	-8.174	25.988
27.0851	-7.624	25.876
27.4791	-7.075	25.761
27.8788	-6.525	25.645
28.2843	-5.975	25.527
28.6957	-5.426	25.408
29.1131	-4.876	25.287
29.5365	-4.327	25.164
29.9661	-3.777	25.039
30.4020	-3.227	24.913
30.8442	-2.678	24.785
31.2929	-2.128	24.654
31.7480	-1.578	24.523
32.2098	-1.029	24.389
32.6783	-0.479	24.253
33.1536	0.070	24.115
33.6359	0.620	23.976
34.1251	1.170	23.835
34.6215	1.719	23.691
35.1250	2.269	23.546
35.6359	2.819	23.398
36.1543	3.368	23.248
36.6802	3.918	23.096
37.2137	4.467	22.942
37.7550	5.017	22.785
38.3041	5.567	22.627
38.8613	6.116	22.466
39.4265	6.666	22.303
40.0000	7.215	22.137
40.5818	7.765	21.969
41.1721	8.315	21.799
41.7710	8.864	21.626
42.3785	9.414	21.451
42.9949	9.964	21.273
43.6203	10.513	21.092
44.2548	11.063	20.909
44.8985	11.612	20.724
45.5515	12.162	20.535
46.2141	12.712	20.344
46.8863	13.261	20.150
47.5683	13.811	19.954
48.2602	14.361	19.754
48.9621	14.910	19.552
49.6743	15.460	19.347
50.3968	16.009	19.138
51.1299	16.559	18.927
51.8736	17.109	18.712
52.6281	17.658	18.495
53.3936	18.208	18.274
54.1702	18.758	18.050
54.9581	19.307	17.823
55.7575	19.857	17.593
56.5685	20.406	17.359
57.3914	20.956	17.122
58.2261	21.506	16.881
59.0730	22.055	16.637
59.9323	22.605	16.390
60.8040	23.154	16.138
61.6884	23.704	15.883
62.5857	24.254	15.625
63.4960	24.803	15.362
64.4196	25.353	15.096
65.3566	25.903	14.826
66.3073	26.452	14.552
67.2717	27.002	14.274
68.2502	27.551	13.991
69.2429	28.101	13.705
70.2501	28.651	13.415
71.2719	29.200	13.120
72.3086	29.750	12.821
73.3603	30.300	12.518
74.4274	30.849	12.210
75.5099	31.399	11.897
76.6083	31.948	11.581
77.7226	32.498	11.259
78.8531	33.048	10.933
80.0000	33.597	10.602
81.1636	34.147	10.266
82.3442	34.697	9.925
83.5419	35.246	9.579
84.7570	35.796	9.228
85.9899	36.345	8.872
87.2406	36.895	8.511
88.5096	37.445	8.144
89.7970	37.994	7.772
91.1031	38.544	7.395
92.4282	39.093	7.012
93.7726	39.643	6.623
95.1366	40.193	6.228
96.5204	40.742	5.828
97.9243	41.292	5.422
99.3486	41.842	5.010
100.794	42.391	4.591
102.260	42.941	4.167
103.747	43.490	3.736
105.256	44.040	3.299
106.787	44.590	2.855
108.340	45.139	2.405
109.916	45.689	1.948
111.515	46.239	1.484
113.137	46.788	1.013
114.783	47.338	0.535
116.452	47.887	0.051
118.146	48.437	-0.442
119.865	48.987	-0.941
121.608	49.536	-1.448
123.377	50.086	-1.962
125.171	50.636	-2.484
126.992	51.185	-3.014
128.839	51.735	-3.552
130.713	52.284	-4.098
132.615	52.834	-4.652
134.543	53.384	-5.215
136.500	53.933	-5.786
138.486	54.483	-6.366
140.500	55.032	-6.954
142.544	55.582	-7.551
144.617	56.132	-8.157
146.721	56.681	-8.773
148.855	57.231	-9.398
151.020	57.781	-10.032
153.217	58.330	-10.676
155.445	58.880	-11.330
157.706	59.429	-11.994
160.000	59.979	-12.668
162.327	60.529	-13.352
164.688	61.078	-14.047
167.084	61.628	-14.752
169.514	62.178	-15.468
171.980	62.727	-16.195
174.481	63.277	-16.934
177.019	63.826	-17.684
179.594	64.376	-18.446
182.206	64.926	-19.219
184.856	65.475	-20.004
187.545	66.025	-20.802
190.273	66.575	-21.612
193.041	67.124	-22.435
195.849	67.674	-23.271
198.697	68.223	-24.120
201.587	68.773	-24.983
204.520	69.323	-25.859
207.494	69.872	-26.749
210.512	70.422	-27.653
213.574	70.972	-28.572
216.681	71.521	-29.505
219.833	72.071	-30.453
223.030	72.620	-31.417
226.274	73.170	-32.396
229.565	73.720	-33.391
232.905	74.269	-34.403
236.292	74.819	-35.431
239.729	75.368	-36.476
243.216	75.918	-37.538
246.754	76.468	-38.618
250.343	77.017	-39.716
253.984	77.567	-40.832
257.678	78.117	-41.967
261.426	78.666	-43.121
265.229	79.216	-44.295
269.087	79.765	-45.489
273.001	80.315	-46.704
276.972	80.865	-47.939
281.000	81.414	-49.196
285.088	81.964	-50.476
289.234	82.514	-51.778
293.441	83.063	-53.103
297.709	83.613	-54.452
302.040	84.162	-55.825
306.433	84.712	-57.224
310.890	85.262	-58.649
315.412	85.811	-60.100
320.000	86.361	-61.579
324.655	86.911	-63.086
329.377	87.460	-64.622
334.168	88.010	-66.189
339.028	88.559	-67.788
343.959	89.109	-69.419
348.962	89.659	-71.084
354.038	90.208	-72.785
359.188	90.758	-74.525
364.412	91.307	-76.304
369.713	91.857	-78.127
375.090	92.407	-79.998
380.546	92.956	-81.924
386.081	93.506	-83.920
391.697	94.052	-85.998
397.394	94.587	-88.153
403.175	95.101	-90.351
409.039	95.585	-92.501
414.989	96.055	-94.515
421.025	96.529	-96.364
427.149	97.035	-98.081
433.362	97.597	-99.800
439.665	98.215	-101.711
446.060	98.858	-103.952
452.548	99.487	-106.502
459.131	100.091	-109.286
465.809	100.672	-112.292
472.584	101.197	-115.391
479.458	101.692	-118.445
486.432	102.166	-121.400
493.507	102.642	-124.252
500.686	103.163	-127.120
507.968	103.717	-130.167
515.357	104.299	-133.507
522.853	104.883	-137.238
530.458	105.413	-141.375
538.174	105.855	-145.729
546.002	106.206	-150.090
553.943	106.485	-154.305
562.001	106.719	-158.298
570.175	106.941	-162.061
578.469	107.171	-165.648
586.883	107.403	-169.129
595.419	107.622	-172.511
604.080	107.816	-175.737
612.866	108.011	-178.750
621.780	108.245	178.387
630.824	108.543	175.502
640.000	108.895	172.392
649.309	109.266	168.932
658.753	109.612	165.104
668.335	109.903	160.968
678.056	110.120	156.671
687.919	110.276	152.338
697.925	110.368	148.072
708.077	110.406	143.956
718.376	110.401	140.024
728.825	110.354	136.321
739.426	110.276	132.930
750.181	110.197	129.858
761.093	110.123	127.042
772.163	110.061	124.460
783.394	110.022	122.056
794.789	110.006	119.760
806.349	110.004	117.524
818.078	110.014	115.338
829.977	110.039	113.172
842.050	110.080	110.982
854.298	110.125	108.742
866.724	110.170	106.444
879.330	110.204	104.087
892.120	110.214	101.711
905.097	110.200	99.386
918.262	110.164	97.179
931.618	110.119	95.125
945.169	110.074	93.226
958.917	110.038	91.463
972.864	110.019	89.794
987.015	110.016	88.147
1001.37	110.007	86.516
1015.94	109.984	84.982
1030.71	109.956	83.625
1045.71	109.938	82.511
1060.92	109.973	81.602
1076.35	110.090	80.679
1092.00	110.273	79.503
1107.89	110.508	77.867
1124.00	110.720	75.706
1140.35	110.854	73.211
1156.94	110.900	70.624
1173.77	110.847	68.217
1190.84	110.741	66.251
1208.16	110.649	64.794
1225.73	110.622	63.698
1243.56	110.689	62.673
1261.65	110.827	61.421
1280.00	110.994	59.797
1298.62	111.147	57.793
1317.51	111.252	55.511
1336.67	111.302	53.097
1356.11	111.285	50.720
1375.84	111.213	48.561
1395.85	111.113	46.723
1416.15	111.014	45.254
1436.75	110.968	44.079
1457.65	111.000	42.944
1478.85	111.089	41.600
1500.36	111.198	39.914
1522.19	111.275	37.904
1544.33	111.285	35.740
1566.79	111.231	33.644
1589.58	111.130	31.789
1612.70	111.017	30.274
1636.16	110.928	29.084
1659.95	110.900	28.076
1684.10	110.950	26.973
1708.60	111.042	25.515
1733.45	111.108	23.688
1758.66	111.100	21.683
1784.24	110.994	19.810
1810.19	110.830	18.372
1836.52	110.686	17.495
1863.24	110.637	16.997
1890.34	110.715	16.428
1917.83	110.864	15.412
1945.73	111.010	13.874
1974.03	111.094	11.993
2002.74	111.099	10.055
2031.87	111.065	8.264
2061.43	111.030	6.651
2091.41	111.020	5.135
2121.83	111.043	3.559
2152.69	111.066	1.817
2184.01	111.063	-0.056
2215.77	111.020	-1.960
2248.00	110.946	-3.784
2280.70	110.860	-5.475
2313.87	110.778	-7.065
2347.53	110.696	-8.590
2381.68	110.612	-10.054
2416.32	110.528	-11.469
2451.46	110.431	-12.801
2487.12	110.338	-13.998
2523.30	110.270	-15.108
2560.00	110.221	-16.208
2597.24	110.188	-17.327
2635.01	110.174	-18.510
2673.34	110.168	-19.802
2712.23	110.164	-21.214
2751.68	110.156	-22.747
2791.70	110.137	-24.401
2832.31	110.098	-26.182
2873.50	110.011	-28.008
2915.30	109.877	-29.745
2957.70	109.706	-31.281
3000.72	109.505	-32.507
3044.37	109.313	-33.360
3088.65	109.154	-33.888
3133.58	109.045	-34.172
3179.16	109.006	-34.349
3225.40	109.036	-34.579
3272.31	109.139	-35.052
3319.91	109.280	-35.912
3368.20	109.431	-37.161
3417.19	109.583	-38.817
3466.89	109.697	-40.856
3517.32	109.755	-43.142
3568.48	109.756	-45.541
3620.39	109.685	-47.938
3673.05	109.542	-50.129
3726.47	109.357	-51.947
3780.67	109.175	-53.329
3835.67	109.041	-54.333
3891.46	108.994	-55.172
3948.06	109.038	-56.153
4005.49	109.144	-57.530
4063.75	109.265	-59.407
4122.86	109.355	-61.733
4182.82	109.384	-64.373
4243.66	109.328	-67.119
4305.39	109.204	-69.757
4368.01	109.050	-72.201
4431.55	108.891	-74.456
4496.01	108.750	-76.582
4561.40	108.630	-78.708
4627.75	108.505	-80.894
4695.06	108.355	-83.091
4763.35	108.176	-85.171
4832.64	108.003	-87.059
4902.93	107.871	-88.813
4974.24	107.810	-90.608
5046.60	107.835	-92.744
5120.00	107.906	-95.503
5194.47	107.962	-98.993
5270.03	107.931	-103.116
5346.68	107.748	-107.632
5424.45	107.380	-112.169
5503.35	106.839	-116.302
5583.40	106.216	-119.794
5664.61	105.603	-122.701
5747.01	105.011	-125.178
5830.60	104.464	-127.400
5915.41	103.938	-129.693
6001.45	103.313	-132.060
6088.74	102.557	-134.049
6177.30	101.737	-135.305
6267.15	100.887	-135.643
6358.31	100.076	-134.897
6450.80	99.382	-133.211
6544.62	98.836	-130.866
6639.82	98.480	-128.258
6736.40	98.322	-125.943
6834.38	98.267	-124.245
6933.79	98.288	-123.215
7034.64	98.351	-122.866
7136.96	98.399	-123.082
7240.77	98.420	-123.622
7346.09	98.432	-124.276
7452.94	98.483	-124.981
7561.35	98.657	-126.035
7671.33	98.978	-127.967
7782.91	99.441	-131.371
7896.12	99.862	-136.473
8010.97	100.051	-142.791
8127.49	99.938	-149.881
8245.71	99.459	-157.484
8365.65	98.633	-165.201
8487.33	97.506	-172.122
8610.78	96.191	-177.840
8736.03	94.820	177.499
8863.09	93.313	173.869
8992.01	91.733	171.500
9122.80	90.223	170.023
9255.50	88.627	169.163
9390.12	86.910	169.252
9526.70	85.051	170.868
9665.27	83.117	175.093
9805.86	81.353	-177.088
9948.49	79.978	-165.973
10093.2	79.120	-153.608
10240.0	78.766	-142.554
10388.9	78.705	-133.737
10540.1	78.769	-126.716
10693.4	78.877	-120.877
10848.9	78.998	-115.826
11006.7	79.127	-111.390
11166.8	79.262	-107.515
11329.2	79.389	-104.139
11494.0	79.506	-101.212
11661.2	79.592	-98.623
11830.8	79.647	-96.241
12002.9	79.679	-93.975
12177.5	79.696	-91.782
12354.6	79.702	-89.627
12534.3	79.707	-87.498
12716.6	79.713	-85.396
12901.6	79.730	-83.337
13089.2	79.755	-81.356
13279.6	79.784	-79.458
13472.8	79.826	-77.654
13668.8	79.871	-75.973
13867.6	79.916	-74.401
14069.3	79.964	-72.951
14273.9	80.002	-71.614
14481.5	80.031	-70.345
14692.2	80.053	-69.112
14905.9	80.069	-67.876
15122.7	80.094	-66.645
15342.7	80.133	-65.487
15565.8	80.178	-64.460
15792.2	80.220	-63.586
16021.9	80.252	-62.866
16255.0	80.253	-62.244
16491.4	80.227	-61.627
16731.3	80.177	-60.948
16974.7	80.111	-60.138
17221.6	80.049	-59.195
17472.1	79.997	-58.159
17726.2	79.961	-57.072
17984.0	79.947	-56.012
18245.6	79.941	-55.024
18511.0	79.938	-54.114
18780.2	79.932	-53.271
19053.4	79.915	-52.461
19330.5	79.891	-51.640
19611.7	79.865	-50.789
19897.0	79.841	-49.902
20186.4	79.825	-48.991
20480.0	79.818	-48.096
20777.9	79.817	-47.238
21080.1	79.820	-46.426
21386.7	79.822	-45.653
21697.8	79.822	-44.905
22013.4	79.822	-44.176
22333.6	79.822	-43.465
22658.4	79.822	-42.770
22988.0	79.822	-42.092
23322.4	79.822	-41.428
23661.6	79.822	-40.779
24005.8	79.822	-40.144
24355.0	79.822	-39.522
24709.2	79.822	-38.914
25068.6	79.822	-38.317
25433.2	79.822	-37.732
25803.2	79.822	-37.159
26178.5	79.822	-36.596
26559.3	79.822	-36.043
26945.6	79.822	-35.499
27337.5	79.822	-34.959
27735.2	79.825	-34.430
28138.6	79.827	-33.908
28547.9	79.837	-33.410
28963.1	79.841	-32.944
29384.4	79.847	-32.490
29811.8	79.857	-32.086
30245.4	79.853	-31.707
30685.3	79.848	-31.314
31131.7	79.843	-30.932
31584.5	79.829	-30.536
32043.9	79.820	-30.117
32510.0	79.810	-29.696
32982.8	79.804	-29.277
33462.6	79.797	-28.867
33949.3	79.791	-28.463
34443.1	79.785	-28.065
34944.1	79.779	-27.672
35452.4	79.772	-27.282
35968.0	79.766	-26.897
36491.2	79.760	-26.516
37022.0	79.754	-26.139
37560.5	79.747	-25.764
38106.8	79.742	-25.427
38661.1	79.737	-25.123
39223.4	79.733	-24.897
39793.9	79.730	-24.724
