5.00000	-41.947	-30.400
5.07273	-41.725	-30.446
5.14651	-41.438	-30.501
5.22137	-41.056	-30.559
5.29732	-40.636	-30.601
5.37437	-40.175	-30.640
5.45254	-39.714	-30.672
5.53185	-39.252	-30.703
5.61231	-38.791	-30.733
5.69394	-38.330	-30.764
5.77676	-37.869	-30.793
5.86079	-37.408	-30.823
5.94604	-36.947	-30.853
6.03252	-36.486	-30.882
6.12027	-36.025	-30.912
6.20929	-35.564	-30.941
6.29961	-35.103	-30.971
6.39124	-34.641	-31.001
6.48420	-34.180	-31.031
6.57851	-33.719	-31.061
6.67420	-33.258	-31.091
6.77128	-32.797	-31.121
6.86977	-32.336	-31.151
6.96969	-31.875	-31.181
7.07107	-31.414	-31.212
7.17392	-30.953	-31.243
7.27827	-30.492	-31.275
7.38413	-30.030	-31.306
7.49154	-29.569	-31.338
7.60050	-29.108	-31.369
7.71105	-28.647	-31.401
7.82321	-28.186	-31.433
7.93701	-27.725	-31.466
8.05245	-27.264	-31.499
8.16958	-26.803	-31.533
8.28841	-26.342	-31.566
8.40896	-25.881	-31.600
8.53128	-25.419	-31.635
8.65537	-24.958	-31.669
8.78126	-24.497	-31.705
8.90899	-24.036	-31.740
9.03857	-23.575	-31.776
9.17004	-23.114	-31.812
9.30342	-22.653	-31.849
9.43874	-22.192	-31.885
9.57603	-21.731	-31.923
9.71532	-21.270	-31.960
9.85663	-20.809	-31.998
10.0000	-20.347	-32.037
10.1455	-19.886	-32.076
10.2930	-19.425	-32.116
10.4427	-18.964	-32.156
10.5946	-18.503	-32.196
10.7487	-18.042	-32.237
10.9051	-17.581	-32.278
11.0637	-17.120	-32.320
11.2246	-16.659	-32.363
11.3879	-16.198	-32.405
11.5535	-15.736	-32.449
11.7216	-15.275	-32.493
11.8921	-14.814	-32.537
12.0650	-14.353	-32.582
12.2405	-13.892	-32.628
12.4186	-13.431	-32.675
12.5992	-12.970	-32.721
12.7825	-12.509	-32.769
12.9684	-12.048	-32.817
13.1570	-11.587	-32.865
13.3484	-11.125	-32.914
13.5426	-10.664	-32.964
13.7395	-10.203	-33.015
13.9394	-9.742	-33.066
14.1421	-9.281	-33.117
14.3478	-8.820	-33.170
14.5565	-8.359	-33.223
14.7683	-7.898	-33.277
14.9831	-7.437	-33.332
15.2010	-6.976	-33.387
15.4221	-6.514	-33.444
15.6464	-6.053	-33.500
15.8740	-5.592	-33.558
16.1049	-5.131	-33.616
16.3392	-4.670	-33.675
16.5768	-4.209	-33.735
16.8179	-3.748	-33.796
17.0626	-3.287	-33.857
17.3107	-2.826	-33.920
17.5625	-2.365	-33.983
17.8180	-1.903	-34.047
18.0771	-1.442	-34.112
18.3401	-0.981	-34.178
18.6068	-0.520	-34.245
18.8775	-0.059	-34.312
19.1521	0.402	-34.381
19.4306	0.863	-34.450
19.7133	1.324	-34.521
20.0000	1.785	-34.592
20.2909	2.246	-34.664
20.5860	2.708	-34.738
20.8855	3.169	-34.813
21.1893	3.630	-34.888
21.4975	4.091	-34.965
21.8102	4.552	-35.042
22.1274	5.013	-35.121
22.4492	5.474	-35.201
22.7758	5.935	-35.281
23.1071	6.396	-35.364
23.4432	6.857	-35.447
23.7841	7.318	-35.531
24.1301	7.780	-35.617
24.4811	8.241	-35.704
24.8372	8.702	-35.791
25.1984	9.163	-35.881
25.5649	9.624	-35.971
25.9368	10.085	-36.062
26.3141	10.546	-36.156
26.6968	11.007	-36.250
27.0851	11.468	-36.345
27.4791	11.929	-36.442
27.8788	12.391	-36.541
28.2843	12.852	-36.640
28.6957	13.313	-36.742
29.1131	13.774	-36.844
29.5365	14.235	-36.948
29.9661	14.696	-37.054
30.4020	15.157	-37.161
30.8442	15.618	-37.269
31.2929	16.079	-37.380
31.7480	16.540	-37.492
32.2098	17.002	-37.605
32.6783	17.463	-37.720
33.1536	17.924	-37.836
33.6359	18.385	-37.954
34.1251	18.846	-38.074
34.6215	19.307	-38.196
35.1250	19.768	-38.319
35.6359	20.229	-38.444
36.1543	20.690	-38.571
36.6802	21.151	-38.699
37.2137	21.613	-38.830
37.7550	22.074	-38.962
38.3041	22.535	-39.097
38.8613	22.996	-39.233
39.4265	23.457	-39.371
40.0000	23.918	-39.511
40.5818	24.379	-39.653
41.1721	24.840	-39.797
41.7710	25.301	-39.944
42.3785	25.762	-40.092
42.9949	26.224	-40.242
43.6203	26.685	-40.395
44.2548	27.146	-40.550
44.8985	27.607	-40.707
45.5515	28.068	-40.866
46.2141	28.529	-41.028
46.8863	28.990	-41.192
47.5683	29.451	-41.358
48.2602	29.912	-41.526
48.9621	30.373	-41.698
49.6743	30.835	-41.871
50.3968	31.296	-42.047
51.1299	31.757	-42.226
51.8736	32.218	-42.407
52.6281	32.679	-42.590
53.3936	33.140	-42.777
54.1702	33.601	-42.966
54.9581	34.062	-43.157
55.7575	34.523	-43.352
56.5685	34.984	-43.549
57.3914	35.445	-43.749
58.2261	35.907	-43.952
59.0730	36.368	-44.158
59.9323	36.829	-44.367
60.8040	37.290	-44.579
61.6884	37.751	-44.794
62.5857	38.212	-45.012
63.4960	38.673	-45.233
64.4196	39.134	-45.457
65.3566	39.595	-45.684
66.3073	40.056	-45.915
67.2717	40.518	-46.149
68.2502	40.979	-46.387
69.2429	41.440	-46.627
70.2501	41.901	-46.872
71.2719	42.362	-47.119
72.3086	42.823	-47.371
73.3603	43.284	-47.625
74.4274	43.745	-47.884
75.5099	44.206	-48.146
76.6083	44.667	-48.412
77.7226	45.129	-48.682
78.8531	45.590	-48.955
80.0000	46.051	-49.233
81.1636	46.512	-49.514
82.3442	46.973	-49.800
83.5419	47.434	-50.089
84.7570	47.895	-50.383
85.9899	48.356	-50.680
87.2406	48.817	-50.982
88.5096	49.278	-51.288
89.7970	49.740	-51.599
91.1031	50.201	-51.913
92.4282	50.662	-52.233
93.7726	51.123	-52.556
95.1366	51.584	-52.885
96.5204	52.045	-53.218
97.9243	52.506	-53.555
99.3486	52.967	-53.897
100.794	53.428	-54.244
102.260	53.889	-54.596
103.747	54.351	-54.952
105.256	54.812	-55.313
106.787	55.273	-55.680
108.340	55.734	-56.051
109.916	56.195	-56.427
111.515	56.656	-56.808
113.137	57.117	-57.195
114.783	57.578	-57.586
116.452	58.039	-57.983
118.146	58.500	-58.385
119.865	58.961	-58.792
121.608	59.423	-59.204
123.377	59.884	-59.622
125.171	60.345	-60.044
126.992	60.806	-60.472
128.839	61.267	-60.905
130.713	61.728	-61.343
132.615	62.189	-61.787
134.543	62.650	-62.235
136.500	63.111	-62.688
138.486	63.572	-63.147
140.500	64.034	-63.609
142.544	64.495	-64.077
144.617	64.956	-64.549
146.721	65.417	-65.025
148.855	65.878	-65.504
151.020	66.339	-65.988
153.217	66.800	-66.474
155.445	67.261	-66.962
157.706	67.722	-67.453
160.000	68.183	-67.945
162.327	68.645	-68.436
164.688	69.106	-68.927
167.084	69.567	-69.414
169.514	70.028	-69.898
171.980	70.489	-70.374
174.481	70.950	-70.839
177.019	71.411	-71.291
179.594	71.872	-71.722
182.206	72.333	-72.124
184.856	72.794	-72.487
187.545	73.256	-72.791
190.273	73.717	-73.004
193.041	74.178	-73.053
195.849	74.663	-72.866
198.697	75.200	-72.437
201.587	75.851	-71.955
204.520	76.633	-71.878
207.494	77.489	-72.572
210.512	78.355	-74.145
213.574	79.153	-76.495
216.681	79.819	-79.330
219.833	80.352	-82.298
223.030	80.772	-85.127
226.274	81.115	-87.617
229.565	81.427	-89.692
232.905	81.737	-91.386
236.292	82.070	-92.784
239.729	82.435	-94.012
243.216	82.829	-95.184
246.754	83.242	-96.373
250.343	83.662	-97.605
253.984	84.080	-98.874
257.678	84.491	-100.132
261.426	84.906	-101.364
265.229	85.326	-102.585
269.087	85.750	-103.797
273.001	86.183	-105.008
276.972	86.622	-106.219
281.000	87.083	-107.473
285.088	87.560	-108.838
289.234	88.050	-110.373
293.441	88.545	-112.144
297.709	89.007	-114.135
302.040	89.426	-116.242
306.433	89.797	-118.367
310.890	90.122	-120.414
315.412	90.417	-122.287
320.000	90.694	-123.948
324.655	90.970	-125.394
329.377	91.247	-126.626
334.168	91.542	-127.648
339.028	91.872	-128.520
343.959	92.240	-129.322
348.962	92.658	-130.170
354.038	93.111	-131.185
359.188	93.581	-132.405
364.412	94.067	-133.881
369.713	94.534	-135.611
375.090	94.970	-137.508
380.546	95.372	-139.482
386.081	95.735	-141.444
391.697	96.070	-143.304
397.394	96.398	-145.029
403.175	96.730	-146.627
409.039	97.086	-148.157
414.989	97.459	-149.702
421.025	97.852	-151.338
427.149	98.242	-153.092
433.362	98.623	-154.935
439.665	98.992	-156.851
446.060	99.338	-158.792
452.548	99.667	-160.688
459.131	99.993	-162.516
465.809	100.317	-164.276
472.584	100.658	-165.990
479.458	101.020	-167.746
486.432	101.397	-169.617
493.507	101.770	-171.624
500.686	102.125	-173.738
507.968	102.451	-175.884
515.357	102.753	-177.971
522.853	103.055	-179.962
530.458	103.369	178.122
538.174	103.716	176.189
546.002	104.091	174.104
553.943	104.470	171.800
562.001	104.835	169.271
570.175	105.158	166.588
578.469	105.435	163.862
586.883	105.674	161.198
595.419	105.889	158.657
604.080	106.108	156.232
612.866	106.332	153.874
621.780	106.569	151.520
630.824	106.811	149.112
640.000	107.043	146.631
649.309	107.260	144.116
658.753	107.467	141.573
668.335	107.660	139.005
678.056	107.836	136.432
687.919	107.998	133.879
697.925	108.151	131.330
708.077	108.281	128.798
718.376	108.395	126.336
728.825	108.502	123.927
739.426	108.593	121.581
750.181	108.678	119.307
761.093	108.753	117.110
772.163	108.816	115.018
783.394	108.882	113.033
794.789	108.947	111.142
806.349	109.019	109.356
818.078	109.112	107.623
829.977	109.217	105.879
842.050	109.332	104.108
854.298	109.456	102.264
866.724	109.572	100.341
879.330	109.672	98.381
892.120	109.759	96.408
905.097	109.825	94.469
918.262	109.876	92.614
931.618	109.924	90.859
945.169	109.966	89.219
958.917	110.022	87.686
972.864	110.096	86.199
987.015	110.183	84.710
1001.37	110.283	83.193
1015.94	110.391	81.612
1030.71	110.500	79.939
1045.71	110.592	78.204
1060.92	110.670	76.469
1076.35	110.738	74.751
1092.00	110.789	73.082
1107.89	110.833	71.514
1124.00	110.883	70.047
1140.35	110.948	68.629
1156.94	111.022	67.224
1173.77	111.101	65.841
1190.84	111.197	64.441
1208.16	111.299	62.980
1225.73	111.402	61.460
1243.56	111.508	59.872
1261.65	111.599	58.227
1280.00	111.670	56.598
1298.62	111.728	55.051
1317.51	111.786	53.631
1336.67	111.873	52.293
1356.11	111.990	50.934
1375.84	112.136	49.473
1395.85	112.304	47.799
1416.15	112.462	45.892
1436.75	112.601	43.804
1457.65	112.717	41.559
1478.85	112.784	39.242
1500.36	112.817	36.957
1522.19	112.820	34.746
1544.33	112.795	32.667
1566.79	112.766	30.753
1589.58	112.740	28.963
1612.70	112.720	27.265
1636.16	112.711	25.623
1659.95	112.707	24.001
1684.10	112.706	22.391
1708.60	112.706	20.788
1733.45	112.706	19.193
1758.66	112.706	17.609
1784.24	112.706	16.035
1810.19	112.706	14.469
1836.52	112.706	12.912
1863.24	112.706	11.361
1890.34	112.706	9.817
1917.83	112.706	8.278
1945.73	112.706	6.743
1974.03	112.706	5.211
2002.74	112.706	3.681
2031.87	112.706	2.153
2061.43	112.706	0.626
2091.41	112.706	-0.901
2121.83	112.706	-2.429
2152.69	112.706	-3.957
2184.01	112.706	-5.486
2215.77	112.706	-7.017
2248.00	112.706	-8.546
2280.70	112.706	-10.068
2313.87	112.708	-11.580
2347.53	112.715	-13.087
2381.68	112.734	-14.613
2416.32	112.765	-16.208
2451.46	112.801	-17.914
2487.12	112.825	-19.714
2523.30	112.835	-21.576
2560.00	112.822	-23.453
2597.24	112.790	-25.260
2635.01	112.763	-26.978
2673.34	112.749	-28.643
2712.23	112.758	-30.326
2751.68	112.788	-32.123
2791.70	112.812	-34.050
2832.31	112.832	-36.084
2873.50	112.841	-38.224
2915.30	112.832	-40.424
2957.70	112.822	-42.665
3000.72	112.814	-44.992
3044.37	112.805	-47.462
3088.65	112.783	-50.103
3133.58	112.736	-52.924
3179.16	112.644	-55.890
3225.40	112.485	-58.885
3272.31	112.269	-61.790
3319.91	112.002	-64.530
3368.20	111.695	-67.027
3417.19	111.378	-69.251
3466.89	111.057	-71.269
3517.32	110.724	-73.104
3568.48	110.370	-74.726
3620.39	109.990	-76.044
3673.05	109.596	-76.931
3726.47	109.222	-77.298
3780.67	108.920	-77.197
3835.67	108.720	-76.852
3891.46	108.630	-76.577
3948.06	108.622	-76.639
4005.49	108.652	-77.144
4063.75	108.682	-78.058
4122.86	108.689	-79.278
4182.82	108.662	-80.674
4243.66	108.607	-82.141
4305.39	108.528	-83.617
4368.01	108.435	-85.070
4431.55	108.324	-86.468
4496.01	108.206	-87.764
4561.40	108.089	-88.941
4627.75	107.976	-89.978
4695.06	107.887	-90.874
4763.35	107.836	-91.673
4832.64	107.842	-92.495
4902.93	107.898	-93.468
4974.24	107.991	-94.687
5046.60	108.100	-96.158
5120.00	108.221	-97.860
5194.47	108.354	-99.759
5270.03	108.521	-101.893
5346.68	108.742	-104.417
5424.45	109.009	-107.537
5503.35	109.291	-111.404
5583.40	109.534	-116.053
5664.61	109.670	-121.381
5747.01	109.664	-127.176
5830.60	109.488	-133.195
5915.41	109.158	-139.193
6001.45	108.700	-144.987
6088.74	108.150	-150.478
6177.30	107.530	-155.614
6267.15	106.852	-160.390
6358.31	106.118	-164.825
6450.80	105.321	-168.904
6544.62	104.454	-172.569
6639.82	103.519	-175.701
6736.40	102.510	-178.131
6834.38	101.454	-179.623
6933.79	100.393	-179.922
7034.64	99.415	-178.799
7136.96	98.657	-176.400
7240.77	98.224	-173.546
7346.09	98.104	-171.394
7452.94	98.201	-170.755
7561.35	98.360	-171.788
7671.33	98.455	-174.188
7782.91	98.431	-177.541
7896.12	98.286	178.461
8010.97	98.059	173.956
8127.49	97.773	168.883
8245.71	97.403	163.187
8365.65	96.903	156.840
8487.33	96.170	150.016
8610.78	95.136	143.040
8736.03	93.771	136.210
8863.09	92.050	129.954
8992.01	89.993	124.850
9122.80	87.693	121.440
9255.50	85.195	120.081
9390.12	82.561	121.326
9526.70	79.877	125.780
9665.27	77.296	134.098
9805.86	74.962	147.174
9948.49	73.181	165.914
10093.2	72.211	-170.307
10240.0	72.187	-145.530
10388.9	72.977	-126.276
10540.1	74.253	-113.649
10693.4	75.669	-105.858
10848.9	77.025	-100.742
11006.7	78.353	-97.061
11166.8	79.745	-94.829
11329.2	81.341	-95.119
11494.0	82.967	-98.512
11661.2	84.407	-105.013
11830.8	85.305	-113.308
12002.9	85.438	-122.154
12177.5	84.758	-130.731
12354.6	83.197	-138.259
12534.3	80.873	-142.795
12716.6	78.342	-139.823
12901.6	76.452	-124.110
13089.2	76.193	-100.821
13279.6	77.347	-86.029
13472.8	79.075	-80.574
13668.8	80.805	-80.070
13867.6	82.343	-82.424
14069.3	83.661	-86.887
14273.9	84.793	-93.207
14481.5	85.703	-101.187
14692.2	86.271	-110.440
14905.9	86.365	-120.355
15122.7	85.827	-130.072
15342.7	84.609	-139.064
15565.8	82.711	-146.453
15792.2	80.274	-150.086
16021.9	77.870	-146.511
16255.0	76.343	-134.037
16491.4	76.174	-120.059
16731.3	76.947	-113.736
16974.7	77.799	-113.583
17221.6	78.286	-116.515
17472.1	78.223	-120.667
17726.2	77.615	-124.751
17984.0	76.605	-127.566
18245.6	75.417	-128.251
18511.0	74.245	-126.419
18780.2	73.280	-122.326
19053.4	72.606	-116.998
19330.5	72.184	-111.428
19611.7	71.976	-106.304
19897.0	71.902	-101.959
20186.4	71.880	-98.319
20480.0	71.880	-95.209
20777.9	71.880	-92.453
21080.1	71.880	-89.948
21386.7	71.880	-87.638
21697.8	71.880	-85.485
22013.4	71.880	-83.464
22333.6	71.880	-81.556
22658.4	71.880	-79.745
22988.0	71.880	-78.021
23322.4	71.880	-76.374
23661.6	71.880	-74.796
24005.8	71.880	-73.281
24355.0	71.880	-71.823
24709.2	71.880	-70.417
25068.6	71.880	-69.059
25433.2	71.880	-67.747
25803.2	71.880	-66.476
26178.5	71.880	-65.244
26559.3	71.880	-64.049
26945.6	71.880	-62.888
27337.5	71.880	-61.760
27735.2	71.880	-60.662
28138.6	71.880	-59.594
28547.9	71.880	-58.553
28963.1	71.880	-57.538
29384.4	71.880	-56.549
29811.8	71.880	-55.583
30245.4	71.880	-54.640
30685.3	71.880	-53.720
31131.7	71.880	-52.820
31584.5	71.880	-51.940
32043.9	71.880	-51.080
32510.0	71.880	-50.239
32982.8	71.880	-49.415
33462.6	71.880	-48.609
33949.3	71.880	-47.820
34443.1	71.880	-47.047
34944.1	71.880	-46.290
35452.4	71.880	-45.548
35968.0	71.880	-44.820
36491.2	71.880	-44.107
37022.0	71.880	-43.408
37560.5	71.880	-42.722
38106.8	71.880	-42.112
38661.1	71.880	-41.569
39223.4	71.880	-41.168
39793.9	71.880	-40.864
