5.00000	-280.000	44.502
5.07273	-280.000	45.471
5.14651	-280.000	46.873
5.22137	-280.000	48.903
5.29732	-280.000	51.500
5.37437	-280.000	54.662
5.45254	-280.000	58.283
5.53185	-280.000	62.366
5.61231	-280.000	66.953
5.69394	-280.000	72.145
5.77676	-280.000	78.077
5.86079	-280.000	84.866
5.94604	-280.000	92.491
6.03252	-280.000	100.650
6.12027	-279.292	108.872
6.20929	-278.282	116.746
6.29961	-277.271	123.985
6.39124	-276.260	130.505
6.48420	-275.250	136.403
6.57851	-274.239	141.816
6.67420	-273.228	146.856
6.77128	-272.218	151.598
6.86977	-271.207	156.091
6.96969	-270.196	160.369
7.07107	-269.186	164.458
7.17392	-268.175	168.378
7.27827	-267.165	172.147
7.38413	-266.154	175.779
7.49154	-265.143	179.284
7.60050	-264.133	-177.327
7.71105	-263.122	-174.047
7.82321	-262.111	-170.867
7.93701	-261.101	-167.782
8.05245	-260.090	-164.785
8.16958	-259.079	-161.871
8.28841	-258.069	-159.037
8.40896	-257.058	-156.277
8.53128	-256.047	-153.588
8.65537	-255.037	-150.966
8.78126	-254.026	-148.410
8.90899	-253.015	-145.914
9.03857	-252.005	-143.478
9.17004	-250.994	-141.099
9.30342	-249.983	-138.773
9.43874	-248.973	-136.500
9.57603	-247.962	-134.277
9.71532	-246.951	-132.102
9.85663	-245.941	-129.975
10.0000	-244.930	-127.892
10.1455	-243.919	-125.853
10.2930	-242.909	-123.857
10.4427	-241.898	-121.901
10.5946	-240.887	-119.986
10.7487	-239.877	-118.108
10.9051	-238.866	-116.268
11.0637	-237.855	-114.464
11.2246	-236.845	-112.696
11.3879	-235.834	-110.962
11.5535	-234.823	-109.261
11.7216	-233.813	-107.593
11.8921	-232.802	-105.957
12.0650	-231.791	-104.352
12.2405	-230.781	-102.776
12.4186	-229.770	-101.231
12.5992	-228.760	-99.713
12.7825	-227.749	-98.224
12.9684	-226.738	-96.762
13.1570	-225.728	-95.327
13.3484	-224.717	-93.919
13.5426	-223.706	-92.535
13.7395	-222.696	-91.177
13.9394	-221.685	-89.843
14.1421	-220.674	-88.534
14.3478	-219.664	-87.247
14.5565	-218.653	-85.984
14.7683	-217.642	-84.744
14.9831	-216.632	-83.526
15.2010	-215.621	-82.329
15.4221	-214.610	-81.154
15.6464	-213.600	-79.999
15.8740	-212.589	-78.865
16.1049	-211.578	-77.751
16.3392	-210.568	-76.656
16.5768	-209.557	-75.582
16.8179	-208.546	-74.526
17.0626	-207.536	-73.488
17.3107	-206.525	-72.470
17.5625	-205.514	-71.469
17.8180	-204.504	-70.485
18.0771	-203.493	-69.520
18.3401	-202.482	-68.571
18.6068	-201.472	-67.639
18.8775	-200.461	-66.724
19.1521	-199.450	-65.825
19.4306	-198.440	-64.942
19.7133	-197.429	-64.075
20.0000	-196.418	-63.223
20.2909	-195.408	-62.387
20.5860	-194.397	-61.566
20.8855	-193.387	-60.759
21.1893	-192.376	-59.967
21.4975	-191.365	-59.190
21.8102	-190.355	-58.426
22.1274	-189.344	-57.677
22.4492	-188.333	-56.941
22.7758	-187.323	-56.219
23.1071	-186.312	-55.511
23.4432	-185.301	-54.815
23.7841	-184.291	-54.133
24.1301	-183.280	-53.463
24.4811	-182.269	-52.806
24.8372	-181.259	-52.161
25.1984	-180.248	-51.529
25.5649	-179.237	-50.909
25.9368	-178.227	-50.301
26.3141	-177.216	-49.705
26.6968	-176.205	-49.120
27.0851	-175.195	-48.547
27.4791	-174.184	-47.986
27.8788	-173.173	-47.435
28.2843	-172.163	-46.896
28.6957	-171.152	-46.368
29.1131	-170.141	-45.851
29.5365	-169.131	-45.344
29.9661	-168.120	-44.848
30.4020	-167.109	-44.363
30.8442	-166.099	-43.888
31.2929	-165.088	-43.423
31.7480	-164.077	-42.968
32.2098	-163.067	-42.524
32.6783	-162.056	-42.089
33.1536	-161.045	-41.664
33.6359	-160.035	-41.249
34.1251	-159.024	-40.843
34.6215	-158.013	-40.447
35.1250	-157.003	-40.061
35.6359	-155.992	-39.684
36.1543	-154.982	-39.316
36.6802	-153.971	-38.957
37.2137	-152.960	-38.607
37.7550	-151.950	-38.267
38.3041	-150.939	-37.935
38.8613	-149.928	-37.612
39.4265	-148.918	-37.298
40.0000	-147.907	-36.993
40.5818	-146.896	-36.696
41.1721	-145.886	-36.408
41.7710	-144.875	-36.128
42.3785	-143.864	-35.857
42.9949	-142.854	-35.594
43.6203	-141.843	-35.340
44.2548	-140.832	-35.094
44.8985	-139.822	-34.856
45.5515	-138.811	-34.626
46.2141	-137.800	-34.404
46.8863	-136.790	-34.190
47.5683	-135.779	-33.985
48.2602	-134.768	-33.787
48.9621	-133.758	-33.597
49.6743	-132.747	-33.415
50.3968	-131.736	-33.241
51.1299	-130.726	-33.075
51.8736	-129.715	-32.916
52.6281	-128.704	-32.765
53.3936	-127.694	-32.622
54.1702	-126.683	-32.486
54.9581	-125.672	-32.358
55.7575	-124.662	-32.237
56.5685	-123.651	-32.125
57.3914	-122.640	-32.019
58.2261	-121.630	-31.921
59.0730	-120.619	-31.831
59.9323	-119.609	-31.748
60.8040	-118.598	-31.673
61.6884	-117.587	-31.605
62.5857	-116.577	-31.544
63.4960	-115.566	-31.491
64.4196	-114.555	-31.445
65.3566	-113.545	-31.407
66.3073	-112.534	-31.375
67.2717	-111.523	-31.352
68.2502	-110.513	-31.335
69.2429	-109.502	-31.326
70.2501	-108.491	-31.325
71.2719	-107.481	-31.330
72.3086	-106.470	-31.343
73.3603	-105.459	-31.364
74.4274	-104.449	-31.391
75.5099	-103.438	-31.426
76.6083	-102.427	-31.469
77.7226	-101.417	-31.518
78.8531	-100.406	-31.576
80.0000	-99.395	-31.640
81.1636	-98.385	-31.712
82.3442	-97.374	-31.791
83.5419	-96.363	-31.878
84.7570	-95.353	-31.972
85.9899	-94.342	-32.074
87.2406	-93.331	-32.183
88.5096	-92.321	-32.300
89.7970	-91.310	-32.425
91.1031	-90.299	-32.556
92.4282	-89.289	-32.696
93.7726	-88.278	-32.843
95.1366	-87.267	-32.998
96.5204	-86.257	-33.160
97.9243	-85.246	-33.331
99.3486	-84.235	-33.509
100.794	-83.225	-33.694
102.260	-82.214	-33.888
103.747	-81.204	-34.090
105.256	-80.193	-34.299
106.787	-79.182	-34.516
108.340	-78.172	-34.742
109.916	-77.161	-34.975
111.515	-76.150	-35.217
113.137	-75.140	-35.467
114.783	-74.129	-35.725
116.452	-73.118	-35.991
118.146	-72.108	-36.266
119.865	-71.097	-36.549
121.608	-70.086	-36.841
123.377	-69.076	-37.141
125.171	-68.065	-37.450
126.992	-67.054	-37.767
128.839	-66.044	-38.093
130.713	-65.033	-38.428
132.615	-64.022	-38.772
134.543	-63.012	-39.125
136.500	-62.001	-39.486
138.486	-60.990	-39.857
140.500	-59.980	-40.237
142.544	-58.969	-40.627
144.617	-57.958	-41.025
146.721	-56.948	-41.434
148.855	-55.937	-41.851
151.020	-54.926	-42.279
153.217	-53.916	-42.716
155.445	-52.905	-43.163
157.706	-51.894	-43.620
160.000	-50.884	-44.086
162.327	-49.873	-44.564
164.688	-48.862	-45.051
167.084	-47.852	-45.548
169.514	-46.841	-46.057
171.980	-45.831	-46.575
174.481	-44.820	-47.105
177.019	-43.809	-47.645
179.594	-42.799	-48.196
182.206	-41.788	-48.758
184.856	-40.777	-49.331
187.545	-39.767	-49.916
190.273	-38.756	-50.512
193.041	-37.745	-51.120
195.849	-36.735	-51.739
198.697	-35.724	-52.371
201.587	-34.713	-53.014
204.520	-33.703	-53.670
207.494	-32.692	-54.338
210.512	-31.681	-55.018
213.574	-30.671	-55.711
216.681	-29.660	-56.417
219.833	-28.649	-57.136
223.030	-27.639	-57.867
226.274	-26.628	-58.613
229.565	-25.617	-59.371
232.905	-24.607	-60.144
236.292	-23.596	-60.930
239.729	-22.585	-61.730
243.216	-21.575	-62.545
246.754	-20.564	-63.373
250.343	-19.553	-64.217
253.984	-18.543	-65.075
257.678	-17.532	-65.949
261.426	-16.521	-66.837
265.229	-15.511	-67.741
269.087	-14.500	-68.661
273.001	-13.489	-69.597
276.972	-12.479	-70.549
281.000	-11.468	-71.517
285.088	-10.457	-72.502
289.234	-9.447	-73.504
293.441	-8.436	-74.523
297.709	-7.426	-75.559
302.040	-6.415	-76.613
306.433	-5.404	-77.685
310.890	-4.394	-78.776
315.412	-3.383	-79.884
320.000	-2.372	-81.012
324.655	-1.362	-82.159
329.377	-0.351	-83.325
334.168	0.660	-84.510
339.028	1.670	-85.716
343.959	2.681	-86.943
348.962	3.692	-88.189
354.038	4.702	-89.457
359.188	5.713	-90.747
364.412	6.724	-92.058
369.713	7.734	-93.391
375.090	8.745	-94.747
380.546	9.756	-96.125
386.081	10.766	-97.527
391.697	11.777	-98.953
397.394	12.788	-100.402
403.175	13.798	-101.877
409.039	14.809	-103.376
414.989	15.820	-104.900
421.025	16.830	-106.451
427.149	17.841	-108.028
433.362	18.852	-109.631
439.665	19.862	-111.263
446.060	20.873	-112.921
452.548	21.884	-114.609
459.131	22.894	-116.325
465.809	23.905	-118.070
472.584	24.916	-119.846
479.458	25.926	-121.653
486.432	26.937	-123.490
493.507	27.947	-125.359
500.686	28.958	-127.261
507.968	29.969	-129.196
515.357	30.979	-131.164
522.853	31.990	-133.167
530.458	33.001	-135.205
538.174	34.011	-137.279
546.002	35.022	-139.389
553.943	36.033	-141.536
562.001	37.043	-143.721
570.175	38.054	-145.945
578.469	39.065	-148.207
586.883	40.075	-150.510
595.419	41.086	-152.853
604.080	42.097	-155.237
612.866	43.107	-157.663
621.780	44.118	-160.132
630.824	45.129	-162.642
640.000	46.139	-165.196
649.309	47.150	-167.792
658.753	48.161	-170.430
668.335	49.171	-173.111
678.056	50.182	-175.832
687.919	51.193	-178.591
697.925	52.203	178.615
708.077	53.214	175.791
718.376	54.225	172.946
728.825	55.235	170.091
739.426	56.246	167.251
750.181	57.257	164.465
761.093	58.267	161.837
772.163	59.325	159.353
783.394	60.430	157.069
794.789	61.711	154.625
806.349	63.117	151.562
818.078	64.644	147.568
829.977	66.220	142.366
842.050	67.663	136.148
854.298	68.945	129.356
866.724	70.065	122.284
879.330	71.031	115.089
892.120	71.939	108.010
905.097	72.821	101.006
918.262	73.702	94.025
931.618	74.568	86.971
945.169	75.390	79.775
958.917	76.160	72.453
972.864	76.874	65.039
987.015	77.545	57.525
1001.37	78.162	49.963
1015.94	78.726	42.358
1030.71	79.225	34.753
1045.71	79.648	27.198
1060.92	80.009	19.730
1076.35	80.307	12.399
1092.00	80.549	5.249
1107.89	80.750	-1.690
1124.00	80.897	-8.419
1140.35	80.998	-14.873
1156.94	81.061	-21.042
1173.77	81.090	-26.908
1190.84	81.100	-32.439
1208.16	81.102	-37.653
1225.73	81.099	-42.562
1243.56	81.100	-47.195
1261.65	81.106	-51.581
1280.00	81.124	-55.753
1298.62	81.155	-59.745
1317.51	81.201	-63.588
1336.67	81.264	-67.337
1356.11	81.334	-71.019
1375.84	81.411	-74.649
1395.85	81.493	-78.255
1416.15	81.564	-81.818
1436.75	81.635	-85.336
1457.65	81.696	-88.815
1478.85	81.744	-92.222
1500.36	81.790	-95.555
1522.19	81.821	-98.818
1544.33	81.840	-101.977
1566.79	81.855	-105.027
1589.58	81.859	-107.966
1612.70	81.861	-110.779
1636.16	81.861	-113.479
1659.95	81.861	-116.069
1684.10	81.861	-118.557
1708.60	81.861	-120.953
1733.45	81.859	-123.253
1758.66	81.853	-125.449
1784.24	81.841	-127.514
1810.19	81.828	-129.414
1836.52	81.830	-131.162
1863.24	81.849	-132.791
1890.34	81.891	-134.345
1917.83	81.954	-135.875
1945.73	82.029	-137.404
1974.03	82.114	-138.936
2002.74	82.206	-140.468
2031.87	82.311	-141.992
2061.43	82.445	-143.566
2091.41	82.602	-145.292
2121.83	82.779	-147.266
2152.69	82.950	-149.559
2184.01	83.083	-152.166
2215.77	83.144	-154.977
2248.00	83.123	-157.850
2280.70	83.015	-160.633
2313.87	82.835	-163.177
2347.53	82.608	-165.418
2381.68	82.348	-167.350
2416.32	82.057	-168.997
2451.46	81.734	-170.386
2487.12	81.351	-171.466
2523.30	80.908	-172.115
2560.00	80.392	-172.176
2597.24	79.808	-171.369
2635.01	79.202	-169.396
2673.34	78.622	-165.990
2712.23	78.166	-160.981
2751.68	77.924	-154.619
2791.70	77.934	-147.384
2832.31	78.242	-139.970
2873.50	78.829	-133.053
2915.30	79.640	-127.037
2957.70	80.644	-122.194
3000.72	81.790	-118.711
3044.37	83.030	-116.692
3088.65	84.316	-116.191
3133.58	85.587	-117.196
3179.16	86.761	-119.537
3225.40	87.773	-122.889
3272.31	88.580	-126.872
3319.91	89.163	-131.122
3368.20	89.526	-135.239
3417.19	89.711	-138.850
3466.89	89.780	-141.692
3517.32	89.797	-143.597
3568.48	89.841	-144.564
3620.39	89.978	-144.825
3673.05	90.223	-144.738
3726.47	90.569	-144.633
3780.67	90.985	-144.740
3835.67	91.428	-145.117
3891.46	91.881	-145.722
3948.06	92.332	-146.497
4005.49	92.779	-147.380
4063.75	93.232	-148.359
4122.86	93.691	-149.457
4182.82	94.153	-150.683
4243.66	94.626	-152.097
4305.39	95.086	-153.724
4368.01	95.531	-155.553
4431.55	95.943	-157.573
4496.01	96.301	-159.696
4561.40	96.612	-161.814
4627.75	96.880	-163.869
4695.06	97.102	-165.787
4763.35	97.298	-167.510
4832.64	97.473	-169.049
4902.93	97.621	-170.360
4974.24	97.744	-171.364
5046.60	97.856	-171.990
5120.00	97.976	-172.188
5194.47	98.124	-171.934
5270.03	98.331	-171.283
5346.68	98.614	-170.376
5424.45	98.967	-169.342
5503.35	99.386	-168.253
5583.40	99.861	-167.116
5664.61	100.392	-165.842
5747.01	101.020	-164.381
5830.60	101.794	-162.889
5915.41	102.761	-161.801
6001.45	103.890	-161.575
6088.74	105.178	-162.665
6177.30	106.488	-165.232
6267.15	107.752	-169.072
6358.31	108.959	-174.036
6450.80	110.048	179.956
6544.62	110.995	173.174
6639.82	111.812	165.794
6736.40	112.450	157.903
6834.38	112.890	149.766
6933.79	113.126	141.590
7034.64	113.163	133.569
7136.96	113.007	125.917
7240.77	112.691	118.881
7346.09	112.252	112.575
7452.94	111.712	107.143
7561.35	111.092	102.750
7671.33	110.437	99.537
7782.91	109.783	97.645
7896.12	109.209	97.217
8010.97	108.837	98.092
8127.49	108.740	99.664
8245.71	108.948	101.039
8365.65	109.407	101.322
8487.33	109.963	100.150
8610.78	110.487	97.730
8736.03	110.911	94.401
8863.09	111.181	90.533
8992.01	111.298	86.529
9122.80	111.302	82.667
9255.50	111.212	79.129
9390.12	111.061	76.079
9526.70	110.887	73.598
9665.27	110.725	71.725
9805.86	110.629	70.414
9948.49	110.653	69.429
10093.2	110.820	68.380
10240.0	111.120	66.846
10388.9	111.507	64.503
10540.1	111.911	61.204
10693.4	112.254	57.007
10848.9	112.472	52.134
11006.7	112.524	46.874
11166.8	112.392	41.538
11329.2	112.084	36.434
11494.0	111.648	31.821
11661.2	111.141	27.810
11830.8	110.624	24.340
12002.9	110.112	21.242
12177.5	109.583	18.300
12354.6	108.944	15.581
12534.3	108.138	13.438
12716.6	107.170	12.405
12901.6	106.091	13.297
13089.2	105.098	16.905
13279.6	104.436	23.145
13472.8	104.236	30.810
13668.8	104.556	37.942
13867.6	105.286	43.091
14069.3	106.260	45.690
14273.9	107.311	45.835
14481.5	108.297	43.928
14692.2	109.105	40.535
14905.9	109.686	36.211
15122.7	110.035	31.382
15342.7	110.168	26.434
15565.8	110.135	21.654
15792.2	109.975	17.194
16021.9	109.705	13.155
16255.0	109.343	9.628
16491.4	108.899	6.696
16731.3	108.389	4.493
16974.7	107.851	3.146
17221.6	107.324	2.716
17472.1	106.845	3.275
17726.2	106.486	4.795
17984.0	106.335	6.920
18245.6	106.407	9.010
18511.0	106.701	10.309
18780.2	107.093	10.316
19053.4	107.446	9.180
19330.5	107.705	7.260
19611.7	107.815	4.938
19897.0	107.796	2.656
20186.4	107.724	0.644
20480.0	107.624	-1.115
20777.9	107.524	-2.653
21080.1	107.424	-4.060
21386.7	107.325	-5.372
21697.8	107.225	-6.613
22013.4	107.125	-7.795
22333.6	107.026	-8.928
22658.4	106.926	-10.020
22988.0	106.826	-11.075
23322.4	106.726	-12.097
23661.6	106.627	-13.090
24005.8	106.527	-14.055
24355.0	106.427	-14.996
24709.2	106.328	-15.913
25068.6	106.228	-16.809
25433.2	106.128	-17.684
25803.2	106.029	-18.540
26178.5	105.929	-19.378
26559.3	105.829	-20.198
26945.6	105.729	-21.001
27337.5	105.630	-21.788
27735.2	105.530	-22.561
28138.6	105.430	-23.318
28547.9	105.331	-24.061
28963.1	105.231	-24.790
29384.4	105.131	-25.506
29811.8	105.031	-26.209
30245.4	104.932	-26.899
30685.3	104.832	-27.577
31131.7	104.732	-28.244
31584.5	104.633	-28.899
32043.9	104.533	-29.542
32510.0	104.433	-30.175
32982.8	104.334	-30.797
33462.6	104.234	-31.409
33949.3	104.134	-32.011
34443.1	104.034	-32.603
34944.1	103.935	-33.185
35452.4	103.835	-33.758
35968.0	103.735	-34.322
36491.2	103.636	-34.876
37022.0	103.536	-35.423
37560.5	103.436	-35.962
38106.8	103.346	-36.446
38661.1	103.264	-36.884
39223.4	103.203	-37.211
39793.9	103.157	-37.462
