5.00000	-58.960	10.534
5.07273	-58.709	10.483
5.14651	-58.385	10.422
5.22137	-57.955	10.353
5.29732	-57.482	10.303
5.37437	-56.964	10.255
5.45254	-56.445	10.217
5.53185	-55.927	10.181
5.61231	-55.408	10.146
5.69394	-54.890	10.110
5.77676	-54.371	10.075
5.86079	-53.853	10.040
5.94604	-53.334	10.006
6.03252	-52.816	9.971
6.12027	-52.297	9.936
6.20929	-51.779	9.902
6.29961	-51.260	9.867
6.39124	-50.742	9.831
6.48420	-50.224	9.796
6.57851	-49.705	9.761
6.67420	-49.187	9.725
6.77128	-48.668	9.690
6.86977	-48.150	9.655
6.96969	-47.631	9.619
7.07107	-47.113	9.582
7.17392	-46.594	9.545
7.27827	-46.076	9.508
7.38413	-45.557	9.471
7.49154	-45.039	9.434
7.60050	-44.520	9.396
7.71105	-44.002	9.359
7.82321	-43.483	9.321
7.93701	-42.965	9.282
8.05245	-42.446	9.243
8.16958	-41.928	9.203
8.28841	-41.409	9.163
8.40896	-40.891	9.123
8.53128	-40.373	9.083
8.65537	-39.854	9.041
8.78126	-39.336	9.000
8.90899	-38.817	8.958
9.03857	-38.299	8.915
9.17004	-37.780	8.872
9.30342	-37.262	8.829
9.43874	-36.743	8.785
9.57603	-36.225	8.741
9.71532	-35.706	8.696
9.85663	-35.188	8.651
10.0000	-34.669	8.605
10.1455	-34.151	8.559
10.2930	-33.632	8.512
10.4427	-33.114	8.464
10.5946	-32.595	8.416
10.7487	-32.077	8.368
10.9051	-31.559	8.319
11.0637	-31.040	8.269
11.2246	-30.522	8.219
11.3879	-30.003	8.168
11.5535	-29.485	8.116
11.7216	-28.966	8.064
11.8921	-28.448	8.011
12.0650	-27.929	7.957
12.2405	-27.411	7.903
12.4186	-26.892	7.848
12.5992	-26.374	7.792
12.7825	-25.855	7.736
12.9684	-25.337	7.679
13.1570	-24.818	7.621
13.3484	-24.300	7.562
13.5426	-23.781	7.503
13.7395	-23.263	7.443
13.9394	-22.744	7.382
14.1421	-22.226	7.321
14.3478	-21.708	7.258
14.5565	-21.189	7.195
14.7683	-20.671	7.131
14.9831	-20.152	7.065
15.2010	-19.634	6.999
15.4221	-19.115	6.932
15.6464	-18.597	6.865
15.8740	-18.078	6.796
16.1049	-17.560	6.727
16.3392	-17.041	6.657
16.5768	-16.523	6.585
16.8179	-16.004	6.513
17.0626	-15.486	6.440
17.3107	-14.967	6.365
17.5625	-14.449	6.290
17.8180	-13.930	6.213
18.0771	-13.412	6.136
18.3401	-12.893	6.058
18.6068	-12.375	5.978
18.8775	-11.857	5.897
19.1521	-11.338	5.816
19.4306	-10.820	5.733
19.7133	-10.301	5.649
20.0000	-9.783	5.563
20.2909	-9.264	5.477
20.5860	-8.746	5.389
20.8855	-8.227	5.300
21.1893	-7.709	5.210
21.4975	-7.190	5.119
21.8102	-6.672	5.027
22.1274	-6.153	4.933
22.4492	-5.635	4.837
22.7758	-5.116	4.741
23.1071	-4.598	4.643
23.4432	-4.079	4.543
23.7841	-3.561	4.443
24.1301	-3.043	4.341
24.4811	-2.524	4.237
24.8372	-2.006	4.132
25.1984	-1.487	4.026
25.5649	-0.969	3.918
25.9368	-0.450	3.808
26.3141	0.068	3.697
26.6968	0.587	3.585
27.0851	1.105	3.471
27.4791	1.624	3.354
27.8788	2.142	3.237
28.2843	2.661	3.118
28.6957	3.179	2.997
29.1131	3.698	2.874
29.5365	4.216	2.750
29.9661	4.735	2.624
30.4020	5.253	2.496
30.8442	5.772	2.366
31.2929	6.290	2.234
31.7480	6.808	2.100
32.2098	7.327	1.965
32.6783	7.845	1.827
33.1536	8.364	1.688
33.6359	8.882	1.547
34.1251	9.401	1.403
34.6215	9.919	1.258
35.1250	10.438	1.110
35.6359	10.956	0.961
36.1543	11.475	0.809
36.6802	11.993	0.655
37.2137	12.512	0.499
37.7550	13.030	0.340
38.3041	13.549	0.179
38.8613	14.067	0.016
39.4265	14.586	-0.150
40.0000	15.104	-0.318
40.5818	15.623	-0.488
41.1721	16.141	-0.661
41.7710	16.659	-0.836
42.3785	17.178	-1.014
42.9949	17.696	-1.194
43.6203	18.215	-1.378
44.2548	18.733	-1.563
44.8985	19.252	-1.752
45.5515	19.770	-1.943
46.2141	20.289	-2.137
46.8863	20.807	-2.334
47.5683	21.326	-2.533
48.2602	21.844	-2.736
48.9621	22.363	-2.942
49.6743	22.881	-3.150
50.3968	23.400	-3.362
51.1299	23.918	-3.577
51.8736	24.437	-3.794
52.6281	24.955	-4.015
53.3936	25.473	-4.240
54.1702	25.992	-4.467
54.9581	26.510	-4.698
55.7575	27.029	-4.932
56.5685	27.547	-5.170
57.3914	28.066	-5.411
58.2261	28.584	-5.656
59.0730	29.103	-5.904
59.9323	29.621	-6.157
60.8040	30.140	-6.412
61.6884	30.658	-6.672
62.5857	31.177	-6.935
63.4960	31.695	-7.203
64.4196	32.214	-7.474
65.3566	32.732	-7.749
66.3073	33.251	-8.029
67.2717	33.769	-8.312
68.2502	34.288	-8.600
69.2429	34.806	-8.892
70.2501	35.324	-9.188
71.2719	35.843	-9.489
72.3086	36.361	-9.794
73.3603	36.880	-10.103
74.4274	37.398	-10.418
75.5099	37.917	-10.737
76.6083	38.435	-11.061
77.7226	38.954	-11.389
78.8531	39.472	-11.723
80.0000	39.991	-12.062
81.1636	40.509	-12.405
82.3442	41.028	-12.754
83.5419	41.546	-13.108
84.7570	42.065	-13.468
85.9899	42.583	-13.833
87.2406	43.102	-14.203
88.5096	43.620	-14.579
89.7970	44.138	-14.961
91.1031	44.657	-15.348
92.4282	45.175	-15.742
93.7726	45.694	-16.141
95.1366	46.212	-16.547
96.5204	46.731	-16.959
97.9243	47.249	-17.377
99.3486	47.768	-17.801
100.794	48.286	-18.232
102.260	48.805	-18.670
103.747	49.323	-19.115
105.256	49.842	-19.566
106.787	50.360	-20.024
108.340	50.879	-20.490
109.916	51.397	-20.962
111.515	51.916	-21.443
113.137	52.434	-21.930
114.783	52.953	-22.426
116.452	53.471	-22.929
118.146	53.989	-23.440
119.865	54.508	-23.960
121.608	55.026	-24.487
123.377	55.545	-25.023
125.171	56.063	-25.568
126.992	56.582	-26.121
128.839	57.100	-26.684
130.713	57.619	-27.255
132.615	58.137	-27.836
134.543	58.656	-28.427
136.500	59.174	-29.027
138.486	59.693	-29.637
140.500	60.211	-30.257
142.544	60.730	-30.888
144.617	61.248	-31.529
146.721	61.767	-32.181
148.855	62.285	-32.844
151.020	62.804	-33.519
153.217	63.322	-34.205
155.445	63.840	-34.903
157.706	64.359	-35.613
160.000	64.877	-36.336
162.327	65.396	-37.072
164.688	65.914	-37.820
167.084	66.433	-38.583
169.514	66.951	-39.359
171.980	67.470	-40.149
174.481	67.988	-40.954
177.019	68.507	-41.773
179.594	69.025	-42.608
182.206	69.544	-43.458
184.856	70.062	-44.324
187.545	70.581	-45.206
190.273	71.099	-46.104
193.041	71.618	-47.020
195.849	72.135	-47.955
198.697	72.648	-48.899
201.587	73.157	-49.826
204.520	73.665	-50.696
207.494	74.190	-51.486
210.512	74.748	-52.247
213.574	75.349	-53.093
216.681	75.977	-54.131
219.833	76.631	-55.490
223.030	77.274	-57.266
226.274	77.868	-59.390
229.565	78.420	-61.765
232.905	78.906	-64.285
236.292	79.340	-66.807
239.729	79.734	-69.278
243.216	80.089	-71.675
246.754	80.405	-73.962
250.343	80.684	-76.093
253.984	80.937	-78.026
257.678	81.173	-79.756
261.426	81.394	-81.268
265.229	81.618	-82.606
269.087	81.830	-83.822
273.001	82.024	-84.882
276.972	82.202	-85.756
281.000	82.357	-86.389
285.088	82.498	-86.714
289.234	82.631	-86.684
293.441	82.761	-86.231
297.709	82.901	-85.268
302.040	83.087	-83.749
306.433	83.348	-81.700
310.890	83.730	-79.264
315.412	84.231	-76.597
320.000	84.891	-73.888
324.655	85.707	-71.456
329.377	86.645	-69.559
334.168	87.660	-68.348
339.028	88.735	-68.002
343.959	89.797	-68.607
348.962	90.812	-70.090
354.038	91.732	-72.289
359.188	92.539	-74.929
364.412	93.248	-77.761
369.713	93.852	-80.523
375.090	94.389	-82.958
380.546	94.897	-84.961
386.081	95.400	-86.488
391.697	95.944	-87.521
397.394	96.580	-88.171
403.175	97.340	-88.672
409.039	98.233	-89.351
414.989	99.218	-90.468
421.025	100.290	-92.254
427.149	101.410	-94.933
433.362	102.526	-98.582
439.665	103.605	-103.234
446.060	104.597	-108.911
452.548	105.457	-115.506
459.131	106.150	-122.766
465.809	106.668	-130.380
472.584	107.016	-138.056
479.458	107.197	-145.539
486.432	107.221	-152.575
493.507	107.102	-158.897
500.686	106.878	-164.283
507.968	106.588	-168.586
515.357	106.297	-171.757
522.853	106.086	-173.974
530.458	105.993	-175.559
538.174	106.044	-176.901
546.002	106.208	-178.366
553.943	106.432	179.858
562.001	106.683	177.699
570.175	106.904	175.223
578.469	107.087	172.612
586.883	107.230	170.015
595.419	107.330	167.601
604.080	107.418	165.508
612.866	107.524	163.767
621.780	107.684	162.324
630.824	107.933	160.994
640.000	108.264	159.556
649.309	108.685	157.748
658.753	109.144	155.323
668.335	109.585	152.242
678.056	109.980	148.561
687.919	110.295	144.383
697.925	110.506	139.905
708.077	110.602	135.383
718.376	110.590	131.074
728.825	110.499	127.170
739.426	110.344	123.815
750.181	110.177	121.061
761.093	110.037	118.797
772.163	109.937	116.864
783.394	109.884	115.111
794.789	109.865	113.418
806.349	109.859	111.766
818.078	109.865	110.190
829.977	109.881	108.735
842.050	109.930	107.409
854.298	110.026	106.140
866.724	110.179	104.810
879.330	110.399	103.214
892.120	110.648	101.156
905.097	110.882	98.596
918.262	111.072	95.577
931.618	111.186	92.222
945.169	111.205	88.762
958.917	111.135	85.435
972.864	110.994	82.427
987.015	110.811	79.848
1001.37	110.622	77.684
1015.94	110.439	75.878
1030.71	110.287	74.341
1045.71	110.167	72.940
1060.92	110.061	71.634
1076.35	109.979	70.409
1092.00	109.919	69.209
1107.89	109.880	67.997
1124.00	109.866	66.693
1140.35	109.854	65.239
1156.94	109.835	63.627
1173.77	109.784	61.895
1190.84	109.689	60.168
1208.16	109.553	58.577
1225.73	109.383	57.236
1243.56	109.206	56.213
1261.65	109.053	55.438
1280.00	108.921	54.823
1298.62	108.822	54.292
1317.51	108.751	53.732
1336.67	108.682	53.108
1356.11	108.605	52.461
1375.84	108.516	51.843
1395.85	108.411	51.309
1416.15	108.290	50.927
1436.75	108.160	50.772
1457.65	108.039	50.869
1478.85	107.933	51.217
1500.36	107.857	51.823
1522.19	107.830	52.636
1544.33	107.863	53.552
1566.79	107.953	54.491
1589.58	108.112	55.324
1612.70	108.308	55.955
1636.16	108.525	56.427
1659.95	108.778	56.736
1684.10	109.048	56.861
1708.60	109.334	56.870
1733.45	109.666	56.725
1758.66	110.029	56.345
1784.24	110.431	55.674
1810.19	110.870	54.586
1836.52	111.318	52.974
1863.24	111.751	50.804
1890.34	112.141	48.103
1917.83	112.468	44.981
1945.73	112.738	41.530
1974.03	112.936	37.831
2002.74	113.069	33.969
2031.87	113.142	29.950
2061.43	113.133	25.804
2091.41	113.036	21.638
2121.83	112.848	17.552
2152.69	112.556	13.705
2184.01	112.168	10.289
2215.77	111.695	7.493
2248.00	111.174	5.459
2280.70	110.659	4.137
2313.87	110.172	3.396
2347.53	109.747	3.053
2381.68	109.382	2.867
2416.32	109.025	2.804
2451.46	108.678	2.943
2487.12	108.325	3.366
2523.30	107.981	4.169
2560.00	107.682	5.322
2597.24	107.430	6.754
2635.01	107.244	8.391
2673.34	107.119	10.124
2712.23	107.037	11.945
2751.68	107.011	13.876
2791.70	107.054	15.872
2832.31	107.169	17.869
2873.50	107.371	19.774
2915.30	107.659	21.450
2957.70	108.020	22.783
3000.72	108.453	23.663
3044.37	108.948	23.923
3088.65	109.456	23.458
3133.58	109.942	22.279
3179.16	110.381	20.433
3225.40	110.745	18.042
3272.31	111.027	15.291
3319.91	111.231	12.326
3368.20	111.357	9.247
3417.19	111.406	6.142
3466.89	111.368	3.150
3517.32	111.261	0.435
3568.48	111.115	-1.935
3620.39	110.948	-3.957
3673.05	110.795	-5.720
3726.47	110.657	-7.380
3780.67	110.520	-9.026
3835.67	110.366	-10.678
3891.46	110.173	-12.250
3948.06	109.945	-13.628
4005.49	109.678	-14.689
4063.75	109.396	-15.286
4122.86	109.151	-15.451
4182.82	108.952	-15.296
4243.66	108.832	-14.958
4305.39	108.801	-14.684
4368.01	108.820	-14.627
4431.55	108.888	-14.879
4496.01	108.966	-15.509
4561.40	109.030	-16.451
4627.75	109.080	-17.656
4695.06	109.104	-19.116
4763.35	109.084	-20.758
4832.64	109.021	-22.505
4902.93	108.899	-24.250
4974.24	108.725	-25.849
5046.60	108.520	-27.227
5120.00	108.295	-28.364
5194.47	108.061	-29.228
5270.03	107.858	-29.889
5346.68	107.683	-30.509
5424.45	107.525	-31.195
5503.35	107.364	-31.982
5583.40	107.187	-32.861
5664.61	106.972	-33.766
5747.01	106.695	-34.514
5830.60	106.371	-34.870
5915.41	106.049	-34.739
6001.45	105.756	-34.164
6088.74	105.533	-33.271
6177.30	105.397	-32.265
6267.15	105.356	-31.401
6358.31	105.376	-30.896
6450.80	105.416	-30.809
6544.62	105.459	-31.141
6639.82	105.476	-31.885
6736.40	105.439	-32.962
6834.38	105.324	-34.222
6933.79	105.108	-35.407
7034.64	104.785	-36.128
7136.96	104.404	-36.034
7240.77	104.060	-35.054
7346.09	103.853	-33.479
7452.94	103.848	-31.906
7561.35	104.001	-30.964
7671.33	104.222	-31.057
7782.91	104.404	-32.308
7896.12	104.416	-34.358
8010.97	104.232	-36.523
8127.49	103.867	-38.150
8245.71	103.376	-38.715
8365.65	102.883	-38.063
8487.33	102.522	-36.533
8610.78	102.363	-34.769
8736.03	102.388	-33.458
8863.09	102.495	-33.056
8992.01	102.562	-33.605
9122.80	102.496	-34.722
9255.50	102.282	-35.858
9390.12	101.938	-36.517
9526.70	101.542	-36.423
9665.27	101.183	-35.685
9805.86	100.912	-34.653
9948.49	100.737	-33.745
10093.2	100.619	-33.354
10240.0	100.427	-33.490
10388.9	100.114	-33.784
10540.1	99.643	-33.773
10693.4	99.000	-32.847
10848.9	98.242	-30.428
11006.7	97.476	-26.164
11166.8	96.863	-20.113
11329.2	96.587	-12.889
11494.0	96.704	-5.324
11661.2	97.219	1.715
11830.8	97.992	7.525
12002.9	98.920	11.820
12177.5	99.924	14.558
12354.6	100.960	15.753
12534.3	101.973	15.292
12716.6	102.845	13.150
12901.6	103.480	9.696
13089.2	103.872	5.475
13279.6	104.004	1.076
13472.8	103.875	-2.797
13668.8	103.547	-5.528
13867.6	103.109	-6.755
14069.3	102.653	-6.400
14273.9	102.284	-4.659
14481.5	102.077	-1.829
14692.2	102.115	1.711
14905.9	102.454	5.459
15122.7	103.119	8.898
15342.7	104.120	11.310
15565.8	105.319	11.846
15792.2	106.507	9.979
16021.9	107.546	5.591
16255.0	108.323	-0.988
16491.4	108.746	-8.856
16731.3	108.846	-17.077
16974.7	108.656	-25.035
17221.6	108.194	-32.214
17472.1	107.486	-38.114
17726.2	106.578	-42.153
17984.0	105.626	-44.096
18245.6	104.804	-44.539
18511.0	104.151	-44.260
18780.2	103.759	-44.057
19053.4	103.527	-44.739
19330.5	103.244	-46.444
19611.7	102.686	-48.143
19897.0	101.927	-48.578
20186.4	101.120	-47.522
20480.0	100.312	-45.043
20777.9	99.728	-41.502
21080.1	99.483	-37.964
21386.7	99.382	-35.011
21697.8	99.382	-32.666
22013.4	99.382	-30.834
22333.6	99.382	-29.303
22658.4	99.382	-27.981
22988.0	99.382	-26.816
23322.4	99.382	-25.775
23661.6	99.382	-24.834
24005.8	99.382	-23.976
24355.0	99.382	-23.187
24709.2	99.382	-22.457
25068.6	99.382	-21.779
25433.2	99.382	-21.146
25803.2	99.382	-20.552
26178.5	99.382	-19.993
26559.3	99.382	-19.466
26945.6	99.382	-18.966
27337.5	99.382	-18.492
27735.2	99.382	-18.041
28138.6	99.382	-17.611
28547.9	99.382	-17.201
28963.1	99.382	-16.808
29384.4	99.382	-16.431
29811.8	99.382	-16.069
30245.4	99.382	-15.722
30685.3	99.382	-15.387
31131.7	99.382	-15.065
31584.5	99.382	-14.754
32043.9	99.382	-14.454
32510.0	99.382	-14.163
32982.8	99.382	-13.883
33462.6	99.382	-13.611
33949.3	99.382	-13.347
34443.1	99.382	-13.091
34944.1	99.382	-12.843
35452.4	99.382	-12.602
35968.0	99.382	-12.368
36491.2	99.382	-12.140
37022.0	99.382	-11.919
37560.5	99.382	-11.703
38106.8	99.382	-11.512
38661.1	99.382	-11.343
39223.4	99.382	-11.219
39793.9	99.382	-11.125
