5.00000	-34.013	-60.276
5.07273	-33.812	-60.316
5.14651	-33.551	-60.363
5.22137	-33.205	-60.413
5.29732	-32.823	-60.447
5.37437	-32.405	-60.480
5.45254	-31.986	-60.505
5.53185	-31.567	-60.529
5.61231	-31.148	-60.553
5.69394	-30.729	-60.576
5.77676	-30.310	-60.599
5.86079	-29.891	-60.622
5.94604	-29.472	-60.645
6.03252	-29.053	-60.668
6.12027	-28.634	-60.690
6.20929	-28.215	-60.713
6.29961	-27.796	-60.735
6.39124	-27.377	-60.758
6.48420	-26.958	-60.781
6.57851	-26.539	-60.804
6.67420	-26.120	-60.826
6.77128	-25.701	-60.849
6.86977	-25.282	-60.871
6.96969	-24.863	-60.894
7.07107	-24.444	-60.917
7.17392	-24.025	-60.941
7.27827	-23.606	-60.964
7.38413	-23.187	-60.988
7.49154	-22.768	-61.011
7.60050	-22.350	-61.034
7.71105	-21.931	-61.058
7.82321	-21.512	-61.082
7.93701	-21.093	-61.106
8.05245	-20.674	-61.131
8.16958	-20.255	-61.155
8.28841	-19.836	-61.180
8.40896	-19.417	-61.205
8.53128	-18.998	-61.230
8.65537	-18.579	-61.256
8.78126	-18.160	-61.282
8.90899	-17.741	-61.308
9.03857	-17.322	-61.334
9.17004	-16.903	-61.361
9.30342	-16.484	-61.387
9.43874	-16.065	-61.414
9.57603	-15.646	-61.442
9.71532	-15.227	-61.469
9.85663	-14.808	-61.497
10.0000	-14.389	-61.525
10.1455	-13.970	-61.553
10.2930	-13.551	-61.582
10.4427	-13.132	-61.611
10.5946	-12.713	-61.641
10.7487	-12.295	-61.670
10.9051	-11.876	-61.700
11.0637	-11.457	-61.731
11.2246	-11.038	-61.761
11.3879	-10.619	-61.792
11.5535	-10.200	-61.823
11.7216	-9.781	-61.855
11.8921	-9.362	-61.888
12.0650	-8.943	-61.920
12.2405	-8.524	-61.953
12.4186	-8.105	-61.987
12.5992	-7.686	-62.020
12.7825	-7.267	-62.055
12.9684	-6.848	-62.089
13.1570	-6.429	-62.124
13.3484	-6.010	-62.160
13.5426	-5.591	-62.195
13.7395	-5.172	-62.232
13.9394	-4.753	-62.268
14.1421	-4.334	-62.306
14.3478	-3.915	-62.343
14.5565	-3.496	-62.382
14.7683	-3.077	-62.420
14.9831	-2.658	-62.460
15.2010	-2.240	-62.500
15.4221	-1.821	-62.540
15.6464	-1.402	-62.581
15.8740	-0.983	-62.622
16.1049	-0.564	-62.663
16.3392	-0.145	-62.706
16.5768	0.274	-62.749
16.8179	0.693	-62.792
17.0626	1.112	-62.836
17.3107	1.531	-62.881
17.5625	1.950	-62.926
17.8180	2.369	-62.972
18.0771	2.788	-63.018
18.3401	3.207	-63.065
18.6068	3.626	-63.113
18.8775	4.045	-63.161
19.1521	4.464	-63.211
19.4306	4.883	-63.260
19.7133	5.302	-63.310
20.0000	5.721	-63.362
20.2909	6.140	-63.413
20.5860	6.559	-63.466
20.8855	6.978	-63.519
21.1893	7.397	-63.573
21.4975	7.815	-63.627
21.8102	8.234	-63.683
22.1274	8.653	-63.739
22.4492	9.072	-63.796
22.7758	9.491	-63.853
23.1071	9.910	-63.912
23.4432	10.329	-63.971
23.7841	10.748	-64.031
24.1301	11.167	-64.092
24.4811	11.586	-64.154
24.8372	12.005	-64.217
25.1984	12.424	-64.280
25.5649	12.843	-64.345
25.9368	13.262	-64.410
26.3141	13.681	-64.476
26.6968	14.100	-64.543
27.0851	14.519	-64.611
27.4791	14.938	-64.680
27.8788	15.357	-64.750
28.2843	15.776	-64.821
28.6957	16.195	-64.893
29.1131	16.614	-64.966
29.5365	17.033	-65.040
29.9661	17.452	-65.116
30.4020	17.870	-65.192
30.8442	18.289	-65.269
31.2929	18.708	-65.347
31.7480	19.127	-65.427
32.2098	19.546	-65.507
32.6783	19.965	-65.589
33.1536	20.384	-65.672
33.6359	20.803	-65.756
34.1251	21.222	-65.841
34.6215	21.641	-65.928
35.1250	22.060	-66.015
35.6359	22.479	-66.104
36.1543	22.898	-66.194
36.6802	23.317	-66.286
37.2137	23.736	-66.378
37.7550	24.155	-66.473
38.3041	24.574	-66.568
38.8613	24.993	-66.665
39.4265	25.412	-66.763
40.0000	25.831	-66.863
40.5818	26.250	-66.963
41.1721	26.669	-67.066
41.7710	27.088	-67.170
42.3785	27.507	-67.275
42.9949	27.925	-67.382
43.6203	28.344	-67.491
44.2548	28.763	-67.601
44.8985	29.182	-67.712
45.5515	29.601	-67.825
46.2141	30.020	-67.940
46.8863	30.439	-68.057
47.5683	30.858	-68.175
48.2602	31.277	-68.295
48.9621	31.696	-68.416
49.6743	32.115	-68.539
50.3968	32.534	-68.664
51.1299	32.953	-68.791
51.8736	33.372	-68.920
52.6281	33.791	-69.050
53.3936	34.210	-69.183
54.1702	34.629	-69.317
54.9581	35.048	-69.453
55.7575	35.467	-69.591
56.5685	35.886	-69.732
57.3914	36.305	-69.874
58.2261	36.724	-70.018
59.0730	37.143	-70.164
59.9323	37.562	-70.313
60.8040	37.980	-70.464
61.6884	38.399	-70.616
62.5857	38.818	-70.771
63.4960	39.237	-70.928
64.4196	39.656	-71.088
65.3566	40.075	-71.250
66.3073	40.494	-71.414
67.2717	40.913	-71.580
68.2502	41.332	-71.749
69.2429	41.751	-71.920
70.2501	42.170	-72.094
71.2719	42.589	-72.270
72.3086	43.008	-72.449
73.3603	43.427	-72.630
74.4274	43.846	-72.814
75.5099	44.265	-73.001
76.6083	44.684	-73.190
77.7226	45.103	-73.382
78.8531	45.522	-73.577
80.0000	45.941	-73.775
81.1636	46.360	-73.975
82.3442	46.779	-74.179
83.5419	47.198	-74.385
84.7570	47.617	-74.594
85.9899	48.035	-74.807
87.2406	48.454	-75.022
88.5096	48.873	-75.241
89.7970	49.292	-75.462
91.1031	49.711	-75.687
92.4282	50.130	-75.915
93.7726	50.549	-76.147
95.1366	50.968	-76.381
96.5204	51.387	-76.619
97.9243	51.806	-76.861
99.3486	52.225	-77.106
100.794	52.644	-77.355
102.260	53.063	-77.607
103.747	53.482	-77.863
105.256	53.901	-78.122
106.787	54.320	-78.386
108.340	54.739	-78.653
109.916	55.158	-78.924
111.515	55.577	-79.199
113.137	55.996	-79.477
114.783	56.415	-79.760
116.452	56.834	-80.047
118.146	57.253	-80.339
119.865	57.672	-80.634
121.608	58.090	-80.934
123.377	58.509	-81.238
125.171	58.928	-81.546
126.992	59.347	-81.859
128.839	59.766	-82.177
130.713	60.185	-82.499
132.615	60.604	-82.826
134.543	61.023	-83.158
136.500	61.442	-83.494
138.486	61.861	-83.836
140.500	62.280	-84.183
142.544	62.699	-84.534
144.617	63.118	-84.892
146.721	63.537	-85.254
148.855	63.956	-85.622
151.020	64.375	-85.996
153.217	64.794	-86.375
155.445	65.213	-86.761
157.706	65.632	-87.152
160.000	66.051	-87.550
162.327	66.470	-87.955
164.688	66.889	-88.366
167.084	67.308	-88.785
169.514	67.727	-89.210
171.980	68.145	-89.644
174.481	68.564	-90.087
177.019	68.983	-90.538
179.594	69.402	-91.000
182.206	69.821	-91.473
184.856	70.240	-91.958
187.545	70.659	-92.459
190.273	71.078	-92.977
193.041	71.497	-93.518
195.849	71.916	-94.089
198.697	72.335	-94.709
201.587	72.749	-95.393
204.520	73.152	-96.145
207.494	73.531	-96.935
210.512	73.877	-97.678
213.574	74.198	-98.288
216.681	74.505	-98.713
219.833	74.807	-98.907
223.030	75.130	-98.887
226.274	75.479	-98.722
229.565	75.856	-98.461
232.905	76.269	-98.184
236.292	76.701	-97.931
239.729	77.158	-97.708
243.216	77.638	-97.565
246.754	78.129	-97.502
250.343	78.639	-97.531
253.984	79.155	-97.679
257.678	79.670	-97.908
261.426	80.192	-98.200
265.229	80.717	-98.557
269.087	81.251	-98.987
273.001	81.791	-99.503
276.972	82.339	-100.134
281.000	82.881	-100.889
285.088	83.411	-101.718
289.234	83.938	-102.593
293.441	84.459	-103.511
297.709	84.979	-104.457
302.040	85.507	-105.460
306.433	86.033	-106.552
310.890	86.553	-107.718
315.412	87.067	-108.949
320.000	87.570	-110.222
324.655	88.069	-111.530
329.377	88.560	-112.858
334.168	89.050	-114.196
339.028	89.547	-115.590
343.959	90.032	-117.031
348.962	90.521	-118.513
354.038	91.010	-120.076
359.188	91.485	-121.712
364.412	91.949	-123.381
369.713	92.400	-125.068
375.090	92.842	-126.752
380.546	93.282	-128.430
386.081	93.720	-130.118
391.697	94.159	-131.826
397.394	94.594	-133.572
403.175	95.024	-135.351
409.039	95.446	-137.148
414.989	95.867	-138.963
421.025	96.283	-140.796
427.149	96.699	-142.654
433.362	97.116	-144.569
439.665	97.518	-146.524
446.060	97.912	-148.485
452.548	98.300	-150.448
459.131	98.687	-152.430
465.809	99.071	-154.426
472.584	99.455	-156.448
479.458	99.838	-158.529
486.432	100.205	-160.645
493.507	100.565	-162.771
500.686	100.919	-164.908
507.968	101.265	-167.047
515.357	101.615	-169.203
522.853	101.956	-171.396
530.458	102.289	-173.604
538.174	102.618	-175.832
546.002	102.936	-178.079
553.943	103.250	179.673
562.001	103.559	177.410
570.175	103.860	175.134
578.469	104.154	172.855
586.883	104.444	170.567
595.419	104.726	168.269
604.080	105.003	165.970
612.866	105.277	163.659
621.780	105.545	161.329
630.824	105.803	158.992
640.000	106.057	156.650
649.309	106.306	154.293
658.753	106.545	151.928
668.335	106.777	149.562
678.056	107.002	147.196
687.919	107.218	144.834
697.925	107.428	142.483
708.077	107.633	140.136
718.376	107.833	137.787
728.825	108.025	135.441
739.426	108.209	133.100
750.181	108.384	130.773
761.093	108.551	128.471
772.163	108.715	126.192
783.394	108.874	123.931
794.789	109.030	121.684
806.349	109.180	119.449
818.078	109.323	117.231
829.977	109.460	115.042
842.050	109.596	112.877
854.298	109.728	110.728
866.724	109.857	108.599
879.330	109.982	106.492
892.120	110.104	104.403
905.097	110.220	102.344
918.262	110.339	100.315
931.618	110.459	98.298
945.169	110.579	96.292
958.917	110.699	94.290
972.864	110.820	92.282
987.015	110.939	90.267
1001.37	111.057	88.249
1015.94	111.174	86.222
1030.71	111.288	84.183
1045.71	111.399	82.137
1060.92	111.508	80.087
1076.35	111.615	78.026
1092.00	111.722	75.945
1107.89	111.826	73.837
1124.00	111.925	71.694
1140.35	112.014	69.532
1156.94	112.095	67.358
1173.77	112.164	65.185
1190.84	112.224	63.030
1208.16	112.278	60.895
1225.73	112.322	58.788
1243.56	112.363	56.713
1261.65	112.399	54.659
1280.00	112.425	52.636
1298.62	112.448	50.665
1317.51	112.465	48.742
1336.67	112.478	46.887
1356.11	112.496	45.099
1375.84	112.519	43.357
1395.85	112.548	41.658
1416.15	112.587	39.986
1436.75	112.637	38.310
1457.65	112.690	36.632
1478.85	112.757	34.946
1500.36	112.836	33.213
1522.19	112.923	31.415
1544.33	113.019	29.537
1566.79	113.122	27.548
1589.58	113.225	25.436
1612.70	113.326	23.189
1636.16	113.415	20.812
1659.95	113.489	18.323
1684.10	113.546	15.728
1708.60	113.578	13.055
1733.45	113.585	10.342
1758.66	113.569	7.612
1784.24	113.529	4.879
1810.19	113.467	2.164
1836.52	113.382	-0.514
1863.24	113.277	-3.131
1890.34	113.153	-5.679
1917.83	113.010	-8.137
1945.73	112.858	-10.492
1974.03	112.701	-12.760
2002.74	112.541	-14.962
2031.87	112.376	-17.118
2061.43	112.203	-19.234
2091.41	112.020	-21.306
2121.83	111.824	-23.327
2152.69	111.616	-25.290
2184.01	111.393	-27.175
2215.77	111.154	-28.967
2248.00	110.900	-30.647
2280.70	110.623	-32.174
2313.87	110.327	-33.475
2347.53	110.020	-34.484
2381.68	109.718	-35.156
2416.32	109.442	-35.472
2451.46	109.212	-35.468
2487.12	109.053	-35.251
2523.30	108.972	-34.985
2560.00	108.969	-34.835
2597.24	109.031	-34.950
2635.01	109.140	-35.424
2673.34	109.275	-36.310
2712.23	109.413	-37.598
2751.68	109.541	-39.250
2791.70	109.652	-41.234
2832.31	109.736	-43.519
2873.50	109.789	-46.065
2915.30	109.802	-48.843
2957.70	109.770	-51.818
3000.72	109.687	-54.944
3044.37	109.554	-58.189
3088.65	109.367	-61.533
3133.58	109.117	-64.944
3179.16	108.799	-68.384
3225.40	108.393	-71.776
3272.31	107.896	-75.022
3319.91	107.301	-78.018
3368.20	106.599	-80.607
3417.19	105.803	-82.604
3466.89	104.918	-83.829
3517.32	103.962	-84.027
3568.48	102.982	-82.914
3620.39	102.048	-80.247
3673.05	101.258	-75.955
3726.47	100.701	-70.335
3780.67	100.443	-64.070
3835.67	100.486	-58.055
3891.46	100.781	-52.992
3948.06	101.247	-49.259
4005.49	101.800	-46.911
4063.75	102.359	-45.800
4122.86	102.871	-45.683
4182.82	103.289	-46.261
4243.66	103.588	-47.175
4305.39	103.776	-48.056
4368.01	103.887	-48.574
4431.55	103.990	-48.506
4496.01	104.179	-47.896
4561.40	104.522	-47.121
4627.75	105.036	-46.760
4695.06	105.677	-47.294
4763.35	106.363	-48.896
4832.64	107.018	-51.472
4902.93	107.595	-54.767
4974.24	108.097	-58.567
5046.60	108.542	-62.746
5120.00	108.964	-67.299
5194.47	109.387	-72.347
5270.03	109.799	-78.048
5346.68	110.157	-84.463
5424.45	110.416	-91.576
5503.35	110.516	-99.275
5583.40	110.415	-107.345
5664.61	110.095	-115.541
5747.01	109.551	-123.606
5830.60	108.794	-131.277
5915.41	107.854	-138.282
6001.45	106.764	-144.411
6088.74	105.570	-149.453
6177.30	104.325	-153.262
6267.15	103.102	-155.799
6358.31	101.960	-157.186
6450.80	100.947	-157.678
6544.62	100.092	-157.680
6639.82	99.381	-157.623
6736.40	98.780	-157.820
6834.38	98.252	-158.484
6933.79	97.744	-159.715
7034.64	97.209	-161.507
7136.96	96.592	-163.763
7240.77	95.828	-166.232
7346.09	94.885	-168.520
7452.94	93.759	-170.124
7561.35	92.506	-170.454
7671.33	91.258	-169.016
7782.91	90.175	-165.775
7896.12	89.386	-161.488
8010.97	88.916	-157.415
8127.49	88.692	-154.419
8245.71	88.643	-152.877
8365.65	88.738	-153.133
8487.33	88.923	-155.649
8610.78	89.045	-160.573
8736.03	88.889	-167.504
8863.09	88.213	-175.645
8992.01	86.808	175.710
9122.80	84.540	167.099
9255.50	81.321	159.576
9390.12	77.169	155.203
9526.70	72.442	157.800
9665.27	67.923	176.061
9805.86	64.992	-136.318
9948.49	65.028	-63.512
10093.2	67.967	-13.716
10240.0	72.167	-0.778
10388.9	75.961	-1.203
10540.1	78.747	-6.109
10693.4	80.476	-11.386
10848.9	81.301	-15.565
11006.7	81.677	-18.069
11166.8	82.136	-18.110
11329.2	83.011	-17.278
11494.0	84.314	-18.694
11661.2	85.597	-23.095
11830.8	86.377	-29.417
12002.9	86.428	-36.230
12177.5	85.725	-41.384
12354.6	84.568	-42.572
12534.3	83.680	-36.096
12716.6	83.794	-22.633
12901.6	84.980	-13.729
13089.2	86.627	-12.897
13279.6	88.078	-16.678
13472.8	88.962	-22.707
13668.8	89.269	-29.106
13867.6	89.166	-34.867
14069.3	88.782	-39.475
14273.9	88.226	-42.363
14481.5	87.653	-43.226
14692.2	87.175	-42.061
14905.9	86.908	-38.901
15122.7	87.025	-34.188
15342.7	87.667	-29.375
15565.8	88.931	-26.796
15792.2	90.586	-28.170
16021.9	92.219	-33.363
16255.0	93.518	-41.125
16491.4	94.307	-50.283
16731.3	94.571	-60.424
16974.7	94.372	-71.288
17221.6	93.758	-82.343
17472.1	92.756	-92.570
17726.2	91.378	-101.317
17984.0	89.591	-108.292
18245.6	87.365	-112.698
18511.0	84.945	-112.475
18780.2	82.829	-106.278
19053.4	81.452	-96.253
19330.5	80.897	-87.150
19611.7	80.727	-80.859
19897.0	80.638	-76.277
20186.4	80.580	-72.406
20480.0	80.545	-69.041
20777.9	80.532	-66.129
21080.1	80.532	-63.608
21386.7	80.532	-61.383
21697.8	80.532	-59.380
22013.4	80.532	-57.555
22333.6	80.532	-55.876
22658.4	80.532	-54.322
22988.0	80.532	-52.872
23322.4	80.532	-51.514
23661.6	80.532	-50.235
24005.8	80.532	-49.027
24355.0	80.532	-47.882
24709.2	80.532	-46.792
25068.6	80.532	-45.753
25433.2	80.532	-44.760
25803.2	80.532	-43.809
26178.5	80.532	-42.896
26559.3	80.532	-42.018
26945.6	80.532	-41.172
27337.5	80.532	-40.357
27735.2	80.532	-39.569
28138.6	80.532	-38.808
28547.9	80.532	-38.070
28963.1	80.532	-37.356
29384.4	80.532	-36.663
29811.8	80.532	-35.991
30245.4	80.532	-35.337
30685.3	80.532	-34.702
31131.7	80.532	-34.084
31584.5	80.532	-33.482
32043.9	80.532	-32.896
32510.0	80.532	-32.325
32982.8	80.532	-31.767
33462.6	80.532	-31.224
33949.3	80.532	-30.693
34443.1	80.532	-30.174
34944.1	80.532	-29.668
35452.4	80.532	-29.172
35968.0	80.532	-28.688
36491.2	80.532	-28.215
37022.0	80.532	-27.751
37560.5	80.532	-27.298
38106.8	80.532	-26.895
38661.1	80.532	-26.537
39223.4	80.532	-26.273
39793.9	80.532	-26.072
