5.00000	18.022	141.222
5.07273	18.115	141.205
5.14651	18.236	141.187
5.22137	18.398	141.167
5.29732	18.576	141.155
5.37437	18.773	141.144
5.45254	18.970	141.138
5.53185	19.167	141.132
5.61231	19.364	141.126
5.69394	19.561	141.121
5.77676	19.758	141.115
5.86079	19.955	141.110
5.94604	20.152	141.105
6.03252	20.349	141.101
6.12027	20.546	141.096
6.20929	20.743	141.091
6.29961	20.940	141.087
6.39124	21.136	141.082
6.48420	21.333	141.078
6.57851	21.530	141.074
6.67420	21.727	141.069
6.77128	21.924	141.065
6.86977	22.121	141.062
6.96969	22.318	141.058
7.07107	22.515	141.054
7.17392	22.712	141.050
7.27827	22.909	141.046
7.38413	23.106	141.042
7.49154	23.303	141.038
7.60050	23.499	141.034
7.71105	23.696	141.031
7.82321	23.893	141.027
7.93701	24.090	141.023
8.05245	24.287	141.020
8.16958	24.484	141.016
8.28841	24.681	141.012
8.40896	24.878	141.009
8.53128	25.075	141.005
8.65537	25.272	141.002
8.78126	25.469	140.998
8.90899	25.666	140.994
9.03857	25.863	140.991
9.17004	26.059	140.987
9.30342	26.256	140.984
9.43874	26.453	140.980
9.57603	26.650	140.977
9.71532	26.847	140.973
9.85663	27.044	140.970
10.0000	27.241	140.966
10.1455	27.438	140.963
10.2930	27.635	140.959
10.4427	27.832	140.956
10.5946	28.029	140.952
10.7487	28.226	140.949
10.9051	28.423	140.945
11.0637	28.619	140.942
11.2246	28.816	140.938
11.3879	29.013	140.935
11.5535	29.210	140.931
11.7216	29.407	140.928
11.8921	29.604	140.924
12.0650	29.801	140.920
12.2405	29.998	140.917
12.4186	30.195	140.913
12.5992	30.392	140.909
12.7825	30.589	140.906
12.9684	30.786	140.902
13.1570	30.982	140.898
13.3484	31.179	140.895
13.5426	31.376	140.891
13.7395	31.573	140.887
13.9394	31.770	140.884
14.1421	31.967	140.880
14.3478	32.164	140.876
14.5565	32.361	140.872
14.7683	32.558	140.868
14.9831	32.755	140.864
15.2010	32.952	140.860
15.4221	33.149	140.856
15.6464	33.346	140.852
15.8740	33.542	140.848
16.1049	33.739	140.843
16.3392	33.936	140.839
16.5768	34.133	140.835
16.8179	34.330	140.830
17.0626	34.527	140.826
17.3107	34.724	140.821
17.5625	34.921	140.817
17.8180	35.118	140.812
18.0771	35.315	140.808
18.3401	35.512	140.803
18.6068	35.709	140.799
18.8775	35.905	140.794
19.1521	36.102	140.789
19.4306	36.299	140.784
19.7133	36.496	140.779
20.0000	36.693	140.774
20.2909	36.890	140.770
20.5860	37.087	140.764
20.8855	37.284	140.759
21.1893	37.481	140.754
21.4975	37.678	140.749
21.8102	37.875	140.744
22.1274	38.072	140.739
22.4492	38.269	140.733
22.7758	38.465	140.728
23.1071	38.662	140.723
23.4432	38.859	140.717
23.7841	39.056	140.711
24.1301	39.253	140.706
24.4811	39.450	140.700
24.8372	39.647	140.694
25.1984	39.844	140.689
25.5649	40.041	140.683
25.9368	40.238	140.677
26.3141	40.435	140.671
26.6968	40.632	140.665
27.0851	40.828	140.659
27.4791	41.025	140.652
27.8788	41.222	140.646
28.2843	41.419	140.640
28.6957	41.616	140.633
29.1131	41.813	140.627
29.5365	42.010	140.620
29.9661	42.207	140.613
30.4020	42.404	140.606
30.8442	42.601	140.600
31.2929	42.798	140.592
31.7480	42.995	140.585
32.2098	43.192	140.578
32.6783	43.388	140.571
33.1536	43.585	140.564
33.6359	43.782	140.556
34.1251	43.979	140.549
34.6215	44.176	140.541
35.1250	44.373	140.534
35.6359	44.570	140.526
36.1543	44.767	140.518
36.6802	44.964	140.510
37.2137	45.161	140.502
37.7550	45.358	140.493
38.3041	45.555	140.485
38.8613	45.752	140.477
39.4265	45.948	140.468
40.0000	46.145	140.459
40.5818	46.342	140.451
41.1721	46.539	140.442
41.7710	46.736	140.433
42.3785	46.933	140.424
42.9949	47.130	140.414
43.6203	47.327	140.405
44.2548	47.524	140.395
44.8985	47.721	140.386
45.5515	47.918	140.376
46.2141	48.115	140.366
46.8863	48.311	140.356
47.5683	48.508	140.346
48.2602	48.705	140.336
48.9621	48.902	140.325
49.6743	49.099	140.315
50.3968	49.296	140.304
51.1299	49.493	140.293
51.8736	49.690	140.282
52.6281	49.887	140.271
53.3936	50.084	140.259
54.1702	50.281	140.248
54.9581	50.478	140.236
55.7575	50.675	140.225
56.5685	50.871	140.213
57.3914	51.068	140.200
58.2261	51.265	140.188
59.0730	51.462	140.176
59.9323	51.659	140.163
60.8040	51.856	140.150
61.6884	52.053	140.137
62.5857	52.250	140.124
63.4960	52.447	140.110
64.4196	52.644	140.097
65.3566	52.841	140.083
66.3073	53.038	140.069
67.2717	53.234	140.055
68.2502	53.431	140.041
69.2429	53.628	140.026
70.2501	53.825	140.011
71.2719	54.022	139.996
72.3086	54.219	139.981
73.3603	54.416	139.966
74.4274	54.613	139.950
75.5099	54.810	139.934
76.6083	55.007	139.918
77.7226	55.204	139.902
78.8531	55.401	139.885
80.0000	55.598	139.869
81.1636	55.794	139.852
82.3442	55.991	139.835
83.5419	56.188	139.817
84.7570	56.385	139.799
85.9899	56.582	139.781
87.2406	56.779	139.763
88.5096	56.976	139.745
89.7970	57.173	139.726
91.1031	57.370	139.707
92.4282	57.567	139.688
93.7726	57.764	139.668
95.1366	57.961	139.648
96.5204	58.158	139.628
97.9243	58.354	139.608
99.3486	58.551	139.587
100.794	58.748	139.566
102.260	58.945	139.545
103.747	59.142	139.523
105.256	59.339	139.501
106.787	59.536	139.479
108.340	59.733	139.456
109.916	59.930	139.433
111.515	60.127	139.410
113.137	60.324	139.387
114.783	60.521	139.363
116.452	60.717	139.338
118.146	60.914	139.314
119.865	61.111	139.289
121.608	61.308	139.264
123.377	61.505	139.238
125.171	61.702	139.212
126.992	61.899	139.186
128.839	62.096	139.159
130.713	62.293	139.132
132.615	62.490	139.104
134.543	62.687	139.076
136.500	62.884	139.048
138.486	63.081	139.019
140.500	63.277	138.990
142.544	63.474	138.960
144.617	63.671	138.930
146.721	63.868	138.900
148.855	64.065	138.869
151.020	64.262	138.838
153.217	64.459	138.806
155.445	64.656	138.774
157.706	64.853	138.741
160.000	65.050	138.708
162.327	65.247	138.674
164.688	65.444	138.640
167.084	65.640	138.605
169.514	65.837	138.570
171.980	66.034	138.534
174.481	66.231	138.498
177.019	66.428	138.461
179.594	66.625	138.424
182.206	66.822	138.387
184.856	67.019	138.348
187.545	67.216	138.309
190.273	67.413	138.270
193.041	67.610	138.230
195.849	67.807	138.189
198.697	68.004	138.148
201.587	68.200	138.106
204.520	68.397	138.064
207.494	68.594	138.021
210.512	68.791	137.977
213.574	68.988	137.933
216.681	69.185	137.888
219.833	69.382	137.843
223.030	69.579	137.797
226.274	69.776	137.750
229.565	69.973	137.702
232.905	70.170	137.654
236.292	70.367	137.605
239.729	70.564	137.556
243.216	70.760	137.505
246.754	70.957	137.454
250.343	71.154	137.402
253.984	71.351	137.350
257.678	71.548	137.296
261.426	71.745	137.242
265.229	71.942	137.188
269.087	72.139	137.132
273.001	72.336	137.075
276.972	72.533	137.018
281.000	72.730	136.960
285.088	72.927	136.901
289.234	73.123	136.841
293.441	73.320	136.781
297.709	73.517	136.719
302.040	73.714	136.657
306.433	73.911	136.593
310.890	74.108	136.529
315.412	74.305	136.464
320.000	74.502	136.398
324.655	74.699	136.330
329.377	74.896	136.262
334.168	75.093	136.193
339.028	75.290	136.123
343.959	75.487	136.052
348.962	75.683	135.980
354.038	75.880	135.907
359.188	76.077	135.833
364.412	76.274	135.758
369.713	76.471	135.681
375.090	76.668	135.604
380.546	76.865	135.525
386.081	77.062	135.445
391.697	77.259	135.365
397.394	77.456	135.282
403.175	77.653	135.199
409.039	77.850	135.115
414.989	78.046	135.029
421.025	78.243	134.942
427.149	78.440	134.854
433.362	78.637	134.765
439.665	78.834	134.674
446.060	79.031	134.582
452.548	79.228	134.489
459.131	79.425	134.394
465.809	79.622	134.298
472.584	79.819	134.201
479.458	80.016	134.102
486.432	80.213	134.002
493.507	80.410	133.900
500.686	80.606	133.797
507.968	80.803	133.692
515.357	81.000	133.586
522.853	81.197	133.478
530.458	81.394	133.369
538.174	81.591	133.258
546.002	81.788	133.146
553.943	81.985	133.032
562.001	82.182	132.917
570.175	82.379	132.799
578.469	82.576	132.680
586.883	82.773	132.560
595.419	82.970	132.438
604.080	83.166	132.314
612.866	83.363	132.188
621.780	83.560	132.060
630.824	83.757	131.931
640.000	83.954	131.800
649.309	84.151	131.667
658.753	84.348	131.532
668.335	84.545	131.395
678.056	84.742	131.256
687.919	84.939	131.116
697.925	85.136	130.973
708.077	85.333	130.829
718.376	85.529	130.682
728.825	85.726	130.534
739.426	85.923	130.383
750.181	86.120	130.230
761.093	86.317	130.076
772.163	86.514	129.919
783.394	86.711	129.761
794.789	86.908	129.600
806.349	87.105	129.437
818.078	87.302	129.273
829.977	87.499	129.106
842.050	87.696	128.938
854.298	87.893	128.767
866.724	88.089	128.595
879.330	88.286	128.421
892.120	88.483	128.245
905.097	88.680	128.068
918.262	88.877	127.890
931.618	89.074	127.711
945.169	89.271	127.532
958.917	89.468	127.354
972.864	89.665	127.177
987.015	89.862	127.005
1001.37	90.060	126.835
1015.94	90.259	126.669
1030.71	90.460	126.504
1045.71	90.658	126.348
1060.92	90.855	126.240
1076.35	91.067	126.165
1092.00	91.291	126.097
1107.89	91.545	125.963
1124.00	91.814	125.658
1140.35	92.080	125.153
1156.94	92.331	124.463
1173.77	92.543	123.649
1190.84	92.709	122.846
1208.16	92.840	122.185
1225.73	92.957	121.727
1243.56	93.083	121.463
1261.65	93.228	121.330
1280.00	93.406	121.226
1298.62	93.605	121.040
1317.51	93.809	120.729
1336.67	94.006	120.282
1356.11	94.172	119.761
1375.84	94.303	119.294
1395.85	94.408	118.990
1416.15	94.504	118.927
1436.75	94.617	119.108
1457.65	94.763	119.463
1478.85	94.958	119.861
1500.36	95.185	120.180
1522.19	95.430	120.404
1544.33	95.691	120.542
1566.79	95.964	120.599
1589.58	96.257	120.567
1612.70	96.584	120.349
1636.16	96.921	119.840
1659.95	97.248	119.032
1684.10	97.546	117.958
1708.60	97.792	116.723
1733.45	97.989	115.447
1758.66	98.150	114.204
1784.24	98.277	113.022
1810.19	98.377	111.925
1836.52	98.441	110.958
1863.24	98.478	110.165
1890.34	98.485	109.617
1917.83	98.474	109.434
1945.73	98.497	109.590
1974.03	98.554	109.947
2002.74	98.648	110.407
2031.87	98.778	110.835
2061.43	98.904	111.215
2091.41	99.017	111.671
2121.83	99.118	112.351
2152.69	99.239	113.372
2184.01	99.415	114.700
2215.77	99.678	116.153
2248.00	100.027	117.477
2280.70	100.434	118.519
2313.87	100.882	119.262
2347.53	101.370	119.669
2381.68	101.886	119.688
2416.32	102.425	119.245
2451.46	102.957	118.280
2487.12	103.449	116.826
2523.30	103.863	115.026
2560.00	104.182	113.092
2597.24	104.414	111.233
2635.01	104.570	109.663
2673.34	104.702	108.479
2712.23	104.828	107.681
2751.68	104.968	107.293
2791.70	105.171	107.221
2832.31	105.442	107.268
2873.50	105.777	107.305
2915.30	106.205	107.109
2957.70	106.675	106.470
3000.72	107.149	105.398
3044.37	107.618	103.931
3088.65	108.052	102.138
3133.58	108.452	100.110
3179.16	108.817	97.934
3225.40	109.153	95.653
3272.31	109.474	93.255
3319.91	109.761	90.728
3368.20	110.017	88.114
3417.19	110.239	85.439
3466.89	110.421	82.723
3517.32	110.563	80.017
3568.48	110.659	77.375
3620.39	110.719	74.869
3673.05	110.745	72.545
3726.47	110.748	70.466
3780.67	110.750	68.646
3835.67	110.770	67.031
3891.46	110.819	65.536
3948.06	110.898	64.062
4005.49	111.005	62.474
4063.75	111.091	60.767
4122.86	111.152	59.068
4182.82	111.205	57.406
4243.66	111.235	55.832
4305.39	111.264	54.430
4368.01	111.322	53.170
4431.55	111.418	51.925
4496.01	111.552	50.579
4561.40	111.716	49.010
4627.75	111.890	47.159
4695.06	112.056	44.990
4763.35	112.189	42.505
4832.64	112.269	39.801
4902.93	112.297	36.926
4974.24	112.260	33.949
5046.60	112.141	30.935
5120.00	111.933	28.016
5194.47	111.615	25.327
5270.03	111.179	23.135
5346.68	110.631	21.836
5424.45	110.057	21.761
5503.35	109.557	23.028
5583.40	109.209	25.472
5664.61	109.124	28.389
5747.01	109.242	30.925
5830.60	109.483	32.781
5915.41	109.797	33.927
6001.45	110.111	34.550
6088.74	110.448	34.815
6177.30	110.813	34.677
6267.15	111.183	34.099
6358.31	111.543	33.110
6450.80	111.873	31.762
6544.62	112.160	30.154
6639.82	112.403	28.408
6736.40	112.617	26.589
6834.38	112.805	24.733
6933.79	112.963	22.921
7034.64	113.137	21.129
7136.96	113.327	19.225
7240.77	113.548	17.064
7346.09	113.771	14.476
7452.94	113.920	11.515
7561.35	113.963	8.405
7671.33	113.888	5.346
7782.91	113.697	2.638
7896.12	113.477	0.469
8010.97	113.265	-1.226
8127.49	113.073	-2.541
8245.71	112.901	-3.567
8365.65	112.722	-4.264
8487.33	112.570	-4.523
8610.78	112.475	-4.322
8736.03	112.507	-3.831
8863.09	112.688	-3.503
8992.01	112.982	-3.722
9122.80	113.360	-4.791
9255.50	113.695	-6.698
9390.12	113.938	-9.110
9526.70	114.101	-11.772
9665.27	114.179	-14.542
9805.86	114.215	-17.275
9948.49	114.215	-19.963
10093.2	114.161	-22.477
10240.0	114.089	-24.769
10388.9	114.016	-26.913
10540.1	113.971	-28.942
10693.4	113.993	-31.089
10848.9	114.039	-33.594
11006.7	114.041	-36.493
11166.8	113.966	-39.696
11329.2	113.775	-43.050
11494.0	113.468	-46.284
11661.2	113.036	-49.133
11830.8	112.472	-51.194
12002.9	111.840	-52.045
12177.5	111.256	-51.417
12354.6	110.847	-49.370
12534.3	110.743	-46.678
12716.6	110.948	-44.543
12901.6	111.346	-43.645
13089.2	111.832	-44.132
13279.6	112.309	-45.884
13472.8	112.706	-48.620
13668.8	112.986	-52.031
13867.6	113.123	-55.868
14069.3	113.097	-59.789
14273.9	112.938	-63.457
14481.5	112.716	-66.663
14692.2	112.492	-69.407
14905.9	112.333	-71.869
15122.7	112.274	-74.431
15342.7	112.303	-77.608
15565.8	112.303	-81.545
15792.2	112.177	-86.172
16021.9	111.807	-90.995
16255.0	111.147	-95.428
16491.4	110.287	-98.967
16731.3	109.301	-101.047
16974.7	108.344	-101.266
17221.6	107.642	-99.979
17472.1	107.213	-98.046
17726.2	107.086	-96.429
17984.0	107.230	-96.048
18245.6	107.463	-97.626
18511.0	107.485	-100.559
18780.2	107.239	-103.993
19053.4	106.658	-107.439
19330.5	105.735	-109.914
19611.7	104.742	-110.409
19897.0	103.915	-109.108
20186.4	103.350	-106.806
20480.0	103.049	-104.663
20777.9	102.841	-103.124
21080.1	102.676	-102.091
21386.7	102.511	-101.388
21697.8	102.347	-100.880
22013.4	102.182	-100.507
22333.6	102.018	-100.235
22658.4	101.853	-100.039
22988.0	101.688	-99.905
23322.4	101.524	-99.820
23661.6	101.359	-99.776
24005.8	101.195	-99.765
24355.0	101.030	-99.782
24709.2	100.865	-99.824
25068.6	100.701	-99.885
25433.2	100.536	-99.964
25803.2	100.371	-100.058
26178.5	100.207	-100.165
26559.3	100.042	-100.283
26945.6	99.878	-100.411
27337.5	99.713	-100.547
27735.2	99.548	-100.690
28138.6	99.384	-100.839
28547.9	99.219	-100.994
28963.1	99.055	-101.153
29384.4	98.890	-101.316
29811.8	98.725	-101.482
30245.4	98.561	-101.652
30685.3	98.396	-101.823
31131.7	98.231	-101.997
31584.5	98.067	-102.172
32043.9	97.902	-102.349
32510.0	97.738	-102.526
32982.8	97.573	-102.704
33462.6	97.408	-102.883
33949.3	97.244	-103.061
34443.1	97.079	-103.240
34944.1	96.915	-103.419
35452.4	96.750	-103.598
35968.0	96.585	-103.776
36491.2	96.421	-103.955
37022.0	96.256	-104.132
37560.5	96.091	-104.313
38106.8	95.942	-104.478
38661.1	95.807	-104.634
39223.4	95.706	-104.755
39793.9	95.629	-104.849
