5.00000	23.413	130.944
5.07273	23.499	130.929
5.14651	23.611	130.912
5.22137	23.761	130.894
5.29732	23.926	130.883
5.37437	24.109	130.873
5.45254	24.291	130.867
5.53185	24.474	130.862
5.61231	24.656	130.857
5.69394	24.839	130.852
5.77676	25.022	130.847
5.86079	25.204	130.842
5.94604	25.387	130.838
6.03252	25.569	130.834
6.12027	25.752	130.830
6.20929	25.934	130.826
6.29961	26.117	130.822
6.39124	26.300	130.818
6.48420	26.482	130.814
6.57851	26.665	130.810
6.67420	26.847	130.806
6.77128	27.030	130.803
6.86977	27.212	130.799
6.96969	27.395	130.796
7.07107	27.578	130.793
7.17392	27.760	130.789
7.27827	27.943	130.785
7.38413	28.125	130.782
7.49154	28.308	130.779
7.60050	28.490	130.776
7.71105	28.673	130.773
7.82321	28.856	130.770
7.93701	29.038	130.766
8.05245	29.221	130.763
8.16958	29.403	130.760
8.28841	29.586	130.757
8.40896	29.768	130.754
8.53128	29.951	130.751
8.65537	30.134	130.748
8.78126	30.316	130.745
8.90899	30.499	130.742
9.03857	30.681	130.739
9.17004	30.864	130.736
9.30342	31.046	130.733
9.43874	31.229	130.730
9.57603	31.412	130.727
9.71532	31.594	130.724
9.85663	31.777	130.721
10.0000	31.959	130.718
10.1455	32.142	130.715
10.2930	32.325	130.712
10.4427	32.507	130.709
10.5946	32.690	130.706
10.7487	32.872	130.703
10.9051	33.055	130.700
11.0637	33.237	130.697
11.2246	33.420	130.694
11.3879	33.603	130.692
11.5535	33.785	130.689
11.7216	33.968	130.686
11.8921	34.150	130.683
12.0650	34.333	130.680
12.2405	34.515	130.677
12.4186	34.698	130.674
12.5992	34.881	130.671
12.7825	35.063	130.668
12.9684	35.246	130.665
13.1570	35.428	130.662
13.3484	35.611	130.659
13.5426	35.793	130.656
13.7395	35.976	130.653
13.9394	36.159	130.650
14.1421	36.341	130.647
14.3478	36.524	130.644
14.5565	36.706	130.640
14.7683	36.889	130.637
14.9831	37.071	130.634
15.2010	37.254	130.631
15.4221	37.437	130.627
15.6464	37.619	130.624
15.8740	37.802	130.620
16.1049	37.984	130.617
16.3392	38.167	130.613
16.5768	38.349	130.610
16.8179	38.532	130.606
17.0626	38.715	130.602
17.3107	38.897	130.599
17.5625	39.080	130.595
17.8180	39.262	130.591
18.0771	39.445	130.588
18.3401	39.627	130.584
18.6068	39.810	130.580
18.8775	39.993	130.576
19.1521	40.175	130.572
19.4306	40.358	130.568
19.7133	40.540	130.565
20.0000	40.723	130.560
20.2909	40.906	130.557
20.5860	41.088	130.552
20.8855	41.271	130.548
21.1893	41.453	130.544
21.4975	41.636	130.540
21.8102	41.818	130.536
22.1274	42.001	130.532
22.4492	42.184	130.527
22.7758	42.366	130.523
23.1071	42.549	130.518
23.4432	42.731	130.514
23.7841	42.914	130.510
24.1301	43.096	130.505
24.4811	43.279	130.500
24.8372	43.462	130.496
25.1984	43.644	130.491
25.5649	43.827	130.486
25.9368	44.009	130.482
26.3141	44.192	130.477
26.6968	44.374	130.472
27.0851	44.557	130.467
27.4791	44.740	130.462
27.8788	44.922	130.457
28.2843	45.105	130.452
28.6957	45.287	130.446
29.1131	45.470	130.441
29.5365	45.652	130.436
29.9661	45.835	130.430
30.4020	46.018	130.425
30.8442	46.200	130.420
31.2929	46.383	130.414
31.7480	46.565	130.408
32.2098	46.748	130.403
32.6783	46.930	130.397
33.1536	47.113	130.391
33.6359	47.296	130.385
34.1251	47.478	130.379
34.6215	47.661	130.373
35.1250	47.843	130.367
35.6359	48.026	130.360
36.1543	48.209	130.354
36.6802	48.391	130.348
37.2137	48.574	130.341
37.7550	48.756	130.335
38.3041	48.939	130.328
38.8613	49.121	130.321
39.4265	49.304	130.314
40.0000	49.487	130.308
40.5818	49.669	130.301
41.1721	49.852	130.294
41.7710	50.034	130.286
42.3785	50.217	130.279
42.9949	50.399	130.272
43.6203	50.582	130.264
44.2548	50.765	130.257
44.8985	50.947	130.249
45.5515	51.130	130.241
46.2141	51.312	130.233
46.8863	51.495	130.225
47.5683	51.677	130.217
48.2602	51.860	130.209
48.9621	52.043	130.201
49.6743	52.225	130.192
50.3968	52.408	130.184
51.1299	52.590	130.175
51.8736	52.773	130.166
52.6281	52.955	130.157
53.3936	53.138	130.148
54.1702	53.321	130.139
54.9581	53.503	130.130
55.7575	53.686	130.121
56.5685	53.868	130.111
57.3914	54.051	130.101
58.2261	54.233	130.092
59.0730	54.416	130.082
59.9323	54.599	130.072
60.8040	54.781	130.062
61.6884	54.964	130.051
62.5857	55.146	130.041
63.4960	55.329	130.030
64.4196	55.511	130.019
65.3566	55.694	130.008
66.3073	55.877	129.997
67.2717	56.059	129.986
68.2502	56.242	129.975
69.2429	56.424	129.963
70.2501	56.607	129.951
71.2719	56.790	129.940
72.3086	56.972	129.928
73.3603	57.155	129.915
74.4274	57.337	129.903
75.5099	57.520	129.890
76.6083	57.702	129.878
77.7226	57.885	129.865
78.8531	58.068	129.852
80.0000	58.250	129.838
81.1636	58.433	129.825
82.3442	58.615	129.811
83.5419	58.798	129.797
84.7570	58.980	129.783
85.9899	59.163	129.769
87.2406	59.346	129.755
88.5096	59.528	129.740
89.7970	59.711	129.725
91.1031	59.893	129.710
92.4282	60.076	129.695
93.7726	60.258	129.679
95.1366	60.441	129.664
96.5204	60.624	129.648
97.9243	60.806	129.632
99.3486	60.989	129.615
100.794	61.171	129.598
102.260	61.354	129.582
103.747	61.536	129.565
105.256	61.719	129.547
106.787	61.902	129.530
108.340	62.084	129.512
109.916	62.267	129.494
111.515	62.449	129.475
113.137	62.632	129.457
114.783	62.814	129.438
116.452	62.997	129.419
118.146	63.180	129.399
119.865	63.362	129.379
121.608	63.545	129.359
123.377	63.727	129.339
125.171	63.910	129.319
126.992	64.093	129.298
128.839	64.275	129.276
130.713	64.458	129.255
132.615	64.640	129.233
134.543	64.823	129.211
136.500	65.005	129.189
138.486	65.188	129.166
140.500	65.371	129.143
142.544	65.553	129.119
144.617	65.736	129.096
146.721	65.918	129.072
148.855	66.101	129.047
151.020	66.283	129.023
153.217	66.466	128.997
155.445	66.649	128.972
157.706	66.831	128.946
160.000	67.014	128.920
162.327	67.196	128.893
164.688	67.379	128.866
167.084	67.561	128.839
169.514	67.744	128.811
171.980	67.927	128.783
174.481	68.109	128.754
177.019	68.292	128.725
179.594	68.474	128.696
182.206	68.657	128.666
184.856	68.839	128.636
187.545	69.022	128.605
190.273	69.205	128.574
193.041	69.387	128.543
195.849	69.570	128.511
198.697	69.752	128.478
201.587	69.935	128.445
204.520	70.117	128.412
207.494	70.300	128.378
210.512	70.483	128.344
213.574	70.665	128.309
216.681	70.848	128.273
219.833	71.030	128.237
223.030	71.213	128.201
226.274	71.395	128.164
229.565	71.578	128.127
232.905	71.761	128.089
236.292	71.943	128.050
239.729	72.126	128.011
243.216	72.308	127.972
246.754	72.491	127.931
250.343	72.674	127.891
253.984	72.856	127.849
257.678	73.039	127.807
261.426	73.221	127.765
265.229	73.404	127.722
269.087	73.586	127.678
273.001	73.769	127.633
276.972	73.952	127.588
281.000	74.134	127.543
285.088	74.317	127.496
289.234	74.499	127.449
293.441	74.682	127.402
297.709	74.864	127.353
302.040	75.047	127.304
306.433	75.230	127.255
310.890	75.412	127.204
315.412	75.595	127.153
320.000	75.777	127.101
324.655	75.960	127.049
329.377	76.142	126.995
334.168	76.325	126.941
339.028	76.508	126.887
343.959	76.690	126.831
348.962	76.873	126.775
354.038	77.055	126.717
359.188	77.238	126.659
364.412	77.420	126.601
369.713	77.603	126.541
375.090	77.786	126.480
380.546	77.968	126.419
386.081	78.151	126.357
391.697	78.333	126.294
397.394	78.516	126.230
403.175	78.698	126.165
409.039	78.881	126.099
414.989	79.064	126.033
421.025	79.246	125.965
427.149	79.429	125.897
433.362	79.611	125.827
439.665	79.794	125.757
446.060	79.977	125.685
452.548	80.159	125.613
459.131	80.342	125.540
465.809	80.524	125.465
472.584	80.707	125.390
479.458	80.889	125.314
486.432	81.072	125.236
493.507	81.255	125.158
500.686	81.437	125.078
507.968	81.620	124.998
515.357	81.802	124.916
522.853	81.985	124.833
530.458	82.167	124.749
538.174	82.350	124.664
546.002	82.533	124.578
553.943	82.715	124.491
562.001	82.898	124.403
570.175	83.080	124.313
578.469	83.263	124.223
586.883	83.445	124.131
595.419	83.628	124.038
604.080	83.811	123.944
612.866	83.993	123.848
621.780	84.176	123.752
630.824	84.358	123.654
640.000	84.541	123.555
649.309	84.723	123.455
658.753	84.906	123.354
668.335	85.089	123.251
678.056	85.271	123.148
687.919	85.454	123.043
697.925	85.636	122.937
708.077	85.819	122.830
718.376	86.001	122.721
728.825	86.184	122.612
739.426	86.367	122.501
750.181	86.549	122.389
761.093	86.732	122.277
772.163	86.914	122.163
783.394	87.097	122.048
794.789	87.279	121.932
806.349	87.462	121.816
818.078	87.645	121.699
829.977	87.827	121.581
842.050	88.010	121.462
854.298	88.192	121.343
866.724	88.375	121.224
879.330	88.558	121.104
892.120	88.740	120.985
905.097	88.923	120.866
918.262	89.105	120.749
931.618	89.288	120.632
945.169	89.470	120.518
958.917	89.653	120.407
972.864	89.836	120.300
987.015	90.018	120.199
1001.37	90.201	120.108
1015.94	90.383	120.032
1030.71	90.567	119.979
1045.71	90.754	119.956
1060.92	90.948	119.962
1076.35	91.155	119.980
1092.00	91.377	119.979
1107.89	91.620	119.902
1124.00	91.877	119.675
1140.35	92.134	119.252
1156.94	92.370	118.656
1173.77	92.571	117.962
1190.84	92.732	117.276
1208.16	92.855	116.729
1225.73	92.964	116.409
1243.56	93.089	116.294
1261.65	93.237	116.305
1280.00	93.420	116.339
1298.62	93.631	116.275
1317.51	93.853	116.041
1336.67	94.067	115.625
1356.11	94.251	115.077
1375.84	94.388	114.531
1395.85	94.482	114.153
1416.15	94.558	114.067
1436.75	94.641	114.334
1457.65	94.780	114.859
1478.85	94.977	115.427
1500.36	95.221	115.898
1522.19	95.502	116.170
1544.33	95.788	116.233
1566.79	96.078	116.149
1589.58	96.377	115.916
1612.70	96.676	115.512
1636.16	96.978	114.914
1659.95	97.261	114.118
1684.10	97.520	113.165
1708.60	97.743	112.113
1733.45	97.930	111.045
1758.66	98.095	109.997
1784.24	98.233	108.976
1810.19	98.348	108.006
1836.52	98.438	107.098
1863.24	98.495	106.294
1890.34	98.519	105.681
1917.83	98.517	105.361
1945.73	98.518	105.387
1974.03	98.545	105.714
2002.74	98.612	106.223
2031.87	98.713	106.789
2061.43	98.826	107.375
2091.41	98.939	108.049
2121.83	99.055	108.925
2152.69	99.200	110.086
2184.01	99.401	111.487
2215.77	99.683	112.976
2248.00	100.055	114.317
2280.70	100.485	115.346
2313.87	100.955	116.046
2347.53	101.470	116.358
2381.68	102.007	116.212
2416.32	102.553	115.568
2451.46	103.087	114.379
2487.12	103.554	112.727
2523.30	103.931	110.820
2560.00	104.213	108.869
2597.24	104.403	107.096
2635.01	104.542	105.684
2673.34	104.668	104.684
2712.23	104.812	104.052
2751.68	104.988	103.708
2791.70	105.207	103.578
2832.31	105.492	103.536
2873.50	105.839	103.420
2915.30	106.247	103.082
2957.70	106.697	102.385
3000.72	107.156	101.295
3044.37	107.610	99.830
3088.65	108.037	98.035
3133.58	108.424	96.008
3179.16	108.772	93.854
3225.40	109.087	91.628
3272.31	109.381	89.356
3319.91	109.663	87.005
3368.20	109.926	84.564
3417.19	110.168	82.029
3466.89	110.380	79.396
3517.32	110.551	76.690
3568.48	110.672	73.993
3620.39	110.749	71.386
3673.05	110.782	68.949
3726.47	110.784	66.756
3780.67	110.775	64.842
3835.67	110.778	63.197
3891.46	110.816	61.727
3948.06	110.894	60.291
4005.49	110.997	58.770
4063.75	111.105	57.114
4122.86	111.190	55.374
4182.82	111.256	53.636
4243.66	111.305	51.945
4305.39	111.339	50.381
4368.01	111.389	48.958
4431.55	111.470	47.578
4496.01	111.577	46.152
4561.40	111.714	44.597
4627.75	111.873	42.809
4695.06	112.032	40.722
4763.35	112.171	38.332
4832.64	112.271	35.672
4902.93	112.322	32.784
4974.24	112.301	29.727
5046.60	112.192	26.617
5120.00	111.984	23.606
5194.47	111.671	20.822
5270.03	111.227	18.563
5346.68	110.686	17.208
5424.45	110.127	16.991
5503.35	109.617	18.057
5583.40	109.258	20.297
5664.61	109.143	23.057
5747.01	109.224	25.606
5830.60	109.454	27.550
5915.41	109.759	28.792
6001.45	110.090	29.450
6088.74	110.440	29.640
6177.30	110.799	29.392
6267.15	111.151	28.752
6358.31	111.493	27.764
6450.80	111.807	26.480
6544.62	112.093	24.975
6639.82	112.353	23.302
6736.40	112.590	21.499
6834.38	112.798	19.605
6933.79	112.978	17.701
7034.64	113.155	15.799
7136.96	113.352	13.802
7240.77	113.576	11.555
7346.09	113.806	8.900
7452.94	113.976	5.834
7561.35	114.035	2.552
7671.33	113.967	-0.688
7782.91	113.782	-3.603
7896.12	113.547	-5.995
8010.97	113.310	-7.850
8127.49	113.097	-9.266
8245.71	112.910	-10.354
8365.65	112.730	-11.126
8487.33	112.570	-11.497
8610.78	112.465	-11.423
8736.03	112.473	-11.046
8863.09	112.616	-10.709
8992.01	112.900	-10.831
9122.80	113.276	-11.797
9255.50	113.633	-13.638
9390.12	113.915	-16.087
9526.70	114.099	-18.888
9665.27	114.184	-21.817
9805.86	114.211	-24.686
9948.49	114.200	-27.441
10093.2	114.162	-30.030
10240.0	114.106	-32.442
10388.9	114.056	-34.731
10540.1	114.033	-37.001
10693.4	114.051	-39.421
10848.9	114.084	-42.155
11006.7	114.074	-45.230
11166.8	113.980	-48.558
11329.2	113.783	-52.002
11494.0	113.467	-55.313
11661.2	113.043	-58.237
11830.8	112.500	-60.418
12002.9	111.889	-61.471
12177.5	111.330	-61.189
12354.6	110.912	-59.608
12534.3	110.765	-57.294
12716.6	110.931	-55.363
12901.6	111.295	-54.548
13089.2	111.762	-55.069
13279.6	112.234	-56.852
13472.8	112.634	-59.647
13668.8	112.926	-63.182
13867.6	113.068	-67.171
14069.3	113.054	-71.273
14273.9	112.905	-75.154
14481.5	112.680	-78.586
14692.2	112.452	-81.540
14905.9	112.289	-84.189
15122.7	112.236	-86.937
15342.7	112.283	-90.295
15565.8	112.321	-94.490
15792.2	112.238	-99.463
16021.9	111.897	-104.719
16255.0	111.259	-109.618
16491.4	110.402	-113.676
16731.3	109.405	-116.322
16974.7	108.439	-117.111
17221.6	107.723	-116.401
17472.1	107.305	-115.129
17726.2	107.172	-114.248
17984.0	107.314	-114.673
18245.6	107.550	-117.041
18511.0	107.642	-121.059
18780.2	107.458	-125.978
19053.4	106.869	-131.263
19330.5	105.794	-135.956
19611.7	104.426	-138.774
19897.0	103.014	-138.991
20186.4	101.799	-136.405
20480.0	100.992	-132.250
20777.9	100.568	-128.418
21080.1	100.311	-125.559
21386.7	100.134	-123.585
21697.8	99.956	-122.144
22013.4	99.779	-121.022
22333.6	99.601	-120.121
22658.4	99.424	-119.386
22988.0	99.246	-118.778
23322.4	99.069	-118.273
23661.6	98.892	-117.851
24005.8	98.714	-117.497
24355.0	98.537	-117.202
24709.2	98.359	-116.955
25068.6	98.182	-116.751
25433.2	98.004	-116.583
25803.2	97.827	-116.446
26178.5	97.649	-116.337
26559.3	97.472	-116.252
26945.6	97.294	-116.189
27337.5	97.117	-116.144
27735.2	96.939	-116.116
28138.6	96.762	-116.103
28547.9	96.584	-116.103
28963.1	96.407	-116.115
29384.4	96.229	-116.138
29811.8	96.052	-116.170
30245.4	95.874	-116.211
30685.3	95.697	-116.259
31131.7	95.519	-116.314
31584.5	95.342	-116.376
32043.9	95.164	-116.443
32510.0	94.987	-116.515
32982.8	94.809	-116.591
33462.6	94.632	-116.672
33949.3	94.454	-116.756
34443.1	94.277	-116.843
34944.1	94.099	-116.933
35452.4	93.922	-117.026
35968.0	93.745	-117.121
36491.2	93.567	-117.219
37022.0	93.390	-117.319
37560.5	93.212	-117.423
38106.8	93.051	-117.522
38661.1	92.906	-117.620
39223.4	92.797	-117.697
39793.9	92.713	-117.759
