5.00000	-228.591	-77.380
5.07273	-228.145	-77.465
5.14651	-227.572	-77.559
5.22137	-226.819	-77.655
5.29732	-225.995	-77.720
5.37437	-225.098	-77.779
5.45254	-224.200	-77.824
5.53185	-223.303	-77.868
5.61231	-222.405	-77.910
5.69394	-221.508	-77.952
5.77676	-220.610	-77.993
5.86079	-219.712	-78.033
5.94604	-218.815	-78.073
6.03252	-217.917	-78.113
6.12027	-217.020	-78.152
6.20929	-216.122	-78.191
6.29961	-215.225	-78.231
6.39124	-214.327	-78.270
6.48420	-213.429	-78.310
6.57851	-212.532	-78.349
6.67420	-211.634	-78.387
6.77128	-210.737	-78.426
6.86977	-209.839	-78.464
6.96969	-208.942	-78.503
7.07107	-208.044	-78.542
7.17392	-207.146	-78.582
7.27827	-206.249	-78.622
7.38413	-205.351	-78.661
7.49154	-204.454	-78.700
7.60050	-203.556	-78.739
7.71105	-202.659	-78.778
7.82321	-201.761	-78.818
7.93701	-200.863	-78.859
8.05245	-199.966	-78.900
8.16958	-199.068	-78.941
8.28841	-198.171	-78.982
8.40896	-197.273	-79.024
8.53128	-196.376	-79.065
8.65537	-195.478	-79.107
8.78126	-194.580	-79.150
8.90899	-193.683	-79.193
9.03857	-192.785	-79.236
9.17004	-191.888	-79.280
9.30342	-190.990	-79.324
9.43874	-190.093	-79.367
9.57603	-189.195	-79.412
9.71532	-188.298	-79.457
9.85663	-187.400	-79.502
10.0000	-186.502	-79.548
10.1455	-185.605	-79.594
10.2930	-184.707	-79.641
10.4427	-183.810	-79.688
10.5946	-182.912	-79.736
10.7487	-182.015	-79.784
10.9051	-181.117	-79.833
11.0637	-180.219	-79.882
11.2246	-179.322	-79.931
11.3879	-178.424	-79.981
11.5535	-177.527	-80.031
11.7216	-176.629	-80.083
11.8921	-175.732	-80.134
12.0650	-174.834	-80.187
12.2405	-173.936	-80.240
12.4186	-173.039	-80.294
12.5992	-172.141	-80.348
12.7825	-171.244	-80.403
12.9684	-170.346	-80.458
13.1570	-169.449	-80.514
13.3484	-168.551	-80.571
13.5426	-167.653	-80.628
13.7395	-166.756	-80.685
13.9394	-165.858	-80.744
14.1421	-164.961	-80.803
14.3478	-164.063	-80.863
14.5565	-163.166	-80.924
14.7683	-162.268	-80.986
14.9831	-161.370	-81.049
15.2010	-160.473	-81.113
15.4221	-159.575	-81.177
15.6464	-158.678	-81.242
15.8740	-157.780	-81.307
16.1049	-156.883	-81.374
16.3392	-155.985	-81.441
16.5768	-155.087	-81.509
16.8179	-154.190	-81.579
17.0626	-153.292	-81.649
17.3107	-152.395	-81.720
17.5625	-151.497	-81.791
17.8180	-150.600	-81.864
18.0771	-149.702	-81.938
18.3401	-148.804	-82.012
18.6068	-147.907	-82.088
18.8775	-147.009	-82.165
19.1521	-146.112	-82.243
19.4306	-145.214	-82.321
19.7133	-144.317	-82.401
20.0000	-143.419	-82.482
20.2909	-142.522	-82.563
20.5860	-141.624	-82.647
20.8855	-140.726	-82.731
21.1893	-139.829	-82.816
21.4975	-138.931	-82.902
21.8102	-138.034	-82.990
22.1274	-137.136	-83.078
22.4492	-136.239	-83.168
22.7758	-135.341	-83.259
23.1071	-134.443	-83.352
23.4432	-133.546	-83.446
23.7841	-132.648	-83.540
24.1301	-131.751	-83.637
24.4811	-130.853	-83.734
24.8372	-129.956	-83.833
25.1984	-129.058	-83.933
25.5649	-128.160	-84.034
25.9368	-127.263	-84.137
26.3141	-126.365	-84.242
26.6968	-125.468	-84.347
27.0851	-124.570	-84.454
27.4791	-123.673	-84.563
27.8788	-122.775	-84.674
28.2843	-121.877	-84.785
28.6957	-120.980	-84.899
29.1131	-120.082	-85.014
29.5365	-119.185	-85.130
29.9661	-118.287	-85.249
30.4020	-117.390	-85.368
30.8442	-116.492	-85.490
31.2929	-115.594	-85.613
31.7480	-114.697	-85.739
32.2098	-113.799	-85.865
32.6783	-112.902	-85.994
33.1536	-112.004	-86.124
33.6359	-111.107	-86.256
34.1251	-110.209	-86.390
34.6215	-109.311	-86.526
35.1250	-108.414	-86.663
35.6359	-107.516	-86.803
36.1543	-106.619	-86.945
36.6802	-105.721	-87.089
37.2137	-104.824	-87.234
37.7550	-103.926	-87.383
38.3041	-103.028	-87.533
38.8613	-102.131	-87.685
39.4265	-101.233	-87.839
40.0000	-100.336	-87.996
40.5818	-99.438	-88.154
41.1721	-98.541	-88.315
41.7710	-97.643	-88.478
42.3785	-96.745	-88.644
42.9949	-95.848	-88.812
43.6203	-94.950	-88.982
44.2548	-94.053	-89.155
44.8985	-93.155	-89.330
45.5515	-92.258	-89.508
46.2141	-91.360	-89.688
46.8863	-90.463	-89.871
47.5683	-89.565	-90.057
48.2602	-88.667	-90.245
48.9621	-87.770	-90.436
49.6743	-86.872	-90.629
50.3968	-85.975	-90.826
51.1299	-85.077	-91.025
51.8736	-84.180	-91.227
52.6281	-83.282	-91.432
53.3936	-82.384	-91.640
54.1702	-81.487	-91.851
54.9581	-80.589	-92.065
55.7575	-79.692	-92.282
56.5685	-78.794	-92.502
57.3914	-77.897	-92.726
58.2261	-76.999	-92.952
59.0730	-76.101	-93.182
59.9323	-75.204	-93.416
60.8040	-74.306	-93.652
61.6884	-73.409	-93.892
62.5857	-72.511	-94.135
63.4960	-71.614	-94.383
64.4196	-70.716	-94.633
65.3566	-69.818	-94.887
66.3073	-68.921	-95.145
67.2717	-68.023	-95.407
68.2502	-67.126	-95.672
69.2429	-66.228	-95.941
70.2501	-65.331	-96.215
71.2719	-64.433	-96.492
72.3086	-63.535	-96.773
73.3603	-62.638	-97.058
74.4274	-61.740	-97.347
75.5099	-60.843	-97.641
76.6083	-59.945	-97.939
77.7226	-59.048	-98.241
78.8531	-58.150	-98.547
80.0000	-57.252	-98.858
81.1636	-56.355	-99.174
82.3442	-55.457	-99.494
83.5419	-54.560	-99.819
84.7570	-53.662	-100.148
85.9899	-52.765	-100.482
87.2406	-51.867	-100.821
88.5096	-50.969	-101.166
89.7970	-50.072	-101.515
91.1031	-49.174	-101.869
92.4282	-48.277	-102.228
93.7726	-47.379	-102.593
95.1366	-46.482	-102.963
96.5204	-45.584	-103.338
97.9243	-44.687	-103.719
99.3486	-43.789	-104.106
100.794	-42.891	-104.498
102.260	-41.994	-104.896
103.747	-41.096	-105.299
105.256	-40.199	-105.709
106.787	-39.301	-106.124
108.340	-38.404	-106.546
109.916	-37.506	-106.974
111.515	-36.608	-107.408
113.137	-35.711	-107.848
114.783	-34.813	-108.295
116.452	-33.916	-108.749
118.146	-33.018	-109.209
119.865	-32.121	-109.676
121.608	-31.223	-110.150
123.377	-30.325	-110.630
125.171	-29.428	-111.118
126.992	-28.530	-111.613
128.839	-27.633	-112.115
130.713	-26.735	-112.625
132.615	-25.838	-113.143
134.543	-24.940	-113.667
136.500	-24.042	-114.200
138.486	-23.145	-114.740
140.500	-22.247	-115.289
142.544	-21.350	-115.845
144.617	-20.452	-116.410
146.721	-19.555	-116.983
148.855	-18.657	-117.565
151.020	-17.759	-118.155
153.217	-16.862	-118.755
155.445	-15.964	-119.362
157.706	-15.067	-119.979
160.000	-14.169	-120.606
162.327	-13.272	-121.241
164.688	-12.374	-121.886
167.084	-11.476	-122.541
169.514	-10.579	-123.205
171.980	-9.681	-123.879
174.481	-8.784	-124.564
177.019	-7.886	-125.258
179.594	-6.989	-125.963
182.206	-6.091	-126.679
184.856	-5.193	-127.405
187.545	-4.296	-128.142
190.273	-3.398	-128.891
193.041	-2.501	-129.650
195.849	-1.603	-130.421
198.697	-0.706	-131.203
201.587	0.192	-131.998
204.520	1.090	-132.804
207.494	1.987	-133.623
210.512	2.885	-134.454
213.574	3.782	-135.297
216.681	4.680	-136.154
219.833	5.577	-137.023
223.030	6.475	-137.906
226.274	7.372	-138.802
229.565	8.270	-139.712
232.905	9.168	-140.636
236.292	10.065	-141.574
239.729	10.963	-142.526
243.216	11.860	-143.493
246.754	12.758	-144.475
250.343	13.655	-145.472
253.984	14.553	-146.485
257.678	15.451	-147.513
261.426	16.348	-148.557
265.229	17.246	-149.617
269.087	18.143	-150.694
273.001	19.041	-151.788
276.972	19.938	-152.899
281.000	20.836	-154.028
285.088	21.734	-155.174
289.234	22.631	-156.338
293.441	23.529	-157.521
297.709	24.426	-158.722
302.040	25.324	-159.943
306.433	26.221	-161.183
310.890	27.119	-162.443
315.412	28.017	-163.723
320.000	28.914	-165.024
324.655	29.812	-166.346
329.377	30.709	-167.690
334.168	31.607	-169.055
339.028	32.504	-170.442
343.959	33.402	-171.853
348.962	34.300	-173.287
354.038	35.197	-174.744
359.188	36.095	-176.226
364.412	36.992	-177.732
369.713	37.890	-179.264
375.090	38.787	179.178
380.546	39.685	177.594
386.081	40.583	175.982
391.697	41.480	174.343
397.394	42.378	172.676
403.175	43.275	170.980
409.039	44.173	169.253
414.989	45.070	167.497
421.025	45.968	165.709
427.149	46.866	163.889
433.362	47.763	162.036
439.665	48.661	160.149
446.060	49.558	158.227
452.548	50.456	156.270
459.131	51.353	154.275
465.809	52.251	152.243
472.584	53.148	150.170
479.458	54.046	148.057
486.432	54.944	145.901
493.507	55.841	143.701
500.686	56.739	141.453
507.968	57.636	139.155
515.357	58.534	136.800
522.853	59.429	134.385
530.458	60.321	131.915
538.174	61.206	129.400
546.002	62.083	126.869
553.943	62.963	124.324
562.001	63.845	121.748
570.175	64.729	119.148
578.469	65.628	116.484
586.883	66.523	113.747
595.419	67.427	110.944
604.080	68.343	108.014
612.866	69.253	104.949
621.780	70.162	101.776
630.824	71.069	98.460
640.000	71.957	95.023
649.309	72.838	91.501
658.753	73.711	87.871
668.335	74.571	84.145
678.056	75.423	80.335
687.919	76.267	76.413
697.925	77.090	72.397
708.077	77.899	68.309
718.376	78.692	64.147
728.825	79.466	59.931
739.426	80.227	55.673
750.181	80.979	51.358
761.093	81.715	46.988
772.163	82.444	42.559
783.394	83.159	38.053
794.789	83.856	33.478
806.349	84.534	28.855
818.078	85.197	24.175
829.977	85.841	19.455
842.050	86.472	14.685
854.298	87.083	9.862
866.724	87.671	5.025
879.330	88.251	0.144
892.120	88.808	-4.798
905.097	89.335	-9.740
918.262	89.853	-14.680
931.618	90.349	-19.651
945.169	90.825	-24.629
958.917	91.292	-29.617
972.864	91.743	-34.657
987.015	92.169	-39.720
1001.37	92.573	-44.809
1015.94	92.947	-49.909
1030.71	93.295	-55.007
1045.71	93.618	-60.081
1060.92	93.915	-65.127
1076.35	94.184	-70.126
1092.00	94.425	-75.057
1107.89	94.644	-79.923
1124.00	94.844	-84.722
1140.35	95.021	-89.450
1156.94	95.181	-94.103
1173.77	95.316	-98.698
1190.84	95.421	-103.201
1208.16	95.497	-107.581
1225.73	95.546	-111.807
1243.56	95.573	-115.856
1261.65	95.586	-119.718
1280.00	95.588	-123.393
1298.62	95.583	-126.886
1317.51	95.569	-130.194
1336.67	95.548	-133.306
1356.11	95.527	-136.226
1375.84	95.507	-138.952
1395.85	95.492	-141.475
1416.15	95.491	-143.808
1436.75	95.500	-145.952
1457.65	95.535	-147.924
1478.85	95.599	-149.771
1500.36	95.701	-151.546
1522.19	95.843	-153.331
1544.33	96.015	-155.198
1566.79	96.212	-157.195
1589.58	96.423	-159.361
1612.70	96.629	-161.683
1636.16	96.833	-164.133
1659.95	97.026	-166.712
1684.10	97.203	-169.391
1708.60	97.366	-172.138
1733.45	97.521	-174.968
1758.66	97.660	-177.902
1784.24	97.772	179.086
1810.19	97.858	176.019
1836.52	97.913	172.902
1863.24	97.930	169.763
1890.34	97.910	166.635
1917.83	97.848	163.553
1945.73	97.739	160.558
1974.03	97.584	157.679
2002.74	97.374	154.976
2031.87	97.115	152.512
2061.43	96.802	150.353
2091.41	96.434	148.586
2121.83	96.010	147.331
2152.69	95.539	146.755
2184.01	95.048	147.030
2215.77	94.576	148.303
2248.00	94.175	150.655
2280.70	93.915	153.986
2313.87	93.835	157.986
2347.53	93.965	162.182
2381.68	94.288	166.069
2416.32	94.759	169.304
2451.46	95.323	171.767
2487.12	95.930	173.512
2523.30	96.546	174.704
2560.00	97.164	175.511
2597.24	97.786	176.052
2635.01	98.429	176.381
2673.34	99.110	176.454
2712.23	99.834	176.174
2751.68	100.600	175.421
2791.70	101.388	174.100
2832.31	102.170	172.203
2873.50	102.934	169.741
2915.30	103.655	166.758
2957.70	104.321	163.332
3000.72	104.928	159.517
3044.37	105.455	155.402
3088.65	105.897	151.088
3133.58	106.248	146.682
3179.16	106.504	142.299
3225.40	106.680	138.060
3272.31	106.784	134.055
3319.91	106.835	130.358
3368.20	106.850	127.019
3417.19	106.847	124.065
3466.89	106.855	121.466
3517.32	106.886	119.138
3568.48	106.955	116.978
3620.39	107.061	114.852
3673.05	107.185	112.666
3726.47	107.310	110.402
3780.67	107.422	108.074
3835.67	107.508	105.748
3891.46	107.570	103.514
3948.06	107.617	101.437
4005.49	107.664	99.548
4063.75	107.723	97.848
4122.86	107.813	96.303
4182.82	107.944	94.826
4243.66	108.116	93.338
4305.39	108.335	91.740
4368.01	108.596	89.925
4431.55	108.888	87.807
4496.01	109.206	85.294
4561.40	109.524	82.307
4627.75	109.814	78.845
4695.06	110.048	74.961
4763.35	110.203	70.724
4832.64	110.256	66.263
4902.93	110.195	61.729
4974.24	110.021	57.261
5046.60	109.730	52.987
5120.00	109.319	49.060
5194.47	108.784	45.669
5270.03	108.113	43.100
5346.68	107.325	41.824
5424.45	106.507	42.452
5503.35	105.847	45.473
5583.40	105.577	50.474
5664.61	105.812	55.569
5747.01	106.460	58.644
5830.60	107.252	59.083
5915.41	107.945	57.554
6001.45	108.423	54.938
6088.74	108.660	52.015
6177.30	108.722	49.415
6267.15	108.722	47.464
6358.31	108.754	46.143
6450.80	108.884	45.194
6544.62	109.137	44.183
6639.82	109.491	42.708
6736.40	109.898	40.508
6834.38	110.292	37.517
6933.79	110.620	33.826
7034.64	110.842	29.586
7136.96	110.918	25.009
7240.77	110.828	20.403
7346.09	110.586	16.036
7452.94	110.203	12.145
7561.35	109.725	8.960
7671.33	109.209	6.595
7782.91	108.698	5.040
7896.12	108.219	4.229
8010.97	107.798	4.032
8127.49	107.423	4.352
8245.71	107.100	5.241
8365.65	106.870	6.735
8487.33	106.789	8.709
8610.78	106.910	10.754
8736.03	107.254	12.144
8863.09	107.731	12.262
8992.01	108.207	11.022
9122.80	108.554	8.800
9255.50	108.701	6.162
9390.12	108.658	3.700
9526.70	108.510	1.890
9665.27	108.375	0.888
9805.86	108.353	0.427
9948.49	108.472	-0.059
10093.2	108.665	-0.990
10240.0	108.863	-2.470
10388.9	108.990	-4.323
10540.1	109.020	-6.204
10693.4	108.989	-7.799
10848.9	108.959	-8.956
11006.7	109.012	-9.817
11166.8	109.189	-10.843
11329.2	109.425	-12.451
11494.0	109.617	-14.648
11661.2	109.676	-17.091
11830.8	109.562	-19.180
12002.9	109.370	-20.306
12177.5	109.289	-20.287
12354.6	109.471	-19.704
12534.3	109.973	-19.785
12716.6	110.644	-21.442
12901.6	111.277	-24.627
13089.2	111.753	-28.853
13279.6	112.019	-33.583
13472.8	112.129	-38.356
13668.8	112.191	-42.994
13867.6	112.260	-47.608
14069.3	112.355	-52.374
14273.9	112.436	-57.476
14481.5	112.450	-62.963
14692.2	112.379	-68.836
14905.9	112.227	-75.133
15122.7	111.972	-81.793
15342.7	111.577	-88.747
15565.8	110.935	-95.659
15792.2	109.965	-102.131
16021.9	108.640	-107.738
16255.0	106.933	-111.333
16491.4	105.088	-111.042
16731.3	103.665	-105.192
16974.7	103.146	-95.050
17221.6	103.700	-87.263
17472.1	104.820	-86.001
17726.2	105.816	-89.552
17984.0	106.301	-95.444
18245.6	106.167	-102.268
18511.0	105.463	-109.104
18780.2	104.343	-114.832
19053.4	103.053	-118.623
19330.5	101.773	-120.187
19611.7	100.647	-119.750
19897.0	99.719	-117.981
20186.4	98.930	-115.237
20480.0	98.373	-111.958
20777.9	98.047	-109.031
21080.1	97.828	-106.764
21386.7	97.669	-105.142
21697.8	97.511	-103.947
22013.4	97.352	-103.014
22333.6	97.194	-102.267
22658.4	97.035	-101.661
22988.0	96.877	-101.166
23322.4	96.719	-100.760
23661.6	96.560	-100.427
24005.8	96.402	-100.155
24355.0	96.243	-99.935
24709.2	96.085	-99.759
25068.6	95.926	-99.621
25433.2	95.768	-99.515
25803.2	95.610	-99.438
26178.5	95.451	-99.386
26559.3	95.293	-99.356
26945.6	95.134	-99.345
27337.5	94.976	-99.352
27735.2	94.817	-99.374
28138.6	94.659	-99.409
28547.9	94.501	-99.456
28963.1	94.342	-99.513
29384.4	94.184	-99.581
29811.8	94.025	-99.656
30245.4	93.867	-99.739
30685.3	93.708	-99.829
31131.7	93.550	-99.925
31584.5	93.392	-100.027
32043.9	93.233	-100.133
32510.0	93.075	-100.243
32982.8	92.916	-100.358
33462.6	92.758	-100.475
33949.3	92.599	-100.596
34443.1	92.441	-100.719
34944.1	92.283	-100.845
35452.4	92.124	-100.972
35968.0	91.966	-101.101
36491.2	91.807	-101.232
37022.0	91.649	-101.365
37560.5	91.490	-101.502
38106.8	91.347	-101.628
38661.1	91.217	-101.751
39223.4	91.120	-101.846
39793.9	91.045	-101.921
