14.97596	53.75	-105.9
15.22696	54.49	-87.8
15.48217	55.33	-66.4
15.74166	56.03	-47
16.00549	56.39	-34.7
16.27375	56.22	-31.2
16.5465	55.45	-33.7
16.82382	54.24	-39.7
17.10579	52.89	-47.6
17.39249	51.92	-56.1
17.68399	51.89	-65.1
17.98038	52.78	-74.9
18.28174	54.38	-85.2
18.58814	56.11	-94.1
18.89969	57.64	-99.8
19.21645	58.86	-102.1
19.53852	59.87	-102.3
19.86599	60.75	-101.9
20.19895	61.52	-101.8
20.53749	62.17	-103.2
20.8817	62.75	-107.9
21.23169	63.25	-115.8
21.58753	63.6	-124.2
21.94935	63.71	-130.2
22.31722	63.57	-133.3
22.69126	63.2	-134.9
23.07158	62.93	-136.1
23.45826	63.2	-137.5
23.85143	64.4	-139.6
24.25118	66.1	-142.2
24.65764	67.45	-144.7
25.07091	68.08	-146.8
25.4911	68.2	-148.5
25.91834	68.18	-150.2
26.35274	68.14	-152.5
26.79441	68.14	-155.9
27.2435	68.21	-160.1
27.7001	68.38	-164
28.16436	68.78	-167.1
28.63641	69.38	-169.5
29.11636	69.84	-171.4
29.60436	69.87	-173
30.10053	69.62	-174.2
30.60502	69.36	-175.2
31.11797	69.38	-175.8
31.63952	69.66	-176.2
32.1698	70.08	-176.7
32.70898	70.58	-177.8
33.25719	71.06	14.4
33.81459	71.44	178.8
34.38133	71.71	175.9
34.95757	71.93	173.2
35.54346	72.13	171
36.13918	72.37	169.3
36.74488	72.7	167.6
37.36074	73.12	165.7
37.98691	73.48	164
38.62358	73.7	162.5
39.27092	73.88	160.9
39.92911	74.13	158.6
40.59833	74.46	155.5
41.27877	74.74	152.1
41.97061	74.9	148.9
42.67405	74.92	146.1
43.38928	74.85	143.5
44.11649	74.85	140.2
44.8559	74.94	136.5
45.60769	74.95	135.3
46.37209	74.87	137.2
47.1493	74.97	139.4
47.93953	75.41	139.8
48.74301	75.82	137.6
49.55995	76.1	133.8
50.39059	76.36	131.3
51.23515	76.59	130.2
52.09386	76.78	129.2
52.96697	76.97	128.1
53.85471	77.19	127.1
54.75733	77.36	126.1
55.67507	77.46	123.8
56.6082	77.56	119.6
57.55697	77.74	116.2
58.52164	78.18	113.8
59.50247	78.82	111
60.49975	79.05	110.7
61.51374	78.82	112.4
62.54472	78.68	112.3
63.59299	78.74	110.9
64.65882	78.95	110
65.74252	79.16	109
66.84438	79.36	107.9
67.96471	79.52	107.1
69.10382	79.59	106
70.26201	79.61	104.3
71.43962	79.69	102.2
72.63697	79.83	99.6
73.85438	80.1	96
75.0922	80.38	92.4
76.35076	80.49	91.4
77.63042	80.55	91.8
78.93152	80.61	91.5
80.25443	80.69	90.5
81.59952	80.81	89.1
82.96715	80.92	87.2
84.3577	81	85.2
85.77155	81.04	83.3
87.2091	81.14	81.9
88.67075	81.29	80.5
90.15689	81.42	79.1
91.66795	81.49	77.9
93.20432	81.56	76.4
94.76645	81.58	74.4
96.35476	81.6	72.5
97.96969	81.69	70.7
99.61168	81.76	69.1
101.2812	81.75	67.6
102.9787	81.77	66.1
104.70465	81.86	64.8
106.45952	81.91	63.8
108.24381	81.89	62.7
110.058	81.89	61.2
111.9026	81.97	59.2
113.77812	82.04	57.5
115.68507	82.04	56.1
117.62398	82.08	54.5
119.59538	82.11	53.2
121.59983	82.06	52.1
123.63787	81.99	51.1
125.71007	81.99	50
127.81701	82.03	49.2
129.95925	82	48.4
132.1374	81.96	47.3
134.35205	81.96	46
136.60383	82.01	44.8
138.89334	82.07	43.6
141.22123	82.09	42.5
143.58813	82.07	41.6
145.9947	81.98	40.8
148.44161	81.95	39.8
150.92953	81.99	38.6
153.45914	82	37.8
156.03116	81.95	36.7
158.64628	81.92	35.4
161.30523	81.91	34.2
164.00874	81.89	33.5
166.75757	81.81	32.9
169.55247	81.71	32.2
172.39421	81.7	31.2
175.28358	81.71	30.8
178.22137	81.55	31.5
181.2084	81.51	31.3
184.2455	81.65	29.4
187.3335	81.72	27.7
190.47326	81.75	26.6
193.66564	81.73	25.8
196.91152	81.71	24.8
200.2118	81.71	24
203.5674	81.69	23.5
206.97924	81.62	22.9
210.44827	81.58	22.2
213.97543	81.58	21.6
217.56171	81.57	21
221.2081	81.56	20.3
224.9156	81.54	19.4
228.68524	81.53	18.6
232.51806	81.49	18
236.41512	81.45	17.3
240.3775	81.4	16.7
244.40628	81.33	16
248.50259	81.33	15.4
252.66756	81.33	14.9
256.90233	81.28	14.2
261.20807	81.25	13.2
265.58598	81.2	12.8
270.03727	81.11	12.6
274.56316	81.05	12.3
279.16491	81.02	12
283.84378	81.01	11.5
288.60107	81	11.2
293.43809	80.96	10.9
298.35619	80.9	10.4
303.35671	80.89	10
308.44104	80.93	9.7
313.61059	80.95	9.1
318.86678	80.95	8.3
324.21107	80.92	7.5
329.64492	80.82	6.9
335.16985	80.73	6.5
340.78738	80.71	6.2
346.49906	80.68	5.9
352.30647	80.61	5.5
358.21121	80.56	5.1
364.21492	80.52	4.7
370.31925	80.48	4.4
376.5259	80.43	4
382.83656	80.37	3.7
389.253	80.3	3.3
395.77697	80.2	3
402.41029	80.09	2.8
409.15479	79.98	2.9
416.01232	79.86	3.4
422.98479	79.76	4.4
430.07412	79.78	6
437.28226	80.02	7.6
444.61122	80.4	8.1
452.06302	80.76	7.2
459.6397	80.96	4.9
467.34338	81.03	8.6
475.17617	81.01	11.2
483.14023	80.73	11.7
491.23778	80.32	8.5
499.47105	79.94	6.3
507.84231	79.63	4.7
516.35387	79.42	3.5
525.00808	79.35	1.9
533.80735	79.34	-0.6
542.75409	79.16	-2.2
551.85078	78.81	-2.9
561.09994	78.42	-2.3
570.50411	78.11	-0.5
580.0659	77.93	2.2
589.78794	77.95	5.8
599.67293	78.32	9.6
609.7236	79.03	12
619.94272	79.83	11.7
630.33311	80.47	9
640.89765	80.85	5.2
651.63925	81.02	1.3
662.56088	81.09	-2.2
673.66556	81.1	-5.9
684.95636	81.01	-9.8
696.4364	80.74	-13.9
708.10884	80.24	-17.2
719.97692	79.63	-19
732.04391	79	-19.6
744.31315	78.34	-19
756.78802	77.77	-16.7
769.47197	77.44	-13.6
782.36851	77.28	-10.6
795.4812	77.26	-7.4
808.81366	77.45	-4.4
822.36957	77.81	-2.5
836.15269	78.16	-2
850.16681	78.43	-2.1
864.41582	78.65	-2.4
878.90364	78.84	-2.6
893.63428	79.1	-2.5
908.61181	79.51	-2.9
923.84036	79.97	-4.8
939.32415	80.32	-8.5
955.06746	80.42	-13.4
971.07462	80.19	-18.6
987.35007	79.6	-22.7
1003.8983	78.75	-24.4
1020.7239	77.81	-22.8
1037.8315	77.16	-17.6
1055.2258	77.17	-11.7
1072.9116	77.65	-7.9
1090.8939	78.19	-6.5
1109.1775	78.69	-6.5
1127.7676	79.12	-7.6
1146.6693	79.42	-9.3
1165.8877	79.66	-10.8
1185.4283	79.99	-12.3
1205.2964	80.37	-15.3
1225.4974	80.55	-20
1246.0371	80.43	-25
1266.9209	80.04	-29.1
1288.1549	79.5	-31.9
1309.7446	78.85	-33.2
1331.6963	78.2	-32.3
1354.0158	77.86	-29.7
1376.7095	77.89	-27.8
1399.7835	78.01	-27.8
1423.2442	78.04	-28.7
1447.0981	77.94	-29.9
1471.3518	77.74	-30.6
1496.012	77.52	-30.6
1521.0856	77.36	-29.8
1546.5793	77.39	-29
1572.5004	77.47	-29.7
1598.8559	77.34	-30.9
1625.6531	77.08	-30.7
1652.8994	76.93	-29.4
1680.6024	76.94	-27.7
1708.7697	77.21	-26
1737.4091	77.65	-26.1
1766.5285	77.97	-28
1796.136	78.13	-30.2
1826.2397	78.2	-32.4
1856.8479	78.22	-34.6
1887.9691	78.22	-37
1919.612	78.11	-39.7
1951.7851	77.81	-41.7
1984.4975	77.52	-42.1
2017.7582	77.47	-42
2051.5763	77.56	-42.8
2085.9612	77.63	-44.6
2120.9224	77.62	-46.8
2156.4696	77.55	-49.2
2192.6126	77.46	-52.1
2229.3613	77.17	-55.3
2266.7259	76.65	-57.5
2304.7168	76.08	-57.2
2343.3444	75.94	-55.3
2382.6195	76.17	-56
2422.5528	76.19	-59.1
2463.1553	75.87	-62.1
2504.4384	75.49	-63.4
2546.4134	75.24	-64.7
2589.0919	74.93	-66.2
2632.4858	74.59	-66.6
2676.6069	74.56	-66.5
2721.4674	74.74	-69.2
2767.0799	74.59	-74.7
2813.4568	73.87	-79.3
2860.6111	72.99	-80.6
2908.5556	72.37	-80.8
2957.3037	71.82	-81.8
3006.8689	71.21	-82.6
3057.2647	70.6	-83.2
3108.5052	69.93	-83.7
3160.6045	69.15	-83.4
3213.577	68.29	-81.5
3267.4374	67.64	-77
3322.2004	67.66	-72.7
3377.8813	67.94	-73.2
3434.4954	67.72	-76.6
3492.0584	67.03	-78.8
3550.5862	66.1	-78.7
3610.0949	65.21	-75.6
3670.6009	64.66	-71.8
3732.1211	64.26	-68.3
3794.6724	64.06	-64.3
3858.272	64.18	-61
3922.9376	64.57	-60.1
3988.687	64.85	-63.7
4055.5384	64.3	-69.2
4123.5102	63.07	-70
4192.6212	62	-65.9
4262.8906	61.61	-61.4
4334.3377	61.47	-61.2
4406.9822	60.71	-62.1
4480.8443	59.71	-59.5
4555.9444	58.96	-55.4
4632.3031	58.41	-53.8
4709.9417	56.79	-48
4788.8814	56.17	-26.7
4869.1443	57.61	-17.1
4950.7523	58.25	-18.9
5033.7281	57.94	-16.7
5118.0947	58.75	-13
5203.8752	58.9	-20.7
5291.0934	57.15	-22.1
5379.7734	55.99	7.1
5469.9397	57.73	28.5
5561.6173	59.08	32.8
5654.8313	61.06	36.7
5749.6077	62.27	29.8
5845.9725	62.05	28.6
5943.9525	63.08	34.3
6043.5746	64.48	30.9
6144.8664	64.59	24.9
6247.8558	64.73	29.5
6352.5714	66.57	33.7
6459.0421	68.35	27.9
6567.2972	69.47	16.5
6677.3667	69.62	2.7
6789.281	68.78	-5.3
6903.071	68.42	-8.3
7018.7682	68.43	-12.6
7136.4045	68.52	-18.3
7256.0123	68.66	-26.8
7377.6249	68.22	-38.6
7501.2757	67.13	-48.3
7626.9989	65.65	-57
7754.8293	63.06	-56.3
7884.8021	60.99	-45.4
8016.9533	59.97	-32.4
8151.3194	60.72	-24.4
8287.9375	61.28	-26.1
8426.8454	61.71	-29.2
8568.0814	61.49	-37.3
8711.6845	60.67	-40.7
8857.6945	59.63	-43.7
9006.1516	58.55	-41.6
9157.0969	57.81	-40.6
9310.5721	56.86	-39.5
9466.6196	55.78	-33.5
9625.2825	55.68	-30.9
9786.6046	54.26	-31
9950.6305	52.41	-19.8
10117.405	52.26	-0.7
10286.976	53.58	12
10459.388	55.63	16.2
10634.69	56.83	10.6
10812.93	57.05	5.3
10994.157	57.22	2.8
11178.422	57.29	-0.8
11365.775	56.7	-1.2
11556.268	56.79	7.8
11749.954	58.43	11.1
11946.886	59.62	3.5
12147.119	60.2	-5.5
12350.708	60.48	-18.4
12557.708	59.39	-29.1
12768.179	58.06	-29.8
12982.177	56.89	-30
13199.761	56.09	-21.5
13420.992	57.48	-10.3
13645.931	59.38	-15.9
13874.641	60.13	-28.1
14107.183	60.8	-40.8
14343.623	60.98	-58.6
14584.025	60.8	-74.6
14828.457	60.44	-96
15076.986	58.56	-116.1
15329.68	56.03	-123.5
15586.609	55.7	-127.8
15847.844	56.11	-151.6
16113.458	54.57	-173.2
16383.524	54.86	173.1
16658.115	56.95	137.8
16937.31	57.05	82.8
17221.183	55.22	30.3
17509.814	52.43	-10
17803.283	50.13	-27.6
18101.67	50.48	-52
18405.059	50.49	-96.7
18713.532	49.09	-154.6
19027.176	48.32	144.9
19346.076	48.78	74.3
19670.321	48.11	25.1
20000	47.34	11.4
