14.97596	53.75	-105.9
15.22696	54.49	-87.8
15.48217	55.33	-66.4
15.74166	56.03	-47
16.00549	56.39	-34.7
16.27375	56.22	-31.2
16.5465	55.45	-33.7
16.82382	54.24	-39.7
17.10579	52.89	-47.6
17.39249	51.92	-56.1
17.68399	51.89	-65.1
17.98038	52.78	-74.9
18.28174	54.38	-85.2
18.58814	56.11	-94.1
18.89969	57.64	-99.8
19.21645	58.86	-102.1
19.53852	59.87	-102.3
19.86599	60.75	-101.9
20.19895	61.52	-101.8
20.53749	62.17	-103.2
20.8817	62.75	-107.9
21.23169	63.25	-115.8
21.58753	63.6	-124.2
21.94935	63.71	-130.2
22.31722	63.57	-133.3
22.69126	63.2	-134.9
23.07158	62.93	-136.1
23.45826	63.2	-137.5
23.85143	64.4	-139.6
24.25118	66.1	-142.2
24.65764	67.45	-144.7
25.07091	68.08	-146.8
25.4911	68.2	-148.5
25.91834	68.18	-150.2
26.35274	68.14	-152.5
26.79441	68.14	-155.9
27.2435	68.21	-160.1
27.7001	68.38	-164
28.16436	68.78	-167.1
28.63641	69.38	-169.5
29.11636	69.84	-171.4
29.60436	69.87	-173
30.10053	69.62	-174.2
30.60502	69.36	-175.2
31.11797	69.38	-175.8
31.63952	69.66	-176.2
32.1698	70.08	-176.7
32.70898	70.58	-177.8
33.25719	71.06	14.4
33.81459	71.44	178.8
34.38133	71.71	175.9
34.95757	71.93	173.2
35.54346	72.13	171
36.13918	72.37	169.3
36.74488	72.7	167.6
37.36074	73.12	165.7
37.98691	73.48	164
38.62358	73.7	162.5
39.27092	73.88	160.9
39.92911	74.13	158.6
40.59833	74.46	155.5
41.27877	74.74	152.1
41.97061	74.9	148.9
42.67405	74.92	146.1
43.38928	74.85	143.5
44.11649	74.85	140.2
44.8559	74.94	136.5
45.60769	74.95	135.3
46.37209	74.87	137.2
47.1493	74.97	139.4
47.93953	75.41	139.8
48.74301	75.82	137.6
49.55995	76.1	133.8
50.39059	76.36	131.3
51.23515	76.59	130.2
52.09386	76.78	129.2
52.96697	76.97	128.1
53.85471	77.19	127.1
54.75733	77.36	126.1
55.67507	77.46	123.8
56.6082	77.56	119.6
57.55697	77.74	116.2
58.52164	78.18	113.8
59.50247	78.82	111
60.49975	79.05	110.7
61.51374	78.82	112.4
62.54472	78.68	112.3
63.59299	78.74	110.9
64.65882	78.95	110
65.74252	79.16	109
66.84438	79.36	107.9
67.96471	79.52	107.1
69.10382	79.59	106
70.26201	79.61	104.3
71.43962	79.69	102.2
72.63697	79.83	99.6
73.85438	80.1	96
75.0922	80.38	92.4
76.35076	80.49	91.4
77.63042	80.55	91.8
78.93152	80.61	91.5
80.25443	80.69	90.5
81.59952	80.81	89.1
82.96715	80.92	87.2
84.3577	81	85.2
85.77155	81.04	83.3
87.2091	81.14	81.9
88.67075	81.29	80.5
90.15689	81.42	79.1
91.66795	81.49	77.9
93.20432	81.56	76.4
94.76645	81.58	74.4
96.35476	81.6	72.5
97.96969	81.69	70.7
99.61168	81.76	69.1
101.2812	81.75	67.6
102.9787	81.77	66.1
104.70465	81.86	64.8
106.45952	81.91	63.8
108.24381	81.89	62.7
110.058	81.89	61.2
111.9026	81.97	59.2
113.77812	82.04	57.5
115.68507	82.04	56.1
117.62398	82.08	54.5
119.59538	82.11	53.2
121.59983	82.06	52.1
123.63787	81.99	51.1
125.71007	81.99	50
127.81701	82.03	49.2
129.95925	82	48.4
132.1374	81.96	47.3
134.35205	81.96	46
136.60383	82.01	44.8
138.89334	82.07	43.6
141.22123	82.09	42.5
143.58813	82.07	41.6
145.9947	81.98	40.8
148.44161	81.95	39.8
150.92953	81.99	38.6
153.45914	82	37.8
156.03116	81.95	36.7
158.64628	81.92	35.4
161.30523	81.91	34.2
164.00874	81.89	33.5
166.75757	81.81	32.9
169.55247	81.71	32.2
172.39421	81.7	31.2
175.28358	81.71	30.8
178.22137	81.55	31.5
181.2084	81.51	31.3
184.2455	81.65	29.4
187.3335	81.72	27.7
190.47326	81.75	26.6
193.66564	81.73	25.8
196.91152	81.71	24.8
200.2118	81.71	24
203.5674	81.69	23.5
206.97924	81.62	22.9
210.44827	81.58	22.2
213.97543	81.58	21.6
217.56171	81.57	21
221.2081	81.56	20.3
224.9156	81.54	19.4
228.68524	81.53	18.6
232.51806	81.49	18
236.41512	81.45	17.3
240.3775	81.4	16.7
244.40628	81.33	16
248.50259	81.33	15.4
252.66756	81.33	14.9
256.90233	81.28	14.2
261.20807	81.25	13.2
265.58598	81.2	12.8
270.03727	81.11	12.6
274.56316	81.05	12.3
279.16491	81.02	12
283.84378	81.01	11.5
288.60107	81	11.2
293.43809	80.96	10.9
298.35619	80.9	10.4
303.35671	80.89	10
308.44104	80.93	9.7
313.61059	80.95	9.1
318.86678	80.95	8.3
324.21107	80.92	7.5
329.64492	80.82	6.9
335.16985	80.73	6.5
340.78738	80.71	6.2
346.49906	80.68	5.9
352.30647	80.61	5.5
358.21121	80.56	5.1
364.21492	80.52	4.7
370.31925	80.48	4.4
376.5259	80.43	4
382.83656	80.37	3.7
389.253	80.3	3.3
395.77697	80.2	3
402.41029	80.09	2.8
409.15479	79.98	2.9
416.01232	79.86	3.4
422.98479	79.76	4.4
430.07412	79.78	6
437.28226	80.05	8.8
444.61122	80.43	10
452.06302	80.74	9.4
459.6397	80.84	7.7
467.34338	80.81	10
475.17617	80.68	11
483.14023	80.43	11
491.23778	80.06	9.1
499.47105	79.7	8
507.84231	79.36	7.5
516.35387	79	7.2
525.00808	78.54	7.8
533.80735	78.12	10.5
542.75409	78.06	14.7
551.85078	78.47	17.7
561.09994	78.95	18.2
570.50411	79.25	17.2
580.0659	79.39	16.2
589.78794	79.49	15.6
599.67293	79.63	14.8
609.7236	79.75	13.4
619.94272	79.73	11.7
630.33311	79.57	10.4
640.89765	79.34	9.9
651.63925	79.08	10.5
662.56088	78.94	12.4
673.66556	79.09	14.6
684.95636	79.46	15.5
696.4364	79.78	14.5
708.10884	79.92	12.9
719.97692	79.96	11.7
732.04391	80.02	11
744.31315	80.15	9.7
756.78802	80.21	7.3
769.47197	80.05	4.6
782.36851	79.71	2.6
795.4812	79.28	1.6
808.81366	78.76	1.4
822.36957	78.07	3.1
836.15269	77.51	8.4
850.16681	77.66	15.9
864.41582	78.56	20.7
878.90364	79.49	20.6
893.63428	80.02	17.6
908.61181	80.16	14.4
923.84036	80.13	12.3
939.32415	80.05	10.9
955.06746	79.92	10.4
971.07462	79.83	10.8
987.35007	79.91	11.7
1003.8983	80.16	11.8
1020.7239	80.39	10.7
1037.8315	80.49	9.1
1055.2258	80.49	7.4
1072.9116	80.39	6
1090.8939	80.24	5.2
1109.1775	80.08	5.2
1127.7676	79.98	6
1146.6693	80.07	6.8
1165.8877	80.24	7
1185.4283	80.43	6.8
1205.2964	80.68	6
1225.4974	80.88	4
1246.0371	80.92	1.5
1266.9209	80.82	-0.9
1288.1549	80.64	-2.6
1309.7446	80.46	-3.8
1331.6963	80.33	-5.1
1354.0158	80.12	-6.8
1376.7095	79.74	-8.3
1399.7835	79.23	-8.1
1423.2442	78.86	-6.3
1447.0981	78.75	-4.4
1471.3518	78.75	-3.3
1496.012	78.73	-3
1521.0856	78.63	-2.7
1546.5793	78.52	-1.7
1572.5004	78.52	-0.2
1598.8559	78.73	0.9
1625.6531	79.03	0.3
1652.8994	79.13	-2.3
1680.6024	78.85	-5
1708.7697	78.23	-5.8
1737.4091	77.49	-2.9
1766.5285	77.23	4.1
1796.136	77.92	10.9
1826.2397	79.06	12.8
1856.8479	80.01	10.2
1887.9691	80.55	4.6
1919.612	80.58	-2.2
1951.7851	80.06	-7.7
1984.4975	79.18	-9.8
2017.7582	78.27	-7.8
2051.5763	77.92	-2.2
2085.9612	78.37	2.4
2120.9224	79.09	2.1
2156.4696	79.4	-1.6
2192.6126	79.22	-5.5
2229.3613	78.72	-7.1
2266.7259	78.27	-6.3
2304.7168	78.05	-4.5
2343.3444	78.04	-2.7
2382.6195	78.2	-1.7
2422.5528	78.36	-2
2463.1553	78.37	-3
2504.4384	78.28	-3.2
2546.4134	78.28	-2.9
2589.0919	78.39	-3
2632.4858	78.46	-4.1
2676.6069	78.43	-5.6
2721.4674	78.28	-7
2767.0799	78.05	-7.8
2813.4568	77.82	-7.7
2860.6111	77.73	-7.4
2908.5556	77.63	-8.2
2957.3037	77.34	-8.6
3006.8689	77.04	-7.5
3057.2647	76.99	-6.2
3108.5052	76.97	-6.4
3160.6045	76.74	-6.9
3213.577	76.36	-6
3267.4374	76.08	-3.5
3322.2004	76.03	-0.8
3377.8813	76.1	1.5
3434.4954	76.29	3.4
3492.0584	76.55	4
3550.5862	76.66	3.7
3610.0949	76.64	4
3670.6009	76.7	5.1
3732.1211	76.88	5.7
3794.6724	77.04	5.4
3858.272	77.11	4.8
3922.9376	77.1	4.5
3988.687	77.05	4.5
4055.5384	77.04	4.9
4123.5102	77.06	5.3
4192.6212	77.03	5.6
4262.8906	76.99	6.6
4334.3377	77.08	8.2
4406.9822	77.25	9.1
4480.8443	77.4	10
4555.9444	77.67	11.2
4632.3031	78.03	11.4
4709.9417	78.34	10.9
4788.8814	78.63	10
4869.1443	78.85	8.6
4950.7523	78.99	7.3
5033.7281	79.12	6.3
5118.0947	79.27	5.5
5203.8752	79.52	4.2
5291.0934	79.72	2
5379.7734	79.77	-0.3
5469.9397	79.76	-2.4
5561.6173	79.72	-4
5654.8313	79.63	-5.6
5749.6077	79.5	-5.3
5845.9725	79.76	-4.2
5943.9525	80.32	-5.1
6043.5746	80.84	-8.2
6144.8664	81.29	-13
6247.8558	81.5	-19.9
6352.5714	81.31	-27.6
6459.0421	80.65	-33.9
6567.2972	79.85	-37.5
6677.3667	79.02	-39
6789.281	78.46	-38.6
6903.071	78.17	-39.3
7018.7682	77.77	-40
7136.4045	77.6	-39.5
7256.0123	77.74	-40.9
7377.6249	77.73	-44.7
7501.2757	77.62	-49.1
7626.9989	77.13	-54.9
7754.8293	76.49	-58
7884.8021	75.86	-63
8016.9533	74.78	-65.4
8151.3194	73.99	-67.1
8287.9375	73.12	-69.3
8426.8454	72.36	-73
8568.0814	71.01	-78.4
8711.6845	68.83	-76.2
8857.6945	67.05	-71.2
9006.1516	64.72	-58.9
9157.0969	63.56	-41.3
9310.5721	63.79	-27.8
9466.6196	63.98	-18.6
9625.2825	64.84	-9
9786.6046	65.72	-5.6
9950.6305	66.2	-3.5
10117.405	66.51	0.4
10286.976	67.42	7
10459.388	68.74	8.9
10634.69	69.6	6.6
10812.93	70.16	4.6
10994.157	70.69	2.7
11178.422	71.4	0.5
11365.775	72.17	-4.3
11556.268	72.53	-10.7
11749.954	72.77	-17.2
11946.886	72.98	-25.2
12147.119	72.57	-34.9
12350.708	71.67	-41.6
12557.708	70.49	-44.9
12768.179	69.55	-43.5
12982.177	69.31	-42.8
13199.761	69.11	-43.9
13420.992	69.27	-45.3
13645.931	69.43	-51.3
13874.641	69.02	-56.9
14107.183	69.01	-60.7
14343.623	69.54	-71.2
14584.025	69.04	-87.8
14828.457	67.86	-103.5
15076.986	66.17	-119.5
15329.68	63.31	-129.4
15586.609	59.46	-115.7
15847.844	58.24	-75
16113.458	61.18	-50.3
16383.524	64.21	-61.7
16658.115	65.89	-87.6
16937.31	66.12	-117
17221.183	65.01	-139.9
17509.814	64.23	-152.7
17803.283	64.44	-167.7
18101.67	64.8	174.9
18405.059	65.02	152.9
18713.532	64.09	132.2
19027.176	63.24	117.8
19346.076	62.55	100.4
19670.321	60.79	88.2
20000	59.67	84.7
