14.97596	53.75	-105.9
15.22696	54.49	-87.8
15.48217	55.33	-66.4
15.74166	56.03	-47
16.00549	56.39	-34.7
16.27375	56.22	-31.2
16.5465	55.45	-33.7
16.82382	54.24	-39.7
17.10579	52.89	-47.6
17.39249	51.92	-56.1
17.68399	51.89	-65.1
17.98038	52.78	-74.9
18.28174	54.38	-85.2
18.58814	56.11	-94.1
18.89969	57.64	-99.8
19.21645	58.86	-102.1
19.53852	59.87	-102.3
19.86599	60.75	-101.9
20.19895	61.52	-101.8
20.53749	62.17	-103.2
20.8817	62.75	-107.9
21.23169	63.25	-115.8
21.58753	63.6	-124.2
21.94935	63.71	-130.2
22.31722	63.57	-133.3
22.69126	63.2	-134.9
23.07158	62.93	-136.1
23.45826	63.2	-137.5
23.85143	64.4	-139.6
24.25118	66.1	-142.2
24.65764	67.45	-144.7
25.07091	68.08	-146.8
25.4911	68.2	-148.5
25.91834	68.18	-150.2
26.35274	68.14	-152.5
26.79441	68.14	-155.9
27.2435	68.21	-160.1
27.7001	68.38	-164
28.16436	68.78	-167.1
28.63641	69.38	-169.5
29.11636	69.84	-171.4
29.60436	69.87	-173
30.10053	69.62	-174.2
30.60502	69.36	-175.2
31.11797	69.38	-175.8
31.63952	69.66	-176.2
32.1698	70.08	-176.7
32.70898	70.58	-177.8
33.25719	71.06	14.4
33.81459	71.44	178.8
34.38133	71.71	175.9
34.95757	71.93	173.2
35.54346	72.13	171
36.13918	72.37	169.3
36.74488	72.7	167.6
37.36074	73.12	165.7
37.98691	73.48	164
38.62358	73.7	162.5
39.27092	73.88	160.9
39.92911	74.13	158.6
40.59833	74.46	155.5
41.27877	74.74	152.1
41.97061	74.9	148.9
42.67405	74.92	146.1
43.38928	74.85	143.5
44.11649	74.85	140.2
44.8559	74.94	136.5
45.60769	74.95	135.3
46.37209	74.87	137.2
47.1493	74.97	139.4
47.93953	75.41	139.8
48.74301	75.82	137.6
49.55995	76.1	133.8
50.39059	76.36	131.3
51.23515	76.59	130.2
52.09386	76.78	129.2
52.96697	76.97	128.1
53.85471	77.19	127.1
54.75733	77.36	126.1
55.67507	77.46	123.8
56.6082	77.56	119.6
57.55697	77.74	116.2
58.52164	78.18	113.8
59.50247	78.82	111
60.49975	79.05	110.7
61.51374	78.82	112.4
62.54472	78.68	112.3
63.59299	78.74	110.9
64.65882	78.95	110
65.74252	79.16	109
66.84438	79.36	107.9
67.96471	79.52	107.1
69.10382	79.59	106
70.26201	79.61	104.3
71.43962	79.69	102.2
72.63697	79.83	99.6
73.85438	80.1	96
75.0922	80.38	92.4
76.35076	80.49	91.4
77.63042	80.55	91.8
78.93152	80.61	91.5
80.25443	80.69	90.5
81.59952	80.81	89.1
82.96715	80.92	87.2
84.3577	81	85.2
85.77155	81.04	83.3
87.2091	81.14	81.9
88.67075	81.29	80.5
90.15689	81.42	79.1
91.66795	81.49	77.9
93.20432	81.56	76.4
94.76645	81.58	74.4
96.35476	81.6	72.5
97.96969	81.69	70.7
99.61168	81.76	69.1
101.2812	81.75	67.6
102.9787	81.77	66.1
104.70465	81.86	64.8
106.45952	81.91	63.8
108.24381	81.89	62.7
110.058	81.89	61.2
111.9026	81.97	59.2
113.77812	82.04	57.5
115.68507	82.04	56.1
117.62398	82.08	54.5
119.59538	82.11	53.2
121.59983	82.06	52.1
123.63787	81.99	51.1
125.71007	81.99	50
127.81701	82.03	49.2
129.95925	82	48.4
132.1374	81.96	47.3
134.35205	81.96	46
136.60383	82.01	44.8
138.89334	82.07	43.6
141.22123	82.09	42.5
143.58813	82.07	41.6
145.9947	81.98	40.8
148.44161	81.95	39.8
150.92953	81.99	38.6
153.45914	82	37.8
156.03116	81.95	36.7
158.64628	81.92	35.4
161.30523	81.91	34.2
164.00874	81.89	33.5
166.75757	81.81	32.9
169.55247	81.71	32.2
172.39421	81.7	31.2
175.28358	81.71	30.8
178.22137	81.55	31.5
181.2084	81.51	31.3
184.2455	81.65	29.4
187.3335	81.72	27.7
190.47326	81.75	26.6
193.66564	81.73	25.8
196.91152	81.71	24.8
200.2118	81.71	24
203.5674	81.69	23.5
206.97924	81.62	22.9
210.44827	81.58	22.2
213.97543	81.58	21.6
217.56171	81.57	21
221.2081	81.56	20.3
224.9156	81.54	19.4
228.68524	81.53	18.6
232.51806	81.49	18
236.41512	81.45	17.3
240.3775	81.4	16.7
244.40628	81.33	16
248.50259	81.33	15.4
252.66756	81.33	14.9
256.90233	81.28	14.2
261.20807	81.25	13.2
265.58598	81.2	12.8
270.03727	81.11	12.6
274.56316	81.05	12.3
279.16491	81.02	12
283.84378	81.01	11.5
288.60107	81	11.2
293.43809	80.96	10.9
298.35619	80.9	10.4
303.35671	80.89	10
308.44104	80.93	9.7
313.61059	80.95	9.1
318.86678	80.95	8.3
324.21107	80.92	7.5
329.64492	80.82	6.9
335.16985	80.73	6.5
340.78738	80.71	6.2
346.49906	80.68	5.9
352.30647	80.61	5.5
358.21121	80.56	5.1
364.21492	80.52	4.7
370.31925	80.48	4.4
376.5259	80.43	4
382.83656	80.37	3.7
389.253	80.3	3.3
395.77697	80.2	3
402.41029	80.04	3.9
409.15479	79.94	4.9
416.01232	79.89	6
422.98479	79.89	7
430.07412	79.97	7.9
437.28226	80.15	8.4
444.61122	80.32	8.2
452.06302	80.46	7.5
459.6397	80.55	6.2
467.34338	80.61	7.2
475.17617	80.61	6.7
483.14023	80.46	4.8
491.23778	80.12	1.2
499.47105	79.57	-1.4
507.84231	78.86	-2.1
516.35387	78.22	0.2
525.00808	78.06	4
533.80735	78.36	6.4
542.75409	78.72	6.2
551.85078	78.79	4.8
561.09994	78.63	4.2
570.50411	78.49	5.2
580.0659	78.5	6.7
589.78794	78.63	7.8
599.67293	78.8	8.7
609.7236	79.03	9.6
619.94272	79.38	10.3
630.33311	79.86	9.9
640.89765	80.31	7.8
651.63925	80.6	4.4
662.56088	80.65	0.5
673.66556	80.46	-3.1
684.95636	80.09	-5.4
696.4364	79.74	-6.3
708.10884	79.48	-6.6
719.97692	79.25	-6.9
732.04391	79.04	-6.9
744.31315	78.85	-6.8
756.78802	78.65	-6.6
769.47197	78.46	-5.8
782.36851	78.36	-4.6
795.4812	78.39	-3.7
808.81366	78.41	-3.9
822.36957	78.21	-4.1
836.15269	77.9	-2.4
850.16681	77.84	1.1
864.41582	78.17	4.7
878.90364	78.76	6.6
893.63428	79.41	6.7
908.61181	80.01	5.2
923.84036	80.52	2.1
939.32415	80.81	-2.6
955.06746	80.77	-7.7
971.07462	80.42	-12.2
987.35007	79.82	-15.2
1003.8983	79.03	-15.6
1020.7239	78.35	-13
1037.8315	78.08	-8.6
1055.2258	78.25	-4.7
1072.9116	78.67	-2.7
1090.8939	79.06	-2.6
1109.1775	79.33	-3.1
1127.7676	79.56	-3.7
1146.6693	79.81	-4.5
1165.8877	80.04	-5.8
1185.4283	80.22	-7.4
1205.2964	80.39	-9.2
1225.4974	80.55	-11.5
1246.0371	80.66	-14.5
1266.9209	80.59	-18.1
1288.1549	80.32	-21.3
1309.7446	79.93	-23.7
1331.6963	79.45	-25.4
1354.0158	78.88	-25.6
1376.7095	78.37	-23.7
1399.7835	78.21	-20.7
1423.2442	78.4	-18.5
1447.0981	78.71	-18.4
1471.3518	78.98	-19.9
1496.012	79.06	-22.9
1521.0856	78.83	-26.2
1546.5793	78.27	-28.1
1572.5004	77.62	-27.3
1598.8559	77.17	-24.2
1625.6531	77.11	-20.1
1652.8994	77.44	-17
1680.6024	77.96	-15.9
1708.7697	78.41	-16.9
1737.4091	78.7	-19
1766.5285	78.83	-21.4
1796.136	78.81	-23.6
1826.2397	78.73	-25
1856.8479	78.7	-25.9
1887.9691	78.74	-27.1
1919.612	78.78	-28.7
1951.7851	78.78	-30.6
1984.4975	78.7	-32.9
2017.7582	78.53	-35
2051.5763	78.32	-36.8
2085.9612	78	-38.5
2120.9224	77.61	-39
2156.4696	77.29	-38.3
2192.6126	77.2	-37
2229.3613	77.38	-36.7
2266.7259	77.59	-38.5
2304.7168	77.51	-41.9
2343.3444	77.06	-44.7
2382.6195	76.42	-44.5
2422.5528	76.15	-41.4
2463.1553	76.5	-39.4
2504.4384	77.04	-41.3
2546.4134	77.13	-46.7
2589.0919	76.57	-51.3
2632.4858	75.78	-51.3
2676.6069	75.54	-48.8
2721.4674	75.8	-48.8
2767.0799	75.91	-52.4
2813.4568	75.55	-56.5
2860.6111	74.89	-58.5
2908.5556	74.24	-58.1
2957.3037	73.91	-56.6
3006.8689	73.87	-56.4
3057.2647	73.79	-58.4
3108.5052	73.44	-61.4
3160.6045	72.69	-63.6
3213.577	71.67	-62.5
3267.4374	70.94	-57.7
3322.2004	70.85	-53.4
3377.8813	70.98	-51.9
3434.4954	70.95	-52.1
3492.0584	70.74	-52.1
3550.5862	70.55	-51.3
3610.0949	70.47	-51.2
3670.6009	70.23	-51.5
3732.1211	69.93	-50.3
3794.6724	69.92	-48.9
3858.272	69.97	-49.1
3922.9376	69.87	-50.1
3988.687	69.62	-50.9
4055.5384	69.31	-50.6
4123.5102	69.12	-50.1
4192.6212	68.91	-50
4262.8906	68.66	-49.3
4334.3377	68.57	-48.1
4406.9822	68.68	-47.6
4480.8443	68.83	-49.1
4555.9444	68.78	-51.5
4632.3031	68.73	-54.1
4709.9417	68.58	-58.5
4788.8814	67.98	-63.1
4869.1443	67.09	-65.2
4950.7523	66.24	-65.3
5033.7281	65.61	-64.7
5118.0947	65.11	-65
5203.8752	64.76	-65.4
5291.0934	64.77	-70.6
5379.7734	63.96	-81.3
5469.9397	62.27	-91.2
5561.6173	59.79	-99.7
5654.8313	56.26	-99.4
5749.6077	53.34	-93.2
5845.9725	51.36	-149.2
5943.9525	49.66	123.9
6043.5746	51.94	84
6144.8664	55.96	82.3
6247.8558	59.78	88.5
6352.5714	64.2	102.8
6459.0421	67.48	89.7
6567.2972	68.8	68.7
6677.3667	69.3	53.8
6789.281	69.8	42.9
6903.071	70.1	34.7
7018.7682	70.81	28
7136.4045	71.4	18.2
7256.0123	71.76	7.3
7377.6249	71.9	-6.3
7501.2757	71.25	-22.4
7626.9989	69.5	-35.7
7754.8293	66.99	-41.8
7884.8021	63.63	-33.9
8016.9533	61.27	-3.2
8151.3194	62.28	21.1
8287.9375	64.94	30.2
8426.8454	66.64	23.8
8568.0814	67.27	14.1
8711.6845	66.88	6.4
8857.6945	66.43	6.2
9006.1516	66.54	6.7
9157.0969	67.05	6.2
9310.5721	67.4	1.3
9466.6196	67.49	-2.9
9625.2825	67.68	-9.3
9786.6046	67.44	-17.5
9950.6305	66.49	-24.2
10117.405	65.25	-25.8
10286.976	64.35	-24.5
10459.388	64.07	-25.6
10634.69	63.5	-31.8
10812.93	61.65	-33.6
10994.157	59.6	-22.6
11178.422	58.89	-8.4
11365.775	59.16	4.5
11556.268	60.26	14.7
11749.954	62.01	20
11946.886	63.72	19
12147.119	65.17	14
12350.708	66.07	3.2
12557.708	65.73	-7.1
12768.179	65.33	-13.5
12982.177	64.67	-18.8
13199.761	64.13	-16.1
13420.992	65.2	-13.2
13645.931	66.35	-20.9
13874.641	66.73	-32.8
14107.183	66.99	-45.8
14343.623	66.64	-62.1
14584.025	66.07	-76.3
14828.457	65.52	-98.5
15076.986	63.6	-124.1
15329.68	60.32	-145.6
15586.609	56.68	-105.7
15847.844	54.23	139.6
16113.458	53.62	60.6
16383.524	54.48	11.2
16658.115	55.97	-11.7
16937.31	58.05	-28.4
17221.183	58.41	-52.5
17509.814	57.5	-65.5
17803.283	57.46	-72.7
18101.67	57.63	-79.2
18405.059	58.94	-89.5
18713.532	59.65	-110.3
19027.176	59.48	-133.4
19346.076	58.49	-157.7
19670.321	56.33	-173.2
20000	55.23	-176.9
