5.00000	43.499	174.520
5.07273	43.617	174.472
5.14651	43.770	174.412
5.22137	43.975	174.340
5.29732	44.200	174.272
5.37437	44.449	174.200
5.45254	44.698	174.131
5.53185	44.947	174.063
5.61231	45.195	173.994
5.69394	45.444	173.925
5.77676	45.693	173.855
5.86079	45.942	173.784
5.94604	46.191	173.713
6.03252	46.439	173.640
6.12027	46.688	173.567
6.20929	46.937	173.494
6.29961	47.186	173.419
6.39124	47.434	173.343
6.48420	47.683	173.266
6.57851	47.932	173.189
6.67420	48.181	173.110
6.77128	48.430	173.031
6.86977	48.678	172.951
6.96969	48.927	172.869
7.07107	49.176	172.787
7.17392	49.425	172.703
7.27827	49.673	172.618
7.38413	49.922	172.532
7.49154	50.171	172.445
7.60050	50.420	172.357
7.71105	50.668	172.268
7.82321	50.917	172.178
7.93701	51.166	172.086
8.05245	51.415	171.993
8.16958	51.664	171.899
8.28841	51.912	171.803
8.40896	52.161	171.706
8.53128	52.410	171.608
8.65537	52.659	171.509
8.78126	52.907	171.408
8.90899	53.156	171.306
9.03857	53.405	171.202
9.17004	53.654	171.097
9.30342	53.903	170.991
9.43874	54.151	170.883
9.57603	54.400	170.773
9.71532	54.649	170.662
9.85663	54.898	170.550
10.0000	55.146	170.436
10.1455	55.395	170.320
10.2930	55.644	170.203
10.4427	55.893	170.084
10.5946	56.142	169.964
10.7487	56.390	169.841
10.9051	56.639	169.717
11.0637	56.888	169.592
11.2246	57.137	169.464
11.3879	57.385	169.335
11.5535	57.634	169.204
11.7216	57.883	169.071
11.8921	58.132	168.937
12.0650	58.381	168.800
12.2405	58.629	168.661
12.4186	58.878	168.521
12.5992	59.127	168.378
12.7825	59.376	168.234
12.9684	59.624	168.087
13.1570	59.873	167.939
13.3484	60.122	167.788
13.5426	60.371	167.636
13.7395	60.619	167.481
13.9394	60.868	167.324
14.1421	61.117	167.165
14.3478	61.366	167.004
14.5565	61.615	166.840
14.7683	61.863	166.674
14.9831	62.112	166.506
15.2010	62.361	166.336
15.4221	62.610	166.163
15.6464	62.858	165.988
15.8740	63.107	165.810
16.1049	63.356	165.630
16.3392	63.605	165.448
16.5768	63.854	165.264
16.8179	64.102	165.077
17.0626	64.351	164.888
17.3107	64.600	164.697
17.5625	64.849	164.503
17.8180	65.097	164.308
18.0771	65.346	164.110
18.3401	65.595	163.912
18.6068	65.844	163.711
18.8775	66.093	163.511
19.1521	66.341	163.311
19.4306	66.590	163.115
19.7133	66.840	162.925
20.0000	67.093	162.736
20.2909	67.350	162.540
20.5860	67.611	162.318
20.8855	67.872	162.063
21.1893	68.132	161.782
21.4975	68.391	161.462
21.8102	68.640	161.119
22.1274	68.879	160.801
22.4492	69.121	160.499
22.7758	69.353	160.230
23.1071	69.588	160.024
23.4432	69.836	159.836
23.7841	70.087	159.640
24.1301	70.346	159.429
24.4811	70.611	159.174
24.8372	70.872	158.878
25.1984	71.130	158.567
25.5649	71.388	158.243
25.9368	71.645	157.904
26.3141	71.900	157.555
26.6968	72.158	157.187
27.0851	72.412	156.790
27.4791	72.662	156.381
27.8788	72.907	155.971
28.2843	73.149	155.557
28.6957	73.383	155.158
29.1131	73.615	154.795
29.5365	73.847	154.469
29.9661	74.082	154.176
30.4020	74.324	153.899
30.8442	74.572	153.617
31.2929	74.822	153.327
31.7480	75.078	153.026
32.2098	75.338	152.694
32.6783	75.598	152.333
33.1536	75.860	151.944
33.6359	76.121	151.517
34.1251	76.374	151.074
34.6215	76.627	150.628
35.1250	76.874	150.188
35.6359	77.125	149.767
36.1543	77.380	149.339
36.6802	77.635	148.896
37.2137	77.894	148.437
37.7550	78.153	147.948
38.3041	78.413	147.427
38.8613	78.673	146.860
39.4265	78.922	146.264
40.0000	79.162	145.679
40.5818	79.397	145.125
41.1721	79.635	144.590
41.7710	79.868	144.089
42.3785	80.112	143.621
42.9949	80.369	143.117
43.6203	80.623	142.555
44.2548	80.871	141.970
44.8985	81.118	141.366
45.5515	81.352	140.773
46.2141	81.584	140.249
46.8863	81.833	139.755
47.5683	82.093	139.220
48.2602	82.355	138.639
48.9621	82.624	137.987
49.6743	82.879	137.271
50.3968	83.123	136.566
51.1299	83.370	135.881
51.8736	83.617	135.191
52.6281	83.867	134.497
53.3936	84.123	133.773
54.1702	84.374	133.010
54.9581	84.624	132.214
55.7575	84.863	131.416
56.5685	85.103	130.632
57.3914	85.342	129.857
58.2261	85.582	129.088
59.0730	85.823	128.331
59.9323	86.072	127.581
60.8040	86.333	126.797
61.6884	86.598	125.949
62.5857	86.864	125.039
63.4960	87.132	124.057
64.4196	87.392	123.007
65.3566	87.645	121.916
66.3073	87.892	120.788
67.2717	88.130	119.652
68.2502	88.371	118.496
69.2429	88.609	117.295
70.2501	88.836	116.067
71.2719	89.062	114.820
72.3086	89.281	113.541
73.3603	89.489	112.260
74.4274	89.696	110.981
75.5099	89.897	109.694
76.6083	90.095	108.415
77.7226	90.298	107.114
78.8531	90.495	105.774
80.0000	90.686	104.414
81.1636	90.875	103.021
82.3442	91.050	101.607
83.5419	91.217	100.203
84.7570	91.380	98.808
85.9899	91.536	97.422
87.2406	91.692	96.040
88.5096	91.842	94.661
89.7970	91.990	93.288
91.1031	92.138	91.903
92.4282	92.280	90.506
93.7726	92.420	89.099
95.1366	92.555	87.678
96.5204	92.683	86.239
97.9243	92.800	84.802
99.3486	92.910	83.391
100.794	93.021	81.993
102.260	93.123	80.603
103.747	93.224	79.231
105.256	93.324	77.858
106.787	93.417	76.485
108.340	93.505	75.126
109.916	93.589	73.780
111.515	93.670	72.448
113.137	93.749	71.128
114.783	93.824	69.814
116.452	93.897	68.504
118.146	93.963	67.206
119.865	94.026	65.927
121.608	94.088	64.663
123.377	94.148	63.405
125.171	94.206	62.146
126.992	94.258	60.890
128.839	94.302	59.654
130.713	94.342	58.450
132.615	94.379	57.279
134.543	94.415	56.147
136.500	94.456	55.038
138.486	94.500	53.927
140.500	94.542	52.808
142.544	94.583	51.677
144.617	94.615	50.550
146.721	94.643	49.449
148.855	94.667	48.381
151.020	94.687	47.363
153.217	94.717	46.397
155.445	94.762	45.417
157.706	94.815	44.368
160.000	94.862	43.250
162.327	94.900	42.079
164.688	94.923	40.879
167.084	94.926	39.707
169.514	94.923	38.603
171.980	94.920	37.554
174.481	94.918	36.541
177.019	94.918	35.547
179.594	94.918	34.561
182.206	94.918	33.580
184.856	94.918	32.588
187.545	94.913	31.583
190.273	94.902	30.566
193.041	94.873	29.575
195.849	94.831	28.666
198.697	94.790	27.848
201.587	94.748	27.124
204.520	94.718	26.483
207.494	94.706	25.865
210.512	94.701	25.229
213.574	94.701	24.573
216.681	94.701	23.898
219.833	94.701	23.217
223.030	94.701	22.537
226.274	94.701	21.866
229.565	94.703	21.213
232.905	94.711	20.574
236.292	94.730	19.930
239.729	94.764	19.229
243.216	94.806	18.421
246.754	94.846	17.490
250.343	94.877	16.434
253.984	94.884	15.285
257.678	94.863	14.114
261.426	94.823	12.971
265.229	94.769	11.860
269.087	94.697	10.789
273.001	94.605	9.794
276.972	94.502	8.897
281.000	94.383	8.112
285.088	94.251	7.496
289.234	94.126	7.059
293.441	94.015	6.759
297.709	93.917	6.567
302.040	93.841	6.440
306.433	93.780	6.334
310.890	93.734	6.229
315.412	93.697	6.104
320.000	93.666	5.962
324.655	93.641	5.803
329.377	93.614	5.639
334.168	93.589	5.496
339.028	93.571	5.374
343.959	93.556	5.277
348.962	93.549	5.211
354.038	93.557	5.162
359.188	93.579	5.105
364.412	93.618	5.014
369.713	93.675	4.854
375.090	93.747	4.584
380.546	93.830	4.166
386.081	93.915	3.571
391.697	93.990	2.806
397.394	94.049	1.897
403.175	94.085	0.873
409.039	94.093	-0.224
414.989	94.071	-1.341
421.025	94.019	-2.432
427.149	93.939	-3.454
433.362	93.832	-4.357
439.665	93.706	-5.088
446.060	93.570	-5.619
452.548	93.439	-5.944
459.131	93.323	-6.088
465.809	93.230	-6.104
472.584	93.167	-6.064
479.458	93.129	-6.040
486.432	93.111	-6.079
493.507	93.105	-6.214
500.686	93.102	-6.451
507.968	93.096	-6.782
515.357	93.081	-7.191
522.853	93.050	-7.641
530.458	93.005	-8.096
538.174	92.943	-8.514
546.002	92.872	-8.865
553.943	92.799	-9.153
562.001	92.721	-9.383
570.175	92.641	-9.552
578.469	92.558	-9.657
586.883	92.470	-9.680
595.419	92.382	-9.601
604.080	92.297	-9.403
612.866	92.225	-9.093
621.780	92.168	-8.697
630.824	92.129	-8.235
640.000	92.109	-7.734
649.309	92.109	-7.225
658.753	92.126	-6.730
668.335	92.155	-6.245
678.056	92.200	-5.768
687.919	92.258	-5.297
697.925	92.339	-4.832
708.077	92.450	-4.430
718.376	92.586	-4.146
728.825	92.751	-4.055
739.426	92.927	-4.222
750.181	93.098	-4.649
761.093	93.252	-5.308
772.163	93.370	-6.128
783.394	93.453	-7.012
794.789	93.503	-7.882
806.349	93.529	-8.676
818.078	93.542	-9.362
829.977	93.556	-9.949
842.050	93.575	-10.474
854.298	93.601	-10.967
866.724	93.634	-11.461
879.330	93.667	-11.965
892.120	93.700	-12.462
905.097	93.739	-12.957
918.262	93.783	-13.465
931.618	93.838	-14.011
945.169	93.901	-14.637
958.917	93.966	-15.383
972.864	94.019	-16.250
987.015	94.051	-17.203
1001.37	94.055	-18.179
1015.94	94.030	-19.097
1030.71	93.987	-19.897
1045.71	93.937	-20.551
1060.92	93.895	-21.069
1076.35	93.873	-21.513
1092.00	93.868	-21.962
1107.89	93.870	-22.456
1124.00	93.873	-23.010
1140.35	93.863	-23.597
1156.94	93.838	-24.154
1173.77	93.809	-24.653
1190.84	93.772	-25.069
1208.16	93.740	-25.383
1225.73	93.721	-25.635
1243.56	93.710	-25.855
1261.65	93.710	-26.056
1280.00	93.712	-26.247
1298.62	93.715	-26.401
1317.51	93.725	-26.501
1336.67	93.739	-26.531
1356.11	93.767	-26.473
1375.84	93.821	-26.362
1395.85	93.898	-26.247
1416.15	93.999	-26.146
1436.75	94.128	-26.104
1457.65	94.278	-26.164
1478.85	94.443	-26.331
1500.36	94.623	-26.618
1522.19	94.807	-27.019
1544.33	94.992	-27.484
1566.79	95.195	-28.008
1589.58	95.415	-28.643
1612.70	95.643	-29.391
1636.16	95.890	-30.268
1659.95	96.148	-31.315
1684.10	96.407	-32.520
1708.60	96.675	-33.871
1733.45	96.954	-35.403
1758.66	97.235	-37.125
1784.24	97.521	-39.048
1810.19	97.810	-41.203
1836.52	98.098	-43.609
1863.24	98.383	-46.293
1890.34	98.656	-49.282
1917.83	98.899	-52.575
1945.73	99.101	-56.124
1974.03	99.252	-59.882
2002.74	99.347	-63.773
2031.87	99.392	-67.744
2061.43	99.388	-71.754
2091.41	99.334	-75.755
2121.83	99.235	-79.707
2152.69	99.093	-83.581
2184.01	98.912	-87.341
2215.77	98.706	-90.970
2248.00	98.477	-94.475
2280.70	98.236	-97.868
2313.87	97.981	-101.188
2347.53	97.710	-104.452
2381.68	97.420	-107.671
2416.32	97.106	-110.848
2451.46	96.757	-113.952
2487.12	96.373	-116.943
2523.30	95.943	-119.748
2560.00	95.481	-122.292
2597.24	94.993	-124.518
2635.01	94.489	-126.360
2673.34	93.994	-127.792
2712.23	93.525	-128.838
2751.68	93.097	-129.537
2791.70	92.733	-129.982
2832.31	92.439	-130.319
2873.50	92.218	-130.695
2915.30	92.059	-131.251
2957.70	91.949	-132.104
3000.72	91.861	-133.313
3044.37	91.772	-134.866
3088.65	91.663	-136.712
3133.58	91.517	-138.762
3179.16	91.331	-140.912
3225.40	91.106	-143.055
3272.31	90.858	-145.120
3319.91	90.601	-147.079
3368.20	90.346	-148.928
3417.19	90.116	-150.722
3466.89	89.911	-152.559
3517.32	89.726	-154.492
3568.48	89.564	-156.588
3620.39	89.413	-158.921
3673.05	89.261	-161.507
3726.47	89.109	-164.374
3780.67	88.938	-167.528
3835.67	88.745	-170.993
3891.46	88.509	-174.734
3948.06	88.224	-178.711
4005.49	87.900	177.060
4063.75	87.514	172.573
4122.86	87.059	167.871
4182.82	86.525	162.956
4243.66	85.841	157.955
4305.39	84.992	153.216
4368.01	83.993	148.963
4431.55	82.881	145.462
4496.01	81.741	142.918
4561.40	80.709	141.081
4627.75	79.782	139.375
4695.06	78.881	137.459
4763.35	77.917	135.309
4832.64	76.806	133.076
4902.93	75.505	131.220
4974.24	74.065	130.327
5046.60	72.586	130.639
5120.00	71.128	132.148
5194.47	69.722	134.836
5270.03	68.391	138.621
5346.68	67.175	143.498
5424.45	66.160	148.912
5503.35	65.270	154.467
5583.40	64.511	159.986
5664.61	63.845	165.262
5747.01	63.222	170.460
5830.60	62.665	175.575
5915.41	62.144	-179.238
6001.45	61.693	-174.037
6088.74	61.288	-168.897
6177.30	60.934	-163.832
6267.15	60.627	-158.851
6358.31	60.361	-153.859
6450.80	60.150	-148.862
6544.62	59.999	-143.946
6639.82	59.916	-139.271
6736.40	59.877	-134.945
6834.38	59.861	-130.946
6933.79	59.857	-127.219
7034.64	59.855	-123.698
7136.96	59.855	-120.330
7240.77	59.855	-117.072
7346.09	59.855	-113.885
7452.94	59.855	-110.730
7561.35	59.857	-107.561
7671.33	59.865	-104.333
7782.91	59.885	-101.007
7896.12	59.927	-97.560
8010.97	59.993	-93.957
8127.49	60.098	-90.119
8245.71	60.274	-85.989
8365.65	60.573	-81.647
8487.33	61.013	-77.405
8610.78	61.624	-73.685
8736.03	62.372	-70.962
8863.09	63.193	-69.384
8992.01	64.102	-69.072
9122.80	65.022	-70.278
9255.50	65.830	-72.814
9390.12	66.509	-76.347
9526.70	67.002	-80.723
9665.27	67.247	-85.605
9805.86	67.270	-90.570
9948.49	67.092	-95.389
10093.2	66.696	-99.708
10240.0	66.138	-103.188
10388.9	65.482	-105.728
10540.1	64.754	-107.162
10693.4	64.045	-107.406
10848.9	63.411	-106.694
11006.7	62.848	-105.217
11166.8	62.369	-103.067
11329.2	61.986	-100.284
11494.0	61.744	-97.009
11661.2	61.667	-93.574
11830.8	61.763	-90.364
12002.9	62.020	-87.802
12177.5	62.389	-86.201
12354.6	62.811	-85.711
12534.3	63.218	-86.303
12716.6	63.548	-87.813
12901.6	63.752	-89.971
13089.2	63.815	-92.482
13279.6	63.735	-95.086
13472.8	63.530	-97.574
13668.8	63.213	-99.758
13867.6	62.814	-101.543
14069.3	62.321	-102.736
14273.9	61.785	-103.136
14481.5	61.266	-102.742
14692.2	60.778	-101.554
14905.9	60.394	-99.709
15122.7	60.146	-97.652
15342.7	59.986	-95.655
15565.8	59.909	-93.892
15792.2	59.871	-92.422
16021.9	59.858	-91.220
16255.0	59.855	-90.251
16491.4	59.855	-89.462
16731.3	59.855	-88.816
16974.7	59.855	-88.286
17221.6	59.855	-87.857
17472.1	59.855	-87.522
17726.2	59.855	-87.274
17984.0	59.855	-87.114
18245.6	59.855	-87.044
18511.0	59.855	-87.076
18780.2	59.852	-87.223
19053.4	59.842	-87.498
19330.5	59.815	-87.890
19611.7	59.765	-88.356
19897.0	59.691	-88.846
20186.4	59.592	-89.313
20480.0	59.476	-89.710
20777.9	59.353	-90.030
21080.1	59.227	-90.284
21386.7	59.101	-90.490
21697.8	58.975	-90.662
22013.4	58.849	-90.808
22333.6	58.723	-90.934
22658.4	58.596	-91.044
22988.0	58.470	-91.139
23322.4	58.344	-91.223
23661.6	58.218	-91.297
24005.8	58.092	-91.362
24355.0	57.966	-91.419
24709.2	57.840	-91.469
25068.6	57.714	-91.514
25433.2	57.587	-91.554
25803.2	57.461	-91.588
26178.5	57.335	-91.619
26559.3	57.209	-91.645
26945.6	57.083	-91.669
27337.5	56.957	-91.689
27735.2	56.831	-91.707
28138.6	56.704	-91.722
28547.9	56.578	-91.735
28963.1	56.452	-91.746
29384.4	56.326	-91.755
29811.8	56.200	-91.762
30245.4	56.074	-91.768
30685.3	55.948	-91.772
31131.7	55.822	-91.775
31584.5	55.695	-91.777
32043.9	55.569	-91.778
32510.0	55.443	-91.778
32982.8	55.317	-91.776
33462.6	55.191	-91.775
33949.3	55.065	-91.772
34443.1	54.939	-91.769
34944.1	54.813	-91.766
35452.4	54.686	-91.761
35968.0	54.560	-91.757
36491.2	54.434	-91.752
37022.0	54.308	-91.747
37560.5	54.182	-91.745
38106.8	54.068	-91.743
38661.1	53.964	-91.748
39223.4	53.887	-91.754
39793.9	53.828	-91.759
