5.00000	56.973	137.110
5.07273	57.068	137.047
5.14651	57.191	136.968
5.22137	57.355	136.866
5.29732	57.537	136.764
5.37437	57.737	136.653
5.45254	57.938	136.544
5.53185	58.138	136.435
5.61231	58.338	136.324
5.69394	58.539	136.212
5.77676	58.739	136.099
5.86079	58.939	135.984
5.94604	59.140	135.867
6.03252	59.340	135.749
6.12027	59.540	135.630
6.20929	59.741	135.509
6.29961	59.941	135.386
6.39124	60.141	135.261
6.48420	60.342	135.135
6.57851	60.542	135.007
6.67420	60.742	134.877
6.77128	60.943	134.745
6.86977	61.143	134.612
6.96969	61.343	134.477
7.07107	61.544	134.339
7.17392	61.744	134.200
7.27827	61.944	134.058
7.38413	62.145	133.914
7.49154	62.345	133.769
7.60050	62.545	133.621
7.71105	62.746	133.472
7.82321	62.946	133.320
7.93701	63.146	133.165
8.05245	63.347	133.008
8.16958	63.547	132.849
8.28841	63.747	132.688
8.40896	63.948	132.524
8.53128	64.148	132.358
8.65537	64.348	132.189
8.78126	64.549	132.018
8.90899	64.749	131.844
9.03857	64.949	131.667
9.17004	65.150	131.488
9.30342	65.350	131.306
9.43874	65.550	131.121
9.57603	65.750	130.933
9.71532	65.951	130.743
9.85663	66.151	130.549
10.0000	66.351	130.353
10.1455	66.552	130.154
10.2930	66.752	129.951
10.4427	66.952	129.746
10.5946	67.153	129.537
10.7487	67.353	129.325
10.9051	67.553	129.110
11.0637	67.754	128.891
11.2246	67.954	128.670
11.3879	68.154	128.445
11.5535	68.355	128.216
11.7216	68.555	127.984
11.8921	68.755	127.749
12.0650	68.956	127.510
12.2405	69.156	127.268
12.4186	69.356	127.022
12.5992	69.557	126.774
12.7825	69.757	126.522
12.9684	69.957	126.267
13.1570	70.158	126.009
13.3484	70.358	125.748
13.5426	70.558	125.485
13.7395	70.759	125.220
13.9394	70.959	124.954
14.1421	71.159	124.688
14.3478	71.360	124.422
14.5565	71.560	124.160
14.7683	71.760	123.903
14.9831	71.961	123.657
15.2010	72.161	123.429
15.4221	72.361	123.238
15.6464	72.567	123.102
15.8740	72.784	123.034
16.1049	73.034	122.990
16.3392	73.320	122.856
16.5768	73.642	122.493
16.8179	73.971	121.809
17.0626	74.279	120.820
17.3107	74.541	119.627
17.5625	74.748	118.372
17.8180	74.914	117.165
18.0771	75.047	116.089
18.3401	75.166	115.178
18.6068	75.283	114.403
18.8775	75.390	113.776
19.1521	75.511	113.296
19.4306	75.642	112.933
19.7133	75.797	112.674
20.0000	75.999	112.401
20.2909	76.232	111.987
20.5860	76.497	111.321
20.8855	76.768	110.291
21.1893	77.000	108.925
21.4975	77.176	107.336
21.8102	77.271	105.662
22.1274	77.280	104.113
22.4492	77.212	102.931
22.7758	77.114	102.277
23.1071	77.028	102.172
23.4432	76.990	102.549
23.7841	77.044	103.176
24.1301	77.179	103.727
24.4811	77.356	104.043
24.8372	77.548	104.109
25.1984	77.728	103.992
25.5649	77.888	103.809
25.9368	78.042	103.638
26.3141	78.198	103.494
26.6968	78.368	103.335
27.0851	78.537	103.149
27.4791	78.722	102.908
27.8788	78.911	102.537
28.2843	79.073	102.097
28.6957	79.229	101.650
29.1131	79.367	101.205
29.5365	79.483	100.856
29.9661	79.610	100.623
30.4020	79.744	100.449
30.8442	79.886	100.330
31.2929	80.044	100.238
31.7480	80.219	100.118
32.2098	80.399	99.942
32.6783	80.577	99.742
33.1536	80.757	99.561
33.6359	80.955	99.375
34.1251	81.164	99.138
34.6215	81.387	98.834
35.1250	81.629	98.394
35.6359	81.873	97.744
36.1543	82.088	96.941
36.6802	82.276	96.107
37.2137	82.454	95.274
37.7550	82.624	94.429
38.3041	82.779	93.593
38.8613	82.936	92.762
39.4265	83.084	91.903
40.0000	83.218	91.040
40.5818	83.340	90.193
41.1721	83.446	89.405
41.7710	83.546	88.705
42.3785	83.644	88.106
42.9949	83.747	87.629
43.6203	83.877	87.239
44.2548	84.049	86.801
44.8985	84.248	86.181
45.5515	84.456	85.302
46.2141	84.645	84.162
46.8863	84.790	82.854
47.5683	84.887	81.504
48.2602	84.947	80.210
48.9621	84.984	79.005
49.6743	85.008	77.868
50.3968	85.002	76.807
51.1299	84.968	75.886
51.8736	84.906	75.167
52.6281	84.821	74.750
53.3936	84.746	74.692
54.1702	84.713	74.904
54.9581	84.719	75.258
55.7575	84.766	75.662
56.5685	84.846	76.040
57.3914	84.946	76.376
58.2261	85.074	76.641
59.0730	85.216	76.797
59.9323	85.365	76.859
60.8040	85.526	76.802
61.6884	85.678	76.632
62.5857	85.820	76.412
63.4960	85.959	76.166
64.4196	86.087	75.914
65.3566	86.209	75.711
66.3073	86.342	75.551
67.2717	86.486	75.377
68.2502	86.631	75.193
69.2429	86.791	74.992
70.2501	86.962	74.711
71.2719	87.125	74.369
72.3086	87.295	73.988
73.3603	87.467	73.554
74.4274	87.644	73.054
75.5099	87.828	72.432
76.6083	87.993	71.706
77.7226	88.150	70.911
78.8531	88.288	70.057
80.0000	88.397	69.212
81.1636	88.492	68.442
82.3442	88.573	67.786
83.5419	88.665	67.248
84.7570	88.777	66.746
85.9899	88.899	66.217
87.2406	89.030	65.646
88.5096	89.167	65.006
89.7970	89.303	64.271
91.1031	89.421	63.496
92.4282	89.538	62.719
93.7726	89.656	61.909
95.1366	89.767	61.067
96.5204	89.882	60.168
97.9243	89.987	59.185
99.3486	90.071	58.157
100.794	90.138	57.118
102.260	90.175	56.120
103.747	90.195	55.245
105.256	90.211	54.518
106.787	90.243	53.899
108.340	90.291	53.314
109.916	90.355	52.701
111.515	90.428	51.997
113.137	90.490	51.200
114.783	90.537	50.354
116.452	90.567	49.489
118.146	90.573	48.659
119.865	90.567	47.900
121.608	90.541	47.251
123.377	90.509	46.763
125.171	90.483	46.433
126.992	90.472	46.231
128.839	90.483	46.099
130.713	90.514	45.978
132.615	90.557	45.842
134.543	90.614	45.668
136.500	90.673	45.459
138.486	90.741	45.223
140.500	90.815	44.929
142.544	90.882	44.603
144.617	90.949	44.291
146.721	91.027	43.994
148.855	91.127	43.641
151.020	91.244	43.136
153.217	91.355	42.448
155.445	91.454	41.576
157.706	91.512	40.571
160.000	91.526	39.560
162.327	91.503	38.650
164.688	91.456	37.894
167.084	91.393	37.329
169.514	91.320	36.993
171.980	91.260	36.892
174.481	91.224	36.975
177.019	91.221	37.180
179.594	91.268	37.370
182.206	91.338	37.418
184.856	91.412	37.322
187.545	91.481	37.108
190.273	91.527	36.849
193.041	91.554	36.665
195.849	91.581	36.624
198.697	91.629	36.701
201.587	91.709	36.804
204.520	91.811	36.876
207.494	91.949	36.852
210.512	92.111	36.612
213.574	92.264	36.173
216.681	92.423	35.566
219.833	92.576	34.737
223.030	92.697	33.733
226.274	92.790	32.647
229.565	92.857	31.508
232.905	92.893	30.359
236.292	92.907	29.244
239.729	92.906	28.166
243.216	92.893	27.101
246.754	92.859	26.045
250.343	92.800	25.015
253.984	92.706	24.054
257.678	92.565	23.293
261.426	92.402	22.860
265.229	92.243	22.774
269.087	92.103	23.025
273.001	92.011	23.534
276.972	91.972	24.146
281.000	91.979	24.754
285.088	92.024	25.290
289.234	92.099	25.724
293.441	92.209	25.992
297.709	92.334	26.037
302.040	92.470	25.837
306.433	92.601	25.354
310.890	92.686	24.683
315.412	92.738	23.965
320.000	92.760	23.251
324.655	92.748	22.630
329.377	92.733	22.151
334.168	92.723	21.758
339.028	92.718	21.406
343.959	92.718	21.067
348.962	92.718	20.726
354.038	92.718	20.382
359.188	92.718	20.024
364.412	92.717	19.628
369.713	92.706	19.186
375.090	92.677	18.709
380.546	92.612	18.279
386.081	92.513	18.033
391.697	92.404	18.055
397.394	92.298	18.381
403.175	92.221	19.009
409.039	92.194	19.847
414.989	92.222	20.810
421.025	92.330	21.756
427.149	92.510	22.480
433.362	92.759	22.767
439.665	93.033	22.454
446.060	93.280	21.568
452.548	93.473	20.219
459.131	93.575	18.589
465.809	93.591	16.884
472.584	93.535	15.265
479.458	93.421	13.785
486.432	93.254	12.475
493.507	93.006	11.477
500.686	92.708	10.989
507.968	92.377	11.163
515.357	92.054	12.198
522.853	91.838	14.043
530.458	91.768	16.325
538.174	91.866	18.535
546.002	92.104	20.185
553.943	92.414	21.039
562.001	92.732	21.099
570.175	93.018	20.473
578.469	93.229	19.326
586.883	93.334	17.895
595.419	93.328	16.444
604.080	93.222	15.220
612.866	93.043	14.434
621.780	92.834	14.223
630.824	92.634	14.626
640.000	92.493	15.565
649.309	92.436	16.839
658.753	92.471	18.220
668.335	92.604	19.456
678.056	92.816	20.296
687.919	93.064	20.616
697.925	93.319	20.398
708.077	93.545	19.693
718.376	93.721	18.597
728.825	93.822	17.246
739.426	93.837	15.817
750.181	93.780	14.438
761.093	93.640	13.235
772.163	93.430	12.359
783.394	93.146	12.025
794.789	92.832	12.485
806.349	92.562	13.813
818.078	92.382	15.930
829.977	92.360	18.501
842.050	92.514	20.924
854.298	92.786	22.802
866.724	93.130	23.983
879.330	93.496	24.487
892.120	93.856	24.382
905.097	94.189	23.714
918.262	94.455	22.589
931.618	94.626	21.220
945.169	94.700	19.841
958.917	94.682	18.685
972.864	94.609	17.972
987.015	94.544	17.751
1001.37	94.519	17.890
1015.94	94.551	18.206
1030.71	94.635	18.515
1045.71	94.754	18.705
1060.92	94.889	18.751
1076.35	95.034	18.668
1092.00	95.185	18.472
1107.89	95.343	18.154
1124.00	95.504	17.704
1140.35	95.665	17.117
1156.94	95.822	16.387
1173.77	95.972	15.506
1190.84	96.109	14.468
1208.16	96.220	13.294
1225.73	96.298	12.038
1243.56	96.340	10.765
1261.65	96.346	9.543
1280.00	96.325	8.431
1298.62	96.290	7.455
1317.51	96.248	6.609
1336.67	96.205	5.877
1356.11	96.162	5.243
1375.84	96.121	4.696
1395.85	96.085	4.226
1416.15	96.057	3.812
1436.75	96.037	3.434
1457.65	96.026	3.068
1478.85	96.021	2.696
1500.36	96.020	2.306
1522.19	96.019	1.897
1544.33	96.019	1.466
1566.79	96.019	0.996
1589.58	96.010	0.488
1612.70	95.990	-0.050
1636.16	95.938	-0.543
1659.95	95.867	-0.880
1684.10	95.797	-1.039
1708.60	95.733	-1.018
1733.45	95.696	-0.850
1758.66	95.698	-0.661
1784.24	95.716	-0.530
1810.19	95.747	-0.465
1836.52	95.781	-0.455
1863.24	95.824	-0.505
1890.34	95.866	-0.631
1917.83	95.908	-0.870
1945.73	95.908	-1.135
1974.03	95.877	-1.245
2002.74	95.842	-1.138
2031.87	95.812	-0.788
2061.43	95.815	-0.232
2091.41	95.862	0.374
2121.83	95.926	0.980
2152.69	96.003	1.639
2184.01	96.093	2.458
2215.77	96.232	3.461
2248.00	96.450	4.490
2280.70	96.737	5.352
2313.87	97.087	5.916
2347.53	97.482	6.089
2381.68	97.888	5.914
2416.32	98.341	5.347
2451.46	98.805	4.265
2487.12	99.248	2.726
2523.30	99.682	0.750
2560.00	100.054	-1.638
2597.24	100.350	-4.205
2635.01	100.617	-6.854
2673.34	100.855	-9.617
2712.23	101.077	-12.494
2751.68	101.285	-15.539
2791.70	101.462	-18.777
2832.31	101.600	-22.220
2873.50	101.680	-25.831
2915.30	101.693	-29.522
2957.70	101.642	-33.193
3000.72	101.518	-36.778
3044.37	101.315	-40.098
3088.65	101.073	-43.049
3133.58	100.822	-45.623
3179.16	100.591	-47.852
3225.40	100.411	-49.872
3272.31	100.282	-51.881
3319.91	100.189	-54.043
3368.20	100.108	-56.428
3417.19	100.023	-59.072
3466.89	99.926	-61.989
3517.32	99.791	-65.197
3568.48	99.602	-68.635
3620.39	99.338	-72.247
3673.05	98.969	-75.886
3726.47	98.493	-79.349
3780.67	97.923	-82.469
3835.67	97.294	-85.140
3891.46	96.631	-87.335
3948.06	95.954	-89.065
4005.49	95.266	-90.400
4063.75	94.547	-91.337
4122.86	93.779	-91.735
4182.82	92.984	-91.373
4243.66	92.203	-90.036
4305.39	91.495	-87.604
4368.01	90.955	-84.186
4431.55	90.637	-80.296
4496.01	90.530	-76.521
4561.40	90.654	-73.415
4627.75	90.963	-71.582
4695.06	91.345	-71.237
4763.35	91.740	-72.425
4832.64	92.028	-74.979
4902.93	92.120	-78.536
4974.24	91.949	-82.666
5046.60	91.460	-86.812
5120.00	90.675	-90.342
5194.47	89.661	-92.680
5270.03	88.487	-93.153
5346.68	87.359	-91.189
5424.45	86.474	-87.069
5503.35	85.902	-81.899
5583.40	85.658	-77.217
5664.61	85.570	-74.000
5747.01	85.420	-71.862
5830.60	85.140	-70.020
5915.41	84.713	-67.478
6001.45	84.246	-63.236
6088.74	84.007	-56.846
6177.30	84.179	-49.407
6267.15	84.783	-43.044
6358.31	85.693	-39.363
6450.80	86.676	-38.566
6544.62	87.479	-39.783
6639.82	88.010	-41.974
6736.40	88.284	-44.329
6834.38	88.382	-46.318
6933.79	88.424	-47.666
7034.64	88.541	-48.529
7136.96	88.792	-49.499
7240.77	89.145	-51.195
7346.09	89.487	-53.864
7452.94	89.731	-57.420
7561.35	89.793	-61.560
7671.33	89.640	-65.930
7782.91	89.269	-70.102
7896.12	88.707	-73.636
8010.97	88.049	-76.278
8127.49	87.356	-77.956
8245.71	86.684	-78.698
8365.65	86.114	-78.819
8487.33	85.620	-78.793
8610.78	85.147	-78.861
8736.03	84.617	-78.974
8863.09	83.983	-78.805
8992.01	83.245	-77.858
9122.80	82.450	-75.464
9255.50	81.761	-71.122
9390.12	81.344	-65.052
9526.70	81.352	-58.380
9665.27	81.761	-52.926
9805.86	82.529	-49.926
9948.49	83.344	-49.863
10093.2	83.941	-51.841
10240.0	84.296	-54.919
10388.9	84.322	-58.644
10540.1	84.015	-62.299
10693.4	83.561	-65.271
10848.9	82.993	-67.628
11006.7	82.348	-69.235
11166.8	81.635	-70.164
11329.2	80.817	-70.315
11494.0	79.923	-69.370
11661.2	79.004	-67.061
11830.8	78.116	-63.084
12002.9	77.414	-57.388
12177.5	76.966	-50.468
12354.6	76.757	-42.990
12534.3	76.821	-35.958
12716.6	77.065	-29.821
12901.6	77.426	-24.347
13089.2	77.897	-19.177
13279.6	78.535	-14.341
13472.8	79.388	-10.488
13668.8	80.415	-8.359
13867.6	81.520	-8.290
14069.3	82.578	-10.239
14273.9	83.453	-13.782
14481.5	84.079	-18.413
14692.2	84.403	-23.647
14905.9	84.401	-28.935
15122.7	84.127	-33.808
15342.7	83.643	-37.922
15565.8	83.045	-41.093
15792.2	82.413	-43.391
16021.9	81.737	-45.028
16255.0	80.963	-46.000
16491.4	80.045	-46.003
16731.3	78.956	-44.221
16974.7	77.864	-39.168
17221.6	77.126	-29.495
17472.1	77.061	-16.495
17726.2	77.980	-4.737
17984.0	79.504	1.181
18245.6	81.204	1.842
18511.0	82.773	-1.545
18780.2	83.795	-7.005
19053.4	84.315	-13.497
19330.5	84.243	-19.771
19611.7	83.637	-24.984
19897.0	82.857	-28.307
20186.4	81.997	-29.285
20480.0	81.333	-27.934
20777.9	81.063	-25.893
21080.1	80.943	-24.095
21386.7	80.943	-22.839
21697.8	80.943	-21.962
22013.4	80.943	-21.266
22333.6	80.943	-20.680
22658.4	80.943	-20.166
22988.0	80.943	-19.705
23322.4	80.943	-19.282
23661.6	80.943	-18.889
24005.8	80.943	-18.519
24355.0	80.943	-18.170
24709.2	80.943	-17.836
25068.6	80.943	-17.517
25433.2	80.943	-17.209
25803.2	80.943	-16.913
26178.5	80.943	-16.626
26559.3	80.943	-16.347
26945.6	80.943	-16.076
27337.5	80.943	-15.813
27735.2	80.943	-15.556
28138.6	80.943	-15.305
28547.9	80.943	-15.061
28963.1	80.943	-14.821
29384.4	80.943	-14.587
29811.8	80.943	-14.358
30245.4	80.943	-14.134
30685.3	80.943	-13.914
31131.7	80.943	-13.698
31584.5	80.943	-13.487
32043.9	80.943	-13.279
32510.0	80.943	-13.076
32982.8	80.943	-12.876
33462.6	80.943	-12.680
33949.3	80.943	-12.487
34443.1	80.943	-12.298
34944.1	80.943	-12.111
35452.4	80.943	-11.929
35968.0	80.943	-11.749
36491.2	80.943	-11.572
37022.0	80.943	-11.399
37560.5	80.943	-11.228
38106.8	80.943	-11.076
38661.1	80.943	-10.940
39223.4	80.943	-10.840
39793.9	80.943	-10.764
