5.00000	61.961	67.944
5.07273	62.003	67.961
5.14651	62.057	67.984
5.22137	62.131	68.019
5.29732	62.212	68.062
5.37437	62.302	68.112
5.45254	62.392	68.164
5.53185	62.482	68.217
5.61231	62.571	68.272
5.69394	62.661	68.327
5.77676	62.751	68.384
5.86079	62.841	68.441
5.94604	62.930	68.500
6.03252	63.020	68.559
6.12027	63.110	68.619
6.20929	63.200	68.681
6.29961	63.290	68.743
6.39124	63.379	68.806
6.48420	63.469	68.871
6.57851	63.559	68.936
6.67420	63.649	69.003
6.77128	63.739	69.071
6.86977	63.828	69.139
6.96969	63.918	69.209
7.07107	64.008	69.280
7.17392	64.098	69.353
7.27827	64.187	69.426
7.38413	64.277	69.500
7.49154	64.367	69.576
7.60050	64.457	69.653
7.71105	64.547	69.731
7.82321	64.636	69.811
7.93701	64.726	69.892
8.05245	64.816	69.974
8.16958	64.906	70.057
8.28841	64.995	70.142
8.40896	65.085	70.228
8.53128	65.175	70.316
8.65537	65.265	70.405
8.78126	65.355	70.495
8.90899	65.444	70.587
9.03857	65.534	70.681
9.17004	65.624	70.776
9.30342	65.714	70.872
9.43874	65.804	70.971
9.57603	65.893	71.070
9.71532	65.983	71.172
9.85663	66.073	71.275
10.0000	66.163	71.380
10.1455	66.252	71.487
10.2930	66.342	71.595
10.4427	66.432	71.706
10.5946	66.522	71.818
10.7487	66.612	71.932
10.9051	66.701	72.048
11.0637	66.791	72.166
11.2246	66.881	72.286
11.3879	66.971	72.408
11.5535	67.061	72.533
11.7216	67.150	72.659
11.8921	67.240	72.788
12.0650	67.330	72.919
12.2405	67.420	73.052
12.4186	67.509	73.188
12.5992	67.599	73.326
12.7825	67.689	73.466
12.9684	67.779	73.610
13.1570	67.869	73.755
13.3484	67.958	73.904
13.5426	68.048	74.055
13.7395	68.138	74.209
13.9394	68.228	74.365
14.1421	68.317	74.525
14.3478	68.407	74.688
14.5565	68.497	74.853
14.7683	68.587	75.022
14.9831	68.677	75.194
15.2010	68.766	75.369
15.4221	68.856	75.548
15.6464	68.946	75.730
15.8740	69.036	75.915
16.1049	69.126	76.104
16.3392	69.215	76.297
16.5768	69.305	76.494
16.8179	69.395	76.694
17.0626	69.485	76.898
17.3107	69.574	77.106
17.5625	69.664	77.319
17.8180	69.754	77.535
18.0771	69.844	77.755
18.3401	69.934	77.980
18.6068	70.023	78.208
18.8775	70.113	78.440
19.1521	70.203	78.676
19.4306	70.293	78.914
19.7133	70.382	79.156
20.0000	70.472	79.398
20.2909	70.562	79.639
20.5860	70.652	79.874
20.8855	70.739	80.100
21.1893	70.825	80.316
21.4975	70.904	80.530
21.8102	70.977	80.754
22.1274	71.045	80.986
22.4492	71.101	81.242
22.7758	71.143	81.571
23.1071	71.179	81.999
23.4432	71.206	82.575
23.7841	71.244	83.324
24.1301	71.303	84.206
24.4811	71.391	85.174
24.8372	71.524	86.104
25.1984	71.669	86.908
25.5649	71.819	87.604
25.9368	71.969	88.191
26.3141	72.099	88.729
26.6968	72.224	89.292
27.0851	72.345	89.894
27.4791	72.467	90.562
27.8788	72.606	91.251
28.2843	72.746	91.930
28.6957	72.894	92.609
29.1131	73.045	93.271
29.5365	73.194	93.941
29.9661	73.349	94.629
30.4020	73.508	95.334
30.8442	73.677	96.055
31.2929	73.858	96.756
31.7480	74.044	97.417
32.2098	74.234	98.044
32.6783	74.423	98.648
33.1536	74.613	99.243
33.6359	74.805	99.838
34.1251	75.000	100.441
34.6215	75.200	101.049
35.1250	75.404	101.671
35.6359	75.622	102.293
36.1543	75.851	102.878
36.6802	76.082	103.434
37.2137	76.327	103.948
37.7550	76.575	104.383
38.3041	76.817	104.781
38.8613	77.067	105.153
39.4265	77.315	105.477
40.0000	77.559	105.799
40.5818	77.814	106.117
41.1721	78.073	106.402
41.7710	78.337	106.667
42.3785	78.613	106.887
42.9949	78.893	107.042
43.6203	79.182	107.118
44.2548	79.468	107.101
44.8985	79.753	106.996
45.5515	80.031	106.806
46.2141	80.295	106.552
46.8863	80.540	106.289
47.5683	80.770	106.087
48.2602	80.999	105.985
48.9621	81.230	106.036
49.6743	81.505	106.212
50.3968	81.842	106.289
51.1299	82.192	106.159
51.8736	82.563	105.787
52.6281	82.929	105.093
53.3936	83.256	104.193
54.1702	83.571	103.195
54.9581	83.867	102.117
55.7575	84.156	100.969
56.5685	84.440	99.707
57.3914	84.704	98.324
58.2261	84.953	96.836
59.0730	85.183	95.223
59.9323	85.382	93.489
60.8040	85.541	91.684
61.6884	85.655	89.879
62.5857	85.727	88.156
63.4960	85.759	86.600
64.4196	85.771	85.255
65.3566	85.773	84.112
66.3073	85.773	83.141
67.2717	85.773	82.314
68.2502	85.773	81.616
69.2429	85.773	81.047
70.2501	85.777	80.609
71.2719	85.788	80.306
72.3086	85.818	80.110
73.3603	85.865	79.972
74.4274	85.932	79.856
75.5099	86.015	79.713
76.6083	86.107	79.514
77.7226	86.200	79.258
78.8531	86.291	78.948
80.0000	86.374	78.592
81.1636	86.440	78.229
82.3442	86.485	77.925
83.5419	86.520	77.728
84.7570	86.540	77.703
85.9899	86.575	77.860
87.2406	86.623	78.160
88.5096	86.692	78.588
89.7970	86.788	79.099
91.1031	86.907	79.678
92.4282	87.066	80.284
93.7726	87.260	80.836
95.1366	87.477	81.312
96.5204	87.732	81.651
97.9243	87.991	81.865
99.3486	88.294	81.941
100.794	88.628	81.713
102.260	88.953	81.156
103.747	89.281	80.236
105.256	89.561	78.930
106.787	89.770	77.432
108.340	89.926	75.901
109.916	90.018	74.477
111.515	90.083	73.259
113.137	90.125	72.252
114.783	90.163	71.458
116.452	90.204	70.838
118.146	90.248	70.374
119.865	90.305	70.057
121.608	90.379	69.853
123.377	90.470	69.750
125.171	90.597	69.702
126.992	90.758	69.612
128.839	90.949	69.386
130.713	91.155	68.947
132.615	91.345	68.315
134.543	91.518	67.566
136.500	91.667	66.766
138.486	91.791	66.026
140.500	91.922	65.378
142.544	92.060	64.781
144.617	92.215	64.193
146.721	92.389	63.539
148.855	92.571	62.778
151.020	92.763	61.873
153.217	92.952	60.782
155.445	93.126	59.496
157.706	93.269	58.032
160.000	93.357	56.507
162.327	93.399	55.080
164.688	93.409	53.849
167.084	93.402	52.886
169.514	93.414	52.166
171.980	93.457	51.569
174.481	93.527	50.999
177.019	93.628	50.355
179.594	93.733	49.585
182.206	93.838	48.698
184.856	93.936	47.687
187.545	94.007	46.606
190.273	94.057	45.543
193.041	94.091	44.541
195.849	94.111	43.646
198.697	94.142	42.849
201.587	94.178	42.094
204.520	94.217	41.375
207.494	94.262	40.692
210.512	94.315	40.037
213.574	94.381	39.408
216.681	94.475	38.742
219.833	94.588	37.949
223.030	94.717	36.941
226.274	94.833	35.675
229.565	94.916	34.210
232.905	94.954	32.652
236.292	94.949	31.121
239.729	94.913	29.686
243.216	94.851	28.394
246.754	94.779	27.267
250.343	94.707	26.265
253.984	94.627	25.382
257.678	94.556	24.600
261.426	94.484	23.885
265.229	94.414	23.253
269.087	94.357	22.659
273.001	94.291	22.098
276.972	94.227	21.617
281.000	94.172	21.178
285.088	94.113	20.783
289.234	94.056	20.470
293.441	94.009	20.225
297.709	93.968	20.044
302.040	93.943	19.927
306.433	93.936	19.847
310.890	93.954	19.750
315.412	93.993	19.574
320.000	94.040	19.309
324.655	94.102	18.934
329.377	94.163	18.419
334.168	94.214	17.812
339.028	94.265	17.141
343.959	94.316	16.382
348.962	94.362	15.523
354.038	94.402	14.555
359.188	94.434	13.456
364.412	94.446	12.214
369.713	94.420	10.884
375.090	94.358	9.560
380.546	94.262	8.313
386.081	94.139	7.211
391.697	94.006	6.282
397.394	93.887	5.454
403.175	93.778	4.622
409.039	93.673	3.695
414.989	93.549	2.629
421.025	93.375	1.503
427.149	93.141	0.489
433.362	92.850	-0.223
439.665	92.528	-0.497
446.060	92.216	-0.341
452.548	91.937	0.146
459.131	91.709	0.813
465.809	91.527	1.485
472.584	91.353	2.134
479.458	91.191	2.793
486.432	91.032	3.451
493.507	90.860	4.174
500.686	90.694	5.008
507.968	90.532	5.935
515.357	90.367	6.997
522.853	90.213	8.223
530.458	90.074	9.603
538.174	89.957	11.129
546.002	89.870	12.765
553.943	89.812	14.464
562.001	89.774	16.228
570.175	89.762	18.074
578.469	89.778	20.023
586.883	89.840	22.073
595.419	89.969	24.131
604.080	90.165	26.060
612.866	90.423	27.710
621.780	90.717	28.965
630.824	91.018	29.801
640.000	91.305	30.265
649.309	91.562	30.475
658.753	91.801	30.526
668.335	92.025	30.454
678.056	92.245	30.261
687.919	92.464	29.892
697.925	92.668	29.306
708.077	92.848	28.487
718.376	92.983	27.468
728.825	93.063	26.349
739.426	93.087	25.229
750.181	93.053	24.221
761.093	92.975	23.414
772.163	92.856	22.864
783.394	92.704	22.656
794.789	92.543	22.824
806.349	92.378	23.380
818.078	92.228	24.347
829.977	92.114	25.700
842.050	92.049	27.398
854.298	92.059	29.353
866.724	92.148	31.464
879.330	92.338	33.617
892.120	92.647	35.600
905.097	93.060	37.160
918.262	93.554	38.048
931.618	94.062	38.092
945.169	94.523	37.326
958.917	94.896	35.959
972.864	95.187	34.229
987.015	95.388	32.330
1001.37	95.501	30.475
1015.94	95.557	28.788
1030.71	95.569	27.301
1045.71	95.542	26.082
1060.92	95.520	25.113
1076.35	95.509	24.243
1092.00	95.497	23.351
1107.89	95.451	22.447
1124.00	95.354	21.679
1140.35	95.204	21.252
1156.94	95.036	21.338
1173.77	94.903	21.934
1190.84	94.844	22.880
1208.16	94.879	23.919
1225.73	94.991	24.793
1243.56	95.135	25.396
1261.65	95.289	25.755
1280.00	95.442	25.919
1298.62	95.587	25.957
1317.51	95.723	25.938
1336.67	95.859	25.908
1356.11	96.011	25.839
1375.84	96.175	25.682
1395.85	96.350	25.417
1416.15	96.545	24.961
1436.75	96.738	24.203
1457.65	96.890	23.177
1478.85	96.990	22.005
1500.36	97.020	20.865
1522.19	96.993	19.986
1544.33	96.949	19.491
1566.79	96.922	19.362
1589.58	96.943	19.492
1612.70	97.032	19.695
1636.16	97.182	19.771
1659.95	97.374	19.557
1684.10	97.577	18.973
1708.60	97.759	18.043
1733.45	97.904	16.849
1758.66	97.999	15.495
1784.24	98.040	14.114
1810.19	98.033	12.833
1836.52	97.994	11.723
1863.24	97.933	10.814
1890.34	97.856	10.138
1917.83	97.781	9.696
1945.73	97.710	9.487
1974.03	97.657	9.527
2002.74	97.651	9.735
2031.87	97.690	9.993
2061.43	97.781	10.191
2091.41	97.915	10.180
2121.83	98.058	9.890
2152.69	98.193	9.345
2184.01	98.301	8.613
2215.77	98.372	7.820
2248.00	98.417	7.065
2280.70	98.442	6.405
2313.87	98.455	5.905
2347.53	98.477	5.591
2381.68	98.526	5.428
2416.32	98.627	5.298
2451.46	98.777	5.030
2487.12	98.959	4.487
2523.30	99.155	3.558
2560.00	99.321	2.224
2597.24	99.430	0.607
2635.01	99.471	-1.130
2673.34	99.439	-2.804
2712.23	99.346	-4.245
2751.68	99.214	-5.357
2791.70	99.055	-6.069
2832.31	98.895	-6.333
2873.50	98.757	-6.167
2915.30	98.658	-5.590
2957.70	98.633	-4.673
3000.72	98.708	-3.592
3044.37	98.885	-2.555
3088.65	99.160	-1.754
3133.58	99.512	-1.362
3179.16	99.915	-1.488
3225.40	100.342	-2.148
3272.31	100.796	-3.389
3319.91	101.248	-5.311
3368.20	101.655	-7.898
3417.19	102.005	-11.096
3466.89	102.261	-14.819
3517.32	102.398	-18.832
3568.48	102.430	-22.897
3620.39	102.366	-26.874
3673.05	102.214	-30.631
3726.47	101.994	-34.069
3780.67	101.722	-37.143
3835.67	101.410	-39.821
3891.46	101.071	-42.068
3948.06	100.730	-43.874
4005.49	100.415	-45.309
4063.75	100.144	-46.518
4122.86	99.920	-47.666
4182.82	99.749	-48.949
4243.66	99.597	-50.542
4305.39	99.417	-52.472
4368.01	99.172	-54.616
4431.55	98.839	-56.773
4496.01	98.406	-58.693
4561.40	97.879	-60.101
4627.75	97.280	-60.739
4695.06	96.658	-60.421
4763.35	96.081	-59.172
4832.64	95.605	-57.184
4902.93	95.284	-54.744
4974.24	95.151	-52.275
5046.60	95.171	-50.200
5120.00	95.279	-48.750
5194.47	95.419	-47.990
5270.03	95.532	-47.836
5346.68	95.587	-48.066
5424.45	95.574	-48.413
5503.35	95.506	-48.622
5583.40	95.424	-48.548
5664.61	95.371	-48.218
5747.01	95.370	-47.750
5830.60	95.448	-47.362
5915.41	95.584	-47.290
6001.45	95.750	-47.685
6088.74	95.906	-48.615
6177.30	96.005	-50.006
6267.15	96.016	-51.644
6358.31	95.928	-53.230
6450.80	95.763	-54.488
6544.62	95.555	-55.237
6639.82	95.345	-55.386
6736.40	95.201	-55.002
6834.38	95.170	-54.348
6933.79	95.266	-53.742
7034.64	95.482	-53.504
7136.96	95.791	-53.950
7240.77	96.137	-55.319
7346.09	96.451	-57.689
7452.94	96.669	-60.954
7561.35	96.753	-64.884
7671.33	96.670	-69.180
7782.91	96.388	-73.380
7896.12	95.930	-76.973
8010.97	95.349	-79.635
8127.49	94.691	-81.193
8245.71	94.050	-81.684
8365.65	93.496	-81.400
8487.33	93.052	-80.667
8610.78	92.725	-79.780
8736.03	92.477	-78.923
8863.09	92.290	-78.148
8992.01	92.163	-77.530
9122.80	92.080	-77.148
9255.50	92.039	-77.082
9390.12	92.019	-77.443
9526.70	91.990	-78.284
9665.27	91.922	-79.606
9805.86	91.765	-81.278
9948.49	91.502	-83.057
10093.2	91.122	-84.703
10240.0	90.613	-85.899
10388.9	90.010	-86.383
10540.1	89.328	-85.950
10693.4	88.582	-84.274
10848.9	87.848	-81.090
11006.7	87.199	-76.200
11166.8	86.848	-69.743
11329.2	87.031	-62.665
11494.0	87.745	-56.251
11661.2	88.863	-51.764
11830.8	90.074	-50.120
12002.9	91.133	-51.274
12177.5	91.977	-54.551
12354.6	92.569	-59.084
12534.3	92.959	-64.080
12716.6	93.229	-69.276
12901.6	93.395	-74.755
13089.2	93.461	-80.738
13279.6	93.352	-87.241
13472.8	93.039	-94.062
13668.8	92.365	-100.344
13867.6	91.358	-104.733
14069.3	90.187	-106.763
14273.9	88.887	-106.390
14481.5	87.757	-103.952
14692.2	87.084	-100.781
14905.9	86.698	-97.944
15122.7	86.533	-95.844
15342.7	86.391	-94.523
15565.8	86.220	-93.672
15792.2	85.983	-92.921
16021.9	85.699	-91.893
16255.0	85.426	-90.414
16491.4	85.223	-88.537
16731.3	85.147	-86.514
16974.7	85.219	-84.762
17221.6	85.391	-83.660
17472.1	85.599	-83.392
17726.2	85.778	-83.973
17984.0	85.864	-85.212
18245.6	85.829	-86.750
18511.0	85.683	-88.247
18780.2	85.434	-89.397
19053.4	85.138	-89.996
19330.5	84.859	-90.109
19611.7	84.619	-89.919
19897.0	84.434	-89.603
20186.4	84.298	-89.355
20480.0	84.173	-89.241
20777.9	84.048	-89.216
21080.1	83.918	-89.234
21386.7	83.785	-89.265
21697.8	83.651	-89.301
22013.4	83.518	-89.343
22333.6	83.385	-89.390
22658.4	83.252	-89.440
22988.0	83.118	-89.494
23322.4	82.985	-89.550
23661.6	82.852	-89.608
24005.8	82.718	-89.668
24355.0	82.585	-89.730
24709.2	82.452	-89.792
25068.6	82.319	-89.855
25433.2	82.185	-89.919
25803.2	82.052	-89.983
26178.5	81.919	-90.047
26559.3	81.785	-90.112
26945.6	81.652	-90.177
27337.5	81.519	-90.242
27735.2	81.385	-90.307
28138.6	81.252	-90.372
28547.9	81.119	-90.437
28963.1	80.986	-90.501
29384.4	80.852	-90.565
29811.8	80.719	-90.629
30245.4	80.586	-90.693
30685.3	80.452	-90.757
31131.7	80.319	-90.820
31584.5	80.186	-90.882
32043.9	80.053	-90.945
32510.0	79.919	-91.007
32982.8	79.786	-91.068
33462.6	79.653	-91.129
33949.3	79.519	-91.190
34443.1	79.386	-91.250
34944.1	79.253	-91.310
35452.4	79.119	-91.369
35968.0	78.986	-91.428
36491.2	78.853	-91.487
37022.0	78.720	-91.546
37560.5	78.586	-91.606
38106.8	78.466	-91.662
38661.1	78.356	-91.719
39223.4	78.275	-91.764
39793.9	78.212	-91.799
