5.00000	-20.916	-88.458
5.07273	-20.734	-88.495
5.14651	-20.499	-88.537
5.22137	-20.185	-88.582
5.29732	-19.840	-88.613
5.37437	-19.461	-88.642
5.45254	-19.081	-88.665
5.53185	-18.702	-88.686
5.61231	-18.322	-88.707
5.69394	-17.943	-88.728
5.77676	-17.563	-88.748
5.86079	-17.184	-88.768
5.94604	-16.804	-88.789
6.03252	-16.425	-88.809
6.12027	-16.045	-88.828
6.20929	-15.666	-88.848
6.29961	-15.286	-88.868
6.39124	-14.907	-88.888
6.48420	-14.527	-88.908
6.57851	-14.147	-88.928
6.67420	-13.768	-88.948
6.77128	-13.388	-88.968
6.86977	-13.009	-88.988
6.96969	-12.629	-89.008
7.07107	-12.250	-89.028
7.17392	-11.870	-89.049
7.27827	-11.491	-89.070
7.38413	-11.111	-89.090
7.49154	-10.732	-89.111
7.60050	-10.352	-89.131
7.71105	-9.973	-89.152
7.82321	-9.593	-89.173
7.93701	-9.214	-89.194
8.05245	-8.834	-89.216
8.16958	-8.455	-89.237
8.28841	-8.075	-89.259
8.40896	-7.696	-89.281
8.53128	-7.316	-89.303
8.65537	-6.937	-89.326
8.78126	-6.557	-89.348
8.90899	-6.177	-89.371
9.03857	-5.798	-89.394
9.17004	-5.418	-89.417
9.30342	-5.039	-89.441
9.43874	-4.659	-89.464
9.57603	-4.280	-89.488
9.71532	-3.900	-89.512
9.85663	-3.521	-89.537
10.0000	-3.141	-89.561
10.1455	-2.762	-89.586
10.2930	-2.382	-89.611
10.4427	-2.003	-89.637
10.5946	-1.623	-89.663
10.7487	-1.244	-89.689
10.9051	-0.864	-89.715
11.0637	-0.485	-89.741
11.2246	-0.105	-89.768
11.3879	0.274	-89.795
11.5535	0.654	-89.823
11.7216	1.033	-89.850
11.8921	1.413	-89.879
12.0650	1.792	-89.907
12.2405	2.172	-89.936
12.4186	2.552	-89.965
12.5992	2.931	-89.995
12.7825	3.311	-90.025
12.9684	3.690	-90.055
13.1570	4.070	-90.085
13.3484	4.449	-90.116
13.5426	4.829	-90.148
13.7395	5.208	-90.179
13.9394	5.588	-90.211
14.1421	5.967	-90.244
14.3478	6.347	-90.277
14.5565	6.726	-90.310
14.7683	7.106	-90.344
14.9831	7.485	-90.379
15.2010	7.865	-90.413
15.4221	8.244	-90.449
15.6464	8.624	-90.485
15.8740	9.003	-90.521
16.1049	9.383	-90.557
16.3392	9.762	-90.594
16.5768	10.142	-90.632
16.8179	10.522	-90.670
17.0626	10.901	-90.709
17.3107	11.281	-90.748
17.5625	11.660	-90.788
17.8180	12.040	-90.828
18.0771	12.419	-90.869
18.3401	12.799	-90.910
18.6068	13.178	-90.952
18.8775	13.558	-90.994
19.1521	13.937	-91.037
19.4306	14.317	-91.081
19.7133	14.696	-91.125
20.0000	15.076	-91.170
20.2909	15.455	-91.215
20.5860	15.835	-91.261
20.8855	16.214	-91.308
21.1893	16.594	-91.355
21.4975	16.973	-91.403
21.8102	17.353	-91.451
22.1274	17.732	-91.500
22.4492	18.112	-91.550
22.7758	18.491	-91.601
23.1071	18.871	-91.652
23.4432	19.251	-91.704
23.7841	19.630	-91.757
24.1301	20.010	-91.810
24.4811	20.389	-91.865
24.8372	20.769	-91.919
25.1984	21.148	-91.975
25.5649	21.528	-92.031
25.9368	21.907	-92.089
26.3141	22.287	-92.147
26.6968	22.666	-92.205
27.0851	23.046	-92.265
27.4791	23.425	-92.326
27.8788	23.805	-92.387
28.2843	24.184	-92.449
28.6957	24.564	-92.512
29.1131	24.943	-92.576
29.5365	25.323	-92.641
29.9661	25.702	-92.707
30.4020	26.082	-92.774
30.8442	26.461	-92.841
31.2929	26.841	-92.910
31.7480	27.221	-92.980
32.2098	27.600	-93.050
32.6783	27.980	-93.122
33.1536	28.359	-93.194
33.6359	28.739	-93.268
34.1251	29.118	-93.343
34.6215	29.498	-93.418
35.1250	29.877	-93.495
35.6359	30.257	-93.573
36.1543	30.636	-93.652
36.6802	31.016	-93.732
37.2137	31.395	-93.813
37.7550	31.775	-93.895
38.3041	32.154	-93.979
38.8613	32.534	-94.064
39.4265	32.913	-94.150
40.0000	33.293	-94.237
40.5818	33.672	-94.325
41.1721	34.052	-94.415
41.7710	34.431	-94.506
42.3785	34.811	-94.598
42.9949	35.190	-94.692
43.6203	35.570	-94.787
44.2548	35.950	-94.883
44.8985	36.329	-94.980
45.5515	36.709	-95.080
46.2141	37.088	-95.180
46.8863	37.468	-95.282
47.5683	37.847	-95.385
48.2602	38.227	-95.490
48.9621	38.606	-95.596
49.6743	38.986	-95.704
50.3968	39.365	-95.813
51.1299	39.745	-95.924
51.8736	40.124	-96.037
52.6281	40.504	-96.151
53.3936	40.883	-96.267
54.1702	41.263	-96.384
54.9581	41.642	-96.503
55.7575	42.022	-96.624
56.5685	42.401	-96.746
57.3914	42.781	-96.871
58.2261	43.160	-96.997
59.0730	43.540	-97.125
59.9323	43.920	-97.254
60.8040	44.299	-97.386
61.6884	44.679	-97.519
62.5857	45.058	-97.655
63.4960	45.438	-97.792
64.4196	45.817	-97.931
65.3566	46.197	-98.072
66.3073	46.576	-98.215
67.2717	46.956	-98.361
68.2502	47.335	-98.508
69.2429	47.715	-98.657
70.2501	48.094	-98.809
71.2719	48.474	-98.963
72.3086	48.853	-99.118
73.3603	49.233	-99.276
74.4274	49.612	-99.437
75.5099	49.992	-99.599
76.6083	50.371	-99.764
77.7226	50.751	-99.931
78.8531	51.130	-100.101
80.0000	51.510	-100.273
81.1636	51.889	-100.447
82.3442	52.269	-100.624
83.5419	52.649	-100.804
84.7570	53.028	-100.986
85.9899	53.408	-101.170
87.2406	53.787	-101.357
88.5096	54.167	-101.547
89.7970	54.546	-101.739
91.1031	54.926	-101.934
92.4282	55.305	-102.132
93.7726	55.685	-102.332
95.1366	56.064	-102.535
96.5204	56.444	-102.742
97.9243	56.823	-102.951
99.3486	57.203	-103.162
100.794	57.582	-103.377
102.260	57.962	-103.595
103.747	58.341	-103.815
105.256	58.721	-104.039
106.787	59.100	-104.266
108.340	59.480	-104.495
109.916	59.859	-104.728
111.515	60.239	-104.964
113.137	60.619	-105.203
114.783	60.998	-105.445
116.452	61.378	-105.690
118.146	61.757	-105.939
119.865	62.137	-106.191
121.608	62.516	-106.446
123.377	62.896	-106.704
125.171	63.275	-106.965
126.992	63.655	-107.230
128.839	64.034	-107.497
130.713	64.414	-107.768
132.615	64.793	-108.043
134.543	65.173	-108.320
136.500	65.552	-108.600
138.486	65.932	-108.884
140.500	66.311	-109.170
142.544	66.691	-109.460
144.617	67.070	-109.752
146.721	67.450	-110.047
148.855	67.829	-110.344
151.020	68.209	-110.644
153.217	68.589	-110.946
155.445	68.968	-111.250
157.706	69.348	-111.555
160.000	69.727	-111.861
162.327	70.107	-112.168
164.688	70.486	-112.476
167.084	70.866	-112.782
169.514	71.245	-113.087
171.980	71.625	-113.389
174.481	72.004	-113.688
177.019	72.384	-113.980
179.594	72.763	-114.264
182.206	73.143	-114.536
184.856	73.522	-114.791
187.545	73.902	-115.024
190.273	74.281	-115.224
193.041	74.661	-115.373
195.849	75.040	-115.429
198.697	75.436	-115.375
201.587	75.853	-115.213
204.520	76.323	-115.025
207.494	76.833	-114.957
210.512	77.370	-115.042
213.574	77.949	-115.342
216.681	78.561	-115.981
219.833	79.184	-117.035
223.030	79.801	-118.522
226.274	80.390	-120.447
229.565	80.925	-122.789
232.905	81.365	-125.416
236.292	81.707	-128.136
239.729	81.947	-130.804
243.216	82.073	-133.212
246.754	82.105	-135.133
250.343	82.067	-136.365
253.984	82.002	-136.706
257.678	81.980	-136.066
261.426	82.069	-134.547
265.229	82.327	-132.477
269.087	82.783	-130.392
273.001	83.412	-128.841
276.972	84.156	-128.181
281.000	84.944	-128.499
285.088	85.725	-129.746
289.234	86.434	-131.757
293.441	87.045	-134.265
297.709	87.563	-137.085
302.040	87.973	-140.053
306.433	88.289	-142.990
310.890	88.538	-145.806
315.412	88.731	-148.495
320.000	88.876	-151.053
324.655	88.970	-153.492
329.377	88.999	-155.802
334.168	88.936	-157.889
339.028	88.759	-159.530
343.959	88.480	-160.437
348.962	88.126	-160.302
354.038	87.754	-158.798
359.188	87.449	-155.667
364.412	87.319	-150.843
369.713	87.479	-144.622
375.090	88.040	-137.858
380.546	88.987	-131.985
386.081	90.287	-128.232
391.697	91.715	-127.177
397.394	93.068	-128.370
403.175	94.218	-131.036
409.039	95.059	-134.363
414.989	95.604	-137.497
421.025	95.969	-139.722
427.149	96.308	-140.623
433.362	96.866	-140.377
439.665	97.761	-140.184
446.060	98.946	-141.368
452.548	100.259	-144.602
459.131	101.477	-149.805
465.809	102.417	-156.355
472.584	103.005	-163.550
479.458	103.207	-170.800
486.432	103.032	-177.379
493.507	102.590	177.385
500.686	102.041	173.951
507.968	101.541	172.578
515.357	101.257	173.036
522.853	101.287	174.422
530.458	101.595	175.760
538.174	102.112	176.411
546.002	102.751	176.083
553.943	103.430	174.762
562.001	104.097	172.577
570.175	104.716	169.638
578.469	105.245	166.137
586.883	105.679	162.280
595.419	106.013	158.213
604.080	106.238	154.088
612.866	106.364	150.045
621.780	106.391	146.214
630.824	106.314	142.779
640.000	106.150	140.000
649.309	105.945	138.076
658.753	105.772	137.124
668.335	105.717	137.051
678.056	105.862	137.397
687.919	106.205	137.487
697.925	106.697	136.818
708.077	107.256	135.134
718.376	107.786	132.495
728.825	108.245	129.088
739.426	108.593	125.121
750.181	108.806	120.812
761.093	108.868	116.427
772.163	108.768	112.237
783.394	108.519	108.543
794.789	108.153	105.653
806.349	107.735	103.831
818.078	107.364	103.173
829.977	107.122	103.467
842.050	107.058	104.244
854.298	107.165	104.955
866.724	107.395	105.220
879.330	107.700	104.856
892.120	108.025	103.817
905.097	108.317	102.205
918.262	108.545	100.195
931.618	108.676	98.019
945.169	108.704	95.979
958.917	108.674	94.323
972.864	108.640	93.144
987.015	108.659	92.366
1001.37	108.771	91.692
1015.94	108.953	90.804
1030.71	109.163	89.533
1045.71	109.351	87.886
1060.92	109.481	86.001
1076.35	109.537	84.083
1092.00	109.526	82.354
1107.89	109.481	80.959
1124.00	109.434	79.959
1140.35	109.424	79.304
1156.94	109.474	78.835
1173.77	109.586	78.356
1190.84	109.742	77.708
1208.16	109.911	76.832
1225.73	110.064	75.814
1243.56	110.204	74.771
1261.65	110.352	73.724
1280.00	110.512	72.658
1298.62	110.704	71.499
1317.51	110.924	70.100
1336.67	111.134	68.386
1356.11	111.308	66.424
1375.84	111.427	64.315
1395.85	111.477	62.227
1416.15	111.476	60.323
1436.75	111.444	58.706
1457.65	111.419	57.402
1478.85	111.429	56.312
1500.36	111.480	55.288
1522.19	111.560	54.210
1544.33	111.651	53.035
1566.79	111.742	51.761
1589.58	111.827	50.423
1612.70	111.908	49.051
1636.16	112.001	47.596
1659.95	112.081	46.010
1684.10	112.127	44.363
1708.60	112.136	42.763
1733.45	112.102	41.353
1758.66	112.073	40.207
1784.24	112.071	39.241
1810.19	112.097	38.372
1836.52	112.161	37.500
1863.24	112.239	36.552
1890.34	112.320	35.556
1917.83	112.415	34.545
1945.73	112.540	33.447
1974.03	112.684	32.173
2002.74	112.832	30.679
2031.87	112.964	28.966
2061.43	113.057	27.116
2091.41	113.117	25.232
2121.83	113.154	23.377
2152.69	113.178	21.546
2184.01	113.187	19.751
2215.77	113.178	18.012
2248.00	113.157	16.365
2280.70	113.121	14.849
2313.87	113.094	13.484
2347.53	113.094	12.216
2381.68	113.128	10.937
2416.32	113.195	9.528
2451.46	113.274	7.895
2487.12	113.345	6.019
2523.30	113.382	3.949
2560.00	113.371	1.805
2597.24	113.321	-0.317
2635.01	113.231	-2.337
2673.34	113.117	-4.154
2712.23	113.014	-5.784
2751.68	112.934	-7.319
2791.70	112.882	-8.889
2832.31	112.848	-10.612
2873.50	112.800	-12.540
2915.30	112.713	-14.640
2957.70	112.549	-16.753
3000.72	112.311	-18.643
3044.37	112.031	-20.125
3088.65	111.746	-21.106
3133.58	111.518	-21.651
3179.16	111.367	-21.994
3225.40	111.300	-22.406
3272.31	111.287	-23.141
3319.91	111.266	-24.226
3368.20	111.214	-25.540
3417.19	111.112	-26.935
3466.89	110.965	-28.237
3517.32	110.808	-29.359
3568.48	110.668	-30.361
3620.39	110.542	-31.332
3673.05	110.428	-32.354
3726.47	110.300	-33.449
3780.67	110.137	-34.504
3835.67	109.960	-35.413
3891.46	109.792	-36.177
3948.06	109.650	-36.894
4005.49	109.522	-37.690
4063.75	109.366	-38.550
4122.86	109.161	-39.269
4182.82	108.929	-39.624
4243.66	108.732	-39.528
4305.39	108.638	-39.210
4368.01	108.649	-39.121
4431.55	108.714	-39.582
4496.01	108.741	-40.562
4561.40	108.676	-41.755
4627.75	108.541	-42.818
4695.06	108.393	-43.603
4763.35	108.272	-44.184
4832.64	108.193	-44.731
4902.93	108.137	-45.397
4974.24	108.075	-46.209
5046.60	107.997	-47.103
5120.00	107.910	-48.011
5194.47	107.826	-48.957
5270.03	107.739	-49.995
5346.68	107.625	-51.106
5424.45	107.482	-52.206
5503.35	107.311	-53.222
5583.40	107.122	-54.081
5664.61	106.939	-54.783
5747.01	106.766	-55.387
5830.60	106.607	-55.940
5915.41	106.458	-56.497
6001.45	106.306	-57.069
6088.74	106.144	-57.610
6177.30	105.980	-58.079
6267.15	105.823	-58.477
6358.31	105.681	-58.844
6450.80	105.548	-59.218
6544.62	105.428	-59.641
6639.82	105.308	-60.155
6736.40	105.170	-60.725
6834.38	105.011	-61.274
6933.79	104.835	-61.740
7034.64	104.645	-62.056
7136.96	104.457	-62.167
7240.77	104.298	-62.101
7346.09	104.180	-61.973
7452.94	104.098	-61.895
7561.35	104.051	-61.973
7671.33	104.017	-62.285
7782.91	103.968	-62.807
7896.12	103.887	-63.426
8010.97	103.783	-64.032
8127.49	103.669	-64.589
8245.71	103.550	-65.074
8365.65	103.444	-65.498
8487.33	103.365	-65.972
8610.78	103.290	-66.588
8736.03	103.201	-67.306
8863.09	103.111	-68.128
8992.01	102.996	-69.054
9122.80	102.845	-69.977
9255.50	102.690	-70.875
9390.12	102.513	-71.780
9526.70	102.316	-72.648
9665.27	102.100	-73.471
9805.86	101.850	-74.202
9948.49	101.572	-74.731
10093.2	101.286	-75.004
10240.0	101.008	-75.023
10388.9	100.756	-74.846
10540.1	100.526	-74.546
10693.4	100.324	-74.175
10848.9	100.142	-73.778
11006.7	99.971	-73.332
11166.8	99.832	-72.858
11329.2	99.717	-72.431
11494.0	99.621	-72.068
11661.2	99.556	-71.842
11830.8	99.497	-71.818
12002.9	99.433	-71.993
12177.5	99.349	-72.338
12354.6	99.231	-72.792
12534.3	99.067	-73.238
12716.6	98.865	-73.548
12901.6	98.639	-73.638
13089.2	98.404	-73.449
13279.6	98.182	-72.978
13472.8	97.989	-72.284
13668.8	97.827	-71.429
13867.6	97.701	-70.456
14069.3	97.611	-69.379
14273.9	97.564	-68.180
14481.5	97.602	-66.935
14692.2	97.736	-65.902
14905.9	97.963	-65.365
15122.7	98.269	-65.647
15342.7	98.570	-66.908
15565.8	98.789	-69.008
15792.2	98.872	-71.677
16021.9	98.782	-74.584
16255.0	98.525	-77.375
16491.4	98.124	-79.750
16731.3	97.629	-81.469
16974.7	97.076	-82.385
17221.6	96.511	-82.392
17472.1	95.987	-81.473
17726.2	95.550	-79.705
17984.0	95.261	-77.335
18245.6	95.151	-74.886
18511.0	95.189	-72.867
18780.2	95.326	-71.598
19053.4	95.480	-71.141
19330.5	95.591	-71.296
19611.7	95.640	-71.813
19897.0	95.617	-72.469
20186.4	95.544	-73.087
20480.0	95.443	-73.594
20777.9	95.330	-73.986
21080.1	95.214	-74.295
21386.7	95.099	-74.549
21697.8	94.983	-74.769
22013.4	94.868	-74.965
22333.6	94.752	-75.143
22658.4	94.637	-75.307
22988.0	94.521	-75.460
23322.4	94.406	-75.604
23661.6	94.290	-75.740
24005.8	94.175	-75.870
24355.0	94.059	-75.995
24709.2	93.944	-76.115
25068.6	93.828	-76.230
25433.2	93.713	-76.342
25803.2	93.597	-76.450
26178.5	93.482	-76.555
26559.3	93.366	-76.658
26945.6	93.251	-76.758
27337.5	93.135	-76.855
27735.2	93.020	-76.950
28138.6	92.904	-77.043
28547.9	92.789	-77.135
28963.1	92.673	-77.224
29384.4	92.558	-77.311
29811.8	92.442	-77.397
30245.4	92.327	-77.481
30685.3	92.211	-77.564
31131.7	92.096	-77.645
31584.5	91.980	-77.725
32043.9	91.865	-77.803
32510.0	91.749	-77.880
32982.8	91.634	-77.956
33462.6	91.518	-78.031
33949.3	91.403	-78.104
34443.1	91.287	-78.176
34944.1	91.172	-78.248
35452.4	91.056	-78.318
35968.0	90.941	-78.387
36491.2	90.825	-78.456
37022.0	90.710	-78.524
37560.5	90.594	-78.593
38106.8	90.490	-78.656
38661.1	90.395	-78.718
39223.4	90.324	-78.767
39793.9	90.270	-78.805
