5.00000	-25.718	-65.220
5.07273	-25.520	-65.261
5.14651	-25.264	-65.309
5.22137	-24.923	-65.360
5.29732	-24.548	-65.396
5.37437	-24.135	-65.430
5.45254	-23.723	-65.457
5.53185	-23.311	-65.483
5.61231	-22.899	-65.509
5.69394	-22.486	-65.534
5.77676	-22.074	-65.559
5.86079	-21.662	-65.584
5.94604	-21.250	-65.609
6.03252	-20.837	-65.634
6.12027	-20.425	-65.658
6.20929	-20.013	-65.683
6.29961	-19.601	-65.708
6.39124	-19.188	-65.733
6.48420	-18.776	-65.758
6.57851	-18.364	-65.783
6.67420	-17.952	-65.807
6.77128	-17.539	-65.832
6.86977	-17.127	-65.857
6.96969	-16.715	-65.883
7.07107	-16.303	-65.908
7.17392	-15.890	-65.934
7.27827	-15.478	-65.960
7.38413	-15.066	-65.986
7.49154	-14.654	-66.012
7.60050	-14.241	-66.038
7.71105	-13.829	-66.065
7.82321	-13.417	-66.091
7.93701	-13.005	-66.118
8.05245	-12.592	-66.146
8.16958	-12.180	-66.173
8.28841	-11.768	-66.201
8.40896	-11.356	-66.229
8.53128	-10.943	-66.258
8.65537	-10.531	-66.286
8.78126	-10.119	-66.315
8.90899	-9.707	-66.344
9.03857	-9.294	-66.374
9.17004	-8.882	-66.404
9.30342	-8.470	-66.434
9.43874	-8.058	-66.464
9.57603	-7.645	-66.495
9.71532	-7.233	-66.526
9.85663	-6.821	-66.557
10.0000	-6.409	-66.589
10.1455	-5.996	-66.621
10.2930	-5.584	-66.653
10.4427	-5.172	-66.686
10.5946	-4.760	-66.719
10.7487	-4.347	-66.753
10.9051	-3.935	-66.787
11.0637	-3.523	-66.821
11.2246	-3.111	-66.856
11.3879	-2.699	-66.891
11.5535	-2.286	-66.927
11.7216	-1.874	-66.963
11.8921	-1.462	-66.999
12.0650	-1.050	-67.036
12.2405	-0.637	-67.074
12.4186	-0.225	-67.112
12.5992	0.187	-67.150
12.7825	0.599	-67.189
12.9684	1.012	-67.228
13.1570	1.424	-67.268
13.3484	1.836	-67.308
13.5426	2.248	-67.349
13.7395	2.661	-67.390
13.9394	3.073	-67.432
14.1421	3.485	-67.474
14.3478	3.897	-67.517
14.5565	4.310	-67.560
14.7683	4.722	-67.605
14.9831	5.134	-67.649
15.2010	5.546	-67.695
15.4221	5.959	-67.741
15.6464	6.371	-67.787
15.8740	6.783	-67.834
16.1049	7.195	-67.882
16.3392	7.608	-67.930
16.5768	8.020	-67.979
16.8179	8.432	-68.028
17.0626	8.844	-68.079
17.3107	9.257	-68.130
17.5625	9.669	-68.181
17.8180	10.081	-68.233
18.0771	10.493	-68.286
18.3401	10.906	-68.340
18.6068	11.318	-68.395
18.8775	11.730	-68.450
19.1521	12.142	-68.506
19.4306	12.555	-68.563
19.7133	12.967	-68.620
20.0000	13.379	-68.678
20.2909	13.791	-68.737
20.5860	14.204	-68.798
20.8855	14.616	-68.858
21.1893	15.028	-68.920
21.4975	15.440	-68.982
21.8102	15.853	-69.045
22.1274	16.265	-69.110
22.4492	16.677	-69.175
22.7758	17.089	-69.241
23.1071	17.502	-69.308
23.4432	17.914	-69.376
23.7841	18.326	-69.444
24.1301	18.738	-69.514
24.4811	19.151	-69.585
24.8372	19.563	-69.656
25.1984	19.975	-69.729
25.5649	20.387	-69.803
25.9368	20.800	-69.877
26.3141	21.212	-69.953
26.6968	21.624	-70.030
27.0851	22.036	-70.108
27.4791	22.449	-70.187
27.8788	22.861	-70.267
28.2843	23.273	-70.348
28.6957	23.685	-70.431
29.1131	24.098	-70.515
29.5365	24.510	-70.599
29.9661	24.922	-70.685
30.4020	25.334	-70.773
30.8442	25.746	-70.861
31.2929	26.159	-70.951
31.7480	26.571	-71.042
32.2098	26.983	-71.134
32.6783	27.395	-71.228
33.1536	27.808	-71.323
33.6359	28.220	-71.419
34.1251	28.632	-71.517
34.6215	29.044	-71.616
35.1250	29.457	-71.716
35.6359	29.869	-71.818
36.1543	30.281	-71.921
36.6802	30.693	-72.026
37.2137	31.106	-72.132
37.7550	31.518	-72.240
38.3041	31.930	-72.350
38.8613	32.342	-72.460
39.4265	32.755	-72.573
40.0000	33.167	-72.687
40.5818	33.579	-72.803
41.1721	33.991	-72.920
41.7710	34.404	-73.039
42.3785	34.816	-73.160
42.9949	35.228	-73.283
43.6203	35.640	-73.407
44.2548	36.053	-73.533
44.8985	36.465	-73.661
45.5515	36.877	-73.791
46.2141	37.289	-73.922
46.8863	37.702	-74.056
47.5683	38.114	-74.191
48.2602	38.526	-74.329
48.9621	38.938	-74.468
49.6743	39.351	-74.609
50.3968	39.763	-74.753
51.1299	40.175	-74.898
51.8736	40.587	-75.046
52.6281	41.000	-75.195
53.3936	41.412	-75.347
54.1702	41.824	-75.501
54.9581	42.236	-75.657
55.7575	42.649	-75.815
56.5685	43.061	-75.976
57.3914	43.473	-76.139
58.2261	43.885	-76.304
59.0730	44.298	-76.472
59.9323	44.710	-76.642
60.8040	45.122	-76.815
61.6884	45.534	-76.990
62.5857	45.947	-77.167
63.4960	46.359	-77.348
64.4196	46.771	-77.530
65.3566	47.183	-77.716
66.3073	47.596	-77.904
67.2717	48.008	-78.095
68.2502	48.420	-78.288
69.2429	48.832	-78.484
70.2501	49.245	-78.683
71.2719	49.657	-78.885
72.3086	50.069	-79.090
73.3603	50.481	-79.298
74.4274	50.894	-79.509
75.5099	51.306	-79.722
76.6083	51.718	-79.939
77.7226	52.130	-80.159
78.8531	52.543	-80.382
80.0000	52.955	-80.609
81.1636	53.367	-80.838
82.3442	53.779	-81.071
83.5419	54.192	-81.307
84.7570	54.604	-81.547
85.9899	55.016	-81.790
87.2406	55.428	-82.036
88.5096	55.840	-82.287
89.7970	56.253	-82.540
91.1031	56.665	-82.798
92.4282	57.077	-83.058
93.7726	57.489	-83.323
95.1366	57.902	-83.592
96.5204	58.314	-83.864
97.9243	58.726	-84.140
99.3486	59.138	-84.421
100.794	59.551	-84.705
102.260	59.963	-84.993
103.747	60.375	-85.285
105.256	60.787	-85.582
106.787	61.200	-85.883
108.340	61.612	-86.188
109.916	62.024	-86.497
111.515	62.436	-86.811
113.137	62.849	-87.129
114.783	63.261	-87.452
116.452	63.673	-87.779
118.146	64.085	-88.111
119.865	64.498	-88.448
121.608	64.910	-88.790
123.377	65.322	-89.136
125.171	65.734	-89.487
126.992	66.147	-89.844
128.839	66.559	-90.205
130.713	66.971	-90.571
132.615	67.383	-90.943
134.543	67.796	-91.320
136.500	68.208	-91.702
138.486	68.620	-92.090
140.500	69.032	-92.483
142.544	69.445	-92.882
144.617	69.857	-93.287
146.721	70.269	-93.697
148.855	70.681	-94.114
151.020	71.094	-94.536
153.217	71.506	-94.965
155.445	71.918	-95.400
157.706	72.330	-95.841
160.000	72.743	-96.289
162.327	73.155	-96.744
164.688	73.567	-97.207
167.084	73.979	-97.677
169.514	74.392	-98.155
171.980	74.804	-98.641
174.481	75.216	-99.137
177.019	75.628	-99.642
179.594	76.041	-100.159
182.206	76.453	-100.689
184.856	76.865	-101.235
187.545	77.277	-101.800
190.273	77.690	-102.391
193.041	78.102	-103.025
195.849	78.508	-103.709
198.697	78.908	-104.451
201.587	79.284	-105.216
204.520	79.640	-105.948
207.494	79.973	-106.595
210.512	80.288	-107.094
213.574	80.600	-107.409
216.681	80.916	-107.531
219.833	81.250	-107.483
223.030	81.606	-107.309
226.274	81.987	-107.040
229.565	82.395	-106.710
232.905	82.831	-106.345
236.292	83.303	-105.998
239.729	83.802	-105.721
243.216	84.328	-105.544
246.754	84.874	-105.503
250.343	85.427	-105.585
253.984	85.990	-105.763
257.678	86.560	-106.018
261.426	87.148	-106.352
265.229	87.754	-106.812
269.087	88.366	-107.384
273.001	89.011	-108.117
276.972	89.666	-109.084
281.000	90.333	-110.304
285.088	91.008	-111.841
289.234	91.658	-113.699
293.441	92.280	-115.821
297.709	92.866	-118.193
302.040	93.392	-120.737
306.433	93.864	-123.348
310.890	94.272	-125.956
315.412	94.611	-128.430
320.000	94.892	-130.638
324.655	95.133	-132.466
329.377	95.354	-133.801
334.168	95.611	-134.635
339.028	95.927	-135.084
343.959	96.332	-135.322
348.962	96.830	-135.599
354.038	97.406	-136.135
359.188	98.030	-137.058
364.412	98.669	-138.391
369.713	99.296	-140.079
375.090	99.888	-141.975
380.546	100.454	-143.928
386.081	101.027	-145.889
391.697	101.622	-147.884
397.394	102.287	-150.081
403.175	103.005	-152.714
409.039	103.754	-155.973
414.989	104.477	-159.894
421.025	105.127	-164.409
427.149	105.675	-169.362
433.362	106.098	-174.575
439.665	106.394	-179.834
446.060	106.580	175.040
452.548	106.666	170.159
459.131	106.680	165.660
465.809	106.648	161.564
472.584	106.587	157.903
479.458	106.518	154.661
486.432	106.463	151.770
493.507	106.418	149.149
500.686	106.389	146.759
507.968	106.378	144.533
515.357	106.373	142.436
522.853	106.373	140.479
530.458	106.378	138.673
538.174	106.394	137.028
546.002	106.432	135.527
553.943	106.503	134.095
562.001	106.596	132.678
570.175	106.710	131.248
578.469	106.844	129.745
586.883	106.969	128.196
595.419	107.100	126.657
604.080	107.239	125.125
612.866	107.390	123.586
621.780	107.567	121.988
630.824	107.758	120.259
640.000	107.958	118.363
649.309	108.154	116.266
658.753	108.319	114.004
668.335	108.451	111.679
678.056	108.558	109.329
687.919	108.639	106.985
697.925	108.692	104.704
708.077	108.735	102.504
718.376	108.762	100.378
728.825	108.777	98.348
739.426	108.792	96.422
750.181	108.818	94.543
761.093	108.854	92.641
772.163	108.886	90.673
783.394	108.905	88.632
794.789	108.888	86.559
806.349	108.825	84.569
818.078	108.728	82.792
829.977	108.620	81.285
842.050	108.530	80.029
854.298	108.475	78.916
866.724	108.458	77.788
879.330	108.448	76.561
892.120	108.424	75.259
905.097	108.373	73.945
918.262	108.283	72.761
931.618	108.184	71.825
945.169	108.103	71.110
958.917	108.047	70.560
972.864	108.036	70.066
987.015	108.057	69.477
1001.37	108.085	68.752
1015.94	108.108	67.904
1030.71	108.106	66.988
1045.71	108.076	66.112
1060.92	108.032	65.334
1076.35	107.970	64.706
1092.00	107.909	64.274
1107.89	107.861	64.003
1124.00	107.820	63.887
1140.35	107.799	63.937
1156.94	107.808	64.116
1173.77	107.849	64.380
1190.84	107.932	64.669
1208.16	108.053	64.907
1225.73	108.209	65.026
1243.56	108.390	64.978
1261.65	108.583	64.755
1280.00	108.782	64.381
1298.62	108.982	63.883
1317.51	109.187	63.279
1336.67	109.400	62.569
1356.11	109.627	61.707
1375.84	109.860	60.643
1395.85	110.087	59.354
1416.15	110.291	57.877
1436.75	110.469	56.262
1457.65	110.612	54.576
1478.85	110.732	52.881
1500.36	110.840	51.184
1522.19	110.940	49.459
1544.33	111.027	47.683
1566.79	111.096	45.862
1589.58	111.142	44.011
1612.70	111.170	42.151
1636.16	111.174	40.288
1659.95	111.162	38.425
1684.10	111.120	36.565
1708.60	111.041	34.768
1733.45	110.923	33.104
1758.66	110.770	31.654
1784.24	110.594	30.506
1810.19	110.424	29.681
1836.52	110.271	29.137
1863.24	110.151	28.812
1890.34	110.068	28.608
1917.83	110.018	28.440
1945.73	109.992	28.264
1974.03	109.983	28.057
2002.74	109.982	27.835
2031.87	109.990	27.636
2061.43	110.013	27.478
2091.41	110.063	27.340
2121.83	110.147	27.157
2152.69	110.268	26.837
2184.01	110.418	26.281
2215.77	110.579	25.421
2248.00	110.726	24.263
2280.70	110.841	22.882
2313.87	110.920	21.358
2347.53	110.962	19.759
2381.68	110.973	18.142
2416.32	110.964	16.502
2451.46	110.924	14.837
2487.12	110.846	13.181
2523.30	110.720	11.597
2560.00	110.538	10.214
2597.24	110.319	9.160
2635.01	110.091	8.476
2673.34	109.860	8.192
2712.23	109.663	8.285
2751.68	109.505	8.658
2791.70	109.389	9.273
2832.31	109.331	10.074
2873.50	109.345	10.937
2915.30	109.422	11.745
2957.70	109.572	12.381
3000.72	109.794	12.652
3044.37	110.045	12.457
3088.65	110.314	11.773
3133.58	110.574	10.581
3179.16	110.788	8.952
3225.40	110.952	6.993
3272.31	111.047	4.789
3319.91	111.065	2.473
3368.20	111.012	0.156
3417.19	110.879	-2.058
3466.89	110.674	-4.029
3517.32	110.408	-5.638
3568.48	110.101	-6.770
3620.39	109.776	-7.332
3673.05	109.468	-7.266
3726.47	109.218	-6.602
3780.67	109.067	-5.496
3835.67	109.037	-4.217
3891.46	109.140	-3.108
3948.06	109.355	-2.519
4005.49	109.638	-2.689
4063.75	109.926	-3.684
4122.86	110.157	-5.400
4182.82	110.281	-7.600
4243.66	110.273	-9.982
4305.39	110.136	-12.241
4368.01	109.902	-14.100
4431.55	109.620	-15.386
4496.01	109.345	-16.060
4561.40	109.118	-16.232
4627.75	108.970	-16.110
4695.06	108.908	-15.965
4763.35	108.919	-16.066
4832.64	108.964	-16.582
4902.93	108.993	-17.505
4974.24	108.978	-18.725
5046.60	108.898	-20.090
5120.00	108.752	-21.418
5194.47	108.561	-22.581
5270.03	108.338	-23.516
5346.68	108.100	-24.199
5424.45	107.855	-24.637
5503.35	107.607	-24.827
5583.40	107.361	-24.734
5664.61	107.143	-24.372
5747.01	106.952	-23.788
5830.60	106.801	-23.000
5915.41	106.714	-22.112
6001.45	106.691	-21.293
6088.74	106.721	-20.685
6177.30	106.787	-20.399
6267.15	106.857	-20.450
6358.31	106.915	-20.791
6450.80	106.943	-21.342
6544.62	106.936	-21.978
6639.82	106.912	-22.623
6736.40	106.884	-23.287
6834.38	106.868	-24.063
6933.79	106.853	-25.080
7034.64	106.807	-26.400
7136.96	106.686	-27.961
7240.77	106.439	-29.529
7346.09	106.052	-30.709
7452.94	105.563	-31.038
7561.35	105.070	-30.159
7671.33	104.700	-28.103
7782.91	104.554	-25.473
7896.12	104.633	-23.223
8010.97	104.838	-21.999
8127.49	105.033	-21.761
8245.71	105.154	-22.123
8365.65	105.190	-22.705
8487.33	105.182	-23.264
8610.78	105.194	-23.873
8736.03	105.221	-24.805
8863.09	105.194	-26.163
8992.01	105.043	-27.719
9122.80	104.740	-29.095
9255.50	104.323	-29.920
9390.12	103.853	-29.918
9526.70	103.409	-29.080
9665.27	103.035	-27.644
9805.86	102.727	-25.841
9948.49	102.466	-23.765
10093.2	102.230	-21.267
10240.0	102.078	-18.236
10388.9	102.057	-14.807
10540.1	102.209	-11.296
10693.4	102.552	-8.277
10848.9	103.045	-6.306
11006.7	103.610	-5.687
11166.8	104.143	-6.382
11329.2	104.555	-8.075
11494.0	104.801	-10.375
11661.2	104.862	-12.888
11830.8	104.758	-15.267
12002.9	104.522	-17.255
12177.5	104.194	-18.691
12354.6	103.815	-19.560
12534.3	103.379	-19.872
12716.6	102.860	-19.446
12901.6	102.291	-17.956
13089.2	101.699	-14.909
13279.6	101.222	-9.573
13472.8	101.076	-1.971
13668.8	101.431	6.549
13867.6	102.284	13.738
14069.3	103.489	18.203
14273.9	104.885	19.823
14481.5	106.333	18.872
14692.2	107.724	15.613
14905.9	108.947	10.522
15122.7	109.959	4.004
15342.7	110.700	-3.656
15565.8	111.075	-11.979
15792.2	111.109	-20.471
16021.9	110.820	-28.887
16255.0	110.176	-36.818
16491.4	109.269	-43.767
16731.3	108.151	-49.592
16974.7	106.817	-53.932
17221.6	105.307	-56.048
17472.1	103.781	-55.226
17726.2	102.483	-50.658
17984.0	101.650	-42.546
18245.6	101.552	-33.871
18511.0	102.068	-28.778
18780.2	102.649	-27.515
19053.4	103.049	-28.562
19330.5	103.090	-30.465
19611.7	102.784	-32.087
19897.0	102.332	-32.607
20186.4	101.860	-31.764
20480.0	101.535	-29.867
20777.9	101.405	-27.826
21080.1	101.356	-26.096
21386.7	101.356	-24.742
21697.8	101.356	-23.650
22013.4	101.356	-22.712
22333.6	101.356	-21.882
22658.4	101.356	-21.134
22988.0	101.356	-20.452
23322.4	101.356	-19.823
23661.6	101.356	-19.241
24005.8	101.356	-18.697
24355.0	101.356	-18.187
24709.2	101.356	-17.707
25068.6	101.356	-17.253
25433.2	101.356	-16.823
25803.2	101.356	-16.414
26178.5	101.356	-16.025
26559.3	101.356	-15.653
26945.6	101.356	-15.298
27337.5	101.356	-14.957
27735.2	101.356	-14.630
28138.6	101.356	-14.316
28547.9	101.356	-14.013
28963.1	101.356	-13.721
29384.4	101.356	-13.440
29811.8	101.356	-13.168
30245.4	101.356	-12.905
30685.3	101.356	-12.651
31131.7	101.356	-12.405
31584.5	101.356	-12.166
32043.9	101.356	-11.934
32510.0	101.356	-11.709
32982.8	101.356	-11.491
33462.6	101.356	-11.278
33949.3	101.356	-11.072
34443.1	101.356	-10.871
34944.1	101.356	-10.675
35452.4	101.356	-10.484
35968.0	101.356	-10.298
36491.2	101.356	-10.117
37022.0	101.356	-9.940
37560.5	101.356	-9.768
38106.8	101.356	-9.615
38661.1	101.356	-9.479
39223.4	101.356	-9.379
39793.9	101.356	-9.303
