5.00000	-27.822	-150.639
5.07273	-27.408	-150.940
5.14651	-26.876	-151.313
5.22137	-26.177	-151.772
5.29732	-25.410	-152.239
5.37437	-24.575	-152.736
5.45254	-23.739	-153.226
5.53185	-22.903	-153.722
5.61231	-22.068	-154.223
5.69394	-21.232	-154.730
5.77676	-20.396	-155.243
5.86079	-19.561	-155.763
5.94604	-18.725	-156.290
6.03252	-17.889	-156.823
6.12027	-17.054	-157.364
6.20929	-16.218	-157.912
6.29961	-15.382	-158.467
6.39124	-14.547	-159.031
6.48420	-13.711	-159.602
6.57851	-12.875	-160.180
6.67420	-12.039	-160.767
6.77128	-11.204	-161.361
6.86977	-10.368	-161.964
6.96969	-9.532	-162.575
7.07107	-8.697	-163.196
7.17392	-7.861	-163.826
7.27827	-7.025	-164.464
7.38413	-6.190	-165.111
7.49154	-5.354	-165.767
7.60050	-4.518	-166.432
7.71105	-3.683	-167.107
7.82321	-2.847	-167.792
7.93701	-2.011	-168.487
8.05245	-1.176	-169.192
8.16958	-0.340	-169.908
8.28841	0.496	-170.633
8.40896	1.331	-171.370
8.53128	2.167	-172.117
8.65537	3.003	-172.875
8.78126	3.838	-173.645
8.90899	4.674	-174.425
9.03857	5.510	-175.217
9.17004	6.345	-176.021
9.30342	7.181	-176.837
9.43874	8.017	-177.664
9.57603	8.853	-178.505
9.71532	9.688	-179.357
9.85663	10.524	179.778
10.0000	11.360	178.900
10.1455	12.195	178.009
10.2930	13.031	177.104
10.4427	13.867	176.185
10.5946	14.702	175.253
10.7487	15.538	174.307
10.9051	16.374	173.346
11.0637	17.209	172.371
11.2246	18.045	171.382
11.3879	18.881	170.377
11.5535	19.716	169.356
11.7216	20.552	168.320
11.8921	21.388	167.268
12.0650	22.223	166.200
12.2405	23.059	165.115
12.4186	23.895	164.014
12.5992	24.730	162.895
12.7825	25.566	161.760
12.9684	26.402	160.606
13.1570	27.237	159.435
13.3484	28.073	158.245
13.5426	28.909	157.037
13.7395	29.745	155.810
13.9394	30.580	154.563
14.1421	31.416	153.296
14.3478	32.252	152.009
14.5565	33.087	150.702
14.7683	33.923	149.373
14.9831	34.759	148.023
15.2010	35.594	146.651
15.4221	36.430	145.256
15.6464	37.266	143.839
15.8740	38.101	142.399
16.1049	38.937	140.935
16.3392	39.773	139.448
16.5768	40.608	137.935
16.8179	41.444	136.397
17.0626	42.280	134.834
17.3107	43.115	133.244
17.5625	43.951	131.628
17.8180	44.787	129.984
18.0771	45.622	128.312
18.3401	46.458	126.611
18.6068	47.294	124.880
18.8775	48.130	123.121
19.1521	48.965	121.329
19.4306	49.801	119.507
19.7133	50.637	117.652
20.0000	51.472	115.763
20.2909	52.308	113.842
20.5860	53.144	111.884
20.8855	53.979	109.891
21.1893	54.815	107.861
21.4975	55.651	105.793
21.8102	56.486	103.686
22.1274	57.322	101.539
22.4492	58.158	99.350
22.7758	58.993	97.118
23.1071	59.829	94.842
23.4432	60.665	92.520
23.7841	61.500	90.151
24.1301	62.336	87.733
24.4811	63.172	85.264
24.8372	64.007	82.742
25.1984	64.843	80.164
25.5649	65.679	77.529
25.9368	66.514	74.832
26.3141	67.350	72.070
26.6968	68.186	69.238
27.0851	69.021	66.332
27.4791	69.855	63.343
27.8788	70.689	60.253
28.2843	71.513	57.067
28.6957	72.317	53.851
29.1131	73.113	50.617
29.5365	73.883	47.511
29.9661	74.720	44.408
30.4020	75.588	41.110
30.8442	76.468	37.595
31.2929	77.376	33.825
31.7480	78.267	29.682
32.2098	79.109	25.290
32.6783	79.937	20.732
33.1536	80.736	15.978
33.6359	81.517	11.050
34.1251	82.265	5.948
34.6215	82.980	0.665
35.1250	83.631	-4.717
35.6359	84.234	-10.149
36.1543	84.777	-15.560
36.6802	85.275	-20.877
37.2137	85.744	-26.094
37.7550	86.182	-31.183
38.3041	86.600	-36.133
38.8613	87.010	-40.965
39.4265	87.397	-45.676
40.0000	87.798	-50.273
40.5818	88.208	-54.885
41.1721	88.609	-59.503
41.7710	89.014	-64.146
42.3785	89.402	-68.870
42.9949	89.754	-73.628
43.6203	90.086	-78.369
44.2548	90.391	-83.086
44.8985	90.675	-87.756
45.5515	90.943	-92.373
46.2141	91.183	-96.929
46.8863	91.402	-101.387
47.5683	91.600	-105.724
48.2602	91.786	-109.943
48.9621	91.965	-114.023
49.6743	92.150	-117.991
50.3968	92.348	-121.922
51.1299	92.542	-125.844
51.8736	92.737	-129.772
52.6281	92.923	-133.745
53.3936	93.078	-137.729
54.1702	93.208	-141.653
54.9581	93.307	-145.482
55.7575	93.380	-149.151
56.5685	93.442	-152.614
57.3914	93.507	-155.883
58.2261	93.582	-158.966
59.0730	93.683	-161.916
59.9323	93.820	-164.847
60.8040	93.978	-167.853
61.6884	94.140	-170.955
62.5857	94.297	-174.162
63.4960	94.426	-177.443
64.4196	94.518	179.305
65.3566	94.588	176.165
66.3073	94.649	173.168
67.2717	94.713	170.314
68.2502	94.791	167.574
69.2429	94.889	164.889
70.2501	95.008	162.189
71.2719	95.138	159.435
72.3086	95.281	156.574
73.3603	95.419	153.586
74.4274	95.538	150.501
75.5099	95.643	147.339
76.6083	95.719	144.128
77.7226	95.774	140.908
78.8531	95.813	137.676
80.0000	95.819	134.455
81.1636	95.797	131.306
82.3442	95.748	128.226
83.5419	95.660	125.282
84.7570	95.548	122.558
85.9899	95.432	120.052
87.2406	95.312	117.742
88.5096	95.197	115.611
89.7970	95.086	113.648
91.1031	94.977	111.851
92.4282	94.873	110.226
93.7726	94.775	108.801
95.1366	94.705	107.578
96.5204	94.672	106.492
97.9243	94.686	105.452
99.3486	94.747	104.329
100.794	94.830	103.054
102.260	94.929	101.616
103.747	95.032	99.993
105.256	95.118	98.222
106.787	95.188	96.380
108.340	95.250	94.478
109.916	95.296	92.521
111.515	95.324	90.542
113.137	95.332	88.575
114.783	95.320	86.652
116.452	95.289	84.811
118.146	95.245	83.097
119.865	95.203	81.518
121.608	95.170	80.036
123.377	95.147	78.615
125.171	95.137	77.214
126.992	95.129	75.802
128.839	95.121	74.379
130.713	95.104	72.968
132.615	95.079	71.610
134.543	95.053	70.314
136.500	95.028	69.084
138.486	95.010	67.916
140.500	95.003	66.780
142.544	95.000	65.654
144.617	95.000	64.547
146.721	95.003	63.460
148.855	95.010	62.406
151.020	95.031	61.365
153.217	95.064	60.299
155.445	95.107	59.179
157.706	95.157	57.969
160.000	95.200	56.668
162.327	95.232	55.302
164.688	95.251	53.898
167.084	95.252	52.488
169.514	95.240	51.107
171.980	95.215	49.775
174.481	95.185	48.500
177.019	95.147	47.275
179.594	95.103	46.119
182.206	95.057	45.026
184.856	95.000	44.006
187.545	94.934	43.118
190.273	94.871	42.395
193.041	94.821	41.833
195.849	94.795	41.423
198.697	94.815	41.079
201.587	94.875	40.673
204.520	94.963	40.142
207.494	95.076	39.441
210.512	95.205	38.514
213.574	95.332	37.340
216.681	95.447	35.944
219.833	95.540	34.349
223.030	95.600	32.588
226.274	95.612	30.726
229.565	95.574	28.864
232.905	95.487	27.091
236.292	95.354	25.489
239.729	95.181	24.146
243.216	94.976	23.179
246.754	94.769	22.673
250.343	94.595	22.627
253.984	94.490	22.924
257.678	94.467	23.363
261.426	94.534	23.695
265.229	94.663	23.703
269.087	94.813	23.316
273.001	94.959	22.568
276.972	95.076	21.543
281.000	95.153	20.360
285.088	95.188	19.137
289.234	95.186	17.970
293.441	95.158	16.935
297.709	95.113	16.091
302.040	95.074	15.459
306.433	95.051	15.022
310.890	95.061	14.732
315.412	95.115	14.509
320.000	95.227	14.209
324.655	95.383	13.681
329.377	95.565	12.830
334.168	95.749	11.626
339.028	95.908	10.103
343.959	96.027	8.353
348.962	96.107	6.463
354.038	96.144	4.494
359.188	96.149	2.476
364.412	96.102	0.451
369.713	96.001	-1.465
375.090	95.848	-3.164
380.546	95.657	-4.526
386.081	95.462	-5.489
391.697	95.292	-6.091
397.394	95.163	-6.420
403.175	95.089	-6.611
409.039	95.058	-6.779
414.989	95.070	-6.984
421.025	95.120	-7.296
427.149	95.206	-7.788
433.362	95.320	-8.533
439.665	95.447	-9.599
446.060	95.560	-10.988
452.548	95.642	-12.648
459.131	95.672	-14.485
465.809	95.641	-16.352
472.584	95.559	-18.119
479.458	95.445	-19.691
486.432	95.322	-21.040
493.507	95.213	-22.207
500.686	95.126	-23.290
507.968	95.061	-24.386
515.357	95.007	-25.579
522.853	94.941	-26.870
530.458	94.862	-28.227
538.174	94.757	-29.619
546.002	94.623	-30.962
553.943	94.474	-32.210
562.001	94.315	-33.362
570.175	94.148	-34.414
578.469	93.981	-35.372
586.883	93.815	-36.274
595.419	93.644	-37.133
604.080	93.460	-37.928
612.866	93.267	-38.637
621.780	93.057	-39.228
630.824	92.826	-39.601
640.000	92.608	-39.713
649.309	92.400	-39.583
658.753	92.223	-39.207
668.335	92.097	-38.670
678.056	92.020	-38.077
687.919	91.999	-37.529
697.925	92.024	-37.138
708.077	92.087	-36.985
718.376	92.174	-37.152
728.825	92.247	-37.607
739.426	92.309	-38.280
750.181	92.346	-39.132
761.093	92.356	-40.092
772.163	92.345	-41.124
783.394	92.307	-42.212
794.789	92.237	-43.308
806.349	92.131	-44.342
818.078	91.996	-45.234
829.977	91.846	-45.934
842.050	91.696	-46.440
854.298	91.556	-46.788
866.724	91.432	-47.025
879.330	91.324	-47.207
892.120	91.224	-47.367
905.097	91.132	-47.521
918.262	91.035	-47.665
931.618	90.927	-47.742
945.169	90.813	-47.703
958.917	90.690	-47.477
972.864	90.580	-46.995
987.015	90.507	-46.293
1001.37	90.477	-45.442
1015.94	90.503	-44.549
1030.71	90.576	-43.714
1045.71	90.692	-42.994
1060.92	90.840	-42.421
1076.35	91.013	-41.989
1092.00	91.216	-41.709
1107.89	91.441	-41.579
1124.00	91.701	-41.615
1140.35	92.006	-41.927
1156.94	92.343	-42.628
1173.77	92.701	-43.798
1190.84	93.053	-45.500
1208.16	93.360	-47.686
1225.73	93.600	-50.237
1243.56	93.764	-53.027
1261.65	93.848	-55.926
1280.00	93.858	-58.828
1298.62	93.797	-61.636
1317.51	93.666	-64.259
1336.67	93.475	-66.615
1356.11	93.218	-68.577
1375.84	92.923	-70.013
1395.85	92.615	-70.855
1416.15	92.305	-70.981
1436.75	92.054	-70.316
1457.65	91.900	-68.906
1478.85	91.907	-66.889
1500.36	92.133	-64.721
1522.19	92.570	-62.939
1544.33	93.230	-62.148
1566.79	94.001	-62.683
1589.58	94.873	-64.692
1612.70	95.737	-68.293
1636.16	96.456	-73.192
1659.95	97.025	-78.969
1684.10	97.391	-85.473
1708.60	97.506	-92.405
1733.45	97.414	-99.304
1758.66	97.107	-105.974
1784.24	96.602	-112.052
1810.19	95.905	-117.234
1836.52	95.062	-121.046
1863.24	94.204	-123.129
1890.34	93.491	-123.404
1917.83	93.083	-122.395
1945.73	93.044	-121.289
1974.03	93.382	-121.454
2002.74	93.870	-123.715
2031.87	94.260	-127.757
2061.43	94.462	-132.988
2091.41	94.319	-138.803
2121.83	93.759	-144.315
2152.69	92.952	-148.648
2184.01	91.983	-151.204
2215.77	91.132	-151.249
2248.00	90.689	-149.482
2280.70	90.787	-147.792
2313.87	91.293	-148.057
2347.53	91.982	-151.050
2381.68	92.589	-156.410
2416.32	92.895	-163.480
2451.46	92.769	-171.408
2487.12	92.172	-179.389
2523.30	91.099	173.189
2560.00	89.644	167.410
2597.24	87.972	164.207
2635.01	86.406	164.438
2673.34	85.207	167.890
2712.23	84.583	172.790
2751.68	84.483	176.604
2791.70	84.652	178.250
2832.31	84.888	177.880
2873.50	85.051	176.046
2915.30	85.080	173.262
2957.70	84.958	169.932
3000.72	84.662	166.489
3044.37	84.238	163.249
3088.65	83.742	160.301
3133.58	83.197	157.704
3179.16	82.667	155.427
3225.40	82.168	153.190
3272.31	81.637	150.840
3319.91	81.036	148.416
3368.20	80.330	146.081
3417.19	79.521	144.003
3466.89	78.582	142.427
3517.32	77.523	141.591
3568.48	76.309	142.011
3620.39	74.990	144.912
3673.05	73.884	151.848
3726.47	73.370	163.346
3780.67	73.738	175.729
3835.67	74.938	-177.108
3891.46	76.459	-176.015
3948.06	77.770	-179.025
4005.49	78.648	175.957
4063.75	79.104	169.979
4122.86	79.139	163.655
4182.82	78.870	157.721
4243.66	78.475	152.621
4305.39	78.018	148.277
4368.01	77.561	144.631
4431.55	77.104	141.427
4496.01	76.648	138.542
4561.40	76.191	135.901
4627.75	75.734	133.453
4695.06	75.277	131.165
4763.35	74.820	129.010
4832.64	74.364	126.970
4902.93	73.907	125.028
4974.24	73.450	123.175
5046.60	72.993	121.398
5120.00	72.537	119.691
5194.47	72.080	118.047
5270.03	71.623	116.460
5346.68	71.166	114.926
5424.45	70.710	113.441
5503.35	70.253	112.000
5583.40	69.796	110.602
5664.61	69.339	109.243
5747.01	68.882	107.920
5830.60	68.426	106.633
5915.41	67.969	105.378
6001.45	67.512	104.154
6088.74	67.055	102.960
6177.30	66.599	101.793
6267.15	66.142	100.654
6358.31	65.685	99.540
6450.80	65.228	98.451
6544.62	64.772	97.385
6639.82	64.315	96.342
6736.40	63.858	95.320
6834.38	63.401	94.320
6933.79	62.945	93.340
7034.64	62.488	92.379
7136.96	62.031	91.437
7240.77	61.574	90.514
7346.09	61.117	89.608
7452.94	60.661	88.719
7561.35	60.204	87.847
7671.33	59.747	86.991
7782.91	59.290	86.151
7896.12	58.834	85.327
8010.97	58.377	84.516
8127.49	57.920	83.721
8245.71	57.463	82.939
8365.65	57.007	82.171
8487.33	56.550	81.417
8610.78	56.093	80.675
8736.03	55.636	79.947
8863.09	55.179	79.230
8992.01	54.723	78.526
9122.80	54.266	77.834
9255.50	53.809	77.153
9390.12	53.352	76.484
9526.70	52.896	75.826
9665.27	52.439	75.178
9805.86	51.982	74.541
9948.49	51.525	73.915
10093.2	51.069	73.298
10240.0	50.612	72.692
10388.9	50.155	72.095
10540.1	49.698	71.508
10693.4	49.242	70.930
10848.9	48.785	70.362
11006.7	48.328	69.802
11166.8	47.871	69.252
11329.2	47.414	68.709
11494.0	46.958	68.176
11661.2	46.501	67.651
11830.8	46.044	67.133
12002.9	45.587	66.624
12177.5	45.131	66.123
12354.6	44.674	65.630
12534.3	44.217	65.144
12716.6	43.760	64.666
12901.6	43.304	64.194
13089.2	42.847	63.730
13279.6	42.390	63.273
13472.8	41.933	62.823
13668.8	41.476	62.380
13867.6	41.020	61.943
14069.3	40.563	61.513
14273.9	40.106	61.090
14481.5	39.649	60.673
14692.2	39.193	60.262
14905.9	38.736	59.858
15122.7	38.279	59.460
15342.7	37.822	59.068
15565.8	37.366	58.682
15792.2	36.909	58.302
16021.9	36.452	57.928
16255.0	35.995	57.558
16491.4	35.538	57.195
16731.3	35.082	56.837
16974.7	34.625	56.484
17221.6	34.168	56.136
17472.1	33.711	55.793
17726.2	33.255	55.456
17984.0	32.798	55.123
18245.6	32.341	54.795
18511.0	31.884	54.472
18780.2	31.428	54.153
19053.4	30.971	53.839
19330.5	30.514	53.530
19611.7	30.057	53.225
19897.0	29.601	52.925
20186.4	29.144	52.628
20480.0	28.687	52.337
20777.9	28.230	52.049
21080.1	27.773	51.765
21386.7	27.317	51.486
21697.8	26.860	51.210
22013.4	26.403	50.938
22333.6	25.946	50.670
22658.4	25.490	50.406
22988.0	25.033	50.145
23322.4	24.576	49.889
23661.6	24.119	49.636
24005.8	23.663	49.386
24355.0	23.206	49.140
24709.2	22.749	48.897
25068.6	22.292	48.658
25433.2	21.835	48.422
25803.2	21.379	48.189
26178.5	20.922	47.960
26559.3	20.465	47.734
26945.6	20.008	47.511
27337.5	19.552	47.291
27735.2	19.095	47.073
28138.6	18.638	46.859
28547.9	18.181	46.647
28963.1	17.725	46.439
29384.4	17.268	46.233
29811.8	16.811	46.030
30245.4	16.354	45.830
30685.3	15.898	45.632
31131.7	15.441	45.437
31584.5	14.984	45.244
32043.9	14.527	45.053
32510.0	14.070	44.865
32982.8	13.614	44.680
33462.6	13.157	44.497
33949.3	12.700	44.315
34443.1	12.243	44.136
34944.1	11.787	43.959
35452.4	11.330	43.784
35968.0	10.873	43.611
36491.2	10.416	43.439
37022.0	9.960	43.268
37560.5	9.503	43.092
38106.8	9.087	42.926
38661.1	8.709	42.756
39223.4	8.424	42.617
39793.9	8.204	42.506
