5.00000	72.383	13.221
5.07273	72.383	13.314
5.14651	72.383	13.437
5.22137	72.383	13.602
5.29732	72.383	13.788
5.37437	72.383	13.996
5.45254	72.383	14.207
5.53185	72.383	14.422
5.61231	72.383	14.641
5.69394	72.383	14.863
5.77676	72.383	15.089
5.86079	72.383	15.318
5.94604	72.383	15.551
6.03252	72.383	15.789
6.12027	72.383	16.030
6.20929	72.383	16.275
6.29961	72.383	16.525
6.39124	72.383	16.778
6.48420	72.383	17.036
6.57851	72.383	17.299
6.67420	72.383	17.566
6.77128	72.383	17.837
6.86977	72.383	18.114
6.96969	72.383	18.395
7.07107	72.383	18.681
7.17392	72.383	18.973
7.27827	72.383	19.269
7.38413	72.383	19.571
7.49154	72.383	19.879
7.60050	72.383	20.192
7.71105	72.383	20.511
7.82321	72.383	20.836
7.93701	72.383	21.167
8.05245	72.383	21.504
8.16958	72.383	21.848
8.28841	72.383	22.199
8.40896	72.383	22.556
8.53128	72.383	22.921
8.65537	72.383	23.292
8.78126	72.383	23.672
8.90899	72.383	24.059
9.03857	72.383	24.454
9.17004	72.383	24.858
9.30342	72.383	25.270
9.43874	72.383	25.691
9.57603	72.383	26.121
9.71532	72.383	26.561
9.85663	72.383	27.011
10.0000	72.383	27.472
10.1455	72.383	27.943
10.2930	72.383	28.426
10.4427	72.383	28.921
10.5946	72.383	29.429
10.7487	72.383	29.949
10.9051	72.383	30.483
11.0637	72.383	31.033
11.2246	72.383	31.597
11.3879	72.383	32.178
11.5535	72.383	32.777
11.7216	72.383	33.395
11.8921	72.383	34.033
12.0650	72.383	34.693
12.2405	72.383	35.378
12.4186	72.383	36.089
12.5992	72.383	36.829
12.7825	72.383	37.603
12.9684	72.383	38.416
13.1570	72.383	39.276
13.3484	72.383	40.196
13.5426	72.386	41.191
13.7395	72.395	42.274
13.9394	72.419	43.433
14.1421	72.458	44.636
14.3478	72.514	45.867
14.5565	72.588	47.094
14.7683	72.675	48.307
14.9831	72.781	49.488
15.2010	72.899	50.602
15.4221	73.027	51.644
15.6464	73.159	52.611
15.8740	73.291	53.531
16.1049	73.428	54.418
16.3392	73.574	55.254
16.5768	73.721	56.016
16.8179	73.869	56.704
17.0626	74.011	57.322
17.3107	74.139	57.914
17.5625	74.250	58.584
17.8180	74.383	59.327
18.0771	74.525	60.065
18.3401	74.683	60.773
18.6068	74.862	61.364
18.8775	75.040	61.796
19.1521	75.209	62.080
19.4306	75.346	62.289
19.7133	75.459	62.547
20.0000	75.567	62.884
20.2909	75.677	63.281
20.5860	75.794	63.682
20.8855	75.906	64.057
21.1893	76.013	64.423
21.4975	76.100	64.828
21.8102	76.173	65.388
22.1274	76.265	66.109
22.4492	76.379	66.935
22.7758	76.543	67.727
23.1071	76.727	68.325
23.4432	76.901	68.761
23.7841	77.075	69.060
24.1301	77.219	69.267
24.4811	77.332	69.536
24.8372	77.450	69.902
25.1984	77.569	70.301
25.5649	77.683	70.744
25.9368	77.806	71.218
26.3141	77.927	71.700
26.6968	78.038	72.258
27.0851	78.168	72.897
27.4791	78.307	73.571
27.8788	78.467	74.249
28.2843	78.645	74.850
28.6957	78.824	75.350
29.1131	78.988	75.817
29.5365	79.142	76.365
29.9661	79.321	76.975
30.4020	79.513	77.561
30.8442	79.715	78.124
31.2929	79.948	78.560
31.7480	80.166	78.844
32.2098	80.366	79.116
32.6783	80.570	79.427
33.1536	80.787	79.736
33.6359	81.016	79.994
34.1251	81.257	80.163
34.6215	81.511	80.179
35.1250	81.752	80.022
35.6359	81.966	79.794
36.1543	82.174	79.548
36.6802	82.376	79.242
37.2137	82.561	78.881
37.7550	82.732	78.483
38.3041	82.878	78.059
38.8613	82.976	77.756
39.4265	83.067	77.691
40.0000	83.176	77.793
40.5818	83.287	78.035
41.1721	83.433	78.369
41.7710	83.609	78.645
42.3785	83.774	78.877
42.9949	83.944	79.158
43.6203	84.127	79.479
44.2548	84.317	79.857
44.8985	84.539	80.286
45.5515	84.806	80.628
46.2141	85.094	80.767
46.8863	85.389	80.689
47.5683	85.679	80.393
48.2602	85.927	79.997
48.9621	86.156	79.664
49.6743	86.393	79.417
50.3968	86.657	79.183
51.1299	86.959	78.810
51.8736	87.269	78.180
52.6281	87.556	77.334
53.3936	87.808	76.414
54.1702	88.050	75.486
54.9581	88.295	74.501
55.7575	88.532	73.440
56.5685	88.771	72.275
57.3914	88.982	70.993
58.2261	89.149	69.739
59.0730	89.320	68.567
59.9323	89.494	67.401
60.8040	89.677	66.199
61.6884	89.868	64.897
62.5857	90.056	63.405
63.4960	90.205	61.749
64.4196	90.306	60.081
65.3566	90.379	58.476
66.3073	90.421	56.964
67.2717	90.439	55.605
68.2502	90.456	54.425
69.2429	90.485	53.361
70.2501	90.531	52.333
71.2719	90.583	51.265
72.3086	90.619	50.196
73.3603	90.660	49.127
74.4274	90.691	48.014
75.5099	90.698	46.930
76.6083	90.700	45.906
77.7226	90.686	44.937
78.8531	90.648	44.124
80.0000	90.633	43.464
81.1636	90.632	42.856
82.3442	90.646	42.274
83.5419	90.683	41.622
84.7570	90.713	40.849
85.9899	90.720	40.023
87.2406	90.706	39.232
88.5096	90.675	38.535
89.7970	90.644	37.944
91.1031	90.613	37.446
92.4282	90.590	37.019
93.7726	90.578	36.617
95.1366	90.565	36.217
96.5204	90.543	35.852
97.9243	90.514	35.580
99.3486	90.491	35.428
100.794	90.481	35.386
102.260	90.501	35.397
103.747	90.550	35.353
105.256	90.608	35.202
106.787	90.667	34.952
108.340	90.715	34.648
109.916	90.756	34.349
111.515	90.800	34.073
113.137	90.855	33.783
114.783	90.918	33.425
116.452	90.975	32.987
118.146	91.022	32.490
119.865	91.050	31.979
121.608	91.061	31.518
123.377	91.065	31.148
125.171	91.069	30.873
126.992	91.079	30.691
128.839	91.108	30.565
130.713	91.153	30.433
132.615	91.210	30.255
134.543	91.274	30.013
136.500	91.334	29.717
138.486	91.390	29.399
140.500	91.446	29.072
142.544	91.505	28.722
144.617	91.556	28.367
146.721	91.609	28.026
148.855	91.663	27.687
151.020	91.715	27.375
153.217	91.780	27.088
155.445	91.858	26.774
157.706	91.941	26.419
160.000	92.035	26.019
162.327	92.136	25.563
164.688	92.253	25.021
167.084	92.386	24.320
169.514	92.524	23.400
171.980	92.648	22.251
174.481	92.744	20.904
177.019	92.798	19.429
179.594	92.806	17.918
182.206	92.770	16.477
184.856	92.711	15.163
187.545	92.645	13.941
190.273	92.569	12.776
193.041	92.485	11.640
195.849	92.379	10.531
198.697	92.244	9.503
201.587	92.086	8.607
204.520	91.908	7.899
207.494	91.731	7.398
210.512	91.570	7.017
213.574	91.402	6.721
216.681	91.230	6.546
219.833	91.056	6.516
223.030	90.886	6.650
226.274	90.732	6.922
229.565	90.594	7.271
232.905	90.462	7.692
236.292	90.345	8.172
239.729	90.231	8.700
243.216	90.115	9.332
246.754	90.010	10.102
250.343	89.927	10.974
253.984	89.858	11.931
257.678	89.808	12.992
261.426	89.790	14.128
265.229	89.800	15.299
269.087	89.849	16.458
273.001	89.929	17.537
276.972	90.037	18.510
281.000	90.179	19.304
285.088	90.329	19.870
289.234	90.476	20.265
293.441	90.626	20.501
297.709	90.764	20.587
302.040	90.888	20.584
306.433	91.004	20.513
310.890	91.107	20.390
315.412	91.200	20.241
320.000	91.286	20.077
324.655	91.370	19.889
329.377	91.453	19.636
334.168	91.514	19.329
339.028	91.553	19.042
343.959	91.576	18.819
348.962	91.578	18.719
354.038	91.579	18.803
359.188	91.601	19.020
364.412	91.638	19.302
369.713	91.692	19.614
375.090	91.755	19.934
380.546	91.820	20.306
386.081	91.893	20.803
391.697	92.006	21.397
397.394	92.155	21.994
403.175	92.350	22.513
409.039	92.587	22.842
414.989	92.850	22.900
421.025	93.116	22.701
427.149	93.378	22.301
433.362	93.629	21.797
439.665	93.896	21.238
446.060	94.217	20.467
452.548	94.573	19.279
459.131	94.940	17.584
465.809	95.304	15.272
472.584	95.583	12.396
479.458	95.760	9.137
486.432	95.818	5.713
493.507	95.752	2.360
500.686	95.604	-0.793
507.968	95.354	-3.598
515.357	95.053	-5.898
522.853	94.758	-7.750
530.458	94.464	-9.302
538.174	94.172	-10.585
546.002	93.876	-11.641
553.943	93.565	-12.455
562.001	93.232	-12.905
570.175	92.918	-12.890
578.469	92.675	-12.563
586.883	92.475	-12.071
595.419	92.347	-11.515
604.080	92.278	-11.073
612.866	92.241	-10.795
621.780	92.248	-10.729
630.824	92.288	-11.002
640.000	92.337	-11.695
649.309	92.366	-12.823
658.753	92.344	-14.307
668.335	92.273	-16.092
678.056	92.116	-18.130
687.919	91.835	-20.189
697.925	91.460	-22.109
708.077	90.961	-23.727
718.376	90.365	-24.826
728.825	89.676	-25.155
739.426	88.935	-24.420
750.181	88.233	-22.549
761.093	87.596	-19.613
772.163	87.056	-15.718
783.394	86.694	-11.329
794.789	86.471	-6.692
806.349	86.376	-1.931
818.078	86.420	2.918
829.977	86.628	7.431
842.050	86.950	11.311
854.298	87.332	14.550
866.724	87.810	17.182
879.330	88.331	19.035
892.120	88.852	20.161
905.097	89.381	20.572
918.262	89.856	20.334
931.618	90.290	19.600
945.169	90.674	18.353
958.917	90.938	16.821
972.864	91.154	15.171
987.015	91.289	13.318
1001.37	91.300	11.493
1015.94	91.244	9.923
1030.71	91.128	8.643
1045.71	90.969	7.737
1060.92	90.801	7.175
1076.35	90.613	6.932
1092.00	90.421	7.049
1107.89	90.241	7.484
1124.00	90.065	8.240
1140.35	89.907	9.375
1156.94	89.791	10.880
1173.77	89.746	12.642
1190.84	89.769	14.500
1208.16	89.857	16.345
1225.73	90.011	18.063
1243.56	90.203	19.625
1261.65	90.454	21.020
1280.00	90.762	22.100
1298.62	91.097	22.794
1317.51	91.457	23.073
1336.67	91.821	22.886
1356.11	92.156	22.305
1375.84	92.470	21.427
1395.85	92.770	20.233
1416.15	93.046	18.665
1436.75	93.272	16.737
1457.65	93.426	14.500
1478.85	93.471	12.084
1500.36	93.385	9.749
1522.19	93.185	7.777
1544.33	92.916	6.348
1566.79	92.616	5.541
1589.58	92.327	5.337
1612.70	92.069	5.627
1636.16	91.850	6.302
1659.95	91.658	7.351
1684.10	91.519	8.811
1708.60	91.466	10.564
1733.45	91.500	12.433
1758.66	91.643	14.196
1784.24	91.876	15.582
1810.19	92.154	16.513
1836.52	92.484	16.898
1863.24	92.804	16.691
1890.34	93.086	16.017
1917.83	93.316	15.004
1945.73	93.467	13.832
1974.03	93.570	12.658
2002.74	93.637	11.514
2031.87	93.668	10.443
2061.43	93.681	9.461
2091.41	93.670	8.524
2121.83	93.605	7.765
2152.69	93.526	7.328
2184.01	93.463	7.180
2215.77	93.420	7.292
2248.00	93.428	7.590
2280.70	93.499	7.890
2313.87	93.620	8.042
2347.53	93.783	7.924
2381.68	93.957	7.478
2416.32	94.130	6.716
2451.46	94.293	5.625
2487.12	94.424	4.192
2523.30	94.486	2.539
2560.00	94.484	0.814
2597.24	94.412	-0.906
2635.01	94.250	-2.448
2673.34	94.031	-3.612
2712.23	93.785	-4.331
2751.68	93.525	-4.535
2791.70	93.298	-4.222
2832.31	93.125	-3.510
2873.50	93.023	-2.534
2915.30	92.996	-1.452
2957.70	93.068	-0.483
3000.72	93.207	0.118
3044.37	93.367	0.285
3088.65	93.535	0.035
3133.58	93.677	-0.602
3179.16	93.763	-1.473
3225.40	93.809	-2.432
3272.31	93.819	-3.423
3319.91	93.808	-4.443
3368.20	93.756	-5.490
3417.19	93.652	-6.479
3466.89	93.480	-7.218
3517.32	93.268	-7.480
3568.48	93.081	-7.213
3620.39	92.948	-6.511
3673.05	92.921	-5.640
3726.47	92.994	-5.029
3780.67	93.092	-4.849
3835.67	93.188	-5.039
3891.46	93.251	-5.478
3948.06	93.289	-6.059
4005.49	93.305	-6.752
4063.75	93.292	-7.545
4122.86	93.243	-8.397
4182.82	93.139	-9.226
4243.66	92.982	-9.897
4305.39	92.788	-10.294
4368.01	92.581	-10.392
4431.55	92.366	-10.204
4496.01	92.135	-9.653
4561.40	91.922	-8.671
4627.75	91.739	-7.252
4695.06	91.615	-5.412
4763.35	91.590	-3.371
4832.64	91.646	-1.352
4902.93	91.776	0.558
4974.24	91.989	2.224
5046.60	92.249	3.540
5120.00	92.555	4.448
5194.47	92.892	4.831
5270.03	93.208	4.695
5346.68	93.476	4.212
5424.45	93.697	3.535
5503.35	93.868	2.776
5583.40	93.991	2.098
5664.61	94.106	1.562
5747.01	94.216	1.170
5830.60	94.366	0.830
5915.41	94.534	0.397
6001.45	94.699	-0.113
6088.74	94.892	-0.740
6177.30	95.079	-1.563
6267.15	95.242	-2.467
6358.31	95.421	-3.406
6450.80	95.616	-4.510
6544.62	95.812	-5.809
6639.82	96.010	-7.340
6736.40	96.208	-9.186
6834.38	96.356	-11.323
6933.79	96.457	-13.657
7034.64	96.491	-16.124
7136.96	96.445	-18.569
7240.77	96.353	-20.891
7346.09	96.199	-23.032
7452.94	96.005	-24.870
7561.35	95.804	-26.439
7671.33	95.581	-27.758
7782.91	95.344	-28.748
7896.12	95.117	-29.387
8010.97	94.911	-29.697
8127.49	94.748	-29.709
8245.71	94.652	-29.537
8365.65	94.639	-29.396
8487.33	94.695	-29.518
8610.78	94.786	-30.028
8736.03	94.886	-30.955
8863.09	94.965	-32.268
8992.01	95.002	-33.869
9122.80	94.988	-35.654
9255.50	94.918	-37.526
9390.12	94.794	-39.371
9526.70	94.639	-41.152
9665.27	94.460	-42.912
9805.86	94.242	-44.669
9948.49	93.966	-46.375
10093.2	93.604	-47.885
10240.0	93.143	-48.888
10388.9	92.638	-49.074
10540.1	92.166	-48.332
10693.4	91.789	-46.767
10848.9	91.574	-44.792
11006.7	91.513	-42.971
11166.8	91.540	-41.570
11329.2	91.624	-40.645
11494.0	91.721	-40.147
11661.2	91.823	-39.978
11830.8	91.932	-40.135
12002.9	92.025	-40.593
12177.5	92.099	-41.287
12354.6	92.154	-42.199
12534.3	92.175	-43.291
12716.6	92.165	-44.516
12901.6	92.115	-45.820
13089.2	92.033	-47.179
13279.6	91.909	-48.567
13472.8	91.736	-49.924
13668.8	91.510	-51.160
13867.6	91.230	-52.161
14069.3	90.909	-52.813
14273.9	90.560	-52.993
14481.5	90.221	-52.608
14692.2	89.937	-51.704
14905.9	89.741	-50.455
15122.7	89.652	-49.173
15342.7	89.633	-48.113
15565.8	89.669	-47.388
15792.2	89.720	-47.040
16021.9	89.752	-46.943
16255.0	89.777	-46.966
16491.4	89.807	-47.092
16731.3	89.850	-47.380
16974.7	89.897	-47.895
17221.6	89.932	-48.672
17472.1	89.927	-49.657
17726.2	89.872	-50.721
17984.0	89.784	-51.791
18245.6	89.656	-52.819
18511.0	89.505	-53.769
18780.2	89.322	-54.617
19053.4	89.105	-55.278
19330.5	88.877	-55.716
19611.7	88.632	-55.886
19897.0	88.401	-55.730
20186.4	88.225	-55.399
20480.0	88.075	-55.036
20777.9	87.954	-54.671
21080.1	87.858	-54.371
21386.7	87.769	-54.150
21697.8	87.687	-53.994
22013.4	87.605	-53.891
22333.6	87.523	-53.822
22658.4	87.441	-53.775
22988.0	87.359	-53.747
23322.4	87.277	-53.732
23661.6	87.195	-53.728
24005.8	87.114	-53.733
24355.0	87.032	-53.746
24709.2	86.950	-53.764
25068.6	86.868	-53.787
25433.2	86.786	-53.815
25803.2	86.704	-53.846
26178.5	86.622	-53.880
26559.3	86.540	-53.917
26945.6	86.459	-53.956
27337.5	86.377	-53.997
27735.2	86.295	-54.040
28138.6	86.213	-54.084
28547.9	86.131	-54.129
28963.1	86.049	-54.176
29384.4	85.967	-54.223
29811.8	85.885	-54.270
30245.4	85.804	-54.319
30685.3	85.722	-54.367
31131.7	85.640	-54.416
31584.5	85.558	-54.466
32043.9	85.476	-54.515
32510.0	85.394	-54.565
32982.8	85.312	-54.615
33462.6	85.230	-54.665
33949.3	85.149	-54.714
34443.1	85.067	-54.764
34944.1	84.985	-54.814
35452.4	84.903	-54.863
35968.0	84.821	-54.913
36491.2	84.739	-54.962
37022.0	84.657	-55.012
37560.5	84.575	-55.062
38106.8	84.501	-55.109
38661.1	84.434	-55.155
39223.4	84.384	-55.191
39793.9	84.346	-55.219
