5.00000	14.586	138.196
5.07273	14.677	138.179
5.14651	14.796	138.158
5.22137	14.954	138.136
5.29732	15.129	138.122
5.37437	15.322	138.108
5.45254	15.515	138.098
5.53185	15.708	138.089
5.61231	15.901	138.080
5.69394	16.094	138.071
5.77676	16.287	138.063
5.86079	16.480	138.054
5.94604	16.673	138.046
6.03252	16.866	138.037
6.12027	17.059	138.029
6.20929	17.252	138.021
6.29961	17.445	138.012
6.39124	17.638	138.004
6.48420	17.831	137.996
6.57851	18.024	137.988
6.67420	18.217	137.979
6.77128	18.410	137.971
6.86977	18.603	137.963
6.96969	18.796	137.955
7.07107	18.989	137.947
7.17392	19.182	137.939
7.27827	19.375	137.930
7.38413	19.568	137.922
7.49154	19.761	137.914
7.60050	19.954	137.906
7.71105	20.147	137.898
7.82321	20.340	137.889
7.93701	20.533	137.881
8.05245	20.726	137.872
8.16958	20.919	137.864
8.28841	21.112	137.855
8.40896	21.305	137.847
8.53128	21.498	137.838
8.65537	21.691	137.829
8.78126	21.884	137.820
8.90899	22.077	137.811
9.03857	22.270	137.802
9.17004	22.463	137.793
9.30342	22.656	137.784
9.43874	22.849	137.775
9.57603	23.042	137.766
9.71532	23.235	137.756
9.85663	23.428	137.747
10.0000	23.621	137.737
10.1455	23.814	137.728
10.2930	24.007	137.718
10.4427	24.200	137.708
10.5946	24.393	137.698
10.7487	24.586	137.688
10.9051	24.779	137.678
11.0637	24.972	137.668
11.2246	25.165	137.658
11.3879	25.358	137.647
11.5535	25.551	137.637
11.7216	25.744	137.626
11.8921	25.937	137.616
12.0650	26.130	137.605
12.2405	26.323	137.594
12.4186	26.516	137.583
12.5992	26.709	137.571
12.7825	26.902	137.560
12.9684	27.095	137.548
13.1570	27.288	137.537
13.3484	27.481	137.525
13.5426	27.674	137.513
13.7395	27.867	137.501
13.9394	28.060	137.489
14.1421	28.253	137.477
14.3478	28.446	137.465
14.5565	28.639	137.452
14.7683	28.832	137.439
14.9831	29.025	137.426
15.2010	29.218	137.413
15.4221	29.411	137.399
15.6464	29.604	137.386
15.8740	29.797	137.372
16.1049	29.990	137.358
16.3392	30.183	137.344
16.5768	30.376	137.330
16.8179	30.569	137.316
17.0626	30.762	137.301
17.3107	30.955	137.286
17.5625	31.148	137.272
17.8180	31.341	137.256
18.0771	31.534	137.241
18.3401	31.727	137.226
18.6068	31.920	137.210
18.8775	32.113	137.194
19.1521	32.306	137.178
19.4306	32.499	137.161
19.7133	32.692	137.145
20.0000	32.885	137.128
20.2909	33.078	137.111
20.5860	33.271	137.094
20.8855	33.464	137.076
21.1893	33.657	137.058
21.4975	33.850	137.040
21.8102	34.043	137.022
22.1274	34.236	137.004
22.4492	34.429	136.985
22.7758	34.622	136.966
23.1071	34.815	136.947
23.4432	35.008	136.927
23.7841	35.201	136.908
24.1301	35.394	136.888
24.4811	35.587	136.867
24.8372	35.780	136.847
25.1984	35.973	136.826
25.5649	36.166	136.805
25.9368	36.359	136.783
26.3141	36.552	136.762
26.6968	36.745	136.740
27.0851	36.938	136.717
27.4791	37.131	136.695
27.8788	37.324	136.672
28.2843	37.517	136.649
28.6957	37.710	136.625
29.1131	37.903	136.601
29.5365	38.096	136.577
29.9661	38.289	136.552
30.4020	38.482	136.527
30.8442	38.675	136.502
31.2929	38.868	136.476
31.7480	39.061	136.450
32.2098	39.254	136.424
32.6783	39.447	136.397
33.1536	39.640	136.370
33.6359	39.833	136.343
34.1251	40.026	136.315
34.6215	40.219	136.286
35.1250	40.412	136.258
35.6359	40.605	136.229
36.1543	40.798	136.199
36.6802	40.991	136.169
37.2137	41.184	136.139
37.7550	41.377	136.108
38.3041	41.570	136.077
38.8613	41.763	136.045
39.4265	41.956	136.013
40.0000	42.149	135.980
40.5818	42.342	135.948
41.1721	42.535	135.914
41.7710	42.728	135.880
42.3785	42.921	135.846
42.9949	43.114	135.811
43.6203	43.307	135.775
44.2548	43.500	135.739
44.8985	43.693	135.703
45.5515	43.886	135.665
46.2141	44.079	135.628
46.8863	44.272	135.590
47.5683	44.465	135.551
48.2602	44.658	135.512
48.9621	44.851	135.472
49.6743	45.044	135.432
50.3968	45.237	135.391
51.1299	45.430	135.349
51.8736	45.623	135.307
52.6281	45.816	135.264
53.3936	46.009	135.221
54.1702	46.202	135.177
54.9581	46.395	135.132
55.7575	46.588	135.087
56.5685	46.781	135.041
57.3914	46.974	134.994
58.2261	47.167	134.947
59.0730	47.360	134.899
59.9323	47.553	134.850
60.8040	47.746	134.801
61.6884	47.939	134.751
62.5857	48.132	134.700
63.4960	48.325	134.648
64.4196	48.518	134.596
65.3566	48.711	134.543
66.3073	48.904	134.489
67.2717	49.097	134.434
68.2502	49.290	134.378
69.2429	49.483	134.322
70.2501	49.676	134.265
71.2719	49.869	134.207
72.3086	50.062	134.148
73.3603	50.255	134.088
74.4274	50.448	134.028
75.5099	50.641	133.966
76.6083	50.834	133.904
77.7226	51.027	133.840
78.8531	51.220	133.776
80.0000	51.413	133.711
81.1636	51.606	133.644
82.3442	51.799	133.577
83.5419	51.992	133.509
84.7570	52.185	133.440
85.9899	52.378	133.369
87.2406	52.571	133.298
88.5096	52.764	133.226
89.7970	52.957	133.152
91.1031	53.150	133.078
92.4282	53.343	133.002
93.7726	53.536	132.925
95.1366	53.729	132.847
96.5204	53.922	132.768
97.9243	54.115	132.687
99.3486	54.308	132.606
100.794	54.501	132.523
102.260	54.694	132.438
103.747	54.887	132.353
105.256	55.080	132.266
106.787	55.273	132.178
108.340	55.466	132.089
109.916	55.659	131.998
111.515	55.852	131.906
113.137	56.045	131.812
114.783	56.238	131.717
116.452	56.431	131.621
118.146	56.624	131.523
119.865	56.817	131.423
121.608	57.010	131.322
123.377	57.203	131.219
125.171	57.396	131.115
126.992	57.589	131.009
128.839	57.782	130.901
130.713	57.975	130.792
132.615	58.168	130.681
134.543	58.361	130.568
136.500	58.554	130.453
138.486	58.747	130.337
140.500	58.940	130.218
142.544	59.133	130.098
144.617	59.326	129.976
146.721	59.519	129.851
148.855	59.712	129.725
151.020	59.905	129.596
153.217	60.098	129.466
155.445	60.291	129.333
157.706	60.484	129.198
160.000	60.677	129.061
162.327	60.870	128.921
164.688	61.063	128.779
167.084	61.256	128.634
169.514	61.449	128.487
171.980	61.642	128.338
174.481	61.835	128.186
177.019	62.028	128.031
179.594	62.221	127.873
182.206	62.414	127.712
184.856	62.607	127.548
187.545	62.800	127.382
190.273	62.993	127.212
193.041	63.186	127.039
195.849	63.379	126.862
198.697	63.572	126.683
201.587	63.765	126.499
204.520	63.958	126.312
207.494	64.151	126.121
210.512	64.344	125.925
213.574	64.537	125.726
216.681	64.730	125.522
219.833	64.923	125.314
223.030	65.116	125.101
226.274	65.309	124.883
229.565	65.502	124.659
232.905	65.695	124.430
236.292	65.888	124.195
239.729	66.081	123.953
243.216	66.274	123.704
246.754	66.467	123.448
250.343	66.660	123.184
253.984	66.853	122.912
257.678	67.046	122.629
261.426	67.239	122.337
265.229	67.432	122.032
269.087	67.625	121.714
273.001	67.818	121.380
276.972	68.011	121.028
281.000	68.204	120.655
285.088	68.397	120.256
289.234	68.590	119.825
293.441	68.783	119.350
297.709	68.976	118.813
302.040	69.169	118.171
306.433	69.347	117.406
310.890	69.500	116.518
315.412	69.592	115.615
320.000	69.624	114.908
324.655	69.629	114.514
329.377	69.616	114.518
334.168	69.627	114.971
339.028	69.710	115.704
343.959	69.846	116.551
348.962	70.062	117.366
354.038	70.340	117.925
359.188	70.650	118.107
364.412	70.967	117.878
369.713	71.256	117.256
375.090	71.481	116.385
380.546	71.632	115.490
386.081	71.730	114.709
391.697	71.767	114.203
397.394	71.780	114.139
403.175	71.814	114.510
409.039	71.871	115.321
414.989	72.021	116.476
421.025	72.279	117.626
427.149	72.620	118.504
433.362	73.038	118.875
439.665	73.477	118.589
446.060	73.879	117.712
452.548	74.208	116.422
459.131	74.431	115.012
465.809	74.583	113.695
472.584	74.672	112.609
479.458	74.735	111.873
486.432	74.828	111.367
493.507	74.925	110.935
500.686	75.016	110.563
507.968	75.100	110.207
515.357	75.119	110.029
522.853	75.118	110.267
530.458	75.110	111.049
538.174	75.146	112.527
546.002	75.313	114.553
553.943	75.642	116.701
562.001	76.145	118.444
570.175	76.781	119.262
578.469	77.436	119.021
586.883	78.042	117.968
595.419	78.595	116.290
604.080	79.064	114.101
612.866	79.423	111.664
621.780	79.706	109.158
630.824	79.896	106.671
640.000	80.001	104.348
649.309	80.052	102.301
658.753	80.061	100.606
668.335	80.076	99.255
678.056	80.104	98.109
687.919	80.127	97.108
697.925	80.151	96.264
708.077	80.171	95.576
718.376	80.192	95.057
728.825	80.215	94.729
739.426	80.249	94.624
750.181	80.319	94.700
761.093	80.424	94.871
772.163	80.562	95.100
783.394	80.741	95.346
794.789	80.976	95.483
806.349	81.246	95.384
818.078	81.542	94.956
829.977	81.821	94.189
842.050	82.049	93.225
854.298	82.218	92.286
866.724	82.339	91.640
879.330	82.476	91.463
892.120	82.738	91.539
905.097	83.144	91.294
918.262	83.650	90.241
931.618	84.185	88.113
945.169	84.623	84.956
958.917	84.850	81.208
972.864	84.853	77.384
987.015	84.624	74.012
1001.37	84.241	71.610
1015.94	83.829	70.460
1030.71	83.490	70.528
1045.71	83.320	71.396
1060.92	83.332	72.369
1076.35	83.469	72.933
1092.00	83.660	72.872
1107.89	83.824	72.244
1124.00	83.902	71.352
1140.35	83.889	70.575
1156.94	83.821	70.201
1173.77	83.742	70.438
1190.84	83.737	71.307
1208.16	83.890	72.390
1225.73	84.177	73.137
1243.56	84.570	73.139
1261.65	84.975	72.213
1280.00	85.289	70.586
1298.62	85.497	68.585
1317.51	85.580	66.485
1336.67	85.550	64.586
1356.11	85.468	63.076
1375.84	85.354	61.952
1395.85	85.214	61.296
1416.15	85.084	61.165
1436.75	85.008	61.464
1457.65	84.995	62.044
1478.85	85.067	62.684
1500.36	85.203	63.137
1522.19	85.358	63.385
1544.33	85.532	63.477
1566.79	85.712	63.481
1589.58	85.931	63.388
1612.70	86.201	63.003
1636.16	86.491	62.155
1659.95	86.766	60.780
1684.10	86.967	58.969
1708.60	87.061	56.942
1733.45	87.027	55.012
1758.66	86.887	53.485
1784.24	86.682	52.632
1810.19	86.472	52.652
1836.52	86.369	53.443
1863.24	86.410	54.550
1890.34	86.592	55.482
1917.83	86.884	55.791
1945.73	87.184	55.368
1974.03	87.444	54.374
2002.74	87.623	53.024
2031.87	87.701	51.645
2061.43	87.730	50.446
2091.41	87.721	49.490
2121.83	87.700	48.836
2152.69	87.696	48.467
2184.01	87.734	48.245
2215.77	87.798	48.053
2248.00	87.883	47.868
2280.70	87.999	47.627
2313.87	88.132	47.270
2347.53	88.280	46.784
2381.68	88.451	46.065
2416.32	88.595	45.100
2451.46	88.712	43.985
2487.12	88.784	42.777
2523.30	88.798	41.631
2560.00	88.780	40.699
2597.24	88.757	40.005
2635.01	88.741	39.523
2673.34	88.744	39.215
2712.23	88.781	38.992
2751.68	88.844	38.760
2791.70	88.926	38.470
2832.31	89.015	38.133
2873.50	89.126	37.712
2915.30	89.240	37.162
2957.70	89.351	36.505
3000.72	89.462	35.721
3044.37	89.548	34.830
3088.65	89.598	33.956
3133.58	89.636	33.186
3179.16	89.674	32.519
3225.40	89.736	31.880
3272.31	89.804	31.167
3319.91	89.859	30.400
3368.20	89.889	29.668
3417.19	89.903	29.070
3466.89	89.931	28.626
3517.32	89.983	28.297
3568.48	90.091	27.937
3620.39	90.237	27.329
3673.05	90.371	26.439
3726.47	90.481	25.363
3780.67	90.556	24.188
3835.67	90.595	23.018
3891.46	90.615	21.918
3948.06	90.620	20.914
4005.49	90.631	19.988
4063.75	90.646	19.071
4122.86	90.650	18.165
4182.82	90.645	17.305
4243.66	90.635	16.507
4305.39	90.620	15.798
4368.01	90.615	15.187
4431.55	90.632	14.614
4496.01	90.670	13.998
4561.40	90.718	13.284
4627.75	90.765	12.464
4695.06	90.805	11.544
4763.35	90.829	10.556
4832.64	90.835	9.544
4902.93	90.829	8.533
4974.24	90.805	7.546
5046.60	90.764	6.628
5120.00	90.716	5.809
5194.47	90.668	5.087
5270.03	90.627	4.452
5346.68	90.602	3.856
5424.45	90.592	3.226
5503.35	90.585	2.528
5583.40	90.574	1.757
5664.61	90.542	0.956
5747.01	90.493	0.196
5830.60	90.434	-0.476
5915.41	90.378	-1.058
6001.45	90.329	-1.576
6088.74	90.296	-2.089
6177.30	90.262	-2.619
6267.15	90.240	-3.201
6358.31	90.210	-3.886
6450.80	90.147	-4.592
6544.62	90.059	-5.208
6639.82	89.955	-5.700
6736.40	89.823	-5.966
6834.38	89.703	-5.905
6933.79	89.633	-5.628
7034.64	89.613	-5.319
7136.96	89.625	-5.069
7240.77	89.666	-4.937
7346.09	89.717	-4.947
7452.94	89.765	-5.044
7561.35	89.820	-5.190
7671.33	89.886	-5.413
7782.91	89.952	-5.729
7896.12	90.012	-6.105
8010.97	90.071	-6.510
8127.49	90.128	-6.930
8245.71	90.194	-7.359
8365.65	90.280	-7.860
8487.33	90.376	-8.512
8610.78	90.463	-9.312
8736.03	90.539	-10.248
8863.09	90.586	-11.270
8992.01	90.603	-12.269
9122.80	90.613	-13.204
9255.50	90.620	-14.089
9390.12	90.632	-14.944
9526.70	90.653	-15.823
9665.27	90.675	-16.763
9805.86	90.693	-17.773
9948.49	90.699	-18.848
10093.2	90.687	-19.948
10240.0	90.662	-21.040
10388.9	90.628	-22.129
10540.1	90.577	-23.198
10693.4	90.513	-24.212
10848.9	90.438	-25.151
11006.7	90.356	-26.001
11166.8	90.274	-26.754
11329.2	90.198	-27.425
11494.0	90.137	-28.071
11661.2	90.077	-28.734
11830.8	90.008	-29.384
12002.9	89.931	-29.990
12177.5	89.836	-30.490
12354.6	89.737	-30.792
12534.3	89.653	-30.870
12716.6	89.597	-30.719
12901.6	89.605	-30.419
13089.2	89.681	-30.144
13279.6	89.825	-30.044
13472.8	90.038	-30.307
13668.8	90.281	-31.068
13867.6	90.522	-32.309
14069.3	90.750	-34.003
14273.9	90.937	-36.099
14481.5	91.078	-38.510
14692.2	91.160	-41.157
14905.9	91.180	-43.954
15122.7	91.131	-46.808
15342.7	91.012	-49.607
15565.8	90.838	-52.248
15792.2	90.635	-54.698
16021.9	90.418	-56.985
16255.0	90.199	-59.161
16491.4	89.981	-61.321
16731.3	89.748	-63.545
16974.7	89.472	-65.816
17221.6	89.140	-68.036
17472.1	88.751	-70.091
17726.2	88.312	-71.867
17984.0	87.854	-73.312
18245.6	87.397	-74.450
18511.0	86.966	-75.407
18780.2	86.558	-76.404
19053.4	86.118	-77.534
19330.5	85.634	-78.887
19611.7	84.974	-80.232
19897.0	84.182	-80.975
20186.4	83.102	-80.301
20480.0	82.220	-75.948
20777.9	81.514	-68.569
21080.1	81.373	-57.572
21386.7	82.062	-48.994
21697.8	82.828	-45.667
22013.4	83.525	-44.820
22333.6	84.136	-46.609
22658.4	84.251	-49.217
22988.0	84.265	-51.138
23322.4	84.147	-52.409
23661.6	84.073	-52.771
24005.8	84.081	-52.709
24355.0	84.217	-52.743
24709.2	84.413	-53.332
25068.6	84.589	-54.511
25433.2	84.721	-56.188
25803.2	84.742	-58.188
26178.5	84.653	-60.184
26559.3	84.501	-61.962
26945.6	84.306	-63.475
27337.5	84.103	-64.718
27735.2	83.896	-65.769
28138.6	83.690	-66.672
28547.9	83.483	-67.461
28963.1	83.276	-68.156
29384.4	83.070	-68.771
29811.8	82.863	-69.315
30245.4	82.656	-69.795
30685.3	82.450	-70.218
31131.7	82.243	-70.586
31584.5	82.036	-70.903
32043.9	81.830	-71.171
32510.0	81.623	-71.392
32982.8	81.416	-71.567
33462.6	81.210	-71.697
33949.3	81.003	-71.781
34443.1	80.796	-71.819
34944.1	80.590	-71.810
35452.4	80.383	-71.751
35968.0	80.176	-71.639
36491.2	79.970	-71.470
37022.0	79.763	-71.236
37560.5	79.556	-70.924
38106.8	79.369	-70.579
38661.1	79.199	-70.196
39223.4	79.072	-69.876
39793.9	78.974	-69.605
