5.00000	17.916	139.213
5.07273	18.008	139.195
5.14651	18.128	139.175
5.22137	18.287	139.152
5.29732	18.464	139.137
5.37437	18.658	139.123
5.45254	18.852	139.113
5.53185	19.047	139.103
5.61231	19.241	139.094
5.69394	19.436	139.084
5.77676	19.630	139.075
5.86079	19.825	139.066
5.94604	20.019	139.057
6.03252	20.214	139.049
6.12027	20.408	139.040
6.20929	20.602	139.031
6.29961	20.797	139.022
6.39124	20.991	139.014
6.48420	21.186	139.005
6.57851	21.380	138.996
6.67420	21.575	138.988
6.77128	21.769	138.979
6.86977	21.964	138.971
6.96969	22.158	138.962
7.07107	22.353	138.953
7.17392	22.547	138.944
7.27827	22.741	138.935
7.38413	22.936	138.927
7.49154	23.130	138.918
7.60050	23.325	138.909
7.71105	23.519	138.900
7.82321	23.714	138.892
7.93701	23.908	138.882
8.05245	24.103	138.873
8.16958	24.297	138.864
8.28841	24.491	138.855
8.40896	24.686	138.846
8.53128	24.880	138.836
8.65537	25.075	138.827
8.78126	25.269	138.817
8.90899	25.464	138.808
9.03857	25.658	138.798
9.17004	25.853	138.788
9.30342	26.047	138.779
9.43874	26.242	138.769
9.57603	26.436	138.759
9.71532	26.630	138.749
9.85663	26.825	138.739
10.0000	27.019	138.729
10.1455	27.214	138.718
10.2930	27.408	138.708
10.4427	27.603	138.697
10.5946	27.797	138.686
10.7487	27.992	138.676
10.9051	28.186	138.665
11.0637	28.381	138.654
11.2246	28.575	138.643
11.3879	28.769	138.632
11.5535	28.964	138.620
11.7216	29.158	138.609
11.8921	29.353	138.597
12.0650	29.547	138.585
12.2405	29.742	138.574
12.4186	29.936	138.562
12.5992	30.131	138.549
12.7825	30.325	138.537
12.9684	30.519	138.525
13.1570	30.714	138.512
13.3484	30.908	138.500
13.5426	31.103	138.487
13.7395	31.297	138.474
13.9394	31.492	138.461
14.1421	31.686	138.447
14.3478	31.881	138.434
14.5565	32.075	138.420
14.7683	32.270	138.406
14.9831	32.464	138.392
15.2010	32.658	138.378
15.4221	32.853	138.364
15.6464	33.047	138.350
15.8740	33.242	138.335
16.1049	33.436	138.320
16.3392	33.631	138.305
16.5768	33.825	138.290
16.8179	34.020	138.275
17.0626	34.214	138.259
17.3107	34.408	138.244
17.5625	34.603	138.228
17.8180	34.797	138.212
18.0771	34.992	138.195
18.3401	35.186	138.179
18.6068	35.381	138.162
18.8775	35.575	138.145
19.1521	35.770	138.128
19.4306	35.964	138.110
19.7133	36.159	138.093
20.0000	36.353	138.075
20.2909	36.547	138.057
20.5860	36.742	138.038
20.8855	36.936	138.020
21.1893	37.131	138.001
21.4975	37.325	137.982
21.8102	37.520	137.962
22.1274	37.714	137.943
22.4492	37.909	137.923
22.7758	38.103	137.903
23.1071	38.298	137.882
23.4432	38.492	137.861
23.7841	38.686	137.840
24.1301	38.881	137.819
24.4811	39.075	137.797
24.8372	39.270	137.775
25.1984	39.464	137.753
25.5649	39.659	137.731
25.9368	39.853	137.708
26.3141	40.048	137.685
26.6968	40.242	137.661
27.0851	40.436	137.637
27.4791	40.631	137.613
27.8788	40.825	137.589
28.2843	41.020	137.564
28.6957	41.214	137.539
29.1131	41.409	137.513
29.5365	41.603	137.487
29.9661	41.798	137.461
30.4020	41.992	137.435
30.8442	42.187	137.408
31.2929	42.381	137.380
31.7480	42.575	137.352
32.2098	42.770	137.324
32.6783	42.964	137.296
33.1536	43.159	137.267
33.6359	43.353	137.238
34.1251	43.548	137.208
34.6215	43.742	137.178
35.1250	43.937	137.147
35.6359	44.131	137.116
36.1543	44.325	137.085
36.6802	44.520	137.053
37.2137	44.714	137.020
37.7550	44.909	136.988
38.3041	45.103	136.954
38.8613	45.298	136.920
39.4265	45.492	136.886
40.0000	45.687	136.851
40.5818	45.881	136.816
41.1721	46.076	136.780
41.7710	46.270	136.744
42.3785	46.464	136.707
42.9949	46.659	136.670
43.6203	46.853	136.632
44.2548	47.048	136.594
44.8985	47.242	136.555
45.5515	47.437	136.515
46.2141	47.631	136.475
46.8863	47.826	136.435
47.5683	48.020	136.394
48.2602	48.215	136.352
48.9621	48.409	136.309
49.6743	48.603	136.266
50.3968	48.798	136.222
51.1299	48.992	136.178
51.8736	49.187	136.133
52.6281	49.381	136.088
53.3936	49.576	136.041
54.1702	49.770	135.994
54.9581	49.965	135.947
55.7575	50.159	135.899
56.5685	50.353	135.850
57.3914	50.548	135.800
58.2261	50.742	135.749
59.0730	50.937	135.698
59.9323	51.131	135.646
60.8040	51.326	135.594
61.6884	51.520	135.540
62.5857	51.715	135.486
63.4960	51.909	135.431
64.4196	52.104	135.375
65.3566	52.298	135.319
66.3073	52.492	135.261
67.2717	52.687	135.203
68.2502	52.881	135.144
69.2429	53.076	135.084
70.2501	53.270	135.023
71.2719	53.465	134.961
72.3086	53.659	134.898
73.3603	53.854	134.835
74.4274	54.048	134.770
75.5099	54.242	134.704
76.6083	54.437	134.638
77.7226	54.631	134.571
78.8531	54.826	134.502
80.0000	55.020	134.433
81.1636	55.215	134.362
82.3442	55.409	134.291
83.5419	55.604	134.218
84.7570	55.798	134.144
85.9899	55.993	134.070
87.2406	56.187	133.994
88.5096	56.381	133.917
89.7970	56.576	133.839
91.1031	56.770	133.759
92.4282	56.965	133.679
93.7726	57.159	133.597
95.1366	57.354	133.514
96.5204	57.548	133.430
97.9243	57.743	133.345
99.3486	57.937	133.258
100.794	58.132	133.170
102.260	58.326	133.081
103.747	58.520	132.990
105.256	58.715	132.898
106.787	58.909	132.805
108.340	59.104	132.710
109.916	59.298	132.614
111.515	59.493	132.516
113.137	59.687	132.417
114.783	59.882	132.316
116.452	60.076	132.214
118.146	60.270	132.110
119.865	60.465	132.005
121.608	60.659	131.898
123.377	60.854	131.790
125.171	61.048	131.679
126.992	61.243	131.568
128.839	61.437	131.454
130.713	61.632	131.339
132.615	61.826	131.221
134.543	62.021	131.102
136.500	62.215	130.982
138.486	62.409	130.859
140.500	62.604	130.734
142.544	62.798	130.608
144.617	62.993	130.479
146.721	63.187	130.349
148.855	63.382	130.216
151.020	63.576	130.081
153.217	63.771	129.944
155.445	63.965	129.805
157.706	64.159	129.664
160.000	64.354	129.521
162.327	64.548	129.375
164.688	64.743	129.227
167.084	64.937	129.076
169.514	65.132	128.923
171.980	65.326	128.768
174.481	65.521	128.610
177.019	65.715	128.449
179.594	65.910	128.286
182.206	66.104	128.120
184.856	66.298	127.951
187.545	66.493	127.780
190.273	66.687	127.605
193.041	66.882	127.428
195.849	67.076	127.247
198.697	67.271	127.064
201.587	67.465	126.877
204.520	67.660	126.687
207.494	67.854	126.494
210.512	68.049	126.297
213.574	68.243	126.097
216.681	68.437	125.893
219.833	68.632	125.686
223.030	68.826	125.474
226.274	69.021	125.259
229.565	69.215	125.040
232.905	69.410	124.816
236.292	69.604	124.589
239.729	69.799	124.356
243.216	69.993	124.120
246.754	70.187	123.878
250.343	70.382	123.631
253.984	70.576	123.380
257.678	70.771	123.123
261.426	70.965	122.860
265.229	71.160	122.591
269.087	71.354	122.317
273.001	71.549	122.035
276.972	71.743	121.747
281.000	71.938	121.452
285.088	72.132	121.150
289.234	72.326	120.841
293.441	72.522	120.525
297.709	72.720	120.188
302.040	72.920	119.820
306.433	73.120	119.395
310.890	73.305	118.931
315.412	73.477	118.482
320.000	73.637	118.085
324.655	73.783	117.821
329.377	73.954	117.689
334.168	74.153	117.571
339.028	74.376	117.389
343.959	74.627	117.040
348.962	74.873	116.459
354.038	75.089	115.735
359.188	75.287	114.931
364.412	75.455	114.072
369.713	75.581	113.275
375.090	75.682	112.655
380.546	75.781	112.238
386.081	75.890	112.007
391.697	76.037	111.866
397.394	76.210	111.688
403.175	76.400	111.404
409.039	76.589	110.992
414.989	76.759	110.520
421.025	76.917	110.076
427.149	77.084	109.660
433.362	77.258	109.223
439.665	77.448	108.681
446.060	77.620	108.031
452.548	77.783	107.303
459.131	77.920	106.521
465.809	78.026	105.780
472.584	78.130	105.084
479.458	78.215	104.398
486.432	78.276	103.774
493.507	78.330	103.194
500.686	78.338	102.684
507.968	78.297	102.441
515.357	78.229	102.628
522.853	78.162	103.354
530.458	78.129	104.711
538.174	78.194	106.634
546.002	78.404	108.814
553.943	78.770	110.809
562.001	79.266	112.198
570.175	79.843	112.706
578.469	80.423	112.298
586.883	80.952	111.148
595.419	81.403	109.462
604.080	81.758	107.429
612.866	82.006	105.299
621.780	82.174	103.259
630.824	82.284	101.357
640.000	82.331	99.682
649.309	82.341	98.348
658.753	82.355	97.310
668.335	82.359	96.524
678.056	82.383	95.947
687.919	82.416	95.501
697.925	82.452	95.181
708.077	82.496	94.985
718.376	82.545	94.923
728.825	82.608	95.009
739.426	82.698	95.196
750.181	82.807	95.451
761.093	82.947	95.745
772.163	83.111	96.033
783.394	83.306	96.272
794.789	83.530	96.378
806.349	83.769	96.265
818.078	83.983	95.984
829.977	84.167	95.679
842.050	84.317	95.523
854.298	84.467	95.694
866.724	84.671	96.214
879.330	85.000	96.816
892.120	85.465	96.963
905.097	86.004	96.276
918.262	86.556	94.589
931.618	87.011	92.009
945.169	87.292	88.939
958.917	87.408	85.730
972.864	87.317	82.854
987.015	87.115	80.759
1001.37	86.896	79.537
1015.94	86.706	79.149
1030.71	86.626	79.364
1045.71	86.676	79.665
1060.92	86.798	79.710
1076.35	86.951	79.368
1092.00	87.079	78.665
1107.89	87.138	77.797
1124.00	87.106	77.091
1140.35	87.028	76.816
1156.94	86.925	77.184
1173.77	86.877	78.329
1190.84	86.992	79.915
1208.16	87.243	81.414
1225.73	87.646	82.398
1243.56	88.127	82.450
1261.65	88.557	81.689
1280.00	88.932	80.424
1298.62	89.231	78.805
1317.51	89.437	77.058
1336.67	89.600	75.347
1356.11	89.720	73.633
1375.84	89.787	71.966
1395.85	89.784	70.466
1416.15	89.727	69.270
1436.75	89.621	68.530
1457.65	89.509	68.395
1478.85	89.442	68.854
1500.36	89.454	69.791
1522.19	89.579	70.983
1544.33	89.831	72.095
1566.79	90.186	72.822
1589.58	90.625	72.939
1612.70	91.114	72.245
1636.16	91.569	70.720
1659.95	91.930	68.572
1684.10	92.159	66.130
1708.60	92.243	63.682
1733.45	92.183	61.634
1758.66	92.059	60.317
1784.24	91.954	59.772
1810.19	91.920	59.883
1836.52	92.021	60.289
1863.24	92.236	60.511
1890.34	92.506	60.363
1917.83	92.829	59.728
1945.73	93.128	58.568
1974.03	93.361	57.132
2002.74	93.549	55.626
2031.87	93.696	54.118
2061.43	93.809	52.725
2091.41	93.936	51.451
2121.83	94.085	50.122
2152.69	94.211	48.734
2184.01	94.325	47.356
2215.77	94.427	45.968
2248.00	94.502	44.658
2280.70	94.590	43.468
2313.87	94.701	42.305
2347.53	94.829	41.079
2381.68	94.973	39.725
2416.32	95.121	38.165
2451.46	95.248	36.384
2487.12	95.320	34.510
2523.30	95.346	32.669
2560.00	95.329	30.937
2597.24	95.274	29.427
2635.01	95.222	28.192
2673.34	95.173	27.209
2712.23	95.153	26.447
2751.68	95.169	25.820
2791.70	95.232	25.236
2832.31	95.355	24.526
2873.50	95.510	23.553
2915.30	95.691	22.194
2957.70	95.834	20.435
3000.72	95.889	18.539
3044.37	95.889	16.748
3088.65	95.843	15.173
3133.58	95.793	13.913
3179.16	95.803	12.837
3225.40	95.875	11.637
3272.31	95.968	10.132
3319.91	96.027	8.305
3368.20	96.000	6.378
3417.19	95.902	4.617
3466.89	95.777	3.154
3517.32	95.653	2.029
3568.48	95.574	1.148
3620.39	95.548	0.283
3673.05	95.539	-0.685
3726.47	95.538	-1.767
3780.67	95.529	-2.953
3835.67	95.505	-4.190
3891.46	95.465	-5.427
3948.06	95.414	-6.626
4005.49	95.360	-7.788
4063.75	95.299	-8.904
4122.86	95.242	-9.978
4182.82	95.185	-11.038
4243.66	95.118	-12.058
4305.39	95.053	-13.009
4368.01	94.998	-13.918
4431.55	94.954	-14.816
4496.01	94.928	-15.756
4561.40	94.909	-16.803
4627.75	94.881	-17.965
4695.06	94.833	-19.201
4763.35	94.761	-20.451
4832.64	94.667	-21.664
4902.93	94.552	-22.789
4974.24	94.429	-23.795
5046.60	94.303	-24.690
5120.00	94.174	-25.472
5194.47	94.051	-26.140
5270.03	93.932	-26.690
5346.68	93.835	-27.164
5424.45	93.750	-27.608
5503.35	93.681	-28.037
5583.40	93.622	-28.475
5664.61	93.570	-28.924
5747.01	93.524	-29.380
5830.60	93.484	-29.831
5915.41	93.455	-30.275
6001.45	93.448	-30.763
6088.74	93.446	-31.319
6177.30	93.466	-31.982
6267.15	93.485	-32.808
6358.31	93.499	-33.789
6450.80	93.496	-34.923
6544.62	93.456	-36.147
6639.82	93.380	-37.373
6736.40	93.264	-38.516
6834.38	93.106	-39.424
6933.79	92.951	-40.035
7034.64	92.811	-40.401
7136.96	92.697	-40.551
7240.77	92.644	-40.648
7346.09	92.608	-40.808
7452.94	92.586	-40.996
7561.35	92.585	-41.229
7671.33	92.587	-41.483
7782.91	92.610	-41.723
7896.12	92.673	-42.059
8010.97	92.744	-42.533
8127.49	92.839	-43.165
8245.71	92.939	-43.995
8365.65	93.040	-45.015
8487.33	93.144	-46.272
8610.78	93.219	-47.749
8736.03	93.257	-49.356
8863.09	93.257	-51.015
8992.01	93.202	-52.614
9122.80	93.126	-54.020
9255.50	93.046	-55.225
9390.12	92.988	-56.277
9526.70	92.959	-57.274
9665.27	92.957	-58.319
9805.86	92.961	-59.433
9948.49	92.982	-60.638
10093.2	93.014	-61.989
10240.0	93.044	-63.497
10388.9	93.078	-65.191
10540.1	93.079	-67.052
10693.4	93.039	-68.976
10848.9	92.966	-70.871
11006.7	92.858	-72.641
11166.8	92.756	-74.230
11329.2	92.675	-75.723
11494.0	92.623	-77.222
11661.2	92.596	-78.833
11830.8	92.581	-80.656
12002.9	92.547	-82.668
12177.5	92.491	-84.841
12354.6	92.394	-87.128
12534.3	92.233	-89.376
12716.6	92.037	-91.421
12901.6	91.825	-93.213
13089.2	91.617	-94.726
13279.6	91.451	-96.004
13472.8	91.337	-97.174
13668.8	91.297	-98.413
13867.6	91.311	-99.924
14069.3	91.357	-101.789
14273.9	91.425	-104.092
14481.5	91.474	-106.842
14692.2	91.479	-109.933
14905.9	91.444	-113.315
15122.7	91.332	-116.837
15342.7	91.183	-120.371
15565.8	91.031	-123.971
15792.2	90.867	-127.724
16021.9	90.707	-131.674
16255.0	90.528	-135.908
16491.4	90.304	-140.454
16731.3	90.023	-145.273
16974.7	89.670	-150.333
17221.6	89.258	-155.532
17472.1	88.796	-160.883
17726.2	88.292	-166.440
17984.0	87.754	-172.316
18245.6	87.214	-178.763
18511.0	86.710	173.692
18780.2	86.244	164.336
19053.4	85.652	153.195
19330.5	84.847	139.139
19611.7	83.295	125.277
19897.0	80.842	112.760
20186.4	77.574	98.750
20480.0	72.670	89.676
20777.9	66.167	97.959
21080.1	61.053	141.866
21386.7	57.415	-146.560
21697.8	57.574	-124.295
22013.4	58.431	-96.160
22333.6	60.173	-68.335
22658.4	62.839	-50.712
22988.0	65.410	-44.054
23322.4	67.656	-42.167
23661.6	69.608	-42.164
24005.8	71.372	-43.640
24355.0	72.781	-45.956
24709.2	74.380	-50.125
25068.6	75.802	-54.525
25433.2	77.629	-61.492
25803.2	78.671	-68.876
26178.5	78.925	-75.581
26559.3	79.050	-82.198
26945.6	78.434	-89.425
27337.5	77.226	-96.556
27735.2	76.475	-101.166
28138.6	75.636	-105.413
28547.9	75.086	-107.845
28963.1	74.500	-110.078
29384.4	73.899	-111.904
29811.8	73.298	-113.331
30245.4	72.697	-114.418
30685.3	72.095	-115.201
31131.7	71.494	-115.706
31584.5	70.893	-115.953
32043.9	70.292	-115.955
32510.0	69.691	-115.724
32982.8	69.090	-115.266
33462.6	68.489	-114.584
33949.3	67.888	-113.679
34443.1	67.286	-112.549
34944.1	66.685	-111.186
35452.4	66.084	-109.581
35968.0	65.483	-107.717
36491.2	64.882	-105.571
37022.0	64.281	-103.103
37560.5	63.680	-100.244
38106.8	63.131	-97.276
38661.1	62.631	-94.169
39223.4	62.253	-91.586
39793.9	61.961	-89.427
