5.00000	29.845	100.855
5.07273	29.911	100.843
5.14651	29.997	100.829
5.22137	30.112	100.815
5.29732	30.240	100.806
5.37437	30.380	100.798
5.45254	30.521	100.793
5.53185	30.662	100.789
5.61231	30.802	100.784
5.69394	30.943	100.780
5.77676	31.084	100.776
5.86079	31.224	100.772
5.94604	31.365	100.768
6.03252	31.505	100.765
6.12027	31.646	100.761
6.20929	31.787	100.758
6.29961	31.927	100.754
6.39124	32.068	100.750
6.48420	32.209	100.747
6.57851	32.349	100.744
6.67420	32.490	100.740
6.77128	32.631	100.737
6.86977	32.771	100.734
6.96969	32.912	100.731
7.07107	33.053	100.728
7.17392	33.193	100.724
7.27827	33.334	100.721
7.38413	33.475	100.718
7.49154	33.615	100.715
7.60050	33.756	100.712
7.71105	33.897	100.709
7.82321	34.037	100.706
7.93701	34.178	100.703
8.05245	34.319	100.700
8.16958	34.459	100.697
8.28841	34.600	100.694
8.40896	34.741	100.691
8.53128	34.881	100.688
8.65537	35.022	100.685
8.78126	35.163	100.682
8.90899	35.303	100.679
9.03857	35.444	100.676
9.17004	35.584	100.673
9.30342	35.725	100.670
9.43874	35.866	100.667
9.57603	36.006	100.664
9.71532	36.147	100.662
9.85663	36.288	100.659
10.0000	36.428	100.656
10.1455	36.569	100.653
10.2930	36.710	100.650
10.4427	36.850	100.647
10.5946	36.991	100.644
10.7487	37.132	100.640
10.9051	37.272	100.637
11.0637	37.413	100.634
11.2246	37.554	100.631
11.3879	37.694	100.628
11.5535	37.835	100.625
11.7216	37.976	100.622
11.8921	38.116	100.619
12.0650	38.257	100.616
12.2405	38.398	100.613
12.4186	38.538	100.610
12.5992	38.679	100.606
12.7825	38.820	100.603
12.9684	38.960	100.600
13.1570	39.101	100.597
13.3484	39.242	100.593
13.5426	39.382	100.590
13.7395	39.523	100.587
13.9394	39.663	100.583
14.1421	39.804	100.580
14.3478	39.945	100.577
14.5565	40.085	100.573
14.7683	40.226	100.570
14.9831	40.367	100.566
15.2010	40.507	100.563
15.4221	40.648	100.559
15.6464	40.789	100.555
15.8740	40.929	100.551
16.1049	41.070	100.548
16.3392	41.211	100.544
16.5768	41.351	100.540
16.8179	41.492	100.536
17.0626	41.633	100.532
17.3107	41.773	100.528
17.5625	41.914	100.524
17.8180	42.055	100.520
18.0771	42.195	100.516
18.3401	42.336	100.512
18.6068	42.477	100.508
18.8775	42.617	100.504
19.1521	42.758	100.499
19.4306	42.899	100.495
19.7133	43.039	100.491
20.0000	43.180	100.486
20.2909	43.321	100.482
20.5860	43.461	100.478
20.8855	43.602	100.473
21.1893	43.742	100.468
21.4975	43.883	100.464
21.8102	44.024	100.459
22.1274	44.164	100.454
22.4492	44.305	100.450
22.7758	44.446	100.445
23.1071	44.586	100.440
23.4432	44.727	100.435
23.7841	44.868	100.430
24.1301	45.008	100.425
24.4811	45.149	100.419
24.8372	45.290	100.414
25.1984	45.430	100.409
25.5649	45.571	100.404
25.9368	45.712	100.398
26.3141	45.852	100.393
26.6968	45.993	100.387
27.0851	46.134	100.382
27.4791	46.274	100.376
27.8788	46.415	100.370
28.2843	46.556	100.364
28.6957	46.696	100.359
29.1131	46.837	100.353
29.5365	46.978	100.347
29.9661	47.118	100.340
30.4020	47.259	100.334
30.8442	47.400	100.328
31.2929	47.540	100.322
31.7480	47.681	100.315
32.2098	47.821	100.309
32.6783	47.962	100.302
33.1536	48.103	100.295
33.6359	48.243	100.288
34.1251	48.384	100.281
34.6215	48.525	100.275
35.1250	48.665	100.268
35.6359	48.806	100.260
36.1543	48.947	100.253
36.6802	49.087	100.246
37.2137	49.228	100.238
37.7550	49.369	100.231
38.3041	49.509	100.223
38.8613	49.650	100.215
39.4265	49.791	100.207
40.0000	49.931	100.199
40.5818	50.072	100.191
41.1721	50.213	100.183
41.7710	50.353	100.175
42.3785	50.494	100.167
42.9949	50.635	100.158
43.6203	50.775	100.149
44.2548	50.916	100.141
44.8985	51.057	100.132
45.5515	51.197	100.123
46.2141	51.338	100.114
46.8863	51.479	100.104
47.5683	51.619	100.095
48.2602	51.760	100.085
48.9621	51.900	100.076
49.6743	52.041	100.066
50.3968	52.182	100.056
51.1299	52.322	100.046
51.8736	52.463	100.036
52.6281	52.604	100.026
53.3936	52.744	100.015
54.1702	52.885	100.004
54.9581	53.026	99.994
55.7575	53.166	99.983
56.5685	53.307	99.972
57.3914	53.448	99.960
58.2261	53.588	99.949
59.0730	53.729	99.937
59.9323	53.870	99.926
60.8040	54.010	99.914
61.6884	54.151	99.902
62.5857	54.292	99.889
63.4960	54.432	99.877
64.4196	54.573	99.864
65.3566	54.714	99.852
66.3073	54.854	99.839
67.2717	54.995	99.825
68.2502	55.136	99.812
69.2429	55.276	99.799
70.2501	55.417	99.785
71.2719	55.558	99.771
72.3086	55.698	99.757
73.3603	55.839	99.743
74.4274	55.979	99.728
75.5099	56.120	99.713
76.6083	56.261	99.698
77.7226	56.401	99.683
78.8531	56.542	99.668
80.0000	56.683	99.652
81.1636	56.823	99.636
82.3442	56.964	99.620
83.5419	57.105	99.604
84.7570	57.245	99.588
85.9899	57.386	99.571
87.2406	57.527	99.554
88.5096	57.667	99.537
89.7970	57.808	99.519
91.1031	57.949	99.501
92.4282	58.089	99.483
93.7726	58.230	99.465
95.1366	58.371	99.446
96.5204	58.511	99.427
97.9243	58.652	99.408
99.3486	58.793	99.389
100.794	58.933	99.369
102.260	59.074	99.349
103.747	59.215	99.329
105.256	59.355	99.308
106.787	59.496	99.287
108.340	59.637	99.266
109.916	59.777	99.244
111.515	59.918	99.223
113.137	60.058	99.200
114.783	60.199	99.178
116.452	60.340	99.155
118.146	60.480	99.132
119.865	60.621	99.108
121.608	60.762	99.084
123.377	60.902	99.060
125.171	61.043	99.035
126.992	61.184	99.010
128.839	61.324	98.984
130.713	61.465	98.958
132.615	61.606	98.932
134.543	61.746	98.905
136.500	61.887	98.878
138.486	62.028	98.850
140.500	62.168	98.822
142.544	62.309	98.794
144.617	62.450	98.765
146.721	62.590	98.735
148.855	62.731	98.705
151.020	62.872	98.675
153.217	63.012	98.644
155.445	63.153	98.612
157.706	63.294	98.580
160.000	63.434	98.547
162.327	63.575	98.514
164.688	63.716	98.480
167.084	63.856	98.446
169.514	63.997	98.410
171.980	64.137	98.375
174.481	64.278	98.338
177.019	64.419	98.301
179.594	64.559	98.263
182.206	64.700	98.224
184.856	64.841	98.184
187.545	64.981	98.143
190.273	65.122	98.102
193.041	65.263	98.059
195.849	65.403	98.016
198.697	65.544	97.971
201.587	65.685	97.926
204.520	65.825	97.879
207.494	65.966	97.831
210.512	66.107	97.781
213.574	66.247	97.730
216.681	66.388	97.678
219.833	66.529	97.623
223.030	66.669	97.567
226.274	66.810	97.509
229.565	66.951	97.448
232.905	67.091	97.385
236.292	67.232	97.319
239.729	67.373	97.250
243.216	67.513	97.178
246.754	67.654	97.101
250.343	67.795	97.021
253.984	67.935	96.935
257.678	68.076	96.842
261.426	68.216	96.743
265.229	68.357	96.636
269.087	68.498	96.518
273.001	68.638	96.388
276.972	68.779	96.242
281.000	68.920	96.076
285.088	69.060	95.883
289.234	69.201	95.652
293.441	69.342	95.359
297.709	69.476	94.986
302.040	69.602	94.500
306.433	69.690	93.943
310.890	69.743	93.390
315.412	69.741	92.964
320.000	69.696	92.853
324.655	69.655	93.096
329.377	69.607	93.726
334.168	69.604	94.769
339.028	69.680	95.996
343.959	69.806	97.267
348.962	70.002	98.471
354.038	70.261	99.410
359.188	70.550	99.960
364.412	70.837	100.103
369.713	71.089	99.933
375.090	71.294	99.586
380.546	71.444	99.211
386.081	71.552	98.922
391.697	71.613	98.847
397.394	71.661	99.097
403.175	71.713	99.689
409.039	71.787	100.672
414.989	71.932	101.978
421.025	72.177	103.347
427.149	72.521	104.448
433.362	72.926	105.025
439.665	73.352	104.995
446.060	73.752	104.366
452.548	74.062	103.365
459.131	74.296	102.261
465.809	74.464	101.184
472.584	74.565	100.313
479.458	74.656	99.723
486.432	74.753	99.302
493.507	74.849	98.990
500.686	74.954	98.710
507.968	75.035	98.425
515.357	75.071	98.270
522.853	75.073	98.408
530.458	75.038	99.053
538.174	75.030	100.407
546.002	75.131	102.371
553.943	75.350	104.677
562.001	75.772	106.835
570.175	76.314	108.240
578.469	76.902	108.814
586.883	77.501	108.657
595.419	78.103	107.767
604.080	78.649	106.192
612.866	79.110	104.150
621.780	79.485	101.802
630.824	79.744	99.303
640.000	79.880	96.879
649.309	79.946	94.763
658.753	79.953	93.040
668.335	79.962	91.748
678.056	79.987	90.734
687.919	80.026	89.901
697.925	80.085	89.146
708.077	80.133	88.449
718.376	80.172	87.863
728.825	80.200	87.421
739.426	80.217	87.218
750.181	80.254	87.295
761.093	80.334	87.562
772.163	80.454	87.933
783.394	80.622	88.339
794.789	80.843	88.669
806.349	81.112	88.789
818.078	81.412	88.592
829.977	81.717	88.016
842.050	81.980	87.130
854.298	82.170	86.199
866.724	82.316	85.484
879.330	82.455	85.153
892.120	82.676	85.157
905.097	83.047	85.008
918.262	83.530	84.132
931.618	84.047	82.252
945.169	84.497	79.344
958.917	84.754	75.782
972.864	84.802	72.021
987.015	84.620	68.560
1001.37	84.247	65.997
1015.94	83.830	64.676
1030.71	83.463	64.585
1045.71	83.236	65.469
1060.92	83.217	66.614
1076.35	83.338	67.364
1092.00	83.525	67.459
1107.89	83.682	66.965
1124.00	83.753	66.227
1140.35	83.746	65.602
1156.94	83.684	65.365
1173.77	83.625	65.710
1190.84	83.645	66.576
1208.16	83.797	67.599
1225.73	84.074	68.307
1243.56	84.435	68.366
1261.65	84.818	67.617
1280.00	85.134	66.193
1298.62	85.353	64.387
1317.51	85.474	62.432
1336.67	85.491	60.552
1356.11	85.440	58.932
1375.84	85.343	57.644
1395.85	85.200	56.809
1416.15	85.062	56.507
1436.75	84.960	56.674
1457.65	84.921	57.187
1478.85	84.971	57.791
1500.36	85.084	58.236
1522.19	85.224	58.477
1544.33	85.382	58.541
1566.79	85.551	58.449
1589.58	85.744	58.158
1612.70	85.942	57.603
1636.16	86.126	56.760
1659.95	86.254	55.753
1684.10	86.345	54.729
1708.60	86.422	53.639
1733.45	86.430	52.575
1758.66	86.389	51.761
1784.24	86.331	51.229
1810.19	86.227	51.146
1836.52	86.168	51.677
1863.24	86.223	52.538
1890.34	86.395	53.309
1917.83	86.657	53.632
1945.73	86.945	53.372
1974.03	87.218	52.571
2002.74	87.430	51.372
2031.87	87.558	50.036
2061.43	87.631	48.730
2091.41	87.635	47.602
2121.83	87.612	46.795
2152.69	87.598	46.292
2184.01	87.604	46.029
2215.77	87.649	45.910
2248.00	87.733	45.803
2280.70	87.843	45.639
2313.87	87.979	45.368
2347.53	88.135	44.923
2381.68	88.299	44.252
2416.32	88.446	43.364
2451.46	88.566	42.310
2487.12	88.636	41.194
2523.30	88.664	40.153
2560.00	88.661	39.289
2597.24	88.650	38.659
2635.01	88.657	38.226
2673.34	88.691	37.893
2712.23	88.746	37.586
2751.68	88.824	37.238
2791.70	88.905	36.838
2832.31	88.999	36.388
2873.50	89.098	35.857
2915.30	89.193	35.266
2957.70	89.298	34.592
3000.72	89.398	33.783
3044.37	89.466	32.902
3088.65	89.508	32.069
3133.58	89.535	31.344
3179.16	89.560	30.763
3225.40	89.614	30.261
3272.31	89.690	29.707
3319.91	89.770	29.050
3368.20	89.839	28.315
3417.19	89.885	27.569
3466.89	89.912	26.924
3517.32	89.954	26.413
3568.48	90.024	25.947
3620.39	90.133	25.381
3673.05	90.251	24.609
3726.47	90.355	23.653
3780.67	90.434	22.577
3835.67	90.481	21.476
3891.46	90.511	20.394
3948.06	90.520	19.373
4005.49	90.522	18.447
4063.75	90.534	17.556
4122.86	90.533	16.674
4182.82	90.520	15.863
4243.66	90.509	15.137
4305.39	90.496	14.502
4368.01	90.499	13.952
4431.55	90.522	13.427
4496.01	90.571	12.847
4561.40	90.633	12.133
4627.75	90.692	11.276
4695.06	90.735	10.308
4763.35	90.760	9.270
4832.64	90.759	8.225
4902.93	90.748	7.211
4974.24	90.724	6.217
5046.60	90.682	5.283
5120.00	90.630	4.445
5194.47	90.574	3.707
5270.03	90.519	3.075
5346.68	90.478	2.530
5424.45	90.454	2.008
5503.35	90.444	1.455
5583.40	90.437	0.843
5664.61	90.426	0.184
5747.01	90.407	-0.494
5830.60	90.386	-1.178
5915.41	90.360	-1.869
6001.45	90.327	-2.556
6088.74	90.291	-3.236
6177.30	90.245	-3.883
6267.15	90.210	-4.529
6358.31	90.167	-5.235
6450.80	90.097	-5.934
6544.62	90.011	-6.559
6639.82	89.902	-7.081
6736.40	89.767	-7.378
6834.38	89.640	-7.356
6933.79	89.557	-7.106
7034.64	89.518	-6.774
7136.96	89.516	-6.447
7240.77	89.552	-6.209
7346.09	89.607	-6.119
7452.94	89.668	-6.153
7561.35	89.735	-6.286
7671.33	89.805	-6.520
7782.91	89.871	-6.837
7896.12	89.931	-7.192
8010.97	89.994	-7.568
8127.49	90.061	-7.973
8245.71	90.135	-8.411
8365.65	90.223	-8.925
8487.33	90.323	-9.578
8610.78	90.416	-10.388
8736.03	90.496	-11.336
8863.09	90.550	-12.367
8992.01	90.577	-13.393
9122.80	90.591	-14.364
9255.50	90.601	-15.278
9390.12	90.622	-16.166
9526.70	90.655	-17.115
9665.27	90.681	-18.144
9805.86	90.702	-19.253
9948.49	90.705	-20.443
10093.2	90.679	-21.633
10240.0	90.643	-22.780
10388.9	90.598	-23.915
10540.1	90.532	-25.007
10693.4	90.455	-26.007
10848.9	90.373	-26.926
11006.7	90.285	-27.757
11166.8	90.197	-28.479
11329.2	90.123	-29.126
11494.0	90.059	-29.762
11661.2	89.996	-30.401
11830.8	89.930	-31.033
12002.9	89.853	-31.629
12177.5	89.762	-32.121
12354.6	89.665	-32.428
12534.3	89.582	-32.508
12716.6	89.531	-32.366
12901.6	89.537	-32.075
13089.2	89.618	-31.804
13279.6	89.768	-31.736
13472.8	89.979	-32.027
13668.8	90.224	-32.800
13867.6	90.468	-34.065
14069.3	90.695	-35.775
14273.9	90.888	-37.883
14481.5	91.036	-40.332
14692.2	91.124	-43.035
14905.9	91.144	-45.894
15122.7	91.092	-48.803
15342.7	90.968	-51.644
15565.8	90.790	-54.319
15792.2	90.584	-56.789
16021.9	90.370	-59.094
16255.0	90.157	-61.322
16491.4	89.931	-63.536
16731.3	89.687	-65.764
16974.7	89.409	-68.016
17221.6	89.078	-70.214
17472.1	88.702	-72.262
17726.2	88.281	-74.083
17984.0	87.834	-75.620
18245.6	87.378	-76.872
18511.0	86.930	-77.904
18780.2	86.504	-78.902
19053.4	86.054	-79.972
19330.5	85.534	-81.105
19611.7	84.890	-81.898
19897.0	84.056	-81.575
20186.4	83.330	-79.540
20480.0	82.696	-76.255
20777.9	82.175	-71.904
21080.1	82.028	-67.683
21386.7	81.990	-64.586
21697.8	81.915	-61.889
22013.4	81.949	-59.213
22333.6	82.022	-56.518
22658.4	82.242	-54.042
22988.0	82.564	-52.244
23322.4	82.918	-51.253
23661.6	83.278	-50.996
24005.8	83.603	-51.333
24355.0	83.904	-52.161
24709.2	84.170	-53.461
25068.6	84.380	-55.161
25433.2	84.532	-57.202
25803.2	84.581	-59.504
26178.5	84.508	-61.812
26559.3	84.361	-63.888
26945.6	84.161	-65.671
27337.5	83.948	-67.137
27735.2	83.728	-68.369
28138.6	83.509	-69.421
28547.9	83.290	-70.336
28963.1	83.071	-71.140
29384.4	82.852	-71.850
29811.8	82.632	-72.478
30245.4	82.413	-73.032
30685.3	82.194	-73.520
31131.7	81.975	-73.946
31584.5	81.756	-74.315
32043.9	81.537	-74.630
32510.0	81.317	-74.891
32982.8	81.098	-75.102
33462.6	80.879	-75.263
33949.3	80.660	-75.373
34443.1	80.441	-75.433
34944.1	80.221	-75.441
35452.4	80.002	-75.396
35968.0	79.783	-75.293
36491.2	79.564	-75.129
37022.0	79.345	-74.895
37560.5	79.126	-74.577
38106.8	78.927	-74.222
38661.1	78.747	-73.825
39223.4	78.612	-73.491
39793.9	78.508	-73.209
