5.00000	24.232	140.013
5.07273	24.324	139.993
5.14651	24.444	139.971
5.22137	24.605	139.946
5.29732	24.783	139.928
5.37437	24.978	139.912
5.45254	25.174	139.899
5.53185	25.370	139.886
5.61231	25.566	139.874
5.69394	25.762	139.862
5.77676	25.957	139.850
5.86079	26.153	139.838
5.94604	26.349	139.826
6.03252	26.545	139.814
6.12027	26.741	139.802
6.20929	26.937	139.790
6.29961	27.132	139.778
6.39124	27.328	139.766
6.48420	27.524	139.754
6.57851	27.720	139.742
6.67420	27.916	139.730
6.77128	28.111	139.718
6.86977	28.307	139.706
6.96969	28.503	139.694
7.07107	28.699	139.682
7.17392	28.895	139.669
7.27827	29.091	139.657
7.38413	29.286	139.644
7.49154	29.482	139.631
7.60050	29.678	139.619
7.71105	29.874	139.606
7.82321	30.070	139.593
7.93701	30.265	139.580
8.05245	30.461	139.567
8.16958	30.657	139.554
8.28841	30.853	139.540
8.40896	31.049	139.527
8.53128	31.244	139.513
8.65537	31.440	139.500
8.78126	31.636	139.486
8.90899	31.832	139.471
9.03857	32.028	139.457
9.17004	32.224	139.443
9.30342	32.419	139.428
9.43874	32.615	139.414
9.57603	32.811	139.399
9.71532	33.007	139.384
9.85663	33.203	139.369
10.0000	33.398	139.354
10.1455	33.594	139.338
10.2930	33.790	139.322
10.4427	33.986	139.307
10.5946	34.182	139.291
10.7487	34.378	139.274
10.9051	34.573	139.258
11.0637	34.769	139.241
11.2246	34.965	139.225
11.3879	35.161	139.208
11.5535	35.357	139.191
11.7216	35.552	139.173
11.8921	35.748	139.156
12.0650	35.944	139.138
12.2405	36.140	139.120
12.4186	36.336	139.101
12.5992	36.532	139.083
12.7825	36.727	139.064
12.9684	36.923	139.045
13.1570	37.119	139.026
13.3484	37.315	139.007
13.5426	37.511	138.987
13.7395	37.706	138.967
13.9394	37.902	138.947
14.1421	38.098	138.926
14.3478	38.294	138.906
14.5565	38.490	138.885
14.7683	38.685	138.863
14.9831	38.881	138.842
15.2010	39.077	138.820
15.4221	39.273	138.798
15.6464	39.469	138.775
15.8740	39.665	138.753
16.1049	39.860	138.730
16.3392	40.056	138.707
16.5768	40.252	138.683
16.8179	40.448	138.659
17.0626	40.644	138.635
17.3107	40.839	138.610
17.5625	41.035	138.585
17.8180	41.231	138.560
18.0771	41.427	138.534
18.3401	41.623	138.509
18.6068	41.819	138.482
18.8775	42.014	138.456
19.1521	42.210	138.429
19.4306	42.406	138.401
19.7133	42.602	138.373
20.0000	42.798	138.345
20.2909	42.993	138.317
20.5860	43.189	138.288
20.8855	43.385	138.258
21.1893	43.581	138.229
21.4975	43.777	138.199
21.8102	43.972	138.168
22.1274	44.168	138.137
22.4492	44.364	138.106
22.7758	44.560	138.074
23.1071	44.756	138.042
23.4432	44.952	138.009
23.7841	45.147	137.976
24.1301	45.343	137.942
24.4811	45.539	137.908
24.8372	45.735	137.873
25.1984	45.931	137.838
25.5649	46.126	137.802
25.9368	46.322	137.766
26.3141	46.518	137.730
26.6968	46.714	137.693
27.0851	46.910	137.655
27.4791	47.106	137.617
27.8788	47.301	137.578
28.2843	47.497	137.539
28.6957	47.693	137.499
29.1131	47.889	137.458
29.5365	48.085	137.417
29.9661	48.280	137.376
30.4020	48.476	137.334
30.8442	48.672	137.291
31.2929	48.868	137.247
31.7480	49.064	137.203
32.2098	49.260	137.159
32.6783	49.455	137.113
33.1536	49.651	137.068
33.6359	49.847	137.021
34.1251	50.043	136.974
34.6215	50.239	136.926
35.1250	50.434	136.877
35.6359	50.630	136.828
36.1543	50.826	136.778
36.6802	51.022	136.727
37.2137	51.218	136.676
37.7550	51.413	136.624
38.3041	51.609	136.571
38.8613	51.805	136.517
39.4265	52.001	136.462
40.0000	52.197	136.407
40.5818	52.393	136.351
41.1721	52.588	136.294
41.7710	52.784	136.236
42.3785	52.980	136.178
42.9949	53.176	136.118
43.6203	53.372	136.058
44.2548	53.567	135.997
44.8985	53.763	135.935
45.5515	53.959	135.872
46.2141	54.155	135.808
46.8863	54.351	135.743
47.5683	54.547	135.678
48.2602	54.742	135.611
48.9621	54.938	135.543
49.6743	55.134	135.475
50.3968	55.330	135.405
51.1299	55.526	135.334
51.8736	55.721	135.263
52.6281	55.917	135.190
53.3936	56.113	135.116
54.1702	56.309	135.041
54.9581	56.505	134.965
55.7575	56.700	134.888
56.5685	56.896	134.810
57.3914	57.092	134.731
58.2261	57.288	134.650
59.0730	57.484	134.569
59.9323	57.680	134.486
60.8040	57.875	134.401
61.6884	58.071	134.316
62.5857	58.267	134.229
63.4960	58.463	134.142
64.4196	58.659	134.052
65.3566	58.854	133.962
66.3073	59.050	133.870
67.2717	59.246	133.777
68.2502	59.442	133.682
69.2429	59.638	133.586
70.2501	59.834	133.489
71.2719	60.029	133.390
72.3086	60.225	133.290
73.3603	60.421	133.188
74.4274	60.617	133.084
75.5099	60.813	132.980
76.6083	61.008	132.873
77.7226	61.204	132.765
78.8531	61.400	132.655
80.0000	61.596	132.544
81.1636	61.792	132.431
82.3442	61.988	132.317
83.5419	62.183	132.200
84.7570	62.379	132.082
85.9899	62.575	131.962
87.2406	62.771	131.841
88.5096	62.967	131.717
89.7970	63.162	131.592
91.1031	63.358	131.465
92.4282	63.554	131.335
93.7726	63.750	131.204
95.1366	63.946	131.071
96.5204	64.141	130.936
97.9243	64.337	130.799
99.3486	64.533	130.659
100.794	64.729	130.518
102.260	64.925	130.374
103.747	65.121	130.228
105.256	65.316	130.080
106.787	65.512	129.930
108.340	65.708	129.777
109.916	65.904	129.622
111.515	66.100	129.465
113.137	66.295	129.305
114.783	66.491	129.143
116.452	66.687	128.978
118.146	66.883	128.810
119.865	67.079	128.640
121.608	67.275	128.468
123.377	67.470	128.292
125.171	67.666	128.114
126.992	67.862	127.933
128.839	68.058	127.749
130.713	68.254	127.562
132.615	68.449	127.372
134.543	68.645	127.179
136.500	68.841	126.983
138.486	69.037	126.784
140.500	69.233	126.581
142.544	69.428	126.376
144.617	69.624	126.166
146.721	69.820	125.954
148.855	70.016	125.738
151.020	70.212	125.518
153.217	70.408	125.294
155.445	70.603	125.067
157.706	70.799	124.836
160.000	70.995	124.601
162.327	71.191	124.362
164.688	71.387	124.118
167.084	71.582	123.871
169.514	71.778	123.618
171.980	71.974	123.362
174.481	72.170	123.101
177.019	72.366	122.835
179.594	72.562	122.564
182.206	72.757	122.288
184.856	72.953	122.006
187.545	73.149	121.720
190.273	73.345	121.427
193.041	73.541	121.128
195.849	73.736	120.824
198.697	73.932	120.512
201.587	74.128	120.194
204.520	74.324	119.868
207.494	74.520	119.535
210.512	74.715	119.192
213.574	74.911	118.840
216.681	75.107	118.477
219.833	75.303	118.101
223.030	75.499	117.708
226.274	75.693	117.294
229.565	75.886	116.860
232.905	76.073	116.407
236.292	76.256	115.950
239.729	76.433	115.491
243.216	76.602	115.046
246.754	76.763	114.655
250.343	76.926	114.324
253.984	77.089	114.052
257.678	77.259	113.859
261.426	77.454	113.692
265.229	77.664	113.483
269.087	77.890	113.196
273.001	78.126	112.783
276.972	78.354	112.244
281.000	78.570	111.625
285.088	78.773	110.961
289.234	78.967	110.271
293.441	79.156	109.538
297.709	79.322	108.791
302.040	79.471	108.084
306.433	79.601	107.465
310.890	79.719	107.013
315.412	79.855	106.726
320.000	80.018	106.533
324.655	80.221	106.310
329.377	80.451	105.927
334.168	80.680	105.357
339.028	80.901	104.633
343.959	81.097	103.804
348.962	81.269	102.951
354.038	81.425	102.130
359.188	81.576	101.339
364.412	81.717	100.575
369.713	81.850	99.852
375.090	81.980	99.165
380.546	82.099	98.540
386.081	82.217	98.016
391.697	82.350	97.559
397.394	82.496	97.119
403.175	82.657	96.663
409.039	82.835	96.121
414.989	83.013	95.446
421.025	83.174	94.678
427.149	83.319	93.866
433.362	83.442	93.046
439.665	83.541	92.292
446.060	83.630	91.651
452.548	83.710	91.149
459.131	83.793	90.825
465.809	83.906	90.636
472.584	84.048	90.497
479.458	84.235	90.283
486.432	84.444	89.851
493.507	84.630	89.253
500.686	84.803	88.594
507.968	84.959	87.924
515.357	85.105	87.319
522.853	85.279	86.735
530.458	85.468	86.046
538.174	85.657	85.225
546.002	85.833	84.284
553.943	85.988	83.276
562.001	86.127	82.260
570.175	86.265	81.230
578.469	86.400	80.135
586.883	86.521	78.947
595.419	86.610	77.698
604.080	86.658	76.486
612.866	86.669	75.415
621.780	86.656	74.566
630.824	86.638	73.986
640.000	86.641	73.647
649.309	86.674	73.458
658.753	86.736	73.336
668.335	86.824	73.227
678.056	86.937	73.092
687.919	87.071	72.899
697.925	87.232	72.581
708.077	87.404	72.071
718.376	87.569	71.370
728.825	87.712	70.522
739.426	87.823	69.609
750.181	87.901	68.751
761.093	87.977	67.979
772.163	88.049	67.256
783.394	88.118	66.575
794.789	88.187	65.924
806.349	88.249	65.293
818.078	88.297	64.739
829.977	88.350	64.304
842.050	88.418	63.943
854.298	88.502	63.611
866.724	88.603	63.259
879.330	88.715	62.848
892.120	88.823	62.403
905.097	88.942	61.933
918.262	89.066	61.416
931.618	89.203	60.826
945.169	89.352	60.079
958.917	89.476	59.193
972.864	89.579	58.264
987.015	89.671	57.294
1001.37	89.736	56.320
1015.94	89.787	55.411
1030.71	89.842	54.527
1045.71	89.880	53.639
1060.92	89.896	52.810
1076.35	89.898	52.104
1092.00	89.899	51.543
1107.89	89.914	51.093
1124.00	89.938	50.706
1140.35	89.974	50.374
1156.94	90.026	50.054
1173.77	90.085	49.722
1190.84	90.154	49.384
1208.16	90.237	49.012
1225.73	90.329	48.566
1243.56	90.423	48.025
1261.65	90.510	47.396
1280.00	90.582	46.711
1298.62	90.638	46.027
1317.51	90.681	45.385
1336.67	90.717	44.818
1356.11	90.755	44.339
1375.84	90.805	43.931
1395.85	90.877	43.535
1416.15	90.972	43.064
1436.75	91.083	42.426
1457.65	91.182	41.599
1478.85	91.252	40.654
1500.36	91.289	39.676
1522.19	91.291	38.759
1544.33	91.271	37.993
1566.79	91.254	37.388
1589.58	91.247	36.883
1612.70	91.250	36.429
1636.16	91.263	35.984
1659.95	91.276	35.524
1684.10	91.279	35.079
1708.60	91.272	34.715
1733.45	91.267	34.472
1758.66	91.277	34.348
1784.24	91.320	34.272
1810.19	91.403	34.093
1836.52	91.500	33.685
1863.24	91.571	33.078
1890.34	91.597	32.430
1917.83	91.576	31.952
1945.73	91.549	31.799
1974.03	91.570	31.919
2002.74	91.665	32.064
2031.87	91.818	31.973
2061.43	91.997	31.505
2091.41	92.155	30.664
2121.83	92.259	29.608
2152.69	92.315	28.528
2184.01	92.344	27.519
2215.77	92.356	26.610
2248.00	92.374	25.768
2280.70	92.394	24.926
2313.87	92.410	24.052
2347.53	92.416	23.131
2381.68	92.399	22.190
2416.32	92.354	21.299
2451.46	92.282	20.544
2487.12	92.200	19.995
2523.30	92.135	19.624
2560.00	92.089	19.373
2597.24	92.087	19.094
2635.01	92.084	18.690
2673.34	92.061	18.258
2712.23	92.042	17.812
2751.68	91.994	17.397
2791.70	91.939	17.126
2832.31	91.912	16.922
2873.50	91.883	16.717
2915.30	91.860	16.529
2957.70	91.832	16.357
3000.72	91.798	16.255
3044.37	91.766	16.272
3088.65	91.753	16.403
3133.58	91.768	16.605
3179.16	91.821	16.812
3225.40	91.935	16.832
3272.31	92.067	16.489
3319.91	92.179	15.793
3368.20	92.242	14.869
3417.19	92.239	13.892
3466.89	92.184	13.038
3517.32	92.106	12.407
3568.48	92.027	11.994
3620.39	91.973	11.695
3673.05	91.918	11.423
3726.47	91.855	11.214
3780.67	91.783	11.125
3835.67	91.716	11.197
3891.46	91.664	11.428
3948.06	91.645	11.768
4005.49	91.662	12.119
4063.75	91.711	12.382
4122.86	91.776	12.518
4182.82	91.854	12.513
4243.66	91.929	12.380
4305.39	92.006	12.140
4368.01	92.081	11.780
4431.55	92.141	11.321
4496.01	92.190	10.795
4561.40	92.222	10.224
4627.75	92.234	9.664
4695.06	92.245	9.126
4763.35	92.246	8.596
4832.64	92.253	8.034
4902.93	92.235	7.445
4974.24	92.194	6.930
5046.60	92.151	6.507
5120.00	92.097	6.191
5194.47	92.054	6.010
5270.03	92.046	5.845
5346.68	92.055	5.559
5424.45	92.064	5.083
5503.35	92.029	4.478
5583.40	91.942	3.925
5664.61	91.800	3.620
5747.01	91.629	3.789
5830.60	91.497	4.502
5915.41	91.456	5.560
6001.45	91.522	6.624
6088.74	91.678	7.376
6177.30	91.887	7.629
6267.15	92.106	7.342
6358.31	92.302	6.586
6450.80	92.460	5.434
6544.62	92.547	4.005
6639.82	92.550	2.494
6736.40	92.475	1.084
6834.38	92.334	-0.057
6933.79	92.165	-0.810
7034.64	92.013	-1.208
7136.96	91.893	-1.401
7240.77	91.803	-1.529
7346.09	91.724	-1.671
7452.94	91.640	-1.814
7561.35	91.548	-1.895
7671.33	91.457	-1.872
7782.91	91.373	-1.735
7896.12	91.313	-1.524
8010.97	91.277	-1.328
8127.49	91.252	-1.197
8245.71	91.234	-1.152
8365.65	91.206	-1.179
8487.33	91.161	-1.205
8610.78	91.104	-1.153
8736.03	91.046	-0.981
8863.09	91.005	-0.698
8992.01	90.994	-0.387
9122.80	91.009	-0.163
9255.50	91.035	-0.097
9390.12	91.051	-0.180
9526.70	91.039	-0.326
9665.27	91.005	-0.439
9805.86	90.953	-0.442
9948.49	90.899	-0.278
10093.2	90.864	0.032
10240.0	90.855	0.427
10388.9	90.884	0.822
10540.1	90.953	1.086
10693.4	91.048	1.101
10848.9	91.149	0.785
11006.7	91.215	0.163
11166.8	91.221	-0.608
11329.2	91.164	-1.346
11494.0	91.054	-1.879
11661.2	90.920	-2.068
11830.8	90.812	-1.939
12002.9	90.750	-1.679
12177.5	90.726	-1.472
12354.6	90.720	-1.435
12534.3	90.697	-1.583
12716.6	90.626	-1.758
12901.6	90.517	-1.762
13089.2	90.398	-1.494
13279.6	90.298	-0.953
13472.8	90.240	-0.252
13668.8	90.231	0.424
13867.6	90.241	0.966
14069.3	90.247	1.403
14273.9	90.243	1.827
14481.5	90.229	2.345
14692.2	90.231	3.005
14905.9	90.267	3.743
15122.7	90.345	4.461
15342.7	90.474	4.989
15565.8	90.617	5.218
15792.2	90.754	5.177
16021.9	90.871	4.913
16255.0	90.949	4.532
16491.4	90.996	4.162
16731.3	91.030	3.850
16974.7	91.058	3.599
17221.6	91.088	3.403
17472.1	91.129	3.225
17726.2	91.178	3.024
17984.0	91.238	2.772
18245.6	91.309	2.422
18511.0	91.385	1.935
18780.2	91.460	1.286
19053.4	91.526	0.456
19330.5	91.573	-0.562
19611.7	91.589	-1.742
19897.0	91.562	-3.033
20186.4	91.488	-4.373
20480.0	91.361	-5.692
20777.9	91.181	-6.897
21080.1	90.962	-7.938
21386.7	90.705	-8.795
21697.8	90.407	-9.431
22013.4	90.064	-9.785
22333.6	89.666	-9.710
22658.4	89.229	-8.971
22988.0	88.801	-7.368
23322.4	88.450	-4.851
23661.6	88.243	-1.697
24005.8	88.199	1.605
24355.0	88.308	4.574
24709.2	88.517	6.926
25068.6	88.763	8.659
25433.2	89.028	9.854
25803.2	89.281	10.583
26178.5	89.501	10.974
26559.3	89.688	11.164
26945.6	89.848	11.233
27337.5	89.977	11.277
27735.2	90.102	11.342
28138.6	90.231	11.390
28547.9	90.376	11.357
28963.1	90.532	11.144
29384.4	90.677	10.727
29811.8	90.817	10.087
30245.4	90.929	9.185
30685.3	90.977	8.117
31131.7	90.966	7.026
31584.5	90.886	6.025
32043.9	90.737	5.301
32510.0	90.556	4.998
32982.8	90.376	5.139
33462.6	90.222	5.681
33949.3	90.120	6.493
34443.1	90.069	7.407
34944.1	90.059	8.322
35452.4	90.082	9.174
35968.0	90.122	9.959
36491.2	90.183	10.681
37022.0	90.258	11.339
37560.5	90.350	11.945
38106.8	90.465	12.431
38661.1	90.584	12.733
39223.4	90.679	12.926
39793.9	90.773	13.034
