19.86599	79.31	155.3
20.19895	79.54	153.7
20.53749	79.77	152.2
20.8817	79.98	150.6
21.23169	80.17	149
21.58753	80.37	147.4
21.94935	80.56	145.9
22.31722	80.76	144.3
22.69126	80.95	142.8
23.07158	81.15	141.3
23.45826	81.33	139.9
23.85143	81.5	138.5
24.25118	81.67	137.2
24.65764	81.84	135.9
25.07091	82	134.5
25.4911	82.16	133
25.91834	82.32	131.5
26.35274	82.48	130.1
26.79441	82.64	128.7
27.2435	82.8	127.3
27.7001	82.96	126
28.16436	83.12	124.7
28.63641	83.28	123.4
29.11636	83.44	122.1
29.60436	83.59	120.8
30.10053	83.74	119.6
30.60502	83.88	118.3
31.11797	84.03	117.1
31.63952	84.18	115.8
32.1698	84.34	114.6
32.70898	84.49	113.4
33.25719	84.65	112.2
33.81459	84.8	111
34.38133	84.95	109.8
34.95757	85.11	108.6
35.54346	85.27	107.4
36.13918	85.43	106.1
36.74488	85.6	104.8
37.36074	85.76	103.6
37.98691	85.92	102.2
38.62358	86.08	100.9
39.27092	86.23	99.5
39.92911	86.38	98
40.59833	86.53	96.5
41.27877	86.66	94.9
41.97061	86.78	93.4
42.67405	86.89	91.9
43.38928	86.99	90.3
44.11649	87.08	88.8
44.8559	87.17	87.2
45.60769	87.24	85.7
46.37209	87.28	84.1
47.1493	87.31	82.8
47.93953	87.33	81.6
48.74301	87.35	80.6
49.55995	87.4	79.6
50.39059	87.46	78.6
51.23515	87.53	77.5
52.09386	87.58	76.4
52.96697	87.61	75.3
53.85471	87.62	74.4
54.75733	87.65	73.8
55.67507	87.72	73.2
56.6082	87.85	72.7
57.55697	88.02	71.8
58.52164	88.2	70.4
59.50247	88.32	68.3
60.49975	88.29	66.5
61.51374	88.18	65.5
62.54472	88.12	65
63.59299	88.12	64.6
64.65882	88.16	64.1
65.74252	88.22	63.7
66.84438	88.29	63.1
67.96471	88.36	62.5
69.10382	88.44	61.8
70.26201	88.52	61.1
71.43962	88.6	60.3
72.63697	88.67	59.6
73.85438	88.74	58.9
75.0922	88.82	58.2
76.35076	88.9	57.4
77.63042	88.98	56.7
78.93152	89.07	55.8
80.25443	89.15	55
81.59952	89.23	54.1
82.96715	89.31	53.1
84.3577	89.37	52
85.77155	89.41	51
87.2091	89.45	50.1
88.67075	89.48	49.1
90.15689	89.52	48.3
91.66795	89.56	47.4
93.20432	89.6	46.5
94.76645	89.63	45.6
96.35476	89.65	44.7
97.96969	89.66	43.8
99.61168	89.66	42.9
101.2812	89.64	42.1
102.9787	89.62	41.5
104.70465	89.61	40.9
106.45952	89.61	40.6
108.24381	89.64	40.2
110.058	89.69	39.8
111.9026	89.76	39.3
113.77812	89.83	38.7
115.68507	89.89	37.9
117.62398	89.94	37
119.59538	89.97	36
121.59983	89.97	34.9
123.63787	89.93	34
125.71007	89.88	33.4
127.81701	89.84	32.9
129.95925	89.82	32.6
132.1374	89.81	32.2
134.35205	89.81	31.9
136.60383	89.83	31.5
138.89334	89.85	31.2
141.22123	89.88	30.8
143.58813	89.91	30.3
145.9947	89.95	29.8
148.44161	89.98	29.3
150.92953	90	28.5
153.45914	90	27.9
156.03116	90	27.3
158.64628	89.98	26.6
161.30523	89.94	26
164.00874	89.89	25.6
166.75757	89.83	25.2
169.55247	89.79	25.2
172.39421	89.77	25.2
175.28358	89.77	25.4
178.22137	89.81	25.5
181.2084	89.88	25.4
184.2455	89.96	25
187.3335	90.02	24.6
190.47326	90.06	24.2
193.66564	90.1	23.7
196.91152	90.13	23.1
200.2118	90.14	22.5
203.5674	90.15	22.1
206.97924	90.15	21.6
210.44827	90.16	21.2
213.97543	90.16	20.8
217.56171	90.18	20.3
221.2081	90.19	19.9
224.9156	90.2	19.3
228.68524	90.18	18.7
232.51806	90.14	18.1
236.41512	90.1	17.8
240.3775	90.06	17.5
244.40628	90.03	17.4
248.50259	90.01	17.1
252.66756	89.99	16.9
256.90233	89.96	16.7
261.20807	89.93	16.6
265.58598	89.9	16.5
270.03727	89.89	16.5
274.56316	89.89	16.6
279.16491	89.9	16.5
283.84378	89.91	16.5
288.60107	89.93	16.6
293.43809	89.96	16.6
298.35619	90.01	16.5
303.35671	90.08	16.3
308.44104	90.13	15.8
313.61059	90.14	15.2
318.86678	90.12	14.8
324.21107	90.09	14.5
329.64492	90.06	14.2
335.16985	90.04	14.2
340.78738	90.05	14.2
346.49906	90.07	14.1
352.30647	90.11	14
358.21121	90.14	13.7
364.21492	90.17	13.4
370.31925	90.19	13
376.5259	90.18	12.5
382.83656	90.16	12.2
389.253	90.13	11.9
395.77697	90.12	11.9
402.41029	90.13	11.8
409.15479	90.15	11.5
416.01232	90.17	11.1
422.98479	90.16	10.5
430.07412	90.11	10.2
437.28226	90.06	10
444.61122	90.04	10
452.06302	90.05	9.9
459.6397	90.05	9.5
467.34338	90.03	9.1
475.17617	89.98	8.7
483.14023	89.91	8.5
491.23778	89.85	8.4
499.47105	89.79	8.4
507.84231	89.74	8.5
516.35387	89.71	8.6
525.00808	89.71	8.8
533.80735	89.72	8.8
542.75409	89.74	8.7
551.85078	89.74	8.4
561.09994	89.71	8.1
570.50411	89.67	7.8
580.0659	89.61	7.6
589.78794	89.55	7.6
599.67293	89.5	7.6
609.7236	89.45	7.8
619.94272	89.42	7.8
630.33311	89.39	7.9
640.89765	89.37	8
651.63925	89.34	8
662.56088	89.32	7.9
673.66556	89.29	7.9
684.95636	89.26	7.8
696.4364	89.24	7.6
708.10884	89.2	7.2
719.97692	89.13	6.9
732.04391	89.02	6.5
744.31315	88.9	6.2
756.78802	88.75	5.9
769.47197	88.58	6
782.36851	88.24	5.1
795.4812	87.8	3.6
808.81366	87.25	2.8
822.36957	86.85	4.1
836.15269	86.68	6
850.16681	86.67	7.2
864.41582	86.61	7.9
878.90364	86.5	9.1
893.63428	86.51	11
908.61181	86.69	12.4
923.84036	86.85	12.7
939.32415	86.93	13.1
955.06746	87.08	13.6
971.07462	87.26	13.4
987.35007	87.34	12.6
1003.8983	87.3	12
1020.7239	87.23	11.9
1037.8315	87.15	12.2
1055.2258	87.07	12.9
1072.9116	87.08	14.4
1090.8939	87.22	15.6
1109.1775	87.39	16.1
1127.7676	87.49	16.4
1146.6693	87.57	17.2
1165.8877	87.78	18.6
1185.4283	88.17	19.4
1205.2964	88.58	18.6
1225.4974	88.83	17.2
1246.0371	89.01	15.8
1266.9209	89.16	14.5
1288.1549	89.29	13
1309.7446	89.39	11.3
1331.6963	89.39	9.5
1354.0158	89.29	8.2
1376.7095	89.22	7.8
1399.7835	89.24	7.4
1423.2442	89.3	7
1447.0981	89.41	6.4
1471.3518	89.53	5.3
1496.012	89.62	3.8
1521.0856	89.69	2.2
1546.5793	89.76	0.1
1572.5004	89.71	-2.5
1598.8559	89.51	-5
1625.6531	89.21	-6.8
1652.8994	88.9	-7.7
1680.6024	88.64	-8.1
1708.7697	88.42	-8.3
1737.4091	88.23	-8.4
1766.5285	88.09	-8.3
1796.136	88.03	-8.4
1826.2397	87.99	-9
1856.8479	87.92	-10.1
1887.9691	87.79	-11.6
1919.612	87.54	-13.3
1951.7851	87.16	-14.7
1984.4975	86.64	-15.1
2017.7582	86.11	-14.1
2051.5763	85.68	-12.2
2085.9612	85.34	-9.6
2120.9224	85.21	-6.4
2156.4696	85.29	-4.1
2192.6126	85.41	-2.8
2229.3613	85.45	-2.3
2266.7259	85.37	-1.8
2304.7168	85.25	-0.5
2343.3444	85.22	1.6
2382.6195	85.35	3.6
2422.5528	85.58	4.8
2463.1553	85.77	5.1
2504.4384	85.83	5
2546.4134	85.79	5.6
2589.0919	85.77	7.1
2632.4858	85.85	9.5
2676.6069	86.19	12.6
2721.4674	86.87	15.3
2767.0799	87.81	16
2813.4568	88.76	13.8
2860.6111	89.52	8.8
2908.5556	89.9	1.9
2957.3037	89.84	-5
3006.8689	89.46	-10.5
3057.2647	88.92	-14
3108.5052	88.42	-15.5
3160.6045	88.11	-16.1
3213.577	87.94	-17.3
3267.4374	87.74	-18.7
3322.2004	87.51	-20
3377.8813	87.28	-20.9
3434.4954	87.16	-21.4
3492.0584	87.16	-22.5
3550.5862	87.15	-25
3610.0949	86.95	-28.3
3670.6009	86.49	-31
3732.1211	85.94	-31.9
3794.6724	85.51	-31.6
3858.272	85.27	-31.1
3922.9376	85.15	-30.4
3988.687	85.34	-30.1
4055.5384	85.7	-32.8
4123.5102	85.76	-38.5
4192.6212	85.3	-44.6
4262.8906	84.46	-48.3
4334.3377	83.6	-49.1
4406.9822	83.04	-48.7
4480.8443	82.82	-49.4
4555.9444	82.63	-53.1
4632.3031	81.98	-58.8
4709.9417	80.63	-62.1
4788.8814	78.94	-59.6
4869.1443	77.63	-51.9
4950.7523	77.22	-42.6
5033.7281	77.8	-35.8
5118.0947	78.64	-34.9
5203.8752	79.24	-38.3
5291.0934	79.53	-44.7
5379.7734	79.31	-53.7
5469.9397	78.2	-62.3
5561.6173	76.11	-64
5654.8313	73.99	-53
5749.6077	73.71	-38.6
5845.9725	74.65	-32.4
5943.9525	75.59	-32.7
6043.5746	76.14	-37.4
6144.8664	76	-42.5
6247.8558	75.74	-44.9
6352.5714	75.76	-47.4
6459.0421	75.81	-51.2
6567.2972	76.01	-57.3
6677.3667	75.71	-67.7
6789.281	74.39	-75.2
6903.071	73.07	-76.6
7018.7682	72.39	-78.1
7136.4045	72.04	-82.7
7256.0123	71.59	-91.2
7377.6249	70.67	-101.8
7501.2757	69.29	-113.2
7626.9989	67.67	-126.1
7754.8293	65.92	-146.8
7884.8021	63.44	-45.9
8016.9533	61.78	145.9
8151.3194	62.09	95.4
8287.9375	63.43	55.2
8426.8454	65.24	27
8568.0814	66.21	2.8
8711.6845	66.32	-15.3
8857.6945	65.89	-30
9006.1516	64.87	-40.9
9157.0969	63.43	-49.8
9310.5721	60.99	-49.3
9466.6196	59.47	-37.4
9625.2825	59.85	-29.4
9786.6046	60.6	-29.5
9950.6305	60.85	-32.1
10117.405	60.94	-34
10286.976	61.02	-37.2
10459.388	61.3	-42.5
10634.69	61.11	-53.9
10812.93	59.72	-64.8
10994.157	57.4	-66.9
11178.422	54.97	-59.9
11365.775	53.41	-48.2
11556.268	52.93	-34.8
11749.954	53.26	-26.5
11946.886	53.27	-19.4
12147.119	53.45	-8.8
12350.708	54.65	0.5
12557.708	56.2	-0.8
12768.179	56.27	-9.4
12982.177	55.23	-12.8
13199.761	53.79	-10.4
13420.992	53.16	-3
13645.931	53.47	-3.5
13874.641	53.14	-7.4
14107.183	52.01	-3.4
14343.623	50.97	10.7
14584.025	51.8	23.3
14828.457	53.43	23.7
15076.986	54.92	18.1
15329.68	55.83	9.9
15586.609	55.88	-0.4
15847.844	54.96	-6
16113.458	54.97	-6.7
16383.524	55.03	-12.7
16658.115	54.15	-16.4
16937.31	53.88	-10.2
17221.183	53.79	-12.1
17509.814	52.37	-11.9
17803.283	50.97	3.5
18101.67	51.07	18.2
18405.059	52.58	33.3
18713.532	53.99	34.7
19027.176	54.68	30.9
19346.076	55.5	28.4
19670.321	55.27	25.1
20000	55.1	25.3
