20.19895	67.23	110.8
20.53749	67.44	110.3
20.8817	67.65	109.8
21.23169	67.84	109.4
21.58753	68.03	108.9
21.94935	68.2	108.4
22.31722	68.36	107.9
22.69126	68.5	107.4
23.07158	68.64	107
23.45826	68.78	106.5
23.85143	68.92	106
24.25118	69.09	105.5
24.65764	69.29	105.1
25.07091	69.53	104.6
25.4911	69.83	104.1
25.91834	70.19	103.6
26.35274	70.6	103.1
26.79441	71.06	102.7
27.2435	71.55	102.2
27.7001	72.08	101.7
28.16436	72.62	101.3
28.63641	73.18	100.8
29.11636	73.74	100.4
29.60436	74.3	99.9
30.10053	74.85	99.4
30.60502	75.4	99
31.11797	75.93	98.5
31.63952	76.46	98
32.1698	76.96	97.6
32.70898	77.44	97.1
33.25719	77.9	96.7
33.81459	78.32	96.2
34.38133	78.71	95.8
34.95757	79.05	95.3
35.54346	79.36	94.9
36.13918	79.62	94.4
36.74488	79.84	94
37.36074	80.01	93.5
37.98691	80.14	93.1
38.62358	80.21	92.6
39.27092	80.25	92.2
39.92911	80.25	91.7
40.59833	80.23	91.3
41.27877	80.21	90.8
41.97061	80.18	90.3
42.67405	80.16	89.9
43.38928	80.17	89.4
44.11649	80.2	89
44.8559	80.27	88.5
45.60769	80.36	88.1
46.37209	80.5	87.6
47.1493	80.67	87.2
47.93953	80.88	86.7
48.74301	81.11	86.3
49.55995	81.36	85.8
50.39059	81.6	85.3
51.23515	81.84	84.9
52.09386	82.07	84.4
52.96697	82.3	84
53.85471	82.55	83.5
54.75733	82.8	83
55.67507	83.07	82.6
56.6082	83.34	82.1
57.55697	83.6	81.6
58.52164	83.84	81.1
59.50247	84.04	80.7
60.49975	84.19	80.2
61.51374	84.29	79.7
62.54472	84.33	79.2
63.59299	84.33	78.7
64.65882	84.32	78.2
65.74252	84.34	77.7
66.84438	84.45	77.2
67.96471	84.65	76.7
69.10382	84.95	76.2
70.26201	85.32	75.7
71.43962	85.69	75.2
72.63697	86.02	74.7
73.85438	86.29	74.2
75.0922	86.49	73.7
76.35076	86.6	73.1
77.63042	86.63	72.6
78.93152	86.6	72.1
80.25443	86.52	71.5
81.59952	86.43	71
82.96715	86.36	70.4
84.3577	86.37	69.9
85.77155	86.53	69.3
87.2091	86.82	68.8
88.67075	87.2	68.2
90.15689	87.57	67.7
91.66795	87.87	67.1
93.20432	88.05	66.5
94.76645	88.09	65.9
96.35476	88.03	65.3
97.96969	87.91	64.7
99.61168	87.78	64.1
101.2812	87.71	63.5
102.9787	87.71	62.9
104.70465	87.81	62.3
106.45952	87.99	61.6
108.24381	88.2	61
110.058	88.38	60.4
111.9026	88.5	59.7
113.77812	88.55	59.1
115.68507	88.52	58.4
117.62398	88.4	57.8
119.59538	88.25	57.1
121.59983	88.16	56.4
123.63787	88.21	55.8
125.71007	88.39	55.1
127.81701	88.57	54.4
129.95925	88.67	53.7
132.1374	88.65	53
134.35205	88.55	52.3
136.60383	88.45	51.6
138.89334	88.42	50.9
141.22123	88.47	50.1
143.58813	88.56	49.4
145.9947	88.68	48.7
148.44161	88.81	47.9
150.92953	88.87	47.2
153.45914	88.83	46.4
156.03116	88.71	45.7
158.64628	88.62	44.9
161.30523	88.64	44.1
164.00874	88.75	43.4
166.75757	88.84	42.6
169.55247	88.84	41.8
172.39421	88.76	41
175.28358	88.69	40.2
178.22137	88.72	39.4
181.2084	88.82	38.7
184.2455	88.9	37.9
187.3335	88.95	37.1
190.47326	88.96	36.3
193.66564	88.92	35.5
196.91152	88.92	34.7
200.2118	88.98	33.9
203.5674	89.08	33.1
206.97924	89.09	32.3
210.44827	88.99	31.5
213.97543	88.95	30.8
217.56171	89.03	30
221.2081	89.17	29.3
224.9156	89.19	28.5
228.68524	89.11	27.8
232.51806	89.02	27
236.41512	89.04	26.3
240.3775	89.21	25.6
244.40628	89.19	24.9
248.50259	88.95	24.2
252.66756	89	23.5
256.90233	89.16	22.9
261.20807	89.13	22.2
265.58598	88.98	21.5
270.03727	88.87	21
274.56316	88.92	20.3
279.16491	89	19.8
283.84378	88.89	19.2
288.60107	88.86	18.6
293.43809	88.99	18.1
298.35619	88.98	17.6
303.35671	88.92	17.1
308.44104	88.98	16.6
313.61059	89.08	16.1
318.86678	89.07	15.7
324.21107	88.96	15.3
329.64492	88.96	15
335.16985	88.9	14.6
340.78738	88.84	14.3
346.49906	88.88	14.1
352.30647	88.88	13.8
358.21121	88.82	13.6
364.21492	88.84	13.4
370.31925	88.85	13.3
376.5259	88.8	13.2
382.83656	88.79	13
389.253	88.75	13
395.77697	88.74	12.9
402.41029	88.78	12.9
409.15479	88.76	12.8
416.01232	88.74	12.8
422.98479	88.73	12.8
430.07412	88.71	12.7
437.28226	88.7	12.7
444.61122	88.7	12.7
452.06302	88.7	12.7
459.6397	88.71	12.8
467.34338	88.71	12.8
475.17617	88.69	12.8
483.14023	88.66	12.9
491.23778	88.64	13
499.47105	88.62	13.1
507.84231	88.62	13.1
516.35387	88.63	13.2
525.00808	88.65	13.2
533.80735	88.68	13.2
542.75409	88.71	13.3
551.85078	88.74	13.2
561.09994	88.77	13.1
570.50411	88.82	13
580.0659	88.85	12.9
589.78794	88.89	12.7
599.67293	88.94	12.5
609.7236	88.98	12.2
619.94272	89.01	11.9
630.33311	89.04	11.6
640.89765	89.07	11.3
651.63925	89.09	11
662.56088	89.11	10.6
673.66556	89.12	10.2
684.95636	89.12	9.8
696.4364	89.11	9.4
708.10884	89.11	9
719.97692	89.09	8.7
732.04391	89.07	8.4
744.31315	89.05	8.1
756.78802	89.03	7.9
769.47197	89.02	7.8
782.36851	89.02	7.8
795.4812	89.02	7.7
808.81366	89.05	7.7
822.36957	89.09	7.7
836.15269	89.15	7.6
850.16681	89.22	7.4
864.41582	89.3	7.1
878.90364	89.39	6.6
893.63428	89.48	6
908.61181	89.57	5.2
923.84036	89.64	4.2
939.32415	89.69	3
955.06746	89.71	1.8
971.07462	89.7	0.4
987.35007	89.67	-0.9
1003.8983	89.6	-2.2
1020.7239	89.5	-3.4
1037.8315	89.38	-4.5
1055.2258	89.24	-5.5
1072.9116	89.09	-6.2
1090.8939	88.95	-6.8
1109.1775	88.82	-7.3
1127.7676	88.71	-7.7
1146.6693	88.61	-8.1
1165.8877	88.53	-8.6
1185.4283	88.46	-9.3
1205.2964	88.37	-10.1
1225.4974	88.26	-11.1
1246.0371	88.11	-12.2
1266.9209	87.9	-13.3
1288.1549	87.64	-14.2
1309.7446	87.32	-14.8
1331.6963	86.96	-15
1354.0158	86.58	-14.5
1376.7095	86.23	-13.3
1399.7835	85.95	-11.4
1423.2442	85.78	-9
1447.0981	85.76	-6.5
1471.3518	85.87	-4.2
1496.012	86.08	-2.5
1521.0856	86.36	-1.5
1546.5793	86.66	-1.2
1572.5004	86.95	-1.5
1598.8559	87.21	-2.5
1625.6531	87.44	-3.8
1652.8994	87.62	-5.4
1680.6024	87.77	-7.3
1708.7697	87.89	-9.5
1737.4091	87.95	-11.9
1766.5285	87.97	-14.7
1796.136	87.92	-17.6
1826.2397	87.8	-20.8
1856.8479	87.59	-24
1887.9691	87.29	-27.1
1919.612	86.9	-30.1
1951.7851	86.44	-32.8
1984.4975	85.91	-35
2017.7582	85.33	-36.8
2051.5763	84.72	-38.1
2085.9612	84.1	-38.8
2120.9224	83.47	-39
2156.4696	82.87	-38.6
2192.6126	82.31	-37.8
2229.3613	81.83	-36.5
2266.7259	81.43	-35.2
2304.7168	81.11	-33.8
2343.3444	80.86	-32.7
2382.6195	80.67	-31.8
2422.5528	80.53	-31.5
2463.1553	80.39	-31.7
2504.4384	80.23	-32.6
2546.4134	80	-33.9
2589.0919	79.67	-35.4
2632.4858	79.25	-36.8
2676.6069	78.8	-37.8
2721.4674	78.35	-38.5
2767.0799	77.93	-39.4
2813.4568	77.49	-40.6
2860.6111	76.99	-41.9
2908.5556	76.43	-43.3
2957.3037	75.83	-44.3
3006.8689	75.24	-45.2
3057.2647	74.68	-46
3108.5052	74.15	-46.8
3160.6045	73.73	-47.5
3213.577	73.55	-48.7
3267.4374	73.62	-51.9
3322.2004	73.77	-58.3
3377.8813	73.75	-67.9
3434.4954	73.37	-79.4
3492.0584	72.65	-90.9
3550.5862	71.79	-100.8
3610.0949	71.17	-108.8
3670.6009	70.97	-116.7
3732.1211	70.94	-126.1
3794.6724	70.74	-135.8
3858.272	70.29	-142.5
3922.9376	70.09	-144.3
3988.687	70.65	-143.8
4055.5384	71.76	-144.9
4123.5102	72.94	-147.9
4192.6212	74.14	-151.4
4262.8906	75.44	-156
4334.3377	76.61	-162.9
4406.9822	77.32	-170.9
4480.8443	77.61	-177.7
4555.9444	77.82	178.5
4632.3031	78.2	175.1
4709.9417	78.6	170.7
4788.8814	78.77	165.6
4869.1443	78.74	161.3
4950.7523	78.66	157.9
5033.7281	78.52	154.2
5118.0947	78.12	150.5
5203.8752	77.41	149.2
5291.0934	76.86	151.3
5379.7734	76.81	154
5469.9397	76.92	154.6
5561.6173	76.9	154.2
5654.8313	76.79	152.9
5749.6077	76.21	150.9
5845.9725	75	153.1
5943.9525	74.33	162.6
6043.5746	74.66	171
6144.8664	75.04	176.9
6247.8558	75.67	-175.9
6352.5714	77.16	-169.9
6459.0421	78.87	-171.1
6567.2972	80.06	-178.2
6677.3667	80.36	173.6
6789.281	79.92	167.5
6903.071	79.23	164.7
7018.7682	78.28	166.1
7136.4045	78.12	174.7
7256.0123	79.37	179.3
7377.6249	80.53	177
7501.2757	81.42	172.7
7626.9989	82.17	165.9
7754.8293	82.56	157.3
7884.8021	82.7	147.4
8016.9533	82.4	134.7
8151.3194	81.13	120.8
8287.9375	78.68	110.6
8426.8454	75.49	110.7
8568.0814	73.28	123.3
8711.6845	72.9	136.3
8857.6945	73.35	144.6
9006.1516	74.31	148.1
9157.0969	75.38	144.8
9310.5721	75.64	135.5
9466.6196	74.92	127.9
9625.2825	74.2	122.7
9786.6046	73	115.9
9950.6305	70.91	114.9
10117.405	69.2	124
10286.976	69.29	138.9
10459.388	71.26	144.8
10634.69	73.06	138
10812.93	73.78	126.2
10994.157	74.06	114.6
11178.422	74.2	97.5
11365.775	72.52	73.4
11556.268	67.62	58.2
11749.954	62.41	79.1
11946.886	62.52	99.2
12147.119	62.32	107.2
12350.708	62.6	122.5
12557.708	65.07	131.9
12768.179	67.89	125.8
12982.177	69.18	106.6
13199.761	67.78	87.4
13420.992	65.2	83.5
13645.931	63.65	90
13874.641	63.59	99.8
14107.183	65.35	103.1
14343.623	66.49	89.8
14584.025	65.89	77.3
14828.457	64.34	68.5
15076.986	63.17	70.9
15329.68	63.06	69.2
15586.609	62.43	68.4
15847.844	63.02	75.7
16113.458	65.27	73
16383.524	67.08	56
16658.115	66.96	29.8
16937.31	63.69	10.9
17221.183	60.65	16.6
17509.814	61.82	18.3
17803.283	62.81	-21.4
18101.67	59.24	-101
18405.059	57.86	155.1
18713.532	61.13	82.2
19027.176	63.67	47.1
19346.076	65.65	18.3
19670.321	66.17	-10
