5.00000	64.604	109.717
5.07273	64.680	109.669
5.14651	64.777	109.608
5.22137	64.909	109.531
5.29732	65.054	109.453
5.37437	65.214	109.369
5.45254	65.373	109.286
5.53185	65.533	109.203
5.61231	65.693	109.119
5.69394	65.853	109.034
5.77676	66.013	108.948
5.86079	66.173	108.860
5.94604	66.333	108.772
6.03252	66.493	108.683
6.12027	66.653	108.592
6.20929	66.813	108.500
6.29961	66.973	108.407
6.39124	67.133	108.313
6.48420	67.293	108.217
6.57851	67.453	108.120
6.67420	67.613	108.022
6.77128	67.773	107.922
6.86977	67.932	107.821
6.96969	68.092	107.719
7.07107	68.252	107.615
7.17392	68.412	107.509
7.27827	68.572	107.402
7.38413	68.732	107.294
7.49154	68.892	107.184
7.60050	69.052	107.072
7.71105	69.212	106.959
7.82321	69.372	106.845
7.93701	69.532	106.728
8.05245	69.692	106.610
8.16958	69.852	106.490
8.28841	70.012	106.368
8.40896	70.172	106.244
8.53128	70.332	106.119
8.65537	70.491	105.991
8.78126	70.651	105.862
8.90899	70.811	105.731
9.03857	70.971	105.598
9.17004	71.131	105.463
9.30342	71.291	105.326
9.43874	71.451	105.187
9.57603	71.611	105.045
9.71532	71.771	104.902
9.85663	71.931	104.756
10.0000	72.091	104.608
10.1455	72.251	104.458
10.2930	72.411	104.306
10.4427	72.571	104.151
10.5946	72.731	103.993
10.7487	72.891	103.834
10.9051	73.050	103.672
11.0637	73.210	103.507
11.2246	73.370	103.340
11.3879	73.530	103.170
11.5535	73.690	102.997
11.7216	73.850	102.822
11.8921	74.010	102.643
12.0650	74.170	102.462
12.2405	74.330	102.278
12.4186	74.490	102.091
12.5992	74.650	101.901
12.7825	74.810	101.708
12.9684	74.970	101.512
13.1570	75.130	101.312
13.3484	75.290	101.109
13.5426	75.450	100.903
13.7395	75.609	100.693
13.9394	75.769	100.480
14.1421	75.929	100.263
14.3478	76.089	100.042
14.5565	76.249	99.818
14.7683	76.409	99.589
14.9831	76.569	99.357
15.2010	76.729	99.120
15.4221	76.889	98.879
15.6464	77.049	98.634
15.8740	77.209	98.384
16.1049	77.369	98.129
16.3392	77.529	97.870
16.5768	77.689	97.606
16.8179	77.849	97.337
17.0626	78.009	97.062
17.3107	78.168	96.782
17.5625	78.328	96.496
17.8180	78.488	96.204
18.0771	78.648	95.906
18.3401	78.808	95.601
18.6068	78.968	95.289
18.8775	79.128	94.969
19.1521	79.288	94.640
19.4306	79.448	94.301
19.7133	79.607	93.951
20.0000	79.766	93.587
20.2909	79.923	93.214
20.5860	80.077	92.838
20.8855	80.229	92.465
21.1893	80.380	92.099
21.4975	80.530	91.746
21.8102	80.683	91.404
22.1274	80.839	91.070
22.4492	81.001	90.736
22.7758	81.173	90.374
23.1071	81.352	89.943
23.4432	81.530	89.430
23.7841	81.704	88.837
24.1301	81.865	88.173
24.4811	82.010	87.474
24.8372	82.136	86.789
25.1984	82.246	86.170
25.5649	82.354	85.626
25.9368	82.458	85.155
26.3141	82.568	84.766
26.6968	82.698	84.397
27.0851	82.837	83.972
27.4791	82.972	83.495
27.8788	83.100	82.994
28.2843	83.222	82.483
28.6957	83.333	81.988
29.1131	83.437	81.552
29.5365	83.545	81.178
29.9661	83.659	80.840
30.4020	83.776	80.534
30.8442	83.899	80.275
31.2929	84.043	80.017
31.7480	84.203	79.684
32.2098	84.363	79.266
32.6783	84.528	78.750
33.1536	84.673	78.159
33.6359	84.802	77.577
34.1251	84.925	77.042
34.6215	85.049	76.556
35.1250	85.179	76.119
35.6359	85.334	75.652
36.1543	85.493	75.088
36.6802	85.651	74.428
37.2137	85.802	73.667
37.7550	85.925	72.865
38.3041	86.032	72.110
38.8613	86.139	71.405
39.4265	86.239	70.748
40.0000	86.355	70.116
40.5818	86.474	69.442
41.1721	86.591	68.731
41.7710	86.705	67.978
42.3785	86.809	67.201
42.9949	86.907	66.430
43.6203	87.008	65.628
44.2548	87.093	64.796
44.8985	87.165	63.989
45.5515	87.229	63.227
46.2141	87.286	62.526
46.8863	87.348	61.880
47.5683	87.413	61.263
48.2602	87.485	60.655
48.9621	87.564	60.018
49.6743	87.641	59.327
50.3968	87.710	58.596
51.1299	87.768	57.849
51.8736	87.814	57.104
52.6281	87.841	56.407
53.3936	87.855	55.822
54.1702	87.875	55.372
54.9581	87.912	55.017
55.7575	87.982	54.644
56.5685	88.068	54.135
57.3914	88.148	53.470
58.2261	88.210	52.661
59.0730	88.220	51.811
59.9323	88.183	51.114
60.8040	88.128	50.682
61.6884	88.075	50.543
62.5857	88.056	50.640
63.4960	88.082	50.823
64.4196	88.139	50.973
65.3566	88.215	51.050
66.3073	88.301	51.059
67.2717	88.395	51.004
68.2502	88.493	50.899
69.2429	88.603	50.725
70.2501	88.712	50.455
71.2719	88.809	50.139
72.3086	88.902	49.823
73.3603	88.996	49.509
74.4274	89.094	49.194
75.5099	89.207	48.830
76.6083	89.320	48.376
77.7226	89.425	47.846
78.8531	89.520	47.264
80.0000	89.602	46.658
81.1636	89.672	46.069
82.3442	89.735	45.517
83.5419	89.793	45.016
84.7570	89.857	44.552
85.9899	89.925	44.101
87.2406	89.997	43.658
88.5096	90.081	43.190
89.7970	90.168	42.647
91.1031	90.245	42.050
92.4282	90.314	41.443
93.7726	90.381	40.824
95.1366	90.442	40.200
96.5204	90.503	39.569
97.9243	90.564	38.909
99.3486	90.617	38.215
100.794	90.659	37.499
102.260	90.685	36.794
103.747	90.695	36.158
105.256	90.702	35.621
106.787	90.711	35.182
108.340	90.736	34.808
109.916	90.778	34.440
111.515	90.835	34.030
113.137	90.904	33.525
114.783	90.976	32.882
116.452	91.035	32.103
118.146	91.072	31.220
119.865	91.073	30.302
121.608	91.035	29.454
123.377	90.965	28.781
125.171	90.882	28.357
126.992	90.808	28.191
128.839	90.763	28.226
130.713	90.760	28.347
132.615	90.798	28.410
134.543	90.851	28.338
136.500	90.908	28.141
138.486	90.958	27.852
140.500	90.993	27.537
142.544	91.025	27.248
144.617	91.064	26.975
146.721	91.113	26.675
148.855	91.170	26.299
151.020	91.221	25.835
153.217	91.260	25.313
155.445	91.284	24.768
157.706	91.293	24.247
160.000	91.297	23.772
162.327	91.297	23.340
164.688	91.297	22.944
167.084	91.297	22.572
169.514	91.297	22.220
171.980	91.297	21.885
174.481	91.297	21.565
177.019	91.297	21.258
179.594	91.297	20.964
182.206	91.297	20.682
184.856	91.297	20.412
187.545	91.297	20.154
190.273	91.297	19.909
193.041	91.297	19.678
195.849	91.297	19.463
198.697	91.297	19.274
201.587	91.300	19.111
204.520	91.309	18.971
207.494	91.329	18.829
210.512	91.358	18.640
213.574	91.386	18.397
216.681	91.415	18.100
219.833	91.435	17.757
223.030	91.443	17.407
226.274	91.446	17.076
229.565	91.446	16.765
232.905	91.446	16.468
236.292	91.446	16.169
239.729	91.443	15.864
243.216	91.436	15.550
246.754	91.418	15.248
250.343	91.391	14.997
253.984	91.363	14.811
257.678	91.334	14.690
261.426	91.312	14.629
265.229	91.302	14.591
269.087	91.297	14.545
273.001	91.297	14.485
276.972	91.297	14.412
281.000	91.297	14.334
285.088	91.297	14.253
289.234	91.297	14.172
293.441	91.297	14.090
297.709	91.297	14.007
302.040	91.297	13.920
306.433	91.297	13.821
310.890	91.293	13.702
315.412	91.282	13.570
320.000	91.254	13.463
324.655	91.208	13.459
329.377	91.159	13.621
334.168	91.124	13.949
339.028	91.115	14.397
343.959	91.144	14.869
348.962	91.210	15.231
354.038	91.288	15.412
359.188	91.362	15.439
364.412	91.435	15.324
369.713	91.490	15.072
375.090	91.517	14.741
380.546	91.513	14.375
386.081	91.456	14.080
391.697	91.345	14.057
397.394	91.207	14.497
403.175	91.066	15.598
409.039	91.006	17.440
414.989	91.112	19.710
421.025	91.401	21.844
427.149	91.874	23.197
433.362	92.443	23.299
439.665	92.989	22.174
446.060	93.445	20.085
452.548	93.757	17.333
459.131	93.904	14.266
465.809	93.910	11.185
472.584	93.787	8.248
479.458	93.537	5.645
486.432	93.169	3.615
493.507	92.725	2.347
500.686	92.234	1.995
507.968	91.751	2.723
515.357	91.354	4.487
522.853	91.085	7.082
530.458	90.988	10.227
538.174	91.091	13.472
546.002	91.395	16.283
553.943	91.856	18.139
562.001	92.399	18.776
570.175	92.940	18.200
578.469	93.394	16.627
586.883	93.709	14.422
595.419	93.874	11.912
604.080	93.874	9.470
612.866	93.762	7.382
621.780	93.571	5.803
630.824	93.339	4.861
640.000	93.125	4.558
649.309	92.957	4.786
658.753	92.860	5.416
668.335	92.869	6.196
678.056	92.979	6.800
687.919	93.162	6.945
697.925	93.361	6.552
708.077	93.552	5.634
718.376	93.688	4.267
728.825	93.753	2.634
739.426	93.761	0.829
750.181	93.689	-1.120
761.093	93.498	-2.997
772.163	93.206	-4.619
783.394	92.776	-5.669
794.789	92.260	-5.670
806.349	91.782	-4.457
818.078	91.386	-2.069
829.977	91.170	1.245
842.050	91.191	4.729
854.298	91.392	7.848
866.724	91.747	10.224
879.330	92.198	11.665
892.120	92.692	12.058
905.097	93.145	11.482
918.262	93.501	10.238
931.618	93.746	8.600
945.169	93.851	6.897
958.917	93.862	5.469
972.864	93.845	4.400
987.015	93.826	3.636
1001.37	93.834	3.063
1015.94	93.875	2.475
1030.71	93.910	1.778
1045.71	93.927	0.992
1060.92	93.898	0.210
1076.35	93.822	-0.385
1092.00	93.728	-0.660
1107.89	93.641	-0.568
1124.00	93.600	-0.161
1140.35	93.624	0.381
1156.94	93.711	0.869
1173.77	93.847	1.158
1190.84	94.004	1.206
1208.16	94.178	1.015
1225.73	94.358	0.560
1243.56	94.525	-0.133
1261.65	94.677	-1.024
1280.00	94.802	-2.066
1298.62	94.903	-3.220
1317.51	94.978	-4.468
1336.67	95.011	-5.726
1356.11	95.017	-6.917
1375.84	95.000	-8.020
1395.85	94.962	-8.980
1416.15	94.933	-9.778
1436.75	94.930	-10.521
1457.65	94.945	-11.326
1478.85	94.961	-12.240
1500.36	94.967	-13.262
1522.19	94.956	-14.369
1544.33	94.924	-15.543
1566.79	94.865	-16.749
1589.58	94.780	-17.966
1612.70	94.659	-19.162
1636.16	94.495	-20.275
1659.95	94.290	-21.243
1684.10	94.032	-21.956
1708.60	93.739	-22.287
1733.45	93.425	-22.156
1758.66	93.104	-21.467
1784.24	92.808	-20.154
1810.19	92.569	-18.222
1836.52	92.420	-15.751
1863.24	92.386	-12.871
1890.34	92.492	-9.773
1917.83	92.769	-6.794
1945.73	93.201	-4.331
1974.03	93.766	-2.744
2002.74	94.402	-2.245
2031.87	95.042	-2.821
2061.43	95.630	-4.324
2091.41	96.123	-6.511
2121.83	96.518	-9.167
2152.69	96.813	-12.149
2184.01	96.997	-15.294
2215.77	97.086	-18.466
2248.00	97.064	-21.542
2280.70	96.937	-24.360
2313.87	96.719	-26.732
2347.53	96.436	-28.497
2381.68	96.133	-29.546
2416.32	95.851	-29.874
2451.46	95.626	-29.570
2487.12	95.475	-28.784
2523.30	95.397	-27.598
2560.00	95.412	-26.034
2597.24	95.548	-24.115
2635.01	95.870	-22.068
2673.34	96.422	-20.464
2712.23	97.177	-19.979
2751.68	98.062	-21.081
2791.70	98.963	-23.828
2832.31	99.799	-28.086
2873.50	100.488	-33.613
2915.30	100.955	-39.999
2957.70	101.190	-46.871
3000.72	101.173	-53.950
3044.37	100.885	-60.921
3088.65	100.369	-67.418
3133.58	99.638	-73.110
3179.16	98.750	-77.668
3225.40	97.767	-80.861
3272.31	96.741	-82.454
3319.91	95.779	-82.293
3368.20	94.977	-80.489
3417.19	94.413	-77.400
3466.89	94.155	-73.752
3517.32	94.188	-70.415
3568.48	94.451	-68.101
3620.39	94.857	-67.142
3673.05	95.305	-67.578
3726.47	95.689	-69.152
3780.67	95.964	-71.482
3835.67	96.106	-74.230
3891.46	96.107	-77.068
3948.06	95.997	-79.679
4005.49	95.825	-81.855
4063.75	95.656	-83.544
4122.86	95.537	-84.858
4182.82	95.507	-86.043
4243.66	95.579	-87.476
4305.39	95.699	-89.439
4368.01	95.818	-92.005
4431.55	95.881	-95.125
4496.01	95.830	-98.607
4561.40	95.647	-102.130
4627.75	95.350	-105.405
4695.06	94.972	-108.208
4763.35	94.571	-110.379
4832.64	94.217	-111.972
4902.93	93.950	-113.204
4974.24	93.792	-114.389
5046.60	93.741	-115.910
5120.00	93.734	-118.003
5194.47	93.731	-120.720
5270.03	93.676	-124.024
5346.68	93.519	-127.733
5424.45	93.256	-131.627
5503.35	92.887	-135.579
5583.40	92.412	-139.409
5664.61	91.856	-142.994
5747.01	91.221	-146.282
5830.60	90.486	-149.124
5915.41	89.658	-151.277
6001.45	88.768	-152.442
6088.74	87.893	-152.334
6177.30	87.158	-150.944
6267.15	86.667	-148.803
6358.31	86.451	-146.880
6450.80	86.437	-146.008
6544.62	86.494	-146.442
6639.82	86.510	-148.012
6736.40	86.417	-150.355
6834.38	86.207	-153.136
6933.79	85.889	-156.141
7034.64	85.471	-159.212
7136.96	84.952	-162.261
7240.77	84.315	-165.098
7346.09	83.574	-167.519
7452.94	82.776	-169.422
7561.35	81.936	-170.732
7671.33	81.121	-171.484
7782.91	80.370	-172.035
7896.12	79.614	-172.693
8010.97	78.784	-173.436
8127.49	77.825	-174.084
8245.71	76.637	-173.987
8365.65	75.292	-172.041
8487.33	73.996	-167.260
8610.78	72.955	-159.028
8736.03	72.454	-148.825
8863.09	72.576	-140.187
8992.01	73.020	-134.697
9122.80	73.547	-132.137
9255.50	73.969	-131.484
9390.12	74.200	-131.999
9526.70	74.211	-133.025
9665.27	74.028	-134.001
9805.86	73.710	-134.578
9948.49	73.315	-134.555
10093.2	72.905	-133.856
10240.0	72.561	-132.741
10388.9	72.249	-131.592
10540.1	71.932	-130.514
10693.4	71.566	-129.457
10848.9	71.090	-127.958
11006.7	70.566	-125.356
11166.8	70.127	-121.176
11329.2	69.937	-115.632
11494.0	70.123	-110.027
11661.2	70.634	-105.957
11830.8	71.301	-104.223
12002.9	71.904	-104.501
12177.5	72.315	-106.034
12354.6	72.490	-108.098
12534.3	72.459	-110.107
12716.6	72.306	-111.666
12901.6	72.128	-112.686
13089.2	71.988	-113.403
13279.6	71.885	-114.137
13472.8	71.781	-115.084
13668.8	71.640	-116.274
13867.6	71.422	-117.603
14069.3	71.109	-118.844
14273.9	70.724	-119.806
14481.5	70.278	-120.361
14692.2	69.796	-120.385
14905.9	69.301	-119.772
15122.7	68.841	-118.454
15342.7	68.476	-116.556
15565.8	68.234	-114.406
15792.2	68.126	-112.470
16021.9	68.109	-111.219
16255.0	68.076	-110.718
16491.4	67.961	-110.683
16731.3	67.737	-110.736
16974.7	67.412	-110.502
17221.6	67.034	-109.702
17472.1	66.658	-108.233
17726.2	66.327	-106.101
17984.0	66.093	-103.424
18245.6	65.981	-100.464
18511.0	66.006	-97.573
18780.2	66.165	-95.196
19053.4	66.393	-93.612
19330.5	66.625	-92.798
19611.7	66.817	-92.572
19897.0	66.947	-92.703
20186.4	67.018	-92.989
20480.0	67.047	-93.304
20777.9	67.056	-93.613
21080.1	67.054	-93.944
21386.7	67.044	-94.339
21697.8	67.015	-94.815
22013.4	66.962	-95.341
22333.6	66.883	-95.873
22658.4	66.778	-96.364
22988.0	66.655	-96.772
23322.4	66.524	-97.087
23661.6	66.390	-97.327
24005.8	66.256	-97.509
24355.0	66.122	-97.652
24709.2	65.988	-97.763
25068.6	65.854	-97.851
25433.2	65.720	-97.918
25803.2	65.586	-97.968
26178.5	65.452	-98.004
26559.3	65.318	-98.029
26945.6	65.184	-98.043
27337.5	65.050	-98.048
27735.2	64.915	-98.045
28138.6	64.781	-98.035
28547.9	64.647	-98.019
28963.1	64.513	-97.998
29384.4	64.379	-97.971
29811.8	64.245	-97.941
30245.4	64.111	-97.906
30685.3	63.977	-97.867
31131.7	63.843	-97.826
31584.5	63.709	-97.781
32043.9	63.575	-97.733
32510.0	63.441	-97.683
32982.8	63.307	-97.630
33462.6	63.172	-97.575
33949.3	63.038	-97.517
34443.1	62.904	-97.457
34944.1	62.770	-97.395
35452.4	62.636	-97.330
35968.0	62.502	-97.263
36491.2	62.368	-97.194
37022.0	62.234	-97.121
37560.5	62.100	-97.048
38106.8	61.978	-96.979
38661.1	61.868	-96.920
39223.4	61.786	-96.876
39793.9	61.723	-96.842
