10.0000 3.03020 167.25186
10.1517 3.29170 166.85015
10.3056 3.29170 167.10926
10.4619 3.55320 168.06500
10.6205 3.81470 168.56142
10.7816 4.07620 168.94041
10.9451 4.33760 169.26562
11.1111 4.59910 169.55129
11.2796 4.86060 169.80201
11.4507 5.12210 170.03745
11.6243 5.38360 170.26465
11.8006 5.64510 170.46814
11.9795 5.90660 170.65895
12.1612 6.16800 170.85232
12.3456 6.42950 171.02463
12.5329 6.69100 171.19443
12.7229 6.95250 171.36037
12.9159 7.21400 171.51093
13.1117 7.47550 171.66885
13.3106 7.73700 171.80592
13.5124 7.99850 171.95386
13.7174 8.25990 172.08251
13.9254 8.52140 172.21984
14.1366 8.78290 172.34429
14.3509 9.04440 172.46772
14.5686 9.30590 172.59088
14.7895 9.56740 172.70241
15.0138 9.82890 172.81782
15.2415 10.09040 172.93083
15.4726 10.35190 173.03404
15.7073 10.61340 173.13625
15.9455 10.87480 173.24078
16.1873 11.13630 173.34222
16.4328 11.39780 173.43711
16.6820 11.65930 173.52950
16.9350 11.92080 173.61995
17.1918 12.18230 173.70840
17.4525 12.44380 173.79498
17.7172 12.70530 173.87996
17.9859 12.96680 173.96280
18.2586 13.22830 174.04340
18.5355 13.48980 174.12265
18.8166 13.75130 174.20037
19.1020 14.01280 174.27677
19.3916 14.27430 174.35132
19.6857 14.53580 174.42070
19.9843 14.79730 174.48846
20.2873 15.05880 174.55715
20.5950 15.32030 174.62579
20.9073 15.58180 174.68802
21.2244 15.84330 174.75112
21.5462 16.10480 174.81410
21.8730 16.36630 174.87135
22.2047 16.62780 174.93305
22.5414 16.88930 174.98698
22.8833 17.15080 175.04502
23.2303 17.41230 175.09784
23.5826 17.67380 175.15061
23.9402 17.93530 175.20401
24.3033 18.19680 175.25277
24.6718 18.45840 175.30053
25.0460 18.71990 175.34885
25.4258 18.98140 175.39593
25.8114 19.24290 175.44130
26.2028 19.50440 175.48460
26.6002 19.76590 175.52700
27.0036 20.02740 175.56873
27.4131 20.28900 175.60917
27.8288 20.55050 175.64763
28.2509 20.81200 175.68486
28.6793 21.07350 175.72103
29.1142 21.33500 175.75730
29.5557 21.59660 175.79284
30.0040 21.85810 175.82492
30.4590 22.11960 175.85768
30.9209 22.38110 175.88957
31.3898 22.64270 175.91947
31.8658 22.90420 175.94858
32.3491 23.16570 175.97728
32.8397 23.42730 176.00357
33.3377 23.68880 176.03023
33.8433 23.95030 176.05638
34.3565 24.21190 176.08043
34.8775 24.47340 176.10337
35.4064 24.73500 176.12539
35.9434 24.99650 176.14668
36.4885 25.25810 176.16731
37.0418 25.51960 176.18700
37.6036 25.78120 176.20521
38.1738 26.04270 176.22223
38.7527 26.30430 176.23910
39.3404 26.56580 176.25504
39.9370 26.82740 176.26943
40.5427 27.08900 176.28368
41.1575 27.35050 176.29637
41.7817 27.61210 176.30845
42.4153 27.87370 176.32018
43.0585 28.13530 176.33026
43.7115 28.39680 176.33937
44.3744 28.65840 176.34801
45.0474 28.92000 176.35581
45.7305 29.18160 176.36281
46.4240 29.44320 176.36862
47.1280 29.70480 176.37320
47.8427 29.96640 176.37732
48.5683 30.22800 176.38079
49.3048 30.48960 176.38292
50.0525 30.75120 176.38455
50.8116 31.01280 176.38537
51.5822 31.27440 176.38508
52.3644 31.53600 176.38422
53.1585 31.79770 176.38233
53.9647 32.05930 176.37935
54.7831 32.32090 176.37613
55.6139 32.58260 176.37207
56.4572 32.84420 176.36685
57.3134 33.10590 176.36023
58.1826 33.36750 176.35377
59.0649 33.62920 176.34571
59.9607 33.89090 176.33682
60.8700 34.15250 176.32751
61.7931 34.41420 176.31741
62.7302 34.67590 176.30616
63.6815 34.93760 176.29392
64.6472 35.19930 176.28067
65.6276 35.46100 176.26671
66.6229 35.72270 176.25212
67.6332 35.98440 176.23640
68.6589 36.24610 176.22012
69.7001 36.50790 176.20291
70.7571 36.76960 176.18448
71.8302 37.03130 176.16557
72.9195 37.29310 176.14576
74.0253 37.55490 176.12450
75.1479 37.81660 176.10288
76.2875 38.07840 176.08026
77.4444 38.34020 176.05685
78.6189 38.60200 176.03223
79.8112 38.86380 176.00686
81.0215 39.12560 175.98082
82.2502 39.38750 175.95365
83.4975 39.64930 175.92527
84.7638 39.91120 175.89608
86.0493 40.17300 175.86601
87.3542 40.43490 175.83536
88.6789 40.69680 175.80339
90.0238 40.95870 175.77040
91.3890 41.22060 175.73649
92.7749 41.48250 175.70180
94.1819 41.74450 175.66606
95.6101 42.00640 175.62925
97.0601 42.26840 175.59155
98.5320 42.53040 175.55270
100.026 42.79240 175.51286
101.543 43.05440 175.47198
103.083 43.31640 175.43026
104.646 43.57850 175.38732
106.233 43.84050 175.34340
107.844 44.10260 175.29857
109.480 44.36470 175.25257
111.140 44.62680 175.20577
112.826 44.88900 175.15744
114.537 45.15110 175.10817
116.274 45.41330 175.05802
118.037 45.67550 175.00676
119.827 45.93780 174.95418
121.644 46.20000 174.90026
123.489 46.46230 174.84550
125.362 46.72460 174.78935
127.263 46.98690 174.73205
129.193 47.24920 174.67396
131.152 47.51160 174.61458
133.141 47.77400 174.55382
135.160 48.03640 174.49206
137.210 48.29890 174.42911
139.290 48.56140 174.36454
141.403 48.82390 174.29884
143.547 49.08640 174.23213
145.724 49.34900 174.16419
147.934 49.61160 174.09504
150.178 49.87430 174.02446
152.455 50.13700 173.95234
154.767 50.39970 173.87887
157.114 50.66240 173.80441
159.497 50.92520 173.72887
161.915 51.18810 173.65172
164.371 51.45100 173.57299
166.864 51.71390 173.49299
169.394 51.97690 173.41164
171.963 52.23990 173.31219
174.571 52.50300 173.24591
177.218 52.76610 173.16361
179.906 53.02920 173.08254
182.634 53.29250 173.00201
185.404 53.55570 172.92212
188.215 53.81910 172.84282
191.070 54.08250 172.76352
193.967 54.34590 172.68478
196.909 54.60940 172.60648
199.895 54.87300 172.52825
202.926 55.13670 172.45021
206.004 55.40040 172.37213
209.128 55.66420 172.29415
212.299 55.92810 172.21586
215.519 56.19200 172.13734
218.787 56.45600 172.05891
222.105 56.72020 171.97953
225.474 56.98440 171.89914
228.893 57.24870 171.81811
232.364 57.51310 171.73606
235.888 57.77750 171.65344
239.465 58.04220 171.56966
243.097 58.30690 171.48577
246.783 58.57170 171.40129
250.526 58.83660 171.31594
254.325 59.10170 171.22937
258.182 59.36690 171.14146
262.097 59.63230 171.05161
266.072 59.89780 170.95957
270.107 60.16340 170.86596
274.203 60.42920 170.77074
278.362 60.69520 170.67345
282.583 60.96140 170.57602
286.868 61.22770 170.47830
291.219 61.49430 170.37885
295.635 61.76110 170.27726
300.118 62.02810 170.17372
304.670 62.29540 170.06743
309.290 62.56290 169.95879
313.981 62.83070 169.84791
318.742 63.09880 169.73465
323.576 63.36730 169.62238
328.483 63.63610 169.50892
333.464 63.90520 169.39342
338.521 64.17480 169.27564
343.655 64.44480 169.15556
348.867 64.71530 169.03309
354.157 64.98630 168.90801
359.528 65.25790 168.78017
364.981 65.53010 168.65610
370.516 65.80290 168.53045
376.134 66.07650 168.40240
381.839 66.35080 168.27230
387.629 66.62610 168.14040
393.508 66.90230 168.00573
399.475 67.17960 167.86825
405.533 67.45800 167.73706
411.683 67.73770 167.60456
417.927 68.01890 167.46949
424.264 68.30160 167.33248
430.698 68.58610 167.19318
437.230 68.87260 167.05085
443.861 69.16130 166.91149
450.592 69.45240 166.77373
457.425 69.74620 166.63305
464.362 70.04310 166.49138
471.404 70.34340 166.34800
478.553 70.64760 166.20235
485.810 70.95620 166.06769
493.178 71.27820 165.93048
500.657 71.61220 165.76063
508.249 71.95510 165.46137
515.957 72.30510 165.11379
523.782 72.64970 164.66307
531.725 72.98760 164.11727
539.789 73.31930 163.54660
547.975 73.64380 162.92145
556.285 73.96020 162.28102
564.721 74.27120 161.63403
573.285 74.57640 160.98121
581.979 74.87680 160.33131
590.805 75.17420 159.70763
599.764 75.46820 159.08056
608.860 75.76080 158.51295
618.093 76.05360 157.94780
627.467 76.34890 157.44612
636.982 76.65100 156.96245
646.642 76.96320 156.51142
656.449 77.28670 156.07232
666.404 77.62670 155.60643
676.510 77.98570 155.11253
686.769 78.36300 154.47324
697.184 78.75660 153.73287
707.757 79.15800 152.69932
718.490 79.54910 151.51964
729.386 79.91050 150.04851
740.447 80.22960 148.50605
751.676 80.50000 147.05248
763.076 80.74140 145.71163
774.648 80.96740 144.68550
786.395 81.20740 143.84223
798.321 81.47910 143.14470
810.428 81.77360 142.51077
822.718 82.10610 141.85302
835.195 82.45880 141.09351
847.861 82.82620 140.20783
860.719 83.20920 139.22290
873.771 83.59590 138.03973
887.022 83.98600 136.73278
900.474 84.37570 135.30475
914.130 84.76110 133.69547
927.993 85.13910 131.96680
942.066 85.50810 130.12501
956.353 85.86320 128.16067
970.856 86.20410 126.11082
985.579 86.53230 123.99592
1000.53 86.84560 121.82364
1015.70 87.14690 119.59630
1031.10 87.43760 117.33166
1046.74 87.71600 115.02494
1062.61 87.98450 112.67327
1078.73 88.24280 110.27858
1095.09 88.48940 107.83026
1111.69 88.72420 105.34583
1128.55 88.94850 102.81071
1145.67 89.15820 100.22344
1163.04 89.35240 97.59373
1180.68 89.53170 94.90673
1198.58 89.69010 92.17984
1216.76 89.82740 89.44515
1235.21 89.94550 86.71134
1253.95 90.03860 83.99173
1272.96 90.11050 81.32463
1292.27 90.16350 78.71885
1311.86 90.19760 76.19906
1331.76 90.21830 73.77937
1351.95 90.22890 71.47186
1372.46 90.23700 69.26475
1393.27 90.24470 67.14195
1414.40 90.25470 65.07504
1435.85 90.26930 63.04111
1457.62 90.28600 60.99419
1479.73 90.30230 58.92891
1502.17 90.31570 56.78570
1524.95 90.31580 54.57790
1548.08 90.29580 52.32023
1571.55 90.24910 50.05150
1595.39 90.17020 47.82347
1619.58 90.05950 45.67734
1644.14 89.92130 43.74817
1669.07 89.76470 42.05980
1694.39 89.60020 40.62377
1720.08 89.44520 39.46554
1746.17 89.31050 38.55364
1772.65 89.20470 37.76310
1799.53 89.13250 37.05902
1826.82 89.08910 36.31356
1854.52 89.06170 35.47431
1882.65 89.04100 34.54642
1911.20 89.01520 33.53493
1940.18 88.97670 32.50696
1969.61 88.93100 31.54823
1999.47 88.88440 30.67206
2029.80 88.84990 29.89315
2060.58 88.83780 29.13564
2091.83 88.84790 28.30476
2123.55 88.87270 27.31858
2155.76 88.89240 26.12085
2188.45 88.88840 24.73859
2221.64 88.84660 23.27334
2255.33 88.75890 21.88442
2289.53 88.63680 20.69566
2324.25 88.49650 19.80533
2359.50 88.36530 19.23863
2395.28 88.26810 18.92528
2431.60 88.21750 18.69729
2468.48 88.20820 18.38858
2505.92 88.22130 17.88780
2543.92 88.22940 17.19375
2582.50 88.21480 16.42056
2621.66 88.18010 15.71776
2661.42 88.14540 15.17967
2701.78 88.14310 14.74597
2742.75 88.18320 14.21448
2784.35 88.24820 13.37710
2826.57 88.29350 12.16464
2869.44 88.27200 10.76601
2912.95 88.17880 9.54022
2957.13 88.05870 8.75825
3001.97 87.98220 8.37016
3047.50 87.98650 7.99989
3093.71 88.04430 7.23253
3140.63 88.08500 5.92045
3188.26 88.03910 4.30228
3236.61 87.90570 2.82539
3285.69 87.73620 1.72955
3335.52 87.57650 0.90072
3386.10 87.42500 0.09030
3437.45 87.22940 -0.73621
3489.58 86.95380 -1.19824
3542.50 86.64160 -0.86147
3596.23 86.39540 0.42722
3650.76 86.30700 2.20425
3706.13 86.38340 3.79114
3762.33 86.55490 4.72899
3819.39 86.73510 4.99591
3877.31 86.89040 4.88933
3936.11 87.04420 4.57519
3995.80 87.21290 3.93600
4056.40 87.36710 2.79136
4117.91 87.44230 1.24152
4180.36 87.41120 -0.31616
4243.76 87.31460 -1.50836
4308.12 87.20940 -2.35886
4373.45 87.09790 -3.01201
4439.77 86.96060 -3.39390
4507.10 86.82510 -3.30886
4575.45 86.75480 -2.85267
4644.84 86.77190 -2.36640
4715.28 86.85190 -2.20826
4786.79 86.94140 -2.49303
4859.38 87.00080 -3.10982
4933.07 87.01800 -3.92516
5007.88 86.97310 -4.82386
5083.83 86.83630 -5.51601
5160.93 86.61840 -5.50069
5239.19 86.40940 -4.41277
5318.65 86.31920 -2.30431
5399.30 86.45000 0.31468
5481.18 86.84680 2.50000
5564.31 87.43490 3.30538
5648.69 88.06630 2.30455
5734.35 88.59610 -0.34693
5821.32 88.91330 -4.02799
5909.60 88.98770 -7.86627
5999.22 88.89310 -11.18362
6090.20 88.71920 -13.81763
6182.55 88.49120 -15.80144
6276.31 88.26360 -17.11063
6371.49 88.11000 -18.13945
6468.12 87.98020 -19.47269
6566.21 87.75280 -21.12083
6665.79 87.33820 -22.39011
6766.87 86.74190 -22.05516
6869.49 86.19020 -19.10528
6973.67 86.03430 -14.10468
7079.43 86.43330 -9.21107
7186.79 87.23530 -6.61464
7295.78 88.14210 -7.22886
7406.42 88.83710 -10.56135
7518.74 89.15000 -15.03233
7632.76 89.15080 -19.18851
7748.51 88.96790 -22.30602
7866.02 88.73770 -24.24499
7985.31 88.57040 -25.43752
8106.41 88.45910 -26.49524
8229.34 88.33170 -27.61015
8354.14 88.13850 -28.50415
8480.83 87.88150 -28.60852
8609.45 87.68000 -27.54852
8740.01 87.67580 -25.72380
8872.55 87.90670 -23.96632
9007.11 88.35960 -23.20966
9143.70 88.90040 -24.13144
9282.37 89.36130 -26.69915
9423.13 89.62800 -30.31532
9566.04 89.65440 -34.10376
9711.11 89.49160 -37.26337
9858.38 89.22890 -39.25339
10007.9 89.02740 -40.06356
10159.7 88.98280 -40.36958
10313.7 89.09970 -41.10275
10470.1 89.25580 -42.90793
10628.9 89.27370 -45.48672
10790.1 89.11850 -47.93610
10953.7 88.85370 -49.49110
11119.9 88.61600 -49.86874
11288.5 88.53730 -49.43170
11459.7 88.69090 -49.08677
11633.5 89.04020 -49.97967
11809.9 89.41560 -52.93895
11989.0 89.53750 -57.78881
12170.8 89.14490 -62.59685
12355.4 88.41840 -64.81067
12542.7 87.86260 -64.02930
12733.0 87.67140 -61.86007
12926.1 87.91610 -60.37630
13122.1 88.35500 -61.32052
13321.1 88.59000 -64.23648
13523.1 88.60700 -67.76839
13728.2 88.44200 -71.39634
13936.4 88.02770 -74.44324
14147.7 87.43580 -75.61910
14362.3 87.01160 -74.79209
14580.1 86.86660 -73.28458
14801.2 86.94820 -72.10446
15025.6 87.25130 -72.30199
15253.5 87.51000 -74.52076
15484.8 87.43900 -77.49087
15719.7 87.14630 -79.39596
15958.0 86.90750 -80.01493
16200.0 86.76350 -79.92036
16445.7 86.80350 -79.78183
16695.1 86.95560 -80.50062
16948.3 87.01730 -81.77730
17205.3 87.09600 -83.14491
17466.3 87.17920 -84.78482
17731.1 87.29130 -87.10255
18000.0 87.25480 -90.18403
18273.0 86.92710 -92.56670
18550.1 86.60250 -93.09291
18831.4 86.53760 -92.66190
19117.0 86.70380 -92.70906
19406.9 86.98370 -94.00919
19701.2 87.21690 -96.57575
20000.0 87.33170 -100.05110
25000.0 85.00000 -134.38981
30000.0 83.00000 -164.91105
35000.0 78.00000 168.28303
