99.61168	69.28	176.5
101.2812	69.58	175.6
102.9787	69.89	174.7
104.70465	70.27	173.8
106.45952	70.61	172.9
108.24381	70.93	172
110.058	71.25	171
111.9026	71.54	170.1
113.77812	71.83	169.2
115.68507	72.21	168.3
117.62398	72.71	167.4
119.59538	73.14	166.5
121.59983	73.22	165.6
123.63787	73.29	164.7
125.71007	73.5	163.8
127.81701	73.69	162.9
129.95925	73.89	161.9
132.1374	74.06	161
134.35205	74.25	160.1
136.60383	74.68	159.2
138.89334	75.16	158.2
141.22123	75.49	157.3
143.58813	75.77	156.4
145.9947	76.11	155.4
148.44161	76.45	154.5
150.92953	76.74	153.5
153.45914	77.03	152.5
156.03116	77.35	151.5
158.64628	77.62	150.6
161.30523	77.87	149.6
164.00874	78.22	148.6
166.75757	78.52	147.6
169.55247	78.71	146.5
172.39421	78.93	145.5
175.28358	79.17	144.5
178.22137	79.2	143.5
181.2084	79.32	142.4
184.2455	79.92	141.4
187.3335	80.43	140.3
190.47326	80.74	139.1
193.66564	80.97	138.1
196.91152	81.16	137
200.2118	81.37	135.9
203.5674	81.6	134.8
206.97924	81.87	133.7
210.44827	82.15	132.4
213.97543	82.44	131.3
217.56171	82.74	130.1
221.2081	83.01	129
224.9156	83.24	127.8
228.68524	83.44	126.5
232.51806	83.63	125.3
236.41512	83.81	124
240.3775	84.07	122.8
244.40628	84.41	121.5
248.50259	84.7	120.2
252.66756	84.96	118.9
256.90233	85.2	117.6
261.20807	85.43	116.3
265.58598	85.65	115
270.03727	85.88	113.5
274.56316	86.12	112.2
279.16491	86.38	110.8
283.84378	86.64	109.4
288.60107	86.88	107.9
293.43809	87.12	106.5
298.35619	87.37	105.1
303.35671	87.59	103.7
308.44104	87.81	102.1
313.61059	88	100.7
318.86678	88.18	99.2
324.21107	88.35	97.7
329.64492	88.51	96.1
335.16985	88.66	94.6
340.78738	88.81	93.1
346.49906	88.96	91.5
352.30647	89.1	89.9
358.21121	89.23	88.4
364.21492	89.35	86.8
370.31925	89.45	85.1
376.5259	89.55	83.6
382.83656	89.64	82
389.253	89.73	80.4
395.77697	89.83	78.8
402.41029	89.91	77.2
409.15479	89.99	75.6
416.01232	90.06	74
422.98479	90.12	72.4
430.07412	90.19	70.8
437.28226	90.23	69.1
444.61122	90.32	67.7
452.06302	90.41	66.1
459.6397	90.45	64.7
467.34338	90.47	63.3
475.17617	90.48	62
483.14023	90.47	60.7
491.23778	90.46	59.4
499.47105	90.45	58.1
507.84231	90.45	56.9
516.35387	90.47	55.7
525.00808	90.48	54.5
533.80735	90.49	53.4
542.75409	90.51	52.3
551.85078	90.52	51.2
561.09994	90.53	50.1
570.50411	90.53	49
580.0659	90.54	47.9
589.78794	90.55	46.9
599.67293	90.55	45.8
609.7236	90.55	44.7
619.94272	90.55	43.6
630.33311	90.54	42.6
640.89765	90.53	41.5
651.63925	90.51	40.4
662.56088	90.49	39.4
673.66556	90.46	38.3
684.95636	90.42	37.3
696.4364	90.37	36.3
708.10884	90.32	35.3
719.97692	90.26	34.4
732.04391	90.19	33.6
744.31315	90.12	32.8
756.78802	90.04	32
769.47197	89.96	31.4
782.36851	89.87	30.8
795.4812	89.79	30.3
808.81366	89.71	29.8
822.36957	89.64	29.5
836.15269	89.57	29.1
850.16681	89.51	28.9
864.41582	89.45	28.6
878.90364	89.4	28.3
893.63428	89.35	28.1
908.61181	89.31	27.9
923.84036	89.26	27.6
939.32415	89.22	27.4
955.06746	89.17	27.2
971.07462	89.13	27
987.35007	89.08	26.9
1003.8983	89.03	26.8
1020.7239	88.99	26.8
1037.8315	88.95	26.8
1055.2258	88.93	26.9
1072.9116	88.92	26.9
1090.8939	88.91	27
1109.1775	88.92	26.9
1127.7676	88.93	26.8
1146.6693	88.93	26.6
1165.8877	88.93	26.3
1185.4283	88.9	26
1205.2964	88.85	25.6
1225.4974	88.78	25.4
1246.0371	88.69	25.3
1266.9209	88.58	25.4
1288.1549	88.47	25.8
1309.7446	88.37	26.4
1331.6963	88.31	27.4
1354.0158	88.3	28.5
1376.7095	88.34	29.6
1399.7835	88.43	30.5
1423.2442	88.56	31.3
1447.0981	88.7	31.8
1471.3518	88.85	32
1496.012	88.99	32
1521.0856	89.1	32
1546.5793	89.21	31.9
1572.5004	89.3	31.8
1598.8559	89.4	31.8
1625.6531	89.52	31.8
1652.8994	89.65	31.7
1680.6024	89.8	31.5
1708.7697	89.95	31.1
1737.4091	90.09	30.4
1766.5285	90.21	29.6
1796.136	90.3	28.7
1826.2397	90.37	27.9
1856.8479	90.43	27
1887.9691	90.48	26.3
1919.612	90.53	25.5
1951.7851	90.58	24.7
1984.4975	90.62	23.7
2017.7582	90.66	22.7
2051.5763	90.66	21.6
2085.9612	90.64	20.6
2120.9224	90.61	19.6
2156.4696	90.57	18.8
2192.6126	90.52	17.9
2229.3613	90.48	17.1
2266.7259	90.42	16.2
2304.7168	90.35	15.2
2343.3444	90.26	14.3
2382.6195	90.14	13.3
2422.5528	89.99	12.4
2463.1553	89.8	11.7
2504.4384	89.57	11.3
2546.4134	89.33	11.5
2589.0919	89.13	12.2
2632.4858	89.03	13.2
2676.6069	89.02	13.9
2721.4674	89.03	14.2
2767.0799	88.99	14.1
2813.4568	88.89	14.4
2860.6111	88.82	15.5
2908.5556	88.91	17
2957.3037	89.21	17.7
3006.8689	89.57	16.8
3057.2647	89.8	14.3
3108.5052	89.79	11.2
3160.6045	89.54	8.6
3213.577	89.17	7.1
3267.4374	88.83	6.6
3322.2004	88.55	6.6
3377.8813	88.3	6.6
3434.4954	88.04	6.7
3492.0584	87.78	7
3550.5862	87.52	7.5
3610.0949	87.26	8.4
3670.6009	87.01	9.7
3732.1211	86.82	11.5
3794.6724	86.73	13.6
3858.272	86.72	15.5
3922.9376	86.81	17.5
3988.687	87.03	19.2
4055.5384	87.36	19.8
4123.5102	87.65	18.9
4192.6212	87.77	17.1
4262.8906	87.73	15.6
4334.3377	87.65	14.6
4406.9822	87.59	13.6
4480.8443	87.49	12
4555.9444	87.22	10.2
4632.3031	86.78	9.2
4709.9417	86.33	9.7
4788.8814	86	10.8
4869.1443	85.69	11.6
4950.7523	85.29	13.2
5033.7281	85.05	16.5
5118.0947	85.14	19.5
5203.8752	85.3	20.7
5291.0934	85.31	21.4
5379.7734	85.36	22.8
5469.9397	85.58	23.8
5561.6173	85.85	23.2
5654.8313	85.91	21.1
5749.6077	85.69	19.4
5845.9725	85.39	19.2
5943.9525	85.21	19.9
6043.5746	85.12	20.1
6144.8664	84.96	19.8
6247.8558	84.69	19.7
6352.5714	84.39	20.5
6459.0421	84.17	22.1
6567.2972	84.19	23.7
6677.3667	84.3	23.4
6789.281	84.14	21.7
6903.071	83.69	21.3
7018.7682	83.25	22.9
7136.4045	83.03	25.5
7256.0123	83.04	27.6
7377.6249	83.05	28.3
7501.2757	82.87	29
7626.9989	82.72	30.6
7754.8293	82.7	32.4
7884.8021	82.8	33.4
8016.9533	82.81	33.3
8151.3194	82.62	33.5
8287.9375	82.4	35.5
8426.8454	82.59	37.9
8568.0814	82.87	37.3
8711.6845	82.81	35.4
8857.6945	82.43	34.3
9006.1516	81.88	35.6
9157.0969	81.63	39.2
9310.5721	81.73	42.6
9466.6196	82.1	45
9625.2825	82.65	44.6
9786.6046	82.83	41.1
9950.6305	82.41	39
10117.405	81.95	40.8
10286.976	82.05	44.3
10459.388	82.56	45.9
10634.69	83.2	44.7
10812.93	83.64	41.4
10994.157	83.78	37.4
11178.422	83.79	35.9
11365.775	84.42	35.2
11556.268	85.64	29.8
11749.954	86.85	16.3
11946.886	87.14	-5.5
12147.119	85.84	-32.5
12350.708	82.83	-59.3
12557.708	79.05	-89.4
12768.179	74.69	-133.9
12982.177	72.36	-40.1
13199.761	74.09	120
13420.992	77.26	85.7
13645.931	79.15	58.9
13874.641	79.77	39.9
14107.183	80.12	25.8
14343.623	80.31	11
14584.025	80.03	-4.8
14828.457	79.31	-22
15076.986	77.5	-39.8
15329.68	74.74	-48.7
15586.609	72.91	-49.5
15847.844	72.16	-52.3
16113.458	71.66	-58.9
16383.524	71.02	-66.7
16658.115	70.62	-74.1
16937.31	70.79	-83.6
17221.183	70.93	-99.1
17509.814	70.23	-112.2
17803.283	71.1	-122.1
18101.67	71.57	-146.5
18405.059	70.79	-170
18713.532	70.15	170
19027.176	69.62	139.2
19346.076	68.69	104.4
19670.321	67.9	64.8
20000	67.54	40.3
