99.61168	60.9	33
101.2812	61.34	30.1
102.9787	61.75	27.3
104.70465	62.17	24.8
106.45952	62.58	22.4
108.24381	62.98	20.1
110.058	63.38	18.1
111.9026	63.79	16
113.77812	64.19	13.9
115.68507	64.59	11.6
117.62398	64.97	9.3
119.59538	65.32	6.8
121.59983	65.64	4.3
123.63787	65.94	1.7
125.71007	66.22	-0.8
127.81701	66.48	-3.2
129.95925	66.72	-5.7
132.1374	66.93	-8.1
134.35205	67.12	-10.5
136.60383	67.31	-12.8
138.89334	67.47	-14.9
141.22123	67.63	-16.9
143.58813	67.78	-18.9
145.9947	67.92	-20.7
148.44161	68.05	-22.4
150.92953	68.17	-24
153.45914	68.3	-25.5
156.03116	68.43	-26.8
158.64628	68.58	-28
161.30523	68.72	-29.1
164.00874	68.88	-30.2
166.75757	69.04	-31.3
169.55247	69.2	-32.4
172.39421	69.36	-33.6
175.28358	69.52	-34.7
178.22137	69.67	-35.8
181.2084	69.8	-36.9
184.2455	69.92	-37.9
187.3335	70.03	-38.9
190.47326	70.12	-39.7
193.66564	70.2	-40.2
196.91152	70.27	-40.4
200.2118	70.35	-40.2
203.5674	70.46	-39.4
206.97924	70.61	-38.1
210.44827	70.8	-36.3
213.97543	71.06	-34.1
217.56171	71.37	-31.7
221.2081	71.71	-29.4
224.9156	72.11	-27.2
228.68524	72.52	-25
232.51806	72.96	-22.9
236.41512	73.41	-20.9
240.3775	73.9	-19.2
244.40628	74.39	-18
248.50259	74.88	-17.4
252.66756	75.36	-17.4
256.90233	75.81	-17.8
261.20807	76.24	-18.6
265.58598	76.64	-19.7
270.03727	77.01	-21.1
274.56316	77.36	-22.7
279.16491	77.67	-24.5
283.84378	77.96	-26.5
288.60107	78.2	-28.6
293.43809	78.41	-30.7
298.35619	78.59	-32.8
303.35671	78.73	-34.8
308.44104	78.84	-36.6
313.61059	78.93	-38.3
318.86678	79.01	-39.7
324.21107	79.07	-40.8
329.64492	79.14	-41.5
335.16985	79.24	-41.7
340.78738	79.37	-41.4
346.49906	79.54	-40.8
352.30647	79.77	-40.2
358.21121	80.05	-39.6
364.21492	80.35	-39.2
370.31925	80.67	-39.2
376.5259	80.99	-39.4
382.83656	81.31	-39.8
389.253	81.61	-40.4
395.77697	81.91	-40.9
402.41029	82.19	-41.6
409.15479	82.47	-42.2
416.01232	82.76	-42.7
422.98479	83.07	-43.2
430.07412	83.37	-43.8
437.28226	83.69	-44.7
444.61122	84	-45.7
452.06302	84.29	-46.8
459.6397	84.56	-48.2
467.34338	84.81	-49.5
475.17617	85.03	-50.9
483.14023	85.23	-52.2
491.23778	85.41	-53.3
499.47105	85.61	-54.1
507.84231	85.81	-54.8
516.35387	86.05	-55.2
525.00808	86.31	-55.7
533.80735	86.59	-56.2
542.75409	86.89	-56.8
551.85078	87.2	-57.6
561.09994	87.51	-58.6
570.50411	87.8	-60
580.0659	88.08	-61.5
589.78794	88.31	-63.1
599.67293	88.53	-64.8
609.7236	88.71	-66.4
619.94272	88.88	-68
630.33311	89.04	-69.4
640.89765	89.21	-70.7
651.63925	89.38	-71.9
662.56088	89.56	-73.1
673.66556	89.75	-74.2
684.95636	89.93	-75.4
696.4364	90.12	-76.7
708.10884	90.3	-78
719.97692	90.46	-79.3
732.04391	90.68	-79.1
744.31315	90.96	-80.3
756.78802	91.2	-83.7
769.47197	91.25	-88.8
782.36851	90.97	-92.6
795.4812	90.58	-94.9
808.81366	90.2	-95.5
822.36957	89.94	-94.7
836.15269	89.94	-92.8
850.16681	90.27	-91.1
864.41582	90.76	-91
878.90364	91.23	-92.1
893.63428	91.71	-93.7
908.61181	92.22	-96.4
923.84036	92.63	-100.8
939.32415	92.72	-106.1
955.06746	92.49	-110.5
971.07462	92.15	-112.8
987.35007	91.94	-113.7
1003.8983	91.91	-114.4
1020.7239	92.01	-115.9
1037.8315	92.02	-118.6
1055.2258	91.8	-121.3
1072.9116	91.41	-122.7
1090.8939	91.01	-122
1109.1775	90.89	-119.8
1127.7676	91.12	-118.2
1146.6693	91.45	-118.6
1165.8877	91.62	-119.9
1185.4283	91.69	-121.1
1205.2964	91.75	-122
1225.4974	91.8	-122.7
1246.0371	91.87	-123.3
1266.9209	91.99	-123.7
1288.1549	92.18	-124.2
1309.7446	92.44	-125.4
1331.6963	92.66	-127.6
1354.0158	92.72	-130.4
1376.7095	92.58	-132.7
1399.7835	92.45	-133.6
1423.2442	92.46	-134
1447.0981	92.57	-135.1
1471.3518	92.65	-136.8
1496.012	92.64	-138.9
1521.0856	92.53	-140.6
1546.5793	92.44	-141.5
1572.5004	92.44	-142.4
1598.8559	92.53	-143.7
1625.6531	92.56	-146.1
1652.8994	92.41	-148.8
1680.6024	92.12	-150.5
1708.7697	91.82	-151.2
1737.4091	91.58	-151
1766.5285	91.5	-150.6
1796.136	91.56	-150.7
1826.2397	91.62	-151.8
1856.8479	91.58	-153.4
1887.9691	91.48	-155.1
1919.612	91.27	-157.1
1951.7851	90.82	-158.7
1984.4975	90.2	-158.2
2017.7582	89.78	-155.4
2051.5763	89.65	-152.5
2085.9612	89.69	-150.1
2120.9224	89.83	-148.5
2156.4696	89.97	-148
2192.6126	89.96	-147.9
2229.3613	89.81	-147
2266.7259	89.74	-144.5
2304.7168	89.9	-141.8
2343.3444	90.23	-139.6
2382.6195	90.7	-138.2
2422.5528	91.14	-138.3
2463.1553	91.48	-138.8
2504.4384	91.82	-139.3
2546.4134	92.21	-139.9
2589.0919	92.66	-141.5
2632.4858	93	-144.3
2676.6069	93.16	-147.5
2721.4674	93.18	-150.3
2767.0799	93.12	-152.8
2813.4568	93.02	-154.6
2860.6111	92.91	-156
2908.5556	92.78	-157.2
2957.3037	92.6	-158
3006.8689	92.4	-158
3057.2647	92.28	-157.1
3108.5052	92.32	-156
3160.6045	92.49	-155.6
3213.577	92.61	-156.2
3267.4374	92.6	-156.5
3322.2004	92.63	-156.1
3377.8813	92.78	-155.4
3434.4954	93.09	-155
3492.0584	93.49	-155.8
3550.5862	93.8	-157.9
3610.0949	94.01	-160.5
3670.6009	94.12	-163.3
3732.1211	94.13	-166.1
3794.6724	94.04	-168.7
3858.272	93.88	-170.7
3922.9376	93.66	-172.3
3988.687	93.42	-172.8
4055.5384	93.32	-172.7
4123.5102	93.33	-173.5
4192.6212	93.22	-175.1
4262.8906	92.89	-175.8
4334.3377	92.64	-175
4406.9822	92.63	-174.4
4480.8443	92.55	-175.2
4555.9444	92.25	-174.8
4632.3031	92.11	-172.2
4709.9417	92.39	-169.8
4788.8814	92.75	-169.4
4869.1443	92.98	-169.2
4950.7523	93.37	-168.2
5033.7281	93.97	-168.9
5118.0947	94.4	-171.9
5203.8752	94.55	-174.9
5291.0934	94.71	-177.5
5379.7734	94.83	178.6
5469.9397	94.57	174.1
5561.6173	94.08	172.3
5654.8313	93.84	172
5749.6077	93.63	171.1
5845.9725	93.35	172
5943.9525	93.52	173.7
6043.5746	93.78	172.5
6144.8664	93.7	171.4
6247.8558	93.79	171.4
6352.5714	93.94	169.9
6459.0421	93.96	168.5
6567.2972	94.13	166.7
6677.3667	94.07	163.6
6789.281	93.83	162.5
6903.071	93.79	162.2
7018.7682	93.72	161.6
7136.4045	93.76	162.1
7256.0123	93.98	161.2
7377.6249	94.08	159.9
7501.2757	94.4	158.5
7626.9989	94.64	154.4
7754.8293	94.58	150.6
7884.8021	94.43	147
8016.9533	94.03	144.3
8151.3194	93.67	142.7
8287.9375	93.14	141.9
8426.8454	92.83	143.7
8568.0814	92.9	144.7
8711.6845	93.17	144.9
8857.6945	93.55	143
9006.1516	93.73	139.2
9157.0969	93.56	134.4
9310.5721	92.94	130.9
9466.6196	92.23	130.5
9625.2825	91.8	132.7
9786.6046	91.88	134.9
9950.6305	92.25	135.4
10117.405	92.64	132.7
10286.976	92.59	127.8
10459.388	92.12	123.1
10634.69	91.27	122
10812.93	90.67	124.7
10994.157	90.64	128.8
11178.422	91.06	130.1
11365.775	91.41	127.6
11556.268	91.3	123.9
11749.954	90.96	122.4
11946.886	90.67	122.9
12147.119	90.51	124.7
12350.708	90.72	126.7
12557.708	91.24	126.2
12768.179	91.59	123.3
12982.177	91.65	120
13199.761	91.41	118
13420.992	91.3	117.8
13645.931	91.57	117.2
13874.641	91.94	114.7
14107.183	92.01	110
14343.623	91.6	105.5
14584.025	91.05	104
14828.457	90.86	105.2
15076.986	91.12	104.5
15329.68	91.15	100.3
15586.609	90.75	96.3
15847.844	90.08	95.8
16113.458	89.83	99.3
16383.524	90.26	99.7
16658.115	90.53	95.4
16937.31	90.13	91.8
17221.183	89.59	92.8
17509.814	89.81	94
17803.283	90.25	89.9
18101.67	89.74	83.8
18405.059	88.59	81.8
18713.532	87.83	84.4
19027.176	87.48	84.8
19346.076	86.47	81.6
19670.321	84.63	81.9
20000	83.44	85.7
