99.61168	60.9	33
101.2812	61.34	30.1
102.9787	61.75	27.3
104.70465	62.17	24.8
106.45952	62.58	22.4
108.24381	62.98	20.1
110.058	63.38	18.1
111.9026	63.79	16
113.77812	64.19	13.9
115.68507	64.59	11.6
117.62398	64.97	9.3
119.59538	65.32	6.8
121.59983	65.64	4.3
123.63787	65.94	1.7
125.71007	66.22	-0.8
127.81701	66.48	-3.2
129.95925	66.72	-5.7
132.1374	66.93	-8.1
134.35205	67.12	-10.5
136.60383	67.31	-12.8
138.89334	67.47	-14.9
141.22123	67.63	-16.9
143.58813	67.78	-18.9
145.9947	67.92	-20.7
148.44161	68.05	-22.4
150.92953	68.17	-24
153.45914	68.3	-25.5
156.03116	68.43	-26.8
158.64628	68.58	-28
161.30523	68.72	-29.1
164.00874	68.88	-30.2
166.75757	69.04	-31.3
169.55247	69.2	-32.4
172.39421	69.36	-33.6
175.28358	69.52	-34.7
178.22137	69.67	-35.8
181.2084	69.8	-36.9
184.2455	69.92	-37.9
187.3335	70.03	-38.9
190.47326	70.12	-39.7
193.66564	70.2	-40.2
196.91152	70.27	-40.4
200.2118	70.35	-40.2
203.5674	70.46	-39.4
206.97924	70.61	-38.1
210.44827	70.8	-36.3
213.97543	71.06	-34.1
217.56171	71.37	-31.7
221.2081	71.71	-29.4
224.9156	72.11	-27.2
228.68524	72.52	-25
232.51806	72.96	-22.9
236.41512	73.41	-20.9
240.3775	73.9	-19.2
244.40628	74.39	-18
248.50259	74.88	-17.4
252.66756	75.36	-17.4
256.90233	75.81	-17.8
261.20807	76.24	-18.6
265.58598	76.64	-19.7
270.03727	77.01	-21.1
274.56316	77.36	-22.7
279.16491	77.67	-24.5
283.84378	77.96	-26.5
288.60107	78.2	-28.6
293.43809	78.41	-30.7
298.35619	78.59	-32.8
303.35671	78.73	-34.8
308.44104	78.84	-36.6
313.61059	78.93	-38.3
318.86678	79.01	-39.7
324.21107	79.07	-40.8
329.64492	79.14	-41.5
335.16985	79.24	-41.7
340.78738	79.37	-41.4
346.49906	79.54	-40.8
352.30647	79.77	-40.2
358.21121	80.05	-39.6
364.21492	80.35	-39.2
370.31925	80.67	-39.2
376.5259	80.99	-39.4
382.83656	81.31	-39.8
389.253	81.61	-40.4
395.77697	81.91	-40.9
402.41029	82.19	-41.6
409.15479	82.47	-42.2
416.01232	82.76	-42.7
422.98479	83.07	-43.2
430.07412	83.37	-43.8
437.28226	83.69	-44.7
444.61122	84	-45.7
452.06302	84.29	-46.8
459.6397	84.56	-48.2
467.34338	84.81	-49.5
475.17617	85.03	-50.9
483.14023	85.23	-52.2
491.23778	85.41	-53.3
499.47105	85.61	-54.1
507.84231	85.81	-54.8
516.35387	86.05	-55.2
525.00808	86.31	-55.7
533.80735	86.59	-56.2
542.75409	86.89	-56.8
551.85078	87.2	-57.6
561.09994	87.51	-58.6
570.50411	87.8	-60
580.0659	88.08	-61.5
589.78794	88.31	-63.1
599.67293	88.53	-64.8
609.7236	88.71	-66.4
619.94272	88.88	-68
630.33311	89.04	-69.4
640.89765	89.21	-70.7
651.63925	89.38	-71.9
662.56088	89.56	-73.1
673.66556	89.75	-74.2
684.95636	89.93	-75.4
696.4364	90.12	-76.7
708.10884	90.3	-78
719.97692	90.46	-79
732.04391	90.67	-78.9
744.31315	90.93	-80.4
756.78802	91.13	-83.8
769.47197	91.14	-88.6
782.36851	90.87	-92.1
795.4812	90.53	-94.2
808.81366	90.21	-95
822.36957	89.95	-94.5
836.15269	89.93	-92.6
850.16681	90.27	-90.7
864.41582	90.84	-90.4
878.90364	91.45	-92.2
893.63428	91.91	-95.6
908.61181	92.15	-99.9
923.84036	92.15	-104.2
939.32415	91.9	-107.6
955.06746	91.59	-108.8
971.07462	91.49	-108.6
987.35007	91.64	-108.6
1003.8983	91.93	-110
1020.7239	92.16	-112.8
1037.8315	92.18	-116.3
1055.2258	91.99	-119.3
1072.9116	91.67	-121
1090.8939	91.41	-121.4
1109.1775	91.26	-121.3
1127.7676	91.18	-120.9
1146.6693	91.23	-120.1
1165.8877	91.41	-119.9
1185.4283	91.64	-120.3
1205.2964	91.86	-121.5
1225.4974	92.02	-123.2
1246.0371	92.07	-125
1266.9209	92.05	-126.3
1288.1549	92.11	-126.9
1309.7446	92.27	-128
1331.6963	92.44	-130
1354.0158	92.47	-132.7
1376.7095	92.32	-135.3
1399.7835	92.02	-136.5
1423.2442	91.83	-136.1
1447.0981	91.87	-135.7
1471.3518	92.04	-136.2
1496.012	92.15	-137.7
1521.0856	92.14	-139.3
1546.5793	92.11	-140.4
1572.5004	92.13	-141.3
1598.8559	92.22	-142.6
1625.6531	92.3	-144.7
1652.8994	92.23	-147.6
1680.6024	91.95	-150.1
1708.7697	91.53	-151.3
1737.4091	91.14	-150.9
1766.5285	90.93	-149.5
1796.136	90.96	-148.2
1826.2397	91.11	-148.1
1856.8479	91.23	-148.9
1887.9691	91.3	-150.6
1919.612	91.21	-152.8
1951.7851	90.89	-154.5
1984.4975	90.45	-154.9
2017.7582	90.02	-153.9
2051.5763	89.7	-151.5
2085.9612	89.64	-148.4
2120.9224	89.86	-146.2
2156.4696	90.08	-145.8
2192.6126	90.14	-145.8
2229.3613	90.12	-145.4
2266.7259	90.09	-144.5
2304.7168	90.07	-142.8
2343.3444	90.21	-140.3
2382.6195	90.61	-137.9
2422.5528	91.19	-137
2463.1553	91.71	-137.6
2504.4384	92.16	-138.9
2546.4134	92.54	-140.8
2589.0919	92.84	-143.4
2632.4858	93	-146.1
2676.6069	93.06	-148.5
2721.4674	93.1	-150.5
2767.0799	93.13	-152.3
2813.4568	93.15	-154.2
2860.6111	93.16	-156.1
2908.5556	93.12	-158.3
2957.3037	92.95	-160.4
3006.8689	92.71	-161.7
3057.2647	92.52	-162.4
3108.5052	92.36	-163.2
3160.6045	92.11	-164.2
3213.577	91.71	-164.3
3267.4374	91.25	-162.6
3322.2004	91.05	-158.7
3377.8813	91.3	-154.8
3434.4954	91.85	-152.6
3492.0584	92.42	-152.8
3550.5862	92.83	-154.2
3610.0949	93.14	-155.9
3670.6009	93.41	-157.7
3732.1211	93.66	-160.2
3794.6724	93.76	-163.3
3858.272	93.65	-166.2
3922.9376	93.44	-167.7
3988.687	93.33	-168.1
4055.5384	93.39	-168.8
4123.5102	93.44	-170.7
4192.6212	93.28	-172.8
4262.8906	93	-173.8
4334.3377	92.82	-173.9
4406.9822	92.7	-174.4
4480.8443	92.47	-174.8
4555.9444	92.23	-173.6
4632.3031	92.27	-171.7
4709.9417	92.51	-171
4788.8814	92.67	-171.2
4869.1443	92.79	-170.8
4950.7523	93.14	-170.4
5033.7281	93.57	-171.9
5118.0947	93.79	-174.8
5203.8752	93.81	-177.7
5291.0934	93.74	161.2
5379.7734	93.52	176.8
5469.9397	93.12	175.4
5561.6173	92.8	175.9
5654.8313	92.68	176.5
5749.6077	92.58	177.2
5845.9725	92.64	178.9
5943.9525	92.99	179.6
6043.5746	93.31	178.5
6144.8664	93.5	177
6247.8558	93.64	175
6352.5714	93.68	173
6459.0421	93.73	171.3
6567.2972	93.78	168.9
6677.3667	93.67	166.5
6789.281	93.5	164.9
6903.071	93.33	163.7
7018.7682	93.11	163.5
7136.4045	93.06	164.1
7256.0123	93.16	164.3
7377.6249	93.39	164.1
7501.2757	93.7	162.4
7626.9989	93.94	159.6
7754.8293	94.07	155.8
7884.8021	93.91	151.8
8016.9533	93.59	148.9
8151.3194	93.15	146.9
8287.9375	92.66	146.8
8426.8454	92.42	148.1
8568.0814	92.47	149.2
8711.6845	92.77	149.2
8857.6945	93.12	147.3
9006.1516	93.31	143.4
9157.0969	93.11	138.6
9310.5721	92.55	135.3
9466.6196	91.87	134.7
9625.2825	91.45	136.5
9786.6046	91.48	138.9
9950.6305	91.95	139.5
10117.405	92.42	136.2
10286.976	92.41	130.2
10459.388	91.88	125.1
10634.69	91.03	122.7
10812.93	90.24	124.6
10994.157	90.06	128.4
11178.422	90.38	129.2
11365.775	90.52	126.2
11556.268	90.22	123.1
11749.954	89.73	121.9
11946.886	89.22	123.2
12147.119	89.05	126.1
12350.708	89.26	128.2
12557.708	89.69	128.1
12768.179	90.03	125.6
12982.177	90	122.4
13199.761	89.73	120.9
13420.992	89.59	120.6
13645.931	89.71	120.1
13874.641	89.98	117.9
14107.183	89.91	113.8
14343.623	89.44	110.2
14584.025	88.8	109.5
14828.457	88.59	111.8
15076.986	88.88	111.8
15329.68	88.96	108.4
15586.609	88.62	104.4
15847.844	87.97	103.7
16113.458	87.68	106.5
16383.524	87.96	107.1
16658.115	88.13	103.4
16937.31	87.7	100.3
17221.183	87.09	100.6
17509.814	86.95	102.2
17803.283	87.16	100.5
18101.67	86.72	96.2
18405.059	85.56	95.3
18713.532	84.61	99.9
19027.176	84.17	104
19346.076	83.2	106
19670.321	81.56	112
20000	80.59	120
