5.00000	48.788	165.301
5.07273	48.904	165.211
5.14651	49.054	165.097
5.22137	49.255	164.951
5.29732	49.477	164.802
5.37437	49.721	164.639
5.45254	49.965	164.479
5.53185	50.209	164.317
5.61231	50.454	164.154
5.69394	50.698	163.988
5.77676	50.942	163.820
5.86079	51.186	163.650
5.94604	51.430	163.478
6.03252	51.674	163.304
6.12027	51.919	163.127
6.20929	52.163	162.948
6.29961	52.407	162.766
6.39124	52.651	162.581
6.48420	52.895	162.394
6.57851	53.139	162.205
6.67420	53.384	162.012
6.77128	53.628	161.818
6.86977	53.872	161.620
6.96969	54.116	161.419
7.07107	54.360	161.216
7.17392	54.604	161.009
7.27827	54.849	160.799
7.38413	55.093	160.587
7.49154	55.337	160.371
7.60050	55.581	160.153
7.71105	55.825	159.931
7.82321	56.069	159.706
7.93701	56.314	159.477
8.05245	56.558	159.245
8.16958	56.802	159.009
8.28841	57.046	158.770
8.40896	57.290	158.527
8.53128	57.534	158.281
8.65537	57.779	158.031
8.78126	58.023	157.777
8.90899	58.267	157.519
9.03857	58.511	157.258
9.17004	58.755	156.992
9.30342	58.999	156.723
9.43874	59.244	156.449
9.57603	59.488	156.171
9.71532	59.732	155.889
9.85663	59.976	155.602
10.0000	60.220	155.311
10.1455	60.464	155.015
10.2930	60.709	154.715
10.4427	60.953	154.410
10.5946	61.197	154.100
10.7487	61.441	153.786
10.9051	61.685	153.466
11.0637	61.929	153.141
11.2246	62.174	152.812
11.3879	62.418	152.476
11.5535	62.662	152.136
11.7216	62.906	151.790
11.8921	63.150	151.438
12.0650	63.394	151.080
12.2405	63.639	150.717
12.4186	63.883	150.348
12.5992	64.127	149.972
12.7825	64.371	149.590
12.9684	64.615	149.202
13.1570	64.859	148.807
13.3484	65.104	148.406
13.5426	65.348	147.998
13.7395	65.592	147.583
13.9394	65.836	147.160
14.1421	66.080	146.730
14.3478	66.324	146.293
14.5565	66.569	145.847
14.7683	66.813	145.394
14.9831	67.057	144.932
15.2010	67.301	144.462
15.4221	67.545	143.982
15.6464	67.789	143.494
15.8740	68.034	142.996
16.1049	68.278	142.488
16.3392	68.522	141.971
16.5768	68.766	141.443
16.8179	69.010	140.903
17.0626	69.255	140.353
17.3107	69.499	139.790
17.5625	69.743	139.214
17.8180	69.987	138.625
18.0771	70.231	138.021
18.3401	70.475	137.401
18.6068	70.720	136.763
18.8775	70.964	136.105
19.1521	71.208	135.424
19.4306	71.452	134.715
19.7133	71.696	133.968
20.0000	71.939	133.172
20.2909	72.176	132.317
20.5860	72.402	131.406
20.8855	72.609	130.470
21.1893	72.794	129.560
21.4975	72.959	128.731
21.8102	73.108	128.034
22.1274	73.251	127.507
22.4492	73.398	127.177
22.7758	73.564	127.044
23.1071	73.765	127.061
23.4432	74.017	127.124
23.7841	74.319	127.086
24.1301	74.656	126.833
24.4811	75.006	126.331
24.8372	75.350	125.600
25.1984	75.676	124.714
25.5649	75.984	123.762
25.9368	76.287	122.783
26.3141	76.589	121.782
26.6968	76.901	120.729
27.0851	77.219	119.587
27.4791	77.543	118.328
27.8788	77.868	116.925
28.2843	78.189	115.352
28.6957	78.492	113.620
29.1131	78.765	111.788
29.5365	79.009	109.924
29.9661	79.227	108.099
30.4020	79.435	106.354
30.8442	79.655	104.656
31.2929	79.890	102.933
31.7480	80.146	101.095
32.2098	80.405	99.076
32.6783	80.655	96.861
33.1536	80.888	94.462
33.6359	81.094	91.905
34.1251	81.277	89.214
34.6215	81.433	86.389
35.1250	81.552	83.453
35.6359	81.637	80.422
36.1543	81.682	77.304
36.6802	81.683	74.112
37.2137	81.624	70.893
37.7550	81.501	67.732
38.3041	81.315	64.689
38.8613	81.063	61.838
39.4265	80.754	59.274
40.0000	80.407	57.048
40.5818	80.022	55.184
41.1721	79.615	53.702
41.7710	79.178	52.641
42.3785	78.726	52.096
42.9949	78.295	52.053
43.6203	77.891	52.427
44.2548	77.515	53.165
44.8985	77.175	54.187
45.5515	76.851	55.497
46.2141	76.546	57.212
46.8863	76.287	59.405
47.5683	76.100	62.039
48.2602	76.022	64.923
48.9621	76.037	67.826
49.6743	76.151	70.629
50.3968	76.358	73.144
51.1299	76.612	75.293
51.8736	76.912	77.074
52.6281	77.244	78.427
53.3936	77.567	79.433
54.1702	77.891	80.197
54.9581	78.211	80.762
55.7575	78.532	81.159
56.5685	78.862	81.355
57.3914	79.183	81.335
58.2261	79.490	81.158
59.0730	79.792	80.837
59.9323	80.072	80.412
60.8040	80.350	79.921
61.6884	80.634	79.302
62.5857	80.909	78.518
63.4960	81.172	77.567
64.4196	81.407	76.472
65.3566	81.604	75.320
66.3073	81.778	74.162
67.2717	81.925	73.036
68.2502	82.059	71.987
69.2429	82.198	70.962
70.2501	82.328	69.913
71.2719	82.452	68.834
72.3086	82.564	67.715
73.3603	82.655	66.559
74.4274	82.718	65.413
75.5099	82.748	64.356
76.6083	82.758	63.446
77.7226	82.753	62.714
78.8531	82.745	62.189
80.0000	82.747	61.867
81.1636	82.769	61.705
82.3442	82.815	61.666
83.5419	82.894	61.690
84.7570	83.008	61.685
85.9899	83.144	61.590
87.2406	83.298	61.384
88.5096	83.459	61.050
89.7970	83.617	60.614
91.1031	83.777	60.108
92.4282	83.940	59.518
93.7726	84.097	58.855
95.1366	84.251	58.145
96.5204	84.404	57.405
97.9243	84.562	56.648
99.3486	84.752	55.778
100.794	84.954	54.672
102.260	85.151	53.296
103.747	85.332	51.615
105.256	85.452	49.673
106.787	85.498	47.635
108.340	85.471	45.658
109.916	85.380	43.871
111.515	85.239	42.383
113.137	85.059	41.296
114.783	84.873	40.691
116.452	84.706	40.579
118.146	84.600	40.897
119.865	84.585	41.445
121.608	84.675	41.929
123.377	84.857	42.018
125.171	85.077	41.507
126.992	85.281	40.409
128.839	85.431	38.828
130.713	85.490	36.936
132.615	85.446	34.971
134.543	85.302	33.157
136.500	85.075	31.682
138.486	84.785	30.709
140.500	84.462	30.401
142.544	84.167	30.795
144.617	83.942	31.731
146.721	83.794	33.003
148.855	83.733	34.392
151.020	83.737	35.744
153.217	83.793	37.032
155.445	83.901	38.234
157.706	84.070	39.259
160.000	84.286	39.973
162.327	84.533	40.314
164.688	84.806	40.195
167.084	85.063	39.576
169.514	85.273	38.544
171.980	85.421	37.204
174.481	85.467	35.725
177.019	85.409	34.369
179.594	85.258	33.383
182.206	85.053	32.969
184.856	84.824	33.296
187.545	84.630	34.507
190.273	84.555	36.538
193.041	84.667	39.028
195.849	85.001	41.297
198.697	85.521	42.591
201.587	86.126	42.544
204.520	86.711	41.188
207.494	87.190	38.798
210.512	87.522	35.677
213.574	87.659	32.207
216.681	87.588	28.831
219.833	87.326	25.942
223.030	86.898	23.962
226.274	86.412	23.312
229.565	85.995	24.121
232.905	85.774	26.034
236.292	85.812	28.163
239.729	86.033	29.712
243.216	86.380	30.283
246.754	86.749	29.738
250.343	87.029	28.302
253.984	87.164	26.420
257.678	87.130	24.566
261.426	86.954	23.210
265.229	86.731	22.679
269.087	86.550	23.023
273.001	86.519	23.887
276.972	86.653	24.547
281.000	86.863	24.513
285.088	87.042	23.787
289.234	87.107	22.756
293.441	87.055	21.908
297.709	86.948	21.625
302.040	86.860	22.134
306.433	86.941	23.162
310.890	87.225	23.897
315.412	87.648	23.647
320.000	88.089	22.159
324.655	88.409	19.688
329.377	88.540	16.718
334.168	88.463	13.753
339.028	88.240	11.220
343.959	87.961	9.331
348.962	87.689	7.988
354.038	87.429	7.026
359.188	87.150	6.422
364.412	86.863	6.260
369.713	86.586	6.642
375.090	86.372	7.590
380.546	86.280	8.819
386.081	86.312	9.892
391.697	86.430	10.474
397.394	86.562	10.499
403.175	86.680	10.062
409.039	86.756	9.260
414.989	86.766	8.233
421.025	86.698	7.167
427.149	86.546	6.305
433.362	86.345	5.863
439.665	86.140	5.941
446.060	85.983	6.487
452.548	85.922	7.206
459.131	85.933	7.742
465.809	85.973	7.938
472.584	85.998	7.809
479.458	85.971	7.517
486.432	85.891	7.291
493.507	85.785	7.269
500.686	85.669	7.508
507.968	85.571	8.003
515.357	85.502	8.687
522.853	85.464	9.524
530.458	85.486	10.424
538.174	85.577	11.167
546.002	85.713	11.535
553.943	85.849	11.439
562.001	85.934	10.974
570.175	85.933	10.397
578.469	85.855	10.001
586.883	85.741	9.990
595.419	85.637	10.405
604.080	85.592	11.079
612.866	85.598	11.771
621.780	85.628	12.396
630.824	85.679	12.937
640.000	85.734	13.414
649.309	85.796	13.874
658.753	85.877	14.291
668.335	85.967	14.634
678.056	86.061	14.928
687.919	86.165	15.207
697.925	86.303	15.404
708.077	86.463	15.398
718.376	86.631	15.129
728.825	86.791	14.569
739.426	86.914	13.754
750.181	86.984	12.810
761.093	87.000	11.883
772.163	86.977	11.079
783.394	86.933	10.448
794.789	86.880	10.001
806.349	86.837	9.698
818.078	86.810	9.453
829.977	86.802	9.146
842.050	86.784	8.708
854.298	86.733	8.152
866.724	86.608	7.650
879.330	86.401	7.529
892.120	86.173	8.051
905.097	85.969	9.343
918.262	85.882	11.300
931.618	85.969	13.333
945.169	86.166	14.951
958.917	86.444	15.931
972.864	86.734	16.224
987.015	86.971	16.045
1001.37	87.164	15.633
1015.94	87.314	15.116
1030.71	87.433	14.593
1045.71	87.539	14.084
1060.92	87.634	13.581
1076.35	87.724	13.082
1092.00	87.812	12.561
1107.89	87.895	12.007
1124.00	87.977	11.397
1140.35	88.048	10.714
1156.94	88.102	9.978
1173.77	88.133	9.222
1190.84	88.135	8.514
1208.16	88.118	7.924
1225.73	88.094	7.481
1243.56	88.076	7.176
1261.65	88.074	6.965
1280.00	88.089	6.783
1298.62	88.116	6.582
1317.51	88.144	6.363
1336.67	88.174	6.147
1356.11	88.205	5.953
1375.84	88.244	5.806
1395.85	88.305	5.672
1416.15	88.388	5.481
1436.75	88.492	5.173
1457.65	88.609	4.692
1478.85	88.723	4.031
1500.36	88.831	3.205
1522.19	88.927	2.226
1544.33	89.012	1.094
1566.79	89.081	-0.210
1589.58	89.118	-1.676
1612.70	89.114	-3.264
1636.16	89.053	-4.889
1659.95	88.933	-6.445
1684.10	88.761	-7.827
1708.60	88.542	-8.926
1733.45	88.304	-9.664
1758.66	88.069	-10.056
1784.24	87.855	-10.161
1810.19	87.672	-10.078
1836.52	87.517	-9.922
1863.24	87.378	-9.793
1890.34	87.206	-9.588
1917.83	87.024	-9.119
1945.73	86.863	-8.356
1974.03	86.723	-7.270
2002.74	86.660	-5.949
2031.87	86.683	-4.687
2061.43	86.764	-3.659
2091.41	86.888	-2.972
2121.83	87.018	-2.646
2152.69	87.135	-2.617
2184.01	87.228	-2.821
2215.77	87.278	-3.142
2248.00	87.294	-3.456
2280.70	87.284	-3.676
2313.87	87.265	-3.762
2347.53	87.256	-3.743
2381.68	87.261	-3.687
2416.32	87.276	-3.644
2451.46	87.299	-3.647
2487.12	87.320	-3.709
2523.30	87.332	-3.798
2560.00	87.337	-3.884
2597.24	87.338	-3.951
2635.01	87.338	-3.998
2673.34	87.338	-4.031
2712.23	87.338	-4.056
2751.68	87.338	-4.080
2791.70	87.337	-4.107
2832.31	87.331	-4.141
2873.50	87.318	-4.170
2915.30	87.293	-4.163
2957.70	87.259	-4.087
3000.72	87.217	-3.909
3044.37	87.171	-3.584
3088.65	87.136	-3.104
3133.58	87.124	-2.505
3179.16	87.133	-1.835
3225.40	87.171	-1.144
3272.31	87.232	-0.491
3319.91	87.311	0.100
3368.20	87.404	0.612
3417.19	87.507	1.032
3466.89	87.609	1.372
3517.32	87.716	1.644
3568.48	87.822	1.839
3620.39	87.920	1.971
3673.05	88.009	2.068
3726.47	88.086	2.145
3780.67	88.140	2.250
3835.67	88.175	2.461
3891.46	88.193	2.850
3948.06	88.203	3.501
4005.49	88.223	4.477
4063.75	88.274	5.805
4122.86	88.385	7.447
4182.82	88.581	9.271
4243.66	88.860	11.121
4305.39	89.252	12.790
4368.01	89.723	14.020
4431.55	90.227	14.817
4496.01	90.795	15.135
4561.40	91.370	14.910
4627.75	91.946	14.243
4695.06	92.542	13.098
4763.35	93.116	11.425
4832.64	93.654	9.328
4902.93	94.161	6.825
4974.24	94.601	3.969
5046.60	94.966	0.934
5120.00	95.269	-2.159
5194.47	95.526	-5.271
5270.03	95.741	-8.361
5346.68	95.947	-11.431
5424.45	96.146	-14.590
5503.35	96.325	-17.889
5583.40	96.468	-21.366
5664.61	96.545	-24.974
5747.01	96.536	-28.573
5830.60	96.455	-32.071
5915.41	96.276	-35.321
6001.45	96.013	-38.091
6088.74	95.697	-40.200
6177.30	95.340	-41.420
6267.15	95.032	-41.537
6358.31	94.861	-40.587
6450.80	94.938	-38.930
6544.62	95.355	-37.589
6639.82	96.022	-37.534
6736.40	96.868	-39.365
6834.38	97.669	-43.068
6933.79	98.272	-48.106
7034.64	98.641	-53.894
7136.96	98.726	-60.062
7240.77	98.537	-66.039
7346.09	98.154	-71.238
7452.94	97.642	-75.387
7561.35	97.111	-78.205
7671.33	96.663	-79.732
7782.91	96.418	-80.267
7896.12	96.438	-80.520
8010.97	96.749	-81.421
8127.49	97.244	-83.697
8245.71	97.810	-87.580
8365.65	98.337	-93.055
8487.33	98.679	-99.781
8610.78	98.786	-107.438
8736.03	98.583	-115.567
8863.09	98.030	-123.725
8992.01	97.141	-131.345
9122.80	95.910	-137.852
9255.50	94.431	-142.654
9390.12	92.835	-145.063
9526.70	91.282	-144.476
9665.27	90.070	-140.975
9805.86	89.295	-135.826
9948.49	88.972	-130.589
10093.2	89.006	-126.561
10240.0	89.230	-124.086
10388.9	89.551	-123.096
10540.1	89.868	-123.353
10693.4	90.131	-124.540
10848.9	90.308	-126.343
11006.7	90.388	-128.488
11166.8	90.375	-130.696
11329.2	90.292	-132.684
11494.0	90.221	-134.356
11661.2	90.221	-135.889
11830.8	90.306	-137.539
12002.9	90.514	-139.682
12177.5	90.781	-142.692
12354.6	91.018	-146.596
12534.3	91.176	-151.254
12716.6	91.210	-156.503
12901.6	91.099	-162.110
13089.2	90.868	-167.883
13279.6	90.533	-173.730
13472.8	90.119	-179.650
13668.8	89.628	174.285
13867.6	89.030	168.009
14069.3	88.278	161.611
14273.9	87.310	155.102
14481.5	85.966	149.122
14692.2	84.222	144.478
14905.9	82.138	141.955
15122.7	79.817	143.809
15342.7	77.778	153.493
15565.8	76.864	170.750
15792.2	77.309	-173.481
16021.9	78.630	-166.750
16255.0	80.148	-166.905
16491.4	81.413	-171.195
16731.3	82.156	-177.886
16974.7	82.280	174.479
17221.6	81.760	167.077
17472.1	80.707	160.522
17726.2	79.202	155.979
17984.0	77.481	155.094
18245.6	76.075	158.777
18511.0	75.295	165.808
18780.2	75.236	172.851
19053.4	75.730	176.694
19330.5	76.322	177.250
19611.7	76.779	175.583
19897.0	76.996	172.728
20186.4	76.949	169.405
20480.0	76.696	166.230
20777.9	76.360	163.525
21080.1	75.982	161.244
21386.7	75.604	159.329
21697.8	75.226	157.632
22013.4	74.848	156.087
22333.6	74.470	154.657
22658.4	74.092	153.317
22988.0	73.714	152.049
23322.4	73.336	150.844
23661.6	72.958	149.691
24005.8	72.580	148.584
24355.0	72.202	147.517
24709.2	71.825	146.487
25068.6	71.447	145.489
25433.2	71.069	144.521
25803.2	70.691	143.580
26178.5	70.313	142.665
26559.3	69.935	141.774
26945.6	69.557	140.905
27337.5	69.179	140.056
27735.2	68.801	139.226
28138.6	68.423	138.415
28547.9	68.045	137.622
28963.1	67.667	136.846
29384.4	67.289	136.086
29811.8	66.912	135.341
30245.4	66.534	134.611
30685.3	66.156	133.895
31131.7	65.778	133.193
31584.5	65.400	132.503
32043.9	65.022	131.827
32510.0	64.644	131.162
32982.8	64.266	130.510
33462.6	63.888	129.869
33949.3	63.510	129.239
34443.1	63.132	128.620
34944.1	62.754	128.011
35452.4	62.376	127.412
35968.0	61.999	126.823
36491.2	61.621	126.244
37022.0	61.243	125.672
37560.5	60.865	125.104
38106.8	60.521	124.585
38661.1	60.209	124.102
39223.4	59.974	123.729
39793.9	59.794	123.439
