5.00000	31.196	114.413
5.07273	31.272	114.398
5.14651	31.370	114.381
5.22137	31.501	114.362
5.29732	31.646	114.349
5.37437	31.805	114.337
5.45254	31.965	114.328
5.53185	32.125	114.320
5.61231	32.285	114.312
5.69394	32.445	114.304
5.77676	32.605	114.296
5.86079	32.765	114.288
5.94604	32.924	114.280
6.03252	33.084	114.272
6.12027	33.244	114.265
6.20929	33.404	114.257
6.29961	33.564	114.249
6.39124	33.724	114.242
6.48420	33.884	114.234
6.57851	34.043	114.226
6.67420	34.203	114.219
6.77128	34.363	114.211
6.86977	34.523	114.203
6.96969	34.683	114.196
7.07107	34.843	114.188
7.17392	35.003	114.180
7.27827	35.162	114.172
7.38413	35.322	114.164
7.49154	35.482	114.157
7.60050	35.642	114.149
7.71105	35.802	114.141
7.82321	35.962	114.133
7.93701	36.122	114.125
8.05245	36.281	114.117
8.16958	36.441	114.109
8.28841	36.601	114.101
8.40896	36.761	114.092
8.53128	36.921	114.084
8.65537	37.081	114.076
8.78126	37.241	114.067
8.90899	37.400	114.058
9.03857	37.560	114.050
9.17004	37.720	114.041
9.30342	37.880	114.032
9.43874	38.040	114.024
9.57603	38.200	114.014
9.71532	38.360	114.006
9.85663	38.519	113.996
10.0000	38.679	113.987
10.1455	38.839	113.978
10.2930	38.999	113.968
10.4427	39.159	113.959
10.5946	39.319	113.949
10.7487	39.479	113.940
10.9051	39.638	113.930
11.0637	39.798	113.920
11.2246	39.958	113.910
11.3879	40.118	113.900
11.5535	40.278	113.890
11.7216	40.438	113.879
11.8921	40.597	113.869
12.0650	40.757	113.858
12.2405	40.917	113.847
12.4186	41.077	113.837
12.5992	41.237	113.826
12.7825	41.397	113.814
12.9684	41.557	113.803
13.1570	41.716	113.792
13.3484	41.876	113.780
13.5426	42.036	113.769
13.7395	42.196	113.757
13.9394	42.356	113.745
14.1421	42.516	113.733
14.3478	42.676	113.721
14.5565	42.835	113.708
14.7683	42.995	113.696
14.9831	43.155	113.683
15.2010	43.315	113.670
15.4221	43.475	113.656
15.6464	43.635	113.642
15.8740	43.795	113.628
16.1049	43.954	113.614
16.3392	44.114	113.600
16.5768	44.274	113.586
16.8179	44.434	113.571
17.0626	44.594	113.556
17.3107	44.754	113.541
17.5625	44.914	113.526
17.8180	45.073	113.510
18.0771	45.233	113.495
18.3401	45.393	113.479
18.6068	45.553	113.463
18.8775	45.713	113.446
19.1521	45.873	113.430
19.4306	46.033	113.413
19.7133	46.192	113.396
20.0000	46.352	113.379
20.2909	46.512	113.361
20.5860	46.672	113.344
20.8855	46.832	113.326
21.1893	46.992	113.308
21.4975	47.152	113.289
21.8102	47.311	113.271
22.1274	47.471	113.252
22.4492	47.631	113.232
22.7758	47.791	113.213
23.1071	47.951	113.193
23.4432	48.111	113.173
23.7841	48.271	113.153
24.1301	48.430	113.132
24.4811	48.590	113.112
24.8372	48.750	113.091
25.1984	48.910	113.069
25.5649	49.070	113.048
25.9368	49.230	113.026
26.3141	49.390	113.003
26.6968	49.549	112.981
27.0851	49.709	112.958
27.4791	49.869	112.935
27.8788	50.029	112.911
28.2843	50.189	112.887
28.6957	50.349	112.863
29.1131	50.509	112.838
29.5365	50.668	112.813
29.9661	50.828	112.788
30.4020	50.988	112.763
30.8442	51.148	112.737
31.2929	51.308	112.710
31.7480	51.468	112.683
32.2098	51.628	112.656
32.6783	51.787	112.629
33.1536	51.947	112.601
33.6359	52.107	112.573
34.1251	52.267	112.544
34.6215	52.427	112.515
35.1250	52.587	112.486
35.6359	52.747	112.456
36.1543	52.906	112.425
36.6802	53.066	112.395
37.2137	53.226	112.364
37.7550	53.386	112.332
38.3041	53.546	112.300
38.8613	53.706	112.267
39.4265	53.866	112.234
40.0000	54.025	112.201
40.5818	54.185	112.167
41.1721	54.345	112.132
41.7710	54.505	112.097
42.3785	54.665	112.062
42.9949	54.825	112.026
43.6203	54.985	111.990
44.2548	55.144	111.953
44.8985	55.304	111.915
45.5515	55.464	111.877
46.2141	55.624	111.839
46.8863	55.784	111.799
47.5683	55.944	111.760
48.2602	56.104	111.719
48.9621	56.263	111.679
49.6743	56.423	111.637
50.3968	56.583	111.595
51.1299	56.743	111.553
51.8736	56.903	111.509
52.6281	57.063	111.465
53.3936	57.223	111.421
54.1702	57.382	111.376
54.9581	57.542	111.330
55.7575	57.702	111.284
56.5685	57.862	111.237
57.3914	58.022	111.189
58.2261	58.182	111.140
59.0730	58.342	111.091
59.9323	58.501	111.041
60.8040	58.661	110.991
61.6884	58.821	110.939
62.5857	58.981	110.887
63.4960	59.141	110.835
64.4196	59.301	110.781
65.3566	59.461	110.727
66.3073	59.620	110.672
67.2717	59.780	110.616
68.2502	59.940	110.559
69.2429	60.100	110.501
70.2501	60.260	110.443
71.2719	60.420	110.384
72.3086	60.580	110.324
73.3603	60.739	110.263
74.4274	60.899	110.201
75.5099	61.059	110.138
76.6083	61.219	110.075
77.7226	61.379	110.010
78.8531	61.539	109.945
80.0000	61.699	109.879
81.1636	61.858	109.811
82.3442	62.018	109.743
83.5419	62.178	109.674
84.7570	62.338	109.603
85.9899	62.498	109.532
87.2406	62.658	109.460
88.5096	62.818	109.386
89.7970	62.977	109.312
91.1031	63.137	109.237
92.4282	63.297	109.160
93.7726	63.457	109.082
95.1366	63.617	109.004
96.5204	63.777	108.924
97.9243	63.937	108.843
99.3486	64.096	108.760
100.794	64.256	108.677
102.260	64.416	108.592
103.747	64.576	108.507
105.256	64.736	108.420
106.787	64.896	108.331
108.340	65.056	108.242
109.916	65.215	108.151
111.515	65.375	108.059
113.137	65.535	107.965
114.783	65.695	107.871
116.452	65.855	107.775
118.146	66.015	107.677
119.865	66.175	107.578
121.608	66.334	107.478
123.377	66.494	107.376
125.171	66.654	107.273
126.992	66.814	107.168
128.839	66.974	107.062
130.713	67.134	106.955
132.615	67.294	106.846
134.543	67.453	106.735
136.500	67.613	106.623
138.486	67.773	106.509
140.500	67.933	106.394
142.544	68.093	106.277
144.617	68.253	106.158
146.721	68.413	106.038
148.855	68.572	105.916
151.020	68.732	105.793
153.217	68.892	105.668
155.445	69.052	105.541
157.706	69.212	105.412
160.000	69.372	105.282
162.327	69.532	105.149
164.688	69.691	105.015
167.084	69.851	104.880
169.514	70.011	104.742
171.980	70.171	104.603
174.481	70.331	104.462
177.019	70.491	104.319
179.594	70.651	104.175
182.206	70.810	104.028
184.856	70.970	103.880
187.545	71.130	103.730
190.273	71.290	103.579
193.041	71.450	103.425
195.849	71.610	103.270
198.697	71.770	103.114
201.587	71.929	102.957
204.520	72.089	102.798
207.494	72.249	102.639
210.512	72.409	102.481
213.574	72.569	102.324
216.681	72.729	102.175
219.833	72.891	102.035
223.030	73.057	101.899
226.274	73.234	101.739
229.565	73.418	101.510
232.905	73.602	101.178
236.292	73.770	100.747
239.729	73.911	100.281
243.216	74.022	99.867
246.754	74.104	99.620
250.343	74.183	99.615
253.984	74.284	99.821
257.678	74.416	100.155
261.426	74.584	100.519
265.229	74.782	100.838
269.087	75.007	101.055
273.001	75.247	101.143
276.972	75.506	101.060
281.000	75.766	100.755
285.088	76.000	100.281
289.234	76.210	99.719
293.441	76.383	99.159
297.709	76.529	98.725
302.040	76.676	98.461
306.433	76.838	98.332
310.890	77.026	98.273
315.412	77.247	98.183
320.000	77.491	97.976
324.655	77.751	97.600
329.377	78.015	97.018
334.168	78.260	96.256
339.028	78.483	95.383
343.959	78.682	94.450
348.962	78.855	93.522
354.038	79.019	92.629
359.188	79.175	91.755
364.412	79.328	90.884
369.713	79.478	89.977
375.090	79.606	89.050
380.546	79.718	88.150
386.081	79.811	87.307
391.697	79.888	86.574
397.394	79.965	85.967
403.175	80.047	85.449
409.039	80.134	85.003
414.989	80.227	84.620
421.025	80.327	84.289
427.149	80.431	84.035
433.362	80.566	83.807
439.665	80.723	83.484
446.060	80.875	83.065
452.548	81.030	82.575
459.131	81.172	82.007
465.809	81.288	81.466
472.584	81.408	81.008
479.458	81.535	80.589
486.432	81.670	80.193
493.507	81.821	79.771
500.686	81.976	79.291
507.968	82.131	78.764
515.357	82.294	78.165
522.853	82.447	77.488
530.458	82.589	76.777
538.174	82.724	76.051
546.002	82.848	75.334
553.943	82.968	74.653
562.001	83.094	73.988
570.175	83.227	73.297
578.469	83.363	72.547
586.883	83.495	71.720
595.419	83.616	70.822
604.080	83.715	69.891
612.866	83.790	68.999
621.780	83.851	68.196
630.824	83.904	67.504
640.000	83.958	66.945
649.309	84.030	66.483
658.753	84.122	66.054
668.335	84.238	65.596
678.056	84.377	65.008
687.919	84.513	64.253
697.925	84.639	63.357
708.077	84.743	62.344
718.376	84.809	61.298
728.825	84.847	60.313
739.426	84.867	59.429
750.181	84.873	58.670
761.093	84.876	58.049
772.163	84.879	57.563
783.394	84.890	57.206
794.789	84.918	56.949
806.349	84.974	56.718
818.078	85.045	56.440
829.977	85.125	56.090
842.050	85.205	55.654
854.298	85.266	55.183
866.724	85.310	54.783
879.330	85.361	54.490
892.120	85.422	54.291
905.097	85.528	54.087
918.262	85.664	53.684
931.618	85.786	53.056
945.169	85.887	52.266
958.917	85.944	51.392
972.864	85.941	50.630
987.015	85.923	50.125
1001.37	85.913	49.853
1015.94	85.924	49.762
1030.71	85.968	49.760
1045.71	86.041	49.751
1060.92	86.135	49.672
1076.35	86.241	49.499
1092.00	86.355	49.214
1107.89	86.465	48.807
1124.00	86.558	48.326
1140.35	86.635	47.834
1156.94	86.699	47.367
1173.77	86.751	46.972
1190.84	86.806	46.663
1208.16	86.868	46.413
1225.73	86.940	46.194
1243.56	87.018	45.996
1261.65	87.108	45.797
1280.00	87.202	45.581
1298.62	87.300	45.376
1317.51	87.412	45.167
1336.67	87.536	44.917
1356.11	87.676	44.586
1375.84	87.825	44.116
1395.85	87.966	43.495
1416.15	88.089	42.759
1436.75	88.180	41.985
1457.65	88.243	41.272
1478.85	88.289	40.683
1500.36	88.328	40.262
1522.19	88.377	40.022
1544.33	88.450	39.927
1566.79	88.560	39.913
1589.58	88.716	39.872
1612.70	88.918	39.664
1636.16	89.151	39.171
1659.95	89.393	38.321
1684.10	89.605	37.150
1708.60	89.770	35.793
1733.45	89.889	34.370
1758.66	89.963	32.986
1784.24	90.010	31.732
1810.19	90.051	30.624
1836.52	90.096	29.620
1863.24	90.150	28.671
1890.34	90.214	27.728
1917.83	90.286	26.745
1945.73	90.358	25.692
1974.03	90.421	24.574
2002.74	90.468	23.420
2031.87	90.498	22.277
2061.43	90.515	21.178
2091.41	90.527	20.143
2121.83	90.543	19.146
2152.69	90.562	18.147
2184.01	90.578	17.130
2215.77	90.584	16.108
2248.00	90.578	15.108
2280.70	90.562	14.162
2313.87	90.543	13.287
2347.53	90.528	12.477
2381.68	90.522	11.700
2416.32	90.519	10.927
2451.46	90.519	10.155
2487.12	90.520	9.384
2523.30	90.522	8.616
2560.00	90.528	7.845
2597.24	90.539	7.052
2635.01	90.555	6.210
2673.34	90.569	5.299
2712.23	90.576	4.320
2751.68	90.569	3.289
2791.70	90.544	2.237
2832.31	90.497	1.214
2873.50	90.434	0.259
2915.30	90.360	-0.603
2957.70	90.279	-1.350
3000.72	90.202	-1.983
3044.37	90.137	-2.548
3088.65	90.077	-3.072
3133.58	90.027	-3.579
3179.16	89.983	-4.105
3225.40	89.930	-4.635
3272.31	89.873	-5.136
3319.91	89.810	-5.585
3368.20	89.744	-5.957
3417.19	89.679	-6.228
3466.89	89.625	-6.396
3517.32	89.594	-6.501
3568.48	89.585	-6.605
3620.39	89.597	-6.769
3673.05	89.623	-7.050
3726.47	89.641	-7.435
3780.67	89.648	-7.871
3835.67	89.641	-8.307
3891.46	89.623	-8.674
3948.06	89.608	-8.927
4005.49	89.616	-9.109
4063.75	89.653	-9.316
4122.86	89.711	-9.633
4182.82	89.781	-10.125
4243.66	89.836	-10.777
4305.39	89.867	-11.516
4368.01	89.868	-12.236
4431.55	89.854	-12.841
4496.01	89.849	-13.331
4561.40	89.862	-13.763
4627.75	89.902	-14.218
4695.06	89.961	-14.788
4763.35	90.025	-15.517
4832.64	90.087	-16.428
4902.93	90.122	-17.504
4974.24	90.114	-18.626
5046.60	90.071	-19.690
5120.00	89.993	-20.590
5194.47	89.913	-21.274
5270.03	89.840	-21.755
5346.68	89.798	-22.084
5424.45	89.798	-22.406
5503.35	89.820	-22.835
5583.40	89.850	-23.380
5664.61	89.886	-24.062
5747.01	89.900	-24.838
5830.60	89.903	-25.624
5915.41	89.894	-26.387
6001.45	89.890	-27.115
6088.74	89.897	-27.855
6177.30	89.911	-28.655
6267.15	89.925	-29.549
6358.31	89.926	-30.529
6450.80	89.907	-31.543
6544.62	89.873	-32.542
6639.82	89.828	-33.501
6736.40	89.779	-34.420
6834.38	89.727	-35.315
6933.79	89.669	-36.177
7034.64	89.617	-37.043
7136.96	89.549	-37.916
7240.77	89.472	-38.769
7346.09	89.373	-39.551
7452.94	89.256	-40.168
7561.35	89.148	-40.607
7671.33	89.051	-40.888
7782.91	88.979	-41.027
7896.12	88.954	-41.154
8010.97	88.948	-41.356
8127.49	88.963	-41.655
8245.71	88.985	-42.073
8365.65	89.006	-42.586
8487.33	89.028	-43.180
8610.78	89.043	-43.844
8736.03	89.049	-44.541
8863.09	89.052	-45.250
8992.01	89.052	-45.966
9122.80	89.052	-46.691
9255.50	89.052	-47.435
9390.12	89.049	-48.197
9526.70	89.043	-48.973
9665.27	89.028	-49.735
9805.86	89.009	-50.449
9948.49	88.994	-51.104
10093.2	88.989	-51.713
10240.0	89.000	-52.307
10388.9	89.031	-52.933
10540.1	89.075	-53.638
10693.4	89.127	-54.443
10848.9	89.177	-55.336
11006.7	89.228	-56.293
11166.8	89.281	-57.307
11329.2	89.348	-58.422
11494.0	89.420	-59.706
11661.2	89.483	-61.168
11830.8	89.528	-62.814
12002.9	89.526	-64.588
12177.5	89.460	-66.316
12354.6	89.355	-67.834
12534.3	89.234	-69.076
12716.6	89.130	-70.051
12901.6	89.063	-70.850
13089.2	89.040	-71.607
13279.6	89.054	-72.446
13472.8	89.092	-73.451
13668.8	89.137	-74.648
13867.6	89.172	-76.014
14069.3	89.192	-77.503
14273.9	89.189	-79.077
14481.5	89.149	-80.630
14692.2	89.096	-82.065
14905.9	89.046	-83.385
15122.7	89.012	-84.630
15342.7	89.000	-85.857
15565.8	89.008	-87.129
15792.2	89.029	-88.487
16021.9	89.065	-89.972
16255.0	89.101	-91.606
16491.4	89.137	-93.386
16731.3	89.159	-95.310
16974.7	89.154	-97.323
17221.6	89.121	-99.343
17472.1	89.070	-101.308
17726.2	89.016	-103.197
17984.0	88.975	-105.034
18245.6	88.951	-106.884
18511.0	88.942	-108.806
18780.2	88.939	-110.839
19053.4	88.939	-112.991
19330.5	88.939	-115.276
19611.7	88.936	-117.703
19897.0	88.928	-120.287
20186.4	88.904	-123.027
20480.0	88.859	-125.902
20777.9	88.792	-128.901
21080.1	88.701	-132.023
21386.7	88.584	-135.267
21697.8	88.432	-138.627
22013.4	88.222	-142.052
22333.6	87.936	-145.400
22658.4	87.577	-148.513
22988.0	87.164	-151.234
23322.4	86.738	-153.460
23661.6	86.353	-155.237
24005.8	86.028	-156.721
24355.0	85.770	-158.083
24709.2	85.574	-159.494
25068.6	85.420	-161.068
25433.2	85.303	-162.864
25803.2	85.210	-164.939
26178.5	85.128	-167.344
26559.3	85.034	-170.090
26945.6	84.906	-173.131
27337.5	84.739	-176.414
27735.2	84.510	-179.840
28138.6	84.225	176.712
28547.9	83.896	173.284
28963.1	83.517	169.919
29384.4	83.101	166.698
29811.8	82.658	163.655
30245.4	82.188	160.805
30685.3	81.704	158.188
31131.7	81.223	155.821
31584.5	80.784	153.613
32043.9	80.396	151.374
32510.0	80.045	148.925
32982.8	79.696	146.171
33462.6	79.309	143.121
33949.3	78.861	139.852
34443.1	78.340	136.474
34944.1	77.740	133.125
35452.4	77.073	129.932
35968.0	76.338	126.937
36491.2	75.528	124.232
37022.0	74.634	121.990
37560.5	73.695	120.368
38106.8	72.783	119.430
38661.1	71.938	119.242
39223.4	71.297	119.439
39793.9	70.774	119.911
