5.00000	35.636	-126.104
5.07273	35.799	-126.221
5.14651	36.012	-126.369
5.22137	36.295	-126.556
5.29732	36.607	-126.746
5.37437	36.951	-126.952
5.45254	37.294	-127.155
5.53185	37.637	-127.359
5.61231	37.981	-127.566
5.69394	38.324	-127.775
5.77676	38.667	-127.987
5.86079	39.011	-128.202
5.94604	39.354	-128.419
6.03252	39.697	-128.639
6.12027	40.040	-128.862
6.20929	40.384	-129.089
6.29961	40.727	-129.318
6.39124	41.070	-129.551
6.48420	41.414	-129.787
6.57851	41.757	-130.026
6.67420	42.100	-130.269
6.77128	42.444	-130.514
6.86977	42.787	-130.764
6.96969	43.130	-131.017
7.07107	43.474	-131.274
7.17392	43.817	-131.534
7.27827	44.160	-131.799
7.38413	44.503	-132.067
7.49154	44.847	-132.339
7.60050	45.190	-132.614
7.71105	45.533	-132.894
7.82321	45.877	-133.178
7.93701	46.220	-133.467
8.05245	46.563	-133.760
8.16958	46.907	-134.057
8.28841	47.250	-134.359
8.40896	47.593	-134.665
8.53128	47.937	-134.975
8.65537	48.280	-135.291
8.78126	48.623	-135.611
8.90899	48.966	-135.936
9.03857	49.310	-136.266
9.17004	49.653	-136.602
9.30342	49.996	-136.942
9.43874	50.340	-137.287
9.57603	50.683	-137.638
9.71532	51.026	-137.994
9.85663	51.370	-138.356
10.0000	51.713	-138.723
10.1455	52.056	-139.096
10.2930	52.400	-139.476
10.4427	52.743	-139.861
10.5946	53.086	-140.252
10.7487	53.429	-140.649
10.9051	53.773	-141.053
11.0637	54.116	-141.463
11.2246	54.459	-141.880
11.3879	54.803	-142.303
11.5535	55.146	-142.733
11.7216	55.489	-143.171
11.8921	55.833	-143.615
12.0650	56.176	-144.067
12.2405	56.519	-144.526
12.4186	56.863	-144.993
12.5992	57.206	-145.468
12.7825	57.549	-145.950
12.9684	57.892	-146.441
13.1570	58.236	-146.940
13.3484	58.579	-147.447
13.5426	58.922	-147.963
13.7395	59.266	-148.488
13.9394	59.609	-149.022
14.1421	59.952	-149.566
14.3478	60.296	-150.119
14.5565	60.639	-150.681
14.7683	60.982	-151.254
14.9831	61.326	-151.837
15.2010	61.669	-152.430
15.4221	62.012	-153.034
15.6464	62.355	-153.649
15.8740	62.699	-154.275
16.1049	63.042	-154.913
16.3392	63.385	-155.562
16.5768	63.729	-156.224
16.8179	64.072	-156.898
17.0626	64.415	-157.584
17.3107	64.759	-158.283
17.5625	65.102	-158.995
17.8180	65.445	-159.721
18.0771	65.789	-160.459
18.3401	66.132	-161.210
18.6068	66.475	-161.975
18.8775	66.818	-162.751
19.1521	67.162	-163.538
19.4306	67.505	-164.335
19.7133	67.848	-165.136
20.0000	68.192	-165.933
20.2909	68.538	-166.720
20.5860	68.888	-167.488
20.8855	69.251	-168.242
21.1893	69.630	-169.009
21.4975	70.030	-169.818
21.8102	70.462	-170.747
22.1274	70.916	-171.891
22.4492	71.378	-173.290
22.7758	71.842	-174.962
23.1071	72.296	-176.940
23.4432	72.720	-179.211
23.7841	73.105	178.289
24.1301	73.453	175.575
24.4811	73.744	172.666
24.8372	73.962	169.653
25.1984	74.107	166.628
25.5649	74.169	163.666
25.9368	74.136	160.911
26.3141	74.010	158.560
26.6968	73.809	156.797
27.0851	73.558	155.831
27.4791	73.315	155.831
27.8788	73.162	156.737
28.2843	73.140	158.263
28.6957	73.275	159.998
29.1131	73.545	161.514
29.5365	73.898	162.633
29.9661	74.311	163.311
30.4020	74.750	163.556
30.8442	75.199	163.434
31.2929	75.664	162.936
31.7480	76.116	162.051
32.2098	76.538	160.864
32.6783	76.927	159.445
33.1536	77.270	157.870
33.6359	77.564	156.260
34.1251	77.826	154.693
34.6215	78.060	153.199
35.1250	78.275	151.826
35.6359	78.492	150.568
36.1543	78.714	149.371
36.6802	78.939	148.213
37.2137	79.174	147.059
37.7550	79.412	145.872
38.3041	79.647	144.662
38.8613	79.885	143.432
39.4265	80.126	142.170
40.0000	80.383	140.818
40.5818	80.645	139.306
41.1721	80.901	137.589
41.7710	81.131	135.673
42.3785	81.324	133.570
42.9949	81.458	131.344
43.6203	81.521	129.098
44.2548	81.498	126.993
44.8985	81.391	125.219
45.5515	81.213	123.960
46.2141	80.989	123.440
46.8863	80.784	123.791
47.5683	80.658	124.943
48.2602	80.645	126.709
48.9621	80.788	128.738
49.6743	81.065	130.647
50.3968	81.450	132.211
51.1299	81.915	133.301
51.8736	82.428	133.891
52.6281	82.970	134.007
53.3936	83.530	133.682
54.1702	84.106	132.904
54.9581	84.681	131.670
55.7575	85.255	129.975
56.5685	85.818	127.763
57.3914	86.335	125.042
58.2261	86.786	121.901
59.0730	87.142	118.466
59.9323	87.389	114.905
60.8040	87.534	111.389
61.6884	87.592	108.053
62.5857	87.585	105.005
63.4960	87.530	102.301
64.4196	87.442	99.966
65.3566	87.332	98.011
66.3073	87.209	96.461
67.2717	87.093	95.331
68.2502	86.997	94.617
69.2429	86.945	94.275
70.2501	86.957	94.202
71.2719	87.045	94.242
72.3086	87.211	94.203
73.3603	87.438	93.920
74.4274	87.703	93.304
75.5099	87.980	92.328
76.6083	88.251	91.024
77.7226	88.503	89.437
78.8531	88.720	87.631
80.0000	88.899	85.689
81.1636	89.040	83.672
82.3442	89.141	81.643
83.5419	89.208	79.668
84.7570	89.253	77.767
85.9899	89.276	75.948
87.2406	89.280	74.224
88.5096	89.269	72.604
89.7970	89.244	71.092
91.1031	89.208	69.679
92.4282	89.150	68.392
93.7726	89.063	67.330
95.1366	88.962	66.606
96.5204	88.869	66.322
97.9243	88.838	66.470
99.3486	88.919	66.802
100.794	89.116	66.928
102.260	89.399	66.505
103.747	89.698	65.389
105.256	89.938	63.718
106.787	90.091	61.750
108.340	90.154	59.742
109.916	90.152	57.906
111.515	90.125	56.325
113.137	90.095	54.968
114.783	90.076	53.773
116.452	90.069	52.663
118.146	90.066	51.595
119.865	90.066	50.559
121.608	90.066	49.559
123.377	90.069	48.599
125.171	90.078	47.669
126.992	90.096	46.745
128.839	90.126	45.773
130.713	90.153	44.733
132.615	90.174	43.643
134.543	90.185	42.508
136.500	90.177	41.361
138.486	90.153	40.260
140.500	90.125	39.215
142.544	90.092	38.211
144.617	90.054	37.253
146.721	90.014	36.335
148.855	89.975	35.436
151.020	89.926	34.566
153.217	89.875	33.736
155.445	89.819	32.933
157.706	89.755	32.170
160.000	89.690	31.434
162.327	89.608	30.723
164.688	89.500	30.112
167.084	89.368	29.705
169.514	89.219	29.621
171.980	89.081	29.988
174.481	89.012	30.795
177.019	89.060	31.767
179.594	89.230	32.493
182.206	89.487	32.619
184.856	89.763	32.002
187.545	89.987	30.774
190.273	90.135	29.150
193.041	90.188	27.360
195.849	90.163	25.631
198.697	90.086	24.079
201.587	89.971	22.745
204.520	89.829	21.662
207.494	89.674	20.850
210.512	89.517	20.312
213.574	89.377	20.024
216.681	89.261	19.922
219.833	89.173	19.936
223.030	89.116	19.996
226.274	89.086	20.028
229.565	89.074	19.978
232.905	89.066	19.834
236.292	89.051	19.631
239.729	89.027	19.420
243.216	88.996	19.254
246.754	88.968	19.151
250.343	88.949	19.090
253.984	88.941	19.045
257.678	88.945	18.985
261.426	88.956	18.884
265.229	88.965	18.761
269.087	88.980	18.630
273.001	89.001	18.476
276.972	89.029	18.282
281.000	89.063	18.019
285.088	89.099	17.661
289.234	89.125	17.209
293.441	89.134	16.693
297.709	89.118	16.171
302.040	89.080	15.720
306.433	89.028	15.403
310.890	88.979	15.240
315.412	88.947	15.196
320.000	88.941	15.198
324.655	88.958	15.163
329.377	88.991	15.030
334.168	89.031	14.769
339.028	89.067	14.375
343.959	89.092	13.856
348.962	89.091	13.255
354.038	89.058	12.659
359.188	89.001	12.144
364.412	88.928	11.755
369.713	88.850	11.517
375.090	88.785	11.397
380.546	88.731	11.333
386.081	88.685	11.287
391.697	88.642	11.249
397.394	88.600	11.225
403.175	88.557	11.222
409.039	88.514	11.245
414.989	88.472	11.297
421.025	88.429	11.383
427.149	88.387	11.507
433.362	88.344	11.676
439.665	88.301	11.901
446.060	88.259	12.201
452.548	88.221	12.599
459.131	88.192	13.115
465.809	88.188	13.735
472.584	88.217	14.388
479.458	88.279	14.991
486.432	88.369	15.468
493.507	88.474	15.766
500.686	88.576	15.906
507.968	88.673	15.939
515.357	88.764	15.896
522.853	88.854	15.795
530.458	88.945	15.621
538.174	89.036	15.345
546.002	89.120	14.950
553.943	89.185	14.460
562.001	89.228	13.920
570.175	89.248	13.380
578.469	89.248	12.884
586.883	89.235	12.455
595.419	89.215	12.091
604.080	89.188	11.780
612.866	89.152	11.529
621.780	89.106	11.362
630.824	89.051	11.310
640.000	88.993	11.411
649.309	88.943	11.677
658.753	88.911	12.092
668.335	88.905	12.617
678.056	88.932	13.196
687.919	88.992	13.767
697.925	89.089	14.261
708.077	89.219	14.586
718.376	89.371	14.668
728.825	89.530	14.454
739.426	89.668	13.955
750.181	89.762	13.283
761.093	89.810	12.568
772.163	89.818	11.931
783.394	89.803	11.458
794.789	89.793	11.139
806.349	89.794	10.898
818.078	89.806	10.672
829.977	89.822	10.420
842.050	89.831	10.135
854.298	89.829	9.855
866.724	89.818	9.612
879.330	89.801	9.420
892.120	89.779	9.293
905.097	89.755	9.232
918.262	89.730	9.244
931.618	89.706	9.337
945.169	89.682	9.532
958.917	89.668	9.845
972.864	89.670	10.278
987.015	89.708	10.777
1001.37	89.782	11.224
1015.94	89.881	11.529
1030.71	89.988	11.653
1045.71	90.081	11.643
1060.92	90.157	11.601
1076.35	90.226	11.589
1092.00	90.295	11.633
1107.89	90.384	11.700
1124.00	90.492	11.697
1140.35	90.604	11.586
1156.94	90.712	11.374
1173.77	90.806	11.106
1190.84	90.882	10.867
1208.16	90.956	10.716
1225.73	91.042	10.659
1243.56	91.158	10.647
1261.65	91.318	10.545
1280.00	91.509	10.203
1298.62	91.708	9.547
1317.51	91.885	8.590
1336.67	92.017	7.435
1356.11	92.102	6.211
1375.84	92.144	5.026
1395.85	92.159	3.954
1416.15	92.163	3.008
1436.75	92.163	2.165
1457.65	92.163	1.399
1478.85	92.163	0.690
1500.36	92.163	0.027
1522.19	92.163	-0.596
1544.33	92.163	-1.179
1566.79	92.163	-1.719
1589.58	92.164	-2.205
1612.70	92.170	-2.626
1636.16	92.186	-2.983
1659.95	92.226	-3.312
1684.10	92.295	-3.708
1708.60	92.380	-4.239
1733.45	92.482	-4.977
1758.66	92.564	-5.932
1784.24	92.611	-6.997
1810.19	92.634	-8.100
1836.52	92.624	-9.187
1863.24	92.591	-10.172
1890.34	92.557	-11.056
1917.83	92.516	-11.863
1945.73	92.474	-12.575
1974.03	92.439	-13.213
2002.74	92.417	-13.812
2031.87	92.409	-14.419
2061.43	92.417	-15.108
2091.41	92.421	-15.909
2121.83	92.414	-16.806
2152.69	92.384	-17.771
2184.01	92.324	-18.733
2215.77	92.237	-19.611
2248.00	92.137	-20.368
2280.70	92.029	-21.001
2313.87	91.917	-21.514
2347.53	91.800	-21.897
2381.68	91.686	-22.156
2416.32	91.564	-22.267
2451.46	91.444	-22.163
2487.12	91.346	-21.834
2523.30	91.281	-21.326
2560.00	91.257	-20.689
2597.24	91.286	-20.024
2635.01	91.358	-19.421
2673.34	91.473	-18.934
2712.23	91.622	-18.619
2751.68	91.799	-18.495
2791.70	92.005	-18.606
2832.31	92.229	-18.992
2873.50	92.468	-19.691
2915.30	92.708	-20.741
2957.70	92.928	-22.129
3000.72	93.119	-23.810
3044.37	93.272	-25.747
3088.65	93.374	-27.890
3133.58	93.407	-30.117
3179.16	93.380	-32.302
3225.40	93.304	-34.389
3272.31	93.174	-36.293
3319.91	93.017	-37.927
3368.20	92.855	-39.312
3417.19	92.685	-40.461
3466.89	92.526	-41.390
3517.32	92.383	-42.166
3568.48	92.248	-42.800
3620.39	92.139	-43.319
3673.05	92.055	-43.808
3726.47	91.982	-44.291
3780.67	91.924	-44.766
3835.67	91.876	-45.246
3891.46	91.834	-45.713
3948.06	91.811	-46.167
4005.49	91.805	-46.633
4063.75	91.824	-47.148
4122.86	91.872	-47.790
4182.82	91.938	-48.639
4243.66	92.008	-49.725
4305.39	92.073	-51.063
4368.01	92.112	-52.645
4431.55	92.103	-54.386
4496.01	92.040	-56.159
4561.40	91.931	-57.867
4627.75	91.778	-59.410
4695.06	91.602	-60.711
4763.35	91.419	-61.744
4832.64	91.241	-62.489
4902.93	91.095	-62.983
4974.24	90.995	-63.319
5046.60	90.954	-63.623
5120.00	90.975	-64.086
5194.47	91.028	-64.833
5270.03	91.096	-65.887
5346.68	91.161	-67.258
5424.45	91.204	-68.904
5503.35	91.224	-70.778
5583.40	91.213	-72.858
5664.61	91.158	-75.098
5747.01	91.051	-77.437
5830.60	90.875	-79.755
5915.41	90.641	-81.918
6001.45	90.371	-83.852
6088.74	90.075	-85.522
6177.30	89.779	-86.928
6267.15	89.490	-88.120
6358.31	89.212	-89.146
6450.80	88.948	-90.061
6544.62	88.689	-90.886
6639.82	88.447	-91.638
6736.40	88.220	-92.378
6834.38	88.000	-93.159
6933.79	87.774	-93.994
7034.64	87.524	-94.832
7136.96	87.250	-95.602
7240.77	86.947	-96.220
7346.09	86.624	-96.579
7452.94	86.306	-96.641
7561.35	85.995	-96.388
7671.33	85.722	-95.821
7782.91	85.503	-95.051
7896.12	85.330	-94.165
8010.97	85.216	-93.239
8127.49	85.153	-92.389
8245.71	85.121	-91.639
8365.65	85.115	-90.944
8487.33	85.136	-90.241
8610.78	85.204	-89.493
8736.03	85.345	-88.756
8863.09	85.591	-88.229
8992.01	85.948	-88.244
9122.80	86.380	-89.083
9255.50	86.835	-90.863
9390.12	87.257	-93.557
9526.70	87.596	-97.038
9665.27	87.821	-101.116
9805.86	87.903	-105.541
9948.49	87.841	-110.053
10093.2	87.637	-114.434
10240.0	87.312	-118.460
10388.9	86.914	-121.957
10540.1	86.501	-124.887
10693.4	86.112	-127.317
10848.9	85.777	-129.406
11006.7	85.500	-131.356
11166.8	85.272	-133.331
11329.2	85.083	-135.426
11494.0	84.931	-137.719
11661.2	84.820	-140.337
11830.8	84.738	-143.426
12002.9	84.666	-147.105
12177.5	84.572	-151.447
12354.6	84.397	-156.430
12534.3	84.090	-161.876
12716.6	83.622	-167.595
12901.6	82.991	-173.398
13089.2	82.211	-179.096
13279.6	81.314	175.445
13472.8	80.319	170.272
13668.8	79.222	165.386
13867.6	78.012	160.771
14069.3	76.648	156.527
14273.9	75.117	152.887
14481.5	73.434	150.044
14692.2	71.590	148.245
14905.9	69.612	147.840
15122.7	67.565	149.058
15342.7	65.479	152.028
15565.8	63.391	156.842
15792.2	61.307	163.646
16021.9	59.280	173.135
16255.0	57.482	-172.806
16491.4	56.381	-149.914
16731.3	56.535	-119.416
16974.7	57.906	-97.305
17221.6	59.947	-88.031
17472.1	61.883	-86.227
17726.2	63.358	-87.684
17984.0	64.329	-90.570
18245.6	64.796	-93.906
18511.0	64.903	-96.899
18780.2	64.825	-99.171
19053.4	64.620	-100.719
19330.5	64.370	-101.651
19611.7	64.025	-102.081
19897.0	63.587	-101.754
20186.4	63.137	-100.502
20480.0	62.717	-98.318
20777.9	62.390	-95.357
21080.1	62.224	-92.206
21386.7	62.156	-89.314
21697.8	62.141	-86.806
22013.4	62.141	-84.612
22333.6	62.141	-82.621
22658.4	62.141	-80.769
22988.0	62.141	-79.022
23322.4	62.141	-77.363
23661.6	62.141	-75.777
24005.8	62.141	-74.256
24355.0	62.141	-72.793
24709.2	62.141	-71.381
25068.6	62.141	-70.016
25433.2	62.141	-68.695
25803.2	62.141	-67.414
26178.5	62.141	-66.171
26559.3	62.141	-64.963
26945.6	62.141	-63.788
27337.5	62.141	-62.644
27735.2	62.141	-61.530
28138.6	62.141	-60.443
28547.9	62.141	-59.384
28963.1	62.141	-58.350
29384.4	62.141	-57.340
29811.8	62.141	-56.354
30245.4	62.141	-55.389
30685.3	62.141	-54.446
31131.7	62.141	-53.523
31584.5	62.141	-52.620
32043.9	62.141	-51.735
32510.0	62.141	-50.868
32982.8	62.141	-50.017
33462.6	62.141	-49.183
33949.3	62.141	-48.364
34443.1	62.141	-47.560
34944.1	62.141	-46.768
35452.4	62.141	-45.989
35968.0	62.141	-45.220
36491.2	62.141	-44.458
37022.0	62.141	-43.697
37560.5	62.144	-42.935
38106.8	62.147	-42.237
38661.1	62.157	-41.604
39223.4	62.168	-41.135
39793.9	62.177	-40.768
