5.00000	24.226	-98.914
5.07273	24.407	-99.019
5.14651	24.642	-99.150
5.22137	24.954	-99.312
5.29732	25.298	-99.474
5.37437	25.676	-99.647
5.45254	26.054	-99.816
5.53185	26.433	-99.986
5.61231	26.811	-100.158
5.69394	27.189	-100.331
5.77676	27.567	-100.507
5.86079	27.945	-100.684
5.94604	28.323	-100.864
6.03252	28.702	-101.046
6.12027	29.080	-101.231
6.20929	29.458	-101.417
6.29961	29.836	-101.607
6.39124	30.214	-101.799
6.48420	30.592	-101.993
6.57851	30.970	-102.190
6.67420	31.349	-102.390
6.77128	31.727	-102.592
6.86977	32.105	-102.796
6.96969	32.483	-103.004
7.07107	32.861	-103.215
7.17392	33.239	-103.429
7.27827	33.618	-103.645
7.38413	33.996	-103.865
7.49154	34.374	-104.087
7.60050	34.752	-104.313
7.71105	35.130	-104.541
7.82321	35.508	-104.773
7.93701	35.887	-105.009
8.05245	36.265	-105.248
8.16958	36.643	-105.490
8.28841	37.021	-105.736
8.40896	37.399	-105.985
8.53128	37.777	-106.238
8.65537	38.156	-106.494
8.78126	38.534	-106.754
8.90899	38.912	-107.018
9.03857	39.290	-107.286
9.17004	39.668	-107.557
9.30342	40.046	-107.833
9.43874	40.425	-108.112
9.57603	40.803	-108.396
9.71532	41.181	-108.683
9.85663	41.559	-108.975
10.0000	41.937	-109.271
10.1455	42.315	-109.571
10.2930	42.694	-109.876
10.4427	43.072	-110.185
10.5946	43.450	-110.499
10.7487	43.828	-110.818
10.9051	44.206	-111.141
11.0637	44.584	-111.469
11.2246	44.963	-111.802
11.3879	45.341	-112.139
11.5535	45.719	-112.482
11.7216	46.097	-112.830
11.8921	46.475	-113.183
12.0650	46.853	-113.541
12.2405	47.231	-113.905
12.4186	47.610	-114.274
12.5992	47.988	-114.648
12.7825	48.366	-115.029
12.9684	48.744	-115.414
13.1570	49.122	-115.806
13.3484	49.500	-116.203
13.5426	49.879	-116.607
13.7395	50.257	-117.016
13.9394	50.635	-117.432
14.1421	51.013	-117.854
14.3478	51.391	-118.282
14.5565	51.769	-118.717
14.7683	52.148	-119.159
14.9831	52.526	-119.607
15.2010	52.904	-120.062
15.4221	53.282	-120.524
15.6464	53.660	-120.992
15.8740	54.038	-121.468
16.1049	54.417	-121.951
16.3392	54.795	-122.441
16.5768	55.173	-122.938
16.8179	55.551	-123.442
17.0626	55.929	-123.954
17.3107	56.307	-124.474
17.5625	56.686	-125.000
17.8180	57.064	-125.534
18.0771	57.442	-126.075
18.3401	57.820	-126.623
18.6068	58.198	-127.178
18.8775	58.576	-127.739
19.1521	58.955	-128.305
19.4306	59.333	-128.876
19.7133	59.711	-129.448
20.0000	60.089	-130.019
20.2909	60.467	-130.574
20.5860	60.851	-131.116
20.8855	61.243	-131.654
21.1893	61.651	-132.234
21.4975	62.068	-132.912
21.8102	62.477	-133.679
22.1274	62.879	-134.499
22.4492	63.274	-135.345
22.7758	63.669	-136.231
23.1071	64.061	-137.178
23.4432	64.439	-138.174
23.7841	64.800	-139.187
24.1301	65.124	-140.112
24.4811	65.439	-140.826
24.8372	65.779	-141.353
25.1984	66.156	-141.794
25.5649	66.583	-142.298
25.9368	67.043	-143.020
26.3141	67.501	-143.990
26.6968	67.945	-145.155
27.0851	68.360	-146.430
27.4791	68.752	-147.732
27.8788	69.131	-149.013
28.2843	69.505	-150.259
28.6957	69.886	-151.505
29.1131	70.273	-152.794
29.5365	70.664	-154.166
29.9661	71.048	-155.635
30.4020	71.417	-157.175
30.8442	71.775	-158.771
31.2929	72.118	-160.406
31.7480	72.449	-162.063
32.2098	72.768	-163.746
32.6783	73.068	-165.430
33.1536	73.358	-167.108
33.6359	73.630	-168.760
34.1251	73.897	-170.378
34.6215	74.161	-171.999
35.1250	74.414	-173.646
35.6359	74.651	-175.312
36.1543	74.863	-176.986
36.6802	75.036	-178.592
37.2137	75.178	179.962
37.7550	75.292	178.742
38.3041	75.392	177.831
38.8613	75.498	177.281
39.4265	75.643	177.050
40.0000	75.842	177.013
40.5818	76.099	177.033
41.1721	76.410	176.972
41.7710	76.755	176.733
42.3785	77.110	176.320
42.9949	77.469	175.785
43.6203	77.827	175.186
44.2548	78.195	174.552
44.8985	78.579	173.867
45.5515	78.985	173.089
46.2141	79.410	172.160
46.8863	79.843	171.049
47.5683	80.278	169.752
48.2602	80.708	168.275
48.9621	81.125	166.646
49.6743	81.533	164.891
50.3968	81.931	163.005
51.1299	82.317	160.988
51.8736	82.687	158.846
52.6281	83.036	156.586
53.3936	83.353	154.242
54.1702	83.638	151.883
54.9581	83.899	149.541
55.7575	84.139	147.233
56.5685	84.363	144.981
57.3914	84.582	142.761
58.2261	84.784	140.579
59.0730	84.979	138.431
59.9323	85.160	136.320
60.8040	85.325	134.296
61.6884	85.498	132.352
62.5857	85.676	130.430
63.4960	85.858	128.509
64.4196	86.051	126.542
65.3566	86.233	124.501
66.3073	86.402	122.416
67.2717	86.552	120.314
68.2502	86.683	118.239
69.2429	86.804	116.214
70.2501	86.919	114.234
71.2719	87.029	112.286
72.3086	87.134	110.367
73.3603	87.229	108.482
74.4274	87.320	106.636
75.5099	87.405	104.829
76.6083	87.488	103.054
77.7226	87.566	101.314
78.8531	87.641	99.610
80.0000	87.712	97.938
81.1636	87.780	96.307
82.3442	87.851	94.707
83.5419	87.919	93.133
84.7570	87.989	91.583
85.9899	88.063	90.026
87.2406	88.127	88.473
88.5096	88.195	86.939
89.7970	88.262	85.390
91.1031	88.321	83.833
92.4282	88.373	82.295
93.7726	88.422	80.773
95.1366	88.463	79.272
96.5204	88.497	77.818
97.9243	88.533	76.410
99.3486	88.573	75.024
100.794	88.614	73.643
102.260	88.657	72.249
103.747	88.696	70.840
105.256	88.726	69.433
106.787	88.748	68.045
108.340	88.763	66.702
109.916	88.780	65.401
111.515	88.801	64.113
113.137	88.822	62.826
114.783	88.842	61.533
116.452	88.857	60.230
118.146	88.863	58.940
119.865	88.865	57.678
121.608	88.865	56.438
123.377	88.865	55.213
125.171	88.863	53.993
126.992	88.857	52.774
128.839	88.842	51.569
130.713	88.822	50.400
132.615	88.801	49.266
134.543	88.781	48.156
136.500	88.766	47.050
138.486	88.758	45.899
140.500	88.747	44.661
142.544	88.720	43.335
144.617	88.664	41.950
146.721	88.569	40.580
148.855	88.432	39.322
151.020	88.257	38.276
153.217	88.058	37.531
155.445	87.856	37.129
157.706	87.668	37.073
160.000	87.512	37.325
162.327	87.404	37.797
164.688	87.346	38.387
167.084	87.342	38.990
169.514	87.387	39.497
171.980	87.466	39.829
174.481	87.564	39.959
177.019	87.669	39.892
179.594	87.768	39.660
182.206	87.852	39.323
184.856	87.923	38.944
187.545	87.982	38.582
190.273	88.047	38.245
193.041	88.117	37.904
195.849	88.196	37.534
198.697	88.284	37.097
201.587	88.367	36.593
204.520	88.449	36.037
207.494	88.527	35.429
210.512	88.598	34.793
213.574	88.674	34.112
216.681	88.740	33.370
219.833	88.794	32.599
223.030	88.839	31.820
226.274	88.875	31.037
229.565	88.902	30.256
232.905	88.920	29.480
236.292	88.924	28.730
239.729	88.912	28.036
243.216	88.883	27.456
246.754	88.848	27.047
250.343	88.820	26.826
253.984	88.818	26.759
257.678	88.847	26.778
261.426	88.913	26.799
265.229	89.013	26.734
269.087	89.133	26.536
273.001	89.268	26.188
276.972	89.413	25.670
281.000	89.561	24.963
285.088	89.699	24.081
289.234	89.821	23.056
293.441	89.920	21.932
297.709	89.992	20.772
302.040	90.048	19.631
306.433	90.102	18.495
310.890	90.148	17.340
315.412	90.191	16.156
320.000	90.226	14.917
324.655	90.244	13.635
329.377	90.245	12.335
334.168	90.230	11.036
339.028	90.197	9.762
343.959	90.149	8.525
348.962	90.088	7.338
354.038	90.015	6.217
359.188	89.941	5.136
364.412	89.858	4.065
369.713	89.762	3.005
375.090	89.639	1.994
380.546	89.493	1.094
386.081	89.328	0.346
391.697	89.149	-0.201
397.394	88.970	-0.526
403.175	88.802	-0.660
409.039	88.641	-0.621
414.989	88.497	-0.411
421.025	88.371	-0.046
427.149	88.273	0.450
433.362	88.207	1.021
439.665	88.172	1.609
446.060	88.165	2.156
452.548	88.175	2.636
459.131	88.194	3.063
465.809	88.216	3.478
472.584	88.243	3.938
479.458	88.285	4.478
486.432	88.358	5.087
493.507	88.475	5.693
500.686	88.642	6.178
507.968	88.854	6.413
515.357	89.091	6.313
522.853	89.340	5.825
530.458	89.565	4.970
538.174	89.747	3.865
546.002	89.889	2.616
553.943	89.983	1.316
562.001	90.045	0.054
570.175	90.087	-1.145
578.469	90.114	-2.279
586.883	90.134	-3.349
595.419	90.144	-4.368
604.080	90.151	-5.327
612.866	90.158	-6.235
621.780	90.173	-7.123
630.824	90.193	-8.032
640.000	90.214	-8.986
649.309	90.232	-9.994
658.753	90.240	-11.064
668.335	90.229	-12.158
678.056	90.204	-13.239
687.919	90.162	-14.286
697.925	90.107	-15.274
708.077	90.040	-16.169
718.376	89.968	-16.954
728.825	89.896	-17.624
739.426	89.831	-18.180
750.181	89.781	-18.643
761.093	89.752	-19.060
772.163	89.741	-19.466
783.394	89.755	-19.906
794.789	89.789	-20.446
806.349	89.835	-21.118
818.078	89.890	-21.954
829.977	89.943	-22.982
842.050	89.979	-24.190
854.298	89.990	-25.539
866.724	89.971	-26.996
879.330	89.910	-28.508
892.120	89.798	-29.974
905.097	89.640	-31.284
918.262	89.444	-32.332
931.618	89.225	-33.016
945.169	89.022	-33.297
958.917	88.863	-33.261
972.864	88.763	-33.046
987.015	88.733	-32.838
1001.37	88.755	-32.821
1015.94	88.803	-33.069
1030.71	88.861	-33.601
1045.71	88.902	-34.388
1060.92	88.913	-35.342
1076.35	88.894	-36.371
1092.00	88.842	-37.406
1107.89	88.764	-38.381
1124.00	88.666	-39.240
1140.35	88.564	-39.965
1156.94	88.461	-40.563
1173.77	88.369	-41.049
1190.84	88.298	-41.491
1208.16	88.238	-41.938
1225.73	88.190	-42.425
1243.56	88.143	-42.972
1261.65	88.089	-43.559
1280.00	88.024	-44.154
1298.62	87.943	-44.697
1317.51	87.855	-45.130
1336.67	87.772	-45.437
1356.11	87.700	-45.609
1375.84	87.662	-45.696
1395.85	87.655	-45.792
1416.15	87.677	-45.967
1436.75	87.720	-46.272
1457.65	87.771	-46.723
1478.85	87.823	-47.296
1500.36	87.878	-47.976
1522.19	87.929	-48.747
1544.33	87.983	-49.601
1566.79	88.035	-50.532
1589.58	88.091	-51.542
1612.70	88.150	-52.639
1636.16	88.220	-53.849
1659.95	88.301	-55.227
1684.10	88.393	-56.842
1708.60	88.485	-58.770
1733.45	88.557	-61.055
1758.66	88.580	-63.679
1784.24	88.529	-66.554
1810.19	88.382	-69.545
1836.52	88.133	-72.491
1863.24	87.772	-75.189
1890.34	87.317	-77.391
1917.83	86.810	-78.945
1945.73	86.282	-79.744
1974.03	85.786	-79.742
2002.74	85.385	-79.108
2031.87	85.088	-78.140
2061.43	84.891	-77.087
2091.41	84.783	-76.166
2121.83	84.729	-75.477
2152.69	84.711	-75.014
2184.01	84.725	-74.768
2215.77	84.765	-74.744
2248.00	84.834	-74.977
2280.70	84.930	-75.548
2313.87	85.039	-76.544
2347.53	85.131	-77.995
2381.68	85.179	-79.866
2416.32	85.147	-82.041
2451.46	85.012	-84.312
2487.12	84.775	-86.452
2523.30	84.451	-88.248
2560.00	84.072	-89.508
2597.24	83.687	-90.127
2635.01	83.347	-90.154
2673.34	83.090	-89.766
2712.23	82.930	-89.224
2751.68	82.870	-88.819
2791.70	82.885	-88.812
2832.31	82.927	-89.314
2873.50	82.960	-90.311
2915.30	82.947	-91.722
2957.70	82.862	-93.395
3000.72	82.689	-95.138
3044.37	82.429	-96.755
3088.65	82.085	-98.035
3133.58	81.673	-98.739
3179.16	81.237	-98.621
3225.40	80.849	-97.533
3272.31	80.596	-95.578
3319.91	80.548	-93.221
3368.20	80.714	-91.131
3417.19	81.052	-89.855
3466.89	81.486	-89.619
3517.32	81.956	-90.377
3568.48	82.453	-92.101
3620.39	82.958	-94.870
3673.05	83.419	-98.696
3726.47	83.789	-103.500
3780.67	83.992	-109.065
3835.67	83.980	-115.188
3891.46	83.698	-121.392
3948.06	83.178	-127.264
4005.49	82.491	-132.575
4063.75	81.664	-137.098
4122.86	80.782	-140.672
4182.82	79.916	-143.427
4243.66	79.033	-145.542
4305.39	78.145	-147.020
4368.01	77.227	-147.847
4431.55	76.296	-147.835
4496.01	75.396	-146.823
4561.40	74.597	-144.826
4627.75	73.951	-142.110
4695.06	73.485	-139.141
4763.35	73.181	-136.406
4832.64	72.984	-134.161
4902.93	72.844	-132.406
4974.24	72.735	-131.014
5046.60	72.660	-129.886
5120.00	72.638	-129.057
5194.47	72.676	-128.688
5270.03	72.760	-128.960
5346.68	72.859	-130.019
5424.45	72.916	-131.879
5503.35	72.884	-134.427
5583.40	72.722	-137.472
5664.61	72.394	-140.740
5747.01	71.902	-143.934
5830.60	71.250	-146.784
5915.41	70.464	-149.004
6001.45	69.595	-150.350
6088.74	68.702	-150.697
6177.30	67.851	-150.081
6267.15	67.081	-148.696
6358.31	66.421	-146.831
6450.80	65.873	-144.850
6544.62	65.400	-143.008
6639.82	64.966	-141.396
6736.40	64.540	-139.985
6834.38	64.098	-138.655
6933.79	63.637	-137.249
7034.64	63.174	-135.653
7136.96	62.733	-133.870
7240.77	62.328	-131.996
7346.09	61.960	-130.171
7452.94	61.611	-128.498
7561.35	61.259	-127.007
7671.33	60.880	-125.644
7782.91	60.455	-124.287
7896.12	59.976	-122.764
8010.97	59.452	-120.880
8127.49	58.900	-118.452
8245.71	58.359	-115.332
8365.65	57.874	-111.509
8487.33	57.481	-107.076
8610.78	57.222	-102.278
8736.03	57.102	-97.458
8863.09	57.113	-92.892
8992.01	57.244	-88.858
9122.80	57.454	-85.529
9255.50	57.715	-83.000
9390.12	57.974	-81.278
9526.70	58.195	-80.233
9665.27	58.358	-79.721
9805.86	58.434	-79.564
9948.49	58.422	-79.555
10093.2	58.330	-79.539
10240.0	58.162	-79.380
10388.9	57.935	-78.954
10540.1	57.668	-78.187
10693.4	57.372	-77.012
10848.9	57.066	-75.348
11006.7	56.787	-73.183
11166.8	56.556	-70.573
11329.2	56.392	-67.603
11494.0	56.323	-64.455
11661.2	56.356	-61.373
11830.8	56.478	-58.579
12002.9	56.672	-56.237
12177.5	56.915	-54.484
12354.6	57.177	-53.404
12534.3	57.419	-53.004
12716.6	57.599	-53.197
12901.6	57.685	-53.810
13089.2	57.657	-54.647
13279.6	57.498	-55.475
13472.8	57.207	-56.001
13668.8	56.804	-55.909
13867.6	56.340	-54.924
14069.3	55.883	-52.900
14273.9	55.502	-49.933
14481.5	55.236	-46.343
14692.2	55.098	-42.540
14905.9	55.070	-38.821
15122.7	55.089	-35.262
15342.7	55.171	-31.823
15565.8	55.227	-28.377
15792.2	55.349	-24.181
16021.9	55.646	-19.314
16255.0	56.305	-14.395
16491.4	57.227	-11.322
16731.3	58.158	-10.702
16974.7	59.001	-11.835
17221.6	59.606	-14.294
17472.1	59.873	-17.202
17726.2	59.966	-19.666
17984.0	59.956	-21.575
18245.6	59.927	-22.882
18511.0	59.904	-23.798
18780.2	59.884	-24.482
19053.4	59.866	-25.009
19330.5	59.847	-25.421
19611.7	59.829	-25.743
19897.0	59.811	-25.993
20186.4	59.792	-26.184
20480.0	59.774	-26.328
20777.9	59.756	-26.431
21080.1	59.737	-26.502
21386.7	59.719	-26.544
21697.8	59.701	-26.562
22013.4	59.682	-26.559
22333.6	59.664	-26.539
22658.4	59.646	-26.503
22988.0	59.627	-26.454
23322.4	59.609	-26.394
23661.6	59.591	-26.323
24005.8	59.573	-26.244
24355.0	59.554	-26.158
24709.2	59.536	-26.064
25068.6	59.518	-25.965
25433.2	59.499	-25.861
25803.2	59.481	-25.753
26178.5	59.463	-25.641
26559.3	59.444	-25.526
26945.6	59.426	-25.408
27337.5	59.408	-25.287
27735.2	59.389	-25.165
28138.6	59.371	-25.041
28547.9	59.353	-24.916
28963.1	59.334	-24.789
29384.4	59.316	-24.662
29811.8	59.298	-24.534
30245.4	59.279	-24.405
30685.3	59.261	-24.277
31131.7	59.243	-24.148
31584.5	59.224	-24.019
32043.9	59.206	-23.891
32510.0	59.188	-23.762
32982.8	59.169	-23.634
33462.6	59.151	-23.507
33949.3	59.133	-23.380
34443.1	59.115	-23.253
34944.1	59.096	-23.128
35452.4	59.078	-23.003
35968.0	59.060	-22.879
36491.2	59.041	-22.756
37022.0	59.023	-22.634
37560.5	59.005	-22.513
38106.8	58.988	-22.405
38661.1	58.973	-22.308
39223.4	58.962	-22.237
39793.9	58.953	-22.183
