5.8068	48.91	127.3
5.90413	47.78	127.3
6.00308	46.39	127.3
6.10369	44.99	127.4
6.20599	43.6	127.4
6.31001	42.24	127.5
6.41576	40.93	127.5
6.52329	39.67	127.5
6.63263	38.5	127.6
6.74379	37.43	127.6
6.85682	36.49	127.6
6.97174	35.71	127.7
7.08859	35.12	127.7
7.20739	34.74	127.8
7.32819	34.61	127.8
7.45101	34.83	127.8
7.57589	35.42	127.9
7.70287	36.33	127.9
7.83197	37.48	128
7.96324	38.81	128
8.0967	40.23	128
8.2324	41.65	128.1
8.37038	42.97	128.1
8.51067	44.07	128.2
8.65331	44.84	128.2
8.79834	45.14	128.3
8.94581	45.19	128.4
9.09574	45.23	128.5
9.24819	45.25	128.6
9.40319	45.27	128.8
9.56079	45.29	128.9
9.72103	45.31	129.1
9.88396	45.33	129.2
10.04961	45.37	129.3
10.21805	45.42	129.3
10.38931	45.54	125
10.56343	45.85	108.6
10.74048	46.31	82.4
10.92049	46.91	49.6
11.10352	47.59	13.5
11.28962	48.32	-22.1
11.47884	49.06	-53
11.67122	49.75	-74.8
11.86684	50.44	-86.8
12.06573	51.25	-97.7
12.26795	52.15	-107.6
12.47357	53.04	-116.4
12.68263	53.87	-123.8
12.89519	54.53	-129.7
13.11132	54.93	-133.8
13.33107	55.06	-136.3
13.5545	55.13	-138.5
13.78167	55.18	-140.5
14.01266	55.22	-142.1
14.24751	55.27	-143.3
14.48631	55.34	-144.1
14.7291	55.47	-144.2
14.97596	55.83	-143.5
15.22696	56.4	-142.3
15.48217	57.08	-140.9
15.74166	57.76	-139.7
16.00549	58.29	-138.9
16.27375	58.61	-138.8
16.5465	58.84	-139
16.82382	59.04	-139.2
17.10579	59.22	-139.6
17.39249	59.43	-140.1
17.68399	59.68	-140.6
17.98038	59.96	-141.8
18.28174	60.28	-143.5
18.58814	60.61	-145.6
18.89969	60.95	-147.7
19.21645	61.3	-149.9
19.53852	61.72	-152.2
19.86599	62.14	-154.8
20.19895	62.5	-157.5
20.53749	62.71	-160.4
20.8817	62.8	-164.1
21.23169	62.86	-168.5
21.58753	62.91	-172.3
21.94935	63.01	-174
22.31722	63.4	-174
22.69126	64.16	-173.9
23.07158	64.91	-173.8
23.45826	65.27	-173.8
23.85143	65.31	-174.8
24.25118	65.34	-176.9
24.65764	65.36	-178.8
25.07091	65.43	-166.2
25.4911	65.64	-53.5
25.91834	65.96	95.6
26.35274	66.34	174.9
26.79441	66.89	173.9
27.2435	67.6	171.6
27.7001	68.13	169.8
28.16436	68.27	169.8
28.63641	68.35	170
29.11636	68.41	170.3
29.60436	68.46	170.1
30.10053	68.51	169.2
30.60502	68.57	167.9
31.11797	68.8	166.8
31.63952	69.35	165.4
32.1698	69.89	164.3
32.70898	70.23	163.7
33.25719	70.52	163.3
33.81459	70.78	162.6
34.38133	71.01	160.6
34.95757	71.23	158.4
35.54346	71.44	157
36.13918	71.65	155.9
36.74488	71.86	154.9
37.36074	72.07	153.9
37.98691	72.28	153
38.62358	72.51	151.8
39.27092	72.76	150.6
39.92911	72.96	149.5
40.59833	73.12	148.4
41.27877	73.35	147.2
41.97061	73.7	145.8
42.67405	74.08	144.7
43.38928	74.54	144
44.11649	74.71	142.9
44.8559	74.56	139.6
45.60769	74.51	137.3
46.37209	74.86	136.4
47.1493	74.98	136
47.93953	74.78	135.9
48.74301	75	135.4
49.55995	76.1	133.7
50.39059	76.19	132.6
51.23515	76.16	131.7
52.09386	76.42	130.6
52.96697	76.7	129.2
53.85471	76.8	127.8
54.75733	76.93	126.5
55.67507	77.09	125.3
56.6082	77.31	124.5
57.55697	77.46	123.9
58.52164	77.57	123.4
59.50247	78.15	122.6
60.49975	78.41	121.8
61.51374	78.43	121.3
62.54472	78.53	120.3
63.59299	78.75	119.1
64.65882	79.03	117.9
65.74252	79.2	116.6
66.84438	79.33	115.3
67.96471	79.47	114.1
69.10382	79.6	113.2
70.26201	79.7	112.4
71.43962	79.9	111.1
72.63697	80.08	110.2
73.85438	80.27	109
75.0922	80.5	107.5
76.35076	80.71	106.6
77.63042	80.89	105.5
78.93152	81.1	104.2
80.25443	81.24	103
81.59952	81.4	101.7
82.96715	81.52	100.7
84.3577	81.69	99.5
85.77155	81.83	98.7
87.2091	81.99	97.9
88.67075	82.21	97
90.15689	82.42	95.9
91.66795	82.62	94.4
93.20432	82.77	93
94.76645	82.96	91.2
96.35476	83	89.9
97.96969	83.16	88
99.61168	83.11	86.5
101.2812	83.09	86.1
102.9787	83.29	85.5
104.70465	83.49	84.2
106.45952	83.58	82.5
108.24381	83.66	81.1
110.058	83.72	79.9
111.9026	83.79	78.2
113.77812	83.82	77.5
115.68507	83.98	76.7
117.62398	84.02	75.6
119.59538	83.99	74.7
121.59983	84.13	75.1
123.63787	84.32	74.6
125.71007	84.46	73.3
127.81701	84.49	71.9
129.95925	84.5	70.7
132.1374	84.56	70.2
134.35205	84.65	69.6
136.60383	84.8	69.1
138.89334	84.98	68.5
141.22123	85.19	67.4
143.58813	85.32	66.2
145.9947	85.41	64.7
148.44161	85.48	63.4
150.92953	85.58	62.2
153.45914	85.62	61.5
156.03116	85.69	60.7
158.64628	85.78	59.9
161.30523	85.83	58.6
164.00874	85.91	57.5
166.75757	85.97	56.4
169.55247	86.04	55.3
172.39421	86.13	54.5
175.28358	86.23	53.7
178.22137	86.3	52.8
181.2084	86.31	51.9
184.2455	86.34	50.9
187.3335	86.38	50
190.47326	86.47	49.3
193.66564	86.58	48.5
196.91152	86.69	47.5
200.2118	86.77	46.2
203.5674	86.84	44.9
206.97924	86.86	43.9
210.44827	86.89	42.7
213.97543	86.87	41.9
217.56171	86.86	41.1
221.2081	86.89	40.2
224.9156	86.96	39.2
228.68524	87.02	38.5
232.51806	87.06	37.7
236.41512	87.09	37
240.3775	87.08	36.3
244.40628	87.2	35.5
248.50259	87.29	34.5
252.66756	87.39	33.2
256.90233	87.43	31.5
261.20807	87.37	29.9
265.58598	87.29	28.9
270.03727	87.21	28.4
274.56316	87.16	27.5
279.16491	87.13	26.7
283.84378	87.09	26
288.60107	87.02	25.6
293.43809	86.95	25.4
298.35619	86.91	25
303.35671	86.89	25.2
308.44104	86.87	25.3
313.61059	86.95	25.6
318.86678	87.09	25.3
324.21107	87.15	24.8
329.64492	87.13	24.5
335.16985	87.18	24.6
340.78738	87.29	24.8
346.49906	87.37	24.7
352.30647	87.44	24.7
358.21121	87.5	24.8
364.21492	87.58	24.9
370.31925	87.67	25.1
376.5259	87.71	25.5
382.83656	87.74	26
389.253	87.78	25.9
395.77697	87.74	26.3
402.41029	87.61	26.7
409.15479	87.49	27
416.01232	87.33	26.9
422.98479	87.14	26.3
430.07412	87.02	25.6
437.28226	86.93	24.2
444.61122	86.93	22.7
452.06302	87.09	21.8
459.6397	87.3	21.3
467.34338	87.39	21.4
475.17617	87.33	22
483.14023	87.15	23
491.23778	86.94	23.2
499.47105	87.14	17.2
507.84231	87.22	18.8
516.35387	87.22	19.2
525.00808	87.06	20.7
533.80735	87.13	23.6
542.75409	87.48	25.5
551.85078	87.87	26.3
561.09994	88.34	26.3
570.50411	88.86	24.5
580.0659	89.13	20.8
589.78794	89.03	17.4
599.67293	88.81	15.5
609.7236	88.62	14.7
619.94272	88.53	14
630.33311	88.44	13
640.89765	88.29	11.9
651.63925	88.04	11
662.56088	87.75	11.5
673.66556	87.62	12.5
684.95636	87.61	13.2
696.4364	87.59	13.5
708.10884	87.62	13.7
719.97692	87.63	13.2
732.04391	87.54	12.6
744.31315	87.36	12.2
756.78802	87.06	13.1
769.47197	87	15.3
782.36851	87.17	16.5
795.4812	87.32	16.8
808.81366	87.41	16.6
822.36957	87.41	16.2
836.15269	87.35	16.7
850.16681	87.45	17.2
864.41582	87.5	16.7
878.90364	87.36	17
893.63428	87.36	18.9
908.61181	87.75	20.3
923.84036	88.23	18.7
939.32415	88.33	15
955.06746	87.93	12.2
971.07462	87.41	12.5
987.35007	87.12	14.6
1003.8983	87	17.6
1020.7239	87.33	20.5
1037.8315	87.75	20
1055.2258	87.74	18.8
1072.9116	87.7	20
1090.8939	87.94	21.3
1109.1775	88.32	21.6
1127.7676	88.7	19.8
1146.6693	88.81	16.5
1165.8877	88.45	14.4
1185.4283	88.19	15.7
1205.2964	88.28	16.3
1225.4974	88.22	16.6
1246.0371	88.33	18.1
1266.9209	88.72	18.3
1288.1549	89.03	16.7
1309.7446	89.2	14
1331.6963	89.13	11
1354.0158	88.86	8.7
1376.7095	88.51	7.1
1399.7835	88.09	6.2
1423.2442	87.52	6.6
1447.0981	87.08	8.9
1471.3518	86.71	11.6
1496.012	86.44	16.8
1521.0856	86.82	23.4
1546.5793	87.81	26.4
1572.5004	88.68	24.7
1598.8559	89.17	21
1625.6531	89.27	16.3
1652.8994	88.77	12.3
1680.6024	87.92	13.3
1708.7697	87.54	18.1
1737.4091	87.77	24.8
1766.5285	88.81	28.4
1796.136	89.9	27.3
1826.2397	90.68	22.4
1856.8479	90.95	16.8
1887.9691	90.98	10.5
1919.612	90.32	3.9
1951.7851	88.97	2.3
1984.4975	87.99	9.4
2017.7582	88.39	17.1
2051.5763	89.23	19.7
2085.9612	90.15	18.5
2120.9224	90.74	13
2156.4696	90.49	6.1
2192.6126	89.49	2.8
2229.3613	88.29	7.4
2266.7259	88.66	17.6
2304.7168	90.06	18.9
2343.3444	90.76	13.9
2382.6195	90.85	8.2
2422.5528	90.27	4
2463.1553	89.52	5.4
2504.4384	89.38	9.9
2546.4134	89.9	13.9
2589.0919	90.89	13.3
2632.4858	91.41	8.2
2676.6069	91.37	3.2
2721.4674	90.98	-0.2
2767.0799	90.56	-0.1
2813.4568	90.63	1.1
2860.6111	90.88	-0.2
2908.5556	90.97	-3.5
2957.3037	90.63	-6.2
3006.8689	90.24	-6.8
3057.2647	90	-6
3108.5052	90.05	-5.4
3160.6045	90.13	-6.5
3213.577	89.99	-7.8
3267.4374	89.89	-7.5
3322.2004	90	-8.3
3377.8813	89.94	-10.6
3434.4954	89.53	-11.7
3492.0584	89.24	-10.2
3550.5862	89.43	-8.6
3610.0949	89.76	-10.3
3670.6009	89.64	-13.5
3732.1211	89.22	-15.3
3794.6724	88.8	-14.3
3858.272	88.93	-12.9
3922.9376	88.92	-16.4
3988.687	88.02	-17.4
4055.5384	87.58	-11.2
4123.5102	88.24	-8.5
4192.6212	88.44	-11.5
4262.8906	87.72	-11.3
4334.3377	87.95	-4.8
4406.9822	88.79	-6.2
4480.8443	88.6	-8.7
4555.9444	88.65	-6.2
4632.3031	89.19	-7
4709.9417	89.21	-9.8
4788.8814	89	-9.6
4869.1443	89.18	-8
4950.7523	89.46	-8.6
5033.7281	89.63	-7.5
5118.0947	90.33	-7.5
5203.8752	90.69	-10.3
5291.0934	91.13	-10
5379.7734	92.13	-13.5
5469.9397	92.59	-20.2
5561.6173	92.94	-24.7
5654.8313	93.59	-33.4
5749.6077	93.26	-44.2
5845.9725	92.8	-51.1
5943.9525	92.29	-61.4
6043.5746	90.66	-68.6
6144.8664	89.82	-71
6247.8558	87.92	-77.4
6352.5714	87	-70.4
6459.0421	85.75	-75.4
6567.2972	84.97	-64.5
6677.3667	84.94	-67.9
6789.281	84.07	-63.1
6903.071	84.31	-66.2
7018.7682	82.8	-65.3
7136.4045	82.44	-59.6
7256.0123	82.52	-57.1
7377.6249	82.3	-54.8
7501.2757	82.26	-54.1
7626.9989	82.38	-53.5
7754.8293	82.34	-51.5
7884.8021	82.58	-56.7
8016.9533	82.18	-55.7
8151.3194	82.4	-62.5
8287.9375	81.11	-64.9
8426.8454	80.26	-67
8568.0814	78.78	-61.3
8711.6845	79.14	-58.7
8857.6945	78.75	-55
9006.1516	78.84	-58.2
9157.0969	78.33	-60.3
9310.5721	77.48	-63.7
9466.6196	75.38	-62.1
9625.2825	74.26	-54.7
9786.6046	73.78	-40.1
9950.6305	73.68	-35
10117.405	74.21	-25.2
10286.976	74.46	-19.2
10459.388	75.33	-13.1
10634.69	76.6	-6
10812.93	78.11	-4.6
10994.157	79.97	-9.8
11178.422	81.16	-18.8
11365.775	81.46	-31.1
11556.268	80.54	-44.2
11749.954	78.92	-45.8
11946.886	78.47	-41.9
12147.119	79.05	-44
12350.708	79.32	-55.1
12557.708	77.83	-66.2
12768.179	74.07	-69.3
12982.177	71.01	-51.3
13199.761	72.41	-20.3
13420.992	76.56	-12.1
13645.931	79.34	-28.7
13874.641	78.53	-44
14107.183	77.18	-40
14343.623	83.14	-79.1
14584.025	73.89	-102.4
14828.457	68.07	-79.1
15076.986	69.41	-40
15329.68	72.25	-29
15586.609	75.11	-28.1
15847.844	77.84	-45.6
16113.458	77.44	-71.6
16383.524	75.36	-85.6
16658.115	73.1	-90.2
16937.31	72.78	-93.3
17221.183	70.71	-106.2
17509.814	68.28	-105.7
17803.283	67.38	-102.1
18101.67	66.9	-108.3
18405.059	65.92	-125.7
18713.532	61.63	-155.5
19027.176	54	151.1
19346.076	52.93	33.2
19670.321	57.08	18.3
