5.00000	0.220	-159.003
5.07273	0.354	-159.032
5.14651	0.528	-159.069
5.22137	0.760	-159.110
5.29732	1.015	-159.140
5.37437	1.297	-159.171
5.45254	1.579	-159.196
5.53185	1.860	-159.220
5.61231	2.142	-159.244
5.69394	2.424	-159.268
5.77676	2.705	-159.292
5.86079	2.987	-159.316
5.94604	3.269	-159.340
6.03252	3.550	-159.364
6.12027	3.832	-159.387
6.20929	4.114	-159.411
6.29961	4.395	-159.436
6.39124	4.677	-159.460
6.48420	4.959	-159.485
6.57851	5.240	-159.509
6.67420	5.522	-159.534
6.77128	5.804	-159.559
6.86977	6.085	-159.584
6.96969	6.367	-159.609
7.07107	6.649	-159.635
7.17392	6.930	-159.661
7.27827	7.212	-159.687
7.38413	7.494	-159.714
7.49154	7.775	-159.740
7.60050	8.057	-159.767
7.71105	8.339	-159.793
7.82321	8.620	-159.821
7.93701	8.902	-159.848
8.05245	9.184	-159.876
8.16958	9.465	-159.905
8.28841	9.747	-159.933
8.40896	10.029	-159.962
8.53128	10.310	-159.991
8.65537	10.592	-160.021
8.78126	10.874	-160.051
8.90899	11.155	-160.081
9.03857	11.437	-160.111
9.17004	11.719	-160.142
9.30342	12.000	-160.174
9.43874	12.282	-160.205
9.57603	12.564	-160.237
9.71532	12.845	-160.270
9.85663	13.127	-160.302
10.0000	13.409	-160.336
10.1455	13.690	-160.369
10.2930	13.972	-160.403
10.4427	14.254	-160.438
10.5946	14.535	-160.473
10.7487	14.817	-160.508
10.9051	15.099	-160.544
11.0637	15.380	-160.580
11.2246	15.662	-160.617
11.3879	15.944	-160.654
11.5535	16.225	-160.692
11.7216	16.507	-160.730
11.8921	16.789	-160.768
12.0650	17.070	-160.808
12.2405	17.352	-160.847
12.4186	17.634	-160.888
12.5992	17.915	-160.928
12.7825	18.197	-160.970
12.9684	18.479	-161.012
13.1570	18.760	-161.054
13.3484	19.042	-161.097
13.5426	19.324	-161.140
13.7395	19.605	-161.184
13.9394	19.887	-161.229
14.1421	20.169	-161.274
14.3478	20.450	-161.320
14.5565	20.732	-161.367
14.7683	21.014	-161.414
14.9831	21.295	-161.462
15.2010	21.577	-161.511
15.4221	21.859	-161.561
15.6464	22.140	-161.611
15.8740	22.422	-161.663
16.1049	22.704	-161.714
16.3392	22.985	-161.767
16.5768	23.267	-161.820
16.8179	23.549	-161.874
17.0626	23.830	-161.929
17.3107	24.112	-161.985
17.5625	24.394	-162.041
17.8180	24.675	-162.098
18.0771	24.957	-162.156
18.3401	25.239	-162.215
18.6068	25.520	-162.274
18.8775	25.802	-162.335
19.1521	26.084	-162.396
19.4306	26.365	-162.458
19.7133	26.647	-162.521
20.0000	26.929	-162.585
20.2909	27.210	-162.649
20.5860	27.492	-162.715
20.8855	27.774	-162.782
21.1893	28.055	-162.849
21.4975	28.337	-162.918
21.8102	28.619	-162.987
22.1274	28.900	-163.058
22.4492	29.182	-163.129
22.7758	29.464	-163.202
23.1071	29.745	-163.276
23.4432	30.027	-163.350
23.7841	30.309	-163.426
24.1301	30.590	-163.503
24.4811	30.872	-163.581
24.8372	31.154	-163.659
25.1984	31.435	-163.740
25.5649	31.717	-163.821
25.9368	31.999	-163.903
26.3141	32.280	-163.987
26.6968	32.562	-164.072
27.0851	32.844	-164.158
27.4791	33.125	-164.245
27.8788	33.407	-164.334
28.2843	33.689	-164.423
28.6957	33.970	-164.515
29.1131	34.252	-164.607
29.5365	34.534	-164.701
29.9661	34.815	-164.796
30.4020	35.097	-164.893
30.8442	35.379	-164.991
31.2929	35.660	-165.090
31.7480	35.942	-165.191
32.2098	36.224	-165.293
32.6783	36.505	-165.397
33.1536	36.787	-165.503
33.6359	37.069	-165.609
34.1251	37.350	-165.718
34.6215	37.632	-165.828
35.1250	37.914	-165.939
35.6359	38.195	-166.053
36.1543	38.477	-166.168
36.6802	38.759	-166.284
37.2137	39.040	-166.403
37.7550	39.322	-166.523
38.3041	39.604	-166.645
38.8613	39.885	-166.769
39.4265	40.167	-166.894
40.0000	40.449	-167.022
40.5818	40.730	-167.151
41.1721	41.012	-167.282
41.7710	41.294	-167.415
42.3785	41.575	-167.550
42.9949	41.857	-167.688
43.6203	42.139	-167.827
44.2548	42.420	-167.968
44.8985	42.702	-168.112
45.5515	42.984	-168.257
46.2141	43.265	-168.405
46.8863	43.547	-168.555
47.5683	43.829	-168.707
48.2602	44.110	-168.862
48.9621	44.392	-169.019
49.6743	44.674	-169.178
50.3968	44.955	-169.340
51.1299	45.237	-169.504
51.8736	45.519	-169.671
52.6281	45.800	-169.840
53.3936	46.082	-170.012
54.1702	46.364	-170.186
54.9581	46.645	-170.363
55.7575	46.927	-170.543
56.5685	47.209	-170.726
57.3914	47.490	-170.911
58.2261	47.772	-171.100
59.0730	48.054	-171.291
59.9323	48.335	-171.486
60.8040	48.617	-171.683
61.6884	48.899	-171.883
62.5857	49.180	-172.087
63.4960	49.462	-172.294
64.4196	49.744	-172.504
65.3566	50.025	-172.718
66.3073	50.307	-172.935
67.2717	50.589	-173.155
68.2502	50.870	-173.379
69.2429	51.152	-173.607
70.2501	51.434	-173.839
71.2719	51.715	-174.074
72.3086	51.997	-174.313
73.3603	52.279	-174.556
74.4274	52.560	-174.804
75.5099	52.842	-175.055
76.6083	53.124	-175.311
77.7226	53.405	-175.571
78.8531	53.687	-175.836
80.0000	53.969	-176.106
81.1636	54.250	-176.380
82.3442	54.532	-176.660
83.5419	54.814	-176.944
84.7570	55.095	-177.234
85.9899	55.377	-177.530
87.2406	55.659	-177.831
88.5096	55.940	-178.139
89.7970	56.222	-178.452
91.1031	56.504	-178.773
92.4282	56.785	-179.100
93.7726	57.067	-179.436
95.1366	57.349	-179.779
96.5204	57.630	179.869
97.9243	57.912	179.507
99.3486	58.194	179.133
100.794	58.475	178.747
102.260	58.757	178.345
103.747	59.039	177.923
105.256	59.320	177.470
106.787	59.596	176.983
108.340	59.867	176.465
109.916	60.123	175.942
111.515	60.370	175.460
113.137	60.619	175.007
114.783	60.854	174.597
116.452	61.089	174.268
118.146	61.329	174.001
119.865	61.568	173.813
121.608	61.828	173.700
123.377	62.108	173.600
125.171	62.407	173.468
126.992	62.724	173.242
128.839	63.048	172.875
130.713	63.362	172.385
132.615	63.666	171.812
134.543	63.958	171.178
136.500	64.237	170.510
138.486	64.498	169.852
140.500	64.751	169.233
142.544	64.998	168.657
144.617	65.238	168.148
146.721	65.482	167.721
148.855	65.742	167.334
151.020	66.012	166.936
153.217	66.296	166.476
155.445	66.575	165.921
157.706	66.838	165.318
160.000	67.090	164.716
162.327	67.332	164.161
164.688	67.576	163.667
167.084	67.823	163.214
169.514	68.079	162.770
171.980	68.336	162.306
174.481	68.589	161.832
177.019	68.834	161.389
179.594	69.078	161.018
182.206	69.333	160.715
184.856	69.598	160.484
187.545	69.898	160.275
190.273	70.229	159.958
193.041	70.569	159.462
195.849	70.903	158.786
198.697	71.218	157.966
201.587	71.510	157.081
204.520	71.782	156.218
207.494	72.045	155.428
210.512	72.318	154.680
213.574	72.595	153.928
216.681	72.872	153.172
219.833	73.161	152.380
223.030	73.448	151.512
226.274	73.722	150.605
229.565	74.000	149.658
232.905	74.261	148.679
236.292	74.512	147.733
239.729	74.766	146.814
243.216	75.016	145.928
246.754	75.277	145.074
250.343	75.551	144.188
253.984	75.826	143.250
257.678	76.107	142.258
261.426	76.390	141.188
265.229	76.673	140.027
269.087	76.949	138.783
273.001	77.220	137.458
276.972	77.483	136.029
281.000	77.723	134.513
285.088	77.934	132.997
289.234	78.136	131.519
293.441	78.324	130.083
297.709	78.507	128.705
302.040	78.695	127.350
306.433	78.883	125.969
310.890	79.063	124.559
315.412	79.237	123.121
320.000	79.397	121.668
324.655	79.550	120.211
329.377	79.689	118.749
334.168	79.815	117.302
339.028	79.922	115.909
343.959	80.029	114.571
348.962	80.126	113.270
354.038	80.216	112.019
359.188	80.303	110.797
364.412	80.375	109.612
369.713	80.434	108.512
375.090	80.488	107.514
380.546	80.534	106.648
386.081	80.592	105.914
391.697	80.664	105.249
397.394	80.745	104.632
403.175	80.839	104.038
409.039	80.941	103.441
414.989	81.047	102.837
421.025	81.155	102.239
427.149	81.266	101.656
433.362	81.378	101.107
439.665	81.503	100.581
446.060	81.637	100.055
452.548	81.782	99.529
459.131	81.951	98.938
465.809	82.126	98.221
472.584	82.299	97.385
479.458	82.468	96.422
486.432	82.619	95.345
493.507	82.745	94.225
500.686	82.853	93.109
507.968	82.942	92.033
515.357	83.017	91.035
522.853	83.088	90.127
530.458	83.160	89.293
538.174	83.241	88.496
546.002	83.325	87.694
553.943	83.407	86.875
562.001	83.484	86.032
570.175	83.543	85.203
578.469	83.590	84.453
586.883	83.635	83.794
595.419	83.676	83.236
604.080	83.728	82.779
612.866	83.793	82.383
621.780	83.869	82.021
630.824	83.959	81.682
640.000	84.065	81.330
649.309	84.181	80.945
658.753	84.314	80.498
668.335	84.453	79.961
678.056	84.601	79.303
687.919	84.742	78.505
697.925	84.868	77.596
708.077	84.979	76.600
718.376	85.065	75.556
728.825	85.130	74.512
739.426	85.178	73.481
750.181	85.202	72.484
761.093	85.205	71.553
772.163	85.185	70.726
783.394	85.143	70.056
794.789	85.083	69.599
806.349	85.018	69.397
818.078	84.960	69.462
829.977	84.921	69.795
842.050	84.918	70.370
854.298	84.969	71.104
866.724	85.082	71.872
879.330	85.254	72.542
892.120	85.474	73.011
905.097	85.726	73.202
918.262	85.999	73.046
931.618	86.258	72.552
945.169	86.503	71.758
958.917	86.710	70.685
972.864	86.854	69.467
987.015	86.941	68.276
1001.37	86.976	67.253
1015.94	86.973	66.543
1030.71	86.971	66.206
1045.71	86.996	66.211
1060.92	87.085	66.416
1076.35	87.243	66.607
1092.00	87.457	66.599
1107.89	87.701	66.263
1124.00	87.946	65.544
1140.35	88.162	64.480
1156.94	88.324	63.197
1173.77	88.433	61.849
1190.84	88.488	60.570
1208.16	88.498	59.501
1225.73	88.488	58.727
1243.56	88.481	58.263
1261.65	88.504	58.060
1280.00	88.578	57.973
1298.62	88.692	57.853
1317.51	88.836	57.622
1336.67	89.002	57.210
1356.11	89.169	56.583
1375.84	89.316	55.795
1395.85	89.444	54.917
1416.15	89.548	54.004
1436.75	89.625	53.152
1457.65	89.699	52.413
1478.85	89.779	51.767
1500.36	89.879	51.162
1522.19	90.003	50.497
1544.33	90.137	49.688
1566.79	90.264	48.706
1589.58	90.367	47.591
1612.70	90.444	46.405
1636.16	90.487	45.214
1659.95	90.495	44.116
1684.10	90.482	43.179
1708.60	90.454	42.446
1733.45	90.430	41.945
1758.66	90.428	41.639
1784.24	90.459	41.451
1810.19	90.534	41.264
1836.52	90.641	40.944
1863.24	90.756	40.432
1890.34	90.855	39.769
1917.83	90.931	39.065
1945.73	90.997	38.396
1974.03	91.061	37.794
2002.74	91.143	37.225
2031.87	91.248	36.567
2061.43	91.352	35.734
2091.41	91.431	34.764
2121.83	91.474	33.762
2152.69	91.479	32.871
2184.01	91.474	32.188
2215.77	91.479	31.687
2248.00	91.506	31.303
2280.70	91.562	30.944
2313.87	91.634	30.541
2347.53	91.713	30.092
2381.68	91.802	29.605
2416.32	91.902	29.067
2451.46	92.019	28.426
2487.12	92.140	27.619
2523.30	92.247	26.644
2560.00	92.333	25.541
2597.24	92.384	24.384
2635.01	92.402	23.267
2673.34	92.393	22.271
2712.23	92.369	21.454
2751.68	92.346	20.820
2791.70	92.327	20.368
2832.31	92.333	20.075
2873.50	92.369	19.872
2915.30	92.441	19.694
2957.70	92.556	19.440
3000.72	92.701	19.013
3044.37	92.868	18.340
3088.65	93.037	17.371
3133.58	93.189	16.102
3179.16	93.305	14.566
3225.40	93.355	12.895
3272.31	93.343	11.276
3319.91	93.271	9.881
3368.20	93.161	8.877
3417.19	93.057	8.320
3466.89	92.999	8.127
3517.32	93.018	8.095
3568.48	93.111	7.980
3620.39	93.259	7.592
3673.05	93.434	6.803
3726.47	93.592	5.592
3780.67	93.703	4.064
3835.67	93.749	2.400
3891.46	93.730	0.803
3948.06	93.663	-0.545
4005.49	93.582	-1.552
4063.75	93.526	-2.260
4122.86	93.523	-2.841
4182.82	93.570	-3.506
4243.66	93.638	-4.380
4305.39	93.708	-5.508
4368.01	93.749	-6.856
4431.55	93.742	-8.278
4496.01	93.690	-9.598
4561.40	93.615	-10.696
4627.75	93.546	-11.556
4695.06	93.505	-12.242
4763.35	93.518	-12.910
4832.64	93.578	-13.799
4902.93	93.636	-15.019
4974.24	93.660	-16.503
5046.60	93.632	-18.109
5120.00	93.546	-19.650
5194.47	93.423	-20.974
5270.03	93.300	-22.078
5346.68	93.190	-23.067
5424.45	93.082	-24.012
5503.35	92.965	-24.896
5583.40	92.843	-25.696
5664.61	92.709	-26.373
5747.01	92.574	-26.869
5830.60	92.465	-27.216
5915.41	92.383	-27.516
6001.45	92.322	-27.833
6088.74	92.273	-28.202
6177.30	92.228	-28.627
6267.15	92.178	-29.070
6358.31	92.126	-29.488
6450.80	92.078	-29.869
6544.62	92.039	-30.229
6639.82	92.010	-30.599
6736.40	91.984	-30.986
6834.38	91.959	-31.359
6933.79	91.942	-31.705
7034.64	91.942	-32.046
7136.96	91.966	-32.450
7240.77	92.006	-33.013
7346.09	92.045	-33.779
7452.94	92.062	-34.730
7561.35	92.035	-35.761
7671.33	91.966	-36.729
7782.91	91.864	-37.521
7896.12	91.743	-38.051
8010.97	91.628	-38.296
8127.49	91.532	-38.274
8245.71	91.476	-38.028
8365.65	91.481	-37.671
8487.33	91.554	-37.374
8610.78	91.678	-37.287
8736.03	91.835	-37.502
8863.09	92.000	-38.072
8992.01	92.141	-38.936
9122.80	92.251	-39.964
9255.50	92.332	-41.053
9390.12	92.388	-42.102
9526.70	92.447	-43.081
9665.27	92.513	-44.018
9805.86	92.608	-44.991
9948.49	92.722	-46.121
10093.2	92.840	-47.464
10240.0	92.949	-49.043
10388.9	93.027	-50.827
10540.1	93.064	-52.710
10693.4	93.069	-54.616
10848.9	93.034	-56.467
11006.7	92.980	-58.207
11166.8	92.914	-59.850
11329.2	92.835	-61.393
11494.0	92.749	-62.819
11661.2	92.670	-64.172
11830.8	92.576	-65.442
12002.9	92.482	-66.576
12177.5	92.403	-67.606
12354.6	92.333	-68.569
12534.3	92.272	-69.446
12716.6	92.241	-70.281
12901.6	92.234	-71.171
13089.2	92.234	-72.125
13279.6	92.249	-73.148
13472.8	92.272	-74.281
13668.8	92.280	-75.474
13867.6	92.289	-76.664
14069.3	92.300	-77.831
14273.9	92.328	-78.978
14481.5	92.384	-80.179
14692.2	92.465	-81.517
14905.9	92.564	-83.072
15122.7	92.662	-84.887
15342.7	92.741	-86.937
15565.8	92.796	-89.165
15792.2	92.821	-91.512
16021.9	92.821	-93.936
16255.0	92.791	-96.413
16491.4	92.732	-98.904
16731.3	92.636	-101.341
16974.7	92.514	-103.652
17221.6	92.373	-105.795
17472.1	92.231	-107.750
17726.2	92.104	-109.569
17984.0	91.995	-111.325
18245.6	91.900	-113.059
18511.0	91.823	-114.809
18780.2	91.752	-116.588
19053.4	91.695	-118.402
19330.5	91.651	-120.282
19611.7	91.619	-122.261
19897.0	91.596	-124.373
20186.4	91.575	-126.638
20480.0	91.547	-129.045
20777.9	91.516	-131.595
21080.1	91.474	-134.297
21386.7	91.420	-137.153
21697.8	91.351	-140.191
22013.4	91.249	-143.403
22333.6	91.102	-146.728
22658.4	90.894	-150.041
22988.0	90.628	-153.165
23322.4	90.330	-155.979
23661.6	90.027	-158.454
24005.8	89.756	-160.675
24355.0	89.540	-162.846
24709.2	89.366	-165.161
25068.6	89.214	-167.750
25433.2	89.044	-170.634
25803.2	88.823	-173.679
26178.5	88.548	-176.703
26559.3	88.223	-179.546
26945.6	87.870	177.913
27337.5	87.521	175.709
27735.2	87.206	173.772
28138.6	86.948	171.965
28547.9	86.750	170.138
28963.1	86.610	168.171
29384.4	86.523	165.959
29811.8	86.491	163.371
30245.4	86.498	160.263
30685.3	86.521	156.525
31131.7	86.545	152.035
31584.5	86.521	146.735
32043.9	86.415	140.677
32510.0	86.200	133.933
32982.8	85.838	126.647
33462.6	85.318	118.978
33949.3	84.590	111.175
34443.1	83.630	103.697
34944.1	82.449	96.994
35452.4	81.009	91.613
35968.0	79.352	88.242
36491.2	77.601	87.132
37022.0	75.826	88.211
37560.5	74.204	91.197
38106.8	72.970	94.919
38661.1	72.109	98.604
39223.4	71.604	101.498
39793.9	71.353	103.684
