298.35619	49.59	-88.5
303.35671	49.76	-94.9
308.44104	49.76	-99.8
313.61059	49.77	-103
318.86678	49.87	-105.6
324.21107	49.95	-108.4
329.64492	49.86	-111.2
335.16985	49.55	-113
340.78738	49.19	-112.4
346.49906	49	-110.1
352.30647	48.96	-107.3
358.21121	48.98	-103.2
364.21492	49.39	-97.7
370.31925	50.3	-93.2
376.5259	51.42	-91.5
382.83656	52.4	-92.1
389.253	53.06	-94.8
395.77697	53.47	-97.3
402.41029	53.72	-99.1
409.15479	53.86	-99.8
416.01232	53.96	-99.2
422.98479	54.19	-96.7
430.07412	54.8	-93.2
437.28226	55.8	-90.9
444.61122	56.87	-91.2
452.06302	57.79	-93.6
459.6397	58.52	-97.2
467.34338	59.02	-101.6
475.17617	59.23	-106.1
483.14023	59.22	-109.8
491.23778	59	-111.5
499.47105	58.77	-111.5
507.84231	58.69	-109.6
516.35387	58.77	-106.6
525.00808	59.15	-103.2
533.80735	59.78	-100.1
542.75409	60.55	-98.2
551.85078	61.37	-97.2
561.09994	62.23	-97.2
570.50411	63.09	-98.1
580.0659	63.82	-100.5
589.78794	64.32	-103.6
599.67293	64.6	-106.1
609.7236	64.8	-107.2
619.94272	65.08	-107.1
630.33311	65.52	-106.8
640.89765	66.03	-106.9
651.63925	66.49	-107.4
662.56088	66.9	-107.6
673.66556	67.36	-107.2
684.95636	67.95	-106.3
696.4364	68.7	-106.1
708.10884	69.5	-106.6
719.97692	70.26	-108.2
732.04391	70.95	-110.5
744.31315	71.56	-113.2
756.78802	72.03	-116.4
769.47197	72.34	-119.3
782.36851	72.56	-121.7
795.4812	72.71	-123.5
808.81366	72.78	-124.3
822.36957	72.85	-123.6
836.15269	73.1	-121.3
850.16681	73.7	-118.5
864.41582	74.56	-116.7
878.90364	75.49	-116.4
893.63428	76.42	-117
908.61181	77.38	-118.7
923.84036	78.24	-122
939.32415	78.84	-126.4
955.06746	79.14	-130.5
971.07462	79.28	-133.1
987.35007	79.46	-133.6
1003.8983	79.85	-133.3
1020.7239	80.49	-133.2
1037.8315	81.19	-134.3
1055.2258	81.76	-136.6
1072.9116	82.16	-138.6
1090.8939	82.53	-139.7
1109.1775	82.98	-139.9
1127.7676	83.58	-139.8
1146.6693	84.31	-140
1165.8877	85.1	-140.8
1185.4283	85.93	-142.2
1205.2964	86.75	-144.2
1225.4974	87.54	-146.7
1246.0371	88.31	-149.2
1266.9209	89.12	-152.1
1288.1549	89.93	-155.4
1309.7446	90.74	-159.2
1331.6963	91.53	-163.7
1354.0158	92.22	-169
1376.7095	92.73	-175.3
1399.7835	93.14	143.5
1423.2442	93.59	176.2
1447.0981	94.13	171.8
1471.3518	94.69	166.8
1496.012	95.21	161.1
1521.0856	95.63	154.9
1546.5793	95.94	148.5
1572.5004	96.17	142.3
1598.8559	96.35	136.1
1625.6531	96.48	129.7
1652.8994	96.49	123
1680.6024	96.35	116.8
1708.7697	96.11	111.3
1737.4091	95.83	106.7
1766.5285	95.59	102.8
1796.136	95.43	99.2
1826.2397	95.32	95.3
1856.8479	95.16	91
1887.9691	94.92	86.7
1919.612	94.6	82.5
1951.7851	94.16	78.6
1984.4975	93.59	76.1
2017.7582	93.06	75
2051.5763	92.69	74.9
2085.9612	92.45	74.4
2120.9224	92.31	73.8
2156.4696	92.27	72
2192.6126	92.1	69.8
2229.3613	91.78	68.4
2266.7259	91.65	68
2304.7168	91.63	66.5
2343.3444	91.48	64.4
2382.6195	91.25	63.7
2422.5528	91.1	64.2
2463.1553	91.14	64.8
2504.4384	91.4	65.5
2546.4134	91.86	64.5
2589.0919	92.13	61
2632.4858	92.06	58.1
2676.6069	92.03	57.2
2721.4674	92.2	55.9
2767.0799	92.39	53.9
2813.4568	92.56	51.2
2860.6111	92.75	48
2908.5556	92.7	44
2957.3037	92.58	40.4
3006.8689	92.31	37.4
3057.2647	92.05	35
3108.5052	91.87	33
3160.6045	91.65	29.8
3213.577	91.09	26.7
3267.4374	90.33	26
3322.2004	89.72	28.1
3377.8813	89.44	32.5
3434.4954	89.85	35.8
3492.0584	90.43	35.5
3550.5862	90.71	33
3610.0949	90.83	30.2
3670.6009	90.6	27.4
3732.1211	90.33	27.4
3794.6724	90.41	27.9
3858.272	90.55	26.5
3922.9376	90.37	24.7
3988.687	90.19	25.6
4055.5384	90.39	27.7
4123.5102	91.16	27.4
4192.6212	91.7	22.3
4262.8906	91.65	15.9
4334.3377	91.08	12.2
4406.9822	90.69	11.9
4480.8443	90.69	11.5
4555.9444	90.81	8.7
4632.3031	90.49	4.3
4709.9417	89.82	2.1
4788.8814	89.15	3.5
4869.1443	89.09	5.7
4950.7523	89.04	5.5
5033.7281	88.81	5.9
5118.0947	88.78	7.7
5203.8752	89.04	8.6
5291.0934	89.3	8.2
5379.7734	89.66	7
5469.9397	89.94	3.9
5561.6173	89.78	-0.6
5654.8313	89.41	-2
5749.6077	89.41	-2.6
5845.9725	89.22	-6.2
5943.9525	88.55	-5.6
6043.5746	88.85	-3
6144.8664	89.18	-7.8
6247.8558	88.36	-11.1
6352.5714	87.98	-6.1
6459.0421	88.76	-6.3
6567.2972	88.59	-11.3
6677.3667	88.08	-9.6
6789.281	88.56	-9.8
6903.071	88.25	-13.6
7018.7682	88.15	-9.9
7136.4045	89.03	-12.8
7256.0123	88.7	-18.9
7377.6249	88.51	-20.1
7501.2757	88.08	-25.4
7626.9989	86.95	-22.9
7754.8293	87.32	-19.8
7884.8021	87.02	-20.6
8016.9533	87.49	-16.8
8151.3194	87.96	-20.4
8287.9375	88.29	-22.1
8426.8454	88.35	-30
8568.0814	87.53	-30.5
8711.6845	87.85	-35.2
8857.6945	86.49	-38.4
9006.1516	86.33	-37.5
9157.0969	85.1	-35.2
9310.5721	85.95	-30.1
9466.6196	85.98	-31.7
9625.2825	86.69	-34.8
9786.6046	86.01	-40.1
9950.6305	85.91	-41.6
10117.405	84.93	-43.9
10286.976	84.41	-42.6
10459.388	84.06	-34.5
10634.69	85.05	-35.6
10812.93	85.45	-36.5
10994.157	85.45	-41.4
11178.422	85.78	-43.9
11365.775	85.15	-50.5
11556.268	84.57	-51.7
11749.954	84.01	-49.9
11946.886	84.2	-50
12147.119	84.06	-50.4
12350.708	84.2	-52.8
12557.708	84.01	-57.7
12768.179	83.41	-58.6
12982.177	82.32	-60.4
13199.761	81.96	-56.9
13420.992	82.56	-48.9
13645.931	82.81	-54.4
13874.641	82.75	-57.1
14107.183	83.08	-58
14343.623	82.52	-59.7
14584.025	82.95	-56.3
14828.457	83.55	-63.2
15076.986	83.82	-68.5
15329.68	83.46	-78.3
15586.609	82.01	-78.1
15847.844	82.43	-79
16113.458	81.92	-83.2
16383.524	81.89	-86.2
16658.115	80.88	-89.1
16937.31	80.52	-89.4
17221.183	80.34	-89.5
17509.814	81.14	-96.9
17803.283	79.69	-102.9
18101.67	79.4	-100.1
18405.059	78.86	-102.6
18713.532	79.15	-108.3
19027.176	78.96	-117.1
19346.076	78.15	-129.4
19670.321	76.38	-133.9
