298.35619	49.58	-89.1
303.35671	49.76	-95.4
308.44104	49.78	-100.2
313.61059	49.8	-103.4
318.86678	49.9	-105.9
324.21107	49.97	-108.7
329.64492	49.87	-111.6
335.16985	49.55	-113.4
340.78738	49.18	-112.8
346.49906	48.99	-110.5
352.30647	48.94	-107.8
358.21121	49	-103.7
364.21492	49.43	-98.2
370.31925	50.31	-93.6
376.5259	51.41	-91.7
382.83656	52.4	-92.8
389.253	53.07	-95.4
395.77697	53.48	-97.8
402.41029	53.72	-99.6
409.15479	53.86	-100.4
416.01232	53.95	-99.7
422.98479	54.18	-97.3
430.07412	54.79	-93.8
437.28226	55.79	-91.5
444.61122	56.87	-91.7
452.06302	57.79	-94.1
459.6397	58.52	-97.8
467.34338	59.02	-102.2
475.17617	59.25	-106.8
483.14023	59.2	-110.4
491.23778	58.99	-112.3
499.47105	58.76	-112.1
507.84231	58.65	-110.2
516.35387	58.77	-107.2
525.00808	59.14	-103.8
533.80735	59.77	-100.7
542.75409	60.55	-98.8
551.85078	61.37	-97.8
561.09994	62.23	-97.7
570.50411	63.09	-98.8
580.0659	63.82	-101.3
589.78794	64.32	-104.4
599.67293	64.6	-106.9
609.7236	64.8	-108
619.94272	65.08	-107.9
630.33311	65.53	-107.6
640.89765	66.03	-107.7
651.63925	66.49	-108.3
662.56088	66.9	-108.5
673.66556	67.35	-108.1
684.95636	67.95	-107.2
696.4364	68.7	-106.9
708.10884	69.5	-107.6
719.97692	70.26	-109.1
732.04391	70.95	-111.3
744.31315	71.56	-114.1
756.78802	72.02	-117.3
769.47197	72.34	-120.3
782.36851	72.56	-122.7
795.4812	72.71	-124.5
808.81366	72.78	-125.3
822.36957	72.85	-124.6
836.15269	73.1	-122.4
850.16681	73.7	-119.6
864.41582	74.56	-117.8
878.90364	75.48	-117.5
893.63428	76.42	-118.1
908.61181	77.38	-119.8
923.84036	78.24	-123.1
939.32415	78.84	-127.6
955.06746	79.14	-131.7
971.07462	79.28	-134.3
987.35007	79.45	-135
1003.8983	79.84	-134.6
1020.7239	80.48	-134.4
1037.8315	81.19	-135.6
1055.2258	81.76	-137.9
1072.9116	82.17	-140
1090.8939	82.52	-141.1
1109.1775	82.97	-141.3
1127.7676	83.58	-141.2
1146.6693	84.3	-141.5
1165.8877	85.1	-142.3
1185.4283	85.92	-143.7
1205.2964	86.75	-145.7
1225.4974	87.53	-148.2
1246.0371	88.31	-150.8
1266.9209	89.12	-153.6
1288.1549	89.93	-157
1309.7446	90.74	-160.8
1331.6963	91.52	-165.3
1354.0158	92.22	-170.7
1376.7095	92.73	-176.3
1399.7835	93.14	178.7
1423.2442	93.59	174.4
1447.0981	94.13	170
1471.3518	94.69	165
1496.012	95.21	159.3
1521.0856	95.63	153
1546.5793	95.94	146.6
1572.5004	96.17	140.3
1598.8559	96.35	134.1
1625.6531	96.49	127.6
1652.8994	96.49	120.9
1680.6024	96.34	114.6
1708.7697	96.11	109.1
1737.4091	95.83	104.5
1766.5285	95.58	100.6
1796.136	95.43	97
1826.2397	95.32	93
1856.8479	95.16	88.6
1887.9691	94.92	84.3
1919.612	94.6	80
1951.7851	94.16	76.2
1984.4975	93.59	73.5
2017.7582	93.06	72.5
2051.5763	92.71	72.1
2085.9612	92.5	71.7
2120.9224	92.41	71.1
2156.4696	92.35	69.5
2192.6126	92.18	67.5
2229.3613	91.87	66.2
2266.7259	91.62	66.3
2304.7168	91.56	66.4
2343.3444	91.55	66
2382.6195	91.56	65.3
2422.5528	91.58	64.3
2463.1553	91.56	63.1
2504.4384	91.48	62.2
2546.4134	91.44	62
2589.0919	91.55	61.8
2632.4858	91.72	60.7
2676.6069	91.8	59
2721.4674	91.83	57.5
2767.0799	91.86	56.2
2813.4568	91.91	55
2860.6111	92.01	53.7
2908.5556	92.11	51.6
2957.3037	92.1	49.2
3006.8689	91.98	47.2
3057.2647	91.85	45.9
3108.5052	91.8	45.1
3160.6045	91.86	44.1
3213.577	91.96	42.1
3267.4374	91.92	39.4
3322.2004	91.7	36.9
3377.8813	91.36	35.7
3434.4954	91.06	36
3492.0584	91.05	37.1
3550.5862	91.27	37
3610.0949	91.47	35.2
3670.6009	91.49	32.6
3732.1211	91.31	30.4
3794.6724	91.1	29.2
3858.272	90.96	28.4
3922.9376	90.78	27.2
3988.687	90.48	27
4055.5384	90.34	28.6
4123.5102	90.57	29.6
4192.6212	90.86	28.3
4262.8906	90.88	25.9
4334.3377	90.75	24.5
4406.9822	90.73	23.7
4480.8443	90.75	21.7
4555.9444	90.54	19.1
4632.3031	90.05	18
4709.9417	89.61	19.5
4788.8814	89.5	21.8
4869.1443	89.55	23.2
4950.7523	89.62	24.9
5033.7281	89.99	27
5118.0947	90.6	26.8
5203.8752	91.01	24.2
5291.0934	91.18	21.4
5379.7734	91.34	18.7
5469.9397	91.37	15.2
5561.6173	91.14	12.2
5654.8313	90.88	10.7
5749.6077	90.69	9.3
5845.9725	90.39	8.3
5943.9525	90.14	8.8
6043.5746	90.14	9.3
6144.8664	90.12	8.7
6247.8558	89.99	8.5
6352.5714	89.94	9.2
6459.0421	90.06	9.9
6567.2972	90.3	10
6677.3667	90.55	9.2
6789.281	90.72	7.7
6903.071	90.86	6.8
7018.7682	91.18	5.6
7136.4045	91.48	2.5
7256.0123	91.5	-1.5
7377.6249	91.31	-5.2
7501.2757	90.9	-7.7
7626.9989	90.47	-7.9
7754.8293	90.24	-7.3
7884.8021	90.21	-6
8016.9533	90.55	-5.2
8151.3194	90.95	-7.1
8287.9375	91.15	-11
8426.8454	91.05	-15.7
8568.0814	90.57	-19.6
8711.6845	89.87	-21
8857.6945	89.26	-19.3
9006.1516	89.05	-16.2
9157.0969	89.28	-13.7
9310.5721	89.79	-13.2
9466.6196	90.33	-15.6
9625.2825	90.58	-20.7
9786.6046	90.31	-26.4
9950.6305	89.63	-30.1
10117.405	88.77	-30.3
10286.976	88.12	-27.2
10459.388	88.03	-22.8
10634.69	88.44	-19.9
10812.93	89.01	-19.9
10994.157	89.44	-22.3
11178.422	89.58	-25.8
11365.775	89.42	-28.9
11556.268	89.07	-30
11749.954	88.87	-29
11946.886	89.12	-27.8
12147.119	89.5	-28.4
12350.708	89.78	-31.4
12557.708	89.87	-35.1
12768.179	89.59	-38.1
12982.177	89.19	-38.8
13199.761	89.22	-37.3
13420.992	89.65	-37.6
13645.931	89.97	-41.8
13874.641	89.84	-46.6
14107.183	89.34	-48.5
14343.623	88.98	-48.2
14584.025	89.11	-48
14828.457	89.46	-49.6
15076.986	89.55	-53
15329.68	89.26	-55.8
15586.609	88.98	-56.1
15847.844	89.09	-56.1
16113.458	89.38	-57.5
16383.524	89.56	-59.8
16658.115	89.53	-62.1
16937.31	89.51	-63.3
17221.183	89.79	-64.8
17509.814	90.13	-68.5
17803.283	90.23	-73.3
18101.67	90.29	-77.1
18405.059	90.49	-80.5
18713.532	90.72	-85.1
19027.176	90.69	-91
19346.076	90.3	-96.4
19670.321	89.79	-100
20000	89.55	-101.3
