5.00000	-59.104	-43.468
5.07273	-58.891	-43.512
5.14651	-58.615	-43.564
5.22137	-58.248	-43.619
5.29732	-57.845	-43.659
5.37437	-57.403	-43.697
5.45254	-56.960	-43.727
5.53185	-56.517	-43.756
5.61231	-56.074	-43.784
5.69394	-55.632	-43.812
5.77676	-55.189	-43.840
5.86079	-54.746	-43.868
5.94604	-54.303	-43.896
6.03252	-53.861	-43.924
6.12027	-53.418	-43.951
6.20929	-52.975	-43.979
6.29961	-52.532	-44.007
6.39124	-52.089	-44.034
6.48420	-51.647	-44.063
6.57851	-51.204	-44.091
6.67420	-50.761	-44.119
6.77128	-50.318	-44.147
6.86977	-49.876	-44.175
6.96969	-49.433	-44.203
7.07107	-48.990	-44.232
7.17392	-48.547	-44.261
7.27827	-48.105	-44.290
7.38413	-47.662	-44.320
7.49154	-47.219	-44.349
7.60050	-46.776	-44.378
7.71105	-46.334	-44.408
7.82321	-45.891	-44.438
7.93701	-45.448	-44.469
8.05245	-45.005	-44.500
8.16958	-44.563	-44.531
8.28841	-44.120	-44.562
8.40896	-43.677	-44.594
8.53128	-43.234	-44.626
8.65537	-42.792	-44.658
8.78126	-42.349	-44.691
8.90899	-41.906	-44.724
9.03857	-41.463	-44.757
9.17004	-41.021	-44.791
9.30342	-40.578	-44.825
9.43874	-40.135	-44.859
9.57603	-39.692	-44.894
9.71532	-39.250	-44.929
9.85663	-38.807	-44.964
10.0000	-38.364	-45.000
10.1455	-37.921	-45.036
10.2930	-37.478	-45.073
10.4427	-37.036	-45.110
10.5946	-36.593	-45.148
10.7487	-36.150	-45.186
10.9051	-35.707	-45.224
11.0637	-35.265	-45.263
11.2246	-34.822	-45.303
11.3879	-34.379	-45.342
11.5535	-33.936	-45.383
11.7216	-33.494	-45.423
11.8921	-33.051	-45.465
12.0650	-32.608	-45.507
12.2405	-32.165	-45.549
12.4186	-31.723	-45.592
12.5992	-31.280	-45.636
12.7825	-30.837	-45.680
12.9684	-30.394	-45.724
13.1570	-29.952	-45.770
13.3484	-29.509	-45.815
13.5426	-29.066	-45.861
13.7395	-28.623	-45.908
13.9394	-28.181	-45.956
14.1421	-27.738	-46.004
14.3478	-27.295	-46.052
14.5565	-26.852	-46.102
14.7683	-26.410	-46.152
14.9831	-25.967	-46.203
15.2010	-25.524	-46.254
15.4221	-25.081	-46.306
15.6464	-24.639	-46.359
15.8740	-24.196	-46.412
16.1049	-23.753	-46.466
16.3392	-23.310	-46.521
16.5768	-22.867	-46.577
16.8179	-22.425	-46.633
17.0626	-21.982	-46.690
17.3107	-21.539	-46.748
17.5625	-21.096	-46.807
17.8180	-20.654	-46.866
18.0771	-20.211	-46.926
18.3401	-19.768	-46.987
18.6068	-19.325	-47.050
18.8775	-18.883	-47.112
19.1521	-18.440	-47.176
19.4306	-17.997	-47.240
19.7133	-17.554	-47.306
20.0000	-17.112	-47.372
20.2909	-16.669	-47.439
20.5860	-16.226	-47.507
20.8855	-15.783	-47.577
21.1893	-15.341	-47.646
21.4975	-14.898	-47.718
21.8102	-14.455	-47.789
22.1274	-14.012	-47.862
22.4492	-13.570	-47.936
22.7758	-13.127	-48.011
23.1071	-12.684	-48.088
23.4432	-12.241	-48.165
23.7841	-11.799	-48.243
24.1301	-11.356	-48.323
24.4811	-10.913	-48.403
24.8372	-10.470	-48.484
25.1984	-10.028	-48.567
25.5649	-9.585	-48.651
25.9368	-9.142	-48.736
26.3141	-8.699	-48.822
26.6968	-8.256	-48.910
27.0851	-7.814	-48.998
27.4791	-7.371	-49.089
27.8788	-6.928	-49.180
28.2843	-6.485	-49.272
28.6957	-6.043	-49.366
29.1131	-5.600	-49.462
29.5365	-5.157	-49.558
29.9661	-4.714	-49.656
30.4020	-4.272	-49.755
30.8442	-3.829	-49.856
31.2929	-3.386	-49.959
31.7480	-2.943	-50.062
32.2098	-2.501	-50.167
32.6783	-2.058	-50.274
33.1536	-1.615	-50.382
33.6359	-1.172	-50.492
34.1251	-0.730	-50.603
34.6215	-0.287	-50.716
35.1250	0.156	-50.830
35.6359	0.599	-50.947
36.1543	1.041	-51.064
36.6802	1.484	-51.184
37.2137	1.927	-51.305
37.7550	2.370	-51.428
38.3041	2.812	-51.553
38.8613	3.255	-51.679
39.4265	3.698	-51.808
40.0000	4.141	-51.938
40.5818	4.583	-52.070
41.1721	5.026	-52.204
41.7710	5.469	-52.340
42.3785	5.912	-52.478
42.9949	6.355	-52.618
43.6203	6.797	-52.760
44.2548	7.240	-52.904
44.8985	7.683	-53.050
45.5515	8.126	-53.198
46.2141	8.568	-53.348
46.8863	9.011	-53.500
47.5683	9.454	-53.655
48.2602	9.897	-53.812
48.9621	10.339	-53.971
49.6743	10.782	-54.133
50.3968	11.225	-54.297
51.1299	11.668	-54.463
51.8736	12.110	-54.632
52.6281	12.553	-54.803
53.3936	12.996	-54.976
54.1702	13.439	-55.152
54.9581	13.881	-55.331
55.7575	14.324	-55.512
56.5685	14.767	-55.696
57.3914	15.210	-55.883
58.2261	15.652	-56.072
59.0730	16.095	-56.264
59.9323	16.538	-56.459
60.8040	16.981	-56.657
61.6884	17.423	-56.857
62.5857	17.866	-57.061
63.4960	18.309	-57.267
64.4196	18.752	-57.477
65.3566	19.194	-57.690
66.3073	19.637	-57.905
67.2717	20.080	-58.124
68.2502	20.523	-58.346
69.2429	20.966	-58.572
70.2501	21.408	-58.800
71.2719	21.851	-59.032
72.3086	22.294	-59.268
73.3603	22.737	-59.507
74.4274	23.179	-59.749
75.5099	23.622	-59.995
76.6083	24.065	-60.244
77.7226	24.508	-60.498
78.8531	24.950	-60.755
80.0000	25.393	-61.015
81.1636	25.836	-61.280
82.3442	26.279	-61.548
83.5419	26.721	-61.821
84.7570	27.164	-62.097
85.9899	27.607	-62.378
87.2406	28.050	-62.663
88.5096	28.492	-62.951
89.7970	28.935	-63.245
91.1031	29.378	-63.542
92.4282	29.821	-63.844
93.7726	30.263	-64.151
95.1366	30.706	-64.462
96.5204	31.149	-64.777
97.9243	31.592	-65.098
99.3486	32.034	-65.423
100.794	32.477	-65.753
102.260	32.920	-66.088
103.747	33.363	-66.428
105.256	33.805	-66.773
106.787	34.248	-67.123
108.340	34.691	-67.478
109.916	35.134	-67.839
111.515	35.577	-68.205
113.137	36.019	-68.577
114.783	36.462	-68.954
116.452	36.905	-69.337
118.146	37.348	-69.726
119.865	37.790	-70.120
121.608	38.233	-70.521
123.377	38.676	-70.927
125.171	39.119	-71.340
126.992	39.561	-71.759
128.839	40.004	-72.184
130.713	40.447	-72.616
132.615	40.890	-73.054
134.543	41.332	-73.499
136.500	41.775	-73.951
138.486	42.218	-74.410
140.500	42.661	-74.876
142.544	43.103	-75.349
144.617	43.546	-75.829
146.721	43.989	-76.317
148.855	44.432	-76.812
151.020	44.874	-77.315
153.217	45.317	-77.825
155.445	45.760	-78.344
157.706	46.203	-78.870
160.000	46.645	-79.405
162.327	47.088	-79.949
164.688	47.531	-80.500
167.084	47.974	-81.061
169.514	48.416	-81.630
171.980	48.859	-82.208
174.481	49.302	-82.796
177.019	49.745	-83.392
179.594	50.188	-83.998
182.206	50.630	-84.614
184.856	51.073	-85.240
187.545	51.516	-85.876
190.273	51.959	-86.522
193.041	52.401	-87.178
195.849	52.844	-87.846
198.697	53.287	-88.524
201.587	53.730	-89.213
204.520	54.172	-89.913
207.494	54.615	-90.625
210.512	55.058	-91.349
213.574	55.501	-92.085
216.681	55.943	-92.833
219.833	56.386	-93.594
223.030	56.829	-94.368
226.274	57.272	-95.154
229.565	57.714	-95.955
232.905	58.157	-96.768
236.292	58.600	-97.597
239.729	59.043	-98.439
243.216	59.485	-99.296
246.754	59.928	-100.168
250.343	60.371	-101.056
253.984	60.814	-101.960
257.678	61.256	-102.879
261.426	61.699	-103.816
265.229	62.142	-104.770
269.087	62.585	-105.741
273.001	63.027	-106.731
276.972	63.470	-107.739
281.000	63.913	-108.767
285.088	64.356	-109.814
289.234	64.799	-110.882
293.441	65.241	-111.972
297.709	65.684	-113.083
302.040	66.127	-114.217
306.433	66.570	-115.374
310.890	67.012	-116.556
315.412	67.455	-117.764
320.000	67.898	-118.998
324.655	68.341	-120.260
329.377	68.783	-121.552
334.168	69.226	-122.874
339.028	69.669	-124.230
343.959	70.112	-125.620
348.962	70.554	-127.049
354.038	70.997	-128.519
359.188	71.440	-130.035
364.412	71.883	-131.603
369.713	72.325	-133.232
375.090	72.768	-134.938
380.546	73.211	-136.750
386.081	73.646	-138.704
391.697	74.058	-140.803
397.394	74.419	-142.969
403.175	74.700	-144.962
409.039	74.935	-146.518
414.989	75.177	-147.480
421.025	75.531	-147.966
427.149	76.042	-148.483
433.362	76.668	-149.509
439.665	77.366	-151.327
446.060	78.051	-154.045
452.548	78.626	-157.450
459.131	79.046	-161.096
465.809	79.310	-164.493
472.584	79.492	-167.287
479.458	79.739	-169.618
486.432	80.072	-171.835
493.507	80.489	-174.269
500.686	80.955	-177.219
507.968	81.339	179.280
515.357	81.607	175.425
522.853	81.744	171.554
530.458	81.733	168.088
538.174	81.670	165.385
546.002	81.606	163.429
553.943	81.641	162.062
562.001	81.815	160.796
570.175	82.062	159.218
578.469	82.307	157.301
586.883	82.469	155.256
595.419	82.529	153.616
604.080	82.694	152.552
612.866	83.062	151.381
621.780	83.608	149.297
630.824	84.172	145.887
640.000	84.495	141.598
649.309	84.475	137.325
658.753	84.189	133.771
668.335	83.770	131.597
678.056	83.499	131.108
687.919	83.533	131.281
697.925	83.827	130.941
708.077	84.234	129.457
718.376	84.575	126.882
728.825	84.766	123.674
739.426	84.797	120.290
750.181	84.640	117.044
761.093	84.244	114.725
772.163	83.759	114.262
783.394	83.414	116.042
794.789	83.485	119.672
806.349	84.100	122.745
818.078	85.011	123.150
829.977	85.919	121.164
842.050	86.642	117.535
854.298	87.106	112.935
866.724	87.402	107.945
879.330	87.544	102.982
892.120	87.593	98.267
905.097	87.564	93.741
918.262	87.478	89.107
931.618	87.370	84.311
945.169	87.219	79.068
958.917	86.832	73.874
972.864	86.131	69.282
987.015	85.072	65.648
1001.37	83.680	64.369
1015.94	82.325	67.069
1030.71	81.487	73.052
1045.71	81.228	79.499
1060.92	81.394	83.813
1076.35	81.610	86.042
1092.00	81.675	87.361
1107.89	81.585	89.011
1124.00	81.472	91.710
1140.35	81.452	95.630
1156.94	81.673	100.305
1173.77	82.191	104.630
1190.84	82.913	107.865
1208.16	83.811	109.577
1225.73	84.695	109.730
1243.56	85.488	108.835
1261.65	86.214	107.206
1280.00	86.831	104.965
1298.62	87.322	102.450
1317.51	87.739	99.935
1336.67	88.108	97.411
1356.11	88.445	94.855
1375.84	88.757	92.216
1395.85	89.051	89.470
1416.15	89.303	86.614
1436.75	89.516	83.653
1457.65	89.675	80.569
1478.85	89.766	77.450
1500.36	89.789	74.456
1522.19	89.750	71.675
1544.33	89.639	69.290
1566.79	89.529	67.358
1589.58	89.457	65.698
1612.70	89.393	64.251
1636.16	89.369	62.984
1659.95	89.379	61.703
1684.10	89.383	60.406
1708.60	89.434	59.089
1733.45	89.527	57.517
1758.66	89.619	55.580
1784.24	89.654	53.303
1810.19	89.575	50.893
1836.52	89.366	48.762
1863.24	89.105	47.198
1890.34	88.845	46.244
1917.83	88.629	45.875
1945.73	88.535	45.791
1974.03	88.562	45.419
2002.74	88.591	44.530
2031.87	88.566	43.291
2061.43	88.442	41.970
2091.41	88.192	40.972
2121.83	87.886	40.724
2152.69	87.626	41.374
2184.01	87.503	42.639
2215.77	87.565	43.866
2248.00	87.734	44.507
2280.70	87.926	44.420
2313.87	88.045	43.866
2347.53	88.066	43.320
2381.68	88.060	43.059
2416.32	88.062	43.175
2451.46	88.158	43.504
2487.12	88.367	43.551
2523.30	88.625	42.989
2560.00	88.870	41.756
2597.24	89.017	40.045
2635.01	89.030	38.324
2673.34	88.984	36.869
2712.23	88.906	35.698
2751.68	88.841	34.794
2791.70	88.813	33.957
2832.31	88.785	33.005
2873.50	88.693	32.080
2915.30	88.545	31.452
2957.70	88.390	31.272
3000.72	88.266	31.587
3044.37	88.236	32.229
3088.65	88.343	32.726
3133.58	88.517	32.690
3179.16	88.695	32.074
3225.40	88.832	30.964
3272.31	88.865	29.636
3319.91	88.809	28.419
3368.20	88.714	27.442
3417.19	88.590	26.769
3466.89	88.482	26.372
3517.32	88.389	26.131
3568.48	88.290	26.048
3620.39	88.197	26.181
3673.05	88.117	26.607
3726.47	88.103	27.261
3780.67	88.182	27.817
3835.67	88.289	28.087
3891.46	88.407	28.122
3948.06	88.534	27.936
4005.49	88.651	27.557
4063.75	88.774	26.988
4122.86	88.889	26.149
4182.82	88.950	25.115
4243.66	88.968	23.974
4305.39	88.901	22.848
4368.01	88.745	22.060
4431.55	88.565	21.843
4496.01	88.407	22.232
4561.40	88.325	23.133
4627.75	88.363	24.220
4695.06	88.512	25.085
4763.35	88.734	25.432
4832.64	88.962	25.213
4902.93	89.159	24.550
4974.24	89.296	23.636
5046.60	89.374	22.714
5120.00	89.433	21.905
5194.47	89.506	21.143
5270.03	89.602	20.272
5346.68	89.704	19.152
5424.45	89.761	17.798
5503.35	89.750	16.375
5583.40	89.672	15.039
5664.61	89.539	13.952
5747.01	89.393	13.210
5830.60	89.258	12.773
5915.41	89.145	12.568
6001.45	89.065	12.478
6088.74	88.997	12.447
6177.30	88.948	12.491
6267.15	88.941	12.470
6358.31	88.920	12.326
6450.80	88.865	12.264
6544.62	88.820	12.400
6639.82	88.793	12.739
6736.40	88.823	13.214
6834.38	88.929	13.569
6933.79	89.081	13.598
7034.64	89.249	13.224
7136.96	89.395	12.496
7240.77	89.514	11.513
7346.09	89.608	10.309
7452.94	89.669	8.897
7561.35	89.690	7.269
7671.33	89.627	5.500
7782.91	89.454	3.824
7896.12	89.174	2.551
8010.97	88.822	1.990
8127.49	88.482	2.315
8245.71	88.231	3.414
8365.65	88.127	4.866
8487.33	88.160	6.117
8610.78	88.259	6.875
8736.03	88.373	7.139
8863.09	88.453	7.065
8992.01	88.482	6.924
9122.80	88.501	6.900
9255.50	88.551	6.928
9390.12	88.632	6.864
9526.70	88.738	6.601
9665.27	88.860	6.031
9805.86	88.963	5.128
9948.49	89.038	3.917
10093.2	89.057	2.467
10240.0	89.007	0.890
10388.9	88.882	-0.714
10540.1	88.652	-2.174
10693.4	88.322	-3.204
10848.9	87.932	-3.517
11006.7	87.543	-2.962
11166.8	87.235	-1.616
11329.2	87.036	0.230
11494.0	86.963	2.224
11661.2	87.009	4.039
11830.8	87.153	5.423
12002.9	87.339	6.251
12177.5	87.538	6.523
12354.6	87.709	6.289
12534.3	87.812	5.752
12716.6	87.855	5.134
12901.6	87.861	4.561
13089.2	87.856	4.044
13279.6	87.866	3.436
13472.8	87.850	2.614
13668.8	87.770	1.640
13867.6	87.596	0.682
14069.3	87.306	0.063
14273.9	86.937	0.143
14481.5	86.548	1.190
14692.2	86.215	3.358
14905.9	86.045	6.452
15122.7	86.081	9.889
15342.7	86.333	12.977
15565.8	86.747	15.122
15792.2	87.230	16.184
16021.9	87.739	16.190
16255.0	88.203	15.251
16491.4	88.589	13.579
16731.3	88.889	11.307
16974.7	89.059	8.575
17221.6	89.079	5.614
17472.1	88.927	2.725
17726.2	88.608	0.217
17984.0	88.150	-1.601
18245.6	87.594	-2.407
18511.0	87.031	-1.967
18780.2	86.548	-0.321
19053.4	86.212	2.246
19330.5	86.069	5.170
19611.7	86.078	7.897
19897.0	86.205	10.109
20186.4	86.397	11.617
20480.0	86.565	12.514
20777.9	86.682	13.083
21080.1	86.733	13.612
21386.7	86.737	14.393
21697.8	86.741	15.602
22013.4	86.805	17.219
22333.6	86.973	18.987
22658.4	87.260	20.518
22988.0	87.636	21.477
23322.4	88.056	21.672
23661.6	88.449	21.134
24005.8	88.770	20.067
24355.0	88.996	18.744
24709.2	89.140	17.417
25068.6	89.240	16.219
25433.2	89.334	15.146
25803.2	89.443	14.086
26178.5	89.574	12.852
26559.3	89.686	11.320
26945.6	89.744	9.543
27337.5	89.732	7.629
27735.2	89.628	5.742
28138.6	89.439	4.091
28547.9	89.187	2.869
28963.1	88.927	2.116
29384.4	88.685	1.712
29811.8	88.450	1.583
30245.4	88.238	1.675
30685.3	88.034	1.952
31131.7	87.848	2.457
31584.5	87.720	3.062
32043.9	87.638	3.489
32510.0	87.565	3.530
32982.8	87.420	3.152
33462.6	87.085	2.811
33949.3	86.545	3.409
34443.1	85.941	5.972
34944.1	85.503	11.320
35452.4	85.512	18.869
35968.0	86.158	25.615
36491.2	87.157	28.958
37022.0	88.174	29.048
37560.5	88.978	27.111
38106.8	89.450	24.409
38661.1	89.637	21.668
39223.4	89.659	19.596
39793.9	89.592	18.133
