5.00000	39.874	5.494
5.07273	39.876	5.508
5.14651	39.879	5.525
5.22137	39.883	5.549
5.29732	39.888	5.577
5.37437	39.893	5.607
5.45254	39.897	5.638
5.53185	39.902	5.670
5.61231	39.907	5.702
5.69394	39.912	5.734
5.77676	39.917	5.767
5.86079	39.921	5.801
5.94604	39.926	5.835
6.03252	39.931	5.869
6.12027	39.936	5.904
6.20929	39.941	5.940
6.29961	39.946	5.976
6.39124	39.950	6.012
6.48420	39.955	6.049
6.57851	39.960	6.087
6.67420	39.965	6.125
6.77128	39.970	6.164
6.86977	39.975	6.203
6.96969	39.979	6.243
7.07107	39.984	6.284
7.17392	39.989	6.325
7.27827	39.994	6.366
7.38413	39.999	6.409
7.49154	40.004	6.451
7.60050	40.008	6.495
7.71105	40.013	6.539
7.82321	40.018	6.584
7.93701	40.023	6.629
8.05245	40.028	6.675
8.16958	40.032	6.722
8.28841	40.037	6.770
8.40896	40.042	6.818
8.53128	40.047	6.867
8.65537	40.052	6.916
8.78126	40.057	6.967
8.90899	40.061	7.018
9.03857	40.066	7.069
9.17004	40.071	7.122
9.30342	40.076	7.175
9.43874	40.081	7.229
9.57603	40.086	7.284
9.71532	40.090	7.340
9.85663	40.095	7.396
10.0000	40.100	7.454
10.1455	40.105	7.512
10.2930	40.110	7.571
10.4427	40.115	7.631
10.5946	40.119	7.691
10.7487	40.124	7.753
10.9051	40.129	7.815
11.0637	40.134	7.879
11.2246	40.139	7.943
11.3879	40.144	8.009
11.5535	40.148	8.075
11.7216	40.153	8.142
11.8921	40.158	8.210
12.0650	40.163	8.279
12.2405	40.168	8.350
12.4186	40.172	8.421
12.5992	40.177	8.493
12.7825	40.182	8.566
12.9684	40.187	8.641
13.1570	40.192	8.716
13.3484	40.197	8.793
13.5426	40.201	8.871
13.7395	40.206	8.950
13.9394	40.211	9.030
14.1421	40.216	9.111
14.3478	40.221	9.193
14.5565	40.226	9.277
14.7683	40.230	9.362
14.9831	40.235	9.448
15.2010	40.240	9.535
15.4221	40.245	9.623
15.6464	40.250	9.713
15.8740	40.255	9.804
16.1049	40.259	9.897
16.3392	40.264	9.990
16.5768	40.269	10.085
16.8179	40.274	10.182
17.0626	40.279	10.280
17.3107	40.283	10.379
17.5625	40.288	10.480
17.8180	40.293	10.582
18.0771	40.298	10.686
18.3401	40.303	10.792
18.6068	40.308	10.899
18.8775	40.312	11.007
19.1521	40.317	11.117
19.4306	40.322	11.229
19.7133	40.327	11.342
20.0000	40.332	11.457
20.2909	40.337	11.574
20.5860	40.341	11.692
20.8855	40.346	11.812
21.1893	40.351	11.934
21.4975	40.356	12.058
21.8102	40.361	12.183
22.1274	40.366	12.311
22.4492	40.370	12.440
22.7758	40.375	12.571
23.1071	40.380	12.705
23.4432	40.385	12.840
23.7841	40.390	12.977
24.1301	40.394	13.116
24.4811	40.399	13.257
24.8372	40.404	13.400
25.1984	40.409	13.546
25.5649	40.414	13.693
25.9368	40.419	13.843
26.3141	40.423	13.995
26.6968	40.428	14.149
27.0851	40.433	14.306
27.4791	40.438	14.465
27.8788	40.443	14.626
28.2843	40.448	14.790
28.6957	40.452	14.956
29.1131	40.457	15.124
29.5365	40.462	15.295
29.9661	40.467	15.469
30.4020	40.472	15.645
30.8442	40.477	15.824
31.2929	40.481	16.005
31.7480	40.486	16.190
32.2098	40.491	16.377
32.6783	40.496	16.567
33.1536	40.501	16.759
33.6359	40.506	16.955
34.1251	40.510	17.153
34.6215	40.515	17.355
35.1250	40.520	17.560
35.6359	40.525	17.767
36.1543	40.530	17.978
36.6802	40.534	18.192
37.2137	40.539	18.409
37.7550	40.544	18.630
38.3041	40.549	18.854
38.8613	40.554	19.081
39.4265	40.559	19.312
40.0000	40.563	19.546
40.5818	40.568	19.784
41.1721	40.573	20.026
41.7710	40.578	20.271
42.3785	40.583	20.520
42.9949	40.588	20.773
43.6203	40.592	21.030
44.2548	40.597	21.291
44.8985	40.602	21.556
45.5515	40.607	21.825
46.2141	40.612	22.098
46.8863	40.617	22.375
47.5683	40.621	22.657
48.2602	40.626	22.943
48.9621	40.631	23.234
49.6743	40.636	23.529
50.3968	40.641	23.829
51.1299	40.645	24.134
51.8736	40.650	24.443
52.6281	40.655	24.758
53.3936	40.660	25.077
54.1702	40.665	25.402
54.9581	40.670	25.732
55.7575	40.674	26.067
56.5685	40.679	26.408
57.3914	40.684	26.754
58.2261	40.689	27.106
59.0730	40.694	27.463
59.9323	40.699	27.827
60.8040	40.703	28.197
61.6884	40.708	28.572
62.5857	40.713	28.954
63.4960	40.718	29.343
64.4196	40.723	29.738
65.3566	40.728	30.139
66.3073	40.732	30.548
67.2717	40.737	30.963
68.2502	40.742	31.386
69.2429	40.747	31.816
70.2501	40.752	32.254
71.2719	40.756	32.700
72.3086	40.761	33.153
73.3603	40.766	33.615
74.4274	40.771	34.085
75.5099	40.776	34.564
76.6083	40.781	35.051
77.7226	40.785	35.548
78.8531	40.790	36.054
80.0000	40.795	36.570
81.1636	40.800	37.096
82.3442	40.805	37.632
83.5419	40.810	38.180
84.7570	40.814	38.738
85.9899	40.819	39.308
87.2406	40.824	39.891
88.5096	40.829	40.486
89.7970	40.834	41.094
91.1031	40.839	41.717
92.4282	40.843	42.355
93.7726	40.848	43.009
95.1366	40.853	43.681
96.5204	40.858	44.371
97.9243	40.863	45.083
99.3486	40.868	45.820
100.794	40.872	46.586
102.260	40.877	47.391
103.747	40.882	48.259
105.256	40.899	49.192
106.787	40.930	50.175
108.340	41.000	51.112
109.916	41.089	51.858
111.515	41.170	52.379
113.137	41.229	52.690
114.783	41.239	52.844
116.452	41.166	53.070
118.146	41.031	53.647
119.865	40.872	54.703
121.608	40.712	56.287
123.377	40.593	58.391
125.171	40.557	60.863
126.992	40.611	63.513
128.839	40.759	66.181
130.713	40.991	68.742
132.615	41.317	71.074
134.543	41.726	73.012
136.500	42.202	74.415
138.486	42.738	75.088
140.500	43.277	74.869
142.544	43.775	73.725
144.617	44.189	71.669
146.721	44.454	68.884
148.855	44.551	65.687
151.020	44.462	62.414
153.217	44.165	59.518
155.445	43.688	57.499
157.706	43.088	56.691
160.000	42.422	57.269
162.327	41.782	59.251
164.688	41.288	62.318
167.084	40.982	65.956
169.514	40.877	69.680
171.980	40.944	73.013
174.481	41.098	75.644
177.019	41.260	77.512
179.594	41.361	78.752
182.206	41.343	79.727
184.856	41.206	80.903
187.545	40.986	82.647
190.273	40.742	85.112
193.041	40.535	88.240
195.849	40.407	91.823
198.697	40.360	95.607
201.587	40.361	99.460
204.520	40.383	103.410
207.494	40.411	107.585
210.512	40.446	112.171
213.574	40.512	117.376
216.681	40.669	123.362
219.833	41.017	130.119
223.030	41.674	137.358
226.274	42.738	144.444
229.565	44.191	150.491
232.905	45.920	154.525
236.292	47.694	155.728
239.729	49.286	153.810
243.216	50.523	149.158
246.754	51.321	142.776
250.343	51.693	135.978
253.984	51.692	129.965
257.678	51.407	125.615
261.426	50.994	123.281
265.229	50.577	122.846
269.087	50.272	123.961
273.001	50.159	126.087
276.972	50.256	128.671
281.000	50.552	131.220
285.088	50.992	133.331
289.234	51.505	134.827
293.441	52.045	135.721
297.709	52.589	136.104
302.040	53.135	136.042
306.433	53.675	135.547
310.890	54.201	134.610
315.412	54.700	133.191
320.000	55.135	131.312
324.655	55.483	129.129
329.377	55.747	126.810
334.168	55.930	124.506
339.028	56.047	122.332
343.959	56.120	120.297
348.962	56.141	118.376
354.038	56.094	116.642
359.188	55.976	115.265
364.412	55.800	114.433
369.713	55.608	114.261
375.090	55.451	114.698
380.546	55.370	115.542
386.081	55.371	116.530
391.697	55.434	117.464
397.394	55.529	118.261
403.175	55.634	118.929
409.039	55.738	119.524
414.989	55.844	120.094
421.025	55.949	120.663
427.149	56.058	121.253
433.362	56.177	121.862
439.665	56.311	122.460
446.060	56.466	122.963
452.548	56.615	123.321
459.131	56.743	123.591
465.809	56.850	123.847
472.584	56.932	124.187
479.458	57.021	124.645
486.432	57.126	125.134
493.507	57.241	125.573
500.686	57.362	125.880
507.968	57.452	126.049
515.357	57.498	126.240
522.853	57.526	126.555
530.458	57.555	126.945
538.174	57.591	127.286
546.002	57.617	127.434
553.943	57.589	127.328
562.001	57.445	127.136
570.175	57.152	127.254
578.469	56.706	128.148
586.883	56.128	130.294
595.419	55.483	134.091
604.080	54.857	139.805
612.866	54.392	147.489
621.780	54.284	156.760
630.824	54.678	166.806
640.000	55.613	176.477
649.309	56.888	-175.286
658.753	58.306	-168.983
668.335	59.757	-164.653
678.056	61.192	-161.996
687.919	62.604	-160.606
697.925	64.003	-160.345
708.077	65.354	-161.289
718.376	66.606	-163.491
728.825	67.716	-166.871
739.426	68.636	-171.168
750.181	69.352	-175.995
761.093	69.868	179.033
772.163	70.192	174.302
783.394	70.363	170.153
794.789	70.427	166.776
806.349	70.431	164.241
818.078	70.417	162.513
829.977	70.415	161.513
842.050	70.453	161.145
854.298	70.559	161.269
866.724	70.755	161.694
879.330	71.042	162.206
892.120	71.417	162.567
905.097	71.835	162.604
918.262	72.260	162.316
931.618	72.685	161.752
945.169	73.095	160.980
958.917	73.496	160.076
972.864	73.899	159.025
987.015	74.297	157.763
1001.37	74.674	156.249
1015.94	75.007	154.501
1030.71	75.272	152.633
1045.71	75.468	150.822
1060.92	75.602	149.241
1076.35	75.702	148.007
1092.00	75.793	147.136
1107.89	75.886	146.613
1124.00	76.002	146.400
1140.35	76.150	146.425
1156.94	76.327	146.682
1173.77	76.570	147.107
1190.84	76.885	147.510
1208.16	77.247	147.756
1225.73	77.645	147.772
1243.56	78.060	147.516
1261.65	78.476	147.027
1280.00	78.899	146.341
1298.62	79.327	145.452
1317.51	79.760	144.310
1336.67	80.181	142.853
1356.11	80.563	141.100
1375.84	80.889	139.159
1395.85	81.154	137.171
1416.15	81.366	135.282
1436.75	81.541	133.598
1457.65	81.700	132.164
1478.85	81.862	130.966
1500.36	82.042	129.944
1522.19	82.243	129.040
1544.33	82.480	128.154
1566.79	82.739	127.177
1589.58	83.002	126.085
1612.70	83.269	124.863
1636.16	83.523	123.514
1659.95	83.756	122.118
1684.10	83.985	120.707
1708.60	84.204	119.270
1733.45	84.417	117.809
1758.66	84.617	116.329
1784.24	84.808	114.845
1810.19	84.986	113.374
1836.52	85.157	111.944
1863.24	85.330	110.535
1890.34	85.499	109.128
1917.83	85.669	107.712
1945.73	85.834	106.266
1974.03	85.993	104.799
2002.74	86.149	103.291
2031.87	86.288	101.744
2061.43	86.410	100.201
2091.41	86.521	98.669
2121.83	86.609	97.182
2152.69	86.685	95.783
2184.01	86.754	94.479
2215.77	86.820	93.263
2248.00	86.887	92.119
2280.70	86.953	91.030
2313.87	87.019	89.985
2347.53	87.080	88.980
2381.68	87.131	88.033
2416.32	87.165	87.205
2451.46	87.187	86.596
2487.12	87.220	86.266
2523.30	87.290	86.205
2560.00	87.431	86.289
2597.24	87.647	86.304
2635.01	87.922	86.067
2673.34	88.231	85.434
2712.23	88.528	84.387
2751.68	88.790	83.066
2791.70	89.025	81.585
2832.31	89.232	80.019
2873.50	89.420	78.435
2915.30	89.611	76.788
2957.70	89.785	75.023
3000.72	89.934	73.170
3044.37	90.056	71.260
3088.65	90.138	69.374
3133.58	90.194	67.620
3179.16	90.246	66.014
3225.40	90.305	64.509
3272.31	90.383	63.019
3319.91	90.473	61.442
3368.20	90.560	59.712
3417.19	90.619	57.850
3466.89	90.644	55.934
3517.32	90.633	54.043
3568.48	90.591	52.247
3620.39	90.524	50.593
3673.05	90.449	49.064
3726.47	90.356	47.642
3780.67	90.248	46.349
3835.67	90.122	45.201
3891.46	89.967	44.274
3948.06	89.797	43.676
4005.49	89.636	43.441
4063.75	89.497	43.560
4122.86	89.409	43.978
4182.82	89.385	44.585
4243.66	89.436	45.239
4305.39	89.552	45.812
4368.01	89.729	46.223
4431.55	89.970	46.344
4496.01	90.256	46.012
4561.40	90.539	45.190
4627.75	90.811	43.889
4695.06	91.038	42.133
4763.35	91.190	40.087
4832.64	91.276	37.914
4902.93	91.290	35.735
4974.24	91.229	33.719
5046.60	91.113	32.030
5120.00	90.966	30.767
5194.47	90.828	29.924
5270.03	90.720	29.423
5346.68	90.675	29.104
5424.45	90.692	28.740
5503.35	90.747	28.172
5583.40	90.814	27.324
5664.61	90.864	26.189
5747.01	90.865	24.868
5830.60	90.808	23.524
5915.41	90.686	22.356
6001.45	90.521	21.560
6088.74	90.348	21.218
6177.30	90.202	21.309
6267.15	90.118	21.717
6358.31	90.118	22.236
6450.80	90.198	22.640
6544.62	90.337	22.734
6639.82	90.492	22.438
6736.40	90.637	21.775
6834.38	90.747	20.836
6933.79	90.812	19.774
7034.64	90.843	18.705
7136.96	90.847	17.691
7240.77	90.836	16.760
7346.09	90.813	15.921
7452.94	90.789	15.166
7561.35	90.764	14.476
7671.33	90.742	13.833
7782.91	90.727	13.195
7896.12	90.705	12.542
8010.97	90.673	11.902
8127.49	90.627	11.315
8245.71	90.562	10.854
8365.65	90.497	10.579
8487.33	90.448	10.479
8610.78	90.426	10.503
8736.03	90.445	10.547
8863.09	90.495	10.498
8992.01	90.557	10.300
9122.80	90.616	9.954
9255.50	90.648	9.558
9390.12	90.663	9.249
9526.70	90.677	9.098
9665.27	90.720	9.092
9805.86	90.812	9.105
9948.49	90.947	8.980
10093.2	91.109	8.590
10240.0	91.262	7.909
10388.9	91.384	7.048
10540.1	91.480	6.138
10693.4	91.561	5.255
10848.9	91.646	4.406
11006.7	91.743	3.527
11166.8	91.850	2.545
11329.2	91.953	1.429
11494.0	92.043	0.201
11661.2	92.122	-1.105
11830.8	92.190	-2.487
12002.9	92.249	-3.962
12177.5	92.291	-5.544
12354.6	92.304	-7.220
12534.3	92.272	-8.889
12716.6	92.209	-10.446
12901.6	92.123	-11.843
13089.2	92.029	-13.053
13279.6	91.949	-14.132
13472.8	91.881	-15.168
13668.8	91.816	-16.185
13867.6	91.756	-17.200
14069.3	91.696	-18.241
14273.9	91.628	-19.294
14481.5	91.554	-20.347
14692.2	91.468	-21.382
14905.9	91.367	-22.343
15122.7	91.268	-23.219
15342.7	91.170	-24.035
15565.8	91.082	-24.815
15792.2	91.003	-25.626
16021.9	90.914	-26.471
16255.0	90.815	-27.307
16491.4	90.704	-28.108
16731.3	90.575	-28.807
16974.7	90.452	-29.380
17221.6	90.337	-29.870
17472.1	90.231	-30.296
17726.2	90.148	-30.719
17984.0	90.067	-31.195
18245.6	89.979	-31.686
18511.0	89.891	-32.184
18780.2	89.779	-32.620
19053.4	89.670	-32.918
19330.5	89.579	-33.131
19611.7	89.498	-33.297
19897.0	89.438	-33.449
20186.4	89.394	-33.643
20480.0	89.357	-33.908
20777.9	89.316	-34.222
21080.1	89.270	-34.544
21386.7	89.224	-34.863
21697.8	89.171	-35.155
22013.4	89.120	-35.397
22333.6	89.068	-35.578
22658.4	89.022	-35.671
22988.0	88.993	-35.685
23322.4	88.983	-35.644
23661.6	88.999	-35.577
24005.8	89.046	-35.539
24355.0	89.121	-35.577
24709.2	89.221	-35.733
25068.6	89.338	-36.027
25433.2	89.477	-36.485
25803.2	89.629	-37.140
26178.5	89.786	-37.993
26559.3	89.948	-39.047
26945.6	90.113	-40.321
27337.5	90.273	-41.823
27735.2	90.426	-43.549
28138.6	90.570	-45.519
28547.9	90.693	-47.729
28963.1	90.795	-50.161
29384.4	90.875	-52.828
29811.8	90.926	-55.757
30245.4	90.934	-58.958
30685.3	90.883	-62.395
31131.7	90.752	-65.965
31584.5	90.538	-69.525
32043.9	90.243	-72.934
32510.0	89.880	-76.082
32982.8	89.465	-78.909
33462.6	89.018	-81.415
33949.3	88.544	-83.621
34443.1	88.053	-85.551
34944.1	87.543	-87.221
35452.4	87.021	-88.652
35968.0	86.476	-89.848
36491.2	85.903	-90.752
37022.0	85.302	-91.283
37560.5	84.671	-91.319
38106.8	84.072	-90.930
38661.1	83.522	-90.109
39223.4	83.104	-89.286
39793.9	82.778	-88.476
