20.19895	63.17	136.7
20.53749	63.34	136.3
20.8817	63.51	136
21.23169	63.7	135.6
21.58753	63.89	135.1
21.94935	64.09	134.7
22.31722	64.3	134.3
22.69126	64.51	133.8
23.07158	64.73	133.3
23.45826	64.95	132.8
23.85143	65.18	132.3
24.25118	65.41	131.8
24.65764	65.65	131.3
25.07091	65.9	130.7
25.4911	66.15	130.2
25.91834	66.42	129.6
26.35274	66.68	129.1
26.79441	66.96	128.5
27.2435	67.24	128
27.7001	67.53	127.4
28.16436	67.83	126.8
28.63641	68.12	126.2
29.11636	68.43	125.6
29.60436	68.73	125
30.10053	69.04	124.5
30.60502	69.35	123.9
31.11797	69.66	123.3
31.63952	69.97	122.7
32.1698	70.28	122
32.70898	70.58	121.4
33.25719	70.88	120.8
33.81459	71.16	120.2
34.38133	71.45	119.6
34.95757	71.72	119
35.54346	71.99	118.4
36.13918	72.24	117.7
36.74488	72.49	117.1
37.36074	72.73	116.5
37.98691	72.96	115.9
38.62358	73.19	115.2
39.27092	73.41	114.6
39.92911	73.62	114
40.59833	73.84	113.3
41.27877	74.06	112.7
41.97061	74.29	112.1
42.67405	74.52	111.5
43.38928	74.77	110.8
44.11649	75.02	110.2
44.8559	75.29	109.6
45.60769	75.57	108.9
46.37209	75.86	108.3
47.1493	76.17	107.6
47.93953	76.48	107
48.74301	76.79	106.4
49.55995	77.11	105.7
50.39059	77.41	105.1
51.23515	77.71	104.5
52.09386	77.99	103.8
52.96697	78.26	103.2
53.85471	78.52	102.5
54.75733	78.75	101.9
55.67507	78.96	101.3
56.6082	79.14	100.6
57.55697	79.31	100
58.52164	79.45	99.3
59.50247	79.56	98.7
60.49975	79.66	98.1
61.51374	79.74	97.4
62.54472	79.8	96.8
63.59299	79.86	96.1
64.65882	79.93	95.5
65.74252	80.01	94.8
66.84438	80.12	94.2
67.96471	80.25	93.6
69.10382	80.42	92.9
70.26201	80.61	92.3
71.43962	80.81	91.6
72.63697	81.03	91
73.85438	81.24	90.3
75.0922	81.43	89.7
76.35076	81.61	89
77.63042	81.77	88.3
78.93152	81.93	87.7
80.25443	82.08	87
81.59952	82.23	86.4
82.96715	82.39	85.7
84.3577	82.56	85
85.77155	82.73	84.4
87.2091	82.9	83.7
88.67075	83.05	83
90.15689	83.18	82.4
91.66795	83.3	81.7
93.20432	83.38	81
94.76645	83.45	80.3
96.35476	83.51	79.6
97.96969	83.56	79
99.61168	83.63	78.3
101.2812	83.71	77.6
102.9787	83.81	76.9
104.70465	83.93	76.2
106.45952	84.07	75.5
108.24381	84.23	74.8
110.058	84.38	74.1
111.9026	84.53	73.4
113.77812	84.67	72.7
115.68507	84.78	72
117.62398	84.87	71.3
119.59538	84.92	70.6
121.59983	84.96	69.9
123.63787	84.99	69.2
125.71007	85.02	68.6
127.81701	85.07	67.9
129.95925	85.12	67.2
132.1374	85.18	66.5
134.35205	85.23	65.8
136.60383	85.29	65.1
138.89334	85.35	64.4
141.22123	85.41	63.8
143.58813	85.48	63.1
145.9947	85.56	62.5
148.44161	85.63	61.8
150.92953	85.68	61.2
153.45914	85.7	60.6
156.03116	85.71	60.1
158.64628	85.71	59.5
161.30523	85.72	59.1
164.00874	85.74	58.6
166.75757	85.77	58.2
169.55247	85.79	57.9
172.39421	85.81	57.6
175.28358	85.73	57
178.22137	85.62	55.9
181.2084	85.67	55.2
184.2455	85.69	54.4
187.3335	85.68	53.6
190.47326	85.71	52.9
193.66564	85.73	52.2
196.91152	85.66	51.4
200.2118	85.61	50.7
203.5674	85.84	49.9
206.97924	86.16	49.1
210.44827	86.19	48.4
213.97543	85.95	47.7
217.56171	85.76	46.9
221.2081	85.81	46.2
224.9156	85.98	45.3
228.68524	86.04	44.6
232.51806	86.02	43.9
236.41512	86.03	43.2
240.3775	86.08	42.4
244.40628	86.1	41.8
248.50259	86.05	41.1
252.66756	86	40.4
256.90233	86.03	39.6
261.20807	86.1	39
265.58598	86.12	38.3
270.03727	86.09	37.7
274.56316	86.07	37.1
279.16491	86.07	36.4
283.84378	86.1	35.8
288.60107	86.11	35.2
293.43809	86.12	34.7
298.35619	86.15	34.1
303.35671	86.18	33.6
308.44104	86.19	33.1
313.61059	86.22	32.5
318.86678	86.23	32.1
324.21107	86.2	31.7
329.64492	86.18	31.2
335.16985	86.15	30.8
340.78738	86.14	30.5
346.49906	86.12	30
352.30647	86.09	29.7
358.21121	86.08	29.5
364.21492	86.06	29.2
370.31925	86.05	29
376.5259	86.04	28.8
382.83656	86.03	28.6
389.253	86.04	28.4
395.77697	86.07	28.3
402.41029	86.1	28.1
409.15479	86.1	28
416.01232	86.08	27.9
422.98479	86.06	27.8
430.07412	86.04	27.7
437.28226	86.02	27.6
444.61122	86.02	27.6
452.06302	86.02	27.5
459.6397	86.02	27.5
467.34338	86.01	27.5
475.17617	86	27.4
483.14023	86	27.3
491.23778	86.01	27.3
499.47105	86.01	27.2
507.84231	85.98	27.3
516.35387	85.96	27.3
525.00808	85.95	27.1
533.80735	85.95	26.8
542.75409	85.95	26.5
551.85078	85.96	26.1
561.09994	85.97	25.6
570.50411	85.99	25.1
580.0659	86	24.6
589.78794	86.02	24
599.67293	86.02	23.7
609.7236	86.01	23.2
619.94272	86.01	22.9
630.33311	85.99	22.5
640.89765	85.98	22.2
651.63925	85.96	21.9
662.56088	85.94	21.6
673.66556	85.92	21.4
684.95636	85.89	21.2
696.4364	85.87	21.1
708.10884	85.84	20.9
719.97692	85.82	20.9
732.04391	85.8	20.9
744.31315	85.78	20.9
756.78802	85.77	21
769.47197	85.77	21.2
782.36851	85.77	21.4
795.4812	85.79	21.5
808.81366	85.82	21.7
822.36957	85.85	21.9
836.15269	85.91	22
850.16681	85.97	22.1
864.41582	86.04	22
878.90364	86.11	21.9
893.63428	86.17	21.7
908.61181	86.23	21.4
923.84036	86.28	21
939.32415	86.31	20.7
955.06746	86.33	20.2
971.07462	86.33	19.7
987.35007	86.32	19.4
1003.8983	86.28	19.1
1020.7239	86.24	19
1037.8315	86.19	19.1
1055.2258	86.16	19.3
1072.9116	86.13	19.8
1090.8939	86.15	20.5
1109.1775	86.2	21.1
1127.7676	86.3	21.8
1146.6693	86.45	22.3
1165.8877	86.62	22.6
1185.4283	86.82	22.6
1205.2964	87.03	22.3
1225.4974	87.23	21.6
1246.0371	87.4	20.6
1266.9209	87.53	19.4
1288.1549	87.63	18.1
1309.7446	87.68	16.7
1331.6963	87.69	15.4
1354.0158	87.67	14.2
1376.7095	87.63	13.2
1399.7835	87.59	12.3
1423.2442	87.56	11.6
1447.0981	87.54	10.8
1471.3518	87.53	10
1496.012	87.53	8.8
1521.0856	87.49	7.5
1546.5793	87.41	5.9
1572.5004	87.24	4.3
1598.8559	86.96	2.8
1625.6531	86.59	1.8
1652.8994	86.14	1.8
1680.6024	85.68	3.1
1708.7697	85.31	5.7
1737.4091	85.16	9
1766.5285	85.28	12.3
1796.136	85.59	14.8
1826.2397	86.01	15.8
1856.8479	86.39	15.5
1887.9691	86.66	14.2
1919.612	86.79	12.5
1951.7851	86.8	11
1984.4975	86.74	9.9
2017.7582	86.68	9.3
2051.5763	86.66	8.8
2085.9612	86.67	8.2
2120.9224	86.66	7.2
2156.4696	86.57	5.8
2192.6126	86.37	4.6
2229.3613	86.05	4.1
2266.7259	85.69	4.8
2304.7168	85.44	6.8
2343.3444	85.38	9.2
2382.6195	85.55	11.3
2422.5528	85.81	12.2
2463.1553	86.05	12.1
2504.4384	86.18	11.3
2546.4134	86.22	10.7
2589.0919	86.23	10.6
2632.4858	86.29	10.6
2676.6069	86.41	10.5
2721.4674	86.55	9.7
2767.0799	86.59	8.3
2813.4568	86.5	7.1
2860.6111	86.33	6.7
2908.5556	86.21	7.4
2957.3037	86.3	8.4
3006.8689	86.58	8.5
3057.2647	86.86	6.8
3108.5052	86.93	3.6
3160.6045	86.71	0.4
3213.577	86.26	-1.3
3267.4374	85.8	-1.2
3322.2004	85.47	0
3377.8813	85.3	1.2
3434.4954	85.2	2
3492.0584	85.11	2.9
3550.5862	85.05	3.9
3610.0949	85.05	4.9
3670.6009	85.07	5.7
3732.1211	85.1	6.6
3794.6724	85.23	7.8
3858.272	85.53	8.5
3922.9376	85.89	7.6
3988.687	86.09	5
4055.5384	86	1.9
4123.5102	85.68	-0.1
4192.6212	85.31	-0.6
4262.8906	85.02	-0.5
4334.3377	84.76	-0.3
4406.9822	84.48	0.5
4480.8443	84.25	2.1
4555.9444	84.17	3.9
4632.3031	84.19	5.4
4709.9417	84.27	6.8
4788.8814	84.47	8
4869.1443	84.75	8.2
4950.7523	84.96	7.3
5033.7281	85.04	5.8
5118.0947	85.03	4.6
5203.8752	84.97	3.5
5291.0934	84.89	2.6
5379.7734	84.78	1.6
5469.9397	84.61	0.6
5561.6173	84.3	-0.3
5654.8313	83.84	0.2
5749.6077	83.44	2.5
5845.9725	83.32	6.2
5943.9525	83.59	9.5
6043.5746	84.05	10.9
6144.8664	84.44	10.1
6247.8558	84.59	8.5
6352.5714	84.62	7.5
6459.0421	84.72	6.9
6567.2972	84.84	5.2
6677.3667	84.73	2.3
6789.281	84.27	0.5
6903.071	83.6	2
7018.7682	83.26	6.5
7136.4045	83.56	11.1
7256.0123	84.22	12.9
7377.6249	84.73	11.6
7501.2757	84.96	9.2
7626.9989	85	7.3
7754.8293	85.07	5.8
7884.8021	85.08	3.6
8016.9533	84.85	1.6
8151.3194	84.45	1.8
8287.9375	84.29	4.4
8426.8454	84.63	6.9
8568.0814	85.22	6.9
8711.6845	85.62	4.2
8857.6945	85.71	1
9006.1516	85.63	-1.4
9157.0969	85.49	-2.7
9310.5721	85.44	-2.7
9466.6196	85.74	-1.7
9625.2825	86.5	-2.3
9786.6046	87.23	-6.7
9950.6305	87.52	-14.4
10117.405	87.32	-22.8
10286.976	86.67	-29
10459.388	85.82	-31.9
10634.69	85.14	-31.5
10812.93	85.1	-31
10994.157	85.39	-33.6
11178.422	85.45	-39.6
11365.775	85.03	-46.4
11556.268	84.22	-51.2
11749.954	83.28	-53.4
11946.886	82.5	-52.6
12147.119	82.28	-51
12350.708	82.54	-52.2
12557.708	82.69	-57.3
12768.179	82.41	-64.1
12982.177	81.82	-69.5
13199.761	81.28	-74.2
13420.992	80.87	-80.7
13645.931	80.24	-90
13874.641	79.05	-99.2
14107.183	77.1	-104.3
14343.623	74.67	-103.5
14584.025	72.4	-98.8
14828.457	70.51	-93.4
15076.986	68.92	-87.8
15329.68	67.37	-77.8
15586.609	66.51	-62.5
15847.844	67.46	-48.6
16113.458	68.92	-44.7
16383.524	69.6	-49.4
16658.115	69.56	-55.9
16937.31	69.23	-61.7
17221.183	68.86	-69.3
17509.814	67.97	-79.4
17803.283	66.26	-86.7
18101.67	63.88	-89.7
18405.059	61.73	-92.4
18713.532	59.67	-98.3
19027.176	56.9	-92.8
19346.076	53.19	-67.7
19670.321	51.4	-36.1
