19.86599	66.99	121.1
20.19895	67.02	120.5
20.53749	67.07	120
20.8817	67.13	119.5
21.23169	67.21	119
21.58753	67.31	118.4
21.94935	67.43	117.9
22.31722	67.58	117.3
22.69126	67.74	116.8
23.07158	67.91	116.2
23.45826	68.08	115.7
23.85143	68.26	115.1
24.25118	68.43	114.6
24.65764	68.62	114
25.07091	68.81	113.5
25.4911	69.02	112.9
25.91834	69.24	112.4
26.35274	69.47	111.8
26.79441	69.7	111.2
27.2435	69.93	110.7
27.7001	70.18	110.1
28.16436	70.43	109.6
28.63641	70.69	109
29.11636	70.95	108.5
29.60436	71.23	107.9
30.10053	71.52	107.4
30.60502	71.82	106.8
31.11797	72.12	106.2
31.63952	72.42	105.7
32.1698	72.73	105.1
32.70898	73.03	104.6
33.25719	73.33	104
33.81459	73.64	103.5
34.38133	73.93	102.9
34.95757	74.22	102.4
35.54346	74.49	101.8
36.13918	74.76	101.3
36.74488	75.01	100.7
37.36074	75.25	100.2
37.98691	75.47	99.7
38.62358	75.67	99.1
39.27092	75.86	98.6
39.92911	76.03	98
40.59833	76.19	97.5
41.27877	76.33	96.9
41.97061	76.47	96.4
42.67405	76.59	95.8
43.38928	76.71	95.3
44.11649	76.82	94.7
44.8559	76.94	94.2
45.60769	77.05	93.6
46.37209	77.17	93.1
47.1493	77.3	92.5
47.93953	77.45	92
48.74301	77.63	91.4
49.55995	77.82	90.9
50.39059	78.03	90.3
51.23515	78.26	89.8
52.09386	78.49	89.2
52.96697	78.73	88.7
53.85471	78.97	88.1
54.75733	79.21	87.6
55.67507	79.44	87
56.6082	79.66	86.5
57.55697	79.87	85.9
58.52164	80.06	85.4
59.50247	80.24	84.8
60.49975	80.38	84.2
61.51374	80.49	83.7
62.54472	80.58	83.1
63.59299	80.65	82.5
64.65882	80.71	82
65.74252	80.75	81.4
66.84438	80.77	80.8
67.96471	80.8	80.2
69.10382	80.82	79.6
70.26201	80.85	79.1
71.43962	80.9	78.5
72.63697	80.97	77.9
73.85438	81.06	77.3
75.0922	81.17	76.7
76.35076	81.3	76.1
77.63042	81.43	75.5
78.93152	81.56	74.9
80.25443	81.68	74.3
81.59952	81.78	73.7
82.96715	81.87	73
84.3577	81.95	72.4
85.77155	82.03	71.8
87.2091	82.11	71.2
88.67075	82.19	70.5
90.15689	82.29	69.9
91.66795	82.39	69.3
93.20432	82.5	68.6
94.76645	82.61	68
96.35476	82.71	67.3
97.96969	82.8	66.6
99.61168	82.87	66
101.2812	82.92	65.3
102.9787	82.97	64.6
104.70465	83.01	63.9
106.45952	83.06	63.2
108.24381	83.12	62.6
110.058	83.19	61.9
111.9026	83.26	61.2
113.77812	83.34	60.5
115.68507	83.42	59.7
117.62398	83.49	59
119.59538	83.56	58.3
121.59983	83.62	57.6
123.63787	83.67	56.9
125.71007	83.71	56.1
127.81701	83.74	55.4
129.95925	83.78	54.6
132.1374	83.81	53.9
134.35205	83.85	53.2
136.60383	83.89	52.4
138.89334	83.94	51.7
141.22123	83.97	50.9
143.58813	84.01	50.2
145.9947	84.05	49.4
148.44161	84.09	48.7
150.92953	84.14	47.9
153.45914	84.18	47.2
156.03116	84.22	46.4
158.64628	84.25	45.7
161.30523	84.27	45
164.00874	84.29	44.2
166.75757	84.31	43.5
169.55247	84.33	42.9
172.39421	84.35	42.2
175.28358	84.38	41.6
178.22137	84.41	40.9
181.2084	84.43	40.4
184.2455	84.45	39.8
187.3335	84.47	39.3
190.47326	84.49	38.9
193.66564	84.51	38.5
196.91152	84.52	38.2
200.2118	84.51	37.7
203.5674	84.49	36.7
206.97924	84.5	36
210.44827	84.53	35.2
213.97543	84.57	34.4
217.56171	84.61	33.6
221.2081	84.64	32.8
224.9156	84.66	32
228.68524	84.67	31.2
232.51806	84.66	30.4
236.41512	84.65	29.6
240.3775	84.64	28.8
244.40628	84.64	28.1
248.50259	84.65	27.3
252.66756	84.66	26.5
256.90233	84.66	25.8
261.20807	84.64	25
265.58598	84.61	24.3
270.03727	84.59	23.6
274.56316	84.57	22.9
279.16491	84.56	22.2
283.84378	84.56	21.5
288.60107	84.56	20.8
293.43809	84.56	20.2
298.35619	84.56	19.6
303.35671	84.57	19
308.44104	84.59	18.4
313.61059	84.61	17.9
318.86678	84.61	17.4
324.21107	84.59	16.9
329.64492	84.56	16.4
335.16985	84.53	15.9
340.78738	84.5	15.5
346.49906	84.48	15.1
352.30647	84.46	14.7
358.21121	84.45	14.4
364.21492	84.44	14
370.31925	84.43	13.7
376.5259	84.41	13.4
382.83656	84.38	13.1
389.253	84.37	12.8
395.77697	84.35	12.6
402.41029	84.34	12.3
409.15479	84.33	12.1
416.01232	84.3	11.9
422.98479	84.28	11.7
430.07412	84.24	11.5
437.28226	84.21	11.3
444.61122	84.23	11.1
452.06302	84.18	10.9
459.6397	84.02	10.6
467.34338	83.91	10.3
475.17617	83.84	10
483.14023	83.77	9.7
491.23778	83.7	9.4
499.47105	83.66	9.1
507.84231	83.64	8.8
516.35387	83.63	8.5
525.00808	83.61	8.2
533.80735	83.58	7.9
542.75409	83.56	7.7
551.85078	83.53	7.4
561.09994	83.5	7.2
570.50411	83.47	7
580.0659	83.43	6.9
589.78794	83.4	6.8
599.67293	83.37	6.8
609.7236	83.34	6.8
619.94272	83.31	6.8
630.33311	83.29	6.9
640.89765	83.27	7
651.63925	83.26	7.2
662.56088	83.26	7.4
673.66556	83.27	7.6
684.95636	83.29	7.8
696.4364	83.32	8
708.10884	83.36	8.2
719.97692	83.41	8.4
732.04391	83.47	8.5
744.31315	83.55	8.6
756.78802	83.63	8.6
769.47197	83.72	8.5
782.36851	83.82	8.3
795.4812	83.91	8
808.81366	84.01	7.6
822.36957	84.11	7.1
836.15269	84.19	6.5
850.16681	84.27	5.8
864.41582	84.34	4.9
878.90364	84.39	4
893.63428	84.42	3
908.61181	84.43	1.9
923.84036	84.42	0.8
939.32415	84.39	-0.3
955.06746	84.32	-1.4
971.07462	84.23	-2.4
987.35007	84.11	-3.3
1003.8983	83.98	-4
1020.7239	83.82	-4.6
1037.8315	83.65	-4.9
1055.2258	83.48	-4.9
1072.9116	83.32	-4.8
1090.8939	83.19	-4.3
1109.1775	83.08	-3.7
1127.7676	83.02	-3
1146.6693	82.99	-2.3
1165.8877	83.01	-1.6
1185.4283	83.06	-1.1
1205.2964	83.13	-0.9
1225.4974	83.2	-0.9
1246.0371	83.26	-1.1
1266.9209	83.29	-1.4
1288.1549	83.28	-1.8
1309.7446	83.25	-2
1331.6963	83.19	-2
1354.0158	83.12	-1.7
1376.7095	83.07	-1
1399.7835	83.09	0
1423.2442	83.17	1.1
1447.0981	83.35	2
1471.3518	83.61	2.7
1496.012	83.91	2.7
1521.0856	84.22	2
1546.5793	84.5	0.8
1572.5004	84.72	-1
1598.8559	84.84	-3.1
1625.6531	84.88	-5.2
1652.8994	84.84	-7
1680.6024	84.74	-8.5
1708.7697	84.63	-9.5
1737.4091	84.53	-10.1
1766.5285	84.49	-10.4
1796.136	84.5	-10.8
1826.2397	84.55	-11.3
1856.8479	84.62	-12.2
1887.9691	84.66	-13.3
1919.612	84.66	-14.6
1951.7851	84.64	-15.9
1984.4975	84.59	-17
2017.7582	84.56	-18
2051.5763	84.56	-19
2085.9612	84.56	-20.4
2120.9224	84.53	-22.1
2156.4696	84.44	-24
2192.6126	84.26	-25.9
2229.3613	84	-27.4
2266.7259	83.7	-28.1
2304.7168	83.44	-28.2
2343.3444	83.28	-27.9
2382.6195	83.21	-27.8
2422.5528	83.19	-28.1
2463.1553	83.14	-28.8
2504.4384	83.03	-29.7
2546.4134	82.88	-30.3
2589.0919	82.74	-30.5
2632.4858	82.66	-30.5
2676.6069	82.65	-30.7
2721.4674	82.67	-31.4
2767.0799	82.65	-32.5
2813.4568	82.57	-33.8
2860.6111	82.44	-35
2908.5556	82.29	-35.9
2957.3037	82.16	-36.7
3006.8689	82.07	-37.6
3057.2647	81.99	-39
3108.5052	81.85	-40.9
3160.6045	81.6	-43
3213.577	81.22	-44.8
3267.4374	80.74	-46
3322.2004	80.22	-46.4
3377.8813	79.69	-46
3434.4954	79.16	-44.8
3492.0584	78.7	-42.4
3550.5862	78.43	-39
3610.0949	78.45	-35.6
3670.6009	78.68	-33.8
3732.1211	78.87	-33.7
3794.6724	78.89	-34.3
3858.272	78.77	-34.7
3922.9376	78.62	-34.5
3988.687	78.51	-33.9
4055.5384	78.4	-33.4
4123.5102	78.29	-32.8
4192.6212	78.19	-31.8
4262.8906	78.19	-30.4
4334.3377	78.31	-29.3
4406.9822	78.49	-28.8
4480.8443	78.69	-29
4555.9444	78.87	-29.9
4632.3031	78.97	-31.5
4709.9417	78.91	-33.4
4788.8814	78.74	-34.7
4869.1443	78.57	-35.7
4950.7523	78.39	-36.7
5033.7281	78.11	-37.8
5118.0947	77.73	-38.2
5203.8752	77.35	-37.8
5291.0934	77	-36.7
5379.7734	76.73	-35
5469.9397	76.57	-33
5561.6173	76.52	-30.9
5654.8313	76.56	-28.9
5749.6077	76.7	-27.3
5845.9725	76.87	-26.4
5943.9525	77.01	-25.9
6043.5746	77.14	-25.2
6144.8664	77.34	-24.6
6247.8558	77.57	-24.7
6352.5714	77.77	-25.2
6459.0421	77.93	-26.3
6567.2972	78	-27.7
6677.3667	77.91	-29.3
6789.281	77.64	-29.9
6903.071	77.34	-28.5
7018.7682	77.3	-25.3
7136.4045	77.68	-22.2
7256.0123	78.35	-20.9
7377.6249	79.1	-21.9
7501.2757	79.72	-24.9
7626.9989	80.12	-28.9
7754.8293	80.3	-33
7884.8021	80.39	-36.6
8016.9533	80.4	-40.5
8151.3194	80.21	-44.2
8287.9375	79.94	-46.4
8426.8454	79.82	-47.5
8568.0814	79.85	-49.2
8711.6845	79.79	-51.4
8857.6945	79.71	-53.2
9006.1516	79.61	-54.8
9157.0969	79.64	-56
9310.5721	79.78	-58.4
9466.6196	79.81	-62.3
9625.2825	79.54	-66.3
9786.6046	79.19	-68.9
9950.6305	78.85	-70.3
10117.405	78.72	-70.9
10286.976	78.73	-72.7
10459.388	78.67	-74.7
10634.69	78.68	-77.3
10812.93	78.6	-81.1
10994.157	78.38	-85.1
11178.422	77.98	-89
11365.775	77.44	-91.1
11556.268	77.01	-92.1
11749.954	76.6	-91.6
11946.886	76.6	-89.2
12147.119	77.06	-89.2
12350.708	77.6	-92
12557.708	77.9	-97.5
12768.179	77.83	-102.4
12982.177	77.75	-105.9
13199.761	77.9	-108.7
13420.992	78.33	-113.8
13645.931	78.73	-121.2
13874.641	78.95	-131.8
14107.183	78.58	-143.4
14343.623	77.94	-155
14584.025	76.88	-167.8
14828.457	74.96	178.4
15076.986	72.4	173.8
15329.68	69.66	175.6
15586.609	67.9	-174.3
15847.844	68.13	-162.3
16113.458	69.12	-163.2
16383.524	69.09	-169.8
16658.115	68.33	-173.4
16937.31	67.81	-174.1
17221.183	67.85	-174.2
17509.814	68.11	-178.5
17803.283	68.17	175.8
18101.67	68.04	169.1
18405.059	68.23	160.3
18713.532	67.99	145.5
19027.176	66.54	131.1
19346.076	64.51	122.4
19670.321	62.71	118.8
20000	61.9	118.3
