19.8660	73.1400	50.3000
20.1989	73.3000	50.5000
20.5375	73.4600	50.8000
20.8817	73.6200	51.1000
21.2317	73.7800	51.4000
21.5875	73.9400	51.6000
21.9493	74.1100	51.9000
22.3172	74.2800	52.2000
22.6913	74.4500	52.4000
23.0716	74.6300	52.7000
23.4583	74.8200	53.0000
23.8514	75.0500	53.2000
24.2512	75.2700	53.5000
24.6576	75.4300	53.7000
25.0709	75.5000	54.0000
25.4911	75.5100	54.2000
25.9183	75.5000	54.4000
26.3527	75.5200	54.6000
26.7944	75.6100	54.8000
27.2435	75.7900	55.0000
27.7001	76.0300	55.2000
28.1644	76.2900	55.4000
28.6364	76.5700	55.6000
29.1164	76.8700	55.8000
29.6044	77.1700	56.0000
30.1005	77.4800	56.1000
30.6050	77.8000	56.3000
31.1180	78.1400	56.4000
31.6395	78.5100	56.5000
32.1698	78.8900	56.6000
32.7090	79.2800	56.8000
33.2572	79.6700	56.9000
33.8146	80.0300	57.0000
34.3813	80.3700	57.2000
34.9576	80.7100	57.3000
35.5435	81.0800	57.4000
36.1392	81.4600	57.4000
36.7449	81.8200	57.5000
37.3607	82.1500	57.5000
37.9869	82.4200	57.6000
38.6236	82.6500	57.6000
39.2709	82.8100	57.7000
39.9291	82.8800	57.7000
40.5983	82.8700	57.7000
41.2788	82.8100	57.8000
41.9706	82.6600	57.8000
42.6741	82.4500	57.8000
43.3893	82.2000	57.8000
44.1165	81.9900	57.8000
44.8559	81.8600	57.8000
45.6077	81.7900	57.8000
46.3721	81.7700	57.7000
47.1493	81.8000	57.7000
47.9395	81.8500	57.6000
48.7430	81.9100	57.6000
49.5600	81.9300	57.5000
50.3906	81.9100	57.4000
51.2351	81.8900	57.4000
52.0939	81.9300	57.3000
52.9670	82.0300	57.2000
53.8547	82.1700	57.1000
54.7573	82.3300	57.0000
55.6751	82.5200	56.8000
56.6082	82.6900	56.7000
57.5570	82.8300	56.5000
58.5216	82.9300	56.4000
59.5025	83.0000	56.3000
60.4997	83.0900	56.1000
61.5137	83.2200	55.9000
62.5447	83.3200	55.8000
63.5930	83.3900	55.6000
64.6588	83.4800	55.4000
65.7425	83.5600	55.2000
66.8444	83.6600	54.9000
67.9647	83.7800	54.7000
69.1038	83.8600	54.5000
70.2620	83.9100	54.2000
71.4396	83.9400	54.0000
72.6370	83.9600	53.7000
73.8544	83.9500	53.4000
75.0922	83.9700	53.1000
76.3508	84.0300	52.8000
77.6304	84.1200	52.5000
78.9315	84.2300	52.2000
80.2544	84.3700	51.9000
81.5995	84.5100	51.6000
82.9672	84.6200	51.3000
84.3577	84.6800	50.9000
85.7716	84.7100	50.6000
87.2091	84.6900	50.2000
88.6707	84.6400	49.8000
90.1569	84.6200	49.4000
91.6680	84.6200	49.0000
93.2043	84.6400	48.6000
94.7665	84.6500	48.2000
96.3548	84.6700	47.8000
97.9697	84.7100	47.3000
99.6117	84.7600	46.9000
101.2812	84.7900	46.4000
102.9787	84.8000	46.0000
104.7047	84.8200	45.5000
106.4595	84.8500	45.0000
108.2438	84.8700	44.5000
110.0580	84.8700	44.0000
111.9026	84.8800	43.5000
113.7781	84.9200	43.0000
115.6851	84.9500	42.4000
117.6240	84.9800	41.9000
119.5954	84.9900	41.3000
121.5998	84.9400	40.8000
123.6379	84.8400	40.2000
125.7101	84.7400	39.6000
127.8170	84.6600	39.0000
129.9592	84.6100	38.4000
132.1374	84.5900	37.8000
134.3520	84.5800	37.1000
136.6038	84.6000	36.5000
138.8933	84.6500	35.9000
141.2212	84.7000	35.2000
143.5881	84.7400	34.5000
145.9947	84.7600	33.8000
148.4416	84.7600	33.2000
150.9295	84.7600	32.5000
153.4591	84.7500	31.8000
156.0312	84.7600	31.0000
158.6463	84.7600	30.3000
161.3052	84.7000	29.6000
164.0087	84.6000	28.8000
166.7576	84.4900	28.1000
169.5525	84.4200	27.3000
172.3942	84.4100	26.6000
175.2836	84.4400	25.8000
178.2214	84.4700	25.1000
181.2084	84.5300	24.3000
184.2455	84.6200	23.5000
187.3335	84.6500	22.7000
190.4733	84.6600	21.8000
193.6656	84.6700	21.0000
196.9115	84.6800	20.2000
200.2118	84.6700	19.4000
203.5674	84.6500	18.6000
206.9792	84.6300	17.8000
210.4483	84.6000	17.0000
213.9754	84.5900	16.2000
217.5617	84.6000	15.4000
221.2081	84.6400	14.6000
224.9156	84.6700	13.8000
228.6852	84.6700	13.0000
232.5181	84.6500	12.2000
236.4151	84.6000	11.4000
240.3775	84.5500	10.6000
244.4063	84.5000	9.9000
248.5026	84.4600	9.1000
252.6676	84.4500	8.4000
256.9023	84.4600	7.7000
261.2081	84.4400	6.9000
265.5860	84.3500	6.2000
270.0373	84.2400	5.6000
274.5632	84.1500	4.9000
279.1649	84.1100	4.3000
283.8438	84.0900	3.7000
288.6011	84.0600	3.2000
293.4381	84.0200	2.6000
298.3562	83.9900	2.2000
303.3567	83.9700	1.7000
308.4410	83.9700	1.3000
313.6106	83.9700	0.9000
318.8668	83.9500	0.6000
324.2111	83.8900	0.3000
329.6449	83.7900	0.0000
335.1698	83.6900	-0.1000
340.7874	83.6100	-0.3000
346.4991	83.5400	-0.4000
352.3065	83.4800	-0.5000
358.2112	83.4100	-0.5000
364.2149	83.3500	-0.4000
370.3193	83.3000	-0.3000
376.5259	83.2400	-0.2000
382.8366	83.1700	-0.1000
389.2530	83.1000	0.1000
395.7770	83.0500	0.3000
402.4103	83.0200	0.6000
409.1548	82.9900	0.8000
416.0123	82.9300	1.1000
422.9848	82.8900	1.3000
430.0741	82.8500	1.6000
437.2823	82.8200	1.9000
444.6112	82.7900	2.1000
452.0630	82.7500	2.3000
459.6397	82.7000	2.5000
467.3434	82.6100	2.7000
475.1762	82.5100	2.9000
483.1402	82.4100	3.1000
491.2378	82.3100	3.3000
499.4710	82.2500	3.6000
507.8423	82.2100	3.8000
516.3539	82.1900	4.0000
525.0081	82.1900	4.1000
533.8074	82.2000	4.3000
542.7541	82.2600	4.4000
551.8508	82.3200	4.5000
561.0999	82.3900	4.5000
570.5041	82.4700	4.5000
580.0659	82.5500	4.4000
589.7879	82.6300	4.3000
599.6729	82.7100	4.2000
609.7236	82.7900	3.9000
619.9427	82.8700	3.7000
630.3331	82.9500	3.3000
640.8976	83.0300	2.9000
651.6392	83.1100	2.5000
662.5609	83.1800	2.0000
673.6656	83.2500	1.4000
684.9564	83.3100	0.8000
696.4364	83.3600	0.2000
708.1088	83.4100	-0.5000
719.9769	83.4500	-1.1000
732.0439	83.4800	-1.8000
744.3131	83.5100	-2.5000
756.7880	83.5300	-3.3000
769.4720	83.5400	-4.0000
782.3685	83.5500	-4.7000
795.4812	83.5500	-5.4000
808.8137	83.5500	-6.1000
822.3696	83.5500	-6.8000
836.1527	83.5400	-7.5000
850.1668	83.5300	-8.2000
864.4158	83.5200	-8.9000
878.9036	83.5000	-9.6000
893.6343	83.4700	-10.4000
908.6118	83.4400	-11.2000
923.8404	83.3900	-12.0000
939.3242	83.3300	-12.7000
955.0675	83.2600	-13.5000
971.0746	83.1700	-14.2000
987.3501	83.0700	-14.7000
1003.8983	82.9500	-15.2000
1020.7239	82.8300	-15.5000
1037.8315	82.7000	-15.6000
1055.2258	82.5900	-15.5000
1072.9116	82.4900	-15.1000
1090.8939	82.4300	-14.7000
1109.1775	82.4100	-14.1000
1127.7676	82.4300	-13.5000
1146.6693	82.5000	-13.0000
1165.8877	82.6000	-12.7000
1185.4283	82.7300	-12.6000
1205.2964	82.8800	-12.9000
1225.4974	83.0200	-13.5000
1246.0371	83.1400	-14.4000
1266.9209	83.2300	-15.4000
1288.1549	83.2900	-16.5000
1309.7446	83.3100	-17.7000
1331.6963	83.3000	-18.9000
1354.0158	83.2700	-19.9000
1376.7095	83.2400	-20.7000
1399.7835	83.2100	-21.4000
1423.2442	83.2100	-22.0000
1447.0981	83.2400	-22.7000
1471.3518	83.2800	-23.5000
1496.0120	83.3400	-24.6000
1521.0856	83.4000	-26.0000
1546.5793	83.4200	-27.7000
1572.5004	83.4000	-29.6000
1598.8559	83.3200	-31.6000
1625.6531	83.1700	-33.6000
1652.8994	82.9700	-35.3000
1680.6024	82.7300	-36.6000
1708.7697	82.4800	-37.5000
1737.4091	82.2500	-38.1000
1766.5285	82.0700	-38.4000
1796.1360	81.9200	-38.8000
1826.2397	81.8100	-39.4000
1856.8479	81.6900	-40.1000
1887.9691	81.5500	-41.0000
1919.6120	81.3600	-41.9000
1951.7851	81.1400	-42.7000
1984.4975	80.9100	-43.0000
2017.7582	80.7000	-43.1000
2051.5763	80.5400	-43.0000
2085.9612	80.4300	-43.1000
2120.9224	80.3200	-43.4000
2156.4696	80.1900	-44.1000
2192.6126	80.0000	-45.0000
2229.3613	79.7300	-45.5000
2266.7259	79.4200	-45.6000
2304.7168	79.1300	-45.0000
2343.3444	78.8900	-44.0000
2382.6195	78.7500	-42.8000
2422.5528	78.6700	-41.9000
2463.1553	78.6000	-41.3000
2504.4384	78.5100	-40.8000
2546.4134	78.4100	-40.2000
2589.0919	78.3200	-39.4000
2632.4858	78.2700	-38.3000
2676.6069	78.2900	-37.1000
2721.4674	78.3900	-36.2000
2767.0799	78.5300	-35.8000
2813.4568	78.6900	-35.8000
2860.6111	78.8200	-36.3000
2908.5556	78.9200	-37.1000
2957.3037	78.9700	-38.0000
3006.8689	78.9900	-39.0000
3057.2647	78.9700	-40.1000
3108.5052	78.9200	-41.1000
3160.6045	78.8400	-42.0000
3213.5770	78.7200	-42.9000
3267.4374	78.5700	-43.7000
3322.2004	78.3800	-44.3000
3377.8813	78.1200	-44.6000
3434.4954	77.8000	-44.2000
3492.0584	77.4800	-42.8000
3550.5862	77.2300	-40.1000
3610.0949	77.1500	-36.5000
3670.6009	77.3300	-32.3000
3732.1211	77.8400	-28.3000
3794.6724	78.6500	-25.8000
3858.2720	79.6300	-25.5000
3922.9376	80.6100	-27.7000
3988.6870	81.4500	-32.1000
4055.5384	82.0700	-38.1000
4123.5102	82.3500	-45.2000
4192.6212	82.2600	-52.1000
4262.8906	81.8800	-57.7000
4334.3377	81.4100	-61.6000
4406.9822	80.9800	-64.3000
4480.8443	80.5800	-66.5000
4555.9444	80.1700	-68.1000
4632.3031	79.7900	-69.0000
4709.9417	79.4700	-69.4000
4788.8814	79.2500	-69.4000
4869.1443	79.1100	-69.4000
4950.7523	79.0200	-69.6000
5033.7281	78.9400	-69.8000
5118.0947	78.8800	-69.4000
5203.8752	78.9700	-68.6000
5291.0934	79.2500	-67.8000
5379.7734	79.6800	-67.4000
5469.9397	80.3900	-66.8000
5561.6173	81.6500	-68.1000
5654.8313	83.2200	-75.6000
5749.6077	84.2200	-90.0000
5845.9725	84.1200	-106.9000
5943.9525	82.9400	-121.1000
6043.5746	81.4800	-128.5000
6144.8664	80.8300	-133.3000
6247.8558	80.5800	-145.0000
6352.5714	79.0200	-164.4000
6459.0421	74.9400	12.3000
6567.2972	68.6300	-96.9000
6677.3667	64.3900	-146.5000
6789.2810	63.7400	-112.0000
6903.0710	65.8100	-83.0000
7018.7682	69.0600	-69.2000
7136.4045	72.1300	-64.9000
7256.0123	75.0400	-66.2000
7377.6249	77.9900	-72.9000
7501.2757	80.7400	-88.2000
7626.9989	82.3600	-111.5000
7754.8293	82.3600	-136.9000
7884.8021	81.0700	-157.8000
8016.9533	79.3700	-175.4000
8151.3194	76.9300	170.4000
8287.9375	73.0900	163.9000
8426.8454	70.0100	130.5000
8568.0814	70.2700	-167.3000
8711.6845	71.3400	-165.2000
8857.6945	72.3100	-168.4000
9006.1516	73.2200	-176.8000
9157.0969	73.7700	171.7000
9310.5721	73.9800	156.2000
9466.6196	73.3300	136.0000
9625.2825	71.2000	116.6000
9786.6046	68.3100	103.3000
9950.6305	65.2700	94.6000
10117.4050	62.1000	89.6000
10286.9760	59.2100	88.4000
10459.3880	56.2600	87.3000
10634.6900	53.8400	91.2000
10812.9300	52.4100	84.1000
10994.1570	50.5900	66.4000
11178.4220	51.4800	25.8000
11365.7750	55.2800	-43.4000
11556.2680	58.8600	-107.6000
11749.9540	60.4500	-149.9000
11946.8860	61.2300	-178.9000
12147.1190	61.3300	162.9000
12350.7080	61.5700	149.9000
12557.7080	62.2300	135.1000
12768.1790	62.6000	119.0000
12982.1770	63.0100	100.8000
13199.7610	62.7100	78.5000
13420.9920	61.4200	57.2000
13645.9310	59.6500	39.4000
13874.6410	57.5100	23.9000
14107.1830	54.8200	13.6000
14343.6230	52.1700	6.8000
14584.0250	49.4700	11.5000
14828.4570	49.6900	18.0000
15076.9860	51.0400	15.0000
15329.6800	51.9900	0.4000
15586.6090	51.6300	-17.4000
15847.8440	49.9700	-27.4000
16113.4580	48.5900	-28.4000
16383.5240	46.8600	-32.6000
16658.1150	44.9400	-32.6000
16937.3100	46.3300	-33.8000
17221.1830	46.1400	-44.2000
17509.8140	44.4000	-31.0000
17803.2830	46.2100	-19.4000
18101.6700	48.2600	-30.6000
18405.0590	49.0100	-45.2000
18713.5320	49.7100	-59.1000
19027.1760	49.8700	-81.4000
19346.0760	49.0200	-104.4000
19670.3210	47.9500	-123.9000
20000.0000	46.9400	-133.3000