19.8660	74.4000	71.2000
20.1989	74.6600	71.3000
20.5375	74.9300	71.3000
20.8817	75.2200	71.4000
21.2317	75.5100	71.4000
21.5875	75.7500	71.5000
21.9493	75.9300	71.6000
22.3172	76.0500	71.6000
22.6913	76.1400	71.6000
23.0716	76.2400	71.7000
23.4583	76.4100	71.7000
23.8514	76.7100	71.7000
24.2512	77.1000	71.7000
24.6576	77.4200	71.7000
25.0709	77.5700	71.7000
25.4911	77.5900	71.7000
25.9183	77.5800	71.8000
26.3527	77.6200	71.8000
26.7944	77.8000	71.8000
27.2435	78.0900	71.7000
27.7001	78.3600	71.7000
28.1644	78.5200	71.7000
28.6364	78.6200	71.6000
29.1164	78.7000	71.6000
29.6044	78.8300	71.5000
30.1005	79.0200	71.5000
30.6050	79.2200	71.4000
31.1180	79.4200	71.3000
31.6395	79.6000	71.3000
32.1698	79.7700	71.2000
32.7090	79.9500	71.2000
33.2572	80.1500	71.1000
33.8146	80.3700	71.0000
34.3813	80.6300	70.9000
34.9576	80.9000	70.8000
35.5435	81.1400	70.7000
36.1392	81.3300	70.6000
36.7449	81.4500	70.5000
37.3607	81.5000	70.4000
37.9869	81.4900	70.3000
38.6236	81.3800	70.1000
39.2709	81.3000	70.0000
39.9291	81.4100	69.8000
40.5983	81.7400	69.7000
41.2788	82.0800	69.6000
41.9706	82.3500	69.4000
42.6741	82.6600	69.3000
43.3893	83.0600	69.1000
44.1165	83.4300	69.0000
44.8559	83.6700	68.8000
45.6077	83.7000	68.6000
46.3721	83.6100	68.4000
47.1493	83.5500	68.2000
47.9395	83.5600	68.0000
48.7430	83.5500	67.8000
49.5600	83.5100	67.6000
50.3906	83.5000	67.4000
51.2351	83.5100	67.1000
52.0939	83.4800	66.9000
52.9670	83.4300	66.7000
53.8547	83.4300	66.4000
54.7573	83.4500	66.2000
55.6751	83.5200	65.9000
56.6082	83.6200	65.7000
57.5570	83.7400	65.4000
58.5216	83.7800	65.2000
59.5025	83.8000	64.9000
60.4997	84.0100	64.6000
61.5137	84.4800	64.3000
62.5447	84.8000	64.0000
63.5930	84.9700	63.7000
64.6588	85.0800	63.4000
65.7425	85.1500	63.1000
66.8444	85.2200	62.8000
67.9647	85.3300	62.4000
69.1038	85.4300	62.1000
70.2620	85.5000	61.7000
71.4396	85.5600	61.4000
72.6370	85.6000	61.0000
73.8544	85.6300	60.7000
75.0922	85.6600	60.3000
76.3508	85.7300	59.9000
77.6304	85.8200	59.5000
78.9315	85.9100	59.1000
80.2544	86.0000	58.7000
81.5995	86.0900	58.3000
82.9672	86.1800	57.9000
84.3577	86.2200	57.4000
85.7716	86.2400	57.0000
87.2091	86.2500	56.5000
88.6707	86.2200	56.1000
90.1569	86.2800	55.6000
91.6680	86.5400	55.1000
93.2043	86.7600	54.6000
94.7665	86.8700	54.1000
96.3548	86.9100	53.6000
97.9697	86.9200	53.1000
99.6117	86.9000	52.6000
101.2812	86.8900	52.1000
102.9787	86.8900	51.6000
104.7047	86.9200	51.0000
106.4595	86.9500	50.5000
108.2438	86.9900	49.9000
110.0580	87.0500	49.3000
111.9026	87.1300	48.7000
113.7781	87.2000	48.2000
115.6851	87.2600	47.6000
117.6240	87.3300	47.0000
119.5954	87.4200	46.4000
121.5998	87.3400	45.8000
123.6379	87.1300	45.2000
125.7101	87.0200	44.5000
127.8170	86.9400	43.9000
129.9592	86.9000	43.2000
132.1374	86.8800	42.6000
134.3520	86.8800	41.9000
136.6038	86.9200	41.2000
138.8933	86.9700	40.5000
141.2212	87.0200	39.9000
143.5881	87.0500	39.2000
145.9947	87.0800	38.4000
148.4416	87.1200	37.7000
150.9295	87.1600	37.0000
153.4591	87.2000	36.3000
156.0312	87.2200	35.5000
158.6463	87.2300	34.8000
161.3052	87.1900	34.0000
164.0087	87.1000	33.3000
166.7576	87.0100	32.5000
169.5525	86.9700	31.7000
172.3942	86.9800	30.9000
175.2836	87.0000	30.1000
178.2214	86.9400	29.4000
181.2084	86.9500	28.6000
184.2455	87.0800	27.8000
187.3335	87.1400	26.9000
190.4733	87.1800	26.1000
193.6656	87.2300	25.3000
196.9115	87.2700	24.5000
200.2118	87.2800	23.7000
203.5674	87.2600	22.9000
206.9792	87.2500	22.1000
210.4483	87.2500	21.3000
213.9754	87.2700	20.4000
217.5617	87.3100	19.6000
221.2081	87.3600	18.8000
224.9156	87.4000	18.0000
228.6852	87.4200	17.2000
232.5181	87.4000	16.4000
236.4151	87.3700	15.7000
240.3775	87.3200	14.9000
244.4063	87.2500	14.1000
248.5026	87.2100	13.4000
252.6676	87.1900	12.7000
256.9023	87.1900	11.9000
261.2081	87.1600	11.2000
265.5860	87.0800	10.6000
270.0373	87.0000	9.9000
274.5632	86.9400	9.3000
279.1649	86.9200	8.6000
283.8438	86.9200	8.0000
288.6011	86.9000	7.5000
293.4381	86.8800	7.0000
298.3562	86.8600	6.5000
303.3567	86.8700	6.0000
308.4410	86.9100	5.6000
313.6106	86.9400	5.2000
318.8668	86.9400	4.9000
324.2111	86.9000	4.6000
329.6449	86.8100	4.4000
335.1698	86.7300	4.2000
340.7874	86.6600	4.0000
346.4991	86.6000	3.9000
352.3065	86.5500	3.8000
358.2112	86.5100	3.7000
364.2149	86.4900	3.7000
370.3193	86.4800	3.7000
376.5259	86.4500	3.7000
382.8366	86.4100	3.7000
389.2530	86.3800	3.8000
395.7770	86.3800	3.8000
402.4103	86.4100	3.9000
409.1548	86.4400	3.9000
416.0123	86.4600	4.0000
422.9848	86.4700	4.0000
430.0741	86.4800	4.0000
437.2823	86.4900	4.0000
444.6112	86.5100	4.0000
452.0630	86.5100	3.9000
459.6397	86.5000	3.8000
467.3434	86.4900	3.6000
475.1762	86.4800	3.4000
483.1402	86.4400	3.0000
491.2378	86.3800	2.6000
499.4710	86.3900	2.3000
507.8423	86.4300	2.0000
516.3539	86.4700	1.6000
525.0081	86.5100	1.2000
533.8074	86.5400	0.7000
542.7541	86.5800	0.2000
551.8508	86.6000	-0.2000
561.0999	86.6300	-0.7000
570.5041	86.6500	-1.2000
580.0659	86.6600	-1.8000
589.7879	86.6700	-2.4000
599.6729	86.6700	-2.9000
609.7236	86.6700	-3.4000
619.9427	86.6700	-3.9000
630.3331	86.6600	-4.4000
640.8976	86.6400	-4.9000
651.6392	86.6300	-5.4000
662.5609	86.6100	-5.8000
673.6656	86.5900	-6.2000
684.9564	86.5700	-6.6000
696.4364	86.5500	-6.9000
708.1088	86.5400	-7.1000
719.9769	86.5300	-7.3000
732.0439	86.5200	-7.5000
744.3131	86.5300	-7.7000
756.7880	86.5400	-7.8000
769.4720	86.5700	-8.0000
782.3685	86.6100	-8.2000
795.4812	86.6600	-8.4000
808.8137	86.7200	-8.7000
822.3696	86.7900	-9.0000
836.1527	86.8700	-9.4000
850.1668	86.9600	-10.0000
864.4158	87.0500	-10.7000
878.9036	87.1300	-11.5000
893.6343	87.2000	-12.4000
908.6118	87.2600	-13.5000
923.8404	87.3100	-14.7000
939.3242	87.3300	-15.9000
955.0675	87.3300	-17.2000
971.0746	87.3100	-18.5000
987.3501	87.2600	-19.7000
1003.8983	87.1800	-20.8000
1020.7239	87.0800	-21.9000
1037.8315	86.9700	-22.8000
1055.2258	86.8500	-23.4000
1072.9116	86.7300	-23.9000
1090.8939	86.6300	-24.1000
1109.1775	86.5500	-24.1000
1127.7676	86.5100	-24.1000
1146.6693	86.5000	-24.0000
1165.8877	86.5300	-24.0000
1185.4283	86.6000	-24.2000
1205.2964	86.6800	-24.6000
1225.4974	86.7700	-25.3000
1246.0371	86.8500	-26.2000
1266.9209	86.9100	-27.3000
1288.1549	86.9500	-28.5000
1309.7446	86.9600	-29.8000
1331.6963	86.9400	-31.0000
1354.0158	86.9000	-32.3000
1376.7095	86.8600	-33.4000
1399.7835	86.8200	-34.5000
1423.2442	86.7800	-35.4000
1447.0981	86.7700	-36.5000
1471.3518	86.7600	-37.6000
1496.0120	86.7600	-39.0000
1521.0856	86.7400	-40.6000
1546.5793	86.6900	-42.4000
1572.5004	86.5900	-44.3000
1598.8559	86.4500	-46.3000
1625.6531	86.2500	-48.0000
1652.8994	86.0000	-49.5000
1680.6024	85.7400	-50.7000
1708.7697	85.4700	-51.5000
1737.4091	85.2300	-52.0000
1766.5285	85.0200	-52.4000
1796.1360	84.8400	-52.7000
1826.2397	84.7000	-53.0000
1856.8479	84.5400	-53.6000
1887.9691	84.3800	-54.2000
1919.6120	84.1900	-54.7000
1951.7851	83.9800	-55.0000
1984.4975	83.7700	-55.0000
2017.7582	83.5900	-54.7000
2051.5763	83.4600	-54.3000
2085.9612	83.3900	-53.9000
2120.9224	83.3600	-53.6000
2156.4696	83.3400	-53.7000
2192.6126	83.3200	-53.9000
2229.3613	83.2800	-54.3000
2266.7259	83.2300	-54.7000
2304.7168	83.1700	-55.0000
2343.3444	83.1200	-55.3000
2382.6195	83.0700	-55.7000
2422.5528	83.0100	-56.1000
2463.1553	82.9200	-56.4000
2504.4384	82.8300	-56.5000
2546.4134	82.7400	-56.2000
2589.0919	82.7400	-55.4000
2632.4858	82.8500	-54.5000
2676.6069	83.1200	-54.0000
2721.4674	83.4900	-54.4000
2767.0799	83.8900	-56.1000
2813.4568	84.2300	-58.9000
2860.6111	84.4600	-62.6000
2908.5556	84.5400	-66.9000
2957.3037	84.4700	-71.4000
3006.8689	84.2300	-75.9000
3057.2647	83.8100	-80.1000
3108.5052	83.2000	-83.6000
3160.6045	82.4500	-85.6000
3213.5770	81.6700	-85.7000
3267.4374	81.0600	-84.1000
3322.2004	80.7200	-81.9000
3377.8813	80.5600	-80.5000
3434.4954	80.4200	-79.7000
3492.0584	80.2300	-79.0000
3550.5862	80.0600	-77.8000
3610.0949	80.0100	-76.2000
3670.6009	80.0800	-75.1000
3732.1211	80.2100	-74.6000
3794.6724	80.3300	-74.8000
3858.2720	80.4000	-75.4000
3922.9376	80.3900	-75.9000
3988.6870	80.3400	-75.8000
4055.5384	80.3600	-75.0000
4123.5102	80.5400	-74.2000
4192.6212	80.7700	-74.0000
4262.8906	80.9500	-73.9000
4334.3377	81.2000	-72.9000
4406.9822	81.7300	-71.9000
4480.8443	82.5300	-72.6000
4555.9444	83.2600	-76.0000
4632.3031	83.7300	-80.6000
4709.9417	84.0100	-85.0000
4788.8814	84.2500	-88.9000
4869.1443	84.5300	-93.0000
4950.7523	84.8000	-97.6000
5033.7281	84.9800	-102.9000
5118.0947	85.0200	-108.6000
5203.8752	84.8700	-113.6000
5291.0934	84.6500	-116.9000
5379.7734	84.6700	-118.1000
5469.9397	85.2900	-119.1000
5561.6173	86.4900	-124.0000
5654.8313	87.6700	-135.2000
5749.6077	88.2100	-151.5000
5845.9725	87.8700	-170.0000
5943.9525	86.5600	172.8000
6043.5746	84.2500	156.4000
6144.8664	80.7400	148.0000
6247.8558	76.7900	162.5000
6352.5714	76.1700	-161.2000
6459.0421	80.1100	-152.3000
6567.2972	83.4900	-153.2000
6677.3667	84.5000	163.8000
6789.2810	83.9100	139.4000
6903.0710	82.5900	117.5000
7018.7682	81.0800	92.8000
7136.4045	79.1100	58.2000
7256.0123	76.7700	8.3000
7377.6249	75.4700	-55.3000
7501.2757	76.1700	-114.9000
7626.9989	77.7400	-163.2000
7754.8293	78.5800	161.9000
7884.8021	77.7000	126.3000
8016.9533	74.4400	100.0000
8151.3194	69.5700	100.2000
8287.9375	67.3100	136.8000
8426.8454	69.3600	146.7000
8568.0814	71.6100	138.5000
8711.6845	72.9600	125.4000
8857.6945	73.4500	109.6000
9006.1516	73.2900	94.6000
9157.0969	72.9200	80.1000
9310.5721	72.0000	64.5000
9466.6196	70.3400	51.0000
9625.2825	68.2400	42.7000
9786.6046	66.3500	41.5000
9950.6305	65.6800	42.6000
10117.4050	65.5000	42.4000
10286.9760	66.2800	41.6000
10459.3880	67.6800	32.5000
10634.6900	68.5600	15.3000
10812.9300	68.5200	-5.9000
10994.1570	67.3800	-28.8000
11178.4220	64.9200	-49.4000
11365.7750	61.3000	-61.1000
11556.2680	57.5900	-59.2000
11749.9540	55.4100	-43.1000
11946.8860	56.4800	-24.5000
12147.1190	59.3000	-17.7000
12350.7080	62.2500	-26.3000
12557.7080	64.0200	-44.9000
12768.1790	64.3500	-66.5000
12982.1770	63.4100	-83.1000
13199.7610	62.5600	-89.0000
13420.9920	63.4000	-95.4000
13645.9310	65.1200	-110.5000
13874.6410	65.2800	-136.5000
14107.1830	64.1300	-157.7000
14343.6230	63.3000	-178.4000
14584.0250	61.9000	160.4000
14828.4570	59.6400	137.5000
15076.9860	56.2600	117.6000
15329.6800	51.4400	111.4000
15586.6090	47.9400	123.1000
15847.8440	47.6000	128.6000
16113.4580	47.1900	133.6000
16383.5240	48.4600	132.7000
16658.1150	49.1700	115.9000
16937.3100	48.6700	98.6000
17221.1830	47.2500	89.3000
17509.8140	47.0100	86.5000
17803.2830	46.2600	81.4000
18101.6700	43.6900	79.9000
18405.0590	42.7000	75.7000
18713.5320	44.2100	86.2000
19027.1760	46.8700	83.8000
19346.0760	48.0000	72.9000
19670.3210	48.2500	68.0000
20000.0000	48.2800	67.0000