"| "| "| "| Standardized FRD file, measured by OmniMic "146122014.omm" on 6/17/2014 by userID: 
"| "| "| "| Equivalent to driven with 2.83V and measured at 1m
"| "| "| "| Acoustic origin is 87.23useconds behind the mounting plane.
"| "| "| "| 
19.86599	59.93	143.1
20.19895	61.16	142.6
20.53749	62.53	142.1
20.8817	64.06	141.6
21.23169	65.49	141
21.58753	66.53	140.4
21.94935	66.93	139.9
22.31722	66.8	139.4
22.69126	66.22	138.8
23.07158	65.61	138.2
23.45826	65.4	137.7
23.85143	65.7	137.1
24.25118	66.36	136.5
24.65764	66.98	136
25.07091	67.29	135.4
25.4911	67.37	134.8
25.91834	67.39	134.2
26.35274	67.47	133.6
26.79441	67.75	133
27.2435	68.25	132.4
27.7001	68.83	131.8
28.16436	69.37	131.2
28.63641	69.86	130.6
29.11636	70.32	130
29.60436	70.74	129.3
30.10053	71.15	128.6
30.60502	71.58	128
31.11797	72.07	127.4
31.63952	72.6	126.8
32.1698	73.14	126.2
32.70898	73.65	125.5
33.25719	74.12	124.8
33.81459	74.55	124.2
34.38133	74.95	123.6
34.95757	75.34	122.9
35.54346	75.72	122.3
36.13918	76.11	121.6
36.74488	76.47	121
37.36074	76.79	120.3
37.98691	77.1	119.6
38.62358	77.4	118.9
39.27092	77.65	118.2
39.92911	77.8	117.6
40.59833	77.88	116.9
41.27877	77.92	116.2
41.97061	77.95	115.6
42.67405	78.02	114.9
43.38928	78.23	114.3
44.11649	78.73	113.6
44.8559	79.45	112.9
45.60769	79.55	112.2
46.37209	79.06	111.4
47.1493	78.63	110.8
47.93953	78.67	110.1
48.74301	78.88	109.4
49.55995	79.1	108.8
50.39059	79.37	108.1
51.23515	79.72	107.4
52.09386	80.07	106.7
52.96697	80.36	106
53.85471	80.59	105.3
54.75733	80.79	104.6
55.67507	81.02	103.9
56.6082	81.27	103.2
57.55697	81.52	102.5
58.52164	81.72	101.8
59.50247	81.91	101.1
60.49975	82.18	100.4
61.51374	82.51	99.7
62.54472	82.75	99
63.59299	82.86	98.2
64.65882	82.89	97.5
65.74252	82.85	96.8
66.84438	82.75	96.1
67.96471	82.64	95.4
69.10382	82.61	94.7
70.26201	82.68	94
71.43962	82.89	93.3
72.63697	83.18	92.5
73.85438	83.52	91.8
75.0922	83.93	91.1
76.35076	84.39	90.4
77.63042	84.8	89.6
78.93152	85.06	88.9
80.25443	85.15	88.1
81.59952	85.12	87.4
82.96715	84.95	86.7
84.3577	84.65	85.9
85.77155	84.35	85.2
87.2091	84.1	84.5
88.67075	83.93	83.7
90.15689	83.98	82.9
91.66795	84.45	82.2
93.20432	85.16	81.5
94.76645	85.79	80.7
96.35476	86.27	80
97.96969	86.5	79.1
99.61168	86.5	78.3
101.2812	86.28	77.6
102.9787	85.97	76.9
104.70465	85.74	76.1
106.45952	85.71	75.2
108.24381	85.84	74.5
110.058	86.15	73.7
111.9026	86.56	72.9
113.77812	86.95	72
115.68507	87.2	71.3
117.62398	87.26	70.5
119.59538	87.14	69.7
121.59983	86.94	68.9
123.63787	86.71	68
125.71007	86.54	67.2
127.81701	86.59	66.4
129.95925	86.87	65.6
132.1374	87.26	64.7
134.35205	87.55	63.9
136.60383	87.59	63.1
138.89334	87.41	62.1
141.22123	87.17	61.3
143.58813	87.11	60.5
145.9947	87.24	59.6
148.44161	87.5	58.7
150.92953	87.74	57.8
153.45914	87.89	57
156.03116	87.92	56
158.64628	87.82	55.2
161.30523	87.63	54.3
164.00874	87.52	53.4
166.75757	87.61	52.4
169.55247	87.83	51.6
172.39421	87.97	50.7
175.28358	87.92	49.7
178.22137	87.75	48.8
181.2084	87.72	47.8
184.2455	87.91	46.9
187.3335	88.15	46
190.47326	88.24	45
193.66564	88.19	44.1
196.91152	88.11	43.2
200.2118	88.09	42.2
203.5674	88.17	41.3
206.97924	88.27	40.3
210.44827	88.27	39.4
213.97543	88.19	38.5
217.56171	88.18	37.5
221.2081	88.28	36.6
224.9156	88.39	35.6
228.68524	88.39	34.7
232.51806	88.32	33.7
236.41512	88.3	32.8
240.3775	88.35	31.8
244.40628	88.36	30.9
248.50259	88.33	30
252.66756	88.3	29.1
256.90233	88.34	28.1
261.20807	88.38	27.3
265.58598	88.3	26.4
270.03727	88.21	25.6
274.56316	88.21	24.7
279.16491	88.25	23.9
283.84378	88.24	23
288.60107	88.21	22.2
293.43809	88.22	21.4
298.35619	88.23	20.7
303.35671	88.21	19.9
308.44104	88.23	19.1
313.61059	88.29	18.5
318.86678	88.29	17.8
324.21107	88.24	17.2
329.64492	88.2	16.6
335.16985	88.16	16
340.78738	88.11	15.5
346.49906	88.1	15
352.30647	88.07	14.5
358.21121	88.03	14
364.21492	88.02	13.7
370.31925	88.01	13.3
376.5259	87.97	12.9
382.83656	87.94	12.7
389.253	87.91	12.4
395.77697	87.9	12.1
402.41029	87.92	11.9
409.15479	87.92	11.6
416.01232	87.92	11.5
422.98479	87.91	11.3
430.07412	87.9	11.1
437.28226	87.91	10.9
444.61122	87.89	10.7
452.06302	87.87	10.6
459.6397	87.83	10.4
467.34338	87.81	10.3
475.17617	87.81	10.3
483.14023	87.79	10.2
491.23778	87.79	10
499.47105	87.82	9.8
507.84231	87.87	9.6
516.35387	87.94	9.3
525.00808	88	8.9
533.80735	88.07	8.6
542.75409	88.14	8.1
551.85078	88.22	7.6
561.09994	88.29	7.1
570.50411	88.35	6.5
580.0659	88.42	5.9
589.78794	88.48	5.2
599.67293	88.54	4.5
609.7236	88.59	3.7
619.94272	88.64	2.9
630.33311	88.68	2.1
640.89765	88.71	1.2
651.63925	88.74	0.3
662.56088	88.75	-0.6
673.66556	88.76	-1.4
684.95636	88.75	-2.3
696.4364	88.74	-3.2
708.10884	88.72	-4
719.97692	88.7	-4.7
732.04391	88.66	-5.5
744.31315	88.63	-6.1
756.78802	88.59	-6.7
769.47197	88.56	-7.2
782.36851	88.52	-7.7
795.4812	88.49	-8.1
808.81366	88.48	-8.5
822.36957	88.47	-8.8
836.15269	88.48	-9.1
850.16681	88.49	-9.4
864.41582	88.52	-9.7
878.90364	88.57	-10.1
893.63428	88.61	-10.7
908.61181	88.67	-11.2
923.84036	88.72	-11.9
939.32415	88.76	-12.7
955.06746	88.8	-13.5
971.07462	88.82	-14.5
987.35007	88.82	-15.4
1003.8983	88.81	-16.3
1020.7239	88.78	-17.2
1037.8315	88.74	-17.9
1055.2258	88.69	-18.5
1072.9116	88.65	-18.9
1090.8939	88.63	-19.2
1109.1775	88.63	-19.4
1127.7676	88.66	-19.5
1146.6693	88.73	-19.7
1165.8877	88.83	-20
1185.4283	88.95	-20.6
1205.2964	89.07	-21.5
1225.4974	89.2	-22.6
1246.0371	89.29	-24.1
1266.9209	89.35	-25.6
1288.1549	89.35	-27.3
1309.7446	89.31	-28.9
1331.6963	89.22	-30.3
1354.0158	89.1	-31.3
1376.7095	88.98	-32
1399.7835	88.88	-32.3
1423.2442	88.84	-32.3
1447.0981	88.86	-32.3
1471.3518	88.95	-32.4
1496.012	89.09	-32.9
1521.0856	89.24	-33.9
1546.5793	89.36	-35.3
1572.5004	89.43	-36.9
1598.8559	89.43	-38.7
1625.6531	89.36	-40.2
1652.8994	89.26	-41.3
1680.6024	89.17	-41.9
1708.7697	89.14	-42
1737.4091	89.2	-42
1766.5285	89.36	-42.3
1796.136	89.57	-43.2
1826.2397	89.78	-44.9
1856.8479	89.92	-47.1
1887.9691	89.96	-49.5
1919.612	89.89	-51.9
1951.7851	89.75	-53.7
1984.4975	89.6	-54.8
2017.7582	89.5	-55.4
2051.5763	89.49	-55.7
2085.9612	89.56	-56.3
2120.9224	89.66	-57.4
2156.4696	89.71	-58.9
2192.6126	89.68	-60.4
2229.3613	89.58	-61.4
2266.7259	89.48	-61.7
2304.7168	89.47	-61.3
2343.3444	89.61	-60.6
2382.6195	89.88	-60.4
2422.5528	90.22	-61.1
2463.1553	90.53	-62.3
2504.4384	90.79	-63.8
2546.4134	91.03	-65.1
2589.0919	91.31	-66.2
2632.4858	91.7	-67.5
2676.6069	92.18	-69.4
2721.4674	92.68	-72.3
2767.0799	93.12	-76
2813.4568	93.45	-80.1
2860.6111	93.7	-84.1
2908.5556	93.95	-87.8
2957.3037	94.29	-91.5
3006.8689	94.7	-95.8
3057.2647	95.13	-101.4
3108.5052	95.44	-108
3160.6045	95.56	-115.4
3213.577	95.48	-122.8
3267.4374	95.2	-129.8
3322.2004	94.77	-135.8
3377.8813	94.23	-140.4
3434.4954	93.72	-143.2
3492.0584	93.42	-144.5
3550.5862	93.48	-145.6
3610.0949	93.83	-148.4
3670.6009	94.19	-153.7
3732.1211	94.31	-160.9
3794.6724	94.1	-168.5
3858.272	93.6	-175
3922.9376	93.03	-19.3
3988.687	92.61	177.5
4055.5384	92.46	174.7
4123.5102	92.53	171.1
4192.6212	92.71	165.7
4262.8906	92.81	158.2
4334.3377	92.7	149.2
4406.9822	92.24	139.6
4480.8443	91.48	130.5
4555.9444	90.52	122.4
4632.3031	89.39	115.1
4709.9417	88.08	109
4788.8814	86.64	104.9
4869.1443	85.26	103
4950.7523	84.01	102.3
5033.7281	82.86	102.7
5118.0947	81.9	104.5
5203.8752	81.22	106.8
5291.0934	80.73	108.9
5379.7734	80.37	111.4
5469.9397	80.39	114.8
5561.6173	81.01	116.4
5654.8313	81.91	112.9
5749.6077	82.42	104.2
5845.9725	82.18	93.4
5943.9525	81.24	84.4
6043.5746	80.02	78.7
6144.8664	78.85	75.4
6247.8558	77.68	73.7
6352.5714	76.5	74.4
6459.0421	75.63	78.5
6567.2972	75.5	84
6677.3667	76	86.9
6789.281	76.7	85.7
6903.071	77.24	81.5
7018.7682	77.5	75.9
7136.4045	77.6	70
7256.0123	77.62	63.9
7377.6249	77.54	57.3
7501.2757	77.3	50.6
7626.9989	76.96	44.6
7754.8293	76.67	38.7
7884.8021	76.3	32.3
8016.9533	75.77	26.9
8151.3194	75.43	22.8
8287.9375	75.35	18
8426.8454	75.33	11.6
8568.0814	75.25	4.2
8711.6845	75.19	-4.4
8857.6945	74.9	-15.4
9006.1516	74.2	-26.4
9157.0969	73.32	-36.5
9310.5721	72.29	-45.9
9466.6196	71.12	-53.8
9625.2825	70.07	-60.3
9786.6046	69.14	-67.7
9950.6305	68.03	-76.3
10117.405	66.65	-84.4
10286.976	65.08	-91.1
10459.388	63.39	-93.8
10634.69	62.53	-93.9
10812.93	62.05	-99
10994.157	61.12	-106.5
11178.422	59.98	-112.7
11365.775	58.84	-117.7
11556.268	57.83	-121.4
11749.954	56.96	-126.2
11946.886	55.87	-133.2
12147.119	54.25	-139.7
12350.708	52.47	-140.4
12557.708	51.5	-136.4
12768.179	51.3	-135.2
12982.177	51.07	-139.1
13199.761	50.8	-142.8
13420.992	51.14	-148.4
13645.931	50.86	-157.3
13874.641	50.08	-160.6
14107.183	50.8	-163.5
14343.623	52.27	65.1
14584.025	52.75	156.4
14828.457	52.13	132.4
15076.986	51.26	107.8
15329.68	49.75	78.4
15586.609	47.14	53.7
15847.844	45.13	34.1
16113.458	43.98	14.6
16383.524	44.64	0.9
16658.115	46.39	-27.7
16937.31	46.63	-63.6
17221.183	46.3	-90.1
17509.814	46.39	-117.7
17803.283	45.26	-148.2
18101.67	42.92	-167.5
18405.059	40	-174.1
18713.532	37.79	-166.2
19027.176	39	-155.1
19346.076	42.5	-153.8
19670.321	44.78	-168.5
20000	45.23	-178.8
