"| "| "| "| Standardized FRD file, measured by OmniMic "1100200.omm" on 10/4/2013 by userID: 
"| "| "| "| Equivalent to driven with 2.83V and measured at 1m
"| "| "| "| Acoustic origin is 82.73useconds behind the mounting plane.
"| "| "| "| 
19.86599	70.6	120.8
20.19895	70.69	120.7
20.53749	70.88	120.4
20.8817	71.25	119.8
21.23169	71.69	119.1
21.58753	71.99	118.6
21.94935	72.17	118.2
22.31722	72.38	117.6
22.69126	72.62	116.9
23.07158	72.77	116.4
23.45826	72.8	116
23.85143	72.77	115.5
24.25118	72.71	114.8
24.65764	72.71	114.3
25.07091	72.83	113.9
25.4911	73.1	113.3
25.91834	73.42	112.7
26.35274	73.71	112.2
26.79441	74.12	111.7
27.2435	74.64	111.1
27.7001	75.08	110.5
28.16436	75.49	110.1
28.63641	75.97	109.5
29.11636	76.42	108.9
29.60436	76.83	108.4
30.10053	77.29	107.9
30.60502	77.72	107.3
31.11797	78.11	106.8
31.63952	78.55	106.2
32.1698	78.95	105.7
32.70898	79.32	105.1
33.25719	79.67	104.6
33.81459	79.99	104.1
34.38133	80.31	103.5
34.95757	80.62	103
35.54346	80.86	102.5
36.13918	81.07	101.9
36.74488	81.24	101.4
37.36074	81.37	100.9
37.98691	81.49	100.4
38.62358	81.57	99.8
39.27092	81.62	99.3
39.92911	81.63	98.8
40.59833	81.61	98.2
41.27877	81.57	97.7
41.97061	81.54	97.2
42.67405	81.51	96.6
43.38928	81.45	96.1
44.11649	81.3	95.6
44.8559	81.09	95
45.60769	81.03	94.5
46.37209	81.14	94
47.1493	81.32	93.4
47.93953	81.47	92.9
48.74301	81.64	92.4
49.55995	81.82	91.9
50.39059	82.01	91.3
51.23515	82.2	90.8
52.09386	82.39	90.3
52.96697	82.59	89.7
53.85471	82.82	89.2
54.75733	83.09	88.7
55.67507	83.43	88.1
56.6082	83.83	87.6
57.55697	84.26	87.1
58.52164	84.69	86.5
59.50247	85.1	86
60.49975	85.46	85.4
61.51374	85.75	84.9
62.54472	85.97	84.4
63.59299	86.09	83.8
64.65882	86.1	83.3
65.74252	86	82.7
66.84438	85.81	82.2
67.96471	85.56	81.6
69.10382	85.31	81.1
70.26201	85.12	80.5
71.43962	85.02	80
72.63697	85.03	79.4
73.85438	85.21	78.8
75.0922	85.52	78.2
76.35076	85.92	77.7
77.63042	86.36	77.1
78.93152	86.79	76.5
80.25443	87.15	76
81.59952	87.39	75.4
82.96715	87.49	74.8
84.3577	87.45	74.2
85.77155	87.25	73.6
87.2091	86.95	73
88.67075	86.69	72.4
90.15689	86.56	71.8
91.66795	86.65	71.2
93.20432	86.97	70.5
94.76645	87.41	69.9
96.35476	87.85	69.3
97.96969	88.18	68.7
99.61168	88.31	68
101.2812	88.27	67.4
102.9787	88.09	66.7
104.70465	87.87	66.1
106.45952	87.69	65.4
108.24381	87.63	64.8
110.058	87.69	64.1
111.9026	87.86	63.5
113.77812	88.05	62.8
115.68507	88.23	62.1
117.62398	88.38	61.4
119.59538	88.54	60.7
121.59983	88.69	60
123.63787	88.8	59.3
125.71007	88.83	58.6
127.81701	88.79	57.9
129.95925	88.73	57.1
132.1374	88.73	56.4
134.35205	88.83	55.7
136.60383	88.99	55
138.89334	89.13	54.2
141.22123	89.2	53.5
143.58813	89.21	52.7
145.9947	89.21	51.9
148.44161	89.25	51.2
150.92953	89.33	50.4
153.45914	89.45	49.6
156.03116	89.58	48.8
158.64628	89.68	48
161.30523	89.71	47.2
164.00874	89.68	46.4
166.75757	89.61	45.6
169.55247	89.59	44.8
172.39421	89.63	44
175.28358	89.72	43.2
178.22137	89.81	42.3
181.2084	89.87	41.5
184.2455	89.92	40.7
187.3335	89.98	39.8
190.47326	90.05	39
193.66564	90.12	38.1
196.91152	90.16	37.3
200.2118	90.16	36.4
203.5674	90.16	35.5
206.97924	90.18	34.7
210.44827	90.21	33.8
213.97543	90.26	33
217.56171	90.31	32.1
221.2081	90.35	31.2
224.9156	90.39	30.4
228.68524	90.43	29.5
232.51806	90.45	28.6
236.41512	90.46	27.8
240.3775	90.46	26.9
244.40628	90.46	26
248.50259	90.48	25.2
252.66756	90.5	24.4
256.90233	90.49	23.5
261.20807	90.47	22.7
265.58598	90.46	21.9
270.03727	90.46	21.1
274.56316	90.48	20.3
279.16491	90.51	19.5
283.84378	90.54	18.7
288.60107	90.55	18
293.43809	90.55	17.2
298.35619	90.56	16.5
303.35671	90.58	15.7
308.44104	90.61	15
313.61059	90.63	14.4
318.86678	90.62	13.7
324.21107	90.6	13.1
329.64492	90.55	12.5
335.16985	90.51	11.9
340.78738	90.48	11.3
346.49906	90.46	10.8
352.30647	90.44	10.3
358.21121	90.42	9.8
364.21492	90.4	9.3
370.31925	90.37	8.9
376.5259	90.34	8.5
382.83656	90.31	8.1
389.253	90.28	7.8
395.77697	90.25	7.4
402.41029	90.22	7.1
409.15479	90.19	6.8
416.01232	90.17	6.5
422.98479	90.15	6.3
430.07412	90.14	6
437.28226	90.12	5.8
444.61122	90.06	5.6
452.06302	90.01	5.4
459.6397	89.91	5.4
467.34338	89.75	5.3
475.17617	89.59	5.3
483.14023	89.46	5.4
491.23778	89.37	5.5
499.47105	89.36	5.6
507.84231	89.37	5.6
516.35387	89.38	5.6
525.00808	89.41	5.7
533.80735	89.44	5.7
542.75409	89.48	5.6
551.85078	89.53	5.5
561.09994	89.58	5.4
570.50411	89.63	5.2
580.0659	89.69	5
589.78794	89.75	4.7
599.67293	89.81	4.4
609.7236	89.86	4
619.94272	89.92	3.5
630.33311	89.97	3.1
640.89765	90.01	2.5
651.63925	90.05	2
662.56088	90.08	1.4
673.66556	90.1	0.8
684.95636	90.12	0.2
696.4364	90.13	-0.4
708.10884	90.14	-1
719.97692	90.13	-1.5
732.04391	90.13	-2
744.31315	90.12	-2.5
756.78802	90.1	-2.9
769.47197	90.1	-3.3
782.36851	90.09	-3.6
795.4812	90.09	-3.9
808.81366	90.1	-4.2
822.36957	90.11	-4.5
836.15269	90.13	-4.8
850.16681	90.17	-5.1
864.41582	90.21	-5.5
878.90364	90.25	-6
893.63428	90.29	-6.5
908.61181	90.32	-7.1
923.84036	90.35	-7.8
939.32415	90.37	-8.5
955.06746	90.37	-9.3
971.07462	90.35	-10.1
987.35007	90.31	-10.8
1003.8983	90.25	-11.4
1020.7239	90.18	-11.9
1037.8315	90.1	-12.2
1055.2258	90.03	-12.2
1072.9116	89.97	-12
1090.8939	89.95	-11.5
1109.1775	89.97	-11
1127.7676	90.05	-10.3
1146.6693	90.19	-9.8
1165.8877	90.39	-9.5
1185.4283	90.63	-9.5
1205.2964	90.89	-10
1225.4974	91.16	-10.9
1246.0371	91.42	-12.2
1266.9209	91.64	-13.9
1288.1549	91.81	-16
1309.7446	91.93	-18.3
1331.6963	91.99	-20.6
1354.0158	92	-23
1376.7095	91.95	-25.2
1399.7835	91.87	-27.3
1423.2442	91.76	-29.1
1447.0981	91.63	-30.8
1471.3518	91.5	-32.3
1496.012	91.38	-33.7
1521.0856	91.24	-35
1546.5793	91.09	-36.4
1572.5004	90.91	-37.7
1598.8559	90.7	-38.8
1625.6531	90.46	-39.6
1652.8994	90.2	-39.9
1680.6024	89.96	-39.7
1708.7697	89.79	-38.9
1737.4091	89.72	-37.9
1766.5285	89.77	-36.9
1796.136	89.92	-36.5
1826.2397	90.11	-36.8
1856.8479	90.27	-37.9
1887.9691	90.36	-39.4
1919.612	90.35	-41.1
1951.7851	90.25	-42.5
1984.4975	90.11	-43.5
2017.7582	89.98	-43.9
2051.5763	89.9	-43.9
2085.9612	89.9	-43.8
2120.9224	89.95	-44
2156.4696	90.01	-44.5
2192.6126	90.04	-45.3
2229.3613	90.03	-46
2266.7259	89.99	-46.4
2304.7168	89.97	-46.4
2343.3444	90.03	-46
2382.6195	90.18	-45.7
2422.5528	90.42	-45.8
2463.1553	90.7	-46.4
2504.4384	90.97	-47.5
2546.4134	91.22	-49.1
2589.0919	91.43	-51
2632.4858	91.6	-53.1
2676.6069	91.74	-55.4
2721.4674	91.83	-57.9
2767.0799	91.86	-60.3
2813.4568	91.82	-62.5
2860.6111	91.73	-64.3
2908.5556	91.66	-65.3
2957.3037	91.67	-65.8
3006.8689	91.8	-66.3
3057.2647	92.03	-67.2
3108.5052	92.3	-68.8
3160.6045	92.54	-70.9
3213.577	92.72	-73.3
3267.4374	92.86	-75.6
3322.2004	93.02	-77.6
3377.8813	93.24	-79.5
3434.4954	93.56	-81.7
3492.0584	93.94	-84.6
3550.5862	94.33	-88.4
3610.0949	94.65	-93.2
3670.6009	94.83	-98.7
3732.1211	94.87	-104.4
3794.6724	94.77	-109.9
3858.272	94.58	-114.8
3922.9376	94.32	-119.1
3988.687	94.06	-122.6
4055.5384	93.85	-125.4
4123.5102	93.73	-127.8
4192.6212	93.75	-130.1
4262.8906	93.93	-132.7
4334.3377	94.24	-136.1
4406.9822	94.61	-140.9
4480.8443	94.97	-147.1
4555.9444	95.22	-155
4632.3031	95.28	-164.1
4709.9417	95.09	-174.2
4788.8814	94.62	176.9
4869.1443	93.89	167.2
4950.7523	92.97	159.3
5033.7281	91.91	152.7
5118.0947	90.8	147.3
5203.8752	89.66	142.9
5291.0934	88.5	139.6
5379.7734	87.35	137.5
5469.9397	86.26	136.5
5561.6173	85.3	136.4
5654.8313	84.51	136.6
5749.6077	83.84	136.7
5845.9725	83.25	136.9
5943.9525	82.73	137.4
6043.5746	82.34	138.4
6144.8664	82.23	139.7
6247.8558	82.48	139.6
6352.5714	82.87	136.4
6459.0421	83.01	129.9
6567.2972	82.68	122.2
6677.3667	81.87	115.6
6789.281	80.81	111.6
6903.071	79.72	110.1
7018.7682	78.78	110.7
7136.4045	78.17	112.8
7256.0123	78.02	114.6
7377.6249	78.17	114.5
7501.2757	78.37	111.9
7626.9989	78.47	107.5
7754.8293	78.39	102
7884.8021	78.11	95.9
8016.9533	77.61	90
8151.3194	76.93	85
8287.9375	76.2	81.6
8426.8454	75.57	79.2
8568.0814	75.13	77.1
8711.6845	74.84	74.1
8857.6945	74.56	70.1
9006.1516	74.19	65.7
9157.0969	73.72	61.6
9310.5721	73.24	58.2
9466.6196	72.89	55.3
9625.2825	72.73	51.8
9786.6046	72.73	46.8
9950.6305	72.73	39.6
10117.405	72.52	30.5
10286.976	71.97	21.1
10459.388	71.11	12.9
10634.69	70.15	6.7
10812.93	69.35	2
10994.157	68.91	-3.3
11178.422	68.72	-11.4
11365.775	68.42	-23
11556.268	67.67	-36.8
11749.954	66.36	-50
11946.886	64.65	-61.1
12147.119	62.81	-71.4
12350.708	60.91	-83.2
12557.708	58.84	-99.8
12768.179	56.55	-126.3
12982.177	54.42	-173.6
13199.761	53.55	130.9
13420.992	54.49	63.9
13645.931	55.93	5.3
13874.641	56.35	-38.5
14107.183	55.39	-64.2
14343.623	53.52	-73.4
14584.025	52.05	-75.9
14828.457	51.5	-82.7
15076.986	51.14	-96.5
15329.68	50.42	-112.1
15586.609	49.39	-125.3
15847.844	48.34	-135.9
16113.458	47.79	-148.4
16383.524	47.86	-167.6
16658.115	48.12	167.3
16937.31	48.19	134.9
17221.183	48.05	102.4
17509.814	47.83	70.9
17803.283	47.59	43.3
18101.67	47.4	20.2
18405.059	47.33	0
18713.532	47.35	-18.2
19027.176	47.42	-33.6
19346.076	47.53	-46.2
19670.321	47.65	-55.9
20000	47.7	-60
