19.86599	70.87	87.6
20.19895	70.98	87.4
20.53749	71.08	87.2
20.8817	71.2	87
21.23169	71.31	86.8
21.58753	71.41	86.6
21.94935	71.51	86.3
22.31722	71.59	86.1
22.69126	71.67	85.9
23.07158	71.74	85.7
23.45826	71.82	85.4
23.85143	71.91	85.2
24.25118	72	85
24.65764	72.11	84.7
25.07091	72.25	84.5
25.4911	72.42	84.2
25.91834	72.61	84
26.35274	72.8	83.8
26.79441	72.98	83.6
27.2435	73.17	83.3
27.7001	73.36	83.1
28.16436	73.58	82.8
28.63641	73.81	82.6
29.11636	74.06	82.3
29.60436	74.33	82.1
30.10053	74.62	81.9
30.60502	74.93	81.6
31.11797	75.25	81.4
31.63952	75.6	81.1
32.1698	75.97	80.8
32.70898	76.34	80.6
33.25719	76.73	80.3
33.81459	77.12	80
34.38133	77.51	79.8
34.95757	77.93	79.5
35.54346	78.37	79.2
36.13918	78.81	79
36.74488	79.19	78.7
37.36074	79.42	78.4
37.98691	79.38	78.1
38.62358	78.85	77.8
39.27092	78.18	77.5
39.92911	78	77.2
40.59833	78.27	76.9
41.27877	78.76	76.6
41.97061	79.19	76.3
42.67405	79.53	76
43.38928	79.77	75.7
44.11649	79.93	75.4
44.8559	80.06	75
45.60769	80.21	74.7
46.37209	80.37	74.3
47.1493	80.49	74
47.93953	80.55	73.7
48.74301	80.64	73.3
49.55995	80.76	73
50.39059	80.86	72.6
51.23515	80.93	72.3
52.09386	81.01	71.9
52.96697	81.1	71.6
53.85471	81.16	71.2
54.75733	81.22	70.8
55.67507	81.28	70.4
56.6082	81.36	70
57.55697	81.44	69.6
58.52164	81.47	69.2
59.50247	81.49	68.8
60.49975	81.57	68.4
61.51374	81.7	68
62.54472	81.77	67.6
63.59299	81.8	67.2
64.65882	81.88	66.7
65.74252	82.02	66.3
66.84438	82.18	65.8
67.96471	82.34	65.4
69.10382	82.52	64.9
70.26201	82.7	64.5
71.43962	82.88	64
72.63697	83.07	63.5
73.85438	83.27	63
75.0922	83.47	62.5
76.35076	83.65	62
77.63042	83.82	61.5
78.93152	84	61
80.25443	84.14	60.5
81.59952	84.25	60
82.96715	84.35	59.4
84.3577	84.44	58.9
85.77155	84.52	58.3
87.2091	84.57	57.8
88.67075	84.6	57.2
90.15689	84.63	56.7
91.66795	84.68	56.1
93.20432	84.74	55.5
94.76645	84.79	54.9
96.35476	84.83	54.3
97.96969	84.88	53.7
99.61168	84.92	53.1
101.2812	84.96	52.4
102.9787	85.04	51.8
104.70465	85.12	51.2
106.45952	85.19	50.5
108.24381	85.27	49.8
110.058	85.36	49.1
111.9026	85.44	48.5
113.77812	85.5	47.8
115.68507	85.56	47.1
117.62398	85.72	46.4
119.59538	85.95	45.6
121.59983	85.81	44.9
123.63787	85.45	44.2
125.71007	85.29	43.4
127.81701	85.22	42.7
129.95925	85.19	41.9
132.1374	85.21	41.1
134.35205	85.26	40.3
136.60383	85.32	39.5
138.89334	85.39	38.7
141.22123	85.46	37.9
143.58813	85.5	37.1
145.9947	85.52	36.2
148.44161	85.54	35.4
150.92953	85.54	34.5
153.45914	85.55	33.7
156.03116	85.55	32.8
158.64628	85.53	31.9
161.30523	85.46	31
164.00874	85.39	30.1
166.75757	85.34	29.2
169.55247	85.34	28.3
172.39421	85.35	27.4
175.28358	85.34	26.4
178.22137	85.32	25.5
181.2084	85.4	24.5
184.2455	85.52	23.6
187.3335	85.55	22.6
190.47326	85.56	21.7
193.66564	85.57	20.7
196.91152	85.56	19.7
200.2118	85.53	18.7
203.5674	85.48	17.8
206.97924	85.44	16.8
210.44827	85.4	15.7
213.97543	85.38	14.7
217.56171	85.39	13.7
221.2081	85.43	12.7
224.9156	85.45	11.7
228.68524	85.44	10.7
232.51806	85.39	9.7
236.41512	85.35	8.7
240.3775	85.32	7.8
244.40628	85.26	6.8
248.50259	85.2	5.8
252.66756	85.18	4.9
256.90233	85.17	3.9
261.20807	85.12	3
265.58598	85.03	2.1
270.03727	84.95	1.2
274.56316	84.88	0.3
279.16491	84.83	-0.6
283.84378	84.79	-1.4
288.60107	84.76	-2.2
293.43809	84.72	-3
298.35619	84.68	-3.7
303.35671	84.63	-4.4
308.44104	84.61	-5.1
313.61059	84.59	-5.7
318.86678	84.56	-6.3
324.21107	84.49	-6.9
329.64492	84.39	-7.4
335.16985	84.27	-7.8
340.78738	84.16	-8.2
346.49906	84.07	-8.5
352.30647	84	-8.8
358.21121	83.94	-9
364.21492	83.87	-9.2
370.31925	83.79	-9.3
376.5259	83.71	-9.3
382.83656	83.6	-9.4
389.253	83.5	-9.3
395.77697	83.44	-9.2
402.41029	83.4	-9.1
409.15479	83.36	-9
416.01232	83.3	-8.8
422.98479	83.24	-8.6
430.07412	83.19	-8.4
437.28226	83.16	-8.2
444.61122	83.14	-8
452.06302	83.13	-7.9
459.6397	83.12	-7.7
467.34338	83.11	-7.6
475.17617	83.11	-7.5
483.14023	83.07	-7.5
491.23778	83.04	-7.4
499.47105	83.03	-7.4
507.84231	83.06	-7.4
516.35387	83.09	-7.5
525.00808	83.16	-7.7
533.80735	83.24	-8.1
542.75409	83.31	-8.4
551.85078	83.38	-8.9
561.09994	83.45	-9.4
570.50411	83.51	-10
580.0659	83.56	-10.6
589.78794	83.61	-11.3
599.67293	83.65	-12.1
609.7236	83.68	-12.8
619.94272	83.7	-13.6
630.33311	83.71	-14.4
640.89765	83.71	-15.2
651.63925	83.7	-16
662.56088	83.68	-16.7
673.66556	83.65	-17.4
684.95636	83.62	-18.1
696.4364	83.58	-18.7
708.10884	83.53	-19.3
719.97692	83.49	-19.8
732.04391	83.44	-20.3
744.31315	83.4	-20.6
756.78802	83.37	-20.9
769.47197	83.34	-21.2
782.36851	83.33	-21.4
795.4812	83.32	-21.6
808.81366	83.33	-21.8
822.36957	83.36	-22
836.15269	83.4	-22.3
850.16681	83.45	-22.6
864.41582	83.5	-23.1
878.90364	83.56	-23.7
893.63428	83.63	-24.4
908.61181	83.68	-25.1
923.84036	83.72	-26
939.32415	83.75	-27
955.06746	83.77	-28
971.07462	83.76	-29.1
987.35007	83.73	-30.1
1003.8983	83.67	-31.1
1020.7239	83.61	-31.9
1037.8315	83.53	-32.6
1055.2258	83.44	-33.1
1072.9116	83.37	-33.3
1090.8939	83.32	-33.4
1109.1775	83.3	-33.2
1127.7676	83.33	-33
1146.6693	83.41	-32.8
1165.8877	83.54	-32.8
1185.4283	83.71	-32.9
1205.2964	83.91	-33.4
1225.4974	84.13	-34.2
1246.0371	84.35	-35.5
1266.9209	84.56	-37.1
1288.1549	84.74	-39
1309.7446	84.88	-41.2
1331.6963	84.99	-43.5
1354.0158	85.05	-45.9
1376.7095	85.08	-48.4
1399.7835	85.08	-50.9
1423.2442	85.05	-53.4
1447.0981	85	-56
1471.3518	84.91	-58.5
1496.012	84.79	-61.2
1521.0856	84.62	-63.8
1546.5793	84.39	-66.3
1572.5004	84.1	-68.7
1598.8559	83.77	-70.7
1625.6531	83.39	-72.1
1652.8994	83	-72.9
1680.6024	82.66	-72.9
1708.7697	82.4	-72.5
1737.4091	82.26	-71.8
1766.5285	82.25	-71.3
1796.136	82.31	-71.4
1826.2397	82.39	-72.2
1856.8479	82.45	-73.5
1887.9691	82.44	-75.1
1919.612	82.36	-76.8
1951.7851	82.24	-78.1
1984.4975	82.12	-79.1
2017.7582	82.04	-79.9
2051.5763	82.01	-80.8
2085.9612	82.03	-81.9
2120.9224	82.04	-83.4
2156.4696	82.01	-85.3
2192.6126	81.9	-87.3
2229.3613	81.73	-89
2266.7259	81.53	-90.2
2304.7168	81.36	-90.8
2343.3444	81.27	-91.1
2382.6195	81.29	-91.3
2422.5528	81.41	-91.9
2463.1553	81.58	-93.1
2504.4384	81.77	-94.9
2546.4134	81.96	-97.3
2589.0919	82.14	-100.5
2632.4858	82.28	-104.4
2676.6069	82.32	-109.2
2721.4674	82.2	-114.7
2767.0799	81.85	-120.6
2813.4568	81.2	-126.3
2860.6111	80.23	-130.9
2908.5556	78.99	-133.2
2957.3037	77.65	-131.8
3006.8689	76.54	-126.4
3057.2647	76.02	-118.1
3108.5052	76.2	-109.6
3160.6045	77.02	-103
3213.577	78.2	-99.7
3267.4374	79.51	-100.1
3322.2004	80.7	-103.9
3377.8813	81.63	-110.1
3434.4954	82.23	-117.4
3492.0584	82.56	-125.1
3550.5862	82.69	-132.6
3610.0949	82.68	-140.1
3670.6009	82.52	-147.5
3732.1211	82.21	-154.7
3794.6724	81.78	-161.4
3858.272	81.28	-167.5
3922.9376	80.73	-173.2
3988.687	80.11	-178.9
4055.5384	79.4	176.5
4123.5102	78.64	172.3
4192.6212	77.87	168.9
4262.8906	77.08	166.1
4334.3377	76.32	164.3
4406.9822	75.66	163
4480.8443	75.1	161.7
4555.9444	74.52	160.2
4632.3031	73.9	159.7
4709.9417	73.44	160.2
4788.8814	73.26	160.9
4869.1443	73.33	160.7
4950.7523	73.6	158.8
5033.7281	73.89	154.2
5118.0947	73.91	147.3
5203.8752	73.49	140
5291.0934	72.74	134.3
5379.7734	71.95	130.8
5469.9397	71.36	129.1
5561.6173	71.1	127.8
5654.8313	71.17	124.8
5749.6077	71.31	118.5
5845.9725	71.14	109.3
5943.9525	70.49	98.9
6043.5746	69.31	88.9
6144.8664	67.71	81.4
6247.8558	66.07	77.2
6352.5714	64.71	74.1
6459.0421	63.32	69.7
6567.2972	61.48	65.8
6677.3667	59.36	65.5
6789.281	57.31	69
6903.071	55.39	76.1
7018.7682	53.77	87.4
7136.4045	52.88	105.3
7256.0123	54.05	126
7377.6249	56.85	134.3
7501.2757	59.39	131.6
7626.9989	61.38	123.3
7754.8293	62.8	110.7
7884.8021	63.44	95.5
8016.9533	63.25	81.5
8151.3194	62.75	71.1
8287.9375	62.42	63
8426.8454	62.4	55.3
8568.0814	62.8	44.5
8711.6845	62.76	27.7
8857.6945	61.55	10
9006.1516	59.57	-2.5
9157.0969	57.71	-9.3
9310.5721	56.29	-13.5
9466.6196	55.49	-16.9
9625.2825	54.98	-23.4
9786.6046	54.19	-31.3
9950.6305	53.25	-38.2
10117.405	52.37	-44.5
10286.976	51.84	-50.4
10459.388	51.71	-61.2
10634.69	50.57	-75.3
10812.93	48.61	-80.7
10994.157	47.42	-79.5
11178.422	46.6	-79.5
11365.775	45.92	-81.9
11556.268	45.02	-86.1
11749.954	45.16	-89.5
11946.886	46.11	-99
12147.119	46.79	-111.8
12350.708	46.79	-126.4
12557.708	45.41	-141
12768.179	42.7	-148.1
12982.177	40.59	-141.2
13199.761	40.92	-134.3
13420.992	41.54	-133.7
13645.931	42.63	-134
13874.641	43.83	-140.9
14107.183	43.98	-153.4
14343.623	43.27	-159.1
14584.025	44.86	-166.4
14828.457	44.95	163.5
15076.986	41.79	143.4
15329.68	40.5	138.6
15586.609	41.28	128.7
15847.844	41.66	105.5
16113.458	39.45	77.4
16383.524	35.58	41.2
16658.115	32.42	-27.1
16937.31	30.05	-157.8
17221.183	32.33	134.2
17509.814	33.3	102.7
17803.283	33.1	91.2
18101.67	35.36	78.4
18405.059	36.39	64.8
18713.532	36.14	52
19027.176	35.91	34.8
19346.076	34.4	2.5
19670.321	32.84	-10.8
20000	33.38	-20.7
