19.8660	73.5400	37.1000
20.1989	73.9200	37.4000
20.5375	74.3400	37.7000
20.8817	74.7800	38.0000
21.2317	75.2100	38.4000
21.5875	75.5600	38.7000
21.9493	75.8100	39.0000
22.3172	75.9700	39.3000
22.6913	76.0800	39.6000
23.0716	76.1300	39.9000
23.4583	76.0900	40.2000
23.8514	75.9000	40.4000
24.2512	75.6000	40.7000
24.6576	75.3500	41.0000
25.0709	75.2900	41.3000
25.4911	75.4300	41.6000
25.9183	75.6900	41.8000
26.3527	75.9700	42.1000
26.7944	76.2300	42.4000
27.2435	76.4700	42.6000
27.7001	76.7000	42.9000
28.1644	76.9300	43.1000
28.6364	77.1600	43.4000
29.1164	77.4300	43.6000
29.6044	77.7600	43.8000
30.1005	78.1600	44.0000
30.6050	78.5900	44.3000
31.1180	79.0100	44.5000
31.6395	79.4200	44.6000
32.1698	79.8600	44.8000
32.7090	80.3300	45.0000
33.2572	80.8300	45.2000
33.8146	81.3000	45.3000
34.3813	81.7200	45.5000
34.9576	82.1200	45.7000
35.5435	82.5300	45.8000
36.1392	82.9400	45.9000
36.7449	83.3400	46.1000
37.3607	83.7200	46.2000
37.9869	84.0600	46.3000
38.6236	84.3500	46.4000
39.2709	84.6000	46.5000
39.9291	84.8000	46.6000
40.5983	84.9700	46.7000
41.2788	85.1100	46.7000
41.9706	85.2300	46.8000
42.6741	85.3500	46.8000
43.3893	85.4000	46.9000
44.1165	85.3100	46.9000
44.8559	84.9900	46.9000
45.6077	84.8600	47.0000
46.3721	84.9600	46.9000
47.1493	84.9500	46.9000
47.9395	84.5900	46.8000
48.7430	84.0200	46.8000
49.5600	83.5300	46.8000
50.3906	83.4200	46.7000
51.2351	83.5400	46.7000
52.0939	83.8100	46.7000
52.9670	84.0800	46.6000
53.8547	84.2900	46.5000
54.7573	84.4700	46.4000
55.6751	84.6500	46.3000
56.6082	84.8400	46.2000
57.5570	85.0000	46.0000
58.5216	85.0500	45.9000
59.5025	85.0300	45.8000
60.4997	85.0400	45.6000
61.5137	85.1100	45.4000
62.5447	85.1700	45.3000
63.5930	85.2000	45.1000
64.6588	85.2600	44.9000
65.7425	85.3800	44.7000
66.8444	85.5700	44.5000
67.9647	85.7800	44.2000
69.1038	85.9700	44.0000
70.2620	86.1300	43.7000
71.4396	86.2500	43.5000
72.6370	86.3500	43.2000
73.8544	86.4300	42.9000
75.0922	86.5200	42.6000
76.3508	86.6000	42.3000
77.6304	86.7200	41.9000
78.9315	86.8600	41.5000
80.2544	86.9800	41.2000
81.5995	87.0800	40.8000
82.9672	87.1400	40.5000
84.3577	87.1500	40.1000
85.7716	87.1100	39.7000
87.2091	87.0600	39.3000
88.6707	87.0700	38.9000
90.1569	87.1300	38.4000
91.6680	87.1400	38.0000
93.2043	87.0800	37.5000
94.7665	87.0500	37.1000
96.3548	87.0200	36.6000
97.9697	86.9700	36.1000
99.6117	86.9100	35.6000
101.2812	86.8300	35.1000
102.9787	86.7700	34.5000
104.7047	86.7800	34.0000
106.4595	86.8500	33.4000
108.2438	86.9300	32.8000
110.0580	87.0100	32.2000
111.9026	87.0800	31.5000
113.7781	87.1200	30.9000
115.6851	87.1300	30.3000
117.6240	87.1600	29.7000
119.5954	87.1600	29.0000
121.5998	87.0100	28.4000
123.6379	86.8500	27.7000
125.7101	86.7500	27.0000
127.8170	86.6600	26.3000
129.9592	86.5800	25.6000
132.1374	86.5000	24.8000
134.3520	86.3900	24.1000
136.6038	86.2900	23.3000
138.8933	86.2700	22.5000
141.2212	86.2900	21.7000
143.5881	86.3300	20.9000
145.9947	86.3800	20.1000
148.4416	86.4200	19.3000
150.9295	86.4600	18.4000
153.4591	86.4800	17.6000
156.0312	86.4700	16.7000
158.6463	86.4100	15.9000
161.3052	86.2500	15.0000
164.0087	86.0400	14.1000
166.7576	85.8000	13.2000
169.5525	85.6100	12.3000
172.3942	85.5200	11.3000
175.2836	85.5100	10.3000
178.2214	85.5200	9.3000
181.2084	85.6000	8.4000
184.2455	85.8100	7.4000
187.3335	85.9800	6.4000
190.4733	86.0500	5.5000
193.6656	86.0500	4.5000
196.9115	86.0000	3.5000
200.2118	85.9100	2.5000
203.5674	85.8600	1.4000
206.9792	85.8400	0.4000
210.4483	85.8300	-0.6000
213.9754	85.8200	-1.7000
217.5617	85.8100	-2.7000
221.2081	85.7500	-3.7000
224.9156	85.6600	-4.7000
228.6852	85.5800	-5.7000
232.5181	85.5500	-6.8000
236.4151	85.5600	-7.8000
240.3775	85.5500	-8.8000
244.4063	85.4900	-9.8000
248.5026	85.4000	-10.7000
252.6676	85.3000	-11.7000
256.9023	85.2100	-12.6000
261.2081	85.1200	-13.6000
265.5860	85.0500	-14.6000
270.0373	84.9900	-15.4000
274.5632	84.9400	-16.3000
279.1649	84.8600	-17.1000
283.8438	84.7600	-17.9000
288.6011	84.7000	-18.7000
293.4381	84.6900	-19.5000
298.3562	84.6900	-20.2000
303.3567	84.6700	-20.9000
308.4410	84.6200	-21.5000
313.6106	84.5600	-22.1000
318.8668	84.5100	-22.6000
324.2111	84.4700	-23.1000
329.6449	84.3900	-23.5000
335.1698	84.2700	-23.9000
340.7874	84.1500	-24.2000
346.4991	84.0600	-24.5000
352.3065	84.0100	-24.7000
358.2112	83.9600	-25.0000
364.2149	83.8800	-25.1000
370.3193	83.7900	-25.2000
376.5259	83.7100	-25.3000
382.8366	83.6500	-25.3000
389.2530	83.5900	-25.4000
395.7770	83.5500	-25.4000
402.4103	83.5300	-25.3000
409.1548	83.5300	-25.3000
416.0123	83.5000	-25.3000
422.9848	83.4400	-25.4000
430.0741	83.3800	-25.3000
437.2823	83.3500	-25.3000
444.6112	83.3300	-25.3000
452.0630	83.2600	-25.4000
459.6397	83.1700	-25.5000
467.3434	83.0800	-25.5000
475.1762	82.9700	-25.6000
483.1402	82.8600	-25.8000
491.2378	82.7600	-25.9000
499.4710	82.7500	-26.0000
507.8423	82.7600	-26.2000
516.3539	82.7900	-26.3000
525.0081	82.8200	-26.4000
533.8074	82.8600	-26.5000
542.7541	82.9100	-26.6000
551.8508	82.9800	-26.8000
561.0999	83.0500	-26.9000
570.5041	83.1400	-27.1000
580.0659	83.2500	-27.4000
589.7879	83.3700	-27.8000
599.6729	83.5100	-28.2000
609.7236	83.6500	-28.8000
619.9427	83.8100	-29.5000
630.3331	83.9800	-30.4000
640.8976	84.1500	-31.4000
651.6392	84.3200	-32.7000
662.5609	84.4900	-34.1000
673.6656	84.6500	-35.8000
684.9564	84.8000	-37.6000
696.4364	84.9300	-39.7000
708.1088	85.0500	-41.9000
719.9769	85.1400	-44.4000
732.0439	85.2000	-46.9000
744.3131	85.2200	-49.7000
756.7880	85.2100	-52.6000
769.4720	85.1600	-55.5000
782.3685	85.0600	-58.6000
795.4812	84.9100	-61.7000
808.8137	84.7000	-64.8000
822.3696	84.4400	-67.9000
836.1527	84.1100	-70.8000
850.1668	83.7100	-73.6000
864.4158	83.2400	-76.1000
878.9036	82.7000	-78.2000
893.6343	82.0900	-79.8000
908.6118	81.4100	-80.8000
923.8404	80.6900	-80.8000
939.3242	79.9600	-79.7000
955.0675	79.2600	-77.4000
971.0746	78.6700	-73.9000
987.3501	78.2600	-69.2000
1003.8983	78.1000	-64.0000
1020.7239	78.1900	-58.9000
1037.8315	78.5000	-54.4000
1055.2258	78.9800	-51.1000
1072.9116	79.5400	-48.9000
1090.8939	80.1200	-47.8000
1109.1775	80.6800	-47.6000
1127.7676	81.2000	-48.2000
1146.6693	81.6600	-49.2000
1165.8877	82.0500	-50.6000
1185.4283	82.3900	-52.2000
1205.2964	82.6800	-53.9000
1225.4974	82.9400	-55.6000
1246.0371	83.1600	-57.2000
1266.9209	83.3700	-58.7000
1288.1549	83.5800	-60.1000
1309.7446	83.8100	-61.5000
1331.6963	84.0700	-62.8000
1354.0158	84.3600	-64.2000
1376.7095	84.6800	-65.7000
1399.7835	85.0400	-67.6000
1423.2442	85.4200	-69.9000
1447.0981	85.7900	-72.6000
1471.3518	86.1400	-75.7000
1496.0120	86.4600	-79.2000
1521.0856	86.7200	-82.9000
1546.5793	86.9200	-86.8000
1572.5004	87.0600	-90.7000
1598.8559	87.1600	-94.3000
1625.6531	87.2400	-97.7000
1652.8994	87.3300	-100.7000
1680.6024	87.4700	-103.5000
1708.7697	87.6900	-106.3000
1737.4091	88.0000	-109.3000
1766.5285	88.3700	-112.9000
1796.1360	88.7800	-117.3000
1826.2397	89.1900	-122.5000
1856.8479	89.5600	-128.5000
1887.9691	89.8500	-135.2000
1919.6120	90.0600	-142.5000
1951.7851	90.1600	-150.3000
1984.4975	90.1600	-158.3000
2017.7582	90.0500	-166.7000
2051.5763	89.8200	-175.2000
2085.9612	89.4700	176.8000
2120.9224	88.9800	167.6000
2156.4696	88.3400	159.0000
2192.6126	87.5400	150.9000
2229.3613	86.5800	143.3000
2266.7259	85.4900	136.8000
2304.7168	84.3000	131.7000
2343.3444	83.1100	127.9000
2382.6195	81.9800	125.5000
2422.5528	80.9800	123.8000
2463.1553	80.0900	122.5000
2504.4384	79.2600	121.3000
2546.4134	78.4700	120.4000
2589.0919	77.7300	119.9000
2632.4858	77.0800	120.0000
2676.6069	76.5700	120.3000
2721.4674	76.2200	120.3000
2767.0799	75.9600	119.6000
2813.4568	75.7300	118.1000
2860.6111	75.4800	116.1000
2908.5556	75.2000	113.9000
2957.3037	74.9100	111.4000
3006.8689	74.6000	108.8000
3057.2647	74.2800	105.8000
3108.5052	73.9000	102.5000
3160.6045	73.4300	99.2000
3213.5770	72.8900	96.1000
3267.4374	72.2900	93.6000
3322.2004	71.7100	91.8000
3377.8813	71.2000	90.4000
3434.4954	70.7700	89.1000
3492.0584	70.4200	87.6000
3550.5862	70.1000	85.6000
3610.0949	69.7800	83.1000
3670.6009	69.3800	80.1000
3732.1211	68.8600	77.3000
3794.6724	68.2500	75.4000
3858.2720	67.6900	74.9000
3922.9376	67.3400	75.3000
3988.6870	67.2400	75.3000
4055.5384	67.2200	74.0000
4123.5102	67.1300	72.3000
4192.6212	67.0400	71.1000
4262.8906	67.1500	70.3000
4334.3377	67.5200	68.3000
4406.9822	67.9400	64.1000
4480.8443	68.1900	58.2000
4555.9444	68.2500	51.9000
4632.3031	68.2200	46.0000
4709.9417	68.2800	40.3000
4788.8814	68.4800	33.5000
4869.1443	68.7000	24.6000
4950.7523	68.7100	13.5000
5033.7281	68.3500	1.1000
5118.0947	67.5700	-11.5000
5203.8752	66.3800	-23.0000
5291.0934	64.8900	-32.1000
5379.7734	63.3600	-38.2000
5469.9397	62.0700	-42.2000
5561.6173	61.0800	-45.9000
5654.8313	60.2300	-50.4000
5749.6077	59.4000	-55.5000
5845.9725	58.5400	-61.1000
5943.9525	57.6500	-66.8000
6043.5746	56.7100	-72.6000
6144.8664	55.6600	-78.6000
6247.8558	54.4400	-84.0000
6352.5714	53.1800	-87.9000
6459.0421	52.0700	-91.2000
6567.2972	50.9600	-94.8000
6677.3667	49.8600	-97.2000
6789.2810	49.0500	-98.9000
6903.0710	48.4400	-101.2000
7018.7682	48.0600	-104.1000
7136.4045	47.7500	-110.5000
7256.0123	46.7700	-119.2000
7377.6249	45.3100	-126.1000
7501.2757	43.9700	-134.0000
7626.9989	42.2900	-146.7000
7754.8293	40.0700	-162.0000
7884.8021	37.0800	-178.7000
8016.9533	32.9500	176.5000
8151.3194	29.1500	-164.7000
8287.9375	29.7000	-118.7000
8426.8454	34.9200	-100.5000
8568.0814	38.0700	-102.7000
8711.6845	39.4600	-106.2000
8857.6945	40.3900	-109.7000
9006.1516	41.4900	-116.6000
9157.0969	43.1400	-131.7000
9310.5721	43.6500	-155.8000
9466.6196	42.8700	-167.5000
9625.2825	43.2500	-170.8000
9786.6046	43.8700	-172.4000
9950.6305	45.1700	-64.8000
10117.4050	45.7100	169.2000
10286.9760	45.7200	157.7000
10459.3880	46.3800	147.4000
10634.6900	47.4600	132.7000
10812.9300	47.6400	113.1000
10994.1570	46.0100	94.0000
11178.4220	42.8300	82.9000
11365.7750	39.7300	88.4000
11556.2680	40.7400	105.1000
11749.9540	44.4700	101.7000
11946.8860	46.9000	87.0000
12147.1190	47.9800	70.1000
12350.7080	47.5400	51.6000
12557.7080	46.2300	38.8000
12768.1790	45.6800	29.7000
12982.1770	46.5200	20.6000
13199.7610	47.3900	2.3000
13420.9920	47.1100	-16.5000
13645.9310	46.3200	-35.0000
13874.6410	45.0900	-53.1000
14107.1830	43.7000	-65.5000
14343.6230	43.1200	-75.8000
14584.0250	42.6500	-86.7000
14828.4570	41.6600	-105.9000
15076.9860	38.8600	-122.4000
15329.6800	36.7200	-149.7000
15586.6090	34.7100	146.1000
15847.8440	33.9600	7.9000
16113.4580	34.5300	-97.1000
16383.5240	34.5900	-126.0000
16658.1150	37.5500	-140.4000
16937.3100	37.5400	-159.6000
17221.1830	36.9100	-167.2000
17509.8140	35.9200	20.9000
17803.2830	34.4800	161.3000
18101.6700	34.8400	129.2000
18405.0590	33.1700	113.5000
18713.5320	34.0400	118.9000
19027.1760	35.7900	120.0000
19346.0760	36.8300	109.9000
19670.3210	35.4800	98.8000
20000.0000	34.3900	97.5000