19.8660	81.0600	34.0000
20.1989	81.2700	34.3000
20.5375	81.4900	34.6000
20.8817	81.7100	34.8000
21.2317	81.9300	35.2000
21.5875	82.1500	35.5000
21.9493	82.3500	35.8000
22.3172	82.5400	36.1000
22.6913	82.7200	36.4000
23.0716	82.8900	36.7000
23.4583	83.0500	37.2000
23.8514	83.2100	37.5000
24.2512	83.3500	37.8000
24.6576	83.4900	38.0000
25.0709	83.6200	38.3000
25.4911	83.7400	38.6000
25.9183	83.8600	38.9000
26.3527	84.0000	39.2000
26.7944	84.1600	39.4000
27.2435	84.3400	39.7000
27.7001	84.5100	40.0000
28.1644	84.6600	40.2000
28.6364	84.8000	40.5000
29.1164	84.9500	40.7000
29.6044	85.1000	41.0000
30.1005	85.2600	41.2000
30.6050	85.4300	41.5000
31.1180	85.5900	41.7000
31.6395	85.7500	41.9000
32.1698	85.9200	42.1000
32.7090	86.0900	42.3000
33.2572	86.2700	42.6000
33.8146	86.4500	42.8000
34.3813	86.6300	42.9000
34.9576	86.8100	43.1000
35.5435	87.0000	43.3000
36.1392	87.2000	43.4000
36.7449	87.4100	43.6000
37.3607	87.6200	43.7000
37.9869	87.8300	43.9000
38.6236	88.0400	44.0000
39.2709	88.2400	44.1000
39.9291	88.4300	44.3000
40.5983	88.6100	44.4000
41.2788	88.7800	44.5000
41.9706	88.9400	44.6000
42.6741	89.0900	44.6000
43.3893	89.2300	44.7000
44.1165	89.3700	44.8000
44.8559	89.4800	44.9000
45.6077	89.5600	44.9000
46.3721	89.6000	45.0000
47.1493	89.6000	45.0000
47.9395	89.5600	45.0000
48.7430	89.4700	45.0000
49.5600	89.3000	45.0000
50.3906	89.0800	45.0000
51.2351	88.8900	45.0000
52.0939	88.7800	45.0000
52.9670	88.7500	44.9000
53.8547	88.7500	44.9000
54.7573	88.8000	44.8000
55.6751	88.8700	44.8000
56.6082	88.9400	44.7000
57.5570	88.9900	44.6000
58.5216	89.0300	44.5000
59.5025	89.0700	44.4000
60.4997	89.0800	44.3000
61.5137	89.0700	44.1000
62.5447	89.0500	44.0000
63.5930	89.0700	43.8000
64.6588	89.1700	43.7000
65.7425	89.3000	43.5000
66.8444	89.4500	43.3000
67.9647	89.6100	43.1000
69.1038	89.7600	42.9000
70.2620	89.9100	42.8000
71.4396	90.0400	42.6000
72.6370	90.1600	42.3000
73.8544	90.2700	42.1000
75.0922	90.3500	41.8000
76.3508	90.4200	41.5000
77.6304	90.4900	41.2000
78.9315	90.5600	40.9000
80.2544	90.6200	40.6000
81.5995	90.6700	40.3000
82.9672	90.7100	40.0000
84.3577	90.7600	39.6000
85.7716	90.7900	39.2000
87.2091	90.7900	38.9000
88.6707	90.8000	38.5000
90.1569	90.8500	38.1000
91.6680	90.9400	37.7000
93.2043	91.0500	37.3000
94.7665	91.1500	36.8000
96.3548	91.1800	36.3000
97.9697	91.1600	35.9000
99.6117	91.0900	35.4000
101.2812	91.0200	35.0000
102.9787	90.9700	34.5000
104.7047	90.9700	33.9000
106.4595	91.0200	33.4000
108.2438	91.1100	32.8000
110.0580	91.2000	32.3000
111.9026	91.2700	31.7000
113.7781	91.3000	31.2000
115.6851	91.3200	30.5000
117.6240	91.3600	30.0000
119.5954	91.3700	29.4000
121.5998	91.2000	28.8000
123.6379	90.9700	28.1000
125.7101	90.8100	27.5000
127.8170	90.7200	26.8000
129.9592	90.6900	26.1000
132.1374	90.6900	25.4000
134.3520	90.6900	24.7000
136.6038	90.7000	24.0000
138.8933	90.7000	23.2000
141.2212	90.6900	22.5000
143.5881	90.6800	21.7000
145.9947	90.6700	20.9000
148.4416	90.7000	20.1000
150.9295	90.7400	19.3000
153.4591	90.7700	18.5000
156.0312	90.7800	17.7000
158.6463	90.7500	16.9000
161.3052	90.6500	16.0000
164.0087	90.5000	15.2000
166.7576	90.3800	14.3000
169.5525	90.3000	13.5000
172.3942	90.2500	12.5000
175.2836	90.2300	11.6000
178.2214	90.2400	10.7000
181.2084	90.2800	9.8000
184.2455	90.3000	8.9000
187.3335	90.3300	7.9000
190.4733	90.3700	7.0000
193.6656	90.4000	6.0000
196.9115	90.3900	5.0000
200.2118	90.3400	4.1000
203.5674	90.2900	3.1000
206.9792	90.2600	2.1000
210.4483	90.2200	1.1000
213.9754	90.2000	0.1000
217.5617	90.2300	-0.9000
221.2081	90.2900	-1.9000
224.9156	90.3500	-2.9000
228.6852	90.3600	-3.9000
232.5181	90.3300	-4.8000
236.4151	90.2700	-5.8000
240.3775	90.2100	-6.8000
244.4063	90.1400	-7.8000
248.5026	90.0600	-8.8000
252.6676	90.0100	-9.7000
256.9023	89.9900	-10.6000
261.2081	89.9400	-11.5000
265.5860	89.8000	-12.4000
270.0373	89.6400	-13.3000
274.5632	89.5300	-14.2000
279.1649	89.4800	-15.1000
283.8438	89.4600	-15.9000
288.6011	89.4200	-16.7000
293.4381	89.3800	-17.5000
298.3562	89.3600	-18.2000
303.3567	89.3600	-18.9000
308.4410	89.3800	-19.5000
313.6106	89.4000	-20.2000
318.8668	89.4000	-20.8000
324.2111	89.3400	-21.4000
329.6449	89.2300	-21.9000
335.1698	89.1300	-22.4000
340.7874	89.0400	-22.9000
346.4991	88.9700	-23.3000
352.3065	88.9200	-23.6000
358.2112	88.8900	-24.0000
364.2149	88.8600	-24.4000
370.3193	88.8400	-24.7000
376.5259	88.7900	-25.1000
382.8366	88.7300	-25.5000
389.2530	88.6700	-25.8000
395.7770	88.6300	-26.1000
402.4103	88.6200	-26.5000
409.1548	88.6100	-26.9000
416.0123	88.5800	-27.4000
422.9848	88.5300	-27.9000
430.0741	88.4600	-28.4000
437.2823	88.3900	-29.0000
444.6112	88.3500	-29.6000
452.0630	88.2900	-30.4000
459.6397	88.1800	-31.2000
467.3434	88.0700	-31.9000
475.1762	87.9500	-32.5000
483.1402	87.8100	-33.0000
491.2378	87.6800	-33.5000
499.4710	87.6400	-34.1000
507.8423	87.6100	-34.8000
516.3539	87.5800	-35.4000
525.0081	87.5500	-36.0000
533.8074	87.5100	-36.7000
542.7541	87.4700	-37.3000
551.8508	87.4300	-38.0000
561.0999	87.3800	-38.6000
570.5041	87.3400	-39.1000
580.0659	87.2900	-39.7000
589.7879	87.2300	-40.2000
599.6729	87.1800	-40.7000
609.7236	87.1300	-41.1000
619.9427	87.0800	-41.5000
630.3331	87.0400	-41.8000
640.8976	87.0000	-42.1000
651.6392	86.9700	-42.3000
662.5609	86.9500	-42.5000
673.6656	86.9500	-42.7000
684.9564	86.9600	-42.8000
696.4364	86.9800	-43.0000
708.1088	87.0200	-43.1000
719.9769	87.0900	-43.3000
732.0439	87.1700	-43.5000
744.3131	87.2600	-43.8000
756.7880	87.3800	-44.2000
769.4720	87.5100	-44.8000
782.3685	87.6500	-45.5000
795.4812	87.8000	-46.3000
808.8137	87.9500	-47.3000
822.3696	88.1100	-48.4000
836.1527	88.2700	-49.8000
850.1668	88.4200	-51.3000
864.4158	88.5500	-53.0000
878.9036	88.6700	-54.9000
893.6343	88.7800	-56.9000
908.6118	88.8600	-59.0000
923.8404	88.9100	-61.3000
939.3242	88.9400	-63.6000
955.0675	88.9400	-66.0000
971.0746	88.9000	-68.3000
987.3501	88.8300	-70.6000
1003.8983	88.7300	-72.9000
1020.7239	88.6000	-75.0000
1037.8315	88.4400	-77.0000
1055.2258	88.2700	-78.7000
1072.9116	88.0900	-80.2000
1090.8939	87.9000	-81.5000
1109.1775	87.7300	-82.4000
1127.7676	87.5800	-83.2000
1146.6693	87.4700	-83.7000
1165.8877	87.3900	-84.2000
1185.4283	87.3500	-84.7000
1205.2964	87.3400	-85.2000
1225.4974	87.3600	-85.9000
1246.0371	87.4000	-86.7000
1266.9209	87.4400	-87.7000
1288.1549	87.4800	-88.9000
1309.7446	87.5100	-90.0000
1331.6963	87.5200	-91.2000
1354.0158	87.5300	-92.3000
1376.7095	87.5500	-93.3000
1399.7835	87.5700	-94.2000
1423.2442	87.6100	-94.9000
1447.0981	87.6900	-95.5000
1471.3518	87.8100	-96.1000
1496.0120	87.9800	-96.7000
1521.0856	88.2000	-97.3000
1546.5793	88.4800	-98.1000
1572.5004	88.8100	-99.1000
1598.8559	89.2100	-100.5000
1625.6531	89.6500	-102.4000
1652.8994	90.1200	-104.8000
1680.6024	90.6100	-107.8000
1708.7697	91.0900	-111.6000
1737.4091	91.5300	-116.0000
1766.5285	91.9200	-120.9000
1796.1360	92.2300	-126.3000
1826.2397	92.4500	-131.9000
1856.8479	92.5900	-137.6000
1887.9691	92.6500	-143.4000
1919.6120	92.6500	-148.9000
1951.7851	92.6200	-154.1000
1984.4975	92.5700	-159.0000
2017.7582	92.5500	-163.6000
2051.5763	92.5700	-168.2000
2085.9612	92.6400	-173.0000
2120.9224	92.7700	-178.4000
2156.4696	92.9300	176.3000
2192.6126	93.0700	169.5000
2229.3613	93.1600	162.1000
2266.7259	93.1600	153.8000
2304.7168	93.0100	145.0000
2343.3444	92.6800	135.7000
2382.6195	92.1500	126.4000
2422.5528	91.3900	117.3000
2463.1553	90.3900	109.0000
2504.4384	89.1600	102.1000
2546.4134	87.7600	97.6000
2589.0919	86.3400	96.4000
2632.4858	85.2300	98.7000
2676.6069	84.8100	103.1000
2721.4674	85.1600	106.0000
2767.0799	85.9700	104.8000
2813.4568	86.7800	99.0000
2860.6111	87.2800	89.8000
2908.5556	87.3400	78.8000
2957.3037	86.9500	67.3000
3006.8689	86.1500	56.7000
3057.2647	85.0600	47.7000
3108.5052	83.8400	40.8000
3160.6045	82.6700	35.8000
3213.5770	81.6500	31.8000
3267.4374	80.7400	28.0000
3322.2004	79.8800	24.1000
3377.8813	78.9900	20.1000
3434.4954	78.0600	16.5000
3492.0584	77.1200	13.7000
3550.5862	76.2700	11.8000
3610.0949	75.5700	10.1000
3670.6009	75.0000	7.9000
3732.1211	74.4500	5.0000
3794.6724	73.8200	1.5000
3858.2720	73.0300	-1.7000
3922.9376	72.1400	-3.6000
3988.6870	71.3200	-3.5000
4055.5384	70.8200	-2.1000
4123.5102	70.6700	-1.1000
4192.6212	70.7100	-1.3000
4262.8906	70.8600	-2.2000
4334.3377	71.2200	-3.9000
4406.9822	71.7400	-7.6000
4480.8443	72.2800	-13.4000
4555.9444	72.7600	-20.9000
4632.3031	73.2000	-29.7000
4709.9417	73.5700	-40.7000
4788.8814	73.6500	-54.0000
4869.1443	73.2000	-68.2000
4950.7523	72.1900	-80.2000
5033.7281	71.0900	-87.3000
5118.0947	70.8500	-91.3000
5203.8752	71.5400	-101.0000
5291.0934	71.8000	-119.9000
5379.7734	70.7000	-142.5000
5469.9397	68.2200	-161.0000
5561.6173	65.4600	-170.0000
5654.8313	63.6200	-174.3000
5749.6077	62.3200	-63.6000
5845.9725	60.9600	172.5000
5943.9525	59.7800	166.4000
6043.5746	58.8000	159.3000
6144.8664	57.7800	150.4000
6247.8558	56.5500	139.8000
6352.5714	54.7500	127.8000
6459.0421	52.1500	118.8000
6567.2972	49.4400	116.8000
6677.3667	47.4300	119.9000
6789.2810	46.9400	122.0000
6903.0710	47.0200	105.7000
7018.7682	45.2500	62.6000
7136.4045	43.0400	-19.9000
7256.0123	46.4100	-109.9000
7377.6249	50.3900	-152.9000
7501.2757	52.3200	158.0000
7626.9989	52.8100	130.7000
7754.8293	52.6500	110.6000
7884.8021	52.6000	96.8000
8016.9533	53.5500	88.1000
8151.3194	55.8200	73.2000
8287.9375	57.7400	46.5000
8426.8454	58.2800	11.1000
8568.0814	56.6700	-28.9000
8711.6845	52.2700	-61.1000
8857.6945	46.7700	-64.8000
9006.1516	45.2000	-44.0000
9157.0969	47.7700	-30.9000
9310.5721	52.1900	-41.6000
9466.6196	54.2500	-75.7000
9625.2825	53.4500	-106.9000
9786.6046	52.9600	-127.4000
9950.6305	53.3700	-149.1000
10117.4050	53.4900	-174.9000
10286.9760	52.6900	163.7000
10459.3880	51.4000	143.6000
10634.6900	49.9300	127.0000
10812.9300	48.8200	117.9000
10994.1570	49.4900	110.3000
11178.4220	50.1000	93.3000
11365.7750	50.1100	79.1000
11556.2680	50.9500	63.5000
11749.9540	51.6400	41.1000
11946.8860	52.0600	17.3000
12147.1190	52.1300	-11.2000
12350.7080	51.4000	-45.8000
12557.7080	48.7900	-82.6000
12768.1790	44.2200	-103.6000
12982.1770	40.6900	-99.3000
13199.7610	39.2600	-88.7000
13420.9920	39.8000	-86.8000
13645.9310	40.7900	-106.0000
13874.6410	40.6500	-139.2000
14107.1830	38.6700	-158.0000
14343.6230	39.1900	-163.6000
14584.0250	39.8800	170.5000
14828.4570	37.3500	139.8000
15076.9860	35.8800	128.5000
15329.6800	36.9500	116.6000
15586.6090	38.4800	90.9000
15847.8440	39.9500	64.9000
16113.4580	40.2000	34.3000
16383.5240	37.2100	4.2000
16658.1150	35.0300	-33.7000
16937.3100	33.9000	-128.4000
17221.1830	32.9100	107.6000
17509.8140	34.0700	-1.1000
17803.2830	34.4100	-51.4000
18101.6700	35.1200	-98.1000
18405.0590	36.0300	-138.0000
18713.5320	37.1000	-117.4000
19027.1760	35.5200	120.4000
19346.0760	33.0100	76.4000
19670.3210	32.9200	10.3000
20000.0000	33.4400	-35.9000