19.8660	70.7100	115.1000
20.1989	70.7900	114.6000
20.5375	70.8700	114.1000
20.8817	70.9500	113.6000
21.2317	71.0400	113.0000
21.5875	71.1300	112.5000
21.9493	71.2500	112.0000
22.3172	71.3900	111.5000
22.6913	71.5500	111.0000
23.0716	71.6900	110.5000
23.4583	71.7600	110.0000
23.8514	71.7800	109.5000
24.2512	71.7700	109.0000
24.6576	71.7700	108.5000
25.0709	71.7900	108.0000
25.4911	71.8400	107.5000
25.9183	71.9100	107.0000
26.3527	71.9800	106.4000
26.7944	72.0300	106.0000
27.2435	72.0700	105.5000
27.7001	72.1200	105.0000
28.1644	72.2200	104.5000
28.6364	72.3900	104.0000
29.1164	72.6200	103.5000
29.6044	72.9400	103.1000
30.1005	73.3500	102.6000
30.6050	73.7800	102.1000
31.1180	74.1800	101.7000
31.6395	74.5600	101.2000
32.1698	74.9500	100.7000
32.7090	75.3900	100.2000
33.2572	75.8700	99.7000
33.8146	76.3700	99.2000
34.3813	76.8600	98.8000
34.9576	77.3200	98.3000
35.5435	77.7300	97.8000
36.1392	78.1100	97.4000
36.7449	78.4900	96.9000
37.3607	78.8700	96.4000
37.9869	79.2300	96.0000
38.6236	79.5500	95.5000
39.2709	79.8200	95.0000
39.9291	80.0200	94.5000
40.5983	80.1400	94.1000
41.2788	80.1400	93.6000
41.9706	80.0400	93.1000
42.6741	79.9200	92.7000
43.3893	79.8700	92.2000
44.1165	79.8800	91.8000
44.8559	79.9900	91.3000
45.6077	80.0700	90.8000
46.3721	80.0900	90.3000
47.1493	80.1000	89.9000
47.9395	80.1400	89.4000
48.7430	80.1800	89.0000
49.5600	80.2200	88.5000
50.3906	80.2900	88.0000
51.2351	80.4000	87.6000
52.0939	80.5300	87.1000
52.9670	80.6700	86.6000
53.8547	80.7900	86.1000
54.7573	80.9000	85.7000
55.6751	81.0300	85.2000
56.6082	81.1700	84.7000
57.5570	81.2400	84.3000
58.5216	81.1700	83.8000
59.5025	80.9800	83.3000
60.4997	81.0700	82.8000
61.5137	81.4500	82.3000
62.5447	81.7100	81.8000
63.5930	81.8400	81.3000
64.6588	81.9800	80.8000
65.7425	82.1200	80.4000
66.8444	82.3000	79.9000
67.9647	82.5000	79.4000
69.1038	82.7100	78.9000
70.2620	82.9400	78.4000
71.4396	83.1500	77.9000
72.6370	83.3400	77.4000
73.8544	83.5000	76.8000
75.0922	83.6500	76.3000
76.3508	83.8000	75.8000
77.6304	83.9300	75.2000
78.9315	84.0500	74.7000
80.2544	84.1900	74.2000
81.5995	84.3500	73.7000
82.9672	84.4900	73.1000
84.3577	84.6200	72.6000
85.7716	84.7300	72.0000
87.2091	84.8200	71.5000
88.6707	84.8700	70.9000
90.1569	84.9100	70.4000
91.6680	84.9800	69.8000
93.2043	85.0700	69.2000
94.7665	85.1600	68.7000
96.3548	85.2600	68.1000
97.9697	85.3800	67.5000
99.6117	85.5000	66.9000
101.2812	85.6100	66.3000
102.9787	85.7300	65.7000
104.7047	85.8400	65.1000
106.4595	85.9300	64.5000
108.2438	86.0200	63.9000
110.0580	86.1200	63.3000
111.9026	86.2200	62.7000
113.7781	86.3200	62.0000
115.6851	86.3900	61.4000
117.6240	86.3800	60.7000
119.5954	86.2600	60.1000
121.5998	86.2600	59.4000
123.6379	86.3500	58.8000
125.7101	86.3500	58.1000
127.8170	86.3600	57.4000
129.9592	86.4100	56.8000
132.1374	86.5000	56.1000
134.3520	86.6200	55.4000
136.6038	86.7400	54.7000
138.8933	86.8600	54.0000
141.2212	86.9500	53.3000
143.5881	87.0000	52.6000
145.9947	87.0300	51.9000
148.4416	87.0700	51.1000
150.9295	87.1300	50.4000
153.4591	87.2100	49.7000
156.0312	87.2800	48.9000
158.6463	87.3300	48.2000
161.3052	87.3300	47.4000
164.0087	87.3100	46.7000
166.7576	87.3000	45.9000
169.5525	87.3100	45.1000
172.3942	87.3400	44.4000
175.2836	87.3700	43.6000
178.2214	87.3500	42.8000
181.2084	87.3800	42.0000
184.2455	87.5500	41.2000
187.3335	87.6800	40.4000
190.4733	87.7800	39.6000
193.6656	87.8600	38.8000
196.9115	87.9200	38.0000
200.2118	87.9300	37.2000
203.5674	87.9300	36.4000
206.9792	87.9400	35.5000
210.4483	87.9500	34.7000
213.9754	87.9800	33.9000
217.5617	88.0300	33.1000
221.2081	88.1100	32.2000
224.9156	88.1800	31.4000
228.6852	88.2300	30.6000
232.5181	88.2300	29.8000
236.4151	88.2100	29.0000
240.3775	88.1900	28.2000
244.4063	88.1700	27.4000
248.5026	88.1700	26.6000
252.6676	88.2100	25.8000
256.9023	88.2600	25.0000
261.2081	88.2700	24.2000
265.5860	88.2100	23.5000
270.0373	88.1400	22.8000
274.5632	88.1000	22.0000
279.1649	88.0900	21.3000
283.8438	88.1100	20.5000
288.6011	88.1200	19.8000
293.4381	88.1200	19.2000
298.3562	88.1200	18.5000
303.3567	88.1400	17.9000
308.4410	88.1800	17.2000
313.6106	88.2300	16.7000
318.8668	88.2400	16.1000
324.2111	88.2200	15.6000
329.6449	88.1600	15.1000
335.1698	88.0900	14.6000
340.7874	88.0400	14.1000
346.4991	88.0000	13.7000
352.3065	87.9500	13.4000
358.2112	87.9000	13.0000
364.2149	87.8600	12.7000
370.3193	87.8400	12.4000
376.5259	87.8100	12.2000
382.8366	87.7700	12.0000
389.2530	87.7200	11.9000
395.7770	87.6800	11.7000
402.4103	87.6800	11.6000
409.1548	87.6700	11.6000
416.0123	87.6400	11.5000
422.9848	87.6100	11.5000
430.0741	87.5700	11.5000
437.2823	87.5300	11.6000
444.6112	87.5200	11.6000
452.0630	87.5000	11.8000
459.6397	87.4900	12.0000
467.3434	87.4500	12.2000
475.1762	87.4000	12.3000
483.1402	87.3700	12.5000
491.2378	87.3600	12.6000
499.4710	87.3500	12.7000
507.8423	87.3700	12.8000
516.3539	87.4100	12.7000
525.0081	87.4600	12.6000
533.8074	87.5200	12.5000
542.7541	87.5900	12.2000
551.8508	87.6600	11.9000
561.0999	87.7400	11.5000
570.5041	87.8100	11.1000
580.0659	87.8800	10.5000
589.7879	87.9500	9.9000
599.6729	88.0200	9.3000
609.7236	88.0800	8.6000
619.9427	88.1300	7.8000
630.3331	88.1800	7.0000
640.8976	88.2200	6.2000
651.6392	88.2500	5.4000
662.5609	88.2800	4.5000
673.6656	88.3000	3.7000
684.9564	88.3100	2.8000
696.4364	88.3200	2.0000
708.1088	88.3100	1.2000
719.9769	88.3000	0.5000
732.0439	88.2800	-0.1000
744.3131	88.2600	-0.7000
756.7880	88.2500	-1.2000
769.4720	88.2400	-1.7000
782.3685	88.2300	-2.1000
795.4812	88.2400	-2.5000
808.8137	88.2500	-2.9000
822.3696	88.2800	-3.3000
836.1527	88.3100	-3.8000
850.1668	88.3600	-4.3000
864.4158	88.4100	-4.9000
878.9036	88.4600	-5.6000
893.6343	88.5000	-6.4000
908.6118	88.5400	-7.3000
923.8404	88.5700	-8.3000
939.3242	88.5800	-9.3000
955.0675	88.5700	-10.3000
971.0746	88.5400	-11.3000
987.3501	88.5000	-12.3000
1003.8983	88.4300	-13.2000
1020.7239	88.3600	-13.8000
1037.8315	88.3000	-14.4000
1055.2258	88.2400	-14.7000
1072.9116	88.2000	-15.0000
1090.8939	88.2000	-15.1000
1109.1775	88.2400	-15.3000
1127.7676	88.3100	-15.6000
1146.6693	88.4200	-16.1000
1165.8877	88.5500	-17.0000
1185.4283	88.6800	-18.2000
1205.2964	88.7900	-19.8000
1225.4974	88.8700	-21.9000
1246.0371	88.8800	-24.2000
1266.9209	88.8300	-26.7000
1288.1549	88.6800	-29.3000
1309.7446	88.4400	-31.8000
1331.6963	88.0900	-34.0000
1354.0158	87.6600	-35.7000
1376.7095	87.1700	-36.5000
1399.7835	86.6400	-36.4000
1423.2442	86.1600	-35.2000
1447.0981	85.7800	-32.9000
1471.3518	85.5800	-30.1000
1496.0120	85.5700	-27.2000
1521.0856	85.7200	-24.9000
1546.5793	85.9800	-23.4000
1572.5004	86.2800	-22.8000
1598.8559	86.5400	-23.0000
1625.6531	86.7500	-23.7000
1652.8994	86.8900	-24.7000
1680.6024	86.9800	-25.6000
1708.7697	87.0400	-26.5000
1737.4091	87.0900	-27.2000
1766.5285	87.1600	-27.9000
1796.1360	87.2500	-28.8000
1826.2397	87.3200	-29.9000
1856.8479	87.3700	-31.3000
1887.9691	87.3600	-32.8000
1919.6120	87.2800	-34.2000
1951.7851	87.1700	-35.2000
1984.4975	87.0500	-35.8000
2017.7582	86.9600	-36.1000
2051.5763	86.9300	-36.2000
2085.9612	86.9600	-36.5000
2120.9224	87.0000	-37.3000
2156.4696	86.9900	-38.4000
2192.6126	86.9000	-39.6000
2229.3613	86.7200	-40.4000
2266.7259	86.5000	-40.5000
2304.7168	86.3100	-39.7000
2343.3444	86.2500	-38.2000
2382.6195	86.3200	-36.7000
2422.5528	86.5000	-35.6000
2463.1553	86.7300	-35.0000
2504.4384	86.9500	-34.9000
2546.4134	87.1500	-34.8000
2589.0919	87.3700	-34.5000
2632.4858	87.6600	-34.1000
2676.6069	88.0300	-33.9000
2721.4674	88.4900	-34.2000
2767.0799	88.9700	-35.2000
2813.4568	89.4400	-36.7000
2860.6111	89.8900	-38.6000
2908.5556	90.3500	-40.7000
2957.3037	90.8400	-43.1000
3006.8689	91.3800	-46.0000
3057.2647	91.9500	-49.9000
3108.5052	92.4800	-55.0000
3160.6045	92.8900	-61.1000
3213.5770	93.1300	-68.2000
3267.4374	93.1300	-75.7000
3322.2004	92.8700	-83.3000
3377.8813	92.3000	-90.2000
3434.4954	91.4700	-95.6000
3492.0584	90.4900	-98.2000
3550.5862	89.5900	-97.8000
3610.0949	89.0400	-94.9000
3670.6009	88.9500	-91.4000
3732.1211	89.2100	-88.7000
3794.6724	89.7300	-86.9000
3858.2720	90.5000	-86.2000
3922.9376	91.5300	-87.5000
3988.6870	92.6900	-91.6000
4055.5384	93.7800	-98.8000
4123.5102	94.6000	-108.4000
4192.6212	95.1000	-119.6000
4262.8906	95.2700	-131.4000
4334.3377	95.1500	-143.5000
4406.9822	94.7100	-155.6000
4480.8443	93.9700	-167.2000
4555.9444	92.9700	-178.4000
4632.3031	91.7600	172.8000
4709.9417	90.3900	164.9000
4788.8814	88.9000	158.5000
4869.1443	87.3600	153.9000
4950.7523	85.8600	151.0000
5033.7281	84.4300	149.3000
5118.0947	83.0400	148.8000
5203.8752	81.8000	150.2000
5291.0934	80.9200	152.7000
5379.7734	80.3600	154.1000
5469.9397	79.8500	154.3000
5561.6173	79.3600	154.3000
5654.8313	79.0000	153.7000
5749.6077	78.6500	152.0000
5845.9725	78.2100	149.5000
5943.9525	77.7100	146.8000
6043.5746	77.1400	143.8000
6144.8664	76.4500	140.7000
6247.8558	75.7200	137.9000
6352.5714	74.9600	134.9000
6459.0421	74.1000	131.5000
6567.2972	73.0000	127.9000
6677.3667	71.5600	125.6000
6789.2810	69.8800	126.5000
6903.0710	68.3400	131.7000
7018.7682	67.2100	140.5000
7136.4045	66.9200	152.1000
7256.0123	67.7300	161.6000
7377.6249	69.0500	164.4000
7501.2757	70.1400	162.1000
7626.9989	70.9600	157.3000
7754.8293	71.5800	150.3000
7884.8021	71.8900	141.3000
8016.9533	71.7300	131.6000
8151.3194	71.2300	123.3000
8287.9375	70.7100	117.0000
8426.8454	70.4300	111.2000
8568.0814	70.3400	102.4000
8711.6845	69.6800	89.8000
8857.6945	68.3200	78.8000
9006.1516	66.9000	70.5000
9157.0969	65.7000	62.8000
9310.5721	64.6300	53.4000
9466.6196	63.3400	42.4000
9625.2825	61.8300	30.1000
9786.6046	59.9700	16.1000
9950.6305	57.8400	1.3000
10117.4050	55.9600	-14.5000
10286.9760	54.7900	-36.3000
10459.3880	53.8600	-67.9000
10634.6900	52.7800	-109.0000
10812.9300	50.7400	-155.0000
10994.1570	48.3100	174.5000
11178.4220	47.9800	124.7000
11365.7750	45.9800	35.1000
11556.2680	46.0700	-50.2000
11749.9540	49.1100	-93.5000
11946.8860	52.6800	-121.0000
12147.1190	55.5800	-144.3000
12350.7080	57.7200	-169.6000
12557.7080	58.7000	167.3000
12768.1790	58.7200	143.9000
12982.1770	58.3100	125.6000
13199.7610	58.4400	108.4000
13420.9920	57.9100	84.0000
13645.9310	55.2800	59.0000
13874.6410	51.5100	49.2000
14107.1830	50.3900	52.2000
14343.6230	51.9800	39.5000
14584.0250	52.0400	2.3000
14828.4570	48.8700	-58.9000
15076.9860	45.0700	-154.7000
15329.6800	47.1800	119.5000
15586.6090	50.6500	66.8000
15847.8440	52.8100	25.8000
16113.4580	52.9600	-10.5000
16383.5240	51.6400	-35.7000
16658.1150	50.1000	-50.8000
16937.3100	48.8900	-58.0000
17221.1830	50.6200	-68.2000
17509.8140	52.4300	-94.3000
17803.2830	52.6600	-127.1000
18101.6700	50.7600	-157.7000
18405.0590	48.7100	-165.6000
18713.5320	47.6500	168.2000
19027.1760	45.6600	148.1000
19346.0760	42.7300	132.6000
19670.3210	39.3800	128.6000
20000.0000	38.5200	130.4000