19.8660	73.0800	94.8000
20.1989	73.2400	94.5000
20.5375	73.3300	94.2000
20.8817	73.3600	93.9000
21.2317	73.3700	93.7000
21.5875	73.3700	93.4000
21.9493	73.4100	93.1000
22.3172	73.5100	92.8000
22.6913	73.6800	92.6000
23.0716	73.8600	92.3000
23.4583	73.9700	92.0000
23.8514	74.0100	91.7000
24.2512	74.0300	91.5000
24.6576	74.0400	91.2000
25.0709	74.0700	90.9000
25.4911	74.1500	90.7000
25.9183	74.2700	90.4000
26.3527	74.4300	90.1000
26.7944	74.6400	89.8000
27.2435	74.8700	89.5000
27.7001	75.0700	89.2000
28.1644	75.2000	88.9000
28.6364	75.2800	88.7000
29.1164	75.3800	88.4000
29.6044	75.5700	88.1000
30.1005	75.8700	87.9000
30.6050	76.2400	87.6000
31.1180	76.6100	87.3000
31.6395	76.9700	87.1000
32.1698	77.2800	86.8000
32.7090	77.5100	86.5000
33.2572	77.7300	86.2000
33.8146	78.0200	85.9000
34.3813	78.4100	85.6000
34.9576	78.8500	85.3000
35.5435	79.2200	85.1000
36.1392	79.5200	84.8000
36.7449	79.7900	84.5000
37.3607	80.0400	84.2000
37.9869	80.3200	83.9000
38.6236	80.6600	83.6000
39.2709	81.0100	83.3000
39.9291	81.2900	83.0000
40.5983	81.4900	82.7000
41.2788	81.6200	82.4000
41.9706	81.6600	82.1000
42.6741	81.5700	81.8000
43.3893	81.3200	81.5000
44.1165	81.0600	81.2000
44.8559	80.9300	80.9000
45.6077	80.9300	80.5000
46.3721	81.0500	80.2000
47.1493	81.2000	79.9000
47.9395	81.3000	79.6000
48.7430	81.3200	79.3000
49.5600	81.3200	78.8000
50.3906	81.3900	78.5000
51.2351	81.5100	78.2000
52.0939	81.6300	77.8000
52.9670	81.7000	77.5000
53.8547	81.7400	77.2000
54.7573	81.8300	76.8000
55.6751	82.0200	76.5000
56.6082	82.2500	76.1000
57.5570	82.4700	75.8000
58.5216	82.8000	75.4000
59.5025	83.3100	75.1000
60.4997	83.4500	74.7000
61.5137	83.2700	74.3000
62.5447	83.1100	74.0000
63.5930	83.1000	73.6000
64.6588	83.1600	73.2000
65.7425	83.2200	72.8000
66.8444	83.2400	72.5000
67.9647	83.2900	72.1000
69.1038	83.4600	71.7000
70.2620	83.6900	71.3000
71.4396	83.8600	70.8000
72.6370	84.0300	70.4000
73.8544	84.2300	70.0000
75.0922	84.4000	69.6000
76.3508	84.5100	69.2000
77.6304	84.6300	68.7000
78.9315	84.8200	68.3000
80.2544	84.9900	67.8000
81.5995	85.1200	67.4000
82.9672	85.2800	66.9000
84.3577	85.4100	66.4000
85.7716	85.4700	66.0000
87.2091	85.5100	65.5000
88.6707	85.5600	65.0000
90.1569	85.5800	64.5000
91.6680	85.6000	64.0000
93.2043	85.6900	63.6000
94.7665	85.7900	63.1000
96.3548	85.8700	62.6000
97.9697	85.9600	62.1000
99.6117	86.0300	61.6000
101.2812	86.0700	61.0000
102.9787	86.1300	60.5000
104.7047	86.2100	60.0000
106.4595	86.2700	59.5000
108.2438	86.3400	58.9000
110.0580	86.4100	58.4000
111.9026	86.4600	57.9000
113.7781	86.5400	57.3000
115.6851	86.5700	56.6000
117.6240	86.5200	56.1000
119.5954	86.3800	55.5000
121.5998	86.3600	54.9000
123.6379	86.4500	54.3000
125.7101	86.4700	53.7000
127.8170	86.4800	53.2000
129.9592	86.5000	52.6000
132.1374	86.5400	51.9000
134.3520	86.6100	51.3000
136.6038	86.6900	50.7000
138.8933	86.7700	50.1000
141.2212	86.8600	49.4000
143.5881	86.9200	48.8000
145.9947	86.9700	48.2000
148.4416	87.0100	47.4000
150.9295	87.0600	46.8000
153.4591	87.1000	46.1000
156.0312	87.1400	45.5000
158.6463	87.1700	44.8000
161.3052	87.1700	44.1000
164.0087	87.1700	43.5000
166.7576	87.1800	42.8000
169.5525	87.2100	42.1000
172.3942	87.2500	41.5000
175.2836	87.3200	40.8000
178.2214	87.4000	40.1000
181.2084	87.4600	39.3000
184.2455	87.5200	38.6000
187.3335	87.6200	37.9000
190.4733	87.7300	37.3000
193.6656	87.8400	36.6000
196.9115	87.8900	35.9000
200.2118	87.8900	35.2000
203.5674	87.8600	34.6000
206.9792	87.8400	33.9000
210.4483	87.8300	33.2000
213.9754	87.8200	32.5000
217.5617	87.8500	31.8000
221.2081	87.9200	31.2000
224.9156	87.9800	30.5000
228.6852	87.9900	29.9000
232.5181	87.9600	29.3000
236.4151	87.9200	28.7000
240.3775	87.8900	28.1000
244.4063	87.8500	27.5000
248.5026	87.8500	26.8000
252.6676	87.9000	26.3000
256.9023	87.9200	25.7000
261.2081	87.9100	25.2000
265.5860	87.8500	24.7000
270.0373	87.7900	24.2000
274.5632	87.7600	23.8000
279.1649	87.7700	23.2000
283.8438	87.8000	22.8000
288.6011	87.8300	22.4000
293.4381	87.8200	22.1000
298.3562	87.8000	21.7000
303.3567	87.8000	21.4000
308.4410	87.8300	21.1000
313.6106	87.8600	20.8000
318.8668	87.8500	20.6000
324.2111	87.7900	20.4000
329.6449	87.7200	20.2000
335.1698	87.6800	20.1000
340.7874	87.6700	20.0000
346.4991	87.6500	19.8000
352.3065	87.6200	19.7000
358.2112	87.5900	19.7000
364.2149	87.5900	19.7000
370.3193	87.6000	19.7000
376.5259	87.6100	19.6000
382.8366	87.5900	19.6000
389.2530	87.5900	19.7000
395.7770	87.5200	19.7000
402.4103	87.4900	19.8000
409.1548	87.5100	19.8000
416.0123	87.6200	20.0000
422.9848	87.5600	20.1000
430.0741	87.5300	20.3000
437.2823	87.5700	20.4000
444.6112	87.7100	20.5000
452.0630	87.8000	20.6000
459.6397	87.7200	20.8000
467.3434	87.5800	21.0000
475.1762	87.4600	21.1000
483.1402	87.4000	21.3000
491.2378	87.3700	21.4000
499.4710	87.4100	21.6000
507.8423	87.4700	21.7000
516.3539	87.5300	21.9000
525.0081	87.6000	22.0000
533.8074	87.6700	22.1000
542.7541	87.7500	22.1000
551.8508	87.8300	22.2000
561.0999	87.9200	22.1000
570.5041	88.0100	22.0000
580.0659	88.1100	21.8000
589.7879	88.2000	21.6000
599.6729	88.2900	21.3000
609.7236	88.3900	20.9000
619.9427	88.4700	20.5000
630.3331	88.5600	20.0000
640.8976	88.6300	19.4000
651.6392	88.6900	18.8000
662.5609	88.7400	18.1000
673.6656	88.7800	17.4000
684.9564	88.8100	16.7000
696.4364	88.8200	16.0000
708.1088	88.8100	15.3000
719.9769	88.7900	14.7000
732.0439	88.7600	14.1000
744.3131	88.7200	13.6000
756.7880	88.6700	13.2000
769.4720	88.6200	12.9000
782.3685	88.5700	12.7000
795.4812	88.5200	12.7000
808.8137	88.4800	12.7000
822.3696	88.4600	12.8000
836.1527	88.4500	13.0000
850.1668	88.4600	13.2000
864.4158	88.4900	13.3000
878.9036	88.5400	13.4000
893.6343	88.5900	13.4000
908.6118	88.6600	13.2000
923.8404	88.7200	12.9000
939.3242	88.7700	12.4000
955.0675	88.8100	11.8000
971.0746	88.8200	11.2000
987.3501	88.7900	10.5000
1003.8983	88.7400	9.9000
1020.7239	88.6500	9.4000
1037.8315	88.5300	9.2000
1055.2258	88.4000	9.2000
1072.9116	88.2600	9.7000
1090.8939	88.1500	10.5000
1109.1775	88.0800	11.7000
1127.7676	88.0900	13.2000
1146.6693	88.1800	14.7000
1165.8877	88.3500	16.1000
1185.4283	88.6000	17.2000
1205.2964	88.9000	17.8000
1225.4974	89.2300	17.8000
1246.0371	89.5400	17.3000
1266.9209	89.8300	16.3000
1288.1549	90.0700	15.0000
1309.7446	90.2500	13.5000
1331.6963	90.3800	11.9000
1354.0158	90.4700	10.4000
1376.7095	90.5300	9.0000
1399.7835	90.5900	7.8000
1423.2442	90.6600	6.7000
1447.0981	90.7500	5.6000
1471.3518	90.8700	4.3000
1496.0120	91.0100	2.7000
1521.0856	91.1300	0.6000
1546.5793	91.2200	-1.9000
1572.5004	91.2300	-4.8000
1598.8559	91.1600	-7.9000
1625.6531	90.9700	-11.0000
1652.8994	90.6800	-13.8000
1680.6024	90.3000	-16.1000
1708.7697	89.8700	-17.7000
1737.4091	89.4400	-18.5000
1766.5285	89.0700	-18.6000
1796.1360	88.7800	-18.6000
1826.2397	88.5600	-18.6000
1856.8479	88.3800	-19.0000
1887.9691	88.1800	-19.9000
1919.6120	87.8900	-21.0000
1951.7851	87.5100	-21.8000
1984.4975	87.0500	-22.1000
2017.7582	86.5800	-21.5000
2051.5763	86.1500	-20.2000
2085.9612	85.8400	-18.4000
2120.9224	85.6100	-16.7000
2156.4696	85.4300	-15.2000
2192.6126	85.2400	-14.0000
2229.3613	85.0000	-12.6000
2266.7259	84.7600	-10.7000
2304.7168	84.5800	-8.2000
2343.3444	84.5300	-5.3000
2382.6195	84.6100	-2.5000
2422.5528	84.8000	-0.3000
2463.1553	85.0300	1.0000
2504.4384	85.2400	1.8000
2546.4134	85.3900	2.2000
2589.0919	85.4800	2.7000
2632.4858	85.5600	3.6000
2676.6069	85.7100	5.0000
2721.4674	86.0100	6.3000
2767.0799	86.4400	6.7000
2813.4568	86.9200	5.8000
2860.6111	87.3100	3.4000
2908.5556	87.5000	0.2000
2957.3037	87.4600	-2.9000
3006.8689	87.2700	-5.2000
3057.2647	87.0600	-6.5000
3108.5052	86.9300	-7.2000
3160.6045	86.8900	-8.1000
3213.5770	86.8500	-9.7000
3267.4374	86.7300	-11.7000
3322.2004	86.4800	-13.7000
3377.8813	86.1200	-15.3000
3434.4954	85.6700	-16.1000
3492.0584	85.2000	-15.8000
3550.5862	84.7900	-14.4000
3610.0949	84.5400	-12.1000
3670.6009	84.4800	-9.4000
3732.1211	84.6500	-7.1000
3794.6724	84.9700	-5.7000
3858.2720	85.3500	-5.5000
3922.9376	85.6800	-6.1000
3988.6870	86.0000	-7.1000
4055.5384	86.3700	-8.6000
4123.5102	86.7600	-11.2000
4192.6212	87.0700	-14.8000
4262.8906	87.2800	-18.7000
4334.3377	87.5100	-22.6000
4406.9822	87.9300	-27.3000
4480.8443	88.6400	-34.6000
4555.9444	89.5300	-47.8000
4632.3031	90.0900	-69.7000
4709.9417	89.7300	-101.0000
4788.8814	88.0200	-141.2000
4869.1443	85.1800	117.0000
4950.7523	82.0400	121.2000
5033.7281	79.5900	80.8000
5118.0947	78.5400	58.4000
5203.8752	78.9200	47.0000
5291.0934	79.7500	38.0000
5379.7734	80.3500	31.2000
5469.9397	80.8900	26.2000
5561.6173	81.3300	21.2000
5654.8313	81.5200	16.4000
5749.6077	81.5300	12.4000
5845.9725	81.3900	9.1000
5943.9525	81.0700	7.0000
6043.5746	80.7400	7.0000
6144.8664	80.5500	8.5000
6247.8558	80.5600	11.2000
6352.5714	80.9200	15.0000
6459.0421	82.0000	18.5000
6567.2972	83.7500	15.9000
6677.3667	85.1100	5.1000
6789.2810	85.3900	-9.1000
6903.0710	84.7600	-21.3000
7018.7682	83.8000	-30.2000
7136.4045	82.7000	-37.8000
7256.0123	81.2500	-43.7000
7377.6249	79.5700	-46.5000
7501.2757	77.8800	-45.5000
7626.9989	76.4300	-41.1000
7754.8293	75.4400	-33.4000
7884.8021	75.3000	-24.2000
8016.9533	76.2200	-18.3000
8151.3194	77.4600	-21.1000
8287.9375	77.7000	-29.6000
8426.8454	77.2400	-36.6000
8568.0814	76.5300	-42.7000
8711.6845	75.3300	-47.8000
8857.6945	73.8800	-48.0000
9006.1516	73.1400	-43.8000
9157.0969	73.2900	-43.7000
9310.5721	73.1000	-50.5000
9466.6196	71.9300	-58.7000
9625.2825	70.0200	-63.7000
9786.6046	67.6900	-63.4000
9950.6305	65.2400	-55.7000
10117.4050	63.7700	-36.7000
10286.9760	64.9300	-17.8000
10459.3880	67.2700	-16.2000
10634.6900	67.9100	-25.9000
10812.9300	67.0000	-29.0000
10994.1570	66.8400	-21.8000
11178.4220	68.8200	-17.1000
11365.7750	71.2900	-26.9000
11556.2680	72.8700	-46.1000
11749.9540	73.4400	-73.4000
11946.8860	71.9800	-105.2000
12147.1190	68.4300	-132.0000
12350.7080	63.4600	-148.0000
12557.7080	58.3900	-146.6000
12768.1790	55.6900	-135.1000
12982.1770	54.5800	-130.0000
13199.7610	53.5100	-130.2000
13420.9920	52.9600	-130.0000
13645.9310	53.5300	-142.4000
13874.6410	52.3700	-164.7000
14107.1830	50.7700	107.0000
14343.6230	48.4300	147.1000
14584.0250	46.4100	128.8000
14828.4570	46.9200	93.8000
15076.9860	47.1100	30.8000
15329.6800	46.6000	-46.8000
15586.6090	43.4200	-161.8000
15847.8440	42.1100	95.4000
16113.4580	45.4600	41.3000
16383.5240	49.0400	3.5000
16658.1150	50.6500	-22.2000
16937.3100	52.7300	-42.8000
17221.1830	53.3600	-65.0000
17509.8140	52.3500	-78.0000
17803.2830	52.2200	-75.0000
18101.6700	55.4000	-82.1000
18405.0590	56.5100	-98.0000
18713.5320	57.1500	-110.3000
19027.1760	57.0600	-124.1000
19346.0760	57.0700	-132.2000
19670.3210	59.1900	-148.4000
20000.0000	60.1500	-165.4000