19.86599	68.91	112.7
20.19895	69.11	112.1
20.53749	69.27	111.6
20.8817	69.38	111.1
21.23169	69.47	110.6
21.58753	69.55	110.1
21.94935	69.61	109.6
22.31722	69.66	109.1
22.69126	69.7	108.6
23.07158	69.76	108.1
23.45826	69.86	107.6
23.85143	70.05	107.1
24.25118	70.33	106.6
24.65764	70.65	106.2
25.07091	70.95	105.7
25.4911	71.22	105.2
25.91834	71.47	104.7
26.35274	71.71	104.2
26.79441	71.94	103.7
27.2435	72.18	103.2
27.7001	72.43	102.8
28.16436	72.71	102.3
28.63641	73.01	101.8
29.11636	73.33	101.3
29.60436	73.67	100.9
30.10053	74.04	100.4
30.60502	74.43	99.9
31.11797	74.83	99.5
31.63952	75.23	99
32.1698	75.61	98.5
32.70898	75.96	98.1
33.25719	76.29	97.6
33.81459	76.63	97.1
34.38133	76.98	96.7
34.95757	77.32	96.2
35.54346	77.65	95.7
36.13918	77.96	95.3
36.74488	78.22	94.8
37.36074	78.43	94.3
37.98691	78.62	93.9
38.62358	78.79	93.5
39.27092	78.94	93
39.92911	79.07	92.6
40.59833	79.17	92.1
41.27877	79.26	91.6
41.97061	79.34	91.1
42.67405	79.41	90.7
43.38928	79.45	90.2
44.11649	79.49	89.8
44.8559	79.51	89.3
45.60769	79.55	88.8
46.37209	79.61	88.4
47.1493	79.67	87.9
47.93953	79.67	87.4
48.74301	79.57	87
49.55995	79.38	86.5
50.39059	79.25	86.1
51.23515	79.25	85.6
52.09386	79.41	85.1
52.96697	79.65	84.7
53.85471	79.89	84.2
54.75733	80.13	83.7
55.67507	80.38	83.2
56.6082	80.64	82.7
57.55697	80.9	82.3
58.52164	81.2	81.8
59.50247	81.51	81.3
60.49975	81.76	80.8
61.51374	81.92	80.4
62.54472	82.05	79.9
63.59299	82.18	79.4
64.65882	82.26	78.9
65.74252	82.3	78.4
66.84438	82.3	77.9
67.96471	82.29	77.4
69.10382	82.29	76.9
70.26201	82.31	76.3
71.43962	82.38	75.8
72.63697	82.52	75.3
73.85438	82.71	74.8
75.0922	82.96	74.3
76.35076	83.25	73.7
77.63042	83.54	73.2
78.93152	83.82	72.7
80.25443	84.07	72.1
81.59952	84.24	71.6
82.96715	84.32	71.1
84.3577	84.3	70.5
85.77155	84.19	70
87.2091	84.03	69.4
88.67075	83.91	68.8
90.15689	83.91	68.3
91.66795	84.04	67.7
93.20432	84.32	67.1
94.76645	84.67	66.5
96.35476	85	65.9
97.96969	85.23	65.3
99.61168	85.31	64.7
101.2812	85.29	64.1
102.9787	85.14	63.5
104.70465	84.96	62.9
106.45952	84.81	62.2
108.24381	84.76	61.6
110.058	84.83	61
111.9026	85.01	60.3
113.77812	85.24	59.7
115.68507	85.45	59
117.62398	85.66	58.4
119.59538	85.84	57.7
121.59983	85.79	57.1
123.63787	85.61	56.4
125.71007	85.48	55.7
127.81701	85.4	55.1
129.95925	85.38	54.4
132.1374	85.45	53.7
134.35205	85.6	53
136.60383	85.76	52.2
138.89334	85.86	51.5
141.22123	85.87	50.8
143.58813	85.84	50.1
145.9947	85.81	49.4
148.44161	85.85	48.6
150.92953	85.95	47.9
153.45914	86.06	47.1
156.03116	86.14	46.4
158.64628	86.15	45.6
161.30523	86.11	44.9
164.00874	86.01	44.1
166.75757	85.95	43.3
169.55247	85.97	42.6
172.39421	86.06	41.8
175.28358	86.17	41
178.22137	86.26	40.2
181.2084	86.25	39.5
184.2455	86.2	38.6
187.3335	86.23	37.9
190.47326	86.33	37.1
193.66564	86.41	36.3
196.91152	86.44	35.5
200.2118	86.43	34.7
203.5674	86.41	34
206.97924	86.42	33.2
210.44827	86.45	32.4
213.97543	86.47	31.6
217.56171	86.47	30.8
221.2081	86.49	30.1
224.9156	86.53	29.3
228.68524	86.56	28.6
232.51806	86.56	27.8
236.41512	86.52	27.1
240.3775	86.49	26.4
244.40628	86.47	25.6
248.50259	86.48	24.9
252.66756	86.49	24.2
256.90233	86.48	23.6
261.20807	86.45	22.9
265.58598	86.42	22.3
270.03727	86.4	21.7
274.56316	86.39	21.1
279.16491	86.39	20.5
283.84378	86.41	20
288.60107	86.4	19.4
293.43809	86.38	18.9
298.35619	86.35	18.5
303.35671	86.34	18.1
308.44104	86.34	17.7
313.61059	86.33	17.3
318.86678	86.29	17
324.21107	86.22	16.7
329.64492	86.16	16.4
335.16985	86.12	16.2
340.78738	86.08	16.1
346.49906	86.04	15.9
352.30647	85.99	15.9
358.21121	85.96	15.8
364.21492	85.94	15.8
370.31925	85.91	15.8
376.5259	85.86	15.9
382.83656	85.81	16
389.253	85.77	16.1
395.77697	85.75	16.2
402.41029	85.73	16.4
409.15479	85.71	16.6
416.01232	85.7	16.7
422.98479	85.69	16.9
430.07412	85.67	17.1
437.28226	85.67	17.3
444.61122	85.68	17.5
452.06302	85.7	17.7
459.6397	85.74	17.9
467.34338	85.77	18
475.17617	85.8	18.1
483.14023	85.83	18.1
491.23778	85.87	18.1
499.47105	85.91	18.1
507.84231	85.95	18
516.35387	86	18
525.00808	86.05	17.8
533.80735	86.11	17.7
542.75409	86.16	17.5
551.85078	86.22	17.2
561.09994	86.26	17
570.50411	86.31	16.7
580.0659	86.36	16.4
589.78794	86.41	16
599.67293	86.45	15.6
609.7236	86.49	15.1
619.94272	86.52	14.6
630.33311	86.55	14.1
640.89765	86.57	13.5
651.63925	86.57	12.9
662.56088	86.58	12.2
673.66556	86.58	11.5
684.95636	86.56	10.8
696.4364	86.54	10.2
708.10884	86.5	9.6
719.97692	86.44	9
732.04391	86.38	8.5
744.31315	86.31	8.1
756.78802	86.23	7.8
769.47197	86.16	7.6
782.36851	86.08	7.5
795.4812	86.01	7.6
808.81366	85.94	7.7
822.36957	85.9	7.8
836.15269	85.87	8.1
850.16681	85.85	8.3
864.41582	85.86	8.5
878.90364	85.88	8.7
893.63428	85.91	8.7
908.61181	85.94	8.6
923.84036	85.98	8.3
939.32415	86	8
955.06746	86.01	7.4
971.07462	85.99	6.8
987.35007	85.94	6.2
1003.8983	85.85	5.5
1020.7239	85.71	5
1037.8315	85.54	4.7
1055.2258	85.32	4.6
1072.9116	85.09	5.1
1090.8939	84.84	6
1109.1775	84.63	7.6
1127.7676	84.47	9.8
1146.6693	84.42	12.4
1165.8877	84.49	15.2
1185.4283	84.69	17.9
1205.2964	85.02	20.2
1225.4974	85.43	21.8
1246.0371	85.88	22.6
1266.9209	86.34	22.6
1288.1549	86.76	21.9
1309.7446	87.13	20.7
1331.6963	87.42	19.1
1354.0158	87.65	17.4
1376.7095	87.81	15.8
1399.7835	87.92	14.2
1423.2442	88.01	12.8
1447.0981	88.1	11.5
1471.3518	88.2	10.3
1496.012	88.31	9
1521.0856	88.43	7.5
1546.5793	88.53	5.7
1572.5004	88.6	3.5
1598.8559	88.6	1.2
1625.6531	88.52	-1.2
1652.8994	88.36	-3.3
1680.6024	88.14	-5
1708.7697	87.89	-6.2
1737.4091	87.67	-6.8
1766.5285	87.51	-7
1796.136	87.43	-7.2
1826.2397	87.4	-7.8
1856.8479	87.38	-9
1887.9691	87.29	-10.6
1919.612	87.1	-12.5
1951.7851	86.8	-14
1984.4975	86.41	-14.8
2017.7582	86.01	-14.8
2051.5763	85.68	-14
2085.9612	85.44	-12.9
2120.9224	85.29	-11.8
2156.4696	85.18	-11
2192.6126	85.05	-10.4
2229.3613	84.89	-9.5
2266.7259	84.76	-8.2
2304.7168	84.7	-6.6
2343.3444	84.77	-4.9
2382.6195	84.95	-3.7
2422.5528	85.17	-3.3
2463.1553	85.37	-3.5
2504.4384	85.52	-4.2
2546.4134	85.62	-5.1
2589.0919	85.66	-6.1
2632.4858	85.68	-7
2676.6069	85.68	-7.9
2721.4674	85.68	-8.9
2767.0799	85.67	-10.1
2813.4568	85.61	-11.5
2860.6111	85.48	-13
2908.5556	85.28	-14.1
2957.3037	85.06	-14.9
3006.8689	84.87	-15.4
3057.2647	84.7	-16.1
3108.5052	84.48	-17.1
3160.6045	84.14	-18
3213.577	83.7	-18.1
3267.4374	83.29	-17
3322.2004	83.02	-15.2
3377.8813	82.89	-13.7
3434.4954	82.77	-12.7
3492.0584	82.58	-11.8
3550.5862	82.36	-10.1
3610.0949	82.24	-7.7
3670.6009	82.27	-5.1
3732.1211	82.44	-2.8
3794.6724	82.67	-1.3
3858.272	82.92	0
3922.9376	83.22	1
3988.687	83.65	1.4
4055.5384	84.13	0.3
4123.5102	84.48	-2.5
4192.6212	84.58	-5.7
4262.8906	84.52	-8.5
4334.3377	84.42	-11.1
4406.9822	84.25	-14.2
4480.8443	83.87	-17.3
4555.9444	83.3	-19.4
4632.3031	82.63	-20.1
4709.9417	81.93	-19.4
4788.8814	81.3	-16.6
4869.1443	80.96	-12.5
4950.7523	80.92	-8.5
5033.7281	81.05	-5.2
5118.0947	81.37	-2.5
5203.8752	81.83	-1.4
5291.0934	82.23	-2.3
5379.7734	82.45	-4.4
5469.9397	82.48	-6.9
5561.6173	82.3	-9.6
5654.8313	81.87	-11.7
5749.6077	81.3	-12.1
5845.9725	80.77	-10.9
5943.9525	80.24	-9
6043.5746	79.66	-5
6144.8664	79.41	2
6247.8558	79.82	9.6
6352.5714	80.71	14.3
6459.0421	81.72	16.2
6567.2972	82.71	15.8
6677.3667	83.59	13.3
6789.281	84.23	9.5
6903.071	84.64	5.4
7018.7682	84.83	1.5
7136.4045	84.92	-1.1
7256.0123	85.05	-2.9
7377.6249	85.27	-4.1
7501.2757	85.71	-5.1
7626.9989	86.38	-6.9
7754.8293	87.28	-10.2
7884.8021	88.37	-16.5
8016.9533	89.39	-26.6
8151.3194	90.09	-41.3
8287.9375	89.91	-59.8
8426.8454	88.48	-78
8568.0814	86.02	-90.5
8711.6845	83.34	-94.4
8857.6945	81.16	-92.2
9006.1516	79.71	-86.5
9157.0969	79.16	-79.6
9310.5721	79.78	-75.7
9466.6196	80.92	-81.6
9625.2825	81.01	-96.6
9786.6046	79.39	-111.5
9950.6305	76.78	-117.3
10117.405	74.95	-113.1
10286.976	74.9	-110
10459.388	75.73	-117.5
10634.69	76.22	-136.4
10812.93	75.87	-165.4
10994.157	74.66	161.2
11178.422	72.82	118.1
11365.775	70.81	76.1
11556.268	69.5	41
11749.954	68.97	11.5
11946.886	68.39	-12.1
12147.119	67.63	-30.3
12350.708	66.46	-44.6
12557.708	64.98	-54.9
12768.179	63.67	-63.8
12982.177	62.2	-74.3
13199.761	60.45	-87
13420.992	58.21	-106.3
13645.931	56.59	-135
13874.641	57.52	177.7
14107.183	60.16	121.3
14343.623	62.44	78.9
14584.025	63.79	49.5
14828.457	64.4	27.2
15076.986	64.28	8.6
15329.68	63.29	-5.8
15586.609	61.69	-11.8
15847.844	60.44	-13.6
16113.458	59.3	-13.2
16383.524	58.84	-13.5
16658.115	58.69	-16.4
16937.31	57.95	-15.9
17221.183	57.83	-10.8
17509.814	58.98	-10.4
17803.283	60.31	-19.7
18101.67	60.13	-35.1
18405.059	58.51	-47.2
18713.532	56.25	-55.5
19027.176	52.82	-48.6
19346.076	50.88	-23.8
19670.321	52.63	-4.8
20000	54.47	-2.9
