19.8660	76.1800	83.1000
20.1989	76.3500	83.0000
20.5375	76.5600	82.9000
20.8817	76.8300	82.8000
21.2317	77.1300	82.7000
21.5875	77.3900	82.6000
21.9493	77.5300	82.4000
22.3172	77.5800	82.3000
22.6913	77.5800	82.2000
23.0716	77.5800	82.1000
23.4583	77.6100	81.9000
23.8514	77.7400	81.8000
24.2512	77.9500	81.6000
24.6576	78.2100	81.5000
25.0709	78.4600	81.3000
25.4911	78.7000	81.2000
25.9183	78.9000	81.0000
26.3527	79.0200	80.9000
26.7944	79.0700	80.8000
27.2435	79.0900	80.6000
27.7001	79.1400	80.5000
28.1644	79.2700	80.3000
28.6364	79.5200	80.2000
29.1164	79.8000	80.0000
29.6044	80.0500	79.8000
30.1005	80.2500	79.6000
30.6050	80.4100	79.4000
31.1180	80.5300	79.3000
31.6395	80.6400	79.1000
32.1698	80.7900	78.9000
32.7090	81.0300	78.7000
33.2572	81.3500	78.6000
33.8146	81.6700	78.4000
34.3813	81.9500	78.2000
34.9576	82.1800	78.0000
35.5435	82.3800	77.8000
36.1392	82.5700	77.6000
36.7449	82.8000	77.4000
37.3607	83.0900	77.2000
37.9869	83.3900	76.9000
38.6236	83.6600	76.7000
39.2709	83.8100	76.5000
39.9291	83.7900	76.3000
40.5983	83.6700	76.1000
41.2788	83.6200	75.8000
41.9706	83.6900	75.6000
42.6741	83.8700	75.4000
43.3893	84.0900	75.1000
44.1165	84.2300	74.9000
44.8559	84.2800	74.6000
45.6077	84.3200	74.3000
46.3721	84.3900	74.1000
47.1493	84.4600	73.8000
47.9395	84.5000	73.6000
48.7430	84.4900	73.3000
49.5600	84.4700	73.0000
50.3906	84.4900	72.8000
51.2351	84.5600	72.5000
52.0939	84.6200	72.2000
52.9670	84.6600	71.9000
53.8547	84.7000	71.6000
54.7573	84.8100	71.3000
55.6751	85.0100	70.9000
56.6082	85.2200	70.6000
57.5570	85.4200	70.3000
58.5216	85.6100	70.0000
59.5025	85.7900	69.7000
60.4997	85.9800	69.4000
61.5137	86.1500	69.0000
62.5447	86.2700	68.7000
63.5930	86.3500	68.4000
64.6588	86.4300	68.0000
65.7425	86.5200	67.6000
66.8444	86.6000	67.2000
67.9647	86.6500	66.8000
69.1038	86.6600	66.5000
70.2620	86.7000	66.1000
71.4396	86.7700	65.7000
72.6370	86.8400	65.3000
73.8544	86.8900	64.9000
75.0922	86.9700	64.5000
76.3508	87.1000	64.1000
77.6304	87.2300	63.7000
78.9315	87.3200	63.3000
80.2544	87.4000	62.8000
81.5995	87.5300	62.4000
82.9672	87.6400	61.9000
84.3577	87.6900	61.5000
85.7716	87.7700	61.0000
87.2091	87.9000	60.6000
88.6707	88.0000	60.1000
90.1569	88.0600	59.6000
91.6680	88.1400	59.1000
93.2043	88.2500	58.6000
94.7665	88.3300	58.1000
96.3548	88.4000	57.6000
97.9697	88.4600	57.1000
99.6117	88.4900	56.6000
101.2812	88.4900	56.1000
102.9787	88.5200	55.5000
104.7047	88.5500	55.0000
106.4595	88.5600	54.4000
108.2438	88.6000	53.9000
110.0580	88.6700	53.3000
111.9026	88.7400	52.8000
113.7781	88.8400	52.2000
115.6851	88.9300	51.6000
117.6240	89.0100	51.0000
119.5954	89.0500	50.4000
121.5998	88.9800	49.8000
123.6379	88.8200	49.2000
125.7101	88.7500	48.5000
127.8170	88.7300	47.9000
129.9592	88.7200	47.3000
132.1374	88.7300	46.6000
134.3520	88.7500	46.0000
136.6038	88.7600	45.3000
138.8933	88.8100	44.7000
141.2212	88.8600	44.0000
143.5881	88.9100	43.3000
145.9947	88.9500	42.7000
148.4416	89.0000	42.0000
150.9295	89.0400	41.3000
153.4591	89.0500	40.6000
156.0312	89.0500	39.9000
158.6463	89.0500	39.2000
161.3052	89.0200	38.4000
164.0087	88.9800	37.7000
166.7576	88.9200	37.0000
169.5525	88.8800	36.3000
172.3942	88.8800	35.6000
175.2836	88.9200	34.8000
178.2214	88.9800	34.1000
181.2084	89.0200	33.4000
184.2455	89.0500	32.6000
187.3335	89.0900	31.9000
190.4733	89.1300	31.2000
193.6656	89.1700	30.4000
196.9115	89.1900	29.7000
200.2118	89.1700	29.0000
203.5674	89.1600	28.3000
206.9792	89.1700	27.5000
210.4483	89.1700	26.8000
213.9754	89.1700	26.1000
217.5617	89.1800	25.4000
221.2081	89.2200	24.7000
224.9156	89.2700	24.0000
228.6852	89.3100	23.4000
232.5181	89.3100	22.7000
236.4151	89.2900	22.1000
240.3775	89.2500	21.4000
244.4063	89.2100	20.8000
248.5026	89.1600	20.2000
252.6676	89.1500	19.7000
256.9023	89.1300	19.2000
261.2081	89.0700	18.6000
265.5860	89.0200	18.1000
270.0373	88.9900	17.7000
274.5632	88.9900	17.3000
279.1649	88.9900	16.9000
283.8438	88.9800	16.5000
288.6011	88.9500	16.2000
293.4381	88.9100	15.9000
298.3562	88.8700	15.6000
303.3567	88.8700	15.5000
308.4410	88.9100	15.3000
313.6106	88.9400	15.2000
318.8668	88.9100	15.1000
324.2111	88.8100	15.0000
329.6449	88.7000	15.0000
335.1698	88.6300	15.1000
340.7874	88.6000	15.2000
346.4991	88.5900	15.3000
352.3065	88.5600	15.4000
358.2112	88.5400	15.6000
364.2149	88.5200	15.8000
370.3193	88.5100	16.0000
376.5259	88.4800	16.3000
382.8366	88.4400	16.5000
389.2530	88.4200	16.8000
395.7770	88.4200	17.0000
402.4103	88.4500	17.3000
409.1548	88.4500	17.5000
416.0123	88.4900	17.7000
422.9848	88.4700	17.9000
430.0741	88.4900	18.1000
437.2823	88.5900	18.2000
444.6112	88.7900	18.2000
452.0630	89.0000	18.1000
459.6397	89.0400	18.0000
467.3434	89.0000	17.8000
475.1762	88.9400	17.6000
483.1402	88.9200	17.4000
491.2378	88.9300	17.1000
499.4710	88.9400	16.9000
507.8423	88.9400	16.5000
516.3539	88.9700	16.3000
525.0081	88.9800	16.1000
533.8074	88.9900	15.8000
542.7541	89.0000	15.6000
551.8508	88.9900	15.3000
561.0999	88.9900	15.1000
570.5041	88.9700	14.9000
580.0659	88.9500	14.7000
589.7879	88.9300	14.6000
599.6729	88.9000	14.5000
609.7236	88.8700	14.4000
619.9427	88.8400	14.4000
630.3331	88.8100	14.5000
640.8976	88.7800	14.7000
651.6392	88.7500	14.8000
662.5609	88.7300	15.1000
673.6656	88.7200	15.4000
684.9564	88.7100	15.7000
696.4364	88.7100	16.1000
708.1088	88.7200	16.5000
719.9769	88.7500	16.9000
732.0439	88.7800	17.4000
744.3131	88.8300	17.8000
756.7880	88.8900	18.2000
769.4720	88.9700	18.6000
782.3685	89.0500	18.9000
795.4812	89.1500	19.1000
808.8137	89.2500	19.3000
822.3696	89.3700	19.4000
836.1527	89.4900	19.4000
850.1668	89.6100	19.2000
864.4158	89.7300	19.0000
878.9036	89.8500	18.6000
893.6343	89.9700	18.1000
908.6118	90.0700	17.5000
923.8404	90.1600	16.7000
939.3242	90.2200	15.8000
955.0675	90.2600	14.9000
971.0746	90.2700	13.9000
987.3501	90.2500	13.0000
1003.8983	90.1900	12.1000
1020.7239	90.1100	11.4000
1037.8315	89.9900	10.8000
1055.2258	89.8600	10.6000
1072.9116	89.7200	10.6000
1090.8939	89.6000	11.1000
1109.1775	89.5000	11.8000
1127.7676	89.4600	12.8000
1146.6693	89.4800	13.9000
1165.8877	89.5700	15.0000
1185.4283	89.7300	15.9000
1205.2964	89.9400	16.4000
1225.4974	90.1700	16.4000
1246.0371	90.4000	15.9000
1266.9209	90.6000	15.0000
1288.1549	90.7500	13.7000
1309.7446	90.8400	12.3000
1331.6963	90.8700	10.9000
1354.0158	90.8400	9.6000
1376.7095	90.7700	8.6000
1399.7835	90.6800	7.9000
1423.2442	90.6100	7.5000
1447.0981	90.5600	7.4000
1471.3518	90.5800	7.3000
1496.0120	90.6400	7.1000
1521.0856	90.7400	6.6000
1546.5793	90.8400	5.5000
1572.5004	90.9100	4.1000
1598.8559	90.9100	2.2000
1625.6531	90.8200	0.3000
1652.8994	90.6400	-1.6000
1680.6024	90.3900	-3.0000
1708.7697	90.0800	-3.8000
1737.4091	89.7700	-4.0000
1766.5285	89.5200	-3.6000
1796.1360	89.3500	-2.9000
1826.2397	89.2600	-2.4000
1856.8479	89.2100	-2.2000
1887.9691	89.1500	-2.6000
1919.6120	89.0200	-3.2000
1951.7851	88.8000	-3.7000
1984.4975	88.5100	-3.7000
2017.7582	88.2100	-3.0000
2051.5763	87.9600	-1.4000
2085.9612	87.8200	0.5000
2120.9224	87.8100	2.4000
2156.4696	87.8800	3.8000
2192.6126	87.9700	4.7000
2229.3613	88.0200	5.2000
2266.7259	88.0200	5.7000
2304.7168	88.0000	6.5000
2343.3444	88.0100	7.7000
2382.6195	88.0900	9.3000
2422.5528	88.2800	10.8000
2463.1553	88.5700	12.0000
2504.4384	88.9400	12.6000
2546.4134	89.3400	12.3000
2589.0919	89.7400	11.3000
2632.4858	90.1000	9.6000
2676.6069	90.3900	7.3000
2721.4674	90.5800	4.5000
2767.0799	90.6400	1.7000
2813.4568	90.6000	-0.5000
2860.6111	90.5700	-1.4000
2908.5556	90.8000	-1.3000
2957.3037	91.4900	-2.1000
3006.8689	92.5400	-6.6000
3057.2647	93.5400	-16.6000
3108.5052	94.0900	-31.6000
3160.6045	93.8900	-50.8000
3213.5770	92.7700	-73.8000
3267.4374	90.5600	-100.8000
3322.2004	87.2500	-134.0000
3377.8813	83.3900	39.5000
3434.4954	80.8100	130.4000
3492.0584	80.6500	85.2000
3550.5862	81.3700	57.9000
3610.0949	82.0300	44.3000
3670.6009	82.5900	38.5000
3732.1211	83.1300	36.5000
3794.6724	83.7300	36.4000
3858.2720	84.4600	36.5000
3922.9376	85.2600	35.8000
3988.6870	86.0000	33.8000
4055.5384	86.5800	31.1000
4123.5102	87.0200	28.0000
4192.6212	87.2900	24.6000
4262.8906	87.3500	21.7000
4334.3377	87.3200	20.4000
4406.9822	87.4600	20.4000
4480.8443	87.8600	19.9000
4555.9444	88.3000	18.0000
4632.3031	88.7000	16.4000
4709.9417	89.4800	15.0000
4788.8814	90.7700	9.2000
4869.1443	91.7500	-4.6000
4950.7523	91.4300	-23.4000
5033.7281	89.3600	-40.4000
5118.0947	85.8700	-46.0000
5203.8752	83.1300	-33.9000
5291.0934	82.8700	-20.0000
5379.7734	83.4100	-13.6000
5469.9397	84.1800	-10.3000
5561.6173	85.3300	-12.4000
5654.8313	86.0500	-21.6000
5749.6077	85.7000	-34.2000
5845.9725	84.0700	-43.8000
5943.9525	82.0500	-43.5000
6043.5746	81.3500	-37.6000
6144.8664	81.4300	-37.9000
6247.8558	80.9300	-42.0000
6352.5714	80.0500	-43.6000
6459.0421	79.5400	-43.5000
6567.2972	79.4100	-46.2000
6677.3667	78.9700	-53.1000
6789.2810	77.8700	-60.5000
6903.0710	76.3600	-66.0000
7018.7682	74.5900	-70.0000
7136.4045	72.5100	-71.4000
7256.0123	70.4400	-69.2000
7377.6249	68.5900	-65.4000
7501.2757	66.7800	-60.2000
7626.9989	65.1900	-52.9000
7754.8293	63.9800	-43.0000
7884.8021	64.2400	-34.9000
8016.9533	64.5800	-42.2000
8151.3194	63.1900	-60.8000
8287.9375	60.4700	-99.2000
8426.8454	57.3100	23.7000
8568.0814	59.2300	81.6000
8711.6845	61.3400	34.2000
8857.6945	61.9400	10.9000
9006.1516	61.3400	-3.2000
9157.0969	59.9400	-12.3000
9310.5721	56.7500	-9.7000
9466.6196	57.5900	16.6000
9625.2825	63.4200	1.5000
9786.6046	65.8700	-38.8000
9950.6305	65.6800	-80.0000
10117.4050	64.9800	-113.5000
10286.9760	66.4700	-163.1000
10459.3880	67.5400	116.9000
10634.6900	67.6000	-8.1000
10812.9300	68.1500	-68.8000
10994.1570	65.8400	90.5000
11178.4220	62.5800	-34.3000
11365.7750	62.3300	-127.4000
11556.2680	62.2700	-177.9000
11749.9540	61.4400	151.0000
11946.8860	59.2500	130.8000
12147.1190	56.2900	124.6000
12350.7080	54.0800	125.4000
12557.7080	51.6000	139.1000
12768.1790	53.5400	162.3000
12982.1770	56.4900	152.3000
13199.7610	57.2500	126.5000
13420.9920	56.5600	83.6000
13645.9310	53.6400	15.1000
13874.6410	50.4800	-74.3000
14107.1830	48.3400	-144.1000
14343.6230	45.4000	-171.9000
14584.0250	47.3900	-171.5000
14828.4570	51.0100	157.2000
15076.9860	49.2400	100.5000
15329.6800	44.8200	26.4000
15586.6090	44.4000	-58.8000
15847.8440	46.9800	-115.9000
16113.4580	49.4700	-161.8000
16383.5240	49.7800	158.3000
16658.1150	47.7800	106.0000
16937.3100	45.0200	33.2000
17221.1830	45.2900	-37.5000
17509.8140	47.7000	-95.0000
17803.2830	47.1200	-119.6000
18101.6700	46.1400	-127.6000
18405.0590	46.2100	-122.3000
18713.5320	48.5700	-118.7000
19027.1760	52.0800	-123.1000
19346.0760	53.8900	-144.8000
19670.3210	53.0800	-159.5000
20000.0000	52.3700	-161.8000