14.9760	53.7500	-105.9000
15.2270	54.4900	-87.8000
15.4822	55.3300	-66.4000
15.7417	56.0300	-47.0000
16.0055	56.3900	-34.7000
16.2737	56.2200	-31.2000
16.5465	55.4500	-33.7000
16.8238	54.2400	-39.7000
17.1058	52.8900	-47.6000
17.3925	51.9200	-56.1000
17.6840	51.8900	-65.1000
17.9804	52.7800	-74.9000
18.2817	54.3800	-85.2000
18.5881	56.1100	-94.1000
18.8997	57.6400	-99.8000
19.2164	58.8600	-102.1000
19.5385	59.8700	-102.3000
19.8660	60.7500	-101.9000
20.1989	61.5200	-101.8000
20.5375	62.1700	-103.2000
20.8817	62.7500	-107.9000
21.2317	63.2500	-115.8000
21.5875	63.6000	-124.2000
21.9493	63.7100	-130.2000
22.3172	63.5700	-133.3000
22.6913	63.2000	-134.9000
23.0716	62.9300	-136.1000
23.4583	63.2000	-137.5000
23.8514	64.4000	-139.6000
24.2512	66.1000	-142.2000
24.6576	67.4500	-144.7000
25.0709	68.0800	-146.8000
25.4911	68.2000	-148.5000
25.9183	68.1800	-150.2000
26.3527	68.1400	-152.5000
26.7944	68.1400	-155.9000
27.2435	68.2100	-160.1000
27.7001	68.3800	-164.0000
28.1644	68.7800	-167.1000
28.6364	69.3800	-169.5000
29.1164	69.8400	-171.4000
29.6044	69.8700	-173.0000
30.1005	69.6200	-174.2000
30.6050	69.3600	-175.2000
31.1180	69.3800	-175.8000
31.6395	69.6600	-176.2000
32.1698	70.0800	-176.7000
32.7090	70.5800	-177.8000
33.2572	71.0600	14.4000
33.8146	71.4400	178.8000
34.3813	71.7100	175.9000
34.9576	71.9300	173.2000
35.5435	72.1300	171.0000
36.1392	72.3700	169.3000
36.7449	72.7000	167.6000
37.3607	73.1200	165.7000
37.9869	73.4800	164.0000
38.6236	73.7000	162.5000
39.2709	73.8800	160.9000
39.9291	74.1300	158.6000
40.5983	74.4600	155.5000
41.2788	74.7400	152.1000
41.9706	74.9000	148.9000
42.6741	74.9200	146.1000
43.3893	74.8500	143.5000
44.1165	74.8500	140.2000
44.8559	74.9400	136.5000
45.6077	74.9500	135.3000
46.3721	74.8700	137.2000
47.1493	74.9700	139.4000
47.9395	75.4100	139.8000
48.7430	75.8200	137.6000
49.5600	76.1000	133.8000
50.3906	76.3600	131.3000
51.2351	76.5900	130.2000
52.0939	76.7800	129.2000
52.9670	76.9700	128.1000
53.8547	77.1900	127.1000
54.7573	77.3600	126.1000
55.6751	77.4600	123.8000
56.6082	77.5600	119.6000
57.5570	77.7400	116.2000
58.5216	78.1800	113.8000
59.5025	78.8200	111.0000
60.4997	79.0500	110.7000
61.5137	78.8200	112.4000
62.5447	78.6800	112.3000
63.5930	78.7400	110.9000
64.6588	78.9500	110.0000
65.7425	79.1600	109.0000
66.8444	79.3600	107.9000
67.9647	79.5200	107.1000
69.1038	79.5900	106.0000
70.2620	79.6100	104.3000
71.4396	79.6900	102.2000
72.6370	79.8300	99.6000
73.8544	80.1000	96.0000
75.0922	80.3800	92.4000
76.3508	80.4900	91.4000
77.6304	80.5500	91.8000
78.9315	80.6100	91.5000
80.2544	80.6900	90.5000
81.5995	80.8100	89.1000
82.9672	80.9200	87.2000
84.3577	81.0000	85.2000
85.7716	81.0400	83.3000
87.2091	81.1400	81.9000
88.6707	81.2900	80.5000
90.1569	81.4200	79.1000
91.6680	81.4900	77.9000
93.2043	81.5600	76.4000
94.7665	81.5800	74.4000
96.3548	81.6000	72.5000
97.9697	81.6900	70.7000
99.6117	81.7600	69.1000
101.2812	81.7500	67.6000
102.9787	81.7700	66.1000
104.7047	81.8600	64.8000
106.4595	81.9100	63.8000
108.2438	81.8900	62.7000
110.0580	81.8900	61.2000
111.9026	81.9700	59.2000
113.7781	82.0400	57.5000
115.6851	82.0400	56.1000
117.6240	82.0800	54.5000
119.5954	82.1100	53.2000
121.5998	82.0600	52.1000
123.6379	81.9900	51.1000
125.7101	81.9900	50.0000
127.8170	82.0300	49.2000
129.9592	82.0000	48.4000
132.1374	81.9600	47.3000
134.3520	81.9600	46.0000
136.6038	82.0100	44.8000
138.8933	82.0700	43.6000
141.2212	82.0900	42.5000
143.5881	82.0700	41.6000
145.9947	81.9800	40.8000
148.4416	81.9500	39.8000
150.9295	81.9900	38.6000
153.4591	82.0000	37.8000
156.0312	81.9500	36.7000
158.6463	81.9200	35.4000
161.3052	81.9100	34.2000
164.0087	81.8900	33.5000
166.7576	81.8100	32.9000
169.5525	81.7100	32.2000
172.3942	81.7000	31.2000
175.2836	81.7100	30.8000
178.2214	81.5500	31.5000
181.2084	81.5100	31.3000
184.2455	81.6500	29.4000
187.3335	81.7200	27.7000
190.4733	81.7500	26.6000
193.6656	81.7300	25.8000
196.9115	81.7100	24.8000
200.2118	81.7100	24.0000
203.5674	81.6900	23.5000
206.9792	81.6200	22.9000
210.4483	81.5800	22.2000
213.9754	81.5800	21.6000
217.5617	81.5700	21.0000
221.2081	81.5600	20.3000
224.9156	81.5400	19.4000
228.6852	81.5300	18.6000
232.5181	81.4900	18.0000
236.4151	81.4500	17.3000
240.3775	81.4000	16.7000
244.4063	81.3300	16.0000
248.5026	81.3300	15.4000
252.6676	81.3300	14.9000
256.9023	81.2800	14.2000
261.2081	81.2500	13.2000
265.5860	81.2000	12.8000
270.0373	81.1100	12.6000
274.5632	81.0500	12.3000
279.1649	81.0200	12.0000
283.8438	81.0100	11.5000
288.6011	81.0000	11.2000
293.4381	80.9600	10.9000
298.3562	80.9000	10.4000
303.3567	80.8900	10.0000
308.4410	80.9300	9.7000
313.6106	80.9500	9.1000
318.8668	80.9500	8.3000
324.2111	80.9200	7.5000
329.6449	80.8200	6.9000
335.1698	80.7300	6.5000
340.7874	80.7100	6.2000
346.4991	80.6800	5.9000
352.3065	80.6100	5.5000
358.2112	80.5600	5.1000
364.2149	80.5200	4.7000
370.3193	80.4800	4.4000
376.5259	80.4300	4.0000
382.8366	80.3700	3.7000
389.2530	80.3000	3.3000
395.7770	80.2000	3.0000
402.4103	80.0900	2.8000
409.1548	79.9800	2.9000
416.0123	79.8600	3.4000
422.9848	79.7600	4.4000
430.0741	79.7800	6.0000
437.2823	80.0500	8.8000
444.6112	80.4300	10.0000
452.0630	80.7400	9.4000
459.6397	80.8400	7.7000
467.3434	80.8100	10.0000
475.1762	80.6800	11.0000
483.1402	80.4300	11.0000
491.2378	80.0600	9.1000
499.4710	79.7000	8.0000
507.8423	79.3600	7.5000
516.3539	79.0000	7.2000
525.0081	78.5400	7.8000
533.8074	78.1200	10.5000
542.7541	78.0600	14.7000
551.8508	78.4700	17.7000
561.0999	78.9500	18.2000
570.5041	79.2500	17.2000
580.0659	79.3900	16.2000
589.7879	79.4900	15.6000
599.6729	79.6300	14.8000
609.7236	79.7500	13.4000
619.9427	79.7300	11.7000
630.3331	79.5700	10.4000
640.8976	79.3400	9.9000
651.6392	79.0800	10.5000
662.5609	78.9400	12.4000
673.6656	79.0900	14.6000
684.9564	79.4600	15.5000
696.4364	79.7800	14.5000
708.1088	79.9200	12.9000
719.9769	79.9600	11.7000
732.0439	80.0200	11.0000
744.3131	80.1500	9.7000
756.7880	80.2100	7.3000
769.4720	80.0500	4.6000
782.3685	79.7100	2.6000
795.4812	79.2800	1.6000
808.8137	78.7600	1.4000
822.3696	78.0700	3.1000
836.1527	77.5100	8.4000
850.1668	77.6600	15.9000
864.4158	78.5600	20.7000
878.9036	79.4900	20.6000
893.6343	80.0200	17.6000
908.6118	80.1600	14.4000
923.8404	80.1300	12.3000
939.3242	80.0500	10.9000
955.0675	79.9200	10.4000
971.0746	79.8300	10.8000
987.3501	79.9100	11.7000
1003.8983	80.1600	11.8000
1020.7239	80.3900	10.7000
1037.8315	80.4900	9.1000
1055.2258	80.4900	7.4000
1072.9116	80.3900	6.0000
1090.8939	80.2400	5.2000
1109.1775	80.0800	5.2000
1127.7676	79.9800	6.0000
1146.6693	80.0700	6.8000
1165.8877	80.2400	7.0000
1185.4283	80.4300	6.8000
1205.2964	80.6800	6.0000
1225.4974	80.8800	4.0000
1246.0371	80.9200	1.5000
1266.9209	80.8200	-0.9000
1288.1549	80.6400	-2.6000
1309.7446	80.4600	-3.8000
1331.6963	80.3300	-5.1000
1354.0158	80.1200	-6.8000
1376.7095	79.7400	-8.3000
1399.7835	79.2300	-8.1000
1423.2442	78.8600	-6.3000
1447.0981	78.7500	-4.4000
1471.3518	78.7500	-3.3000
1496.0120	78.7300	-3.0000
1521.0856	78.6300	-2.7000
1546.5793	78.5200	-1.7000
1572.5004	78.5200	-0.2000
1598.8559	78.7300	0.9000
1625.6531	79.0300	0.3000
1652.8994	79.1300	-2.3000
1680.6024	78.8500	-5.0000
1708.7697	78.2300	-5.8000
1737.4091	77.4900	-2.9000
1766.5285	77.2300	4.1000
1796.1360	77.9200	10.9000
1826.2397	79.0600	12.8000
1856.8479	80.0100	10.2000
1887.9691	80.5500	4.6000
1919.6120	80.5800	-2.2000
1951.7851	80.0600	-7.7000
1984.4975	79.1800	-9.8000
2017.7582	78.2700	-7.8000
2051.5763	77.9200	-2.2000
2085.9612	78.3700	2.4000
2120.9224	79.0900	2.1000
2156.4696	79.4000	-1.6000
2192.6126	79.2200	-5.5000
2229.3613	78.7200	-7.1000
2266.7259	78.2700	-6.3000
2304.7168	78.0500	-4.5000
2343.3444	78.0400	-2.7000
2382.6195	78.2000	-1.7000
2422.5528	78.3600	-2.0000
2463.1553	78.3700	-3.0000
2504.4384	78.2800	-3.2000
2546.4134	78.2800	-2.9000
2589.0919	78.3900	-3.0000
2632.4858	78.4600	-4.1000
2676.6069	78.4300	-5.6000
2721.4674	78.2800	-7.0000
2767.0799	78.0500	-7.8000
2813.4568	77.8200	-7.7000
2860.6111	77.7300	-7.4000
2908.5556	77.6300	-8.2000
2957.3037	77.3400	-8.6000
3006.8689	77.0400	-7.5000
3057.2647	76.9900	-6.2000
3108.5052	76.9700	-6.4000
3160.6045	76.7400	-6.9000
3213.5770	76.3600	-6.0000
3267.4374	76.0800	-3.5000
3322.2004	76.0300	-0.8000
3377.8813	76.1000	1.5000
3434.4954	76.2900	3.4000
3492.0584	76.5500	4.0000
3550.5862	76.6600	3.7000
3610.0949	76.6400	4.0000
3670.6009	76.7000	5.1000
3732.1211	76.8800	5.7000
3794.6724	77.0400	5.4000
3858.2720	77.1100	4.8000
3922.9376	77.1000	4.5000
3988.6870	77.0500	4.5000
4055.5384	77.0400	4.9000
4123.5102	77.0600	5.3000
4192.6212	77.0300	5.6000
4262.8906	76.9900	6.6000
4334.3377	77.0800	8.2000
4406.9822	77.2500	9.1000
4480.8443	77.4000	10.0000
4555.9444	77.6700	11.2000
4632.3031	78.0300	11.4000
4709.9417	78.3400	10.9000
4788.8814	78.6300	10.0000
4869.1443	78.8500	8.6000
4950.7523	78.9900	7.3000
5033.7281	79.1200	6.3000
5118.0947	79.2700	5.5000
5203.8752	79.5200	4.2000
5291.0934	79.7200	2.0000
5379.7734	79.7700	-0.3000
5469.9397	79.7600	-2.4000
5561.6173	79.7200	-4.0000
5654.8313	79.6300	-5.6000
5749.6077	79.5000	-5.3000
5845.9725	79.7600	-4.2000
5943.9525	80.3200	-5.1000
6043.5746	80.8400	-8.2000
6144.8664	81.2900	-13.0000
6247.8558	81.5000	-19.9000
6352.5714	81.3100	-27.6000
6459.0421	80.6500	-33.9000
6567.2972	79.8500	-37.5000
6677.3667	79.0200	-39.0000
6789.2810	78.4600	-38.6000
6903.0710	78.1700	-39.3000
7018.7682	77.7700	-40.0000
7136.4045	77.6000	-39.5000
7256.0123	77.7400	-40.9000
7377.6249	77.7300	-44.7000
7501.2757	77.6200	-49.1000
7626.9989	77.1300	-54.9000
7754.8293	76.4900	-58.0000
7884.8021	75.8600	-63.0000
8016.9533	74.7800	-65.4000
8151.3194	73.9900	-67.1000
8287.9375	73.1200	-69.3000
8426.8454	72.3600	-73.0000
8568.0814	71.0100	-78.4000
8711.6845	68.8300	-76.2000
8857.6945	67.0500	-71.2000
9006.1516	64.7200	-58.9000
9157.0969	63.5600	-41.3000
9310.5721	63.7900	-27.8000
9466.6196	63.9800	-18.6000
9625.2825	64.8400	-9.0000
9786.6046	65.7200	-5.6000
9950.6305	66.2000	-3.5000
10117.4050	66.5100	0.4000
10286.9760	67.4200	7.0000
10459.3880	68.7400	8.9000
10634.6900	69.6000	6.6000
10812.9300	70.1600	4.6000
10994.1570	70.6900	2.7000
11178.4220	71.4000	0.5000
11365.7750	72.1700	-4.3000
11556.2680	72.5300	-10.7000
11749.9540	72.7700	-17.2000
11946.8860	72.9800	-25.2000
12147.1190	72.5700	-34.9000
12350.7080	71.6700	-41.6000
12557.7080	70.4900	-44.9000
12768.1790	69.5500	-43.5000
12982.1770	69.3100	-42.8000
13199.7610	69.1100	-43.9000
13420.9920	69.2700	-45.3000
13645.9310	69.4300	-51.3000
13874.6410	69.0200	-56.9000
14107.1830	69.0100	-60.7000
14343.6230	69.5400	-71.2000
14584.0250	69.0400	-87.8000
14828.4570	67.8600	-103.5000
15076.9860	66.1700	-119.5000
15329.6800	63.3100	-129.4000
15586.6090	59.4600	-115.7000
15847.8440	58.2400	-75.0000
16113.4580	61.1800	-50.3000
16383.5240	64.2100	-61.7000
16658.1150	65.8900	-87.6000
16937.3100	66.1200	-117.0000
17221.1830	65.0100	-139.9000
17509.8140	64.2300	-152.7000
17803.2830	64.4400	-167.7000
18101.6700	64.8000	174.9000
18405.0590	65.0200	152.9000
18713.5320	64.0900	132.2000
19027.1760	63.2400	117.8000
19346.0760	62.5500	100.4000
19670.3210	60.7900	88.2000
20000.0000	59.6700	84.7000