14.9760	61.9700	-79.7000
15.2270	61.6500	-73.9000
15.4822	61.2700	-67.0000
15.7417	60.9300	-61.0000
16.0055	60.8300	-59.4000
16.2737	61.0900	-64.3000
16.5465	61.9000	-79.8000
16.8238	63.0300	-102.3000
17.1058	64.1500	-125.5000
17.3925	64.9700	-142.2000
17.6840	65.4100	-148.7000
17.9804	65.6000	-148.2000
18.2817	65.6900	-143.2000
18.5881	65.7700	-137.8000
18.8997	65.8700	-133.9000
19.2164	66.0100	-132.8000
19.5385	66.2200	-133.2000
19.8660	66.4900	-134.5000
20.1989	66.8000	-135.7000
20.5375	67.1400	-136.4000
20.8817	67.5000	-136.6000
21.2317	67.8900	-136.7000
21.5875	68.2800	-136.8000
21.9493	68.6500	-137.3000
22.3172	68.9900	-139.0000
22.6913	69.3000	-141.8000
23.0716	69.6400	-144.7000
23.4583	70.0200	-146.7000
23.8514	70.4700	-147.7000
24.2512	70.9500	-148.3000
24.6576	71.4000	-149.0000
25.0709	71.7600	-150.5000
25.4911	72.0400	-153.3000
25.9183	72.2900	-156.6000
26.3527	72.5400	-159.2000
26.7944	72.8000	-160.6000
27.2435	73.0600	-161.5000
27.7001	73.2800	-162.8000
28.1644	73.4400	-165.3000
28.6364	73.5800	-169.1000
29.1164	73.7500	-172.8000
29.6044	74.0300	-175.5000
30.1005	74.4100	-177.2000
30.6050	74.7600	-178.4000
31.1180	74.9900	-179.7000
31.6395	75.1300	151.9000
32.1698	75.2400	177.8000
32.7090	75.3500	175.9000
33.2572	75.4900	173.7000
33.8146	75.6900	171.5000
34.3813	76.0000	169.7000
34.9576	76.3600	167.9000
35.5435	76.7400	166.0000
36.1392	77.1100	163.9000
36.7449	77.4400	161.9000
37.3607	77.7500	159.9000
37.9869	78.0700	158.1000
38.6236	78.4000	156.5000
39.2709	78.6900	154.9000
39.9291	78.8800	153.2000
40.5983	79.0100	151.3000
41.2788	79.1400	149.2000
41.9706	79.3000	146.9000
42.6741	79.4300	143.9000
43.3893	79.5300	140.4000
44.1165	79.7000	137.3000
44.8559	79.9700	135.0000
45.6077	80.1900	133.5000
46.3721	80.3700	132.3000
47.1493	80.6800	131.2000
47.9395	81.1300	129.5000
48.7430	81.3700	126.8000
49.5600	81.3700	123.3000
50.3906	81.3200	120.4000
51.2351	81.2500	118.8000
52.0939	81.1500	118.3000
52.9670	81.1900	118.4000
53.8547	81.4000	118.4000
54.7573	81.5500	117.3000
55.6751	81.6500	115.2000
56.6082	81.8100	113.4000
57.5570	81.8900	112.5000
58.5216	82.1700	110.4000
59.5025	82.8900	105.6000
60.4997	83.2400	101.5000
61.5137	83.0300	100.3000
62.5447	82.8000	99.8000
63.5930	82.7600	99.1000
64.6588	82.7800	97.9000
65.7425	82.9000	96.8000
66.8444	83.0700	96.0000
67.9647	83.1900	95.4000
69.1038	83.2500	94.4000
70.2620	83.3000	92.6000
71.4396	83.3300	90.5000
72.6370	83.4000	88.5000
73.8544	83.5300	86.5000
75.0922	83.6700	84.5000
76.3508	83.7600	82.9000
77.6304	83.8400	81.3000
78.9315	83.9500	79.8000
80.2544	84.0400	78.5000
81.5995	84.0800	77.3000
82.9672	84.1200	75.9000
84.3577	84.2100	74.3000
85.7716	84.3000	72.6000
87.2091	84.3400	71.0000
88.6707	84.3500	70.0000
90.1569	84.4700	69.4000
91.6680	84.6300	68.7000
93.2043	84.7100	67.0000
94.7665	84.7800	64.4000
96.3548	84.7900	62.0000
97.9697	84.7200	60.0000
99.6117	84.6600	58.5000
101.2812	84.7100	57.8000
102.9787	84.9900	57.7000
104.7047	85.1900	57.0000
106.4595	85.1000	55.4000
108.2438	84.8500	54.2000
110.0580	84.7200	52.7000
111.9026	84.7100	50.8000
113.7781	84.7900	49.0000
115.6851	84.8800	47.7000
117.6240	84.8500	46.8000
119.5954	84.7100	45.5000
121.5998	84.6700	44.0000
123.6379	84.6900	43.1000
125.7101	84.7200	42.3000
127.8170	84.7200	41.5000
129.9592	84.6900	40.6000
132.1374	84.6100	39.4000
134.3520	84.5300	38.1000
136.6038	84.5100	36.9000
138.8933	84.5800	36.1000
141.2212	84.6200	35.5000
143.5881	84.5800	35.0000
145.9947	84.4900	34.3000
148.4416	84.4600	33.3000
150.9295	84.4800	32.3000
153.4591	84.4900	31.6000
156.0312	84.4500	30.7000
158.6463	84.4300	29.5000
161.3052	84.4300	28.1000
164.0087	84.3900	27.4000
166.7576	84.2900	27.0000
169.5525	84.1800	26.5000
172.3942	84.1500	25.6000
175.2836	84.1400	24.9000
178.2214	84.1100	24.7000
181.2084	84.0700	24.6000
184.2455	84.0800	23.9000
187.3335	84.1400	22.8000
190.4733	84.1600	22.0000
193.6656	84.1200	21.3000
196.9115	84.1000	20.5000
200.2118	84.1100	19.8000
203.5674	84.0800	19.2000
206.9792	84.0100	18.4000
210.4483	83.9800	17.7000
213.9754	83.9900	17.3000
217.5617	83.9700	17.0000
221.2081	83.9300	16.4000
224.9156	83.9300	15.7000
228.6852	83.9400	15.1000
232.5181	83.9000	14.5000
236.4151	83.8600	13.9000
240.3775	83.8100	13.3000
244.4063	83.7500	12.7000
248.5026	83.7800	12.0000
252.6676	83.7900	11.6000
256.9023	83.7200	10.9000
261.2081	83.6500	10.1000
265.5860	83.5700	9.7000
270.0373	83.4700	9.5000
274.5632	83.4300	9.2000
279.1649	83.4100	8.9000
283.8438	83.3900	8.6000
288.6011	83.3900	8.4000
293.4381	83.3700	8.2000
298.3562	83.3600	8.0000
303.3567	83.3100	7.7000
308.4410	83.2100	7.2000
313.6106	83.1100	6.5000
318.8668	82.9600	5.7000
324.2111	82.7900	5.0000
329.6449	82.5500	4.4000
335.1699	82.3100	4.2000
340.7874	82.0900	4.3000
346.4991	81.8700	4.4000
352.3065	81.6900	4.4000
358.2112	81.5000	4.3000
364.2149	81.2500	4.2000
370.3192	80.9600	4.3000
376.5259	80.6400	5.0000
382.8365	80.3300	5.9000
389.2530	80.0300	7.3000
395.7770	79.7200	9.3000
402.4103	79.4600	12.2000
409.1548	79.3800	16.0000
416.0123	79.5600	19.9000
422.9848	80.0100	22.9000
430.0741	80.5900	24.1000
437.2823	81.1200	23.5000
444.6112	81.4700	21.4000
452.0630	81.5700	18.8000
459.6397	81.5000	16.6000
467.3434	81.3300	15.4000
475.1762	81.2100	14.4000
483.1402	81.1000	13.7000
491.2378	81.0300	13.2000
499.4710	81.0000	12.6000
507.8423	80.9800	11.4000
516.3539	80.8400	9.7000
525.0081	80.4900	8.4000
533.8074	79.9900	8.7000
542.7541	79.6200	11.2000
551.8508	79.5700	14.1000
561.0999	79.7200	15.7000
570.5041	79.8000	16.2000
580.0659	79.7600	17.0000
589.7880	79.7600	18.7000
599.6729	79.9500	20.8000
609.7236	80.3100	22.0000
619.9428	80.7000	22.0000
630.3331	81.0300	21.0000
640.8976	81.2700	19.4000
651.6392	81.3800	17.5000
662.5608	81.4100	15.8000
673.6656	81.4300	14.2000
684.9564	81.4100	12.1000
696.4364	81.2300	9.6000
708.1088	80.8000	7.9000
719.9769	80.2600	8.2000
732.0439	79.8500	10.5000
744.3132	79.7600	13.3000
756.7880	79.8700	15.1000
769.4720	79.9900	16.1000
782.3685	80.1100	16.8000
795.4812	80.2700	16.9000
808.8137	80.3200	16.1000
822.3696	80.1800	15.7000
836.1527	79.9600	16.9000
850.1668	80.0000	19.7000
864.4158	80.4200	21.6000
878.9036	80.9100	21.1000
893.6343	81.1700	18.7000
908.6118	81.1600	16.3000
923.8403	81.0300	14.7000
939.3242	80.8800	13.5000
955.0674	80.6300	12.5000
971.0747	80.3000	12.4000
987.3501	79.9500	13.4000
1003.8983	79.7300	15.6000
1020.7239	79.6600	17.9000
1037.8315	79.7100	20.3000
1055.2258	79.9200	22.4000
1072.9116	80.2500	23.6000
1090.8939	80.5600	23.7000
1109.1775	80.7700	23.1000
1127.7676	80.9000	22.3000
1146.6693	80.9600	21.3000
1165.8877	80.8600	20.5000
1185.4283	80.6800	21.2000
1205.2964	80.7400	22.9000
1225.4974	81.0200	23.7000
1246.0371	81.2600	22.9000
1266.9209	81.3100	21.7000
1288.1549	81.2400	21.0000
1309.7446	81.1600	21.0000
1331.6963	81.1500	21.3000
1354.0157	81.1500	21.2000
1376.7095	81.0500	21.1000
1399.7834	80.8800	22.0000
1423.2441	80.8400	24.1000
1447.0981	80.9800	26.1000
1471.3518	81.2400	27.7000
1496.0120	81.5800	28.8000
1521.0856	81.9900	29.1000
1546.5793	82.4200	28.5000
1572.5004	82.7700	26.7000
1598.8560	82.9800	24.5000
1625.6531	83.0700	22.0000
1652.8994	83.0000	19.6000
1680.6024	82.8000	18.1000
1708.7697	82.5700	17.5000
1737.4091	82.3200	17.8000
1766.5284	82.1800	19.6000
1796.1360	82.3500	22.0000
1826.2397	82.8300	23.2000
1856.8479	83.3900	22.1000
1887.9691	83.8000	18.7000
1919.6121	83.8600	13.9000
1951.7852	83.5000	9.9000
1984.4976	82.9200	8.3000
2017.7582	82.3800	9.3000
2051.5764	82.1300	11.8000
2085.9612	82.2900	14.1000
2120.9224	82.6400	14.1000
2156.4695	82.8500	12.0000
2192.6125	82.7300	9.1000
2229.3613	82.3200	7.5000
2266.7258	81.8600	8.2000
2304.7168	81.6300	10.4000
2343.3445	81.7000	12.4000
2382.6194	81.9000	12.7000
2422.5527	81.9700	11.7000
2463.1553	81.8500	10.6000
2504.4385	81.5800	10.6000
2546.4133	81.3700	12.0000
2589.0918	81.3500	13.9000
2632.4858	81.5000	15.2000
2676.6069	81.6900	15.4000
2721.4673	81.7800	14.8000
2767.0798	81.7600	14.3000
2813.4568	81.7200	14.4000
2860.6111	81.7500	14.7000
2908.5557	81.7900	14.5000
2957.3037	81.7600	14.0000
3006.8689	81.6700	14.1000
3057.2646	81.6500	14.6000
3108.5051	81.6800	14.6000
3160.6045	81.6200	14.0000
3213.5769	81.3900	14.0000
3267.4375	81.1300	15.6000
3322.2004	81.1000	18.4000
3377.8813	81.3200	20.4000
3434.4954	81.5300	21.3000
3492.0583	81.6700	22.1000
3550.5862	81.8500	23.2000
3610.0950	82.1500	24.2000
3670.6008	82.4900	24.4000
3732.1211	82.8000	23.8000
3794.6724	83.0500	22.9000
3858.2720	83.2600	21.8000
3922.9375	83.4000	20.5000
3988.6870	83.4900	19.2000
4055.5383	83.5200	18.0000
4123.5103	83.5300	17.3000
4192.6211	83.5300	16.6000
4262.8906	83.4600	16.3000
4334.3379	83.4600	17.1000
4406.9824	83.6400	17.8000
4480.8442	83.8300	18.0000
4555.9443	84.0600	18.5000
4632.3032	84.4800	18.7000
4709.9419	84.9000	17.5000
4788.8813	85.2400	16.0000
4869.1445	85.6600	14.3000
4950.7524	86.0500	11.4000
5033.7280	86.3200	8.1000
5118.0947	86.6100	5.1000
5203.8750	86.9800	1.0000
5291.0933	87.2100	-4.5000
5379.7734	87.2700	-10.5000
5469.9399	87.1600	-17.4000
5561.6172	86.6700	-23.8000
5654.8315	86.0600	-28.3000
5749.6079	85.4800	-32.2000
5845.9727	84.8800	-35.8000
5943.9526	84.2000	-39.3000
6043.5747	83.4700	-41.4000
6144.8662	82.8300	-44.1000
6247.8560	81.9100	-45.9000
6352.5713	81.1400	-46.3000
6459.0420	80.3400	-47.1000
6567.2974	79.4300	-46.5000
6677.3667	78.6800	-45.0000
6789.2808	77.9100	-43.7000
6903.0708	77.1400	-40.7000
7018.7681	76.6200	-36.5000
7136.4043	76.4100	-32.8000
7256.0122	76.4200	-30.1000
7377.6250	76.4300	-29.6000
7501.2759	76.3300	-28.9000
7626.9990	76.2000	-30.0000
7754.8291	75.7200	-30.2000
7884.8022	75.1800	-29.5000
8016.9531	74.6200	-26.9000
8151.3193	74.3100	-23.5000
8287.9375	74.1500	-18.2000
8426.8457	74.8600	-11.4000
8568.0811	76.2800	-10.1000
8711.6846	77.3800	-16.8000
8857.6943	77.6500	-28.1000
9006.1514	76.8700	-39.0000
9157.0967	75.3100	-44.5000
9310.5723	73.4600	-42.0000
9466.6191	72.6400	-33.2000
9625.2822	73.0100	-28.7000
9786.6045	73.7400	-32.2000
9950.6309	73.4500	-41.1000
10117.4050	71.9400	-45.7000
10286.9760	70.2600	-38.9000
10459.3880	70.1500	-27.4000
10634.6900	71.9100	-21.2000
10812.9300	73.4500	-30.3000
10994.1570	73.3900	-44.9000
11178.4220	72.4800	-55.5000
11365.7750	71.5400	-63.1000
11556.2680	70.4700	-70.2000
11749.9540	69.3500	-73.1000
11946.8860	69.0100	-78.8000
12147.1190	68.5900	-89.5000
12350.7080	67.8900	-102.7000
12557.7080	66.4400	-117.0000
12768.1790	64.4000	-126.6000
12982.1770	62.5800	-133.7000
13199.7610	61.3800	-144.7000
13420.9920	60.1700	-160.2000
13645.9310	58.9600	83.9000
13874.6410	56.0300	163.3000
14107.1830	53.4100	-40.6000
14343.6230	55.5200	-105.8000
14584.0250	59.8100	-100.0000
14828.4570	62.6800	-133.6000
15076.9860	63.0500	-0.2000
15329.6800	61.9200	147.0000
15586.6090	60.7100	109.5000
15847.8440	58.6900	65.2000
16113.4580	56.0700	21.1000
16383.5240	55.3900	-17.1000
16658.1150	56.7000	-53.6000
16937.3110	58.4800	-82.0000
17221.1840	60.2200	-104.5000
17509.8140	61.3100	-125.0000
17803.2830	61.9500	-144.9000
18101.6700	61.7000	-162.7000
18405.0590	61.2000	-174.5000
18713.5310	61.4400	178.6000
19027.1760	62.7500	162.1000
19346.0760	63.0600	133.2000
19670.3200	61.7400	112.4000
20000.0000	61.8400	106.6000