19.86599	58.42	77.7
20.19895	59.62	75.5
20.53749	60.75	73.2
20.8817	61.81	70.9
21.23169	62.81	68.6
21.58753	63.71	66.5
21.94935	64.45	64.8
22.31722	65.04	63.5
22.69126	65.53	62.4
23.07158	65.96	61
23.45826	66.36	58
23.85143	66.73	52.3
24.25118	67.07	44.6
24.65764	67.38	38.4
25.07091	67.66	36.8
25.4911	67.92	39.5
25.91834	68.11	43.9
26.35274	68.21	45.9
26.79441	68.2	44.4
27.2435	68.15	40.1
27.7001	68.14	35
28.16436	68.3	30.7
28.63641	68.66	27.4
29.11636	69.1	25.3
29.60436	69.53	24.6
30.10053	69.93	24.4
30.60502	70.28	24.1
31.11797	70.59	22.9
31.63952	70.85	20.4
32.1698	71.05	17.6
32.70898	71.2	15.1
33.25719	71.34	13
33.81459	71.48	11.2
34.38133	71.64	9.6
34.95757	71.85	8.2
35.54346	72.09	6.9
36.13918	72.38	5.7
36.74488	72.73	4.3
37.36074	73.12	2.4
37.98691	73.52	-0.1
38.62358	73.91	-2.9
39.27092	74.23	-5.1
39.92911	74.44	-5.6
40.59833	74.61	-5.1
41.27877	74.88	-5.4
41.97061	75.25	-7.9
42.67405	75.5	-11.3
43.38928	75.6	-14.1
44.11649	75.65	-14.9
44.8559	75.75	-14.3
45.60769	75.99	-14.6
46.37209	76.46	-17.8
47.1493	77.03	-21.2
47.93953	77.45	-23.4
48.74301	77.48	-25.5
49.55995	77.38	-27.8
50.39059	77.52	-30.2
51.23515	77.93	-32
52.09386	78.29	-33.4
52.96697	78.46	-35.6
53.85471	78.53	-38.6
54.75733	78.6	-39.7
55.67507	78.69	-39.6
56.6082	78.71	-40.5
57.55697	78.47	-43.4
58.52164	78.06	-47.4
59.50247	78.02	-50.1
60.49975	78.75	-50.7
61.51374	79.74	-50.1
62.54472	80.27	-49.2
63.59299	80.56	-49.9
64.65882	80.85	-51.8
65.74252	81.03	-53.5
66.84438	81	-54.9
67.96471	80.86	-56.3
69.10382	80.86	-57.6
70.26201	80.96	-58.7
71.43962	81.03	-60.3
72.63697	81.12	-62.1
73.85438	81.32	-63.4
75.0922	81.65	-64.4
76.35076	81.98	-65.5
77.63042	82.23	-66.7
78.93152	82.37	-68.1
80.25443	82.45	-69.9
81.59952	82.49	-71.8
82.96715	82.52	-74.1
84.3577	82.61	-75.9
85.77155	82.84	-76.8
87.2091	83.08	-77.5
88.67075	83.19	-77.9
90.15689	83.29	-78.3
91.66795	83.49	-78.8
93.20432	83.73	-79.6
94.76645	83.92	-81
96.35476	84.07	-83
97.96969	84.15	-85.4
99.61168	84.16	-87.9
101.2812	84.29	-90
102.9787	84.63	-91.1
104.70465	84.96	-91.9
106.45952	85.15	-92.7
108.24381	85.2	-93.4
110.058	85.2	-94.6
111.9026	85.27	-96.4
113.77812	85.48	-98.6
115.68507	85.7	-100.3
117.62398	85.89	-101.3
119.59538	85.97	-102.3
121.59983	85.98	-103.6
123.63787	86.02	-104.8
125.71007	86.07	-106.1
127.81701	86.11	-107.8
129.95925	86.19	-109.4
132.1374	86.3	-110.6
134.35205	86.38	-111.8
136.60383	86.47	-113.6
138.89334	86.63	-115.4
141.22123	86.83	-116.6
143.58813	86.93	-117.4
145.9947	86.96	-118.4
148.44161	87.02	-119.6
150.92953	87.1	-120.5
153.45914	87.1	-121.4
156.03116	87.03	-123
158.64628	87.04	-125.4
161.30523	87.15	-127.7
164.00874	87.23	-129
166.75757	87.18	-130
169.55247	87.11	-131.5
172.39421	87.12	-133
175.28358	87.25	-134.1
178.22137	87.41	-135.1
181.2084	87.41	-135.2
184.2455	87.33	-135.3
187.3335	87.37	-137
190.47326	87.46	-139
193.66564	87.52	-140.7
196.91152	87.55	-142.1
200.2118	87.58	-143.2
203.5674	87.58	-143.9
206.97924	87.55	-144.5
210.44827	87.51	-145.1
213.97543	87.48	-146.3
217.56171	87.51	-147.9
221.2081	87.57	-149.5
224.9156	87.64	-151.1
228.68524	87.75	-152.5
232.51806	87.76	-153.3
236.41512	87.69	-154
240.3775	87.54	-154.9
244.40628	87.44	-156.9
248.50259	87.45	-158.7
252.66756	87.47	-159.8
256.90233	87.44	-160.9
261.20807	87.38	-161.9
265.58598	87.27	-162.2
270.03727	87.12	-162.8
274.56316	87.06	-164
279.16491	87.08	-165.2
283.84378	87.1	-166.2
288.60107	87.07	-166.6
293.43809	86.92	-166.8
298.35619	86.71	-167.3
303.35671	86.74	-168.5
308.44104	86.87	-169.6
313.61059	86.96	-170.6
318.86678	86.98	-171.5
324.21107	86.84	-172.6
329.64492	86.67	-173.9
335.16985	86.6	-175
340.78738	86.58	-175.8
346.49906	86.52	-176.4
352.30647	86.39	-176.8
358.21121	86.27	-177.6
364.21492	86.21	-178.5
370.31925	86.17	-179.1
376.5259	86.09	-179.5
382.83656	85.95	158.1
389.253	85.84	179.3
395.77697	85.76	178.9
402.41029	85.66	178.8
409.15479	85.52	179.1
416.01232	85.45	179.2
422.98479	85.66	-158
430.07412	86.2	-159.9
437.28226	86.68	-163.2
444.61122	86.93	-167.4
452.06302	86.92	-171.4
459.6397	86.74	-174.6
467.34338	86.46	-177
475.17617	86.14	-178.5
483.14023	85.81	-179.2
491.23778	85.5	-179.2
499.47105	85.28	-178.7
507.84231	85.13	-178.3
516.35387	84.95	-178
525.00808	84.72	-177
533.80735	84.62	-174.8
542.75409	84.78	-172.6
551.85078	85.11	-171.9
561.09994	85.38	-172.6
570.50411	85.5	-173.9
580.0659	85.52	-174.8
589.78794	85.53	-175.5
599.67293	85.56	-176.1
609.7236	85.57	-177.1
619.94272	85.49	-177.9
630.33311	85.4	-178
640.89765	85.41	-177.8
651.63925	85.47	-177.9
662.56088	85.55	-178.2
673.66556	85.66	-178.8
684.95636	85.78	6.6
696.4364	85.82	178.3
708.10884	85.74	176.6
719.97692	85.62	175.4
732.04391	85.52	174.4
744.31315	85.42	173.2
756.78802	85.26	171.8
769.47197	85.01	170.8
782.36851	84.74	170.7
795.4812	84.58	170.9
808.81366	84.44	170.5
822.36957	84.16	170.4
836.15269	83.86	171.9
850.16681	83.88	174.5
864.41582	84.26	175.7
878.90364	84.67	174.2
893.63428	84.79	170.7
908.61181	84.58	167.2
923.84036	84.15	164.7
939.32415	83.6	163.3
955.06746	82.95	163.5
971.07462	82.35	165.7
987.35007	82	169
1003.8983	81.95	172.1
1020.7239	82.01	174
1037.8315	82.06	175.3
1055.2258	82.1	176.4
1072.9116	82.16	177.2
1090.8939	82.2	177.8
1109.1775	82.19	178.3
1127.7676	82.18	179.1
1146.6693	82.24	179.6
1165.8877	82.29	-179.8
1185.4283	82.27	-179.4
1205.2964	82.27	-178.5
1225.4974	82.37	-177.6
1246.0371	82.54	-177.2
1266.9209	82.68	-177.6
1288.1549	82.73	-178.3
1309.7446	82.67	-178.8
1331.6963	82.62	-178.7
1354.0158	82.63	-178.6
1376.7095	82.6	-178.9
1399.7835	82.48	-178.7
1423.2442	82.44	-177.7
1447.0981	82.53	-176.9
1471.3518	82.66	-176.9
1496.012	82.69	-177.5
1521.0856	82.61	-177.6
1546.5793	82.55	-176.9
1572.5004	82.62	-175.7
1598.8559	82.89	-174.8
1625.6531	83.26	-175.6
1652.8994	83.49	-178
1680.6024	83.48	179.3
1708.7697	83.22	176.5
1737.4091	82.79	175.2
1766.5285	82.32	175.9
1796.136	82.04	178.1
1826.2397	82.07	-179.5
1856.8479	82.34	-178
1887.9691	82.68	-178.5
1919.612	82.89	179.4
1951.7851	82.79	176.2
1984.4975	82.41	174.1
2017.7582	81.89	173.6
2051.5763	81.39	175.1
2085.9612	81.11	178.2
2120.9224	81.15	-179.1
2156.4696	81.41	-177.4
2192.6126	81.64	-177.7
2229.3613	81.67	-178.9
2266.7259	81.5	-179.9
2304.7168	81.19	-179.7
2343.3444	80.91	-177.7
2382.6195	80.9	-174.8
2422.5528	81.2	-172.9
2463.1553	81.48	-173.1
2504.4384	81.53	-174.1
2546.4134	81.43	-174.1
2589.0919	81.41	-173.3
2632.4858	81.51	-172.5
2676.6069	81.62	-172.3
2721.4674	81.73	-172.2
2767.0799	81.83	-172.4
2813.4568	81.89	-172.7
2860.6111	81.97	-172.7
2908.5556	82.14	-172.9
2957.3037	82.3	-174.2
3006.8689	82.31	-175.9
3057.2647	82.22	-177.1
3108.5052	82.13	-178.1
3160.6045	82.01	-179.1
3213.577	81.82	180
3267.4374	81.58	179.4
3322.2004	81.26	179.5
3377.8813	80.97	-179.3
3434.4954	80.84	-177.6
3492.0584	80.74	-176
3550.5862	80.77	-173.7
3610.0949	81.02	-171.8
3670.6009	81.35	-171.4
3732.1211	81.58	-172.2
3794.6724	81.62	-173.5
3858.272	81.45	-173.5
3922.9376	81.46	-171.7
3988.687	81.73	-170.4
4055.5384	81.98	-170.2
4123.5102	82.15	-169.5
4192.6212	82.58	-167.6
4262.8906	83.29	-167.2
4334.3377	83.97	-168.3
4406.9822	84.7	-169.5
4480.8443	85.75	-171.3
4555.9444	87.01	-171.3
4632.3031	87.93	172.8
4709.9417	88.33	160.4
4788.8814	88.41	146.5
4869.1443	87.88	130.6
4950.7523	86.36	117.2
5033.7281	84.21	110.9
5118.0947	82.19	110.3
5203.8752	80.58	110.9
5291.0934	79.17	112.6
5379.7734	78.2	115
5469.9397	77.45	114.8
5561.6173	76.43	114.7
5654.8313	75.39	116.9
5749.6077	74.65	119.4
5845.9725	74.02	120.7
5943.9525	73.37	121.7
6043.5746	72.69	122.2
6144.8664	71.82	122.9
6247.8558	70.77	125.4
6352.5714	69.82	130.7
6459.0421	69.3	137.4
6567.2972	69.3	143.1
6677.3667	69.53	146.1
6789.281	69.71	147.4
6903.071	69.96	147
7018.7682	69.9	144.2
7136.4045	69.62	141.4
7256.0123	69.1	137.3
7377.6249	68.09	134.9
7501.2757	67	134.4
7626.9989	65.71	136
7754.8293	64.45	140.9
7884.8021	63.51	148.6
8016.9533	63.26	156.2
8151.3194	63.35	160.9
8287.9375	63.43	163.6
8426.8454	63.52	163.4
8568.0814	62.96	163.6
8711.6845	62.53	166.4
8857.6945	62.35	169.5
9006.1516	62.19	171.1
9157.0969	62	174.7
9310.5721	62.16	176.9
9466.6196	62.46	176.7
9625.2825	62.38	173.2
9786.6046	61.83	169.6
9950.6305	60.71	169
10117.405	59.56	174.2
10286.976	59.24	-177.3
10459.388	60.25	-171.6
10634.69	61.24	-176.7
10812.93	61.29	173.9
10994.157	60.38	164.6
11178.422	58.8	160.3
11365.775	57.06	161.9
11556.268	55.41	170.1
11749.954	55.18	-177.8
11946.886	56.33	-174.3
12147.119	57.36	74.3
12350.708	57.6	170.6
12557.708	57.27	162.5
12768.179	56.82	157.5
12982.177	57.06	145.8
13199.761	55.33	127.5
13420.992	52.49	119.2
13645.931	49.59	122.5
13874.641	47.73	130.6
14107.183	47.26	133
14343.623	46.45	131.9
14584.025	46.03	133.6
14828.457	46.5	135.6
15076.986	47.15	126.3
15329.68	47.23	112.5
15586.609	46.95	92.2
15847.844	44.5	76.1
16113.458	42.55	57.5
16383.524	40.64	18.3
16658.115	37.13	-51.5
16937.31	34.49	40.6
17221.183	32.87	142.6
17509.814	34.02	117.2
17803.283	33.39	67
18101.67	32.81	-23.3
18405.059	32.51	-117
18713.532	32.66	-52.7
19027.176	33	-168.5
19346.076	29.4	135.3
19670.321	27.28	-2
20000	26.62	-127.9
