19.8660	74.5900	-117.9000
20.1989	74.7900	-137.4000
20.5375	75.0700	-146.2000
20.8817	75.4800	-147.5000
21.2317	76.0000	-148.3000
21.5875	76.5400	-149.0000
21.9493	77.0100	-150.0000
22.3172	77.3700	-151.6000
22.6913	77.7000	-153.6000
23.0716	77.9900	-155.8000
23.4583	78.2600	-158.0000
23.8514	78.5000	-160.5000
24.2512	78.7000	-163.3000
24.6576	78.9200	-165.5000
25.0709	79.1700	-166.5000
25.4911	79.4600	-166.9000
25.9183	79.7800	-167.2000
26.3527	80.1100	-167.7000
26.7944	80.5100	-169.2000
27.2435	80.9500	-171.5000
27.7001	81.2300	-173.2000
28.1644	81.1900	-172.6000
28.6364	80.9900	-170.3000
29.1164	80.8200	-168.3000
29.6044	80.9900	-169.3000
30.1005	81.7400	-174.1000
30.6050	82.4000	-178.2000
31.1180	82.4100	-125.6000
31.6395	82.2700	51.7000
32.1698	82.1700	175.7000
32.7090	82.4900	175.9000
33.2572	83.2000	172.6000
33.8146	83.6600	169.9000
34.3813	83.8400	168.1000
34.9576	83.9900	166.5000
35.5435	84.2100	164.5000
36.1392	84.4600	162.2000
36.7449	84.7900	160.7000
37.3607	85.2800	160.0000
37.9869	85.7400	159.4000
38.6236	85.9900	158.5000
39.2709	86.1600	157.3000
39.9291	86.1100	155.7000
40.5983	85.8200	153.8000
41.2788	85.8300	153.1000
41.9706	86.5600	153.0000
42.6741	86.8800	152.4000
43.3893	86.8900	148.0000
44.1165	86.9200	142.9000
44.8559	87.4600	137.5000
45.6077	87.8800	135.3000
46.3721	88.0800	135.1000
47.1493	88.1300	134.7000
47.9395	88.0700	133.2000
48.7430	87.9200	130.3000
49.5600	87.6200	125.4000
50.3906	87.8700	126.2000
51.2351	88.4400	129.4000
52.0939	88.5300	131.9000
52.9670	88.5900	132.7000
53.8547	88.7000	130.7000
54.7573	88.6400	127.4000
55.6751	88.4900	124.5000
56.6082	88.9500	126.5000
57.5570	89.3600	126.5000
58.5216	89.5900	121.6000
59.5025	90.2800	115.1000
60.4997	90.4700	114.5000
61.5137	90.2500	119.4000
62.5447	90.2300	118.4000
63.5930	90.3400	116.6000
64.6588	90.6300	115.3000
65.7425	90.7600	115.2000
66.8444	91.0300	114.4000
67.9647	91.3100	113.6000
69.1038	91.4300	113.2000
70.2620	91.4200	112.5000
71.4396	91.4700	110.9000
72.6370	91.6000	109.8000
73.8544	92.0600	107.0000
75.0922	92.5000	104.5000
76.3508	92.4600	104.9000
77.6304	92.6900	105.0000
78.9315	92.8300	101.7000
80.2544	92.8500	102.4000
81.5995	92.8700	101.8000
82.9672	92.9800	100.1000
84.3577	93.1900	98.3000
85.7716	93.3900	95.6000
87.2091	93.6100	94.7000
88.6707	93.6700	94.4000
90.1569	93.8200	94.4000
91.6680	93.8800	93.5000
93.2043	93.9100	91.9000
94.7665	94.1300	89.6000
96.3548	94.2400	87.7000
97.9697	94.3400	85.5000
99.6117	94.5500	82.9000
101.2812	94.6100	81.6000
102.9787	94.6800	80.9000
104.7047	94.6300	80.8000
106.4595	94.7000	79.1000
108.2438	94.7200	80.2000
110.0580	94.8000	79.3000
111.9026	94.8600	77.4000
113.7781	95.0700	75.3000
115.6851	95.3400	74.0000
117.6240	95.3500	73.2000
119.5954	95.2800	73.3000
121.5998	95.2000	69.9000
123.6379	95.1600	67.9000
125.7101	95.3300	67.5000
127.8170	95.3700	66.8000
129.9592	95.4100	67.3000
132.1374	95.3800	66.5000
134.3520	95.4400	65.1000
136.6038	95.4600	63.7000
138.8933	95.6500	62.8000
141.2212	95.7900	61.9000
143.5881	95.8700	61.9000
145.9947	95.6900	61.3000
148.4416	95.6600	59.9000
150.9295	95.8600	58.9000
153.4591	95.9800	57.7000
156.0312	95.9800	56.8000
158.6463	96.1000	55.4000
161.3052	96.0700	53.7000
164.0087	96.0300	52.6000
166.7576	95.9000	52.6000
169.5525	95.7300	52.8000
172.3942	95.7500	51.7000
175.2836	95.8800	51.1000
178.2214	95.9600	51.3000
181.2084	96.1000	52.6000
184.2455	95.8400	50.9000
187.3335	96.0700	48.8000
190.4733	96.2500	48.8000
193.6656	96.1700	48.7000
196.9115	96.1500	46.8000
200.2118	96.1500	46.4000
203.5674	96.0400	47.0000
206.9792	95.9100	46.4000
210.4483	95.9500	45.7000
213.9754	96.1400	46.7000
217.5617	96.2400	47.9000
221.2081	96.2200	47.9000
224.9156	96.3700	46.9000
228.6852	96.7500	47.7000
232.5181	96.9000	47.0000
236.4151	97.0700	46.0000
240.3775	97.1600	44.7000
244.4063	97.2200	44.3000
248.5026	97.4400	43.2000
252.6676	97.8200	43.4000
256.9023	97.7500	41.4000
261.2081	97.9100	38.5000
265.5860	97.8900	37.8000
270.0373	97.9100	36.8000
274.5632	98.0200	36.0000
279.1649	98.0200	34.8000
283.8438	98.0900	32.9000
288.6011	98.1600	31.8000
293.4381	97.9500	31.1000
298.3562	97.9700	28.7000
303.3567	98.0700	28.9000
308.4410	97.9900	28.2000
313.6106	98.0400	27.6000
318.8668	98.0800	25.7000
324.2111	98.1200	23.7000
329.6449	97.6700	22.3000
335.1698	97.6600	21.9000
340.7874	97.6600	22.1000
346.4991	97.4200	21.1000
352.3065	97.3200	21.0000
358.2112	97.2200	20.7000
364.2149	97.1000	22.2000
370.3193	97.1600	21.5000
376.5259	97.1800	23.1000
382.8366	97.3700	22.9000
389.2530	97.5600	22.6000
395.7770	97.6900	21.1000
402.4103	97.6900	20.5000
409.1548	97.7500	18.8000
416.0123	97.5400	19.5000
422.9848	97.7500	20.2000
430.0741	97.9800	18.3000
437.2823	97.9400	16.4000
444.6112	97.9400	14.9000
452.0630	97.8400	14.9000
459.6397	97.8700	13.0000
467.3434	97.6300	11.6000
475.1762	97.4400	11.6000
483.1402	97.4300	11.9000
491.2378	97.3200	12.3000
499.4710	97.5500	11.1000
507.8423	97.3200	9.0000
516.3539	97.0200	8.8000
525.0081	96.8800	10.8000
533.8074	97.0500	10.2000
542.7541	97.0500	9.0000
551.8508	96.8500	8.1000
561.0999	96.9600	8.5000
570.5041	96.7800	7.5000
580.0659	96.5600	8.2000
589.7879	96.6300	8.3000
599.6729	96.6700	7.2000
609.7236	96.3900	7.3000
619.9427	96.3100	8.0000
630.3331	96.5400	10.5000
640.8976	96.6200	9.3000
651.6392	96.8900	7.9000
662.5609	96.9300	4.8000
673.6656	96.1300	4.3000
684.9564	96.1800	5.7000
696.4364	96.3700	4.9000
708.1088	96.0100	4.1000
719.9769	95.7900	5.4000
732.0439	95.7100	6.9000
744.3131	95.7300	5.7000
756.7880	95.7400	6.6000
769.4720	95.5800	7.3000
782.3685	95.6200	7.9000
795.4812	95.7400	7.8000
808.8137	95.7400	7.1000
822.3696	95.5200	8.8000
836.1527	95.4800	9.3000
850.1668	95.3300	11.5000
864.4158	95.6300	15.3000
878.9036	96.3800	15.2000
893.6343	96.7300	12.7000
908.6118	96.8800	11.7000
923.8404	97.0300	10.0000
939.3242	97.0700	8.1000
955.0675	97.2400	7.3000
971.0746	97.3500	4.9000
987.3501	97.1200	1.8000
1003.8983	96.8900	2.1000
1020.7239	96.9400	0.2000
1037.8315	96.9400	-1.0000
1055.2258	96.6800	-1.5000
1072.9116	96.6600	-2.3000
1090.8939	96.5400	-4.5000
1109.1775	96.2000	-4.4000
1127.7676	96.1400	-4.5000
1146.6693	95.9900	-5.6000
1165.8877	95.7800	-5.9000
1185.4283	95.6300	-6.6000
1205.2964	95.3600	-6.8000
1225.4974	95.2400	-4.9000
1246.0371	95.3300	-5.8000
1266.9209	95.2600	-5.9000
1288.1549	95.0100	-7.3000
1309.7446	94.7500	-6.6000
1331.6963	94.6900	-6.3000
1354.0158	94.6700	-6.5000
1376.7095	94.3200	-7.1000
1399.7835	93.9600	-6.3000
1423.2442	94.0900	-5.9000
1447.0981	93.8300	-5.1000
1471.3518	93.6900	-4.4000
1496.0120	93.7100	-3.8000
1521.0856	93.4600	-3.4000
1546.5793	93.3600	-2.3000
1572.5004	93.2900	-1.2000
1598.8559	93.1500	-0.6000
1625.6531	93.1500	0.0000
1652.8994	92.9500	1.0000
1680.6024	92.7300	2.1000
1708.7697	92.8100	5.1000
1737.4091	92.8200	7.0000
1766.5285	93.0200	9.7000
1796.1360	93.4300	11.5000
1826.2397	93.6500	12.1000
1856.8479	93.9900	12.1000
1887.9691	94.4800	13.4000
1919.6120	94.9700	11.5000
1951.7851	95.3000	7.8000
1984.4975	95.2400	5.4000
2017.7582	95.2600	3.9000
2051.5763	95.0500	2.7000
2085.9612	95.0100	3.2000
2120.9224	95.3800	3.8000
2156.4696	95.7000	0.6000
2192.6126	95.9400	-1.9000
2229.3613	96.1800	-8.0000
2266.7259	95.6900	-16.2000
2304.7168	94.3100	-21.4000
2343.3444	92.5500	-18.3000
2382.6195	91.9100	-8.2000
2422.5528	92.3700	-1.1000
2463.1553	93.0700	1.3000
2504.4384	93.7800	0.2000
2546.4134	93.8900	-3.1000
2589.0919	93.8400	-4.5000
2632.4858	93.6200	-6.3000
2676.6069	93.2100	-5.4000
2721.4674	93.0800	-2.9000
2767.0799	93.0600	1.6000
2813.4568	93.9200	4.9000
2860.6111	94.7200	3.9000
2908.5556	95.0500	4.7000
2957.3037	96.7400	12.8000
3006.8689	99.2400	-3.0000
3057.2647	99.5900	-15.9000
3108.5052	99.8100	-27.4000
3160.6045	99.9500	-39.4000
3213.5770	99.6400	-54.1000
3267.4374	98.7300	-68.8000
3322.2004	97.1900	-83.3000
3377.8813	94.9400	-94.1000
3434.4954	92.5100	-100.8000
3492.0584	89.7900	0.9000
3550.5862	87.9000	64.6000
3610.0949	86.2500	66.2000
3670.6009	84.9600	69.7000
3732.1211	84.1900	73.0000
3794.6724	83.9600	-73.6000
3858.2720	84.7400	76.5000
3922.9376	85.1000	66.4000
3988.6870	85.1600	52.7000
4055.5384	85.5300	37.0000
4123.5102	85.8600	8.4000
4192.6212	86.3500	-24.4000
4262.8906	86.5500	-52.0000
4334.3377	86.1900	-80.3000
4406.9822	83.8900	-21.8000
4480.8443	83.3500	54.5000
4555.9444	84.6200	50.3000
4632.3031	87.2000	37.3000
4709.9417	87.0200	4.8000
4788.8814	85.1300	-37.2000
4869.1443	85.4300	-86.5000
4950.7523	84.4500	13.4000
5033.7281	80.7100	13.7000
5118.0947	81.5600	28.1000
5203.8752	83.4500	25.8000
5291.0934	85.0400	17.7000
5379.7734	86.1300	-0.1000
5469.9397	86.0000	-20.0000
5561.6173	84.2400	-50.4000
5654.8313	78.6600	-73.6000
5749.6077	68.5500	-70.1000
5845.9725	77.5500	11.2000
5943.9525	79.5000	-26.2000
6043.5746	74.5500	-76.8000
6144.8664	76.1600	-25.6000
6247.8558	73.4500	-41.2000
6352.5714	70.3200	-25.3000
6459.0421	72.3300	-14.3000
6567.2972	72.8800	-24.1000
6677.3667	72.7200	-32.8000
6789.2810	68.4600	-23.0000
6903.0710	72.3800	-41.3000
7018.7682	71.2500	-50.8000
7136.4045	70.0400	-57.1000
7256.0123	68.8700	-71.5000
7377.6249	66.5900	-84.7000
7501.2757	61.6400	-103.4000
7626.9989	60.1800	51.1000
7754.8293	68.7500	-0.8000
7884.8021	72.1000	-22.2000
8016.9533	73.7900	-47.9000
8151.3194	75.7000	-74.2000
8287.9375	76.2700	-111.8000
8426.8454	74.6800	-150.9000
8568.0814	71.3700	172.6000
8711.6845	70.7800	138.3000
8857.6945	70.1700	106.9000
9006.1516	69.0800	74.6000
9157.0969	65.2700	25.9000
9310.5721	58.7400	-41.6000
9466.6196	64.5200	131.3000
9625.2825	65.8500	48.5000
9786.6046	60.1800	-7.7000
9950.6305	54.8000	-137.2000
10117.4050	60.7500	26.9000
10286.9760	62.0400	-4.2000
10459.3880	60.7600	-54.5000
10634.6900	58.8900	-80.9000
10812.9300	57.0400	-87.0000
10994.1570	57.8200	-48.3000
11178.4220	56.2900	-67.8000
11365.7750	55.5700	-65.6000
11556.2680	57.3600	-72.7000
11749.9540	57.2800	-101.1000
11946.8860	57.1100	-107.1000
12147.1190	58.5200	-110.1000
12350.7080	61.0900	-71.2000
12557.7080	61.0500	131.1000
12768.1790	57.5300	69.6000
12982.1770	48.6800	-49.0000
13199.7610	46.8900	-143.0000
13420.9920	44.8700	-118.0000
13645.9310	52.3500	-134.3000
13874.6410	52.5000	135.2000
14107.1830	44.8900	110.6000
14343.6230	35.1500	62.9000
14584.0250	45.2100	-92.8000
14828.4570	47.5200	-106.3000
15076.9860	45.7700	-155.9000
15329.6800	47.9700	-57.3000
15586.6090	52.3200	-123.7000
15847.8440	50.4000	-140.7000
16113.4580	48.6300	-167.2000
16383.5240	46.7400	145.1000
16658.1150	44.8500	113.0000
16937.3100	41.6200	18.9000
17221.1830	43.3100	-50.4000
17509.8140	44.3600	-106.1000
17803.2830	43.6700	-126.8000
18101.6700	42.2800	-142.4000
18405.0590	42.6200	-159.6000
18713.5320	29.2800	163.5000
19027.1760	34.9800	-138.4000
19346.0760	33.6200	-172.3000
19670.3210	30.2900	-170.5000