19.86599	60.84	122.2
20.19895	60.9	121.7
20.53749	60.98	121.1
20.8817	61.06	120.6
21.23169	61.13	120
21.58753	61.17	119.4
21.94935	61.16	118.8
22.31722	61.02	118.3
22.69126	60.78	117.7
23.07158	60.61	117.1
23.45826	60.78	116.6
23.85143	61.61	116
24.25118	62.99	115.4
24.65764	64.29	114.9
25.07091	65.05	114.3
25.4911	65.36	113.7
25.91834	65.53	113.1
26.35274	65.7	112.5
26.79441	65.97	112
27.2435	66.34	111.4
27.7001	66.77	110.8
28.16436	67.22	110.2
28.63641	67.68	109.7
29.11636	68.13	109.1
29.60436	68.52	108.6
30.10053	68.88	108
30.60502	69.25	107.4
31.11797	69.66	106.9
31.63952	70.1	106.3
32.1698	70.55	105.7
32.70898	70.97	105.2
33.25719	71.36	104.6
33.81459	71.74	104
34.38133	72.11	103.5
34.95757	72.45	102.9
35.54346	72.76	102.3
36.13918	73.04	101.8
36.74488	73.34	101.2
37.36074	73.67	100.7
37.98691	73.98	100.1
38.62358	74.23	99.5
39.27092	74.41	99
39.92911	74.55	98.4
40.59833	74.69	97.9
41.27877	74.92	97.3
41.97061	75.21	96.8
42.67405	75.34	96.2
43.38928	75.26	95.7
44.11649	75.12	95.1
44.8559	75.09	94.5
45.60769	75.17	94
46.37209	75.43	93.5
47.1493	75.83	92.9
47.93953	76.24	92.3
48.74301	76.49	91.8
49.55995	76.65	91.2
50.39059	76.92	90.6
51.23515	77.25	90.1
52.09386	77.5	89.5
52.96697	77.75	89
53.85471	78.07	88.4
54.75733	78.37	87.8
55.67507	78.6	87.3
56.6082	78.83	86.7
57.55697	79.18	86.1
58.52164	79.64	85.6
59.50247	79.98	85
60.49975	80.1	84.5
61.51374	80.19	83.9
62.54472	80.35	83.3
63.59299	80.4	82.7
64.65882	80.37	82.1
65.74252	80.43	81.5
66.84438	80.51	81
67.96471	80.54	80.4
69.10382	80.58	79.8
70.26201	80.73	79.2
71.43962	80.96	78.6
72.63697	81.2	78
73.85438	81.43	77.4
75.0922	81.65	76.8
76.35076	81.87	76.2
77.63042	82.01	75.6
78.93152	82.06	75
80.25443	82.03	74.3
81.59952	81.9	73.7
82.96715	81.65	73.1
84.3577	81.41	72.4
85.77155	81.28	71.8
87.2091	81.29	71.2
88.67075	81.48	70.6
90.15689	81.88	69.9
91.66795	82.44	69.2
93.20432	83.04	68.6
94.76645	83.51	67.9
96.35476	83.75	67.3
97.96969	83.75	66.6
99.61168	83.53	65.9
101.2812	83.19	65.2
102.9787	82.82	64.5
104.70465	82.55	63.8
106.45952	82.52	63.2
108.24381	82.64	62.5
110.058	82.88	61.7
111.9026	83.12	61
113.77812	83.25	60.3
115.68507	83.24	59.6
117.62398	82.95	58.9
119.59538	82.49	58.1
121.59983	82.02	57.4
123.63787	81.66	56.6
125.71007	81.49	55.9
127.81701	81.46	55.1
129.95925	81.51	54.4
132.1374	81.65	53.6
134.35205	81.85	52.8
136.60383	81.92	52
138.89334	81.87	51.3
141.22123	81.66	50.5
143.58813	81.46	49.7
145.9947	81.47	48.9
148.44161	81.65	48
150.92953	81.95	47.2
153.45914	82.26	46.4
156.03116	82.49	45.6
158.64628	82.52	44.7
161.30523	82.41	43.9
164.00874	82.28	43
166.75757	82.28	42.2
169.55247	82.39	41.3
172.39421	82.46	40.5
175.28358	82.37	39.6
178.22137	82.25	38.8
181.2084	82.21	37.9
184.2455	82.26	37
187.3335	82.45	36.2
190.47326	82.64	35.3
193.66564	82.69	34.5
196.91152	82.64	33.6
200.2118	82.53	32.7
203.5674	82.43	31.8
206.97924	82.41	31
210.44827	82.46	30.1
213.97543	82.52	29.2
217.56171	82.56	28.4
221.2081	82.61	27.5
224.9156	82.69	26.7
228.68524	82.72	25.8
232.51806	82.67	25
236.41512	82.55	24.1
240.3775	82.47	23.3
244.40628	82.49	22.5
248.50259	82.56	21.8
252.66756	82.57	21
256.90233	82.53	20.2
261.20807	82.47	19.5
265.58598	82.42	18.7
270.03727	82.36	18
274.56316	82.34	17.4
279.16491	82.34	16.7
283.84378	82.33	16.1
288.60107	82.29	15.5
293.43809	82.23	14.9
298.35619	82.2	14.3
303.35671	82.22	13.8
308.44104	82.24	13.3
313.61059	82.23	12.9
318.86678	82.18	12.5
324.21107	82.11	12.1
329.64492	82.05	11.7
335.16985	82.02	11.4
340.78738	81.99	11.2
346.49906	81.93	10.9
352.30647	81.88	10.7
358.21121	81.85	10.5
364.21492	81.85	10.4
370.31925	81.85	10.3
376.5259	81.82	10.2
382.83656	81.78	10.1
389.253	81.74	10
395.77697	81.71	10
402.41029	81.68	9.9
409.15479	81.66	9.9
416.01232	81.66	9.8
422.98479	81.66	9.8
430.07412	81.66	9.7
437.28226	81.66	9.7
444.61122	81.67	9.6
452.06302	81.65	9.7
459.6397	81.63	9.8
467.34338	81.59	9.9
475.17617	81.52	10
483.14023	81.46	10
491.23778	81.41	9.9
499.47105	81.37	9.8
507.84231	81.34	9.6
516.35387	81.33	9.3
525.00808	81.33	9
533.80735	81.32	8.6
542.75409	81.32	8.1
551.85078	81.31	7.6
561.09994	81.29	7
570.50411	81.27	6.3
580.0659	81.24	5.6
589.78794	81.2	4.9
599.67293	81.12	4.1
609.7236	81.05	3.4
619.94272	80.97	2.8
630.33311	80.87	2.2
640.89765	80.78	1.7
651.63925	80.68	1.4
662.56088	80.59	1.1
673.66556	80.49	0.9
684.95636	80.41	0.8
696.4364	80.33	0.9
708.10884	80.25	1
719.97692	80.19	1.3
732.04391	80.13	1.6
744.31315	80.1	2.1
756.78802	80.09	2.7
769.47197	80.1	3.3
782.36851	80.14	3.9
795.4812	80.21	4.6
808.81366	80.32	5.1
822.36957	80.45	5.5
836.15269	80.61	5.8
850.16681	80.78	5.8
864.41582	80.97	5.6
878.90364	81.16	5.1
893.63428	81.34	4.4
908.61181	81.52	3.4
923.84036	81.66	2.2
939.32415	81.78	0.8
955.06746	81.86	-0.7
971.07462	81.9	-2.4
987.35007	81.89	-4
1003.8983	81.84	-5.6
1020.7239	81.74	-7.1
1037.8315	81.6	-8.5
1055.2258	81.43	-9.5
1072.9116	81.23	-10.2
1090.8939	81.04	-10.5
1109.1775	80.85	-10.5
1127.7676	80.7	-10.1
1146.6693	80.6	-9.4
1165.8877	80.55	-8.7
1185.4283	80.57	-8
1205.2964	80.63	-7.6
1225.4974	80.73	-7.4
1246.0371	80.83	-7.5
1266.9209	80.91	-7.9
1288.1549	80.97	-8.5
1309.7446	80.99	-9.2
1331.6963	80.98	-9.8
1354.0158	80.93	-10.2
1376.7095	80.89	-10.3
1399.7835	80.86	-10.2
1423.2442	80.88	-9.9
1447.0981	80.95	-9.6
1471.3518	81.08	-9.5
1496.012	81.25	-9.7
1521.0856	81.42	-10.4
1546.5793	81.57	-11.5
1572.5004	81.67	-13
1598.8559	81.69	-14.7
1625.6531	81.63	-16.2
1652.8994	81.52	-17.3
1680.6024	81.39	-18
1708.7697	81.28	-18.1
1737.4091	81.24	-17.9
1766.5285	81.29	-17.7
1796.136	81.41	-17.9
1826.2397	81.56	-18.6
1856.8479	81.69	-19.9
1887.9691	81.74	-21.6
1919.612	81.69	-23.4
1951.7851	81.56	-24.9
1984.4975	81.4	-25.7
2017.7582	81.25	-26
2051.5763	81.19	-25.9
2085.9612	81.21	-25.9
2120.9224	81.27	-26.5
2156.4696	81.3	-27.5
2192.6126	81.25	-28.8
2229.3613	81.1	-29.9
2266.7259	80.9	-30.1
2304.7168	80.74	-29.5
2343.3444	80.71	-28.3
2382.6195	80.84	-27.2
2422.5528	81.07	-27
2463.1553	81.29	-27.5
2504.4384	81.44	-28.6
2546.4134	81.51	-29.5
2589.0919	81.56	-30.1
2632.4858	81.65	-30.3
2676.6069	81.83	-30.6
2721.4674	82.07	-31.4
2767.0799	82.3	-32.7
2813.4568	82.48	-34.2
2860.6111	82.63	-35.8
2908.5556	82.79	-37.3
2957.3037	82.99	-38.9
3006.8689	83.23	-40.8
3057.2647	83.44	-43.4
3108.5052	83.59	-46.3
3160.6045	83.67	-49.2
3213.577	83.75	-51.7
3267.4374	83.91	-54.2
3322.2004	84.16	-57.4
3377.8813	84.38	-62.1
3434.4954	84.45	-67.9
3492.0584	84.27	-74.3
3550.5862	83.85	-80.5
3610.0949	83.24	-86
3670.6009	82.47	-90.7
3732.1211	81.58	-94.4
3794.6724	80.55	-97
3858.272	79.45	-97.8
3922.9376	78.36	-96.8
3988.687	77.38	-94
4055.5384	76.59	-89.7
4123.5102	76.06	-84.1
4192.6212	75.89	-77.8
4262.8906	76.14	-72.4
4334.3377	76.6	-69.1
4406.9822	77.01	-67.4
4480.8443	77.35	-66.2
4555.9444	77.74	-64.9
4632.3031	78.19	-64.5
4709.9417	78.63	-64.7
4788.8814	79.03	-65.2
4869.1443	79.46	-66.1
4950.7523	79.87	-67.4
5033.7281	80.27	-68.9
5118.0947	80.7	-70.8
5203.8752	81.14	-73.4
5291.0934	81.48	-76.3
5379.7734	81.78	-78.8
5469.9397	82.24	-81
5561.6173	82.84	-84.1
5654.8313	83.48	-88.5
5749.6077	84.16	-94
5845.9725	84.88	-101.6
5943.9525	85.39	-112.1
6043.5746	85.44	-124.3
6144.8664	84.99	-136.6
6247.8558	84.07	-147.7
6352.5714	82.86	-156.5
6459.0421	81.54	-163.4
6567.2972	80.03	-168.4
6677.3667	78.43	-170.1
6789.281	77.14	-168.4
6903.071	76.33	-166
7018.7682	75.75	-164.8
7136.4045	75.21	-163.4
7256.0123	74.88	-162
7377.6249	74.66	-161.1
7501.2757	74.58	-160
7626.9989	74.85	-159.4
7754.8293	75.42	-162.1
7884.8021	75.71	-169.1
8016.9533	75.38	-178
8151.3194	74.54	175.3
8287.9375	73.39	170.3
8426.8454	72.17	168.5
8568.0814	71.2	168.7
8711.6845	70.38	168.9
8857.6945	69.58	169.9
9006.1516	68.86	171.7
9157.0969	68.32	174.5
9310.5721	68	177.3
9466.6196	67.81	110.4
9625.2825	67.75	-177
9786.6046	68.13	-173.4
9950.6305	69.17	-172.1
10117.405	70.35	92.8
10286.976	70.36	169.8
10459.388	69.45	162.9
10634.69	68.83	160.6
10812.93	68.52	156.6
10994.157	67.78	152.8
11178.422	67.27	152.5
11365.775	67.35	149
11556.268	66.69	140.6
11749.954	64.79	135.6
11946.886	62.66	143.1
12147.119	62.13	158
12350.708	62.9	171.5
12557.708	64.93	-176.1
12768.179	68.97	-170.3
12982.177	73.93	168.2
13199.761	77.36	139.7
13420.992	77.22	95.4
13645.931	74.41	60.4
13874.641	70.88	33.6
14107.183	67.03	6.4
14343.623	62.01	-30
14584.025	56.98	-79.5
14828.457	55.83	-145.9
15076.986	58.22	164.1
15329.68	60.75	130.1
15586.609	62.59	101.4
15847.844	62.26	70.3
16113.458	59.29	52.5
16383.524	57.4	48.9
16658.115	55.99	45
16937.31	54.82	45.7
17221.183	54.68	45.1
17509.814	54.47	36.9
17803.283	53.47	27.9
18101.67	52.41	21
18405.059	51.29	13.4
18713.532	50.93	2.3
19027.176	50.44	-21.1
19346.076	47.5	-53.5
19670.321	42.84	-94.1
20000	39.63	-120.3
