19.8660	58.3000	136.0000
20.1989	59.3700	135.5000
20.5375	60.5700	135.0000
20.8817	61.9000	134.4000
21.2317	63.1400	133.8000
21.5875	64.0600	133.2000
21.9493	64.5000	132.7000
22.3172	64.5300	132.0000
22.6913	64.3300	131.4000
23.0716	64.0900	130.8000
23.4583	63.9800	130.2000
23.8514	64.0300	129.6000
24.2512	64.2200	129.0000
24.6576	64.4500	128.4000
25.0709	64.6700	127.8000
25.4911	64.8700	127.2000
25.9183	65.0900	126.6000
26.3527	65.3700	126.0000
26.7944	65.7600	125.3000
27.2435	66.2400	124.7000
27.7001	66.7300	124.1000
28.1644	67.1800	123.4000
28.6364	67.5800	122.8000
29.1164	67.9900	122.2000
29.6044	68.4400	121.6000
30.1005	68.9200	121.0000
30.6050	69.3900	120.3000
31.1180	69.8200	119.7000
31.6395	70.2100	119.0000
32.1698	70.5800	118.4000
32.7090	70.9600	117.7000
33.2572	71.3500	117.1000
33.8146	71.7400	116.4000
34.3813	72.1400	115.8000
34.9576	72.5100	115.2000
35.5435	72.8400	114.5000
36.1392	73.1300	113.9000
36.7449	73.4100	113.2000
37.3607	73.6800	112.6000
37.9869	73.9500	111.9000
38.6236	74.2000	111.2000
39.2709	74.4200	110.6000
39.9291	74.6000	109.9000
40.5983	74.7800	109.3000
41.2788	74.9800	108.7000
41.9706	75.2300	108.0000
42.6741	75.4600	107.3000
43.3893	75.6600	106.7000
44.1165	75.8900	106.0000
44.8559	76.1700	105.3000
45.6077	76.3400	104.7000
46.3721	76.3900	104.0000
47.1493	76.4900	103.4000
47.9395	76.7100	102.7000
48.7430	76.9700	102.1000
49.5600	77.2000	101.4000
50.3906	77.4600	100.7000
51.2351	77.7700	100.1000
52.0939	78.1100	99.4000
52.9670	78.4500	98.8000
53.8547	78.7500	98.1000
54.7573	79.0200	97.4000
55.6751	79.3000	96.7000
56.6082	79.6300	96.1000
57.5570	79.9600	95.4000
58.5216	80.1600	94.7000
59.5025	80.2600	94.1000
60.4997	80.5100	93.4000
61.5137	80.9800	92.7000
62.5447	81.3200	92.0000
63.5930	81.4600	91.4000
64.6588	81.5400	90.7000
65.7425	81.6300	90.0000
66.8444	81.7200	89.3000
67.9647	81.8400	88.6000
69.1038	82.0300	87.9000
70.2620	82.2800	87.3000
71.4396	82.6100	86.6000
72.6370	82.9600	85.9000
73.8544	83.3000	85.2000
75.0922	83.6000	84.5000
76.3508	83.8300	83.8000
77.6304	83.9800	83.1000
78.9315	84.0200	82.4000
80.2544	83.9800	81.7000
81.5995	83.8600	81.0000
82.9672	83.7100	80.3000
84.3577	83.6000	79.6000
85.7716	83.6100	78.8000
87.2091	83.8300	78.1000
88.6707	84.2200	77.4000
90.1569	84.7500	76.7000
91.6680	85.3900	75.9000
93.2043	85.9600	75.2000
94.7665	86.3200	74.5000
96.3548	86.4100	73.7000
97.9697	86.2700	73.0000
99.6117	85.9400	72.2000
101.2812	85.5600	71.5000
102.9787	85.2800	70.7000
104.7047	85.2200	70.0000
106.4595	85.3400	69.2000
108.2438	85.6400	68.4000
110.0580	85.9900	67.7000
111.9026	86.2900	66.9000
113.7781	86.4500	66.1000
115.6851	86.4400	65.3000
117.6240	86.2200	64.5000
119.5954	85.8800	63.7000
121.5998	85.3400	62.9000
123.6379	84.8300	62.1000
125.7101	84.6900	61.3000
127.8170	84.7200	60.5000
129.9592	84.7400	59.7000
132.1374	84.7300	58.8000
134.3520	84.7100	58.0000
136.6038	84.6000	57.2000
138.8933	84.4000	56.3000
141.2212	84.2600	55.5000
143.5881	84.2800	54.6000
145.9947	84.5100	53.7000
148.4416	84.9200	52.9000
150.9295	85.3800	52.0000
153.4591	85.7200	51.1000
156.0312	85.8000	50.2000
158.6463	85.6400	49.3000
161.3052	85.3900	48.5000
164.0087	85.3900	47.6000
166.7576	85.6000	46.7000
169.5525	85.7900	45.7000
172.3942	85.7400	44.8000
175.2836	85.4700	43.9000
178.2214	85.2100	43.0000
181.2084	85.2400	42.1000
184.2455	85.6200	41.2000
187.3335	85.9700	40.2000
190.4733	86.1200	39.3000
193.6656	86.0900	38.4000
196.9115	85.9400	37.4000
200.2118	85.7600	36.5000
203.5674	85.7100	35.6000
206.9792	85.7900	34.6000
210.4483	85.8800	33.7000
213.9754	85.8700	32.7000
217.5617	85.8600	31.8000
221.2081	85.9500	30.8000
224.9156	86.1100	29.9000
228.6852	86.1500	29.0000
232.5181	86.0000	28.1000
236.4151	85.8500	27.2000
240.3775	85.8300	26.2000
244.4063	85.9300	25.3000
248.5026	85.9600	24.4000
252.6676	85.9100	23.5000
256.9023	85.8500	22.7000
261.2081	85.8300	21.8000
265.5860	85.7800	21.0000
270.0373	85.7100	20.1000
274.5632	85.6800	19.3000
279.1649	85.6900	18.5000
283.8438	85.7000	17.7000
288.6011	85.6400	16.9000
293.4381	85.5600	16.2000
298.3562	85.5600	15.5000
303.3567	85.6100	14.8000
308.4410	85.6200	14.1000
313.6106	85.6100	13.5000
318.8668	85.5800	12.9000
324.2111	85.5300	12.3000
329.6449	85.4800	11.8000
335.1698	85.4500	11.2000
340.7874	85.4100	10.7000
346.4991	85.3500	10.3000
352.3065	85.3000	9.8000
358.2112	85.2900	9.4000
364.2149	85.3000	9.0000
370.3193	85.3000	8.7000
376.5259	85.2700	8.4000
382.8366	85.2200	8.1000
389.2530	85.1800	7.8000
395.7770	85.1400	7.6000
402.4103	85.1000	7.3000
409.1548	85.0600	7.1000
416.0123	85.0400	6.9000
422.9848	85.0100	6.7000
430.0741	84.9800	6.5000
437.2823	84.9500	6.3000
444.6112	84.9500	6.1000
452.0630	84.9200	6.1000
459.6397	84.9100	6.1000
467.3434	84.8900	6.1000
475.1762	84.8300	6.1000
483.1402	84.7600	6.1000
491.2378	84.7000	6.0000
499.4710	84.6500	5.9000
507.8423	84.6200	5.7000
516.3539	84.6200	5.4000
525.0081	84.6200	5.1000
533.8074	84.6300	4.7000
542.7541	84.6400	4.2000
551.8508	84.6500	3.6000
561.0999	84.6500	3.0000
570.5041	84.6400	2.2000
580.0659	84.6400	1.3000
589.7879	84.6200	0.5000
599.6729	84.5900	-0.4000
609.7236	84.5400	-1.2000
619.9427	84.4900	-2.0000
630.3331	84.4200	-2.7000
640.8976	84.3400	-3.4000
651.6392	84.2600	-4.0000
662.5609	84.1600	-4.5000
673.6656	84.0600	-5.0000
684.9564	83.9500	-5.3000
696.4364	83.8400	-5.4000
708.1088	83.7300	-5.4000
719.9769	83.6200	-5.4000
732.0439	83.5300	-5.1000
744.3131	83.4500	-4.7000
756.7880	83.4000	-4.2000
769.4720	83.3700	-3.6000
782.3685	83.3700	-2.9000
795.4812	83.4200	-2.2000
808.8137	83.4800	-1.6000
822.3696	83.5900	-1.1000
836.1527	83.7300	-0.8000
850.1668	83.9000	-0.7000
864.4158	84.0700	-0.9000
878.9036	84.2500	-1.4000
893.6343	84.4200	-2.0000
908.6118	84.5700	-3.1000
923.8404	84.7200	-4.2000
939.3242	84.8200	-5.7000
955.0675	84.8800	-7.2000
971.0746	84.9000	-8.9000
987.3501	84.8700	-10.5000
1003.8983	84.8000	-12.1000
1020.7239	84.6700	-13.6000
1037.8315	84.5000	-14.8000
1055.2258	84.3000	-15.8000
1072.9116	84.0900	-16.3000
1090.8939	83.8700	-16.4000
1109.1775	83.6800	-16.0000
1127.7676	83.5300	-15.4000
1146.6693	83.4600	-14.4000
1165.8877	83.4600	-13.4000
1185.4283	83.5400	-12.7000
1205.2964	83.6700	-12.2000
1225.4974	83.8300	-12.2000
1246.0371	83.9900	-12.6000
1266.9209	84.1100	-13.4000
1288.1549	84.2000	-14.5000
1309.7446	84.2200	-15.6000
1331.6963	84.2000	-16.6000
1354.0158	84.1300	-17.5000
1376.7095	84.0400	-17.9000
1399.7835	83.9600	-18.0000
1423.2442	83.9400	-17.7000
1447.0981	83.9900	-17.2000
1471.3518	84.1000	-17.0000
1496.0120	84.2800	-17.2000
1521.0856	84.4700	-17.9000
1546.5793	84.6500	-19.2000
1572.5004	84.7600	-20.8000
1598.8559	84.7900	-22.7000
1625.6531	84.7300	-24.5000
1652.8994	84.6000	-26.0000
1680.6024	84.4400	-26.8000
1708.7697	84.3000	-27.0000
1737.4091	84.2300	-26.7000
1766.5285	84.2600	-26.4000
1796.1360	84.3900	-26.4000
1826.2397	84.5700	-27.0000
1856.8479	84.7300	-28.1000
1887.9691	84.8300	-29.9000
1919.6120	84.8500	-31.8000
1951.7851	84.7900	-33.4000
1984.4975	84.7000	-34.8000
2017.7582	84.6100	-35.8000
2051.5763	84.5700	-36.6000
2085.9612	84.5700	-37.7000
2120.9224	84.5700	-39.2000
2156.4696	84.5000	-41.1000
2192.6126	84.3100	-43.1000
2229.3613	84.0000	-44.4000
2266.7259	83.6100	-44.6000
2304.7168	83.3100	-43.3000
2343.3444	83.2100	-41.1000
2382.6195	83.3800	-39.1000
2422.5528	83.7300	-38.4000
2463.1553	84.0700	-39.1000
2504.4384	84.2800	-40.6000
2546.4134	84.3800	-42.1000
2589.0919	84.4500	-42.9000
2632.4858	84.5900	-43.2000
2676.6069	84.8900	-43.7000
2721.4674	85.2700	-45.3000
2767.0799	85.6100	-48.1000
2813.4568	85.8000	-51.7000
2860.6111	85.8200	-55.2000
2908.5556	85.7600	-57.9000
2957.3037	85.7800	-59.8000
3006.8689	85.9500	-62.0000
3057.2647	86.2100	-65.4000
3108.5052	86.3500	-70.5000
3160.6045	86.2700	-76.4000
3213.5770	85.9100	-82.1000
3267.4374	85.3800	-86.8000
3322.2004	84.8000	-90.5000
3377.8813	84.2200	-93.9000
3434.4954	83.5400	-97.4000
3492.0584	82.6200	-100.1000
3550.5862	81.5600	-100.4000
3610.0949	80.7300	-97.7000
3670.6009	80.3900	-94.9000
3732.1211	80.2400	-94.3000
3794.6724	79.8100	-95.3000
3858.2720	79.0700	-94.5000
3922.9376	78.4700	-90.9000
3988.6870	78.2800	-86.8000
4055.5384	78.2000	-84.2000
4123.5102	77.9900	-81.2000
4192.6212	78.0000	-76.2000
4262.8906	78.4800	-72.2000
4334.3377	79.0300	-71.1000
4406.9822	79.3000	-70.6000
4480.8443	79.5900	-68.6000
4555.9444	80.2400	-66.7000
4632.3031	81.0300	-67.1000
4709.9417	81.6700	-68.6000
4788.8814	82.3600	-70.4000
4869.1443	83.0600	-74.1000
4950.7523	83.4100	-79.0000
5033.7281	83.5000	-81.5000
5118.0947	84.0700	-82.1000
5203.8752	85.0700	-86.8000
5291.0934	85.5800	-95.6000
5379.7734	85.3800	-103.4000
5469.9397	85.0700	-107.2000
5561.6173	85.1900	-109.6000
5654.8313	85.5500	-113.8000
5749.6077	85.9800	-119.3000
5845.9725	86.4300	-127.2000
5943.9525	86.5700	-137.6000
6043.5746	86.2700	-148.7000
6144.8664	85.5600	-159.6000
6247.8558	84.3400	-169.5000
6352.5714	82.7700	-175.2000
6459.0421	81.5400	-177.3000
6567.2972	80.6700	-178.8000
6677.3667	79.6400	176.4000
6789.2810	78.2600	174.8000
6903.0710	77.2000	177.6000
7018.7682	76.7100	179.0000
7136.4045	76.0000	-179.9000
7256.0123	75.6300	-176.7000
7377.6249	75.6000	-174.7000
7501.2757	75.7300	-174.1000
7626.9989	75.9200	-173.9000
7754.8293	76.6300	-176.1000
7884.8021	76.9700	175.3000
8016.9533	76.4400	166.6000
8151.3194	75.4900	159.6000
8287.9375	74.1300	155.9000
8426.8454	72.9600	155.6000
8568.0814	72.0500	157.7000
8711.6845	71.7000	158.8000
8857.6945	71.2500	158.2000
9006.1516	70.6000	158.7000
9157.0969	70.3000	161.9000
9310.5721	70.5100	163.4000
9466.6196	70.4500	161.5000
9625.2825	70.3400	162.3000
9786.6046	70.3400	160.8000
9950.6305	70.6400	161.4000
10117.4050	71.0400	154.6000
10286.9760	70.0700	151.5000
10459.3880	69.9700	153.4000
10634.6900	70.0000	158.5000
10812.9300	71.8100	156.8000
10994.1570	72.8700	146.1000
11178.4220	73.2300	135.5000
11365.7750	73.8800	116.6000
11556.2680	71.2000	97.0000
11749.9540	68.9000	91.5000
11946.8860	65.8700	93.7000
12147.1190	63.7500	100.8000
12350.7080	63.1400	132.3000
12557.7080	66.9800	152.3000
12768.1790	73.0500	149.5000
12982.1770	78.0200	114.3000
13199.7610	78.9800	62.5000
13420.9920	74.8900	23.3000
13645.9310	71.8400	14.0000
13874.6410	71.6600	-6.5000
14107.1830	70.5300	-52.7000
14343.6230	63.6800	-106.5000
14584.0250	56.8600	-143.0000
14828.4570	52.1900	176.5000
15076.9860	53.8800	141.6000
15329.6800	54.6700	114.0000
15586.6090	54.9000	101.0000
15847.8440	57.4400	115.1000
16113.4580	60.5800	86.9000
16383.5240	63.6600	65.0000
16658.1150	62.5500	-14.5000
16937.3100	49.9800	9.1000
17221.1830	50.3000	3.4000
17509.8140	49.3600	11.3000
17803.2830	48.0200	20.7000
18101.6700	47.3600	19.6000
18405.0590	45.7600	-0.2000
18713.5320	41.8400	6.7000
19027.1760	41.2000	11.0000
19346.0760	44.6100	19.7000
19670.3210	47.9000	16.8000