19.8660	68.9800	106.0000
20.1989	69.2700	105.5000
20.5375	69.5700	105.1000
20.8817	69.8900	104.7000
21.2317	70.2100	104.2000
21.5875	70.5000	103.8000
21.9493	70.7600	103.3000
22.3172	70.9700	102.9000
22.6913	71.1600	102.4000
23.0716	71.3500	102.0000
23.4583	71.5700	101.6000
23.8514	71.8500	101.1000
24.2512	72.1700	100.7000
24.6576	72.5000	100.3000
25.0709	72.8200	99.9000
25.4911	73.1300	99.4000
25.9183	73.4200	99.0000
26.3527	73.7000	98.6000
26.7944	73.9800	98.1000
27.2435	74.2500	97.7000
27.7001	74.5600	97.2000
28.1644	74.9200	96.8000
28.6364	75.3300	96.4000
29.1164	75.7400	96.0000
29.6044	76.1000	95.5000
30.1005	76.4200	95.1000
30.6050	76.7300	94.7000
31.1180	77.0600	94.2000
31.6395	77.4100	93.8000
32.1698	77.7600	93.4000
32.7090	78.1000	93.0000
33.2572	78.4200	92.6000
33.8146	78.7600	92.2000
34.3813	79.1100	91.8000
34.9576	79.4600	91.3000
35.5435	79.8200	90.9000
36.1392	80.1500	90.5000
36.7449	80.4500	90.1000
37.3607	80.7100	89.6000
37.9869	80.9600	89.2000
38.6236	81.2200	88.8000
39.2709	81.4900	88.4000
39.9291	81.7700	87.9000
40.5983	82.0300	87.5000
41.2788	82.2100	87.1000
41.9706	82.3500	86.6000
42.6741	82.4900	86.2000
43.3893	82.6800	85.8000
44.1165	82.8300	85.4000
44.8559	82.9200	84.9000
45.6077	82.9900	84.5000
46.3721	83.0600	84.1000
47.1493	83.1200	83.6000
47.9395	83.1900	83.2000
48.7430	83.3000	82.7000
49.5600	83.4500	82.3000
50.3906	83.6300	81.8000
51.2351	83.7700	81.4000
52.0939	83.8800	80.9000
52.9670	83.9800	80.5000
53.8547	84.0900	80.0000
54.7573	84.2000	79.6000
55.6751	84.3200	79.1000
56.6082	84.5200	78.7000
57.5570	84.8000	78.2000
58.5216	85.1500	77.7000
59.5025	85.4700	77.3000
60.4997	85.6000	76.8000
61.5137	85.6200	76.3000
62.5447	85.6900	75.8000
63.5930	85.7800	75.3000
64.6588	85.7700	74.8000
65.7425	85.5600	74.3000
66.8444	85.2300	73.9000
67.9647	84.9300	73.4000
69.1038	84.7300	72.9000
70.2620	84.5800	72.3000
71.4396	84.5400	71.8000
72.6370	84.6500	71.3000
73.8544	84.9300	70.8000
75.0922	85.2700	70.3000
76.3508	85.5400	69.7000
77.6304	85.7000	69.2000
78.9315	85.7700	68.7000
80.2544	85.8100	68.1000
81.5995	85.8300	67.6000
82.9672	85.8400	67.0000
84.3577	85.8300	66.4000
85.7716	85.8300	65.8000
87.2091	85.8400	65.3000
88.6707	85.8700	64.7000
90.1569	85.9400	64.1000
91.6680	86.1000	63.5000
93.2043	86.3000	62.9000
94.7665	86.5400	62.3000
96.3548	86.7900	61.7000
97.9697	86.9500	61.1000
99.6117	87.0300	60.5000
101.2812	87.0300	59.9000
102.9787	86.9600	59.2000
104.7047	86.8800	58.6000
106.4595	86.8300	57.9000
108.2438	86.8400	57.3000
110.0580	86.9300	56.6000
111.9026	87.0800	55.9000
113.7781	87.2400	55.2000
115.6851	87.3500	54.6000
117.6240	87.4200	53.9000
119.5954	87.4400	53.2000
121.5998	87.3300	52.5000
123.6379	87.1300	51.8000
125.7101	86.9800	51.0000
127.8170	86.8800	50.3000
129.9592	86.8500	49.6000
132.1374	86.9100	48.8000
134.3520	87.0100	48.1000
136.6038	87.1300	47.3000
138.8933	87.2000	46.6000
141.2212	87.1900	45.8000
143.5881	87.1100	45.0000
145.9947	87.0600	44.2000
148.4416	87.0900	43.4000
150.9295	87.1900	42.6000
153.4591	87.2800	41.8000
156.0312	87.3100	41.0000
158.6463	87.2900	40.2000
161.3052	87.2000	39.4000
164.0087	87.0800	38.5000
166.7576	86.9800	37.7000
169.5525	86.9300	36.9000
172.3942	86.9500	36.0000
175.2836	87.0100	35.1000
178.2214	87.0200	34.3000
181.2084	86.9600	33.4000
184.2455	86.9200	32.6000
187.3335	86.8800	31.7000
190.4733	86.8700	30.8000
193.6656	86.8900	30.0000
196.9115	86.9100	29.1000
200.2118	86.9400	28.2000
203.5674	86.9800	27.3000
206.9792	87.0200	26.5000
210.4483	87.0600	25.6000
213.9754	87.1000	24.7000
217.5617	87.1200	23.9000
221.2081	87.1300	23.0000
224.9156	87.1500	22.1000
228.6852	87.1700	21.2000
232.5181	87.1500	20.4000
236.4151	87.0800	19.5000
240.3775	87.0400	18.7000
244.4063	87.0400	17.9000
248.5026	87.0400	17.1000
252.6676	87.0300	16.3000
256.9023	87.0100	15.5000
261.2081	86.9600	14.8000
265.5860	86.9000	14.0000
270.0373	86.8300	13.3000
274.5632	86.7700	12.6000
279.1649	86.7400	11.9000
283.8438	86.7300	11.3000
288.6011	86.6900	10.6000
293.4381	86.6300	10.0000
298.3562	86.5900	9.5000
303.3567	86.5900	8.9000
308.4410	86.6100	8.5000
313.6106	86.6200	8.0000
318.8668	86.5900	7.6000
324.2111	86.5300	7.3000
329.6449	86.4400	7.0000
335.1698	86.3600	6.7000
340.7874	86.3000	6.5000
346.4991	86.2200	6.3000
352.3065	86.1300	6.2000
358.2112	86.0700	6.1000
364.2149	86.0300	6.1000
370.3193	86.0200	6.1000
376.5259	85.9900	6.2000
382.8366	85.9200	6.3000
389.2530	85.8300	6.4000
395.7770	85.7600	6.6000
402.4103	85.7300	6.8000
409.1548	85.7000	7.0000
416.0123	85.6700	7.3000
422.9848	85.6200	7.5000
430.0741	85.5800	7.8000
437.2823	85.5500	8.0000
444.6112	85.5400	8.3000
452.0630	85.4500	8.6000
459.6397	85.3700	8.9000
467.3434	85.2900	9.3000
475.1762	85.2100	9.7000
483.1402	85.1500	10.1000
491.2378	85.1200	10.5000
499.4710	85.1200	10.8000
507.8423	85.1400	11.1000
516.3539	85.1700	11.4000
525.0081	85.2300	11.5000
533.8074	85.2900	11.6000
542.7541	85.3800	11.5000
551.8508	85.4700	11.2000
561.0999	85.5600	10.9000
570.5041	85.6500	10.4000
580.0659	85.7400	9.7000
589.7879	85.8300	8.8000
599.6729	85.9200	7.9000
609.7236	86.0000	6.8000
619.9427	86.0700	5.8000
630.3331	86.1300	4.6000
640.8976	86.1800	3.5000
651.6392	86.2100	2.3000
662.5609	86.2200	1.2000
673.6656	86.2100	0.0000
684.9564	86.1800	-1.1000
696.4364	86.1400	-2.1000
708.1088	86.0800	-3.1000
719.9769	86.0000	-3.9000
732.0439	85.9200	-4.7000
744.3131	85.8300	-5.3000
756.7880	85.7400	-5.7000
769.4720	85.6500	-6.0000
782.3685	85.5700	-6.2000
795.4812	85.5000	-6.3000
808.8137	85.4600	-6.3000
822.3696	85.4300	-6.2000
836.1527	85.4400	-6.1000
850.1668	85.4600	-6.0000
864.4158	85.5100	-6.1000
878.9036	85.5700	-6.3000
893.6343	85.6400	-6.7000
908.6118	85.7100	-7.2000
923.8404	85.7700	-7.9000
939.3242	85.8200	-8.8000
955.0675	85.8500	-9.8000
971.0746	85.8400	-10.8000
987.3501	85.8100	-11.9000
1003.8983	85.7400	-13.0000
1020.7239	85.6400	-14.0000
1037.8315	85.5100	-14.8000
1055.2258	85.3700	-15.3000
1072.9116	85.2100	-15.6000
1090.8939	85.0600	-15.5000
1109.1775	84.9300	-15.2000
1127.7676	84.8400	-14.7000
1146.6693	84.7900	-14.0000
1165.8877	84.8000	-13.4000
1185.4283	84.8500	-12.8000
1205.2964	84.9400	-12.5000
1225.4974	85.0500	-12.4000
1246.0371	85.1500	-12.7000
1266.9209	85.2400	-13.1000
1288.1549	85.2900	-13.6000
1309.7446	85.3200	-14.1000
1331.6963	85.3200	-14.5000
1354.0158	85.3200	-14.7000
1376.7095	85.3300	-14.6000
1399.7835	85.3900	-14.3000
1423.2442	85.5000	-14.0000
1447.0981	85.6800	-13.8000
1471.3518	85.9100	-14.0000
1496.0120	86.1800	-14.6000
1521.0856	86.4300	-15.8000
1546.5793	86.6600	-17.6000
1572.5004	86.8200	-19.7000
1598.8559	86.9000	-21.9000
1625.6531	86.9100	-24.1000
1652.8994	86.8500	-26.1000
1680.6024	86.7600	-27.7000
1708.7697	86.6800	-28.9000
1737.4091	86.6300	-29.9000
1766.5285	86.6300	-30.8000
1796.1360	86.6700	-31.8000
1826.2397	86.7300	-33.3000
1856.8479	86.7700	-35.2000
1887.9691	86.7600	-37.3000
1919.6120	86.6700	-39.5000
1951.7851	86.5300	-41.5000
1984.4975	86.3400	-43.1000
2017.7582	86.1700	-44.5000
2051.5763	86.0200	-45.6000
2085.9612	85.9000	-46.8000
2120.9224	85.7700	-48.3000
2156.4696	85.6100	-49.9000
2192.6126	85.3600	-51.6000
2229.3613	85.0400	-52.9000
2266.7259	84.6800	-53.5000
2304.7168	84.3500	-53.3000
2343.3444	84.1200	-52.6000
2382.6195	84.0000	-51.9000
2422.5528	83.9400	-51.7000
2463.1553	83.8800	-51.9000
2504.4384	83.7600	-52.3000
2546.4134	83.6000	-52.4000
2589.0919	83.4400	-51.9000
2632.4858	83.3500	-51.0000
2676.6069	83.3700	-50.1000
2721.4674	83.4700	-49.6000
2767.0799	83.5800	-49.7000
2813.4568	83.6400	-50.0000
2860.6111	83.6700	-50.3000
2908.5556	83.7100	-50.4000
2957.3037	83.7900	-50.4000
3006.8689	83.9300	-50.7000
3057.2647	84.0600	-51.6000
3108.5052	84.1100	-52.9000
3160.6045	84.0800	-53.9000
3213.5770	84.0200	-54.4000
3267.4374	84.0100	-54.3000
3322.2004	84.0900	-54.1000
3377.8813	84.2100	-54.4000
3434.4954	84.3200	-54.9000
3492.0584	84.4000	-55.3000
3550.5862	84.5000	-55.4000
3610.0949	84.6300	-55.3000
3670.6009	84.8000	-55.0000
3732.1211	85.0500	-54.3000
3794.6724	85.4400	-53.4000
3858.2720	86.0200	-52.7000
3922.9376	86.8100	-52.7000
3988.6870	87.8100	-54.2000
4055.5384	88.9100	-58.4000
4123.5102	89.8700	-65.7000
4192.6212	90.4200	-75.3000
4262.8906	90.4200	-85.4000
4334.3377	89.9300	-93.7000
4406.9822	89.2600	-99.0000
4480.8443	88.7700	-101.6000
4555.9444	88.6300	-103.4000
4632.3031	88.7300	-106.6000
4709.9417	88.7900	-111.5000
4788.8814	88.6500	-116.8000
4869.1443	88.4200	-121.3000
4950.7523	88.2800	-125.6000
5033.7281	88.1800	-130.8000
5118.0947	87.9000	-136.8000
5203.8752	87.4000	-142.4000
5291.0934	86.7900	-146.9000
5379.7734	86.2000	-150.2000
5469.9397	85.6900	-152.6000
5561.6173	85.3300	-154.9000
5654.8313	85.0600	-157.7000
5749.6077	84.7800	-161.0000
5845.9725	84.5100	-164.3000
5943.9525	84.2800	-168.1000
6043.5746	83.9500	-172.7000
6144.8664	83.5100	-176.9000
6247.8558	83.1100	179.3000
6352.5714	82.7100	174.6000
6459.0421	82.2200	169.4000
6567.2972	81.5900	163.9000
6677.3667	80.7400	158.4000
6789.2810	79.6800	154.0000
6903.0710	78.5300	150.9000
7018.7682	77.2100	149.6000
7136.4045	75.9300	152.1000
7256.0123	75.3300	157.3000
7377.6249	75.3100	160.2000
7501.2757	75.3900	160.6000
7626.9989	75.4200	159.6000
7754.8293	75.4700	157.7000
7884.8021	75.4600	154.0000
8016.9533	75.1500	149.1000
8151.3194	74.5300	144.8000
8287.9375	73.7300	141.9000
8426.8454	72.8300	140.3000
8568.0814	71.8500	140.5000
8711.6845	70.9000	143.5000
8857.6945	70.2500	149.5000
9006.1516	70.2900	158.1000
9157.0969	71.2700	165.0000
9310.5721	72.7100	167.3000
9466.6196	74.3100	166.2000
9625.2825	76.2100	160.5000
9786.6046	77.8600	147.6000
9950.6305	78.6000	130.8000
10117.4050	78.5200	113.9000
10286.9760	77.6300	98.4000
10459.3880	76.3300	90.6000
10634.6900	76.4400	85.1000
10812.9300	76.6900	67.9000
10994.1570	74.9200	46.2000
11178.4220	71.0700	35.4000
11365.7750	67.5700	48.3000
11556.2680	68.3600	65.4000
11749.9540	70.4600	66.1000
11946.8860	72.6200	58.0000
12147.1190	75.1700	39.3000
12350.7080	76.6100	2.8000
12557.7080	75.2500	-37.8000
12768.1790	73.6900	-75.8000
12982.1770	71.2600	-134.3000
13199.7610	65.8600	126.3000
13420.9920	60.2000	78.9000
13645.9310	55.2000	-12.4000
13874.6410	50.0500	-118.3000
14107.1830	50.5700	161.0000
14343.6230	54.8900	111.7000
14584.0250	58.1100	76.8000
14828.4570	59.5500	49.0000
15076.9860	59.6800	26.8000
15329.6800	59.0300	10.7000
15586.6090	58.7100	-0.5000
15847.8440	58.8200	-13.1000
16113.4580	59.2900	-27.9000
16383.5240	59.0400	-51.5000
16658.1150	56.7300	-72.6000
16937.3100	54.7500	-84.4000
17221.1830	53.1200	-98.4000
17509.8140	50.1400	-118.1000
17803.2830	44.6200	-129.7000
18101.6700	41.1300	-123.3000
18405.0590	40.6500	-121.5000
18713.5320	39.9500	-132.9000
19027.1760	37.7700	-170.1000
19346.0760	35.5100	81.9000
19670.3210	37.0000	-38.7000
20000.0000	38.1200	-73.7000