19.86599	66.13	100.9
20.19895	66.33	100.5
20.53749	66.53	100.2
20.8817	66.74	99.8
21.23169	66.94	99.4
21.58753	67.17	99
21.94935	67.41	98.6
22.31722	67.69	98.2
22.69126	67.99	97.8
23.07158	68.31	97.4
23.45826	68.62	97
23.85143	68.94	96.6
24.25118	69.24	96.3
24.65764	69.55	95.9
25.07091	69.84	95.5
25.4911	70.12	95.1
25.91834	70.4	94.8
26.35274	70.7	94.4
26.79441	71.02	94
27.2435	71.37	93.7
27.7001	71.74	93.3
28.16436	72.11	92.9
28.63641	72.5	92.6
29.11636	72.91	92.2
29.60436	73.34	91.8
30.10053	73.79	91.4
30.60502	74.25	91.1
31.11797	74.71	90.7
31.63952	75.15	90.3
32.1698	75.57	89.9
32.70898	75.97	89.5
33.25719	76.34	89.2
33.81459	76.71	88.8
34.38133	77.06	88.4
34.95757	77.42	88
35.54346	77.78	87.6
36.13918	78.13	87.3
36.74488	78.45	86.9
37.36074	78.74	86.5
37.98691	79	86.1
38.62358	79.23	85.7
39.27092	79.44	85.3
39.92911	79.63	84.9
40.59833	79.81	84.5
41.27877	79.96	84.2
41.97061	80.09	83.8
42.67405	80.23	83.4
43.38928	80.38	83
44.11649	80.52	82.6
44.8559	80.63	82.3
45.60769	80.73	81.9
46.37209	80.81	81.4
47.1493	80.9	81
47.93953	81.01	80.6
48.74301	81.13	80.2
49.55995	81.26	79.8
50.39059	81.4	79.4
51.23515	81.53	78.9
52.09386	81.63	78.5
52.96697	81.68	78.1
53.85471	81.69	77.6
54.75733	81.69	77.2
55.67507	81.72	76.8
56.6082	81.87	76.4
57.55697	82.07	75.9
58.52164	82.25	75.5
59.50247	82.4	75
60.49975	82.58	74.6
61.51374	82.78	74.1
62.54472	82.91	73.7
63.59299	82.95	73.2
64.65882	82.91	72.7
65.74252	82.73	72.3
66.84438	82.45	71.8
67.96471	82.19	71.3
69.10382	82.01	70.8
70.26201	81.89	70.3
71.43962	81.85	69.9
72.63697	81.94	69.3
73.85438	82.18	68.8
75.0922	82.52	68.3
76.35076	82.81	67.8
77.63042	82.98	67.3
78.93152	83.05	66.8
80.25443	83.07	66.2
81.59952	83.07	65.7
82.96715	83.06	65.1
84.3577	83.05	64.6
85.77155	83.01	64
87.2091	82.95	63.5
88.67075	82.91	63
90.15689	82.93	62.4
91.66795	83.06	61.8
93.20432	83.27	61.2
94.76645	83.53	60.6
96.35476	83.79	60
97.96969	83.98	59.4
99.61168	84.07	58.8
101.2812	84.07	58.2
102.9787	83.97	57.5
104.70465	83.83	56.9
106.45952	83.71	56.2
108.24381	83.67	55.6
110.058	83.74	55
111.9026	83.9	54.3
113.77812	84.12	53.6
115.68507	84.32	53
117.62398	84.47	52.3
119.59538	84.5	51.6
121.59983	84.36	50.9
123.63787	84.06	50.2
125.71007	83.79	49.5
127.81701	83.61	48.7
129.95925	83.55	48
132.1374	83.62	47.3
134.35205	83.77	46.5
136.60383	83.92	45.8
138.89334	84	45
141.22123	83.99	44.2
143.58813	83.92	43.5
145.9947	83.87	42.7
148.44161	83.9	41.9
150.92953	83.97	41.1
153.45914	84.03	40.3
156.03116	84.05	39.5
158.64628	84.02	38.7
161.30523	83.94	37.9
164.00874	83.82	37.1
166.75757	83.71	36.3
169.55247	83.66	35.4
172.39421	83.7	34.6
175.28358	83.78	33.7
178.22137	83.79	32.9
181.2084	83.73	32
184.2455	83.63	31.2
187.3335	83.54	30.3
190.47326	83.54	29.5
193.66564	83.66	28.6
196.91152	83.79	27.7
200.2118	83.84	26.9
203.5674	83.84	26
206.97924	83.82	25.2
210.44827	83.83	24.3
213.97543	83.86	23.4
217.56171	83.86	22.6
221.2081	83.85	21.7
224.9156	83.86	20.9
228.68524	83.89	20.1
232.51806	83.9	19.3
236.41512	83.86	18.4
240.3775	83.83	17.6
244.40628	83.81	16.8
248.50259	83.78	16.1
252.66756	83.75	15.3
256.90233	83.74	14.6
261.20807	83.7	13.8
265.58598	83.65	13.1
270.03727	83.58	12.5
274.56316	83.53	11.8
279.16491	83.49	11.2
283.84378	83.46	10.6
288.60107	83.43	10
293.43809	83.41	9.5
298.35619	83.39	9
303.35671	83.38	8.6
308.44104	83.37	8.2
313.61059	83.37	7.8
318.86678	83.35	7.5
324.21107	83.29	7.2
329.64492	83.22	7
335.16985	83.14	6.8
340.78738	83.07	6.7
346.49906	83.01	6.7
352.30647	82.94	6.6
358.21121	82.9	6.6
364.21492	82.9	6.6
370.31925	82.92	6.7
376.5259	82.89	6.9
382.83656	82.82	7.1
389.253	82.74	7.3
395.77697	82.68	7.5
402.41029	82.65	7.7
409.15479	82.62	7.9
416.01232	82.6	8.1
422.98479	82.58	8.3
430.07412	82.57	8.5
437.28226	82.56	8.7
444.61122	82.56	8.9
452.06302	82.49	9.2
459.6397	82.43	9.5
467.34338	82.38	9.8
475.17617	82.34	10.1
483.14023	82.31	10.4
491.23778	82.32	10.6
499.47105	82.33	10.7
507.84231	82.36	10.9
516.35387	82.4	10.9
525.00808	82.45	10.8
533.80735	82.5	10.7
542.75409	82.57	10.4
551.85078	82.64	10
561.09994	82.71	9.5
570.50411	82.78	8.9
580.0659	82.84	8.1
589.78794	82.88	7.2
599.67293	82.93	6.2
609.7236	82.97	5.2
619.94272	83	4.1
630.33311	83.01	3.1
640.89765	83.02	2
651.63925	83.01	1
662.56088	82.98	-0.1
673.66556	82.95	-1.1
684.95636	82.91	-2
696.4364	82.85	-2.9
708.10884	82.78	-3.6
719.97692	82.7	-4.3
732.04391	82.62	-4.8
744.31315	82.53	-5.2
756.78802	82.45	-5.5
769.47197	82.38	-5.6
782.36851	82.32	-5.6
795.4812	82.28	-5.6
808.81366	82.26	-5.5
822.36957	82.26	-5.4
836.15269	82.29	-5.3
850.16681	82.34	-5.3
864.41582	82.4	-5.4
878.90364	82.47	-5.6
893.63428	82.56	-6
908.61181	82.63	-6.6
923.84036	82.7	-7.4
939.32415	82.75	-8.3
955.06746	82.78	-9.3
971.07462	82.78	-10.3
987.35007	82.75	-11.4
1003.8983	82.68	-12.4
1020.7239	82.59	-13.3
1037.8315	82.47	-14
1055.2258	82.34	-14.4
1072.9116	82.21	-14.6
1090.8939	82.08	-14.5
1109.1775	81.99	-14.2
1127.7676	81.93	-13.7
1146.6693	81.93	-13
1165.8877	81.97	-12.5
1185.4283	82.05	-12.1
1205.2964	82.17	-12
1225.4974	82.29	-12.1
1246.0371	82.4	-12.5
1266.9209	82.49	-13.1
1288.1549	82.56	-13.8
1309.7446	82.58	-14.5
1331.6963	82.59	-15
1354.0158	82.59	-15.2
1376.7095	82.6	-15.2
1399.7835	82.66	-15
1423.2442	82.77	-14.7
1447.0981	82.96	-14.6
1471.3518	83.2	-14.8
1496.012	83.48	-15.6
1521.0856	83.75	-16.9
1546.5793	84	-18.7
1572.5004	84.18	-21
1598.8559	84.28	-23.4
1625.6531	84.3	-25.8
1652.8994	84.26	-28
1680.6024	84.19	-29.9
1708.7697	84.11	-31.4
1737.4091	84.06	-32.7
1766.5285	84.05	-33.9
1796.136	84.08	-35.3
1826.2397	84.12	-37
1856.8479	84.13	-39.1
1887.9691	84.09	-41.4
1919.612	83.98	-43.7
1951.7851	83.81	-45.9
1984.4975	83.6	-47.6
2017.7582	83.41	-48.9
2051.5763	83.26	-50.1
2085.9612	83.15	-51.5
2120.9224	83.03	-53.2
2156.4696	82.85	-55.2
2192.6126	82.58	-57.3
2229.3613	82.19	-59
2266.7259	81.74	-59.8
2304.7168	81.31	-59.6
2343.3444	81	-58.6
2382.6195	80.83	-57.5
2422.5528	80.77	-56.8
2463.1553	80.73	-56.8
2504.4384	80.65	-57.1
2546.4134	80.49	-57.4
2589.0919	80.31	-57.2
2632.4858	80.18	-56.4
2676.6069	80.14	-55.5
2721.4674	80.18	-54.8
2767.0799	80.26	-54.5
2813.4568	80.34	-54.6
2860.6111	80.4	-54.7
2908.5556	80.46	-54.8
2957.3037	80.56	-55
3006.8689	80.69	-55.6
3057.2647	80.77	-56.6
3108.5052	80.77	-57.8
3160.6045	80.67	-58.6
3213.577	80.57	-58.6
3267.4374	80.56	-57.9
3322.2004	80.68	-57.3
3377.8813	80.87	-57.2
3434.4954	81.06	-57.7
3492.0584	81.22	-58.4
3550.5862	81.34	-59.1
3610.0949	81.44	-59.8
3670.6009	81.51	-60.2
3732.1211	81.6	-59.9
3794.6724	81.81	-59
3858.272	82.17	-58.2
3922.9376	82.66	-57.7
3988.687	83.28	-57.8
4055.5384	84.02	-58.7
4123.5102	84.83	-61.2
4192.6212	85.57	-65
4262.8906	86.21	-69.8
4334.3377	86.73	-75.2
4406.9822	87.13	-81
4480.8443	87.39	-87
4555.9444	87.59	-92.6
4632.3031	87.81	-98.4
4709.9417	87.98	-104.9
4788.8814	88	-111.9
4869.1443	87.89	-118.6
4950.7523	87.71	-125
5033.7281	87.48	-131.4
5118.0947	87.13	-137.7
5203.8752	86.66	-143.2
5291.0934	86.2	-147.8
5379.7734	85.78	-151.9
5469.9397	85.39	-155.7
5561.6173	85.06	-159.1
5654.8313	84.83	-162.7
5749.6077	84.64	-166.5
5845.9725	84.51	-170.9
5943.9525	84.39	-176.7
6043.5746	84.03	177
6144.8664	83.41	171
6247.8558	82.8	166.9
6352.5714	82.41	163
6459.0421	82.12	157.7
6567.2972	81.65	150.6
6677.3667	80.75	143.1
6789.281	79.46	137.8
6903.071	78.1	135.9
7018.7682	76.91	136.6
7136.4045	76.06	139.7
7256.0123	75.81	143.4
7377.6249	75.98	145
7501.2757	76.35	143.8
7626.9989	76.67	139.8
7754.8293	76.78	133.9
7884.8021	76.57	126.7
8016.9533	75.98	119.8
8151.3194	75.15	114.3
8287.9375	74.19	110.2
8426.8454	73.05	107.6
8568.0814	71.83	108.3
8711.6845	71.01	112.7
8857.6945	70.9	118.3
9006.1516	71.54	122.4
9157.0969	72.56	122.3
9310.5721	73.59	120.1
9466.6196	75.33	115.1
9625.2825	77.06	97.6
9786.6046	76.71	72.4
9950.6305	74.42	55.9
10117.405	72.59	47.9
10286.976	70.51	38
10459.388	67.67	37.3
10634.69	66.11	40.4
10812.93	63.68	40.5
10994.157	60.54	59.6
11178.422	61.42	96
11365.775	66.6	112.3
11556.268	71.46	106.1
11749.954	75.35	90.5
11946.886	79.11	65.9
12147.119	81.63	26.8
12350.708	81.57	-17.6
12557.708	79.81	-57.1
12768.179	77.79	-97.9
12982.177	74.01	-152.4
13199.761	66.7	153.4
13420.992	58.29	96.4
13645.931	52.99	43
13874.641	51.09	9.8
14107.183	51.64	0.2
14343.623	53.68	-7
14584.025	55.29	-19.3
14828.457	56.25	-30
15076.986	57.06	-42.2
15329.68	57.32	-55.2
15586.609	57.18	-69.2
15847.844	56.48	-81.2
16113.458	56.34	-92.3
16383.524	56.41	-108.1
16658.115	56.14	-128.7
16937.31	54.78	-150.9
17221.183	52.71	-171.6
17509.814	49.22	170.7
17803.283	45.07	162.9
18101.67	42.35	159.8
18405.059	40.88	149.2
18713.532	39.69	138.9
19027.176	38.13	125
19346.076	36.36	101.2
19670.321	34.83	67.3
20000	34.37	48.2
