19.86599	57.32	128.3
20.19895	58.13	127.7
20.53749	58.95	127.1
20.8817	59.82	126.5
21.23169	60.66	125.9
21.58753	61.38	125.3
21.94935	61.94	124.7
22.31722	62.35	124.1
22.69126	62.66	123.6
23.07158	62.86	123
23.45826	62.92	122.4
23.85143	62.86	121.9
24.25118	62.7	121.3
24.65764	62.55	120.7
25.07091	62.48	120.1
25.4911	62.49	119.5
25.91834	62.55	118.9
26.35274	62.68	118.4
26.79441	62.96	117.8
27.2435	63.38	117.2
27.7001	63.82	116.6
28.16436	64.18	116
28.63641	64.47	115.4
29.11636	64.74	114.8
29.60436	65.02	114.2
30.10053	65.32	113.7
30.60502	65.65	113.1
31.11797	66.03	112.5
31.63952	66.44	112
32.1698	66.83	111.4
32.70898	67.15	110.8
33.25719	67.44	110.2
33.81459	67.75	109.6
34.38133	68.09	109.1
34.95757	68.46	108.5
35.54346	68.83	107.9
36.13918	69.17	107.4
36.74488	69.46	106.8
37.36074	69.72	106.2
37.98691	69.94	105.6
38.62358	70.16	105.1
39.27092	70.36	104.5
39.92911	70.54	103.9
40.59833	70.71	103.3
41.27877	70.88	102.8
41.97061	71.05	102.2
42.67405	71.2	101.6
43.38928	71.23	101.1
44.11649	71.07	100.5
44.8559	70.7	99.9
45.60769	70.62	99.3
46.37209	71.02	98.7
47.1493	71.46	98.2
47.93953	71.69	97.7
48.74301	71.83	97.1
49.55995	72.02	96.5
50.39059	72.28	95.9
51.23515	72.59	95.4
52.09386	72.87	94.8
52.96697	73.11	94.2
53.85471	73.33	93.7
54.75733	73.54	93.2
55.67507	73.76	92.6
56.6082	74.03	92.1
57.55697	74.38	91.5
58.52164	74.74	90.9
59.50247	75	90.3
60.49975	75.18	89.7
61.51374	75.35	89.1
62.54472	75.51	88.6
63.59299	75.66	88
64.65882	75.71	87.5
65.74252	75.65	86.9
66.84438	75.43	86.3
67.96471	75.14	85.7
69.10382	74.91	85.1
70.26201	74.7	84.6
71.43962	74.46	84
72.63697	74.33	83.4
73.85438	74.36	82.8
75.0922	74.63	82.3
76.35076	74.91	81.7
77.63042	75.09	81.1
78.93152	75.2	80.5
80.25443	75.34	79.9
81.59952	75.46	79.3
82.96715	75.57	78.7
84.3577	75.71	78.1
85.77155	75.82	77.4
87.2091	75.93	76.8
88.67075	76.11	76.2
90.15689	76.4	75.6
91.66795	76.62	75
93.20432	76.79	74.4
94.76645	77.06	73.7
96.35476	77.33	73.1
97.96969	77.53	72.5
99.61168	77.63	71.8
101.2812	77.64	71.2
102.9787	77.6	70.5
104.70465	77.56	69.9
106.45952	77.55	69.2
108.24381	77.6	68.6
110.058	77.75	67.9
111.9026	77.94	67.3
113.77812	78.12	66.6
115.68507	78.25	65.9
117.62398	78.34	65.2
119.59538	78.41	64.5
121.59983	78.44	63.9
123.63787	78.45	63.2
125.71007	78.46	62.5
127.81701	78.47	61.8
129.95925	78.48	61.1
132.1374	78.53	60.4
134.35205	78.63	59.7
136.60383	78.77	58.9
138.89334	78.89	58.2
141.22123	78.9	57.5
143.58813	78.85	56.7
145.9947	78.82	56
148.44161	78.89	55.2
150.92953	79.03	54.5
153.45914	79.16	53.7
156.03116	79.26	53
158.64628	79.32	52.2
161.30523	79.31	51.4
164.00874	79.25	50.7
166.75757	79.18	49.9
169.55247	79.18	49.1
172.39421	79.23	48.3
175.28358	79.3	47.5
178.22137	79.32	46.8
181.2084	79.31	46
184.2455	79.32	45.1
187.3335	79.4	44.3
190.47326	79.57	43.5
193.66564	79.7	42.8
196.91152	79.73	42
200.2118	79.72	41.2
203.5674	79.71	40.4
206.97924	79.71	39.6
210.44827	79.75	38.8
213.97543	79.81	38
217.56171	79.82	37.2
221.2081	79.83	36.4
224.9156	79.84	35.6
228.68524	79.85	34.8
232.51806	79.85	34
236.41512	79.83	33.2
240.3775	79.82	32.4
244.40628	79.82	31.7
248.50259	79.82	30.9
252.66756	79.82	30.1
256.90233	79.81	29.4
261.20807	79.8	28.6
265.58598	79.8	27.9
270.03727	79.78	27.2
274.56316	79.75	26.5
279.16491	79.74	25.8
283.84378	79.72	25.2
288.60107	79.72	24.5
293.43809	79.73	23.9
298.35619	79.73	23.2
303.35671	79.74	22.6
308.44104	79.74	22.1
313.61059	79.76	21.5
318.86678	79.8	21
324.21107	79.81	20.5
329.64492	79.8	20
335.16985	79.75	19.5
340.78738	79.71	19.1
346.49906	79.68	18.7
352.30647	79.65	18.3
358.21121	79.62	17.9
364.21492	79.58	17.6
370.31925	79.53	17.3
376.5259	79.5	17
382.83656	79.48	16.7
389.253	79.5	16.5
395.77697	79.6	16.2
402.41029	79.68	16.1
409.15479	79.67	15.9
416.01232	79.6	15.7
422.98479	79.52	15.5
430.07412	79.45	15.3
437.28226	79.4	15.2
444.61122	79.37	15.1
452.06302	79.33	15.1
459.6397	79.29	15.1
467.34338	79.25	15.1
475.17617	79.2	15.1
483.14023	79.15	15.1
491.23778	79.1	15.1
499.47105	79.06	15.1
507.84231	79.04	15
516.35387	79.02	15
525.00808	79	14.9
533.80735	79	14.8
542.75409	78.99	14.6
551.85078	78.99	14.4
561.09994	78.99	14.2
570.50411	78.99	14
580.0659	79	13.7
589.78794	78.98	13.5
599.67293	78.97	13.1
609.7236	78.96	12.8
619.94272	78.96	12.4
630.33311	78.96	11.9
640.89765	78.97	11.4
651.63925	78.97	10.9
662.56088	78.97	10.2
673.66556	78.97	9.6
684.95636	78.95	8.9
696.4364	78.93	8.3
708.10884	78.89	7.6
719.97692	78.85	7.1
732.04391	78.78	6.6
744.31315	78.72	6.2
756.78802	78.65	5.9
769.47197	78.58	5.6
782.36851	78.5	5.5
795.4812	78.43	5.5
808.81366	78.38	5.6
822.36957	78.33	5.7
836.15269	78.31	6
850.16681	78.3	6.3
864.41582	78.31	6.5
878.90364	78.33	6.7
893.63428	78.37	6.9
908.61181	78.43	6.9
923.84036	78.48	6.9
939.32415	78.54	6.7
955.06746	78.59	6.4
971.07462	78.63	6.1
987.35007	78.67	5.7
1003.8983	78.68	5.3
1020.7239	78.69	5
1037.8315	78.68	4.6
1055.2258	78.67	4.3
1072.9116	78.66	4.2
1090.8939	78.65	4.1
1109.1775	78.66	4.1
1127.7676	78.68	4
1146.6693	78.71	4
1165.8877	78.76	3.9
1185.4283	78.82	3.6
1205.2964	78.86	3.3
1225.4974	78.91	2.7
1246.0371	78.93	2.1
1266.9209	78.93	1.5
1288.1549	78.89	0.7
1309.7446	78.83	0.3
1331.6963	78.73	-0.1
1354.0158	78.64	-0.1
1376.7095	78.54	0.1
1399.7835	78.47	0.7
1423.2442	78.45	1.5
1447.0981	78.49	2.3
1471.3518	78.59	3
1496.012	78.74	3.5
1521.0856	78.91	3.6
1546.5793	79.09	3.3
1572.5004	79.23	2.8
1598.8559	79.34	2.2
1625.6531	79.43	1.5
1652.8994	79.5	1
1680.6024	79.58	0.7
1708.7697	79.7	0.4
1737.4091	79.87	0
1766.5285	80.08	-0.9
1796.136	80.29	-2.3
1826.2397	80.46	-4.4
1856.8479	80.53	-6.9
1887.9691	80.49	-9.5
1919.612	80.31	-11.7
1951.7851	80.05	-13.3
1984.4975	79.77	-14
2017.7582	79.56	-13.8
2051.5763	79.49	-13.3
2085.9612	79.53	-13.3
2120.9224	79.61	-14
2156.4696	79.62	-15.5
2192.6126	79.49	-17.1
2229.3613	79.21	-18.1
2266.7259	78.88	-18.1
2304.7168	78.64	-16.7
2343.3444	78.6	-14.8
2382.6195	78.74	-13.6
2422.5528	78.96	-13.4
2463.1553	79.09	-14
2504.4384	79.11	-14.9
2546.4134	79.05	-15
2589.0919	79.04	-14.4
2632.4858	79.16	-13.5
2676.6069	79.42	-13
2721.4674	79.73	-13.5
2767.0799	79.99	-14.6
2813.4568	80.2	-16
2860.6111	80.39	-17.3
2908.5556	80.62	-18.9
2957.3037	80.88	-20.9
3006.8689	81.1	-23.9
3057.2647	81.19	-27.6
3108.5052	81.1	-31.5
3160.6045	80.84	-34.8
3213.577	80.53	-37
3267.4374	80.25	-38.7
3322.2004	80.02	-40.4
3377.8813	79.7	-42.4
3434.4954	79.24	-43.8
3492.0584	78.78	-43.2
3550.5862	78.58	-41.8
3610.0949	78.64	-41.3
3670.6009	78.68	-42.3
3732.1211	78.56	-44
3794.6724	78.33	-45.1
3858.272	78.09	-45.6
3922.9376	77.84	-46
3988.687	77.63	-45.7
4055.5384	77.48	-45.1
4123.5102	77.38	-44.7
4192.6212	77.26	-44.1
4262.8906	77.21	-43
4334.3377	77.28	-42.2
4406.9822	77.34	-42
4480.8443	77.37	-41.6
4555.9444	77.56	-40.9
4632.3031	77.89	-41.6
4709.9417	78.08	-43.9
4788.8814	78.08	-46.2
4869.1443	78	-48.4
4950.7523	77.74	-50.5
5033.7281	77.31	-50.8
5118.0947	77.11	-48.4
5203.8752	77.43	-46.2
5291.0934	77.97	-47.1
5379.7734	78.2	-50.4
5469.9397	78.07	-53
5561.6173	77.94	-53.6
5654.8313	78.04	-54.1
5749.6077	78.22	-55.2
5845.9725	78.43	-57.7
5943.9525	78.43	-61.5
6043.5746	78.16	-64
6144.8664	78.04	-66
6247.8558	77.69	-69.1
6352.5714	76.98	-68.8
6459.0421	76.89	-64.9
6567.2972	77.37	-64.3
6677.3667	77.59	-66.2
6789.281	77.67	-67.3
6903.071	77.81	-68.3
7018.7682	77.98	-68.8
7136.4045	78.42	-69.8
7256.0123	78.77	-72.2
7377.6249	79.29	-74.3
7501.2757	79.84	-79.9
7626.9989	79.97	-85.6
7754.8293	80.21	-91
7884.8021	80.26	-99.3
8016.9533	79.61	-107.5
8151.3194	78.7	-111.3
8287.9375	78.14	-113
8426.8454	77.6	-115.5
8568.0814	76.87	-116.2
8711.6845	76.67	-112.4
8857.6945	77.58	-113.3
9006.1516	77.88	-120.4
9157.0969	77.78	-126.5
9310.5721	77.38	-133.3
9466.6196	76.65	-137.2
9625.2825	76.33	-139.5
9786.6046	76.03	-144.9
9950.6305	75.48	-149.1
10117.405	74.94	-153.7
10286.976	74.2	-157.4
10459.388	73.62	-158.5
10634.69	73.25	-161.3
10812.93	72.94	-163.4
10994.157	72.93	-171.1
11178.422	71.29	-179.2
11365.775	69.94	-179.6
11556.268	68.42	-177.2
11749.954	67.99	-168.5
11946.886	68.8	-169.9
12147.119	68.63	-174.6
12350.708	67.98	178.5
12557.708	66.44	-177.9
12768.179	66.39	-174.6
12982.177	66.77	-172.1
13199.761	67.21	-177.4
13420.992	66.84	179
13645.931	66.76	171
13874.641	64.72	171.1
14107.183	65.66	-176.4
14343.623	68.08	177.3
14584.025	68.24	154.7
14828.457	67.04	150.9
15076.986	66.96	133.4
15329.68	65.25	122.9
15586.609	63.56	120.3
15847.844	62.29	102.2
16113.458	58.85	95.1
16383.524	52.57	89.4
16658.115	51.38	122.7
16937.31	52.98	145.8
17221.183	48.87	157.8
17509.814	54.18	-157.7
17803.283	57.15	178
18101.67	60.87	168.9
18405.059	62.43	134.9
18713.532	61.33	113.9
19027.176	58.82	99.4
19346.076	57.09	91.1
19670.321	57.54	82.2
