19.8660	68.9700	146.4000
20.1989	69.1700	145.9000
20.5375	69.3700	145.4000
20.8817	69.5800	144.9000
21.2317	69.7900	144.4000
21.5875	70.0000	143.9000
21.9493	70.2000	143.4000
22.3172	70.3900	142.9000
22.6913	70.5700	142.4000
23.0716	70.8000	141.8000
23.4583	71.1500	141.3000
23.8514	71.6900	140.8000
24.2512	72.3500	140.3000
24.6576	72.8800	139.7000
25.0709	73.1300	139.2000
25.4911	73.1600	138.6000
25.9183	73.1500	138.0000
26.3527	73.2000	137.5000
26.7944	73.4500	136.9000
27.2435	73.9000	136.4000
27.7001	74.4300	135.8000
28.1644	74.9200	135.3000
28.6364	75.3500	134.7000
29.1164	75.7300	134.1000
29.6044	76.0400	133.5000
30.1005	76.3100	132.9000
30.6050	76.5800	132.3000
31.1180	76.9000	131.8000
31.6395	77.2600	131.2000
32.1698	77.6700	130.6000
32.7090	78.1000	130.0000
33.2572	78.5300	129.4000
33.8146	78.9400	128.7000
34.3813	79.3300	128.1000
34.9576	79.7100	127.5000
35.5435	80.1100	126.9000
36.1392	80.5200	126.3000
36.7449	80.9300	125.6000
37.3607	81.3000	125.0000
37.9869	81.6000	124.4000
38.6236	81.8200	123.7000
39.2709	81.9900	123.1000
39.9291	82.1900	122.5000
40.5983	82.4000	121.9000
41.2788	82.5700	121.2000
41.9706	82.7000	120.6000
42.6741	82.8100	120.0000
43.3893	82.9200	119.3000
44.1165	83.0100	118.7000
44.8559	83.0900	118.1000
45.6077	83.1400	117.4000
46.3721	83.1700	116.8000
47.1493	83.2000	116.1000
47.9395	83.2800	115.5000
48.7430	83.3800	114.8000
49.5600	83.5200	114.2000
50.3906	83.7000	113.5000
51.2351	83.9100	112.9000
52.0939	84.1100	112.2000
52.9670	84.3100	111.5000
53.8547	84.5200	110.9000
54.7573	84.7600	110.2000
55.6751	85.0500	109.6000
56.6082	85.4100	109.0000
57.5570	85.8200	108.3000
58.5216	86.3200	107.6000
59.5025	86.8200	107.0000
60.4997	87.0700	106.3000
61.5137	87.1300	105.7000
62.5447	87.2200	105.0000
63.5930	87.3600	104.3000
64.6588	87.4800	103.7000
65.7425	87.6000	103.0000
66.8444	87.7100	102.3000
67.9647	87.7700	101.7000
69.1038	87.8000	101.0000
70.2620	87.8900	100.4000
71.4396	88.0700	99.7000
72.6370	88.2500	99.0000
73.8544	88.4100	98.4000
75.0922	88.6200	97.7000
76.3508	88.8900	97.1000
77.6304	89.2000	96.4000
78.9315	89.4600	95.7000
80.2544	89.6400	95.1000
81.5995	89.7100	94.4000
82.9672	89.6500	93.7000
84.3577	89.4800	93.0000
85.7716	89.3100	92.4000
87.2091	89.2200	91.7000
88.6707	89.2200	91.1000
90.1569	89.4100	90.4000
91.6680	89.8000	89.7000
93.2043	90.2900	89.0000
94.7665	90.8100	88.3000
96.3548	91.2500	87.6000
97.9697	91.5300	87.0000
99.6117	91.6300	86.3000
101.2812	91.5900	85.6000
102.9787	91.4300	84.9000
104.7047	91.2600	84.2000
106.4595	91.1900	83.5000
108.2438	91.2500	82.8000
110.0580	91.4500	82.1000
111.9026	91.7700	81.4000
113.7781	92.1200	80.7000
115.6851	92.3900	80.0000
117.6240	92.4700	79.3000
119.5954	92.4100	78.6000
121.5998	92.3200	77.8000
123.6379	92.2700	77.1000
125.7101	92.2500	76.4000
127.8170	92.3400	75.7000
129.9592	92.5500	75.0000
132.1374	92.8000	74.2000
134.3520	93.0100	73.5000
136.6038	93.0800	72.8000
138.8933	93.0300	72.0000
141.2212	92.9000	71.2000
143.5881	92.8400	70.5000
145.9947	92.9200	69.7000
148.4416	93.1600	69.0000
150.9295	93.4500	68.2000
153.4591	93.6700	67.5000
156.0312	93.7500	66.7000
158.6463	93.7400	66.0000
161.3052	93.6200	65.2000
164.0087	93.5300	64.4000
166.7576	93.5900	63.6000
169.5525	93.7500	62.8000
172.3942	93.8700	62.0000
175.2836	93.8700	61.3000
178.2214	93.8100	60.5000
181.2084	93.8500	59.7000
184.2455	94.1000	58.9000
187.3335	94.3600	58.0000
190.4733	94.4800	57.2000
193.6656	94.4500	56.5000
196.9115	94.3500	55.7000
200.2118	94.3100	54.9000
203.5674	94.3600	54.0000
206.9792	94.4500	53.2000
210.4483	94.4900	52.4000
213.9754	94.4900	51.5000
217.5617	94.5300	50.7000
221.2081	94.6500	49.9000
224.9156	94.7600	49.1000
228.6852	94.7500	48.3000
232.5181	94.6800	47.4000
236.4151	94.6700	46.6000
240.3775	94.7500	45.8000
244.4063	94.8200	45.0000
248.5026	94.8100	44.2000
252.6676	94.7900	43.4000
256.9023	94.8200	42.6000
261.2081	94.8600	41.8000
265.5860	94.8300	41.0000
270.0373	94.7900	40.2000
274.5632	94.8300	39.4000
279.1649	94.8800	38.7000
283.8438	94.8700	38.0000
288.6011	94.8500	37.2000
293.4381	94.8800	36.5000
298.3562	94.9500	35.8000
303.3567	95.0000	35.1000
308.4410	95.0600	34.4000
313.6106	95.1100	33.8000
318.8668	95.1100	33.1000
324.2111	95.0600	32.5000
329.6449	95.0300	31.9000
335.1698	94.9900	31.4000
340.7874	94.9500	30.8000
346.4991	94.9200	30.3000
352.3065	94.9100	29.8000
358.2112	94.9000	29.3000
364.2149	94.9000	28.9000
370.3193	94.8900	28.5000
376.5259	94.8500	28.1000
382.8366	94.8200	27.7000
389.2530	94.7900	27.4000
395.7770	94.7700	27.1000
402.4103	94.7600	26.8000
409.1548	94.7600	26.6000
416.0123	94.7500	26.4000
422.9848	94.7400	26.2000
430.0741	94.7200	26.0000
437.2823	94.7300	25.9000
444.6112	94.7600	25.7000
452.0630	94.8100	25.7000
459.6397	94.8300	25.6000
467.3434	94.8100	25.6000
475.1762	94.7900	25.6000
483.1402	94.7800	25.6000
491.2378	94.7600	25.6000
499.4710	94.7600	25.6000
507.8423	94.7600	25.7000
516.3539	94.7800	25.7000
525.0081	94.8000	25.7000
533.8074	94.8300	25.7000
542.7541	94.8600	25.7000
551.8508	94.8900	25.7000
561.0999	94.9200	25.6000
570.5041	94.9500	25.5000
580.0659	94.9800	25.3000
589.7879	95.0000	25.1000
599.6729	94.9900	24.8000
609.7236	94.9700	24.5000
619.9427	94.9400	24.3000
630.3331	94.9200	24.1000
640.8976	94.8900	24.1000
651.6392	94.8600	24.1000
662.5609	94.8400	24.2000
673.6656	94.8300	24.3000
684.9564	94.8300	24.4000
696.4364	94.8300	24.5000
708.1088	94.8200	24.6000
719.9769	94.8200	24.9000
732.0439	94.8300	25.1000
744.3131	94.8300	25.4000
756.7880	94.8500	25.7000
769.4720	94.8700	26.1000
782.3685	94.9100	26.6000
795.4812	94.9600	27.0000
808.8137	95.0200	27.4000
822.3696	95.1000	27.8000
836.1527	95.1900	28.2000
850.1668	95.2900	28.4000
864.4158	95.4100	28.6000
878.9036	95.5300	28.6000
893.6343	95.6500	28.6000
908.6118	95.7700	28.4000
923.8404	95.8800	28.1000
939.3242	95.9700	27.7000
955.0675	96.0500	27.2000
971.0746	96.1100	26.7000
987.3501	96.1500	26.2000
1003.8983	96.1600	25.8000
1020.7239	96.1500	25.5000
1037.8315	96.1300	25.3000
1055.2258	96.1000	25.4000
1072.9116	96.0800	25.6000
1090.8939	96.0800	26.2000
1109.1775	96.1000	26.9000
1127.7676	96.1600	27.7000
1146.6693	96.2700	28.6000
1165.8877	96.4200	29.5000
1185.4283	96.6200	30.2000
1205.2964	96.8400	30.7000
1225.4974	97.0800	31.1000
1246.0371	97.3400	31.2000
1266.9209	97.5900	31.1000
1288.1549	97.8300	30.9000
1309.7446	98.0700	30.7000
1331.6963	98.3100	30.4000
1354.0158	98.5500	30.2000
1376.7095	98.8200	29.9000
1399.7835	99.1100	29.5000
1423.2442	99.4400	29.0000
1447.0981	99.7800	28.2000
1471.3518	100.1300	27.0000
1496.0120	100.4700	25.5000
1521.0856	100.7900	23.6000
1546.5793	101.0600	21.4000
1572.5004	101.2800	19.0000
1598.8559	101.4500	16.5000
1625.6531	101.5700	14.0000
1652.8994	101.6400	11.6000
1680.6024	101.6800	9.3000
1708.7697	101.7000	7.1000
1737.4091	101.7200	4.9000
1766.5285	101.7200	2.7000
1796.1360	101.7000	0.4000
1826.2397	101.6400	-2.0000
1856.8479	101.5300	-4.5000
1887.9691	101.3600	-6.9000
1919.6120	101.1200	-9.0000
1951.7851	100.8400	-10.8000
1984.4975	100.5300	-12.0000
2017.7582	100.2200	-12.7000
2051.5763	99.9600	-12.9000
2085.9612	99.7500	-12.9000
2120.9224	99.5900	-12.7000
2156.4696	99.4700	-12.5000
2192.6126	99.4000	-12.2000
2229.3613	99.3700	-11.9000
2266.7259	99.4100	-11.6000
2304.7168	99.5100	-11.5000
2343.3444	99.6700	-11.9000
2382.6195	99.8500	-12.9000
2422.5528	99.9900	-14.5000
2463.1553	100.0600	-16.6000
2504.4384	100.0300	-18.8000
2546.4134	99.9100	-20.8000
2589.0919	99.7600	-22.6000
2632.4858	99.5800	-24.1000
2676.6069	99.4000	-25.6000
2721.4674	99.1800	-27.3000
2767.0799	98.8700	-29.1000
2813.4568	98.4200	-30.7000
2860.6111	97.8300	-31.4000
2908.5556	97.1800	-30.9000
2957.3037	96.5800	-28.9000
3006.8689	96.1000	-25.9000
3057.2647	95.7400	-22.3000
3108.5052	95.4800	-18.0000
3160.6045	95.3600	-12.6000
3213.5770	95.5200	-6.1000
3267.4374	96.1000	0.5000
3322.2004	97.0800	5.8000
3377.8813	98.3700	9.2000
3434.4954	99.8600	10.0000
3492.0584	101.4300	7.8000
3550.5862	102.9200	2.3000
3610.0949	104.1200	-6.2000
3670.6009	104.8500	-16.6000
3732.1211	105.0000	-27.7000
3794.6724	104.5900	-37.5000
3858.2720	103.7900	-44.1000
3922.9376	103.0600	-46.5000
3988.6870	102.8500	-47.1000
4055.5384	103.1100	-50.0000
4123.5102	103.2700	-56.8000
4192.6212	102.9100	-65.8000
4262.8906	101.9000	-74.5000
4334.3377	100.3900	-80.6000
4406.9822	98.5800	-83.5000
4480.8443	96.4800	-82.9000
4555.9444	94.1100	-75.6000
4632.3031	92.4400	-57.4000
4709.9417	93.0700	-35.7000
4788.8814	95.2400	-24.3000
4869.1443	97.2700	-22.2000
4950.7523	98.7900	-23.7000
5033.7281	100.0600	-25.9000
5118.0947	101.3200	-29.1000
5203.8752	102.5700	-33.9000
5291.0934	103.7800	-40.4000
5379.7734	104.9200	-49.5000
5469.9397	105.7100	-61.8000
5561.6173	105.8100	-76.1000
5654.8313	105.0800	-89.8000
5749.6077	103.6100	-100.3000
5845.9725	101.7200	-105.2000
5943.9525	99.9000	-103.2000
6043.5746	98.9300	-94.8000
6144.8664	99.4700	-86.0000
6247.8558	101.0500	-84.7000
6352.5714	102.5100	-92.0000
6459.0421	103.1700	-104.3000
6567.2972	102.9000	-117.4000
6677.3667	101.8700	-127.5000
6789.2810	100.5400	-133.5000
6903.0710	99.0800	-135.6000
7018.7682	97.8500	-132.5000
7136.4045	97.6600	-126.5000
7256.0123	98.3700	-125.1000
7377.6249	99.0300	-128.6000
7501.2757	99.5200	-133.7000
7626.9989	100.0100	-140.3000
7754.8293	100.3500	-149.6000
7884.8021	100.2500	-160.7000
8016.9533	99.5900	-171.8000
8151.3194	98.4500	179.1000
8287.9375	96.8800	172.6000
8426.8454	95.2700	172.9000
8568.0814	94.6200	177.8000
8711.6845	94.9700	180.0000
8857.6945	95.6900	177.1000
9006.1516	96.3300	169.4000
9157.0969	96.5200	158.3000
9310.5721	96.1500	147.4000
9466.6196	95.6800	139.0000
9625.2825	95.3900	130.6000
9786.6046	95.0800	121.2000
9950.6305	94.5600	110.7000
10117.4050	93.7700	101.8000
10286.9760	93.3100	95.0000
10459.3880	93.2600	86.3000
10634.6900	93.1400	75.1000
10812.9300	92.8000	62.8000
10994.1570	92.2700	51.1000
11178.4220	91.8900	40.1000
11365.7750	91.5600	27.8000
11556.2680	91.1100	14.0000
11749.9540	90.0600	-1.1000
11946.8860	88.0400	-11.9000
12147.1190	86.0500	-9.7000
12350.7080	86.0900	-1.1000
12557.7080	87.9300	3.0000
12768.1790	90.8500	-5.2000
12982.1770	92.8200	-28.0000
13199.7610	92.4300	-53.8000
13420.9920	90.3900	-66.3000
13645.9310	89.9100	-65.0000
13874.6410	91.5900	-69.0000
14107.1830	93.3700	-85.7000
14343.6230	94.3000	-107.3000
14584.0250	94.6800	-132.4000
14828.4570	94.4600	-158.6000
15076.9860	94.2600	173.0000
15329.6800	93.8600	137.2000
15586.6090	93.0800	95.2000
15847.8440	91.5600	49.9000
16113.4580	89.7900	11.3000
16383.5240	89.6700	-19.1000
16658.1150	90.2800	-53.5000
16937.3100	90.1400	-85.3000
17221.1830	90.0800	-111.5000
17509.8140	90.5100	-143.2000
17803.2830	89.8300	20.7000
18101.6700	87.0400	115.4000
18405.0590	84.3300	49.0000
18713.5320	84.6200	-31.4000
19027.1760	85.2500	-94.2000
19346.0760	85.4000	-127.7000
19670.3210	86.2800	-147.4000
20000.0000	86.5900	-157.7000