19.86599	76.37	99.4
20.19895	76.59	99.1
20.53749	76.81	98.7
20.8817	77.03	98.3
21.23169	77.26	97.9
21.58753	77.5	97.6
21.94935	77.76	97.2
22.31722	78.05	96.8
22.69126	78.36	96.5
23.07158	78.67	96.1
23.45826	78.95	95.8
23.85143	79.2	95.5
24.25118	79.43	95.1
24.65764	79.64	94.8
25.07091	79.85	94.4
25.4911	80.06	94.1
25.91834	80.28	93.7
26.35274	80.51	93.3
26.79441	80.76	93
27.2435	81.02	92.7
27.7001	81.29	92.3
28.16436	81.56	92
28.63641	81.83	91.6
29.11636	82.08	91.2
29.60436	82.31	90.9
30.10053	82.53	90.6
30.60502	82.77	90.2
31.11797	83.05	89.9
31.63952	83.36	89.6
32.1698	83.68	89.2
32.70898	83.98	88.9
33.25719	84.25	88.5
33.81459	84.52	88.2
34.38133	84.8	87.8
34.95757	85.08	87.5
35.54346	85.35	87.2
36.13918	85.63	86.8
36.74488	85.9	86.5
37.36074	86.18	86.1
37.98691	86.45	85.7
38.62358	86.74	85.4
39.27092	87.03	85
39.92911	87.32	84.6
40.59833	87.56	84.3
41.27877	87.72	83.9
41.97061	87.81	83.6
42.67405	87.92	83.2
43.38928	88.06	82.8
44.11649	88.12	82.5
44.8559	88.07	82.1
45.60769	87.86	81.7
46.37209	87.6	81.4
47.1493	87.45	81
47.93953	87.45	80.6
48.74301	87.46	80.2
49.55995	87.45	79.8
50.39059	87.47	79.5
51.23515	87.53	79.1
52.09386	87.59	78.7
52.96697	87.63	78.2
53.85471	87.71	77.8
54.75733	87.82	77.5
55.67507	87.93	77.1
56.6082	88.01	76.7
57.55697	88.17	76.3
58.52164	88.5	75.8
59.50247	88.82	75.4
60.49975	88.98	75
61.51374	89.02	74.6
62.54472	89.07	74.1
63.59299	89.2	73.7
64.65882	89.36	73.3
65.74252	89.48	72.8
66.84438	89.61	72.4
67.96471	89.8	71.9
69.10382	89.99	71.5
70.26201	90.17	71
71.43962	90.32	70.5
72.63697	90.45	70.1
73.85438	90.57	69.6
75.0922	90.7	69.1
76.35076	90.8	68.7
77.63042	90.86	68.2
78.93152	90.94	67.7
80.25443	91.03	67.2
81.59952	91.11	66.7
82.96715	91.18	66.2
84.3577	91.22	65.6
85.77155	91.23	65.1
87.2091	91.2	64.6
88.67075	91.19	64
90.15689	91.21	63.5
91.66795	91.26	63
93.20432	91.35	62.4
94.76645	91.46	61.9
96.35476	91.57	61.3
97.96969	91.66	60.7
99.61168	91.74	60.1
101.2812	91.76	59.6
102.9787	91.76	59
104.70465	91.76	58.4
106.45952	91.78	57.8
108.24381	91.82	57.2
110.058	91.88	56.5
111.9026	91.95	55.9
113.77812	92	55.3
115.68507	92.01	54.7
117.62398	92.02	54
119.59538	92	53.4
121.59983	91.85	52.7
123.63787	91.66	52
125.71007	91.57	51.4
127.81701	91.58	50.7
129.95925	91.62	50
132.1374	91.69	49.4
134.35205	91.77	48.7
136.60383	91.84	48
138.89334	91.89	47.3
141.22123	91.89	46.5
143.58813	91.86	45.8
145.9947	91.84	45.1
148.44161	91.85	44.3
150.92953	91.91	43.6
153.45914	92.01	42.8
156.03116	92.1	42.1
158.64628	92.14	41.3
161.30523	92.11	40.6
164.00874	92.04	39.8
166.75757	91.97	39
169.55247	91.9	38.2
172.39421	91.86	37.5
175.28358	91.84	36.7
178.22137	91.82	35.9
181.2084	91.85	35.1
184.2455	91.98	34.3
187.3335	92.08	33.5
190.47326	92.16	32.8
193.66564	92.22	32
196.91152	92.22	31.2
200.2118	92.16	30.4
203.5674	92.08	29.6
206.97924	92.04	28.8
210.44827	92.05	28.1
213.97543	92.1	27.3
217.56171	92.19	26.6
221.2081	92.27	25.8
224.9156	92.3	25.1
228.68524	92.29	24.3
232.51806	92.23	23.6
236.41512	92.14	22.9
240.3775	92.09	22.2
244.40628	92.08	21.5
248.50259	92.08	20.9
252.66756	92.09	20.2
256.90233	92.08	19.6
261.20807	92.03	19.1
265.58598	91.95	18.5
270.03727	91.9	18.1
274.56316	91.87	17.6
279.16491	91.85	17.1
283.84378	91.81	16.7
288.60107	91.78	16.4
293.43809	91.73	16.1
298.35619	91.7	15.8
303.35671	91.7	15.6
308.44104	91.73	15.5
313.61059	91.73	15.4
318.86678	91.68	15.4
324.21107	91.59	15.4
329.64492	91.48	15.5
335.16985	91.37	15.6
340.78738	91.27	15.8
346.49906	91.18	16.1
352.30647	91.11	16.5
358.21121	91.06	16.8
364.21492	91	17.3
370.31925	90.92	17.7
376.5259	90.83	18.2
382.83656	90.77	18.8
389.253	90.76	19.3
395.77697	90.82	19.9
402.41029	90.9	20.4
409.15479	90.98	21
416.01232	91.05	21.5
422.98479	91.13	22
430.07412	91.23	22.4
437.28226	91.34	22.9
444.61122	91.44	23.2
452.06302	91.56	23.3
459.6397	91.67	23.3
467.34338	91.74	23.4
475.17617	91.83	23.1
483.14023	91.9	22.9
491.23778	91.93	22.7
499.47105	91.98	22.6
507.84231	92.05	22.6
516.35387	92.11	22.6
525.00808	92.17	22.7
533.80735	92.22	22.8
542.75409	92.27	22.9
551.85078	92.33	23
561.09994	92.38	23.2
570.50411	92.44	23.2
580.0659	92.5	23.3
589.78794	92.55	23.4
599.67293	92.59	23.4
609.7236	92.64	23.5
619.94272	92.68	23.5
630.33311	92.71	23.6
640.89765	92.74	23.7
651.63925	92.77	23.8
662.56088	92.79	24
673.66556	92.81	24.2
684.95636	92.83	24.5
696.4364	92.86	24.9
708.10884	92.89	25.3
719.97692	92.93	25.9
732.04391	92.99	26.4
744.31315	93.05	27.1
756.78802	93.15	27.7
769.47197	93.26	28.5
782.36851	93.4	29.1
795.4812	93.56	29.6
808.81366	93.74	30.1
822.36957	93.95	30.4
836.15269	94.16	30.4
850.16681	94.37	30.4
864.41582	94.58	30
878.90364	94.79	29.5
893.63428	94.98	28.8
908.61181	95.13	27.9
923.84036	95.27	27
939.32415	95.37	26
955.06746	95.43	24.9
971.07462	95.46	24
987.35007	95.45	23.1
1003.8983	95.41	22.6
1020.7239	95.36	22.3
1037.8315	95.29	22.2
1055.2258	95.24	22.6
1072.9116	95.23	23.3
1090.8939	95.26	24.3
1109.1775	95.37	25.3
1127.7676	95.54	26.3
1146.6693	95.78	27.1
1165.8877	96.06	27.6
1185.4283	96.37	27.6
1205.2964	96.68	27.2
1225.4974	96.97	26.5
1246.0371	97.24	25.4
1266.9209	97.45	24.1
1288.1549	97.62	22.7
1309.7446	97.74	21.4
1331.6963	97.83	20.2
1354.0158	97.88	19.3
1376.7095	97.94	18.6
1399.7835	98.02	18.2
1423.2442	98.13	18
1447.0981	98.3	18
1471.3518	98.52	17.8
1496.012	98.8	17.3
1521.0856	99.12	16.4
1546.5793	99.45	15.2
1572.5004	99.76	13.4
1598.8559	100.05	11.3
1625.6531	100.3	8.8
1652.8994	100.51	6.1
1680.6024	100.67	3.1
1708.7697	100.78	0.1
1737.4091	100.83	-3.2
1766.5285	100.82	-6.4
1796.136	100.75	-9.7
1826.2397	100.6	-13.1
1856.8479	100.38	-16.2
1887.9691	100.09	-19
1919.612	99.72	-21.3
1951.7851	99.3	-23
1984.4975	98.87	-24
2017.7582	98.48	-24.3
2051.5763	98.15	-24.1
2085.9612	97.89	-23.5
2120.9224	97.69	-23.1
2156.4696	97.5	-22.7
2192.6126	97.32	-22.1
2229.3613	97.13	-21.3
2266.7259	96.98	-20
2304.7168	96.9	-18.2
2343.3444	96.93	-16.3
2382.6195	97.06	-14.4
2422.5528	97.28	-12.9
2463.1553	97.56	-11.6
2504.4384	97.92	-10.5
2546.4134	98.35	-9.9
2589.0919	98.86	-9.9
2632.4858	99.43	-10.7
2676.6069	100.01	-12.7
2721.4674	100.52	-15.9
2767.0799	100.9	-20.1
2813.4568	101.06	-24.9
2860.6111	100.93	-29.7
2908.5556	100.53	-33.3
2957.3037	99.97	-34.3
3006.8689	99.58	-32.2
3057.2647	99.69	-28.5
3108.5052	100.28	-26.2
3160.6045	101.05	-26.3
3213.577	101.78	-28.1
3267.4374	102.49	-30.7
3322.2004	103.27	-34.4
3377.8813	104.06	-40.2
3434.4954	104.66	-48.1
3492.0584	104.9	-57.6
3550.5862	104.69	-67.1
3610.0949	104.06	-75.5
3670.6009	103.17	-81.1
3732.1211	102.32	-83.4
3794.6724	101.86	-83.9
3858.272	101.81	-85.3
3922.9376	101.83	-89.3
3988.687	101.55	-94.9
4055.5384	100.92	-99.8
4123.5102	100.15	-102.5
4192.6212	99.5	-103.6
4262.8906	99	-104.1
4334.3377	98.59	-104.2
4406.9822	98.4	-104.2
4480.8443	98.34	-105.6
4555.9444	98.15	-107.9
4632.3031	97.82	-109.6
4709.9417	97.53	-110.6
4788.8814	97.29	-111
4869.1443	97.22	-110.5
4950.7523	97.54	-110.9
5033.7281	97.9	-114.3
5118.0947	98.03	-118.9
5203.8752	98.05	-124.1
5291.0934	97.89	-130.6
5379.7734	97.27	-137.7
5469.9397	96.13	-143.3
5561.6173	94.4	-144.5
5654.8313	92.76	-134.1
5749.6077	93.88	-118.5
5845.9725	96.33	-118.6
5943.9525	97.92	-129.3
6043.5746	98.27	-143.3
6144.8664	97.52	-154.8
6247.8558	96.54	-160.3
6352.5714	95.88	-163.9
6459.0421	95.2	-166.2
6567.2972	94.94	-166.9
6677.3667	94.88	-170
6789.281	94.47	-172.5
6903.071	94.55	-171.2
7018.7682	95.53	-174.6
7136.4045	95.86	175.8
7256.0123	95.58	170.4
7377.6249	96.2	164.9
7501.2757	96.46	151.8
7626.9989	95.4	140
7754.8293	94.25	137.5
7884.8021	94.38	134.6
8016.9533	94.12	126.6
8151.3194	93.71	124.1
8287.9375	94.51	119.2
8426.8454	94.89	106.8
8568.0814	94.48	96.3
8711.6845	94.3	88.1
8857.6945	94.33	78.4
9006.1516	94.08	65.6
9157.0969	93.27	55.8
9310.5721	92.67	48.1
9466.6196	92.46	45.5
9625.2825	93.78	37.4
9786.6046	94.43	21
9950.6305	94.64	4.1
10117.405	94.29	-16.9
10286.976	92.03	-33.3
10459.388	91.48	-32.1
10634.69	91.75	-43.3
10812.93	92.92	-52.9
10994.157	93.77	-79.2
11178.422	92.03	-108
11365.775	89.54	-121.9
11556.268	87.46	-132.2
11749.954	86.94	-144.2
11946.886	84.57	-160.6
12147.119	83.63	-140.9
12350.708	75.7	124.1
12557.708	74.42	-106.2
12768.179	75.86	-144.3
12982.177	68.22	-140.9
13199.761	77.06	-81.3
13420.992	82.58	-110.6
13645.931	83.24	-146
13874.641	81.85	-155.9
14107.183	83.25	-159.9
14343.623	85.81	174
14584.025	84.53	133.7
14828.457	82.31	121.8
15076.986	78.3	106.6
15329.68	79.4	117
15586.609	83.14	111.3
15847.844	87.37	66.6
16113.458	87.39	29.7
16383.524	86.66	-6.4
16658.115	87.15	-20.3
16937.31	89.46	-48
17221.183	91.7	-93.3
17509.814	90.36	-132.6
17803.283	88.94	-172
18101.67	86.24	166.1
18405.059	83.19	147.3
18713.532	75.27	125
19027.176	85.03	-174.2
19346.076	87.81	144.6
19670.321	86.61	109.4
