20.1989	54.1200	150.4000
20.5375	55.2800	150.0000
20.8817	56.3800	149.5000
21.2317	57.3700	149.1000
21.5875	58.1800	148.6000
21.9493	58.7900	148.2000
22.3172	59.2000	147.7000
22.6913	59.4300	147.2000
23.0716	59.5000	146.7000
23.4583	59.4400	146.3000
23.8514	59.2700	145.8000
24.2512	59.0300	145.3000
24.6576	58.8200	144.8000
25.0709	58.7200	144.3000
25.4911	58.7300	143.8000
25.9183	58.8400	143.2000
26.3527	59.0300	142.7000
26.7944	59.2700	142.2000
27.2435	59.5500	141.7000
27.7001	59.8400	141.1000
28.1644	60.1500	140.6000
28.6364	60.4600	140.0000
29.1164	60.7800	139.5000
29.6044	61.1200	138.9000
30.1005	61.4700	138.3000
30.6050	61.8200	137.8000
31.1180	62.1500	137.2000
31.6395	62.4500	136.6000
32.1698	62.7500	136.0000
32.7090	63.0500	135.4000
33.2572	63.3500	134.8000
33.8146	63.6500	134.2000
34.3813	63.9400	133.6000
34.9576	64.2400	133.0000
35.5435	64.5300	132.4000
36.1392	64.8100	131.8000
36.7449	65.1100	131.2000
37.3607	65.4000	130.6000
37.9869	65.6800	130.0000
38.6236	65.9500	129.3000
39.2709	66.2000	128.7000
39.9291	66.4500	128.1000
40.5983	66.6700	127.4000
41.2788	66.8600	126.8000
41.9706	67.0100	126.1000
42.6741	67.1200	125.5000
43.3893	67.1900	124.8000
44.1165	67.2300	124.1000
44.8559	67.2900	123.5000
45.6077	67.5300	122.8000
46.3721	67.9800	122.1000
47.1493	68.4700	121.5000
47.9395	68.8900	120.8000
48.7430	69.2800	120.1000
49.5600	69.6600	119.4000
50.3906	70.0200	118.7000
51.2351	70.3500	118.0000
52.0939	70.6600	117.4000
52.9670	70.9700	116.7000
53.8547	71.2600	116.0000
54.7573	71.5400	115.3000
55.6751	71.8100	114.6000
56.6082	72.0600	113.9000
57.5570	72.2800	113.2000
58.5216	72.4500	112.5000
59.5025	72.6200	111.8000
60.4997	72.8800	111.1000
61.5137	73.2400	110.4000
62.5447	73.6000	109.7000
63.5930	73.9300	109.0000
64.6588	74.2400	108.2000
65.7425	74.5300	107.5000
66.8444	74.8100	106.8000
67.9647	75.0800	106.1000
69.1038	75.3500	105.4000
70.2620	75.6200	104.6000
71.4396	75.8800	103.9000
72.6370	76.1400	103.2000
73.8544	76.3900	102.5000
75.0922	76.6400	101.7000
76.3508	76.8800	101.0000
77.6304	77.1200	100.3000
78.9315	77.3600	99.5000
80.2544	77.6000	98.8000
81.5995	77.8300	98.0000
82.9672	78.0700	97.3000
84.3577	78.3100	96.6000
85.7716	78.5500	95.8000
87.2091	78.8000	95.1000
88.6707	79.0300	94.3000
90.1569	79.2600	93.6000
91.6680	79.4900	92.8000
93.2043	79.7200	91.9000
94.7665	79.9100	91.2000
96.3548	80.0800	90.4000
97.9697	80.2300	89.6000
99.6117	80.3600	88.9000
101.2812	80.4900	88.1000
102.9787	80.6300	87.3000
104.7047	80.7800	86.6000
106.4595	80.9500	85.8000
108.2438	81.1300	85.0000
110.0580	81.3200	84.2000
111.9026	81.5100	83.4000
113.7781	81.6800	82.6000
115.6851	81.8300	81.8000
117.6240	81.9600	81.0000
119.5954	82.0500	80.2000
121.5998	82.1200	79.4000
123.6379	82.1800	78.6000
125.7101	82.2300	77.8000
127.8170	82.2800	77.0000
129.9592	82.3300	76.2000
132.1374	82.3700	75.3000
134.3520	82.4000	74.5000
136.6038	82.4400	73.7000
138.8933	82.5000	72.8000
141.2212	82.5800	72.0000
143.5881	82.6600	71.1000
145.9947	82.7500	70.3000
148.4416	82.8300	69.4000
150.9295	82.8900	68.6000
153.4591	82.9300	67.7000
156.0312	82.9500	66.8000
158.6463	82.9500	66.0000
161.3052	82.9600	65.1000
164.0087	82.9700	64.2000
166.7576	82.9900	63.3000
169.5525	83.0400	62.4000
172.3942	83.1100	61.5000
175.2836	83.1800	60.6000
178.2214	83.2500	59.7000
181.2084	83.3100	58.8000
184.2455	83.3600	57.8000
187.3335	83.3900	56.9000
190.4733	83.4000	56.0000
193.6656	83.4100	55.1000
196.9115	83.4200	54.1000
200.2118	83.4500	53.2000
203.5674	83.4900	52.3000
206.9792	83.5300	51.4000
210.4483	83.5500	50.5000
213.9754	83.5700	49.6000
217.5617	83.5800	48.7000
221.2081	83.5900	47.8000
224.9156	83.5900	47.0000
228.6852	83.5800	46.1000
232.5181	83.5800	45.2000
236.4151	83.6100	44.3000
240.3775	83.6500	43.4000
244.4063	83.6500	42.5000
248.5026	83.6200	41.7000
252.6676	83.5700	40.8000
256.9023	83.5800	39.9000
261.2081	83.5900	39.1000
265.5860	83.6100	38.3000
270.0373	83.6200	37.5000
274.5632	83.6200	36.6000
279.1649	83.6000	35.6000
283.8438	83.5700	34.8000
288.6011	83.5500	34.0000
293.4381	83.6200	33.1000
298.3562	83.7200	32.3000
303.3567	83.7100	31.4000
308.4410	83.6600	30.6000
313.6106	83.6500	29.8000
318.8668	83.6500	29.0000
324.2111	83.6500	28.2000
329.6449	83.6300	27.5000
335.1698	83.6000	26.7000
340.7874	83.5600	26.0000
346.4991	83.5300	25.4000
352.3065	83.5200	24.7000
358.2112	83.5000	24.1000
364.2149	83.4800	23.5000
370.3193	83.4500	23.0000
376.5259	83.4100	22.5000
382.8366	83.3800	22.0000
389.2530	83.3500	21.5000
395.7770	83.3200	21.1000
402.4103	83.2900	20.7000
409.1548	83.2700	20.4000
416.0123	83.2400	20.1000
422.9848	83.2000	19.8000
430.0741	83.1700	19.5000
437.2823	83.1400	19.3000
444.6112	83.1200	19.1000
452.0630	83.1200	19.0000
459.6397	83.1100	18.9000
467.3434	83.1100	18.7000
475.1762	83.0900	18.6000
483.1402	83.0600	18.6000
491.2378	83.0400	18.6000
499.4710	83.0300	18.6000
507.8423	83.0300	18.5000
516.3539	83.0500	18.5000
525.0081	83.0700	18.4000
533.8074	83.0900	18.3000
542.7541	83.1200	18.1000
551.8508	83.1500	17.9000
561.0999	83.1800	17.7000
570.5041	83.2000	17.4000
580.0659	83.2200	17.1000
589.7879	83.2300	16.7000
599.6729	83.2300	16.4000
609.7236	83.2200	16.0000
619.9427	83.2100	15.6000
630.3331	83.1700	15.2000
640.8976	83.1300	14.8000
651.6392	83.0500	14.7000
662.5609	82.9600	14.6000
673.6656	82.8800	14.6000
684.9564	82.8000	14.6000
696.4364	82.7200	14.6000
708.1088	82.6500	14.7000
719.9769	82.5800	14.9000
732.0439	82.5100	15.0000
744.3131	82.4300	15.2000
756.7880	82.3900	15.5000
769.4720	82.3500	15.9000
782.3685	82.3400	16.4000
795.4812	82.3400	16.9000
808.8137	82.3700	17.4000
822.3696	82.4200	17.8000
836.1527	82.4800	18.2000
850.1668	82.5600	18.5000
864.4158	82.6500	18.6000
878.9036	82.7500	18.6000
893.6343	82.8500	18.4000
908.6118	82.9300	18.1000
923.8404	83.0000	17.6000
939.3242	83.0500	17.0000
955.0675	83.0700	16.3000
971.0746	83.0600	15.6000
987.3501	83.0200	14.9000
1003.8983	82.9400	14.3000
1020.7239	82.8300	13.9000
1037.8315	82.7000	13.8000
1055.2258	82.5500	13.9000
1072.9116	82.4100	14.4000
1090.8939	82.2800	15.3000
1109.1775	82.2000	16.5000
1127.7676	82.1600	17.9000
1146.6693	82.2000	19.4000
1165.8877	82.3000	20.9000
1185.4283	82.4600	22.1000
1205.2964	82.6700	23.1000
1225.4974	82.9000	23.8000
1246.0371	83.1500	24.0000
1266.9209	83.3800	23.9000
1288.1549	83.5900	23.6000
1309.7446	83.7700	23.1000
1331.6963	83.9300	22.6000
1354.0158	84.0600	22.0000
1376.7095	84.1800	21.5000
1399.7835	84.3000	21.1000
1423.2442	84.4300	20.8000
1447.0981	84.5700	20.4000
1471.3518	84.7300	20.0000
1496.0120	84.9100	19.4000
1521.0856	85.0800	18.6000
1546.5793	85.2600	17.6000
1572.5004	85.4200	16.5000
1598.8559	85.5600	15.2000
1625.6531	85.7000	13.9000
1652.8994	85.8400	12.5000
1680.6024	85.9800	11.0000
1708.7697	86.1400	9.3000
1737.4091	86.2900	7.3000
1766.5285	86.4400	4.7000
1796.1360	86.5500	1.7000
1826.2397	86.5800	-1.9000
1856.8479	86.5000	-5.8000
1887.9691	86.3000	-9.9000
1919.6120	85.9400	-14.0000
1951.7851	85.4200	-17.7000
1984.4975	84.7700	-20.8000
2017.7582	84.0100	-22.9000
2051.5763	83.1900	-23.8000
2085.9612	82.3700	-23.7000
2120.9224	81.5800	-22.6000
2156.4696	80.8200	-20.6000
2192.6126	80.1200	-17.7000
2229.3613	79.5000	-13.8000
2266.7259	79.0200	-8.9000
2304.7168	78.7600	-3.4000
2343.3444	78.7500	2.1000
2382.6195	78.9400	6.7000
2422.5528	79.2100	10.2000
2463.1553	79.4800	13.0000
2504.4384	79.7400	15.3000
2546.4134	79.9900	17.6000
2589.0919	80.2900	19.8000
2632.4858	80.6600	21.6000
2676.6069	81.0600	22.9000
2721.4674	81.4700	23.5000
2767.0799	81.8400	23.5000
2813.4568	82.1400	23.2000
2860.6111	82.3800	23.0000
2908.5556	82.6200	22.8000
2957.3037	82.8800	22.7000
3006.8689	83.1600	22.2000
3057.2647	83.4100	21.0000
3108.5052	83.5500	19.5000
3160.6045	83.5700	18.3000
3213.5770	83.5300	17.9000
3267.4374	83.5500	18.3000
3322.2004	83.6700	18.7000
3377.8813	83.8700	18.9000
3434.4954	84.0600	18.6000
3492.0584	84.2600	18.3000
3550.5862	84.4900	17.8000
3610.0949	84.7600	16.8000
3670.6009	84.9800	15.1000
3732.1211	85.0800	13.1000
3794.6724	85.0900	11.5000
3858.2720	85.0800	10.3000
3922.9376	85.1300	9.1000
3988.6870	85.1600	7.3000
4055.5384	85.0400	5.2000
4123.5102	84.7100	4.0000
4192.6212	84.3800	4.7000
4262.8906	84.2900	6.6000
4334.3377	84.4200	8.0000
4406.9822	84.6200	8.9000
4480.8443	84.9100	9.4000
4555.9444	85.3200	9.1000
4632.3031	85.7100	7.1000
4709.9417	85.9100	4.2000
4788.8814	85.9500	1.6000
4869.1443	85.9800	-0.6000
4950.7523	86.0200	-3.1000
5033.7281	85.9800	-6.1000
5118.0947	85.8100	-9.4000
5203.8752	85.4900	-12.5000
5291.0934	85.0100	-15.0000
5379.7734	84.4200	-16.4000
5469.9397	83.8500	-16.5000
5561.6173	83.2800	-16.4000
5654.8313	82.5300	-15.4000
5749.6077	81.7300	-11.2000
5845.9725	81.3200	-4.1000
5943.9525	81.5300	3.8000
6043.5746	82.3100	9.9000
6144.8664	83.3500	12.3000
6247.8558	84.2100	11.7000
6352.5714	84.8600	10.5000
6459.0421	85.4700	8.9000
6567.2972	86.0800	6.7000
6677.3667	86.6600	3.4000
6789.2810	87.1300	-1.1000
6903.0710	87.3600	-6.6000
7018.7682	87.3000	-12.0000
7136.4045	87.0200	-16.2000
7256.0123	86.7200	-18.8000
7377.6249	86.5300	-20.9000
7501.2757	86.3200	-23.1000
7626.9989	86.0900	-24.5000
7754.8293	85.9900	-25.7000
7884.8021	85.9400	-27.9000
8016.9533	85.7300	-30.8000
8151.3194	85.3000	-33.4000
8287.9375	84.7200	-34.6000
8426.8454	84.1300	-34.2000
8568.0814	83.6500	-32.6000
8711.6845	83.3000	-29.8000
8857.6945	83.2100	-25.9000
9006.1516	83.5200	-22.1000
9157.0969	84.1200	-20.4000
9310.5721	84.7300	-21.1000
9466.6196	85.1200	-23.4000
9625.2825	85.2400	-25.7000
9786.6046	85.2800	-26.7000
9950.6305	85.4800	-27.2000
10117.4050	85.7700	-28.3000
10286.9760	85.9700	-29.7000
10459.3880	86.1600	-30.2000
10634.6900	86.5800	-29.9000
10812.9300	87.3400	-30.7000
10994.1570	88.2000	-34.3000
11178.4220	88.8100	-40.0000
11365.7750	89.2300	-45.8000
11556.2680	89.6600	-52.0000
11749.9540	89.8900	-60.0000
11946.8860	89.7600	-68.2000
12147.1190	89.4700	-74.5000
12350.7080	89.2400	-80.3000
12557.7080	88.9600	-86.3000
12768.1790	88.5500	-91.4000
12982.1770	88.1200	-95.7000
13199.7610	87.8700	-100.3000
13420.9920	87.6800	-105.3000
13645.9310	87.2900	-110.6000
13874.6410	86.6000	-115.6000
14107.1830	85.9300	-118.3000
14343.6230	85.8900	-119.1000
14584.0250	86.4400	-123.6000
14828.4570	86.5900	-134.6000
15076.9860	85.6200	-146.8000
15329.6800	83.8700	-153.7000
15586.6090	82.1700	-153.9000
15847.8440	81.2400	-149.5000
16113.4580	81.3000	-146.4000
16383.5240	81.6800	-148.0000
16658.1150	81.9900	-152.0000
16937.3100	82.4100	-158.7000
17221.1830	82.4500	-170.1000
17509.8140	81.5900	178.1000
17803.2830	80.2200	170.1000
18101.6700	78.8700	165.2000
18405.0590	77.5000	162.2000
18713.5320	76.2800	162.4000
19027.1760	75.7300	164.3000
19346.0760	75.8700	163.3000