"| "| "| "| "| Standardized FRD file, measured by OmniMic "1100200.omm" on 11/20/2013 by userID: 
"| "| "| "| "| Equivalent to driven with 2.83V and measured at 1m
"| "| "| "| "| Acoustic origin is -1.767useconds behind the mounting plane.
"| "| "| "| "| 
20.19895	59.75	141.4
20.53749	59.88	141.1
20.8817	60.03	140.8
21.23169	60.18	140.4
21.58753	60.34	140
21.94935	60.52	139.6
22.31722	60.71	139.1
22.69126	60.91	138.7
23.07158	61.12	138.2
23.45826	61.33	137.8
23.85143	61.56	137.3
24.25118	61.8	136.8
24.65764	62.04	136.3
25.07091	62.28	135.7
25.4911	62.52	135.2
25.91834	62.77	134.7
26.35274	63.02	134.1
26.79441	63.28	133.6
27.2435	63.54	133
27.7001	63.81	132.5
28.16436	64.08	131.9
28.63641	64.35	131.3
29.11636	64.63	130.8
29.60436	64.91	130.2
30.10053	65.19	129.6
30.60502	65.47	129
31.11797	65.75	128.4
31.63952	66.03	127.8
32.1698	66.31	127.2
32.70898	66.6	126.6
33.25719	66.87	126
33.81459	67.15	125.4
34.38133	67.42	124.8
34.95757	67.69	124.1
35.54346	67.95	123.5
36.13918	68.21	122.9
36.74488	68.46	122.3
37.36074	68.71	121.6
37.98691	68.96	121
38.62358	69.2	120.4
39.27092	69.44	119.7
39.92911	69.67	119.1
40.59833	69.91	118.5
41.27877	70.14	117.8
41.97061	70.38	117.2
42.67405	70.61	116.5
43.38928	70.86	115.9
44.11649	71.1	115.2
44.8559	71.35	114.6
45.60769	71.61	113.9
46.37209	71.86	113.3
47.1493	72.12	112.6
47.93953	72.39	112
48.74301	72.66	111.3
49.55995	72.92	110.7
50.39059	73.19	110
51.23515	73.45	109.3
52.09386	73.71	108.7
52.96697	73.95	108
53.85471	74.19	107.4
54.75733	74.42	106.7
55.67507	74.63	106
56.6082	74.84	105.3
57.55697	75.03	104.6
58.52164	75.21	104
59.50247	75.37	103.3
60.49975	75.53	102.7
61.51374	75.68	102
62.54472	75.82	101.3
63.59299	75.96	100.7
64.65882	76.1	100
65.74252	76.25	99.3
66.84438	76.4	98.7
67.96471	76.57	98
69.10382	76.76	97.3
70.26201	76.96	96.6
71.43962	77.17	96
72.63697	77.39	95.3
73.85438	77.61	94.6
75.0922	77.82	94
76.35076	78.03	93.3
77.63042	78.23	92.6
78.93152	78.42	91.9
80.25443	78.58	91.3
81.59952	78.74	90.6
82.96715	78.88	89.9
84.3577	79	89.3
85.77155	79.12	88.6
87.2091	79.23	87.9
88.67075	79.33	87.2
90.15689	79.42	86.6
91.66795	79.51	85.9
93.20432	79.6	85.3
94.76645	79.68	84.6
96.35476	79.77	84
97.96969	79.86	83.3
99.61168	79.95	82.7
101.2812	80.06	82
102.9787	80.17	81.4
104.70465	80.29	80.8
106.45952	80.42	80.2
108.24381	80.55	79.6
110.058	80.68	79.1
111.9026	80.8	78.5
113.77812	80.9	78
115.68507	80.99	77.5
117.62398	81.05	77.1
119.59538	81.1	76.7
121.59983	81.13	76.4
123.63787	81.15	76.1
125.71007	81.15	75.7
127.81701	81.19	75.1
129.95925	81.4	74.1
132.1374	81.61	73.4
134.35205	81.75	72.7
136.60383	81.83	72
138.89334	81.91	71.3
141.22123	82.03	70.7
143.58813	82.27	69.9
145.9947	82.55	69.2
148.44161	82.78	68.4
150.92953	82.86	67.8
153.45914	82.73	67
156.03116	82.48	66.2
158.64628	82.24	65.5
161.30523	82.16	64.8
164.00874	82.3	64
166.75757	82.58	63.3
169.55247	82.86	62.5
172.39421	83.02	61.7
175.28358	83.05	61
178.22137	83.04	60.2
181.2084	83.01	59.4
184.2455	82.99	58.7
187.3335	82.99	57.9
190.47326	83	57.2
193.66564	83.02	56.4
196.91152	83.08	55.7
200.2118	83.21	54.9
203.5674	83.38	54.1
206.97924	83.49	53.3
210.44827	83.45	52.6
213.97543	83.31	51.9
217.56171	83.25	51.1
221.2081	83.34	50.3
224.9156	83.48	49.6
228.68524	83.57	48.8
232.51806	83.59	48
236.41512	83.59	47.3
240.3775	83.58	46.5
244.40628	83.54	45.7
248.50259	83.52	45
252.66756	83.52	44.3
256.90233	83.6	43.6
261.20807	83.69	42.9
265.58598	83.69	42.2
270.03727	83.64	41.4
274.56316	83.6	40.8
279.16491	83.63	40
283.84378	83.69	39.3
288.60107	83.73	38.6
293.43809	83.75	38
298.35619	83.76	37.4
303.35671	83.76	36.8
308.44104	83.78	36.1
313.61059	83.82	35.6
318.86678	83.86	35
324.21107	83.84	34.5
329.64492	83.8	34
335.16985	83.77	33.5
340.78738	83.76	33
346.49906	83.77	32.6
352.30647	83.77	32.2
358.21121	83.75	31.8
364.21492	83.74	31.5
370.31925	83.74	31
376.5259	83.74	30.8
382.83656	83.72	30.4
389.253	83.71	30.1
395.77697	83.69	29.8
402.41029	83.68	29.5
409.15479	83.68	29.3
416.01232	83.68	29.2
422.98479	83.69	29
430.07412	83.71	28.9
437.28226	83.72	28.7
444.61122	83.73	28.5
452.06302	83.73	28.4
459.6397	83.72	28.3
467.34338	83.71	28.2
475.17617	83.7	28.1
483.14023	83.7	27.9
491.23778	83.7	27.8
499.47105	83.71	27.7
507.84231	83.69	27.5
516.35387	83.67	27.5
525.00808	83.66	27.3
533.80735	83.66	27.2
542.75409	83.65	27
551.85078	83.59	26.7
561.09994	83.54	26.4
570.50411	83.51	26
580.0659	83.48	25.4
589.78794	83.45	24.8
599.67293	83.47	24.3
609.7236	83.47	23.8
619.94272	83.47	23.4
630.33311	83.46	22.9
640.89765	83.45	22.5
651.63925	83.42	22.1
662.56088	83.39	21.7
673.66556	83.37	21.5
684.95636	83.32	21.2
696.4364	83.29	20.9
708.10884	83.24	20.9
719.97692	83.2	20.8
732.04391	83.16	20.9
744.31315	83.13	21.1
756.78802	83.11	21.4
769.47197	83.1	21.7
782.36851	83.11	22.1
795.4812	83.13	22.4
808.81366	83.19	22.8
822.36957	83.27	23.1
836.15269	83.36	23.4
850.16681	83.47	23.5
864.41582	83.6	23.5
878.90364	83.73	23.2
893.63428	83.86	22.8
908.61181	83.96	22.1
923.84036	84.06	21.2
939.32415	84.12	20.2
955.06746	84.15	19
971.07462	84.13	17.8
987.35007	84.08	16.7
1003.8983	83.97	15.5
1020.7239	83.82	14.8
1037.8315	83.63	14.3
1055.2258	83.41	14.2
1072.9116	83.19	14.5
1090.8939	82.99	15.5
1109.1775	82.83	16.9
1127.7676	82.76	18.7
1146.6693	82.79	20.5
1165.8877	82.92	22.4
1185.4283	83.14	23.8
1205.2964	83.42	24.7
1225.4974	83.73	25
1246.0371	84.03	24.6
1266.9209	84.29	23.7
1288.1549	84.48	22.5
1309.7446	84.61	21
1331.6963	84.67	19.4
1354.0158	84.66	18
1376.7095	84.62	16.7
1399.7835	84.53	15.9
1423.2442	84.44	15.4
1447.0981	84.38	15
1471.3518	84.33	14.7
1496.012	84.32	14.4
1521.0856	84.31	13.9
1546.5793	84.28	13
1572.5004	84.2	12.1
1598.8559	84.04	11.3
1625.6531	83.8	10.9
1652.8994	83.53	11.2
1680.6024	83.25	12.4
1708.7697	83.09	14.6
1737.4091	83.1	17
1766.5285	83.32	19.4
1796.136	83.68	20.8
1826.2397	84.09	20.9
1856.8479	84.44	19.9
1887.9691	84.66	18
1919.612	84.74	15.9
1951.7851	84.69	14.1
1984.4975	84.56	13
2017.7582	84.43	12.6
2051.5763	84.36	12.7
2085.9612	84.37	12.5
2120.9224	84.42	12
2156.4696	84.41	11
2192.6126	84.31	10
2229.3613	84.1	9.3
2266.7259	83.84	9.7
2304.7168	83.65	11.2
2343.3444	83.64	13.1
2382.6195	83.84	14.7
2422.5528	84.14	15.3
2463.1553	84.43	14.7
2504.4384	84.62	13.2
2546.4134	84.68	11.6
2589.0919	84.66	10.1
2632.4858	84.6	9
2676.6069	84.54	7.7
2721.4674	84.45	6.4
2767.0799	84.24	4.9
2813.4568	83.91	4
2860.6111	83.49	4.6
2908.5556	83.18	7
2957.3037	83.19	9.9
3006.8689	83.54	11.7
3057.2647	83.96	11.3
3108.5052	84.16	8.8
3160.6045	84.02	6
3213.577	83.61	4.5
3267.4374	83.17	5.5
3322.2004	82.93	7.8
3377.8813	82.96	10
3434.4954	83.09	11.4
3492.0584	83.23	12.3
3550.5862	83.4	13.2
3610.0949	83.69	13.9
3670.6009	84.01	13.6
3732.1211	84.26	12.3
3794.6724	84.38	10.5
3858.272	84.44	9.1
3922.9376	84.5	7.7
3988.687	84.56	5.8
4055.5384	84.49	3.2
4123.5102	84.24	1.1
4192.6212	83.89	-0.2
4262.8906	83.53	-0.9
4334.3377	83.15	-1.1
4406.9822	82.72	-0.1
4480.8443	82.39	2.2
4555.9444	82.3	4.7
4632.3031	82.36	6.5
4709.9417	82.45	8.1
4788.8814	82.63	9.8
4869.1443	82.98	10.7
4950.7523	83.35	10.3
5033.7281	83.59	8.8
5118.0947	83.71	7
5203.8752	83.75	5.2
5291.0934	83.71	3.1
5379.7734	83.52	1.2
5469.9397	83.19	-0.1
5561.6173	82.78	-0.3
5654.8313	82.38	0.8
5749.6077	82.09	2.8
5845.9725	81.96	5.5
5943.9525	82.04	8.4
6043.5746	82.37	10.8
6144.8664	82.88	11.7
6247.8558	83.32	10.6
6352.5714	83.57	8.3
6459.0421	83.68	6
6567.2972	83.65	3.5
6677.3667	83.46	1.1
6789.281	83.02	-0.1
6903.071	82.5	1.4
7018.7682	82.31	5.5
7136.4045	82.73	9.3
7256.0123	83.45	10.3
7377.6249	84	7.8
7501.2757	84.23	4.3
7626.9989	84.23	1.3
7754.8293	84.16	-1
7884.8021	84.05	-3.2
8016.9533	83.8	-5.5
8151.3194	83.37	-6.1
8287.9375	83.04	-4.2
8426.8454	83.21	-1.1
8568.0814	83.83	-0.1
8711.6845	84.42	-2.7
8857.6945	84.59	-7.5
9006.1516	84.36	-11.5
9157.0969	83.94	-13
9310.5721	83.73	-12.4
9466.6196	83.97	-11
9625.2825	84.61	-11.5
9786.6046	85.27	-14.9
9950.6305	85.67	-21.1
10117.405	85.66	-28.6
10286.976	85.22	-35.6
10459.388	84.44	-40.2
10634.69	83.72	-41
10812.93	83.59	-40.7
10994.157	83.88	-43.3
11178.422	83.95	-49.6
11365.775	83.48	-56.7
11556.268	82.54	-61.5
11749.954	81.53	-63
11946.886	80.79	-62.4
12147.119	80.6	-61.9
12350.708	80.8	-63.6
12557.708	80.92	-68.6
12768.179	80.62	-74.8
12982.177	80.08	-79.7
13199.761	79.68	-84.2
13420.992	79.53	-91.7
13645.931	79.03	-103.3
13874.641	77.8	-115.3
14107.183	75.75	-124.2
14343.623	73.08	-126.7
14584.025	70.16	-121.6
14828.457	67.32	-110.8
15076.986	65.13	-97.6
15329.68	63.88	-81.7
15586.609	64.36	-66.8
15847.844	65.88	-58
16113.458	67.29	-59
16383.524	67.78	-67.6
16658.115	67.39	-78.3
16937.31	66.26	-87.4
17221.183	64.96	-96.5
17509.814	63.49	-107.8
17803.283	61.38	-118.6
18101.67	57.83	-120.4
18405.059	53.5	-102.6
18713.532	50.62	-70.3
19027.176	51.83	-34.2
19346.076	54.4	-10.5
19670.321	55.9	-3.2
