20.1989	53.7900	145.4000
20.5375	53.9900	145.0000
20.8817	54.1900	144.5000
21.2317	54.3900	144.0000
21.5875	54.5900	143.5000
21.9493	54.7800	143.0000
22.3172	54.9600	142.5000
22.6913	55.1300	142.0000
23.0716	55.3000	141.5000
23.4583	55.4800	140.9000
23.8514	55.6500	140.4000
24.2512	55.8500	139.9000
24.6576	56.0700	139.4000
25.0709	56.3400	138.8000
25.4911	56.6700	138.3000
25.9183	57.0600	137.7000
26.3527	57.5200	137.2000
26.7944	58.0300	136.6000
27.2435	58.5900	136.0000
27.7001	59.1800	135.5000
28.1644	59.7800	134.9000
28.6364	60.3800	134.3000
29.1164	60.9800	133.8000
29.6044	61.5900	133.2000
30.1005	62.2100	132.6000
30.6050	62.8400	132.1000
31.1180	63.4800	131.5000
31.6395	64.1100	130.9000
32.1698	64.7400	130.3000
32.7090	65.3400	129.7000
33.2572	65.9200	129.1000
33.8146	66.4500	128.5000
34.3813	66.9500	127.9000
34.9576	67.4100	127.3000
35.5435	67.8400	126.7000
36.1392	68.2400	126.1000
36.7449	68.5900	125.5000
37.3607	68.9000	124.9000
37.9869	69.1500	124.3000
38.6236	69.3400	123.7000
39.2709	69.5000	123.1000
39.9291	69.6300	122.4000
40.5983	69.7600	121.8000
41.2788	69.8900	121.2000
41.9706	70.0400	120.6000
42.6741	70.2100	120.0000
43.3893	70.4300	119.3000
44.1165	70.6900	118.7000
44.8559	71.0100	118.1000
45.6077	71.3800	117.5000
46.3721	71.8000	116.8000
47.1493	72.2500	116.2000
47.9395	72.7200	115.6000
48.7430	73.1800	114.9000
49.5600	73.6300	114.3000
50.3906	74.0500	113.7000
51.2351	74.4300	113.1000
52.0939	74.7700	112.4000
52.9670	75.0700	111.8000
53.8547	75.3500	111.2000
54.7573	75.6100	110.5000
55.6751	75.8800	109.9000
56.6082	76.1600	109.3000
57.5570	76.4300	108.6000
58.5216	76.6700	108.0000
59.5025	76.8500	107.4000
60.4997	76.9600	106.8000
61.5137	76.9800	106.1000
62.5447	76.9300	105.5000
63.5930	76.8400	104.9000
64.6588	76.7700	104.2000
65.7425	76.7800	103.6000
66.8444	76.9400	103.0000
67.9647	77.2600	102.3000
69.1038	77.7100	101.7000
70.2620	78.2200	101.1000
71.4396	78.7400	100.4000
72.6370	79.2200	99.8000
73.8544	79.6400	99.1000
75.0922	79.9600	98.5000
76.3508	80.1900	97.9000
77.6304	80.3400	97.3000
78.9315	80.4200	96.6000
80.2544	80.4600	96.0000
81.5995	80.4900	95.3000
82.9672	80.5400	94.7000
84.3577	80.6700	94.1000
85.7716	80.9000	93.4000
87.2091	81.2400	92.8000
88.6707	81.6300	92.2000
90.1569	82.0200	91.5000
91.6680	82.3200	90.9000
93.2043	82.5100	90.2000
94.7665	82.5900	89.6000
96.3548	82.6000	88.9000
97.9697	82.5900	88.3000
99.6117	82.6100	87.6000
101.2812	82.7100	87.0000
102.9787	82.8900	86.3000
104.7047	83.1500	85.7000
106.4595	83.4500	85.0000
108.2438	83.7500	84.4000
110.0580	83.9800	83.7000
111.9026	84.1300	83.1000
113.7781	84.1900	82.4000
115.6851	84.1500	81.7000
117.6240	84.0300	81.1000
119.5954	83.9000	80.4000
121.5998	83.8900	79.7000
123.6379	84.0300	79.1000
125.7101	84.2900	78.4000
127.8170	84.5300	77.7000
129.9592	84.6700	77.0000
132.1374	84.7000	76.4000
134.3520	84.6500	75.7000
136.6038	84.6400	75.0000
138.8933	84.7100	74.3000
141.2212	84.8500	73.6000
143.5881	85.0100	72.9000
145.9947	85.1400	72.2000
148.4416	85.2400	71.5000
150.9295	85.2500	70.8000
153.4591	85.1600	70.1000
156.0312	85.0400	69.4000
158.6463	85.0100	68.7000
161.3052	85.1200	68.0000
164.0087	85.3200	67.3000
166.7576	85.4800	66.6000
169.5525	85.5200	65.8000
172.3942	85.4600	65.1000
175.2836	85.4200	64.4000
178.2214	85.4600	63.7000
181.2084	85.5600	63.0000
184.2455	85.6400	62.2000
187.3335	85.6800	61.5000
190.4733	85.6800	60.8000
193.6656	85.6300	60.0000
196.9115	85.6500	59.3000
200.2118	85.7800	58.6000
203.5674	85.8800	57.9000
206.9792	85.8700	57.1000
210.4483	85.8000	56.4000
213.9754	85.7800	55.7000
217.5617	85.8300	54.9000
221.2081	85.9000	54.2000
224.9156	85.9400	53.5000
228.6852	85.9300	52.8000
232.5181	85.9300	52.1000
236.4151	85.9600	51.3000
240.3775	86.0000	50.6000
244.4063	86.0000	49.9000
248.5026	85.9700	49.2000
252.6676	85.9900	48.5000
256.9023	86.0300	47.9000
261.2081	86.0400	47.2000
265.5860	86.0300	46.5000
270.0373	86.0100	45.9000
274.5632	86.0200	45.2000
279.1649	86.0400	44.6000
283.8438	86.0400	44.0000
288.6011	86.0500	43.4000
293.4381	86.0700	42.8000
298.3562	86.0700	42.2000
303.3567	86.0800	41.7000
308.4410	86.0900	41.1000
313.6106	86.1100	40.6000
318.8668	86.1200	40.1000
324.2111	86.1200	39.6000
329.6449	86.1200	39.2000
335.1698	86.1300	38.8000
340.7874	86.1400	38.4000
346.4991	86.1600	38.0000
352.3065	86.1600	37.6000
358.2112	86.1600	37.3000
364.2149	86.1600	37.0000
370.3193	86.1600	36.7000
376.5259	86.1700	36.5000
382.8366	86.1600	36.3000
389.2530	86.1600	36.1000
395.7770	86.1400	35.9000
402.4103	86.1300	35.7000
409.1548	86.1200	35.6000
416.0123	86.1000	35.5000
422.9848	86.0900	35.4000
430.0741	86.0700	35.4000
437.2823	86.0600	35.3000
444.6112	86.0500	35.3000
452.0630	86.0400	35.3000
459.6397	86.0300	35.3000
467.3434	86.0200	35.3000
475.1762	86.0200	35.3000
483.1402	86.0100	35.3000
491.2378	86.0000	35.2000
499.4710	86.0100	35.2000
507.8423	86.0300	34.9000
516.3539	86.0500	34.7000
525.0081	86.0800	34.4000
533.8074	86.1200	34.0000
542.7541	86.1600	33.5000
551.8508	86.2100	33.0000
561.0999	86.2600	32.5000
570.5041	86.3100	31.9000
580.0659	86.3500	31.4000
589.7879	86.4000	30.8000
599.6729	86.4300	30.3000
609.7236	86.4600	29.8000
619.9427	86.4900	29.4000
630.3331	86.5200	28.9000
640.8976	86.5400	28.5000
651.6392	86.5600	28.1000
662.5609	86.5800	27.6000
673.6656	86.6000	27.2000
684.9564	86.6100	26.7000
696.4364	86.6200	26.2000
708.1088	86.6200	25.7000
719.9769	86.6200	25.3000
732.0439	86.6000	24.8000
744.3131	86.5800	24.4000
756.7880	86.5500	24.1000
769.4720	86.5100	23.7000
782.3685	86.4700	23.5000
795.4812	86.4200	23.3000
808.8137	86.3800	23.2000
822.3696	86.3300	23.1000
836.1527	86.2900	23.2000
850.1668	86.2600	23.3000
864.4158	86.2400	23.5000
878.9036	86.2200	23.7000
893.6343	86.2200	23.9000
908.6118	86.2300	24.2000
923.8404	86.2500	24.4000
939.3242	86.2800	24.5000
955.0675	86.3200	24.7000
971.0746	86.3600	24.7000
987.3501	86.4000	24.7000
1003.8983	86.4400	24.7000
1020.7239	86.4700	24.6000
1037.8315	86.4900	24.5000
1055.2258	86.5200	24.5000
1072.9116	86.5300	24.4000
1090.8939	86.5600	24.5000
1109.1775	86.5800	24.5000
1127.7676	86.6100	24.6000
1146.6693	86.6500	24.7000
1165.8877	86.7100	24.8000
1185.4283	86.7700	24.8000
1205.2964	86.8300	24.7000
1225.4974	86.9000	24.5000
1246.0371	86.9600	24.3000
1266.9209	87.0100	24.0000
1288.1549	87.0400	23.7000
1309.7446	87.0500	23.4000
1331.6963	87.0600	23.2000
1354.0158	87.0700	23.2000
1376.7095	87.0800	23.3000
1399.7835	87.1300	23.4000
1423.2442	87.2000	23.6000
1447.0981	87.3100	23.6000
1471.3518	87.4300	23.4000
1496.0120	87.5600	22.8000
1521.0856	87.6600	21.9000
1546.5793	87.7100	20.7000
1572.5004	87.6900	19.5000
1598.8559	87.5900	18.4000
1625.6531	87.4300	17.6000
1652.8994	87.2400	17.5000
1680.6024	87.0600	18.0000
1708.7697	86.9500	19.1000
1737.4091	86.9500	20.4000
1766.5285	87.0700	21.6000
1796.1360	87.2600	22.1000
1826.2397	87.4700	22.0000
1856.8479	87.6300	21.2000
1887.9691	87.7200	20.0000
1919.6120	87.7000	18.8000
1951.7851	87.6200	17.9000
1984.4975	87.5000	17.6000
2017.7582	87.4100	17.6000
2051.5763	87.3700	17.7000
2085.9612	87.3600	17.7000
2120.9224	87.3400	17.4000
2156.4696	87.2500	16.9000
2192.6126	87.0800	16.7000
2229.3613	86.8500	17.2000
2266.7259	86.6500	18.8000
2304.7168	86.5900	21.1000
2343.3444	86.7300	23.6000
2382.6195	87.0400	25.3000
2422.5528	87.4000	25.9000
2463.1553	87.7200	25.5000
2504.4384	87.9300	24.6000
2546.4134	88.0500	23.9000
2589.0919	88.1500	23.5000
2632.4858	88.2900	23.3000
2676.6069	88.4900	22.8000
2721.4674	88.6800	21.8000
2767.0799	88.7900	20.2000
2813.4568	88.7600	18.7000
2860.6111	88.6500	18.1000
2908.5556	88.5800	18.4000
2957.3037	88.6800	19.3000
3006.8689	88.9500	19.6000
3057.2647	89.2800	18.6000
3108.5052	89.4900	16.6000
3160.6045	89.5500	14.4000
3213.5770	89.5100	12.7000
3267.4374	89.4600	11.6000
3322.2004	89.4600	10.5000
3377.8813	89.4500	9.2000
3434.4954	89.4100	7.9000
3492.0584	89.3500	6.9000
3550.5862	89.3500	5.8000
3610.0949	89.3800	4.3000
3670.6009	89.3300	2.3000
3732.1211	89.1700	0.3000
3794.6724	88.9600	-1.0000
3858.2720	88.8000	-2.1000
3922.9376	88.6900	-3.4000
3988.6870	88.5100	-5.4000
4055.5384	88.1600	-7.6000
4123.5102	87.6200	-8.8000
4192.6212	87.0000	-8.2000
4262.8906	86.5300	-5.6000
4334.3377	86.3700	-2.3000
4406.9822	86.4800	0.2000
4480.8443	86.7300	1.2000
4555.9444	86.9500	0.6000
4632.3031	86.9800	-1.1000
4709.9417	86.7700	-2.8000
4788.8814	86.4500	-3.2000
4869.1443	86.1800	-2.5000
4950.7523	86.0900	-1.4000
5033.7281	86.1300	-0.8000
5118.0947	86.2100	-1.4000
5203.8752	86.1400	-2.7000
5291.0934	85.9500	-3.6000
5379.7734	85.7600	-3.9000
5469.9397	85.6100	-4.6000
5561.6173	85.3100	-6.0000
5654.8313	84.7200	-6.9000
5749.6077	83.9600	-5.5000
5845.9725	83.3500	-1.5000
5943.9525	83.0600	4.0000
6043.5746	83.1900	9.7000
6144.8664	83.6900	14.0000
6247.8558	84.3500	16.2000
6352.5714	85.0400	16.5000
6459.0421	85.6500	14.6000
6567.2972	86.0300	11.3000
6677.3667	86.1000	7.4000
6789.2810	85.8800	3.8000
6903.0710	85.4300	1.4000
7018.7682	84.8300	0.8000
7136.4045	84.2700	2.8000
7256.0123	84.0600	6.9000
7377.6249	84.3100	10.7000
7501.2757	84.8000	12.8000
7626.9989	85.3800	13.1000
7754.8293	85.9200	11.1000
7884.8021	86.2400	7.6000
8016.9533	86.3200	3.6000
8151.3194	86.1700	-0.5000
8287.9375	85.7200	-3.8000
8426.8454	85.0900	-4.6000
8568.0814	84.6400	-2.8000
8711.6845	84.5200	-0.9000
8857.6945	84.5300	0.1000
9006.1516	84.6700	0.0000
9157.0969	84.7600	-1.9000
9310.5721	84.6000	-4.1000
9466.6196	84.3100	-5.2000
9625.2825	84.0400	-5.2000
9786.6046	83.8100	-4.6000
9950.6305	83.7400	-3.6000
10117.4050	83.7800	-4.3000
10286.9760	83.6700	-5.5000
10459.3880	83.5600	-6.5000
10634.6900	83.3800	-7.5000
10812.9300	83.1700	-7.9000
10994.1570	82.9600	-7.9000
11178.4220	82.7700	-7.4000
11365.7750	82.7900	-6.9000
11556.2680	82.8700	-7.8000
11749.9540	82.8500	-10.4000
11946.8860	82.4000	-13.7000
12147.1190	81.6300	-14.1000
12350.7080	80.9700	-10.6000
12557.7080	81.0700	-4.4000
12768.1790	81.8800	-2.2000
12982.1770	82.5300	-4.5000
13199.7610	82.8100	-8.8000
13420.9920	82.5100	-11.8000
13645.9310	82.3800	-10.6000
13874.6410	82.8700	-10.3000
14107.1830	83.6500	-14.5000
14343.6230	84.0900	-22.4000
14584.0250	84.0800	-31.7000
14828.4570	83.4500	-40.1000
15076.9860	82.6200	-47.3000
15329.6800	81.5800	-53.2000
15586.6090	80.6200	-58.0000
15847.8440	79.3600	-62.8000
16113.4580	77.7200	-62.9000
16383.5240	77.0300	-62.5000
16658.1150	75.8400	-67.9000
16937.3100	73.9700	-69.3000
17221.1830	72.3800	-64.7000
17509.8140	71.1400	-55.7000
17803.2830	70.4200	-46.2000
18101.6700	70.4400	-38.1000
18405.0590	70.9600	-34.3000
18713.5320	71.1700	-34.7000
19027.1760	70.7300	-33.1000
19346.0760	70.9000	-29.6000
19670.3210	71.9300	-30.7000