20.1989	57.7800	141.4000
20.5375	58.3900	140.9000
20.8817	58.9800	140.4000
21.2317	59.5400	139.9000
21.5875	60.0500	139.4000
21.9493	60.5000	138.9000
22.3172	60.8900	138.3000
22.6913	61.2200	137.8000
23.0716	61.5200	137.3000
23.4583	61.7900	136.7000
23.8514	62.0500	136.2000
24.2512	62.3000	135.6000
24.6576	62.5600	135.1000
25.0709	62.8300	134.5000
25.4911	63.1400	133.9000
25.9183	63.4800	133.3000
26.3527	63.8600	132.8000
26.7944	64.2900	132.2000
27.2435	64.7400	131.6000
27.7001	65.2200	131.0000
28.1644	65.7000	130.5000
28.6364	66.1900	129.9000
29.1164	66.6900	129.3000
29.6044	67.2100	128.7000
30.1005	67.7400	128.1000
30.6050	68.2900	127.5000
31.1180	68.8400	126.9000
31.6395	69.3900	126.3000
32.1698	69.9300	125.7000
32.7090	70.4400	125.1000
33.2572	70.9100	124.5000
33.8146	71.3500	123.9000
34.3813	71.7500	123.3000
34.9576	72.1100	122.7000
35.5435	72.4400	122.1000
36.1392	72.7500	121.5000
36.7449	73.0300	120.9000
37.3607	73.2800	120.3000
37.9869	73.4900	119.7000
38.6236	73.6600	119.1000
39.2709	73.7800	118.5000
39.9291	73.8800	117.9000
40.5983	73.9500	117.2000
41.2788	74.0000	116.6000
41.9706	74.0500	116.0000
42.6741	74.1100	115.4000
43.3893	74.2000	114.8000
44.1165	74.3100	114.2000
44.8559	74.4600	113.6000
45.6077	74.6400	112.9000
46.3721	74.8700	112.3000
47.1493	75.1300	111.7000
47.9395	75.4100	111.1000
48.7430	75.7000	110.5000
49.5600	76.0000	109.9000
50.3906	76.3100	109.3000
51.2351	76.6000	108.7000
52.0939	76.8800	108.0000
52.9670	77.1400	107.4000
53.8547	77.3900	106.8000
54.7573	77.6300	106.2000
55.6751	77.8700	105.6000
56.6082	78.1300	105.0000
57.5570	78.3900	104.4000
58.5216	78.6500	103.7000
59.5025	78.8900	103.1000
60.4997	79.0800	102.5000
61.5137	79.2200	101.9000
62.5447	79.3100	101.3000
63.5930	79.3500	100.7000
64.6588	79.3700	100.1000
65.7425	79.3700	99.4000
66.8444	79.4000	98.8000
67.9647	79.5000	98.2000
69.1038	79.7000	97.6000
70.2620	79.9800	97.0000
71.4396	80.3000	96.4000
72.6370	80.6400	95.8000
73.8544	80.9400	95.1000
75.0922	81.2000	94.5000
76.3508	81.3900	93.9000
77.6304	81.5000	93.3000
78.9315	81.5400	92.7000
80.2544	81.5200	92.1000
81.5995	81.4600	91.5000
82.9672	81.4100	90.8000
84.3577	81.4000	90.2000
85.7716	81.4800	89.6000
87.2091	81.7000	89.0000
88.6707	82.0500	88.3000
90.1569	82.4600	87.7000
91.6680	82.8600	87.1000
93.2043	83.2000	86.4000
94.7665	83.4300	85.8000
96.3548	83.5400	85.2000
97.9697	83.5600	84.5000
99.6117	83.5300	83.9000
101.2812	83.5000	83.3000
102.9787	83.5000	82.6000
104.7047	83.5800	82.0000
106.4595	83.7400	81.4000
108.2438	83.9600	80.7000
110.0580	84.1900	80.1000
111.9026	84.4100	79.4000
113.7781	84.5700	78.8000
115.6851	84.6800	78.1000
117.6240	84.7000	77.5000
119.5954	84.6700	76.8000
121.5998	84.6100	76.2000
123.6379	84.6100	75.5000
125.7101	84.7300	74.8000
127.8170	84.9400	74.1000
129.9592	85.1500	73.5000
132.1374	85.3100	72.8000
134.3520	85.3600	72.1000
136.6038	85.3500	71.4000
138.8933	85.3400	70.7000
141.2212	85.3800	70.1000
143.5881	85.4700	69.4000
145.9947	85.5900	68.7000
148.4416	85.7200	68.0000
150.9295	85.8600	67.3000
153.4591	85.9600	66.6000
156.0312	85.9900	65.9000
158.6463	85.9700	65.2000
161.3052	85.9600	64.4000
164.0087	86.0300	63.7000
166.7576	86.1500	63.0000
169.5525	86.2500	62.3000
172.3942	86.2800	61.6000
175.2836	86.2700	60.8000
178.2214	86.2800	60.1000
181.2084	86.3500	59.4000
184.2455	86.4500	58.6000
187.3335	86.5200	57.9000
190.4733	86.5800	57.2000
193.6656	86.6100	56.4000
196.9115	86.6200	55.7000
200.2118	86.6600	54.9000
203.5674	86.7300	54.2000
206.9792	86.8100	53.5000
210.4483	86.8200	52.8000
213.9754	86.7900	52.1000
217.5617	86.8200	51.3000
221.2081	86.9200	50.6000
224.9156	87.0100	49.9000
228.6852	87.0100	49.2000
232.5181	86.9800	48.5000
236.4151	87.0000	47.8000
240.3775	87.0900	47.1000
244.4063	87.1700	46.3000
248.5026	87.1400	45.7000
252.6676	87.1000	45.0000
256.9023	87.2100	44.3000
261.2081	87.2900	43.6000
265.5860	87.2300	43.0000
270.0373	87.1900	42.3000
274.5632	87.2400	41.7000
279.1649	87.3300	41.0000
283.8438	87.3400	40.3000
288.6011	87.3200	39.7000
293.4381	87.3900	39.1000
298.3562	87.4500	38.4000
303.3567	87.4400	37.8000
308.4410	87.4900	37.2000
313.6106	87.5900	36.6000
318.8668	87.6100	36.0000
324.2111	87.5800	35.5000
329.6449	87.5800	34.9000
335.1698	87.5800	34.4000
340.7874	87.5600	33.9000
346.4991	87.5700	33.4000
352.3065	87.5700	33.0000
358.2112	87.5500	32.5000
364.2149	87.5500	32.1000
370.3193	87.5700	31.7000
376.5259	87.5500	31.4000
382.8366	87.5300	31.0000
389.2530	87.5200	30.7000
395.7770	87.5200	30.4000
402.4103	87.5200	30.1000
409.1548	87.5300	29.8000
416.0123	87.5200	29.6000
422.9848	87.5100	29.3000
430.0741	87.4900	29.1000
437.2823	87.4800	28.9000
444.6112	87.4800	28.8000
452.0630	87.4900	28.6000
459.6397	87.4900	28.4000
467.3434	87.4800	28.3000
475.1762	87.4300	28.2000
483.1402	87.3800	28.1000
491.2378	87.3500	28.1000
499.4710	87.3200	28.1000
507.8423	87.2900	28.1000
516.3539	87.2900	28.1000
525.0081	87.2900	28.1000
533.8074	87.3100	28.0000
542.7541	87.3500	28.0000
551.8508	87.4000	27.8000
561.0999	87.4500	27.7000
570.5041	87.5200	27.5000
580.0659	87.5900	27.1000
589.7879	87.6700	26.7000
599.6729	87.7400	26.3000
609.7236	87.8100	25.8000
619.9427	87.8800	25.2000
630.3331	87.9400	24.6000
640.8976	88.0000	24.0000
651.6392	88.0500	23.4000
662.5609	88.1000	22.7000
673.6656	88.1400	22.1000
684.9564	88.1700	21.4000
696.4364	88.2000	20.7000
708.1088	88.2000	20.1000
719.9769	88.2000	19.5000
732.0439	88.1800	19.0000
744.3131	88.1600	18.5000
756.7880	88.1300	18.0000
769.4720	88.1000	17.7000
782.3685	88.0700	17.3000
795.4812	88.0500	17.1000
808.8137	88.0200	16.9000
822.3696	88.0100	16.7000
836.1527	88.0000	16.6000
850.1668	88.0000	16.5000
864.4158	88.0100	16.4000
878.9036	88.0300	16.2000
893.6343	88.0500	16.0000
908.6118	88.0700	15.8000
923.8404	88.1000	15.4000
939.3242	88.1200	15.0000
955.0675	88.1400	14.5000
971.0746	88.1300	14.0000
987.3501	88.1200	13.4000
1003.8983	88.0800	12.9000
1020.7239	88.0200	12.4000
1037.8315	87.9500	12.0000
1055.2258	87.8700	11.8000
1072.9116	87.7900	11.7000
1090.8939	87.7100	11.8000
1109.1775	87.6400	12.1000
1127.7676	87.6000	12.5000
1146.6693	87.5800	13.0000
1165.8877	87.6000	13.5000
1185.4283	87.6400	13.9000
1205.2964	87.7100	14.1000
1225.4974	87.7900	14.2000
1246.0371	87.8500	14.0000
1266.9209	87.9000	13.7000
1288.1549	87.9300	13.4000
1309.7446	87.9200	13.1000
1331.6963	87.8900	12.9000
1354.0158	87.8400	13.0000
1376.7095	87.8000	13.4000
1399.7835	87.7800	14.0000
1423.2442	87.8200	14.9000
1447.0981	87.9300	15.7000
1471.3518	88.1000	16.4000
1496.0120	88.3200	16.7000
1521.0856	88.5500	16.5000
1546.5793	88.7700	15.8000
1572.5004	88.9500	14.8000
1598.8559	89.0700	13.6000
1625.6531	89.1200	12.3000
1652.8994	89.1200	11.2000
1680.6024	89.0900	10.4000
1708.7697	89.0500	10.0000
1737.4091	89.0500	9.9000
1766.5285	89.0900	9.8000
1796.1360	89.1700	9.7000
1826.2397	89.2800	9.4000
1856.8479	89.3900	8.8000
1887.9691	89.5000	8.0000
1919.6120	89.5800	7.1000
1951.7851	89.6600	6.2000
1984.4975	89.7500	5.2000
2017.7582	89.8400	4.1000
2051.5763	89.9200	2.6000
2085.9612	89.9600	0.7000
2120.9224	89.9200	-1.5000
2156.4696	89.7700	-3.5000
2192.6126	89.5200	-5.1000
2229.3613	89.2000	-5.9000
2266.7259	88.9200	-5.5000
2304.7168	88.7500	-4.5000
2343.3444	88.7600	-3.3000
2382.6195	88.9000	-2.6000
2422.5528	89.0800	-2.9000
2463.1553	89.2300	-3.9000
2504.4384	89.3000	-5.3000
2546.4134	89.3100	-6.6000
2589.0919	89.2900	-7.9000
2632.4858	89.2600	-9.1000
2676.6069	89.2200	-10.6000
2721.4674	89.1200	-12.3000
2767.0799	88.9300	-13.9000
2813.4568	88.6400	-15.0000
2860.6111	88.3300	-15.2000
2908.5556	88.1100	-14.5000
2957.3037	88.0600	-13.6000
3006.8689	88.1300	-13.5000
3057.2647	88.1900	-14.4000
3108.5052	88.1500	-16.0000
3160.6045	87.9400	-17.4000
3213.5770	87.6600	-18.0000
3267.4374	87.4200	-17.7000
3322.2004	87.2800	-17.1000
3377.8813	87.2200	-16.8000
3434.4954	87.1700	-16.6000
3492.0584	87.1300	-16.4000
3550.5862	87.1500	-16.2000
3610.0949	87.2400	-16.6000
3670.6009	87.2900	-17.9000
3732.1211	87.2200	-19.7000
3794.6724	86.9800	-21.3000
3858.2720	86.6500	-22.0000
3922.9376	86.3100	-21.9000
3988.6870	86.0300	-21.2000
4055.5384	85.8100	-20.0000
4123.5102	85.6500	-18.5000
4192.6212	85.6200	-16.7000
4262.8906	85.7600	-15.4000
4334.3377	85.9700	-15.0000
4406.9822	86.1300	-15.6000
4480.8443	86.2100	-16.5000
4555.9444	86.2600	-17.7000
4632.3031	86.2400	-19.2000
4709.9417	86.1100	-20.5000
4788.8814	85.9400	-21.4000
4869.1443	85.7800	-22.2000
4950.7523	85.5700	-23.1000
5033.7281	85.3100	-23.7000
5118.0947	85.0300	-24.0000
5203.8752	84.7200	-24.3000
5291.0934	84.3600	-24.3000
5379.7734	83.9700	-23.7000
5469.9397	83.5700	-22.6000
5561.6173	83.2200	-20.6000
5654.8313	82.9600	-18.1000
5749.6077	82.7900	-15.1000
5845.9725	82.7600	-11.5000
5943.9525	82.9100	-7.9000
6043.5746	83.2000	-4.5000
6144.8664	83.7100	-1.5000
6247.8558	84.4000	-0.2000
6352.5714	85.0500	-1.2000
6459.0421	85.4800	-3.3000
6567.2972	85.7300	-5.6000
6677.3667	85.8900	-8.2000
6789.2810	85.8500	-10.9000
6903.0710	85.5700	-12.4000
7018.7682	85.3000	-11.7000
7136.4045	85.2800	-9.3000
7256.0123	85.5600	-7.1000
7377.6249	86.0300	-5.8000
7501.2757	86.6200	-5.4000
7626.9989	87.3400	-6.9000
7754.8293	87.9300	-10.7000
7884.8021	88.2400	-15.7000
8016.9533	88.2700	-20.6000
8151.3194	88.0800	-25.1000
8287.9375	87.6100	-28.1000
8426.8454	87.1200	-27.4000
8568.0814	87.2100	-25.2000
8711.6845	87.6300	-25.2000
8857.6945	88.1200	-27.1000
9006.1516	88.5400	-30.8000
9157.0969	88.7700	-35.9000
9310.5721	88.6500	-40.9000
9466.6196	88.3900	-44.4000
9625.2825	88.1700	-47.1000
9786.6046	87.9700	-49.4000
9950.6305	87.8800	-51.6000
10117.4050	87.7300	-54.7000
10286.9760	87.4700	-56.5000
10459.3880	87.4700	-57.3000
10634.6900	87.6700	-59.3000
10812.9300	87.9200	-62.4000
10994.1570	88.1900	-67.6000
11178.4220	88.1000	-74.2000
11365.7750	87.9300	-79.5000
11556.2680	87.7600	-86.2000
11749.9540	87.3300	-93.1000
11946.8860	86.6800	-100.3000
12147.1190	85.6600	-105.8000
12350.7080	84.8300	-108.2000
12557.7080	84.2900	-111.2000
12768.1790	83.7500	-115.9000
12982.1770	82.7500	-123.2000
13199.7610	80.9700	-127.2000
13420.9920	79.2600	-125.2000
13645.9310	78.2700	-118.8000
13874.6410	78.1300	-114.7000
14107.1830	77.9400	-113.5000
14343.6230	77.6200	-113.2000
14584.0250	77.0900	-110.7000
14828.4570	77.2200	-106.2000
15076.9860	78.0600	-105.6000
15329.6800	78.8700	-112.9000
15586.6090	78.6700	-124.0000
15847.8440	77.3300	-132.7000
16113.4580	75.7800	-133.8000
16383.5240	74.8700	-131.6000
16658.1150	74.5600	-129.0000
16937.3100	74.4100	-127.3000
17221.1830	74.6200	-125.7000
17509.8140	75.3100	-127.6000
17803.2830	75.8300	-135.0000
18101.6700	75.9000	-145.3000
18405.0590	75.3500	-156.0000
18713.5320	74.2700	-164.4000
19027.1760	73.1000	-168.9000
19346.0760	72.3700	-172.5000
19670.3210	71.8000	-177.6000