20.19895	60.99	138.2
20.53749	61.42	137.6
20.8817	61.83	137.1
21.23169	62.23	136.5
21.58753	62.61	136
21.94935	62.95	135.4
22.31722	63.26	134.8
22.69126	63.55	134.3
23.07158	63.82	133.7
23.45826	64.08	133.1
23.85143	64.34	132.6
24.25118	64.61	132
24.65764	64.9	131.4
25.07091	65.21	130.9
25.4911	65.56	130.3
25.91834	65.93	129.7
26.35274	66.34	129.1
26.79441	66.79	128.5
27.2435	67.26	127.9
27.7001	67.77	127.3
28.16436	68.29	126.7
28.63641	68.83	126.1
29.11636	69.38	125.5
29.60436	69.95	124.9
30.10053	70.52	124.3
30.60502	71.1	123.7
31.11797	71.67	123.1
31.63952	72.23	122.5
32.1698	72.77	121.9
32.70898	73.28	121.3
33.25719	73.77	120.7
33.81459	74.23	120.1
34.38133	74.66	119.5
34.95757	75.06	118.9
35.54346	75.43	118.2
36.13918	75.76	117.6
36.74488	76.05	117
37.36074	76.29	116.4
37.98691	76.49	115.8
38.62358	76.65	115.2
39.27092	76.77	114.6
39.92911	76.86	113.9
40.59833	76.93	113.3
41.27877	77	112.7
41.97061	77.07	112.1
42.67405	77.16	111.5
43.38928	77.27	110.9
44.11649	77.42	110.2
44.8559	77.61	109.6
45.60769	77.84	109
46.37209	78.13	108.4
47.1493	78.44	107.8
47.93953	78.77	107.2
48.74301	79.1	106.5
49.55995	79.43	105.9
50.39059	79.73	105.3
51.23515	80.01	104.7
52.09386	80.25	104.1
52.96697	80.45	103.4
53.85471	80.64	102.8
54.75733	80.82	102.2
55.67507	81.01	101.6
56.6082	81.2	101
57.55697	81.39	100.4
58.52164	81.56	99.7
59.50247	81.68	99.1
60.49975	81.74	98.5
61.51374	81.74	97.9
62.54472	81.72	97.3
63.59299	81.7	96.7
64.65882	81.71	96
65.74252	81.77	95.4
66.84438	81.93	94.8
67.96471	82.18	94.2
69.10382	82.53	93.6
70.26201	82.95	93
71.43962	83.38	92.3
72.63697	83.79	91.7
73.85438	84.13	91.1
75.0922	84.39	90.5
76.35076	84.56	89.8
77.63042	84.64	89.2
78.93152	84.65	88.6
80.25443	84.61	88
81.59952	84.54	87.3
82.96715	84.5	86.7
84.3577	84.53	86.1
85.77155	84.68	85.4
87.2091	84.98	84.8
88.67075	85.37	84.2
90.15689	85.78	83.5
91.66795	86.14	82.9
93.20432	86.38	82.2
94.76645	86.5	81.6
96.35476	86.5	81
97.96969	86.43	80.3
99.61168	86.34	79.7
101.2812	86.28	79
102.9787	86.29	78.3
104.70465	86.42	77.7
106.45952	86.63	77
108.24381	86.89	76.4
110.058	87.15	75.7
111.9026	87.36	75
113.77812	87.5	74.4
115.68507	87.53	73.7
117.62398	87.49	73
119.59538	87.36	72.3
121.59983	87.25	71.6
123.63787	87.26	70.9
125.71007	87.42	70.3
127.81701	87.67	69.6
129.95925	87.88	68.9
132.1374	87.98	68.2
134.35205	87.96	67.5
136.60383	87.9	66.7
138.89334	87.86	66
141.22123	87.88	65.3
143.58813	87.95	64.6
145.9947	88.06	63.9
148.44161	88.19	63.1
150.92953	88.31	62.4
153.45914	88.35	61.7
156.03116	88.3	60.9
158.64628	88.21	60.2
161.30523	88.2	59.5
164.00874	88.3	58.7
166.75757	88.46	58
169.55247	88.56	57.2
172.39421	88.57	56.5
175.28358	88.54	55.7
178.22137	88.55	54.9
181.2084	88.62	54.2
184.2455	88.71	53.4
187.3335	88.77	52.7
190.47326	88.81	51.9
193.66564	88.82	51.1
196.91152	88.82	50.4
200.2118	88.86	49.6
203.5674	88.95	48.9
206.97924	89.02	48.1
210.44827	89	47.4
213.97543	88.93	46.7
217.56171	88.96	45.9
221.2081	89.07	45.2
224.9156	89.15	44.5
228.68524	89.16	43.7
232.51806	89.14	43
236.41512	89.15	42.3
240.3775	89.25	41.6
244.40628	89.32	40.9
248.50259	89.22	40.2
252.66756	89.19	39.5
256.90233	89.33	38.8
261.20807	89.39	38.2
265.58598	89.33	37.5
270.03727	89.26	36.9
274.56316	89.26	36.2
279.16491	89.35	35.7
283.84378	89.34	35
288.60107	89.32	34.4
293.43809	89.4	33.8
298.35619	89.42	33.2
303.35671	89.36	32.6
308.44104	89.4	32.1
313.61059	89.51	31.5
318.86678	89.53	31
324.21107	89.49	30.5
329.64492	89.47	30.1
335.16985	89.44	29.7
340.78738	89.4	29.2
346.49906	89.41	28.9
352.30647	89.4	28.5
358.21121	89.35	28.1
364.21492	89.34	27.8
370.31925	89.35	27.6
376.5259	89.34	27.3
382.83656	89.32	27.1
389.253	89.29	26.9
395.77697	89.28	26.7
402.41029	89.29	26.5
409.15479	89.29	26.4
416.01232	89.28	26.3
422.98479	89.28	26.2
430.07412	89.26	26.1
437.28226	89.25	26
444.61122	89.24	26
452.06302	89.25	25.9
459.6397	89.26	25.9
467.34338	89.26	25.8
475.17617	89.22	25.8
483.14023	89.19	25.8
491.23778	89.16	25.9
499.47105	89.15	25.9
507.84231	89.14	26
516.35387	89.15	26.2
525.00808	89.18	26.3
533.80735	89.22	26.4
542.75409	89.28	26.5
551.85078	89.34	26.5
561.09994	89.43	26.4
570.50411	89.51	26.2
580.0659	89.6	26
589.78794	89.7	25.7
599.67293	89.8	25.3
609.7236	89.89	24.9
619.94272	89.97	24.4
630.33311	90.05	23.8
640.89765	90.11	23.2
651.63925	90.18	22.6
662.56088	90.23	21.9
673.66556	90.28	21.2
684.95636	90.31	20.5
696.4364	90.34	19.8
708.10884	90.34	19.1
719.97692	90.32	18.5
732.04391	90.3	17.9
744.31315	90.27	17.3
756.78802	90.22	16.8
769.47197	90.18	16.4
782.36851	90.13	16.1
795.4812	90.08	15.9
808.81366	90.03	15.7
822.36957	89.99	15.7
836.15269	89.96	15.7
850.16681	89.94	15.7
864.41582	89.94	15.8
878.90364	89.94	15.9
893.63428	89.96	15.9
908.61181	89.99	15.8
923.84036	90.02	15.7
939.32415	90.05	15.5
955.06746	90.07	15.3
971.07462	90.09	14.9
987.35007	90.1	14.6
1003.8983	90.08	14.2
1020.7239	90.05	13.8
1037.8315	90.01	13.5
1055.2258	89.95	13.4
1072.9116	89.89	13.4
1090.8939	89.83	13.6
1109.1775	89.78	14
1127.7676	89.76	14.6
1146.6693	89.77	15.2
1165.8877	89.81	15.9
1185.4283	89.9	16.5
1205.2964	90.02	16.9
1225.4974	90.16	17.2
1246.0371	90.32	17.2
1266.9209	90.47	17
1288.1549	90.6	16.6
1309.7446	90.72	16.1
1331.6963	90.83	15.5
1354.0158	90.92	14.9
1376.7095	91	14.3
1399.7835	91.09	13.7
1423.2442	91.18	13
1447.0981	91.28	12.2
1471.3518	91.38	11.2
1496.012	91.46	10
1521.0856	91.5	8.5
1546.5793	91.48	6.8
1572.5004	91.39	5.2
1598.8559	91.21	3.7
1625.6531	90.95	2.7
1652.8994	90.64	2.5
1680.6024	90.35	3.2
1708.7697	90.13	4.7
1737.4091	90.07	6.9
1766.5285	90.17	9
1796.136	90.43	10.6
1826.2397	90.77	11.2
1856.8479	91.11	10.9
1887.9691	91.4	9.9
1919.612	91.62	8.4
1951.7851	91.76	6.8
1984.4975	91.85	5.2
2017.7582	91.91	3.7
2051.5763	91.94	2
2085.9612	91.95	0.3
2120.9224	91.88	-1.6
2156.4696	91.74	-3.4
2192.6126	91.5	-4.7
2229.3613	91.21	-5
2266.7259	90.98	-4.4
2304.7168	90.89	-3.1
2343.3444	90.99	-1.7
2382.6195	91.25	-1.3
2422.5528	91.55	-2
2463.1553	91.77	-3.8
2504.4384	91.86	-6.1
2546.4134	91.82	-8.3
2589.0919	91.7	-10.1
2632.4858	91.57	-11.4
2676.6069	91.46	-12.5
2721.4674	91.37	-13.7
2767.0799	91.25	-15.1
2813.4568	91.07	-16.3
2860.6111	90.84	-17.1
2908.5556	90.66	-17.3
2957.3037	90.59	-17.3
3006.8689	90.63	-17.8
3057.2647	90.67	-19.5
3108.5052	90.56	-21.9
3160.6045	90.25	-24.2
3213.577	89.82	-25.5
3267.4374	89.4	-25.6
3322.2004	89.09	-25
3377.8813	88.86	-24.6
3434.4954	88.63	-24.1
3492.0584	88.42	-23.3
3550.5862	88.32	-22.2
3610.0949	88.31	-21.8
3670.6009	88.28	-22.3
3732.1211	88.08	-23.1
3794.6724	87.76	-23.2
3858.272	87.46	-22.2
3922.9376	87.3	-20.6
3988.687	87.26	-19.4
4055.5384	87.24	-18.7
4123.5102	87.19	-18.1
4192.6212	87.15	-17.3
4262.8906	87.18	-16.6
4334.3377	87.25	-16.2
4406.9822	87.3	-16.1
4480.8443	87.4	-15.9
4555.9444	87.57	-16.4
4632.3031	87.67	-18.1
4709.9417	87.54	-20.2
4788.8814	87.24	-21.4
4869.1443	86.95	-21.3
4950.7523	86.79	-20.5
5033.7281	86.77	-20.3
5118.0947	86.75	-21.2
5203.8752	86.52	-22.8
5291.0934	86.11	-23.4
5379.7734	85.71	-22.7
5469.9397	85.41	-21.4
5561.6173	85.16	-20.1
5654.8313	84.9	-18.7
5749.6077	84.66	-16.7
5845.9725	84.49	-14.1
5943.9525	84.44	-11
6043.5746	84.59	-7.9
6144.8664	84.88	-5.6
6247.8558	85.21	-3.9
6352.5714	85.67	-2.7
6459.0421	86.2	-3.2
6567.2972	86.58	-5.2
6677.3667	86.72	-7.6
6789.281	86.69	-9.6
6903.071	86.52	-11.3
7018.7682	86.17	-12.1
7136.4045	85.79	-10.3
7256.0123	85.82	-6.9
7377.6249	86.19	-4.6
7501.2757	86.66	-3.9
7626.9989	87.12	-4.1
7754.8293	87.6	-5.4
7884.8021	87.99	-8
8016.9533	88.09	-11.2
8151.3194	87.99	-13.1
8287.9375	87.88	-13.7
8426.8454	87.83	-12.7
8568.0814	88.17	-10.4
8711.6845	88.94	-9.9
8857.6945	89.79	-12.4
9006.1516	90.51	-17.1
9157.0969	91.03	-23.8
9310.5721	91.1	-31.4
9466.6196	90.84	-37.4
9625.2825	90.57	-41.8
9786.6046	90.39	-46
9950.6305	90.19	-50.3
10117.405	89.94	-55.2
10286.976	89.53	-59.4
10459.388	89.21	-62.7
10634.69	89.01	-66.6
10812.93	88.72	-71.6
10994.157	88.33	-77.3
11178.422	87.57	-84.4
11365.775	86.38	-88.9
11556.268	85.17	-91.1
11749.954	83.91	-90.2
11946.886	83.2	-85.7
12147.119	83.13	-81.7
12350.708	83.59	-80.4
12557.708	84	-83.7
12768.179	84.18	-89.5
12982.177	83.79	-98.6
13199.761	82.74	-105.5
13420.992	81.35	-110
13645.931	79.87	-109.3
13874.641	78.82	-107
14107.183	77.87	-104
14343.623	77.16	-101.1
14584.025	76.54	-96.3
14828.457	76.48	-89.7
15076.986	77.62	-84.7
15329.68	79.24	-90.8
15586.609	79.78	-105.2
15847.844	78.66	-119.8
16113.458	76.43	-125.2
16383.524	74.86	-121
16658.115	74.31	-116.1
16937.31	74.07	-113.5
17221.183	73.99	-111.2
17509.814	74.35	-111
17803.283	75.06	-113.4
18101.67	75.7	-121.6
18405.059	75.34	-134.9
18713.532	73.94	-145.1
19027.176	72.89	-148.1
19346.076	72.76	-150.4
19670.321	72.18	-156.3
