20.1989	64.4000	124.8000
20.5375	64.9400	124.2000
20.8817	65.4700	123.7000
21.2317	65.9600	123.1000
21.5875	66.4100	122.5000
21.9493	66.8100	122.0000
22.3172	67.1400	121.4000
22.6913	67.4200	120.8000
23.0716	67.6400	120.3000
23.4583	67.8200	119.7000
23.8514	67.9600	119.1000
24.2512	68.0800	118.5000
24.6576	68.2100	117.9000
25.0709	68.3600	117.4000
25.4911	68.5600	116.8000
25.9183	68.8100	116.2000
26.3527	69.1100	115.6000
26.7944	69.4600	115.1000
27.2435	69.8500	114.5000
27.7001	70.2400	113.9000
28.1644	70.6300	113.4000
28.6364	71.0100	112.8000
29.1164	71.4000	112.2000
29.6044	71.8100	111.6000
30.1005	72.2400	111.1000
30.6050	72.6600	110.5000
31.1180	73.0800	109.8000
31.6395	73.4900	109.3000
32.1698	73.8900	108.7000
32.7090	74.2800	108.1000
33.2572	74.6700	107.6000
33.8146	75.0500	107.0000
34.3813	75.4200	106.4000
34.9576	75.7600	105.9000
35.5435	76.0900	105.3000
36.1392	76.4100	104.7000
36.7449	76.7100	104.2000
37.3607	76.9900	103.6000
37.9869	77.2500	103.0000
38.6236	77.4900	102.5000
39.2709	77.7100	101.9000
39.9291	77.9100	101.4000
40.5983	78.1000	100.8000
41.2788	78.2600	100.3000
41.9706	78.4100	99.7000
42.6741	78.5300	99.2000
43.3893	78.6200	98.6000
44.1165	78.6800	98.0000
44.8559	78.7400	97.5000
45.6077	78.8400	96.9000
46.3721	78.9800	96.4000
47.1493	79.1100	95.8000
47.9395	79.1800	95.3000
48.7430	79.1800	94.7000
49.5600	79.1200	94.1000
50.3906	79.0300	93.6000
51.2351	78.9600	93.0000
52.0939	78.9600	92.5000
52.9670	79.0300	91.9000
53.8547	79.1400	91.4000
54.7573	79.2900	90.8000
55.6751	79.4700	90.2000
56.6082	79.6700	89.7000
57.5570	79.9000	89.1000
58.5216	80.1400	88.6000
59.5025	80.3800	88.0000
60.4997	80.6000	87.4000
61.5137	80.7800	86.9000
62.5447	80.9600	86.3000
63.5930	81.1500	85.8000
64.6588	81.3400	85.2000
65.7425	81.5300	84.6000
66.8444	81.7400	84.0000
67.9647	81.9600	83.5000
69.1038	82.1800	82.9000
70.2620	82.4100	82.3000
71.4396	82.6400	81.7000
72.6370	82.8600	81.1000
73.8544	83.0700	80.6000
75.0922	83.2600	80.0000
76.3508	83.4300	79.4000
77.6304	83.5600	78.8000
78.9315	83.6600	78.2000
80.2544	83.7100	77.6000
81.5995	83.7300	77.0000
82.9672	83.7200	76.4000
84.3577	83.6900	75.8000
85.7716	83.6800	75.2000
87.2091	83.7000	74.6000
88.6707	83.7600	73.9000
90.1569	83.8900	73.3000
91.6680	84.0500	72.7000
93.2043	84.2300	72.0000
94.7665	84.4200	71.3000
96.3548	84.6000	70.7000
97.9697	84.7300	70.1000
99.6117	84.8300	69.4000
101.2812	84.8800	68.8000
102.9787	84.9100	68.1000
104.7047	84.9300	67.5000
106.4595	84.9700	66.8000
108.2438	85.0300	66.1000
110.0580	85.1100	65.5000
111.9026	85.2000	64.8000
113.7781	85.2800	64.1000
115.6851	85.3400	63.4000
117.6240	85.3800	62.7000
119.5954	85.3800	62.0000
121.5998	85.3400	61.3000
123.6379	85.2900	60.6000
125.7101	85.2800	59.9000
127.8170	85.3100	59.2000
129.9592	85.3700	58.5000
132.1374	85.4500	57.8000
134.3520	85.5200	57.1000
136.6038	85.5700	56.3000
138.8933	85.5900	55.6000
141.2212	85.5900	54.8000
143.5881	85.5900	54.1000
145.9947	85.5900	53.3000
148.4416	85.6100	52.6000
150.9295	85.6500	51.8000
153.4591	85.6800	51.1000
156.0312	85.7200	50.2000
158.6463	85.7400	49.4000
161.3052	85.7500	48.6000
164.0087	85.7500	47.9000
166.7576	85.7600	47.1000
169.5525	85.7900	46.3000
172.3942	85.8400	45.5000
175.2836	85.8900	44.7000
178.2214	85.9400	43.9000
181.2084	85.9800	43.1000
184.2455	86.0100	42.3000
187.3335	86.0500	41.5000
190.4733	86.0900	40.7000
193.6656	86.1100	39.9000
196.9115	86.1300	39.1000
200.2118	86.1300	38.3000
203.5674	86.1300	37.5000
206.9792	86.1400	36.8000
210.4483	86.1500	36.0000
213.9754	86.1600	35.3000
217.5617	86.1700	34.5000
221.2081	86.1700	33.7000
224.9156	86.1900	33.0000
228.6852	86.2000	32.3000
232.5181	86.2000	31.6000
236.4151	86.1800	30.9000
240.3775	86.1600	30.2000
244.4063	86.1500	29.5000
248.5026	86.1400	28.8000
252.6676	86.1400	28.2000
256.9023	86.1200	27.6000
261.2081	86.1100	26.9000
265.5860	86.1100	26.3000
270.0373	86.0900	25.7000
274.5632	86.0600	25.1000
279.1649	86.0400	24.5000
283.8438	86.0400	23.9000
288.6011	86.0500	23.5000
293.4381	86.0400	22.9000
298.3562	86.0500	22.4000
303.3567	86.0600	21.9000
308.4410	86.0700	21.4000
313.6106	86.0700	21.0000
318.8668	86.0900	20.6000
324.2111	86.0800	20.2000
329.6449	86.0400	19.8000
335.1698	86.0000	19.5000
340.7874	85.9700	19.1000
346.4991	85.9500	18.8000
352.3065	85.9300	18.6000
358.2112	85.9100	18.4000
364.2149	85.8800	18.2000
370.3193	85.8600	18.1000
376.5259	85.8300	17.9000
382.8366	85.8000	17.8000
389.2530	85.7700	17.7000
395.7770	85.7600	17.6000
402.4103	85.7700	17.5000
409.1548	85.7800	17.4000
416.0123	85.8000	17.4000
422.9848	85.8100	17.3000
430.0741	85.8100	17.3000
437.2823	85.7900	17.3000
444.6112	85.7800	17.3000
452.0630	85.7800	17.4000
459.6397	85.7900	17.5000
467.3434	85.7800	17.5000
475.1762	85.7600	17.6000
483.1402	85.7500	17.6000
491.2378	85.7400	17.6000
499.4710	85.7400	17.7000
507.8423	85.7500	17.6000
516.3539	85.7700	17.6000
525.0081	85.7800	17.5000
533.8074	85.8000	17.3000
542.7541	85.8200	17.1000
551.8508	85.8400	16.9000
561.0999	85.8600	16.7000
570.5041	85.8700	16.4000
580.0659	85.8800	16.2000
589.7879	85.8900	15.9000
599.6729	85.8900	15.7000
609.7236	85.8900	15.4000
619.9427	85.9000	15.2000
630.3331	85.9000	14.9000
640.8976	85.8900	14.7000
651.6392	85.9000	14.5000
662.5609	85.8900	14.3000
673.6656	85.8900	14.1000
684.9564	85.9000	14.0000
696.4364	85.9000	13.9000
708.1088	85.8900	13.8000
719.9769	85.8800	13.8000
732.0439	85.8800	13.8000
744.3131	85.8800	13.8000
756.7880	85.8900	13.9000
769.4720	85.9100	14.0000
782.3685	85.9400	14.1000
795.4812	85.9800	14.2000
808.8137	86.0300	14.3000
822.3696	86.0900	14.4000
836.1527	86.1700	14.3000
850.1668	86.2500	14.2000
864.4158	86.3300	14.0000
878.9036	86.4200	13.7000
893.6343	86.5100	13.3000
908.6118	86.5800	12.8000
923.8404	86.6500	12.1000
939.3242	86.6900	11.4000
955.0675	86.7200	10.6000
971.0746	86.7200	9.8000
987.3501	86.6900	9.1000
1003.8983	86.6400	8.4000
1020.7239	86.5600	7.9000
1037.8315	86.4700	7.5000
1055.2258	86.3700	7.4000
1072.9116	86.2700	7.6000
1090.8939	86.2000	8.1000
1109.1775	86.1500	8.8000
1127.7676	86.1500	9.7000
1146.6693	86.2200	10.7000
1165.8877	86.3500	11.7000
1185.4283	86.5400	12.4000
1205.2964	86.7800	12.8000
1225.4974	87.0600	12.8000
1246.0371	87.3500	12.4000
1266.9209	87.6400	11.4000
1288.1549	87.9100	10.0000
1309.7446	88.1400	8.2000
1331.6963	88.3300	6.1000
1354.0158	88.4700	3.6000
1376.7095	88.5400	1.0000
1399.7835	88.5600	-1.7000
1423.2442	88.5000	-4.5000
1447.0981	88.3800	-7.4000
1471.3518	88.1800	-10.2000
1496.0120	87.9100	-12.8000
1521.0856	87.5500	-15.3000
1546.5793	87.1100	-17.5000
1572.5004	86.5800	-19.1000
1598.8559	85.9800	-19.9000
1625.6531	85.3300	-19.8000
1652.8994	84.6800	-18.4000
1680.6024	84.1100	-15.7000
1708.7697	83.7300	-12.0000
1737.4091	83.5800	-7.9000
1766.5285	83.6700	-4.3000
1796.1360	83.9000	-1.7000
1826.2397	84.1900	-0.2000
1856.8479	84.4200	0.2000
1887.9691	84.5700	0.1000
1919.6120	84.6100	0.0000
1951.7851	84.5900	0.2000
1984.4975	84.5800	0.8000
2017.7582	84.6300	1.8000
2051.5763	84.7600	2.5000
2085.9612	84.9300	2.7000
2120.9224	85.0600	2.2000
2156.4696	85.0800	1.4000
2192.6126	84.9900	0.8000
2229.3613	84.8100	1.1000
2266.7259	84.6500	2.3000
2304.7168	84.6300	4.4000
2343.3444	84.7800	6.4000
2382.6195	85.0600	7.8000
2422.5528	85.3700	8.1000
2463.1553	85.6000	7.8000
2504.4384	85.7400	7.5000
2546.4134	85.8400	7.6000
2589.0919	85.9900	8.2000
2632.4858	86.2400	8.8000
2676.6069	86.5800	8.9000
2721.4674	86.9400	8.3000
2767.0799	87.2800	7.0000
2813.4568	87.5500	5.4000
2860.6111	87.7700	3.7000
2908.5556	87.9600	1.8000
2957.3037	88.1400	-0.2000
3006.8689	88.2700	-2.5000
3057.2647	88.3400	-5.1000
3108.5052	88.3100	-7.7000
3160.6045	88.2100	-10.1000
3213.5770	88.0600	-12.1000
3267.4374	87.8900	-13.7000
3322.2004	87.7100	-15.2000
3377.8813	87.4900	-16.5000
3434.4954	87.2400	-17.3000
3492.0584	86.9800	-17.5000
3550.5862	86.7900	-17.2000
3610.0949	86.6900	-16.5000
3670.6009	86.6900	-16.0000
3732.1211	86.7700	-15.8000
3794.6724	86.8600	-16.2000
3858.2720	86.9200	-17.1000
3922.9376	86.9200	-18.0000
3988.6870	86.9000	-18.7000
4055.5384	86.9200	-19.3000
4123.5102	86.9300	-20.1000
4192.6212	86.9300	-20.9000
4262.8906	86.9300	-21.5000
4334.3377	86.9900	-22.1000
4406.9822	87.0900	-23.2000
4480.8443	87.1700	-24.7000
4555.9444	87.2400	-26.7000
4632.3031	87.2600	-29.3000
4709.9417	87.1100	-32.7000
4788.8814	86.7200	-35.7000
4869.1443	86.1500	-37.2000
4950.7523	85.6100	-37.0000
5033.7281	85.2400	-35.7000
5118.0947	85.0400	-34.3000
5203.8752	84.9500	-33.4000
5291.0934	84.8600	-32.9000
5379.7734	84.7300	-32.3000
5469.9397	84.6300	-30.9000
5561.6173	84.6900	-29.2000
5654.8313	84.9200	-28.1000
5749.6077	85.2000	-28.2000
5845.9725	85.4200	-29.4000
5943.9525	85.4600	-31.0000
6043.5746	85.3700	-32.2000
6144.8664	85.2300	-32.7000
6247.8558	85.0300	-32.6000
6352.5714	84.8300	-31.0000
6459.0421	84.9100	-28.0000
6567.2972	85.3600	-25.5000
6677.3667	85.9700	-24.9000
6789.2810	86.5500	-25.7000
6903.0710	87.0800	-27.0000
7018.7682	87.5800	-28.9000
7136.4045	88.0500	-31.1000
7256.0123	88.5700	-33.5000
7377.6249	89.1700	-36.5000
7501.2757	89.7900	-40.8000
7626.9989	90.3600	-45.8000
7754.8293	90.9900	-51.8000
7884.8021	91.5700	-60.2000
8016.9533	91.7700	-70.8000
8151.3194	91.4800	-81.6000
8287.9375	90.7600	-91.6000
8426.8454	89.6000	-99.7000
8568.0814	88.2400	-103.7000
8711.6845	87.2100	-104.3000
8857.6945	86.6100	-104.9000
9006.1516	86.0400	-106.6000
9157.0969	85.3900	-107.1000
9310.5721	85.0300	-106.0000
9466.6196	85.1700	-105.5000
9625.2825	85.5700	-108.2000
9786.6046	85.8800	-114.3000
9950.6305	85.8800	-122.9000
10117.4050	85.4400	-132.8000
10286.9760	84.5300	-142.9000
10459.3880	83.1700	-151.9000
10634.6900	81.4000	-158.6000
10812.9300	79.3900	-162.1000
10994.1570	77.1900	-162.3000
11178.4220	74.9900	-157.5000
11365.7750	73.3300	-147.0000
11556.2680	72.6300	-134.3000
11749.9540	73.0300	-123.6000
11946.8860	74.0700	-118.4000
12147.1190	75.0000	-119.3000
12350.7080	75.3400	-123.6000
12557.7080	75.0600	-127.0000
12768.1790	74.8400	-127.4000
12982.1770	75.1100	-128.2000
13199.7610	75.4600	-132.5000
13420.9920	75.4400	-140.0000
13645.9310	74.8800	-149.0000
13874.6410	73.6900	-156.6000
14107.1830	72.1400	-160.0000
14343.6230	70.6500	-159.0000
14584.0250	69.5600	-155.7000
14828.4570	68.9300	-151.3000
15076.9860	68.8000	-147.2000
15329.6800	69.3000	-145.8000
15586.6090	69.8900	-149.0000
15847.8440	70.0000	-156.3000
16113.4580	69.3900	-164.3000
16383.5240	68.4400	-170.3000
16658.1150	67.7200	-175.8000
16937.3100	66.4300	176.7000
17221.1830	64.0400	171.6000
17509.8140	61.4300	176.1000
17803.2830	59.9700	-171.8000
18101.6700	59.9400	-162.8000
18405.0590	60.3300	-159.9000
18713.5320	60.6300	-159.1000
19027.1760	60.7800	-159.0000
19346.0760	60.9100	-160.0000