20.1989	66.4000	132.2000
20.5375	66.3100	131.7000
20.8817	66.2500	131.1000
21.2317	66.2100	130.6000
21.5875	66.2200	130.0000
21.9493	66.2900	129.4000
22.3172	66.4200	128.8000
22.6913	66.6200	128.3000
23.0716	66.8400	127.7000
23.4583	67.0600	127.1000
23.8514	67.2800	126.5000
24.2512	67.4800	125.9000
24.6576	67.6900	125.3000
25.0709	67.9200	124.7000
25.4911	68.1600	124.1000
25.9183	68.4500	123.6000
26.3527	68.8100	123.0000
26.7944	69.2400	122.4000
27.2435	69.7400	121.8000
27.7001	70.2900	121.2000
28.1644	70.8600	120.6000
28.6364	71.4400	120.0000
29.1164	72.0100	119.4000
29.6044	72.5700	118.8000
30.1005	73.1200	118.2000
30.6050	73.6600	117.6000
31.1180	74.2000	117.0000
31.6395	74.7400	116.4000
32.1698	75.2600	115.8000
32.7090	75.7700	115.2000
33.2572	76.2600	114.6000
33.8146	76.7100	114.0000
34.3813	77.1100	113.4000
34.9576	77.4700	112.8000
35.5435	77.7900	112.2000
36.1392	78.0800	111.6000
36.7449	78.3300	111.0000
37.3607	78.5300	110.4000
37.9869	78.6800	109.8000
38.6236	78.7800	109.2000
39.2709	78.8400	108.6000
39.9291	78.8600	108.0000
40.5983	78.8900	107.4000
41.2788	78.9100	106.8000
41.9706	78.9600	106.2000
42.6741	79.0400	105.6000
43.3893	79.1600	105.0000
44.1165	79.3300	104.4000
44.8559	79.5500	103.8000
45.6077	79.8400	103.2000
46.3721	80.1600	102.6000
47.1493	80.5200	102.0000
47.9395	80.8800	101.4000
48.7430	81.2500	100.8000
49.5600	81.5800	100.2000
50.3906	81.8800	99.6000
51.2351	82.1300	99.1000
52.0939	82.3300	98.5000
52.9670	82.5100	97.9000
53.8547	82.6900	97.3000
54.7573	82.8800	96.7000
55.6751	83.1000	96.1000
56.6082	83.3200	95.5000
57.5570	83.5300	94.9000
58.5216	83.7100	94.3000
59.5025	83.8500	93.7000
60.4997	83.9400	93.1000
61.5137	83.9800	92.5000
62.5447	83.9900	91.9000
63.5930	83.9800	91.3000
64.6588	83.9900	90.7000
65.7425	84.0600	90.1000
66.8444	84.2300	89.5000
67.9647	84.5200	88.9000
69.1038	84.9200	88.3000
70.2620	85.3800	87.7000
71.4396	85.8400	87.1000
72.6370	86.2600	86.5000
73.8544	86.6000	85.9000
75.0922	86.8500	85.2000
76.3508	87.0000	84.6000
77.6304	87.0700	84.0000
78.9315	87.0700	83.4000
80.2544	87.0300	82.8000
81.5995	86.9700	82.2000
82.9672	86.9500	81.5000
84.3577	87.0100	80.9000
85.7716	87.2200	80.3000
87.2091	87.5700	79.7000
88.6707	88.0000	79.0000
90.1569	88.4100	78.4000
91.6680	88.7300	77.7000
93.2043	88.9300	77.1000
94.7665	88.9700	76.5000
96.3548	88.9300	75.8000
97.9697	88.8200	75.2000
99.6117	88.7200	74.5000
101.2812	88.6800	73.9000
102.9787	88.7200	73.2000
104.7047	88.8700	72.5000
106.4595	89.0900	71.9000
108.2438	89.3400	71.2000
110.0580	89.5600	70.5000
111.9026	89.7300	69.8000
113.7781	89.8300	69.2000
115.6851	89.8400	68.5000
117.6240	89.7700	67.8000
119.5954	89.6400	67.1000
121.5998	89.5800	66.4000
123.6379	89.6700	65.7000
125.7101	89.9000	65.0000
127.8170	90.1500	64.3000
129.9592	90.3000	63.6000
132.1374	90.3200	62.8000
134.3520	90.2600	62.1000
136.6038	90.1900	61.4000
138.8933	90.2000	60.7000
141.2212	90.2900	59.9000
143.5881	90.4200	59.2000
145.9947	90.5800	58.4000
148.4416	90.7400	57.7000
150.9295	90.8300	56.9000
153.4591	90.8200	56.2000
156.0312	90.7100	55.4000
158.6463	90.6500	54.7000
161.3052	90.6900	53.9000
164.0087	90.8400	53.1000
166.7576	90.9700	52.4000
169.5525	91.0100	51.6000
172.3942	90.9600	50.8000
175.2836	90.9300	50.0000
178.2214	90.9700	49.2000
181.2084	91.0900	48.4000
184.2455	91.1900	47.6000
187.3335	91.2500	46.9000
190.4733	91.2700	46.1000
193.6656	91.2400	45.3000
196.9115	91.2400	44.5000
200.2118	91.3200	43.7000
203.5674	91.4300	42.9000
206.9792	91.4700	42.2000
210.4483	91.3800	41.4000
213.9754	91.3400	40.7000
217.5617	91.4200	40.0000
221.2081	91.5700	39.2000
224.9156	91.6100	38.5000
228.6852	91.5400	37.8000
232.5181	91.4700	37.0000
236.4151	91.4800	36.3000
240.3775	91.6600	35.6000
244.4063	91.6500	34.9000
248.5026	91.4300	34.2000
252.6676	91.4800	33.6000
256.9023	91.6500	32.9000
261.2081	91.6300	32.3000
265.5860	91.5200	31.6000
270.0373	91.4100	31.0000
274.5632	91.4700	30.4000
279.1649	91.5600	29.8000
283.8438	91.4900	29.1000
288.6011	91.4800	28.6000
293.4381	91.6000	28.0000
298.3562	91.5800	27.4000
303.3567	91.5300	26.9000
308.4410	91.5900	26.3000
313.6106	91.6900	25.8000
318.8668	91.6800	25.3000
324.2111	91.5900	24.8000
329.6449	91.6000	24.4000
335.1698	91.5600	24.0000
340.7874	91.5300	23.5000
346.4991	91.5700	23.2000
352.3065	91.5800	22.8000
358.2112	91.5400	22.5000
364.2149	91.6000	22.1000
370.3193	91.6300	21.8000
376.5259	91.6100	21.6000
382.8366	91.6200	21.3000
389.2530	91.6200	21.0000
395.7770	91.6400	20.8000
402.4103	91.6800	20.6000
409.1548	91.6700	20.4000
416.0123	91.6600	20.2000
422.9848	91.6700	20.0000
430.0741	91.6500	19.8000
437.2823	91.6500	19.7000
444.6112	91.6500	19.5000
452.0630	91.6600	19.3000
459.6397	91.6600	19.0000
467.3434	91.6500	18.7000
475.1762	91.6300	18.5000
483.1402	91.6100	18.3000
491.2378	91.5800	18.1000
499.4710	91.5700	17.9000
507.8423	91.5600	17.7000
516.3539	91.5700	17.5000
525.0081	91.5800	17.2000
533.8074	91.5900	17.0000
542.7541	91.6000	16.6000
551.8508	91.6200	16.4000
561.0999	91.6400	16.0000
570.5041	91.6600	15.6000
580.0659	91.6800	15.2000
589.7879	91.6900	14.8000
599.6729	91.7000	14.3000
609.7236	91.7100	13.8000
619.9427	91.7100	13.3000
630.3331	91.7100	12.8000
640.8976	91.7000	12.3000
651.6392	91.6800	11.9000
662.5609	91.6600	11.4000
673.6656	91.6400	10.9000
684.9564	91.6100	10.5000
696.4364	91.5700	10.1000
708.1088	91.5300	9.7000
719.9769	91.4800	9.5000
732.0439	91.4300	9.2000
744.3131	91.3800	9.1000
756.7880	91.3200	9.0000
769.4720	91.2700	9.0000
782.3685	91.2200	9.0000
795.4812	91.1700	9.1000
808.8137	91.1400	9.3000
822.3696	91.1200	9.5000
836.1527	91.1100	9.7000
850.1668	91.1100	10.0000
864.4158	91.1300	10.2000
878.9036	91.1500	10.3000
893.6343	91.1900	10.4000
908.6118	91.2300	10.4000
923.8404	91.2700	10.3000
939.3242	91.3000	10.2000
955.0675	91.3300	9.9000
971.0746	91.3500	9.7000
987.3501	91.3500	9.4000
1003.8983	91.3400	9.1000
1020.7239	91.3200	8.9000
1037.8315	91.2900	8.7000
1055.2258	91.2600	8.7000
1072.9116	91.2300	8.8000
1090.8939	91.2100	9.0000
1109.1775	91.2100	9.3000
1127.7676	91.2300	9.6000
1146.6693	91.2800	9.9000
1165.8877	91.3400	10.1000
1185.4283	91.4200	10.2000
1205.2964	91.5000	10.2000
1225.4974	91.5700	10.0000
1246.0371	91.6300	9.7000
1266.9209	91.6700	9.4000
1288.1549	91.6800	9.2000
1309.7446	91.6800	9.2000
1331.6963	91.6900	9.4000
1354.0158	91.7200	9.9000
1376.7095	91.7900	10.6000
1399.7835	91.9400	11.3000
1423.2442	92.1500	11.9000
1447.0981	92.4100	12.1000
1471.3518	92.7200	11.8000
1496.0120	93.0200	10.9000
1521.0856	93.2900	9.5000
1546.5793	93.5100	7.7000
1572.5004	93.6500	5.7000
1598.8559	93.7100	3.7000
1625.6531	93.7100	1.9000
1652.8994	93.6700	0.3000
1680.6024	93.6100	-0.9000
1708.7697	93.5800	-1.8000
1737.4091	93.5800	-2.6000
1766.5285	93.6200	-3.5000
1796.1360	93.6800	-4.7000
1826.2397	93.7200	-6.3000
1856.8479	93.7200	-8.1000
1887.9691	93.6500	-10.0000
1919.6120	93.5100	-11.8000
1951.7851	93.3400	-13.1000
1984.4975	93.1600	-14.1000
2017.7582	93.0100	-14.8000
2051.5763	92.9100	-15.4000
2085.9612	92.8500	-16.3000
2120.9224	92.7800	-17.5000
2156.4696	92.6600	-19.0000
2192.6126	92.4500	-20.5000
2229.3613	92.1600	-21.6000
2266.7259	91.8400	-22.1000
2304.7168	91.5400	-21.8000
2343.3444	91.3300	-21.1000
2382.6195	91.2100	-20.3000
2422.5528	91.1500	-19.8000
2463.1553	91.0800	-19.7000
2504.4384	90.9700	-19.6000
2546.4134	90.8300	-19.1000
2589.0919	90.7300	-18.1000
2632.4858	90.7300	-16.8000
2676.6069	90.8700	-15.8000
2721.4674	91.0700	-15.7000
2767.0799	91.2200	-16.5000
2813.4568	91.2300	-17.7000
2860.6111	91.1000	-18.4000
2908.5556	90.9600	-18.0000
2957.3037	90.9600	-16.7000
3006.8689	91.1900	-15.5000
3057.2647	91.5700	-15.6000
3108.5052	91.9400	-17.2000
3160.6045	92.1900	-19.9000
3213.5770	92.2900	-22.8000
3267.4374	92.2800	-25.7000
3322.2004	92.2000	-28.4000
3377.8813	92.0300	-30.9000
3434.4954	91.8000	-32.9000
3492.0584	91.5800	-34.1000
3550.5862	91.4700	-35.0000
3610.0949	91.4700	-36.5000
3670.6009	91.4600	-39.2000
3732.1211	91.2700	-42.8000
3794.6724	90.8400	-46.4000
3858.2720	90.2300	-49.2000
3922.9376	89.5300	-50.9000
3988.6870	88.7900	-51.6000
4055.5384	88.0500	-51.3000
4123.5102	87.3600	-50.1000
4192.6212	86.7400	-48.4000
4262.8906	86.1700	-46.3000
4334.3377	85.6000	-43.7000
4406.9822	85.0700	-39.8000
4480.8443	84.7600	-34.7000
4555.9444	84.7400	-29.7000
4632.3031	84.8600	-25.7000
4709.9417	85.0300	-22.1000
4788.8814	85.2800	-19.0000
4869.1443	85.5700	-16.3000
4950.7523	85.8700	-14.1000
5033.7281	86.1800	-12.3000
5118.0947	86.4800	-10.6000
5203.8752	86.8200	-8.6000
5291.0934	87.2900	-6.8000
5379.7734	87.8700	-6.0000
5469.9397	88.4300	-6.2000
5561.6173	88.9600	-6.7000
5654.8313	89.4900	-7.8000
5749.6077	89.9700	-9.4000
5845.9725	90.4300	-11.1000
5943.9525	90.8800	-13.1000
6043.5746	91.3600	-14.9000
6144.8664	92.0600	-17.2000
6247.8558	92.8500	-22.3000
6352.5714	93.3700	-30.0000
6459.0421	93.4600	-38.5000
6567.2972	93.2300	-46.6000
6677.3667	92.7300	-54.2000
6789.2810	91.9200	-61.0000
6903.0710	90.7700	-65.9000
7018.7682	89.4400	-67.2000
7136.4045	88.3500	-64.7000
7256.0123	87.7600	-61.1000
7377.6249	87.3900	-57.9000
7501.2757	87.1700	-54.4000
7626.9989	87.1800	-50.7000
7754.8293	87.4500	-47.2000
7884.8021	87.9800	-45.0000
8016.9533	88.6500	-44.7000
8151.3194	89.3000	-46.7000
8287.9375	89.6600	-50.1000
8426.8454	89.7500	-52.2000
8568.0814	89.9900	-52.3000
8711.6845	90.6700	-52.4000
8857.6945	91.7400	-55.1000
9006.1516	92.7900	-62.5000
9157.0969	93.3800	-73.0000
9310.5721	93.4400	-84.1000
9466.6196	93.1100	-94.7000
9625.2825	92.5100	-103.9000
9786.6046	91.9600	-112.9000
9950.6305	91.0500	-124.1000
10117.4050	89.3300	-133.3000
10286.9760	87.4500	-137.6000
10459.3880	85.5900	-139.2000
10634.6900	83.6200	-136.6000
10812.9300	82.0000	-128.8000
10994.1570	81.1000	-114.2000
11178.4220	82.7800	-98.5000
11365.7750	85.4600	-102.2000
11556.2680	86.7300	-115.9000
11749.9540	86.6600	-131.1000
11946.8860	85.5900	-144.3000
12147.1190	83.7400	-153.5000
12350.7080	81.5000	-154.8000
12557.7080	80.1000	-148.0000
12768.1790	79.8200	-141.6000
12982.1770	80.1200	-137.2000
13199.7610	80.8500	-135.9000
13420.9920	81.9200	-138.6000
13645.9310	82.7000	-146.7000
13874.6410	83.2600	-157.5000
14107.1830	83.0800	-173.7000
14343.6230	81.8200	172.5000
14584.0250	79.6900	158.7000
14828.4570	76.8900	154.8000
15076.9860	74.5800	159.9000
15329.6800	73.6200	172.0000
15586.6090	74.7000	-178.6000
15847.8440	76.7600	178.4000
16113.4580	77.9700	164.2000
16383.5240	78.1300	145.6000
16658.1150	76.6600	125.9000
16937.3100	73.5000	116.1000
17221.1830	71.1200	122.7000
17509.8140	71.1800	130.4000
17803.2830	72.2400	128.6000
18101.6700	73.1800	116.6000
18405.0590	73.1400	96.9000
18713.5320	71.0600	75.7000
19027.1760	66.7100	70.8000
19346.0760	64.1400	89.4000
19670.3210	65.2800	103.8000