19.86599	75.84	166.1
20.19895	76.05	164.5
20.53749	76.27	163
20.8817	76.48	161.5
21.23169	76.7	160
21.58753	76.92	158.6
21.94935	77.13	157.1
22.31722	77.36	155.6
22.69126	77.58	154.1
23.07158	77.79	152.6
23.45826	78	151
23.85143	78.19	149.5
24.25118	78.38	147.9
24.65764	78.56	146.3
25.07091	78.73	144.7
25.4911	78.89	143.2
25.91834	79.05	141.8
26.35274	79.21	140.3
26.79441	79.39	138.9
27.2435	79.56	137.6
27.7001	79.74	136.3
28.16436	79.93	135
28.63641	80.11	133.8
29.11636	80.3	132.6
29.60436	80.49	131.3
30.10053	80.68	129.9
30.60502	80.86	128.6
31.11797	81.04	127.3
31.63952	81.2	126
32.1698	81.37	124.8
32.70898	81.55	123.7
33.25719	81.74	122.5
33.81459	81.93	121.4
34.38133	82.13	120.3
34.95757	82.33	119.1
35.54346	82.53	117.8
36.13918	82.72	116.4
36.74488	82.9	115
37.36074	83.08	113.7
37.98691	83.25	112.5
38.62358	83.42	111.2
39.27092	83.58	109.9
39.92911	83.75	108.6
40.59833	83.91	107.3
41.27877	84.07	106
41.97061	84.23	104.6
42.67405	84.4	103.2
43.38928	84.55	101.6
44.11649	84.7	100
44.8559	84.83	98.4
45.60769	84.95	96.7
46.37209	85.05	94.9
47.1493	85.13	92.9
47.93953	85.16	90.9
48.74301	85.15	88.9
49.55995	85.06	87.2
50.39059	84.94	85.9
51.23515	84.8	85.2
52.09386	84.71	85.1
52.96697	84.68	85.2
53.85471	84.71	85.3
54.75733	84.79	85.3
55.67507	84.88	85.2
56.6082	84.97	85.1
57.55697	85.08	85.1
58.52164	85.23	85.4
59.50247	85.47	85.6
60.49975	85.74	85.1
61.51374	85.97	83.8
62.54472	86.12	82.4
63.59299	86.23	81.3
64.65882	86.34	80.4
65.74252	86.45	79.6
66.84438	86.56	78.8
67.96471	86.68	78
69.10382	86.8	77.3
70.26201	86.92	76.4
71.43962	87.04	75.6
72.63697	87.16	74.8
73.85438	87.27	73.9
75.0922	87.39	73
76.35076	87.51	72.1
77.63042	87.62	71.3
78.93152	87.73	70.4
80.25443	87.84	69.5
81.59952	87.94	68.6
82.96715	88.05	67.6
84.3577	88.15	66.6
85.77155	88.24	65.6
87.2091	88.33	64.6
88.67075	88.41	63.7
90.15689	88.5	62.8
91.66795	88.58	61.9
93.20432	88.66	60.9
94.76645	88.73	59.9
96.35476	88.8	58.9
97.96969	88.86	57.9
99.61168	88.91	56.9
101.2812	88.95	56
102.9787	88.99	55.2
104.70465	89.03	54.4
106.45952	89.09	53.7
108.24381	89.15	53
110.058	89.22	52.3
111.9026	89.3	51.4
113.77812	89.37	50.5
115.68507	89.44	49.4
117.62398	89.47	48.2
119.59538	89.46	47
121.59983	89.42	46.2
123.63787	89.39	45.6
125.71007	89.38	45.2
127.81701	89.39	44.8
129.95925	89.42	44.3
132.1374	89.45	43.9
134.35205	89.49	43.5
136.60383	89.53	43
138.89334	89.58	42.5
141.22123	89.64	42
143.58813	89.69	41.4
145.9947	89.74	40.8
148.44161	89.8	40.2
150.92953	89.84	39.5
153.45914	89.88	38.7
156.03116	89.9	37.9
158.64628	89.91	37.2
161.30523	89.9	36.5
164.00874	89.89	36
166.75757	89.88	35.6
169.55247	89.88	35.3
172.39421	89.89	35.2
175.28358	89.94	35.1
178.22137	90.02	34.9
181.2084	90.12	34.5
184.2455	90.2	33.8
187.3335	90.26	33
190.47326	90.29	32.2
193.66564	90.32	31.5
196.91152	90.33	30.8
200.2118	90.34	30.2
203.5674	90.35	29.6
206.97924	90.36	29
210.44827	90.36	28.5
213.97543	90.38	28
217.56171	90.39	27.4
221.2081	90.41	26.8
224.9156	90.41	26.2
228.68524	90.41	25.6
232.51806	90.39	25
236.41512	90.36	24.5
240.3775	90.33	24.1
244.40628	90.31	23.8
248.50259	90.29	23.5
252.66756	90.29	23.2
256.90233	90.28	22.9
261.20807	90.27	22.7
265.58598	90.26	22.5
270.03727	90.26	22.3
274.56316	90.27	22.2
279.16491	90.28	22
283.84378	90.31	21.8
288.60107	90.33	21.5
293.43809	90.37	21.2
298.35619	90.41	20.8
303.35671	90.43	20.3
308.44104	90.43	19.7
313.61059	90.41	19.2
318.86678	90.38	18.7
324.21107	90.34	18.4
329.64492	90.3	18.2
335.16985	90.26	18.2
340.78738	90.25	18.1
346.49906	90.24	18.1
352.30647	90.25	18
358.21121	90.26	18
364.21492	90.26	17.9
370.31925	90.27	17.8
376.5259	90.27	17.7
382.83656	90.28	17.6
389.253	90.29	17.6
395.77697	90.32	17.7
402.41029	90.37	17.7
409.15479	90.43	17.6
416.01232	90.48	17.4
422.98479	90.53	17
430.07412	90.57	16.7
437.28226	90.61	16.3
444.61122	90.65	15.9
452.06302	90.68	15.4
459.6397	90.7	14.8
467.34338	90.7	14.2
475.17617	90.68	13.7
483.14023	90.64	13.3
491.23778	90.57	11.8
499.47105	90.37	10.5
507.84231	89.98	9.8
516.35387	89.44	10.3
525.00808	88.87	12.9
533.80735	88.51	17.5
542.75409	88.56	22.9
551.85078	89.02	27.6
561.09994	89.72	29.8
570.50411	90.37	27.4
580.0659	90.74	23.9
589.78794	90.83	19.8
599.67293	90.64	16.4
609.7236	90.23	14.4
619.94272	89.78	14.4
630.33311	89.52	15.8
640.89765	89.44	17
651.63925	89.28	17.3
662.56088	89.13	18.5
673.66556	89.14	20.2
684.95636	89.31	21.3
696.4364	89.49	21.6
708.10884	89.76	22
719.97692	90.04	21.7
732.04391	90.28	20.9
744.31315	90.52	19.6
756.78802	90.67	17.4
769.47197	90.61	14.9
782.36851	90.37	13.4
795.4812	90.14	13
808.81366	89.96	12.8
822.36957	89.7	13
836.15269	89.39	15
850.16681	89.45	18.8
864.41582	90.03	21.2
878.90364	90.63	20
893.63428	90.83	16.8
908.61181	90.7	14.7
923.84036	90.56	14.1
939.32415	90.51	14
955.06746	90.5	13.9
971.07462	90.54	14.1
987.35007	90.7	14.2
1003.8983	90.93	13.2
1020.7239	91.04	11
1037.8315	90.95	8.7
1055.2258	90.76	7.2
1072.9116	90.55	6.1
1090.8939	90.3	4.9
1109.1775	89.86	4.4
1127.7676	89.33	6
1146.6693	89.07	9.7
1165.8877	89.19	13.7
1185.4283	89.63	16.4
1205.2964	90.18	17.1
1225.4974	90.64	15.9
1246.0371	90.91	13.6
1266.9209	91.01	11.6
1288.1549	91.08	9.9
1309.7446	91.15	8
1331.6963	91.18	5.5
1354.0158	91.07	2.4
1376.7095	90.73	-0.7
1399.7835	90.13	-2.4
1423.2442	89.48	-1.9
1447.0981	88.99	0.1
1471.3518	88.65	2.6
1496.012	88.48	5.6
1521.0856	88.53	8.6
1546.5793	88.75	10.6
1572.5004	88.97	11.5
1598.8559	89.16	11.7
1625.6531	89.3	11.3
1652.8994	89.3	10.5
1680.6024	89.16	10.1
1708.7697	88.93	10.8
1737.4091	88.77	13.2
1766.5285	88.91	16.5
1796.136	89.41	18.8
1826.2397	89.99	18.5
1856.8479	90.38	16.3
1887.9691	90.48	13.5
1919.612	90.36	11.2
1951.7851	90.12	10.2
1984.4975	89.88	10.3
2017.7582	89.72	11.5
2051.5763	89.77	13.3
2085.9612	90.04	14.2
2120.9224	90.33	13.3
2156.4696	90.38	11.3
2192.6126	90.17	10
2229.3613	89.91	10.3
2266.7259	89.79	11.8
2304.7168	89.84	13.3
2343.3444	89.96	14.2
2382.6195	90.06	14.8
2422.5528	90.19	15.7
2463.1553	90.39	16.5
2504.4384	90.67	17.2
2546.4134	91.06	17.2
2589.0919	91.41	15.8
2632.4858	91.61	13.8
2676.6069	91.67	12
2721.4674	91.71	10.8
2767.0799	91.8	9.7
2813.4568	91.94	8.4
2860.6111	92.04	6.2
2908.5556	91.99	3.5
2957.3037	91.79	1.5
3006.8689	91.58	0.4
3057.2647	91.42	-0.4
3108.5052	91.29	-1.4
3160.6045	91.08	-2.7
3213.577	90.77	-3.4
3267.4374	90.43	-3.1
3322.2004	90.17	-2
3377.8813	90	-0.5
3434.4954	89.95	1.4
3492.0584	90.06	3
3550.5862	90.25	3.8
3610.0949	90.41	3.8
3670.6009	90.5	3.6
3732.1211	90.6	3.7
3794.6724	90.73	3.6
3858.272	90.87	3.1
3922.9376	90.98	2.6
3988.687	91.15	1.9
4055.5384	91.33	0.4
4123.5102	91.38	-1.9
4192.6212	91.26	-4
4262.8906	91.09	-5.2
4334.3377	90.95	-6.2
4406.9822	90.77	-7.2
4480.8443	90.53	-7.8
4555.9444	90.28	-7.8
4632.3031	90	-7.5
4709.9417	89.67	-5.9
4788.8814	89.5	-2.6
4869.1443	89.68	1.2
4950.7523	90.13	4.4
5033.7281	90.85	6.9
5118.0947	91.8	7.5
5203.8752	92.82	5.5
5291.0934	93.71	0.6
5379.7734	94.31	-6.5
5469.9397	94.57	-14.8
5561.6173	94.51	-23.4
5654.8313	94.09	-32.1
5749.6077	93.29	-39
5845.9725	92.38	-44
5943.9525	91.31	-48
6043.5746	90.02	-49.1
6144.8664	88.9	-47.1
6247.8558	88.01	-44.5
6352.5714	87.28	-40.2
6459.0421	87.04	-35
6567.2972	87.17	-31.2
6677.3667	87.52	-29
6789.281	88	-29.1
6903.071	88.25	-31.8
7018.7682	88.22	-34.6
7136.4045	88.11	-37.8
7256.0123	87.66	-40.7
7377.6249	87.14	-41.4
7501.2757	86.69	-41.3
7626.9989	86.34	-39.6
7754.8293	86.36	-38
7884.8021	86.57	-37.6
8016.9533	86.93	-39.3
8151.3194	87.19	-43.4
8287.9375	87.15	-49.1
8426.8454	86.78	-55.2
8568.0814	86.02	-60.4
8711.6845	85.01	-63.2
8857.6945	83.87	-63.7
9006.1516	82.82	-61.1
9157.0969	82.16	-57
9310.5721	82.03	-53.2
9466.6196	82.21	-53.1
9625.2825	82.08	-55.7
9786.6046	81.55	-58
9950.6305	80.69	-58.3
10117.405	79.9	-54.3
10286.976	79.84	-48.6
10459.388	80.48	-45.4
10634.69	81.36	-47.7
10812.93	81.66	-55.3
10994.157	81.26	-63.3
11178.422	80.42	-69.4
11365.775	79.28	-72.9
11556.268	78.13	-71.9
11749.954	77.7	-69.4
11946.886	77.72	-71.6
12147.119	77.46	-77.7
12350.708	76.54	-84.8
12557.708	74.87	-88.4
12768.179	72.9	-85.7
12982.177	71.26	-78.8
13199.761	70.3	-71.1
13420.992	69.81	-65.1
13645.931	69.59	-60.8
13874.641	69.25	-58
14107.183	68.94	-54.6
14343.623	68.83	-50.7
14584.025	69.07	-48
14828.457	69.44	-48.1
15076.986	69.61	-51.7
15329.68	69.35	-55.9
15586.609	68.93	-58.2
15847.844	68.56	-60.7
16113.458	67.83	-64.1
16383.524	66.61	-64.4
16658.115	65.73	-60.1
16937.31	65.64	-56.6
17221.183	65.64	-56.6
17509.814	65.63	-57.2
17803.283	65.7	-59.9
18101.67	65.22	-64.9
18405.059	63.94	-66.8
18713.532	62.81	-66.2
19027.176	61.74	-64.3
19346.076	60.98	-59.1
19670.321	60.54	-55.3
20000	60.18	-53.9
