20.19895	70.65	114.6
20.53749	70.78	114.1
20.8817	70.91	113.6
21.23169	71.05	113.1
21.58753	71.21	112.6
21.94935	71.39	112.1
22.31722	71.58	111.5
22.69126	71.8	111
23.07158	72.03	110.5
23.45826	72.28	110
23.85143	72.53	109.4
24.25118	72.79	108.9
24.65764	73.05	108.4
25.07091	73.33	107.9
25.4911	73.61	107.4
25.91834	73.92	106.8
26.35274	74.24	106.3
26.79441	74.58	105.8
27.2435	74.95	105.3
27.7001	75.34	104.8
28.16436	75.75	104.3
28.63641	76.18	103.8
29.11636	76.63	103.3
29.60436	77.09	102.8
30.10053	77.56	102.3
30.60502	78.04	101.8
31.11797	78.52	101.2
31.63952	79	100.7
32.1698	79.47	100.2
32.70898	79.93	99.7
33.25719	80.36	99.2
33.81459	80.76	98.7
34.38133	81.13	98.2
34.95757	81.48	97.7
35.54346	81.8	97.2
36.13918	82.09	96.7
36.74488	82.35	96.2
37.36074	82.57	95.7
37.98691	82.76	95.2
38.62358	82.91	94.7
39.27092	83.02	94.2
39.92911	83.1	93.7
40.59833	83.15	93.2
41.27877	83.19	92.8
41.97061	83.22	92.3
42.67405	83.24	91.8
43.38928	83.28	91.3
44.11649	83.33	90.8
44.8559	83.41	90.3
45.60769	83.51	89.8
46.37209	83.65	89.3
47.1493	83.82	88.8
47.93953	84.01	88.3
48.74301	84.23	87.8
49.55995	84.45	87.3
50.39059	84.67	86.8
51.23515	84.88	86.3
52.09386	85.07	85.8
52.96697	85.24	85.3
53.85471	85.39	84.8
54.75733	85.53	84.3
55.67507	85.69	83.7
56.6082	85.85	83.2
57.55697	86.03	82.7
58.52164	86.19	82.2
59.50247	86.33	81.7
60.49975	86.44	81.1
61.51374	86.51	80.6
62.54472	86.53	80.1
63.59299	86.51	79.6
64.65882	86.45	79
65.74252	86.37	78.5
66.84438	86.32	77.9
67.96471	86.33	77.4
69.10382	86.43	76.9
70.26201	86.62	76.3
71.43962	86.87	75.8
72.63697	87.16	75.2
73.85438	87.45	74.7
75.0922	87.72	74.1
76.35076	87.93	73.5
77.63042	88.07	73
78.93152	88.13	72.4
80.25443	88.12	71.8
81.59952	88.06	71.2
82.96715	87.98	70.6
84.3577	87.89	70
85.77155	87.87	69.4
87.2091	87.92	68.8
88.67075	88.09	68.2
90.15689	88.34	67.6
91.66795	88.64	67
93.20432	88.92	66.4
94.76645	89.14	65.7
96.35476	89.26	65.1
97.96969	89.28	64.5
99.61168	89.23	63.8
101.2812	89.14	63.2
102.9787	89.05	62.5
104.70465	89.02	61.9
106.45952	89.04	61.2
108.24381	89.14	60.5
110.058	89.28	59.9
111.9026	89.42	59.2
113.77812	89.55	58.5
115.68507	89.62	57.8
117.62398	89.62	57.1
119.59538	89.56	56.4
121.59983	89.46	55.6
123.63787	89.35	54.9
125.71007	89.31	54.2
127.81701	89.36	53.5
129.95925	89.47	52.7
132.1374	89.57	52
134.35205	89.61	51.2
136.60383	89.59	50.4
138.89334	89.54	49.7
141.22123	89.52	48.9
143.58813	89.54	48.1
145.9947	89.59	47.3
148.44161	89.65	46.5
150.92953	89.72	45.7
153.45914	89.76	44.9
156.03116	89.77	44.1
158.64628	89.73	43.3
161.30523	89.68	42.5
164.00874	89.66	41.7
166.75757	89.69	40.8
169.55247	89.73	40
172.39421	89.74	39.1
175.28358	89.73	38.3
178.22137	89.7	37.4
181.2084	89.71	36.6
184.2455	89.76	35.7
187.3335	89.8	34.9
190.47326	89.82	34
193.66564	89.82	33.1
196.91152	89.82	32.3
200.2118	89.81	31.4
203.5674	89.83	30.5
206.97924	89.86	29.7
210.44827	89.86	28.8
213.97543	89.81	28
217.56171	89.81	27.1
221.2081	89.86	26.3
224.9156	89.91	25.5
228.68524	89.9	24.6
232.51806	89.86	23.8
236.41512	89.85	23
240.3775	89.87	22.2
244.40628	89.88	21.4
248.50259	89.83	20.5
252.66756	89.77	19.8
256.90233	89.82	19
261.20807	89.85	18.2
265.58598	89.77	17.5
270.03727	89.67	16.8
274.56316	89.66	16
279.16491	89.69	15.3
283.84378	89.67	14.6
288.60107	89.64	14
293.43809	89.66	13.3
298.35619	89.69	12.7
303.35671	89.66	12.1
308.44104	89.66	11.5
313.61059	89.72	11
318.86678	89.71	10.5
324.21107	89.64	10
329.64492	89.57	9.6
335.16985	89.51	9.2
340.78738	89.43	8.8
346.49906	89.41	8.5
352.30647	89.38	8.2
358.21121	89.31	8
364.21492	89.28	7.8
370.31925	89.25	7.6
376.5259	89.2	7.5
382.83656	89.14	7.4
389.253	89.09	7.3
395.77697	89.06	7.3
402.41029	89.04	7.3
409.15479	89.02	7.3
416.01232	88.99	7.4
422.98479	88.96	7.4
430.07412	88.92	7.5
437.28226	88.89	7.6
444.61122	88.87	7.7
452.06302	88.88	7.8
459.6397	88.89	8.1
467.34338	88.88	8.3
475.17617	88.87	8.5
483.14023	88.86	8.8
491.23778	88.85	9
499.47105	88.86	9.2
507.84231	88.88	9.4
516.35387	88.9	9.7
525.00808	88.93	9.8
533.80735	88.96	10
542.75409	89	10.1
551.85078	89.04	10.2
561.09994	89.09	10.3
570.50411	89.13	10.3
580.0659	89.16	10.2
589.78794	89.19	10.1
599.67293	89.22	10.1
609.7236	89.24	9.9
619.94272	89.26	9.8
630.33311	89.26	9.7
640.89765	89.26	9.6
651.63925	89.25	9.6
662.56088	89.23	9.5
673.66556	89.2	9.5
684.95636	89.17	9.6
696.4364	89.13	9.7
708.10884	89.09	9.6
719.97692	89.04	9.5
732.04391	89	9.6
744.31315	88.95	9.7
756.78802	88.92	9.9
769.47197	88.89	10.2
782.36851	88.88	10.6
795.4812	88.88	11
808.81366	88.9	11.4
822.36957	88.94	11.7
836.15269	89	12
850.16681	89.08	12.2
864.41582	89.16	12.3
878.90364	89.25	12.3
893.63428	89.34	12
908.61181	89.43	11.7
923.84036	89.5	11.1
939.32415	89.55	10.5
955.06746	89.58	9.7
971.07462	89.58	8.9
987.35007	89.55	8.1
1003.8983	89.49	7.4
1020.7239	89.4	6.8
1037.8315	89.29	6.4
1055.2258	89.15	6.2
1072.9116	89.02	6.2
1090.8939	88.89	6.6
1109.1775	88.79	7.2
1127.7676	88.72	8
1146.6693	88.69	9
1165.8877	88.72	9.9
1185.4283	88.78	10.8
1205.2964	88.88	11.4
1225.4974	89	11.9
1246.0371	89.13	12.1
1266.9209	89.25	12.1
1288.1549	89.36	12
1309.7446	89.46	11.9
1331.6963	89.54	11.8
1354.0158	89.62	11.7
1376.7095	89.71	11.7
1399.7835	89.83	11.8
1423.2442	89.97	11.8
1447.0981	90.15	11.6
1471.3518	90.35	11.2
1496.012	90.56	10.5
1521.0856	90.76	9.4
1546.5793	90.93	8
1572.5004	91.06	6.3
1598.8559	91.15	4.5
1625.6531	91.19	2.7
1652.8994	91.19	0.9
1680.6024	91.16	-0.9
1708.7697	91.11	-2.5
1737.4091	91.04	-4.1
1766.5285	90.96	-5.8
1796.136	90.85	-7.5
1826.2397	90.71	-9.3
1856.8479	90.52	-11
1887.9691	90.28	-12.6
1919.612	89.99	-14
1951.7851	89.67	-15
1984.4975	89.34	-15.5
2017.7582	89.03	-15.7
2051.5763	88.75	-15.7
2085.9612	88.5	-15.6
2120.9224	88.25	-15.5
2156.4696	87.97	-15.4
2192.6126	87.67	-15.1
2229.3613	87.35	-14.3
2266.7259	87.06	-12.9
2304.7168	86.85	-10.9
2343.3444	86.76	-8.7
2382.6195	86.79	-6.6
2422.5528	86.92	-5.1
2463.1553	87.09	-4.3
2504.4384	87.24	-4.1
2546.4134	87.34	-4.3
2589.0919	87.41	-4.6
2632.4858	87.45	-4.9
2676.6069	87.49	-5.2
2721.4674	87.52	-5.8
2767.0799	87.52	-6.5
2813.4568	87.46	-7.4
2860.6111	87.34	-8.1
2908.5556	87.2	-8.2
2957.3037	87.11	-7.8
3006.8689	87.14	-7.3
3057.2647	87.29	-7.4
3108.5052	87.46	-8.6
3160.6045	87.56	-10.7
3213.577	87.53	-13.4
3267.4374	87.36	-16.4
3322.2004	87.03	-19.2
3377.8813	86.57	-21.4
3434.4954	86.01	-22.7
3492.0584	85.46	-23
3550.5862	85	-22.6
3610.0949	84.62	-22.4
3670.6009	84.19	-22.8
3732.1211	83.64	-23
3794.6724	82.97	-22.5
3858.272	82.28	-20.7
3922.9376	81.64	-18.1
3988.687	81.07	-14.8
4055.5384	80.58	-10.7
4123.5102	80.21	-6.1
4192.6212	79.95	-1.5
4262.8906	79.75	3.5
4334.3377	79.65	9.2
4406.9822	79.78	15.7
4480.8443	80.24	21.8
4555.9444	80.95	26.5
4632.3031	81.82	29.3
4709.9417	82.7	29.6
4788.8814	83.37	27.6
4869.1443	83.71	24.9
4950.7523	83.81	22.7
5033.7281	83.82	21.1
5118.0947	83.74	19.6
5203.8752	83.52	18.5
5291.0934	83.19	18.5
5379.7734	82.83	20.1
5469.9397	82.63	23.2
5561.6173	82.71	26.8
5654.8313	82.97	29.4
5749.6077	83.12	31.1
5845.9725	83.15	34.1
5943.9525	83.37	39.2
6043.5746	84.05	45.3
6144.8664	85.26	50.7
6247.8558	87	54.4
6352.5714	89.46	54.3
6459.0421	92.36	44.8
6567.2972	94.49	24.1
6677.3667	94.84	-2.5
6789.281	93.21	-26.9
6903.071	90.23	-41.8
7018.7682	87.24	-45.3
7136.4045	84.86	-43.8
7256.0123	82.84	-38.4
7377.6249	81.53	-29.4
7501.2757	80.99	-20.9
7626.9989	80.88	-14.6
7754.8293	80.71	-11.2
7884.8021	79.89	-5.6
8016.9533	79.66	10.9
8151.3194	82.15	26.9
8287.9375	85.92	27.6
8426.8454	89.22	12.8
8568.0814	90.91	-11.4
8711.6845	90.72	-37.1
8857.6945	89.18	-59.5
9006.1516	86.76	-76.8
9157.0969	83.74	-89.4
9310.5721	80.05	-96.6
9466.6196	75.73	-94.1
9625.2825	71.63	-76.2
9786.6046	70.1	-41.8
9950.6305	73.36	-15.4
10117.405	77.56	-18.3
10286.976	79.33	-39.8
10459.388	78.12	-60.2
10634.69	75.88	-69.6
10812.93	73.2	-73.9
10994.157	70.26	-65.9
11178.422	69.02	-49.5
11365.775	69.5	-30.7
11556.268	72.26	-21.3
11749.954	75.14	-25.8
11946.886	77.94	-45.4
12147.119	77.67	-80
12350.708	73.71	-101.6
12557.708	69.83	-101.7
12768.179	67.52	-89.7
12982.177	67.62	-82.5
13199.761	67.35	-82.4
13420.992	67.06	-82.6
13645.931	66.87	-79.2
13874.641	68.16	-83.9
14107.183	67.87	-96.7
14343.623	66.37	-102.5
14584.025	65.68	-97.4
14828.457	66.64	-96.5
15076.986	68.48	-102.3
15329.68	69.75	-127.1
15586.609	67.48	-152.1
15847.844	64.53	-162.2
16113.458	61.61	-163.8
16383.524	59.44	-154.1
16658.115	59.53	-147.2
16937.31	59.54	-153.8
17221.183	57.03	-165.4
17509.814	59.21	-157.4
17803.283	59.77	-167.4
18101.67	57.43	-166.1
18405.059	56.81	-152.7
18713.532	58.92	-149.1
19027.176	59.91	-169.4
19346.076	57.45	-178.3
19670.321	56.04	-169
