20.1989	71.3800	118.7000
20.5375	71.5600	118.4000
20.8817	71.7500	118.0000
21.2317	71.9500	117.6000
21.5875	72.1400	117.2000
21.9493	72.3200	116.8000
22.3172	72.5000	116.4000
22.6913	72.6800	115.9000
23.0716	72.8600	115.4000
23.4583	73.0400	115.0000
23.8514	73.2200	114.5000
24.2512	73.4200	114.0000
24.6576	73.6100	113.5000
25.0709	73.7900	113.0000
25.4911	73.9800	112.5000
25.9183	74.1800	112.0000
26.3527	74.3700	111.5000
26.7944	74.5800	111.0000
27.2435	74.7900	110.4000
27.7001	75.0000	109.9000
28.1644	75.2100	109.4000
28.6364	75.4300	108.9000
29.1164	75.6500	108.4000
29.6044	75.8700	107.8000
30.1005	76.0900	107.3000
30.6050	76.3200	106.8000
31.1180	76.5500	106.2000
31.6395	76.7800	105.7000
32.1698	77.0100	105.2000
32.7090	77.2500	104.6000
33.2572	77.4800	104.1000
33.8146	77.7100	103.6000
34.3813	77.9400	103.1000
34.9576	78.1600	102.5000
35.5435	78.3900	102.0000
36.1392	78.6000	101.5000
36.7449	78.8200	100.9000
37.3607	79.0300	100.4000
37.9869	79.2300	99.9000
38.6236	79.4200	99.3000
39.2709	79.6100	98.8000
39.9291	79.7900	98.3000
40.5983	79.9600	97.8000
41.2788	80.1300	97.2000
41.9706	80.2900	96.7000
42.6741	80.4400	96.2000
43.3893	80.5800	95.6000
44.1165	80.7100	95.1000
44.8559	80.8400	94.6000
45.6077	80.9400	94.1000
46.3721	81.0200	93.4000
47.1493	81.0900	92.9000
47.9395	81.1600	92.4000
48.7430	81.2200	91.8000
49.5600	81.2900	91.3000
50.3906	81.3700	90.8000
51.2351	81.4600	90.3000
52.0939	81.5600	89.7000
52.9670	81.6700	89.2000
53.8547	81.7900	88.7000
54.7573	81.9200	88.1000
55.6751	82.0500	87.6000
56.6082	82.1900	87.1000
57.5570	82.3300	86.5000
58.5216	82.4700	86.0000
59.5025	82.6100	85.5000
60.4997	82.7400	84.9000
61.5137	82.8700	84.4000
62.5447	83.0000	83.8000
63.5930	83.1300	83.3000
64.6588	83.2500	82.8000
65.7425	83.3600	82.2000
66.8444	83.4800	81.7000
67.9647	83.5900	81.1000
69.1038	83.7100	80.6000
70.2620	83.8200	80.0000
71.4396	83.9300	79.5000
72.6370	84.0500	78.9000
73.8544	84.1700	78.4000
75.0922	84.2900	77.8000
76.3508	84.4100	77.3000
77.6304	84.5400	76.6000
78.9315	84.6700	76.1000
80.2544	84.8000	75.5000
81.5995	84.9300	75.0000
82.9672	85.0500	74.5000
84.3577	85.1700	73.9000
85.7716	85.2800	73.4000
87.2091	85.3800	72.9000
88.6707	85.4800	72.4000
90.1569	85.5700	71.9000
91.6680	85.6600	71.4000
93.2043	85.7400	70.9000
94.7665	85.8100	70.5000
96.3548	85.8700	70.0000
97.9697	85.9300	69.6000
99.6117	85.9800	69.3000
101.2812	86.0000	68.8000
102.9787	86.0000	68.3000
104.7047	85.9800	67.7000
106.4595	85.9600	66.9000
108.2438	86.0000	65.9000
110.0580	86.1100	65.3000
111.9026	86.2500	64.6000
113.7781	86.4100	64.0000
115.6851	86.5500	63.3000
117.6240	86.6300	62.6000
119.5954	86.6600	62.0000
121.5998	86.6600	61.3000
123.6379	86.6300	60.7000
125.7101	86.5900	60.0000
127.8170	86.5400	59.3000
129.9592	86.5300	58.6000
132.1374	86.5700	58.0000
134.3520	86.6500	57.3000
136.6038	86.7500	56.5000
138.8933	86.8400	55.7000
141.2212	86.9000	55.1000
143.5881	86.9800	54.3000
145.9947	87.0500	53.6000
148.4416	87.1500	52.9000
150.9295	87.2300	52.1000
153.4591	87.3100	51.4000
156.0312	87.3500	50.7000
158.6463	87.3300	50.0000
161.3052	87.2900	49.2000
164.0087	87.2300	48.4000
166.7576	87.2100	47.7000
169.5525	87.2300	46.9000
172.3942	87.3000	46.1000
175.2836	87.3900	45.2000
178.2214	87.4800	44.5000
181.2084	87.5400	43.7000
184.2455	87.5900	43.0000
187.3335	87.6300	42.1000
190.4733	87.6900	41.4000
193.6656	87.7500	40.6000
196.9115	87.8000	39.8000
200.2118	87.8200	39.1000
203.5674	87.8400	38.1000
206.9792	87.8500	37.3000
210.4483	87.8700	36.5000
213.9754	87.9000	35.7000
217.5617	87.9300	35.0000
221.2081	87.9900	34.1000
224.9156	88.0500	33.3000
228.6852	88.0900	32.6000
232.5181	88.1000	31.6000
236.4151	88.1000	30.9000
240.3775	88.1000	30.1000
244.4063	88.0900	29.4000
248.5026	88.0900	28.5000
252.6676	88.1000	27.8000
256.9023	88.1100	27.1000
261.2081	88.1200	26.3000
265.5860	88.1100	25.5000
270.0373	88.0900	24.8000
274.5632	88.0900	24.1000
279.1649	88.1000	23.4000
283.8438	88.1200	22.7000
288.6011	88.1400	22.1000
293.4381	88.1600	21.3000
298.3562	88.1900	20.7000
303.3567	88.2200	20.0000
308.4410	88.2500	19.5000
313.6106	88.2600	18.9000
318.8668	88.2400	18.3000
324.2111	88.1900	17.7000
329.6449	88.1300	17.2000
335.1698	88.0900	16.7000
340.7874	88.0600	16.3000
346.4991	88.0400	15.9000
352.3065	88.0200	15.5000
358.2112	88.0000	15.0000
364.2149	87.9800	14.7000
370.3193	87.9600	14.3000
376.5259	87.9500	14.1000
382.8366	87.9100	13.8000
389.2530	87.8700	13.5000
395.7770	87.8300	13.4000
402.4103	87.7900	13.2000
409.1548	87.7700	13.0000
416.0123	87.7500	12.9000
422.9848	87.7300	12.7000
430.0741	87.7000	12.7000
437.2823	87.6700	12.6000
444.6112	87.6500	12.6000
452.0630	87.6300	12.5000
459.6397	87.6200	12.5000
467.3434	87.6000	12.5000
475.1762	87.5800	12.6000
483.1402	87.5700	12.5000
491.2378	87.5700	12.6000
499.4710	87.5800	12.6000
507.8423	87.5800	12.2000
516.3539	87.5800	11.9000
525.0081	87.5800	11.7000
533.8074	87.5900	11.6000
542.7541	87.6100	11.5000
551.8508	87.6300	11.4000
561.0999	87.6700	11.5000
570.5041	87.7200	11.4000
580.0659	87.7800	11.4000
589.7879	87.8400	11.4000
599.6729	87.9000	11.3000
609.7236	87.9700	11.2000
619.9427	88.0300	11.0000
630.3331	88.1000	10.8000
640.8976	88.1700	10.4000
651.6392	88.2200	10.2000
662.5609	88.2800	9.8000
673.6656	88.3300	9.4000
684.9564	88.3800	9.0000
696.4364	88.4100	8.6000
708.1088	88.4500	8.1000
719.9769	88.4800	7.7000
732.0439	88.5000	7.4000
744.3131	88.5300	7.0000
756.7880	88.5500	6.7000
769.4720	88.5800	6.5000
782.3685	88.6200	6.2000
795.4812	88.6600	6.0000
808.8137	88.7200	5.8000
822.3696	88.7900	5.6000
836.1527	88.8600	5.3000
850.1668	88.9600	5.0000
864.4158	89.0600	4.5000
878.9036	89.1700	3.9000
893.6343	89.2700	3.2000
908.6118	89.3600	2.3000
923.8404	89.4600	1.3000
939.3242	89.5100	0.0000
955.0675	89.5500	-1.2000
971.0746	89.5600	-2.6000
987.3501	89.5400	-3.8000
1003.8983	89.4700	-5.1000
1020.7239	89.3900	-6.3000
1037.8315	89.2700	-7.2000
1055.2258	89.1300	-7.9000
1072.9116	88.9900	-8.3000
1090.8939	88.8600	-8.4000
1109.1775	88.7500	-8.2000
1127.7676	88.6900	-7.7000
1146.6693	88.6900	-7.2000
1165.8877	88.7300	-6.8000
1185.4283	88.8300	-6.4000
1205.2964	88.9600	-6.4000
1225.4974	89.1200	-6.7000
1246.0371	89.2700	-7.4000
1266.9209	89.4000	-8.3000
1288.1549	89.4900	-9.6000
1309.7446	89.5400	-10.8000
1331.6963	89.5400	-12.1000
1354.0158	89.5200	-13.2000
1376.7095	89.4800	-14.2000
1399.7835	89.4400	-14.9000
1423.2442	89.4200	-15.4000
1447.0981	89.4300	-15.9000
1471.3518	89.4800	-16.6000
1496.0120	89.5400	-17.5000
1521.0856	89.6200	-18.6000
1546.5793	89.6600	-20.0000
1572.5004	89.6600	-21.7000
1598.8559	89.5900	-23.5000
1625.6531	89.4600	-25.0000
1652.8994	89.2800	-26.2000
1680.6024	89.1000	-26.9000
1708.7697	88.9400	-27.0000
1737.4091	88.8600	-26.9000
1766.5285	88.8700	-26.9000
1796.1360	88.9500	-27.2000
1826.2397	89.0500	-28.1000
1856.8479	89.1200	-29.6000
1887.9691	89.1100	-31.5000
1919.6120	89.0100	-33.3000
1951.7851	88.8300	-34.9000
1984.4975	88.6300	-35.8000
2017.7582	88.4600	-36.3000
2051.5763	88.3400	-36.5000
2085.9612	88.3100	-36.9000
2120.9224	88.2900	-37.8000
2156.4696	88.2400	-39.1000
2192.6126	88.1000	-40.5000
2229.3613	87.8700	-41.6000
2266.7259	87.6100	-42.0000
2304.7168	87.3800	-41.5000
2343.3444	87.2600	-40.7000
2382.6195	87.3000	-39.9000
2422.5528	87.4200	-39.8000
2463.1553	87.5500	-40.5000
2504.4384	87.6200	-41.8000
2546.4134	87.6200	-43.3000
2589.0919	87.5400	-44.7000
2632.4858	87.4400	-45.8000
2676.6069	87.3400	-46.8000
2721.4674	87.2600	-47.8000
2767.0799	87.1500	-48.9000
2813.4568	87.0000	-49.9000
2860.6111	86.8400	-50.7000
2908.5556	86.7000	-51.0000
2957.3037	86.6300	-51.4000
3006.8689	86.6000	-52.2000
3057.2647	86.5400	-53.7000
3108.5052	86.3600	-55.4000
3160.6045	86.0300	-56.8000
3213.5770	85.6000	-57.0000
3267.4374	85.1900	-55.8000
3322.2004	84.9300	-53.8000
3377.8813	84.8500	-51.4000
3434.4954	84.9200	-49.3000
3492.0584	85.0800	-47.7000
3550.5862	85.3100	-46.3000
3610.0949	85.6100	-45.1000
3670.6009	85.9900	-44.4000
3732.1211	86.4700	-44.2000
3794.6724	87.0200	-44.9000
3858.2720	87.5800	-47.0000
3922.9376	88.0700	-50.4000
3988.6870	88.4100	-54.8000
4055.5384	88.5400	-59.9000
4123.5102	88.4700	-65.0000
4192.6212	88.2000	-69.6000
4262.8906	87.7900	-73.1000
4334.3377	87.2700	-75.6000
4406.9822	86.6800	-76.6000
4480.8443	86.0800	-75.7000
4555.9444	85.6300	-72.7000
4632.3031	85.5800	-68.1000
4709.9417	86.1100	-63.5000
4788.8814	87.0800	-60.8000
4869.1443	88.1800	-61.2000
4950.7523	89.1500	-64.5000
5033.7281	89.8900	-69.8000
5118.0947	90.4400	-75.4000
5203.8752	91.0300	-80.9000
5291.0934	91.7300	-87.8000
5379.7734	92.2800	-97.7000
5469.9397	92.3600	-110.4000
5561.6173	91.7900	-123.3000
5654.8313	90.5600	-132.8000
5749.6077	88.8900	-136.2000
5845.9725	87.3500	-133.5000
5943.9525	86.7500	-128.7000
6043.5746	87.0800	-126.4000
6144.8664	87.6000	-128.4000
6247.8558	87.9200	-133.2000
6352.5714	88.0600	-138.8000
6459.0421	88.1200	-144.9000
6567.2972	88.0800	-152.5000
6677.3667	87.7500	-161.3000
6789.2810	86.9400	-169.5000
6903.0710	85.7100	-174.3000
7018.7682	84.4500	-174.8000
7136.4045	83.6500	-173.7000
7256.0123	83.3000	-173.0000
7377.6249	83.2500	-173.2000
7501.2757	83.4700	-174.7000
7626.9989	83.8300	-179.0000
7754.8293	83.9700	173.4000
7884.8021	83.5900	164.3000
8016.9533	82.6800	157.4000
8151.3194	81.5000	154.7000
8287.9375	80.6200	155.6000
8426.8454	80.4700	156.6000
8568.0814	80.7900	154.7000
8711.6845	81.1600	149.2000
8857.6945	81.2800	141.2000
9006.1516	81.0700	131.9000
9157.0969	80.4900	123.2000
9310.5721	79.7600	115.7000
9466.6196	78.9500	108.9000
9625.2825	78.0700	102.9000
9786.6046	77.1200	99.0000
9950.6305	76.5300	96.6000
10117.4050	76.5700	92.7000
10286.9760	76.8000	84.0000
10459.3880	76.6500	71.6000
10634.6900	76.0100	58.3000
10812.9300	75.1100	44.6000
10994.1570	74.0400	28.7000
11178.4220	72.4500	11.6000
11365.7750	69.9800	-1.8000
11556.2680	66.6600	-7.6000
11749.9540	62.7800	1.3000
11946.8860	59.4500	25.5000
12147.1190	59.3800	49.6000
12350.7080	61.1400	57.1000
12557.7080	61.9300	46.1000
12768.1790	61.4300	31.6000
12982.1770	59.8400	23.2000
13199.7610	57.7900	22.2000
13420.9920	55.9100	28.5000
13645.9310	55.2400	38.5000
13874.6410	56.1400	46.3000
14107.1830	57.3900	45.6000
14343.6230	58.0800	37.7000
14584.0250	58.3600	27.1000
14828.4570	58.3400	14.9000
15076.9860	57.7000	3.4000
15329.6800	56.3200	-1.4000
15586.6090	54.6400	1.6000
15847.8440	54.1300	8.5000
16113.4580	54.7500	11.6000
16383.5240	55.2000	9.7000
16658.1150	55.5600	4.1000
16937.3100	55.8900	-3.6000
17221.1830	56.3700	-13.1000
17509.8140	56.2300	-25.9000
17803.2830	55.2700	-36.1000
18101.6700	53.7700	-42.3000
18405.0590	52.7000	-48.3000
18713.5320	51.8800	-61.1000
19027.1760	50.6700	-72.4000
19346.0760	49.4800	-77.9000
19670.3210	48.6500	-79.0000