"| "| "| "| "| Standardized FRD file, measured by OmniMic "1100200.omm" on 11/25/2013 by userID: 
"| "| "| "| "| Equivalent to driven with 2.83V and measured at 1m
"| "| "| "| "| Acoustic origin is 51.73useconds behind the mounting plane.
"| "| "| "| "| 
20.19895	73.55	82.6
20.53749	73.65	82.6
20.8817	73.75	82.5
21.23169	73.86	82.4
21.58753	73.98	82.3
21.94935	74.11	82.2
22.31722	74.24	82.1
22.69126	74.38	82
23.07158	74.53	81.8
23.45826	74.68	81.7
23.85143	74.85	81.6
24.25118	75.02	81.5
24.65764	75.2	81.3
25.07091	75.39	81.2
25.4911	75.6	81
25.91834	75.81	80.9
26.35274	76.04	80.7
26.79441	76.28	80.6
27.2435	76.53	80.4
27.7001	76.79	80.3
28.16436	77.06	80.1
28.63641	77.34	80
29.11636	77.62	79.8
29.60436	77.91	79.6
30.10053	78.21	79.4
30.60502	78.51	79.3
31.11797	78.8	79.1
31.63952	79.09	78.9
32.1698	79.38	78.7
32.70898	79.66	78.5
33.25719	79.93	78.3
33.81459	80.19	78.1
34.38133	80.43	77.9
34.95757	80.66	77.7
35.54346	80.88	77.5
36.13918	81.08	77.3
36.74488	81.26	77.1
37.36074	81.42	76.8
37.98691	81.57	76.6
38.62358	81.7	76.4
39.27092	81.81	76.2
39.92911	81.91	75.9
40.59833	81.99	75.7
41.27877	82.06	75.4
41.97061	82.11	75.2
42.67405	82.16	74.9
43.38928	82.2	74.7
44.11649	82.23	74.4
44.8559	82.27	74.2
45.60769	82.3	73.9
46.37209	82.35	73.6
47.1493	82.4	73.4
47.93953	82.47	73.1
48.74301	82.55	72.8
49.55995	82.64	72.5
50.39059	82.75	72.2
51.23515	82.86	71.9
52.09386	82.99	71.6
52.96697	83.12	71.3
53.85471	83.25	71
54.75733	83.4	70.7
55.67507	83.55	70.3
56.6082	83.7	70
57.55697	83.85	69.7
58.52164	84	69.4
59.50247	84.15	69
60.49975	84.29	68.7
61.51374	84.42	68.3
62.54472	84.54	68
63.59299	84.65	67.6
64.65882	84.75	67.2
65.74252	84.84	66.9
66.84438	84.92	66.5
67.96471	84.98	66.1
69.10382	85.04	65.7
70.26201	85.1	65.3
71.43962	85.16	64.9
72.63697	85.22	64.5
73.85438	85.3	64.1
75.0922	85.39	63.7
76.35076	85.49	63.3
77.63042	85.6	62.9
78.93152	85.72	62.5
80.25443	85.83	62.1
81.59952	85.94	61.7
82.96715	86.03	61.2
84.3577	86.11	60.8
85.77155	86.18	60.4
87.2091	86.24	60
88.67075	86.29	59.6
90.15689	86.34	59.2
91.66795	86.38	58.8
93.20432	86.43	58.4
94.76645	86.48	58
96.35476	86.54	57.7
97.96969	86.58	57.3
99.61168	86.63	57
101.2812	86.66	56.7
102.9787	86.67	56.5
104.70465	86.68	56.3
106.45952	86.75	56
108.24381	86.72	55.2
110.058	86.75	54.6
111.9026	86.88	54.1
113.77812	87.07	53.5
115.68507	87.23	53
117.62398	87.3	52.4
119.59538	87.31	51.8
121.59983	87.29	51.2
123.63787	87.27	50.6
125.71007	87.24	50
127.81701	87.16	49.4
129.95925	87.07	48.7
132.1374	87	48.1
134.35205	87.01	47.5
136.60383	87.09	46.8
138.89334	87.22	46.2
141.22123	87.32	45.6
143.58813	87.35	44.9
145.9947	87.36	44.2
148.44161	87.38	43.5
150.92953	87.45	42.8
153.45914	87.54	42.1
156.03116	87.59	41.4
158.64628	87.57	40.7
161.30523	87.5	40
164.00874	87.42	39.3
166.75757	87.34	38.6
169.55247	87.31	37.8
172.39421	87.35	37.1
175.28358	87.45	36.3
178.22137	87.53	35.6
181.2084	87.57	34.9
184.2455	87.58	34.1
187.3335	87.59	33.4
190.47326	87.62	32.5
193.66564	87.66	31.8
196.91152	87.69	31.1
200.2118	87.7	30.3
203.5674	87.7	29.5
206.97924	87.71	28.8
210.44827	87.72	28
213.97543	87.73	27.3
217.56171	87.74	26.5
221.2081	87.78	25.8
224.9156	87.81	25
228.68524	87.84	24.2
232.51806	87.85	23.5
236.41512	87.84	22.8
240.3775	87.82	22.1
244.40628	87.8	21.3
248.50259	87.78	20.6
252.66756	87.77	20
256.90233	87.77	19.3
261.20807	87.77	18.6
265.58598	87.75	18
270.03727	87.72	17.4
274.56316	87.7	16.8
279.16491	87.69	16.2
283.84378	87.69	15.7
288.60107	87.69	15.1
293.43809	87.71	14.6
298.35619	87.72	14.2
303.35671	87.74	13.7
308.44104	87.75	13.3
313.61059	87.74	13
318.86678	87.7	12.6
324.21107	87.64	12.3
329.64492	87.57	12
335.16985	87.51	11.8
340.78738	87.47	11.6
346.49906	87.45	11.5
352.30647	87.41	11.4
358.21121	87.38	11.3
364.21492	87.35	11.2
370.31925	87.33	11.2
376.5259	87.31	11.2
382.83656	87.27	11.3
389.253	87.23	11.3
395.77697	87.19	11.4
402.41029	87.16	11.5
409.15479	87.15	11.7
416.01232	87.14	11.7
422.98479	87.13	11.9
430.07412	87.13	12
437.28226	87.14	12.1
444.61122	87.15	12.2
452.06302	87.18	12.3
459.6397	87.21	12.4
467.34338	87.24	12.4
475.17617	87.27	12.4
483.14023	87.3	12.4
491.23778	87.34	12.4
499.47105	87.38	12.3
507.84231	87.43	12.2
516.35387	87.5	12
525.00808	87.57	12
533.80735	87.63	11.8
542.75409	87.71	11.7
551.85078	87.8	11.6
561.09994	87.88	11.4
570.50411	87.96	11.2
580.0659	88.04	10.8
589.78794	88.11	10.4
599.67293	88.16	10
609.7236	88.22	9.5
619.94272	88.25	9.1
630.33311	88.29	8.6
640.89765	88.32	8.2
651.63925	88.34	7.7
662.56088	88.36	7.2
673.66556	88.36	6.8
684.95636	88.36	6.4
696.4364	88.36	6.1
708.10884	88.35	5.8
719.97692	88.34	5.6
732.04391	88.33	5.5
744.31315	88.33	5.5
756.78802	88.34	5.5
769.47197	88.37	5.6
782.36851	88.42	5.8
795.4812	88.49	6
808.81366	88.59	6.1
822.36957	88.7	6.2
836.15269	88.84	6.2
850.16681	89	5.9
864.41582	89.17	5.5
878.90364	89.34	4.9
893.63428	89.51	4
908.61181	89.66	3
923.84036	89.8	1.7
939.32415	89.92	0.2
955.06746	89.99	-1.4
971.07462	90.03	-3.1
987.35007	90.02	-4.8
1003.8983	89.97	-6.4
1020.7239	89.88	-7.9
1037.8315	89.75	-9.2
1055.2258	89.6	-10.2
1072.9116	89.43	-10.9
1090.8939	89.26	-11.2
1109.1775	89.12	-11.1
1127.7676	89.02	-10.6
1146.6693	88.99	-10
1165.8877	89.02	-9.4
1185.4283	89.12	-8.9
1205.2964	89.29	-8.7
1225.4974	89.49	-8.9
1246.0371	89.69	-9.5
1266.9209	89.88	-10.6
1288.1549	90.04	-12
1309.7446	90.17	-13.7
1331.6963	90.24	-15.4
1354.0158	90.28	-17.3
1376.7095	90.28	-19
1399.7835	90.27	-20.7
1423.2442	90.24	-22.3
1447.0981	90.22	-23.9
1471.3518	90.19	-25.6
1496.012	90.17	-27.4
1521.0856	90.11	-29.4
1546.5793	90.02	-31.7
1572.5004	89.85	-34.1
1598.8559	89.6	-36.5
1625.6531	89.27	-38.5
1652.8994	88.85	-40
1680.6024	88.4	-40.5
1708.7697	87.96	-40.1
1737.4091	87.63	-38.9
1766.5285	87.45	-37.4
1796.136	87.42	-36.1
1826.2397	87.49	-35.5
1856.8479	87.57	-35.8
1887.9691	87.61	-36.6
1919.612	87.55	-37.8
1951.7851	87.42	-38.6
1984.4975	87.25	-39.1
2017.7582	87.1	-39
2051.5763	87.02	-38.7
2085.9612	87.02	-38.6
2120.9224	87.05	-39.1
2156.4696	87.03	-39.9
2192.6126	86.95	-40.9
2229.3613	86.79	-41.7
2266.7259	86.6	-41.8
2304.7168	86.45	-41.3
2343.3444	86.41	-40.5
2382.6195	86.48	-40.1
2422.5528	86.62	-40.2
2463.1553	86.75	-41.1
2504.4384	86.82	-42.4
2546.4134	86.82	-43.9
2589.0919	86.77	-45.4
2632.4858	86.68	-46.6
2676.6069	86.59	-47.9
2721.4674	86.47	-49.2
2767.0799	86.31	-50.4
2813.4568	86.09	-51.3
2860.6111	85.87	-51.7
2908.5556	85.7	-51.6
2957.3037	85.63	-51.5
3006.8689	85.64	-51.9
3057.2647	85.63	-53.1
3108.5052	85.51	-54.7
3160.6045	85.21	-56.2
3213.577	84.82	-56.6
3267.4374	84.4	-55.7
3322.2004	84.09	-53.8
3377.8813	83.94	-51.4
3434.4954	83.96	-48.8
3492.0584	84.11	-46.5
3550.5862	84.4	-44.6
3610.0949	84.78	-43.2
3670.6009	85.24	-42.6
3732.1211	85.76	-42.6
3794.6724	86.31	-43.7
3858.272	86.86	-45.9
3922.9376	87.33	-49.3
3988.687	87.67	-53.6
4055.5384	87.84	-58.8
4123.5102	87.75	-64.2
4192.6212	87.41	-69
4262.8906	86.86	-72.3
4334.3377	86.21	-73.6
4406.9822	85.63	-72.9
4480.8443	85.22	-70.4
4555.9444	85.12	-66.9
4632.3031	85.45	-63.2
4709.9417	86.14	-60.8
4788.8814	86.99	-60.3
4869.1443	87.87	-61.9
4950.7523	88.71	-64.9
5033.7281	89.5	-69.3
5118.0947	90.26	-74.9
5203.8752	90.99	-82
5291.0934	91.56	-91.4
5379.7734	91.77	-103.2
5469.9397	91.44	-115.8
5561.6173	90.53	-126.7
5654.8313	89.15	-133.5
5749.6077	87.56	-135.1
5845.9725	86.3	-132.1
5943.9525	85.92	-127.8
6043.5746	86.37	-126
6144.8664	87.04	-128.8
6247.8558	87.45	-135.6
6352.5714	87.4	-144.2
6459.0421	86.92	-152.2
6567.2972	86.13	-158.5
6677.3667	85.23	-162.8
6789.281	84.33	-165.2
6903.071	83.53	-165.7
7018.7682	83.09	-165.1
7136.4045	83.11	-165.2
7256.0123	83.38	-167.8
7377.6249	83.57	-173.7
7501.2757	83.41	178.3
7626.9989	82.76	170.5
7754.8293	81.68	166
7884.8021	80.59	165.2
8016.9533	79.94	165.7
8151.3194	79.68	165.8
8287.9375	79.78	165.7
8426.8454	80.26	163.5
8568.0814	80.8	157.6
8711.6845	81.03	147.7
8857.6945	80.79	136.5
9006.1516	80.12	125.7
9157.0969	79.04	116.7
9310.5721	77.69	111
9466.6196	76.35	109.3
9625.2825	75.52	110.2
9786.6046	75.61	110
9950.6305	76.22	104.7
10117.405	76.58	93.3
10286.976	76.28	78.8
10459.388	75.29	66.2
10634.69	74.03	57.2
10812.93	73.08	48.1
10994.157	72.33	35.2
11178.422	71.11	20.1
11365.775	69.08	6.9
11556.268	66.44	-2.3
11749.954	63.39	-4.5
11946.886	60.07	0.4
12147.119	57.16	10.6
12350.708	56.06	19.4
12557.708	56.06	21.5
12768.179	56.02	16
12982.177	55.02	8.7
13199.761	53	7.9
13420.992	50.35	17.7
13645.931	48.94	34.7
13874.641	49.9	49.6
14107.183	51.77	55.5
14343.623	53.28	51.7
14584.025	54.19	41.8
14828.457	54.29	28.9
15076.986	53.42	16.6
15329.68	51.62	12.9
15586.609	49.9	18.4
15847.844	50.04	25.8
16113.458	51.07	27.3
16383.524	51.66	24
16658.115	52.08	19.6
16937.31	52.74	13.2
17221.183	53.56	1.2
17509.814	53.54	-14.5
17803.283	52.48	-25.7
18101.67	50.37	-29.7
18405.059	48.53	-31.6
18713.532	47.68	-38.2
19027.176	47.17	-49.6
19346.076	46.25	-65.5
19670.321	44.9	-87.7
