20.1989	61.9800	127.8000
20.5375	63.1900	127.2000
20.8817	64.3400	126.7000
21.2317	65.3800	126.1000
21.5875	66.2400	125.5000
21.9493	66.8900	125.0000
22.3172	67.3400	124.4000
22.6913	67.6200	123.8000
23.0716	67.7900	123.2000
23.4583	67.9000	122.6000
23.8514	67.9900	122.1000
24.2512	68.0800	121.5000
24.6576	68.1900	120.9000
25.0709	68.3500	120.3000
25.4911	68.5500	119.7000
25.9183	68.8200	119.1000
26.3527	69.1400	118.5000
26.7944	69.5200	118.0000
27.2435	69.9300	117.4000
27.7001	70.3800	116.8000
28.1644	70.8300	116.2000
28.6364	71.2900	115.6000
29.1164	71.7700	115.0000
29.6044	72.2600	114.4000
30.1005	72.7700	113.8000
30.6050	73.2800	113.3000
31.1180	73.7800	112.7000
31.6395	74.2700	112.1000
32.1698	74.7400	111.5000
32.7090	75.2000	110.9000
33.2572	75.6400	110.3000
33.8146	76.0600	109.8000
34.3813	76.4400	109.2000
34.9576	76.7900	108.6000
35.5435	77.1000	108.0000
36.1392	77.3800	107.4000
36.7449	77.6300	106.8000
37.3607	77.8500	106.3000
37.9869	78.0100	105.7000
38.6236	78.1200	105.1000
39.2709	78.1800	104.5000
39.9291	78.2200	104.0000
40.5983	78.2200	103.4000
41.2788	78.2000	102.8000
41.9706	78.1600	102.2000
42.6741	78.0900	101.7000
43.3893	78.0000	101.1000
44.1165	77.9300	100.5000
44.8559	77.9400	99.9000
45.6077	78.1200	99.3000
46.3721	78.4800	98.8000
47.1493	78.8800	98.2000
47.9395	79.2500	97.6000
48.7430	79.5900	97.0000
49.5600	79.9100	96.5000
50.3906	80.2100	95.9000
51.2351	80.4700	95.3000
52.0939	80.7000	94.7000
52.9670	80.8900	94.2000
53.8547	81.0700	93.6000
54.7573	81.2500	93.0000
55.6751	81.4400	92.4000
56.6082	81.6500	91.9000
57.5570	81.8600	91.3000
58.5216	82.0600	90.7000
59.5025	82.2300	90.1000
60.4997	82.3900	89.6000
61.5137	82.5000	89.0000
62.5447	82.5600	88.4000
63.5930	82.5600	87.8000
64.6588	82.5300	87.2000
65.7425	82.5100	86.6000
66.8444	82.5300	86.0000
67.9647	82.6400	85.5000
69.1038	82.8600	84.9000
70.2620	83.1600	84.3000
71.4396	83.5100	83.7000
72.6370	83.8800	83.1000
73.8544	84.2200	82.5000
75.0922	84.5000	81.9000
76.3508	84.7100	81.3000
77.6304	84.8400	80.7000
78.9315	84.9000	80.1000
80.2544	84.8900	79.5000
81.5995	84.8400	78.8000
82.9672	84.7800	78.2000
84.3577	84.7600	77.6000
85.7716	84.8000	77.0000
87.2091	84.9700	76.4000
88.6707	85.2600	75.7000
90.1569	85.6300	75.1000
91.6680	85.9900	74.5000
93.2043	86.2900	73.8000
94.7665	86.4800	73.2000
96.3548	86.5700	72.5000
97.9697	86.5500	71.9000
99.6117	86.4800	71.2000
101.2812	86.4100	70.6000
102.9787	86.3700	69.9000
104.7047	86.3900	69.2000
106.4595	86.5000	68.6000
108.2438	86.6800	67.9000
110.0580	86.8800	67.2000
111.9026	87.0600	66.5000
113.7781	87.2000	65.8000
115.6851	87.2700	65.1000
117.6240	87.2600	64.4000
119.5954	87.1900	63.7000
121.5998	87.0900	63.0000
123.6379	87.0400	62.3000
125.7101	87.1000	61.6000
127.8170	87.2500	60.9000
129.9592	87.4300	60.1000
132.1374	87.5500	59.4000
134.3520	87.5700	58.7000
136.6038	87.5400	57.9000
138.8933	87.5100	57.2000
141.2212	87.5200	56.4000
143.5881	87.5900	55.6000
145.9947	87.6800	54.9000
148.4416	87.7900	54.1000
150.9295	87.9000	53.3000
153.4591	87.9700	52.6000
156.0312	87.9800	51.8000
158.6463	87.9400	51.0000
161.3052	87.9100	50.2000
164.0087	87.9500	49.4000
166.7576	88.0500	48.6000
169.5525	88.1300	47.8000
172.3942	88.1500	47.0000
175.2836	88.1400	46.1000
178.2214	88.1400	45.3000
181.2084	88.2000	44.5000
184.2455	88.2900	43.7000
187.3335	88.3600	42.8000
190.4733	88.4100	42.0000
193.6656	88.4300	41.2000
196.9115	88.4400	40.3000
200.2118	88.4600	39.5000
203.5674	88.5200	38.7000
206.9792	88.5700	37.9000
210.4483	88.5600	37.1000
213.9754	88.5300	36.3000
217.5617	88.5500	35.5000
221.2081	88.6400	34.6000
224.9156	88.7100	33.9000
228.6852	88.7000	33.1000
232.5181	88.6500	32.3000
236.4151	88.6500	31.5000
240.3775	88.7100	30.7000
244.4063	88.7400	29.9000
248.5026	88.6900	29.1000
252.6676	88.6400	28.4000
256.9023	88.7300	27.6000
261.2081	88.7700	26.9000
265.5860	88.6700	26.2000
270.0373	88.6000	25.4000
274.5632	88.6100	24.8000
279.1649	88.6700	24.1000
283.8438	88.6500	23.4000
288.6011	88.6200	22.7000
293.4381	88.6800	22.0000
298.3562	88.7200	21.4000
303.3567	88.6900	20.7000
308.4410	88.7300	20.1000
313.6106	88.8000	19.5000
318.8668	88.8000	19.0000
324.2111	88.7300	18.5000
329.6449	88.6900	18.0000
335.1698	88.6500	17.5000
340.7874	88.5900	17.0000
346.4991	88.5900	16.6000
352.3065	88.5800	16.2000
358.2112	88.5400	15.9000
364.2149	88.5200	15.6000
370.3193	88.5200	15.3000
376.5259	88.4800	15.0000
382.8366	88.4400	14.8000
389.2530	88.4200	14.5000
395.7770	88.4000	14.3000
402.4103	88.4000	14.2000
409.1548	88.3900	14.0000
416.0123	88.3700	13.9000
422.9848	88.3500	13.8000
430.0741	88.3200	13.7000
437.2823	88.3000	13.6000
444.6112	88.3000	13.4000
452.0630	88.3200	13.2000
459.6397	88.3400	13.0000
467.3434	88.3500	12.9000
475.1762	88.3600	12.7000
483.1402	88.3700	12.5000
491.2378	88.3700	12.2000
499.4710	88.3800	12.0000
507.8423	88.4000	11.8000
516.3539	88.4200	11.5000
525.0081	88.4400	11.3000
533.8074	88.4700	11.0000
542.7541	88.5000	10.6000
551.8508	88.5300	10.2000
561.0999	88.5600	9.8000
570.5041	88.5800	9.3000
580.0659	88.5900	8.8000
589.7879	88.6100	8.3000
599.6729	88.6200	7.7000
609.7236	88.6100	7.2000
619.9427	88.6000	6.7000
630.3331	88.5900	6.1000
640.8976	88.5700	5.7000
651.6392	88.5400	5.2000
662.5609	88.5100	4.8000
673.6656	88.4800	4.4000
684.9564	88.4500	4.1000
696.4364	88.4200	3.8000
708.1088	88.3900	3.7000
719.9769	88.3700	3.6000
732.0439	88.3500	3.6000
744.3131	88.3300	3.6000
756.7880	88.3300	3.7000
769.4720	88.3400	3.8000
782.3685	88.3700	3.9000
795.4812	88.4100	4.0000
808.8137	88.4600	4.1000
822.3696	88.5300	4.0000
836.1527	88.6000	3.9000
850.1668	88.6900	3.7000
864.4158	88.7800	3.4000
878.9036	88.8600	2.9000
893.6343	88.9400	2.3000
908.6118	89.0200	1.6000
923.8404	89.0700	0.7000
939.3242	89.1000	-0.2000
955.0675	89.1100	-1.2000
971.0746	89.0900	-2.1000
987.3501	89.0500	-3.1000
1003.8983	88.9800	-3.9000
1020.7239	88.8800	-4.6000
1037.8315	88.7700	-5.1000
1055.2258	88.6600	-5.4000
1072.9116	88.5500	-5.4000
1090.8939	88.4500	-5.1000
1109.1775	88.3900	-4.7000
1127.7676	88.3600	-4.1000
1146.6693	88.3900	-3.4000
1165.8877	88.4500	-2.8000
1185.4283	88.5600	-2.4000
1205.2964	88.7000	-2.3000
1225.4974	88.8400	-2.3000
1246.0371	88.9900	-2.7000
1266.9209	89.1200	-3.2000
1288.1549	89.2300	-3.8000
1309.7446	89.3200	-4.5000
1331.6963	89.4000	-5.1000
1354.0158	89.4700	-5.7000
1376.7095	89.5500	-6.1000
1399.7835	89.6600	-6.4000
1423.2442	89.7900	-6.8000
1447.0981	89.9600	-7.4000
1471.3518	90.1600	-8.2000
1496.0120	90.3700	-9.3000
1521.0856	90.5600	-10.9000
1546.5793	90.7400	-12.7000
1572.5004	90.8700	-14.8000
1598.8559	90.9500	-17.1000
1625.6531	90.9900	-19.3000
1652.8994	90.9800	-21.6000
1680.6024	90.9500	-23.7000
1708.7697	90.9000	-25.8000
1737.4091	90.8400	-27.9000
1766.5285	90.7800	-30.0000
1796.1360	90.6800	-32.3000
1826.2397	90.5500	-34.7000
1856.8479	90.3600	-37.1000
1887.9691	90.1100	-39.4000
1919.6120	89.8000	-41.5000
1951.7851	89.4400	-43.1000
1984.4975	89.0600	-44.2000
2017.7582	88.6900	-44.8000
2051.5763	88.3700	-45.1000
2085.9612	88.0800	-45.3000
2120.9224	87.8100	-45.4000
2156.4696	87.5400	-45.6000
2192.6126	87.2400	-45.6000
2229.3613	86.9100	-45.2000
2266.7259	86.6000	-44.2000
2304.7168	86.3500	-42.5000
2343.3444	86.2200	-40.5000
2382.6195	86.2200	-38.4000
2422.5528	86.3200	-36.6000
2463.1553	86.5000	-35.3000
2504.4384	86.7200	-34.3000
2546.4134	87.0100	-33.7000
2589.0919	87.3500	-33.5000
2632.4858	87.7600	-34.0000
2676.6069	88.1900	-35.6000
2721.4674	88.5600	-38.3000
2767.0799	88.8000	-41.9000
2813.4568	88.8600	-45.9000
2860.6111	88.7300	-49.7000
2908.5556	88.4800	-52.7000
2957.3037	88.2100	-54.6000
3006.8689	88.0200	-56.0000
3057.2647	87.9300	-57.5000
3108.5052	87.8700	-59.6000
3160.6045	87.7500	-62.3000
3213.5770	87.5300	-65.1000
3267.4374	87.2200	-67.7000
3322.2004	86.8500	-70.0000
3377.8813	86.4400	-71.9000
3434.4954	86.0100	-73.2000
3492.0584	85.6100	-74.0000
3550.5862	85.2900	-74.6000
3610.0949	85.0300	-75.8000
3670.6009	84.7000	-77.6000
3732.1211	84.2100	-79.6000
3794.6724	83.5600	-81.0000
3858.2720	82.8000	-81.3000
3922.9376	82.0100	-80.2000
3988.6870	81.2900	-77.6000
4055.5384	80.7200	-73.8000
4123.5102	80.3700	-69.4000
4192.6212	80.2000	-65.1000
4262.8906	80.1500	-60.8000
4334.3377	80.2700	-56.4000
4406.9822	80.6200	-52.4000
4480.8443	81.1400	-49.7000
4555.9444	81.6900	-48.3000
4632.3031	82.2500	-47.7000
4709.9417	82.8600	-48.3000
4788.8814	83.4300	-50.2000
4869.1443	83.8500	-53.3000
4950.7523	84.1100	-57.0000
5033.7281	84.1900	-61.2000
5118.0947	84.0200	-65.4000
5203.8752	83.6300	-68.3000
5291.0934	83.2000	-69.4000
5379.7734	82.9500	-69.2000
5469.9397	82.9200	-69.4000
5561.6173	82.9100	-71.4000
5654.8313	82.5600	-74.4000
5749.6077	81.7300	-75.7000
5845.9725	80.7800	-72.3000
5943.9525	80.3500	-65.1000
6043.5746	80.4900	-57.2000
6144.8664	81.1500	-49.2000
6247.8558	82.4500	-42.8000
6352.5714	84.1600	-40.0000
6459.0421	86.0100	-40.7000
6567.2972	87.9100	-44.7000
6677.3667	89.8500	-51.9000
6789.2810	91.7900	-63.8000
6903.0710	93.2600	-82.2000
7018.7682	93.5500	-105.2000
7136.4045	92.3500	-127.3000
7256.0123	90.0500	-142.4000
7377.6249	87.6100	-149.1000
7501.2757	85.5700	-150.1000
7626.9989	84.1900	-148.2000
7754.8293	83.2600	-147.4000
7884.8021	82.2600	-147.8000
8016.9533	80.7400	-146.4000
8151.3194	79.1600	-134.8000
8287.9375	79.8600	-115.7000
8426.8454	82.5500	-107.4000
8568.0814	85.4900	-110.2000
8711.6845	88.1900	-122.9000
8857.6945	89.9100	-144.1000
9006.1516	90.2000	-169.7000
9157.0969	89.0600	168.0000
9310.5721	86.6900	146.8000
9466.6196	83.7400	134.3000
9625.2825	80.3800	127.3000
9786.6046	76.5700	131.6000
9950.6305	74.5500	150.2000
10117.4050	75.0800	165.4000
10286.9760	76.7100	170.2000
10459.3880	78.4100	163.6000
10634.6900	78.8600	150.1000
10812.9300	78.3200	136.9000
10994.1570	76.9700	124.9000
11178.4220	74.6100	118.1000
11365.7750	72.2000	124.3000
11556.2680	71.6500	139.3000
11749.9540	73.6900	151.9000
11946.8860	77.3800	148.5000
12147.1190	80.5000	123.5000
12350.7080	80.4400	87.7000
12557.7080	77.7200	61.9000
12768.1790	74.6400	47.5000
12982.1770	71.2200	40.7000
13199.7610	68.3400	46.9000
13420.9920	67.5200	58.1000
13645.9310	68.6100	68.0000
13874.6410	71.3900	61.6000
14107.1830	72.7100	36.6000
14343.6230	71.0400	11.1000
14584.0250	67.9800	1.3000
14828.4570	65.6600	8.6000
15076.9860	67.2700	24.9000
15329.6800	71.7000	14.4000
15586.6090	73.9800	-24.6000
15847.8440	71.9000	-66.9000
16113.4580	66.8200	-91.7000
16383.5240	61.7200	-88.7000
16658.1150	59.2100	-72.5000
16937.3100	59.9500	-57.8000
17221.1830	62.6500	-57.8000
17509.8140	65.6000	-77.4000
17803.2830	66.1600	-114.5000
18101.6700	63.8500	-152.9000
18405.0590	60.4600	168.2000
18713.5320	58.5000	103.6000
19027.1760	61.0300	-1.5000
19346.0760	63.8800	-105.7000
19670.3210	63.1300	150.0000