20.19895	67.23	110.8
20.53749	67.44	110.3
20.8817	67.65	109.8
21.23169	67.84	109.4
21.58753	68.03	108.9
21.94935	68.2	108.4
22.31722	68.36	107.9
22.69126	68.5	107.4
23.07158	68.64	107
23.45826	68.78	106.5
23.85143	68.92	106
24.25118	69.09	105.5
24.65764	69.29	105.1
25.07091	69.53	104.6
25.4911	69.83	104.1
25.91834	70.19	103.6
26.35274	70.6	103.1
26.79441	71.06	102.7
27.2435	71.55	102.2
27.7001	72.08	101.7
28.16436	72.62	101.3
28.63641	73.18	100.8
29.11636	73.74	100.4
29.60436	74.3	99.9
30.10053	74.85	99.4
30.60502	75.4	99
31.11797	75.93	98.5
31.63952	76.46	98
32.1698	76.96	97.6
32.70898	77.44	97.1
33.25719	77.9	96.7
33.81459	78.32	96.2
34.38133	78.71	95.8
34.95757	79.05	95.3
35.54346	79.36	94.9
36.13918	79.62	94.4
36.74488	79.84	94
37.36074	80.01	93.5
37.98691	80.14	93.1
38.62358	80.21	92.6
39.27092	80.25	92.2
39.92911	80.25	91.7
40.59833	80.23	91.3
41.27877	80.21	90.8
41.97061	80.18	90.3
42.67405	80.16	89.9
43.38928	80.17	89.4
44.11649	80.2	89
44.8559	80.27	88.5
45.60769	80.36	88.1
46.37209	80.5	87.6
47.1493	80.67	87.2
47.93953	80.88	86.7
48.74301	81.11	86.3
49.55995	81.36	85.8
50.39059	81.6	85.3
51.23515	81.84	84.9
52.09386	82.07	84.4
52.96697	82.3	84
53.85471	82.55	83.5
54.75733	82.8	83
55.67507	83.07	82.6
56.6082	83.34	82.1
57.55697	83.6	81.6
58.52164	83.84	81.1
59.50247	84.04	80.7
60.49975	84.19	80.2
61.51374	84.29	79.7
62.54472	84.33	79.2
63.59299	84.33	78.7
64.65882	84.32	78.2
65.74252	84.34	77.7
66.84438	84.45	77.2
67.96471	84.65	76.7
69.10382	84.95	76.2
70.26201	85.32	75.7
71.43962	85.69	75.2
72.63697	86.02	74.7
73.85438	86.29	74.2
75.0922	86.49	73.7
76.35076	86.6	73.1
77.63042	86.63	72.6
78.93152	86.6	72.1
80.25443	86.52	71.5
81.59952	86.43	71
82.96715	86.36	70.4
84.3577	86.37	69.9
85.77155	86.53	69.3
87.2091	86.82	68.8
88.67075	87.2	68.2
90.15689	87.57	67.7
91.66795	87.87	67.1
93.20432	88.05	66.5
94.76645	88.09	65.9
96.35476	88.03	65.3
97.96969	87.91	64.7
99.61168	87.78	64.1
101.2812	87.71	63.5
102.9787	87.71	62.9
104.70465	87.81	62.3
106.45952	87.99	61.6
108.24381	88.2	61
110.058	88.38	60.4
111.9026	88.5	59.7
113.77812	88.55	59.1
115.68507	88.52	58.4
117.62398	88.4	57.8
119.59538	88.25	57.1
121.59983	88.16	56.4
123.63787	88.21	55.8
125.71007	88.39	55.1
127.81701	88.57	54.4
129.95925	88.67	53.7
132.1374	88.65	53
134.35205	88.55	52.3
136.60383	88.45	51.6
138.89334	88.42	50.9
141.22123	88.47	50.1
143.58813	88.56	49.4
145.9947	88.68	48.7
148.44161	88.81	47.9
150.92953	88.87	47.2
153.45914	88.83	46.4
156.03116	88.71	45.7
158.64628	88.62	44.9
161.30523	88.64	44.1
164.00874	88.75	43.4
166.75757	88.84	42.6
169.55247	88.84	41.8
172.39421	88.76	41
175.28358	88.69	40.2
178.22137	88.72	39.4
181.2084	88.82	38.7
184.2455	88.9	37.9
187.3335	88.95	37.1
190.47326	88.96	36.3
193.66564	88.92	35.5
196.91152	88.92	34.7
200.2118	88.98	33.9
203.5674	89.08	33.1
206.97924	89.09	32.3
210.44827	88.99	31.5
213.97543	88.95	30.8
217.56171	89.03	30
221.2081	89.17	29.3
224.9156	89.19	28.5
228.68524	89.11	27.8
232.51806	89.02	27
236.41512	89.04	26.3
240.3775	89.21	25.6
244.40628	89.19	24.9
248.50259	88.95	24.2
252.66756	89	23.5
256.90233	89.16	22.9
261.20807	89.13	22.2
265.58598	88.98	21.5
270.03727	88.87	21
274.56316	88.92	20.3
279.16491	89	19.8
283.84378	88.89	19.2
288.60107	88.86	18.6
293.43809	88.99	18.1
298.35619	88.98	17.6
303.35671	88.92	17.1
308.44104	88.98	16.6
313.61059	89.08	16.1
318.86678	89.07	15.7
324.21107	88.96	15.3
329.64492	88.96	15
335.16985	88.9	14.6
340.78738	88.84	14.3
346.49906	88.88	14.1
352.30647	88.88	13.8
358.21121	88.82	13.6
364.21492	88.84	13.4
370.31925	88.85	13.3
376.5259	88.8	13.2
382.83656	88.79	13
389.253	88.75	13
395.77697	88.74	12.9
402.41029	88.78	12.9
409.15479	88.76	12.8
416.01232	88.74	12.8
422.98479	88.73	12.8
430.07412	88.71	12.7
437.28226	88.7	12.7
444.61122	88.7	12.7
452.06302	88.7	12.6
459.6397	88.7	12.5
467.34338	88.7	12.4
475.17617	88.67	12.3
483.14023	88.64	12.3
491.23778	88.62	12.3
499.47105	88.61	12.2
507.84231	88.62	12.1
516.35387	88.64	12.1
525.00808	88.66	12
533.80735	88.69	11.8
542.75409	88.72	11.7
551.85078	88.76	11.5
561.09994	88.8	11.2
570.50411	88.85	11
580.0659	88.9	10.7
589.78794	88.94	10.3
599.67293	88.99	10
609.7236	89.03	9.6
619.94272	89.07	9.2
630.33311	89.11	8.8
640.89765	89.15	8.4
651.63925	89.19	8
662.56088	89.22	7.6
673.66556	89.26	7.2
684.95636	89.3	6.8
696.4364	89.35	6.4
708.10884	89.38	6.1
719.97692	89.42	5.7
732.04391	89.46	5.4
744.31315	89.5	5.1
756.78802	89.54	4.8
769.47197	89.59	4.4
782.36851	89.64	4.1
795.4812	89.7	3.7
808.81366	89.76	3.3
822.36957	89.83	2.9
836.15269	89.9	2.4
850.16681	89.97	1.8
864.41582	90.04	1.2
878.90364	90.11	0.5
893.63428	90.17	-0.3
908.61181	90.23	-1.1
923.84036	90.28	-2.1
939.32415	90.32	-3
955.06746	90.35	-4
971.07462	90.36	-5
987.35007	90.35	-6
1003.8983	90.34	-7
1020.7239	90.31	-7.9
1037.8315	90.28	-8.8
1055.2258	90.24	-9.6
1072.9116	90.21	-10.3
1090.8939	90.18	-10.9
1109.1775	90.16	-11.5
1127.7676	90.15	-12.1
1146.6693	90.16	-12.7
1165.8877	90.17	-13.4
1185.4283	90.19	-14.3
1205.2964	90.21	-15.2
1225.4974	90.22	-16.3
1246.0371	90.21	-17.5
1266.9209	90.17	-18.7
1288.1549	90.1	-20
1309.7446	90	-21.1
1331.6963	89.88	-22.1
1354.0158	89.74	-22.8
1376.7095	89.6	-23.3
1399.7835	89.47	-23.5
1423.2442	89.39	-23.4
1447.0981	89.35	-23.3
1471.3518	89.36	-23.2
1496.012	89.42	-23.2
1521.0856	89.52	-23.5
1546.5793	89.63	-24.1
1572.5004	89.73	-25.1
1598.8559	89.81	-26.3
1625.6531	89.87	-27.6
1652.8994	89.9	-29.1
1680.6024	89.91	-30.5
1708.7697	89.92	-32.1
1737.4091	89.92	-33.6
1766.5285	89.91	-35.4
1796.136	89.89	-37.3
1826.2397	89.84	-39.5
1856.8479	89.75	-41.8
1887.9691	89.58	-44.2
1919.612	89.35	-46.5
1951.7851	89.07	-48.5
1984.4975	88.74	-50.2
2017.7582	88.41	-51.4
2051.5763	88.09	-52.4
2085.9612	87.79	-53.2
2120.9224	87.51	-53.9
2156.4696	87.23	-54.7
2192.6126	86.93	-55.4
2229.3613	86.6	-55.9
2266.7259	86.27	-56.1
2304.7168	85.98	-55.9
2343.3444	85.74	-55.5
2382.6195	85.56	-55.2
2422.5528	85.42	-55.3
2463.1553	85.28	-55.7
2504.4384	85.09	-56.5
2546.4134	84.85	-57.3
2589.0919	84.55	-58.1
2632.4858	84.2	-58.8
2676.6069	83.79	-59.3
2721.4674	83.32	-59.5
2767.0799	82.76	-59.3
2813.4568	82.13	-58.3
2860.6111	81.47	-56.1
2908.5556	80.83	-52.5
2957.3037	80.31	-47.6
3006.8689	79.99	-41.3
3057.2647	79.96	-34.3
3108.5052	80.29	-27.4
3160.6045	80.95	-21.5
3213.577	81.83	-17.7
3267.4374	82.76	-16.1
3322.2004	83.62	-16.2
3377.8813	84.34	-17.5
3434.4954	84.91	-19.3
3492.0584	85.38	-21.4
3550.5862	85.78	-23.4
3610.0949	86.14	-25.4
3670.6009	86.51	-27.6
3732.1211	86.86	-30.2
3794.6724	87.16	-33.4
3858.272	87.35	-37.1
3922.9376	87.41	-41.1
3988.687	87.31	-44.9
4055.5384	87.03	-48.1
4123.5102	86.63	-50
4192.6212	86.26	-49.9
4262.8906	86.15	-48.4
4334.3377	86.37	-47.1
4406.9822	86.79	-47.4
4480.8443	87.17	-49.3
4555.9444	87.42	-51.9
4632.3031	87.6	-54.5
4709.9417	87.78	-57.2
4788.8814	87.93	-60.3
4869.1443	88.04	-63.5
4950.7523	88.14	-67.2
5033.7281	88.14	-71.5
5118.0947	87.99	-76
5203.8752	87.69	-79.9
5291.0934	87.34	-83.1
5379.7734	86.97	-85.6
5469.9397	86.62	-87.4
5561.6173	86.3	-88.8
5654.8313	86.03	-89.6
5749.6077	85.93	-90.1
5845.9725	85.95	-91.5
5943.9525	85.88	-94
6043.5746	85.58	-96.1
6144.8664	85.26	-96
6247.8558	85.3	-94.4
6352.5714	85.84	-94
6459.0421	86.56	-96.8
6567.2972	87.12	-102.5
6677.3667	87.45	-109.4
6789.281	87.55	-118.4
6903.071	86.95	-128.3
7018.7682	85.71	-134.3
7136.4045	84.65	-135.2
7256.0123	83.99	-134.7
7377.6249	83.56	-133.8
7501.2757	83.34	-132
7626.9989	83.54	-129.5
7754.8293	84.22	-128.9
7884.8021	85.2	-130.8
8016.9533	86.39	-137.3
8151.3194	87.14	-149.5
8287.9375	86.89	-163.7
8426.8454	85.73	-173.7
8568.0814	84.7	-177.1
8711.6845	84.33	173.6
8857.6945	84.06	176.7
9006.1516	84.14	173.2
9157.0969	84.32	166.7
9310.5721	84.28	159.4
9466.6196	84.39	152.3
9625.2825	84.62	141.7
9786.6046	84.27	127.9
9950.6305	83.28	115.2
10117.405	81.89	105.2
10286.976	80.46	99
10459.388	79.32	95.9
10634.69	78.7	94.5
10812.93	78.81	91.9
10994.157	79.12	84.4
11178.422	79.43	74.5
11365.775	79.41	58.9
11556.268	78.23	43.2
11749.954	76.57	32.6
11946.886	74.97	26.9
12147.119	74.05	24.5
12350.708	73.69	20.3
12557.708	73.65	14.2
12768.179	73.38	2.3
12982.177	72.11	-6
13199.761	71.62	-11
13420.992	71.01	-18.8
13645.931	70.37	-24.2
13874.641	70.16	-29.8
14107.183	70.18	-39.5
14343.623	69.34	-52.2
14584.025	67.55	-57.2
14828.457	67.53	-56.6
15076.986	67.58	-67.3
15329.68	66.73	-75.8
15586.609	66.15	-79.3
15847.844	66.97	-84.4
16113.458	67.56	-102
16383.524	66.7	-124.7
16658.115	64.02	-140.6
16937.31	61.15	-145.7
17221.183	58.47	-139.7
17509.814	58.29	-114.1
17803.283	62.57	-130.3
18101.67	62.62	-168.3
18405.059	59.48	169.9
18713.532	56.25	165
19027.176	54.55	166.3
19346.076	53.81	168.7
19670.321	54.17	168.9
