19.8660	79.9900	164.1000
20.1989	80.2300	162.6000
20.5375	80.4800	161.0000
20.8817	80.7400	159.4000
21.2317	81.0100	157.7000
21.5875	81.2700	156.0000
21.9493	81.5100	154.4000
22.3172	81.7200	152.7000
22.6913	81.9200	151.1000
23.0716	82.1100	149.5000
23.4583	82.3000	147.9000
23.8514	82.4900	146.4000
24.2512	82.6800	144.8000
24.6576	82.8700	143.3000
25.0709	83.0500	141.8000
25.4911	83.2300	140.4000
25.9183	83.4100	139.0000
26.3527	83.5800	137.6000
26.7944	83.7600	136.3000
27.2435	83.9500	135.0000
27.7001	84.1300	133.6000
28.1644	84.3000	132.2000
28.6364	84.4700	130.7000
29.1164	84.6300	129.3000
29.6044	84.8000	127.9000
30.1005	84.9700	126.6000
30.6050	85.1400	125.3000
31.1180	85.3200	124.0000
31.6395	85.4900	122.7000
32.1698	85.6700	121.4000
32.7090	85.8400	120.0000
33.2572	86.0200	118.7000
33.8146	86.1900	117.3000
34.3813	86.3500	116.0000
34.9576	86.5200	114.6000
35.5435	86.7000	113.2000
36.1392	86.8800	111.9000
36.7449	87.0600	110.4000
37.3607	87.2400	108.9000
37.9869	87.4100	107.4000
38.6236	87.5800	105.8000
39.2709	87.7400	104.2000
39.9291	87.8900	102.6000
40.5983	88.0400	101.0000
41.2788	88.1800	99.4000
41.9706	88.3100	97.7000
42.6741	88.4400	96.0000
43.3893	88.5600	94.3000
44.1165	88.6700	92.5000
44.8559	88.7700	90.8000
45.6077	88.8300	89.0000
46.3721	88.8800	87.4000
47.1493	88.9100	85.8000
47.9395	88.9300	84.4000
48.7430	88.9700	83.1000
49.5600	89.0200	81.9000
50.3906	89.0800	80.6000
51.2351	89.1300	79.2000
52.0939	89.1700	77.8000
52.9670	89.1900	76.5000
53.8547	89.1900	75.3000
54.7573	89.2000	74.2000
55.6751	89.2400	73.3000
56.6082	89.2900	72.2000
57.5570	89.3300	70.9000
58.5216	89.3100	69.5000
59.5025	89.2100	68.3000
60.4997	89.1400	68.0000
61.5137	89.1500	68.3000
62.5447	89.2600	68.3000
63.5930	89.4000	67.9000
64.6588	89.5200	67.1000
65.7425	89.6300	66.3000
66.8444	89.7200	65.3000
67.9647	89.8100	64.4000
69.1038	89.8800	63.5000
70.2620	89.9600	62.6000
71.4396	90.0300	61.7000
72.6370	90.1000	60.8000
73.8544	90.1600	59.9000
75.0922	90.2300	59.1000
76.3508	90.3000	58.2000
77.6304	90.3800	57.3000
78.9315	90.4600	56.4000
80.2544	90.5300	55.4000
81.5995	90.6000	54.5000
82.9672	90.6600	53.4000
84.3577	90.7100	52.3000
85.7716	90.7500	51.3000
87.2091	90.7700	50.3000
88.6707	90.8000	49.4000
90.1569	90.8300	48.5000
91.6680	90.8600	47.6000
93.2043	90.9000	46.7000
94.7665	90.9300	45.7000
96.3548	90.9500	44.7000
97.9697	90.9600	43.8000
99.6117	90.9600	42.8000
101.2812	90.9400	42.0000
102.9787	90.9200	41.2000
104.7047	90.9000	40.7000
106.4595	90.9100	40.2000
108.2438	90.9300	39.7000
110.0580	90.9800	39.1000
111.9026	91.0400	38.4000
113.7781	91.0900	37.4000
115.6851	91.1100	36.2000
117.6240	91.0800	35.0000
119.5954	90.9900	34.0000
121.5998	90.9000	33.5000
123.6379	90.8400	33.2000
125.7101	90.8100	33.0000
127.8170	90.8000	32.8000
129.9592	90.8000	32.5000
132.1374	90.8000	32.2000
134.3520	90.8100	31.9000
136.6038	90.8300	31.6000
138.8933	90.8500	31.3000
141.2212	90.8800	30.9000
143.5881	90.9100	30.4000
145.9947	90.9400	29.9000
148.4416	90.9700	29.4000
150.9295	90.9900	28.9000
153.4591	91.0100	28.3000
156.0312	91.0200	27.6000
158.6463	91.0100	26.9000
161.3052	90.9900	26.3000
164.0087	90.9400	25.7000
166.7576	90.8800	25.4000
169.5525	90.8400	25.1000
172.3942	90.8100	25.0000
175.2836	90.7900	25.0000
178.2214	90.7900	25.0000
181.2084	90.8000	25.0000
184.2455	90.8500	24.9000
187.3335	90.9100	24.7000
190.4733	90.9600	24.3000
193.6656	91.0000	23.8000
196.9115	91.0200	23.3000
200.2118	91.0400	22.8000
203.5674	91.0400	22.3000
206.9792	91.0400	21.8000
210.4483	91.0300	21.4000
213.9754	91.0400	21.0000
217.5617	91.0500	20.6000
221.2081	91.0500	20.2000
224.9156	91.0500	19.6000
228.6852	91.0200	19.0000
232.5181	90.9700	18.5000
236.4151	90.9100	18.2000
240.3775	90.8600	18.0000
244.4063	90.8200	17.9000
248.5026	90.7900	17.7000
252.6676	90.7600	17.6000
256.9023	90.7300	17.4000
261.2081	90.7000	17.3000
265.5860	90.6700	17.3000
270.0373	90.6500	17.4000
274.5632	90.6400	17.4000
279.1649	90.6400	17.5000
283.8438	90.6500	17.5000
288.6011	90.6700	17.5000
293.4381	90.7000	17.5000
298.3562	90.7500	17.4000
303.3567	90.8000	17.0000
308.4410	90.8200	16.4000
313.6106	90.8100	15.7000
318.8668	90.7500	15.2000
324.2111	90.6800	14.8000
329.6449	90.5900	14.7000
335.1698	90.5200	14.7000
340.7874	90.4700	14.9000
346.4991	90.4400	15.0000
352.3065	90.4200	15.2000
358.2112	90.4100	15.3000
364.2149	90.4000	15.4000
370.3193	90.3800	15.4000
376.5259	90.3500	15.4000
382.8366	90.3100	15.6000
389.2530	90.2700	15.9000
395.7770	90.2700	16.3000
402.4103	90.2900	16.8000
409.1548	90.3500	17.2000
416.0123	90.4200	17.4000
422.9848	90.4900	17.4000
430.0741	90.5500	17.2000
437.2823	90.6000	17.1000
444.6112	90.6700	17.0000
452.0630	90.7400	16.6000
459.6397	90.7800	15.9000
467.3434	90.7800	15.1000
475.1762	90.7200	14.3000
483.1402	90.6200	13.7000
491.2378	90.4800	13.4000
499.4710	90.3400	13.2000
507.8423	90.2100	13.2000
516.3539	90.0900	13.5000
525.0081	89.9800	14.0000
533.8074	89.9100	14.5000
542.7541	89.9000	15.0000
551.8508	89.9100	15.1000
561.0999	89.8600	14.7000
570.5041	89.7100	14.8000
580.0659	89.5600	15.8000
589.7879	89.5700	17.6000
599.6729	89.8000	18.8000
609.7236	90.0700	18.7000
619.9427	90.2600	17.5000
630.3331	90.3100	15.7000
640.8976	90.1900	14.2000
651.6392	90.0000	13.8000
662.5609	89.8800	14.2000
673.6656	89.8700	14.6000
684.9564	89.8800	14.4000
696.4364	89.8500	14.2000
708.1088	89.8200	14.3000
719.9769	89.8600	14.6000
732.0439	89.9700	14.7000
744.3131	90.1400	14.0000
756.7880	90.2500	12.3000
769.4720	90.1900	10.1000
782.3685	89.9800	8.5000
795.4812	89.7700	7.5000
808.8137	89.5400	6.0000
822.3696	89.0900	4.5000
836.1527	88.3700	5.1000
850.1668	87.7600	9.3000
864.4158	87.7600	14.4000
878.9036	88.1200	16.8000
893.6343	88.3100	16.7000
908.6118	88.2400	16.8000
923.8404	88.1500	18.1000
939.3242	88.1500	19.5000
955.0675	88.1700	20.8000
971.0746	88.1900	22.4000
987.3501	88.3200	24.3000
1003.8983	88.5900	25.8000
1020.7239	88.8400	25.8000
1037.8315	88.9300	25.7000
1055.2258	89.0100	26.4000
1072.9116	89.1800	26.8000
1090.8939	89.3000	26.3000
1109.1775	89.2200	25.9000
1127.7676	89.0400	27.1000
1146.6693	89.0200	29.7000
1165.8877	89.2700	32.7000
1185.4283	89.7800	34.9000
1205.2964	90.3800	35.2000
1225.4974	90.8700	33.7000
1246.0371	91.1300	31.4000
1266.9209	91.2000	29.7000
1288.1549	91.2300	28.9000
1309.7446	91.3300	28.5000
1331.6963	91.5000	27.8000
1354.0158	91.6200	26.5000
1376.7095	91.6300	25.0000
1399.7835	91.5100	24.3000
1423.2442	91.4400	25.0000
1447.0981	91.5800	25.9000
1471.3518	91.8500	26.1000
1496.0120	92.1300	25.5000
1521.0856	92.4100	24.1000
1546.5793	92.6000	22.0000
1572.5004	92.6900	19.7000
1598.8559	92.6900	17.4000
1625.6531	92.6200	15.1000
1652.8994	92.4400	12.9000
1680.6024	92.1600	11.3000
1708.7697	91.8400	10.5000
1737.4091	91.5300	10.8000
1766.5285	91.3400	11.7000
1796.1360	91.3100	12.6000
1826.2397	91.3900	12.7000
1856.8479	91.4400	11.8000
1887.9691	91.3600	10.4000
1919.6120	91.1400	9.3000
1951.7851	90.8100	9.0000
1984.4975	90.5000	9.6000
2017.7582	90.2500	10.9000
2051.5763	90.1100	12.5000
2085.9612	90.0600	13.9000
2120.9224	90.0700	14.9000
2156.4696	90.0200	15.4000
2192.6126	89.8500	16.0000
2229.3613	89.6300	17.7000
2266.7259	89.4800	20.5000
2304.7168	89.5100	24.0000
2343.3444	89.7500	27.6000
2382.6195	90.1800	30.6000
2422.5528	90.7500	32.7000
2463.1553	91.3700	33.6000
2504.4384	92.0000	33.3000
2546.4134	92.5700	31.8000
2589.0919	93.0000	29.3000
2632.4858	93.2600	26.5000
2676.6069	93.3900	24.0000
2721.4674	93.4700	21.8000
2767.0799	93.5100	19.9000
2813.4568	93.5100	18.1000
2860.6111	93.4700	16.6000
2908.5556	93.3800	15.5000
2957.3037	93.3100	15.1000
3006.8689	93.2900	15.2000
3057.2647	93.3600	15.8000
3108.5052	93.6000	16.7000
3160.6045	94.0600	17.2000
3213.5770	94.6900	16.4000
3267.4374	95.3600	13.6000
3322.2004	95.8800	8.7000
3377.8813	96.1600	2.6000
3434.4954	96.1900	-4.0000
3492.0584	95.9800	-10.5000
3550.5862	95.5200	-16.7000
3610.0949	94.8200	-21.7000
3670.6009	93.9100	-24.7000
3732.1211	93.0300	-25.1000
3794.6724	92.4100	-24.4000
3858.2720	91.9600	-24.2000
3922.9376	91.5000	-24.1000
3988.6870	91.0600	-22.9000
4055.5384	90.8600	-21.3000
4123.5102	90.8500	-20.9000
4192.6212	90.7700	-21.7000
4262.8906	90.5300	-22.2000
4334.3377	90.3800	-21.5000
4406.9822	90.5000	-21.3000
4480.8443	90.7100	-23.5000
4555.9444	90.6000	-27.7000
4632.3031	90.0800	-31.0000
4709.9417	89.4400	-31.8000
4788.8814	88.9600	-31.2000
4869.1443	88.6600	-30.5000
4950.7523	88.5200	-30.1000
5033.7281	88.5000	-30.6000
5118.0947	88.4800	-32.5000
5203.8752	88.3000	-35.6000
5291.0934	87.8800	-38.7000
5379.7734	87.3300	-40.7000
5469.9397	86.7900	-42.3000
5561.6173	86.1400	-43.4000
5654.8313	85.4900	-43.1000
5749.6077	85.0300	-42.2000
5845.9725	84.6800	-41.6000
5943.9525	84.4700	-41.3000
6043.5746	84.2900	-42.6000
6144.8664	83.8300	-44.2000
6247.8558	83.2300	-43.5000
6352.5714	83.0400	-41.8000
6459.0421	83.0500	-42.2000
6567.2972	83.0400	-44.0000
6677.3667	83.0000	-47.2000
6789.2810	82.7300	-52.1000
6903.0710	82.1300	-56.4000
7018.7682	81.5300	-60.5000
7136.4045	80.6300	-65.1000
7256.0123	79.4500	-67.4000
7377.6249	78.2100	-68.1000
7501.2757	76.8700	-66.0000
7626.9989	75.8900	-60.8000
7754.8293	75.6100	-55.6000
7884.8021	76.0200	-52.7000
8016.9533	76.8200	-55.3000
8151.3194	77.3200	-64.5000
8287.9375	77.1500	-78.4000
8426.8454	76.0300	-93.8000
8568.0814	74.0700	-107.4000
8711.6845	71.1900	-115.9000
8857.6945	67.5600	-114.1000
9006.1516	63.5900	-97.0000
9157.0969	60.8200	-60.8000
9310.5721	61.4600	-40.9000
9466.6196	62.5700	-40.8000
9625.2825	62.3400	-47.3000
9786.6046	61.1400	-50.8000
9950.6305	59.1800	-49.4000
10117.4050	56.8500	-40.1000
10286.9760	54.9700	-22.9000
10459.3880	54.5900	-3.6000
10634.6900	55.7100	12.8000
10812.9300	57.6300	23.0000
10994.1570	59.1700	25.2000
11178.4220	60.3200	23.7000
11365.7750	60.9000	20.2000
11556.2680	60.9900	16.1000
11749.9540	60.7900	14.8000
11946.8860	60.8900	14.6000
12147.1190	61.1200	11.3000
12350.7080	60.8100	5.8000
12557.7080	59.5800	4.9000
12768.1790	58.6600	9.8000
12982.1770	58.1300	13.1000
13199.7610	58.0200	15.4000
13420.9920	58.1800	13.4000
13645.9310	57.8600	8.4000
13874.6410	56.5100	6.7000
14107.1830	54.5200	12.1000
14343.6230	52.7200	24.9000
14584.0250	52.4800	40.1000
14828.4570	53.4000	49.9000
15076.9860	54.4400	59.9000
15329.6800	56.0400	65.7000
15586.6090	56.8700	65.4000
15847.8440	57.8000	60.3000
16113.4580	57.6300	50.9000
16383.5240	56.3500	41.9000
16658.1150	53.8700	43.0000
16937.3100	51.9200	55.1000
17221.1830	51.0700	65.4000
17509.8140	50.7800	68.9000
17803.2830	50.0700	57.9000
18101.6700	48.2300	31.0000
18405.0590	46.0500	-32.2000
18713.5320	46.8900	-137.8000
19027.1760	48.1900	166.7000
19346.0760	47.9600	140.1000
19670.3210	47.5200	139.1000
20000.0000	47.9500	141.2000