20.19895	68.54	98.6
20.53749	68.67	98.3
20.8817	68.8	98
21.23169	68.94	97.6
21.58753	69.09	97.3
21.94935	69.24	97
22.31722	69.41	96.6
22.69126	69.58	96.3
23.07158	69.76	96
23.45826	69.96	95.6
23.85143	70.17	95.3
24.25118	70.39	95
24.65764	70.63	94.6
25.07091	70.89	94.3
25.4911	71.18	94
25.91834	71.49	93.6
26.35274	71.83	93.3
26.79441	72.2	92.9
27.2435	72.58	92.6
27.7001	72.99	92.3
28.16436	73.42	91.9
28.63641	73.86	91.6
29.11636	74.32	91.3
29.60436	74.78	91
30.10053	75.24	90.6
30.60502	75.69	90.3
31.11797	76.14	90
31.63952	76.57	89.6
32.1698	76.99	89.3
32.70898	77.41	89
33.25719	77.83	88.6
33.81459	78.24	88.3
34.38133	78.63	88
34.95757	78.99	87.6
35.54346	79.32	87.3
36.13918	79.62	87
36.74488	79.87	86.6
37.36074	80.08	86.3
37.98691	80.24	86
38.62358	80.37	85.6
39.27092	80.46	85.3
39.92911	80.52	84.9
40.59833	80.54	84.6
41.27877	80.54	84.2
41.97061	80.53	83.9
42.67405	80.52	83.5
43.38928	80.51	83.2
44.11649	80.53	82.8
44.8559	80.58	82.5
45.60769	80.67	82.1
46.37209	80.79	81.8
47.1493	80.95	81.4
47.93953	81.13	81.1
48.74301	81.32	80.7
49.55995	81.51	80.3
50.39059	81.7	79.9
51.23515	81.87	79.6
52.09386	82.04	79.2
52.96697	82.21	78.8
53.85471	82.38	78.4
54.75733	82.56	78.1
55.67507	82.74	77.7
56.6082	82.93	77.3
57.55697	83.12	76.9
58.52164	83.29	76.5
59.50247	83.43	76.1
60.49975	83.56	75.7
61.51374	83.64	75.3
62.54472	83.67	74.9
63.59299	83.66	74.5
64.65882	83.63	74.1
65.74252	83.6	73.6
66.84438	83.62	73.2
67.96471	83.71	72.8
69.10382	83.88	72.3
70.26201	84.14	71.9
71.43962	84.44	71.5
72.63697	84.74	71
73.85438	85.02	70.6
75.0922	85.23	70.1
76.35076	85.38	69.6
77.63042	85.44	69.2
78.93152	85.44	68.7
80.25443	85.37	68.2
81.59952	85.26	67.8
82.96715	85.13	67.3
84.3577	85.03	66.8
85.77155	85.01	66.3
87.2091	85.1	65.8
88.67075	85.31	65.3
90.15689	85.6	64.8
91.66795	85.89	64.3
93.20432	86.12	63.7
94.76645	86.24	63.2
96.35476	86.25	62.7
97.96969	86.18	62.1
99.61168	86.05	61.6
101.2812	85.92	61
102.9787	85.83	60.4
104.70465	85.82	59.9
106.45952	85.9	59.3
108.24381	86.04	58.7
110.058	86.21	58.1
111.9026	86.36	57.5
113.77812	86.46	56.9
115.68507	86.48	56.3
117.62398	86.44	55.7
119.59538	86.3	55.1
121.59983	86.14	54.5
123.63787	86.02	53.9
125.71007	86.02	53.2
127.81701	86.11	52.6
129.95925	86.23	51.9
132.1374	86.27	51.3
134.35205	86.25	50.6
136.60383	86.17	50
138.89334	86.1	49.3
141.22123	86.09	48.6
143.58813	86.13	47.9
145.9947	86.2	47.2
148.44161	86.29	46.5
150.92953	86.38	45.8
153.45914	86.42	45.1
156.03116	86.4	44.4
158.64628	86.33	43.7
161.30523	86.27	43
164.00874	86.28	42.3
166.75757	86.34	41.5
169.55247	86.38	40.8
172.39421	86.37	40
175.28358	86.31	39.3
178.22137	86.29	38.6
181.2084	86.34	37.8
184.2455	86.41	37.1
187.3335	86.47	36.3
190.47326	86.5	35.6
193.66564	86.51	34.8
196.91152	86.51	34.1
200.2118	86.52	33.3
203.5674	86.57	32.6
206.97924	86.61	31.8
210.44827	86.59	31.1
213.97543	86.54	30.4
217.56171	86.55	29.7
221.2081	86.64	28.9
224.9156	86.71	28.2
228.68524	86.7	27.5
232.51806	86.65	26.8
236.41512	86.65	26.1
240.3775	86.7	25.5
244.40628	86.72	24.8
248.50259	86.65	24.1
252.66756	86.58	23.5
256.90233	86.68	22.9
261.20807	86.71	22.3
265.58598	86.59	21.7
270.03727	86.51	21.1
274.56316	86.51	20.6
279.16491	86.57	20.1
283.84378	86.55	19.6
288.60107	86.48	19.1
293.43809	86.52	18.7
298.35619	86.52	18.3
303.35671	86.46	17.9
308.44104	86.49	17.5
313.61059	86.6	17.2
318.86678	86.62	16.9
324.21107	86.55	16.7
329.64492	86.49	16.5
335.16985	86.43	16.3
340.78738	86.38	16.2
346.49906	86.37	16.1
352.30647	86.36	16.1
358.21121	86.3	16.1
364.21492	86.27	16.1
370.31925	86.25	16.2
376.5259	86.22	16.3
382.83656	86.2	16.4
389.253	86.18	16.6
395.77697	86.14	16.7
402.41029	86.14	16.9
409.15479	86.15	17.1
416.01232	86.16	17.3
422.98479	86.16	17.5
430.07412	86.16	17.8
437.28226	86.17	18
444.61122	86.19	18.2
452.06302	86.22	17.8
459.6397	86.24	17.3
467.34338	86.27	16.9
475.17617	86.26	16.4
483.14023	86.23	15.8
491.23778	86.24	15.3
499.47105	86.27	14.7
507.84231	86.31	14.1
516.35387	86.35	13.5
525.00808	86.41	12.8
533.80735	86.47	12.1
542.75409	86.54	11.3
551.85078	86.62	10.5
561.09994	86.69	9.6
570.50411	86.78	8.6
580.0659	86.86	7.6
589.78794	86.95	6.5
599.67293	87.03	5.3
609.7236	87.1	4.1
619.94272	87.17	2.9
630.33311	87.24	1.7
640.89765	87.31	0.4
651.63925	87.37	-0.9
662.56088	87.43	-2.2
673.66556	87.49	-3.6
684.95636	87.54	-4.9
696.4364	87.61	-6.2
708.10884	87.67	-6.8
719.97692	87.73	-7.5
732.04391	87.81	-8.1
744.31315	87.89	-8.7
756.78802	87.98	-9.3
769.47197	88.07	-10
782.36851	88.18	-10.7
795.4812	88.3	-11.5
808.81366	88.42	-12.3
822.36957	88.55	-13.4
836.15269	88.69	-14.6
850.16681	88.82	-16
864.41582	88.95	-17.4
878.90364	89.06	-19.2
893.63428	89.15	-21.1
908.61181	89.22	-23.2
923.84036	89.25	-25.3
939.32415	89.24	-27.7
955.06746	89.19	-30
971.07462	89.08	-32.3
987.35007	88.92	-34.5
1003.8983	88.7	-36.5
1020.7239	88.43	-38.1
1037.8315	88.11	-39.2
1055.2258	87.77	-39.8
1072.9116	87.43	-39.7
1090.8939	87.13	-38.7
1109.1775	86.93	-37
1127.7676	86.88	-34.8
1146.6693	86.99	-32.6
1165.8877	87.28	-30.7
1185.4283	87.69	-29.5
1205.2964	88.18	-29.4
1225.4974	88.69	-30.2
1246.0371	89.17	-32.1
1266.9209	89.59	-34.5
1288.1549	89.93	-37.5
1309.7446	90.19	-40.8
1331.6963	90.36	-44.4
1354.0158	90.46	-47.9
1376.7095	90.49	-51.3
1399.7835	90.46	-54.5
1423.2442	90.41	-57.4
1447.0981	90.35	-60.2
1471.3518	90.31	-62.7
1496.012	90.28	-65.2
1521.0856	90.27	-67.8
1546.5793	90.27	-70.7
1572.5004	90.26	-73.8
1598.8559	90.22	-77.3
1625.6531	90.13	-81
1652.8994	89.98	-84.9
1680.6024	89.77	-88.8
1708.7697	89.48	-92.7
1737.4091	89.13	-96.4
1766.5285	88.72	-100
1796.136	88.25	-103.3
1826.2397	87.74	-106.3
1856.8479	87.17	-109
1887.9691	86.56	-111.3
1919.612	85.92	-113.1
1951.7851	85.26	-114.3
1984.4975	84.6	-114.8
2017.7582	83.97	-114.8
2051.5763	83.38	-114.5
2085.9612	82.83	-114
2120.9224	82.27	-113.2
2156.4696	81.69	-111.9
2192.6126	81.1	-109.9
2229.3613	80.56	-106.8
2266.7259	80.17	-102.5
2304.7168	80.01	-97.6
2343.3444	80.08	-92.9
2382.6195	80.34	-88.7
2422.5528	80.76	-85
2463.1553	81.33	-82.2
2504.4384	82.03	-80.5
2546.4134	82.78	-80.3
2589.0919	83.49	-81.8
2632.4858	84.06	-84.2
2676.6069	84.46	-87.2
2721.4674	84.71	-90
2767.0799	84.89	-92.1
2813.4568	85.09	-93.6
2860.6111	85.35	-94.8
2908.5556	85.73	-95.9
2957.3037	86.22	-97.4
3006.8689	86.84	-99.7
3057.2647	87.52	-103.4
3108.5052	88.16	-108.7
3160.6045	88.63	-115.3
3213.577	88.88	-122.5
3267.4374	88.95	-129.5
3322.2004	88.94	-136.2
3377.8813	88.88	-143
3434.4954	88.73	-150.5
3492.0584	88.31	-158.5
3550.5862	87.52	-165.8
3610.0949	86.46	-170.5
3670.6009	85.48	-171.6
3732.1211	84.96	-170.9
3794.6724	84.82	-171.6
3858.272	84.7	-174.4
3922.9376	84.37	-177.8
3988.687	83.83	179
4055.5384	83.08	177.1
4123.5102	82.24	178.1
4192.6212	81.75	-177.1
4262.8906	81.98	-171.8
4334.3377	82.57	-168.5
4406.9822	83.42	-164.7
4480.8443	85.2	-162.3
4555.9444	87.6	-167.7
4632.3031	89.59	178.3
4709.9417	90.63	158.4
4788.8814	90.54	136.8
4869.1443	89.29	116.4
4950.7523	87.03	100.4
5033.7281	84.13	91.5
5118.0947	80.9	90.9
5203.8752	78.04	105.4
5291.0934	78.64	126.4
5379.7734	80.74	130.9
5469.9397	82.35	127
5561.6173	83.65	119.1
5654.8313	84.52	107.2
5749.6077	84.79	92.4
5845.9725	84.12	76.4
5943.9525	82.41	63.8
6043.5746	80.3	58.5
6144.8664	78.33	59.9
6247.8558	77.33	70.3
6352.5714	78.53	78.3
6459.0421	80.36	74.9
6567.2972	81.56	62.6
6677.3667	81.41	48.8
6789.281	80.76	42
6903.071	81.02	36.7
7018.7682	81.33	26.1
7136.4045	80.96	13.5
7256.0123	79.86	4.2
7377.6249	79.22	2.1
7501.2757	79.48	-3.2
7626.9989	79.27	-7.8
7754.8293	80.56	-7.4
7884.8021	83.25	-20.4
8016.9533	85.03	-46.9
8151.3194	85.01	-79.9
8287.9375	82.74	-110.3
8426.8454	79.56	-125.2
8568.0814	77.55	-134.5
8711.6845	75.74	-136.5
8857.6945	76.58	-140.8
9006.1516	77.34	-158.1
9157.0969	77.46	177.5
9310.5721	75.93	148.3
9466.6196	73.09	122.1
9625.2825	66.6	105
9786.6046	64.88	136.9
9950.6305	64.69	138.4
10117.405	66.41	153.3
10286.976	72.91	143.7
10459.388	75.81	94.5
10634.69	74.18	49.2
10812.93	70.81	13.6
10994.157	64.79	-9.3
11178.422	59.92	14.4
11365.775	61.2	3.3
11556.268	61.52	54.9
11749.954	68.71	-10.1
11946.886	63.22	-90.6
12147.119	44.68	7.7
12350.708	49.12	132.6
12557.708	65.23	45.5
12768.179	68.77	-18.1
12982.177	65.57	-76.2
13199.761	58.1	-57.2
13420.992	66.94	-70.4
13645.931	63.74	-132.1
13874.641	64.34	-99.1
14107.183	67.15	-159.8
14343.623	64.29	166.6
14584.025	61.86	130.9
14828.457	57.81	113.7
15076.986	53.19	107.8
15329.68	56.72	125.9
15586.609	58.93	98
15847.844	58.92	59.7
16113.458	55.78	46.4
16383.524	56.81	29.8
16658.115	57.63	14.1
16937.31	57.46	-23.5
17221.183	56.89	-27.8
17509.814	56.25	-71
17803.283	53.23	-100
18101.67	49.56	-77.3
18405.059	53.01	-115.2
18713.532	57.82	-168.5
19027.176	51.25	107.5
19346.076	42.76	59.6
19670.321	41.74	61.4
