20.19895	42.44	162
20.53749	42.64	161.7
20.8817	42.81	161.4
21.23169	42.94	161.1
21.58753	43.01	160.8
21.94935	43	160.5
22.31722	42.89	160.2
22.69126	42.69	159.9
23.07158	42.37	159.6
23.45826	41.92	159.3
23.85143	41.35	158.9
24.25118	40.78	158.6
24.65764	40.46	158.3
25.07091	40.5	158
25.4911	41.07	157.6
25.91834	41.96	157.3
26.35274	42.98	157
26.79441	43.98	156.6
27.2435	44.89	156.3
27.7001	45.67	155.9
28.16436	46.35	155.5
28.63641	46.98	155.2
29.11636	47.67	154.8
29.60436	48.51	154.4
30.10053	49.49	154.1
30.60502	50.48	153.7
31.11797	51.33	153.3
31.63952	52.05	152.9
32.1698	52.65	152.5
32.70898	53.19	152.1
33.25719	53.7	151.7
33.81459	54.23	151.3
34.38133	54.78	150.9
34.95757	55.33	150.5
35.54346	55.82	150.1
36.13918	56.22	149.6
36.74488	56.57	149.2
37.36074	56.87	148.8
37.98691	57.16	148.3
38.62358	57.43	147.9
39.27092	57.66	147.5
39.92911	57.79	147
40.59833	57.84	146.6
41.27877	57.85	146.1
41.97061	57.85	145.6
42.67405	57.84	145.2
43.38928	57.82	144.7
44.11649	57.8	144.3
44.8559	57.78	143.8
45.60769	57.79	143.3
46.37209	57.88	142.8
47.1493	58.07	142.4
47.93953	58.4	141.9
48.74301	58.82	141.4
49.55995	59.29	140.9
50.39059	59.77	140.4
51.23515	60.24	139.9
52.09386	60.71	139.4
52.96697	61.18	138.9
53.85471	61.67	138.4
54.75733	62.17	137.9
55.67507	62.68	137.4
56.6082	63.18	136.8
57.55697	63.67	136.3
58.52164	64.15	135.8
59.50247	64.58	135.3
60.49975	64.95	134.7
61.51374	65.24	134.2
62.54472	65.47	133.7
63.59299	65.65	133.1
64.65882	65.8	132.6
65.74252	65.97	132
66.84438	66.2	131.5
67.96471	66.53	131
69.10382	66.98	130.4
70.26201	67.5	129.9
71.43962	68.06	129.3
72.63697	68.59	128.8
73.85438	69.06	128.2
75.0922	69.45	127.6
76.35076	69.75	127.1
77.63042	69.97	126.5
78.93152	70.11	125.9
80.25443	70.2	125.3
81.59952	70.26	124.8
82.96715	70.35	124.2
84.3577	70.5	123.6
85.77155	70.8	123
87.2091	71.25	122.4
88.67075	71.82	121.8
90.15689	72.43	121.2
91.66795	72.99	120.6
93.20432	73.45	120
94.76645	73.78	119.4
96.35476	74	118.8
97.96969	74.17	118.2
99.61168	74.33	117.5
101.2812	74.53	116.9
102.9787	74.82	116.3
104.70465	75.2	115.6
106.45952	75.64	115
108.24381	76.11	114.3
110.058	76.56	113.7
111.9026	76.97	113
113.77812	77.33	112.3
115.68507	77.64	111.7
117.62398	77.9	111
119.59538	78.13	110.3
121.59983	78.4	109.6
123.63787	78.75	108.9
125.71007	79.19	108.2
127.81701	79.66	107.5
129.95925	80.09	106.8
132.1374	80.43	106.1
134.35205	80.72	105.4
136.60383	80.99	104.6
138.89334	81.31	103.9
141.22123	81.66	103.1
143.58813	82.01	102.4
145.9947	82.35	101.6
148.44161	82.65	100.8
150.92953	82.89	100
153.45914	83.05	99.2
156.03116	83.16	98.4
158.64628	83.25	97.6
161.30523	83.35	96.8
164.00874	83.46	95.9
166.75757	83.56	95.1
169.55247	83.63	94.2
172.39421	83.66	93.4
175.28358	83.69	92.5
178.22137	83.74	91.6
181.2084	83.78	90.8
184.2455	83.78	89.9
187.3335	83.74	88.9
190.47326	83.69	88
193.66564	83.62	87.1
196.91152	83.55	86.2
200.2118	83.49	85.2
203.5674	83.43	84.3
206.97924	83.37	83.3
210.44827	83.35	82.3
213.97543	83.34	81.4
217.56171	83.31	80.4
221.2081	83.24	79.4
224.9156	83.19	78.4
228.68524	83.17	77.4
232.51806	83.18	76.4
236.41512	83.18	75.3
240.3775	83.18	74.3
244.40628	83.22	73.3
248.50259	83.26	72.2
252.66756	83.28	71.2
256.90233	83.26	70.2
261.20807	83.25	69.1
265.58598	83.3	68.1
270.03727	83.37	67.1
274.56316	83.4	66.1
279.16491	83.42	65
283.84378	83.46	64
288.60107	83.49	63
293.43809	83.5	62
298.35619	83.53	61
303.35671	83.6	60.1
308.44104	83.64	59.1
313.61059	83.64	58.2
318.86678	83.64	57.3
324.21107	83.67	56.4
329.64492	83.69	55.5
335.16985	83.7	54.7
340.78738	83.73	53.9
346.49906	83.73	53.1
352.30647	83.72	52.3
358.21121	83.72	51.6
364.21492	83.73	51
370.31925	83.72	50.3
376.5259	83.72	49.8
382.83656	83.71	49.2
389.253	83.69	48.7
395.77697	83.69	48.3
402.41029	83.68	47.9
409.15479	83.65	47.5
416.01232	83.63	47.2
422.98479	83.62	47
430.07412	83.6	46.8
437.28226	83.58	46.6
444.61122	83.55	46.5
452.06302	83.54	46.5
459.6397	83.52	46.4
467.34338	83.5	46.4
475.17617	83.41	46.5
483.14023	83.31	46.7
491.23778	83.24	47
499.47105	83.19	47.3
507.84231	83.17	47.7
516.35387	83.18	48
525.00808	83.21	48.4
533.80735	83.27	48.7
542.75409	83.35	49
551.85078	83.45	49.1
561.09994	83.57	49.2
570.50411	83.71	49.2
580.0659	83.85	49
589.78794	84.01	48.7
599.67293	84.17	48.3
609.7236	84.3	47.8
619.94272	84.41	47.2
630.33311	84.51	46.7
640.89765	84.6	46.1
651.63925	84.68	45.5
662.56088	84.74	45
673.66556	84.8	44.5
684.95636	84.85	44
696.4364	84.88	43.7
708.10884	84.92	43.4
719.97692	84.96	43.1
732.04391	84.99	42.9
744.31315	85.04	42.8
756.78802	85.09	42.7
769.47197	85.15	42.7
782.36851	85.22	42.6
795.4812	85.3	42.6
808.81366	85.39	42.4
822.36957	85.49	42.2
836.15269	85.59	41.9
850.16681	85.69	41.5
864.41582	85.78	41
878.90364	85.86	40.4
893.63428	85.93	39.7
908.61181	85.96	39.1
923.84036	85.98	38.4
939.32415	85.97	37.7
955.06746	85.96	37.1
971.07462	85.93	36.7
987.35007	85.9	36.2
1003.8983	85.85	35.8
1020.7239	85.8	35.6
1037.8315	85.75	35.4
1055.2258	85.69	35.3
1072.9116	85.64	35.3
1090.8939	85.59	35.5
1109.1775	85.56	35.8
1127.7676	85.55	36.2
1146.6693	85.58	36.6
1165.8877	85.63	36.9
1185.4283	85.71	37
1205.2964	85.78	36.9
1225.4974	85.86	36.6
1246.0371	85.9	36.1
1266.9209	85.92	35.5
1288.1549	85.9	34.9
1309.7446	85.83	34.3
1331.6963	85.73	34
1354.0158	85.61	33.9
1376.7095	85.49	34.2
1399.7835	85.39	34.8
1423.2442	85.33	35.6
1447.0981	85.32	36.5
1471.3518	85.35	37.2
1496.012	85.42	37.7
1521.0856	85.48	37.9
1546.5793	85.5	37.8
1572.5004	85.47	37.7
1598.8559	85.36	37.6
1625.6531	85.19	38
1652.8994	84.98	39.1
1680.6024	84.79	41.1
1708.7697	84.7	44
1737.4091	84.76	47.3
1766.5285	85	50.5
1796.136	85.38	53.1
1826.2397	85.83	54.9
1856.8479	86.3	56
1887.9691	86.74	56.4
1919.612	87.16	56.5
1951.7851	87.57	56.4
1984.4975	88	55.9
2017.7582	88.42	55
2051.5763	88.83	53.4
2085.9612	89.16	51.1
2120.9224	89.35	48.4
2156.4696	89.39	45.6
2192.6126	89.26	43.4
2229.3613	89.03	42.4
2266.7259	88.83	42.7
2304.7168	88.78	44.1
2343.3444	88.96	45.6
2382.6195	89.31	46.3
2422.5528	89.69	45.7
2463.1553	90	44.1
2504.4384	90.19	42.2
2546.4134	90.3	40.6
2589.0919	90.4	39.2
2632.4858	90.53	37.7
2676.6069	90.67	35.7
2721.4674	90.72	33
2767.0799	90.6	30
2813.4568	90.26	27.6
2860.6111	89.8	26.8
2908.5556	89.39	27.9
2957.3037	89.26	30.2
3006.8689	89.39	31.9
3057.2647	89.62	32.2
3108.5052	89.76	31.4
3160.6045	89.76	30.6
3213.577	89.72	30.5
3267.4374	89.76	30.9
3322.2004	89.86	30.9
3377.8813	89.96	30.8
3434.4954	90.06	31
3492.0584	90.29	31.4
3550.5862	90.7	31
3610.0949	91.14	28.7
3670.6009	91.37	24.7
3732.1211	91.29	20.5
3794.6724	90.97	17.3
3858.272	90.56	15.5
3922.9376	90.18	14.9
3988.687	89.87	14.9
4055.5384	89.62	15.4
4123.5102	89.47	16.3
4192.6212	89.45	17.1
4262.8906	89.5	17.2
4334.3377	89.51	17
4406.9822	89.52	17
4480.8443	89.66	16.9
4555.9444	89.88	15.5
4632.3031	89.95	12.9
4709.9417	89.82	10.5
4788.8814	89.67	8.7
4869.1443	89.52	6.7
4950.7523	89.27	4.5
5033.7281	88.96	2.5
5118.0947	88.59	0.6
5203.8752	88.09	-1.2
5291.0934	87.45	-2.2
5379.7734	86.78	-1.9
5469.9397	86.17	-0.5
5561.6173	85.64	1.3
5654.8313	85.09	3.8
5749.6077	84.63	7.8
5845.9725	84.47	12.6
5943.9525	84.56	17.1
6043.5746	84.88	21
6144.8664	85.42	23.4
6247.8558	86	23.9
6352.5714	86.54	22.8
6459.0421	86.97	20.1
6567.2972	87.17	15.9
6677.3667	87	11.1
6789.281	86.47	7.3
6903.071	85.71	5.5
7018.7682	84.93	6.3
7136.4045	84.45	8.7
7256.0123	84.22	11
7377.6249	84.18	12.6
7501.2757	84.16	12.8
7626.9989	84.03	12.1
7754.8293	83.69	10.9
7884.8021	83.07	10.8
8016.9533	82.41	12.8
8151.3194	81.91	16.2
8287.9375	81.6	19.7
8426.8454	81.34	23.3
8568.0814	81.19	28.1
8711.6845	81.41	32.8
8857.6945	81.8	36
9006.1516	82.31	37.5
9157.0969	82.63	36.3
9310.5721	82.5	35.1
9466.6196	82.29	36.1
9625.2825	82.35	37.2
9786.6046	82.36	37.3
9950.6305	82.34	37.4
10117.405	82.28	37.4
10286.976	82.18	37.4
10459.388	82	37.6
10634.69	81.73	38.3
10812.93	81.45	39.8
10994.157	81.21	41.6
11178.422	81.03	43.9
11365.775	81.17	46.2
11556.268	81.41	46.7
11749.954	81.56	45.7
11946.886	81.24	44
12147.119	80.51	45
12350.708	79.84	49.3
12557.708	79.66	56.3
12768.179	80.21	60.5
12982.177	80.47	61.4
13199.761	80.42	62.5
13420.992	80.03	65
13645.931	79.88	71.6
13874.641	80.34	78.1
14107.183	81.17	83.7
14343.623	82.54	86.2
14584.025	83.67	82.4
14828.457	84.08	77.9
15076.986	84.43	75.1
15329.68	84.75	72.3
15586.609	84.97	68.5
15847.844	84.88	64.7
16113.458	84.66	63.4
16383.524	84.96	61.9
16658.115	85.17	56.6
16937.31	84.52	50.4
17221.183	83.54	50.7
17509.814	83.11	53
17803.283	82.89	54.5
18101.67	82.7	56
18405.059	82.72	57.9
18713.532	82.88	59.6
19027.176	83.14	61.7
19346.076	83.73	62.2
19670.321	84.09	60.4
