19.8660	74.5800	170.6000
20.1989	74.8500	169.1000
20.5375	75.1100	167.8000
20.8817	75.4000	166.6000
21.2317	75.6900	165.3000
21.5875	75.9700	164.1000
21.9493	76.2300	162.8000
22.3172	76.4300	161.4000
22.6913	76.6200	159.9000
23.0716	76.7900	158.5000
23.4583	76.9800	157.3000
23.8514	77.1800	156.4000
24.2512	77.3800	155.6000
24.6576	77.5900	154.8000
25.0709	77.8100	153.7000
25.4911	78.0300	152.2000
25.9183	78.2600	150.6000
26.3527	78.4800	149.1000
26.7944	78.7100	148.1000
27.2435	78.9400	147.2000
27.7001	79.1500	146.3000
28.1644	79.3200	145.1000
28.6364	79.4800	143.6000
29.1164	79.6300	142.1000
29.6044	79.8200	140.7000
30.1005	80.0300	139.3000
30.6050	80.2500	137.9000
31.1180	80.4800	136.5000
31.6395	80.7100	135.1000
32.1698	80.9300	133.7000
32.7090	81.1000	132.5000
33.2572	81.2500	131.4000
33.8146	81.4200	130.4000
34.3813	81.6200	129.4000
34.9576	81.8400	128.4000
35.5435	82.1000	127.1000
36.1392	82.4100	125.7000
36.7449	82.6800	124.2000
37.3607	82.9000	122.8000
37.9869	83.0900	121.4000
38.6236	83.2600	120.2000
39.2709	83.4100	119.2000
39.9291	83.6100	118.0000
40.5983	83.8500	116.7000
41.2788	84.0500	115.4000
41.9706	84.2000	114.3000
42.6741	84.3600	113.2000
43.3893	84.5500	112.3000
44.1165	84.7300	111.0000
44.8559	84.8700	108.9000
45.6077	84.9700	107.5000
46.3721	85.0200	106.9000
47.1493	85.1000	106.4000
47.9395	85.2700	105.9000
48.7430	85.3700	105.0000
49.5600	85.4300	103.0000
50.3906	85.5500	101.4000
51.2351	85.6700	100.0000
52.0939	85.6000	99.0000
52.9670	85.5700	98.0000
53.8547	85.6600	96.7000
54.7573	85.7900	96.2000
55.6751	85.9500	95.8000
56.6082	86.1100	94.8000
57.5570	86.3100	93.7000
58.5216	86.5600	92.5000
59.5025	86.8600	91.3000
60.4997	87.0200	90.0000
61.5137	87.0900	88.7000
62.5447	87.2900	88.0000
63.5930	87.4600	87.1000
64.6588	87.6000	86.0000
65.7425	87.7800	85.3000
66.8444	87.8500	84.2000
67.9647	87.9100	83.4000
69.1038	87.9700	82.8000
70.2620	88.0900	81.3000
71.4396	88.1600	80.4000
72.6370	88.2300	79.1000
73.8544	88.3100	77.8000
75.0922	88.3900	76.9000
76.3508	88.5400	76.3000
77.6304	88.7300	74.8000
78.9315	88.8600	73.7000
80.2544	88.9600	72.6000
81.5995	89.1100	71.9000
82.9672	89.2900	70.8000
84.3577	89.3100	69.1000
85.7716	89.3500	68.1000
87.2091	89.4500	67.2000
88.6707	89.5500	66.1000
90.1569	89.6700	65.3000
91.6680	89.7300	64.0000
93.2043	89.8400	62.8000
94.7665	89.9300	61.2000
96.3548	89.9100	59.6000
97.9697	89.8100	58.1000
99.6117	89.9300	57.6000
101.2812	89.9700	57.5000
102.9787	90.1200	56.4000
104.7047	90.1600	55.3000
106.4595	90.1600	55.2000
108.2438	90.2000	54.4000
110.0580	90.2700	53.7000
111.9026	90.3600	52.6000
113.7781	90.5800	51.4000
115.6851	90.5300	49.7000
117.6240	90.5400	48.3000
119.5954	90.5100	47.6000
121.5998	90.6300	47.4000
123.6379	90.6900	46.7000
125.7101	90.7200	46.2000
127.8170	90.7300	45.1000
129.9592	90.7300	44.6000
132.1374	90.8200	43.9000
134.3520	90.8500	42.6000
136.6038	90.9100	41.8000
138.8933	91.0300	40.9000
141.2212	91.1300	39.7000
143.5881	91.1700	38.8000
145.9947	91.1600	38.2000
148.4416	91.1600	37.5000
150.9295	91.1500	36.5000
153.4591	91.2100	35.3000
156.0312	91.3700	35.0000
158.6463	91.4200	33.5000
161.3052	91.4200	32.4000
164.0087	91.3400	31.3000
166.7576	91.2600	30.2000
169.5525	91.2400	29.5000
172.3942	91.2000	29.5000
175.2836	91.2500	29.1000
178.2214	91.3500	28.7000
181.2084	91.4600	28.3000
184.2455	91.4600	27.5000
187.3335	91.4700	26.6000
190.4733	91.5000	25.2000
193.6656	91.5600	24.0000
196.9115	91.6000	23.2000
200.2118	91.5500	22.4000
203.5674	91.4700	21.9000
206.9792	91.4300	21.6000
210.4483	91.4800	21.1000
213.9754	91.5100	20.6000
217.5617	91.5800	20.0000
221.2081	91.6600	19.4000
224.9156	91.6900	18.2000
228.6852	91.7300	17.0000
232.5181	91.8000	16.0000
236.4151	91.7400	15.1000
240.3775	91.6700	14.1000
244.4063	91.5500	12.9000
248.5026	91.5300	12.3000
252.6676	91.5900	11.6000
256.9023	91.5700	10.6000
261.2081	91.4000	10.0000
265.5860	91.2700	9.8000
270.0373	91.3100	10.0000
274.5632	91.3400	9.6000
279.1649	91.3700	8.6000
283.8438	91.4000	7.5000
288.6011	91.3300	7.2000
293.4381	91.2800	7.1000
298.3562	91.2400	6.5000
303.3567	91.2300	5.7000
308.4410	91.2700	5.1000
313.6106	91.3000	4.8000
318.8668	91.3100	3.7000
324.2111	91.1900	2.2000
329.6449	90.9800	1.8000
335.1698	90.9000	1.7000
340.7874	90.9400	1.3000
346.4991	90.8500	1.3000
352.3065	90.6800	1.2000
358.2112	90.6100	0.7000
364.2149	90.5300	0.7000
370.3193	90.5100	1.2000
376.5259	90.3800	1.7000
382.8366	90.3800	2.7000
389.2530	90.3800	3.2000
395.7770	90.4800	3.4000
402.4103	90.5400	5.0000
409.1548	90.7400	7.1000
416.0123	91.2400	7.6000
422.9848	91.9500	5.1000
430.0741	92.1000	1.7000
437.2823	91.9900	-1.2000
444.6112	91.8700	-2.8000
452.0630	91.8700	-3.9000
459.6397	91.9000	-5.3000
467.3434	91.7300	-6.6000
475.1762	91.5800	-8.2000
483.1402	91.4800	-8.2000
491.2378	91.4000	-0.4000
499.4710	90.9600	-2.2000
507.8423	90.4400	-3.9000
516.3539	89.6000	-4.8000
525.0081	88.5700	-1.4000
533.8074	88.1500	6.5000
542.7541	88.6400	13.2000
551.8508	89.4700	15.7000
561.0999	90.1300	14.7000
570.5041	90.4400	12.4000
580.0659	90.5600	10.7000
589.7879	90.6300	9.4000
599.6729	90.6900	8.2000
609.7236	90.7000	6.5000
619.9427	90.5400	5.2000
630.3331	90.3400	5.1000
640.8976	90.3000	5.9000
651.6392	90.4000	6.5000
662.5609	90.6700	6.2000
673.6656	90.8900	4.3000
684.9564	90.9700	1.7000
696.4364	90.8900	-1.8000
708.1088	90.4600	-5.4000
719.9769	89.7100	-6.9000
732.0439	89.0100	-5.5000
744.3131	88.5600	-2.8000
756.7880	88.3500	0.4000
769.4720	88.2300	2.8000
782.3685	88.1200	5.8000
795.4812	88.1900	9.5000
808.8137	88.5000	12.4000
822.3696	88.8700	15.2000
836.1527	89.5600	17.0000
850.1668	90.2800	16.1000
864.4158	90.9000	13.3000
878.9036	91.1900	8.4000
893.6343	90.9600	3.6000
908.6118	90.4300	1.4000
923.8404	90.0200	1.4000
939.3242	89.6100	1.8000
955.0675	89.2000	4.4000
971.0746	89.1700	8.7000
987.3501	89.5900	12.7000
1003.8983	90.4300	13.4000
1020.7239	90.9600	10.3000
1037.8315	91.0300	7.4000
1055.2258	91.0000	6.0000
1072.9116	91.0600	4.8000
1090.8939	91.0700	3.0000
1109.1775	90.9100	1.6000
1127.7676	90.7800	1.6000
1146.6693	90.8200	0.9000
1165.8877	90.6600	-0.4000
1185.4283	90.3800	-0.1000
1205.2964	90.2900	1.4000
1225.4974	90.3800	3.3000
1246.0371	90.7300	3.7000
1266.9209	90.9700	2.7000
1288.1549	91.1400	1.3000
1309.7446	91.1600	-0.5000
1331.6963	91.1700	-1.8000
1354.0158	91.1000	-3.8000
1376.7095	90.7700	-5.3000
1399.7835	90.3200	-4.4000
1423.2442	90.2500	-1.5000
1447.0981	90.5500	0.6000
1471.3518	90.9000	-0.4000
1496.0120	90.9600	-1.2000
1521.0856	91.0700	-1.5000
1546.5793	91.2100	-2.3000
1572.5004	91.2900	-3.1000
1598.8559	91.3800	-3.9000
1625.6531	91.5100	-5.3000
1652.8994	91.4600	-7.5000
1680.6024	91.2400	-8.2000
1708.7697	91.1100	-8.3000
1737.4091	90.9900	-7.7000
1766.5285	91.0200	-6.4000
1796.1360	91.3500	-4.8000
1826.2397	91.8300	-6.0000
1856.8479	92.2100	-8.4000
1887.9691	92.4000	-12.4000
1919.6120	92.2200	-16.7000
1951.7851	91.6900	-19.3000
1984.4975	91.1700	-18.7000
2017.7582	90.9400	-16.6000
2051.5763	91.0900	-14.4000
2085.9612	91.5600	-14.2000
2120.9224	91.8500	-16.8000
2156.4696	91.8100	-19.5000
2192.6126	91.6100	-20.8000
2229.3613	91.5600	-20.7000
2266.7259	91.7300	-21.0000
2304.7168	91.8900	-23.0000
2343.3444	91.8100	-25.0000
2382.6195	91.7500	-26.0000
2422.5528	91.7600	-26.9000
2463.1553	91.8500	-28.0000
2504.4384	91.9100	-29.7000
2546.4134	91.9900	-31.3000
2589.0919	92.0800	-33.5000
2632.4858	92.0900	-35.9000
2676.6069	92.1200	-38.3000
2721.4674	92.1600	-41.3000
2767.0799	92.0600	-45.1000
2813.4568	91.7600	-48.3000
2860.6111	91.5000	-50.5000
2908.5556	91.2900	-52.7000
2957.3037	91.0300	-55.0000
3006.8689	90.8200	-56.6000
3057.2647	90.8200	-58.8000
3108.5052	90.6800	-63.3000
3160.6045	90.2200	-67.6000
3213.5770	89.6000	-70.0000
3267.4374	89.2300	-71.5000
3322.2004	88.9600	-74.9000
3377.8813	88.3000	-79.0000
3434.4954	87.4100	-81.1000
3492.0584	86.7500	-81.0000
3550.5862	86.3900	-82.5000
3610.0949	85.6800	-86.2000
3670.6009	84.5600	-87.0000
3732.1211	83.7700	-85.1000
3794.6724	83.2100	-85.1000
3858.2720	82.3900	-85.2000
3922.9376	81.4700	-83.1000
3988.6870	80.8900	-80.3000
4055.5384	80.1900	-78.0000
4123.5102	79.7300	-71.5000
4192.6212	80.1300	-69.7000
4262.8906	79.5800	-70.7000
4334.3377	79.3500	-63.6000
4406.9822	80.4100	-64.7000
4480.8443	79.8500	-72.5000
4555.9444	78.7900	-69.2000
4632.3031	79.1900	-67.8000
4709.9417	78.9200	-72.2000
4788.8814	78.3300	-74.3000
4869.1443	77.4300	-77.8000
4950.7523	76.1700	-75.7000
5033.7281	75.8600	-73.7000
5118.0947	74.8100	-76.9000
5203.8752	73.1700	-69.8000
5291.0934	73.3500	-64.2000
5379.7734	72.5600	-64.2000
5469.9397	71.7300	-61.6000
5561.6173	69.8800	-51.5000
5654.8313	71.5900	-37.3000
5749.6077	71.7300	-45.0000
5845.9725	71.2100	-34.2000
5943.9525	72.4600	-41.0000
6043.5746	70.5800	-42.1000
6144.8664	70.8200	-37.1000
6247.8558	69.9200	-39.9000
6352.5714	68.6900	-35.2000
6459.0421	67.4900	-26.7000
6567.2972	67.2700	-14.8000
6677.3667	67.5200	0.0000
6789.2810	69.4600	6.3000
6903.0710	70.8000	6.3000
7018.7682	71.4600	1.1000
7136.4045	72.1000	1.3000
7256.0123	72.9700	-17.6000
7377.6249	68.6600	-27.9000
7501.2757	65.6800	-28.5000
7626.9989	62.1500	51.4000
7754.8293	69.3200	53.8000
7884.8021	72.9900	47.1000
8016.9533	74.3400	29.3000
8151.3194	73.4200	22.0000
8287.9375	73.9300	21.0000
8426.8454	73.8900	21.1000
8568.0814	74.2400	14.3000
8711.6845	73.9200	13.5000
8857.6945	73.2000	15.1000
9006.1516	74.2600	18.6000
9157.0969	75.1000	19.1000
9310.5721	76.3900	9.6000
9466.6196	76.4200	-10.9000
9625.2825	72.0900	-15.2000
9786.6046	70.0800	2.2000
9950.6305	73.9500	41.0000
10117.4050	77.6100	0.9000
10286.9760	73.8800	-10.4000
10459.3880	73.8200	3.8000
10634.6900	75.5500	7.9000
10812.9300	77.3600	-8.4000
10994.1570	76.9300	-25.5000
11178.4220	75.8500	-39.0000
11365.7750	73.8200	-47.6000
11556.2680	71.8500	-46.9000
11749.9540	69.4700	-42.0000
11946.8860	70.7200	-34.8000
12147.1190	71.9400	-41.0000
12350.7080	71.0900	-49.3000
12557.7080	70.9400	-58.7000
12768.1790	69.5500	-69.2000
12982.1770	68.1900	-73.3000
13199.7610	67.6800	-72.9000
13420.9920	68.2800	-82.2000
13645.9310	68.2100	-110.9000
13874.6410	65.4300	-138.1000
14107.1830	61.6700	-167.2000
14343.6230	57.4400	165.7000
14584.0250	55.2700	130.3000
14828.4570	53.4400	86.6000
15076.9860	52.4100	78.3000
15329.6800	55.1900	61.2000
15586.6090	56.4900	76.3000
15847.8440	59.2400	53.1000
16113.4580	59.7600	35.1000
16383.5240	59.8300	21.9000
16658.1150	58.8300	0.1000
16937.3100	56.4400	-9.9000
17221.1830	54.1900	-7.3000
17509.8140	54.0500	4.6000
17803.2830	55.0800	-5.0000
18101.6700	54.9900	-23.1000
18405.0590	52.2700	-52.8000
18713.5320	43.5400	-87.6000
19027.1760	40.7800	-34.2000
19346.0760	35.8100	-39.6000
19670.3210	42.3400	85.0000
20000.0000	46.3300	66.9000