5	54.71	-94.2
5.0838	54.87	-94.2
5.16901	55.09	-94.1
5.25564	55.32	-94.1
5.34373	55.56	-94.1
5.43329	55.81	-94
5.52435	56.06	-94
5.61694	56.31	-94
5.71108	56.57	-94
5.8068	56.84	-93.9
5.90413	57.13	-93.9
6.00308	57.44	-93.9
6.10369	57.76	-93.8
6.20599	58.09	-93.8
6.31001	58.41	-93.8
6.41576	58.73	-93.7
6.52329	59.05	-93.7
6.63263	59.36	-93.6
6.74379	59.66	-93.6
6.85682	59.95	-93.6
6.97174	60.23	-93.5
7.08859	60.49	-93.5
7.20739	60.74	-93.4
7.32819	60.96	-93.4
7.45101	61.16	-93.3
7.57589	61.34	-93.3
7.70287	61.5	-93.2
7.83197	61.65	-93.2
7.96324	61.79	-93.1
8.0967	61.94	-93
8.2324	62.08	-93
8.37038	62.24	-92.9
8.51067	62.42	-92.9
8.65331	62.63	-93
8.79834	62.89	-93.3
8.94581	63.2	-94.5
9.09574	63.57	-96.8
9.24819	63.99	-100.2
9.40319	64.46	-104.4
9.56079	64.95	-109.2
9.72103	65.45	-114.1
9.88396	65.94	-118.8
10.04961	66.4	-122.9
10.21805	66.81	-126.1
10.38931	67.19	-128.4
10.56343	67.53	-130.3
10.74048	67.86	-131.8
10.92049	68.17	-133.2
11.10352	68.48	-134.5
11.28962	68.8	-135.9
11.47884	69.14	-137.3
11.67122	69.5	-138.9
11.86684	69.89	-140.8
12.06573	70.32	-142.8
12.26795	70.78	-145
12.47357	71.24	-147.3
12.68263	71.68	-149.7
12.89519	72.08	-152.1
13.11132	72.41	-154.6
13.33107	72.69	-157.2
13.5545	72.92	-160
13.78167	73.12	-162.9
14.01266	73.31	-165.7
14.24751	73.5	-168.2
14.48631	73.7	-170
14.7291	73.91	-171.2
14.97596	74.14	-171.9
15.22696	74.37	-172.4
15.48217	74.62	-172.8
15.74166	74.89	-173.2
16.00549	75.18	-173.8
16.27375	75.5	-174.7
16.5465	75.85	-176
16.82382	76.23	-177.6
17.10579	76.61	-178.7
17.39249	76.95	179.4
17.68399	77.26	178.1
17.98038	77.53	177.2
18.28174	77.78	176.5
18.58814	78.01	175.7
18.89969	78.25	174.8
19.21645	78.49	173.6
19.53852	78.74	172
19.86599	78.98	170.1
20.19895	79.2	168.1
20.53749	79.38	166.3
20.8817	79.52	164.7
21.23169	79.64	163.2
21.58753	79.77	161.8
21.94935	79.92	160.4
22.31722	80.14	158.9
22.69126	80.41	157.4
23.07158	80.7	155.9
23.45826	80.99	154.5
23.85143	81.28	153.2
24.25118	81.55	151.9
24.65764	81.79	150.6
25.07091	81.98	149.3
25.4911	82.13	147.9
25.91834	82.28	146.6
26.35274	82.45	145.4
26.79441	82.69	144.3
27.2435	82.97	143.3
27.7001	83.27	142.2
28.16436	83.55	141.1
28.63641	83.81	139.9
29.11636	84.05	138.6
29.60436	84.25	137.1
30.10053	84.42	135.7
30.60502	84.59	134.2
31.11797	84.77	132.8
31.63952	84.96	131.5
32.1698	85.17	130.1
32.70898	85.39	128.8
33.25719	85.62	127.5
33.81459	85.84	126.2
34.38133	86.03	124.9
34.95757	86.23	123.6
35.54346	86.43	122.2
36.13918	86.64	120.9
36.74488	86.87	119.6
37.36074	87.1	118.2
37.98691	87.33	116.7
38.62358	87.53	115.1
39.27092	87.72	113.4
39.92911	87.92	111.7
40.59833	88.11	110
41.27877	88.28	108.4
41.97061	88.43	106.7
42.67405	88.56	105.1
43.38928	88.7	103.4
44.11649	88.83	101.6
44.8559	88.95	99.7
45.60769	89.05	97.8
46.37209	89.13	96.2
47.1493	89.18	94.9
47.93953	89.23	93.6
48.74301	89.28	92
49.55995	89.3	90.1
50.39059	89.28	88.4
51.23515	89.24	87.4
52.09386	89.24	87.1
52.96697	89.31	86.9
53.85471	89.44	86.5
54.75733	89.59	85.8
55.67507	89.76	85
56.6082	89.93	84
57.55697	90.12	82.8
58.52164	90.29	81.5
59.50247	90.43	80.4
60.49975	90.57	79.3
61.51374	90.71	78.1
62.54472	90.82	76.7
63.59299	90.92	75.3
64.65882	91.01	74.1
65.74252	91.08	73.1
66.84438	91.16	72.2
67.96471	91.25	71.3
69.10382	91.35	70.3
70.26201	91.43	69.2
71.43962	91.51	68.1
72.63697	91.59	67.2
73.85438	91.69	66.2
75.0922	91.82	65.1
76.35076	91.95	63.8
77.63042	92.07	62.5
78.93152	92.19	61.4
80.25443	92.3	60.2
81.59952	92.41	58.8
82.96715	92.49	57.3
84.3577	92.56	55.8
85.77155	92.61	54.5
87.2091	92.65	53.2
88.67075	92.68	51.8
90.15689	92.71	50.7
91.66795	92.75	49.8
93.20432	92.82	48.9
94.76645	92.9	47.8
96.35476	92.97	46.5
97.96969	92.99	45.3
99.61168	92.99	44.7
101.2812	93.05	42.9
102.9787	93.09	41.5
104.70465	93.13	40.2
106.45952	93.11	39.6
108.24381	93.12	39.2
110.058	93.12	38.3
111.9026	93.02	35.6
113.77812	93.06	32.6
115.68507	93.31	32
117.62398	93.4	31.8
119.59538	93.29	31
121.59983	93.24	30.3
123.63787	93.27	29.5
125.71007	93.3	28.8
127.81701	93.26	28.4
129.95925	93.21	28.1
132.1374	93.21	27.4
134.35205	93.3	26.2
136.60383	93.44	25.3
138.89334	93.52	24.7
141.22123	93.51	23.4
143.58813	93.5	21.7
145.9947	93.5	20.2
148.44161	93.46	19.1
150.92953	93.39	18.5
153.45914	93.35	18.1
156.03116	93.37	17.4
158.64628	93.41	16.4
161.30523	93.41	15.2
164.00874	93.35	13.9
166.75757	93.25	13
169.55247	93.16	12.4
172.39421	93.12	12
175.28358	93.11	12
178.22137	93.11	11.9
181.2084	93.15	11.2
184.2455	93.21	10.3
187.3335	93.25	9.5
190.47326	93.28	8.6
193.66564	93.31	7.6
196.91152	93.31	6.4
200.2118	93.26	5.3
203.5674	93.16	4.4
206.97924	93.08	3.9
210.44827	93.05	3.5
213.97543	93.03	3.2
217.56171	93.06	2.7
221.2081	93.14	1.7
224.9156	93.3	0
228.68524	93.36	-1.4
232.51806	93.24	-1.9
236.41512	93.05	-2.5
240.3775	92.9	-3.2
244.40628	92.82	-3.8
248.50259	92.82	-4.3
252.66756	92.82	-5
256.90233	92.79	-6
261.20807	92.72	-7
265.58598	92.6	-7.6
270.03727	92.49	-7.9
274.56316	92.46	-8.3
279.16491	92.46	-9
283.84378	92.42	-9.9
288.60107	92.33	-10.6
293.43809	92.22	-11
298.35619	92.16	-11.4
303.35671	92.12	-11.7
308.44104	92.1	-11.9
313.61059	92.1	-12.3
318.86678	92.07	-13.1
324.21107	91.98	-14.2
329.64492	91.83	-14.8
335.16985	91.73	-15
340.78738	91.7	-15
346.49906	91.66	-15.5
352.30647	91.56	-16.1
358.21121	91.45	-16.2
364.21492	91.38	-16
370.31925	91.38	-16
376.5259	91.36	-16.2
382.83656	91.32	-16.4
389.253	91.32	-16.5
395.77697	91.32	-16.6
402.41029	91.33	-16.8
409.15479	91.38	-16.9
416.01232	91.44	-17.2
422.98479	91.48	-17.8
430.07412	91.5	-18.8
437.28226	91.5	-19.9
444.61122	91.49	-20.8
452.06302	91.49	-21.5
459.6397	91.46	-22.7
467.34338	91.33	-24
475.17617	91.13	-24.8
483.14023	90.94	-24.9
491.23778	90.87	-24.7
499.47105	90.86	-24.6
507.84231	90.76	0.6
516.35387	90.66	0
525.00808	90.41	-0.5
533.80735	90.05	0.3
542.75409	89.78	2.6
551.85078	89.77	5.8
561.09994	90.06	8.3
570.50411	90.46	9
580.0659	90.74	8
589.78794	90.8	6.8
599.67293	90.75	6.6
609.7236	90.82	7.4
619.94272	91.09	7.7
630.33311	91.39	6.5
640.89765	91.5	4.1
651.63925	91.36	1.9
662.56088	91.12	0.9
673.66556	90.94	0.8
684.95636	90.83	0.8
696.4364	90.7	0.6
708.10884	90.51	0.7
719.97692	90.32	1.8
732.04391	90.26	3.6
744.31315	90.36	5.2
756.78802	90.55	6.5
769.47197	90.85	7.1
782.36851	91.19	6.6
795.4812	91.43	4.6
808.81366	91.44	2.1
822.36957	91.22	0.1
836.15269	90.86	-0.4
850.16681	90.54	0.6
864.41582	90.35	2.8
878.90364	90.38	5.9
893.63428	90.78	8.8
908.61181	91.43	9.5
923.84036	91.99	7.3
939.32415	92.23	3.8
955.06746	92.17	0.2
971.07462	91.89	3.2
987.35007	91.51	8.3
1003.8983	91.56	9.7
1020.7239	91.92	7.4
1037.8315	91.95	4.7
1055.2258	91.83	3.4
1072.9116	91.73	2.6
1090.8939	91.6	2.2
1109.1775	91.49	2.2
1127.7676	91.37	3.3
1146.6693	91.57	4.7
1165.8877	91.88	4.4
1185.4283	92.06	3.2
1205.2964	92.22	1.9
1225.4974	92.24	0.1
1246.0371	92.23	-1.2
1266.9209	92.17	-2.4
1288.1549	92.11	-3.7
1309.7446	91.94	-4.5
1331.6963	91.93	-4.7
1354.0158	91.93	-5.9
1376.7095	91.82	-7.7
1399.7835	91.48	-9.1
1423.2442	91.13	-8.5
1447.0981	90.94	-7.3
1471.3518	90.89	-6.6
1496.012	90.79	-5.7
1521.0856	90.76	-4.5
1546.5793	90.8	-3.4
1572.5004	90.91	-2.7
1598.8559	91.02	-1.8
1625.6531	91.2	-1.2
1652.8994	91.4	-1.1
1680.6024	91.59	-0.9
1708.7697	91.81	-0.8
1737.4091	92.1	-0.8
1766.5285	92.45	-1.3
1796.136	92.81	-2.3
1826.2397	93.22	-4.1
1856.8479	93.59	-6.2
1887.9691	93.96	-9.1
1919.612	94.31	-12.7
1951.7851	94.56	-17.2
1984.4975	94.75	-22
2017.7582	94.8	-27.5
2051.5763	94.75	-33.5
2085.9612	94.46	-39.5
2120.9224	94.06	-45.4
2156.4696	93.51	-51
2192.6126	92.76	-56.3
2229.3613	91.9	-60.5
2266.7259	90.9	-63.7
2304.7168	89.9	-65.5
2343.3444	88.9	-66.1
2382.6195	87.98	-65.8
2422.5528	87.15	-64.4
2463.1553	86.57	-62.5
2504.4384	86.16	-61.8
2546.4134	85.62	-62
2589.0919	85.02	-61.5
2632.4858	84.44	-61.2
2676.6069	83.82	-60.3
2721.4674	83.24	-59
2767.0799	82.75	-57.4
2813.4568	82.37	-56.3
2860.6111	81.95	-56
2908.5556	81.42	-55.7
2957.3037	80.83	-55.5
3006.8689	80.05	-55
3057.2647	79.27	-52.5
3108.5052	78.67	-49.3
3160.6045	78.18	-46.4
3213.577	77.73	-43.5
3267.4374	77.41	-40.4
3322.2004	77.22	-38.8
3377.8813	76.96	-38.7
3434.4954	76.4	-40.7
3492.0584	75.11	-42.9
3550.5862	72.98	-39.7
3610.0949	71.19	-25.9
3670.6009	71.03	-8.5
3732.1211	71.66	4.3
3794.6724	72.69	15.7
3858.272	74.78	23.6
3922.9376	77.12	21.1
3988.687	78.68	10
4055.5384	78.9	-5.8
4123.5102	77.47	-20.5
4192.6212	74.54	-28.2
4262.8906	71.34	-15.9
4334.3377	71.47	-2.5
4406.9822	70.32	-6.9
4480.8443	63.93	17.4
4555.9444	71.05	76
4632.3031	77.22	62.3
4709.9417	79.85	38.2
4788.8814	80.16	12.8
4869.1443	78.54	-9.4
4950.7523	75.2	-22.3
5033.7281	71.48	-17.1
5118.0947	70.47	-1.4
5203.8752	71.04	1.6
5291.0934	70.89	-5.8
5379.7734	69.04	-18.4
5469.9397	64.47	-27.2
5561.6173	57.06	-5.9
5654.8313	55.45	51
5749.6077	58.23	94.1
5845.9725	63.61	106.1
5943.9525	64.6	96.9
6043.5746	62.51	153.4
6144.8664	75.4	158
6247.8558	81.4	118.2
6352.5714	83.14	71.9
6459.0421	81.07	30.4
6567.2972	75.92	9.1
6677.3667	72.96	16.9
6789.281	71.98	10
6903.071	69.48	4.8
7018.7682	67.65	5.3
7136.4045	66.05	1.9
7256.0123	64	-1.6
7377.6249	62.27	-6.6
7501.2757	60.13	-25.2
7626.9989	55.26	-64.7
7754.8293	50.55	-130.9
7884.8021	51.85	-166.7
8016.9533	55.5	-164.9
8151.3194	60.78	-163.8
8287.9375	66.36	38.9
8426.8454	69.51	141.8
8568.0814	68.49	98.8
8711.6845	63.35	69.8
8857.6945	57.06	63.1
9006.1516	46.22	100.5
9157.0969	52.34	150.4
9310.5721	50.23	159.7
9466.6196	56.02	-149.1
9625.2825	62.1	-169.1
9786.6046	62.54	160.5
9950.6305	59.76	146.2
10117.405	55.89	134.8
10286.976	46.89	-155.5
10459.388	59.39	-131.9
10634.69	62.91	-160.9
10812.93	61.93	-174.7
10994.157	62.49	-172.2
11178.422	64.08	174.3
11365.775	63.61	153.6
11556.268	61.78	139.9
11749.954	59.74	133.4
11946.886	58.36	121.1
12147.119	54.73	105.6
12350.708	50.42	99.4
12557.708	47.9	71.5
12768.179	40.13	-32.6
12982.177	46.91	-121.7
13199.761	46.09	-165
13420.992	38.21	168.9
13645.931	35.73	-115.5
13874.641	38.82	-113.6
14107.183	39.93	-132.8
14343.623	39.78	-115.1
14584.025	36.84	-133.8
14828.457	38.93	-164.9
15076.986	35.24	115.7
15329.68	42.6	68.1
15586.609	48.84	43.6
15847.844	49.3	23.2
16113.458	49.77	5.9
16383.524	52.08	-30.2
16658.115	49.39	-30.8
16937.31	47.79	-47.2
17221.183	41.95	-86.2
17509.814	39.37	-8.9
17803.283	42.56	8.3
18101.67	40.3	10.3
18405.059	43.7	62.4
18713.532	49.05	37.2
19027.176	45.45	-31.7
19346.076	40.69	-65.4
19670.321	32.26	-87.8
20000	46.18	12.2
