5.00000	-13.116	86.402
5.07273	-12.794	86.215
5.14651	-12.379	85.974
5.22137	-11.831	85.659
5.29732	-11.229	85.311
5.37437	-10.571	84.931
5.45254	-9.913	84.545
5.53185	-9.255	84.154
5.61231	-8.597	83.757
5.69394	-7.938	83.354
5.77676	-7.280	82.945
5.86079	-6.622	82.530
5.94604	-5.964	82.109
6.03252	-5.305	81.681
6.12027	-4.647	81.247
6.20929	-3.989	80.807
6.29961	-3.331	80.360
6.39124	-2.672	79.907
6.48420	-2.014	79.447
6.57851	-1.356	78.980
6.67420	-0.698	78.506
6.77128	-0.040	78.025
6.86977	0.619	77.537
6.96969	1.277	77.042
7.07107	1.935	76.539
7.17392	2.593	76.029
7.27827	3.252	75.512
7.38413	3.910	74.986
7.49154	4.568	74.452
7.60050	5.226	73.911
7.71105	5.885	73.362
7.82321	6.543	72.804
7.93701	7.201	72.238
8.05245	7.859	71.663
8.16958	8.517	71.080
8.28841	9.176	70.488
8.40896	9.834	69.887
8.53128	10.492	69.278
8.65537	11.150	68.658
8.78126	11.809	68.030
8.90899	12.467	67.392
9.03857	13.125	66.745
9.17004	13.783	66.087
9.30342	14.442	65.420
9.43874	15.100	64.743
9.57603	15.758	64.055
9.71532	16.416	63.357
9.85663	17.074	62.648
10.0000	17.733	61.928
10.1455	18.391	61.198
10.2930	19.049	60.456
10.4427	19.707	59.703
10.5946	20.366	58.939
10.7487	21.024	58.163
10.9051	21.682	57.375
11.0637	22.340	56.575
11.2246	22.999	55.762
11.3879	23.657	54.937
11.5535	24.315	54.100
11.7216	24.973	53.249
11.8921	25.632	52.386
12.0650	26.290	51.509
12.2405	26.948	50.618
12.4186	27.606	49.714
12.5992	28.264	48.796
12.7825	28.923	47.864
12.9684	29.581	46.917
13.1570	30.239	45.956
13.3484	30.897	44.979
13.5426	31.556	43.988
13.7395	32.214	42.981
13.9394	32.872	41.958
14.1421	33.530	40.920
14.3478	34.189	39.865
14.5565	34.847	38.795
14.7683	35.505	37.708
14.9831	36.163	36.605
15.2010	36.821	35.485
15.4221	37.480	34.348
15.6464	38.138	33.194
15.8740	38.796	32.023
16.1049	39.454	30.835
16.3392	40.113	29.630
16.5768	40.771	28.408
16.8179	41.429	27.168
17.0626	42.087	25.912
17.3107	42.746	24.639
17.5625	43.404	23.350
17.8180	44.062	22.044
18.0771	44.720	20.722
18.3401	45.378	19.383
18.6068	46.037	18.026
18.8775	46.695	16.644
19.1521	47.353	15.224
19.4306	48.011	13.727
19.7133	48.676	12.113
20.0000	49.356	10.333
20.2909	50.075	8.398
20.5860	50.847	6.353
20.8855	51.666	4.244
21.1893	52.530	2.133
21.4975	53.422	0.051
21.8102	54.321	-2.020
22.1274	55.216	-4.125
22.4492	56.091	-6.329
22.7758	56.944	-8.741
23.1071	57.779	-11.413
23.4432	58.591	-14.332
23.7841	59.377	-17.483
24.1301	60.126	-20.814
24.4811	60.822	-24.290
24.8372	61.459	-27.913
25.1984	62.033	-31.673
25.5649	62.548	-35.557
25.9368	63.016	-39.464
26.3141	63.448	-43.290
26.6968	63.866	-46.994
27.0851	64.278	-50.586
27.4791	64.694	-54.094
27.8788	65.113	-57.582
28.2843	65.524	-61.087
28.6957	65.918	-64.594
29.1131	66.296	-68.083
29.5365	66.654	-71.535
29.9661	67.005	-74.933
30.4020	67.345	-78.315
30.8442	67.669	-81.673
31.2929	67.980	-85.006
31.7480	68.272	-88.306
32.2098	68.544	-91.543
32.6783	68.808	-94.675
33.1536	69.063	-97.741
33.6359	69.306	-100.752
34.1251	69.535	-103.671
34.6215	69.753	-106.526
35.1250	69.957	-109.297
35.6359	70.149	-111.920
36.1543	70.347	-114.424
36.6802	70.550	-116.851
37.2137	70.753	-119.198
37.7550	70.962	-121.474
38.3041	71.175	-123.724
38.8613	71.385	-125.938
39.4265	71.596	-128.110
40.0000	71.808	-130.256
40.5818	72.017	-132.365
41.1721	72.224	-134.427
41.7710	72.431	-136.447
42.3785	72.632	-138.409
42.9949	72.838	-140.308
43.6203	73.042	-142.170
44.2548	73.241	-143.982
44.8985	73.442	-145.706
45.5515	73.650	-147.365
46.2141	73.869	-148.978
46.8863	74.104	-150.545
47.5683	74.355	-152.130
48.2602	74.616	-153.745
48.9621	74.885	-155.390
49.6743	75.158	-157.105
50.3968	75.433	-158.881
51.1299	75.713	-160.702
51.8736	75.997	-162.612
52.6281	76.275	-164.591
53.3936	76.548	-166.614
54.1702	76.813	-168.692
54.9581	77.064	-170.801
55.7575	77.297	-172.909
56.5685	77.520	-174.994
57.3914	77.734	-177.056
58.2261	77.942	-179.088
59.0730	78.155	178.876
59.9323	78.366	176.798
60.8040	78.564	174.695
61.6884	78.753	172.598
62.5857	78.927	170.524
63.4960	79.090	168.521
64.4196	79.252	166.597
65.3566	79.418	164.732
66.3073	79.588	162.887
67.2717	79.761	161.043
68.2502	79.936	159.163
69.2429	80.108	157.255
70.2501	80.281	155.314
71.2719	80.445	153.326
72.3086	80.594	151.352
73.3603	80.732	149.421
74.4274	80.860	147.526
75.5099	80.984	145.687
76.6083	81.107	143.866
77.7226	81.228	142.059
78.8531	81.345	140.271
80.0000	81.455	138.505
81.1636	81.562	136.775
82.3442	81.666	135.068
83.5419	81.764	133.403
84.7570	81.864	131.776
85.9899	81.958	130.171
87.2406	82.052	128.623
88.5096	82.153	127.103
89.7970	82.257	125.579
91.1031	82.362	124.064
92.4282	82.464	122.535
93.7726	82.555	121.010
95.1366	82.641	119.514
96.5204	82.725	118.042
97.9243	82.812	116.595
99.3486	82.902	115.159
100.794	82.992	113.728
102.260	83.081	112.312
103.747	83.165	110.906
105.256	83.252	109.501
106.787	83.337	108.089
108.340	83.419	106.672
109.916	83.499	105.253
111.515	83.569	103.838
113.137	83.633	102.456
114.783	83.693	101.120
116.452	83.753	99.804
118.146	83.815	98.513
119.865	83.877	97.217
121.608	83.939	95.915
123.377	83.996	94.611
125.171	84.045	93.316
126.992	84.092	92.063
128.839	84.136	90.836
130.713	84.180	89.626
132.615	84.222	88.435
134.543	84.260	87.246
136.500	84.293	86.074
138.486	84.322	84.933
140.500	84.346	83.814
142.544	84.368	82.736
144.617	84.389	81.697
146.721	84.410	80.690
148.855	84.431	79.711
151.020	84.453	78.757
153.217	84.473	77.828
155.445	84.495	76.925
157.706	84.514	76.043
160.000	84.534	75.181
162.327	84.555	74.342
164.688	84.577	73.525
167.084	84.602	72.728
169.514	84.629	71.936
171.980	84.655	71.157
174.481	84.681	70.394
177.019	84.710	69.645
179.594	84.740	68.880
182.206	84.765	68.109
184.856	84.786	67.354
187.545	84.804	66.617
190.273	84.818	65.911
193.041	84.833	65.258
195.849	84.851	64.628
198.697	84.871	64.011
201.587	84.893	63.410
204.520	84.914	62.815
207.494	84.936	62.233
210.512	84.959	61.663
213.574	84.979	61.096
216.681	84.999	60.548
219.833	85.015	60.014
223.030	85.026	59.522
226.274	85.042	59.088
229.565	85.064	58.684
232.905	85.089	58.311
236.292	85.124	57.950
239.729	85.163	57.575
243.216	85.206	57.178
246.754	85.255	56.755
250.343	85.304	56.281
253.984	85.348	55.768
257.678	85.385	55.252
261.426	85.412	54.758
265.229	85.438	54.311
269.087	85.460	53.914
273.001	85.484	53.552
276.972	85.508	53.235
281.000	85.539	52.937
285.088	85.572	52.650
289.234	85.611	52.399
293.441	85.657	52.153
297.709	85.708	51.896
302.040	85.760	51.648
306.433	85.818	51.397
310.890	85.883	51.128
315.412	85.955	50.841
320.000	86.033	50.506
324.655	86.114	50.105
329.377	86.191	49.627
334.168	86.258	49.090
339.028	86.314	48.525
343.959	86.359	47.957
348.962	86.394	47.424
354.038	86.423	46.952
359.188	86.450	46.535
364.412	86.478	46.155
369.713	86.505	45.809
375.090	86.539	45.483
380.546	86.573	45.154
386.081	86.604	44.843
391.697	86.639	44.567
397.394	86.683	44.284
403.175	86.727	43.970
409.039	86.768	43.633
414.989	86.804	43.273
421.025	86.828	42.910
427.149	86.839	42.603
433.362	86.846	42.385
439.665	86.854	42.264
446.060	86.871	42.227
452.548	86.897	42.260
459.131	86.938	42.342
465.809	86.994	42.456
472.584	87.064	42.559
479.458	87.147	42.620
486.432	87.237	42.621
493.507	87.327	42.559
500.686	87.414	42.450
507.968	87.497	42.318
515.357	87.578	42.186
522.853	87.659	42.079
530.458	87.741	42.008
538.174	87.828	41.995
546.002	87.931	42.031
553.943	88.053	42.063
562.001	88.193	42.038
570.175	88.353	41.906
578.469	88.519	41.623
586.883	88.679	41.208
595.419	88.834	40.715
604.080	88.983	40.157
612.866	89.129	39.531
621.780	89.267	38.846
630.824	89.400	38.092
640.000	89.522	37.272
649.309	89.625	36.412
658.753	89.711	35.563
668.335	89.789	34.724
678.056	89.855	33.898
687.919	89.910	33.131
697.925	89.963	32.433
708.077	90.012	31.803
718.376	90.060	31.288
728.825	90.125	30.861
739.426	90.211	30.444
750.181	90.314	29.972
761.093	90.428	29.418
772.163	90.547	28.763
783.394	90.666	28.014
794.789	90.787	27.178
806.349	90.904	26.236
818.078	91.011	25.195
829.977	91.101	24.091
842.050	91.168	22.957
854.298	91.212	21.850
866.724	91.244	20.818
879.330	91.280	19.840
892.120	91.320	18.869
905.097	91.365	17.863
918.262	91.411	16.797
931.618	91.447	15.664
945.169	91.471	14.483
958.917	91.478	13.269
972.864	91.463	12.060
987.015	91.427	10.909
1001.37	91.373	9.821
1015.94	91.299	8.827
1030.71	91.211	7.955
1045.71	91.110	7.223
1060.92	91.001	6.691
1076.35	90.904	6.370
1092.00	90.823	6.234
1107.89	90.772	6.266
1124.00	90.759	6.394
1140.35	90.776	6.537
1156.94	90.826	6.663
1173.77	90.911	6.665
1190.84	91.027	6.466
1208.16	91.159	6.005
1225.73	91.295	5.241
1243.56	91.404	4.211
1261.65	91.467	3.027
1280.00	91.483	1.795
1298.62	91.452	0.648
1317.51	91.390	-0.321
1336.67	91.315	-1.064
1356.11	91.243	-1.580
1375.84	91.185	-1.899
1395.85	91.148	-2.082
1416.15	91.140	-2.170
1436.75	91.160	-2.227
1457.65	91.214	-2.309
1478.85	91.297	-2.494
1500.36	91.402	-2.843
1522.19	91.522	-3.403
1544.33	91.641	-4.210
1566.79	91.741	-5.219
1589.58	91.816	-6.352
1612.70	91.860	-7.562
1636.16	91.870	-8.742
1659.95	91.860	-9.820
1684.10	91.843	-10.799
1708.60	91.823	-11.689
1733.45	91.810	-12.520
1758.66	91.804	-13.340
1784.24	91.802	-14.170
1810.19	91.802	-15.024
1836.52	91.800	-15.912
1863.24	91.796	-16.836
1890.34	91.785	-17.799
1917.83	91.761	-18.783
1945.73	91.722	-19.754
1974.03	91.667	-20.694
2002.74	91.595	-21.543
2031.87	91.515	-22.255
2061.43	91.440	-22.827
2091.41	91.380	-23.265
2121.83	91.341	-23.610
2152.69	91.334	-23.952
2184.01	91.352	-24.373
2215.77	91.384	-24.937
2248.00	91.419	-25.663
2280.70	91.441	-26.527
2313.87	91.442	-27.458
2347.53	91.423	-28.407
2381.68	91.387	-29.316
2416.32	91.346	-30.169
2451.46	91.305	-30.985
2487.12	91.268	-31.796
2523.30	91.229	-32.615
2560.00	91.179	-33.460
2597.24	91.104	-34.254
2635.01	91.008	-34.920
2673.34	90.903	-35.426
2712.23	90.797	-35.744
2751.68	90.710	-35.887
2791.70	90.654	-35.944
2832.31	90.624	-35.978
2873.50	90.619	-36.025
2915.30	90.634	-36.099
2957.70	90.667	-36.209
3000.72	90.720	-36.368
3044.37	90.791	-36.612
3088.65	90.875	-36.979
3133.58	90.963	-37.488
3179.16	91.044	-38.140
3225.40	91.108	-38.894
3272.31	91.151	-39.689
3319.91	91.177	-40.465
3368.20	91.192	-41.161
3417.19	91.204	-41.738
3466.89	91.231	-42.199
3517.32	91.283	-42.578
3568.48	91.369	-42.951
3620.39	91.489	-43.416
3673.05	91.630	-44.062
3726.47	91.786	-44.925
3780.67	91.946	-46.056
3835.67	92.089	-47.439
3891.46	92.205	-49.003
3948.06	92.281	-50.653
4005.49	92.314	-52.291
4063.75	92.309	-53.798
4122.86	92.281	-55.093
4182.82	92.254	-56.158
4243.66	92.245	-57.023
4305.39	92.270	-57.752
4368.01	92.336	-58.459
4431.55	92.438	-59.238
4496.01	92.569	-60.174
4561.40	92.713	-61.321
4627.75	92.844	-62.654
4695.06	92.948	-64.085
4763.35	93.017	-65.447
4832.64	93.066	-66.579
4902.93	93.131	-67.376
4974.24	93.254	-67.883
5046.60	93.477	-68.284
5120.00	93.817	-68.865
5194.47	94.267	-69.982
5270.03	94.790	-71.893
5346.68	95.336	-74.641
5424.45	95.857	-78.205
5503.35	96.325	-82.483
5583.40	96.718	-87.338
5664.61	97.033	-92.672
5747.01	97.274	-98.447
5830.60	97.434	-104.667
5915.41	97.478	-111.216
6001.45	97.386	-118.003
6088.74	97.105	-124.844
6177.30	96.626	-131.384
6267.15	95.979	-137.417
6358.31	95.166	-142.665
6450.80	94.240	-146.648
6544.62	93.317	-149.200
6639.82	92.439	-150.373
6736.40	91.695	-150.106
6834.38	91.193	-148.880
6933.79	90.957	-147.478
7034.64	90.956	-146.617
7136.96	91.141	-146.865
7240.77	91.392	-148.478
7346.09	91.604	-151.289
7452.94	91.700	-155.007
7561.35	91.618	-159.176
7671.33	91.351	-163.285
7782.91	90.946	-166.860
7896.12	90.489	-169.556
8010.97	90.103	-171.381
8127.49	89.861	-172.762
8245.71	89.794	-174.268
8365.65	89.854	-176.547
8487.33	89.927	-179.777
8610.78	89.932	176.202
8736.03	89.817	171.627
8863.09	89.554	166.898
8992.01	89.180	162.364
9122.80	88.739	158.167
9255.50	88.273	154.412
9390.12	87.841	150.990
9526.70	87.478	147.651
9665.27	87.166	144.101
9805.86	86.885	140.175
9948.49	86.592	135.741
10093.2	86.238	130.778
10240.0	85.787	125.370
10388.9	85.218	119.628
10540.1	84.501	113.632
10693.4	83.566	107.716
10848.9	82.398	102.409
11006.7	81.029	97.995
11166.8	79.479	95.001
11329.2	77.858	94.155
11494.0	76.383	95.583
11661.2	75.164	98.759
11830.8	74.265	102.965
12002.9	73.712	106.942
12177.5	73.414	109.780
12354.6	73.229	110.979
12534.3	73.042	110.684
12716.6	72.688	109.429
12901.6	72.143	108.016
13089.2	71.478	106.880
13279.6	70.701	106.293
13472.8	69.891	106.439
13668.8	69.125	107.102
13867.6	68.336	108.091
14069.3	67.517	109.708
14273.9	66.691	112.408
14481.5	65.939	116.617
14692.2	65.399	122.519
14905.9	65.224	129.338
15122.7	65.429	135.451
15342.7	65.961	139.612
15565.8	66.649	141.195
15792.2	67.288	140.698
16021.9	67.815	138.818
16255.0	68.202	135.975
16491.4	68.441	132.541
16731.3	68.596	128.696
16974.7	68.675	124.378
17221.6	68.641	119.586
17472.1	68.439	114.524
17726.2	68.042	109.406
17984.0	67.424	104.510
18245.6	66.592	100.356
18511.0	65.658	97.453
18780.2	64.736	95.866
19053.4	63.912	95.470
19330.5	63.266	95.844
19611.7	62.785	96.223
19897.0	62.395	96.117
20186.4	62.016	95.530
20480.0	61.607	94.649
20777.9	61.173	93.714
21080.1	60.727	92.797
21386.7	60.278	91.920
21697.8	59.830	91.067
22013.4	59.381	90.233
22333.6	58.933	89.416
22658.4	58.485	88.614
22988.0	58.036	87.827
23322.4	57.588	87.055
23661.6	57.139	86.298
24005.8	56.691	85.555
24355.0	56.242	84.826
24709.2	55.794	84.111
25068.6	55.345	83.408
25433.2	54.897	82.719
25803.2	54.448	82.042
26178.5	54.000	81.377
26559.3	53.551	80.725
26945.6	53.103	80.084
27337.5	52.655	79.455
27735.2	52.206	78.836
28138.6	51.758	78.228
28547.9	51.309	77.630
28963.1	50.861	77.043
29384.4	50.412	76.466
29811.8	49.964	75.899
30245.4	49.515	75.341
30685.3	49.067	74.793
31131.7	48.618	74.254
31584.5	48.170	73.723
32043.9	47.722	73.201
32510.0	47.273	72.688
32982.8	46.825	72.183
33462.6	46.376	71.686
33949.3	45.928	71.198
34443.1	45.479	70.717
34944.1	45.031	70.243
35452.4	44.582	69.777
35968.0	44.134	69.319
36491.2	43.685	68.867
37022.0	43.237	68.423
37560.5	42.788	67.984
38106.8	42.380	67.586
38661.1	42.009	67.226
39223.4	41.729	66.953
39793.9	41.514	66.741
