5.00000	3.961	-176.344
5.07273	4.083	-176.350
5.14651	4.242	-176.357
5.22137	4.454	-176.367
5.29732	4.688	-176.378
5.37437	4.945	-176.390
5.45254	5.203	-176.402
5.53185	5.460	-176.415
5.61231	5.718	-176.427
5.69394	5.976	-176.440
5.77676	6.233	-176.453
5.86079	6.491	-176.466
5.94604	6.748	-176.480
6.03252	7.006	-176.493
6.12027	7.264	-176.507
6.20929	7.521	-176.521
6.29961	7.779	-176.535
6.39124	8.036	-176.549
6.48420	8.294	-176.564
6.57851	8.552	-176.579
6.67420	8.809	-176.594
6.77128	9.067	-176.609
6.86977	9.324	-176.624
6.96969	9.582	-176.640
7.07107	9.840	-176.656
7.17392	10.097	-176.672
7.27827	10.355	-176.688
7.38413	10.612	-176.704
7.49154	10.870	-176.721
7.60050	11.128	-176.738
7.71105	11.385	-176.756
7.82321	11.643	-176.773
7.93701	11.901	-176.791
8.05245	12.158	-176.809
8.16958	12.416	-176.827
8.28841	12.673	-176.846
8.40896	12.931	-176.865
8.53128	13.189	-176.884
8.65537	13.446	-176.903
8.78126	13.704	-176.923
8.90899	13.961	-176.943
9.03857	14.219	-176.963
9.17004	14.477	-176.984
9.30342	14.734	-177.004
9.43874	14.992	-177.026
9.57603	15.249	-177.047
9.71532	15.507	-177.069
9.85663	15.765	-177.091
10.0000	16.022	-177.113
10.1455	16.280	-177.136
10.2930	16.537	-177.159
10.4427	16.795	-177.182
10.5946	17.053	-177.206
10.7487	17.310	-177.230
10.9051	17.568	-177.255
11.0637	17.825	-177.279
11.2246	18.083	-177.304
11.3879	18.341	-177.330
11.5535	18.598	-177.356
11.7216	18.856	-177.382
11.8921	19.113	-177.409
12.0650	19.371	-177.436
12.2405	19.629	-177.463
12.4186	19.886	-177.491
12.5992	20.144	-177.519
12.7825	20.401	-177.548
12.9684	20.659	-177.577
13.1570	20.917	-177.606
13.3484	21.174	-177.636
13.5426	21.432	-177.667
13.7395	21.689	-177.698
13.9394	21.947	-177.729
14.1421	22.205	-177.761
14.3478	22.462	-177.793
14.5565	22.720	-177.826
14.7683	22.977	-177.860
14.9831	23.235	-177.894
15.2010	23.493	-177.928
15.4221	23.750	-177.963
15.6464	24.008	-177.998
15.8740	24.265	-178.034
16.1049	24.523	-178.071
16.3392	24.781	-178.108
16.5768	25.038	-178.145
16.8179	25.296	-178.183
17.0626	25.553	-178.222
17.3107	25.811	-178.261
17.5625	26.069	-178.300
17.8180	26.326	-178.341
18.0771	26.584	-178.382
18.3401	26.841	-178.423
18.6068	27.099	-178.465
18.8775	27.357	-178.508
19.1521	27.614	-178.551
19.4306	27.872	-178.595
19.7133	28.130	-178.640
20.0000	28.387	-178.685
20.2909	28.645	-178.731
20.5860	28.902	-178.777
20.8855	29.160	-178.825
21.1893	29.418	-178.872
21.4975	29.675	-178.921
21.8102	29.933	-178.970
22.1274	30.190	-179.020
22.4492	30.448	-179.071
22.7758	30.706	-179.123
23.1071	30.963	-179.175
23.4432	31.221	-179.228
23.7841	31.478	-179.282
24.1301	31.736	-179.336
24.4811	31.994	-179.391
24.8372	32.251	-179.448
25.1984	32.509	-179.504
25.5649	32.766	-179.562
25.9368	33.024	-179.621
26.3141	33.282	-179.680
26.6968	33.539	-179.741
27.0851	33.797	-179.802
27.4791	34.054	-179.864
27.8788	34.312	-179.927
28.2843	34.570	-179.991
28.6957	34.827	179.944
29.1131	35.085	179.879
29.5365	35.342	179.812
29.9661	35.600	179.744
30.4020	35.858	179.676
30.8442	36.115	179.606
31.2929	36.373	179.535
31.7480	36.630	179.463
32.2098	36.888	179.391
32.6783	37.146	179.317
33.1536	37.403	179.242
33.6359	37.661	179.166
34.1251	37.918	179.089
34.6215	38.176	179.011
35.1250	38.434	178.931
35.6359	38.691	178.851
36.1543	38.949	178.769
36.6802	39.206	178.687
37.2137	39.464	178.603
37.7550	39.722	178.517
38.3041	39.979	178.431
38.8613	40.237	178.343
39.4265	40.494	178.254
40.0000	40.752	178.164
40.5818	41.010	178.072
41.1721	41.267	177.979
41.7710	41.525	177.885
42.3785	41.782	177.790
42.9949	42.040	177.693
43.6203	42.298	177.594
44.2548	42.555	177.494
44.8985	42.813	177.393
45.5515	43.071	177.290
46.2141	43.328	177.186
46.8863	43.586	177.080
47.5683	43.843	176.973
48.2602	44.101	176.864
48.9621	44.359	176.754
49.6743	44.616	176.642
50.3968	44.874	176.528
51.1299	45.131	176.413
51.8736	45.389	176.296
52.6281	45.647	176.178
53.3936	45.904	176.057
54.1702	46.162	175.935
54.9581	46.419	175.812
55.7575	46.677	175.686
56.5685	46.935	175.559
57.3914	47.192	175.430
58.2261	47.450	175.299
59.0730	47.707	175.166
59.9323	47.965	175.031
60.8040	48.223	174.894
61.6884	48.480	174.756
62.5857	48.738	174.615
63.4960	48.995	174.473
64.4196	49.253	174.328
65.3566	49.511	174.181
66.3073	49.768	174.032
67.2717	50.026	173.882
68.2502	50.283	173.729
69.2429	50.541	173.573
70.2501	50.799	173.416
71.2719	51.056	173.257
72.3086	51.314	173.095
73.3603	51.571	172.931
74.4274	51.829	172.765
75.5099	52.087	172.596
76.6083	52.344	172.426
77.7226	52.602	172.252
78.8531	52.859	172.077
80.0000	53.117	171.899
81.1636	53.375	171.719
82.3442	53.632	171.537
83.5419	53.890	171.352
84.7570	54.147	171.165
85.9899	54.405	170.975
87.2406	54.663	170.783
88.5096	54.920	170.589
89.7970	55.178	170.393
91.1031	55.435	170.195
92.4282	55.693	169.995
93.7726	55.951	169.793
95.1366	56.208	169.591
96.5204	56.466	169.387
97.9243	56.723	169.189
99.3486	56.982	168.993
100.794	57.243	168.808
102.260	57.506	168.620
103.747	57.769	168.432
105.256	58.028	168.247
106.787	58.285	168.071
108.340	58.545	167.908
109.916	58.811	167.730
111.515	59.083	167.501
113.137	59.360	167.229
114.783	59.637	166.905
116.452	59.908	166.545
118.146	60.173	166.163
119.865	60.432	165.753
121.608	60.680	165.325
123.377	60.917	164.927
125.171	61.147	164.591
126.992	61.379	164.324
128.839	61.618	164.133
130.713	61.873	163.999
132.615	62.145	163.827
134.543	62.422	163.583
136.500	62.697	163.278
138.486	62.969	162.916
140.500	63.225	162.513
142.544	63.470	162.115
144.617	63.706	161.771
146.721	63.936	161.497
148.855	64.171	161.309
151.020	64.416	161.193
153.217	64.677	161.108
155.445	64.956	161.018
157.706	65.249	160.879
160.000	65.553	160.633
162.327	65.857	160.293
164.688	66.156	159.896
167.084	66.453	159.437
169.514	66.737	158.936
171.980	67.010	158.459
174.481	67.282	158.014
177.019	67.552	157.578
179.594	67.823	157.161
182.206	68.105	156.733
184.856	68.390	156.273
187.545	68.680	155.775
190.273	68.972	155.204
193.041	69.255	154.601
195.849	69.530	154.000
198.697	69.796	153.397
201.587	70.056	152.901
204.520	70.332	152.467
207.494	70.624	152.035
210.512	70.932	151.602
213.574	71.260	151.081
216.681	71.593	150.414
219.833	71.923	149.643
223.030	72.253	148.768
226.274	72.573	147.752
229.565	72.881	146.612
232.905	73.162	145.417
236.292	73.417	144.258
239.729	73.665	143.202
243.216	73.918	142.216
246.754	74.182	141.298
250.343	74.468	140.363
253.984	74.762	139.269
257.678	75.051	138.085
261.426	75.332	136.794
265.229	75.604	135.384
269.087	75.850	133.932
273.001	76.080	132.482
276.972	76.297	131.046
281.000	76.498	129.657
285.088	76.698	128.327
289.234	76.905	127.032
293.441	77.118	125.701
297.709	77.332	124.311
302.040	77.542	122.828
306.433	77.737	121.253
310.890	77.914	119.620
315.412	78.066	117.975
320.000	78.188	116.404
324.655	78.303	114.937
329.377	78.413	113.555
334.168	78.521	112.233
339.028	78.633	110.942
343.959	78.740	109.650
348.962	78.839	108.372
354.038	78.932	107.121
359.188	79.015	105.925
364.412	79.101	104.778
369.713	79.180	103.648
375.090	79.248	102.572
380.546	79.311	101.586
386.081	79.378	100.673
391.697	79.448	99.790
397.394	79.521	98.946
403.175	79.601	98.140
409.039	79.681	97.342
414.989	79.754	96.565
421.025	79.830	95.845
427.149	79.907	95.138
433.362	79.985	94.469
439.665	80.068	93.849
446.060	80.158	93.287
452.548	80.261	92.779
459.131	80.383	92.275
465.809	80.523	91.685
472.584	80.668	90.987
479.458	80.817	90.167
486.432	80.958	89.229
493.507	81.084	88.196
500.686	81.195	87.123
507.968	81.287	86.051
515.357	81.363	85.010
522.853	81.426	84.025
530.458	81.492	83.147
538.174	81.565	82.237
546.002	81.629	81.257
553.943	81.682	80.226
562.001	81.701	79.156
570.175	81.687	78.204
578.469	81.660	77.464
586.883	81.630	76.954
595.419	81.618	76.673
604.080	81.633	76.504
612.866	81.666	76.401
621.780	81.721	76.325
630.824	81.795	76.222
640.000	81.886	76.109
649.309	81.999	75.914
658.753	82.123	75.574
668.335	82.244	75.087
678.056	82.356	74.479
687.919	82.448	73.803
697.925	82.525	73.093
708.077	82.587	72.378
718.376	82.625	71.728
728.825	82.658	71.199
739.426	82.692	70.760
750.181	82.728	70.359
761.093	82.776	69.990
772.163	82.831	69.560
783.394	82.867	69.020
794.789	82.870	68.546
806.349	82.851	68.226
818.078	82.812	68.118
829.977	82.773	68.317
842.050	82.756	68.809
854.298	82.773	69.528
866.724	82.834	70.451
879.330	82.958	71.444
892.120	83.151	72.339
905.097	83.402	73.001
918.262	83.699	73.283
931.618	84.011	73.086
945.169	84.306	72.445
958.917	84.558	71.455
972.864	84.747	70.275
987.015	84.878	69.031
1001.37	84.946	67.907
1015.94	84.970	67.066
1030.71	84.980	66.534
1045.71	84.995	66.308
1060.92	85.047	66.337
1076.35	85.166	66.440
1092.00	85.354	66.498
1107.89	85.603	66.413
1124.00	85.879	66.088
1140.35	86.148	65.486
1156.94	86.385	64.615
1173.77	86.563	63.497
1190.84	86.673	62.259
1208.16	86.727	61.074
1225.73	86.734	60.085
1243.56	86.719	59.413
1261.65	86.713	59.083
1280.00	86.755	58.955
1298.62	86.866	58.803
1317.51	87.047	58.484
1336.67	87.288	57.925
1356.11	87.559	57.114
1375.84	87.820	56.130
1395.85	88.025	55.082
1416.15	88.164	54.052
1436.75	88.236	53.111
1457.65	88.257	52.323
1478.85	88.265	51.755
1500.36	88.303	51.409
1522.19	88.394	51.179
1544.33	88.544	50.896
1566.79	88.739	50.413
1589.58	88.972	49.612
1612.70	89.197	48.410
1636.16	89.394	46.878
1659.95	89.539	45.142
1684.10	89.610	43.315
1708.60	89.607	41.539
1733.45	89.543	39.944
1758.66	89.436	38.668
1784.24	89.336	37.795
1810.19	89.277	37.245
1836.52	89.280	36.904
1863.24	89.350	36.560
1890.34	89.469	35.994
1917.83	89.606	35.141
1945.73	89.738	34.033
1974.03	89.839	32.766
2002.74	89.904	31.457
2031.87	89.946	30.121
2061.43	89.954	28.760
2091.41	89.930	27.394
2121.83	89.884	26.081
2152.69	89.807	24.852
2184.01	89.702	23.808
2215.77	89.588	23.059
2248.00	89.483	22.560
2280.70	89.398	22.243
2313.87	89.341	22.063
2347.53	89.314	21.902
2381.68	89.303	21.709
2416.32	89.303	21.486
2451.46	89.309	21.254
2487.12	89.326	21.020
2523.30	89.350	20.770
2560.00	89.385	20.507
2597.24	89.429	20.208
2635.01	89.483	19.893
2673.34	89.558	19.506
2712.23	89.640	18.980
2751.68	89.726	18.306
2791.70	89.807	17.462
2832.31	89.861	16.473
2873.50	89.884	15.468
2915.30	89.885	14.518
2957.70	89.870	13.656
3000.72	89.853	12.883
3044.37	89.839	12.159
3088.65	89.830	11.424
3133.58	89.821	10.654
3179.16	89.803	9.850
3225.40	89.771	9.028
3272.31	89.724	8.220
3319.91	89.659	7.452
3368.20	89.568	6.767
3417.19	89.460	6.281
3466.89	89.346	6.007
3517.32	89.227	5.997
3568.48	89.134	6.315
3620.39	89.100	6.799
3673.05	89.128	7.287
3726.47	89.235	7.637
3780.67	89.412	7.662
3835.67	89.624	7.320
3891.46	89.839	6.547
3948.06	90.006	5.398
4005.49	90.096	4.004
4063.75	90.097	2.487
4122.86	90.005	1.062
4182.82	89.850	-0.010
4243.66	89.683	-0.608
4305.39	89.543	-0.703
4368.01	89.482	-0.486
4431.55	89.505	-0.359
4496.01	89.571	-0.558
4561.40	89.645	-1.152
4627.75	89.671	-2.097
4695.06	89.614	-3.068
4763.35	89.502	-3.759
4832.64	89.370	-3.996
4902.93	89.274	-3.764
4974.24	89.267	-3.345
5046.60	89.338	-3.108
5120.00	89.450	-3.292
5194.47	89.558	-3.942
5270.03	89.606	-4.885
5346.68	89.595	-5.824
5424.45	89.548	-6.560
5503.35	89.489	-7.041
5583.40	89.457	-7.294
5664.61	89.467	-7.534
5747.01	89.493	-7.928
5830.60	89.515	-8.480
5915.41	89.515	-9.137
6001.45	89.485	-9.778
6088.74	89.435	-10.298
6177.30	89.384	-10.662
6267.15	89.345	-10.897
6358.31	89.333	-11.125
6450.80	89.335	-11.442
6544.62	89.331	-11.827
6639.82	89.313	-12.209
6736.40	89.278	-12.502
6834.38	89.241	-12.618
6933.79	89.218	-12.586
7034.64	89.225	-12.462
7136.96	89.271	-12.382
7240.77	89.344	-12.461
7346.09	89.431	-12.729
7452.94	89.523	-13.180
7561.35	89.609	-13.826
7671.33	89.680	-14.633
7782.91	89.719	-15.542
7896.12	89.725	-16.451
8010.97	89.697	-17.265
8127.49	89.646	-17.890
8245.71	89.598	-18.290
8365.65	89.567	-18.489
8487.33	89.575	-18.618
8610.78	89.616	-18.793
8736.03	89.668	-19.099
8863.09	89.729	-19.503
8992.01	89.793	-20.034
9122.80	89.840	-20.673
9255.50	89.878	-21.318
9390.12	89.910	-21.959
9526.70	89.932	-22.580
9665.27	89.954	-23.110
9805.86	89.986	-23.601
9948.49	90.033	-24.095
10093.2	90.091	-24.645
10240.0	90.154	-25.266
10388.9	90.213	-25.936
10540.1	90.274	-26.615
10693.4	90.336	-27.307
10848.9	90.404	-27.984
11006.7	90.487	-28.708
11166.8	90.579	-29.548
11329.2	90.671	-30.492
11494.0	90.761	-31.529
11661.2	90.845	-32.610
11830.8	90.930	-33.717
12002.9	91.013	-34.851
12177.5	91.111	-35.994
12354.6	91.231	-37.308
12534.3	91.356	-38.852
12716.6	91.480	-40.624
12901.6	91.588	-42.661
13089.2	91.660	-44.900
13279.6	91.691	-47.260
13472.8	91.677	-49.695
13668.8	91.613	-52.099
13867.6	91.512	-54.378
14069.3	91.390	-56.555
14273.9	91.249	-58.604
14481.5	91.101	-60.521
14692.2	90.954	-62.402
14905.9	90.786	-64.290
15122.7	90.590	-66.139
15342.7	90.364	-67.903
15565.8	90.104	-69.507
15792.2	89.821	-70.839
16021.9	89.531	-71.807
16255.0	89.251	-72.421
16491.4	89.011	-72.709
16731.3	88.819	-72.833
16974.7	88.676	-72.944
17221.6	88.575	-73.149
17472.1	88.496	-73.521
17726.2	88.415	-74.000
17984.0	88.338	-74.483
18245.6	88.268	-74.971
18511.0	88.208	-75.457
18780.2	88.165	-75.944
19053.4	88.145	-76.509
19330.5	88.137	-77.195
19611.7	88.136	-77.999
19897.0	88.136	-78.914
20186.4	88.136	-79.913
20480.0	88.139	-81.001
20777.9	88.142	-82.183
21080.1	88.149	-83.499
21386.7	88.147	-84.963
21697.8	88.127	-86.520
22013.4	88.092	-88.128
22333.6	88.045	-89.741
22658.4	87.996	-91.325
22988.0	87.957	-92.915
23322.4	87.933	-94.589
23661.6	87.919	-96.436
24005.8	87.897	-98.520
24355.0	87.851	-100.821
24709.2	87.768	-103.283
25068.6	87.635	-105.802
25433.2	87.459	-108.274
25803.2	87.251	-110.644
26178.5	87.021	-112.876
26559.3	86.786	-114.974
26945.6	86.551	-116.987
27337.5	86.315	-118.907
27735.2	86.089	-120.827
28138.6	85.861	-122.807
28547.9	85.636	-124.878
28963.1	85.407	-127.154
29384.4	85.141	-129.637
29811.8	84.825	-132.214
30245.4	84.439	-134.765
30685.3	83.977	-137.096
31131.7	83.468	-139.079
31584.5	82.928	-140.650
32043.9	82.378	-141.762
32510.0	81.845	-142.445
32982.8	81.340	-142.771
33462.6	80.871	-142.825
33949.3	80.444	-142.661
34443.1	80.068	-142.376
34944.1	79.738	-142.135
35452.4	79.437	-141.960
35968.0	79.162	-141.868
36491.2	78.899	-141.908
37022.0	78.644	-141.988
37560.5	78.403	-142.102
38106.8	78.187	-142.248
38661.1	77.994	-142.386
39223.4	77.850	-142.481
39793.9	77.743	-142.530
