4.3945	54.4200	-175.1000
5.8594	64.3800	55.7000
7.3242	61.1500	-58.3000
8.7891	59.2100	109.1000
10.2539	60.3500	17.3000
11.7188	59.7500	34.7000
13.1836	64.1800	-12.7000
14.6484	57.6900	-8.8000
16.1133	68.7100	-13.4000
17.5781	71.5300	-73.4000
19.0430	69.0700	-127.0000
20.5078	64.4500	-151.1000
21.9727	63.0400	-176.8000
23.4375	55.0800	141.4000
24.9023	52.7200	-147.6000
26.3672	54.1500	-170.3000
27.8320	56.6300	-177.1000
29.2969	56.8200	138.9000
30.7617	53.0500	113.2000
32.2266	51.0800	86.7000
33.6914	46.9800	86.1000
35.1562	50.2200	49.1000
36.6211	35.5500	-20.0000
38.0859	51.0000	72.1000
39.5508	53.3200	15.0000
41.0156	54.4300	-9.5000
42.4805	55.5000	-48.4000
43.9453	54.0700	-64.7000
45.4102	56.6200	-92.1000
46.8750	54.6300	-138.4000
48.3398	48.5000	-172.3000
49.8047	36.7300	-33.9000
51.2695	51.0700	-100.8000
52.7344	46.9700	-153.1000
54.1992	42.9000	-115.3000
55.6641	44.4500	-71.1000
57.1289	54.6800	-107.9000
58.5938	53.6300	-176.2000
60.0586	35.2200	-174.7000
61.5234	46.1900	-144.5000
62.9883	45.1900	-137.1000
64.4531	47.4100	-166.6000
65.9180	38.6900	-168.3000
67.3828	41.8100	-135.8000
68.8477	43.8200	-123.9000
70.3125	44.4200	-138.3000
71.7773	45.3300	-118.8000
73.2422	47.1100	-130.1000
74.7070	49.0600	-120.8000
76.1719	52.4600	-136.7000
77.6367	54.3500	-160.1000
79.1016	53.6200	164.7000
80.5664	48.4800	154.2000
82.0312	48.4500	159.2000
83.4961	45.8600	160.8000
84.9609	47.8700	164.2000
86.4258	47.4400	155.2000
87.8906	48.2200	143.1000
89.3555	46.3200	127.9000
90.8203	46.3500	111.8000
92.2852	42.1500	65.0000
93.7500	31.9900	-0.3000
95.2148	38.1200	-97.1000
96.6797	39.9000	-141.1000
98.1445	41.9600	-123.8000
99.6094	45.3200	-147.0000
101.0742	45.4800	-149.9000
102.5391	47.3200	-163.0000
104.0039	46.9500	-167.1000
105.4688	48.4800	-173.5000
106.9336	49.2300	179.5000
108.3984	50.4000	163.6000
109.8633	49.7400	151.9000
111.3281	50.5600	136.3000
112.7930	48.3800	113.0000
114.2578	46.3400	108.7000
115.7227	43.8500	91.0000
117.1875	39.2400	96.4000
118.6523	36.3400	110.7000
120.1172	37.7500	123.6000
121.5820	34.4000	119.5000
123.0469	36.2200	136.1000
124.5117	32.8800	123.3000
125.9766	31.9700	138.3000
127.4414	25.0300	-178.1000
128.9062	32.4700	-172.8000
130.3711	31.3000	-145.6000
131.8359	35.0400	-154.5000
133.3008	35.0800	-135.8000
134.7656	37.1600	-145.0000
136.2305	38.4900	-122.9000
137.6953	42.1700	-140.6000
139.1602	41.3600	-150.2000
140.6250	41.2800	-152.5000
142.0898	41.3000	-145.0000
143.5547	42.4200	-149.4000
145.0195	42.4500	-145.8000
146.4844	43.2800	-149.0000
147.9492	43.7700	-144.9000
149.4141	44.7000	-151.5000
150.8789	44.7500	-149.3000
152.3438	45.6100	-155.2000
153.8086	45.3800	-154.3000
155.2734	46.0900	-158.2000
156.7383	45.9700	-158.1000
158.2031	46.3900	-162.0000
159.6680	46.2600	-159.8000
161.1328	46.9400	-164.3000
162.5977	46.5900	-164.1000
164.0625	47.0000	-167.7000
165.5273	46.4800	-166.0000
166.9922	46.9500	-167.2000
168.4570	46.7500	-164.4000
169.9219	47.5200	-166.8000
171.3867	47.2400	-166.1000
172.8516	47.8400	-167.8000
174.3164	47.5500	-167.1000
175.7812	48.1100	-167.1000
177.2461	48.3200	-166.0000
178.7109	48.9900	-169.0000
180.1758	49.0100	-169.4000
181.6406	49.5700	-172.7000
183.1055	49.5200	-173.4000
184.5703	50.1600	-177.5000
186.0352	49.8200	179.0000
187.5000	49.9300	175.7000
188.9648	49.3700	174.1000
190.4297	49.4100	172.5000
191.8945	48.9000	172.8000
193.3594	49.1900	171.0000
194.8242	48.4200	170.3000
196.2891	48.6100	171.3000
197.7539	48.1400	171.1000
199.2188	48.2700	171.0000
200.6836	47.6300	171.9000
202.1484	47.8100	173.0000
203.6133	47.1500	175.0000
205.0781	47.5000	177.5000
206.5430	47.0500	179.9000
208.0078	47.4300	-177.0000
209.4727	47.3700	-173.1000
210.9375	48.1100	-172.1000
212.4023	48.0600	-169.9000
213.8672	48.7500	-169.3000
215.3320	48.7300	-167.5000
216.7969	49.4100	-166.5000
218.2617	49.6800	-164.8000
219.7266	50.5000	-165.7000
221.1914	50.7200	-166.1000
222.6562	51.3600	-167.7000
224.1211	51.4800	-168.5000
225.5859	52.0800	-169.9000
227.0508	52.2600	-171.6000
228.5156	52.7400	-174.2000
229.9805	52.7300	-176.9000
231.4453	52.9400	-179.6000
232.9102	52.6900	178.6000
234.3750	52.7900	177.4000
235.8398	52.5500	177.1000
237.3047	52.8900	176.9000
238.7695	52.8200	175.3000
240.2344	53.0300	174.1000
241.6992	52.8600	172.5000
243.1641	52.9500	171.4000
244.6289	52.6700	170.4000
246.0938	52.7500	170.0000
247.5586	52.4400	169.6000
249.0234	52.5500	170.1000
250.4883	52.3300	170.2000
251.9531	52.5300	170.9000
253.4180	52.4100	170.8000
254.8828	52.6300	171.0000
256.3477	52.4500	170.8000
257.8125	52.6600	171.7000
259.2773	52.6400	171.8000
260.7422	52.9100	171.7000
262.2070	52.8200	171.5000
263.6719	53.1100	171.7000
265.1367	53.0500	171.0000
266.6016	53.2900	170.9000
268.0664	53.2000	170.5000
269.5312	53.5100	170.6000
270.9961	53.4900	169.5000
272.4609	53.7500	168.8000
273.9258	53.6300	167.3000
275.3906	53.7800	166.8000
276.8555	53.6100	165.3000
278.3203	53.6800	164.7000
279.7852	53.3900	163.6000
281.2500	53.4100	164.0000
282.7148	53.1800	163.7000
284.1797	53.2800	164.4000
285.6445	53.1000	163.9000
287.1094	53.2400	164.3000
288.5742	53.0100	163.2000
290.0391	53.0300	163.9000
291.5039	52.7500	163.3000
292.9688	52.7400	164.6000
294.4336	52.4700	164.8000
295.8984	52.5200	166.7000
297.3633	52.3400	167.3000
298.8281	52.4800	169.3000
300.2930	52.3700	169.8000
301.7578	52.5500	171.7000
303.2227	52.4800	172.3000
304.6875	52.7200	174.1000
306.1523	52.7100	174.4000
307.6172	52.9600	175.9000
309.0820	52.9600	175.9000
310.5469	53.1700	177.2000
312.0117	53.1500	177.5000
313.4766	53.3700	178.9000
314.9414	53.3700	179.6000
316.4062	53.6700	-178.8000
317.8711	53.7800	-178.1000
319.3359	54.1800	-176.6000
320.8008	54.4200	-176.6000
322.2656	54.8500	-176.4000
323.7305	55.0700	-177.3000
325.1953	55.4000	-177.8000
326.6602	55.5200	-179.0000
328.1250	55.7700	-179.6000
329.5898	55.8500	179.1000
331.0547	56.0400	178.3000
332.5195	56.0200	177.1000
333.9844	56.1600	176.6000
335.4492	56.1100	175.6000
336.9141	56.2500	175.5000
338.3789	56.2500	174.3000
339.8438	56.3300	173.8000
341.3086	56.2500	172.8000
342.7734	56.3200	172.7000
344.2383	56.2300	171.8000
345.7031	56.2700	171.9000
347.1680	56.2000	171.2000
348.6328	56.2600	171.3000
350.0977	56.1700	170.4000
351.5625	56.1700	170.6000
353.0273	56.0500	169.9000
354.4922	56.0600	170.3000
355.9570	55.9300	169.7000
357.4219	55.9000	170.2000
358.8867	55.7700	169.7000
360.3516	55.6900	170.3000
361.8164	55.4800	170.2000
363.2812	55.3900	171.6000
364.7461	55.2300	172.1000
366.2109	55.1700	173.8000
367.6758	55.0300	174.6000
369.1406	55.0200	176.8000
370.6055	54.9200	178.1000
372.0703	54.9800	-179.2000
373.5352	55.0100	-177.4000
375.0000	55.2200	-174.9000
376.4648	55.3600	-173.3000
377.9297	55.6800	-171.2000
379.3945	55.8700	-170.1000
380.8594	56.2400	-168.5000
382.3242	56.4800	-168.0000
383.7891	56.8400	-166.9000
385.2539	57.0800	-166.7000
386.7188	57.4500	-166.1000
388.1836	57.6900	-166.4000
389.6484	58.0200	-166.1000
391.1133	58.2300	-166.5000
392.5781	58.5300	-166.5000
394.0430	58.7200	-167.1000
395.5078	58.9900	-167.1000
396.9727	59.1900	-167.8000
398.4375	59.4400	-168.1000
399.9023	59.6000	-169.0000
401.3672	59.8200	-169.5000
402.8320	59.9500	-170.4000
404.2969	60.1200	-170.8000
405.7617	60.2300	-171.7000
407.2266	60.3800	-172.1000
408.6914	60.4700	-173.0000
410.1562	60.5900	-173.3000
411.6211	60.6700	-174.0000
413.0859	60.7900	-174.3000
414.5508	60.8700	-174.9000
416.0156	61.0000	-175.0000
417.4805	61.0800	-175.7000
418.9453	61.2100	-175.8000
420.4102	61.3000	-176.5000
421.8750	61.4200	-176.7000
423.3398	61.5200	-177.4000
424.8047	61.6500	-177.6000
426.2695	61.7500	-178.4000
427.7344	61.8800	-178.8000
429.1992	61.9600	-179.7000
430.6641	62.0600	179.9000
432.1289	62.1300	179.0000
433.5938	62.2200	178.5000
435.0586	62.2800	177.5000
436.5234	62.3400	177.0000
437.9883	62.3600	176.0000
439.4531	62.4000	175.7000
440.9180	62.4200	174.8000
442.3828	62.4500	174.5000
443.8477	62.4500	173.8000
445.3125	62.4700	173.6000
446.7773	62.4900	173.0000
448.2422	62.5100	172.9000
449.7070	62.5400	172.4000
451.1719	62.5700	172.3000
452.6367	62.6000	171.9000
454.1016	62.6400	171.8000
455.5664	62.6900	171.3000
457.0312	62.7400	171.1000
458.4961	62.7800	170.5000
459.9609	62.8200	170.3000
461.4258	62.8500	169.6000
462.8906	62.8800	169.4000
464.3555	62.9200	168.8000
465.8203	62.9400	168.5000
467.2852	62.9600	167.8000
468.7500	62.9600	167.5000
470.2148	62.9700	166.9000
471.6797	62.9700	166.7000
473.1445	62.9700	166.1000
474.6094	62.9700	165.9000
476.0742	62.9800	165.3000
477.5391	62.9800	165.1000
479.0039	62.9800	164.4000
480.4688	62.9600	164.1000
481.9336	62.9400	163.4000
483.3984	62.8900	163.1000
484.8633	62.8400	162.4000
486.3281	62.7600	162.2000
487.7930	62.6900	161.8000
489.2578	62.6000	161.7000
490.7227	62.5300	161.4000
492.1875	62.4300	161.5000
493.6523	62.3600	161.3000
495.1172	62.2500	161.5000
496.5820	62.1600	161.4000
498.0469	62.0400	161.9000
499.5117	61.9400	162.0000
500.9766	61.8200	162.7000
502.4414	61.7200	163.0000
503.9062	61.6100	164.0000
505.3711	61.5300	164.7000
506.8359	61.4400	165.9000
508.3008	61.4100	166.8000
509.7656	61.3500	168.3000
511.2305	61.3500	169.4000
512.6953	61.3500	170.9000
514.1602	61.4000	172.1000
515.6250	61.4600	173.8000
517.0898	61.5800	175.0000
518.5547	61.7200	176.5000
520.0195	61.8900	177.4000
521.4844	62.0700	178.6000
522.9492	62.2800	179.2000
524.4141	62.4900	-180.0000
525.8789	62.7200	-179.8000
527.3438	62.9300	-179.4000
528.8086	63.1400	-179.6000
530.2734	63.3200	-179.5000
531.7383	63.5000	-179.8000
533.2031	63.6600	-180.0000
534.6680	63.8100	179.5000
536.1328	63.9400	179.3000
537.5977	64.0700	178.8000
539.0625	64.1700	178.5000
540.5273	64.2900	177.9000
541.9922	64.3700	177.5000
543.4570	64.4500	176.8000
544.9219	64.4900	176.4000
546.3867	64.5400	175.9000
547.8516	64.5600	175.7000
549.3164	64.5900	175.2000
550.7812	64.6000	175.1000
552.2461	64.6300	174.8000
553.7109	64.6200	174.7000
555.1758	64.6400	174.5000
556.6406	64.6200	174.7000
558.1055	64.6400	174.7000
559.5703	64.6500	175.0000
561.0352	64.6900	175.1000
562.5000	64.7100	175.5000
563.9648	64.7700	175.7000
565.4297	64.8200	176.1000
566.8945	64.9000	176.3000
568.3594	64.9600	176.6000
569.8242	65.0500	176.7000
571.2891	65.1300	176.9000
572.7539	65.2300	176.9000
574.2188	65.3100	177.1000
575.6836	65.4200	177.0000
577.1484	65.5000	177.0000
578.6133	65.6000	176.8000
580.0781	65.6600	176.7000
581.5430	65.7500	176.4000
583.0078	65.8000	176.3000
584.4727	65.8700	176.0000
585.9375	65.9000	176.0000
587.4023	65.9600	175.8000
588.8672	66.0000	175.8000
590.3320	66.0600	175.5000
591.7969	66.0800	175.6000
593.2617	66.1300	175.4000
594.7266	66.1600	175.5000
596.1914	66.2200	175.4000
597.6562	66.2500	175.5000
599.1211	66.3100	175.5000
600.5859	66.3500	175.6000
602.0508	66.4100	175.5000
603.5156	66.4500	175.6000
604.9805	66.5100	175.6000
606.4453	66.5500	175.7000
607.9102	66.6100	175.7000
609.3750	66.6500	175.9000
610.8398	66.7200	175.9000
612.3047	66.7700	176.0000
613.7695	66.8500	176.1000
615.2344	66.9000	176.2000
616.6992	66.9800	176.2000
618.1641	67.0400	176.4000
619.6289	67.1300	176.4000
621.0938	67.2000	176.5000
622.5586	67.2900	176.5000
624.0234	67.3600	176.5000
625.4883	67.4600	176.5000
626.9531	67.5400	176.5000
628.4180	67.6400	176.3000
629.8828	67.7200	176.2000
631.3477	67.8200	176.0000
632.8125	67.8900	175.9000
634.2773	67.9900	175.6000
635.7422	68.0600	175.4000
637.2070	68.1500	175.1000
638.6719	68.2100	174.8000
640.1367	68.2800	174.4000
641.6016	68.3300	174.1000
643.0664	68.3900	173.8000
644.5312	68.4300	173.6000
645.9961	68.4900	173.2000
647.4609	68.5200	173.0000
648.9258	68.5700	172.7000
650.3906	68.5900	172.5000
651.8555	68.6400	172.2000
653.3203	68.6600	172.1000
654.7852	68.7100	171.9000
656.2500	68.7400	171.7000
657.7148	68.7900	171.5000
659.1797	68.8100	171.4000
660.6445	68.8600	171.2000
662.1094	68.8800	171.1000
663.5742	68.9300	170.9000
665.0391	68.9600	170.8000
666.5039	69.0100	170.6000
667.9688	69.0400	170.5000
669.4336	69.0800	170.3000
670.8984	69.1100	170.1000
672.3633	69.1500	170.0000
673.8281	69.1800	169.8000
675.2930	69.2200	169.7000
676.7578	69.2500	169.5000
678.2227	69.2900	169.4000
679.6875	69.3100	169.2000
681.1523	69.3500	169.0000
682.6172	69.3700	168.9000
684.0820	69.4000	168.8000
685.5469	69.4200	168.7000
687.0117	69.4600	168.6000
688.4766	69.4800	168.5000
689.9414	69.5200	168.4000
691.4062	69.5300	168.3000
692.8711	69.5700	168.2000
694.3359	69.5900	168.1000
695.8008	69.6200	168.1000
697.2656	69.6400	168.0000
698.7305	69.6800	168.0000
700.1953	69.7000	167.9000
701.6602	69.7400	167.8000
703.1250	69.7600	167.8000
704.5898	69.8000	167.8000
706.0547	69.8300	167.7000
707.5195	69.8700	167.7000
708.9844	69.8900	167.7000
710.4492	69.9400	167.7000
711.9141	69.9600	167.7000
713.3789	70.0100	167.7000
714.8438	70.0400	167.7000
716.3086	70.0900	167.7000
717.7734	70.1300	167.7000
719.2383	70.2000	167.7000
720.7031	70.2400	167.7000
722.1680	70.3100	167.6000
723.6328	70.3600	167.5000
725.0977	70.4300	167.4000
726.5625	70.4800	167.3000
728.0273	70.5500	167.1000
729.4922	70.6000	166.9000
730.9570	70.6700	166.6000
732.4219	70.7100	166.4000
735.3516	70.8100	165.8000
738.2812	70.8800	165.1000
741.2109	70.9400	164.5000
744.1406	70.9800	163.9000
747.0703	71.0100	163.3000
750.0000	71.0300	162.8000
752.9297	71.0400	162.3000
755.8594	71.0400	161.8000
758.7891	71.0400	161.4000
761.7188	71.0200	161.0000
764.6484	71.0000	160.8000
767.5781	70.9700	160.6000
770.5078	70.9400	160.5000
773.4375	70.9100	160.5000
776.3672	70.8800	160.5000
779.2969	70.8600	160.7000
782.2266	70.8400	161.0000
785.1562	70.8400	161.4000
788.0859	70.8700	161.9000
791.0156	70.9100	162.3000
793.9453	70.9700	162.6000
796.8750	71.0400	162.9000
799.8047	71.1200	163.1000
802.7344	71.2000	163.2000
805.6641	71.2800	163.3000
808.5938	71.3600	163.3000
811.5234	71.4400	163.1000
814.4531	71.5000	162.9000
817.3828	71.5500	162.6000
820.3125	71.5800	162.3000
823.2422	71.5900	162.0000
826.1719	71.5800	161.8000
829.1016	71.5600	161.6000
832.0312	71.5100	161.6000
834.9609	71.4600	161.7000
837.8906	71.4100	162.0000
840.8203	71.3600	162.5000
843.7500	71.3300	163.1000
846.6797	71.3000	163.8000
849.6094	71.3000	164.7000
852.5391	71.3100	165.6000
855.4688	71.3500	166.7000
858.3984	71.4200	167.8000
861.3281	71.5200	168.9000
864.2578	71.6600	169.9000
867.1875	71.8300	170.8000
870.1172	72.0100	171.5000
873.0469	72.2000	172.0000
875.9766	72.4100	172.3000
878.9062	72.6000	172.5000
881.8359	72.7900	172.5000
884.7656	72.9600	172.3000
887.6953	73.1100	172.1000
890.6250	73.2500	171.9000
893.5547	73.3700	171.6000
896.4844	73.4800	171.4000
899.4141	73.5700	171.2000
902.3438	73.6600	171.2000
905.2734	73.7500	171.1000
908.2031	73.8500	171.2000
911.1328	73.9600	171.2000
914.0625	74.0800	171.3000
916.9922	74.2100	171.3000
919.9219	74.3500	171.2000
922.8516	74.4900	171.0000
925.7812	74.6300	170.7000
928.7109	74.7700	170.4000
931.6406	74.8900	169.9000
934.5703	75.0000	169.4000
937.5000	75.1000	168.9000
940.4297	75.1800	168.4000
943.3594	75.2500	167.9000
946.2891	75.3100	167.4000
949.2188	75.3600	166.9000
952.1484	75.4000	166.5000
955.0781	75.4400	166.2000
958.0078	75.4800	166.0000
960.9375	75.5200	165.8000
963.8672	75.5600	165.6000
966.7969	75.6100	165.5000
969.7266	75.6600	165.3000
972.6562	75.7100	165.2000
975.5859	75.7700	165.0000
978.5156	75.8300	164.8000
981.4453	75.8800	164.6000
984.3750	75.9300	164.4000
987.3047	75.9700	164.3000
990.2344	76.0100	164.1000
993.1641	76.0500	163.9000
996.0938	76.0900	163.8000
999.0234	76.1200	163.7000
1001.9531	76.1600	163.7000
1004.8828	76.2000	163.7000
1007.8125	76.2400	163.7000
1010.7422	76.2900	163.7000
1013.6719	76.3400	163.7000
1016.6016	76.4000	163.7000
1019.5313	76.4600	163.7000
1022.4609	76.5300	163.7000
1025.3906	76.5900	163.7000
1028.3203	76.6500	163.7000
1031.2500	76.7200	163.6000
1034.1797	76.7800	163.6000
1037.1094	76.8500	163.5000
1040.0391	76.9100	163.4000
1042.9688	76.9800	163.3000
1045.8984	77.0400	163.2000
1048.8281	77.1000	163.1000
1051.7578	77.1600	163.0000
1054.6875	77.2100	163.0000
1057.6172	77.2700	162.9000
1060.5469	77.3200	162.9000
1063.4766	77.3800	162.9000
1066.4063	77.4500	162.9000
1069.3359	77.5200	162.9000
1072.2656	77.6000	163.0000
1075.1953	77.6800	162.9000
1078.1250	77.7800	162.9000
1081.0547	77.8700	162.7000
1083.9844	77.9600	162.5000
1086.9141	78.0500	162.2000
1089.8438	78.1200	161.8000
1092.7734	78.1900	161.5000
1095.7031	78.2500	161.1000
1098.6328	78.2900	160.8000
1101.5625	78.3300	160.4000
1104.4922	78.3600	160.2000
1107.4219	78.3800	160.0000
1110.3516	78.4100	159.8000
1113.2813	78.4300	159.7000
1116.2109	78.4500	159.6000
1119.1406	78.4800	159.6000
1122.0703	78.5100	159.7000
1125.0000	78.5500	159.8000
1127.9297	78.6000	159.9000
1130.8594	78.6600	160.1000
1133.7891	78.7300	160.2000
1136.7188	78.8000	160.3000
1139.6484	78.8900	160.4000
1142.5781	78.9800	160.5000
1145.5078	79.0800	160.5000
1148.4375	79.1800	160.4000
1151.3672	79.2900	160.3000
1154.2969	79.3900	160.2000
1157.2266	79.5000	160.0000
1160.1563	79.6100	159.7000
1163.0859	79.7200	159.4000
1166.0156	79.8300	159.0000
1168.9453	79.9400	158.6000
1171.8750	80.0400	158.1000
1174.8047	80.1300	157.5000
1177.7344	80.2200	156.9000
1180.6641	80.2900	156.3000
1183.5938	80.3600	155.6000
1186.5234	80.4200	154.9000
1189.4531	80.4600	154.2000
1192.3828	80.5000	153.5000
1195.3125	80.5300	152.8000
1198.2422	80.5500	152.1000
1201.1719	80.5600	151.4000
1204.1016	80.5600	150.7000
1207.0313	80.5500	150.1000
1209.9609	80.5300	149.5000
1212.8906	80.5000	148.9000
1215.8203	80.4700	148.4000
1218.7500	80.4300	148.0000
1221.6797	80.3800	147.7000
1224.6094	80.3400	147.4000
1227.5391	80.2900	147.2000
1230.4688	80.2500	147.0000
1233.3984	80.2200	147.0000
1236.3281	80.1900	146.9000
1239.2578	80.1600	146.9000
1242.1875	80.1400	146.9000
1245.1172	80.1200	146.9000
1248.0469	80.1100	146.9000
1250.9766	80.1000	147.0000
1253.9063	80.1000	147.0000
1256.8359	80.1000	147.0000
1259.7656	80.1000	147.1000
1262.6953	80.1100	147.1000
1265.6250	80.1100	147.1000
1268.5547	80.1200	147.0000
1271.4844	80.1200	147.0000
1274.4141	80.1200	147.0000
1277.3438	80.1200	147.0000
1280.2734	80.1200	147.0000
1283.2031	80.1200	147.0000
1286.1328	80.1200	147.0000
1289.0625	80.1200	147.0000
1291.9922	80.1200	147.0000
1294.9219	80.1100	147.1000
1297.8516	80.1000	147.2000
1300.7813	80.1000	147.3000
1303.7109	80.1000	147.4000
1306.6406	80.1000	147.6000
1309.5703	80.1100	147.8000
1312.5000	80.1200	148.0000
1315.4297	80.1400	148.2000
1318.3594	80.1700	148.3000
1321.2891	80.2000	148.4000
1324.2188	80.2200	148.5000
1327.1484	80.2400	148.5000
1330.0781	80.2600	148.6000
1333.0078	80.2800	148.6000
1335.9375	80.2900	148.6000
1338.8672	80.3000	148.7000
1341.7969	80.3000	148.7000
1344.7266	80.3100	148.8000
1347.6563	80.3100	148.9000
1350.5859	80.3100	149.0000
1353.5156	80.3100	149.1000
1356.4453	80.3100	149.2000
1359.3750	80.3000	149.4000
1362.3047	80.3000	149.6000
1365.2344	80.2900	149.9000
1368.1641	80.2800	150.1000
1371.0938	80.2800	150.5000
1374.0234	80.2800	150.9000
1376.9531	80.2800	151.3000
1379.8828	80.3000	151.8000
1382.8125	80.3200	152.2000
1385.7422	80.3500	152.7000
1388.6719	80.3800	153.2000
1391.6016	80.4200	153.7000
1394.5313	80.4700	154.1000
1397.4609	80.5200	154.6000
1400.3906	80.5700	155.0000
1403.3203	80.6300	155.5000
1406.2500	80.7000	156.0000
1409.1797	80.7700	156.4000
1412.1094	80.8500	156.8000
1415.0391	80.9300	157.2000
1417.9688	81.0200	157.6000
1420.8984	81.1200	157.9000
1423.8281	81.2200	158.1000
1426.7578	81.3100	158.3000
1429.6875	81.4100	158.5000
1432.6172	81.4900	158.6000
1435.5469	81.5800	158.7000
1438.4766	81.6600	158.8000
1441.4063	81.7400	159.0000
1444.3359	81.8300	159.1000
1447.2656	81.9100	159.3000
1450.1953	82.0000	159.4000
1453.1250	82.0900	159.5000
1456.0547	82.1800	159.6000
1458.9844	82.2800	159.7000
1461.9141	82.3800	159.8000
1464.8438	82.4800	159.9000
1469.2383	82.6300	159.8000
1473.6328	82.7900	159.8000
1478.0273	82.9400	159.6000
1482.4219	83.0900	159.4000
1486.8164	83.2400	159.1000
1491.2109	83.3700	158.7000
1495.6055	83.5000	158.3000
1500.0000	83.6100	157.8000
1504.3945	83.7100	157.3000
1508.7891	83.8000	156.8000
1513.1836	83.8800	156.4000
1517.5781	83.9500	156.0000
1521.9727	84.0200	155.5000
1526.3672	84.0800	155.1000
1530.7617	84.1400	154.7000
1535.1563	84.1800	154.3000
1539.5508	84.2200	153.9000
1543.9453	84.2500	153.6000
1548.3398	84.2600	153.3000
1552.7344	84.2600	153.1000
1557.1289	84.2500	153.1000
1561.5234	84.2500	153.2000
1565.9180	84.2600	153.5000
1570.3125	84.2900	153.9000
1574.7070	84.3500	154.3000
1579.1016	84.4400	154.7000
1583.4961	84.5400	155.1000
1587.8906	84.6600	155.3000
1592.2852	84.7900	155.4000
1596.6797	84.9200	155.4000
1601.0742	85.0400	155.4000
1605.4688	85.1600	155.2000
1609.8633	85.2800	155.0000
1614.2578	85.3900	154.7000
1618.6523	85.4900	154.4000
1623.0469	85.5800	154.1000
1627.4414	85.6600	153.7000
1631.8359	85.7300	153.4000
1636.2305	85.8000	153.1000
1640.6250	85.8500	152.9000
1645.0195	85.9100	152.7000
1649.4141	85.9600	152.5000
1653.8086	86.0200	152.4000
1658.2031	86.0900	152.3000
1662.5977	86.1600	152.3000
1666.9922	86.2400	152.2000
1671.3867	86.3300	152.1000
1675.7813	86.4100	151.9000
1680.1758	86.4900	151.7000
1684.5703	86.5700	151.4000
1688.9648	86.6400	151.1000
1693.3594	86.7100	150.9000
1697.7539	86.7700	150.6000
1702.1484	86.8200	150.3000
1706.5430	86.8700	150.1000
1710.9375	86.9200	149.9000
1715.3320	86.9600	149.7000
1719.7266	87.0000	149.6000
1724.1211	87.0400	149.5000
1728.5156	87.0900	149.5000
1732.9102	87.1400	149.6000
1737.3047	87.2000	149.6000
1741.6992	87.2800	149.6000
1746.0938	87.3500	149.6000
1750.4883	87.4300	149.5000
1754.8828	87.5100	149.4000
1759.2773	87.5900	149.3000
1763.6719	87.6600	149.2000
1768.0664	87.7300	149.0000
1772.4609	87.8000	148.9000
1776.8555	87.8600	148.7000
1781.2500	87.9200	148.6000
1785.6445	87.9800	148.5000
1790.0391	88.0500	148.5000
1794.4336	88.1100	148.4000
1798.8281	88.1800	148.4000
1803.2227	88.2500	148.4000
1807.6172	88.3200	148.3000
1812.0117	88.3900	148.3000
1816.4063	88.4700	148.3000
1820.8008	88.5500	148.3000
1825.1953	88.6200	148.3000
1829.5898	88.7100	148.2000
1833.9844	88.7900	148.2000
1838.3789	88.8800	148.2000
1842.7734	88.9700	148.2000
1847.1680	89.0700	148.2000
1851.5625	89.1800	148.2000
1855.9570	89.2900	148.1000
1860.3516	89.4000	148.0000
1864.7461	89.5200	147.8000
1869.1406	89.6300	147.6000
1873.5352	89.7400	147.3000
1877.9297	89.8500	147.1000
1882.3242	89.9500	146.7000
1886.7188	90.0500	146.4000
1891.1133	90.1500	146.1000
1895.5078	90.2400	145.7000
1899.9023	90.3200	145.4000
1904.2969	90.4100	145.0000
1908.6914	90.4900	144.7000
1913.0859	90.5700	144.4000
1917.4805	90.6400	144.1000
1921.8750	90.7300	143.8000
1926.2695	90.8100	143.6000
1930.6641	90.9000	143.3000
1935.0586	90.9900	143.1000
1939.4531	91.0900	142.7000
1943.8477	91.1800	142.4000
1948.2422	91.2800	142.0000
1952.6367	91.3700	141.6000
1957.0313	91.4600	141.2000
1961.4258	91.5400	140.7000
1965.8203	91.6200	140.2000
1970.2148	91.6900	139.8000
1974.6094	91.7600	139.3000
1979.0039	91.8300	138.9000
1983.3984	91.8800	138.5000
1987.7930	91.9400	138.1000
1992.1875	92.0000	137.7000
1996.5820	92.0600	137.4000
2000.9766	92.1100	137.1000
2005.3711	92.1800	136.8000
2009.7656	92.2400	136.5000
2014.1602	92.3100	136.3000
2018.5547	92.3800	136.1000
2022.9492	92.4600	135.9000
2027.3438	92.5500	135.6000
2031.7383	92.6500	135.3000
2036.1328	92.7500	135.0000
2040.5273	92.8500	134.6000
2044.9219	92.9500	134.1000
2049.3164	93.0400	133.6000
2053.7109	93.1300	133.1000
2058.1055	93.2100	132.5000
2062.5000	93.2900	132.0000
2066.8945	93.3600	131.4000
2071.2891	93.4300	130.8000
2075.6836	93.4900	130.3000
2080.0781	93.5500	129.7000
2084.4727	93.6000	129.2000
2088.8672	93.6600	128.7000
2093.2617	93.7100	128.2000
2097.6563	93.7600	127.7000
2102.0508	93.8200	127.3000
2106.4453	93.8800	126.9000
2110.8398	93.9400	126.4000
2115.2344	94.0100	126.0000
2119.6289	94.0700	125.5000
2124.0234	94.1400	125.0000
2128.4180	94.2100	124.5000
2132.8125	94.2700	123.9000
2137.2070	94.3300	123.3000
2141.6016	94.3900	122.7000
2145.9961	94.4400	122.1000
2150.3906	94.4800	121.5000
2154.7852	94.5300	121.0000
2159.1797	94.5700	120.4000
2163.5742	94.6200	119.8000
2167.9688	94.6600	119.3000
2172.3633	94.7000	118.7000
2176.7578	94.7400	118.1000
2181.1523	94.7700	117.5000
2185.5469	94.7900	117.0000
2189.9414	94.8200	116.4000
2194.3359	94.8400	116.0000
2198.7305	94.8700	115.5000
2204.5898	94.9000	114.9000
2210.4492	94.9400	114.4000
2216.3086	94.9900	113.8000
2222.1680	95.0300	113.3000
2228.0273	95.0800	112.7000
2233.8867	95.1300	112.2000
2239.7461	95.1800	111.6000
2245.6055	95.2400	111.1000
2251.4648	95.3100	110.6000
2257.3242	95.3800	110.0000
2263.1836	95.4500	109.4000
2269.0430	95.5200	108.7000
2274.9023	95.5900	108.0000
2280.7617	95.6600	107.3000
2286.6211	95.7300	106.5000
2292.4805	95.8000	105.7000
2298.3398	95.8700	104.8000
2304.1992	95.9300	103.9000
2310.0586	95.9800	103.0000
2315.9180	96.0200	102.0000
2321.7773	96.0500	101.0000
2327.6367	96.0700	100.1000
2333.4961	96.0900	99.2000
2339.3555	96.1100	98.2000
2345.2148	96.1200	97.3000
2351.0742	96.1200	96.3000
2356.9336	96.1200	95.4000
2362.7930	96.1100	94.4000
2368.6523	96.0800	93.5000
2374.5117	96.0500	92.7000
2380.3711	96.0100	91.9000
2386.2305	95.9600	91.2000
2392.0898	95.9100	90.6000
2397.9492	95.8700	90.0000
2403.8086	95.8300	89.6000
2409.6680	95.8100	89.1000
2415.5273	95.7900	88.7000
2421.3867	95.7700	88.3000
2427.2461	95.7600	87.8000
2433.1055	95.7600	87.4000
2438.9648	95.7500	86.9000
2444.8242	95.7500	86.5000
2450.6836	95.7400	86.0000
2456.5430	95.7400	85.6000
2462.4023	95.7400	85.2000
2468.2617	95.7500	84.8000
2474.1211	95.7600	84.3000
2479.9805	95.7800	83.9000
2485.8398	95.8000	83.3000
2491.6992	95.8200	82.7000
2497.5586	95.8300	82.1000
2503.4180	95.8300	81.4000
2509.2773	95.8300	80.8000
2515.1367	95.8300	80.1000
2520.9961	95.8200	79.4000
2526.8555	95.8100	78.7000
2532.7148	95.7800	78.0000
2538.5742	95.7500	77.3000
2544.4336	95.7200	76.6000
2550.2930	95.6800	76.0000
2556.1523	95.6400	75.4000
2562.0117	95.5900	74.8000
2567.8711	95.5500	74.3000
2573.7305	95.5000	73.7000
2579.5898	95.4400	73.2000
2585.4492	95.3800	72.7000
2591.3086	95.3200	72.3000
2597.1680	95.2600	71.9000
2603.0273	95.1900	71.5000
2608.8867	95.1300	71.2000
2614.7461	95.0700	71.0000
2620.6055	95.0100	70.8000
2626.4648	94.9600	70.5000
2632.3242	94.9100	70.3000
2638.1836	94.8600	70.1000
2644.0430	94.8000	70.0000
2649.9023	94.7500	69.9000
2655.7617	94.7100	69.9000
2661.6211	94.6700	69.9000
2667.4805	94.6400	69.9000
2673.3398	94.6300	69.8000
2679.1992	94.6200	69.8000
2685.0586	94.6100	69.7000
2690.9180	94.6100	69.5000
2696.7773	94.6000	69.4000
2702.6367	94.5900	69.2000
2708.4961	94.5800	69.0000
2714.3555	94.5600	68.8000
2720.2148	94.5400	68.6000
2726.0742	94.5200	68.4000
2731.9336	94.5000	68.3000
2737.7930	94.4900	68.1000
2743.6523	94.4600	67.9000
2749.5117	94.4400	67.8000
2755.3711	94.4100	67.6000
2761.2305	94.3900	67.5000
2767.0898	94.3600	67.5000
2772.9492	94.3400	67.4000
2778.8086	94.3200	67.4000
2784.6680	94.3100	67.4000
2790.5273	94.3000	67.4000
2796.3867	94.3000	67.4000
2802.2461	94.2900	67.3000
2808.1055	94.2800	67.3000
2813.9648	94.2700	67.3000
2819.8242	94.2600	67.3000
2825.6836	94.2600	67.4000
2831.5430	94.2700	67.4000
2837.4023	94.2900	67.5000
2843.2617	94.3100	67.5000
2849.1211	94.3400	67.5000
2854.9805	94.3700	67.4000
2860.8398	94.3900	67.2000
2866.6992	94.4100	67.0000
2872.5586	94.4300	66.8000
2878.4180	94.4400	66.6000
2884.2773	94.4400	66.5000
2890.1367	94.4500	66.3000
2895.9961	94.4500	66.2000
2901.8555	94.4500	66.2000
2907.7148	94.4600	66.1000
2913.5742	94.4700	66.0000
2919.4336	94.4900	66.0000
2925.2930	94.5100	65.9000
2931.1523	94.5400	65.8000
2938.4766	94.5700	65.7000
2945.8008	94.6100	65.5000
2953.1250	94.6400	65.3000
2960.4492	94.6700	65.0000
2967.7734	94.6900	64.8000
2975.0977	94.7100	64.6000
2982.4219	94.7400	64.4000
2989.7461	94.7700	64.2000
2997.0703	94.8100	64.0000
3004.3945	94.8400	63.8000
3011.7188	94.8800	63.5000
3019.0430	94.9200	63.2000
3026.3672	94.9600	62.9000
3033.6914	95.0000	62.5000
3041.0156	95.0300	62.1000
3048.3398	95.0600	61.6000
3055.6641	95.0900	61.2000
3062.9883	95.1000	60.7000
3070.3125	95.1100	60.3000
3077.6367	95.1200	59.8000
3084.9609	95.1300	59.5000
3092.2852	95.1400	59.1000
3099.6094	95.1600	58.7000
3106.9336	95.1800	58.3000
3114.2578	95.2000	57.8000
3121.5820	95.2200	57.3000
3128.9063	95.2200	56.7000
3136.2305	95.2100	56.1000
3143.5547	95.1900	55.5000
3150.8789	95.1500	55.0000
3158.2031	95.1100	54.6000
3165.5273	95.0800	54.2000
3172.8516	95.0400	53.9000
3180.1758	95.0100	53.6000
3187.5000	94.9800	53.4000
3194.8242	94.9500	53.1000
3202.1484	94.9300	52.8000
3209.4727	94.9100	52.6000
3216.7969	94.8800	52.3000
3224.1211	94.8400	52.1000
3231.4453	94.8100	51.9000
3238.7695	94.7700	51.7000
3246.0938	94.7400	51.7000
3253.4180	94.7200	51.6000
3260.7422	94.7000	51.5000
3268.0664	94.6900	51.4000
3275.3906	94.6800	51.4000
3282.7148	94.6700	51.3000
3290.0391	94.6700	51.2000
3297.3633	94.6600	51.1000
3304.6875	94.6500	51.0000
3312.0117	94.6500	50.9000
3319.3359	94.6400	50.9000
3326.6602	94.6300	50.9000
3333.9844	94.6300	50.9000
3341.3086	94.6400	50.9000
3348.6328	94.6500	50.9000
3355.9570	94.6800	51.0000
3363.2813	94.7100	51.0000
3370.6055	94.7500	50.9000
3377.9297	94.7900	50.8000
3385.2539	94.8300	50.6000
3392.5781	94.8700	50.4000
3399.9023	94.9100	50.2000
3407.2266	94.9400	49.9000
3414.5508	94.9700	49.6000
3421.8750	95.0100	49.3000
3429.1992	95.0300	49.0000
3436.5234	95.0600	48.7000
3443.8477	95.0900	48.4000
3451.1719	95.1200	48.0000
3458.4961	95.1400	47.6000
3465.8203	95.1500	47.2000
3473.1445	95.1700	46.8000
3480.4688	95.1700	46.4000
3487.7930	95.1800	46.1000
3495.1172	95.1900	45.7000
3502.4414	95.2000	45.3000
3509.7656	95.2000	45.0000
3517.0898	95.2000	44.6000
3524.4141	95.2100	44.3000
3531.7383	95.2200	44.0000
3539.0625	95.2300	43.7000
3546.3867	95.2400	43.3000
3553.7109	95.2500	42.9000
3561.0352	95.2600	42.5000
3568.3594	95.2700	42.1000
3575.6836	95.2800	41.6000
3583.0078	95.2900	41.2000
3590.3320	95.3000	40.7000
3597.6563	95.2900	40.1000
3604.9805	95.2800	39.6000
3612.3047	95.2700	39.0000
3619.6289	95.2500	38.5000
3626.9531	95.2200	38.0000
3634.2773	95.1900	37.5000
3641.6016	95.1600	37.1000
3648.9258	95.1200	36.6000
3656.2500	95.0800	36.1000
3663.5742	95.0400	35.7000
3672.3633	94.9900	35.3000
3681.1523	94.9400	34.8000
3689.9414	94.8800	34.4000
3698.7305	94.8200	34.0000
3707.5195	94.7600	33.6000
3716.3086	94.7000	33.3000
3725.0977	94.6400	33.0000
3733.8867	94.5800	32.8000
3742.6758	94.5300	32.5000
3751.4648	94.4800	32.3000
3760.2539	94.4300	32.1000
3769.0430	94.3900	31.8000
3777.8320	94.3400	31.5000
3786.6211	94.2800	31.2000
3795.4102	94.2100	30.9000
3804.1992	94.1400	30.6000
3812.9883	94.0700	30.4000
3821.7773	93.9900	30.2000
3830.5664	93.9100	30.1000
3839.3555	93.8200	30.0000
3848.1445	93.7400	30.0000
3856.9336	93.6600	30.0000
3865.7227	93.5800	30.1000
3874.5117	93.5000	30.2000
3883.3008	93.4200	30.4000
3892.0898	93.3600	30.7000
3900.8789	93.3000	31.0000
3909.6680	93.2600	31.3000
3918.4570	93.2200	31.6000
3927.2461	93.1900	31.9000
3936.0352	93.1700	32.2000
3944.8242	93.1500	32.4000
3953.6133	93.1300	32.7000
3962.4023	93.1100	32.9000
3971.1914	93.0900	33.2000
3979.9805	93.0800	33.5000
3988.7695	93.0700	33.8000
3997.5586	93.0600	34.1000
4006.3477	93.0700	34.4000
4015.1367	93.0700	34.7000
4023.9258	93.0900	35.0000
4032.7148	93.1100	35.3000
4041.5039	93.1300	35.6000
4050.2930	93.1700	35.8000
4059.0820	93.2000	36.1000
4067.8711	93.2500	36.3000
4076.6602	93.3000	36.5000
4085.4492	93.3500	36.6000
4094.2383	93.4100	36.7000
4103.0273	93.4700	36.7000
4111.8164	93.5300	36.6000
4120.6055	93.5800	36.5000
4129.3945	93.6300	36.4000
4138.1836	93.6700	36.2000
4146.9727	93.7100	36.0000
4155.7617	93.7400	35.8000
4164.5508	93.7700	35.6000
4173.3398	93.7900	35.4000
4182.1289	93.8100	35.3000
4190.9180	93.8400	35.1000
4199.7070	93.8700	35.0000
4208.4961	93.9000	34.8000
4217.2852	93.9300	34.6000
4226.0742	93.9500	34.4000
4234.8633	93.9700	34.2000
4243.6523	93.9900	33.9000
4252.4414	94.0000	33.7000
4261.2305	94.0200	33.6000
4270.0195	94.0300	33.4000
4278.8086	94.0500	33.2000
4287.5977	94.0700	33.0000
4296.3867	94.0900	32.8000
4305.1758	94.1100	32.6000
4313.9648	94.1200	32.3000
4322.7539	94.1300	32.1000
4331.5430	94.1400	31.9000
4340.3320	94.1500	31.7000
4349.1211	94.1600	31.5000
4357.9102	94.1700	31.4000
4366.6992	94.1800	31.2000
4375.4883	94.1900	31.0000
4384.2773	94.2100	30.9000
4393.0664	94.2300	30.7000
4401.8555	94.2500	30.5000
4412.1094	94.2700	30.2000
4422.3633	94.2900	30.0000
4432.6172	94.3100	29.7000
4442.8711	94.3300	29.5000
4453.1250	94.3500	29.2000
4463.3789	94.3800	28.9000
4473.6328	94.4000	28.6000
4483.8867	94.4300	28.3000
4494.1406	94.4600	28.0000
4504.3945	94.4800	27.6000
4514.6484	94.5000	27.2000
4524.9023	94.5200	26.7000
4535.1563	94.5300	26.3000
4545.4102	94.5400	25.9000
4555.6641	94.5500	25.4000
4565.9180	94.5600	25.0000
4576.1719	94.5700	24.5000
4586.4258	94.5600	23.9000
4596.6797	94.5500	23.5000
4606.9336	94.5300	23.0000
4617.1875	94.5200	22.6000
4627.4414	94.5000	22.2000
4637.6953	94.4900	21.7000
4647.9492	94.4700	21.3000
4658.2031	94.4500	20.8000
4668.4570	94.4300	20.3000
4678.7109	94.4000	19.9000
4688.9648	94.3700	19.4000
4699.2188	94.3300	19.0000
4709.4727	94.2800	18.6000
4719.7266	94.2300	18.3000
4729.9805	94.1900	17.9000
4740.2344	94.1500	17.7000
4750.4883	94.1000	17.4000
4760.7422	94.0600	17.1000
4770.9961	94.0200	16.8000
4781.2500	93.9800	16.6000
4791.5039	93.9300	16.4000
4801.7578	93.9000	16.2000
4812.0117	93.8600	16.0000
4822.2656	93.8300	15.8000
4832.5195	93.7900	15.5000
4842.7734	93.7500	15.3000
4853.0273	93.7100	15.1000
4863.2813	93.6600	14.9000
4873.5352	93.6200	14.7000
4883.7891	93.5800	14.5000
4894.0430	93.5300	14.3000
4904.2969	93.4900	14.2000
4914.5508	93.4500	14.0000
4924.8047	93.4000	13.9000
4935.0586	93.3600	13.7000
4945.3125	93.3100	13.6000
4955.5664	93.2700	13.5000
4965.8203	93.2200	13.4000
4976.0742	93.1700	13.3000
4986.3281	93.1200	13.2000
4996.5820	93.0700	13.2000
5006.8359	93.0200	13.1000
5017.0898	92.9700	13.1000
5027.3438	92.9200	13.1000
5037.5977	92.8700	13.1000
5047.8516	92.8200	13.2000
5058.1055	92.7800	13.2000
5068.3594	92.7300	13.3000
5078.6133	92.6800	13.4000
5088.8672	92.6400	13.6000
5099.1211	92.6100	13.9000
5109.3750	92.5900	14.1000
5119.6289	92.5700	14.3000
5129.8828	92.5600	14.5000
5141.6016	92.5600	14.7000
5153.3203	92.5600	14.9000
5165.0391	92.5700	15.0000
5176.7578	92.5800	15.1000
5188.4766	92.5900	15.2000
5200.1953	92.6100	15.2000
5211.9141	92.6200	15.1000
5223.6328	92.6200	15.1000
5235.3516	92.6200	15.0000
5247.0703	92.6200	14.9000
5258.7891	92.6200	14.8000
5270.5078	92.6200	14.7000
5282.2266	92.6200	14.6000
5293.9453	92.6200	14.5000
5305.6641	92.6100	14.3000
5317.3828	92.6000	14.2000
5329.1016	92.5800	14.0000
5340.8203	92.5600	13.9000
5352.5391	92.5400	13.8000
5364.2578	92.5100	13.7000
5375.9766	92.4900	13.6000
5387.6953	92.4500	13.5000
5399.4141	92.4200	13.4000
5411.1328	92.3800	13.5000
5422.8516	92.3500	13.6000
5434.5703	92.3200	13.7000
5446.2891	92.3000	13.8000
5458.0078	92.2900	14.0000
5469.7266	92.2900	14.1000
5481.4453	92.2900	14.2000
5493.1641	92.2900	14.3000
5504.8828	92.2900	14.4000
5516.6016	92.3000	14.4000
5528.3203	92.3100	14.5000
5540.0391	92.3200	14.5000
5551.7578	92.3300	14.6000
5563.4766	92.3500	14.6000
5575.1953	92.3700	14.5000
5586.9141	92.3800	14.5000
5598.6328	92.4000	14.4000
5610.3516	92.4100	14.3000
5622.0703	92.4200	14.2000
5633.7891	92.4400	14.1000
5645.5078	92.4500	14.0000
5657.2266	92.4600	13.8000
5668.9453	92.4700	13.6000
5680.6641	92.4700	13.4000
5692.3828	92.4700	13.2000
5704.1016	92.4700	13.0000
5715.8203	92.4600	12.8000
5727.5391	92.4600	12.6000
5739.2578	92.4500	12.4000
5750.9766	92.4400	12.2000
5762.6953	92.4200	12.0000
5774.4141	92.4000	11.9000
5786.1328	92.3700	11.7000
5797.8516	92.3500	11.6000
5809.5703	92.3300	11.5000
5821.2891	92.3100	11.4000
5833.0078	92.2900	11.4000
5844.7266	92.2700	11.3000
5856.4453	92.2600	11.3000
5868.1641	92.2500	11.2000
5881.3477	92.2400	11.1000
5894.5313	92.2200	11.0000
5907.7148	92.2100	10.9000
5920.8984	92.2000	10.8000
5934.0820	92.1800	10.7000
5947.2656	92.1700	10.5000
5960.4492	92.1500	10.4000
5973.6328	92.1300	10.2000
5986.8164	92.1000	10.1000
6000.0000	92.0700	10.0000
6013.1836	92.0400	9.9000
6026.3672	92.0100	9.8000
6039.5508	91.9800	9.7000
6052.7344	91.9500	9.6000
6065.9180	91.9100	9.5000
6079.1016	91.8700	9.4000
6092.2852	91.8200	9.3000
6105.4688	91.7800	9.3000
6118.6523	91.7200	9.3000
6131.8359	91.6700	9.3000
6145.0195	91.6100	9.4000
6158.2031	91.5600	9.6000
6171.3867	91.5100	9.8000
6184.5703	91.4700	10.0000
6197.7539	91.4200	10.2000
6210.9375	91.3800	10.5000
6224.1211	91.3400	10.8000
6237.3047	91.3100	11.2000
6250.4883	91.2900	11.6000
6263.6719	91.2800	11.9000
6276.8555	91.2800	12.3000
6290.0391	91.2700	12.6000
6303.2227	91.2600	12.9000
6316.4063	91.2600	13.3000
6329.5898	91.2600	13.7000
6342.7734	91.2700	14.2000
6355.9570	91.2900	14.6000
6369.1406	91.3200	15.0000
6382.3242	91.3600	15.3000
6395.5078	91.3900	15.7000
6408.6914	91.4400	16.0000
6421.8750	91.4800	16.3000
6435.0586	91.5400	16.6000
6448.2422	91.5900	16.8000
6461.4258	91.6500	17.0000
6474.6094	91.7000	17.2000
6487.7930	91.7600	17.3000
6500.9766	91.8300	17.5000
6514.1602	91.8900	17.6000
6527.3438	91.9600	17.7000
6540.5273	92.0300	17.7000
6553.7109	92.1100	17.8000
6566.8945	92.1800	17.8000
6580.0781	92.2600	17.7000
6593.2617	92.3400	17.6000
6607.9102	92.4300	17.5000
6622.5586	92.5200	17.2000
6637.2070	92.6100	16.9000
6651.8555	92.6900	16.6000
6666.5039	92.7700	16.1000
6681.1523	92.8400	15.7000
6695.8008	92.9000	15.1000
6710.4492	92.9500	14.6000
6725.0977	93.0000	14.0000
6739.7461	93.0400	13.5000
6754.3945	93.0700	12.8000
6769.0430	93.1000	12.2000
6783.6914	93.1100	11.5000
6798.3398	93.1100	10.8000
6812.9883	93.1000	10.2000
6827.6367	93.0800	9.5000
6842.2852	93.0500	8.9000
6856.9336	93.0000	8.3000
6871.5820	92.9500	7.8000
6886.2305	92.9000	7.4000
6900.8789	92.8400	7.0000
6915.5273	92.7800	6.7000
6930.1758	92.7100	6.4000
6944.8242	92.6500	6.2000
6959.4727	92.5900	6.1000
6974.1211	92.5300	6.0000
6988.7695	92.4700	5.9000
7003.4180	92.4200	5.9000
7018.0664	92.3700	5.9000
7032.7148	92.3200	6.0000
7047.3633	92.2800	6.1000
7062.0117	92.2400	6.2000
7076.6602	92.2200	6.3000
7091.3086	92.2000	6.5000
7105.9570	92.1800	6.6000
7120.6055	92.1600	6.7000
7135.2539	92.1500	6.8000
7149.9023	92.1400	7.0000
7164.5508	92.1400	7.1000
7179.1992	92.1400	7.2000
7193.8477	92.1400	7.3000
7208.4961	92.1400	7.4000
7223.1445	92.1500	7.5000
7237.7930	92.1600	7.6000
7252.4414	92.1700	7.7000
7267.0898	92.1800	7.8000
7281.7383	92.2000	7.8000
7296.3867	92.2200	7.9000
7311.0352	92.2400	7.9000
7325.6836	92.2700	7.9000
7341.7969	92.3000	7.9000
7357.9102	92.3300	7.8000
7374.0234	92.3600	7.7000
7390.1367	92.3900	7.5000
7406.2500	92.4100	7.3000
7422.3633	92.4300	7.1000
7438.4766	92.4500	6.9000
7454.5898	92.4600	6.7000
7470.7031	92.4600	6.4000
7486.8164	92.4600	6.1000
7502.9297	92.4500	5.9000
7519.0430	92.4300	5.7000
7535.1563	92.4100	5.5000
7551.2695	92.3800	5.3000
7567.3828	92.3500	5.2000
7583.4961	92.3100	5.2000
7599.6094	92.2800	5.2000
7615.7227	92.2500	5.3000
7631.8359	92.2300	5.5000
7647.9492	92.2100	5.7000
7664.0625	92.2000	5.9000
7680.1758	92.2000	6.2000
7696.2891	92.2200	6.5000
7712.4023	92.2400	6.8000
7728.5156	92.2800	7.1000
7744.6289	92.3200	7.3000
7760.7422	92.3800	7.5000
7776.8555	92.4400	7.7000
7792.9688	92.5100	7.8000
7809.0820	92.5900	7.8000
7825.1953	92.6700	7.7000
7841.3086	92.7400	7.6000
7857.4219	92.8200	7.5000
7873.5352	92.8900	7.3000
7889.6484	92.9700	7.0000
7905.7617	93.0400	6.7000
7921.8750	93.1100	6.3000
7937.9883	93.1700	5.9000
7954.1016	93.2300	5.5000
7970.2148	93.2900	5.0000
7986.3281	93.3300	4.5000
8002.4414	93.3800	4.0000
8018.5547	93.4200	3.5000
8034.6680	93.4600	2.9000
8050.7813	93.4900	2.3000
8066.8945	93.5100	1.7000
8084.4727	93.5300	1.0000
8102.0508	93.5400	0.3000
8119.6289	93.5500	-0.4000
8137.2070	93.5400	-1.1000
8154.7852	93.5200	-1.9000
8172.3633	93.5000	-2.6000
8189.9414	93.4600	-3.3000
8207.5195	93.4200	-4.0000
8225.0977	93.3600	-4.6000
8242.6758	93.3000	-5.3000
8260.2539	93.2200	-5.8000
8277.8320	93.1400	-6.3000
8295.4102	93.0500	-6.8000
8312.9883	92.9600	-7.1000
8330.5664	92.8700	-7.4000
8348.1445	92.7700	-7.6000
8365.7227	92.6700	-7.7000
8383.3008	92.5800	-7.8000
8400.8789	92.4900	-7.7000
8418.4570	92.4100	-7.6000
8436.0352	92.3400	-7.5000
8453.6133	92.2700	-7.3000
8471.1914	92.2100	-7.0000
8488.7695	92.1500	-6.8000
8506.3477	92.1100	-6.5000
8523.9258	92.0700	-6.2000
8541.5039	92.0400	-5.9000
8559.0820	92.0200	-5.5000
8576.6602	92.0100	-5.2000
8594.2383	92.0100	-4.9000
8611.8164	92.0100	-4.6000
8629.3945	92.0200	-4.3000
8646.9727	92.0300	-4.0000
8664.5508	92.0600	-3.7000
8682.1289	92.0900	-3.4000
8699.7070	92.1300	-3.2000
8717.2852	92.1700	-3.0000
8734.8633	92.2200	-2.9000
8752.4414	92.2700	-2.8000
8770.0195	92.3200	-2.7000
8787.5977	92.3800	-2.7000
8805.1758	92.4400	-2.7000
8824.2188	92.5000	-2.8000
8843.2617	92.5700	-2.9000
8862.3047	92.6300	-3.1000
8881.3477	92.6900	-3.3000
8900.3906	92.7500	-3.6000
8919.4336	92.8100	-3.9000
8938.4766	92.8600	-4.2000
8957.5195	92.9200	-4.6000
8976.5625	92.9700	-5.0000
8995.6055	93.0200	-5.4000
9014.6484	93.0600	-5.9000
9033.6914	93.1000	-6.3000
9052.7344	93.1400	-6.8000
9071.7773	93.1700	-7.4000
9090.8203	93.2100	-7.9000
9109.8633	93.2400	-8.5000
9128.9063	93.2700	-9.1000
9147.9492	93.2900	-9.8000
9166.9922	93.3100	-10.5000
9186.0352	93.3100	-11.2000
9205.0781	93.3100	-12.0000
9224.1211	93.3000	-12.7000
9243.1641	93.2800	-13.5000
9262.2070	93.2500	-14.3000
9281.2500	93.2000	-15.1000
9300.2930	93.1500	-15.9000
9319.3359	93.0800	-16.7000
9338.3789	93.0000	-17.4000
9357.4219	92.9000	-18.0000
9376.4648	92.8000	-18.6000
9395.5078	92.6800	-19.1000
9414.5508	92.5600	-19.5000
9433.5938	92.4300	-19.8000
9452.6367	92.2900	-20.0000
9471.6797	92.1600	-20.1000
9490.7227	92.0300	-20.0000
9509.7656	91.9000	-19.8000
9528.8086	91.7800	-19.5000
9549.3164	91.6700	-19.1000
9569.8242	91.5700	-18.5000
9590.3320	91.4900	-17.9000
9610.8398	91.4300	-17.1000
9631.3477	91.4000	-16.4000
9651.8555	91.3900	-15.6000
9672.3633	91.4100	-14.9000
9692.8711	91.4500	-14.2000
9713.3789	91.5000	-13.5000
9733.8867	91.5800	-13.0000
9754.3945	91.6700	-12.5000
9774.9023	91.7800	-12.2000
9795.4102	91.9000	-12.0000
9815.9180	92.0300	-11.9000
9836.4258	92.1600	-12.0000
9856.9336	92.2900	-12.3000
9877.4414	92.4100	-12.7000
9897.9492	92.5300	-13.2000
9918.4570	92.6300	-13.8000
9938.9648	92.7300	-14.5000
9959.4727	92.8100	-15.4000
9979.9805	92.8700	-16.2000
10000.4880	92.9200	-17.2000
10020.9960	92.9500	-18.1000
10041.5040	92.9600	-19.1000
10062.0120	92.9600	-20.0000
10082.5200	92.9400	-21.0000
10103.0270	92.9100	-21.8000
10123.5350	92.8700	-22.7000
10144.0430	92.8300	-23.5000
10164.5510	92.7800	-24.2000
10185.0590	92.7200	-24.9000
10205.5660	92.6600	-25.6000
10226.0740	92.5900	-26.2000
10246.5820	92.5300	-26.8000
10267.0900	92.4700	-27.3000
10289.0630	92.3900	-27.9000
10311.0350	92.3200	-28.4000
10333.0080	92.2500	-28.9000
10354.9800	92.1700	-29.4000
10376.9530	92.1000	-29.9000
10398.9260	92.0100	-30.4000
10420.8980	91.9200	-30.8000
10442.8710	91.8300	-31.2000
10464.8440	91.7300	-31.6000
10486.8160	91.6300	-31.9000
10508.7890	91.5300	-32.1000
10530.7620	91.4300	-32.3000
10552.7340	91.3400	-32.4000
10574.7070	91.2400	-32.5000
10596.6800	91.1500	-32.5000
10618.6520	91.0600	-32.5000
10640.6250	90.9700	-32.5000
10662.5980	90.8900	-32.4000
10684.5700	90.8100	-32.2000
10706.5430	90.7400	-32.0000
10728.5160	90.6800	-31.8000
10750.4880	90.6200	-31.5000
10772.4610	90.5800	-31.1000
10794.4340	90.5500	-30.8000
10816.4060	90.5300	-30.4000
10838.3790	90.5300	-30.0000
10860.3520	90.5500	-29.7000
10882.3240	90.5900	-29.4000
10904.2970	90.6400	-29.1000
10926.2700	90.7100	-29.0000
10948.2420	90.7800	-29.0000
10970.2150	90.8600	-29.2000
10992.1880	90.9500	-29.4000
11015.6250	91.0400	-29.9000
11039.0630	91.1200	-30.5000
11062.5000	91.1900	-31.3000
11085.9380	91.2400	-32.2000
11109.3750	91.2700	-33.2000
11132.8130	91.2900	-34.3000
11156.2500	91.2800	-35.4000
11179.6880	91.2400	-36.6000
11203.1250	91.1700	-37.8000
11226.5630	91.0700	-38.9000
11250.0000	90.9600	-40.0000
11273.4380	90.8200	-41.0000
11296.8750	90.6700	-41.8000
11320.3130	90.4900	-42.5000
11343.7500	90.3100	-43.0000
11367.1880	90.1200	-43.4000
11390.6250	89.9300	-43.6000
11414.0630	89.7500	-43.5000
11437.5000	89.5800	-43.3000
11460.9380	89.4300	-43.0000
11484.3750	89.3000	-42.6000
11507.8130	89.1900	-42.0000
11531.2500	89.1100	-41.4000
11554.6880	89.0600	-40.9000
11578.1250	89.0400	-40.3000
11601.5630	89.0400	-39.9000
11625.0000	89.0700	-39.6000
11648.4380	89.1000	-39.5000
11671.8750	89.1500	-39.5000
11695.3130	89.1900	-39.7000
11718.7500	89.2200	-40.2000
11743.6520	89.2400	-40.8000
11768.5550	89.2300	-41.6000
11793.4570	89.1900	-42.4000
11818.3590	89.1200	-43.3000
11843.2620	89.0100	-44.2000
11868.1640	88.8700	-44.9000
11893.0660	88.6900	-45.5000
11917.9690	88.4900	-45.9000
11942.8710	88.2800	-46.0000
11967.7730	88.0700	-45.8000
11992.6760	87.8700	-45.2000
12017.5780	87.6900	-44.4000
12042.4800	87.5600	-43.4000
12067.3830	87.4800	-42.2000
12092.2850	87.4500	-41.0000
12117.1880	87.4700	-39.9000
12142.0900	87.5500	-38.9000
12166.9920	87.6500	-38.3000
12191.8950	87.7800	-37.9000
12216.7970	87.9200	-37.9000
12241.6990	88.0400	-38.2000
12266.6020	88.1500	-38.7000
12291.5040	88.2300	-39.5000
12316.4060	88.2800	-40.4000
12341.3090	88.3000	-41.4000
12366.2110	88.2800	-42.4000
12391.1130	88.2300	-43.5000
12416.0160	88.1500	-44.5000
12440.9180	88.0300	-45.4000
12465.8200	87.9000	-46.1000
12492.1880	87.7400	-46.7000
12518.5550	87.5700	-47.1000
12544.9220	87.4000	-47.3000
12571.2890	87.2300	-47.3000
12597.6560	87.0800	-47.0000
12624.0230	86.9500	-46.7000
12650.3910	86.8600	-46.2000
12676.7580	86.8000	-45.7000
12703.1250	86.7700	-45.3000
12729.4920	86.7800	-45.0000
12755.8590	86.8000	-44.8000
12782.2270	86.8400	-44.9000
12808.5940	86.8800	-45.3000
12834.9610	86.9100	-45.9000
12861.3280	86.9200	-46.7000
12887.6950	86.9000	-47.6000
12914.0630	86.8300	-48.7000
12940.4300	86.7300	-49.8000
12966.7970	86.5800	-50.9000
12993.1640	86.3900	-51.9000
13019.5310	86.1600	-52.7000
13045.8980	85.8900	-53.2000
13072.2660	85.5900	-53.4000
13098.6330	85.2700	-53.2000
13125.0000	84.9500	-52.5000
13151.3670	84.6500	-51.4000
13177.7340	84.3800	-49.7000
13204.1020	84.1900	-47.6000
13231.9340	84.0900	-45.1000
13259.7660	84.1100	-42.5000
13287.5980	84.2400	-40.2000
13315.4300	84.4700	-38.3000
13343.2620	84.7600	-37.1000
13371.0940	85.0800	-36.6000
13398.9260	85.4000	-36.7000
13426.7580	85.6800	-37.5000
13454.5900	85.9100	-38.7000
13482.4220	86.0800	-40.3000
13510.2540	86.1900	-42.1000
13538.0860	86.2200	-44.1000
13565.9180	86.1800	-46.1000
13593.7500	86.0800	-48.0000
13621.5820	85.9200	-49.8000
13649.4140	85.7000	-51.4000
13677.2460	85.4300	-52.8000
13705.0780	85.1200	-53.8000
13732.9100	84.7800	-54.3000
13760.7420	84.4300	-54.4000
13788.5740	84.1000	-54.0000
13816.4060	83.7900	-53.2000
13844.2380	83.5300	-52.0000
13872.0700	83.3500	-50.5000
13899.9020	83.2400	-48.9000
13927.7340	83.2200	-47.4000
13957.0310	83.2600	-46.2000
13986.3280	83.3500	-45.5000
14015.6250	83.4600	-45.2000
14044.9220	83.5600	-45.4000
14074.2190	83.6300	-46.0000
14103.5160	83.6600	-47.0000
14132.8130	83.6300	-48.2000
14162.1090	83.5300	-49.4000
14191.4060	83.3600	-50.6000
14220.7030	83.1200	-51.6000
14250.0000	82.8100	-52.3000
14279.2970	82.4600	-52.4000
14308.5940	82.0800	-51.9000
14337.8910	81.7200	-50.6000
14367.1880	81.4100	-48.6000
14396.4840	81.2100	-45.9000
14425.7810	81.1500	-42.9000
14455.0780	81.2600	-40.1000
14484.3750	81.5000	-37.7000
14513.6720	81.8400	-36.1000
14542.9690	82.2100	-35.4000
14572.2660	82.5800	-35.6000
14601.5630	82.9000	-36.5000
14630.8590	83.1700	-37.9000
14660.1560	83.3600	-39.8000
14690.9180	83.4700	-42.1000
14721.6800	83.4800	-44.5000
14752.4410	83.4000	-47.0000
14783.2030	83.2300	-49.3000
14813.9650	82.9700	-51.4000
14844.7270	82.6400	-53.2000
14875.4880	82.2500	-54.5000
14906.2500	81.8100	-55.2000
14937.0120	81.3500	-55.2000
14967.7730	80.9000	-54.4000
14998.5350	80.5000	-52.9000
15029.2970	80.1900	-50.8000
15060.0590	80.0200	-48.4000
15090.8200	79.9900	-46.0000
15121.5820	80.0700	-44.0000
15152.3440	80.2500	-42.6000
15183.1050	80.4700	-42.0000
15213.8670	80.7000	-42.2000
15244.6290	80.8800	-43.1000
15275.3910	81.0100	-44.5000
15306.1520	81.0500	-46.3000
15336.9140	80.9900	-48.3000
15367.6760	80.8300	-50.4000
15398.4380	80.5600	-52.3000
15430.6640	80.1800	-53.9000
15462.8910	79.7000	-54.8000
15495.1170	79.1600	-54.8000
15527.3440	78.6100	-53.6000
15559.5700	78.1300	-51.3000
15591.7970	77.8000	-47.9000
15624.0230	77.6800	-44.1000
15656.2500	77.7800	-40.4000
15688.4770	78.0700	-37.6000
15720.7030	78.4600	-35.9000
15752.9300	78.8800	-35.5000
15785.1560	79.2600	-36.1000
15817.3830	79.5700	-37.6000
15849.6090	79.7800	-39.8000
15881.8360	79.8900	-42.4000
15914.0630	79.8900	-45.3000
15946.2890	79.7700	-48.3000
15978.5160	79.5300	-51.5000
16010.7420	79.1600	-54.5000
16042.9690	78.6600	-57.2000
16075.1950	78.0300	-59.5000
16107.4220	77.2600	-61.0000
16139.6480	76.3800	-61.4000
16173.3400	75.3600	-60.1000
16207.0310	74.3600	-56.7000
16240.7230	73.5500	-50.7000
16274.4140	73.1500	-43.1000
16308.1050	73.2800	-35.6000
16341.7970	73.7900	-30.0000
16375.4880	74.4800	-26.9000
16409.1800	75.1500	-26.3000
16442.8710	75.6900	-27.3000
16476.5630	76.0500	-29.5000
16510.2540	76.2100	-32.4000
16543.9450	76.1600	-35.4000
16577.6370	75.9100	-38.2000
16611.3280	75.4800	-40.5000
16645.0200	74.9000	-41.8000
16678.7110	74.2000	-41.8000
16712.4020	73.4700	-40.0000
16746.0940	72.8200	-36.4000
16779.7850	72.3900	-31.1000
16813.4770	72.3000	-25.1000
16847.1680	72.5400	-19.6000
16882.3240	73.0500	-15.2000
16917.4800	73.6800	-12.7000
16952.6370	74.3200	-11.8000
16987.7930	74.9000	-12.3000
17022.9490	75.3800	-14.0000
17058.1050	75.7300	-16.6000
17093.2620	75.9100	-19.9000
17128.4180	75.9200	-23.6000
17163.5740	75.7400	-27.4000
17198.7300	75.3400	-31.3000
17233.8870	74.7000	-34.7000
17269.0430	73.8100	-37.2000
17304.1990	72.6700	-37.9000
17339.3550	71.3400	-35.7000
17374.5120	70.0600	-29.5000
17409.6680	69.2700	-19.1000
17444.8240	69.3500	-7.6000
17479.9800	70.1600	1.0000
17515.1370	71.2100	5.4000
17550.2930	72.1800	6.5000
17585.4490	72.9200	5.4000
17622.0700	73.4300	3.1000
17658.6910	73.6800	0.3000
17695.3130	73.7100	-2.4000
17731.9340	73.5500	-4.7000
17768.5550	73.2400	-6.4000
17805.1760	72.8000	-7.1000
17841.7970	72.3000	-6.6000
17878.4180	71.8000	-4.7000
17915.0390	71.3800	-1.4000
17951.6600	71.1500	3.0000
17988.2810	71.1700	8.0000
18024.9020	71.4800	12.7000
18061.5230	72.0200	16.1000
18098.1450	72.6700	17.9000
18134.7660	73.3300	17.9000
18171.3870	73.8900	16.4000
18208.0080	74.3100	13.7000
18244.6290	74.5400	10.2000
18281.2500	74.5500	6.2000
18317.8710	74.3200	2.1000
18355.9570	73.8000	-1.9000
18394.0430	72.9700	-4.9000
18432.1290	71.8400	-6.1000
18470.2150	70.4800	-4.1000
18508.3010	69.1200	2.5000
18546.3870	68.2900	14.1000
18584.4730	68.4700	27.0000
18622.5590	69.4600	36.6000
18660.6450	70.6600	41.5000
18698.7300	71.7600	43.2000
18736.8160	72.6300	42.9000
18774.9020	73.2800	41.6000
18812.9880	73.7400	40.0000
18851.0740	74.0500	38.3000
18889.1600	74.2300	36.8000
18927.2460	74.3100	35.7000
18965.3320	74.3200	35.0000
19003.4180	74.2800	34.9000
19041.5040	74.2500	35.5000
19079.5900	74.2600	36.7000
19119.1410	74.3900	38.4000
19158.6910	74.6700	40.2000
19198.2420	75.0900	41.4000
19237.7930	75.6000	41.5000
19277.3440	76.1100	40.3000
19316.8950	76.5400	38.0000
19356.4450	76.8300	34.7000
19395.9960	76.9400	30.9000
19435.5470	76.8500	26.9000
19475.0980	76.5200	23.1000
19514.6480	75.9800	20.0000
19554.1990	75.2300	18.3000
19593.7500	74.3300	18.5000
19633.3010	73.4200	21.3000
19672.8520	72.6900	26.7000
19712.4020	72.3800	34.1000
19751.9530	72.5500	41.4000
19791.5040	73.1000	47.2000
19832.5200	73.8400	51.0000
19873.5350	74.6000	52.9000
19914.5510	75.3000	53.3000
19955.5660	75.9000	52.7000
19996.5820	76.4000	51.4000
20037.5980	76.7800	49.6000
20078.6130	77.0400	47.5000
20119.6290	77.1700	45.4000
20160.6450	77.1800	43.5000
20201.6600	77.1000	42.2000
20242.6760	76.9800	41.6000
20283.6910	76.8800	41.8000
20324.7070	76.8700	42.5000
20365.7230	76.9900	43.4000
20406.7380	77.2200	43.8000
20447.7540	77.5000	43.3000
20488.7700	77.7500	42.0000
20529.7850	77.9200	39.9000
20572.2660	77.9400	37.3000
20614.7460	77.8000	34.7000
20657.2270	77.4700	32.6000
20699.7070	77.0100	31.5000
20742.1880	76.4600	31.9000
20784.6680	75.9300	33.9000
20827.1480	75.5400	37.6000
20869.6290	75.4200	42.4000
20912.1090	75.6000	47.3000
20954.5900	76.0500	51.3000
20997.0700	76.6400	53.9000
21039.5510	77.3000	55.1000
21082.0310	77.9300	55.1000
21124.5120	78.4900	54.0000
21166.9920	78.9500	52.1000
21209.4730	79.2800	49.8000
21251.9530	79.4900	47.2000
21295.8980	79.5700	44.7000
21339.8440	79.5500	42.5000
21383.7890	79.4500	41.0000
21427.7340	79.3400	40.1000
21471.6800	79.2700	39.7000
21515.6250	79.2700	39.7000
21559.5700	79.3400	39.5000
21603.5160	79.4600	38.9000
21647.4610	79.5700	37.9000
21691.4060	79.6400	36.4000
21735.3520	79.6300	34.8000
21779.2970	79.5400	33.2000
21823.2420	79.3700	31.9000
21867.1880	79.1400	31.0000
21911.1330	78.8700	30.7000
21955.0780	78.5900	31.1000
21999.0230	78.3400	32.3000
22044.4340	78.1600	34.3000
22089.8440	78.1300	36.8000
22135.2540	78.2700	39.5000
22180.6640	78.6000	41.6000
22226.0740	79.0700	42.8000
22271.4840	79.5800	42.7000
22316.8950	80.0500	41.3000
22362.3050	80.4300	39.0000
22407.7150	80.6800	36.0000
22453.1250	80.7700	32.8000
22498.5350	80.7200	29.6000
22543.9450	80.5300	26.8000
22589.3550	80.2500	24.8000
22634.7660	79.9300	23.5000
22680.1760	79.6200	23.1000
22725.5860	79.3800	23.4000
22772.4610	79.2300	24.0000
22819.3360	79.1800	24.6000
22866.2110	79.2000	24.9000
22913.0860	79.2500	24.7000
22959.9610	79.2800	24.1000
23006.8360	79.2600	23.3000
23053.7110	79.1900	22.4000
23100.5860	79.0500	21.7000
23147.4610	78.8700	21.3000
23194.3360	78.6700	21.4000
23241.2110	78.4800	22.2000
23288.0860	78.3700	23.4000
23334.9610	78.3700	24.9000
23381.8360	78.4900	26.3000
23428.7110	78.7100	27.1000
23475.5860	78.9900	27.0000
23523.9260	79.2600	26.1000
23572.2660	79.4700	24.3000
23620.6050	79.5600	21.9000
23668.9450	79.5300	19.4000
23717.2850	79.3700	17.0000
23765.6250	79.1000	15.1000
23813.9650	78.7600	13.9000
23862.3050	78.4200	13.5000
23910.6450	78.1000	13.8000
23958.9840	77.8700	14.5000
24007.3240	77.7200	15.5000
24055.6640	77.6600	16.5000
24104.0040	77.6700	17.3000
24152.3440	77.7300	17.6000
24200.6840	77.8000	17.5000
24250.4880	77.8600	17.0000
24300.2930	77.8700	16.1000
24350.0980	77.8000	15.1000
24399.9020	77.6600	14.2000
24449.7070	77.4600	13.9000
24499.5120	77.2700	14.3000
24549.3160	77.1600	15.2000
24599.1210	77.1700	16.2000
24648.9260	77.2900	16.8000
24698.7300	77.4800	16.6000
24748.5350	77.6500	15.5000
24798.3400	77.7400	13.7000
24848.1450	77.7300	11.4000
24897.9490	77.5900	8.9000
24947.7540	77.3300	6.4000
24999.0230	76.9300	4.2000
25050.2930	76.4100	2.7000
25101.5630	75.8000	2.1000
25152.8320	75.1700	2.7000
25204.1020	74.6000	4.8000
25255.3710	74.2200	7.8000
25306.6410	74.0800	10.9000
25357.9100	74.1300	13.2000
25409.1800	74.2500	14.2000
25460.4490	74.3000	14.2000
25511.7190	74.2100	13.7000
25562.9880	74.0000	13.4000
25614.2580	73.7100	13.8000
25665.5270	73.4400	15.0000
25718.2620	73.2500	16.8000
25770.9960	73.1700	18.5000
25823.7300	73.1600	19.8000
25876.4650	73.1600	20.6000
25929.1990	73.1400	21.2000
25981.9340	73.1000	21.6000
26034.6680	73.0500	21.9000
26087.4020	72.9700	21.9000
26140.1370	72.8500	21.7000
26192.8710	72.6100	21.4000
26245.6050	72.2400	21.6000
26298.3400	71.7700	23.0000
26351.0740	71.3300	26.3000
26403.8090	71.1200	31.3000
26458.0080	71.2900	36.8000
26512.2070	71.8000	41.1000
26566.4060	72.4300	43.3000
26620.6050	73.0100	43.8000
26674.8050	73.4400	43.4000
26729.0040	73.7300	42.7000
26783.2030	73.9300	42.1000
26837.4020	74.0700	41.7000
26891.6020	74.2100	41.5000
26945.8010	74.3400	41.3000
27000.0000	74.4700	40.9000
27054.1990	74.5800	40.2000
27108.3980	74.6600	39.4000
27164.0630	74.6900	38.2000
27219.7270	74.6400	36.9000
27275.3910	74.4900	35.7000
27331.0550	74.2400	35.0000
27386.7190	73.9300	35.2000
27442.3830	73.6400	36.6000
27498.0470	73.4700	39.1000
27553.7110	73.5200	42.0000
27609.3750	73.7700	44.6000
27665.0390	74.1400	46.2000
27720.7030	74.5300	46.8000
27776.3670	74.8800	46.7000
27832.0310	75.1600	46.3000
27889.1600	75.4100	45.7000
27946.2890	75.6300	45.0000
28003.4180	75.8300	44.1000
28060.5470	76.0000	42.9000
28117.6760	76.1300	41.5000
28174.8050	76.2100	39.9000
28231.9340	76.2500	38.1000
28289.0630	76.2500	36.2000
28346.1910	76.1900	34.1000
28403.3200	76.0500	32.0000
28460.4490	75.8200	30.0000
28517.5780	75.5000	28.5000
28574.7070	75.1300	27.9000
28633.3010	74.7700	28.4000
28691.8950	74.5200	30.0000
28750.4880	74.4600	32.1000
28809.0820	74.6100	34.1000
28867.6760	74.8900	35.2000
28926.2700	75.2400	35.3000
28984.8630	75.5500	34.3000
29043.4570	75.7700	32.7000
29102.0510	75.8900	30.7000
29160.6450	75.9100	28.7000
29219.2380	75.8600	26.8000
29277.8320	75.7800	25.1000
29336.4260	75.6600	23.5000
29396.4840	75.5200	21.9000
29456.5430	75.3400	20.4000
29516.6020	75.1200	19.1000
29576.6600	74.8700	18.1000
29636.7190	74.6200	17.7000
29696.7770	74.3900	17.7000
29756.8360	74.2000	18.2000
29816.8950	74.0800	18.9000
29876.9530	74.0100	19.8000
29937.0120	74.0000	20.7000
29997.0700	74.0500	21.5000
30057.1290	74.1600	22.0000
30118.6520	74.3200	22.1000
30180.1760	74.4900	21.4000
30241.6990	74.6200	19.9000
30303.2230	74.6300	17.9000
30364.7460	74.5200	15.6000
30426.2700	74.2900	13.6000
30487.7930	74.0000	12.3000
30549.3160	73.7100	11.6000
30610.8400	73.4900	11.4000
30672.3630	73.3600	11.2000
30733.8870	73.2700	10.8000
30795.4100	73.1700	10.0000
30858.3980	73.0000	9.3000
30921.3870	72.7900	9.0000
30984.3750	72.6000	9.5000
31047.3630	72.5200	10.2000
31110.3520	72.5400	10.7000
31173.3400	72.6000	10.5000
31236.3280	72.6300	9.7000
31299.3160	72.5700	8.5000
31362.3050	72.4500	7.1000
31425.2930	72.2800	5.8000
31488.2810	72.0700	4.6000
31551.2700	71.8300	3.3000
31615.7230	71.5400	2.0000
31680.1760	71.2100	1.0000
31744.6290	70.8200	0.3000
31809.0820	70.3900	0.3000
31873.5350	70.0000	1.1000
31937.9880	69.7300	2.7000
32002.4410	69.6300	4.2000
32066.8950	69.6400	5.1000
32131.3480	69.6500	5.0000
32195.8010	69.6000	4.3000
32260.2540	69.4600	3.4000
32326.1720	69.2600	2.6000
32392.0900	69.0400	1.9000
32458.0080	68.8200	1.3000
32523.9260	68.6200	0.5000
32589.8440	68.4000	-0.6000
32655.7620	68.0900	-1.7000
32721.6800	67.6700	-2.3000
32787.5980	67.2500	-1.6000
32853.5160	66.9700	0.1000
32919.4340	66.8800	1.9000
32985.3520	66.9000	3.0000
33052.7340	66.8900	3.6000
33120.1170	66.8400	4.3000
33187.5000	66.8000	5.1000
33254.8830	66.7900	5.7000
33322.2660	66.7500	5.8000
33389.6480	66.6100	5.9000
33457.0310	66.4200	6.3000
33524.4140	66.2700	7.2000
33591.7970	66.2000	8.0000
33659.1800	66.1600	7.9000
33726.5630	66.0600	7.2000
33795.4100	65.8600	6.1000
33864.2580	65.5700	5.1000
33933.1050	65.2400	4.3000
34001.9530	64.8600	3.7000
34070.8010	64.4200	4.0000
34139.6480	64.0800	5.9000
34208.4960	64.1000	8.8000
34277.3440	64.5900	10.7000
34346.1910	65.2800	9.6000
34415.0390	65.8200	5.7000
34483.8870	65.9800	0.6000
34554.1990	65.7200	-3.8000
34624.5120	65.2400	-5.5000
34694.8240	64.9200	-4.4000
34765.1370	65.0400	-2.9000
34835.4490	65.4200	-3.7000
34905.7620	65.6800	-7.4000
34976.0740	65.5800	-13.1000
35046.3870	65.0300	-19.4000
35116.6990	64.0400	-24.7000
35187.0120	62.8400	-27.2000
35258.7890	61.8400	-26.2000
35330.5660	61.5200	-24.0000
35402.3440	61.8200	-24.0000
35474.1210	62.2900	-27.3000
35545.8980	62.6300	-32.5000
35617.6760	62.7500	-37.7000
35689.4530	62.7100	-41.9000
35761.2300	62.6500	-44.8000
35833.0080	62.6700	-47.5000
35904.7850	62.6300	-51.5000
35978.0270	62.2600	-57.5000
36051.2700	61.2200	-64.4000
36124.5120	59.3800	-69.6000
36197.7540	56.9100	-69.2000
36270.9960	54.9200	-59.7000
36344.2380	54.9100	-50.0000
36417.4800	55.9100	-52.1000
36490.7230	56.6200	-64.6000
36563.9650	56.7500	-82.9000
36637.2070	56.2800	-103.5000
36711.9140	55.1000	-123.2000
36786.6210	53.1100	-136.1000
36861.3280	51.1900	-133.2000
36936.0350	52.3500	-121.5000
37010.7420	55.2800	-125.4000
37085.4490	57.4300	-140.8000
37160.1560	58.4500	-159.7000
37234.8630	58.4900	-177.7000
37309.5700	57.8500	168.8000
37384.2770	57.1400	162.3000
37460.4490	57.1600	160.7000
37536.6210	57.9900	158.3000
37612.7930	58.9700	153.1000
37688.9650	59.7900	146.7000
37765.1370	60.4200	140.1000
37841.3090	60.8500	134.0000
37917.4800	61.1300	129.0000
37993.6520	61.4500	125.5000
38069.8240	61.9600	121.7000
38145.9960	62.4700	115.8000
38223.6330	62.5800	107.9000
38301.2700	62.1600	101.1000
38378.9060	61.5900	98.0000
38456.5430	61.5900	97.3000
38534.1800	62.2300	93.8000
38611.8160	62.9000	85.7000
38689.4530	63.2300	75.5000
38767.0900	63.2300	65.2000
38844.7270	62.9900	56.1000
38923.8280	62.5700	48.7000
39002.9300	62.1000	43.5000
39082.0310	61.7300	39.8000
39161.1330	61.4300	35.4000
39240.2340	60.8600	29.3000
39319.3360	59.6200	22.6000
39398.4380	57.5600	18.6000
39477.5390	55.1100	21.8000
39556.6410	53.4700	31.3000
39637.2070	52.9000	36.7000
39717.7730	51.8800	33.6000
39798.3400	49.1900	25.7000
39878.9060	42.5500	14.8000
39959.4730	34.5700	-162.7000