1.0000	83.3600	162.4000
3.0000	71.6100	-132.1000
3.0412	71.4600	-135.8000
3.0831	71.3100	-139.5000
3.1255	71.1700	-143.2000
3.1684	71.0200	-146.9000
3.2120	70.8700	-150.6000
3.2562	70.7200	-154.3000
3.3010	70.5700	-158.0000
3.3464	70.4300	-161.7000
3.3924	70.2800	-165.4000
3.4390	70.1300	-169.1000
3.4863	69.9800	-172.8000
3.5343	69.8300	-177.3000
3.5829	69.6900	-97.4000
3.6321	69.5400	176.0000
3.6821	69.3900	172.7000
3.7327	69.2400	168.6000
3.7841	69.0900	164.9000
3.8361	68.9400	161.2000
3.8888	68.8000	157.5000
3.9423	68.6500	153.8000
3.9965	68.5000	150.1000
4.0515	68.3500	146.4000
4.1072	68.2100	142.7000
4.1637	68.0600	139.0000
4.2209	67.9200	135.3000
4.2790	67.7700	131.6000
4.3378	67.6300	127.9000
4.3975	67.5000	124.3000
4.4580	67.3700	120.7000
4.5193	67.2500	117.1000
4.5814	67.1300	113.5000
4.6444	67.0200	109.9000
4.7083	66.9000	106.3000
4.7730	66.7800	102.7000
4.8387	66.6600	99.1000
4.9052	66.5300	95.4000
4.9726	66.4000	91.8000
5.0410	66.2700	88.1000
5.1104	66.1300	84.5000
5.1806	65.9800	80.8000
5.2519	65.8300	77.0000
5.3241	65.6700	73.3000
5.3973	65.5100	69.5000
5.4715	65.3300	65.7000
5.5468	65.1500	61.8000
5.6230	64.9600	57.9000
5.7004	64.7500	54.0000
5.7787	64.5300	49.9000
5.8582	64.2900	45.8000
5.9388	64.0300	41.6000
6.0204	63.7400	37.3000
6.1032	63.4100	32.9000
6.1872	63.0500	28.4000
6.2722	62.6600	23.8000
6.3585	62.2400	19.2000
6.4459	61.7900	14.5000
6.5346	61.3100	9.9000
6.6244	60.8100	5.3000
6.7155	60.2800	0.8000
6.8079	59.7400	-3.7000
6.9015	59.1800	-8.0000
6.9964	58.6000	-12.1000
7.0926	58.0100	-16.1000
7.1902	57.4000	-20.0000
7.2890	56.7600	-23.6000
7.3893	56.0900	-27.2000
7.4909	55.3700	-30.6000
7.5939	54.5900	-34.0000
7.6983	53.7500	-37.4000
7.8042	52.8600	-40.6000
7.9115	51.9400	-43.6000
8.0203	51.0100	-46.5000
8.1306	50.0900	-49.0000
8.2424	49.2000	-51.1000
8.3557	48.3800	-52.7000
8.4706	47.6600	-53.5000
8.5871	47.0700	-53.4000
8.7052	46.6200	-52.1000
8.8249	46.3100	-48.7000
8.9463	46.1300	-43.2000
9.0693	46.0300	-35.1000
9.1940	46.0000	-24.5000
9.3204	46.0200	-12.2000
9.4486	46.0900	1.2000
9.5785	46.2200	15.0000
9.7103	46.4300	28.0000
9.8438	46.7300	39.5000
9.9792	47.1700	48.9000
10.1164	47.8100	55.5000
10.2555	48.6600	58.1000
10.3965	49.7700	58.7000
10.5395	51.0800	56.2000
10.6845	52.5200	51.4000
10.8314	54.0300	44.6000
10.9803	55.5400	36.4000
11.1313	56.9800	27.4000
11.2844	58.3300	17.9000
11.4396	59.5500	8.2000
11.5969	60.6100	-1.3000
11.7563	61.5500	-10.7000
11.9180	62.3600	-19.7000
12.0819	63.0900	-28.6000
12.2481	63.7400	-37.4000
12.4165	64.3100	-46.2000
12.5872	64.8000	-54.9000
12.7603	65.1900	-63.5000
12.9358	65.5000	-72.1000
13.1137	65.7100	-80.6000
13.2940	65.8500	-89.1000
13.4768	65.9400	-97.6000
13.6622	65.9900	-105.9000
13.8500	66.0100	-114.1000
14.0405	66.0100	-122.1000
14.2336	65.9900	-129.8000
14.4293	65.9400	-137.0000
14.6277	65.8300	-143.9000
14.8289	65.6600	-150.3000
15.0328	65.4000	-156.4000
15.2395	65.0800	-162.0000
15.4491	64.7000	-167.3000
15.6615	64.3300	-173.0000
15.8769	63.9900	-83.8000
16.0952	63.7100	179.7000
16.3166	63.5000	176.5000
16.5409	63.3500	173.0000
16.7684	63.2300	170.0000
16.9990	63.1500	167.1000
17.2328	63.0800	164.1000
17.4697	63.0100	160.7000
17.7100	62.9500	156.8000
17.9535	62.8800	152.6000
18.2004	62.8100	148.0000
18.4507	62.7300	143.2000
18.7044	62.6300	138.7000
18.9616	62.5100	134.4000
19.2224	62.3500	130.6000
19.4867	62.1600	127.2000
19.7547	61.9600	124.0000
20.0263	61.8000	120.8000
20.3017	61.7200	117.3000
20.5809	61.7400	113.3000
20.8639	61.8800	108.7000
21.1508	62.1100	103.3000
21.4417	62.3500	97.1000
21.7366	62.4800	89.8000
22.0355	62.5100	81.4000
22.3385	62.4000	71.9000
22.6457	62.1000	62.1000
22.9571	61.6000	52.5000
23.2728	60.8700	44.5000
23.5928	59.8700	38.5000
23.9172	58.5500	34.2000
24.2462	56.9900	31.3000
24.5796	55.4700	29.7000
24.9176	54.3500	28.9000
25.2602	53.9200	28.7000
25.6076	54.0500	28.4000
25.9597	54.5800	27.4000
26.3167	55.0600	23.9000
26.6786	55.1100	17.8000
27.0455	55.0700	9.4000
27.4174	54.6300	0.4000
27.7944	54.0800	-6.7000
28.1767	53.4400	-11.6000
28.5641	52.7900	-14.7000
28.9569	52.2700	-17.8000
29.3551	52.1400	-22.1000
29.7588	52.1900	-28.9000
30.1680	52.4600	-38.1000
30.5829	52.6200	-48.9000
31.0035	52.6500	-60.5000
31.4298	52.3800	-71.9000
31.8620	51.9600	-82.2000
32.3002	51.4900	-90.9000
32.7443	51.0800	-98.0000
33.1946	50.8400	-104.3000
33.6511	50.7700	-110.5000
34.1138	50.9100	-117.3000
34.5830	51.2100	-125.4000
35.0585	51.6200	-135.1000
35.5406	52.0500	-146.8000
36.0294	52.4000	-164.4000
36.5248	52.4600	-91.1000
37.0271	52.3400	163.9000
37.5363	51.8300	144.7000
38.0525	50.9500	120.8000
38.5757	49.7600	99.9000
39.1062	48.4100	82.4000
39.6440	47.7600	73.1000
40.1891	47.5900	67.5000
40.7418	48.4900	63.1000
41.3021	49.7500	52.8000
41.8700	51.1700	35.0000
42.4458	52.4700	10.4000
43.0295	53.5000	-15.2000
43.6212	54.2000	-40.1000
44.2211	54.6100	-63.0000
44.8292	54.6500	-83.0000
45.4457	54.6000	-99.7000
46.0706	54.2800	-113.0000
46.7041	53.9600	-122.7000
47.3464	53.9000	-129.8000
47.9975	53.9200	-135.8000
48.6575	54.2100	-142.0000
49.3266	54.5200	-149.5000
50.0050	54.6800	-158.5000
50.6926	54.6600	-169.3000
51.3897	54.4600	15.2000
52.0964	54.0200	177.2000
52.8128	53.5200	171.5000
53.5391	53.5600	174.2000
54.2753	53.9100	111.9000
55.0217	55.2600	-168.7000
55.7783	56.7800	-165.5000
56.5453	58.1200	-166.7000
57.3229	59.0600	-174.1000
58.1112	59.5400	97.7000
58.9103	59.5800	158.7000
59.7204	59.4300	140.7000
60.5416	59.0700	126.2000
61.3742	58.5600	111.8000
62.2182	57.8500	98.0000
63.0738	56.9100	85.1000
63.9411	55.8500	72.6000
64.8204	54.7500	59.3000
65.7118	53.6700	44.2000
66.6154	52.5900	26.2000
67.5315	51.4800	4.5000
68.4602	50.3500	-21.3000
69.4016	49.1500	-50.5000
70.3560	47.9400	-79.9000
71.3235	46.8100	-107.4000
72.3043	45.9800	-130.5000
73.2986	45.5900	-152.9000
74.3065	45.3300	-154.9000
75.3284	44.9800	135.4000
76.3642	44.3100	167.5000
77.4144	43.4600	161.6000
78.4789	42.7400	162.2000
79.5581	42.7500	164.6000
80.6522	42.9400	168.1000
81.7613	43.7000	170.8000
82.8856	44.6800	171.9000
84.0254	45.7800	171.5000
85.1809	46.8300	167.0000
86.3522	47.6800	159.4000
87.5397	48.0000	149.4000
88.7435	48.0900	138.1000
89.9639	47.5200	127.1000
91.2010	46.5300	121.7000
92.4552	45.2300	120.1000
93.7266	43.9800	123.9000
95.0154	43.1500	127.6000
96.3221	42.6100	129.7000
97.6466	42.2400	130.4000
98.9894	42.0100	130.4000
100.3507	41.8100	130.0000
101.7306	41.6000	128.7000
103.1296	41.1800	128.0000
104.5478	40.6200	128.5000
105.9855	40.1300	132.1000
107.4429	40.0100	137.2000
108.9204	40.0800	140.5000
110.4183	40.4000	141.8000
111.9367	40.6800	139.9000
113.4760	40.6900	136.9000
115.0364	40.5400	135.0000
116.6184	40.0100	135.1000
118.2220	39.4400	137.9000
119.8478	39.2200	145.1000
121.4959	39.5700	153.6000
123.1666	40.3800	159.7000
124.8603	41.5100	161.4000
126.5773	42.6600	160.7000
128.3180	43.6300	156.5000
130.0825	44.2500	149.5000
131.8714	44.5400	140.7000
133.6848	44.4700	131.8000
135.5232	44.2400	123.0000
137.3868	43.7400	114.8000
139.2761	43.0100	107.0000
141.1913	42.0000	101.3000
143.1329	40.6900	99.1000
145.1012	39.0800	103.6000
147.0966	37.4400	113.9000
149.1194	36.2600	128.5000
151.1700	35.6500	142.1000
153.2488	35.8300	150.7000
155.3562	36.2800	154.9000
157.4926	36.9300	156.6000
159.6584	37.4900	155.9000
161.8539	37.8400	154.3000
164.0797	37.9900	152.0000
166.3360	37.8100	150.3000
168.6234	37.4100	150.9000
170.9422	37.0800	154.8000
173.2929	37.1500	162.5000
175.6760	37.6200	169.6000
178.0918	38.6400	172.8000
180.5408	39.6500	172.5000
183.0235	40.3300	169.9000
185.5403	40.6700	165.5000
188.0918	40.7900	161.6000
190.6784	40.7800	158.4000
193.3005	40.7400	156.0000
195.9587	40.6800	154.6000
198.6534	40.7100	155.2000
201.3852	40.8800	157.0000
204.1545	41.5100	160.6000
206.9619	42.5000	164.1000
209.8080	43.7200	165.7000
212.6932	45.0800	166.1000
215.6180	46.4900	163.3000
218.5831	47.8200	157.6000
221.5889	48.9400	148.1000
224.6361	49.7800	134.8000
227.7252	50.0500	119.7000
230.8568	50.0500	104.3000
234.0314	49.4700	90.0000
237.2497	48.6400	77.8000
240.5122	47.6400	67.3000
243.8196	46.5500	58.2000
247.1725	45.3800	50.4000
250.5715	44.1300	44.2000
254.0172	42.8100	39.4000
257.5104	41.4800	36.3000
261.0515	40.2600	33.6000
264.6414	39.1800	30.5000
268.2806	38.3000	25.9000
271.9699	37.5000	20.0000
275.7098	36.8000	12.8000
279.5013	36.1800	4.7000
283.3448	35.7800	-4.8000
287.2412	35.4700	-16.2000
291.1913	35.1800	-30.2000
295.1956	34.6900	-46.3000
299.2550	34.0400	-63.3000
303.3702	33.2900	-80.4000
307.5420	32.6000	-97.0000
311.7711	32.1400	-113.7000
316.0584	31.8800	-131.0000
320.4047	31.8100	-153.3000
324.8108	31.6400	-23.1000
329.2774	31.2800	170.6000
333.8055	30.4700	142.3000
338.3958	29.3100	111.8000
343.0493	27.9000	77.6000
347.7667	26.4800	37.0000
352.5490	25.7500	-7.1000
357.3971	25.6500	-46.7000
362.3118	26.3900	-77.5000
367.2942	27.5300	-96.1000
372.3450	28.9100	-109.3000
377.4653	30.2900	-120.2000
382.6561	31.4400	-132.5000
387.9182	32.0600	-145.5000
393.2526	32.3000	-158.3000
398.6604	32.1200	-171.3000
404.1426	31.8600	-25.3000
409.7002	31.5900	174.5000
415.3342	31.3800	166.0000
421.0457	30.9600	158.5000
426.8357	30.2200	154.4000
432.7053	29.1000	153.2000
438.6557	28.0400	155.0000
444.6878	27.3900	157.2000
450.8030	27.1200	158.2000
457.0022	27.2200	156.3000
463.2867	27.4600	151.7000
469.6575	27.7200	142.7000
476.1160	27.6200	130.0000
482.6634	27.1800	115.7000
489.3007	26.1600	107.0000
496.0293	24.9300	108.3000
502.8505	24.5100	117.7000
509.7654	24.4500	134.4000
516.7755	25.2000	145.1000
523.8819	26.0200	144.1000
531.0861	26.8500	138.8000
538.3893	27.6200	127.5000
545.7930	28.1000	113.2000
553.2985	28.1700	97.1000
560.9072	27.7200	81.3000
568.6205	26.7400	68.6000
576.4399	25.5200	60.9000
584.3668	24.3700	56.3000
592.4027	23.6300	52.9000
600.5491	23.1300	48.0000
608.8076	22.7200	41.8000
617.1796	22.2700	35.6000
625.6668	22.1400	33.4000
634.2706	22.1400	33.0000
642.9928	22.8700	36.9000
651.8349	23.9700	41.3000
660.7986	25.3900	43.9000
669.8856	26.9200	44.7000
679.0976	28.5300	43.4000
688.4362	30.1300	39.9000
697.9032	31.6400	33.6000
707.5004	32.9300	25.1000
717.2296	33.9700	15.0000
727.0926	34.8000	4.2000
737.0912	35.4100	-6.6000
747.2274	35.9300	-16.6000
757.5029	36.4300	-25.6000
767.9197	37.0300	-33.6000
778.4797	37.7300	-41.4000
789.1850	38.4600	-49.3000
800.0375	39.1900	-57.6000
811.0392	39.9000	-65.7000
822.1922	40.5900	-73.6000
833.4986	41.2800	-81.3000
844.9605	41.9800	-88.3000
856.5800	42.7600	-94.3000
868.3592	43.6700	-99.5000
880.3005	44.7200	-104.5000
892.4059	45.8200	-110.0000
904.6779	46.9100	-116.6000
917.1185	47.9100	-124.3000
929.7303	48.7900	-132.7000
942.5155	49.5000	-141.6000
955.4765	50.0400	-150.8000
968.6158	50.3700	-159.4000
981.9357	50.5700	-167.2000
995.4388	50.7000	-173.9000
1009.1276	50.8700	36.1000
1023.0046	51.1100	179.4000
1037.0724	51.5100	176.1000
1051.3338	52.0500	173.6000
1065.7912	52.6600	170.7000
1080.4474	53.2700	167.1000
1095.3052	53.7900	162.8000
1110.3673	54.1900	158.4000
1125.6365	54.5100	154.2000
1141.1157	54.7700	150.6000
1156.8078	55.0400	147.5000
1172.7156	55.3300	144.7000
1188.8422	55.6400	142.1000
1205.1906	55.9500	139.6000
1221.7638	56.2600	137.1000
1238.5649	56.5500	134.6000
1255.5970	56.8000	132.0000
1272.8634	57.0000	129.5000
1290.3672	57.1400	127.4000
1308.1117	57.2700	125.7000
1326.1002	57.4000	124.6000
1344.3361	57.5800	123.9000
1362.8227	57.8100	123.6000
1381.5636	58.1100	123.4000
1400.5622	58.4700	123.2000
1419.8220	58.8700	122.8000
1439.3467	59.2800	122.2000
1459.1399	59.6900	121.4000
1479.2053	60.0900	120.4000
1499.5466	60.4800	119.2000
1520.1676	60.8500	118.0000
1541.0722	61.2000	116.7000
1562.2643	61.5400	115.5000
1583.7478	61.8800	114.3000
1605.5267	62.2200	113.1000
1627.6051	62.5500	112.0000
1649.9871	62.8900	110.9000
1672.6769	63.2300	109.9000
1695.6788	63.5900	108.8000
1718.9969	63.9500	107.5000
1742.6357	64.2800	105.9000
1766.5996	64.5500	104.3000
1790.8930	64.8000	102.8000
1815.5205	65.0400	101.6000
1840.4866	65.3000	100.7000
1865.7961	65.5800	99.8000
1891.4536	65.8600	98.8000
1917.4639	66.1300	97.8000
1943.8320	66.3900	97.0000
1970.5626	66.6600	96.2000
1997.6608	66.9500	95.6000
2025.1317	67.2600	95.0000
2052.9803	67.5700	94.4000
2081.2118	67.8800	93.8000
2109.8316	68.2000	93.3000
2138.8450	68.5500	92.9000
2168.2574	68.9200	92.5000
2198.0742	69.3000	91.9000
2228.3010	69.6600	91.2000
2258.9435	70.0300	90.7000
2290.0074	70.4300	90.3000
2321.4985	70.8500	89.7000
2353.4226	71.2700	88.9000
2385.7857	71.6600	87.8000
2418.5938	72.0200	86.9000
2451.8531	72.3900	86.1000
2485.5698	72.7800	85.4000
2519.7502	73.1700	84.4000
2554.4005	73.5300	83.2000
2589.5274	73.8600	82.0000
2625.1373	74.1500	81.0000
2661.2369	74.4600	80.2000
2697.8329	74.7900	79.7000
2734.9322	75.1600	79.3000
2772.5416	75.5600	78.9000
2810.6683	75.9800	78.4000
2849.3192	76.4000	77.7000
2888.5016	76.8200	76.9000
2928.2229	77.2400	76.1000
2968.4904	77.6700	75.2000
3009.3116	78.0900	74.1000
3050.6942	78.5100	73.0000
3092.6458	78.9200	71.8000
3135.1744	79.3200	70.6000
3178.2877	79.7100	69.6000
3221.9940	80.1100	68.7000
3266.3013	80.5600	68.0000
3311.2178	81.0700	67.3000
3356.7521	81.6300	66.5000
3402.9125	82.2400	65.2000
3449.7077	82.8300	63.4000
3497.1464	83.3800	61.1000
3545.2374	83.8800	58.4000
3593.9898	84.3200	55.4000
3643.4125	84.7000	52.3000
3693.5150	85.0300	49.2000
3744.3064	85.3200	46.2000
3795.7962	85.5800	43.4000
3847.9941	85.8400	40.8000
3900.9099	86.1000	38.3000
3954.5533	86.3700	36.0000
4008.9343	86.6600	33.7000
4064.0632	86.9600	31.3000
4119.9502	87.2700	28.8000
4176.6058	87.5700	26.1000
4234.0404	87.8500	23.3000
4292.2649	88.1300	20.4000
4351.2900	88.4000	17.4000
4411.1268	88.6700	14.2000
4471.7864	88.9300	10.7000
4533.2802	89.1600	6.9000
4595.6197	89.3600	2.8000
4658.8164	89.5000	-1.7000
4722.8821	89.5400	-6.4000
4787.8289	89.5400	-11.3000
4853.6688	89.4300	-16.3000
4920.4140	89.2200	-21.1000
4988.0772	88.9200	-25.7000
5056.6707	88.5000	-29.9000
5126.2076	88.0000	-33.5000
5196.7007	87.4300	-36.3000
5268.1632	86.7900	-38.5000
5340.6084	86.1100	-39.8000
5414.0498	85.3800	-40.1000
5488.5011	84.6100	-39.6000
5563.9763	83.8300	-37.8000
5640.4894	83.1100	-34.6000
5718.0546	82.5100	-30.0000
5796.6865	82.1700	-24.5000
5876.3997	82.1500	-19.0000
5957.2090	82.4000	-14.1000
6039.1296	82.8500	-10.5000
6122.1768	83.3400	-8.6000
6206.3660	83.7900	-7.8000
6291.7129	84.1500	-7.9000
6378.2334	84.4200	-8.3000
6465.9437	84.6000	-9.1000
6554.8602	84.7300	-9.9000
6644.9994	84.7800	-10.4000
6736.3782	84.8000	-10.6000
6829.0136	84.8200	-10.0000
6922.9228	84.9400	-8.8000
7018.1235	85.1800	-7.4000
7114.6332	85.5900	-6.4000
7212.4702	86.0700	-6.8000
7311.6525	86.4900	-8.1000
7412.1988	86.7600	-10.9000
7514.1277	86.8300	-14.2000
7617.4583	86.7500	-17.3000
7722.2098	86.4600	-19.5000
7828.4019	86.0500	-20.5000
7936.0542	85.6100	-20.2000
8045.1869	85.2100	-18.8000
8155.8204	84.9100	-16.3000
8267.9752	84.8200	-13.4000
8381.6724	84.8300	-10.5000
8496.9330	85.0400	-8.1000
8613.7787	85.3200	-6.6000
8732.2311	85.5900	-6.2000
8852.3125	85.8000	-6.2000
8974.0451	85.9100	-6.4000
9097.4518	85.9900	-6.3000
9222.5555	86.0500	-5.6000
9349.3795	86.2000	-4.6000
9477.9476	86.4300	-3.9000
9608.2837	86.7000	-3.7000
9740.4121	86.9400	-4.5000
9874.3574	87.0100	-5.8000
10010.1450	87.0200	-6.9000
10147.7990	86.8900	-7.6000
10287.3470	86.7600	-7.3000
10428.8130	86.7200	-6.6000
10572.2250	86.7600	-5.5000
10717.6090	86.8800	-5.0000
10864.9930	87.0300	-5.0000
11014.4030	87.1400	-5.5000
11165.8670	87.1900	-6.4000
11319.4150	87.1700	-7.4000
11475.0740	87.0700	-8.0000
11632.8740	86.9400	-8.2000
11792.8430	86.8700	-8.0000
11955.0130	86.8500	-7.8000
12119.4120	86.9000	-8.3000
12286.0720	86.8900	-9.3000
12455.0240	86.8300	-11.1000
12626.3000	86.5700	-13.1000
12799.9300	86.1900	-14.4000
12975.9490	85.7300	-14.8000
13154.3870	85.2500	-14.7000
13335.2800	84.8200	-14.5000
13518.6600	84.3300	-14.2000
13704.5620	83.7500	-13.7000
13893.0210	83.0200	-12.0000
14084.0710	82.2800	-9.0000
14277.7480	81.6000	-4.8000
14474.0890	81.0500	0.0000
14673.1290	80.6100	4.7000
14874.9070	80.2400	9.7000
15079.4590	79.9300	15.3000
15286.8250	79.9300	21.8000
15497.0410	80.0400	28.0000
15710.1490	80.5200	33.2000
15926.1870	80.9900	36.2000
16145.1970	81.4000	37.9000
16367.2170	81.7400	38.7000
16592.2910	82.0600	38.8000
16820.4600	82.3200	38.4000
17051.7670	82.4600	36.7000
17286.2550	82.3700	34.6000
17523.9670	82.1400	32.9000
17764.9480	81.7400	32.0000
18009.2420	81.3100	31.5000
18256.8970	80.8500	31.0000
18507.9570	80.3000	30.9000
18762.4690	79.5500	31.8000
19020.4810	78.7200	34.0000
19282.0410	77.9300	37.4000
19547.1990	77.2400	41.1000
19816.0020	76.5700	44.9000
20088.5020	75.9100	49.2000
20364.7490	75.2800	54.0000
20644.7950	74.7800	58.6000
20928.6920	74.2600	63.0000
21216.4930	73.7200	67.5000
21508.2520	73.1700	72.6000
21804.0230	72.7100	77.7000
22103.8610	72.3000	82.4000
22407.8230	71.8400	87.0000
22715.9640	71.3400	92.2000
23028.3430	70.8500	97.8000
23345.0170	70.3800	103.6000
23666.0470	69.8700	109.6000
23991.4910	69.3300	115.7000
24321.4100	68.7700	121.7000
24655.8660	68.1900	128.0000
24994.9210	67.6200	135.1000
25338.6390	67.1100	143.1000
25687.0840	66.7200	151.1000
26040.3200	66.4500	158.8000
26398.4130	66.2400	165.8000
26761.4310	66.0600	173.4000
27129.4420	65.7600	33.6000
27502.5120	65.2800	-175.6000
27880.7130	64.5400	-166.0000
28264.1150	63.6700	-153.9000
28652.7890	63.0700	-138.7000
29046.8090	62.8400	-119.3000
29446.2460	63.3100	-98.5000
29851.1760	64.3500	-80.2000
30261.6750	65.6700	-66.3000
30677.8190	66.8600	-57.7000
31099.6850	67.8900	-52.1000
31527.3530	68.7700	-48.0000
31960.9010	69.5600	-44.4000
32400.4120	70.3400	-40.7000
32845.9660	71.1200	-37.2000
33297.6480	71.8700	-34.0000
33755.5410	72.5400	-31.7000
34219.7310	73.1300	-30.6000
34690.3030	73.6400	-30.3000
35167.3480	74.0600	-30.7000
35650.9520	74.3700	-31.7000
36141.2060	74.5800	-33.5000
36638.2020	74.6900	-36.2000
37142.0330	74.7000	-39.9000
37652.7920	74.5700	-44.9000
38170.5740	74.2600	-51.3000
38695.4770	73.7900	-58.1000
39227.5990	73.2700	-64.2000
39767.0370	72.9600	-67.2000
40000.0000	72.8500	-68.2000