4.39453	63.94	-47.2
5.85938	57.21	154.3
7.32422	56.51	-14.5
8.78906	60.29	-170.8
10.25391	62.56	79.3
11.71875	58.03	-28.9
13.18359	55.71	169.9
14.64844	57.83	92.2
16.11328	58.85	61.6
17.57813	56.14	26.4
19.04297	58.98	57.3
20.50781	62.81	-1.5
21.97266	50.98	-59.6
23.4375	59.78	15
24.90234	59.15	-48
26.36719	53.29	-41.5
27.83203	52.45	-76.9
29.29688	49.8	13.1
30.76172	55.1	-39.6
32.22656	52.9	-54
33.69141	51.48	-95
35.15625	44.03	9
36.62109	51.12	-58.7
38.08594	40.88	-35.4
39.55078	45.38	-42.8
41.01563	50.47	11.8
42.48047	54.22	-33.7
43.94531	55.62	-27.3
45.41016	61.46	-71.7
46.875	61.12	-130.6
48.33984	58.69	-172.5
49.80469	58.04	144.4
51.26953	56.43	102
52.73438	56.59	74.7
54.19922	56.76	47
55.66406	58.71	37.7
57.12891	62.5	4.7
58.59375	63.05	-41.3
60.05859	59.69	-81.3
61.52344	54.89	-84.8
62.98828	54.72	-93.9
64.45313	51.18	-99.7
65.91797	51.19	-100.5
67.38281	48.5	-98.5
68.84766	50.1	-102.5
70.3125	47.25	-104.1
71.77734	49.47	-111.5
73.24219	43.06	-121.5
74.70703	47.88	-95.3
76.17188	46.39	-116
77.63672	47.77	-112.8
79.10156	46	-130.8
80.56641	47.1	-129.9
82.03125	44.55	-159.7
83.49609	42.05	-146.6
84.96094	37.18	-153.8
86.42578	43.07	-125.1
87.89063	40.41	-167.3
89.35547	40.85	-139.3
90.82031	38.54	167.6
92.28516	36	-119.3
93.75	35.27	-158.8
95.21484	41.14	-121.5
96.67969	43.04	-166.4
98.14453	45.25	-177
99.60938	47.97	128.9
101.07422	44.05	86.4
102.53906	45.13	77.1
104.00391	44.11	35.8
105.46875	43.38	35.8
106.93359	44.39	3.2
108.39844	42.65	1.5
109.86328	44.27	-22
111.32813	42.03	-21.5
112.79297	44.84	-39.2
114.25781	42.55	-49.1
115.72266	45	-62.8
117.1875	42.01	-83.9
118.65234	43.51	-89.2
120.11719	39.96	-128.2
121.58203	36.47	-112
123.04688	30.49	-145.1
124.51172	33.79	-83.3
125.97656	25.98	-146.7
127.44141	31.73	-59.3
128.90625	18.3	-38.3
130.37109	34.95	-46.2
131.83594	27.51	-45.6
133.30078	36.98	-52.2
134.76563	30.29	-80.8
136.23047	35.52	-60.9
137.69531	29.04	-85.5
139.16016	34.45	-65.1
140.625	24.63	-76.9
142.08984	35.68	-55.7
143.55469	30.12	-93.5
145.01953	34.02	-74.9
146.48438	25.2	-137.4
147.94922	31.28	-55
149.41406	20.92	-111.5
150.87891	30.35	-53.7
152.34375	9.5	143.4
153.80859	31.2	-21.8
155.27344	26.66	-5.2
156.73828	34.91	-39.3
158.20313	26.05	-58.2
159.66797	33.86	-49.2
161.13281	25.08	-87.6
162.59766	31.8	-57.3
164.0625	22.81	-130.7
165.52734	26.81	-62.7
166.99219	25.44	135.6
168.45703	27.19	6
169.92188	26.16	91.8
171.38672	30.26	26.8
172.85156	31.71	64.4
174.31641	34.6	19.9
175.78125	33.16	46.8
177.24609	36.68	19.6
178.71094	36.33	33.1
180.17578	39.25	8.2
181.64063	37.64	13
183.10547	40.26	-4.4
184.57031	37.96	-2.7
186.03516	40.6	-13.9
187.5	37.91	-14.6
188.96484	40.6	-18.7
190.42969	38.68	-20.3
191.89453	41.47	-25.9
193.35938	39.6	-34.8
194.82422	41.4	-39.2
196.28906	38.66	-48.4
197.75391	40.62	-43.4
199.21875	38.69	-53.2
200.68359	40.7	-50.9
202.14844	38.52	-66.1
203.61328	39.64	-59.4
205.07813	37.19	-73.4
206.54297	38.63	-60.3
208.00781	36.58	-74
209.47266	38.61	-61.1
210.9375	36.99	-79
212.40234	38.39	-67.9
213.86719	36.66	-88
215.33203	37.63	-71.6
216.79688	36.76	-91.7
218.26172	37.71	-80.7
219.72656	36.93	-105.9
221.19141	36.78	-95.7
222.65625	36.26	-128.1
224.12109	32.8	-115.1
225.58594	32.33	-146.8
227.05078	27.36	-101
228.51563	29.4	-147.9
229.98047	23.48	-84.2
231.44531	26.18	-157.7
232.91016	21.35	-24.2
234.375	17.76	-125.6
235.83984	24.67	-37.1
237.30469	20.33	-178.6
238.76953	26.18	26.3
240.23438	25.23	46.9
241.69922	33.03	5.6
243.16406	28.91	-4.9
244.62891	34.13	-11.6
246.09375	30.05	-26.8
247.55859	34.12	-22.1
249.02344	29.67	-39
250.48828	33.72	-23.1
251.95313	30.03	-39.7
253.41797	33.76	-23.5
254.88281	30.73	-34.2
256.34766	35.28	-23.5
257.8125	33.44	-42.4
259.27734	36.11	-37.1
260.74219	34.15	-60.4
262.20703	35.51	-51.3
263.67188	33.57	-81.6
265.13672	32.41	-64.2
266.60156	29.5	-95.3
268.06641	28.83	-46.2
269.53125	25.46	-75
270.99609	29.51	-25.9
272.46094	25.01	-41.6
273.92578	32.28	-12.5
275.39063	30.3	-30.5
276.85547	34.37	-22
278.32031	32.08	-40.6
279.78516	35.18	-27.5
281.25	33.86	-48.8
282.71484	35.46	-38.7
284.17969	34.18	-58.5
285.64453	35.43	-46.8
287.10938	34.28	-69.3
288.57422	34.63	-54.1
290.03906	33.86	-77.1
291.50391	33.42	-60
292.96875	32.59	-80.2
294.43359	32.85	-59.1
295.89844	31.87	-84
297.36328	31.85	-52.5
298.82813	32.25	-74.5
300.29297	33.19	-56.9
301.75781	33.3	-82.3
303.22266	32.97	-68.5
304.6875	32.9	-94
306.15234	31.84	-76.1
307.61719	32.39	-106.3
309.08203	28.64	-87.6
310.54688	29.11	-115.7
312.01172	24.86	-65.7
313.47656	26.63	-101.7
314.94141	25.91	-49.7
316.40625	26.5	-95.5
317.87109	25.34	-43
319.33594	25.03	-90.1
320.80078	25.09	-26.9
322.26563	23.4	-66.8
323.73047	27.45	-17.1
325.19531	24.64	-50.2
326.66016	29.11	-9.9
328.125	27.14	-29.6
329.58984	32.3	-9.1
331.05469	31.59	-31.4
332.51953	34.4	-21.6
333.98438	33.88	-44.1
335.44922	35.12	-33.6
336.91406	35.12	-52.1
338.37891	36.22	-44.1
339.84375	36.63	-63.8
341.30859	37	-59.6
342.77344	37.54	-81.3
344.23828	36.33	-78.7
345.70313	37	-95.5
347.16797	35.38	-92.4
348.63281	36.38	-108.6
350.09766	33.64	-107.2
351.5625	34.66	-117.5
353.02734	31.92	-110.7
354.49219	33.92	-122.7
355.95703	30.31	-118.6
357.42188	32.77	-126.5
358.88672	29.02	-122.9
360.35156	31.91	-130.4
361.81641	27.74	-128
363.28125	31.08	-134.7
364.74609	26.12	-134.3
366.21094	30.02	-138.4
367.67578	23.61	-137
369.14063	29.1	-134
370.60547	24.17	-132.6
372.07031	29.63	-137.6
373.53516	24.84	-146
375	29.84	-148.6
376.46484	24.75	-174.8
377.92969	27.99	-162.6
379.39453	22.23	166.3
380.85938	26.89	-166.1
382.32422	22.57	150
383.78906	25.86	-177.2
385.25391	23.23	129.8
386.71875	24.74	170
388.18359	24.94	112.7
389.64844	23.43	145.1
391.11328	26.23	92
392.57813	21.73	117.6
394.04297	27.38	78.9
395.50781	23.4	81.5
396.97266	28.85	55.5
398.4375	22.87	38.2
399.90234	27.94	42.9
401.36719	23.31	29.5
402.83203	28.99	34.5
404.29688	25.11	10
405.76172	29.05	24.1
407.22656	25.88	-1.2
408.69141	29.41	17.6
410.15625	27.3	-11.2
411.62109	29.41	8.6
413.08594	28.01	-19
414.55078	29.47	1.3
416.01563	28.8	-24.5
417.48047	30.02	-9.3
418.94531	29.24	-39.7
420.41016	28.52	-16.7
421.875	28.21	-42.5
423.33984	28.27	-12.4
424.80469	28.94	-37.5
426.26953	29.65	-17.2
427.73438	30.45	-44.7
429.19922	29.74	-29.7
430.66406	30.59	-54.3
432.12891	29.05	-36.9
433.59375	30.48	-58
435.05859	29.2	-42.2
436.52344	30.9	-64.4
437.98828	28.91	-50.7
439.45313	31.06	-70.7
440.91797	28.62	-61.4
442.38281	30.75	-79.1
443.84766	27.64	-68.6
445.3125	30.51	-83.6
446.77734	27.32	-77.8
448.24219	30.26	-91.6
449.70703	26.4	-89.4
451.17188	29.65	-100.8
452.63672	24.53	-104.6
454.10156	28.11	-109
455.56641	20.9	-115.9
457.03125	25.97	-108.9
458.49609	16.65	-113.6
459.96094	23.96	-103
461.42578	12.26	-66.5
462.89063	24.16	-82.8
464.35547	19.08	-57.5
465.82031	26.15	-83.1
467.28516	21.27	-74
468.75	27.09	-91.6
470.21484	21.35	-95.3
471.67969	26.51	-100.8
473.14453	19.58	-105
474.60938	26	-101.6
476.07422	19.54	-109.6
477.53906	25.91	-104.8
479.00391	19.36	-116
480.46875	26.06	-105.9
481.93359	21	-121.2
483.39844	26.91	-113.2
484.86328	23.23	-138.5
486.32813	27.23	-129.5
487.79297	24.02	-164.5
489.25781	26.27	-144.6
490.72266	24.33	173.6
492.1875	24.5	-158.9
493.65234	23.87	156.8
495.11719	22.74	-168.3
496.58203	23.55	144.2
498.04688	20.88	-173.8
499.51172	23.24	139.1
500.97656	20.21	-178
502.44141	23.53	137.1
503.90625	20.57	175.6
505.37109	24.32	136.2
506.83594	22.15	169.2
508.30078	26.43	134.4
509.76563	23.99	150.4
511.23047	27.97	125.6
512.69531	25.33	134.7
514.16016	29.45	117.9
515.625	27.28	117.3
517.08984	30.69	104.5
518.55469	27.95	97.8
520.01953	30.73	93.9
521.48438	28.01	89.1
522.94922	31.21	90.8
524.41406	29.55	83.8
525.87891	32.42	82.8
527.34375	30.79	71.6
528.80859	32.98	73.7
530.27344	31.62	61.4
531.73828	33.37	65.3
533.20313	32.28	52.3
534.66797	33.65	57.4
536.13281	32.74	44.6
537.59766	33.95	50.8
539.0625	33.3	37.4
540.52734	34.21	44
541.99219	33.72	30.4
543.45703	34.37	38.1
544.92188	34.23	24.9
546.38672	34.73	32.1
547.85156	34.91	18.8
549.31641	35.25	24.2
550.78125	35.65	9.4
552.24609	35.21	10.7
553.71094	34.92	-2.9
555.17578	33.68	6.7
556.64063	34.13	-1.2
558.10547	33.96	9.5
559.57031	34.95	-1.5
561.03516	34.73	4.4
562.5	35.63	-7
563.96484	35.12	-3
565.42969	36.08	-13.3
566.89453	35.5	-11.6
568.35938	36.35	-22.6
569.82422	35.19	-21.9
571.28906	35.98	-30.4
572.75391	34.65	-29.2
574.21875	35.56	-36.6
575.68359	33.95	-35.4
577.14844	35.02	-40.4
578.61328	33.57	-38.9
580.07813	34.86	-44.6
581.54297	33.17	-44.6
583.00781	34.5	-48.8
584.47266	32.69	-49.8
585.9375	34.07	-52.3
587.40234	32.31	-53.7
588.86719	33.86	-56
590.33203	32.07	-60.1
591.79688	33.37	-62.1
593.26172	31.2	-66.3
594.72656	32.63	-65.4
596.19141	30.41	-70.1
597.65625	32	-67.9
599.12109	29.72	-73.4
600.58594	31.49	-70
602.05078	29.23	-77
603.51563	31.18	-73.2
604.98047	29	-84.8
606.44531	30.4	-81.3
607.91016	27.54	-96.4
609.375	28.46	-86.7
610.83984	24.57	-102.6
612.30469	26.32	-79.9
613.76953	22.63	-94.6
615.23438	25.49	-75
616.69922	20.57	-90.9
618.16406	24.44	-65.4
619.62891	19.44	-72.3
621.09375	25.14	-57.1
622.55859	20.67	-67.3
624.02344	25.46	-57.6
625.48828	20.71	-70.3
626.95313	25.1	-58
628.41797	19.89	-71.4
629.88281	24.43	-55.2
631.34766	19.2	-62.2
632.8125	24.91	-51.3
634.27734	20.19	-63.5
635.74219	25.03	-54.1
637.20703	20.22	-71.3
638.67188	24.46	-58.4
640.13672	19.26	-80.8
641.60156	23.18	-62.5
643.06641	16.2	-92.7
644.53125	21.28	-56.6
645.99609	12.37	-89.5
647.46094	20.12	-48
648.92578	7.03	-76.3
650.39063	19.43	-36.5
651.85547	3.06	-12.9
653.32031	19.96	-23.1
654.78516	8.26	-1.1
656.25	19.6	-18.4
657.71484	10.73	31.9
659.17969	20.17	-6.5
660.64453	14.81	40.1
662.10938	21.7	2.9
663.57422	18.21	33.1
665.03906	23.49	1.9
666.50391	19.36	18.8
667.96875	23.81	-3.3
669.43359	19.25	14.7
670.89844	24	-5.6
672.36328	18.44	10.1
673.82813	23.54	-4.4
675.29297	18.5	11.7
676.75781	23.31	-6
678.22266	16.75	13.8
679.6875	22.16	-1.2
681.15234	16.29	32.4
682.61719	21.71	9.1
684.08203	17.95	51.4
685.54688	22.63	22.5
687.01172	20.69	54.5
688.47656	24.07	27.5
689.94141	22.35	53.4
691.40625	25.29	31.1
692.87109	24.07	50.8
694.33594	26.53	30.7
695.80078	25.29	46.9
697.26563	27.61	29.1
698.73047	26.25	42
700.19531	28.55	26.6
701.66016	27.13	35
703.125	29.13	21.5
704.58984	27.49	28.9
706.05469	29.57	16.5
707.51953	27.53	21
708.98438	29.44	11.1
710.44922	27.03	16.3
711.91406	29.25	8.9
713.37891	26.85	11.8
714.84375	28.88	4.8
716.30859	26.04	8.7
717.77344	28.42	3.6
719.23828	25.39	5.9
720.70313	27.73	1.4
722.16797	24.07	4.5
723.63281	26.64	2.6
725.09766	22.67	10.2
726.5625	25.88	7.8
728.02734	21.93	18.6
729.49219	25.38	14.2
730.95703	22	29.8
732.42188	25.68	19.9
735.35156	25.7	21.3
738.28125	25.05	24.6
741.21094	24.54	31.5
744.14063	24.5	41.3
747.07031	24.85	47.8
750	24.77	54.7
752.92969	24.7	71.8
755.85938	27.28	82.8
758.78906	29.17	84.6
761.71875	30.56	84.8
764.64844	31.8	84.6
767.57813	32.93	84
770.50781	33.85	82.5
773.4375	34.66	81.9
776.36719	35.62	81
779.29688	36.52	78.2
782.22656	37.13	75
785.15625	37.57	72.5
788.08594	37.92	70.7
791.01563	38.22	69.5
793.94531	38.61	69.4
796.875	39.16	69
799.80469	39.7	67.7
802.73438	40.18	65.9
805.66406	40.52	64.5
808.59375	40.95	63.1
811.52344	41.33	61.4
814.45313	41.62	59.5
817.38281	41.91	58.2
820.3125	42.17	56.7
823.24219	42.38	55.6
826.17188	42.64	54.6
829.10156	42.89	53.5
832.03125	43.11	52.4
834.96094	43.38	51.5
837.89063	43.63	50.1
840.82031	43.76	48.4
843.75	43.82	46.8
846.67969	43.79	46.3
849.60938	43.73	46.3
852.53906	43.75	47.6
855.46875	43.94	49
858.39844	44.18	50.2
861.32813	44.47	51.3
864.25781	44.8	52.2
867.1875	45.18	53.1
870.11719	45.59	53.5
873.04688	45.97	54.2
875.97656	46.45	54.7
878.90625	46.94	54.7
881.83594	47.47	54.5
884.76563	47.99	53.6
887.69531	48.41	52.3
890.625	48.8	51.3
893.55469	49.16	50.3
896.48438	49.54	49.6
899.41406	49.94	48.8
902.34375	50.36	47.9
905.27344	50.78	46.7
908.20313	51.2	45.3
911.13281	51.59	43.8
914.0625	51.97	42.3
916.99219	52.34	40.6
919.92188	52.7	38.9
922.85156	53.06	37.1
925.78125	53.41	35.1
928.71094	53.74	33
931.64063	54.05	30.8
934.57031	54.33	28.4
937.5	54.58	26
940.42969	54.78	23.6
943.35938	54.97	21.4
946.28906	55.15	19.1
949.21875	55.31	16.9
952.14844	55.46	14.7
955.07813	55.6	12.6
958.00781	55.73	10.4
960.9375	55.83	8.2
963.86719	55.93	6
966.79688	56.01	3.8
969.72656	56.06	1.6
972.65625	56.08	-0.6
975.58594	56.07	-2.7
978.51563	56.03	-4.7
981.44531	55.97	-6.5
984.375	55.89	-8.1
987.30469	55.8	-9.5
990.23438	55.71	-10.7
993.16406	55.62	-11.7
996.09375	55.53	-12.4
999.02344	55.46	-13.1
1001.9531	55.41	-13.6
1004.8828	55.37	-14.1
1007.8125	55.33	-14.5
1010.7422	55.3	-14.9
1013.6719	55.28	-15.1
1016.6016	55.26	-15.3
1019.5313	55.25	-15.4
1022.4609	55.26	-15.4
1025.3906	55.29	-15.4
1028.3203	55.32	-15.4
1031.25	55.35	-15.3
1034.1797	55.41	-15.1
1037.1094	55.48	-14.9
1040.0391	55.57	-14.6
1042.9688	55.69	-14.4
1045.8984	55.82	-14.2
1048.8281	55.99	-14
1051.7578	56.18	-14
1054.6875	56.37	-14.2
1057.6172	56.56	-14.5
1060.5469	56.76	-14.9
1063.4766	56.95	-15.5
1066.4063	57.13	-16.1
1069.3359	57.31	-16.7
1072.2656	57.5	-17.5
1075.1953	57.66	-18.4
1078.125	57.82	-19.3
1081.0547	57.98	-20.2
1083.9844	58.14	-21.2
1086.9141	58.28	-22.3
1089.8438	58.41	-23.5
1092.7734	58.52	-24.7
1095.7031	58.61	-26
1098.6328	58.69	-27.2
1101.5625	58.76	-28.4
1104.4922	58.81	-29.5
1107.4219	58.85	-30.7
1110.3516	58.88	-31.8
1113.2813	58.89	-32.9
1116.2109	58.89	-33.8
1119.1406	58.87	-34.6
1122.0703	58.86	-35.3
1125	58.85	-35.9
1127.9297	58.85	-36.4
1130.8594	58.86	-36.9
1133.7891	58.88	-37.3
1136.7188	58.91	-37.7
1139.6484	58.94	-38.1
1142.5781	58.97	-38.5
1145.5078	59	-38.9
1148.4375	59.04	-39.3
1151.3672	59.07	-39.6
1154.2969	59.12	-40
1157.2266	59.17	-40.3
1160.1563	59.22	-40.6
1163.0859	59.28	-41
1166.0156	59.34	-41.4
1168.9453	59.41	-41.7
1171.875	59.48	-42.2
1174.8047	59.53	-42.7
1177.7344	59.59	-43.2
1180.6641	59.65	-43.6
1183.5938	59.7	-44.1
1186.5234	59.75	-44.6
1189.4531	59.79	-45.1
1192.3828	59.84	-45.6
1195.3125	59.87	-46
1198.2422	59.91	-46.4
1201.1719	59.95	-46.8
1204.1016	59.99	-47.2
1207.0313	60.03	-47.5
1209.9609	60.07	-47.8
1212.8906	60.12	-48.1
1215.8203	60.17	-48.4
1218.75	60.23	-48.6
1221.6797	60.29	-48.9
1224.6094	60.36	-49.1
1227.5391	60.44	-49.5
1230.4688	60.53	-49.8
1233.3984	60.62	-50.3
1236.3281	60.7	-50.8
1239.2578	60.79	-51.3
1242.1875	60.86	-51.9
1245.1172	60.94	-52.5
1248.0469	61.01	-53.2
1250.9766	61.06	-54
1253.9063	61.11	-54.7
1256.8359	61.15	-55.5
1259.7656	61.17	-56.1
1262.6953	61.19	-56.8
1265.625	61.21	-57.5
1268.5547	61.22	-58.1
1271.4844	61.23	-58.8
1274.4141	61.22	-59.4
1277.3438	61.22	-59.9
1280.2734	61.21	-60.4
1283.2031	61.21	-60.9
1286.1328	61.2	-61.3
1289.0625	61.19	-61.7
1291.9922	61.17	-62.2
1294.9219	61.15	-62.5
1297.8516	61.13	-62.8
1300.7813	61.11	-63
1303.7109	61.1	-63.3
1306.6406	61.08	-63.4
1309.5703	61.07	-63.6
1312.5	61.07	-63.6
1315.4297	61.08	-63.7
1318.3594	61.09	-63.9
1321.2891	61.1	-64
1324.2188	61.11	-64.1
1327.1484	61.12	-64.3
1330.0781	61.13	-64.5
1333.0078	61.13	-64.6
1335.9375	61.13	-64.8
1338.8672	61.13	-64.9
1341.7969	61.12	-64.9
1344.7266	61.13	-65
1347.6563	61.13	-65
1350.5859	61.13	-65
1353.5156	61.13	-65
1356.4453	61.14	-64.9
1359.375	61.16	-64.8
1362.3047	61.18	-64.7
1365.2344	61.19	-64.6
1368.1641	61.2	-64.5
1371.0938	61.22	-64.4
1374.0234	61.24	-64.2
1376.9531	61.26	-63.9
1379.8828	61.3	-63.7
1382.8125	61.34	-63.4
1385.7422	61.39	-63.2
1388.6719	61.45	-62.9
1391.6016	61.52	-62.6
1394.5313	61.6	-62.5
1397.4609	61.68	-62.3
1400.3906	61.77	-62.2
1403.3203	61.86	-62.1
1406.25	61.95	-62.1
1409.1797	62.04	-62.1
1412.1094	62.14	-62.2
1415.0391	62.24	-62.3
1417.9688	62.33	-62.5
1420.8984	62.41	-62.8
1423.8281	62.48	-63.1
1426.7578	62.54	-63.4
1429.6875	62.59	-63.7
1432.6172	62.63	-63.9
1435.5469	62.68	-64.1
1438.4766	62.71	-64.3
1441.4063	62.75	-64.4
1444.3359	62.78	-64.4
1447.2656	62.82	-64.4
1450.1953	62.86	-64.4
1453.125	62.91	-64.3
1456.0547	62.97	-64.3
1458.9844	63.03	-64.2
1461.9141	63.1	-64.1
1464.8438	63.18	-64
1469.2383	63.29	-63.9
1473.6328	63.45	-64
1478.0273	63.58	-64.2
1482.4219	63.74	-64.5
1486.8164	63.85	-64.8
1491.2109	64	-65.3
1495.6055	64.1	-65.7
1500	64.23	-66.2
1504.3945	64.32	-66.6
1508.7891	64.43	-67.2
1513.1836	64.51	-67.6
1517.5781	64.61	-68.2
1521.9727	64.67	-68.7
1526.3672	64.76	-69.1
1530.7617	64.81	-69.6
1535.1563	64.9	-70
1539.5508	64.95	-70.5
1543.9453	65.02	-70.9
1548.3398	65.06	-71.4
1552.7344	65.12	-71.8
1557.1289	65.14	-72.1
1561.5234	65.2	-72.3
1565.918	65.21	-72.5
1570.3125	65.27	-72.5
1574.707	65.32	-72.6
1579.1016	65.42	-72.5
1583.4961	65.52	-72.6
1587.8906	65.65	-72.8
1592.2852	65.75	-73.2
1596.6797	65.85	-73.7
1601.0742	65.91	-74.3
1605.4688	65.98	-74.7
1609.8633	66.02	-75.2
1614.2578	66.06	-75.6
1618.6523	66.09	-75.9
1623.0469	66.13	-76.1
1627.4414	66.16	-76.4
1631.8359	66.21	-76.5
1636.2305	66.24	-76.6
1640.625	66.29	-76.6
1645.0195	66.34	-76.6
1649.4141	66.41	-76.5
1653.8086	66.48	-76.6
1658.2031	66.58	-76.5
1662.5977	66.67	-76.7
1666.9922	66.77	-76.8
1671.3867	66.85	-77.1
1675.7813	66.93	-77.3
1680.1758	66.99	-77.6
1684.5703	67.05	-77.6
1688.9648	67.12	-77.7
1693.3594	67.21	-77.7
1697.7539	67.3	-77.7
1702.1484	67.41	-77.7
1706.543	67.53	-77.9
1710.9375	67.66	-78
1715.332	67.79	-78.4
1719.7266	67.91	-78.8
1724.1211	68.02	-79.3
1728.5156	68.13	-79.7
1732.9102	68.23	-80.3
1737.3047	68.33	-80.8
1741.6992	68.42	-81.5
1746.0938	68.5	-82
1750.4883	68.57	-82.8
1754.8828	68.63	-83.4
1759.2773	68.68	-84.2
1763.6719	68.71	-84.8
1768.0664	68.72	-85.6
1772.4609	68.72	-86
1776.8555	68.71	-86.5
1781.25	68.7	-86.8
1785.6445	68.7	-87.2
1790.0391	68.69	-87.3
1794.4336	68.7	-87.5
1798.8281	68.7	-87.5
1803.2227	68.71	-87.5
1807.6172	68.73	-87.4
1812.0117	68.78	-87.4
1816.4063	68.82	-87.3
1820.8008	68.88	-87.3
1825.1953	68.94	-87.3
1829.5898	69.01	-87.4
1833.9844	69.07	-87.5
1838.3789	69.14	-87.7
1842.7734	69.19	-87.8
1847.168	69.25	-88
1851.5625	69.29	-88.1
1855.957	69.34	-88.3
1860.3516	69.38	-88.3
1864.7461	69.44	-88.4
1869.1406	69.5	-88.3
1873.5352	69.58	-88.4
1877.9297	69.65	-88.4
1882.3242	69.75	-88.5
1886.7188	69.85	-88.6
1891.1133	69.95	-89
1895.5078	70.04	-89.3
1899.9023	70.13	-89.8
1904.2969	70.19	-90.3
1908.6914	70.24	-90.9
1913.0859	70.27	-91.4
1917.4805	70.3	-91.9
1921.875	70.3	-92.3
1926.2695	70.31	-92.7
1930.6641	70.3	-93
1935.0586	70.3	-93.1
1939.4531	70.29	-93.2
1943.8477	70.29	-93.2
1948.2422	70.29	-93.2
1952.6367	70.32	-93
1957.0313	70.35	-92.9
1961.4258	70.4	-92.7
1965.8203	70.46	-92.6
1970.2148	70.53	-92.6
1974.6094	70.59	-92.7
1979.0039	70.66	-92.8
1983.3984	70.71	-92.9
1987.793	70.77	-93.1
1992.1875	70.81	-93.2
1996.582	70.86	-93.4
2000.9766	70.89	-93.5
2005.3711	70.93	-93.6
2009.7656	70.96	-93.7
2014.1602	71	-93.8
2018.5547	71.02	-93.8
2022.9492	71.07	-93.7
2027.3438	71.1	-93.7
2031.7383	71.15	-93.5
2036.1328	71.21	-93.4
2040.5273	71.28	-93.3
2044.9219	71.35	-93.2
2049.3164	71.44	-93.2
2053.7109	71.53	-93.2
2058.1055	71.63	-93.3
2062.5	71.73	-93.6
2066.8945	71.82	-93.9
2071.2891	71.89	-94.3
2075.6836	71.95	-94.8
2080.0781	71.98	-95.2
2084.4727	72.01	-95.6
2088.8672	72.02	-96
2093.2617	72.02	-96.2
2097.6563	72.01	-96.4
2102.0508	72	-96.5
2106.4453	71.99	-96.5
2110.8398	71.99	-96.3
2115.2344	72	-96
2119.6289	72.03	-95.7
2124.0234	72.08	-95.5
2128.418	72.13	-95.2
2132.8125	72.2	-95
2137.207	72.27	-94.7
2141.6016	72.35	-94.6
2145.9961	72.43	-94.5
2150.3906	72.52	-94.4
2154.7852	72.61	-94.3
2159.1797	72.7	-94.3
2163.5742	72.79	-94.3
2167.9688	72.89	-94.4
2172.3633	72.99	-94.5
2176.7578	73.09	-94.7
2181.1523	73.18	-94.9
2185.5469	73.27	-95.2
2189.9414	73.35	-95.5
2194.3359	73.42	-95.8
2198.7305	73.49	-96.1
2204.5898	73.57	-96.6
2210.4492	73.64	-97.1
2216.3086	73.7	-97.5
2222.168	73.75	-98
2228.0273	73.79	-98.4
2233.8867	73.82	-98.8
2239.7461	73.85	-99.1
2245.6055	73.86	-99.3
2251.4648	73.87	-99.5
2257.3242	73.87	-99.5
2263.1836	73.87	-99.5
2269.043	73.89	-99.2
2274.9023	73.92	-98.9
2280.7617	73.97	-98.4
2286.6211	74.05	-98
2292.4805	74.16	-97.6
2298.3398	74.3	-97.3
2304.1992	74.45	-97.1
2310.0586	74.6	-97.1
2315.918	74.75	-97.3
2321.7773	74.9	-97.5
2327.6367	75.03	-97.9
2333.4961	75.16	-98.3
2339.3555	75.29	-98.7
2345.2148	75.4	-99.3
2351.0742	75.5	-100
2356.9336	75.57	-100.6
2362.793	75.63	-101.2
2368.6523	75.68	-101.7
2374.5117	75.73	-102.2
2380.3711	75.77	-102.7
2386.2305	75.81	-103.2
2392.0898	75.84	-103.6
2397.9492	75.86	-103.9
2403.8086	75.88	-104.2
2409.668	75.91	-104.4
2415.5273	75.94	-104.7
2421.3867	75.97	-104.9
2427.2461	75.99	-105.1
2433.1055	76.01	-105.3
2438.9648	76.02	-105.5
2444.8242	76.03	-105.5
2450.6836	76.03	-105.4
2456.543	76.05	-105.1
2462.4023	76.1	-104.8
2468.2617	76.17	-104.4
2474.1211	76.27	-104.2
2479.9805	76.39	-104
2485.8398	76.51	-104
2491.6992	76.63	-104.2
2497.5586	76.73	-104.4
2503.418	76.84	-104.6
2509.2773	76.94	-104.8
2515.1367	77.05	-105.1
2520.9961	77.15	-105.4
2526.8555	77.24	-105.8
2532.7148	77.34	-106.2
2538.5742	77.44	-106.7
2544.4336	77.53	-107.3
2550.293	77.61	-107.9
2556.1523	77.67	-108.5
2562.0117	77.72	-109.2
2567.8711	77.75	-109.9
2573.7305	77.76	-110.6
2579.5898	77.76	-111.2
2585.4492	77.74	-111.7
2591.3086	77.72	-112
2597.168	77.69	-112.3
2603.0273	77.67	-112.5
2608.8867	77.65	-112.5
2614.7461	77.64	-112.6
2620.6055	77.63	-112.5
2626.4648	77.62	-112.3
2632.3242	77.64	-112.1
2638.1836	77.67	-111.8
2644.043	77.72	-111.6
2649.9023	77.79	-111.4
2655.7617	77.88	-111.3
2661.6211	77.96	-111.4
2667.4805	78.03	-111.6
2673.3398	78.09	-111.8
2679.1992	78.14	-112.1
2685.0586	78.17	-112.3
2690.918	78.19	-112.4
2696.7773	78.22	-112.5
2702.6367	78.25	-112.5
2708.4961	78.28	-112.5
2714.3555	78.32	-112.5
2720.2148	78.36	-112.4
2726.0742	78.4	-112.4
2731.9336	78.45	-112.4
2737.793	78.49	-112.4
2743.6523	78.53	-112.4
2749.5117	78.57	-112.4
2755.3711	78.6	-112.3
2761.2305	78.64	-112.1
2767.0898	78.7	-111.9
2772.9492	78.76	-111.7
2778.8086	78.84	-111.5
2784.668	78.93	-111.4
2790.5273	79.02	-111.3
2796.3867	79.11	-111.3
2802.2461	79.21	-111.4
2808.1055	79.29	-111.4
2813.9648	79.38	-111.5
2819.8242	79.46	-111.6
2825.6836	79.55	-111.8
2831.543	79.63	-112
2837.4023	79.71	-112.2
2843.2617	79.77	-112.5
2849.1211	79.84	-112.7
2854.9805	79.89	-112.9
2860.8398	79.94	-113.1
2866.6992	79.98	-113.2
2872.5586	80.04	-113.3
2878.418	80.09	-113.3
2884.2773	80.16	-113.4
2890.1367	80.23	-113.5
2895.9961	80.3	-113.7
2901.8555	80.35	-113.8
2907.7148	80.4	-114
2913.5742	80.45	-114.1
2919.4336	80.5	-114.1
2925.293	80.56	-114.1
2931.1523	80.62	-114.1
2938.4766	80.7	-114.2
2945.8008	80.78	-114.2
2953.125	80.87	-114.2
2960.4492	80.97	-114.1
2967.7734	81.09	-114.1
2975.0977	81.22	-114.1
2982.4219	81.35	-114.4
2989.7461	81.48	-114.7
2997.0703	81.6	-115.1
3004.3945	81.72	-115.5
3011.7188	81.82	-116.1
3019.043	81.91	-116.6
3026.3672	81.98	-117.1
3033.6914	82.05	-117.6
3041.0156	82.1	-118.1
3048.3398	82.16	-118.5
3055.6641	82.21	-118.9
3062.9883	82.26	-119.2
3070.3125	82.3	-119.5
3077.6367	82.34	-119.7
3084.9609	82.38	-119.9
3092.2852	82.44	-119.9
3099.6094	82.51	-120
3106.9336	82.61	-120.1
3114.2578	82.71	-120.2
3121.582	82.83	-120.5
3128.9063	82.94	-120.9
3136.2305	83.05	-121.4
3143.5547	83.15	-122.1
3150.8789	83.23	-122.8
3158.2031	83.3	-123.6
3165.5273	83.33	-124.5
3172.8516	83.34	-125.2
3180.1758	83.33	-125.9
3187.5	83.3	-126.5
3194.8242	83.27	-126.9
3202.1484	83.23	-127.1
3209.4727	83.2	-127.3
3216.7969	83.17	-127.3
3224.1211	83.16	-127.2
3231.4453	83.16	-127.1
3238.7695	83.18	-126.9
3246.0938	83.22	-126.7
3253.418	83.26	-126.7
3260.7422	83.3	-126.6
3268.0664	83.34	-126.6
3275.3906	83.38	-126.5
3282.7148	83.42	-126.4
3290.0391	83.48	-126.2
3297.3633	83.55	-126.1
3304.6875	83.62	-126.1
3312.0117	83.7	-126.1
3319.3359	83.77	-126.2
3326.6602	83.83	-126.3
3333.9844	83.88	-126.5
3341.3086	83.92	-126.5
3348.6328	83.95	-126.4
3355.957	83.99	-126.3
3363.2813	84.05	-126
3370.6055	84.13	-125.7
3377.9297	84.23	-125.5
3385.2539	84.35	-125.4
3392.5781	84.47	-125.4
3399.9023	84.57	-125.5
3407.2266	84.67	-125.6
3414.5508	84.76	-125.6
3421.875	84.86	-125.6
3429.1992	84.97	-125.6
3436.5234	85.11	-125.6
3443.8477	85.24	-125.8
3451.1719	85.38	-126.1
3458.4961	85.5	-126.4
3465.8203	85.62	-126.8
3473.1445	85.74	-127.3
3480.4688	85.85	-127.8
3487.793	85.96	-128.4
3495.1172	86.04	-129
3502.4414	86.11	-129.7
3509.7656	86.15	-130.2
3517.0898	86.19	-130.7
3524.4141	86.22	-131
3531.7383	86.26	-131.3
3539.0625	86.31	-131.4
3546.3867	86.37	-131.5
3553.7109	86.45	-131.7
3561.0352	86.53	-131.8
3568.3594	86.62	-132
3575.6836	86.72	-132.2
3583.0078	86.82	-132.5
3590.332	86.93	-132.8
3597.6563	87.04	-133.2
3604.9805	87.15	-133.6
3612.3047	87.26	-134.2
3619.6289	87.36	-134.8
3626.9531	87.45	-135.5
3634.2773	87.53	-136.3
3641.6016	87.59	-137
3648.9258	87.64	-137.7
3656.25	87.68	-138.3
3663.5742	87.72	-139
3672.3633	87.76	-139.7
3681.1523	87.79	-140.4
3689.9414	87.8	-141
3698.7305	87.82	-141.5
3707.5195	87.85	-141.9
3716.3086	87.89	-142.3
3725.0977	87.94	-142.7
3733.8867	87.99	-143.1
3742.6758	88.04	-143.6
3751.4648	88.09	-144
3760.2539	88.14	-144.5
3769.043	88.2	-144.9
3777.832	88.25	-145.4
3786.6211	88.3	-145.9
3795.4102	88.35	-146.5
3804.1992	88.4	-147.1
3812.9883	88.44	-147.7
3821.7773	88.47	-148.3
3830.5664	88.49	-148.9
3839.3555	88.5	-149.5
3848.1445	88.51	-150
3856.9336	88.5	-150.5
3865.7227	88.49	-150.9
3874.5117	88.48	-151.1
3883.3008	88.49	-151.3
3892.0898	88.51	-151.5
3900.8789	88.54	-151.7
3909.668	88.56	-151.9
3918.457	88.58	-152.1
3927.2461	88.61	-152.3
3936.0352	88.64	-152.4
3944.8242	88.7	-152.5
3953.6133	88.76	-152.7
3962.4023	88.83	-153
3971.1914	88.89	-153.4
3979.9805	88.94	-153.8
3988.7695	88.97	-154.3
3997.5586	88.98	-154.7
4006.3477	88.99	-155
4015.1367	89	-155.1
4023.9258	89.02	-155.2
4032.7148	89.05	-155.3
4041.5039	89.1	-155.3
4050.293	89.16	-155.3
4059.082	89.24	-155.4
4067.8711	89.32	-155.5
4076.6602	89.41	-155.8
4085.4492	89.5	-156.1
4094.2383	89.58	-156.4
4103.0273	89.66	-156.8
4111.8164	89.74	-157.3
4120.6055	89.81	-157.7
4129.3945	89.88	-158.2
4138.1836	89.96	-158.7
4146.9727	90.02	-159.3
4155.7617	90.08	-160
4164.5508	90.12	-160.6
4173.3398	90.14	-161.2
4182.1289	90.15	-161.7
4190.918	90.17	-162.1
4199.707	90.2	-162.4
4208.4961	90.24	-162.7
4217.2852	90.29	-163.1
4226.0742	90.34	-163.6
4234.8633	90.39	-164.1
4243.6523	90.43	-164.6
4252.4414	90.47	-165.1
4261.2305	90.5	-165.6
4270.0195	90.53	-166.1
4278.8086	90.56	-166.5
4287.5977	90.59	-167
4296.3867	90.63	-167.4
4305.1758	90.67	-167.9
4313.9648	90.71	-168.5
4322.7539	90.74	-169.1
4331.543	90.76	-169.8
4340.332	90.76	-170.4
4349.1211	90.75	-170.8
4357.9102	90.74	-171.2
4366.6992	90.74	-171.5
4375.4883	90.77	-171.8
4384.2773	90.8	-172.1
4393.0664	90.84	-172.5
4401.8555	90.88	-173
4412.1094	90.91	-173.7
4422.3633	90.93	-174.3
4432.6172	90.94	-174.9
4442.8711	90.94	-175.5
4453.125	90.95	-176.1
4463.3789	90.94	-176.7
4473.6328	90.94	-177.2
4483.8867	90.92	-177.7
4494.1406	90.91	-178.2
4504.3945	90.91	-178.6
4514.6484	90.9	-179
4524.9023	90.9	-179.3
4535.1563	90.9	-179.6
4545.4102	90.91	-180
4555.6641	90.92	179.7
4565.918	90.94	179.2
4576.1719	90.96	178.7
4586.4258	90.96	178.2
4596.6797	90.95	177.7
4606.9336	90.93	177.3
4617.1875	90.92	176.9
4627.4414	90.91	176.6
4637.6953	90.9	176.3
4647.9492	90.9	176
4658.2031	90.9	175.7
4668.457	90.91	175.4
4678.7109	90.92	175.1
4688.9648	90.93	174.7
4699.2188	90.93	174.4
4709.4727	90.94	174
4719.7266	90.94	173.6
4729.9805	90.95	173.3
4740.2344	90.95	172.8
4750.4883	90.94	172.4
4760.7422	90.92	172.1
4770.9961	90.9	171.8
4781.25	90.89	171.5
4791.5039	90.88	171.3
4801.7578	90.88	171.1
4812.0117	90.89	170.9
4822.2656	90.89	170.7
4832.5195	90.9	170.5
4842.7734	90.91	170.3
4853.0273	90.93	170.1
4863.2813	90.95	169.9
4873.5352	90.98	169.6
4883.7891	91.01	169.3
4894.043	91.04	168.8
4904.2969	91.05	168.4
4914.5508	91.06	168
4924.8047	91.06	167.7
4935.0586	91.07	167.3
4945.3125	91.08	167
4955.5664	91.09	166.6
4965.8203	91.09	166.2
4976.0742	91.1	165.9
4986.3281	91.11	165.5
4996.582	91.11	165.1
5006.8359	91.11	164.7
5017.0898	91.11	164.4
5027.3438	91.12	164.1
5037.5977	91.13	163.7
5047.8516	91.15	163.3
5058.1055	91.16	162.8
5068.3594	91.16	162.3
5078.6133	91.15	161.9
5088.8672	91.13	161.5
5099.1211	91.12	161.1
5109.375	91.12	160.8
5119.6289	91.11	160.4
5129.8828	91.11	160
5141.6016	91.1	159.5
5153.3203	91.08	159.1
5165.0391	91.07	158.7
5176.7578	91.05	158.3
5188.4766	91.03	158
5200.1953	91.04	157.8
5211.9141	91.07	157.4
5223.6328	91.09	156.9
5235.3516	91.1	156.3
5247.0703	91.09	155.6
5258.7891	91.07	155.1
5270.5078	91.05	154.6
5282.2266	91.04	154.1
5293.9453	91.03	153.5
5305.6641	91.02	152.9
5317.3828	91	152.3
5329.1016	90.97	151.7
5340.8203	90.94	151
5352.5391	90.9	150.5
5364.2578	90.86	150
5375.9766	90.84	149.4
5387.6953	90.81	148.7
5399.4141	90.76	148
5411.1328	90.7	147.2
5422.8516	90.61	146.5
5434.5703	90.52	146
5446.2891	90.43	145.6
5458.0078	90.34	145.2
5469.7266	90.27	144.8
5481.4453	90.2	144.4
5493.1641	90.13	144
5504.8828	90.05	143.5
5516.6016	89.96	143.1
5528.3203	89.88	142.8
5540.0391	89.79	142.4
5551.7578	89.7	142
5563.4766	89.61	141.7
5575.1953	89.5	141.3
5586.9141	89.38	140.9
5598.6328	89.25	140.7
5610.3516	89.13	140.6
5622.0703	89.02	140.6
5633.7891	88.91	140.5
5645.5078	88.81	140.4
5657.2266	88.69	140.2
5668.9453	88.56	140.2
5680.6641	88.43	140.3
5692.3828	88.3	140.4
5704.1016	88.17	140.6
5715.8203	88.05	140.9
5727.5391	87.94	141.2
5739.2578	87.83	141.5
5750.9766	87.71	141.8
5762.6953	87.59	142.3
5774.4141	87.47	142.9
5786.1328	87.36	143.6
5797.8516	87.28	144.4
5809.5703	87.22	145.1
5821.2891	87.17	145.8
5833.0078	87.13	146.5
5844.7266	87.09	147.2
5856.4453	87.06	147.9
5868.1641	87.04	148.6
5881.3477	87.02	149.4
5894.5313	87.02	150.2
5907.7148	87.03	151
5920.8984	87.04	151.7
5934.082	87.06	152.4
5947.2656	87.1	153.1
5960.4492	87.15	153.7
5973.6328	87.21	154.2
5986.8164	87.27	154.7
6000	87.33	155.1
6013.1836	87.39	155.4
6026.3672	87.45	155.7
6039.5508	87.53	156
6052.7344	87.6	156.1
6065.918	87.65	156.1
6079.1016	87.68	156.1
6092.2852	87.72	156.3
6105.4688	87.76	156.4
6118.6523	87.81	156.5
6131.8359	87.86	156.5
6145.0195	87.9	156.5
6158.2031	87.95	156.5
6171.3867	87.99	156.5
6184.5703	88.04	156.3
6197.7539	88.08	156.1
6210.9375	88.1	155.9
6224.1211	88.11	155.6
6237.3047	88.1	155.5
6250.4883	88.08	155.5
6263.6719	88.09	155.6
6276.8555	88.11	155.7
6290.0391	88.14	155.6
6303.2227	88.17	155.5
6316.4063	88.18	155.4
6329.5898	88.19	155.2
6342.7734	88.19	155
6355.957	88.18	154.9
6369.1406	88.18	154.9
6382.3242	88.18	154.8
6395.5078	88.18	154.8
6408.6914	88.18	154.7
6421.875	88.17	154.7
6435.0586	88.18	154.8
6448.2422	88.2	154.7
6461.4258	88.22	154.6
6474.6094	88.23	154.4
6487.793	88.23	154.3
6500.9766	88.22	154.2
6514.1602	88.22	154.1
6527.3438	88.23	154
6540.5273	88.23	153.8
6553.7109	88.23	153.6
6566.8945	88.22	153.4
6580.0781	88.19	153.2
6593.2617	88.16	153.1
6607.9102	88.14	153.1
6622.5586	88.14	153.1
6637.207	88.14	152.9
6651.8555	88.13	152.7
6666.5039	88.1	152.5
6681.1523	88.06	152.2
6695.8008	88.01	152.1
6710.4492	87.96	152
6725.0977	87.9	151.9
6739.7461	87.84	151.9
6754.3945	87.78	152
6769.043	87.73	152.2
6783.6914	87.69	152.4
6798.3398	87.66	152.6
6812.9883	87.63	152.6
6827.6367	87.59	152.6
6842.2852	87.52	152.8
6856.9336	87.45	153
6871.582	87.4	153.4
6886.2305	87.35	153.8
6900.8789	87.3	154.3
6915.5273	87.26	154.8
6930.1758	87.24	155.4
6944.8242	87.24	156
6959.4727	87.26	156.6
6974.1211	87.28	157
6988.7695	87.28	157.4
7003.418	87.29	157.9
7018.0664	87.3	158.4
7032.7148	87.33	158.9
7047.3633	87.36	159.4
7062.0117	87.41	159.9
7076.6602	87.46	160.5
7091.3086	87.54	161
7105.957	87.63	161.3
7120.6055	87.73	161.5
7135.2539	87.82	161.5
7149.9023	87.89	161.5
7164.5508	87.95	161.4
7179.1992	88	161.4
7193.8477	88.05	161.4
7208.4961	88.11	161.4
7223.1445	88.17	161.3
7237.793	88.23	161.2
7252.4414	88.28	161
7267.0898	88.33	160.9
7281.7383	88.37	160.6
7296.3867	88.41	160.3
7311.0352	88.43	160
7325.6836	88.44	159.8
7341.7969	88.45	159.5
7357.9102	88.46	159.3
7374.0234	88.48	159
7390.1367	88.48	158.7
7406.25	88.48	158.4
7422.3633	88.47	158.2
7438.4766	88.46	158
7454.5898	88.45	157.7
7470.7031	88.43	157.4
7486.8164	88.39	157.1
7502.9297	88.35	156.9
7519.043	88.3	156.8
7535.1563	88.25	156.6
7551.2695	88.2	156.6
7567.3828	88.15	156.6
7583.4961	88.09	156.6
7599.6094	88.04	156.7
7615.7227	88	156.8
7631.8359	87.95	156.8
7647.9492	87.9	157
7664.0625	87.85	157.1
7680.1758	87.8	157.4
7696.2891	87.76	157.7
7712.4023	87.73	158.1
7728.5156	87.72	158.4
7744.6289	87.71	158.6
7760.7422	87.7	158.9
7776.8555	87.68	159.1
7792.9688	87.67	159.3
7809.082	87.66	159.5
7825.1953	87.64	159.7
7841.3086	87.61	159.9
7857.4219	87.59	160.2
7873.5352	87.59	160.5
7889.6484	87.58	160.7
7905.7617	87.58	160.9
7921.875	87.57	161.1
7937.9883	87.55	161.3
7954.1016	87.53	161.6
7970.2148	87.51	161.8
7986.3281	87.48	162.1
8002.4414	87.46	162.4
8018.5547	87.44	162.8
8034.668	87.42	163.2
8050.7813	87.42	163.6
8066.8945	87.41	163.9
8084.4727	87.4	164.3
8102.0508	87.38	164.8
8119.6289	87.36	165.2
8137.207	87.34	165.8
8154.7852	87.32	166.4
8172.3633	87.32	167.1
8189.9414	87.32	167.8
8207.5195	87.34	168.5
8225.0977	87.37	169.2
8242.6758	87.4	169.9
8260.2539	87.43	170.7
8277.832	87.48	171.4
8295.4102	87.54	172.2
8312.9883	87.6	173
8330.5664	87.67	173.8
8348.1445	87.77	174.6
8365.7227	87.89	175.3
8383.3008	88.01	175.9
8400.8789	88.15	176.4
8418.457	88.28	176.8
8436.0352	88.41	177.2
8453.6133	88.54	177.5
8471.1914	88.67	177.7
8488.7695	88.81	177.9
8506.3477	88.95	178.1
8523.9258	89.1	178.2
8541.5039	89.25	178.2
8559.082	89.39	178
8576.6602	89.52	177.9
8594.2383	89.64	177.7
8611.8164	89.77	177.5
8629.3945	89.89	177.2
8646.9727	90	176.8
8664.5508	90.11	176.5
8682.1289	90.22	176.1
8699.707	90.32	175.7
8717.2852	90.42	175.2
8734.8633	90.52	174.7
8752.4414	90.6	174.1
8770.0195	90.68	173.6
8787.5977	90.75	173
8805.1758	90.81	172.4
8824.2188	90.88	171.7
8843.2617	90.94	171.1
8862.3047	90.99	170.4
8881.3477	91.04	169.6
8900.3906	91.07	168.8
8919.4336	91.09	168.1
8938.4766	91.1	167.4
8957.5195	91.12	166.6
8976.5625	91.12	165.8
8995.6055	91.1	165.1
9014.6484	91.08	164.4
9033.6914	91.05	163.6
9052.7344	91.01	162.9
9071.7773	90.95	162.3
9090.8203	90.88	161.7
9109.8633	90.81	161.2
9128.9063	90.73	160.8
9147.9492	90.65	160.4
9166.9922	90.55	160.1
9186.0352	90.46	159.9
9205.0781	90.36	159.7
9224.1211	90.27	159.7
9243.1641	90.17	159.8
9262.207	90.07	160
9281.25	89.99	160.3
9300.293	89.92	160.7
9319.3359	89.87	161.2
9338.3789	89.82	161.6
9357.4219	89.79	162.2
9376.4648	89.77	162.7
9395.5078	89.77	163.3
9414.5508	89.78	163.9
9433.5938	89.81	164.5
9452.6367	89.86	165.1
9471.6797	89.93	165.6
9490.7227	90.01	166
9509.7656	90.1	166.3
9528.8086	90.19	166.5
9549.3164	90.3	166.7
9569.8242	90.41	166.7
9590.332	90.52	166.7
9610.8398	90.65	166.6
9631.3477	90.76	166.3
9651.8555	90.88	165.9
9672.3633	90.98	165.4
9692.8711	91.08	164.9
9713.3789	91.17	164.2
9733.8867	91.25	163.5
9754.3945	91.3	162.7
9774.9023	91.36	161.9
9795.4102	91.41	161.1
9815.918	91.45	160.2
9836.4258	91.47	159.3
9856.9336	91.49	158.3
9877.4414	91.49	157.4
9897.9492	91.48	156.4
9918.457	91.46	155.4
9938.9648	91.43	154.4
9959.4727	91.38	153.3
9979.9805	91.33	152.3
10000.488	91.25	151.3
10020.996	91.16	150.2
10041.504	91.06	149.2
10062.012	90.93	148.3
10082.52	90.79	147.4
10103.027	90.64	146.6
10123.535	90.48	145.9
10144.043	90.3	145.3
10164.551	90.12	144.8
10185.059	89.93	144.4
10205.566	89.74	144.1
10226.074	89.54	143.8
10246.582	89.33	143.8
10267.09	89.13	143.8
10289.063	88.92	144
10311.035	88.72	144.3
10333.008	88.51	144.7
10354.98	88.32	145.3
10376.953	88.14	145.9
10398.926	87.97	146.7
10420.898	87.82	147.6
10442.871	87.69	148.5
10464.844	87.58	149.4
10486.816	87.48	150.4
10508.789	87.4	151.4
10530.762	87.34	152.3
10552.734	87.3	153.3
10574.707	87.27	154.2
10596.68	87.25	155
10618.652	87.24	155.8
10640.625	87.23	156.5
10662.598	87.22	157.2
10684.57	87.22	157.8
10706.543	87.23	158.5
10728.516	87.24	159.1
10750.488	87.25	159.6
10772.461	87.27	160.2
10794.434	87.3	160.7
10816.406	87.33	161
10838.379	87.35	161.4
10860.352	87.37	161.8
10882.324	87.4	162.2
10904.297	87.44	162.5
10926.27	87.47	162.7
10948.242	87.51	162.9
10970.215	87.54	163
10992.188	87.56	163.2
11015.625	87.59	163.3
11039.063	87.63	163.4
11062.5	87.66	163.4
11085.938	87.69	163.3
11109.375	87.71	163.2
11132.813	87.73	163
11156.25	87.73	162.8
11179.688	87.72	162.6
11203.125	87.71	162.3
11226.563	87.68	162.1
11250	87.65	161.9
11273.438	87.61	161.6
11296.875	87.55	161.4
11320.313	87.48	161.2
11343.75	87.4	161.1
11367.188	87.33	161.1
11390.625	87.25	161.1
11414.063	87.16	161.1
11437.5	87.07	161.2
11460.938	86.98	161.3
11484.375	86.88	161.5
11507.813	86.78	161.8
11531.25	86.68	162.2
11554.688	86.59	162.6
11578.125	86.49	163
11601.563	86.41	163.6
11625	86.33	164.2
11648.438	86.25	164.8
11671.875	86.19	165.5
11695.313	86.13	166.3
11718.75	86.09	167
11743.652	86.05	167.9
11768.555	86.02	168.7
11793.457	86.01	169.6
11818.359	86	170.4
11843.262	86.01	171.3
11868.164	86.04	172.1
11893.066	86.07	172.8
11917.969	86.11	173.5
11942.871	86.16	174.2
11967.773	86.22	174.8
11992.676	86.27	175.3
12017.578	86.33	175.7
12042.48	86.39	176.1
12067.383	86.46	176.5
12092.285	86.53	176.8
12117.188	86.6	177.1
12142.09	86.67	177.3
12166.992	86.74	177.4
12191.895	86.82	177.5
12216.797	86.9	177.4
12241.699	86.97	177.3
12266.602	87.03	177.1
12291.504	87.08	176.9
12316.406	87.12	176.6
12341.309	87.16	176.3
12366.211	87.19	176
12391.113	87.21	175.6
12416.016	87.22	175.1
12440.918	87.22	174.7
12465.82	87.22	174.3
12492.188	87.2	173.8
12518.555	87.19	173.3
12544.922	87.15	172.7
12571.289	87.1	172.1
12597.656	87.03	171.6
12624.023	86.95	171
12650.391	86.85	170.5
12676.758	86.73	170
12703.125	86.61	169.6
12729.492	86.46	169.3
12755.859	86.31	169
12782.227	86.14	168.8
12808.594	85.95	168.7
12834.961	85.76	168.8
12861.328	85.56	169
12887.695	85.35	169.3
12914.063	85.12	169.8
12940.43	84.9	170.5
12966.797	84.68	171.5
12993.164	84.47	172.7
13019.531	84.29	174.1
13045.898	84.13	175.6
13072.266	84	177.4
13098.633	83.9	179.3
13125	83.87	-178.8
13151.367	83.87	-176.8
13177.734	83.92	-175
13204.102	84.01	-173.3
13231.934	84.15	-171.7
13259.766	84.3	-170.4
13287.598	84.48	-169.4
13315.43	84.67	-168.7
13343.262	84.85	-168.3
13371.094	85.01	-168.2
13398.926	85.15	-168.3
13426.758	85.26	-168.5
13454.59	85.34	-168.9
13482.422	85.39	-169.3
13510.254	85.41	-169.8
13538.086	85.39	-170.2
13565.918	85.35	-170.5
13593.75	85.28	-170.7
13621.582	85.21	-170.8
13649.414	85.12	-170.7
13677.246	85.04	-170.5
13705.078	84.95	-170.2
13732.91	84.85	-169.7
13760.742	84.78	-169.1
13788.574	84.72	-168.4
13816.406	84.67	-167.7
13844.238	84.63	-167
13872.07	84.6	-166.2
13899.902	84.58	-165.4
13927.734	84.58	-164.6
13957.031	84.59	-163.8
13986.328	84.58	-163
14015.625	84.59	-162.2
14044.922	84.61	-161.3
14074.219	84.64	-160.5
14103.516	84.67	-159.6
14132.813	84.72	-158.7
14162.109	84.78	-157.8
14191.406	84.85	-156.8
14220.703	84.95	-155.9
14250	85.07	-155.1
14279.297	85.21	-154.3
14308.594	85.36	-153.7
14337.891	85.53	-153.2
14367.188	85.7	-152.9
14396.484	85.88	-152.8
14425.781	86.06	-152.8
14455.078	86.24	-153
14484.375	86.4	-153.4
14513.672	86.56	-153.9
14542.969	86.69	-154.6
14572.266	86.81	-155.4
14601.563	86.9	-156.3
14630.859	86.98	-157.2
14660.156	87.03	-158.2
14690.918	87.06	-159.2
14721.68	87.07	-160.2
14752.441	87.07	-161.2
14783.203	87.04	-162.3
14813.965	87	-163.2
14844.727	86.95	-164.2
14875.488	86.88	-165.1
14906.25	86.79	-166.1
14937.012	86.69	-167
14967.773	86.57	-167.9
14998.535	86.43	-168.8
15029.297	86.27	-169.5
15060.059	86.08	-170.2
15090.82	85.87	-170.8
15121.582	85.65	-171.2
15152.344	85.4	-171.5
15183.105	85.14	-171.5
15213.867	84.88	-171.3
15244.629	84.61	-170.8
15275.391	84.35	-170
15306.152	84.11	-169
15336.914	83.89	-167.7
15367.676	83.7	-166.3
15398.438	83.56	-164.7
15430.664	83.45	-162.9
15462.891	83.4	-161.1
15495.117	83.39	-159.4
15527.344	83.42	-157.8
15559.57	83.49	-156.4
15591.797	83.57	-155.2
15624.023	83.68	-154.3
15656.25	83.79	-153.6
15688.477	83.9	-153.1
15720.703	84.01	-152.8
15752.93	84.1	-152.7
15785.156	84.18	-152.8
15817.383	84.24	-153
15849.609	84.29	-153.3
15881.836	84.31	-153.7
15914.063	84.31	-154.1
15946.289	84.29	-154.6
15978.516	84.24	-155.2
16010.742	84.16	-155.7
16042.969	84.06	-156.3
16075.195	83.92	-156.7
16107.422	83.75	-157
16139.648	83.55	-157.2
16173.34	83.31	-157.1
16207.031	83.06	-156.7
16240.723	82.8	-155.9
16274.414	82.55	-154.7
16308.105	82.33	-153.1
16341.797	82.15	-151.1
16375.488	82.04	-149
16409.18	81.99	-146.7
16442.871	82.01	-144.5
16476.563	82.09	-142.4
16510.254	82.22	-140.6
16543.945	82.37	-139
16577.637	82.53	-137.8
16611.328	82.7	-136.7
16645.02	82.87	-135.9
16678.711	83.03	-135.2
16712.402	83.19	-134.6
16746.094	83.34	-134.1
16779.785	83.48	-133.7
16813.477	83.63	-133.3
16847.168	83.78	-133
16882.324	83.95	-132.8
16917.48	84.12	-132.6
16952.637	84.31	-132.6
16987.793	84.5	-132.8
17022.949	84.7	-133.2
17058.105	84.9	-133.9
17093.262	85.09	-134.8
17128.418	85.25	-136
17163.574	85.38	-137.5
17198.73	85.47	-139.1
17233.887	85.52	-140.9
17269.043	85.51	-142.7
17304.199	85.45	-144.5
17339.355	85.34	-146.2
17374.512	85.18	-147.8
17409.668	84.99	-149.2
17444.824	84.76	-150.3
17479.98	84.52	-151.1
17515.137	84.27	-151.6
17550.293	84.02	-151.8
17585.449	83.78	-151.8
17622.07	83.54	-151.6
17658.691	83.33	-151.1
17695.313	83.14	-150.6
17731.934	82.98	-150
17768.555	82.85	-149.3
17805.176	82.72	-148.7
17841.797	82.62	-148.1
17878.418	82.52	-147.5
17915.039	82.43	-147
17951.66	82.34	-146.4
17988.281	82.26	-145.7
18024.902	82.2	-145.1
18061.523	82.16	-144.4
18098.145	82.14	-143.8
18134.766	82.14	-143.2
18171.387	82.16	-142.8
18208.008	82.2	-142.5
18244.629	82.25	-142.4
18281.25	82.3	-142.6
18317.871	82.34	-142.9
18355.957	82.36	-143.5
18394.043	82.36	-144.3
18432.129	82.32	-145.2
18470.215	82.24	-146.1
18508.301	82.12	-147.1
18546.387	81.97	-148
18584.473	81.77	-148.8
18622.559	81.54	-149.5
18660.645	81.29	-149.9
18698.73	81.01	-150.2
18736.816	80.72	-150.3
18774.902	80.42	-150.1
18812.988	80.11	-149.7
18851.074	79.79	-149.1
18889.16	79.48	-148.3
18927.246	79.17	-147.2
18965.332	78.88	-145.9
19003.418	78.6	-144.3
19041.504	78.36	-142.5
19079.59	78.16	-140.4
19119.141	78	-138.1
19158.691	77.91	-135.8
19198.242	77.89	-133.5
19237.793	77.94	-131.3
19277.344	78.04	-129.5
19316.895	78.18	-127.9
19356.445	78.36	-126.8
19395.996	78.54	-126.2
19435.547	78.72	-125.9
19475.098	78.87	-126
19514.648	79	-126.4
19554.199	79.09	-127
19593.75	79.13	-127.7
19633.301	79.14	-128.5
19672.852	79.11	-129.3
19712.402	79.04	-130.1
19751.953	78.95	-130.9
19791.504	78.83	-131.6
19832.52	78.67	-132.4
19873.535	78.48	-133.1
19914.551	78.26	-133.7
19955.566	77.99	-134.2
19996.582	77.69	-134.5
20037.598	77.35	-134.6
20078.613	76.97	-134.4
20119.629	76.57	-133.7
20160.645	76.18	-132.5
20201.66	75.8	-130.9
20242.676	75.46	-128.7
20283.691	75.2	-126.1
20324.707	75.03	-123.3
20365.723	74.97	-120.5
20406.738	75	-117.9
20447.754	75.12	-115.7
20488.77	75.28	-114.1
20529.785	75.47	-112.9
20572.266	75.67	-112.3
20614.746	75.84	-112.2
20657.227	75.97	-112.5
20699.707	76.06	-113
20742.188	76.1	-113.7
20784.668	76.09	-114.4
20827.148	76.04	-115.2
20869.629	75.94	-115.9
20912.109	75.82	-116.5
20954.59	75.66	-117.1
20997.07	75.47	-117.5
21039.551	75.27	-117.8
21082.031	75.04	-118
21124.512	74.79	-118
21166.992	74.51	-117.9
21209.473	74.21	-117.6
21251.953	73.89	-117
21295.898	73.55	-116.1
21339.844	73.21	-114.8
21383.789	72.89	-113.2
21427.734	72.61	-111.2
21471.68	72.37	-109.1
21515.625	72.18	-106.9
21559.57	72.03	-104.7
21603.516	71.93	-102.5
21647.461	71.86	-100.4
21691.406	71.84	-98.4
21735.352	71.84	-96.7
21779.297	71.87	-95.2
21823.242	71.91	-94
21867.188	71.96	-93
21911.133	72.01	-92.3
21955.078	72.05	-91.9
21999.023	72.08	-91.8
22044.434	72.1	-92
22089.844	72.08	-92.4
22135.254	72.01	-93.2
22180.664	71.88	-94.1
22226.074	71.69	-95
22271.484	71.41	-95.9
22316.895	71.06	-96.6
22362.305	70.64	-96.8
22407.715	70.19	-96.4
22453.125	69.71	-95.5
22498.535	69.25	-93.9
22543.945	68.82	-91.8
22589.355	68.43	-89.3
22634.766	68.09	-86.6
22680.176	67.78	-83.6
22725.586	67.51	-80.4
22772.461	67.26	-76.8
22819.336	67.07	-73
22866.211	66.96	-68.9
22913.086	66.95	-64.9
22959.961	67.04	-61
23006.836	67.22	-57.7
23053.711	67.47	-55
23100.586	67.73	-53.1
23147.461	67.98	-52.1
23194.336	68.18	-51.7
23241.211	68.31	-51.8
23288.086	68.35	-52.3
23334.961	68.3	-52.9
23381.836	68.17	-53.3
23428.711	67.97	-53.4
23475.586	67.74	-53
23523.926	67.51	-52.1
23572.266	67.31	-50.6
23620.605	67.2	-48.9
23668.945	67.15	-47.2
23717.285	67.16	-45.8
23765.625	67.16	-44.7
23813.965	67.14	-43.8
23862.305	67.08	-43
23910.645	66.97	-42
23958.984	66.82	-40.8
24007.324	66.67	-39.2
24055.664	66.53	-37.4
24104.004	66.42	-35.3
24152.344	66.37	-33.1
24200.684	66.36	-31.1
24250.488	66.41	-29.3
24300.293	66.48	-27.9
24350.098	66.54	-27.2
24399.902	66.55	-26.9
24449.707	66.47	-27
24499.512	66.29	-27.1
24549.316	66	-26.8
24599.121	65.66	-25.8
24648.926	65.32	-23.9
24698.73	65.04	-21.4
24748.535	64.88	-18.5
24798.34	64.82	-15.8
24848.145	64.83	-13.6
24897.949	64.82	-12.1
24947.754	64.75	-11.2
24999.023	64.55	-10.5
25050.293	64.22	-9.7
25101.563	63.76	-8.6
25152.832	63.19	-6.7
25204.102	62.57	-3.8
25255.371	61.95	0.2
25306.641	61.42	5.3
25357.91	61.05	11.1
25409.18	60.89	17.2
25460.449	60.93	22.9
25511.719	61.15	27.8
25562.988	61.46	31.7
25614.258	61.84	34.7
25665.527	62.24	36.8
25718.262	62.63	38.2
25770.996	62.99	39
25823.73	63.29	39.5
25876.465	63.5	39.9
25929.199	63.63	40.4
25981.934	63.68	41.5
26034.668	63.68	43.4
26087.402	63.68	46.2
26140.137	63.77	49.8
26192.871	63.99	53.8
26245.605	64.34	57.6
26298.34	64.77	60.7
26351.074	65.22	63
26403.809	65.61	64.6
26458.008	65.93	65.8
26512.207	66.17	66.7
26566.406	66.33	67.7
26620.605	66.44	68.9
26674.805	66.54	70.4
26729.004	66.66	72.1
26783.203	66.85	73.9
26837.402	67.13	75.6
26891.602	67.47	76.7
26945.801	67.85	77.2
27000	68.19	76.8
27054.199	68.47	75.8
27108.398	68.62	74.3
27164.063	68.64	72.7
27219.727	68.49	71.1
27275.391	68.18	70
27331.055	67.74	69.8
27386.719	67.19	70.6
27442.383	66.61	72.7
27498.047	66.05	76.2
27553.711	65.62	80.9
27609.375	65.37	86.5
27665.039	65.36	92.2
27720.703	65.55	97.4
27776.367	65.89	101.7
27832.031	66.3	104.9
27889.16	66.73	107.5
27946.289	67.14	109.4
28003.418	67.55	111
28060.547	67.95	112.2
28117.676	68.33	113.1
28174.805	68.66	113.6
28231.934	68.94	113.9
28289.063	69.15	114.3
28346.191	69.29	114.8
28403.32	69.4	115.5
28460.449	69.49	116.5
28517.578	69.59	117.8
28574.707	69.71	119.2
28633.301	69.86	120.5
28691.895	70.04	121.8
28750.488	70.24	122.8
28809.082	70.45	123.6
28867.676	70.66	124.3
28926.27	70.88	124.8
28984.863	71.1	125.3
29043.457	71.34	125.8
29102.051	71.59	126.3
29160.645	71.86	126.7
29219.238	72.12	126.9
29277.832	72.36	127
29336.426	72.58	127
29396.484	72.77	126.8
29456.543	72.9	126.6
29516.602	72.98	126.4
29576.66	72.99	126.3
29636.719	72.95	126.5
29696.777	72.88	127
29756.836	72.81	127.9
29816.895	72.79	129.1
29876.953	72.83	130.4
29937.012	72.93	131.7
29997.07	73.09	132.8
30057.129	73.29	133.6
30118.652	73.52	134.2
30180.176	73.76	134.6
30241.699	73.99	134.7
30303.223	74.21	134.6
30364.746	74.39	134.2
30426.27	74.51	133.5
30487.793	74.55	132.7
30549.316	74.52	132
30610.84	74.4	131.4
30672.363	74.24	131.2
30733.887	74.06	131.3
30795.41	73.89	131.7
30858.398	73.76	132.3
30921.387	73.68	133
30984.375	73.64	133.6
31047.363	73.62	134.2
31110.352	73.61	134.8
31173.34	73.62	135.7
31236.328	73.67	137
31299.316	73.77	138.6
31362.305	73.95	140.2
31425.293	74.17	141.5
31488.281	74.42	142.4
31551.27	74.63	142.8
31615.723	74.78	142.8
31680.176	74.85	142.4
31744.629	74.83	142
31809.082	74.74	141.6
31873.535	74.6	141.3
31937.988	74.46	141.2
32002.441	74.33	141.2
32066.895	74.22	141.2
32131.348	74.14	141.1
32195.801	74.05	141.1
32260.254	73.94	141.3
32326.172	73.81	142
32392.09	73.68	143.5
32458.008	73.61	145.7
32523.926	73.62	148.4
32589.844	73.73	151.3
32655.762	73.92	154
32721.68	74.15	156.2
32787.598	74.37	157.7
32853.516	74.56	158.6
32919.434	74.68	158.9
32985.352	74.73	158.9
33052.734	74.71	158.6
33120.117	74.63	158.3
33187.5	74.5	158
33254.883	74.35	157.9
33322.266	74.19	158.2
33389.648	74.05	158.9
33457.031	73.95	160
33524.414	73.92	161.4
33591.797	73.93	163
33659.18	73.97	164.5
33726.563	74.03	166
33795.41	74.08	167.5
33864.258	74.13	169
33933.105	74.19	170.5
34001.953	74.27	171.9
34070.801	74.38	173.1
34139.648	74.53	174
34208.496	74.72	174.4
34277.344	74.93	174.3
34346.191	75.14	173.7
34415.039	75.3	172.5
34483.887	75.36	171.1
34554.199	75.29	170
34624.512	75.12	169.6
34694.824	74.91	170.2
34765.137	74.73	171.9
34835.449	74.65	174.2
34905.762	74.7	176.6
34976.074	74.84	178.6
35046.387	75.03	-180
35116.699	75.21	-179.3
35187.012	75.37	-179.1
35258.789	75.5	-179.4
35330.566	75.59	-179.9
35402.344	75.64	179.5
35474.121	75.67	178.9
35545.898	75.67	178.3
35617.676	75.64	177.9
35689.453	75.59	177.8
35761.23	75.53	178.1
35833.008	75.47	178.7
35904.785	75.42	179.3
35978.027	75.37	-180
36051.27	75.28	-179.2
36124.512	75.18	-178.2
36197.754	75.1	-176.8
36270.996	75.11	-175.2
36344.238	75.21	-174
36417.48	75.35	-173.4
36490.723	75.48	-173.4
36563.965	75.55	-173.5
36637.207	75.6	-173.6
36711.914	75.65	-173.5
36786.621	75.72	-173.5
36861.328	75.79	-173.9
36936.035	75.82	-174.6
37010.742	75.78	-175.5
37085.449	75.66	-176.7
37160.156	75.44	-177.7
37234.863	75.13	-178.2
37309.57	74.79	-177.8
37384.277	74.51	-176.4
37460.449	74.43	-174.2
37536.621	74.58	-172.3
37612.793	74.86	-171.6
37688.965	75.14	-172
37765.137	75.32	-173.2
37841.309	75.37	-174.6
37917.48	75.33	-175.7
37993.652	75.25	-176.5
38069.824	75.16	-177.3
38145.996	75.05	-178.1
38223.633	74.89	-179.1
38301.27	74.66	179.9
38378.906	74.34	179.4
38456.543	74	179.7
38534.18	73.73	-178.8
38611.816	73.64	-176.8
38689.453	73.78	-174.9
38767.09	74.07	-174.2
38844.727	74.39	-174.9
38923.828	74.62	-177
39002.93	74.68	180
39082.031	74.56	176.6
39161.133	74.26	173.4
39240.234	73.84	170.6
39319.336	73.36	168.5
39398.438	72.87	167.3
39477.539	72.45	166.8
39556.641	72.2	166.9
39637.207	72.17	166.8
39717.773	72.28	165.5
39798.34	72.38	162.8
39878.906	72.37	159.2
39959.473	72.19	155.3
