298.3562	61.3100	-94.4000
303.3567	61.8800	-96.4000
308.4410	61.9700	-98.3000
313.6106	62.2200	-100.3000
318.8668	62.7400	-102.3000
324.2111	62.8800	-104.4000
329.6449	62.6300	-106.4000
335.1698	62.3300	-108.5000
340.7874	62.2100	-110.5000
346.4991	62.4800	-112.5000
352.3065	63.1200	-114.6000
358.2112	64.0300	-116.6000
364.2149	64.7000	-118.7000
370.3193	65.3900	-120.7000
376.5259	66.0300	-122.7000
382.8366	66.5700	-124.8000
389.2530	67.0300	-126.8000
395.7770	67.6100	-128.7000
402.4103	68.1000	-130.6000
409.1548	68.4800	-132.4000
416.0123	68.7300	-134.2000
422.9848	69.0200	-135.9000
430.0741	69.4300	-137.5000
437.2823	69.9000	-139.1000
444.6112	70.5700	-140.6000
452.0630	71.3200	-141.9000
459.6397	71.8800	-143.1000
467.3434	72.2700	-144.2000
475.1762	72.5600	-145.1000
483.1402	72.6800	-145.9000
491.2378	72.7600	-146.6000
499.4710	72.9100	-147.0000
507.8423	73.2100	-147.5000
516.3539	73.5900	-147.9000
525.0081	74.0200	-148.1000
533.8074	74.4900	-148.4000
542.7541	74.9900	-148.7000
551.8508	75.5600	-149.1000
561.0999	76.1200	-149.6000
570.5041	76.6900	-150.3000
580.0659	77.2800	-151.1000
589.7879	77.8800	-152.1000
599.6729	78.4800	-153.4000
609.7236	79.0800	-154.8000
619.9427	79.7100	-156.5000
630.3331	80.3400	-158.5000
640.8976	80.9700	-160.7000
651.6392	81.5800	-163.1000
662.5609	82.1900	-165.7000
673.6656	82.7800	-168.6000
684.9564	83.3500	-171.6000
696.4364	83.9000	-174.8000
708.1088	84.4200	-178.2000
719.9769	84.9300	178.5000
732.0439	85.4000	174.6000
744.3131	85.8500	170.8000
756.7880	86.2700	166.9000
769.4720	86.6600	162.9000
782.3685	87.0200	158.8000
795.4812	87.3500	154.7000
808.8137	87.6500	150.5000
822.3696	87.9100	146.3000
836.1527	88.1500	142.0000
850.1668	88.3500	137.7000
864.4158	88.5200	133.5000
878.9036	88.6500	129.2000
893.6343	88.7500	125.0000
908.6118	88.8200	120.8000
923.8404	88.8500	116.7000
939.3242	88.8500	112.6000
955.0675	88.8100	108.6000
971.0746	88.7500	104.8000
987.3501	88.6400	101.0000
1003.8983	88.5100	97.4000
1020.7239	88.3400	94.0000
1037.8315	88.1400	90.7000
1055.2258	87.9100	87.7000
1072.9116	87.6400	84.8000
1090.8939	87.3500	82.3000
1109.1775	87.0300	80.0000
1127.7676	86.6900	78.2000
1146.6693	86.3300	76.7000
1165.8877	85.9600	75.7000
1185.4283	85.5900	75.2000
1205.2964	85.2400	75.3000
1225.4974	84.9400	76.0000
1246.0371	84.7000	77.1000
1266.9209	84.5500	78.7000
1288.1549	84.5200	80.5000
1309.7446	84.6100	82.3000
1331.6963	84.8000	83.8000
1354.0158	85.0800	84.7000
1376.7095	85.4100	85.0000
1399.7835	85.7400	84.8000
1423.2442	86.0600	83.9000
1447.0981	86.3200	82.7000
1471.3518	86.5300	81.2000
1496.0120	86.6800	79.8000
1521.0856	86.7800	78.4000
1546.5793	86.8600	77.4000
1572.5004	86.9500	76.7000
1598.8559	87.0700	76.2000
1625.6531	87.2500	75.7000
1652.8994	87.5000	75.1000
1680.6024	87.7900	74.2000
1708.7697	88.0900	72.6000
1737.4091	88.3800	70.6000
1766.5285	88.6200	68.0000
1796.1360	88.7900	65.1000
1826.2397	88.8600	62.1000
1856.8479	88.8600	59.2000
1887.9691	88.7800	56.4000
1919.6120	88.6400	53.9000
1951.7851	88.4600	51.7000
1984.4975	88.2500	49.9000
2017.7582	88.0100	48.3000
2051.5763	87.7300	47.1000
2085.9612	87.4100	46.4000
2120.9224	87.0400	46.3000
2156.4696	86.6600	47.3000
2192.6126	86.3500	49.5000
2229.3613	86.2200	52.9000
2266.7259	86.3400	56.7000
2304.7168	86.7500	60.1000
2343.3444	87.3600	62.3000
2382.6195	88.0700	63.0000
2422.5528	88.7600	62.1000
2463.1553	89.3400	60.1000
2504.4384	89.8000	57.4000
2546.4134	90.1400	54.7000
2589.0919	90.3800	52.1000
2632.4858	90.5900	49.8000
2676.6069	90.8100	47.7000
2721.4674	91.0500	45.5000
2767.0799	91.3100	42.9000
2813.4568	91.5400	40.0000
2860.6111	91.7200	36.7000
2908.5556	91.8400	33.3000
2957.3037	91.9200	29.7000
3006.8689	91.9400	25.7000
3057.2647	91.8600	21.4000
3108.5052	91.6200	17.0000
3160.6045	91.1700	12.9000
3213.5770	90.5200	10.1000
3267.4374	89.8000	9.4000
3322.2004	89.2100	10.9000
3377.8813	88.9400	13.3000
3434.4954	88.9500	15.2000
3492.0584	89.0500	15.7000
3550.5862	89.0400	15.5000
3610.0949	88.9200	15.8000
3670.6009	88.8400	17.3000
3732.1211	88.9700	19.5000
3794.6724	89.3400	21.1000
3858.2720	89.8300	21.4000
3922.9376	90.3300	20.6000
3988.6870	90.8100	18.8000
4055.5384	91.2500	15.8000
4123.5102	91.5200	11.6000
4192.6212	91.4800	7.0000
4262.8906	91.1300	3.8000
4334.3377	90.7400	3.3000
4406.9822	90.6600	4.6000
4480.8443	90.9600	5.2000
4555.9444	91.3500	3.8000
4632.3031	91.6200	1.3000
4709.9417	91.7800	-1.3000
4788.8814	91.9300	-4.0000
4869.1443	92.0400	-7.4000
4950.7523	91.9800	-11.3000
5033.7281	91.7400	-14.3000
5118.0947	91.5200	-16.0000
5203.8752	91.4300	-17.8000
5291.0934	91.2800	-20.3000
5379.7734	90.9400	-22.1000
5469.9397	90.6400	-22.1000
5561.6173	90.6100	-21.4000
5654.8313	90.7500	-21.7000
5749.6077	90.8900	-22.7000
5845.9725	91.1100	-23.7000
5943.9525	91.4800	-26.1000
6043.5746	91.7100	-30.7000
6144.8664	91.5400	-36.1000
6247.8558	91.0400	-39.9000
6352.5714	90.5500	-41.4000
6459.0421	90.2100	-41.8000
6567.2972	90.0200	-41.9000
6677.3667	89.9500	-42.4000
6789.2810	89.8400	-43.2000
6903.0710	89.7700	-42.9000
7018.7682	90.0000	-42.8000
7136.4045	90.2900	-44.9000
7256.0123	90.3900	-47.6000
7377.6249	90.4400	-50.5000
7501.2757	90.2800	-54.0000
7626.9989	89.8100	-55.5000
7754.8293	89.6800	-53.8000
7884.8021	90.0600	-53.8000
8016.9533	90.3500	-56.1000
8151.3194	90.5400	-58.2000
8287.9375	90.8200	-60.5000
8426.8454	91.0900	-63.7000
8568.0814	91.2400	-67.3000
8711.6845	91.4400	-69.9000
8857.6945	91.9300	-73.9000
9006.1516	92.3300	-80.8000
9157.0969	92.4200	-88.7000
9310.5721	92.2500	-97.4000
9466.6196	91.7100	-105.5000
9625.2825	91.0100	-112.1000
9786.6046	90.2400	-118.2000
9950.6305	89.3000	-123.8000
10117.4050	88.1600	-128.1000
10286.9760	86.9200	-130.5000
10459.3880	85.5500	-130.7000
10634.6900	84.2600	-125.9000
10812.9300	83.8600	-117.3000
10994.1570	84.5900	-110.0000
11178.4220	86.0100	-109.8000
11365.7750	87.2000	-116.2000
11556.2680	87.7200	-126.5000
11749.9540	87.5200	-135.8000
11946.8860	87.3000	-143.6000
12147.1190	87.0200	-153.4000
12350.7080	86.1900	-164.8000
12557.7080	84.4900	-173.6000
12768.1790	82.8200	-174.3000
12982.1770	82.3200	-173.9000
13199.7610	82.0500	-46.3000
13420.9920	80.8400	169.8000
13645.9310	78.7700	164.4000
13874.6410	76.6400	165.0000
14107.1830	75.0300	171.4000
14343.6230	74.5400	176.9000
14584.0250	74.2800	176.7000
14828.4570	73.5300	174.7000
15076.9860	72.5900	173.9000
15329.6800	71.6200	174.1000
15586.6090	70.7000	174.4000
15847.8440	69.7500	174.1000
16113.4580	68.5300	175.2000
16383.5240	67.0900	73.6000
16658.1150	66.0800	-172.3000
16937.3100	66.0200	-164.5000
17221.1830	66.3100	-162.2000
17509.8140	66.0400	-161.3000
17803.2830	65.4700	-157.9000
18101.6700	65.3300	-152.0000
18405.0590	65.5100	-146.5000
18713.5320	66.4500	-142.5000
19027.1760	67.3000	-145.6000
19346.0760	66.8800	-148.6000
19670.3210	66.6300	-140.1000
20000.0000	67.4900	-135.7000