298.3562	63.6300	-9.5000
303.3567	63.8100	-6.9000
308.4410	64.1900	-4.6000
313.6106	64.7200	-3.2000
318.8668	65.3200	-2.8000
324.2111	65.9000	-3.8000
329.6449	66.3600	-5.9000
335.1698	66.6300	-8.4000
340.7874	66.7300	-10.8000
346.4991	66.7200	-12.7000
352.3065	66.5900	-14.1000
358.2112	66.3300	-14.5000
364.2149	66.0000	-13.3000
370.3193	65.7100	-10.1000
376.5259	65.6500	-5.1000
382.8366	66.0200	1.1000
389.2530	66.8600	6.6000
395.7770	67.9600	10.0000
402.4103	69.1000	10.9000
409.1548	70.1500	9.7000
416.0123	71.0000	7.0000
422.9848	71.6200	3.4000
430.0741	72.0300	-0.2000
437.2823	72.2500	-3.1000
444.6112	72.3700	-4.9000
452.0630	72.6000	-5.3000
459.6397	73.0400	-5.7000
467.3434	73.5800	-7.4000
475.1762	74.0100	-10.7000
483.1402	74.1700	-14.7000
491.2378	74.0400	-18.4000
499.4710	73.6500	-20.7000
507.8423	73.1000	-20.1000
516.3539	72.7300	-16.0000
525.0081	72.9800	-10.5000
533.8074	73.7400	-6.9000
542.7541	74.5100	-6.5000
551.8508	75.0200	-7.5000
561.0999	75.3500	-8.2000
570.5041	75.7100	-7.9000
580.0659	76.1900	-7.6000
589.7879	76.6800	-8.2000
599.6729	77.0700	-9.1000
609.7236	77.4300	-9.6000
619.9427	77.8500	-9.9000
630.3331	78.3200	-10.6000
640.8976	78.7700	-12.0000
651.6392	79.1200	-13.8000
662.5609	79.3400	-15.5000
673.6656	79.4900	-16.5000
684.9564	79.6700	-16.6000
696.4364	79.9700	-16.3000
708.1088	80.3800	-16.4000
719.9769	80.8200	-17.0000
732.0439	81.2300	-18.3000
744.3131	81.5700	-19.9000
756.7880	81.8100	-21.6000
769.4720	82.0000	-22.9000
782.3685	82.1600	-24.0000
795.4812	82.3300	-24.9000
808.8137	82.4500	-25.8000
822.3696	82.4400	-26.4000
836.1527	82.3600	-25.5000
850.1668	82.4600	-22.6000
864.4158	82.9700	-19.0000
878.9036	83.8100	-16.9000
893.6343	84.6700	-17.0000
908.6118	85.4300	-18.7000
923.8404	86.0800	-21.3000
939.3242	86.5500	-24.7000
955.0675	86.8100	-28.1000
971.0746	86.9200	-30.8000
987.3501	86.9800	-32.4000
1003.8983	87.0700	-33.1000
1020.7239	87.2400	-33.3000
1037.8315	87.4600	-33.6000
1055.2258	87.7200	-33.8000
1072.9116	87.9900	-34.0000
1090.8939	88.2100	-34.2000
1109.1775	88.4400	-33.2000
1127.7676	88.9400	-31.3000
1146.6693	89.7500	-30.1000
1165.8877	90.6400	-31.1000
1185.4283	91.4000	-33.9000
1205.2964	91.9500	-37.8000
1225.4974	92.2800	-41.5000
1246.0371	92.5000	-44.5000
1266.9209	92.7000	-46.6000
1288.1549	92.9900	-48.0000
1309.7446	93.4100	-49.6000
1331.6963	93.8200	-52.3000
1354.0158	94.0700	-55.5000
1376.7095	94.1600	-58.0000
1399.7835	94.2800	-59.1000
1423.2442	94.5900	-59.5000
1447.0981	95.0900	-60.2000
1471.3518	95.7100	-62.1000
1496.0120	96.2800	-65.8000
1521.0856	96.6400	-70.5000
1546.5793	96.7600	-74.9000
1572.5004	96.7800	-78.2000
1598.8559	96.8900	-80.5000
1625.6531	97.1000	-83.1000
1652.8994	97.3100	-86.2000
1680.6024	97.4300	-89.6000
1708.7697	97.4800	-92.9000
1737.4091	97.5000	-95.9000
1766.5285	97.5200	-98.6000
1796.1360	97.5300	-101.2000
1826.2397	97.5500	-103.7000
1856.8479	97.5800	-106.2000
1887.9691	97.6100	-108.9000
1919.6120	97.6100	-111.8000
1951.7851	97.5500	-114.8000
1984.4975	97.3900	-117.8000
2017.7582	97.1500	-120.0000
2051.5763	96.9400	-121.2000
2085.9612	96.8100	-122.1000
2120.9224	96.8000	-123.0000
2156.4696	96.8400	-124.7000
2192.6126	96.7800	-126.9000
2229.3613	96.6100	-128.7000
2266.7259	96.4400	-129.8000
2304.7168	96.3300	-130.8000
2343.3444	96.1900	-131.9000
2382.6195	96.0200	-132.5000
2422.5528	95.9000	-132.4000
2463.1553	95.9200	-132.0000
2504.4384	96.0700	-132.0000
2546.4134	96.2700	-133.1000
2589.0919	96.3500	-135.1000
2632.4858	96.2700	-136.8000
2676.6069	96.1300	-137.4000
2721.4674	96.1400	-137.0000
2767.0799	96.3700	-137.0000
2813.4568	96.6500	-138.6000
2860.6111	96.7800	-141.3000
2908.5556	96.7200	-143.8000
2957.3037	96.5900	-145.2000
3006.8689	96.5600	-145.9000
3057.2647	96.7000	-146.8000
3108.5052	96.9200	-149.2000
3160.6045	96.9600	-153.3000
3213.5770	96.6500	-157.7000
3267.4374	95.9800	-160.0000
3322.2004	95.2500	-158.8000
3377.8813	94.9700	-155.4000
3434.4954	95.2100	-153.1000
3492.0584	95.5100	-153.7000
3550.5862	95.5600	-155.6000
3610.0949	95.3900	-156.8000
3670.6009	95.2400	-156.7000
3732.1211	95.2100	-156.2000
3794.6724	95.2200	-156.1000
3858.2720	95.1600	-155.9000
3922.9376	95.1700	-154.3000
3988.6870	95.5800	-152.1000
4055.5384	96.2600	-152.4000
4123.5102	96.7600	-155.8000
4192.6212	96.8800	-159.9000
4262.8906	96.8300	-162.7000
4334.3377	96.8500	-165.1000
4406.9822	96.8300	-168.1000
4480.8443	96.6000	-170.9000
4555.9444	96.3800	-172.1000
4632.3031	96.3900	-173.7000
4709.9417	96.2700	-177.5000
4788.8814	95.6400	179.6000
4869.1443	94.8500	-178.8000
4950.7523	94.6700	-175.4000
5033.7281	94.8000	-174.7000
5118.0947	94.6400	-174.4000
5203.8752	94.7000	-171.4000
5291.0934	95.3300	-170.0000
5379.7734	95.7900	-172.9000
5469.9397	95.7700	-175.9000
5561.6173	95.7800	-176.9000
5654.8313	95.9500	-178.9000
5749.6077	95.9200	178.1000
5845.9725	95.7800	176.2000
5943.9525	95.7400	174.3000
6043.5746	95.5800	171.5000
6144.8664	95.2300	169.5000
6247.8558	94.8300	168.6000
6352.5714	94.4100	169.2000
6459.0421	94.3000	171.5000
6567.2972	94.5300	172.2000
6677.3667	94.6100	171.5000
6789.2810	94.6800	171.5000
6903.0710	94.8700	171.0000
7018.7682	95.1300	170.3000
7136.4045	95.5600	168.4000
7256.0123	95.7500	164.1000
7377.6249	95.5900	160.0000
7501.2757	95.3100	156.7000
7626.9989	94.8700	154.9000
7754.8293	94.5300	155.4000
7884.8021	94.5600	155.9000
8016.9533	94.8100	154.9000
8151.3194	94.9900	151.7000
8287.9375	94.8900	147.6000
8426.8454	94.5400	144.2000
8568.0814	94.1000	142.0000
8711.6845	93.6900	140.7000
8857.6945	93.2500	139.9000
9006.1516	92.7700	140.3000
9157.0969	92.4600	142.3000
9310.5721	92.5200	145.0000
9466.6196	92.9900	146.3000
9625.2825	93.6200	144.6000
9786.6046	94.0800	139.7000
9950.6305	94.0800	132.6000
10117.4050	93.5300	126.3000
10286.9760	92.6400	123.6000
10459.3880	91.8400	124.1000
10634.6900	91.4900	126.3000
10812.9300	91.6200	127.8000
10994.1570	91.9800	126.3000
11178.4220	92.2000	122.0000
11365.7750	92.0300	116.4000
11556.2680	91.4900	111.9000
11749.9540	90.8200	109.8000
11946.8860	90.3000	109.3000
12147.1190	90.0500	108.9000
12350.7080	90.0300	107.5000
12557.7080	90.0200	103.8000
12768.1790	89.6800	98.1000
12982.1770	88.8700	92.9000
13199.7610	87.7800	91.5000
13420.9920	86.6900	93.7000
13645.9310	86.0400	96.7000
13874.6410	86.0500	98.8000
14107.1830	86.2800	98.8000
14343.6230	86.3000	95.9000
14584.0250	85.9500	92.1000
14828.4570	85.3900	89.0000
15076.9860	85.0000	86.3000
15329.6800	84.7900	83.4000
15586.6090	84.3900	80.0000
15847.8440	83.6800	75.6000
16113.4580	82.8600	71.5000
16383.5240	82.1300	69.3000
16658.1150	81.4400	66.8000
16937.3100	80.5500	61.1000
17221.1830	79.1900	54.8000
17509.8140	77.2900	54.0000
17803.2830	75.4100	58.3000
18101.6700	74.2800	59.2000
18405.0590	73.5300	52.6000
18713.5320	72.2300	40.4000
19027.1760	69.9000	24.4000
19346.0760	66.6900	-4.3000
19670.3210	63.9500	-47.3000
20000.0000	63.1600	-70.7000