5.0000	27.5300	-103.6000
5.0838	27.5500	-103.6000
5.1690	27.5800	-103.6000
5.2556	27.6000	-103.7000
5.3437	27.6200	-103.7000
5.4333	27.6500	-103.7000
5.5244	27.6700	-103.7000
5.6169	27.6900	-103.7000
5.7111	27.7200	-103.8000
5.8068	27.7400	-103.8000
5.9041	27.7700	-103.8000
6.0031	27.8000	-103.8000
6.1037	27.8200	-103.8000
6.2060	27.8500	-103.9000
6.3100	27.8800	-103.9000
6.4158	27.9000	-103.9000
6.5233	27.9300	-103.9000
6.6326	27.9600	-103.9000
6.7438	27.9900	-104.0000
6.8568	28.0200	-104.0000
6.9717	28.0500	-104.0000
7.0886	28.0800	-104.0000
7.2074	28.1100	-104.1000
7.3282	28.1400	-104.1000
7.4510	28.1800	-104.1000
7.5759	28.2100	-104.1000
7.7029	28.2400	-104.2000
7.8320	28.2800	-104.2000
7.9632	28.3100	-104.2000
8.0967	28.3500	-104.2000
8.2324	28.3800	-104.3000
8.3704	28.4200	-104.3000
8.5107	28.4500	-104.3000
8.6533	28.4900	-104.3000
8.7983	28.5300	-104.4000
8.9458	28.5700	-104.4000
9.0957	28.6100	-104.4000
9.2482	28.6500	-104.5000
9.4032	28.6900	-104.5000
9.5608	28.7300	-104.5000
9.7210	28.7700	-104.6000
9.8840	28.8100	-104.6000
10.0496	28.8600	-104.6000
10.2180	28.9000	-104.7000
10.3893	28.9500	-104.7000
10.5634	28.9900	-104.7000
10.7405	29.0400	-104.8000
10.9205	29.0900	-104.8000
11.1035	29.1300	-104.8000
11.2896	29.1800	-104.9000
11.4788	29.2300	-104.9000
11.6712	29.2800	-105.0000
11.8668	29.3300	-105.0000
12.0657	29.3900	-105.0000
12.2680	29.4400	-105.1000
12.4736	29.4900	-105.1000
12.6826	29.5500	-105.2000
12.8952	29.6000	-105.2000
13.1113	29.6600	-105.2000
13.3311	29.7200	-105.3000
13.5545	29.7800	-105.3000
13.7817	29.8400	-105.4000
14.0127	29.9000	-105.4000
14.2475	29.9600	-105.5000
14.4863	30.0200	-105.5000
14.7291	30.0900	-105.6000
14.9760	30.1500	-105.6000
15.2270	30.2200	-105.7000
15.4822	30.2800	-105.7000
15.7417	30.3500	-105.8000
16.0055	30.4200	-105.8000
16.2737	30.4900	-105.9000
16.5465	30.5600	-105.9000
16.8238	30.6400	-106.0000
17.1058	30.7100	-106.1000
17.3925	30.7800	-106.1000
17.6840	30.8600	-106.2000
17.9804	30.9400	-106.2000
18.2817	31.0200	-106.3000
18.5881	31.1000	-106.4000
18.8997	31.1800	-106.4000
19.2164	31.2600	-106.5000
19.5385	31.3500	-106.5000
19.8660	31.4300	-106.6000
20.1989	31.5200	-106.7000
20.5375	31.6100	-106.7000
20.8817	31.7000	-106.8000
21.2317	31.7900	-106.9000
21.5875	31.8900	-107.0000
21.9493	31.9800	-107.0000
22.3172	32.0800	-107.1000
22.6913	32.1800	-107.2000
23.0716	32.2800	-107.3000
23.4583	32.3800	-107.3000
23.8514	32.4800	-107.4000
24.2512	32.5800	-107.5000
24.6576	32.6900	-107.6000
25.0709	32.8000	-107.7000
25.4911	32.9100	-107.7000
25.9183	33.0200	-107.8000
26.3527	33.1400	-107.9000
26.7944	33.2500	-108.0000
27.2435	33.3700	-108.1000
27.7001	33.4900	-108.2000
28.1644	33.6100	-108.3000
28.6364	33.7400	-108.4000
29.1164	33.8600	-108.5000
29.6044	33.9900	-108.6000
30.1005	34.1200	-108.7000
30.6050	34.2500	-108.8000
31.1180	34.3900	-108.9000
31.6395	34.5200	-109.0000
32.1698	34.6600	-109.1000
32.7090	34.8000	-109.2000
33.2572	34.9500	-109.3000
33.8146	35.0900	-109.4000
34.3813	35.2400	-109.5000
34.9576	35.3900	-109.7000
35.5435	35.5500	-109.8000
36.1392	35.7000	-109.9000
36.7449	35.8600	-110.0000
37.3607	36.0200	-110.1000
37.9869	36.1900	-110.3000
38.6236	36.3600	-110.4000
39.2709	36.5300	-110.5000
39.9291	36.7000	-110.7000
40.5983	36.8700	-110.8000
41.2788	37.0500	-110.9000
41.9706	37.2300	-111.1000
42.6741	37.4200	-111.2000
43.3893	37.6100	-111.4000
44.1165	37.8000	-111.5000
44.8559	37.9900	-111.7000
45.6077	38.1900	-111.8000
46.3721	38.3900	-112.0000
47.1493	38.5900	-112.1000
47.9395	38.8000	-112.3000
48.7430	39.0100	-112.4000
49.5600	39.2300	-112.6000
50.3906	39.4400	-112.8000
51.2351	39.6700	-112.9000
52.0939	39.8900	-113.1000
52.9670	40.1200	-113.3000
53.8547	40.3500	-113.5000
54.7573	40.5900	-113.7000
55.6751	40.8300	-113.8000
56.6082	41.0800	-114.0000
57.5570	41.3200	-114.2000
58.5216	41.5800	-114.4000
59.5025	41.8400	-114.6000
60.4997	42.1000	-114.8000
61.5137	42.3600	-115.0000
62.5447	42.6300	-115.2000
63.5930	42.9100	-115.4000
64.6588	43.1900	-115.7000
65.7425	43.4700	-115.9000
66.8444	43.7600	-116.1000
67.9647	44.0600	-116.3000
69.1038	44.3600	-116.6000
70.2620	44.6600	-116.8000
71.4396	44.9700	-117.0000
72.6370	45.2800	-117.3000
73.8544	45.6000	-117.5000
75.0922	45.9300	-117.8000
76.3508	46.2600	-118.0000
77.6304	46.5900	-118.3000
78.9315	46.9300	-118.5000
80.2544	47.2800	-118.8000
81.5995	47.6300	-119.1000
82.9672	47.9900	-119.3000
84.3577	48.3600	-119.6000
85.7716	48.7300	-119.9000
87.2091	49.1100	-120.2000
88.6707	49.4900	-120.5000
90.1569	49.8800	-120.8000
91.6680	50.3000	-121.3000
93.2043	50.7800	-122.2000
94.7665	51.2800	-123.9000
96.3548	51.7900	-126.4000
97.9697	52.2700	-129.4000
99.6117	52.7000	-132.7000
101.2812	53.0800	-136.2000
102.9787	53.4500	-139.4000
104.7047	53.8200	-142.3000
106.4595	54.2300	-144.9000
108.2438	54.7000	-147.3000
110.0580	55.2200	-149.9000
111.9026	55.7600	-152.9000
113.7781	56.2800	-156.7000
115.6851	56.7000	-161.3000
117.6240	56.9800	-166.4000
119.5954	57.1100	-171.6000
121.5998	57.1000	-176.5000
123.6379	57.0200	179.4000
125.7101	56.9000	175.9000
127.8170	56.7700	173.1000
129.9592	56.6800	170.8000
132.1374	56.6200	169.0000
134.3520	56.6100	167.4000
136.6038	56.6200	166.0000
138.8933	56.6600	164.7000
141.2212	56.7200	163.5000
143.5881	56.8000	162.5000
145.9947	56.9100	161.6000
148.4416	57.0500	160.7000
150.9295	57.2000	159.7000
153.4591	57.3600	158.8000
156.0312	57.5200	157.8000
158.6463	57.7000	156.9000
161.3052	57.9000	155.9000
164.0087	58.1000	154.7000
166.7576	58.3000	153.4000
169.5525	58.4800	151.9000
172.3942	58.6300	150.2000
175.2836	58.7700	148.5000
178.2214	58.8700	146.7000
181.2084	58.9500	144.9000
184.2455	58.9800	143.0000
187.3335	58.9600	141.2000
190.4733	58.8900	139.5000
193.6656	58.7500	138.1000
196.9115	58.5500	137.2000
200.2118	58.2900	137.1000
203.5674	58.0100	137.9000
206.9792	57.7700	139.7000
210.4483	57.6300	142.4000
213.9754	57.6200	145.6000
217.5617	57.7600	149.0000
221.2081	58.0200	152.4000
224.9156	58.3900	155.9000
228.6852	58.8500	159.5000
232.5181	59.4200	163.4000
236.4151	60.0900	167.4000
240.3775	60.8600	171.1000
244.4063	61.6700	174.0000
248.5026	62.4900	175.8000
252.6676	63.2700	176.4000
256.9023	63.9900	175.8000
261.2081	64.6300	174.3000
265.5860	65.2000	172.3000
270.0373	65.7100	169.8000
274.5632	66.1600	166.9000
279.1649	66.5500	163.8000
283.8438	66.8700	160.4000
288.6011	67.1100	156.8000
293.4381	67.2600	153.3000
298.3562	67.3300	149.9000
303.3567	67.3200	146.7000
308.4410	67.2400	144.0000
313.6106	67.1000	141.9000
318.8668	66.9100	140.5000
324.2111	66.7100	139.9000
329.6449	66.5300	140.1000
335.1698	66.4000	141.2000
340.7874	66.3800	143.0000
346.4991	66.4800	145.2000
352.3065	66.7100	147.4000
358.2112	67.0400	149.3000
364.2149	67.4300	150.7000
370.3193	67.8400	151.5000
376.5259	68.2300	151.8000
382.8366	68.5900	151.8000
389.2530	68.9100	151.7000
395.7770	69.2000	151.8000
402.4103	69.5100	152.1000
409.1548	69.8600	152.7000
416.0123	70.2600	153.5000
422.9848	70.7300	154.2000
430.0741	71.2400	154.6000
437.2823	71.7600	154.5000
444.6112	72.2700	153.7000
452.0630	72.8000	153.2000
459.6397	73.3400	151.4000
467.3434	73.7900	148.1000
475.1762	74.0500	143.9000
483.1402	74.1000	139.3000
491.2378	73.9000	135.2000
499.4710	73.4600	132.2000
507.8423	72.9200	132.5000
516.3539	72.4200	135.0000
525.0081	72.1500	139.7000
533.8074	72.3600	145.9000
542.7541	73.1800	152.1000
551.8508	74.3800	155.7000
561.0999	75.6200	155.9000
570.5041	76.6200	153.1000
580.0659	77.3100	148.7000
589.7879	77.7000	143.9000
599.6729	77.8800	139.8000
609.7236	77.9300	136.5000
619.9427	77.9100	134.3000
630.3331	77.8700	133.0000
640.8976	77.8600	132.4000
651.6392	77.9000	132.4000
662.5609	78.0100	132.9000
673.6656	78.2300	133.9000
684.9564	78.6000	134.6000
696.4364	79.0600	134.7000
708.1088	79.5000	133.8000
719.9769	79.8600	132.6000
732.0439	80.1600	131.3000
744.3131	80.4400	130.1000
756.7880	80.7100	129.1000
769.4720	81.0000	128.3000
782.3685	81.3000	127.4000
795.4812	81.6600	126.2000
808.8137	81.9800	124.4000
822.3696	82.1800	122.4000
836.1527	82.2600	120.9000
850.1668	82.3000	120.2000
864.4158	82.4200	120.6000
878.9036	82.7300	121.5000
893.6343	83.2900	122.1000
908.6118	83.9900	121.1000
923.8404	84.5800	118.1000
939.3242	84.9000	113.7000
955.0675	84.9000	109.6000
971.0746	84.7000	107.1000
987.3501	84.5100	106.7000
1003.8983	84.5300	107.6000
1020.7239	84.8200	108.7000
1037.8315	85.2500	108.5000
1055.2258	85.6400	107.2000
1072.9116	85.9200	105.5000
1090.8939	86.1700	104.3000
1109.1775	86.4600	103.2000
1127.7676	86.8000	101.7000
1146.6693	87.0900	99.7000
1165.8877	87.2900	97.7000
1185.4283	87.5000	96.3000
1205.2964	87.9400	88.6000
1225.4974	88.0600	85.1000
1246.0371	88.1100	81.6000
1266.9209	88.0600	78.2000
1288.1549	87.9100	75.2000
1309.7446	87.7100	72.8000
1331.6963	87.4800	71.0000
1354.0158	87.2300	69.8000
1376.7095	87.0000	69.4000
1399.7835	86.8600	69.7000
1423.2442	86.8700	70.1000
1447.0981	86.9900	70.3000
1471.3518	87.1800	69.6000
1496.0120	87.3200	68.1000
1521.0856	87.3200	66.3000
1546.5793	87.2200	65.2000
1572.5004	87.1500	65.1000
1598.8559	87.2100	65.2000
1625.6531	87.3800	64.9000
1652.8994	87.5500	63.7000
1680.6024	87.6600	62.2000
1708.7697	87.6700	60.5000
1737.4091	87.6100	59.2000
1766.5285	87.5100	58.3000
1796.1360	87.4500	57.9000
1826.2397	87.4400	57.5000
1856.8479	87.4300	57.3000
1887.9691	87.4400	57.2000
1919.6120	87.4900	57.1000
1951.7851	87.5800	56.9000
1984.4975	87.6600	56.4000
2017.7582	87.7000	55.9000
2051.5763	87.7500	55.7000
2085.9612	87.8300	55.7000
2120.9224	87.9500	55.5000
2156.4696	88.0900	55.0000
2192.6126	88.2000	54.5000
2229.3613	88.3300	54.0000
2266.7259	88.4900	53.3000
2304.7168	88.6400	52.1000
2343.3444	88.6900	50.8000
2382.6195	88.6800	50.0000
2422.5528	88.7200	49.7000
2463.1553	88.8800	49.2000
2504.4384	89.0400	47.9000
2546.4134	89.1200	46.1000
2589.0919	89.0700	44.2000
2632.4858	88.9200	42.8000
2676.6069	88.7200	42.1000
2721.4674	88.5200	42.1000
2767.0799	88.3300	42.7000
2813.4568	88.1900	44.3000
2860.6111	88.2000	46.8000
2908.5556	88.4700	49.4000
2957.3037	89.0000	51.3000
3006.8689	89.6500	51.4000
3057.2647	90.2500	49.6000
3108.5052	90.6000	46.2000
3160.6045	90.6800	42.7000
3213.5770	90.5600	40.4000
3267.4374	90.4200	39.8000
3322.2004	90.5000	40.1000
3377.8813	90.7800	39.8000
3434.4954	91.1000	38.3000
3492.0584	91.3200	35.7000
3550.5862	91.3900	32.7000
3610.0949	91.3400	29.9000
3670.6009	91.1900	27.5000
3732.1211	90.9900	25.4000
3794.6724	90.7200	24.0000
3858.2720	90.4000	23.6000
3922.9376	90.1500	24.4000
3988.6870	90.1100	26.0000
4055.5384	90.3200	27.2000
4123.5102	90.6500	27.2000
4192.6212	90.9600	25.8000
4262.8906	91.1600	23.6000
4334.3377	91.2800	21.2000
4406.9822	91.3200	18.8000
4480.8443	91.3300	16.2000
4555.9444	91.2600	13.1000
4632.3031	91.0200	10.0000
4709.9417	90.6200	7.9000
4788.8814	90.2000	7.3000
4869.1443	89.8900	7.2000
4950.7523	89.6300	7.1000
5033.7281	89.3300	7.8000
5118.0947	89.2300	9.6000
5203.8752	89.4000	10.6000
5291.0934	89.5900	9.7000
5379.7734	89.6200	8.1000
5469.9397	89.5300	6.5000
5561.6173	89.3700	5.1000
5654.8313	89.1200	4.1000
5749.6077	88.8300	4.2000
5845.9725	88.6700	5.1000
5943.9525	88.6700	5.3000
6043.5746	88.6200	4.5000
6144.8664	88.4000	4.3000
6247.8558	88.1900	5.4000
6352.5714	88.2200	7.2000
6459.0421	88.5000	8.1000
6567.2972	88.8200	7.3000
6677.3667	88.9900	4.7000
6789.2810	88.8600	1.9000
6903.0710	88.5200	0.5000
7018.7682	88.2400	0.5000
7136.4045	88.1100	0.9000
7256.0123	88.0500	0.7000
7377.6249	87.9400	0.3000
7501.2757	87.8200	0.2000
7626.9989	87.7400	0.3000
7754.8293	87.6900	0.3000
7884.8021	87.6900	-0.1000
8016.9533	87.6100	-1.2000
8151.3194	87.4200	-1.9000
8287.9375	87.1400	-1.8000
8426.8454	86.9800	-0.4000
8568.0814	87.0900	0.9000
8711.6845	87.3500	0.7000
8857.6945	87.5000	-1.5000
9006.1516	87.3600	-4.4000
9157.0969	86.9200	-6.3000
9310.5721	86.3500	-5.3000
9466.6196	86.1200	-2.1000
9625.2825	86.4300	0.5000
9786.6046	86.9100	-0.7000
9950.6305	87.0200	-4.7000
10117.4050	86.6500	-8.5000
10286.9760	86.0300	-9.5000
10459.3880	85.5100	-8.4000
10634.6900	85.2600	-7.0000
10812.9300	85.1400	-6.1000
10994.1570	85.0700	-5.8000
11178.4220	85.0100	-6.1000
11365.7750	84.8400	-7.0000
11556.2680	84.5200	-7.4000
11749.9540	84.1900	-7.0000
11946.8860	83.9500	-6.4000
12147.1190	83.7600	-6.3000
12350.7080	83.5200	-6.3000
12557.7080	83.1900	-6.0000
12768.1790	82.8100	-5.4000
12982.1770	82.4000	-4.1000
13199.7610	82.0300	-2.8000
13420.9920	81.5800	-1.5000
13645.9310	81.0500	1.3000
13874.6410	80.6500	5.8000
14107.1830	80.5500	10.7000
14343.6230	80.6300	14.6000
14584.0250	80.7100	18.1000
14828.4570	81.0000	21.9000
15076.9860	81.5500	25.0000
15329.6800	82.2000	26.2000
15586.6090	82.6700	25.2000
15847.8440	82.9400	24.1000
16113.4580	83.2400	22.8000
16383.5240	83.5600	20.4000
16658.1150	83.6500	16.5000
16937.3100	83.4300	12.9000
17221.1830	83.0700	10.7000
17509.8140	82.7600	8.6000
17803.2830	82.2600	6.6000
18101.6700	81.5700	7.0000
18405.0590	80.9700	9.5000
18713.5320	80.7600	12.4000
19027.1760	80.7200	15.5000
19346.0760	81.0800	18.6000
19670.3210	81.6200	19.1000
20000.0000	81.8900	17.6000