"| "| "| Standardized FRD file, measured by OmniMic "1400294.omm" on 3/16/2015 by userID: 
"| "| "| Equivalent to driven with 2.83V and measured at 1m
"| "| "| Acoustic origin is -13.27useconds behind the mounting plane.
"| "| "| 
499.47105	63.62	-142.9
507.84231	64.01	-143.7
516.35387	64.41	-144.5
525.00808	64.81	-145.3
533.80735	65.21	-146.2
542.75409	65.6	-147.1
551.85078	65.99	-148
561.09994	66.37	-149
570.50411	66.75	-149.9
580.0659	67.11	-150.9
589.78794	67.48	-151.9
599.67293	67.84	-152.8
609.7236	68.19	-153.8
619.94272	68.53	-154.7
630.33311	68.87	-155.6
640.89765	69.21	-156.5
651.63925	69.54	-157.4
662.56088	69.87	-158.2
673.66556	70.2	-158.9
684.95636	70.53	-159.6
696.4364	70.86	-160.3
708.10884	71.21	-160.9
719.97692	71.56	-161.5
732.04391	71.92	-162.1
744.31315	72.29	-162.7
756.78802	72.68	-163.3
769.47197	73.07	-164
782.36851	73.48	-164.7
795.4812	73.9	-165.5
808.81366	74.33	-166.4
822.36957	74.76	-167.5
836.15269	75.19	-168.6
850.16681	75.62	-169.9
864.41582	76.04	-171.3
878.90364	76.46	-172.9
893.63428	76.86	-174.5
908.61181	77.23	-176.2
923.84036	77.59	-178
939.32415	77.93	-179.9
955.06746	78.25	178.4
971.07462	78.55	176.5
987.35007	78.83	174.8
1003.8983	79.1	173.2
1020.7239	79.36	171.7
1037.8315	79.61	170.3
1055.2258	79.87	169
1072.9116	80.14	167.9
1090.8939	80.43	166.8
1109.1775	80.74	165.8
1127.7676	81.08	164.7
1146.6693	81.43	163.5
1165.8877	81.8	162.3
1185.4283	82.18	160.9
1205.2964	82.57	159.3
1225.4974	82.96	157.5
1246.0371	83.34	155.6
1266.9209	83.7	153.5
1288.1549	84.05	151.3
1309.7446	84.38	149
1331.6963	84.7	146.7
1354.0158	85	144.3
1376.7095	85.41	141.7
1399.7835	85.75	139.5
1423.2442	86.07	137.6
1447.0981	86.38	135.8
1471.3518	86.62	133.7
1496.012	86.85	131.5
1521.0856	87.05	129.1
1546.5793	87.23	126.8
1572.5004	87.37	124.5
1598.8559	87.5	122.2
1625.6531	87.61	120.1
1652.8994	87.71	118
1680.6024	87.82	116.1
1708.7697	87.92	114.2
1737.4091	88.01	112.3
1766.5285	88.09	110.4
1796.136	88.16	108.5
1826.2397	88.21	106.8
1856.8479	88.25	105.2
1887.9691	88.29	103.8
1919.612	88.35	102.6
1951.7851	88.43	101.4
1984.4975	88.53	100.2
2017.7582	88.64	98.9
2051.5763	88.75	97.5
2085.9612	88.84	96
2120.9224	88.92	94.6
2156.4696	88.99	93.2
2192.6126	89.06	91.9
2229.3613	89.14	90.6
2266.7259	89.22	89.3
2304.7168	89.3	88
2343.3444	89.39	86.7
2382.6195	89.46	85.2
2422.5528	89.52	83.7
2463.1553	89.53	82.1
2504.4384	89.49	80.7
2546.4134	89.39	79.8
2589.0919	89.29	79.6
2632.4858	89.27	80.3
2676.6069	89.4	81.2
2721.4674	89.68	81.9
2767.0799	90.04	81.8
2813.4568	90.41	81.2
2860.6111	90.78	80.3
2908.5556	91.21	79
2957.3037	91.71	77
3006.8689	92.21	73.7
3057.2647	92.6	69
3108.5052	92.73	63.3
3160.6045	92.56	57.7
3213.577	92.12	53.2
3267.4374	91.54	50.6
3322.2004	91.02	50
3377.8813	90.69	50.4
3434.4954	90.54	50.9
3492.0584	90.48	50.7
3550.5862	90.36	50.2
3610.0949	90.16	50.1
3670.6009	89.96	51.1
3732.1211	89.93	53.1
3794.6724	90.17	55
3858.272	90.59	55.6
3922.9376	91	54.8
3988.687	91.32	53.3
4055.5384	91.6	51.4
4123.5102	91.87	49.2
4192.6212	92.11	46.3
4262.8906	92.24	42.5
4334.3377	92.19	38.4
4406.9822	91.94	34.8
4480.8443	91.65	32.3
4555.9444	91.45	29.9
4632.3031	91.12	26.2
4709.9417	90.38	23
4788.8814	89.4	23.4
4869.1443	88.78	27.2
4950.7523	88.63	30.4
5033.7281	88.51	32.9
5118.0947	88.53	36.3
5203.8752	88.93	38.8
5291.0934	89.4	38.7
5379.7734	89.65	37.3
5469.9397	89.76	36.3
5561.6173	89.91	35.6
5654.8313	90.18	34.4
5749.6077	90.4	31.4
5845.9725	90.3	27.5
5943.9525	89.95	24.9
6043.5746	89.56	23.2
6144.8664	89.02	22.1
6247.8558	88.33	23.7
6352.5714	88.12	28.7
6459.0421	88.57	32.1
6567.2972	89.11	32.5
6677.3667	89.6	31.2
6789.281	89.98	28.1
6903.071	90.03	24.3
7018.7682	89.91	21.2
7136.4045	89.67	18.4
7256.0123	89.26	16.5
7377.6249	88.87	16.4
7501.2757	88.69	16.9
7626.9989	88.62	16.8
7754.8293	88.53	16.9
7884.8021	88.63	16.9
8016.9533	88.71	15.6
8151.3194	88.71	14
8287.9375	88.68	12
8426.8454	88.5	9.9
8568.0814	88.3	8.3
8711.6845	88.07	6.5
8857.6945	87.74	4.9
9006.1516	87.34	4.1
9157.0969	86.96	4.9
9310.5721	86.9	6.5
9466.6196	87.09	6.8
9625.2825	87.39	4.6
9786.6046	87.37	-0.1
9950.6305	86.91	-4.6
10117.405	86.16	-7.4
10286.976	85.32	-7
10459.388	85.04	-4.6
10634.69	85.14	-4.9
10812.93	85.16	-7.8
10994.157	84.85	-12.4
11178.422	84.05	-16.7
11365.775	82.9	-17.9
11556.268	82.07	-15.5
11749.954	81.66	-14.4
11946.886	81.17	-15
12147.119	80.43	-15.9
12350.708	79.43	-15.6
12557.708	78.22	-13.2
12768.179	77.1	-6.8
12982.177	76.44	2.4
13199.761	76.39	12.9
13420.992	77.15	21.9
13645.931	78.34	25.5
13874.641	79.2	24.6
14107.183	79.68	23.2
14343.623	80.05	22.9
14584.025	80.92	22.3
14828.457	81.91	16.1
15076.986	82.23	5.9
15329.68	81.79	-3.2
15586.609	81.1	-10.2
15847.844	80.43	-16.3
16113.458	79.61	-23.9
16383.524	78.24	-31.9
16658.115	76.16	-36.3
16937.31	74.17	-34.2
17221.183	72.86	-29.8
17509.814	71.76	-26.6
17803.283	70.6	-23.5
18101.67	69.64	-18.2
18405.059	69.07	-13.2
18713.532	68.61	-8.6
19027.176	68.23	-7.1
19346.076	66.65	-3.4
19670.321	65.9	16
20000	67.04	26.6
