5	37.78	-39.8
5.04102	37.71	-42.8
5.11035	37.59	-48
5.18062	37.45	-53.9
5.25186	37.32	-59.9
5.32408	37.18	-66.1
5.3973	37.05	-72.4
5.47152	36.92	-78.9
5.54676	36.82	-85.5
5.62304	36.72	-92.3
5.70036	36.65	-99.3
5.77875	36.61	-106.5
5.85822	36.59	-113.9
5.93878	36.59	-121.8
6.02044	36.61	-130.4
6.10323	36.63	-139.7
6.18716	36.65	-150.7
6.27224	36.69	-157.6
6.3585	36.73	-148.2
6.44594	36.78	-72.2
6.53458	36.83	144.3
6.62444	36.89	154
6.71553	36.96	147.6
6.80788	37.02	132.9
6.9015	37.09	121.6
6.99641	37.17	110.4
7.09262	37.25	99.5
7.19015	37.33	88.9
7.28903	37.41	78.6
7.38926	37.54	68.8
7.49088	37.75	59.2
7.59389	38.05	49.7
7.69832	38.39	40.4
7.80418	38.74	31.2
7.9115	39.1	22.1
8.02029	39.45	13
8.13058	39.76	4
8.24239	40.03	-5.1
8.35574	40.26	-14.1
8.47064	40.45	-23.1
8.58713	40.58	-32.3
8.70521	40.66	-41.6
8.82492	40.66	-51.2
8.94628	40.62	-61.7
9.0693	40.47	-73.4
9.19402	40.25	-85.8
9.32045	39.98	-98.4
9.44862	39.64	-110.8
9.57855	39.24	-122.5
9.71027	38.78	-133.1
9.8438	38.27	-142.2
9.97917	37.74	-149.1
10.1164	37.2	-153.2
10.25552	36.66	-154.6
10.39654	36.09	-151.8
10.53951	35.41	-144.6
10.68445	34.59	-133.1
10.83137	33.59	-119.2
10.98032	32.36	-104.4
11.13132	30.84	-89.8
11.28439	28.96	-76.7
11.43957	26.7	-65.9
11.59688	24.64	-59.7
11.75635	24.61	-59.2
11.91802	25.92	-61.6
12.08191	28.87	-71.1
12.24806	30.96	-84
12.41649	32.52	-99.6
12.58723	33.68	-116.8
12.76032	34.51	-134.9
12.9358	35.07	-157
13.11368	35.27	-154.7
13.29402	35.3	-77.1
13.47683	35.14	155.7
13.66216	34.8	139.4
13.85003	34.33	120.1
14.04049	33.74	102
14.23357	33.04	87.5
14.4293	32.28	76.6
14.62773	31.51	75.8
14.82888	30.66	78.5
15.0328	29.6	93.6
15.23952	28.17	121.4
15.44909	26.22	121
15.66154	23.43	27.5
15.87691	19.86	-142.8
16.09524	16.26	-130.8
16.31657	18.58	-108.1
16.54095	22.21	-81.4
16.76841	25.29	-55.6
16.999	27.36	-31.7
17.23277	28.87	-12.9
17.46974	30.08	-5.8
17.70998	31.2	-5.2
17.95352	32.39	-16.4
18.20041	33.52	-35.4
18.45069	34.4	-57.9
18.70441	34.97	-79.6
18.96163	35.25	-97.5
19.22238	35.01	-110
19.48671	34.32	-121
19.75469	32.91	-130.8
20.02634	30.77	-138.8
20.30174	27.97	-143.7
20.58091	27.85	-143.3
20.86393	28.67	-139.6
21.15084	31.04	-130
21.4417	32.67	-119.1
21.73656	33.52	-111.8
22.03547	33.8	-110.2
22.33849	33.87	-110.3
22.64568	33.88	-113.7
22.95709	33.9	-117.5
23.27278	33.99	-120.9
23.59282	34.42	-123.6
23.91725	36.01	-125.5
24.24615	37.55	-127.2
24.57957	38.51	-129.3
24.91758	38.84	-132.5
25.26023	38.71	-138
25.6076	38.25	-146.3
25.95974	37.74	-153.2
26.31673	37.55	-155.9
26.67862	37.74	-155.6
27.0455	38.42	-151.6
27.41741	39.03	-147.5
27.79444	39.28	-146.3
28.17666	39.32	-148.7
28.56413	39.16	-156.7
28.95693	39.02	-163.6
29.35513	38.99	-165.3
29.75881	39.09	-162.1
30.16804	39.35	-153.1
30.58289	39.69	-148.7
31.00345	40.12	-148.7
31.4298	40.64	-154.1
31.86201	41.13	-161.8
32.30016	41.37	-162.4
32.74433	41.47	-161.3
33.19462	41.55	-156.6
33.65109	41.73	-154
34.11385	42.35	-157.3
34.58296	43.17	-164
35.05853	43.6	-168.8
35.54064	43.39	-169.6
36.02938	42.67	-168.7
36.52483	42.36	-167.8
37.02711	42.39	-167.5
37.53628	43.33	-167.6
38.05246	43.71	-167.3
38.57574	43.74	-166.4
39.10622	43.72	-164.9
39.64399	43.83	-164
40.18915	44.75	-164.7
40.74181	45.55	-166
41.30208	45.79	-167.7
41.87004	45.75	-169.5
42.44582	45.81	-170.8
43.02951	46.17	-171.4
43.62123	46.69	-171.9
44.22109	46.93	-172.8
44.8292	46.77	-175.4
45.44567	46.77	-175.7
46.07061	46.92	-175.2
46.70415	47.33	-173.6
47.34641	47.57	-174.4
47.99749	47.77	-175.7
48.65753	47.97	-176
49.32664	48.21	-175.7
50.00496	48.47	-175.6
50.6926	48.73	-176.1
51.3897	49.02	-176.9
52.09639	49.32	-177.4
52.81279	49.59	-178
53.53905	49.82	-161.3
54.27529	50	-28.5
55.02166	50.14	163.8
55.77829	50.26	178.4
56.54532	50.38	178.9
57.32291	50.6	178.9
58.11118	50.9	178.7
58.9103	51.13	178.2
59.7204	51.23	177.8
60.54165	51.44	177.8
61.37419	51.72	177.9
62.21818	51.92	177.4
63.07377	52.09	177
63.94113	52.33	177.2
64.82042	52.62	177.3
65.7118	52.87	176.2
66.61543	53.06	176.4
67.5315	53.28	176.3
68.46016	53.52	175.9
69.40159	53.73	175.5
70.35596	53.92	175.7
71.32346	54.21	175.5
72.30427	54.46	175.1
73.29856	54.64	174.8
74.30653	54.93	174.9
75.32835	55.19	174.5
76.36423	55.42	174
77.41436	55.63	173.8
78.47892	55.89	173.3
79.55812	56.09	173
80.65217	56.32	172.9
81.76126	56.57	172.8
82.8856	56.82	172.3
84.0254	57.07	172
85.18088	57.31	171.6
86.35224	57.54	171.1
87.53971	57.76	170.9
88.74352	57.99	170.4
89.96387	58.2	170.1
91.20101	58.41	169.9
92.45517	58.65	169.5
93.72656	58.88	169.3
95.01544	59.11	168.9
96.32205	59.34	168.5
97.64662	59.56	168.2
98.98941	59.78	167.7
100.35067	60	167.4
101.73064	60.21	167.1
103.12959	60.42	166.7
104.54778	60.62	166.5
105.98547	60.83	166.2
107.44293	61.05	166.1
108.92043	61.3	166.1
110.41825	61.54	165.7
111.93667	61.79	165.3
113.47596	62.02	164.9
115.03643	62.23	164.5
116.61835	62.46	164.1
118.22203	62.67	163.8
119.84776	62.88	163.4
121.49585	63.09	163
123.1666	63.3	162.8
124.86033	63.52	162.5
126.57735	63.73	162.3
128.31798	63.94	162
130.08254	64.17	161.8
131.87137	64.39	161.5
133.68481	64.61	161.2
135.52317	64.84	161
137.38682	65.07	160.7
139.2761	65.3	160.3
141.19135	65.53	160
143.13295	65.75	159.6
145.10124	65.96	159.2
147.0966	66.19	158.9
149.1194	66.4	158.5
151.17002	66.61	158.2
153.24884	66.83	157.8
155.35624	67.04	157.5
157.49262	67.25	157.1
159.65838	67.46	156.8
161.85393	67.67	156.5
164.07966	67.88	156.2
166.336	68.09	155.9
168.62338	68.31	155.6
170.9422	68.53	155.3
173.29291	68.75	155
175.67595	68.96	154.7
178.09176	69.18	154.4
180.54079	69.4	154.1
183.0235	69.62	153.8
185.54035	69.8	153.5
188.09181	70	153.2
190.67836	70.22	152.8
193.30047	70.43	152.5
195.95865	70.65	152.2
198.65337	70.87	151.8
201.38516	71.09	151.4
204.15451	71.3	151
206.96194	71.51	150.7
209.80798	71.73	150.4
212.69315	71.95	150
215.61801	72.16	149.7
218.58308	72.38	149.3
221.58893	72.6	148.9
224.63611	72.81	148.6
227.72519	73.02	148.2
230.85676	73.24	147.8
234.03139	73.45	147.4
237.24967	73.66	147
240.51221	73.87	146.7
243.81962	74.09	146.4
247.17251	74.31	146
250.5715	74.52	145.6
254.01724	74.74	145.2
257.51036	74.95	144.8
261.05151	75.16	144.4
264.64137	75.36	144
268.28058	75.57	143.7
271.96985	75.77	143.3
275.70984	75.98	143
279.50127	76.2	142.7
283.34483	76.42	142.4
287.24125	76.63	142.1
291.19125	76.86	141.7
295.19557	77.08	141.4
299.25496	77.31	141
303.37016	77.6	140.6
307.54196	77.88	140
311.77113	78.15	139.2
316.05845	78.39	138.2
320.40473	78.6	137.2
324.81078	78.77	136
329.27742	78.87	134.9
333.80548	78.89	134.2
338.39581	78.89	134
343.04926	78.88	134.7
347.76671	78.95	136.3
352.54902	79.19	138.3
357.3971	79.63	140
362.31185	80.13	140.8
367.29419	80.64	140.8
372.34504	81.14	140.5
377.46534	81.62	139.4
382.65606	82.07	137.6
387.91816	82.42	135.3
393.25262	82.67	132.8
398.66044	82.81	130.3
404.14262	82.86	128.2
409.70019	82.81	126.7
415.33419	82.7	126.3
421.04566	82.62	126.3
426.83567	82.61	127.7
432.70531	82.75	129.6
438.65566	83.08	131.6
444.68783	83.61	133.1
450.80296	84.27	133.8
457.00218	84.93	133.1
463.28665	85.51	131.3
469.65754	85.96	128.5
476.11604	86.26	125.5
482.66336	86.45	122.9
489.30071	86.62	120.7
496.02933	86.77	118.7
502.85048	86.92	116.7
509.76543	87.02	114.6
516.77548	87.02	112.5
523.88192	86.99	110.9
531.08609	86.86	110.1
538.38932	86.72	110.5
545.79299	86.74	111.9
553.29847	86.92	114.2
560.90715	87.45	116
568.62047	88.17	116
576.43986	88.79	114.7
584.36678	89.24	112
592.40271	89.55	108.9
600.54914	89.76	106.2
608.80759	89.94	103.9
617.17962	90.11	101.7
625.66677	90.28	99.5
634.27063	90.43	97.1
642.99281	90.5	94.8
651.83493	90.54	92.8
660.79864	90.58	91
669.88562	90.65	89.1
679.09756	90.66	86.9
688.43618	90.61	84.7
697.90321	90.43	83.5
707.50044	90.21	83.2
717.22963	90.22	84.3
727.09262	90.36	85.7
737.09124	90.77	86.2
747.22736	91.33	85.6
757.50286	91.79	83.2
767.91967	92.09	79.9
778.47973	92.22	76.2
789.185	92.25	72.5
800.03748	92.1	69.2
811.0392	91.86	66.9
822.19222	91.59	65.7
833.4986	91.36	65.3
844.96046	91.24	65.6
856.57995	91.29	66
868.35921	91.44	66
880.30046	91.61	65.1
892.40592	91.65	63.8
904.67785	91.73	63.5
917.11854	91.9	63.1
929.7303	92.2	62.3
942.51549	92.48	59.8
955.4765	92.51	56.6
968.61575	92.46	53.7
981.93568	92.27	51.6
995.43877	92.04	50.4
1009.1276	91.86	49.9
1023.0046	91.8	49.8
1037.0724	91.79	49.7
1051.3338	91.85	49.4
1065.7912	91.98	48.6
1080.4474	92.08	47.3
1095.3052	92.1	45.7
1110.3673	92.04	44
1125.6365	91.96	43.1
1141.1157	91.96	42.2
1156.8078	91.97	41
1172.7156	91.95	39.3
1188.8422	91.76	38
1205.1906	91.58	37.6
1221.7638	91.53	37.5
1238.5649	91.53	37.4
1255.597	91.6	36.3
1272.8634	91.57	34.8
1290.3672	91.46	33.3
1308.1117	91.28	32.1
1326.1002	91.09	31.4
1344.3361	90.89	30.8
1362.8227	90.66	30.6
1381.5636	90.41	30.9
1400.5622	90.21	31.9
1419.822	90.08	33.3
1439.3467	90.09	35.2
1459.1399	90.26	36.9
1479.2053	90.64	37.5
1499.5466	90.96	36.5
1520.1676	91.04	34.6
1541.0722	91.03	32.8
1562.2643	90.83	32
1583.7478	90.7	32.3
1605.5267	90.68	32.6
1627.6051	90.69	33
1649.9871	90.76	33.3
1672.6769	90.88	33.2
1695.6788	90.99	32.7
1718.9969	91.04	31.9
1742.6357	91.03	30.9
1766.5996	90.92	30.7
1790.893	90.91	31.1
1815.5205	90.96	31.4
1840.4866	91.13	31.2
1865.7961	91.22	30.3
1891.4536	91.22	29.3
1917.4639	91.19	28.8
1943.832	91.18	28.6
1970.5626	91.23	28
1997.6608	91.21	27.2
2025.1317	91.14	26.8
2052.9803	91.07	26.7
2081.2118	91.06	26.9
2109.8316	91.11	27
2138.845	91.2	26.8
2168.2574	91.25	26
2198.0742	91.19	25.2
2228.301	91.12	25.3
2258.9435	91.14	25.7
2290.0074	91.28	26
2321.4985	91.46	25
2353.4226	91.46	23.6
2385.7857	91.41	22.8
2418.5938	91.35	22.3
2451.8531	91.32	21.9
2485.5698	91.33	21.5
2519.7502	91.33	20.9
2554.4005	91.32	20
2589.5274	91.22	19.2
2625.1373	91.09	19
2661.2369	91.01	19
2697.8329	90.96	19
2734.9322	90.93	19.1
2772.5416	90.92	19
2810.6683	90.89	18.9
2849.3192	90.86	18.9
2888.5016	90.85	19.2
2928.2229	90.89	19.4
2968.4904	90.98	19.4
3009.3116	91.1	19
3050.6942	91.19	17.9
3092.6458	91.22	16.3
3135.1744	91.13	14.4
3178.2877	90.88	13
3221.994	90.47	12.5
3266.3013	90.06	13.7
3311.2178	89.86	16.4
3356.7521	89.91	19.2
3402.9125	90.19	20.9
3449.7077	90.53	21.3
3497.1464	90.76	20.6
3545.2374	90.88	19.6
3593.9898	90.95	18.8
3643.4125	91	18.2
3693.515	91.09	17.5
3744.3064	91.18	16.3
3795.7962	91.2	14.6
3847.9941	91.07	12.6
3900.9099	90.74	11.8
3954.5533	90.43	12.3
4008.9343	90.34	13.9
4064.0632	90.4	15
4119.9502	90.56	14.9
4176.6058	90.56	14.1
4234.0404	90.49	13.6
4292.2649	90.36	13.7
4351.29	90.32	14.4
4411.1268	90.35	15
4471.7864	90.42	15.5
4533.2802	90.54	15.8
4595.6197	90.71	15.6
4658.8164	90.84	14.8
4722.8821	90.87	13.9
4787.8289	90.87	13.4
4853.6688	90.98	13.1
4920.414	91.12	11.8
4988.0772	91.11	9.6
5056.6707	90.92	8.2
5126.2076	90.66	8
5196.7007	90.68	8.3
5268.1632	90.71	7.7
5340.6084	90.7	5.8
5414.0498	90.38	4.7
5488.5011	90.14	5.3
5563.9763	90.06	5.4
5640.4894	89.98	5.4
5718.0546	89.77	5.3
5796.6865	89.62	6.8
5876.3997	89.72	8.4
5957.209	89.97	8.7
6039.1296	90.15	7.3
6122.1768	90.11	5.6
6206.366	90.01	4.3
6291.7129	89.83	3.5
6378.2334	89.63	3.1
6465.9437	89.46	3.2
6554.8602	89.37	3.4
6644.9994	89.29	3.4
6736.3782	89.19	3.3
6829.0136	89.08	3.5
6922.9228	88.99	4.1
7018.1235	89.01	5
7114.6332	89.18	5.5
7212.4702	89.39	4.3
7311.6525	89.41	2.6
7412.1988	89.38	0.4
7514.1277	89.19	-1.7
7617.4583	88.72	-3.1
7722.2098	88.27	-2.6
7828.4019	87.9	-1.3
7936.0542	87.75	0.8
8045.1869	87.77	3.5
8155.8204	88.1	3.7
8267.9752	88.25	3
8381.6724	88.27	1.1
8496.933	88.19	-0.3
8613.7787	88.02	-2.4
8732.2311	87.68	-3.5
8852.3125	87.22	-3.7
8974.0451	86.84	-2.3
9097.4518	86.67	-0.4
9222.5555	86.69	1.1
9349.3795	86.81	1.5
9477.9476	86.96	0.7
9608.2837	86.93	-1.5
9740.4121	86.67	-4.1
9874.3574	86.12	-4.9
10010.145	85.5	-4.4
10147.799	84.94	-1.5
10287.347	84.91	2
10428.813	84.97	3.1
10572.225	85.1	3
10717.609	84.89	1.2
10864.993	84.4	1.5
11014.403	83.88	3.2
11165.867	83.64	7
11319.415	83.64	10.8
11475.074	83.89	12.7
11632.874	84.13	12.8
11792.843	84.2	12.2
11955.013	84.07	11.2
12119.412	83.77	11.5
12286.072	83.54	13.4
12455.024	83.51	16.4
12626.3	83.91	18.1
12799.93	84.13	16.5
12975.949	84.01	14.5
13154.387	83.59	13.9
13335.28	83.14	15.3
13518.66	82.87	18.2
13704.562	83	21.5
13893.021	83.4	22.7
14084.071	83.81	21.8
14277.748	83.9	19
14474.089	83.78	16.6
14673.129	83.64	14.9
14874.907	83.61	13.3
15079.459	83.73	8.7
15286.825	83.53	1.3
15497.041	82.93	-7.9
15710.149	81.82	-18.5
15926.187	80.26	-32.2
16145.197	78.04	-53.2
16367.217	74.96	-99.5
16592.291	72.48	-127.5
16820.46	71.94	131.1
17051.767	73.42	121.2
17286.255	75.64	107.3
17523.967	77.52	101.2
17764.948	78.89	95.4
18009.242	79.75	90.3
18256.897	80.39	86.5
18507.957	80.94	83.4
18762.469	81.47	80.3
19020.481	81.72	75.6
19282.041	81.59	72.5
19547.199	81.44	71.7
19816.002	81.69	72
20088.502	81.98	69.4
20364.749	82	67.5
20644.795	82.06	67.1
20928.692	82.64	67.7
21216.493	83.73	64
21508.252	84.46	55.7
21804.023	84.98	43.4
22103.861	85.31	27.9
22407.823	85.14	3.8
22715.964	83.72	-22.6
23028.343	80.9	-49
23345.017	77.54	-79.9
23666.047	73.94	-144.1
23991.491	71.3	35.6
24321.41	70.93	110.8
24655.866	71.95	61.9
24994.921	73.7	30.2
25338.639	75.25	-3.3
25687.084	77.13	-33.3
26040.32	79.53	-59
26398.413	82.25	-82
26761.431	84.92	-105.1
27129.442	87.09	-133.3
27502.512	88.73	-114.4
27880.713	89.95	175
28264.115	90.61	155.9
28652.789	90.6	129.5
29046.809	90.15	104.8
29446.246	88.99	81.6
29851.176	87.15	63
30261.675	84.86	49.8
30677.819	82.27	45.7
31099.685	79.83	47.5
31527.353	78.54	53.1
31960.901	78.55	53.2
32400.412	79.08	50.9
32845.966	80.24	44.4
33297.648	80.97	32.9
33755.541	81.41	21.1
34219.731	81.61	10.1
34690.303	81.71	0.5
35167.348	82.1	-6.9
35650.952	82.54	-15.7
36141.206	82.84	-24.2
36638.202	83.05	-31.1
37142.033	83.53	-35.6
37652.792	84.44	-42.6
38170.574	85.44	-53.7
38695.477	85.89	-69.8
39227.599	85.01	-88.3
39767.037	83.71	-90.5
40000	83.03	-90.9
