500.0000	58.3700	-115.3000
503.7174	58.5100	-115.5000
507.4625	58.6800	-115.6000
511.2355	58.8700	-115.8000
515.0364	59.0800	-116.0000
518.8657	59.2900	-116.2000
522.7234	59.5100	-116.4000
526.6098	59.7300	-116.7000
530.5251	59.9600	-117.0000
534.4695	60.1800	-117.3000
538.4432	60.4100	-117.6000
542.4465	60.6300	-117.9000
546.4795	60.8600	-118.2000
550.5425	61.0800	-118.6000
554.6357	61.3100	-119.0000
558.7594	61.5300	-119.3000
562.9137	61.7600	-119.7000
567.0989	61.9800	-120.1000
571.3152	62.2000	-120.5000
575.5629	62.4200	-121.0000
579.8421	62.6400	-121.4000
584.1532	62.8600	-121.9000
588.4963	63.0800	-122.3000
592.8717	63.2900	-122.8000
597.2796	63.5100	-123.3000
601.7204	63.7200	-123.7000
606.1941	63.9300	-124.2000
610.7011	64.1400	-124.7000
615.2416	64.3400	-125.2000
619.8158	64.5500	-125.7000
624.4241	64.7500	-126.2000
629.0666	64.9500	-126.7000
633.7437	65.1500	-127.2000
638.4555	65.3500	-127.7000
643.2023	65.5500	-128.2000
647.9845	65.7500	-128.6000
652.8021	65.9400	-129.1000
657.6557	66.1300	-129.6000
662.5453	66.3300	-130.0000
667.4712	66.5200	-130.5000
672.4338	66.7100	-130.9000
677.4333	66.9000	-131.3000
682.4699	67.0900	-131.7000
687.5440	67.2700	-132.2000
692.6558	67.4600	-132.6000
697.8056	67.6500	-132.9000
702.9937	67.8500	-133.3000
708.2204	68.0400	-133.7000
713.4860	68.2300	-134.0000
718.7906	68.4200	-134.3000
724.1348	68.6100	-134.7000
729.5186	68.8100	-135.0000
734.9425	69.0100	-135.3000
740.4067	69.2100	-135.6000
745.9116	69.4100	-135.9000
751.4574	69.6200	-136.2000
757.0444	69.8300	-136.5000
762.6729	70.0400	-136.8000
768.3433	70.2500	-137.1000
774.0558	70.4600	-137.4000
779.8109	70.6800	-137.7000
785.6087	70.9000	-138.1000
791.4496	71.1300	-138.4000
797.3339	71.3500	-138.7000
803.2620	71.5800	-139.1000
809.2342	71.8100	-139.4000
815.2508	72.0400	-139.8000
821.3120	72.2700	-140.2000
827.4184	72.5000	-140.6000
833.5702	72.7400	-141.1000
839.7677	72.9700	-141.5000
846.0113	73.2100	-142.0000
852.3013	73.4400	-142.5000
858.6380	73.6800	-143.0000
865.0219	73.9100	-143.5000
871.4533	74.1500	-144.0000
877.9324	74.3800	-144.6000
884.4597	74.6100	-145.1000
891.0356	74.8400	-145.7000
897.6604	75.0800	-146.3000
904.3344	75.3100	-146.9000
911.0580	75.5300	-147.5000
917.8316	75.7600	-148.1000
924.6556	75.9900	-148.7000
931.5303	76.2200	-149.3000
938.4561	76.4400	-149.9000
945.4335	76.6700	-150.5000
952.4627	76.9000	-151.1000
959.5441	77.1300	-151.7000
966.6782	77.3500	-152.3000
973.8654	77.5800	-152.9000
981.1059	77.8100	-153.5000
988.4004	78.0500	-154.2000
995.7490	78.2800	-154.8000
1003.1523	78.5200	-155.4000
1010.6106	78.7600	-156.0000
1018.1244	79.0000	-156.7000
1025.6940	79.2500	-157.3000
1033.3200	79.4900	-158.0000
1041.0026	79.7400	-158.7000
1048.7423	80.0000	-159.5000
1056.5396	80.2500	-160.2000
1064.3949	80.5100	-161.0000
1072.3085	80.7700	-161.8000
1080.2810	81.0300	-162.7000
1088.3128	81.2900	-163.6000
1096.4043	81.5500	-164.5000
1104.5559	81.8100	-165.5000
1112.7682	82.0700	-166.5000
1121.0415	82.3300	-167.5000
1129.3763	82.5900	-168.6000
1137.7731	82.8400	-169.8000
1146.2323	83.0900	-171.0000
1154.7544	83.3400	-172.2000
1163.3399	83.5900	-173.4000
1171.9892	83.8300	-174.7000
1180.7028	84.0600	-176.0000
1189.4812	84.3000	-177.3000
1198.3249	84.5200	-178.7000
1207.2343	84.7500	180.0000
1216.2100	84.9700	178.6000
1225.2524	85.1800	177.2000
1234.3620	85.3900	175.8000
1243.5393	85.5900	174.4000
1252.7849	85.8000	173.0000
1262.0992	86.0000	171.6000
1271.4828	86.1900	170.2000
1280.9361	86.3800	168.7000
1290.4597	86.5700	167.3000
1300.0542	86.7600	165.9000
1309.7199	86.9500	164.4000
1319.4576	87.1400	163.0000
1329.2676	87.3200	161.5000
1339.1505	87.5100	160.1000
1349.1070	87.6900	158.6000
1359.1374	87.8700	157.1000
1369.2425	88.0600	155.6000
1379.4226	88.2400	154.0000
1389.6785	88.4200	152.4000
1400.0106	88.5900	150.9000
1410.4195	88.7700	149.2000
1420.9059	88.9400	147.6000
1431.4701	89.1100	145.9000
1442.1130	89.2700	144.2000
1452.8349	89.4300	142.5000
1463.6366	89.5900	140.7000
1474.5186	89.7300	139.0000
1485.4814	89.8800	137.2000
1496.5258	90.0100	135.4000
1507.6523	90.1400	133.6000
1518.8616	90.2700	131.7000
1530.1541	90.3900	129.9000
1541.5307	90.5000	128.1000
1552.9918	90.6100	126.3000
1564.5381	90.7100	124.5000
1576.1703	90.8000	122.7000
1587.8889	90.9000	120.9000
1599.6947	90.9900	119.1000
1611.5883	91.0700	117.3000
1623.5703	91.1500	115.6000
1635.6413	91.2300	113.8000
1647.8021	91.3100	112.1000
1660.0534	91.3900	110.3000
1672.3957	91.4600	108.6000
1684.8298	91.5300	106.8000
1697.3563	91.6000	105.1000
1709.9759	91.6600	103.3000
1722.6894	91.7200	101.5000
1735.4974	91.7800	99.7000
1748.4007	91.8300	97.9000
1761.3998	91.8800	96.1000
1774.4957	91.9200	94.3000
1787.6888	91.9600	92.4000
1800.9801	91.9900	90.6000
1814.3702	92.0100	88.8000
1827.8598	92.0300	87.0000
1841.4498	92.0400	85.2000
1855.1408	92.0400	83.4000
1868.9335	92.0400	81.6000
1882.8289	92.0300	79.9000
1896.8275	92.0100	78.1000
1910.9302	91.9900	76.4000
1925.1377	91.9600	74.7000
1939.4509	91.9300	73.0000
1953.8705	91.8900	71.4000
1968.3974	91.8400	69.7000
1983.0322	91.7900	68.1000
1997.7758	91.7300	66.6000
2012.6290	91.6700	65.0000
2027.5927	91.6000	63.5000
2042.6677	91.5200	62.0000
2057.8547	91.4400	60.6000
2073.1546	91.3500	59.2000
2088.5683	91.2600	57.9000
2104.0965	91.1600	56.6000
2119.7403	91.0500	55.4000
2135.5003	90.9500	54.3000
2151.3775	90.8500	53.3000
2167.3728	90.7500	52.3000
2183.4870	90.6400	51.4000
2199.7210	90.5500	50.5000
2216.0756	90.4500	49.7000
2232.5519	90.3600	48.9000
2249.1507	90.2700	48.2000
2265.8729	90.1800	47.5000
2282.7194	90.0900	46.8000
2299.6912	90.0100	46.2000
2316.7891	89.9300	45.7000
2334.0142	89.8600	45.2000
2351.3673	89.8000	44.7000
2368.8495	89.7400	44.3000
2386.4616	89.6900	43.9000
2404.2047	89.6500	43.5000
2422.0797	89.6200	43.1000
2440.0876	89.6000	42.7000
2458.2294	89.5900	42.2000
2476.5061	89.5800	41.7000
2494.9186	89.5700	41.1000
2513.4681	89.5600	40.4000
2532.1554	89.5300	39.8000
2550.9817	89.4900	39.1000
2569.9480	89.4400	38.5000
2589.0553	89.3800	38.0000
2608.3046	89.3200	37.7000
2627.6971	89.2700	37.4000
2647.2337	89.2200	37.3000
2666.9156	89.2000	37.3000
2686.7439	89.2000	37.4000
2706.7195	89.2200	37.5000
2726.8437	89.2800	37.5000
2747.1175	89.3500	37.5000
2767.5420	89.4400	37.3000
2788.1184	89.5400	37.0000
2808.8477	89.6400	36.6000
2829.7312	89.7300	36.1000
2850.7699	89.8300	35.5000
2871.9651	89.9300	35.0000
2893.3178	90.0300	34.4000
2914.8293	90.1500	33.8000
2936.5008	90.2800	33.2000
2958.3333	90.4400	32.4000
2980.3282	90.6100	31.4000
3002.4866	90.7800	30.2000
3024.8098	90.9600	28.6000
3047.2989	91.1100	26.8000
3069.9553	91.2300	24.6000
3092.7801	91.3000	22.3000
3115.7745	91.3100	19.8000
3138.9400	91.2500	17.2000
3162.2777	91.1200	14.8000
3185.7888	90.9300	12.7000
3209.4748	90.7000	10.9000
3233.3369	90.4200	9.5000
3257.3764	90.1400	8.7000
3281.5947	89.8800	8.4000
3305.9930	89.6500	8.5000
3330.5727	89.4900	8.9000
3355.3351	89.3900	9.4000
3380.2817	89.3500	9.9000
3405.4137	89.3700	10.2000
3430.7326	89.4100	10.3000
3456.2397	89.4700	10.2000
3481.9365	89.5400	9.9000
3507.8243	89.6000	9.5000
3533.9046	89.6500	9.0000
3560.1788	89.7000	8.4000
3586.6483	89.7600	7.7000
3613.3147	89.8100	7.0000
3640.1793	89.8700	6.2000
3667.2436	89.9300	5.2000
3694.5092	89.9800	4.1000
3721.9774	90.0000	2.8000
3749.6499	89.9800	1.5000
3777.5282	89.9300	0.2000
3805.6137	89.8300	-1.0000
3833.9080	89.7100	-2.0000
3862.4127	89.5700	-2.6000
3891.1293	89.4500	-2.9000
3920.0594	89.3600	-2.8000
3949.2046	89.3200	-2.6000
3978.5665	89.3300	-2.4000
4008.1467	89.4000	-2.4000
4037.9469	89.4900	-2.7000
4067.9686	89.5900	-3.3000
4098.2135	89.6800	-4.1000
4128.6833	89.7300	-5.1000
4159.3796	89.7500	-6.1000
4190.3041	89.7500	-7.1000
4221.4586	89.7400	-8.0000
4252.8446	89.7200	-8.7000
4284.4641	89.7100	-9.4000
4316.3186	89.7000	-10.0000
4348.4100	89.7000	-10.6000
4380.7399	89.7000	-11.1000
4413.3102	89.7100	-11.6000
4446.1227	89.7500	-11.9000
4479.1792	89.8200	-12.3000
4512.4814	89.9300	-12.8000
4546.0312	90.0800	-13.7000
4579.8304	90.2200	-15.0000
4613.8810	90.3300	-16.7000
4648.1847	90.3700	-18.7000
4682.7434	90.3400	-20.8000
4717.5591	90.2400	-22.6000
4752.6336	90.0900	-24.1000
4787.9689	89.9500	-25.1000
4823.5670	89.8300	-25.8000
4859.4297	89.7700	-26.4000
4895.5590	89.7400	-27.3000
4931.9569	89.7000	-28.4000
4968.6255	89.6100	-29.7000
5005.5667	89.4400	-31.0000
5042.7825	89.2200	-31.7000
5080.2751	88.9900	-31.8000
5118.0464	88.8300	-31.2000
5156.0985	88.7700	-30.3000
5194.4335	88.8300	-29.6000
5233.0536	88.9600	-29.4000
5271.9607	89.0900	-29.9000
5311.1572	89.1800	-30.7000
5350.6451	89.2200	-31.5000
5390.4265	89.2400	-32.3000
5430.5038	89.2700	-32.8000
5470.8790	89.3300	-33.5000
5511.5544	89.4100	-34.4000
5552.5322	89.4700	-35.6000
5593.8146	89.4700	-37.0000
5635.4040	89.4000	-38.4000
5677.3027	89.2700	-39.3000
5719.5128	89.1300	-39.7000
5762.0367	89.0500	-39.5000
5804.8768	89.0600	-39.0000
5848.0355	89.1700	-38.7000
5891.5150	89.3400	-38.9000
5935.3178	89.5200	-39.5000
5979.4462	89.6800	-40.5000
6023.9027	89.8300	-41.7000
6068.6898	89.9500	-43.1000
6113.8098	90.0500	-44.7000
6159.2653	90.1100	-46.5000
6205.0588	90.1300	-48.2000
6251.1927	90.1100	-49.9000
6297.6697	90.0700	-51.3000
6344.4922	90.0500	-52.6000
6391.6628	90.0500	-53.9000
6439.1841	90.0500	-55.4000
6487.0587	90.0100	-57.2000
6535.2893	89.9100	-58.9000
6583.8785	89.7700	-60.3000
6632.8289	89.6200	-61.4000
6682.1432	89.5000	-62.2000
6731.8243	89.4000	-63.1000
6781.8746	89.2600	-64.0000
6832.2971	89.0700	-64.6000
6883.0945	88.8700	-64.4000
6934.2696	88.7600	-63.5000
6985.8251	88.8100	-62.4000
7037.7640	88.9900	-61.7000
7090.0890	89.2200	-61.9000
7142.8030	89.4100	-62.6000
7195.9090	89.5600	-63.5000
7249.4098	89.7000	-64.2000
7303.3083	89.9000	-64.9000
7357.6076	90.1500	-66.0000
7412.3107	90.3900	-67.8000
7467.4204	90.5600	-70.0000
7522.9398	90.6600	-72.4000
7578.8721	90.7000	-74.6000
7635.2202	90.7100	-76.6000
7691.9872	90.7100	-78.5000
7749.1763	90.6800	-80.2000
7806.7906	90.6600	-81.5000
7864.8332	90.7000	-82.6000
7923.3074	90.8400	-83.7000
7982.2163	91.0400	-85.7000
8041.5632	91.2000	-88.4000
8101.3514	91.2500	-91.7000
8161.5840	91.1800	-94.9000
8222.2645	91.0100	-97.7000
8283.3961	90.8100	-100.0000
8344.9823	90.6100	-101.8000
8407.0263	90.4300	-103.2000
8469.5316	90.3000	-104.4000
8532.5017	90.2300	-105.7000
8595.9399	90.1700	-107.2000
8659.8498	90.1000	-108.9000
8724.2348	90.0000	-110.6000
8789.0986	89.9100	-112.2000
8854.4446	89.8400	-113.8000
8920.2764	89.7700	-115.6000
8986.5977	89.6600	-117.5000
9053.4120	89.5100	-119.4000
9120.7232	89.3400	-121.0000
9188.5348	89.1800	-122.5000
9256.8505	89.0100	-123.9000
9325.6742	88.8100	-125.1000
9395.0096	88.6400	-125.7000
9464.8604	88.5500	-126.2000
9535.2306	88.5400	-126.9000
9606.1240	88.5500	-128.1000
9677.5445	88.5300	-129.5000
9749.4960	88.5200	-131.1000
9821.9825	88.4900	-132.9000
9895.0078	88.4200	-135.0000
9968.5761	88.2800	-137.2000
10042.6910	88.0900	-139.1000
10117.3580	87.8600	-140.6000
10192.5790	87.6200	-141.8000
10268.3600	87.3900	-142.5000
10344.7040	87.2000	-142.6000
10421.6160	87.1300	-142.5000
10499.0990	87.1900	-142.5000
10577.1590	87.3300	-143.1000
10655.7990	87.5100	-144.5000
10735.0240	87.6700	-146.7000
10814.8370	87.7400	-149.5000
10895.2450	87.7000	-152.5000
10976.2500	87.5700	-155.4000
11057.8570	87.3600	-158.1000
11140.0710	87.0600	-160.3000
11222.8960	86.7500	-161.7000
11306.3370	86.4800	-162.4000
11390.3980	86.3100	-162.7000
11475.0850	86.2200	-163.0000
11560.4010	86.2200	-163.4000
11646.3510	86.2700	-164.3000
11732.9400	86.3500	-165.7000
11820.1740	86.4000	-167.6000
11908.0550	86.4000	-169.8000
11996.5900	86.3400	-172.1000
12085.7840	86.2300	-174.3000
12175.6400	86.0900	-176.3000
12266.1650	85.9400	-178.0000
12357.3620	85.8000	-179.5000
12449.2380	85.7000	179.2000
12541.7970	85.6500	177.7000
12635.0440	85.5900	175.9000
12728.9840	85.5200	174.0000
12823.6220	85.4200	172.2000
12918.9650	85.3200	170.6000
13015.0160	85.2500	169.3000
13111.7810	85.2500	167.9000
13209.2660	85.3100	166.0000
13307.4750	85.3500	163.4000
13406.4150	85.3100	160.2000
13506.0900	85.1300	157.0000
13606.5060	84.8500	154.4000
13707.6690	84.5400	152.6000
13809.5840	84.2900	151.6000
13912.2570	84.1900	150.9000
14015.6930	84.2300	149.8000
14119.8980	84.3300	147.7000
14224.8780	84.3800	144.6000
14330.6380	84.3200	141.0000
14437.1850	84.1300	137.5000
14544.5240	83.8700	134.5000
14652.6610	83.6100	132.1000
14761.6020	83.3900	130.0000
14871.3530	83.2400	127.8000
14981.9200	83.1000	125.1000
15093.3090	82.9100	122.2000
15205.5260	82.6500	119.4000
15318.5770	82.3500	116.9000
15432.4690	82.0600	114.8000
15547.2080	81.8300	112.9000
15662.8000	81.6900	110.7000
15779.2510	81.5500	107.8000
15896.5680	81.3300	104.2000
16014.7570	80.9600	100.4000
16133.8250	80.4400	97.0000
16253.7780	79.8300	94.7000
16374.6230	79.2800	93.6000
16496.3670	78.8600	93.0000
16619.0160	78.5500	92.2000
16742.5760	78.2700	90.9000
16867.0550	77.9400	89.2000
16992.4600	77.5300	87.9000
17118.7970	77.1300	87.2000
17246.0740	76.7800	86.9000
17374.2960	76.5000	86.6000
17503.4720	76.2700	86.0000
17633.6090	76.0300	85.3000
17764.7130	75.7700	85.0000
17896.7910	75.5900	85.4000
18029.8520	75.5800	85.8000
18163.9020	75.7300	85.5000
18298.9490	75.9400	84.0000
18434.9990	76.0900	81.4000
18572.0620	76.1400	78.2000
18710.1430	76.0800	74.8000
18849.2510	75.9500	71.6000
18989.3930	75.8200	68.6000
19130.5770	75.7200	65.4000
19272.8110	75.5700	61.7000
19416.1020	75.3100	58.0000
19560.4590	74.9600	54.9000
19705.8880	74.6400	53.1000
19852.4000	74.4500	52.1000
20000.0000	74.4000	51.8000