496.8529	64.9200	-93.4000
500.6529	65.1800	-93.6000
504.4819	65.4500	-93.9000
508.3402	65.7100	-94.3000
512.2280	65.9800	-94.6000
516.1455	66.2400	-94.9000
520.0930	66.5100	-95.3000
524.0707	66.7700	-95.6000
528.0789	67.0300	-96.0000
532.1177	67.2900	-96.4000
536.1873	67.5500	-96.8000
540.2881	67.8100	-97.3000
544.4203	68.0600	-97.7000
548.5840	68.3100	-98.1000
552.7796	68.5600	-98.6000
557.0073	68.8100	-99.1000
561.2673	69.0500	-99.5000
565.5599	69.3000	-100.0000
569.8854	69.5400	-100.5000
574.2439	69.7800	-101.0000
578.6357	70.0100	-101.5000
583.0612	70.2400	-101.9000
587.5204	70.4800	-102.4000
592.0138	70.7000	-102.9000
596.5416	70.9300	-103.4000
601.1040	71.1600	-103.9000
605.7012	71.3800	-104.4000
610.3337	71.6000	-104.9000
615.0015	71.8100	-105.3000
619.7051	72.0300	-105.8000
624.4446	72.2400	-106.2000
629.2204	72.4500	-106.7000
634.0327	72.6600	-107.1000
638.8819	72.8700	-107.5000
643.7681	73.0800	-107.9000
648.6916	73.2800	-108.3000
653.6529	73.4900	-108.6000
658.6520	73.7000	-109.0000
663.6894	73.9000	-109.3000
668.7654	74.1100	-109.6000
673.8801	74.3100	-109.9000
679.0340	74.5200	-110.2000
684.2273	74.7300	-110.5000
689.4603	74.9500	-110.7000
694.7333	75.1600	-110.9000
700.0467	75.3800	-111.1000
705.4007	75.6000	-111.3000
710.7956	75.8200	-111.5000
716.2318	76.0500	-111.7000
721.7096	76.2900	-111.8000
727.2293	76.5200	-112.0000
732.7912	76.7700	-112.1000
738.3956	77.0100	-112.3000
744.0429	77.2700	-112.5000
749.7334	77.5300	-112.6000
755.4674	77.7900	-112.8000
761.2452	78.0600	-113.0000
767.0673	78.3400	-113.2000
772.9338	78.6200	-113.5000
778.8453	78.9100	-113.8000
784.8019	79.2000	-114.0000
790.8041	79.4900	-114.4000
796.8522	79.7900	-114.7000
802.9466	80.1000	-115.2000
809.0876	80.4100	-115.6000
815.2755	80.7200	-116.1000
821.5108	81.0300	-116.6000
827.7938	81.3500	-117.2000
834.1248	81.6700	-117.9000
840.5042	81.9800	-118.6000
846.9324	82.3000	-119.3000
853.4098	82.6300	-120.1000
859.9367	82.9500	-120.9000
866.5136	83.2700	-121.8000
873.1407	83.5900	-122.7000
879.8185	83.9000	-123.7000
886.5475	84.2200	-124.8000
893.3278	84.5300	-125.9000
900.1600	84.8500	-127.0000
907.0445	85.1600	-128.2000
913.9816	85.4700	-129.4000
920.9718	85.7700	-130.7000
928.0154	86.0700	-132.0000
935.1130	86.3700	-133.4000
942.2648	86.6600	-134.8000
949.4713	86.9500	-136.2000
956.7328	87.2400	-137.7000
964.0500	87.5200	-139.2000
971.4231	87.8000	-140.8000
978.8526	88.0700	-142.4000
986.3389	88.3400	-144.0000
993.8825	88.6000	-145.7000
1001.4838	88.8500	-147.4000
1009.1432	89.1000	-149.2000
1016.8611	89.3500	-151.0000
1024.6382	89.5900	-152.8000
1032.4746	89.8200	-154.7000
1040.3711	90.0500	-156.6000
1048.3279	90.2700	-158.5000
1056.3455	90.4800	-160.4000
1064.4245	90.6800	-162.4000
1072.5653	90.8800	-164.4000
1080.7683	91.0700	-166.4000
1089.0341	91.2500	-168.5000
1097.3631	91.4200	-170.6000
1105.7558	91.5800	-172.7000
1114.2127	91.7400	-174.8000
1122.7342	91.8800	-177.0000
1131.3210	92.0100	-179.1000
1139.9734	92.1300	178.7000
1148.6920	92.2500	176.5000
1157.4772	92.3500	174.3000
1166.3297	92.4400	172.2000
1175.2498	92.5100	170.0000
1184.2382	92.5800	167.8000
1193.2953	92.6400	165.6000
1202.4217	92.6800	163.5000
1211.6179	92.7100	161.4000
1220.8844	92.7300	159.3000
1230.2218	92.7400	157.2000
1239.6306	92.7300	155.2000
1249.1113	92.7100	153.2000
1258.6646	92.6900	151.3000
1268.2910	92.6500	149.5000
1277.9909	92.6000	147.7000
1287.7651	92.5500	146.0000
1297.6139	92.4800	144.4000
1307.5382	92.4100	142.9000
1317.5383	92.3400	141.4000
1327.6149	92.2600	140.0000
1337.7686	92.1800	138.8000
1347.9999	92.1000	137.6000
1358.3095	92.0200	136.5000
1368.6979	91.9400	135.4000
1379.1658	91.8600	134.5000
1389.7137	91.7900	133.6000
1400.3423	91.7200	132.8000
1411.0522	91.6600	132.0000
1421.8440	91.6100	131.3000
1432.7183	91.5700	130.6000
1443.6759	91.5300	130.0000
1454.7172	91.5000	129.3000
1465.8429	91.4700	128.7000
1477.0538	91.4500	128.0000
1488.3503	91.4300	127.4000
1499.7333	91.4200	126.7000
1511.2034	91.4000	126.0000
1522.7611	91.3800	125.3000
1534.4073	91.3700	124.6000
1546.1425	91.3500	123.9000
1557.9675	91.3300	123.2000
1569.8829	91.3100	122.6000
1581.8895	91.2900	121.9000
1593.9879	91.2600	121.2000
1606.1788	91.2400	120.6000
1618.4629	91.2100	120.0000
1630.8410	91.1900	119.4000
1643.3138	91.1700	118.9000
1655.8819	91.1500	118.3000
1668.5462	91.1300	117.8000
1681.3073	91.1100	117.3000
1694.1660	91.0900	116.7000
1707.1231	91.0800	116.2000
1720.1793	91.0700	115.7000
1733.3353	91.0500	115.1000
1746.5919	91.0400	114.5000
1759.9500	91.0200	113.9000
1773.4102	91.0000	113.4000
1786.9733	90.9800	112.8000
1800.6402	90.9500	112.2000
1814.4116	90.9200	111.6000
1828.2883	90.8800	111.1000
1842.2711	90.8400	110.5000
1856.3609	90.7900	110.0000
1870.5585	90.7400	109.6000
1884.8646	90.7000	109.1000
1899.2801	90.6500	108.7000
1913.8059	90.6000	108.4000
1928.4428	90.5600	108.1000
1943.1917	90.5100	107.8000
1958.0533	90.4800	107.5000
1973.0286	90.4400	107.2000
1988.1184	90.4100	107.0000
2003.3237	90.3900	106.7000
2018.6452	90.3600	106.4000
2034.0839	90.3400	106.1000
2049.6407	90.3100	105.8000
2065.3164	90.2800	105.4000
2081.1121	90.2500	105.1000
2097.0286	90.2200	104.7000
2113.0667	90.1800	104.4000
2129.2276	90.1300	104.0000
2145.5120	90.0800	103.7000
2161.9210	90.0300	103.4000
2178.4555	89.9700	103.1000
2195.1165	89.9100	102.8000
2211.9048	89.8400	102.6000
2228.8216	89.7700	102.4000
2245.8677	89.7000	102.3000
2263.0443	89.6300	102.2000
2280.3521	89.5600	102.2000
2297.7924	89.4900	102.2000
2315.3660	89.4200	102.3000
2333.0741	89.3600	102.4000
2350.9176	89.3000	102.6000
2368.8975	89.2600	102.8000
2387.0150	89.2200	103.0000
2405.2710	89.1900	103.2000
2423.6666	89.1700	103.3000
2442.2030	89.1400	103.4000
2460.8811	89.1200	103.4000
2479.7020	89.0800	103.4000
2498.6669	89.0400	103.3000
2517.7768	88.9700	103.3000
2537.0329	88.8900	103.3000
2556.4363	88.8000	103.4000
2575.9881	88.6900	103.7000
2595.6894	88.5800	104.2000
2615.5413	88.4800	104.9000
2635.5451	88.3900	105.8000
2655.7019	88.3300	106.8000
2676.0129	88.3000	108.0000
2696.4792	88.3200	109.2000
2717.1020	88.3700	110.3000
2737.8825	88.4400	111.2000
2758.8220	88.5400	112.1000
2779.9216	88.6500	112.7000
2801.1826	88.7500	113.3000
2822.6062	88.8500	113.7000
2844.1936	88.9500	114.1000
2865.9462	89.0600	114.4000
2887.8651	89.1700	114.8000
2909.9516	89.2900	115.1000
2932.2071	89.4300	115.3000
2954.6328	89.5900	115.3000
2977.2300	89.7600	115.2000
3000.0000	89.9300	114.7000
3022.9442	90.0800	113.9000
3046.0638	90.2000	112.9000
3069.3603	90.2700	111.6000
3092.8349	90.2900	110.3000
3116.4891	90.2400	108.9000
3140.3241	90.1400	107.7000
3164.3415	89.9700	106.8000
3188.5426	89.7800	106.2000
3212.9287	89.5600	106.1000
3237.5014	89.3500	106.4000
3262.2619	89.1700	107.1000
3287.2119	89.0400	108.1000
3312.3527	88.9700	109.3000
3337.6857	88.9600	110.4000
3363.2125	88.9900	111.3000
3388.9346	89.0500	112.0000
3414.8533	89.1200	112.4000
3440.9703	89.1800	112.5000
3467.2870	89.2100	112.5000
3493.8050	89.2200	112.4000
3520.5258	89.2000	112.4000
3547.4510	89.1500	112.4000
3574.5821	89.0900	112.5000
3601.9207	89.0200	112.8000
3629.4684	88.9500	113.3000
3657.2267	88.9000	113.9000
3685.1974	88.8700	114.6000
3713.3820	88.8600	115.3000
3741.7821	88.8600	115.9000
3770.3995	88.8700	116.6000
3799.2357	88.8800	117.2000
3828.2925	88.9000	117.7000
3857.5715	88.9200	118.3000
3887.0744	88.9500	118.9000
3916.8029	89.0000	119.6000
3946.7588	89.0600	120.1000
3976.9439	89.1500	120.5000
4007.3597	89.2400	120.7000
4038.0083	89.3200	120.6000
4068.8912	89.3800	120.4000
4100.0103	89.3900	120.0000
4131.3674	89.3700	119.7000
4162.9643	89.3000	119.5000
4194.8028	89.2100	119.6000
4226.8849	89.1100	119.9000
4259.2124	89.0200	120.4000
4291.7871	88.9300	121.1000
4324.6109	88.8600	122.0000
4357.6857	88.8200	123.0000
4391.0135	88.8000	124.2000
4424.5963	88.8300	125.6000
4458.4358	88.9200	126.9000
4492.5342	89.0700	128.0000
4526.8933	89.2700	128.7000
4561.5152	89.4900	128.8000
4596.4019	89.6700	128.4000
4631.5555	89.8000	127.7000
4666.9779	89.8500	126.7000
4702.6712	89.8300	126.0000
4738.6374	89.7700	125.5000
4774.8788	89.7100	125.3000
4811.3973	89.6900	125.2000
4848.1952	89.6900	125.0000
4885.2744	89.6800	124.5000
4922.6372	89.6300	123.6000
4960.2858	89.5000	122.6000
4998.2224	89.2800	121.8000
5036.4491	88.9900	121.5000
5074.9681	88.6900	121.8000
5113.7817	88.4100	122.8000
5152.8922	88.2100	124.0000
5192.3018	88.0600	125.3000
5232.0128	87.9300	126.3000
5272.0275	87.7900	127.3000
5312.3483	87.6100	128.3000
5352.9774	87.4100	129.8000
5393.9172	87.2300	131.8000
5435.1702	87.1400	134.2000
5476.7387	87.1400	136.7000
5518.6251	87.2300	138.9000
5560.8318	87.3600	140.7000
5603.3614	87.5100	142.0000
5646.2162	87.6400	143.0000
5689.3987	87.7500	144.0000
5732.9116	87.8700	144.8000
5776.7572	88.0000	145.6000
5820.9381	88.1500	146.1000
5865.4570	88.2800	146.2000
5910.3163	88.3800	145.9000
5955.5187	88.4100	145.5000
6001.0669	88.3800	145.1000
6046.9633	88.2800	145.0000
6093.2108	88.1500	145.2000
6139.8120	88.0100	145.8000
6186.7697	87.8900	146.7000
6234.0864	87.8000	147.9000
6281.7650	87.7600	149.2000
6329.8083	87.7900	150.5000
6378.2190	87.8600	151.4000
6427.0000	87.9300	151.9000
6476.1540	87.9600	152.0000
6525.6840	87.9100	152.0000
6575.5928	87.8100	152.3000
6625.8833	87.7100	153.0000
6676.5584	87.6400	153.7000
6727.6211	87.5800	154.4000
6779.0743	87.4900	154.9000
6830.9210	87.3300	155.5000
6883.1643	87.1400	156.7000
6935.8071	86.9900	158.5000
6988.8525	86.9400	160.6000
7042.3036	86.9800	162.4000
7096.1635	87.0500	163.7000
7150.4354	87.0800	164.8000
7205.1223	87.1000	166.0000
7260.2274	87.1300	167.3000
7315.7541	87.2000	168.5000
7371.7053	87.2800	169.4000
7428.0845	87.3400	170.0000
7484.8949	87.3400	170.6000
7542.1398	87.3200	171.4000
7599.8225	87.3400	172.5000
7657.9464	87.3900	173.5000
7716.5147	87.4800	174.3000
7775.5311	87.5600	174.8000
7834.9987	87.6400	175.0000
7894.9212	87.6900	174.8000
7955.3020	87.6900	174.4000
8016.1446	87.6000	173.7000
8077.4525	87.4100	173.2000
8139.2293	87.1300	173.2000
8201.4786	86.7900	173.8000
8264.2039	86.4500	175.3000
8327.4090	86.1400	177.5000
8391.0975	85.9300	-179.7000
8455.2730	85.8500	-176.5000
8519.9394	85.9100	-173.7000
8585.1004	86.0400	-171.5000
8650.7597	86.1700	-170.0000
8716.9211	86.2700	-168.9000
8783.5886	86.3300	-167.9000
8850.7660	86.3800	-167.1000
8918.4571	86.3800	-166.5000
8986.6660	86.3200	-165.8000
9055.3965	86.2300	-164.8000
9124.6526	86.1500	-163.4000
9194.4385	86.1100	-161.9000
9264.7580	86.0800	-160.5000
9335.6154	86.0700	-159.0000
9407.0147	86.1000	-157.4000
9478.9600	86.1700	-156.2000
9551.4556	86.2300	-155.4000
9624.5057	86.2400	-154.9000
9698.1144	86.1700	-154.4000
9772.2861	86.0800	-153.5000
9847.0251	85.9900	-152.4000
9922.3357	85.9100	-151.1000
9998.2222	85.8500	-149.8000
10074.6890	85.8100	-148.5000
10151.7410	85.7800	-147.3000
10229.3820	85.7300	-146.3000
10307.6170	85.6400	-145.3000
10386.4500	85.5300	-144.0000
10465.8860	85.4200	-142.5000
10545.9300	85.3300	-140.6000
10626.5860	85.3200	-138.6000
10707.8580	85.3900	-136.8000
10789.7530	85.4900	-135.5000
10872.2730	85.5900	-134.7000
10955.4250	85.6700	-134.3000
11039.2130	85.6900	-134.5000
11123.6410	85.5900	-134.9000
11208.7150	85.3500	-134.9000
11294.4400	85.0400	-134.1000
11380.8210	84.7300	-132.5000
11467.8620	84.4900	-130.2000
11555.5690	84.3500	-127.7000
11643.9460	84.2900	-125.4000
11733.0000	84.2600	-123.6000
11822.7340	84.1900	-122.3000
11913.1550	84.0300	-120.9000
12004.2680	83.8300	-119.1000
12096.0770	83.6400	-116.6000
12188.5890	83.5200	-113.8000
12281.8080	83.5000	-110.7000
12375.7390	83.5700	-108.0000
12470.3900	83.6900	-106.0000
12565.7640	83.7600	-104.7000
12661.8680	83.7400	-103.6000
12758.7060	83.5900	-102.3000
12856.2860	83.4000	-100.1000
12954.6110	83.2600	-97.2000
13053.6890	83.2300	-94.0000
13153.5240	83.3200	-90.7000
13254.1230	83.5000	-88.2000
13355.4910	83.6400	-86.1000
13457.6350	83.7300	-84.2000
13560.5590	83.8000	-82.0000
13664.2710	83.8800	-79.6000
13768.7760	84.0400	-77.0000
13874.0810	84.2500	-74.8000
13980.1900	84.4800	-72.9000
14087.1120	84.6900	-71.5000
14194.8510	84.8600	-70.2000
14303.4140	84.9900	-68.6000
14412.8070	85.1700	-66.7000
14523.0370	85.4600	-64.8000
14634.1100	85.8400	-63.3000
14746.0320	86.2600	-62.8000
14858.8110	86.6100	-63.2000
14972.4520	86.8200	-63.9000
15086.9620	86.8900	-64.1000
15202.3480	86.9400	-63.3000
15318.6160	87.1200	-61.6000
15435.7740	87.5100	-60.0000
15553.8270	88.0300	-59.4000
15672.7840	88.5500	-60.1000
15792.6500	88.9600	-61.4000
15913.4330	89.3200	-62.5000
16035.1400	89.7200	-63.4000
16157.7770	90.2600	-64.6000
16281.3530	90.8900	-67.1000
16405.8740	91.4800	-71.2000
16531.3470	91.9100	-76.2000
16657.7790	92.2300	-81.4000
16785.1790	92.5700	-86.7000
16913.5530	92.9400	-93.2000
17042.9090	93.2300	-101.6000
17173.2540	93.2000	-111.7000
17304.5960	92.7500	-122.0000
17436.9420	91.9300	-131.3000
17570.3010	90.9000	-139.0000
17704.6790	89.7600	-145.3000
17840.0860	88.5500	-150.2000
17976.5280	87.2800	-153.7000
18114.0130	86.0500	-155.5000
18252.5500	85.0000	-156.0000
18392.1470	84.2000	-156.4000
18532.8110	83.5000	-157.9000
18674.5510	82.7300	-160.3000
18817.3750	81.8100	-162.9000
18961.2910	80.7800	-164.9000
19106.3080	79.7600	-166.4000
19252.4340	78.7600	-168.0000
19399.6780	77.7000	-170.3000
19548.0470	76.4800	-172.6000
19697.5520	75.1700	-173.7000
19848.2000	74.1200	-173.3000
20000.0000	73.7200	-172.9000