300.0000	54.4400	-96.6000
302.5406	54.4100	-97.0000
305.1028	54.4200	-97.4000
307.6866	54.4500	-97.9000
310.2924	54.5000	-98.4000
312.9202	54.6500	-98.9000
315.5702	55.0600	-99.4000
318.2428	55.6500	-100.0000
320.9379	56.0700	-100.5000
323.6558	56.2900	-101.0000
326.3968	56.6200	-101.6000
329.1610	57.0000	-102.1000
331.9486	57.2800	-102.6000
334.7598	57.4700	-103.2000
337.5948	57.6100	-103.7000
340.4539	57.7700	-104.2000
343.3371	58.0400	-104.8000
346.2448	58.3000	-105.3000
349.1770	58.5400	-105.8000
352.1341	58.7800	-106.4000
355.1163	58.9400	-106.9000
358.1237	59.0500	-107.4000
361.1566	59.1700	-107.9000
364.2151	59.3300	-108.4000
367.2996	59.5000	-108.9000
370.4102	59.6500	-109.5000
373.5471	59.8300	-110.0000
376.7106	60.0300	-110.5000
379.9009	60.2700	-111.0000
383.1182	60.5500	-111.5000
386.3628	60.8300	-112.0000
389.6348	61.0400	-112.5000
392.9345	61.2500	-113.0000
396.2622	61.5000	-113.5000
399.6181	61.7800	-114.0000
403.0024	62.0600	-114.5000
406.4153	62.3300	-115.0000
409.8572	62.6300	-115.5000
413.3282	62.9500	-115.9000
416.8286	63.3000	-116.4000
420.3586	63.6700	-116.9000
423.9185	64.0200	-117.4000
427.5086	64.3400	-117.9000
431.1291	64.5700	-118.4000
434.7803	64.7500	-118.9000
438.4623	64.9100	-119.4000
442.1756	65.0500	-119.9000
445.9203	65.1900	-120.3000
449.6967	65.3500	-120.8000
453.5051	65.5200	-121.3000
457.3457	65.7200	-121.8000
461.2189	65.9100	-122.3000
465.1249	66.1100	-122.8000
469.0639	66.3100	-123.3000
473.0363	66.5300	-123.9000
477.0424	66.7300	-124.4000
481.0824	66.9400	-124.9000
485.1565	67.1500	-125.4000
489.2652	67.3500	-125.9000
493.4087	67.5600	-126.5000
497.5873	67.7700	-127.0000
501.8013	67.9900	-127.6000
506.0509	68.2100	-128.1000
510.3366	68.4300	-128.7000
514.6585	68.6600	-129.2000
519.0171	68.8900	-129.8000
523.4125	69.1100	-130.4000
527.8452	69.3400	-131.0000
532.3154	69.5700	-131.5000
536.8235	69.7900	-132.1000
541.3697	70.0200	-132.7000
545.9545	70.2500	-133.3000
550.5781	70.4800	-133.9000
555.2408	70.7000	-134.6000
559.9430	70.9300	-135.2000
564.6851	71.1500	-135.8000
569.4673	71.3800	-136.4000
574.2900	71.6000	-137.0000
579.1535	71.8300	-137.6000
584.0583	72.0500	-138.3000
589.0045	72.2700	-138.9000
593.9927	72.5000	-139.5000
599.0231	72.7200	-140.2000
604.0961	72.9400	-140.8000
609.2121	73.1600	-141.4000
614.3714	73.3900	-142.1000
619.5744	73.6100	-142.7000
624.8214	73.8300	-143.3000
630.1129	74.0600	-143.9000
635.4492	74.2800	-144.5000
640.8307	74.5100	-145.1000
646.2578	74.7300	-145.8000
651.7308	74.9600	-146.4000
657.2502	75.1900	-147.0000
662.8163	75.4200	-147.6000
668.4296	75.6600	-148.2000
674.0904	75.8900	-148.8000
679.7991	76.1300	-149.4000
685.5562	76.3700	-150.0000
691.3620	76.6100	-150.7000
697.2170	76.8600	-151.3000
703.1216	77.1100	-151.9000
709.0762	77.3600	-152.6000
715.0812	77.6100	-153.2000
721.1371	77.8700	-153.9000
727.2443	78.1300	-154.6000
733.4032	78.3900	-155.4000
739.6142	78.6600	-156.1000
745.8779	78.9200	-156.9000
752.1946	79.1900	-157.7000
758.5648	79.4700	-158.5000
764.9889	79.7400	-159.4000
771.4674	80.0200	-160.3000
778.0008	80.3000	-161.3000
784.5896	80.5700	-162.2000
791.2341	80.8500	-163.3000
797.9349	81.1300	-164.3000
804.6925	81.4100	-165.4000
811.5072	81.6900	-166.6000
818.3797	81.9700	-167.8000
825.3104	82.2500	-169.0000
832.2998	82.5200	-170.3000
839.3484	82.7900	-171.6000
846.4567	83.0600	-173.0000
853.6252	83.3300	-174.4000
860.8543	83.5900	-175.9000
868.1448	83.8500	-177.4000
875.4969	84.1000	-178.9000
882.9113	84.3500	179.5000
890.3885	84.5900	177.9000
897.9290	84.8300	176.3000
905.5334	85.0600	174.6000
913.2022	85.2900	172.9000
920.9359	85.5100	171.2000
928.7351	85.7300	169.4000
936.6004	85.9400	167.7000
944.5323	86.1400	165.9000
952.5314	86.3400	164.0000
960.5982	86.5300	162.2000
968.7333	86.7100	160.3000
976.9373	86.8900	158.5000
985.2108	87.0600	156.6000
993.5543	87.2200	154.7000
1001.9685	87.3800	152.8000
1010.4540	87.5300	150.8000
1019.0113	87.6700	148.9000
1027.6412	87.8100	147.0000
1036.3440	87.9400	145.1000
1045.1206	88.0600	143.1000
1053.9716	88.1800	141.2000
1062.8974	88.2900	139.2000
1071.8989	88.3900	137.3000
1080.9766	88.4900	135.3000
1090.1312	88.5800	133.4000
1099.3633	88.6600	131.4000
1108.6736	88.7400	129.5000
1118.0627	88.8000	127.5000
1127.5314	88.8600	125.5000
1137.0802	88.9100	123.6000
1146.7099	88.9600	121.6000
1156.4212	88.9900	119.7000
1166.2147	89.0100	117.8000
1176.0911	89.0300	115.9000
1186.0512	89.0400	114.0000
1196.0956	89.0300	112.2000
1206.2251	89.0200	110.4000
1216.4404	89.0000	108.6000
1226.7422	88.9700	106.9000
1237.1312	88.9300	105.2000
1247.6082	88.8800	103.6000
1258.1740	88.8200	102.0000
1268.8292	88.7600	100.5000
1279.5747	88.6900	99.1000
1290.4111	88.6200	97.8000
1301.3394	88.5400	96.6000
1312.3602	88.4700	95.5000
1323.4743	88.3900	94.4000
1334.6825	88.3200	93.5000
1345.9857	88.2600	92.6000
1357.3846	88.2000	91.8000
1368.8800	88.1600	91.1000
1380.4728	88.1200	90.4000
1392.1637	88.0900	89.7000
1403.9537	88.0800	89.1000
1415.8435	88.0800	88.5000
1427.8340	88.0800	87.8000
1439.9260	88.1000	87.2000
1452.1205	88.1200	86.5000
1464.4182	88.1500	85.7000
1476.8201	88.1900	84.9000
1489.3270	88.2200	84.0000
1501.9398	88.2500	83.1000
1514.6594	88.2800	82.1000
1527.4868	88.3100	81.1000
1540.4227	88.3300	80.1000
1553.4683	88.3400	79.0000
1566.6243	88.3500	77.9000
1579.8917	88.3500	76.8000
1593.2715	88.3400	75.7000
1606.7646	88.3300	74.7000
1620.3720	88.3100	73.6000
1634.0946	88.2800	72.6000
1647.9334	88.2600	71.6000
1661.8894	88.2300	70.6000
1675.9636	88.1900	69.7000
1690.1571	88.1600	68.8000
1704.4707	88.1200	67.9000
1718.9055	88.0900	67.0000
1733.4626	88.0500	66.1000
1748.1429	88.0100	65.2000
1762.9476	87.9700	64.4000
1777.8776	87.9300	63.6000
1792.9341	87.8900	62.7000
1808.1181	87.8400	61.9000
1823.4307	87.7900	61.2000
1838.8730	87.7400	60.4000
1854.4460	87.6900	59.7000
1870.1510	87.6400	59.0000
1885.9889	87.5900	58.3000
1901.9610	87.5400	57.7000
1918.0683	87.4900	57.0000
1934.3121	87.4500	56.4000
1950.6934	87.4100	55.9000
1967.2134	87.3700	55.3000
1983.8733	87.3300	54.7000
2000.6744	87.3000	54.1000
2017.6177	87.2600	53.5000
2034.7045	87.2300	52.9000
2051.9360	87.1900	52.3000
2069.3134	87.1600	51.6000
2086.8380	87.1200	51.0000
2104.5111	87.0700	50.3000
2122.3337	87.0300	49.7000
2140.3074	86.9800	49.0000
2158.4332	86.9300	48.4000
2176.7126	86.8700	47.7000
2195.1467	86.8100	47.1000
2213.7370	86.7400	46.5000
2232.4847	86.6700	46.0000
2251.3911	86.6000	45.4000
2270.4577	86.5100	44.9000
2289.6858	86.4300	44.5000
2309.0767	86.3400	44.1000
2328.6318	86.2600	43.8000
2348.3525	86.1800	43.5000
2368.2402	86.1000	43.3000
2388.2964	86.0400	43.1000
2408.5224	85.9800	43.0000
2428.9197	85.9300	42.8000
2449.4897	85.8800	42.5000
2470.2340	85.8300	42.3000
2491.1539	85.7700	42.0000
2512.2510	85.7000	41.6000
2533.5268	85.6200	41.3000
2554.9827	85.5100	41.2000
2576.6203	85.4000	41.1000
2598.4412	85.2900	41.3000
2620.4469	85.1800	41.6000
2642.6389	85.1000	42.1000
2665.0189	85.0500	42.8000
2687.5885	85.0300	43.5000
2710.3491	85.0500	44.1000
2733.3025	85.0900	44.6000
2756.4503	85.1500	45.0000
2779.7941	85.2100	45.2000
2803.3357	85.2700	45.3000
2827.0766	85.3200	45.4000
2851.0185	85.3700	45.5000
2875.1632	85.4200	45.7000
2899.5124	85.5000	45.9000
2924.0678	85.6100	46.1000
2948.8312	85.7500	46.3000
2973.8042	85.9300	46.1000
2998.9888	86.1300	45.6000
3024.3866	86.3200	44.7000
3049.9996	86.4800	43.3000
3075.8294	86.5900	41.6000
3101.8780	86.6400	39.8000
3128.1472	86.6100	37.8000
3154.6388	86.5000	36.0000
3181.3548	86.3200	34.5000
3208.2971	86.1100	33.4000
3235.4675	85.8700	32.8000
3262.8681	85.6300	32.7000
3290.5007	85.4400	33.0000
3318.3673	85.2900	33.5000
3346.4699	85.2100	34.2000
3374.8104	85.1700	34.8000
3403.3910	85.1700	35.3000
3432.2137	85.1900	35.6000
3461.2804	85.2100	35.7000
3490.5933	85.2200	35.6000
3520.1545	85.2100	35.5000
3549.9660	85.2000	35.5000
3580.0299	85.1700	35.5000
3610.3485	85.1500	35.6000
3640.9238	85.1300	35.8000
3671.7581	85.1300	36.0000
3702.8535	85.1400	36.2000
3734.2122	85.1700	36.4000
3765.8365	85.2100	36.6000
3797.7286	85.2600	36.7000
3829.8908	85.3200	36.8000
3862.3254	85.3800	36.8000
3895.0347	85.4600	36.8000
3928.0210	85.5700	36.8000
3961.2866	85.7000	36.6000
3994.8339	85.8400	36.0000
4028.6654	85.9700	35.2000
4062.7834	86.0700	34.0000
4097.1903	86.1200	32.6000
4131.8886	86.1100	31.2000
4166.8807	86.0400	29.9000
4202.1692	85.9300	28.9000
4237.7565	85.8100	28.2000
4273.6453	85.6900	27.7000
4309.8379	85.5900	27.5000
4346.3371	85.5000	27.5000
4383.1453	85.4300	27.6000
4420.2653	85.3800	27.8000
4457.6997	85.3800	28.1000
4495.4511	85.4400	28.3000
4533.5221	85.5300	28.2000
4571.9156	85.6400	27.7000
4610.6343	85.7200	26.8000
4649.6808	85.7400	25.6000
4689.0581	85.7000	24.5000
4728.7688	85.6300	23.5000
4768.8158	85.5600	22.9000
4809.2019	85.5200	22.3000
4849.9301	85.5200	21.5000
4891.0032	85.5000	20.4000
4932.4241	85.4300	18.8000
4974.1959	85.2600	17.2000
5016.3214	85.0000	16.0000
5058.8036	84.6900	15.4000
5101.6456	84.4000	15.4000
5144.8504	84.1800	15.9000
5188.4211	84.0200	16.3000
5232.3608	83.8800	16.5000
5276.6727	83.7100	16.5000
5321.3598	83.4900	16.8000
5366.4253	83.2600	17.6000
5411.8725	83.0700	19.0000
5457.7046	82.9800	20.8000
5503.9248	83.0100	22.5000
5550.5364	83.1100	23.7000
5597.5428	83.2300	24.4000
5644.9473	83.3400	24.9000
5692.7533	83.4300	25.2000
5740.9641	83.5500	25.6000
5789.5831	83.7100	25.8000
5838.6140	83.9000	25.5000
5888.0600	84.0900	24.6000
5937.9249	84.2100	23.2000
5988.2120	84.2400	21.5000
6038.9249	84.1700	19.9000
6090.0674	84.0300	18.6000
6141.6430	83.8600	17.8000
6193.6553	83.6900	17.3000
6246.1082	83.5400	17.3000
6299.0052	83.4400	17.5000
6352.3503	83.3900	17.7000
6406.1470	83.4000	17.6000
6460.3994	83.3900	17.1000
6515.1113	83.3300	16.4000
6570.2865	83.2300	15.8000
6625.9289	83.1200	15.5000
6682.0426	83.0300	15.2000
6738.6315	82.9400	14.8000
6795.6996	82.8000	14.2000
6853.2511	82.6000	13.9000
6911.2899	82.4000	14.3000
6969.8202	82.2800	15.2000
7028.8463	82.2600	16.0000
7088.3722	82.2900	16.2000
7148.4022	82.2800	16.1000
7208.9406	82.2300	16.0000
7269.9917	82.2100	16.1000
7331.5598	82.2200	16.1000
7393.6493	82.2500	15.8000
7456.2647	82.2200	15.2000
7519.4103	82.1500	14.8000
7583.0907	82.1000	14.8000
7647.3104	82.1000	14.7000
7712.0739	82.1400	14.3000
7777.3860	82.1800	13.5000
7843.2511	82.1900	12.3000
7909.6741	82.1600	10.8000
7976.6595	82.0500	8.9000
8044.2123	81.8400	7.0000
8112.3371	81.5000	5.4000
8181.0389	81.0700	4.5000
8250.3225	80.6200	4.5000
8320.1928	80.2100	5.4000
8390.6549	79.8900	7.0000
8461.7137	79.7100	9.0000
8533.3743	79.6900	10.7000
8605.6417	79.7600	11.6000
8678.5212	79.8200	11.8000
8752.0179	79.8300	11.4000
8826.1370	79.7900	10.8000
8900.8838	79.6800	9.9000
8976.2636	79.4800	9.1000
9052.2818	79.2100	8.7000
9128.9438	78.9300	8.7000
9206.2550	78.6700	9.0000
9284.2209	78.4000	9.5000
9362.8472	78.1300	10.3000
9442.1393	77.9200	11.3000
9522.1029	77.7500	12.1000
9602.7437	77.5500	12.7000
9684.0674	77.2900	13.5000
9766.0798	77.0200	14.8000
9848.7868	76.8200	16.6000
9932.1943	76.6800	18.5000
10016.3080	76.6200	20.4000
10101.1340	76.6000	22.1000
10186.6790	76.6000	23.5000
10272.9480	76.5800	24.9000
10359.9470	76.5800	26.4000
10447.6840	76.5900	27.9000
10536.1630	76.6400	29.7000
10625.3920	76.7900	31.4000
10715.3760	77.0400	32.4000
10806.1220	77.3100	32.6000
10897.6370	77.5400	32.0000
10989.9270	77.7000	30.7000
11082.9990	77.7200	29.0000
11176.8580	77.5700	27.7000
11271.5130	77.3400	27.4000
11366.9690	77.1400	28.1000
11463.2340	77.0800	29.5000
11560.3140	77.1600	30.9000
11658.2160	77.3500	31.6000
11756.9470	77.5600	31.4000
11856.5140	77.7000	30.4000
11956.9250	77.7300	29.2000
12058.1850	77.6700	28.2000
12160.3040	77.5900	27.8000
12263.2870	77.5500	27.7000
12367.1420	77.5800	27.6000
12471.8770	77.6700	27.1000
12577.4990	77.7400	25.9000
12684.0150	77.7200	24.4000
12791.4340	77.6000	23.0000
12899.7620	77.4600	22.0000
13009.0070	77.3500	21.3000
13119.1780	77.2900	20.3000
13230.2820	77.2100	18.7000
13342.3260	77.0200	16.9000
13455.3200	76.7100	15.6000
13569.2700	76.3900	15.2000
13684.1860	76.1900	15.5000
13800.0750	76.1300	15.4000
13916.9450	76.1100	14.4000
14034.8040	76.0300	12.7000
14153.6620	75.8200	10.6000
14273.5270	75.5000	8.9000
14394.4070	75.1700	7.9000
14516.3100	74.9000	7.2000
14639.2460	74.6800	6.1000
14763.2230	74.4400	4.4000
14888.2500	74.0900	2.3000
15014.3350	73.6000	0.5000
15141.4890	73.0900	-0.3000
15269.7190	72.6700	-0.7000
15399.0350	72.3200	-1.6000
15529.4460	71.9400	-3.2000
15660.9620	71.4100	-5.4000
15793.5920	70.7200	-7.3000
15927.3450	69.9500	-8.3000
16062.2300	69.2000	-8.7000
16198.2580	68.4300	-9.1000
16335.4380	67.5400	-9.5000
16473.7790	66.4300	-8.8000
16613.2930	65.2200	-5.7000
16753.9870	64.1800	-0.1000
16895.8730	63.4800	6.5000
17038.9610	63.0800	13.0000
17183.2610	62.8500	18.7000
17328.7820	62.6800	23.8000
17475.5370	62.5900	28.7000
17623.5330	62.6300	32.8000
17772.7840	62.6600	35.2000
17923.2980	62.5200	36.7000
18075.0870	62.2200	38.8000
18228.1610	62.0200	41.9000
18382.5320	61.9800	44.4000
18538.2100	61.8500	46.1000
18695.2060	61.5100	48.4000
18853.5320	61.1400	52.4000
19013.1990	60.9800	57.6000
19174.2180	61.0700	62.4000
19336.6010	61.2700	66.1000
19500.3580	61.4500	69.0000
19665.5030	61.5900	71.8000
19832.0460	61.7100	74.3000
20000.0000	61.7800	75.4000