499.4710	61.3900	-121.6000
507.8423	61.7200	-121.9000
516.3539	62.1400	-122.3000
525.0081	62.5700	-122.9000
533.8074	63.0200	-123.4000
542.7541	63.4500	-123.9000
551.8508	63.8800	-124.3000
561.0999	64.3100	-124.8000
570.5041	64.7200	-125.3000
580.0659	65.1300	-125.7000
589.7879	65.5300	-126.2000
599.6729	65.9300	-126.6000
609.7236	66.3200	-126.9000
619.9427	66.7100	-127.3000
630.3331	67.1000	-127.6000
640.8976	67.4900	-127.8000
651.6392	67.8900	-128.0000
662.5609	68.2800	-128.3000
673.6656	68.6700	-128.5000
684.9564	69.0800	-128.7000
696.4364	69.4900	-128.9000
708.1088	69.9100	-129.1000
719.9769	70.3200	-129.5000
732.0439	70.7500	-129.8000
744.3131	71.1700	-130.2000
756.7880	71.6000	-130.7000
769.4720	72.0300	-131.1000
782.3685	72.4400	-131.7000
795.4812	72.8600	-132.3000
808.8137	73.2700	-133.0000
822.3696	73.6600	-133.7000
836.1527	74.0500	-134.3000
850.1668	74.4300	-135.0000
864.4158	74.7900	-135.6000
878.9036	75.1600	-136.1000
893.6343	75.5200	-136.6000
908.6118	75.8900	-137.0000
923.8404	76.2600	-137.2000
939.3242	76.6400	-137.4000
955.0675	77.0500	-137.5000
971.0746	77.4800	-137.6000
987.3501	77.9300	-137.6000
1003.8983	78.4000	-137.7000
1020.7239	78.9100	-138.0000
1037.8315	79.4300	-138.4000
1055.2258	79.9700	-138.8000
1072.9116	80.5100	-139.5000
1090.8939	81.0700	-140.3000
1109.1775	81.6200	-141.2000
1127.7676	82.1600	-142.2000
1146.6693	82.7100	-143.3000
1165.8877	83.2600	-144.6000
1185.4283	83.8000	-145.8000
1205.2964	84.3600	-147.2000
1225.4974	84.9200	-148.7000
1246.0371	85.4800	-150.3000
1266.9209	86.0500	-152.1000
1288.1549	86.6300	-154.0000
1309.7446	87.2000	-156.3000
1331.6963	87.7600	-158.8000
1354.0158	88.2900	-161.5000
1376.7095	88.8000	-164.4000
1399.7835	89.2900	-167.5000
1423.2442	89.7200	-170.9000
1447.0981	90.1200	-174.3000
1471.3518	90.4700	-177.8000
1496.0120	90.7800	176.4000
1521.0856	91.0500	175.2000
1546.5793	91.2900	171.7000
1572.5004	91.5000	168.2000
1598.8559	91.6800	164.5000
1625.6531	91.8100	161.0000
1652.8994	91.9000	157.5000
1680.6024	91.9700	153.9000
1708.7697	91.9700	150.4000
1737.4091	91.9300	147.0000
1766.5285	91.8300	143.6000
1796.1360	91.6600	140.5000
1826.2397	91.4400	137.7000
1856.8479	91.1700	135.2000
1887.9691	90.8700	133.3000
1919.6120	90.5400	131.9000
1951.7851	90.2100	131.2000
1984.4975	89.9300	131.0000
2017.7582	89.6900	131.2000
2051.5763	89.5200	131.6000
2085.9612	89.4100	132.1000
2120.9224	89.3200	132.5000
2156.4696	89.2400	132.8000
2192.6126	89.1600	133.3000
2229.3613	89.0900	133.9000
2266.7259	89.0200	134.6000
2304.7168	88.9800	135.5000
2343.3444	88.9600	136.7000
2382.6195	88.9900	137.9000
2422.5528	89.0300	139.1000
2463.1553	89.1400	140.5000
2504.4384	89.3500	142.3000
2546.4134	89.3100	143.5000
2589.0919	89.2100	144.8000
2632.4858	89.1900	146.6000
2676.6069	89.2800	148.6000
2721.4674	89.4900	150.1000
2767.0799	89.7400	150.8000
2813.4568	89.9700	150.9000
2860.6111	90.1200	150.6000
2908.5556	90.1900	150.3000
2957.3037	90.2400	150.2000
3006.8689	90.3000	150.1000
3057.2647	90.3600	149.9000
3108.5052	90.3600	149.4000
3160.6045	90.2700	149.0000
3213.5770	90.0900	149.0000
3267.4374	89.8900	150.0000
3322.2004	89.7800	151.8000
3377.8813	89.8100	153.5000
3434.4954	89.9100	154.5000
3492.0584	89.9300	154.7000
3550.5862	89.7700	154.9000
3610.0949	89.4800	156.3000
3670.6009	89.2500	159.5000
3732.1211	89.3000	163.6000
3794.6724	89.6100	166.9000
3858.2720	89.9800	168.5000
3922.9376	90.2600	169.3000
3988.6870	90.4300	170.0000
4055.5384	90.6100	170.7000
4123.5102	90.7800	170.9000
4192.6212	90.8100	170.5000
4262.8906	90.6300	170.7000
4334.3377	90.4000	173.0000
4406.9822	90.4600	176.7000
4480.8443	90.8600	179.4000
4555.9444	91.3200	179.8000
4632.3031	91.5600	178.7000
4709.9417	91.5600	177.8000
4788.8814	91.4600	177.7000
4869.1443	91.3200	178.0000
4950.7523	91.1500	178.7000
5033.7281	90.9300	-48.1000
5118.0947	90.7600	-177.8000
5203.8752	90.6900	-175.5000
5291.0934	90.6400	-173.7000
5379.7734	90.4700	-171.7000
5469.9397	90.2700	-168.0000
5561.6173	90.4000	-163.3000
5654.8313	90.8300	-160.1000
5749.6077	91.2100	-159.0000
5845.9725	91.4400	-158.2000
5943.9525	91.6900	-157.7000
6043.5746	91.8000	-158.6000
6144.8664	91.5700	-159.1000
6247.8558	91.2200	-157.6000
6352.5714	91.0500	-154.9000
6459.0421	90.9600	-152.2000
6567.2972	90.9500	-149.2000
6677.3667	91.0800	-146.8000
6789.2810	91.1600	-145.5000
6903.0710	91.0500	-143.8000
7018.7682	90.9700	-141.1000
7136.4045	90.9900	-138.5000
7256.0123	91.0000	-135.7000
7377.6249	91.0900	-132.8000
7501.2757	91.2300	-130.3000
7626.9989	91.3800	-128.1000
7754.8293	91.5900	-126.3000
7884.8021	91.7800	-125.5000
8016.9533	91.8300	-125.3000
8151.3194	91.7700	-124.9000
8287.9375	91.6000	-124.4000
8426.8454	91.3400	-123.1000
8568.0814	91.0600	-121.0000
8711.6845	90.8300	-117.8000
8857.6945	90.8500	-114.4000
9006.1516	91.0300	-112.4000
9157.0969	91.1600	-112.2000
9310.5721	91.0200	-113.2000
9466.6196	90.5800	-113.4000
9625.2825	90.0600	-112.3000
9786.6046	89.5300	-110.3000
9950.6305	89.0600	-107.8000
10117.4050	88.6400	-105.3000
10286.9760	88.2000	-103.0000
10459.3880	87.6400	-100.6000
10634.6900	87.0900	-97.1000
10812.9300	86.7000	-93.7000
10994.1570	86.3300	-91.3000
11178.4220	85.7800	-89.7000
11365.7750	84.9800	-87.2000
11556.2680	84.1300	-82.8000
11749.9540	83.4500	-76.8000
11946.8860	83.1400	-71.3000
12147.1190	82.8800	-68.5000
12350.7080	82.3100	-67.4000
12557.7080	81.3400	-66.1000
12768.1790	80.1100	-62.7000
12982.1770	78.9800	-57.0000
13199.7610	78.0300	-51.9000
13420.9920	76.7600	-47.8000
13645.9310	75.1400	-42.0000
13874.6410	73.3500	-33.5000
14107.1830	71.5600	-21.4000
14343.6230	70.4400	-7.3000
14584.0250	69.4800	5.4000
14828.4570	68.5700	19.5000
15076.9860	68.3500	33.1000
15329.6800	68.0500	43.3000
15586.6090	67.7800	50.4000
15847.8440	67.0600	53.4000
16113.4580	65.3100	55.2000
16383.5240	62.2800	51.9000
16658.1150	58.0100	43.8000
16937.3100	56.3200	13.3000
17221.1830	58.6700	-66.7000
17509.8140	61.6700	-100.7000
17803.2830	64.4000	-105.7000
18101.6700	66.5000	-106.1000
18405.0590	67.9400	-100.0000
18713.5320	69.3600	-92.9000
19027.1760	70.5800	-86.9000
19346.0760	71.3000	-81.8000
19670.3210	71.9200	-75.7000
20000.0000	72.2700	-73.7000