99.61168	62.9	-147
101.2812	63.34	-149.9
102.9787	63.75	-152.7
104.70465	64.17	-155.2
106.45952	64.58	-157.6
108.24381	64.98	-159.9
110.058	65.38	-161.9
111.9026	65.79	-164
113.77812	66.19	-166.1
115.68507	66.59	-168.4
117.62398	66.97	-170.7
119.59538	67.32	-173.2
121.59983	67.64	-175.7
123.63787	67.94	-178.5
125.71007	68.22	-12.8
127.81701	68.48	177
129.95925	68.72	174.3
132.1374	68.93	171.9
134.35205	69.12	169.5
136.60383	69.31	167.2
138.89334	69.47	165.1
141.22123	69.63	163.1
143.58813	69.78	161.1
145.9947	69.92	159.3
148.44161	70.05	157.6
150.92953	70.17	156
153.45914	70.3	154.5
156.03116	70.43	153.2
158.64628	70.58	152
161.30523	70.72	150.9
164.00874	70.88	149.8
166.75757	71.04	148.7
169.55247	71.2	147.6
172.39421	71.36	146.4
175.28358	71.52	145.3
178.22137	71.67	144.2
181.2084	71.8	143.1
184.2455	71.92	142.1
187.3335	72.03	141.1
190.47326	72.12	140.3
193.66564	72.2	139.8
196.91152	72.27	139.6
200.2118	72.35	139.8
203.5674	72.46	140.6
206.97924	72.61	141.9
210.44827	72.8	143.7
213.97543	73.06	145.9
217.56171	73.37	148.3
221.2081	73.71	150.6
224.9156	74.11	152.8
228.68524	74.52	155
232.51806	74.96	157.1
236.41512	75.41	159.1
240.3775	75.9	160.8
244.40628	76.39	162
248.50259	76.88	162.6
252.66756	77.36	162.6
256.90233	77.81	162.2
261.20807	78.24	161.4
265.58598	78.64	160.3
270.03727	79.01	158.9
274.56316	79.36	157.3
279.16491	79.67	155.5
283.84378	79.96	153.5
288.60107	80.2	151.4
293.43809	80.41	149.3
298.35619	80.59	147.2
303.35671	80.73	145.2
308.44104	80.84	143.4
313.61059	80.93	141.7
318.86678	81.01	140.3
324.21107	81.07	139.2
329.64492	81.14	138.5
335.16985	81.24	138.3
340.78738	81.37	138.6
346.49906	81.54	139.2
352.30647	81.77	139.8
358.21121	82.05	140.4
364.21492	82.35	140.8
370.31925	82.67	140.8
376.5259	82.99	140.6
382.83656	83.31	140.2
389.253	83.61	139.6
395.77697	83.91	139.1
402.41029	84.19	138.4
409.15479	84.47	137.8
416.01232	84.76	137.3
422.98479	85.07	136.8
430.07412	85.37	136.2
437.28226	85.69	135.3
444.61122	86	134.3
452.06302	86.29	133.2
459.6397	86.56	131.8
467.34338	86.81	130.5
475.17617	87.03	129.1
483.14023	87.23	127.8
491.23778	87.41	126.7
499.47105	87.61	125.9
507.84231	87.81	125.2
516.35387	88.05	124.8
525.00808	88.31	124.3
533.80735	88.59	123.8
542.75409	88.89	123.2
551.85078	89.2	122.4
561.09994	89.51	121.4
570.50411	89.8	120
580.0659	90.08	118.5
589.78794	90.31	116.9
599.67293	90.5	115
609.7236	90.6	112.9
619.94272	90.63	110.9
630.33311	90.61	109.1
640.89765	90.57	107.7
651.63925	90.53	106.8
662.56088	90.54	106.5
673.66556	90.71	106.6
684.95636	91.01	106.2
696.4364	91.38	103.8
708.10884	91.72	101
719.97692	92.06	97.6
732.04391	92.39	93.5
744.31315	92.59	88.7
756.78802	92.58	83.9
769.47197	92.44	80
782.36851	92.25	76.9
795.4812	92.1	74.3
808.81366	91.94	71.7
822.36957	91.65	69.3
836.15269	91.25	68.7
850.16681	91.06	71
864.41582	91.31	73.9
878.90364	91.94	74.8
893.63428	92.55	73.1
908.61181	93	70
923.84036	93.3	66.2
939.32415	93.41	61.7
955.06746	93.31	57.5
971.07462	93.04	54.2
987.35007	92.68	52.1
1003.8983	92.37	51.3
1020.7239	92.16	51
1037.8315	92.03	50.9
1055.2258	91.96	51.1
1072.9116	91.97	51
1090.8939	91.96	50.8
1109.1775	91.95	51.2
1127.7676	92.13	52
1146.6693	92.5	51.9
1165.8877	92.84	50.2
1185.4283	93.05	47.7
1205.2964	93.12	45
1225.4974	93.08	42.8
1246.0371	93.04	40.9
1266.9209	92.94	39.1
1288.1549	92.85	38
1309.7446	92.85	36.6
1331.6963	92.76	34.8
1354.0158	92.53	33.4
1376.7095	92.27	33.4
1399.7835	92.21	34.5
1423.2442	92.36	35
1447.0981	92.59	34.6
1471.3518	92.84	33
1496.012	92.95	30.5
1521.0856	92.88	28.1
1546.5793	92.7	26.3
1572.5004	92.55	25.5
1598.8559	92.5	24.7
1625.6531	92.47	23.6
1652.8994	92.41	22.1
1680.6024	92.27	20.7
1708.7697	92.08	19.7
1737.4091	91.91	19.1
1766.5285	91.75	18.5
1796.136	91.6	18.3
1826.2397	91.5	18
1856.8479	91.41	17.6
1887.9691	91.27	17
1919.612	91.07	16.7
1951.7851	90.87	16.9
1984.4975	90.67	17.5
2017.7582	90.54	18.6
2051.5763	90.48	19.8
2085.9612	90.46	21.2
2120.9224	90.56	22.5
2156.4696	90.71	23.2
2192.6126	90.82	23.8
2229.3613	90.97	24.7
2266.7259	91.23	25.2
2304.7168	91.51	24.9
2343.3444	91.69	24.2
2382.6195	91.84	23.9
2422.5528	92.09	23.8
2463.1553	92.42	23.1
2504.4384	92.76	21.2
2546.4134	92.95	18.3
2589.0919	92.93	15.5
2632.4858	92.82	13.5
2676.6069	92.74	12.3
2721.4674	92.73	11.1
2767.0799	92.73	9.7
2813.4568	92.68	7.9
2860.6111	92.53	6.1
2908.5556	92.31	5.2
2957.3037	92.15	5
3006.8689	92.11	5
3057.2647	92.18	4.3
3108.5052	92.22	2.2
3160.6045	91.98	-0.6
3213.577	91.38	-1.7
3267.4374	90.74	0.6
3322.2004	90.58	5.3
3377.8813	90.99	9
3434.4954	91.58	9.4
3492.0584	91.94	7.8
3550.5862	92.1	6
3610.0949	92.18	4.4
3670.6009	92.26	3
3732.1211	92.31	1.2
3794.6724	92.2	-0.8
3858.272	91.95	-1.5
3922.9376	91.82	-0.5
3988.687	92.01	0.6
4055.5384	92.37	-0.2
4123.5102	92.59	-2.8
4192.6212	92.53	-5.6
4262.8906	92.33	-7.4
4334.3377	92.15	-8.5
4406.9822	91.96	-9.2
4480.8443	91.81	-9.1
4555.9444	91.81	-9
4632.3031	91.86	-9.8
4709.9417	91.75	-10.6
4788.8814	91.65	-10
4869.1443	91.85	-9.3
4950.7523	92.16	-10.6
5033.7281	92.21	-13.1
5118.0947	92.15	-14.2
5203.8752	92.34	-15.4
5291.0934	92.46	-19.1
5379.7734	92.14	-23.2
5469.9397	91.57	-24.6
5561.6173	91.21	-24.7
5654.8313	90.86	-25.1
5749.6077	90.39	-23.9
5845.9725	90.23	-20.6
5943.9525	90.5	-18.5
6043.5746	90.77	-18.2
6144.8664	91.02	-18.2
6247.8558	91.33	-18.9
6352.5714	91.61	-20.5
6459.0421	91.85	-23
6567.2972	91.9	-26.3
6677.3667	91.79	-28.9
6789.281	91.67	-31.1
6903.071	91.44	-33.1
7018.7682	91.17	-33.9
7136.4045	91.05	-33.9
7256.0123	91.08	-33.9
7377.6249	91.29	-34.5
7501.2757	91.47	-36.9
7626.9989	91.48	-39.7
7754.8293	91.47	-42.3
7884.8021	91.37	-45.5
8016.9533	91.09	-48.7
8151.3194	90.6	-50.8
8287.9375	90.02	-50.2
8426.8454	89.87	-47.7
8568.0814	90.15	-46.4
8711.6845	90.59	-47.2
8857.6945	91.05	-50
9006.1516	91.34	-55.6
9157.0969	91.16	-62.1
9310.5721	90.55	-67.3
9466.6196	89.7	-69.2
9625.2825	89.1	-68.5
9786.6046	88.86	-67
9950.6305	89.14	-66.9
10117.405	89.37	-70.9
10286.976	89.19	-76.8
10459.388	88.49	-81.4
10634.69	87.61	-83
10812.93	86.81	-81
10994.157	86.69	-77.3
11178.422	87.22	-77.4
11365.775	87.47	-82.2
11556.268	87.25	-88
11749.954	86.61	-92
11946.886	85.89	-93.9
12147.119	85.38	-93
12350.708	85.38	-92.8
12557.708	85.66	-95.6
12768.179	85.72	-101.9
12982.177	85.28	-109.9
13199.761	84.38	-116.2
13420.992	83.53	-120.4
13645.931	82.71	-125.3
13874.641	82.04	-132.2
14107.183	81.09	-144.3
14343.623	79.3	-159.2
14584.025	76.81	-78.3
14828.457	73.83	160.9
15076.986	71.47	121.8
15329.68	71.73	72.1
15586.609	73.86	33.5
15847.844	75.72	9.4
16113.458	77.36	-3.3
16383.524	79.09	-12.8
16658.115	80.22	-25.1
16937.31	80.23	-35.8
17221.183	79.87	-40.3
17509.814	80.04	-40.8
17803.283	80.7	-44.4
18101.67	80.78	-51.3
18405.059	80.24	-54.6
18713.532	80.19	-53.2
19027.176	80.73	-55.2
19346.076	80.77	-61.6
19670.321	80.02	-66
20000	79.47	-65.6
