298.3562	49.5900	-88.5000
303.3567	49.7600	-94.9000
308.4410	49.7600	-99.8000
313.6106	49.7700	-103.0000
318.8668	49.8700	-105.6000
324.2111	49.9500	-108.4000
329.6449	49.8600	-111.2000
335.1698	49.5500	-113.0000
340.7874	49.1900	-112.4000
346.4991	49.0000	-110.1000
352.3065	48.9600	-107.3000
358.2112	48.9800	-103.2000
364.2149	49.3900	-97.7000
370.3193	50.3000	-93.2000
376.5259	51.4200	-91.5000
382.8366	52.4000	-92.1000
389.2530	53.0600	-94.8000
395.7770	53.4700	-97.3000
402.4103	53.7200	-99.1000
409.1548	53.8600	-99.8000
416.0123	53.9600	-99.2000
422.9848	54.1900	-96.7000
430.0741	54.8000	-93.2000
437.2823	55.8000	-90.9000
444.6112	56.8700	-91.2000
452.0630	57.7900	-93.6000
459.6397	58.5200	-97.2000
467.3434	59.0200	-101.6000
475.1762	59.2300	-106.1000
483.1402	59.2200	-109.8000
491.2378	59.0000	-111.5000
499.4710	58.7700	-111.5000
507.8423	58.6900	-109.6000
516.3539	58.7700	-106.6000
525.0081	59.1500	-103.2000
533.8074	59.7800	-100.1000
542.7541	60.5500	-98.2000
551.8508	61.3700	-97.2000
561.0999	62.2300	-97.2000
570.5041	63.0900	-98.1000
580.0659	63.8200	-100.5000
589.7879	64.3200	-103.6000
599.6729	64.6000	-106.1000
609.7236	64.8000	-107.2000
619.9427	65.0800	-107.1000
630.3331	65.5200	-106.8000
640.8976	66.0300	-106.9000
651.6392	66.4900	-107.4000
662.5609	66.9000	-107.6000
673.6656	67.3600	-107.2000
684.9564	67.9500	-106.3000
696.4364	68.7000	-106.1000
708.1088	69.5000	-106.6000
719.9769	70.2600	-108.2000
732.0439	70.9500	-110.5000
744.3131	71.5600	-113.2000
756.7880	72.0300	-116.4000
769.4720	72.3400	-119.3000
782.3685	72.5600	-121.7000
795.4812	72.7100	-123.5000
808.8137	72.7800	-124.3000
822.3696	72.8500	-123.6000
836.1527	73.1000	-121.3000
850.1668	73.7000	-118.5000
864.4158	74.5600	-116.7000
878.9036	75.4900	-116.4000
893.6343	76.4200	-117.0000
908.6118	77.3800	-118.7000
923.8404	78.2400	-122.0000
939.3242	78.8400	-126.4000
955.0675	79.1400	-130.5000
971.0746	79.2800	-133.1000
987.3501	79.4600	-133.6000
1003.8983	79.8500	-133.3000
1020.7239	80.4900	-133.2000
1037.8315	81.1900	-134.3000
1055.2258	81.7600	-136.6000
1072.9116	82.1600	-138.6000
1090.8939	82.5300	-139.7000
1109.1775	82.9800	-139.9000
1127.7676	83.5800	-139.8000
1146.6693	84.3100	-140.0000
1165.8877	85.1000	-140.8000
1185.4283	85.9300	-142.2000
1205.2964	86.7500	-144.2000
1225.4974	87.5400	-146.7000
1246.0371	88.3100	-149.2000
1266.9209	89.1200	-152.1000
1288.1549	89.9300	-155.4000
1309.7446	90.7400	-159.2000
1331.6963	91.5300	-163.7000
1354.0158	92.2200	-169.0000
1376.7095	92.7300	-175.3000
1399.7835	93.1400	143.5000
1423.2442	93.5900	176.2000
1447.0981	94.1300	171.8000
1471.3518	94.6900	166.8000
1496.0120	95.2100	161.1000
1521.0856	95.6300	154.9000
1546.5793	95.9400	148.5000
1572.5004	96.1700	142.3000
1598.8559	96.3500	136.1000
1625.6531	96.4800	129.7000
1652.8994	96.4900	123.0000
1680.6024	96.3500	116.8000
1708.7697	96.1100	111.3000
1737.4091	95.8300	106.7000
1766.5285	95.5900	102.8000
1796.1360	95.4300	99.2000
1826.2397	95.3200	95.3000
1856.8479	95.1600	91.0000
1887.9691	94.9200	86.7000
1919.6120	94.6000	82.5000
1951.7851	94.1600	78.6000
1984.4975	93.5900	76.1000
2017.7582	93.0600	75.0000
2051.5763	92.6900	74.9000
2085.9612	92.4500	74.4000
2120.9224	92.3100	73.8000
2156.4696	92.2700	72.0000
2192.6126	92.1000	69.8000
2229.3613	91.7800	68.4000
2266.7259	91.6500	68.0000
2304.7168	91.6300	66.5000
2343.3444	91.4800	64.4000
2382.6195	91.2500	63.7000
2422.5528	91.1000	64.2000
2463.1553	91.1400	64.8000
2504.4384	91.4000	65.5000
2546.4134	91.8600	64.5000
2589.0919	92.1300	61.0000
2632.4858	92.0600	58.1000
2676.6069	92.0300	57.2000
2721.4674	92.2000	55.9000
2767.0799	92.3900	53.9000
2813.4568	92.5600	51.2000
2860.6111	92.7500	48.0000
2908.5556	92.7000	44.0000
2957.3037	92.5800	40.4000
3006.8689	92.3100	37.4000
3057.2647	92.0500	35.0000
3108.5052	91.8700	33.0000
3160.6045	91.6500	29.8000
3213.5770	91.0900	26.7000
3267.4374	90.3300	26.0000
3322.2004	89.7200	28.1000
3377.8813	89.4400	32.5000
3434.4954	89.8500	35.8000
3492.0584	90.4300	35.5000
3550.5862	90.7100	33.0000
3610.0949	90.8300	30.2000
3670.6009	90.6000	27.4000
3732.1211	90.3300	27.4000
3794.6724	90.4100	27.9000
3858.2720	90.5500	26.5000
3922.9376	90.3700	24.7000
3988.6870	90.1900	25.6000
4055.5384	90.3900	27.7000
4123.5102	91.1600	27.4000
4192.6212	91.7000	22.3000
4262.8906	91.6500	15.9000
4334.3377	91.0800	12.2000
4406.9822	90.6900	11.9000
4480.8443	90.6900	11.5000
4555.9444	90.8100	8.7000
4632.3031	90.4900	4.3000
4709.9417	89.8200	2.1000
4788.8814	89.1500	3.5000
4869.1443	89.0900	5.7000
4950.7523	89.0400	5.5000
5033.7281	88.8100	5.9000
5118.0947	88.7800	7.7000
5203.8752	89.0400	8.6000
5291.0934	89.3000	8.2000
5379.7734	89.6600	7.0000
5469.9397	89.9400	3.9000
5561.6173	89.7800	-0.6000
5654.8313	89.4100	-2.0000
5749.6077	89.4100	-2.6000
5845.9725	89.2200	-6.2000
5943.9525	88.5500	-5.6000
6043.5746	88.8500	-3.0000
6144.8664	89.1800	-7.8000
6247.8558	88.3600	-11.1000
6352.5714	87.9800	-6.1000
6459.0421	88.7600	-6.3000
6567.2972	88.5900	-11.3000
6677.3667	88.0800	-9.6000
6789.2810	88.5600	-9.8000
6903.0710	88.2500	-13.6000
7018.7682	88.1500	-9.9000
7136.4045	89.0300	-12.8000
7256.0123	88.7000	-18.9000
7377.6249	88.5100	-20.1000
7501.2757	88.0800	-25.4000
7626.9989	86.9500	-22.9000
7754.8293	87.3200	-19.8000
7884.8021	87.0200	-20.6000
8016.9533	87.4900	-16.8000
8151.3194	87.9600	-20.4000
8287.9375	88.2900	-22.1000
8426.8454	88.3500	-30.0000
8568.0814	87.5300	-30.5000
8711.6845	87.8500	-35.2000
8857.6945	86.4900	-38.4000
9006.1516	86.3300	-37.5000
9157.0969	85.1000	-35.2000
9310.5721	85.9500	-30.1000
9466.6196	85.9800	-31.7000
9625.2825	86.6900	-34.8000
9786.6046	86.0100	-40.1000
9950.6305	85.9100	-41.6000
10117.4050	84.9300	-43.9000
10286.9760	84.4100	-42.6000
10459.3880	84.0600	-34.5000
10634.6900	85.0500	-35.6000
10812.9300	85.4500	-36.5000
10994.1570	85.4500	-41.4000
11178.4220	85.7800	-43.9000
11365.7750	85.1500	-50.5000
11556.2680	84.5700	-51.7000
11749.9540	84.0100	-49.9000
11946.8860	84.2000	-50.0000
12147.1190	84.0600	-50.4000
12350.7080	84.2000	-52.8000
12557.7080	84.0100	-57.7000
12768.1790	83.4100	-58.6000
12982.1770	82.3200	-60.4000
13199.7610	81.9600	-56.9000
13420.9920	82.5600	-48.9000
13645.9310	82.8100	-54.4000
13874.6410	82.7500	-57.1000
14107.1830	83.0800	-58.0000
14343.6230	82.5200	-59.7000
14584.0250	82.9500	-56.3000
14828.4570	83.5500	-63.2000
15076.9860	83.8200	-68.5000
15329.6800	83.4600	-78.3000
15586.6090	82.0100	-78.1000
15847.8440	82.4300	-79.0000
16113.4580	81.9200	-83.2000
16383.5240	81.8900	-86.2000
16658.1150	80.8800	-89.1000
16937.3100	80.5200	-89.4000
17221.1830	80.3400	-89.5000
17509.8140	81.1400	-96.9000
17803.2830	79.6900	-102.9000
18101.6700	79.4000	-100.1000
18405.0590	78.8600	-102.6000
18713.5320	79.1500	-108.3000
19027.1760	78.9600	-117.1000
19346.0760	78.1500	-129.4000
19670.3210	76.3800	-133.9000