5	49.26	-60.4
5.0838	49.62	-60.4
5.16901	50.08	-60.3
5.25564	50.58	-60.3
5.34373	51.08	-60.3
5.43329	51.6	-60.2
5.52435	52.13	-60.2
5.61694	52.66	-60.2
5.71108	53.21	-60.2
5.8068	53.8	-60.1
5.90413	54.45	-60.1
6.00308	55.15	-60.1
6.10369	55.88	-60
6.20599	56.61	-60
6.31001	57.33	-60
6.41576	58.04	-59.9
6.52329	58.74	-59.9
6.63263	59.41	-59.8
6.74379	60.04	-59.8
6.85682	60.64	-59.8
6.97174	61.18	-59.7
7.08859	61.66	-59.7
7.20739	62.08	-59.6
7.32819	62.44	-59.6
7.45101	62.76	-59.5
7.57589	63.06	-59.5
7.70287	63.35	-59.4
7.83197	63.63	-59.4
7.96324	63.89	-59.3
8.0967	64.13	-59.2
8.2324	64.34	-59.2
8.37038	64.51	-59.1
8.51067	64.64	-59.1
8.65331	64.71	-59.2
8.79834	64.72	-59.8
8.94581	64.62	-61.6
9.09574	64.4	-65.3
9.24819	64.06	-70.7
9.40319	63.61	-77.6
9.56079	63.05	-85.4
9.72103	62.41	-93.7
9.88396	61.7	-101.8
10.04961	60.92	-109.2
10.21805	60.07	-115.3
10.38931	59.04	-120.2
10.56343	57.71	-124.1
10.74048	56.07	-127.6
10.92049	54.21	-130.8
11.10352	52.28	-134.1
11.28962	50.48	-137.7
11.47884	49.1	-142
11.67122	48.53	-147.7
11.86684	49.14	-155.8
12.06573	50.95	-167
12.26795	53.49	179.4
12.47357	56.27	164.8
12.68263	58.89	151.2
12.89519	61.03	141
13.11132	62.52	136.9
13.33107	63.48	142.4
13.5545	64.15	159.3
13.78167	64.7	-174.7
14.01266	65.15	-144.9
14.24751	65.47	-117.7
14.48631	65.63	-99.5
14.7291	65.56	-94.2
14.97596	65.19	-101
15.22696	64.52	-116
15.48217	63.71	-134
15.74166	62.94	-149.9
16.00549	62.44	-157.8
16.27375	62.31	-152
16.5465	62.45	-130.4
16.82382	62.72	-98.2
17.10579	63	-64.9
17.39249	63.14	-41.1
17.68399	62.98	-32.7
17.98038	62.33	-37.6
18.28174	61.14	-49.6
18.58814	59.49	-62.5
18.89969	57.49	-71.3
19.21645	55.11	-73.4
19.53852	52.15	-70
19.86599	48.6	-64.1
20.19895	45.17	-59.1
20.53749	43.51	-58
20.8817	44.92	-62.4
21.23169	47.98	-71
21.58753	51.16	-79.6
21.94935	53.89	-84.2
22.31722	56.22	-83.1
22.69126	58.17	-78.3
23.07158	59.54	-74.2
23.45826	60.23	-76.8
23.85143	60.42	-92
24.25118	60.35	-116.9
24.65764	60.07	-139.9
25.07091	59.36	-152.8
25.4911	57.93	-157.6
25.91834	56.01	-160.1
26.35274	54.57	-164.8
26.79441	54.27	-175.7
27.2435	54.57	164.8
27.7001	54.53	137
28.16436	53.42	99.8
28.63641	50.98	54.5
29.11636	48.14	8.5
29.60436	47.51	-30.9
30.10053	49.07	-63.1
30.60502	50.44	-89.3
31.11797	50.81	-110
31.63952	50.4	-127.4
32.1698	49.64	-144.8
32.70898	48.76	-164.9
33.25719	47.83	170.6
33.81459	46.89	139
34.38133	46.01	99.9
34.95757	45.45	60.6
35.54346	45.53	28.9
36.13918	46.32	3.2
36.74488	47.75	-23.5
37.36074	49.4	-51.5
37.98691	50.32	-70.5
38.62358	50.05	-73.8
39.27092	48.94	-69.2
39.92911	47.89	-67.1
40.59833	47.61	-67.9
41.27877	48.7	-67.1
41.97061	50.96	-65.5
42.67405	53.29	-72.1
43.38928	54.89	-90.9
44.11649	55.26	-111.2
44.8559	54.52	-126.3
45.60769	53.69	-143.8
46.37209	53.48	-170.1
47.1493	53.2	156.8
47.93953	52.62	118.9
48.74301	52.5	74.2
49.55995	52.91	25.6
50.39059	52.98	-17.7
51.23515	52.48	-47.6
52.09386	51.76	-64.2
52.96697	51.49	-74.5
53.85471	52.46	-80.8
54.75733	55.07	-78.8
55.67507	58.62	-75.5
56.6082	62	-84.6
57.55697	64.52	-109.8
58.52164	65.71	-144
59.50247	65.47	-176.9
60.49975	64.21	156.1
61.51374	62.66	134.2
62.54472	61.37	114.8
63.59299	60.07	94.7
64.65882	58.31	75.7
65.74252	56.16	62.5
66.84438	54.13	53.7
67.96471	53.15	43.9
69.10382	52.99	26.4
70.26201	52.21	3.8
71.43962	50.59	-14.9
72.63697	49.25	-34.3
73.85438	48.44	-62.5
75.0922	47.03	-99.4
76.35076	44.46	-138.1
77.63042	40.53	-150.5
78.93152	36.85	-135.7
80.25443	38.05	-138.8
81.59952	41.5	-165.6
82.96715	44.21	164.3
84.3577	45.66	134.8
85.77155	46.19	111.1
87.2091	46.65	95.5
88.67075	47.12	81.8
90.15689	46.83	68.8
91.66795	45.96	65.1
93.20432	46.26	69.2
94.76645	47.79	70.5
96.35476	49.36	66.2
97.96969	50.74	58.5
99.61168	51.69	47.5
101.2812	52.06	34.6
102.9787	51.89	22.7
104.70465	51.14	12.8
106.45952	49.87	7.4
108.24381	48.56	7.2
110.058	47.56	9.9
111.9026	46.84	14.7
113.77812	46.27	22.5
115.68507	46.5	34.1
117.62398	48.21	43.3
119.59538	49.81	44
121.59983	50.59	40.9
123.63787	51.04	40.8
125.71007	51.95	43.3
127.81701	53.16	43.1
129.95925	54	39.3
132.1374	54.52	35.4
134.35205	54.96	32.5
136.60383	55.25	29.9
138.89334	55.44	29
141.22123	55.83	29.2
143.58813	56.38	28.7
145.9947	56.89	27.4
148.44161	57.3	26.1
150.92953	57.66	25
153.45914	57.99	24.4
156.03116	58.38	24.7
158.64628	58.99	25.6
161.30523	59.79	25.7
164.00874	60.62	24.2
166.75757	61.36	21.7
169.55247	62.02	18.5
172.39421	62.61	14.8
175.28358	63.06	10.5
178.22137	63.37	6.2
181.2084	63.54	2
184.2455	63.63	-1.8
187.3335	63.6	-5.3
190.47326	63.49	-8.1
193.66564	63.29	-10.2
196.91152	63.04	-11.3
200.2118	62.81	-11.1
203.5674	62.67	-9.9
206.97924	62.66	-7.8
210.44827	62.85	-5.1
213.97543	63.31	-2.5
217.56171	63.94	-1.2
221.2081	64.61	-1.2
224.9156	65.23	-2.6
228.68524	65.68	-4.9
232.51806	65.92	-7.1
236.41512	66.09	-8.2
240.3775	66.37	-8.6
244.40628	66.77	-9.1
248.50259	67.19	-10.4
252.66756	67.55	-12.4
256.90233	67.8	-14.6
261.20807	67.95	-16.6
265.58598	68.06	-18.2
270.03727	68.18	-19.3
274.56316	68.33	-20.3
279.16491	68.48	-21.8
283.84378	68.53	-23.5
288.60107	68.42	-24.7
293.43809	68.23	-24.4
298.35619	68.15	-22.5
303.35671	68.33	-20.1
308.44104	68.74	-18.1
313.61059	69.24	-17.5
318.86678	69.69	-17.8
324.21107	70.04	-18.7
329.64492	70.3	-19.7
335.16985	70.5	-20.3
340.78738	70.7	-20.5
346.49906	70.91	-20.6
352.30647	71.12	-20.8
358.21121	71.29	-20.9
364.21492	71.39	-20.5
370.31925	71.49	-19.3
376.5259	71.71	-16.9
382.83656	72.18	-14
389.253	72.88	-11.9
395.77697	73.65	-11.1
402.41029	74.39	-11.4
409.15479	75.12	-12.1
416.01232	75.88	-13.3
422.98479	76.62	-15.6
430.07412	77.24	-19.1
437.28226	77.66	-23.1
444.61122	77.91	-26.8
452.06302	78.08	-29.8
459.6397	78.24	-32.4
467.34338	78.39	-34.9
475.17617	78.48	-37.4
483.14023	78.51	-39.8
491.23778	78.43	-41.9
499.47105	78.21	-43.2
507.84231	77.95	-42.6
516.35387	77.88	-40
525.00808	78.23	-37
533.80735	78.86	-35.5
542.75409	79.48	-36.2
551.85078	79.92	-38.1
561.09994	80.17	-39.9
570.50411	80.35	-41
580.0659	80.56	-41.6
589.78794	80.76	-42.1
599.67293	80.95	-42
609.7236	81.22	-41.1
619.94272	81.72	-39.8
630.33311	82.43	-39.3
640.89765	83.23	-40.5
651.63925	83.93	-43.4
662.56088	84.42	-47.5
673.66556	84.65	-51.5
684.95636	84.74	-54.4
696.4364	84.89	-56.1
708.10884	85.16	-57.7
719.97692	85.5	-59.8
732.04391	85.83	-62.8
744.31315	86.04	-66.5
756.78802	86.05	-70.3
769.47197	85.89	-73.4
782.36851	85.66	-75
795.4812	85.53	-75.5
808.81366	85.48	-76.1
822.36957	85.37	-76.6
836.15269	85.23	-75.5
850.16681	85.34	-72.7
864.41582	85.87	-70.1
878.90364	86.65	-69.3
893.63428	87.42	-70.7
908.61181	88.11	-73.3
923.84036	88.72	-77.1
939.32415	89.16	-82.3
955.06746	89.32	-88
971.07462	89.24	-93.1
987.35007	89.01	-97.2
1003.8983	88.7	-100.2
1020.7239	88.35	-102.2
1037.8315	87.98	-102.9
1055.2258	87.72	-102.2
1072.9116	87.71	-100.9
1090.8939	87.88	-100.3
1109.1775	88.09	-100.2
1127.7676	88.37	-100.1
1146.6693	88.82	-100.5
1165.8877	89.33	-102.4
1185.4283	89.74	-106
1205.2964	89.94	-110.5
1225.4974	89.88	-115.1
1246.0371	89.65	-118.9
1266.9209	89.33	-121.7
1288.1549	88.93	-123.6
1309.7446	88.54	-124.3
1331.6963	88.23	-124.2
1354.0158	87.98	-123.6
1376.7095	87.78	-122.3
1399.7835	87.79	-119.9
1423.2442	88.17	-117.8
1447.0981	88.75	-117.7
1471.3518	89.27	-120.1
1496.012	89.57	-124.2
1521.0856	89.53	-128.9
1546.5793	89.12	-132.4
1572.5004	88.54	-133.2
1598.8559	88.16	-131.2
1625.6531	88.27	-128.8
1652.8994	88.66	-128.3
1680.6024	89.02	-130.2
1708.7697	89.13	-133.4
1737.4091	88.94	-136.3
1766.5285	88.61	-137.5
1796.136	88.37	-137.3
1826.2397	88.34	-136.8
1856.8479	88.45	-137.2
1887.9691	88.47	-138.8
1919.612	88.27	-140.4
1951.7851	87.97	-140.8
1984.4975	87.75	-140
2017.7582	87.67	-139
2051.5763	87.7	-138.2
2085.9612	87.75	-138.1
2120.9224	87.73	-138.6
2156.4696	87.55	-138.8
2192.6126	87.26	-137.4
2229.3613	87.18	-133.8
2266.7259	87.62	-130.2
2304.7168	88.3	-129.6
2343.3444	88.66	-131.9
2382.6195	88.56	-133.6
2422.5528	88.41	-131.9
2463.1553	88.8	-128.4
2504.4384	89.69	-127.4
2546.4134	90.44	-130.6
2589.0919	90.66	-135.8
2632.4858	90.42	-139.3
2676.6069	90.16	-139.7
2721.4674	90.2	-138.7
2767.0799	90.51	-138.4
2813.4568	90.92	-139.6
2860.6111	91.24	-142.3
2908.5556	91.31	-145.7
2957.3037	91.15	-148
3006.8689	91.05	-148.2
3057.2647	91.35	-148.5
3108.5052	91.78	-151.9
3160.6045	91.72	-158.1
3213.577	90.94	-162
3267.4374	89.96	-159.6
3322.2004	89.82	-153.6
3377.8813	90.53	-150.7
3434.4954	91.14	-152.6
3492.0584	91.35	-155.8
3550.5862	91.4	-158.1
3610.0949	91.5	-160.3
3670.6009	91.52	-163
3732.1211	91.41	-165.4
3794.6724	91.31	-167.7
3858.272	91.04	-170.2
3922.9376	90.62	-170.7
3988.687	90.45	-169.7
4055.5384	90.47	-169.5
4123.5102	90.53	-169.5
4192.6212	90.75	-170.8
4262.8906	90.68	-174.2
4334.3377	90.17	-175
4406.9822	90.06	-171.8
4480.8443	90.58	-171.4
4555.9444	90.74	-175
4632.3031	90.46	-176.9
4709.9417	90.41	-176.9
4788.8814	90.57	-178.3
4869.1443	90.55	178.9
4950.7523	90.34	176.8
5033.7281	90.12	175.6
5118.0947	89.95	174.7
5203.8752	89.82	173.8
5291.0934	89.73	172.7
5379.7734	89.67	170.7
5469.9397	89.35	167.4
5561.6173	88.63	167.1
5654.8313	88.25	170.1
5749.6077	88.14	170.6
5845.9725	87.79	172.7
5943.9525	88.1	176.9
6043.5746	88.59	175.7
6144.8664	88.44	173.9
6247.8558	88.53	175.1
6352.5714	88.83	173.2
6459.0421	88.62	170.8
6567.2972	88.49	171.5
6677.3667	88.5	171.2
6789.281	88.33	171.1
6903.071	88.5	171.9
7018.7682	88.74	171.8
7136.4045	89.05	171.7
7256.0123	89.51	169.2
7377.6249	89.79	164.9
7501.2757	89.84	160.4
7626.9989	89.5	155.9
7754.8293	88.89	153.7
7884.8021	88.51	153.3
8016.9533	88.33	153.9
8151.3194	88.39	154.2
8287.9375	88.6	152.5
8426.8454	88.71	149.4
8568.0814	88.57	145.2
8711.6845	88.07	141.6
8857.6945	87.43	139.6
9006.1516	86.95	140
9157.0969	86.72	142.4
9310.5721	86.78	143.3
9466.6196	87	141
9625.2825	87.01	136.9
9786.6046	86.65	133.1
9950.6305	86.06	130.9
10117.405	85.5	130.4
10286.976	85.21	130.2
10459.388	85.17	129.2
10634.69	85.1	127.8
10812.93	84.88	126.2
10994.157	84.58	124.6
11178.422	84.2	122
11365.775	83.73	119.7
11556.268	83.27	119.4
11749.954	83.08	120.2
11946.886	83.2	118.8
12147.119	83.11	114.1
12350.708	82.51	108.5
12557.708	81.64	105.9
12768.179	80.99	106.7
12982.177	80.48	106.5
13199.761	79.92	103.3
13420.992	79.26	100.4
13645.931	78.23	101.9
13874.641	77.07	107
14107.183	76.81	110.3
14343.623	77.07	108.6
14584.025	76.57	105.4
14828.457	75.11	107
15076.986	73.97	113.7
15329.68	73.99	118.4
15586.609	74.08	116.6
15847.844	73.9	114
16113.458	73.82	114.9
16383.524	73.91	116
16658.115	73.88	111.9
16937.31	73.27	106.2
17221.183	72.08	108.4
17509.814	71.42	116.6
17803.283	71.7	120.4
18101.67	71.87	117.8
18405.059	71.56	115.2
18713.532	71.31	116.4
19027.176	71.25	117.1
19346.076	70.75	115.4
19670.321	69.79	116.4
20000	69.28	118.4
