19.8660	66.6400	122.7000
20.1989	66.8300	122.2000
20.5375	67.0300	121.6000
20.8817	67.2400	121.0000
21.2317	67.4500	120.5000
21.5875	67.6400	119.9000
21.9493	67.8000	119.3000
22.3172	67.9200	118.7000
22.6913	68.0200	118.1000
23.0716	68.1200	117.5000
23.4583	68.2800	117.0000
23.8514	68.5100	116.4000
24.2512	68.8100	115.8000
24.6576	69.0900	115.2000
25.0709	69.3100	114.7000
25.4911	69.4500	114.1000
25.9183	69.5800	113.6000
26.3527	69.7300	113.0000
26.7944	69.9400	112.5000
27.2435	70.2000	111.9000
27.7001	70.5100	111.3000
28.1644	70.8700	110.8000
28.6364	71.2600	110.2000
29.1164	71.6700	109.7000
29.6044	72.0600	109.1000
30.1005	72.4400	108.5000
30.6050	72.8200	108.0000
31.1180	73.2000	107.4000
31.6395	73.5900	106.9000
32.1698	73.9900	106.3000
32.7090	74.4200	105.8000
33.2572	74.8400	105.3000
33.8146	75.2300	104.7000
34.3813	75.5800	104.2000
34.9576	75.9100	103.6000
35.5435	76.2400	103.1000
36.1392	76.5600	102.5000
36.7449	76.8600	101.9000
37.3607	77.1200	101.4000
37.9869	77.3500	100.9000
38.6236	77.5400	100.3000
39.2709	77.7100	99.7000
39.9291	77.8700	99.2000
40.5983	78.0200	98.6000
41.2788	78.1500	98.1000
41.9706	78.2500	97.6000
42.6741	78.3200	97.1000
43.3893	78.3800	96.6000
44.1165	78.4300	96.0000
44.8559	78.4700	95.5000
45.6077	78.5200	94.9000
46.3721	78.5800	94.4000
47.1493	78.6700	93.8000
47.9395	78.7700	93.3000
48.7430	78.8700	92.7000
49.5600	78.9900	92.2000
50.3906	79.1300	91.7000
51.2351	79.2400	91.1000
52.0939	79.2300	90.6000
52.9670	79.1400	90.0000
53.8547	79.0500	89.5000
54.7573	79.1100	88.9000
55.6751	79.2900	88.4000
56.6082	79.5200	87.8000
57.5570	79.7800	87.3000
58.5216	80.0700	86.7000
59.5025	80.3400	86.2000
60.4997	80.4900	85.6000
61.5137	80.5400	85.1000
62.5447	80.5300	84.5000
63.5930	80.5200	84.0000
64.6588	80.5400	83.4000
65.7425	80.5900	82.9000
66.8444	80.7000	82.3000
67.9647	80.8400	81.7000
69.1038	80.9600	81.2000
70.2620	81.0500	80.6000
71.4396	81.1700	80.0000
72.6370	81.3300	79.5000
73.8544	81.5400	78.9000
75.0922	81.7800	78.3000
76.3508	82.0400	77.7000
77.6304	82.3200	77.1000
78.9315	82.6100	76.6000
80.2544	82.8700	75.9000
81.5995	83.0900	75.3000
82.9672	83.2300	74.7000
84.3577	83.2900	74.1000
85.7716	83.2600	73.5000
87.2091	83.1500	72.9000
88.6707	83.0400	72.3000
90.1569	83.0100	71.7000
91.6680	83.0700	71.0000
93.2043	83.2700	70.4000
94.7665	83.5700	69.8000
96.3548	83.9000	69.1000
97.9697	84.1800	68.5000
99.6117	84.3700	67.8000
101.2812	84.4200	67.2000
102.9787	84.3800	66.5000
104.7047	84.2600	65.9000
106.4595	84.1700	65.2000
108.2438	84.1600	64.5000
110.0580	84.2400	63.9000
111.9026	84.4000	63.2000
113.7781	84.6100	62.5000
115.6851	84.8000	61.8000
117.6240	84.9600	61.1000
119.5954	85.0600	60.4000
121.5998	85.0100	59.7000
123.6379	84.8700	59.0000
125.7101	84.7600	58.2000
127.8170	84.7100	57.5000
129.9592	84.7200	56.8000
132.1374	84.8100	56.0000
134.3520	84.9700	55.3000
136.6038	85.1400	54.6000
138.8933	85.2700	53.8000
141.2212	85.3000	53.0000
143.5881	85.2700	52.3000
145.9947	85.2500	51.5000
148.4416	85.2700	50.7000
150.9295	85.3600	49.9000
153.4591	85.4800	49.1000
156.0312	85.6000	48.3000
158.6463	85.6400	47.5000
161.3052	85.6200	46.7000
164.0087	85.5400	45.9000
166.7576	85.5000	45.0000
169.5525	85.5200	44.2000
172.3942	85.6000	43.4000
175.2836	85.7000	42.6000
178.2214	85.7800	41.7000
181.2084	85.8000	40.9000
184.2455	85.8000	40.0000
187.3335	85.8300	39.2000
190.4733	85.9200	38.3000
193.6656	85.9900	37.4000
196.9115	86.0200	36.6000
200.2118	86.0200	35.7000
203.5674	86.0100	34.8000
206.9792	86.0100	34.0000
210.4483	86.0300	33.1000
213.9754	86.0500	32.2000
217.5617	86.0800	31.4000
221.2081	86.1100	30.5000
224.9156	86.1600	29.7000
228.6852	86.2100	28.8000
232.5181	86.2300	27.9000
236.4151	86.2100	27.1000
240.3775	86.1800	26.2000
244.4063	86.1700	25.4000
248.5026	86.1700	24.5000
252.6676	86.1900	23.7000
256.9023	86.2000	22.9000
261.2081	86.1900	22.1000
265.5860	86.1500	21.3000
270.0373	86.0800	20.5000
274.5632	86.0400	19.7000
279.1649	86.0400	19.0000
283.8438	86.0400	18.3000
288.6011	86.0400	17.6000
293.4381	86.0200	16.9000
298.3562	85.9900	16.2000
303.3567	86.0000	15.6000
308.4410	86.0500	15.0000
313.6106	86.1000	14.4000
318.8668	86.1100	13.8000
324.2111	86.0900	13.3000
329.6449	86.0300	12.8000
335.1698	85.9700	12.4000
340.7874	85.9300	12.0000
346.4991	85.8900	11.6000
352.3065	85.8400	11.2000
358.2112	85.7800	11.0000
364.2149	85.7500	10.7000
370.3193	85.7300	10.5000
376.5259	85.7000	10.3000
382.8366	85.6500	10.2000
389.2530	85.5900	10.1000
395.7770	85.5600	10.0000
402.4103	85.5400	9.9000
409.1548	85.5300	9.9000
416.0123	85.5200	9.9000
422.9848	85.5100	9.9000
430.0741	85.4800	9.9000
437.2823	85.4700	9.9000
444.6112	85.4700	10.0000
452.0630	85.4700	10.0000
459.6397	85.4900	10.1000
467.3434	85.4700	10.2000
475.1762	85.4300	10.2000
483.1402	85.4000	10.3000
491.2378	85.3900	10.3000
499.4710	85.4000	10.3000
507.8423	85.4100	10.2000
516.3539	85.4500	10.1000
525.0081	85.5000	9.9000
533.8074	85.5500	9.7000
542.7541	85.6000	9.3000
551.8508	85.6600	9.0000
561.0999	85.7300	8.5000
570.5041	85.7900	7.9000
580.0659	85.8500	7.2000
589.7879	85.9100	6.5000
599.6729	85.9700	5.8000
609.7236	86.0200	4.9000
619.9427	86.0600	4.1000
630.3331	86.0900	3.2000
640.8976	86.1100	2.3000
651.6392	86.1300	1.3000
662.5609	86.1300	0.4000
673.6656	86.1300	-0.5000
684.9564	86.1200	-1.5000
696.4364	86.0900	-2.4000
708.1088	86.0600	-3.3000
719.9769	86.0200	-4.1000
732.0439	85.9900	-4.9000
744.3131	85.9600	-5.6000
756.7880	85.9200	-6.3000
769.4720	85.8900	-6.9000
782.3685	85.8700	-7.4000
795.4812	85.8600	-7.9000
808.8137	85.8600	-8.3000
822.3696	85.8800	-8.8000
836.1527	85.9100	-9.4000
850.1668	85.9500	-10.0000
864.4158	86.0000	-10.7000
878.9036	86.0600	-11.6000
893.6343	86.1200	-12.6000
908.6118	86.1700	-13.8000
923.8404	86.2100	-15.2000
939.3242	86.2300	-16.7000
955.0675	86.2200	-18.3000
971.0746	86.1800	-20.0000
987.3501	86.1000	-21.8000
1003.8983	85.9800	-23.6000
1020.7239	85.8300	-25.3000
1037.8315	85.6300	-26.8000
1055.2258	85.4100	-28.2000
1072.9116	85.1600	-29.4000
1090.8939	84.8900	-30.3000
1109.1775	84.6100	-30.9000
1127.7676	84.3400	-31.3000
1146.6693	84.0900	-31.4000
1165.8877	83.8500	-31.4000
1185.4283	83.6200	-31.3000
1205.2964	83.4100	-31.2000
1225.4974	83.2000	-31.0000
1246.0371	82.9700	-30.8000
1266.9209	82.7200	-30.5000
1288.1549	82.4400	-29.9000
1309.7446	82.1500	-28.8000
1331.6963	81.8700	-27.1000
1354.0158	81.6400	-24.8000
1376.7095	81.5200	-21.8000
1399.7835	81.5500	-18.5000
1423.2442	81.7600	-15.4000
1447.0981	82.1100	-12.9000
1471.3518	82.5600	-11.4000
1496.0120	83.0400	-11.0000
1521.0856	83.4900	-11.6000
1546.5793	83.8600	-12.9000
1572.5004	84.1200	-14.6000
1598.8559	84.2700	-16.5000
1625.6531	84.3300	-18.2000
1652.8994	84.3200	-19.5000
1680.6024	84.2900	-20.3000
1708.7697	84.2900	-20.6000
1737.4091	84.3500	-20.7000
1766.5285	84.4900	-20.9000
1796.1360	84.6900	-21.5000
1826.2397	84.8900	-22.6000
1856.8479	85.0500	-24.3000
1887.9691	85.1300	-26.2000
1919.6120	85.1300	-28.1000
1951.7851	85.0500	-29.7000
1984.4975	84.9600	-30.8000
2017.7582	84.9000	-31.4000
2051.5763	84.9000	-31.8000
2085.9612	84.9600	-32.5000
2120.9224	85.0300	-33.6000
2156.4696	85.0500	-35.2000
2192.6126	84.9700	-36.8000
2229.3613	84.8100	-38.1000
2266.7259	84.6100	-38.5000
2304.7168	84.4500	-38.1000
2343.3444	84.4200	-37.2000
2382.6195	84.5400	-36.5000
2422.5528	84.7300	-36.5000
2463.1553	84.9100	-37.1000
2504.4384	85.0100	-38.1000
2546.4134	85.0400	-38.9000
2589.0919	85.0600	-39.1000
2632.4858	85.1500	-38.9000
2676.6069	85.3600	-38.6000
2721.4674	85.6400	-38.9000
2767.0799	85.9400	-39.8000
2813.4568	86.2100	-41.1000
2860.6111	86.4400	-42.5000
2908.5556	86.6800	-43.8000
2957.3037	86.9800	-45.1000
3006.8689	87.3200	-46.9000
3057.2647	87.6600	-49.6000
3108.5052	87.8900	-52.8000
3160.6045	87.9900	-55.9000
3213.5770	88.0300	-58.3000
3267.4374	88.1100	-60.0000
3322.2004	88.3300	-61.5000
3377.8813	88.6600	-63.5000
3434.4954	89.0200	-66.4000
3492.0584	89.3700	-69.9000
3550.5862	89.7000	-74.1000
3610.0949	89.9700	-79.2000
3670.6009	90.1100	-85.1000
3732.1211	90.0300	-91.3000
3794.6724	89.7200	-97.0000
3858.2720	89.2900	-101.3000
3922.9376	88.8800	-104.3000
3988.6870	88.5600	-106.7000
4055.5384	88.2900	-108.9000
4123.5102	88.0300	-110.7000
4192.6212	87.8300	-111.6000
4262.8906	87.8100	-111.9000
4334.3377	88.0600	-112.5000
4406.9822	88.4700	-114.6000
4480.8443	88.8800	-118.1000
4555.9444	89.2000	-122.1000
4632.3031	89.5500	-125.9000
4709.9417	90.1300	-130.3000
4788.8814	90.9100	-137.4000
4869.1443	91.5400	-148.2000
4950.7523	91.6800	-161.7000
5033.7281	91.1700	-176.4000
5118.0947	90.1200	172.0000
5203.8752	88.7000	161.0000
5291.0934	87.1000	153.2000
5379.7734	85.4000	147.9000
5469.9397	83.7500	145.3000
5561.6173	82.3000	144.8000
5654.8313	81.0200	145.2000
5749.6077	79.8600	147.5000
5845.9725	79.1600	152.4000
5943.9525	79.3300	156.2000
6043.5746	79.9700	154.0000
6144.8664	80.0700	145.9000
6247.8558	79.2800	137.2000
6352.5714	78.0000	132.0000
6459.0421	76.8000	129.9000
6567.2972	75.7600	128.8000
6677.3667	74.7900	128.5000
6789.2810	73.9500	128.5000
6903.0710	73.0800	128.5000
7018.7682	72.1800	130.1000
7136.4045	71.5200	133.6000
7256.0123	71.2600	137.3000
7377.6249	71.3500	140.3000
7501.2757	71.7800	141.4000
7626.9989	72.3300	139.1000
7754.8293	72.6900	134.1000
7884.8021	72.7500	127.3000
8016.9533	72.4400	120.0000
8151.3194	71.8100	113.2000
8287.9375	70.9400	107.1000
8426.8454	69.8600	102.6000
8568.0814	68.8200	100.7000
8711.6845	68.1400	100.0000
8857.6945	67.6800	97.5000
9006.1516	66.9200	93.7000
9157.0969	65.9100	92.0000
9310.5721	65.0300	92.0000
9466.6196	64.3500	93.6000
9625.2825	64.2600	95.1000
9786.6046	64.3700	92.6000
9950.6305	64.1400	89.2000
10117.4050	63.9500	86.5000
10286.9760	63.8600	82.3000
10459.3880	63.6900	76.5000
10634.6900	63.5000	69.2000
10812.9300	63.2000	59.3000
10994.1570	62.4000	48.1000
11178.4220	61.1700	38.3000
11365.7750	59.8700	30.0000
11556.2680	58.5400	21.0000
11749.9540	56.9700	13.1000
11946.8860	55.7600	6.3000
12147.1190	54.6000	-3.7000
12350.7080	53.3900	-15.9000
12557.7080	52.8200	-36.1000
12768.1790	51.5900	-73.4000
12982.1770	48.3200	-116.8000
13199.7610	43.8800	-157.8000
13420.9920	39.3800	172.4000
13645.9310	36.5000	166.4000
13874.6410	37.9800	176.9000
14107.1830	40.3400	176.7000
14343.6230	40.6700	176.3000
14584.0250	40.8900	-166.4000
14828.4570	44.2400	-159.9000
15076.9860	47.2100	-171.1000
15329.6800	50.1000	172.1000
15586.6090	51.9400	149.0000
15847.8440	52.5500	120.3000
16113.4580	51.3600	81.0000
16383.5240	49.1400	26.5000
16658.1150	45.5000	-58.0000
16937.3100	43.9400	-145.5000
17221.1830	45.4000	166.9000
17509.8140	47.9000	122.0000
17803.2830	48.7200	68.4000
18101.6700	47.6900	8.6000
18405.0590	47.0500	-51.5000
18713.5320	47.2000	-104.9000
19027.1760	48.4000	-143.9000
19346.0760	50.0300	-174.8000
19670.3210	50.7400	168.1000
20000.0000	50.9300	161.6000