99.61168	69.28	177
101.2812	69.58	176.1
102.9787	69.89	175.2
104.70465	70.27	174.3
106.45952	70.61	173.4
108.24381	70.93	172.5
110.058	71.25	171.6
111.9026	71.54	170.7
113.77812	71.83	169.8
115.68507	72.21	168.9
117.62398	72.71	168
119.59538	73.14	167.1
121.59983	73.22	166.2
123.63787	73.29	165.3
125.71007	73.5	164.4
127.81701	73.69	163.5
129.95925	73.89	162.6
132.1374	74.06	161.7
134.35205	74.25	160.8
136.60383	74.68	159.9
138.89334	75.16	158.9
141.22123	75.49	158
143.58813	75.77	157.1
145.9947	76.11	156.1
148.44161	76.45	155.2
150.92953	76.74	154.3
153.45914	77.03	153.3
156.03116	77.35	152.3
158.64628	77.62	151.4
161.30523	77.87	150.4
164.00874	78.22	149.4
166.75757	78.52	148.4
169.55247	78.71	147.4
172.39421	78.93	146.4
175.28358	79.17	145.4
178.22137	79.2	144.4
181.2084	79.32	143.3
184.2455	79.92	142.3
187.3335	80.43	141.2
190.47326	80.74	140.1
193.66564	80.97	139.1
196.91152	81.16	138
200.2118	81.37	136.9
203.5674	81.6	135.8
206.97924	81.87	134.7
210.44827	82.15	133.5
213.97543	82.44	132.4
217.56171	82.74	131.2
221.2081	83.01	130.1
224.9156	83.24	128.9
228.68524	83.44	127.7
232.51806	83.63	126.5
236.41512	83.81	125.2
240.3775	84.07	124
244.40628	84.41	122.7
248.50259	84.7	121.5
252.66756	84.96	120.2
256.90233	85.2	118.9
261.20807	85.43	117.6
265.58598	85.65	116.3
270.03727	85.88	114.9
274.56316	86.12	113.6
279.16491	86.38	112.2
283.84378	86.64	110.8
288.60107	86.88	109.4
293.43809	87.12	108
298.35619	87.37	106.6
303.35671	87.59	105.2
308.44104	87.81	103.7
313.61059	88	102.3
318.86678	88.18	100.8
324.21107	88.35	99.3
329.64492	88.51	97.8
335.16985	88.66	96.3
340.78738	88.81	94.8
346.49906	88.96	93.2
352.30647	89.1	91.7
358.21121	89.23	90.2
364.21492	89.35	88.6
370.31925	89.45	87
376.5259	89.55	85.5
382.83656	89.64	83.9
389.253	89.73	82.4
395.77697	89.83	80.8
402.41029	89.91	79.2
409.15479	89.99	77.7
416.01232	90.06	76.1
422.98479	90.12	74.5
430.07412	90.19	73
437.28226	90.25	71.2
444.61122	90.32	69.7
452.06302	90.37	68.3
459.6397	90.37	66.9
467.34338	90.35	65.6
475.17617	90.3	64.3
483.14023	90.26	63.1
491.23778	90.23	61.9
499.47105	90.25	60.7
507.84231	90.27	59.6
516.35387	90.29	58.5
525.00808	90.31	57.5
533.80735	90.34	56.4
542.75409	90.36	55.4
551.85078	90.38	54.4
561.09994	90.4	53.4
570.50411	90.42	52.4
580.0659	90.44	51.4
589.78794	90.46	50.4
599.67293	90.48	49.4
609.7236	90.49	48.4
619.94272	90.51	47.4
630.33311	90.51	46.3
640.89765	90.51	45.3
651.63925	90.51	44.2
662.56088	90.5	43.2
673.66556	90.47	42.1
684.95636	90.44	41.1
696.4364	90.4	40.1
708.10884	90.35	39.2
719.97692	90.29	38.2
732.04391	90.23	37.4
744.31315	90.15	36.6
756.78802	90.07	35.9
769.47197	89.98	35.2
782.36851	89.89	34.7
795.4812	89.8	34.3
808.81366	89.71	34
822.36957	89.63	33.7
836.15269	89.56	33.6
850.16681	89.51	33.4
864.41582	89.46	33.3
878.90364	89.43	33.3
893.63428	89.41	33.1
908.61181	89.39	33
923.84036	89.38	32.7
939.32415	89.36	32.4
955.06746	89.34	32
971.07462	89.31	31.6
987.35007	89.27	31.2
1003.8983	89.2	30.7
1020.7239	89.12	30.3
1037.8315	89.01	30
1055.2258	88.88	29.8
1072.9116	88.74	29.8
1090.8939	88.6	30.1
1109.1775	88.46	30.6
1127.7676	88.34	31.3
1146.6693	88.24	32.3
1165.8877	88.19	33.4
1185.4283	88.18	34.6
1205.2964	88.21	35.8
1225.4974	88.28	36.9
1246.0371	88.39	37.9
1266.9209	88.51	38.6
1288.1549	88.64	39.2
1309.7446	88.77	39.6
1331.6963	88.9	40
1354.0158	89.03	40.3
1376.7095	89.17	40.5
1399.7835	89.31	40.7
1423.2442	89.47	40.8
1447.0981	89.64	40.7
1471.3518	89.82	40.4
1496.012	89.98	39.9
1521.0856	90.12	39.1
1546.5793	90.21	38.2
1572.5004	90.26	37.3
1598.8559	90.25	36.6
1625.6531	90.22	36.1
1652.8994	90.18	36
1680.6024	90.17	36.3
1708.7697	90.22	36.8
1737.4091	90.34	37.2
1766.5285	90.52	37.3
1796.136	90.73	37
1826.2397	90.92	36.1
1856.8479	91.05	34.8
1887.9691	91.11	33.3
1919.612	91.1	31.9
1951.7851	91.04	30.9
1984.4975	90.97	30.1
2017.7582	90.92	29.6
2051.5763	90.89	29.1
2085.9612	90.88	28.4
2120.9224	90.83	27.5
2156.4696	90.72	26.4
2192.6126	90.52	25.6
2229.3613	90.27	25.4
2266.7259	90.02	26
2304.7168	89.84	27.3
2343.3444	89.79	28.9
2382.6195	89.85	30.2
2422.5528	89.96	31
2463.1553	90.07	31.4
2504.4384	90.14	31.5
2546.4134	90.18	31.7
2589.0919	90.22	32.1
2632.4858	90.31	32.6
2676.6069	90.43	32.9
2721.4674	90.58	32.9
2767.0799	90.72	32.5
2813.4568	90.82	32
2860.6111	90.91	31.5
2908.5556	91	31
2957.3037	91.11	30.3
3006.8689	91.21	29.2
3057.2647	91.25	27.7
3108.5052	91.19	26
3160.6045	91.05	24.5
3213.577	90.85	23.5
3267.4374	90.62	22.9
3322.2004	90.37	22.6
3377.8813	90.09	22.9
3434.4954	89.84	23.9
3492.0584	89.71	25.6
3550.5862	89.72	27.1
3610.0949	89.78	27.8
3670.6009	89.78	28.2
3732.1211	89.73	28.8
3794.6724	89.69	30
3858.272	89.77	31.4
3922.9376	89.95	32.4
3988.687	90.17	32.7
4055.5384	90.34	32.5
4123.5102	90.5	32.1
4192.6212	90.68	31.4
4262.8906	90.84	29.9
4334.3377	90.87	27.7
4406.9822	90.73	25.5
4480.8443	90.52	23.8
4555.9444	90.23	22
4632.3031	89.72	20.6
4709.9417	89.01	21.1
4788.8814	88.43	24.4
4869.1443	88.2	28.7
4950.7523	88.25	32.8
5033.7281	88.51	36.2
5118.0947	88.93	38.1
5203.8752	89.3	38.3
5291.0934	89.52	38
5379.7734	89.71	38
5469.9397	89.96	37.3
5561.6173	90.07	35.6
5654.8313	89.99	34.2
5749.6077	89.93	33.4
5845.9725	89.79	31.9
5943.9525	89.41	31.1
6043.5746	89.02	32.3
6144.8664	88.78	34.2
6247.8558	88.67	36.8
6352.5714	88.79	39.4
6459.0421	89.03	40.6
6567.2972	89.23	41.3
6677.3667	89.48	41.5
6789.281	89.6	40.3
6903.071	89.48	39.7
7018.7682	89.42	40.7
7136.4045	89.5	41.6
7256.0123	89.66	41.9
7377.6249	89.77	41.4
7501.2757	89.75	41
7626.9989	89.75	41
7754.8293	89.7	41
7884.8021	89.65	41.7
8016.9533	89.76	42.2
8151.3194	89.81	41.6
8287.9375	89.72	41.4
8426.8454	89.67	42.2
8568.0814	89.75	42.7
8711.6845	89.73	42.6
8857.6945	89.69	43.2
9006.1516	89.72	43.3
9157.0969	89.53	43.7
9310.5721	89.46	46.1
9466.6196	89.75	48
9625.2825	90.04	48
9786.6046	90.14	47.5
9950.6305	90.03	47.6
10117.405	89.87	50.3
10286.976	90.19	54.9
10459.388	90.95	57.6
10634.69	91.83	58.2
10812.93	92.67	56.5
10994.157	93.22	54
11178.422	93.71	53.5
11365.775	94.68	54.4
11556.268	96.49	52.7
11749.954	98.64	42.8
11946.886	100.15	24.8
12147.119	100.4	2
12350.708	99.1	-19
12557.708	97.16	-34.1
12768.179	94.9	-45.9
12982.177	92.33	-53.6
13199.761	89.65	-57.2
13420.992	87	-56.6
13645.931	84.32	-52.4
13874.641	81.71	-40.6
14107.183	80.67	-20
14343.623	81.95	-5.3
14584.025	83.35	-5.5
14828.457	83.74	-10.9
15076.986	83.31	-17.2
15329.68	82.07	-21
15586.609	80.76	-19.2
15847.844	79.98	-15.7
16113.458	79.45	-13
16383.524	78.73	-10.9
16658.115	78.09	-5.4
16937.31	78.17	0.7
17221.183	78.64	1.7
17509.814	78.57	-0.8
17803.283	78.13	0
18101.67	78.28	1.1
18405.059	78.65	0.6
18713.532	79.21	-4.2
19027.176	79.12	-12.6
19346.076	78.36	-19.1
19670.321	77.68	-19.7
20000	77.71	-19
