499.4710	43.9200	-82.5000
507.8423	44.3800	-82.3000
516.3539	44.9800	-82.2000
525.0081	45.6100	-82.2000
533.8074	46.2500	-82.3000
542.7541	46.8900	-82.5000
551.8508	47.5200	-82.8000
561.0999	48.1400	-83.3000
570.5041	48.7500	-83.8000
580.0659	49.3400	-84.4000
589.7880	49.9300	-85.1000
599.6729	50.4900	-85.8000
609.7236	51.0600	-86.5000
619.9428	51.6100	-87.4000
630.3331	52.1400	-88.2000
640.8976	52.6700	-89.1000
651.6392	53.1800	-90.0000
662.5608	53.6800	-90.8000
673.6656	54.1700	-91.7000
684.9564	54.6600	-92.6000
696.4364	55.1400	-93.4000
708.1088	55.6300	-94.3000
719.9769	56.1000	-95.2000
732.0439	56.5800	-96.0000
744.3132	57.0500	-96.8000
756.7880	57.5200	-97.7000
769.4720	58.0000	-98.6000
782.3685	58.4700	-99.5000
795.4812	58.9500	-100.4000
808.8137	59.4300	-101.5000
822.3696	59.9000	-102.6000
836.1527	60.3600	-103.7000
850.1668	60.8100	-105.0000
864.4158	61.2600	-106.3000
878.9036	61.6900	-107.7000
893.6343	62.1000	-109.1000
908.6118	62.4900	-110.5000
923.8403	62.8600	-111.9000
939.3242	63.2200	-113.4000
955.0674	63.5400	-114.6000
971.0747	63.8500	-115.8000
987.3501	64.1300	-116.8000
1003.8983	64.4100	-117.7000
1020.7239	64.6800	-118.4000
1037.8315	64.9600	-118.7000
1055.2258	65.2400	-118.9000
1072.9116	65.5500	-118.8000
1090.8939	65.8900	-118.6000
1109.1775	66.2700	-118.2000
1127.7676	66.6900	-117.8000
1146.6693	67.1500	-117.4000
1165.8877	67.6600	-117.2000
1185.4283	68.1800	-117.1000
1205.2964	68.7300	-117.1000
1225.4974	69.2800	-117.3000
1246.0371	69.8400	-117.7000
1266.9209	70.4100	-118.1000
1288.1549	70.9800	-118.6000
1309.7446	71.5500	-119.2000
1331.6963	72.1400	-119.9000
1354.0157	72.7400	-120.6000
1376.7095	73.3600	-121.5000
1399.7834	73.9800	-122.7000
1423.2441	74.6200	-124.0000
1447.0981	75.2500	-125.7000
1471.3518	75.8500	-127.5000
1496.0120	76.4200	-129.7000
1521.0856	76.9600	-131.8000
1546.5793	77.4500	-134.0000
1572.5004	77.9200	-136.2000
1598.8560	78.3800	-138.2000
1625.6531	78.8300	-140.0000
1652.8994	79.3000	-141.9000
1680.6024	79.8100	-143.8000
1708.7697	80.3500	-146.0000
1737.4091	80.8700	-148.6000
1766.5284	81.3700	-151.6000
1796.1360	81.8200	-155.0000
1826.2397	82.1700	-158.4000
1856.8479	82.4400	-161.8000
1887.9691	82.6500	-164.9000
1919.6121	82.8300	-167.5000
1951.7852	83.0200	-169.7000
1984.4976	83.2400	-171.7000
2017.7582	83.5000	-173.8000
2051.5764	83.7600	-176.1000
2085.9612	84.0000	-178.8000
2120.9224	84.1500	178.7000
2156.4695	84.2500	176.4000
2192.6125	84.3200	174.7000
2229.3613	84.4200	173.5000
2266.7258	84.5900	172.6000
2304.7168	84.8500	171.6000
2343.3445	85.1200	170.1000
2382.6194	85.3700	168.4000
2422.5527	85.5900	166.9000
2463.1553	85.8100	165.2000
2504.4385	86.0400	162.7000
2546.4133	86.1800	159.4000
2589.0918	86.2100	156.5000
2632.4858	86.1800	154.0000
2676.6069	86.0900	151.8000
2721.4673	85.9300	150.0000
2767.0798	85.6900	149.2000
2813.4568	85.4400	149.7000
2860.6111	85.3200	152.0000
2908.5557	85.5300	155.3000
2957.3037	86.1300	157.9000
3006.8689	86.9300	158.4000
3057.2646	87.6800	156.5000
3108.5051	88.2100	153.6000
3160.6045	88.5400	150.7000
3213.5769	88.7700	148.6000
3267.4375	89.0400	147.1000
3322.2004	89.3700	145.4000
3377.8813	89.6700	143.5000
3434.4954	89.9400	141.7000
3492.0583	90.2400	140.3000
3550.5862	90.6500	138.6000
3610.0950	91.0800	135.9000
3670.6008	91.3900	132.3000
3732.1211	91.5100	128.6000
3794.6724	91.5000	125.8000
3858.2720	91.4900	123.8000
3922.9375	91.5400	122.3000
3988.6870	91.5800	121.0000
4055.5383	91.6400	120.4000
4123.5103	91.8700	120.6000
4192.6211	92.3900	120.1000
4262.8906	92.9800	117.4000
4334.3379	93.3700	112.9000
4406.9824	93.5100	108.4000
4480.8442	93.5300	104.2000
4555.9443	93.4300	99.7000
4632.3032	93.0400	95.6000
4709.9419	92.4300	93.7000
4788.8813	91.9500	94.8000
4869.1445	91.7900	96.6000
4950.7524	91.8100	98.3000
5033.7280	91.9800	100.2000
5118.0947	92.3900	101.8000
5203.8750	92.9500	102.1000
5291.0933	93.5000	101.1000
5379.7734	94.0300	99.6000
5469.9399	94.6100	97.5000
5561.6172	95.1900	93.8000
5654.8315	95.5800	89.1000
5749.6079	95.8100	83.9000
5845.9727	95.8500	78.4000
5943.9526	95.6500	73.4000
6043.5747	95.3300	69.7000
6144.8662	94.9800	66.8000
6247.8560	94.5600	64.9000
6352.5713	94.1600	64.9000
6459.0420	94.0600	66.4000
6567.2974	94.3700	67.1000
6677.3667	94.7600	65.4000
6789.2808	94.9900	62.3000
6903.0708	95.0300	58.8000
7018.7681	95.0000	55.9000
7136.4043	94.9300	52.4000
7256.0122	94.6700	49.1000
7377.6250	94.2900	46.8000
7501.2759	93.8800	45.8000
7626.9990	93.5600	45.8000
7754.8291	93.3500	46.9000
7884.8022	93.4500	48.2000
8016.9531	93.7200	47.9000
8151.3193	93.9700	46.1000
8287.9375	94.0400	43.3000
8426.8457	93.9200	40.9000
8568.0811	93.7100	39.3000
8711.6846	93.5800	38.8000
8857.6943	93.5400	37.7000
9006.1514	93.2900	36.9000
9157.0967	93.1300	38.4000
9310.5723	93.4100	40.2000
9466.6191	94.0200	39.8000
9625.2822	94.5500	35.8000
9786.6045	94.6800	30.2000
9950.6309	94.3900	24.9000
10117.4050	93.8000	21.6000
10286.9760	93.1600	21.3000
10459.3880	92.9400	23.6000
10634.6900	93.2400	24.1000
10812.9300	93.4600	21.3000
10994.1570	93.3000	17.8000
11178.4220	92.8500	15.0000
11365.7750	92.1900	15.5000
11556.2680	92.0100	19.8000
11749.9540	92.6500	22.3000
11946.8860	93.3300	20.2000
12147.1190	93.6500	16.5000
12350.7080	93.7800	12.6000
12557.7080	93.6400	9.1000
12768.1790	93.5500	7.2000
12982.1770	93.4900	4.7000
13199.7610	93.4000	3.3000
13420.9920	93.6900	1.2000
13645.9310	93.7900	-4.5000
13874.6410	93.3500	-9.6000
14107.1830	92.7900	-12.3000
14343.6230	92.2800	-12.2000
14584.0250	92.4600	-11.6000
14828.4570	92.6400	-15.7000
15076.9860	92.4100	-20.2000
15329.6800	91.9200	-23.9000
15586.6090	91.4100	-24.5000
15847.8440	91.5100	-25.0000
16113.4580	91.6300	-28.4000
16383.5240	91.5000	-33.9000
16658.1150	90.7200	-37.8000
16937.3110	90.2600	-36.6000
17221.1840	90.4700	-37.0000
17509.8140	90.7800	-41.5000
17803.2830	90.4700	-48.4000
18101.6700	89.9200	-53.0000
18405.0590	89.3000	-57.3000
18713.5310	88.7800	-60.5000
19027.1760	88.2500	-64.5000
19346.0760	87.6500	-69.2000
19670.3200	86.7500	-71.4000
20000.0000	86.4800	-71.2000