298.3562	61.3100	-84.8000
303.3567	61.8800	-86.6000
308.4410	61.9700	-88.4000
313.6106	62.2200	-90.2000
318.8668	62.7400	-92.0000
324.2111	62.8800	-93.9000
329.6449	62.6300	-95.8000
335.1698	62.3300	-97.7000
340.7874	62.2100	-99.5000
346.4991	62.4800	-101.4000
352.3065	63.1200	-103.2000
358.2112	64.0300	-105.1000
364.2149	64.7000	-106.9000
370.3193	65.3900	-108.8000
376.5259	66.0300	-110.6000
382.8366	66.5700	-112.5000
389.2530	67.0300	-114.2000
395.7770	67.6100	-115.9000
402.4103	68.1000	-117.6000
409.1548	68.4800	-119.2000
416.0123	68.7300	-120.8000
422.9848	69.0200	-122.3000
430.0741	69.4300	-123.7000
437.2823	69.9000	-125.0000
444.6112	70.5700	-126.3000
452.0630	71.3200	-127.4000
459.6397	71.8800	-128.3000
467.3434	72.2700	-129.2000
475.1762	72.5600	-129.8000
483.1402	72.6800	-130.3000
491.2378	72.7600	-130.8000
499.4710	72.9100	-130.9000
507.8423	73.2100	-131.1000
516.3539	73.5900	-131.3000
525.0081	74.0200	-131.2000
533.8074	74.4800	-131.2000
542.7541	74.9800	-131.3000
551.8508	75.5100	-131.3000
561.0999	76.0800	-131.5000
570.5041	76.6800	-131.9000
580.0659	77.3000	-132.5000
589.7879	77.9500	-133.3000
599.6729	78.6100	-134.3000
609.7236	79.2800	-135.6000
619.9427	79.9600	-137.2000
630.3331	80.6300	-139.0000
640.8976	81.3000	-141.1000
651.6392	81.9500	-143.4000
662.5609	82.5900	-145.9000
673.6656	83.2100	-148.7000
684.9564	83.8000	-151.6000
696.4364	84.3800	-154.7000
708.1088	84.9300	-158.0000
719.9769	85.4600	-161.4000
732.0439	85.9500	-164.9000
744.3131	86.4200	-168.6000
756.7880	86.8600	-172.3000
769.4720	87.2700	-176.2000
782.3685	87.6500	-140.5000
795.4812	87.9900	175.9000
808.8137	88.3100	171.9000
822.3696	88.5900	167.9000
836.1527	88.8300	163.9000
850.1668	89.0500	159.8000
864.4158	89.2300	155.8000
878.9036	89.3800	151.8000
893.6343	89.5000	147.8000
908.6118	89.5800	143.9000
923.8404	89.6400	140.1000
939.3242	89.6600	136.3000
955.0675	89.6400	132.6000
971.0746	89.6000	129.1000
987.3501	89.5200	125.7000
1003.8983	89.4200	122.5000
1020.7239	89.2900	119.4000
1037.8315	89.1300	116.5000
1055.2258	88.9500	113.9000
1072.9116	88.7400	111.4000
1090.8939	88.5100	109.3000
1109.1775	88.2700	107.4000
1127.7676	88.0200	105.9000
1146.6693	87.7700	104.6000
1165.8877	87.5200	103.8000
1185.4283	87.2900	103.2000
1205.2964	87.0800	103.0000
1225.4974	86.9100	103.1000
1246.0371	86.7900	103.4000
1266.9209	86.7200	103.9000
1288.1549	86.7200	104.3000
1309.7446	86.7600	104.7000
1331.6963	86.8600	104.9000
1354.0158	86.9800	104.7000
1376.7095	87.1200	104.2000
1399.7835	87.2500	103.4000
1423.2442	87.3500	102.2000
1447.0981	87.4100	100.9000
1471.3518	87.4100	99.4000
1496.0120	87.3500	97.9000
1521.0856	87.2200	96.6000
1546.5793	87.0400	95.7000
1572.5004	86.8300	95.2000
1598.8559	86.6100	95.3000
1625.6531	86.4100	96.0000
1652.8994	86.2700	97.0000
1680.6024	86.2000	98.4000
1708.7697	86.2000	99.8000
1737.4091	86.2600	101.0000
1766.5285	86.3700	102.2000
1796.1360	86.5000	103.1000
1826.2397	86.6400	103.9000
1856.8479	86.8000	104.6000
1887.9691	86.9700	105.2000
1919.6120	87.1600	105.8000
1951.7851	87.3700	106.1000
1984.4975	87.6000	106.2000
2017.7582	87.8100	105.9000
2051.5763	87.9900	105.4000
2085.9612	88.1200	104.8000
2120.9224	88.1900	104.2000
2156.4696	88.2100	103.7000
2192.6126	88.1900	103.6000
2229.3613	88.1500	104.0000
2266.7259	88.1300	104.7000
2304.7168	88.1400	105.9000
2343.3444	88.2000	107.3000
2382.6195	88.3200	108.9000
2422.5528	88.4900	110.5000
2463.1553	88.7400	112.2000
2504.4384	89.0400	113.8000
2546.4134	89.4200	115.1000
2589.0919	89.8400	116.2000
2632.4858	90.3200	116.8000
2676.6069	90.8300	116.9000
2721.4674	91.3500	116.6000
2767.0799	91.8600	115.6000
2813.4568	92.3500	114.2000
2860.6111	92.8000	112.4000
2908.5556	93.2200	110.2000
2957.3037	93.6000	107.7000
3006.8689	93.9300	104.8000
3057.2647	94.1800	101.3000
3108.5052	94.3200	97.5000
3160.6045	94.3000	93.5000
3213.5770	94.1200	89.8000
3267.4374	93.7900	86.7000
3322.2004	93.3300	84.5000
3377.8813	92.7800	83.6000
3434.4954	92.2300	84.2000
3492.0584	91.7800	86.4000
3550.5862	91.5300	89.7000
3610.0949	91.5500	93.2000
3670.6009	91.7800	96.2000
3732.1211	92.1500	98.2000
3794.6724	92.5700	99.2000
3858.2720	92.9600	99.1000
3922.9376	93.2700	98.6000
3988.6870	93.5300	97.8000
4055.5384	93.7500	97.1000
4123.5102	93.9500	96.2000
4192.6212	94.1300	95.0000
4262.8906	94.2200	93.6000
4334.3377	94.2200	92.4000
4406.9822	94.1800	91.8000
4480.8443	94.1700	91.9000
4555.9444	94.2300	92.1000
4632.3031	94.3700	92.2000
4709.9417	94.5600	91.8000
4788.8814	94.7200	90.6000
4869.1443	94.7400	89.2000
4950.7523	94.6900	88.3000
5033.7281	94.6800	87.7000
5118.0947	94.6800	86.7000
5203.8752	94.5400	85.4000
5291.0934	94.2200	84.9000
5379.7734	93.8700	86.3000
5469.9397	93.7600	89.1000
5561.6173	93.9500	91.5000
5654.8313	94.2300	92.7000
5749.6077	94.4700	93.4000
5845.9725	94.7800	93.9000
5943.9525	95.2200	93.5000
6043.5746	95.6000	90.9000
6144.8664	95.6100	87.1000
6247.8558	95.2100	84.5000
6352.5714	94.6900	84.8000
6459.0421	94.4300	87.1000
6567.2972	94.4500	89.0000
6677.3667	94.4700	89.9000
6789.2810	94.4400	91.3000
6903.0710	94.5400	93.1000
7018.7682	94.7300	94.2000
7136.4045	94.8500	95.1000
7256.0123	94.9700	96.8000
7377.6249	95.3600	98.8000
7501.2757	95.8800	98.7000
7626.9989	96.2000	97.4000
7754.8293	96.4100	96.6000
7884.8021	96.6300	95.4000
8016.9533	96.7100	93.8000
8151.3194	96.6900	93.4000
8287.9375	96.8400	93.4000
8426.8454	96.9300	92.2000
8568.0814	96.7700	92.1000
8711.6845	96.8200	94.0000
8857.6945	97.1500	95.2000
9006.1516	97.5000	95.8000
9157.0969	98.0500	95.8000
9310.5721	98.6200	93.2000
9466.6196	98.8700	89.8000
9625.2825	99.0500	86.7000
9786.6046	99.0900	82.9000
9950.6305	98.8900	80.3000
10117.4050	98.8700	78.8000
10286.9760	98.8400	76.1000
10459.3880	98.7300	74.4000
10634.6900	98.8000	72.0000
10812.9300	98.6700	68.1000
10994.1570	98.3800	64.8000
11178.4220	97.9200	61.3000
11365.7750	97.1900	60.2000
11556.2680	96.7800	61.2000
11749.9540	96.5500	62.6000
11946.8860	96.7700	63.3000
12147.1190	96.9100	60.5000
12350.7080	96.7800	57.3000
12557.7080	96.3800	53.5000
12768.1790	95.7800	52.1000
12982.1770	95.4000	51.3000
13199.7610	95.1200	50.2000
13420.9920	94.8000	46.8000
13645.9310	94.0000	43.8000
13874.6410	93.0800	43.0000
14107.1830	92.2900	45.2000
14343.6230	91.9600	46.5000
14584.0250	91.5500	46.2000
14828.4570	90.9500	44.7000
15076.9860	90.0600	45.1000
15329.6800	89.3400	47.5000
15586.6090	89.0100	50.3000
15847.8440	88.7500	50.4000
16113.4580	88.2200	49.1000
16383.5240	87.2400	50.0000
16658.1150	86.5300	53.9000
16937.3100	86.2200	57.5000
17221.1830	85.9000	58.7000
17509.8140	85.3000	59.6000
17803.2830	84.5400	62.2000
18101.6700	83.8100	66.0000
18405.0590	83.2100	72.1000
18713.5320	83.0800	80.2000
19027.1760	83.6400	87.4000
19346.0760	84.8100	90.8000
19670.3210	85.9500	89.6000
20000.0000	86.4400	87.0000