5	27.53	-103.6
5.0838	27.55	-103.6
5.16901	27.58	-103.6
5.25564	27.6	-103.7
5.34373	27.62	-103.7
5.43329	27.65	-103.7
5.52435	27.67	-103.7
5.61694	27.69	-103.7
5.71108	27.72	-103.8
5.8068	27.74	-103.8
5.90413	27.77	-103.8
6.00308	27.8	-103.8
6.10369	27.82	-103.8
6.20599	27.85	-103.9
6.31001	27.88	-103.9
6.41576	27.9	-103.9
6.52329	27.93	-103.9
6.63263	27.96	-103.9
6.74379	27.99	-104
6.85682	28.02	-104
6.97174	28.05	-104
7.08859	28.08	-104
7.20739	28.11	-104.1
7.32819	28.14	-104.1
7.45101	28.18	-104.1
7.57589	28.21	-104.1
7.70287	28.24	-104.2
7.83197	28.28	-104.2
7.96324	28.31	-104.2
8.0967	28.35	-104.2
8.2324	28.38	-104.3
8.37038	28.42	-104.3
8.51067	28.45	-104.3
8.65331	28.49	-104.3
8.79834	28.53	-104.4
8.94581	28.57	-104.4
9.09574	28.61	-104.4
9.24819	28.65	-104.5
9.40319	28.69	-104.5
9.56079	28.73	-104.5
9.72103	28.77	-104.6
9.88396	28.81	-104.6
10.04961	28.86	-104.6
10.21805	28.9	-104.7
10.38931	28.95	-104.7
10.56343	28.99	-104.7
10.74048	29.04	-104.8
10.92049	29.09	-104.8
11.10352	29.13	-104.8
11.28962	29.18	-104.9
11.47884	29.23	-104.9
11.67122	29.28	-105
11.86684	29.33	-105
12.06573	29.39	-105
12.26795	29.44	-105.1
12.47357	29.49	-105.1
12.68263	29.55	-105.2
12.89519	29.6	-105.2
13.11132	29.66	-105.2
13.33107	29.72	-105.3
13.5545	29.78	-105.3
13.78167	29.84	-105.4
14.01266	29.9	-105.4
14.24751	29.96	-105.5
14.48631	30.02	-105.5
14.7291	30.09	-105.6
14.97596	30.15	-105.6
15.22696	30.22	-105.7
15.48217	30.28	-105.7
15.74166	30.35	-105.8
16.00549	30.42	-105.8
16.27375	30.49	-105.9
16.5465	30.56	-105.9
16.82382	30.64	-106
17.10579	30.71	-106.1
17.39249	30.78	-106.1
17.68399	30.86	-106.2
17.98038	30.94	-106.2
18.28174	31.02	-106.3
18.58814	31.1	-106.4
18.89969	31.18	-106.4
19.21645	31.26	-106.5
19.53852	31.35	-106.5
19.86599	31.43	-106.6
20.19895	31.52	-106.7
20.53749	31.61	-106.7
20.8817	31.7	-106.8
21.23169	31.79	-106.9
21.58753	31.89	-107
21.94935	31.98	-107
22.31722	32.08	-107.1
22.69126	32.18	-107.2
23.07158	32.28	-107.3
23.45826	32.38	-107.3
23.85143	32.48	-107.4
24.25118	32.58	-107.5
24.65764	32.69	-107.6
25.07091	32.8	-107.7
25.4911	32.91	-107.7
25.91834	33.02	-107.8
26.35274	33.14	-107.9
26.79441	33.25	-108
27.2435	33.37	-108.1
27.7001	33.49	-108.2
28.16436	33.61	-108.3
28.63641	33.74	-108.4
29.11636	33.86	-108.5
29.60436	33.99	-108.6
30.10053	34.12	-108.7
30.60502	34.25	-108.8
31.11797	34.39	-108.9
31.63952	34.52	-109
32.1698	34.66	-109.1
32.70898	34.8	-109.2
33.25719	34.95	-109.3
33.81459	35.09	-109.4
34.38133	35.24	-109.5
34.95757	35.39	-109.7
35.54346	35.55	-109.8
36.13918	35.7	-109.9
36.74488	35.86	-110
37.36074	36.02	-110.1
37.98691	36.19	-110.3
38.62358	36.36	-110.4
39.27092	36.53	-110.5
39.92911	36.7	-110.7
40.59833	36.87	-110.8
41.27877	37.05	-110.9
41.97061	37.23	-111.1
42.67405	37.42	-111.2
43.38928	37.61	-111.4
44.11649	37.8	-111.5
44.8559	37.99	-111.7
45.60769	38.19	-111.8
46.37209	38.39	-112
47.1493	38.59	-112.1
47.93953	38.8	-112.3
48.74301	39.01	-112.4
49.55995	39.23	-112.6
50.39059	39.44	-112.8
51.23515	39.67	-112.9
52.09386	39.89	-113.1
52.96697	40.12	-113.3
53.85471	40.35	-113.5
54.75733	40.59	-113.7
55.67507	40.83	-113.8
56.6082	41.08	-114
57.55697	41.32	-114.2
58.52164	41.58	-114.4
59.50247	41.84	-114.6
60.49975	42.1	-114.8
61.51374	42.36	-115
62.54472	42.63	-115.2
63.59299	42.91	-115.4
64.65882	43.19	-115.7
65.74252	43.47	-115.9
66.84438	43.76	-116.1
67.96471	44.06	-116.3
69.10382	44.36	-116.6
70.26201	44.66	-116.8
71.43962	44.97	-117
72.63697	45.28	-117.3
73.85438	45.6	-117.5
75.0922	45.93	-117.8
76.35076	46.26	-118
77.63042	46.59	-118.3
78.93152	46.93	-118.5
80.25443	47.28	-118.8
81.59952	47.63	-119.1
82.96715	47.99	-119.3
84.3577	48.36	-119.6
85.77155	48.73	-119.9
87.2091	49.11	-120.2
88.67075	49.49	-120.5
90.15689	49.88	-120.8
91.66795	50.3	-121.3
93.20432	50.78	-122.2
94.76645	51.28	-123.9
96.35476	51.79	-126.4
97.96969	52.27	-129.4
99.61168	52.7	-132.7
101.2812	53.08	-136.2
102.9787	53.45	-139.4
104.70465	53.82	-142.3
106.45952	54.23	-144.9
108.24381	54.7	-147.3
110.058	55.22	-149.9
111.9026	55.76	-152.9
113.77812	56.28	-156.7
115.68507	56.7	-161.3
117.62398	56.98	-166.4
119.59538	57.11	-171.6
121.59983	57.1	-176.5
123.63787	57.02	179.4
125.71007	56.9	175.9
127.81701	56.77	173.1
129.95925	56.68	170.8
132.1374	56.62	169
134.35205	56.61	167.4
136.60383	56.62	166
138.89334	56.66	164.7
141.22123	56.72	163.5
143.58813	56.8	162.5
145.9947	56.91	161.6
148.44161	57.05	160.7
150.92953	57.2	159.7
153.45914	57.36	158.8
156.03116	57.52	157.8
158.64628	57.7	156.9
161.30523	57.9	155.9
164.00874	58.1	154.7
166.75757	58.3	153.4
169.55247	58.48	151.9
172.39421	58.63	150.2
175.28358	58.77	148.5
178.22137	58.87	146.7
181.2084	58.95	144.9
184.2455	58.98	143
187.3335	58.96	141.2
190.47326	58.89	139.5
193.66564	58.75	138.1
196.91152	58.55	137.2
200.2118	58.29	137.1
203.5674	58.01	137.9
206.97924	57.77	139.7
210.44827	57.63	142.4
213.97543	57.62	145.6
217.56171	57.76	149
221.2081	58.02	152.4
224.9156	58.39	155.9
228.68524	58.85	159.5
232.51806	59.42	163.4
236.41512	60.09	167.4
240.3775	60.86	171.1
244.40628	61.67	174
248.50259	62.49	175.8
252.66756	63.27	176.4
256.90233	63.99	175.8
261.20807	64.63	174.3
265.58598	65.2	172.3
270.03727	65.71	169.8
274.56316	66.16	166.9
279.16491	66.55	163.8
283.84378	66.87	160.4
288.60107	67.11	156.8
293.43809	67.26	153.3
298.35619	67.33	149.9
303.35671	67.32	146.7
308.44104	67.24	144
313.61059	67.1	141.9
318.86678	66.91	140.5
324.21107	66.71	139.9
329.64492	66.53	140.1
335.16985	66.4	141.2
340.78738	66.38	143
346.49906	66.48	145.2
352.30647	66.71	147.4
358.21121	67.04	149.3
364.21492	67.43	150.7
370.31925	67.84	151.5
376.5259	68.23	151.8
382.83656	68.59	151.8
389.253	68.91	151.7
395.77697	69.2	151.8
402.41029	69.51	152.1
409.15479	69.86	152.7
416.01232	70.26	153.5
422.98479	70.73	154.2
430.07412	71.24	154.6
437.28226	71.76	154.5
444.61122	72.27	153.7
452.06302	72.8	153.2
459.6397	73.34	151.4
467.34338	73.79	148.1
475.17617	74.05	143.9
483.14023	74.1	139.3
491.23778	73.9	135.2
499.47105	73.46	132.2
507.84231	72.92	132.5
516.35387	72.42	135
525.00808	72.15	139.7
533.80735	72.36	145.9
542.75409	73.18	152.1
551.85078	74.38	155.7
561.09994	75.62	155.9
570.50411	76.62	153.1
580.0659	77.31	148.7
589.78794	77.7	143.9
599.67293	77.88	139.8
609.7236	77.93	136.5
619.94272	77.91	134.3
630.33311	77.87	133
640.89765	77.86	132.4
651.63925	77.9	132.4
662.56088	78.01	132.9
673.66556	78.23	133.9
684.95636	78.6	134.6
696.4364	79.06	134.7
708.10884	79.5	133.8
719.97692	79.86	132.6
732.04391	80.16	131.3
744.31315	80.44	130.1
756.78802	80.71	129.1
769.47197	81	128.3
782.36851	81.3	127.4
795.4812	81.66	126.2
808.81366	81.98	124.4
822.36957	82.18	122.4
836.15269	82.26	120.9
850.16681	82.3	120.2
864.41582	82.42	120.6
878.90364	82.73	121.5
893.63428	83.29	122.1
908.61181	83.99	121.1
923.84036	84.58	118.1
939.32415	84.9	113.7
955.06746	84.9	109.6
971.07462	84.7	107.1
987.35007	84.51	106.7
1003.8983	84.53	107.6
1020.7239	84.82	108.7
1037.8315	85.25	108.5
1055.2258	85.64	107.2
1072.9116	85.92	105.5
1090.8939	86.17	104.3
1109.1775	86.46	103.2
1127.7676	86.8	101.7
1146.6693	87.09	99.7
1165.8877	87.29	97.7
1185.4283	87.5	96.3
1205.2964	87.79	95
1225.4974	88.14	93.1
1246.0371	88.45	90.5
1266.9209	88.68	87.7
1288.1549	88.84	84.9
1309.7446	88.98	82
1331.6963	89.07	79.3
1354.0158	89.11	76.3
1376.7095	89.1	73.7
1399.7835	89.04	71.3
1423.2442	88.96	69.2
1447.0981	88.86	67.5
1471.3518	88.77	66.2
1496.012	88.71	65
1521.0856	88.67	64
1546.5793	88.65	63.2
1572.5004	88.71	62.7
1598.8559	88.83	61.6
1625.6531	88.93	60.1
1652.8994	88.97	58.3
1680.6024	88.96	56.9
1708.7697	88.97	55.7
1737.4091	89.02	54.5
1766.5285	89.08	53
1796.136	89.14	51.2
1826.2397	89.15	49.2
1856.8479	89.13	47
1887.9691	89.03	44.5
1919.612	88.8	42.1
1951.7851	88.43	40.6
1984.4975	88.04	40.7
2017.7582	87.82	41.4
2051.5763	87.75	41.9
2085.9612	87.7	41.7
2120.9224	87.61	41.3
2156.4696	87.47	41
2192.6126	87.25	41
2229.3613	87	42
2266.7259	86.87	44.1
2304.7168	86.96	46.5
2343.3444	87.2	47.8
2382.6195	87.42	48
2422.5528	87.52	47.9
2463.1553	87.57	48.3
2504.4384	87.65	49.2
2546.4134	87.85	50.4
2589.0919	88.19	51.3
2632.4858	88.57	51.1
2676.6069	88.87	49.8
2721.4674	89	48.1
2767.0799	88.99	46.9
2813.4568	88.92	46.6
2860.6111	88.89	47.5
2908.5556	89.01	48.7
2957.3037	89.26	50.1
3006.8689	89.63	51
3057.2647	90.16	48.8
3108.5052	90.67	45.3
3160.6045	90.88	42.8
3213.577	90.96	40.7
3267.4374	91.01	39.4
3322.2004	91.14	38.4
3377.8813	91.31	37.1
3434.4954	91.47	35.5
3492.0584	91.59	33.7
3550.5862	91.72	31.9
3610.0949	91.86	29.6
3670.6009	91.95	26.6
3732.1211	91.86	22.9
3794.6724	91.53	19.8
3858.272	91.04	18.2
3922.9376	90.55	18.6
3988.687	90.23	20.2
4055.5384	90.14	22.1
4123.5102	90.25	23.8
4192.6212	90.53	24.9
4262.8906	90.93	24.8
4334.3377	91.3	23
4406.9822	91.48	20.3
4480.8443	91.51	17.3
4555.9444	91.44	14.6
4632.3031	91.26	11.7
4709.9417	90.87	9.4
4788.8814	90.33	8.9
4869.1443	89.88	10.5
4950.7523	89.69	12.9
5033.7281	89.76	15.2
5118.0947	90.03	16.7
5203.8752	90.38	16.9
5291.0934	90.66	15.8
5379.7734	90.84	14.3
5469.9397	90.98	12.4
5561.6173	91.02	10
5654.8313	90.89	7.7
5749.6077	90.66	6.1
5845.9725	90.41	5.3
5943.9525	90.18	5
6043.5746	89.97	5
6144.8664	89.78	5.4
6247.8558	89.6	6.3
6352.5714	89.56	8
6459.0421	89.73	9.4
6567.2972	90.01	9.6
6677.3667	90.23	8.3
6789.281	90.26	6.5
6903.071	90.17	5.2
7018.7682	90.01	4.5
7136.4045	89.84	4.7
7256.0123	89.76	5.6
7377.6249	89.82	6.9
7501.2757	90.09	7.6
7626.9989	90.39	6.6
7754.8293	90.53	4.5
7884.8021	90.47	2.1
8016.9533	90.25	0.4
8151.3194	89.95	-0.4
8287.9375	89.62	0
8426.8454	89.4	1.8
8568.0814	89.44	3.9
8711.6845	89.7	5.3
8857.6945	90.05	4.8
9006.1516	90.23	2.9
9157.0969	90.11	0.6
9310.5721	89.78	0.5
9466.6196	89.69	2.7
9625.2825	90	4.5
9786.6046	90.45	3.5
9950.6305	90.61	0.2
10117.405	90.39	-2.7
10286.976	90.02	-3.4
10459.388	89.82	-2.3
10634.69	89.9	-1.3
10812.93	90.06	-1.6
10994.157	90.17	-2.8
11178.422	90.13	-4.3
11365.775	89.96	-5.4
11556.268	89.8	-5.5
11749.954	89.8	-5
11946.886	89.98	-5.4
12147.119	90.09	-7.5
12350.708	89.97	-10.1
12557.708	89.67	-11.5
12768.179	89.4	-11.7
12982.177	89.32	-12
13199.761	89.28	-13.6
13420.992	89.03	-16.4
13645.931	88.48	-18.2
13874.641	87.79	-17.6
14107.183	87.31	-16
14343.623	87.02	-15
14584.025	86.6	-14.3
14828.457	85.99	-12.1
15076.986	85.48	-7.4
15329.68	85.41	-2
15586.609	85.66	2.5
15847.844	86.09	6.2
16113.458	86.79	9.2
16383.524	87.65	9.5
16658.115	88.31	6.7
16937.31	88.59	2.6
17221.183	88.73	-1
17509.814	88.89	-5.1
17803.283	88.78	-10.4
18101.67	88.35	-15.1
18405.059	87.75	-19
18713.532	86.98	-22.5
19027.176	85.86	-22.2
19346.076	84.86	-15.8
19670.321	84.81	-9.7
20000	85	-7.8
