298.3562	71.2200	-123.0000
303.3567	71.2700	-123.2000
308.4410	71.3200	-123.4000
313.6106	71.3500	-123.7000
318.8668	71.3200	-124.0000
324.2111	71.2500	-124.3000
329.6449	71.1700	-124.7000
335.1698	71.1100	-125.1000
340.7874	71.1400	-125.5000
346.4991	71.3300	-126.0000
352.3065	71.6800	-126.5000
358.2112	72.1300	-127.2000
364.2149	72.6200	-127.8000
370.3193	73.1200	-128.4000
376.5259	73.6500	-129.1000
382.8366	74.2000	-129.9000
389.2530	74.7400	-130.7000
395.7770	75.2700	-131.6000
402.4103	75.8200	-132.5000
409.1548	76.3000	-133.4000
416.0123	76.7200	-134.4000
422.9848	77.1500	-135.4000
430.0741	77.5900	-136.5000
437.2823	78.1500	-137.8000
444.6112	78.7800	-139.1000
452.0630	79.4000	-140.4000
459.6397	79.9400	-141.8000
467.3434	80.4000	-143.3000
475.1762	80.8500	-144.9000
483.1402	81.3000	-146.6000
491.2378	81.8000	-148.5000
499.4710	82.3600	-150.7000
507.8423	82.8300	-152.6000
516.3539	83.3000	-154.7000
525.0081	83.7500	-156.7000
533.8074	84.2100	-158.8000
542.7541	84.6500	-161.0000
551.8508	85.0800	-163.2000
561.0999	85.5100	-165.4000
570.5041	85.9200	-167.7000
580.0659	86.3200	-170.0000
589.7879	86.7200	-172.3000
599.6729	87.1000	-174.8000
609.7236	87.4700	-177.2000
619.9427	87.8300	-179.8000
630.3331	88.1900	177.9000
640.8976	88.5300	175.4000
651.6392	88.8600	172.9000
662.5609	89.1900	170.4000
673.6656	89.5000	167.9000
684.9564	89.8000	165.3000
696.4364	90.1000	162.7000
708.1088	90.3800	160.1000
719.9769	90.6600	157.5000
732.0439	90.9200	154.9000
744.3131	91.1800	152.2000
756.7880	91.4300	149.5000
769.4720	91.6600	146.8000
782.3685	91.8800	144.0000
795.4812	92.0900	141.3000
808.8137	92.2800	138.5000
822.3696	92.4500	135.7000
836.1527	92.6100	132.7000
850.1668	92.7400	129.9000
864.4158	92.8500	127.0000
878.9036	92.9300	124.1000
893.6343	92.9900	121.3000
908.6118	93.0200	118.6000
923.8404	93.0300	115.8000
939.3242	93.0000	113.3000
955.0675	92.9500	110.9000
971.0746	92.8800	108.7000
987.3501	92.7900	106.7000
1003.8983	92.6800	104.9000
1020.7239	92.5700	103.4000
1037.8315	92.4700	102.3000
1055.2258	92.3700	101.3000
1072.9116	92.3000	100.5000
1090.8939	92.2300	99.9000
1109.1775	92.1800	99.3000
1127.7676	92.1500	98.9000
1146.6693	92.1500	98.5000
1165.8877	92.2100	98.1000
1185.4283	92.3000	97.7000
1205.2964	92.4100	97.0000
1225.4974	92.5300	96.2000
1246.0371	92.6400	95.2000
1266.9209	92.7300	94.1000
1288.1549	92.8000	93.0000
1309.7446	92.8500	91.9000
1331.6963	92.8900	91.0000
1354.0158	92.9300	90.3000
1376.7095	93.0000	89.8000
1399.7835	93.1100	89.3000
1423.2442	93.2600	88.7000
1447.0981	93.4600	88.0000
1471.3518	93.6800	86.8000
1496.0120	93.8900	85.2000
1521.0856	94.0700	83.1000
1546.5793	94.1900	80.8000
1572.5004	94.2300	78.3000
1598.8559	94.1800	75.8000
1625.6531	94.0600	73.8000
1652.8994	93.9000	72.2000
1680.6024	93.7400	71.2000
1708.7697	93.6200	70.6000
1737.4091	93.5700	70.3000
1766.5285	93.6000	69.8000
1796.1360	93.6600	68.8000
1826.2397	93.7000	67.3000
1856.8479	93.6800	65.4000
1887.9691	93.5400	63.5000
1919.6120	93.3000	61.9000
1951.7851	92.9900	61.1000
1984.4975	92.7000	61.2000
2017.7582	92.5000	62.0000
2051.5763	92.4300	63.0000
2085.9612	92.4600	63.4000
2120.9224	92.5000	63.1000
2156.4696	92.4500	62.3000
2192.6126	92.2700	61.5000
2229.3613	91.9900	61.6000
2266.7259	91.7100	62.9000
2304.7168	91.5700	65.2000
2343.3444	91.6500	67.8000
2382.6195	91.9100	69.5000
2422.5528	92.2100	70.1000
2463.1553	92.4400	69.8000
2504.4384	92.5500	69.2000
2546.4134	92.5900	69.1000
2589.0919	92.6500	69.5000
2632.4858	92.8000	70.1000
2676.6069	93.0300	70.2000
2721.4674	93.2700	69.5000
2767.0799	93.4000	68.2000
2813.4568	93.3900	67.0000
2860.6111	93.3100	66.5000
2908.5556	93.2800	66.9000
2957.3037	93.3700	67.4000
3006.8689	93.5600	67.2000
3057.2647	93.6800	66.1000
3108.5052	93.6400	64.7000
3160.6045	93.4700	64.2000
3213.5770	93.3100	65.0000
3267.4374	93.3300	66.4000
3322.2004	93.4700	67.2000
3377.8813	93.6100	67.4000
3434.4954	93.7000	67.5000
3492.0584	93.8300	68.2000
3550.5862	94.1000	68.4000
3610.0949	94.4000	67.2000
3670.6009	94.4800	64.8000
3732.1211	94.2500	62.8000
3794.6724	93.8600	62.8000
3858.2720	93.6000	65.0000
3922.9376	93.6200	67.7000
3988.6870	93.8100	69.9000
4055.5384	94.0700	71.9000
4123.5102	94.5000	73.9000
4192.6212	95.1500	74.5000
4262.8906	95.7900	72.8000
4334.3377	96.1600	69.8000
4406.9822	96.3300	67.3000
4480.8443	96.5300	65.4000
4555.9444	96.7600	62.5000
4632.3031	96.7800	58.6000
4709.9417	96.5100	55.5000
4788.8814	96.2000	53.9000
4869.1443	95.9700	52.9000
4950.7523	95.7100	52.0000
5033.7281	95.4400	52.1000
5118.0947	95.3100	52.4000
5203.8752	95.2100	52.0000
5291.0934	94.9400	52.0000
5379.7734	94.7600	53.7000
5469.9397	94.8900	55.3000
5561.6173	95.0800	55.2000
5654.8313	95.1900	54.8000
5749.6077	95.3500	53.9000
5845.9725	95.4100	51.9000
5943.9525	95.3000	50.1000
6043.5746	95.2000	48.4000
6144.8664	94.9300	45.8000
6247.8558	94.2900	44.3000
6352.5714	93.6500	46.0000
6459.0421	93.3100	48.9000
6567.2972	93.1900	52.1000
6677.3667	93.3100	54.6000
6789.2810	93.4300	55.6000
6903.0710	93.4800	57.3000
7018.7682	93.8200	58.7000
7136.4045	94.1200	57.9000
7256.0123	94.2600	56.8000
7377.6249	94.3800	55.2000
7501.2757	94.3300	53.2000
7626.9989	94.1800	51.0000
7754.8293	93.7200	48.9000
7884.8021	93.1000	49.1000
8016.9533	92.5600	51.0000
8151.3194	92.1500	54.5000
8287.9375	92.0200	58.7000
8426.8454	92.1300	63.5000
8568.0814	92.7400	66.8000
8711.6845	93.2700	66.9000
8857.6945	93.7100	66.3000
9006.1516	93.9800	63.7000
9157.0969	93.9400	61.2000
9310.5721	93.5900	59.9000
9466.6196	93.4300	61.5000
9625.2825	93.5800	61.8000
9786.6046	93.7300	60.6000
9950.6305	93.6800	58.8000
10117.4050	93.5200	56.1000
10286.9760	92.9400	54.0000
10459.3880	92.2600	53.8000
10634.6900	91.5300	55.3000
10812.9300	90.7700	58.7000
10994.1570	90.2200	65.2000
11178.4220	90.0400	73.3000
11365.7750	90.5700	82.4000
11556.2680	91.7700	89.0000
11749.9540	93.3000	91.0000
11946.8860	94.8000	87.8000
12147.1190	95.6600	81.3000
12350.7080	95.9900	75.2000
12557.7080	96.2200	70.3000
12768.1790	96.4000	65.2000
12982.1770	96.4800	58.7000
13199.7610	96.1200	51.8000
13420.9920	95.4900	46.2000
13645.9310	94.5900	41.8000
13874.6410	93.5700	40.4000
14107.1830	92.7900	40.6000
14343.6230	92.1100	41.7000
14584.0250	91.7000	43.0000
14828.4570	91.3700	43.9000
15076.9860	91.2100	43.8000
15329.6800	90.8800	42.8000
15586.6090	90.5000	41.7000
15847.8440	89.9200	41.5000
16113.4580	89.5800	42.6000
16383.5240	89.5100	42.2000
16658.1150	89.1700	38.6000
16937.3100	88.2100	37.5000
17221.1830	87.5400	40.0000
17509.8140	87.4500	41.0000
17803.2830	87.0700	38.9000
18101.6700	86.4100	37.8000
18405.0590	85.7200	37.6000
18713.5320	85.0200	37.7000
19027.1760	84.4200	38.9000
19346.0760	84.0100	38.4000
19670.3210	83.3900	36.9000
20000.0000	82.9200	36.8000