4.3945	60.3200	-93.5000
5.8594	69.3700	-93.0000
7.3242	58.6900	-92.5000
8.7891	58.2500	-92.0000
10.2539	74.1100	-167.8000
11.7188	50.6200	42.2000
13.1836	63.4200	171.8000
14.6484	59.1700	60.6000
16.1133	73.2900	73.0000
17.5781	75.0500	-25.4000
19.0430	72.4200	-25.8000
20.5078	69.9600	-82.3000
21.9727	80.5100	-95.1000
23.4375	79.3200	-164.3000
24.9023	68.4700	135.5000
26.3672	64.3200	139.9000
27.8320	64.0700	158.9000
29.2969	54.6600	127.6000
30.7617	59.7400	140.3000
32.2266	59.3000	153.3000
33.6914	57.8300	85.7000
35.1562	55.4300	74.3000
36.6211	51.9600	14.5000
38.0859	52.7200	5.5000
39.5508	52.5200	-12.4000
41.0156	59.4100	-24.1000
42.4805	61.4100	-38.6000
43.9453	67.4400	-70.5000
45.4102	70.0400	-117.3000
46.8750	64.0500	-158.2000
48.3398	61.1200	-151.2000
49.8047	58.9400	-135.4000
51.2695	64.3200	-146.5000
52.7344	62.3800	-171.6000
54.1992	59.5000	-162.7000
55.6641	60.7200	-158.2000
57.1289	63.2400	-167.2000
58.5938	63.6300	175.8000
60.0586	62.7700	161.8000
61.5234	61.1900	146.5000
62.9883	59.5600	142.8000
64.4531	58.1600	140.7000
65.9180	58.2400	140.0000
67.3828	57.3200	135.3000
68.8477	57.0800	128.5000
70.3125	55.5000	135.1000
71.7773	56.1600	132.6000
73.2422	57.4800	124.9000
74.7070	56.8400	115.1000
76.1719	56.0200	105.3000
77.6367	54.6700	98.6000
79.1016	52.9700	92.6000
80.5664	51.7600	105.1000
82.0312	52.6900	103.0000
83.4961	53.6400	98.9000
84.9609	53.3400	85.2000
86.4258	51.8000	70.4000
87.8906	49.0400	86.9000
89.3555	49.6200	88.9000
90.8203	49.3600	100.2000
92.2852	52.3700	105.6000
93.7500	54.0500	95.7000
95.2148	55.0200	86.2000
96.6797	55.0600	76.3000
98.1445	55.0800	70.1000
99.6094	55.8400	65.7000
101.0742	55.7800	52.7000
102.5391	55.3000	43.4000
104.0039	53.3400	39.9000
105.4688	52.2900	46.3000
106.9336	52.1600	56.9000
108.3984	53.1500	61.8000
109.8633	54.5000	67.7000
111.3281	55.9700	70.4000
112.7930	58.7900	66.7000
114.2578	59.6600	54.5000
115.7227	60.4400	46.6000
117.1875	60.9200	39.4000
118.6523	61.5100	30.9000
120.1172	61.6200	20.8000
121.5820	61.1100	13.3000
123.0469	60.7300	8.4000
124.5117	60.1100	1.8000
125.9766	59.1000	0.7000
127.4414	58.5900	-0.5000
128.9062	57.5600	2.1000
130.3711	57.2200	7.6000
131.8359	57.1100	14.2000
133.3008	57.5600	19.4000
134.7656	58.4700	28.4000
136.2305	60.2100	29.9000
137.6953	61.5800	24.0000
139.1602	62.2400	20.0000
140.6250	62.6000	15.1000
142.0898	62.8600	12.1000
143.5547	63.1500	9.2000
145.0195	63.4000	7.0000
146.4844	63.6400	3.6000
147.9492	63.7100	0.8000
149.4141	63.7000	-1.8000
150.8789	63.5400	-3.4000
152.3438	63.3800	-3.6000
153.8086	63.3900	-2.2000
155.2734	63.5700	-1.2000
156.7383	63.9800	0.3000
158.2031	64.5400	0.9000
159.6680	65.1100	-1.1000
161.1328	65.4700	-2.6000
162.5977	65.8300	-4.4000
164.0625	66.1800	-6.0000
165.5273	66.5100	-8.1000
166.9922	66.7700	-10.1000
168.4570	67.0400	-12.1000
169.9219	67.2900	-14.1000
171.3867	67.5400	-16.3000
172.8516	67.7700	-18.5000
174.3164	67.9900	-21.1000
175.7812	68.1600	-23.6000
177.2461	68.3200	-26.4000
178.7109	68.4200	-29.3000
180.1758	68.4600	-32.6000
181.6406	68.3600	-35.1000
183.1055	68.3000	-37.3000
184.5703	68.2500	-39.3000
186.0352	68.1800	-41.5000
187.5000	68.1000	-43.3000
188.9648	68.0200	-45.3000
190.4297	67.9000	-47.2000
191.8945	67.7600	-49.0000
193.3594	67.5900	-50.6000
194.8242	67.4200	-52.2000
196.2891	67.2300	-53.6000
197.7539	67.0100	-55.1000
199.2188	66.7600	-56.4000
200.6836	66.4700	-57.5000
202.1484	66.1600	-58.3000
203.6133	65.8000	-58.9000
205.0781	65.4300	-58.9000
206.5430	65.0600	-58.6000
208.0078	64.7000	-57.6000
209.4727	64.4000	-56.0000
210.9375	64.2000	-54.2000
212.4023	64.0600	-52.5000
213.8672	64.0000	-50.8000
215.3320	63.9600	-49.5000
216.7969	63.9500	-48.2000
218.2617	63.9700	-47.4000
219.7266	63.9700	-46.6000
221.1914	63.9800	-46.2000
222.6562	63.9600	-46.0000
224.1211	63.8900	-46.2000
225.5859	63.7600	-46.4000
227.0508	63.5300	-47.2000
228.5156	63.1300	-47.5000
229.9805	62.5700	-47.3000
231.4453	61.8700	-45.9000
232.9102	61.0700	-42.9000
234.3750	60.2300	-37.7000
235.8398	59.4900	-29.8000
237.3047	59.0900	-18.9000
238.7695	59.2900	-6.2000
240.2344	60.2500	5.5000
241.6992	61.6700	13.8000
243.1641	63.2400	18.7000
244.6289	64.7400	20.6000
246.0938	66.0900	20.6000
247.5586	67.2700	19.3000
249.0234	68.2800	17.1000
250.4883	69.0900	14.4000
251.9531	69.7900	11.7000
253.4180	70.3800	8.8000
254.8828	70.8700	5.9000
256.3477	71.2700	3.2000
257.8125	71.6100	0.6000
259.2773	71.8900	-1.8000
260.7422	72.1200	-4.0000
262.2070	72.3300	-5.9000
263.6719	72.5100	-7.6000
265.1367	72.6900	-9.2000
266.6016	72.8600	-10.5000
268.0664	73.0400	-11.7000
269.5312	73.2300	-12.8000
270.9961	73.4300	-13.9000
272.4609	73.6300	-15.0000
273.9258	73.8400	-16.2000
275.3906	74.0500	-17.4000
276.8555	74.2800	-18.6000
278.3203	74.5000	-20.0000
279.7852	74.7200	-21.5000
281.2500	74.9300	-23.2000
282.7148	75.1100	-25.0000
284.1797	75.2700	-27.0000
285.6445	75.4000	-29.0000
287.1094	75.5000	-31.1000
288.5742	75.5700	-33.1000
290.0391	75.6000	-35.2000
291.5039	75.6000	-37.1000
292.9688	75.5600	-39.0000
294.4336	75.5100	-40.6000
295.8984	75.4400	-42.1000
297.3633	75.3500	-43.4000
298.8281	75.2600	-44.6000
300.2930	75.1600	-45.6000
301.7578	75.0600	-46.5000
303.2227	74.9500	-47.3000
304.6875	74.8500	-47.9000
306.1523	74.7500	-48.3000
307.6172	74.6500	-48.7000
309.0820	74.5400	-48.9000
310.5469	74.4600	-48.9000
312.0117	74.3900	-48.8000
313.4766	74.3300	-48.6000
314.9414	74.2900	-48.4000
316.4062	74.2800	-48.0000
317.8711	74.2800	-47.6000
319.3359	74.3100	-47.2000
320.8008	74.3700	-46.9000
322.2656	74.4400	-46.6000
323.7305	74.5200	-46.5000
325.1953	74.6200	-46.4000
326.6602	74.7100	-46.4000
328.1250	74.8100	-46.6000
329.5898	74.9000	-46.8000
331.0547	74.9800	-47.1000
332.5195	75.0600	-47.3000
333.9844	75.1300	-47.6000
335.4492	75.2000	-47.9000
336.9141	75.2700	-48.1000
338.3789	75.3400	-48.4000
339.8438	75.4200	-48.6000
341.3086	75.5000	-48.9000
342.7734	75.5900	-49.3000
344.2383	75.6900	-49.7000
345.7031	75.7800	-50.1000
347.1680	75.8700	-50.7000
348.6328	75.9600	-51.3000
350.0977	76.0400	-52.1000
351.5625	76.1100	-52.9000
353.0273	76.1600	-53.7000
354.4922	76.2000	-54.6000
355.9570	76.2300	-55.5000
357.4219	76.2400	-56.5000
358.8867	76.2200	-57.4000
360.3516	76.1900	-58.2000
361.8164	76.1400	-59.1000
363.2812	76.0900	-59.8000
364.7461	76.0100	-60.4000
366.2109	75.9300	-61.0000
367.6758	75.8400	-61.4000
369.1406	75.7500	-61.7000
370.6055	75.6600	-61.9000
372.0703	75.5800	-62.1000
373.5352	75.5000	-62.1000
375.0000	75.4300	-62.2000
376.4648	75.3600	-62.2000
377.9297	75.3000	-62.2000
379.3945	75.2300	-62.2000
380.8594	75.1600	-62.2000
382.3242	75.0800	-62.2000
383.7891	74.9900	-62.1000
385.2539	74.8800	-61.9000
386.7188	74.7800	-61.6000
388.1836	74.6600	-61.2000
389.6484	74.5500	-60.6000
391.1133	74.4300	-59.9000
392.5781	74.3200	-58.9000
394.0430	74.2300	-57.8000
395.5078	74.1500	-56.6000
396.9727	74.1000	-55.1000
398.4375	74.0700	-53.6000
399.9023	74.0800	-51.9000
401.3672	74.1300	-50.2000
402.8320	74.2100	-48.5000
404.2969	74.3300	-46.8000
405.7617	74.4800	-45.1000
407.2266	74.6700	-43.5000
408.6914	74.9000	-42.1000
410.1562	75.1600	-40.9000
411.6211	75.4400	-39.9000
413.0859	75.7400	-39.1000
414.5508	76.0400	-38.6000
416.0156	76.3400	-38.3000
417.4805	76.6400	-38.2000
418.9453	76.9400	-38.3000
420.4102	77.2200	-38.5000
421.8750	77.4900	-38.9000
423.3398	77.7500	-39.5000
424.8047	77.9900	-40.1000
426.2695	78.2100	-40.8000
427.7344	78.4200	-41.6000
429.1992	78.6200	-42.5000
430.6641	78.8000	-43.5000
432.1289	78.9700	-44.4000
433.5938	79.1200	-45.4000
435.0586	79.2600	-46.5000
436.5234	79.3800	-47.5000
437.9883	79.4900	-48.6000
439.4531	79.5800	-49.7000
440.9180	79.6600	-50.8000
442.3828	79.7300	-51.8000
443.8477	79.7800	-52.8000
445.3125	79.8200	-53.8000
446.7773	79.8500	-54.8000
448.2422	79.8700	-55.7000
449.7070	79.8800	-56.5000
451.1719	79.8800	-57.3000
452.6367	79.8800	-58.1000
454.1016	79.8800	-58.8000
455.5664	79.8700	-59.4000
457.0312	79.8500	-60.0000
458.4961	79.8400	-60.5000
459.9609	79.8200	-61.0000
461.4258	79.8100	-61.4000
462.8906	79.7900	-61.8000
464.3555	79.7800	-62.1000
465.8203	79.7700	-62.4000
467.2852	79.7700	-62.7000
468.7500	79.7600	-63.0000
470.2148	79.7600	-63.2000
471.6797	79.7500	-63.5000
473.1445	79.7500	-63.7000
474.6094	79.7500	-63.9000
476.0742	79.7500	-64.0000
477.5391	79.7500	-64.2000
479.0039	79.7500	-64.3000
480.4688	79.7500	-64.3000
481.9336	79.7600	-64.4000
483.3984	79.7800	-64.4000
484.8633	79.8000	-64.5000
486.3281	79.8200	-64.5000
487.7930	79.8500	-64.5000
489.2578	79.8900	-64.5000
490.7227	79.9300	-64.6000
492.1875	79.9700	-64.6000
493.6523	80.0200	-64.7000
495.1172	80.0800	-64.8000
496.5820	80.1400	-65.0000
498.0469	80.2000	-65.2000
499.5117	80.2600	-65.4000
500.9766	80.3200	-65.7000
502.4414	80.3700	-66.0000
503.9062	80.4300	-66.4000
505.3711	80.4700	-66.9000
506.8359	80.5100	-67.3000
508.3008	80.5500	-67.8000
509.7656	80.5700	-68.3000
511.2305	80.5800	-68.8000
512.6953	80.5900	-69.4000
514.1602	80.5800	-69.9000
515.6250	80.5700	-70.3000
517.0898	80.5400	-70.8000
518.5547	80.5000	-71.2000
520.0195	80.4600	-71.5000
521.4844	80.4100	-71.7000
522.9492	80.3500	-71.9000
524.4141	80.3000	-71.9000
525.8789	80.2500	-71.9000
527.3438	80.2100	-71.7000
528.8086	80.1700	-71.5000
530.2734	80.1500	-71.2000
531.7383	80.1400	-70.9000
533.2031	80.1400	-70.6000
534.6680	80.1600	-70.2000
536.1328	80.1800	-69.9000
537.5977	80.2200	-69.6000
539.0625	80.2600	-69.3000
540.5273	80.3100	-69.0000
541.9922	80.3700	-68.8000
543.4570	80.4400	-68.6000
544.9219	80.5100	-68.5000
546.3867	80.5900	-68.5000
547.8516	80.6700	-68.4000
549.3164	80.7500	-68.5000
550.7812	80.8300	-68.6000
552.2461	80.9000	-68.8000
553.7109	80.9800	-69.0000
555.1758	81.0400	-69.3000
556.6406	81.1000	-69.7000
558.1055	81.1500	-70.0000
559.5703	81.2000	-70.4000
561.0352	81.2300	-70.8000
562.5000	81.2500	-71.2000
563.9648	81.2600	-71.6000
565.4297	81.2700	-71.9000
566.8945	81.2600	-72.2000
568.3594	81.2500	-72.5000
569.8242	81.2300	-72.6000
571.2891	81.2200	-72.8000
572.7539	81.2000	-72.8000
574.2188	81.1800	-72.8000
575.6836	81.1700	-72.7000
577.1484	81.1600	-72.6000
578.6133	81.1500	-72.4000
580.0781	81.1600	-72.2000
581.5430	81.1700	-72.0000
583.0078	81.1900	-71.7000
584.4727	81.2100	-71.4000
585.9375	81.2500	-71.1000
587.4023	81.3000	-70.8000
588.8672	81.3500	-70.5000
590.3320	81.4200	-70.2000
591.7969	81.4900	-70.0000
593.2617	81.5800	-69.8000
594.7266	81.6700	-69.6000
596.1914	81.7700	-69.5000
597.6562	81.8700	-69.4000
599.1211	81.9700	-69.5000
600.5859	82.0800	-69.5000
602.0508	82.1900	-69.7000
603.5156	82.2900	-69.9000
604.9805	82.3900	-70.2000
606.4453	82.4900	-70.6000
607.9102	82.5800	-70.9000
609.3750	82.6600	-71.4000
610.8398	82.7300	-71.8000
612.3047	82.8000	-72.2000
613.7695	82.8600	-72.7000
615.2344	82.9200	-73.1000
616.6992	82.9700	-73.6000
618.1641	83.0200	-74.0000
619.6289	83.0600	-74.5000
621.0938	83.1000	-74.9000
622.5586	83.1400	-75.3000
624.0234	83.1800	-75.7000
625.4883	83.2100	-76.1000
626.9531	83.2500	-76.6000
628.4180	83.2800	-77.0000
629.8828	83.3100	-77.4000
631.3477	83.3400	-77.8000
632.8125	83.3600	-78.2000
634.2773	83.3800	-78.6000
635.7422	83.4000	-79.0000
637.2070	83.4200	-79.5000
638.6719	83.4400	-79.9000
640.1367	83.4600	-80.3000
641.6016	83.4700	-80.6000
643.0664	83.4800	-81.0000
644.5312	83.4900	-81.4000
645.9961	83.4900	-81.8000
647.4609	83.5000	-82.2000
648.9258	83.5000	-82.5000
650.3906	83.5000	-82.9000
651.8555	83.5000	-83.2000
653.3203	83.5000	-83.5000
654.7852	83.5000	-83.8000
656.2500	83.5000	-84.1000
657.7148	83.4900	-84.4000
659.1797	83.4900	-84.6000
660.6445	83.4900	-84.9000
662.1094	83.4800	-85.1000
663.5742	83.4800	-85.3000
665.0391	83.4800	-85.6000
666.5039	83.4700	-85.8000
667.9688	83.4700	-86.0000
669.4336	83.4700	-86.2000
670.8984	83.4700	-86.4000
672.3633	83.4800	-86.6000
673.8281	83.4800	-86.8000
675.2930	83.4900	-87.0000
676.7578	83.4900	-87.2000
678.2227	83.5000	-87.4000
679.6875	83.5000	-87.6000
681.1523	83.5000	-87.9000
682.6172	83.5100	-88.1000
684.0820	83.5100	-88.4000
685.5469	83.5000	-88.7000
687.0117	83.5000	-88.9000
688.4766	83.4900	-89.2000
689.9414	83.4700	-89.5000
691.4062	83.4600	-89.7000
692.8711	83.4400	-90.0000
694.3359	83.4100	-90.2000
695.8008	83.3800	-90.4000
697.2656	83.3500	-90.6000
698.7305	83.3200	-90.7000
700.1953	83.2900	-90.9000
701.6602	83.2600	-90.9000
703.1250	83.2200	-91.0000
704.5898	83.1900	-91.0000
706.0547	83.1600	-90.9000
707.5195	83.1300	-90.9000
708.9844	83.1000	-90.8000
710.4492	83.0800	-90.6000
711.9141	83.0700	-90.5000
713.3789	83.0500	-90.3000
714.8438	83.0500	-90.1000
716.3086	83.0500	-89.9000
717.7734	83.0600	-89.7000
719.2383	83.0700	-89.5000
720.7031	83.0900	-89.4000
722.1680	83.1100	-89.2000
723.6328	83.1400	-89.0000
725.0977	83.1700	-88.9000
726.5625	83.2000	-88.8000
728.0273	83.2400	-88.7000
729.4922	83.2800	-88.7000
730.9570	83.3200	-88.6000
732.4219	83.3600	-88.6000
735.3516	83.4400	-88.7000
738.2812	83.5300	-88.9000
741.2109	83.6100	-89.1000
744.1406	83.6800	-89.4000
747.0703	83.7600	-89.8000
750.0000	83.8200	-90.2000
752.9297	83.8800	-90.7000
755.8594	83.9200	-91.3000
758.7891	83.9400	-91.9000
761.7188	83.9500	-92.4000
764.6484	83.9500	-92.9000
767.5781	83.9300	-93.4000
770.5078	83.9100	-93.8000
773.4375	83.8800	-94.0000
776.3672	83.8500	-94.2000
779.2969	83.8300	-94.3000
782.2266	83.8200	-94.4000
785.1562	83.8300	-94.4000
788.0859	83.8400	-94.4000
791.0156	83.8700	-94.5000
793.9453	83.9000	-94.6000
796.8750	83.9400	-94.9000
799.8047	83.9700	-95.2000
802.7344	83.9900	-95.7000
805.6641	83.9900	-96.2000
808.5938	83.9600	-96.7000
811.5234	83.9200	-97.1000
814.4531	83.8600	-97.5000
817.3828	83.7800	-97.8000
820.3125	83.6900	-97.9000
823.2422	83.6000	-97.8000
826.1719	83.5100	-97.5000
829.1016	83.4300	-97.1000
832.0312	83.3700	-96.6000
834.9609	83.3200	-96.0000
837.8906	83.2900	-95.2000
840.8203	83.2900	-94.4000
843.7500	83.3100	-93.5000
846.6797	83.3600	-92.7000
849.6094	83.4300	-91.9000
852.5391	83.5200	-91.1000
855.4688	83.6400	-90.4000
858.3984	83.7900	-89.8000
861.3281	83.9400	-89.4000
864.2578	84.1200	-89.1000
867.1875	84.2900	-89.0000
870.1172	84.4700	-89.1000
873.0469	84.6500	-89.4000
875.9766	84.8100	-89.8000
878.9062	84.9600	-90.4000
881.8359	85.0900	-91.1000
884.7656	85.1900	-91.9000
887.6953	85.2800	-92.7000
890.6250	85.3400	-93.5000
893.5547	85.3800	-94.2000
896.4844	85.4100	-94.9000
899.4141	85.4300	-95.6000
902.3438	85.4500	-96.2000
905.2734	85.4600	-96.7000
908.2031	85.4700	-97.1000
911.1328	85.4800	-97.5000
914.0625	85.5000	-98.0000
916.9922	85.5100	-98.4000
919.9219	85.5300	-98.8000
922.8516	85.5500	-99.3000
925.7812	85.5600	-99.8000
928.7109	85.5700	-100.3000
931.6406	85.5600	-100.8000
934.5703	85.5400	-101.3000
937.5000	85.5100	-101.8000
940.4297	85.4700	-102.2000
943.3594	85.4300	-102.5000
946.2891	85.3900	-102.7000
949.2188	85.3600	-102.9000
952.1484	85.3300	-103.0000
955.0781	85.3000	-103.1000
958.0078	85.2700	-103.2000
960.9375	85.2500	-103.3000
963.8672	85.2400	-103.3000
966.7969	85.2200	-103.3000
969.7266	85.2100	-103.4000
972.6562	85.2000	-103.4000
975.5859	85.1900	-103.5000
978.5156	85.1700	-103.5000
981.4453	85.1600	-103.5000
984.3750	85.1400	-103.4000
987.3047	85.1300	-103.4000
990.2344	85.1300	-103.2000
993.1641	85.1300	-103.1000
996.0938	85.1400	-103.0000
999.0234	85.1500	-102.8000
1001.9531	85.1800	-102.7000
1004.8828	85.2100	-102.6000
1007.8125	85.2400	-102.6000
1010.7422	85.2700	-102.6000
1013.6719	85.3000	-102.7000
1016.6016	85.3200	-102.8000
1019.5313	85.3400	-102.9000
1022.4609	85.3500	-102.9000
1025.3906	85.3600	-103.0000
1028.3203	85.3700	-103.1000
1031.2500	85.3700	-103.1000
1034.1797	85.3800	-103.1000
1037.1094	85.3900	-103.0000
1040.0391	85.4000	-102.9000
1042.9688	85.4100	-102.8000
1045.8984	85.4300	-102.7000
1048.8281	85.4600	-102.6000
1051.7578	85.4900	-102.5000
1054.6875	85.5300	-102.4000
1057.6172	85.5700	-102.4000
1060.5469	85.6100	-102.3000
1063.4766	85.6600	-102.3000
1066.4063	85.7100	-102.3000
1069.3359	85.7600	-102.4000
1072.2656	85.8200	-102.4000
1075.1953	85.8700	-102.6000
1078.1250	85.9300	-102.8000
1081.0547	85.9800	-103.0000
1083.9844	86.0300	-103.3000
1086.9141	86.0700	-103.6000
1089.8438	86.1000	-103.9000
1092.7734	86.1200	-104.3000
1095.7031	86.1300	-104.7000
1098.6328	86.1300	-105.0000
1101.5625	86.1300	-105.3000
1104.4922	86.1200	-105.6000
1107.4219	86.1000	-105.8000
1110.3516	86.0800	-106.0000
1113.2813	86.0600	-106.1000
1116.2109	86.0400	-106.2000
1119.1406	86.0200	-106.2000
1122.0703	86.0100	-106.2000
1125.0000	86.0000	-106.2000
1127.9297	86.0000	-106.2000
1130.8594	85.9900	-106.1000
1133.7891	86.0000	-106.1000
1136.7188	86.0000	-106.1000
1139.6484	86.0000	-106.1000
1142.5781	86.0000	-106.1000
1145.5078	85.9900	-106.1000
1148.4375	85.9800	-106.1000
1151.3672	85.9700	-106.0000
1154.2969	85.9600	-105.9000
1157.2266	85.9400	-105.8000
1160.1563	85.9300	-105.6000
1163.0859	85.9200	-105.3000
1166.0156	85.9100	-105.0000
1168.9453	85.9100	-104.7000
1171.8750	85.9300	-104.3000
1174.8047	85.9500	-103.8000
1177.7344	85.9900	-103.4000
1180.6641	86.0300	-103.0000
1183.5938	86.0900	-102.6000
1186.5234	86.1600	-102.2000
1189.4531	86.2300	-101.9000
1192.3828	86.3200	-101.6000
1195.3125	86.4100	-101.4000
1198.2422	86.5000	-101.3000
1201.1719	86.6000	-101.2000
1204.1016	86.7000	-101.1000
1207.0313	86.8000	-101.2000
1209.9609	86.9000	-101.2000
1212.8906	87.0000	-101.4000
1215.8203	87.1000	-101.5000
1218.7500	87.1900	-101.8000
1221.6797	87.2800	-102.1000
1224.6094	87.3800	-102.4000
1227.5391	87.4600	-102.8000
1230.4688	87.5400	-103.3000
1233.3984	87.6100	-103.8000
1236.3281	87.6700	-104.3000
1239.2578	87.7200	-104.9000
1242.1875	87.7600	-105.5000
1245.1172	87.7800	-106.1000
1248.0469	87.7900	-106.7000
1250.9766	87.7900	-107.2000
1253.9063	87.7900	-107.7000
1256.8359	87.7700	-108.1000
1259.7656	87.7600	-108.5000
1262.6953	87.7400	-108.8000
1265.6250	87.7200	-109.0000
1268.5547	87.7000	-109.3000
1271.4844	87.6800	-109.4000
1274.4141	87.6700	-109.6000
1277.3438	87.6500	-109.7000
1280.2734	87.6400	-109.8000
1283.2031	87.6300	-109.9000
1286.1328	87.6200	-109.9000
1289.0625	87.6000	-110.0000
1291.9922	87.6000	-110.0000
1294.9219	87.5900	-110.0000
1297.8516	87.5800	-109.9000
1300.7813	87.5900	-109.8000
1303.7109	87.5900	-109.7000
1306.6406	87.6000	-109.6000
1309.5703	87.6100	-109.5000
1312.5000	87.6300	-109.4000
1315.4297	87.6600	-109.3000
1318.3594	87.6800	-109.2000
1321.2891	87.7100	-109.1000
1324.2188	87.7500	-109.0000
1327.1484	87.7900	-109.0000
1330.0781	87.8300	-108.9000
1333.0078	87.8800	-108.9000
1335.9375	87.9300	-108.9000
1338.8672	87.9800	-108.9000
1341.7969	88.0300	-108.9000
1344.7266	88.0900	-109.0000
1347.6563	88.1500	-109.1000
1350.5859	88.2000	-109.2000
1353.5156	88.2600	-109.4000
1356.4453	88.3100	-109.7000
1359.3750	88.3600	-109.9000
1362.3047	88.4100	-110.2000
1365.2344	88.4400	-110.5000
1368.1641	88.4700	-110.9000
1371.0938	88.5000	-111.2000
1374.0234	88.5100	-111.5000
1376.9531	88.5300	-111.8000
1379.8828	88.5300	-112.1000
1382.8125	88.5300	-112.3000
1385.7422	88.5300	-112.5000
1388.6719	88.5300	-112.7000
1391.6016	88.5200	-112.8000
1394.5313	88.5200	-112.9000
1397.4609	88.5200	-113.0000
1400.3906	88.5300	-113.0000
1403.3203	88.5300	-113.0000
1406.2500	88.5500	-113.0000
1409.1797	88.5600	-113.0000
1412.1094	88.5900	-112.9000
1415.0391	88.6100	-112.9000
1417.9688	88.6400	-112.9000
1420.8984	88.6700	-113.0000
1423.8281	88.7000	-113.0000
1426.7578	88.7400	-113.0000
1429.6875	88.7700	-113.1000
1432.6172	88.8100	-113.1000
1435.5469	88.8400	-113.2000
1438.4766	88.8800	-113.2000
1441.4063	88.9200	-113.3000
1444.3359	88.9600	-113.4000
1447.2656	89.0100	-113.5000
1450.1953	89.0500	-113.6000
1453.1250	89.1000	-113.8000
1456.0547	89.1400	-113.9000
1458.9844	89.1800	-114.1000
1461.9141	89.2300	-114.3000
1464.8438	89.2700	-114.5000
1469.2383	89.3300	-114.8000
1473.6328	89.3800	-115.2000
1478.0273	89.4300	-115.6000
1482.4219	89.4700	-116.0000
1486.8164	89.5100	-116.4000
1491.2109	89.5400	-116.8000
1495.6055	89.5700	-117.1000
1500.0000	89.6000	-117.5000
1504.3945	89.6200	-117.7000
1508.7891	89.6400	-118.0000
1513.1836	89.6700	-118.2000
1517.5781	89.7100	-118.4000
1521.9727	89.7500	-118.6000
1526.3672	89.8000	-118.8000
1530.7617	89.8600	-119.1000
1535.1563	89.9100	-119.4000
1539.5508	89.9700	-119.8000
1543.9453	90.0200	-120.3000
1548.3398	90.0600	-120.8000
1552.7344	90.0900	-121.2000
1557.1289	90.1200	-121.7000
1561.5234	90.1400	-122.2000
1565.9180	90.1600	-122.6000
1570.3125	90.1800	-123.0000
1574.7070	90.2000	-123.5000
1579.1016	90.2100	-123.9000
1583.4961	90.2200	-124.3000
1587.8906	90.2300	-124.7000
1592.2852	90.2400	-125.1000
1596.6797	90.2500	-125.4000
1601.0742	90.2600	-125.8000
1605.4688	90.2700	-126.1000
1609.8633	90.2700	-126.5000
1614.2578	90.2800	-126.8000
1618.6523	90.2900	-127.1000
1623.0469	90.3000	-127.4000
1627.4414	90.3100	-127.8000
1631.8359	90.3200	-128.1000
1636.2305	90.3300	-128.4000
1640.6250	90.3300	-128.7000
1645.0195	90.3400	-129.1000
1649.4141	90.3500	-129.4000
1653.8086	90.3500	-129.7000
1658.2031	90.3600	-130.0000
1662.5977	90.3700	-130.3000
1666.9922	90.3700	-130.6000
1671.3867	90.3800	-130.9000
1675.7813	90.4000	-131.2000
1680.1758	90.4100	-131.5000
1684.5703	90.4200	-131.8000
1688.9648	90.4300	-132.1000
1693.3594	90.4500	-132.5000
1697.7539	90.4500	-132.9000
1702.1484	90.4600	-133.3000
1706.5430	90.4600	-133.7000
1710.9375	90.4600	-134.1000
1715.3320	90.4600	-134.5000
1719.7266	90.4400	-135.0000
1724.1211	90.4300	-135.4000
1728.5156	90.4000	-135.8000
1732.9102	90.3700	-136.2000
1737.3047	90.3400	-136.5000
1741.6992	90.3000	-136.8000
1746.0938	90.2600	-137.0000
1750.4883	90.2200	-137.2000
1754.8828	90.1800	-137.3000
1759.2773	90.1400	-137.4000
1763.6719	90.1100	-137.5000
1768.0664	90.0700	-137.5000
1772.4609	90.0500	-137.4000
1776.8555	90.0300	-137.3000
1781.2500	90.0200	-137.1000
1785.6445	90.0300	-137.0000
1790.0391	90.0500	-136.8000
1794.4336	90.0800	-136.7000
1798.8281	90.1200	-136.6000
1803.2227	90.1700	-136.6000
1807.6172	90.2100	-136.7000
1812.0117	90.2600	-136.9000
1816.4063	90.3000	-137.0000
1820.8008	90.3400	-137.2000
1825.1953	90.3800	-137.4000
1829.5898	90.4200	-137.7000
1833.9844	90.4600	-137.9000
1838.3789	90.5000	-138.2000
1842.7734	90.5400	-138.4000
1847.1680	90.5800	-138.8000
1851.5625	90.6200	-139.1000
1855.9570	90.6600	-139.5000
1860.3516	90.6900	-139.9000
1864.7461	90.7300	-140.4000
1869.1406	90.7600	-140.8000
1873.5352	90.7800	-141.3000
1877.9297	90.8000	-141.9000
1882.3242	90.8200	-142.4000
1886.7188	90.8300	-143.0000
1891.1133	90.8300	-143.6000
1895.5078	90.8300	-144.1000
1899.9023	90.8100	-144.7000
1904.2969	90.7900	-145.3000
1908.6914	90.7700	-145.9000
1913.0859	90.7300	-146.4000
1917.4805	90.6900	-146.9000
1921.8750	90.6400	-147.4000
1926.2695	90.5900	-147.8000
1930.6641	90.5400	-148.2000
1935.0586	90.4900	-148.6000
1939.4531	90.4300	-148.9000
1943.8477	90.3700	-149.1000
1948.2422	90.3100	-149.3000
1952.6367	90.2600	-149.5000
1957.0313	90.2100	-149.6000
1961.4258	90.1600	-149.6000
1965.8203	90.1200	-149.7000
1970.2148	90.0800	-149.7000
1974.6094	90.0500	-149.7000
1979.0039	90.0200	-149.7000
1983.3984	90.0000	-149.7000
1987.7930	89.9800	-149.7000
1992.1875	89.9700	-149.8000
1996.5820	89.9600	-149.8000
2000.9766	89.9600	-149.9000
2005.3711	89.9500	-150.0000
2009.7656	89.9500	-150.1000
2014.1602	89.9400	-150.3000
2018.5547	89.9300	-150.5000
2022.9492	89.9200	-150.7000
2027.3438	89.9000	-150.9000
2031.7383	89.8800	-151.1000
2036.1328	89.8600	-151.2000
2040.5273	89.8300	-151.4000
2044.9219	89.8000	-151.6000
2049.3164	89.7600	-151.7000
2053.7109	89.7300	-151.7000
2058.1055	89.6900	-151.8000
2062.5000	89.6700	-151.8000
2066.8945	89.6400	-151.7000
2071.2891	89.6200	-151.7000
2075.6836	89.6000	-151.7000
2080.0781	89.5800	-151.6000
2084.4727	89.5700	-151.6000
2088.8672	89.5600	-151.5000
2093.2617	89.5500	-151.4000
2097.6563	89.5500	-151.3000
2102.0508	89.5500	-151.1000
2106.4453	89.5700	-151.0000
2110.8398	89.5900	-151.0000
2115.2344	89.6200	-150.9000
2119.6289	89.6500	-151.0000
2124.0234	89.6900	-151.1000
2128.4180	89.7200	-151.2000
2132.8125	89.7500	-151.4000
2137.2070	89.7800	-151.6000
2141.6016	89.8100	-151.9000
2145.9961	89.8300	-152.1000
2150.3906	89.8500	-152.5000
2154.7852	89.8600	-152.8000
2159.1797	89.8700	-153.2000
2163.5742	89.8700	-153.6000
2167.9688	89.8700	-154.0000
2172.3633	89.8500	-154.5000
2176.7578	89.8200	-154.9000
2181.1523	89.7900	-155.3000
2185.5469	89.7400	-155.7000
2189.9414	89.6900	-156.0000
2194.3359	89.6400	-156.2000
2198.7305	89.5900	-156.4000
2204.5898	89.5200	-156.6000
2210.4492	89.4500	-156.7000
2216.3086	89.3800	-156.8000
2222.1680	89.3200	-156.8000
2228.0273	89.2600	-156.7000
2233.8867	89.2100	-156.6000
2239.7461	89.1700	-156.5000
2245.6055	89.1400	-156.4000
2251.4648	89.1100	-156.3000
2257.3242	89.0800	-156.2000
2263.1836	89.0500	-156.2000
2269.0430	89.0200	-156.1000
2274.9023	89.0000	-155.9000
2280.7617	88.9700	-155.8000
2286.6211	88.9600	-155.6000
2292.4805	88.9500	-155.4000
2298.3398	88.9500	-155.3000
2304.1992	88.9500	-155.1000
2310.0586	88.9600	-155.0000
2315.9180	88.9600	-155.0000
2321.7773	88.9600	-154.9000
2327.6367	88.9700	-154.9000
2333.4961	88.9700	-154.9000
2339.3555	88.9700	-154.8000
2345.2148	88.9600	-154.8000
2351.0742	88.9600	-154.8000
2356.9336	88.9500	-154.7000
2362.7930	88.9400	-154.6000
2368.6523	88.9400	-154.5000
2374.5117	88.9400	-154.3000
2380.3711	88.9500	-154.0000
2386.2305	88.9700	-153.8000
2392.0898	89.0000	-153.6000
2397.9492	89.0400	-153.4000
2403.8086	89.1000	-153.3000
2409.6680	89.1500	-153.3000
2415.5273	89.2000	-153.3000
2421.3867	89.2600	-153.4000
2427.2461	89.3100	-153.6000
2433.1055	89.3600	-153.8000
2438.9648	89.4000	-154.0000
2444.8242	89.4200	-154.3000
2450.6836	89.4500	-154.6000
2456.5430	89.4600	-154.8000
2462.4023	89.4700	-155.1000
2468.2617	89.4900	-155.3000
2474.1211	89.5000	-155.5000
2479.9805	89.5100	-155.7000
2485.8398	89.5200	-156.0000
2491.6992	89.5300	-156.2000
2497.5586	89.5200	-156.5000
2503.4180	89.5200	-156.7000
2509.2773	89.5100	-156.8000
2515.1367	89.5000	-157.0000
2520.9961	89.5000	-157.1000
2526.8555	89.5000	-157.1000
2532.7148	89.5100	-157.2000
2538.5742	89.5200	-157.4000
2544.4336	89.5300	-157.5000
2550.2930	89.5300	-157.7000
2556.1523	89.5400	-157.8000
2562.0117	89.5400	-157.9000
2567.8711	89.5400	-158.0000
2573.7305	89.5400	-158.1000
2579.5898	89.5500	-158.2000
2585.4492	89.5700	-158.3000
2591.3086	89.5800	-158.4000
2597.1680	89.6000	-158.5000
2603.0273	89.6200	-158.7000
2608.8867	89.6400	-158.9000
2614.7461	89.6600	-159.1000
2620.6055	89.6700	-159.3000
2626.4648	89.6800	-159.5000
2632.3242	89.6900	-159.7000
2638.1836	89.6900	-159.9000
2644.0430	89.7000	-160.1000
2649.9023	89.7100	-160.3000
2655.7617	89.7200	-160.5000
2661.6211	89.7300	-160.7000
2667.4805	89.7500	-160.9000
2673.3398	89.7600	-161.1000
2679.1992	89.7800	-161.4000
2685.0586	89.7900	-161.6000
2690.9180	89.8000	-161.9000
2696.7773	89.8000	-162.2000
2702.6367	89.8000	-162.5000
2708.4961	89.8000	-162.8000
2714.3555	89.8000	-163.1000
2720.2148	89.8000	-163.4000
2726.0742	89.8000	-163.7000
2731.9336	89.7900	-164.0000
2737.7930	89.7800	-164.2000
2743.6523	89.7700	-164.5000
2749.5117	89.7600	-164.8000
2755.3711	89.7500	-165.0000
2761.2305	89.7500	-165.3000
2767.0898	89.7400	-165.5000
2772.9492	89.7300	-165.8000
2778.8086	89.7200	-166.1000
2784.6680	89.7100	-166.4000
2790.5273	89.6900	-166.7000
2796.3867	89.6800	-166.9000
2802.2461	89.6600	-167.2000
2808.1055	89.6400	-167.5000
2813.9648	89.6100	-167.7000
2819.8242	89.5900	-168.0000
2825.6836	89.5600	-168.2000
2831.5430	89.5400	-168.4000
2837.4023	89.5100	-168.6000
2843.2617	89.4800	-168.8000
2849.1211	89.4600	-169.0000
2854.9805	89.4400	-169.1000
2860.8398	89.4200	-169.2000
2866.6992	89.4000	-169.4000
2872.5586	89.3900	-169.5000
2878.4180	89.3800	-169.7000
2884.2773	89.3800	-169.8000
2890.1367	89.3700	-170.0000
2895.9961	89.3600	-170.3000
2901.8555	89.3600	-170.5000
2907.7148	89.3500	-170.8000
2913.5742	89.3400	-171.1000
2919.4336	89.3300	-171.4000
2925.2930	89.3100	-171.8000
2931.1523	89.2800	-172.1000
2938.4766	89.2400	-172.6000
2945.8008	89.1900	-173.0000
2953.1250	89.1300	-173.3000
2960.4492	89.0700	-173.7000
2967.7734	89.0000	-174.0000
2975.0977	88.9300	-174.2000
2982.4219	88.8700	-174.3000
2989.7461	88.8000	-174.5000
2997.0703	88.7400	-174.6000
3004.3945	88.6900	-174.7000
3011.7188	88.6300	-174.7000
3019.0430	88.5800	-174.8000
3026.3672	88.5300	-174.9000
3033.6914	88.4800	-174.9000
3041.0156	88.4300	-175.0000
3048.3398	88.3800	-175.0000
3055.6641	88.3300	-174.9000
3062.9883	88.3000	-174.9000
3070.3125	88.2800	-174.9000
3077.6367	88.2600	-174.9000
3084.9609	88.2500	-175.0000
3092.2852	88.2300	-175.2000
3099.6094	88.2000	-175.4000
3106.9336	88.1700	-175.7000
3114.2578	88.1200	-176.0000
3121.5820	88.0600	-176.2000
3128.9063	88.0000	-176.5000
3136.2305	87.9300	-176.7000
3143.5547	87.8600	-176.8000
3150.8789	87.7800	-176.9000
3158.2031	87.7100	-177.0000
3165.5273	87.6400	-177.1000
3172.8516	87.5600	-177.1000
3180.1758	87.4700	-177.2000
3187.5000	87.3800	-177.2000
3194.8242	87.2900	-177.1000
3202.1484	87.2000	-177.0000
3209.4727	87.1200	-176.8000
3216.7969	87.0300	-176.6000
3224.1211	86.9400	-176.4000
3231.4453	86.8600	-176.1000
3238.7695	86.7800	-175.8000
3246.0938	86.7000	-175.5000
3253.4180	86.6200	-175.1000
3260.7422	86.5400	-174.7000
3268.0664	86.4600	-174.2000
3275.3906	86.3900	-173.6000
3282.7148	86.3300	-173.0000
3290.0391	86.2700	-172.4000
3297.3633	86.2200	-171.7000
3304.6875	86.1900	-170.9000
3312.0117	86.1800	-170.1000
3319.3359	86.1800	-169.4000
3326.6602	86.2000	-168.7000
3333.9844	86.2300	-168.2000
3341.3086	86.2500	-167.6000
3348.6328	86.2800	-167.2000
3355.9570	86.3100	-166.8000
3363.2813	86.3300	-166.4000
3370.6055	86.3600	-166.0000
3377.9297	86.3800	-165.6000
3385.2539	86.4100	-165.3000
3392.5781	86.4300	-164.9000
3399.9023	86.4500	-164.6000
3407.2266	86.4700	-164.2000
3414.5508	86.5100	-163.9000
3421.8750	86.5400	-163.5000
3429.1992	86.5700	-163.2000
3436.5234	86.6000	-162.9000
3443.8477	86.6400	-162.6000
3451.1719	86.6700	-162.3000
3458.4961	86.7100	-162.0000
3465.8203	86.7500	-161.7000
3473.1445	86.7900	-161.5000
3480.4688	86.8400	-161.2000
3487.7930	86.8800	-161.0000
3495.1172	86.9300	-160.7000
3502.4414	86.9700	-160.5000
3509.7656	87.0200	-160.3000
3517.0898	87.0700	-160.0000
3524.4141	87.1200	-159.8000
3531.7383	87.1700	-159.5000
3539.0625	87.2400	-159.3000
3546.3867	87.3100	-159.1000
3553.7109	87.3900	-159.0000
3561.0352	87.4600	-158.9000
3568.3594	87.5400	-158.8000
3575.6836	87.6100	-158.8000
3583.0078	87.6900	-158.9000
3590.3320	87.7600	-158.9000
3597.6563	87.8300	-159.0000
3604.9805	87.9000	-159.2000
3612.3047	87.9700	-159.3000
3619.6289	88.0300	-159.5000
3626.9531	88.0800	-159.8000
3634.2773	88.1300	-160.0000
3641.6016	88.1800	-160.2000
3648.9258	88.2300	-160.4000
3656.2500	88.2700	-160.6000
3663.5742	88.3200	-160.8000
3672.3633	88.3700	-161.1000
3681.1523	88.4200	-161.4000
3689.9414	88.4700	-161.7000
3698.7305	88.5200	-162.0000
3707.5195	88.5600	-162.3000
3716.3086	88.6100	-162.7000
3725.0977	88.6400	-163.1000
3733.8867	88.6700	-163.6000
3742.6758	88.7000	-164.0000
3751.4648	88.7200	-164.4000
3760.2539	88.7400	-164.9000
3769.0430	88.7400	-165.3000
3777.8320	88.7400	-165.8000
3786.6211	88.7400	-166.2000
3795.4102	88.7200	-166.6000
3804.1992	88.7000	-167.0000
3812.9883	88.6700	-167.3000
3821.7773	88.6500	-167.5000
3830.5664	88.6300	-167.7000
3839.3555	88.6000	-167.9000
3848.1445	88.5800	-168.0000
3856.9336	88.5700	-168.1000
3865.7227	88.5600	-168.2000
3874.5117	88.5600	-168.3000
3883.3008	88.5600	-168.5000
3892.0898	88.5500	-168.7000
3900.8789	88.5400	-168.8000
3909.6680	88.5300	-169.0000
3918.4570	88.5200	-169.1000
3927.2461	88.5100	-169.2000
3936.0352	88.5000	-169.3000
3944.8242	88.5000	-169.4000
3953.6133	88.4900	-169.5000
3962.4023	88.4900	-169.6000
3971.1914	88.4900	-169.7000
3979.9805	88.4800	-169.8000
3988.7695	88.4800	-170.0000
3997.5586	88.4700	-170.0000
4006.3477	88.4700	-170.1000
4015.1367	88.4700	-170.2000
4023.9258	88.4700	-170.3000
4032.7148	88.4700	-170.5000
4041.5039	88.4600	-170.6000
4050.2930	88.4600	-170.7000
4059.0820	88.4500	-170.9000
4067.8711	88.4400	-170.9000
4076.6602	88.4300	-171.0000
4085.4492	88.4300	-171.1000
4094.2383	88.4300	-171.1000
4103.0273	88.4300	-171.2000
4111.8164	88.4300	-171.3000
4120.6055	88.4300	-171.4000
4129.3945	88.4200	-171.5000
4138.1836	88.4200	-171.6000
4146.9727	88.4200	-171.6000
4155.7617	88.4200	-171.7000
4164.5508	88.4200	-171.8000
4173.3398	88.4200	-171.8000
4182.1289	88.4300	-171.9000
4190.9180	88.4400	-171.9000
4199.7070	88.4500	-172.0000
4208.4961	88.4600	-172.1000
4217.2852	88.4800	-172.2000
4226.0742	88.5000	-172.4000
4234.8633	88.5200	-172.6000
4243.6523	88.5300	-172.8000
4252.4414	88.5400	-173.1000
4261.2305	88.5400	-173.3000
4270.0195	88.5400	-173.6000
4278.8086	88.5300	-173.9000
4287.5977	88.5200	-174.1000
4296.3867	88.5100	-174.3000
4305.1758	88.5000	-174.5000
4313.9648	88.4900	-174.7000
4322.7539	88.4800	-174.9000
4331.5430	88.4700	-175.0000
4340.3320	88.4600	-175.2000
4349.1211	88.4600	-175.4000
4357.9102	88.4500	-175.6000
4366.6992	88.4500	-175.9000
4375.4883	88.4400	-176.2000
4384.2773	88.4300	-176.5000
4393.0664	88.4100	-176.8000
4401.8555	88.3800	-177.1000
4412.1094	88.3500	-177.4000
4422.3633	88.3000	-177.7000
4432.6172	88.2500	-178.0000
4442.8711	88.2000	-178.2000
4453.1250	88.1400	-178.4000
4463.3789	88.0800	-178.5000
4473.6328	88.0300	-178.5000
4483.8867	87.9800	-178.5000
4494.1406	87.9500	-178.5000
4504.3945	87.9200	-178.5000
4514.6484	87.8900	-178.6000
4524.9023	87.8600	-178.7000
4535.1563	87.8300	-178.8000
4545.4102	87.7900	-178.9000
4555.6641	87.7500	-178.9000
4565.9180	87.7100	-179.0000
4576.1719	87.6600	-179.1000
4586.4258	87.6200	-179.1000
4596.6797	87.5700	-179.1000
4606.9336	87.5200	-179.1000
4617.1875	87.4700	-179.1000
4627.4414	87.4300	-179.0000
4637.6953	87.3800	-179.0000
4647.9492	87.3300	-178.9000
4658.2031	87.2900	-178.7000
4668.4570	87.2500	-178.6000
4678.7109	87.2100	-178.5000
4688.9648	87.1600	-178.4000
4699.2188	87.1100	-178.3000
4709.4727	87.0600	-178.2000
4719.7266	87.0000	-178.0000
4729.9805	86.9500	-177.7000
4740.2344	86.9000	-177.4000
4750.4883	86.8600	-177.0000
4760.7422	86.8200	-176.7000
4770.9961	86.7900	-176.3000
4781.2500	86.7600	-175.8000
4791.5039	86.7300	-175.4000
4801.7578	86.7100	-174.9000
4812.0117	86.7000	-174.3000
4822.2656	86.7100	-173.8000
4832.5195	86.7200	-173.2000
4842.7734	86.7500	-172.7000
4853.0273	86.7900	-172.3000
4863.2813	86.8300	-171.9000
4873.5352	86.8700	-171.5000
4883.7891	86.9200	-171.2000
4894.0430	86.9700	-170.9000
4904.2969	87.0200	-170.7000
4914.5508	87.0600	-170.5000
4924.8047	87.1000	-170.4000
4935.0586	87.1400	-170.2000
4945.3125	87.1800	-170.0000
4955.5664	87.2300	-169.8000
4965.8203	87.2800	-169.6000
4976.0742	87.3400	-169.4000
4986.3281	87.3900	-169.3000
4996.5820	87.4500	-169.2000
5006.8359	87.5100	-169.2000
5017.0898	87.5600	-169.2000
5027.3438	87.6200	-169.2000
5037.5977	87.6700	-169.2000
5047.8516	87.7200	-169.2000
5058.1055	87.7800	-169.2000
5068.3594	87.8300	-169.2000
5078.6133	87.8900	-169.3000
5088.8672	87.9500	-169.3000
5099.1211	88.0000	-169.4000
5109.3750	88.0600	-169.5000
5119.6289	88.1200	-169.7000
5129.8828	88.1800	-169.8000
5141.6016	88.2400	-170.0000
5153.3203	88.3100	-170.3000
5165.0391	88.3800	-170.6000
5176.7578	88.4400	-171.0000
5188.4766	88.4900	-171.4000
5200.1953	88.5300	-171.9000
5211.9141	88.5700	-172.3000
5223.6328	88.5900	-172.8000
5235.3516	88.6200	-173.2000
5247.0703	88.6300	-173.6000
5258.7891	88.6500	-173.9000
5270.5078	88.6700	-174.3000
5282.2266	88.6900	-174.7000
5293.9453	88.7000	-175.1000
5305.6641	88.7100	-175.5000
5317.3828	88.7200	-175.9000
5329.1016	88.7200	-176.3000
5340.8203	88.7300	-176.6000
5352.5391	88.7300	-177.0000
5364.2578	88.7300	-177.4000
5375.9766	88.7200	-177.8000
5387.6953	88.7100	-178.2000
5399.4141	88.7100	-178.5000
5411.1328	88.6900	-178.9000
5422.8516	88.6800	-179.2000
5434.5703	88.6700	-179.5000
5446.2891	88.6600	-179.8000
5458.0078	88.6500	179.8000
5469.7266	88.6400	179.5000
5481.4453	88.6300	179.1000
5493.1641	88.6100	178.7000
5504.8828	88.5900	178.4000
5516.6016	88.5600	178.0000
5528.3203	88.5300	177.7000
5540.0391	88.5000	177.4000
5551.7578	88.4700	177.1000
5563.4766	88.4300	176.8000
5575.1953	88.4100	176.5000
5586.9141	88.3700	176.3000
5598.6328	88.3400	176.0000
5610.3516	88.3100	175.7000
5622.0703	88.2700	175.4000
5633.7891	88.2200	175.1000
5645.5078	88.1700	174.8000
5657.2266	88.1200	174.6000
5668.9453	88.0600	174.4000
5680.6641	88.0100	174.3000
5692.3828	87.9600	174.2000
5704.1016	87.9100	174.0000
5715.8203	87.8600	173.9000
5727.5391	87.8000	173.9000
5739.2578	87.7600	173.8000
5750.9766	87.7100	173.8000
5762.6953	87.6700	173.7000
5774.4141	87.6200	173.6000
5786.1328	87.5600	173.6000
5797.8516	87.5100	173.5000
5809.5703	87.4500	173.6000
5821.2891	87.3900	173.6000
5833.0078	87.3400	173.7000
5844.7266	87.2900	173.8000
5856.4453	87.2400	173.9000
5868.1641	87.2000	174.1000
5881.3477	87.1500	174.2000
5894.5313	87.1000	174.4000
5907.7148	87.0500	174.6000
5920.8984	87.0100	174.8000
5934.0820	86.9600	175.0000
5947.2656	86.9200	175.3000
5960.4492	86.8800	175.6000
5973.6328	86.8400	175.9000
5986.8164	86.8100	176.2000
6000.0000	86.7800	176.6000
6013.1836	86.7500	177.0000
6026.3672	86.7400	177.4000
6039.5508	86.7300	177.9000
6052.7344	86.7300	178.3000
6065.9180	86.7400	178.7000
6079.1016	86.7600	179.1000
6092.2852	86.7700	179.5000
6105.4688	86.8000	179.9000
6118.6523	86.8200	-179.8000
6131.8359	86.8500	-179.5000
6145.0195	86.8800	-179.2000
6158.2031	86.9200	-178.9000
6171.3867	86.9600	-178.6000
6184.5703	87.0000	-178.3000
6197.7539	87.0400	-178.1000
6210.9375	87.0900	-177.9000
6224.1211	87.1400	-177.7000
6237.3047	87.1900	-177.5000
6250.4883	87.2400	-177.4000
6263.6719	87.2900	-177.2000
6276.8555	87.3500	-177.1000
6290.0391	87.4000	-176.9000
6303.2227	87.4600	-176.8000
6316.4063	87.5300	-176.8000
6329.5898	87.5900	-176.7000
6342.7734	87.6600	-176.6000
6355.9570	87.7400	-176.6000
6369.1406	87.8200	-176.7000
6382.3242	87.9000	-176.8000
6395.5078	87.9700	-176.9000
6408.6914	88.0500	-177.1000
6421.8750	88.1200	-177.3000
6435.0586	88.2000	-177.5000
6448.2422	88.2700	-177.8000
6461.4258	88.3400	-178.2000
6474.6094	88.4000	-178.5000
6487.7930	88.4500	-178.9000
6500.9766	88.5100	-179.2000
6514.1602	88.5600	-179.6000
6527.3438	88.6100	180.0000
6540.5273	88.6600	179.5000
6553.7109	88.7100	179.1000
6566.8945	88.7600	178.6000
6580.0781	88.8000	178.1000
6593.2617	88.8400	177.5000
6607.9102	88.8700	176.9000
6622.5586	88.8900	176.2000
6637.2070	88.9100	175.6000
6651.8555	88.9200	175.0000
6666.5039	88.9300	174.4000
6681.1523	88.9300	173.7000
6695.8008	88.9300	173.1000
6710.4492	88.9200	172.5000
6725.0977	88.9200	171.9000
6739.7461	88.9000	171.2000
6754.3945	88.8800	170.6000
6769.0430	88.8500	169.9000
6783.6914	88.8100	169.3000
6798.3398	88.7700	168.7000
6812.9883	88.7200	168.1000
6827.6367	88.6600	167.6000
6842.2852	88.6000	167.1000
6856.9336	88.5400	166.7000
6871.5820	88.4800	166.2000
6886.2305	88.4200	165.8000
6900.8789	88.3500	165.4000
6915.5273	88.2800	165.0000
6930.1758	88.2000	164.6000
6944.8242	88.1200	164.3000
6959.4727	88.0400	164.1000
6974.1211	87.9600	163.9000
6988.7695	87.8700	163.7000
7003.4180	87.7900	163.6000
7018.0664	87.7100	163.5000
7032.7148	87.6300	163.4000
7047.3633	87.5500	163.4000
7062.0117	87.4800	163.4000
7076.6602	87.4000	163.4000
7091.3086	87.3200	163.5000
7105.9570	87.2400	163.5000
7120.6055	87.1600	163.7000
7135.2539	87.0900	163.9000
7149.9023	87.0200	164.1000
7164.5508	86.9600	164.4000
7179.1992	86.9000	164.7000
7193.8477	86.8500	165.0000
7208.4961	86.8000	165.3000
7223.1445	86.7600	165.6000
7237.7930	86.7200	166.0000
7252.4414	86.6800	166.4000
7267.0898	86.6500	166.8000
7281.7383	86.6300	167.3000
7296.3867	86.6200	167.7000
7311.0352	86.6100	168.3000
7325.6836	86.6200	168.8000
7341.7969	86.6500	169.3000
7357.9102	86.6800	169.8000
7374.0234	86.7300	170.2000
7390.1367	86.7800	170.5000
7406.2500	86.8300	170.8000
7422.3633	86.8900	171.1000
7438.4766	86.9500	171.3000
7454.5898	87.0100	171.5000
7470.7031	87.0800	171.6000
7486.8164	87.1500	171.7000
7502.9297	87.2300	171.7000
7519.0430	87.3000	171.7000
7535.1563	87.3700	171.6000
7551.2695	87.4400	171.5000
7567.3828	87.5000	171.3000
7583.4961	87.5700	171.1000
7599.6094	87.6300	170.9000
7615.7227	87.7000	170.7000
7631.8359	87.7700	170.4000
7647.9492	87.8300	170.0000
7664.0625	87.8900	169.6000
7680.1758	87.9500	169.1000
7696.2891	87.9900	168.6000
7712.4023	88.0200	168.0000
7728.5156	88.0500	167.5000
7744.6289	88.0800	167.0000
7760.7422	88.1000	166.5000
7776.8555	88.1200	165.9000
7792.9688	88.1300	165.4000
7809.0820	88.1400	164.8000
7825.1953	88.1400	164.2000
7841.3086	88.1300	163.7000
7857.4219	88.1300	163.1000
7873.5352	88.1100	162.5000
7889.6484	88.1000	162.0000
7905.7617	88.0800	161.4000
7921.8750	88.0600	160.9000
7937.9883	88.0300	160.3000
7954.1016	88.0000	159.8000
7970.2148	87.9700	159.2000
7986.3281	87.9300	158.6000
8002.4414	87.8800	158.1000
8018.5547	87.8400	157.5000
8034.6680	87.7800	157.0000
8050.7813	87.7200	156.4000
8066.8945	87.6500	155.9000
8084.4727	87.5600	155.4000
8102.0508	87.4800	154.9000
8119.6289	87.3800	154.4000
8137.2070	87.2900	154.0000
8154.7852	87.1800	153.6000
8172.3633	87.0800	153.2000
8189.9414	86.9700	152.9000
8207.5195	86.8500	152.7000
8225.0977	86.7300	152.4000
8242.6758	86.6100	152.3000
8260.2539	86.4900	152.2000
8277.8320	86.3600	152.1000
8295.4102	86.2400	152.1000
8312.9883	86.1100	152.2000
8330.5664	85.9800	152.3000
8348.1445	85.8500	152.5000
8365.7227	85.7200	152.8000
8383.3008	85.6000	153.1000
8400.8789	85.4800	153.6000
8418.4570	85.3700	154.1000
8436.0352	85.2700	154.7000
8453.6133	85.1900	155.3000
8471.1914	85.1100	155.9000
8488.7695	85.0500	156.6000
8506.3477	84.9900	157.3000
8523.9258	84.9300	158.0000
8541.5039	84.8900	158.7000
8559.0820	84.8700	159.5000
8576.6602	84.8600	160.2000
8594.2383	84.8500	161.0000
8611.8164	84.8600	161.7000
8629.3945	84.8800	162.3000
8646.9727	84.9000	163.0000
8664.5508	84.9300	163.6000
8682.1289	84.9700	164.2000
8699.7070	85.0200	164.7000
8717.2852	85.0700	165.2000
8734.8633	85.1300	165.7000
8752.4414	85.1900	166.1000
8770.0195	85.2600	166.4000
8787.5977	85.3300	166.7000
8805.1758	85.4000	167.0000
8824.2188	85.4700	167.2000
8843.2617	85.5500	167.4000
8862.3047	85.6300	167.5000
8881.3477	85.7200	167.6000
8900.3906	85.8000	167.7000
8919.4336	85.8900	167.6000
8938.4766	85.9800	167.5000
8957.5195	86.0600	167.3000
8976.5625	86.1400	167.1000
8995.6055	86.2100	166.8000
9014.6484	86.2800	166.5000
9033.6914	86.3400	166.2000
9052.7344	86.4000	165.8000
9071.7773	86.4600	165.3000
9090.8203	86.5000	164.8000
9109.8633	86.5400	164.3000
9128.9063	86.5600	163.7000
9147.9492	86.5800	163.2000
9166.9922	86.5900	162.7000
9186.0352	86.5900	162.1000
9205.0781	86.5900	161.6000
9224.1211	86.5800	161.0000
9243.1641	86.5600	160.5000
9262.2070	86.5400	159.9000
9281.2500	86.5000	159.4000
9300.2930	86.4600	158.9000
9319.3359	86.4100	158.4000
9338.3789	86.3500	158.0000
9357.4219	86.2900	157.6000
9376.4648	86.2300	157.2000
9395.5078	86.1600	156.9000
9414.5508	86.0800	156.6000
9433.5938	86.0000	156.4000
9452.6367	85.9300	156.2000
9471.6797	85.8500	156.0000
9490.7227	85.7700	156.0000
9509.7656	85.6900	155.9000
9528.8086	85.6000	155.9000
9549.3164	85.5200	155.9000
9569.8242	85.4300	156.0000
9590.3320	85.3400	156.2000
9610.8398	85.2600	156.4000
9631.3477	85.1800	156.6000
9651.8555	85.1000	157.0000
9672.3633	85.0300	157.3000
9692.8711	84.9700	157.8000
9713.3789	84.9100	158.2000
9733.8867	84.8600	158.8000
9754.3945	84.8200	159.3000
9774.9023	84.7900	159.9000
9795.4102	84.7700	160.5000
9815.9180	84.7600	161.1000
9836.4258	84.7600	161.7000
9856.9336	84.7800	162.4000
9877.4414	84.8100	163.0000
9897.9492	84.8500	163.5000
9918.4570	84.8900	164.0000
9938.9648	84.9500	164.5000
9959.4727	85.0100	165.0000
9979.9805	85.0700	165.4000
10000.4880	85.1500	165.7000
10020.9960	85.2300	166.0000
10041.5040	85.3200	166.3000
10062.0120	85.4100	166.4000
10082.5200	85.5000	166.5000
10103.0270	85.5900	166.6000
10123.5350	85.6800	166.5000
10144.0430	85.7700	166.5000
10164.5510	85.8700	166.3000
10185.0590	85.9500	166.1000
10205.5660	86.0300	165.8000
10226.0740	86.1100	165.5000
10246.5820	86.1800	165.2000
10267.0900	86.2500	164.8000
10289.0630	86.3100	164.4000
10311.0350	86.3800	163.9000
10333.0080	86.4300	163.4000
10354.9800	86.4800	162.9000
10376.9530	86.5200	162.3000
10398.9260	86.5500	161.7000
10420.8980	86.5700	161.1000
10442.8710	86.5900	160.5000
10464.8440	86.6000	159.9000
10486.8160	86.6000	159.3000
10508.7890	86.6000	158.7000
10530.7620	86.5900	158.1000
10552.7340	86.5700	157.5000
10574.7070	86.5400	156.9000
10596.6800	86.5100	156.4000
10618.6520	86.4700	155.8000
10640.6250	86.4300	155.3000
10662.5980	86.3800	154.7000
10684.5700	86.3100	154.3000
10706.5430	86.2500	153.8000
10728.5160	86.1700	153.4000
10750.4880	86.0900	153.1000
10772.4610	86.0000	152.8000
10794.4340	85.9200	152.5000
10816.4060	85.8200	152.3000
10838.3790	85.7200	152.2000
10860.3520	85.6200	152.1000
10882.3240	85.5200	152.2000
10904.2970	85.4200	152.3000
10926.2700	85.3200	152.5000
10948.2420	85.2300	152.8000
10970.2150	85.1400	153.1000
10992.1880	85.0600	153.5000
11015.6250	84.9700	154.0000
11039.0630	84.9000	154.7000
11062.5000	84.8500	155.4000
11085.9380	84.8100	156.1000
11109.3750	84.7900	156.9000
11132.8130	84.7800	157.6000
11156.2500	84.7900	158.4000
11179.6880	84.8100	159.2000
11203.1250	84.8600	160.0000
11226.5630	84.9200	160.7000
11250.0000	84.9900	161.3000
11273.4380	85.0700	161.9000
11296.8750	85.1700	162.5000
11320.3130	85.2700	162.9000
11343.7500	85.3800	163.2000
11367.1880	85.5000	163.5000
11390.6250	85.6200	163.7000
11414.0630	85.7300	163.8000
11437.5000	85.8500	163.8000
11460.9380	85.9700	163.7000
11484.3750	86.0900	163.6000
11507.8130	86.2000	163.4000
11531.2500	86.3100	163.1000
11554.6880	86.4100	162.8000
11578.1250	86.5000	162.5000
11601.5630	86.5900	162.1000
11625.0000	86.6800	161.7000
11648.4380	86.7600	161.2000
11671.8750	86.8400	160.8000
11695.3130	86.9100	160.3000
11718.7500	86.9800	159.8000
11743.6520	87.0600	159.2000
11768.5550	87.1300	158.6000
11793.4570	87.2000	157.9000
11818.3590	87.2500	157.2000
11843.2620	87.3000	156.4000
11868.1640	87.3400	155.6000
11893.0660	87.3700	154.7000
11917.9690	87.3900	153.9000
11942.8710	87.3900	153.0000
11967.7730	87.3800	152.1000
11992.6760	87.3600	151.2000
12017.5780	87.3200	150.3000
12042.4800	87.2700	149.4000
12067.3830	87.2100	148.6000
12092.2850	87.1300	147.8000
12117.1880	87.0300	147.1000
12142.0900	86.9100	146.5000
12166.9920	86.7900	146.0000
12191.8950	86.6600	145.6000
12216.7970	86.5200	145.4000
12241.6990	86.3900	145.4000
12266.6020	86.2500	145.4000
12291.5040	86.1200	145.7000
12316.4060	86.0100	146.0000
12341.3090	85.9000	146.5000
12366.2110	85.8200	147.2000
12391.1130	85.7500	147.9000
12416.0160	85.7100	148.6000
12440.9180	85.6900	149.4000
12465.8200	85.7000	150.3000
12492.1880	85.7400	151.1000
12518.5550	85.8000	151.9000
12544.9220	85.8800	152.6000
12571.2890	85.9900	153.1000
12597.6560	86.1000	153.6000
12624.0230	86.2300	153.9000
12650.3910	86.3700	154.1000
12676.7580	86.5100	154.1000
12703.1250	86.6500	154.0000
12729.4920	86.7800	153.8000
12755.8590	86.9200	153.5000
12782.2270	87.0400	153.1000
12808.5940	87.1600	152.6000
12834.9610	87.2800	152.0000
12861.3280	87.3800	151.4000
12887.6950	87.4800	150.7000
12914.0630	87.5600	150.0000
12940.4300	87.6400	149.2000
12966.7970	87.7100	148.3000
12993.1640	87.7700	147.4000
13019.5310	87.8200	146.5000
13045.8980	87.8500	145.6000
13072.2660	87.8700	144.6000
13098.6330	87.8900	143.7000
13125.0000	87.8900	142.7000
13151.3670	87.8800	141.7000
13177.7340	87.8600	140.8000
13204.1020	87.8300	139.9000
13231.9340	87.7800	138.9000
13259.7660	87.7200	138.0000
13287.5980	87.6600	137.2000
13315.4300	87.5800	136.4000
13343.2620	87.5000	135.6000
13371.0940	87.4100	134.9000
13398.9260	87.3100	134.3000
13426.7580	87.2100	133.8000
13454.5900	87.1100	133.3000
13482.4220	87.0000	132.9000
13510.2540	86.8900	132.6000
13538.0860	86.7700	132.3000
13565.9180	86.6600	132.2000
13593.7500	86.5400	132.1000
13621.5820	86.4300	132.2000
13649.4140	86.3300	132.4000
13677.2460	86.2300	132.6000
13705.0780	86.1400	133.0000
13732.9100	86.0700	133.5000
13760.7420	86.0200	134.1000
13788.5740	85.9900	134.7000
13816.4060	85.9800	135.3000
13844.2380	86.0000	136.0000
13872.0700	86.0400	136.6000
13899.9020	86.1000	137.1000
13927.7340	86.1900	137.6000
13957.0310	86.3000	137.9000
13986.3280	86.4200	138.1000
14015.6250	86.5500	138.2000
14044.9220	86.6900	138.1000
14074.2190	86.8300	137.9000
14103.5160	86.9600	137.5000
14132.8130	87.1000	136.9000
14162.1090	87.2200	136.3000
14191.4060	87.3400	135.5000
14220.7030	87.4400	134.6000
14250.0000	87.5300	133.7000
14279.2970	87.6100	132.6000
14308.5940	87.6600	131.6000
14337.8910	87.7100	130.4000
14367.1880	87.7400	129.3000
14396.4840	87.7500	128.1000
14425.7810	87.7400	127.0000
14455.0780	87.7200	125.8000
14484.3750	87.6800	124.7000
14513.6720	87.6300	123.6000
14542.9690	87.5700	122.6000
14572.2660	87.4900	121.7000
14601.5630	87.4000	120.8000
14630.8590	87.3100	120.0000
14660.1560	87.2100	119.4000
14690.9180	87.1000	118.8000
14721.6800	86.9900	118.3000
14752.4410	86.8900	117.9000
14783.2030	86.7900	117.6000
14813.9650	86.7000	117.3000
14844.7270	86.6200	117.2000
14875.4880	86.5500	117.1000
14906.2500	86.4900	117.0000
14937.0120	86.4500	116.9000
14967.7730	86.4100	116.7000
14998.5350	86.3800	116.6000
15029.2970	86.3500	116.4000
15060.0590	86.3300	116.2000
15090.8200	86.3100	116.0000
15121.5820	86.2800	115.7000
15152.3440	86.2600	115.5000
15183.1050	86.2300	115.2000
15213.8670	86.2000	115.0000
15244.6290	86.1800	114.8000
15275.3910	86.1600	114.6000
15306.1520	86.1400	114.4000
15336.9140	86.1300	114.3000
15367.6760	86.1300	114.1000
15398.4380	86.1400	114.0000
15430.6640	86.1500	113.8000
15462.8910	86.1800	113.6000
15495.1170	86.2200	113.3000
15527.3440	86.2700	112.9000
15559.5700	86.3200	112.4000
15591.7970	86.3600	111.7000
15624.0230	86.4000	111.0000
15656.2500	86.4400	110.3000
15688.4770	86.4600	109.4000
15720.7030	86.4700	108.5000
15752.9300	86.4800	107.5000
15785.1560	86.4600	106.5000
15817.3830	86.4400	105.4000
15849.6090	86.4000	104.3000
15881.8360	86.3400	103.2000
15914.0630	86.2700	102.2000
15946.2890	86.1800	101.1000
15978.5160	86.0700	100.1000
16010.7420	85.9500	99.1000
16042.9690	85.8100	98.3000
16075.1950	85.6600	97.5000
16107.4220	85.4900	96.9000
16139.6480	85.3200	96.5000
16173.3400	85.1400	96.1000
16207.0310	84.9700	96.0000
16240.7230	84.8000	96.1000
16274.4140	84.6600	96.3000
16308.1050	84.5400	96.6000
16341.7970	84.4400	96.9000
16375.4880	84.3700	97.3000
16409.1800	84.3300	97.7000
16442.8710	84.3100	98.0000
16476.5630	84.3100	98.2000
16510.2540	84.3200	98.3000
16543.9450	84.3400	98.3000
16577.6370	84.3600	98.1000
16611.3280	84.3700	97.9000
16645.0200	84.3800	97.6000
16678.7110	84.3800	97.2000
16712.4020	84.3800	96.8000
16746.0940	84.3700	96.3000
16779.7850	84.3500	95.9000
16813.4770	84.3300	95.4000
16847.1680	84.3100	95.0000
16882.3240	84.2900	94.5000
16917.4800	84.2700	94.0000
16952.6370	84.2500	93.5000
16987.7930	84.2300	92.9000
17022.9490	84.2100	92.3000
17058.1050	84.1800	91.7000
17093.2620	84.1600	91.0000
17128.4180	84.1300	90.2000
17163.5740	84.0800	89.4000
17198.7300	84.0300	88.6000
17233.8870	83.9700	87.7000
17269.0430	83.9000	86.9000
17304.1990	83.8100	86.1000
17339.3550	83.7200	85.3000
17374.5120	83.6100	84.6000
17409.6680	83.5000	83.9000
17444.8240	83.3900	83.3000
17479.9800	83.2600	82.7000
17515.1370	83.1400	82.3000
17550.2930	83.0100	81.9000
17585.4490	82.8800	81.5000
17622.0700	82.7500	81.3000
17658.6910	82.6100	81.2000
17695.3130	82.4900	81.1000
17731.9340	82.3800	81.2000
17768.5550	82.2800	81.3000
17805.1760	82.2000	81.5000
17841.7970	82.1400	81.6000
17878.4180	82.0900	81.7000
17915.0390	82.0600	81.8000
17951.6600	82.0500	81.8000
17988.2810	82.0400	81.7000
18024.9020	82.0300	81.4000
18061.5230	82.0200	81.1000
18098.1450	82.0100	80.6000
18134.7660	81.9800	80.1000
18171.3870	81.9500	79.6000
18208.0080	81.9000	79.0000
18244.6290	81.8500	78.4000
18281.2500	81.7800	77.8000
18317.8710	81.7200	77.3000
18355.9570	81.6400	76.7000
18394.0430	81.5600	76.2000
18432.1290	81.4800	75.7000
18470.2150	81.4000	75.2000
18508.3010	81.3200	74.8000
18546.3870	81.2400	74.4000
18584.4730	81.1700	73.9000
18622.5590	81.0900	73.5000
18660.6450	81.0100	73.0000
18698.7300	80.9300	72.5000
18736.8160	80.8400	72.0000
18774.9020	80.7500	71.5000
18812.9880	80.6400	71.0000
18851.0740	80.5300	70.5000
18889.1600	80.4100	70.1000
18927.2460	80.2800	69.7000
18965.3320	80.1400	69.4000
19003.4180	80.0000	69.2000
19041.5040	79.8700	69.1000
19079.5900	79.7300	69.0000
19119.1410	79.6100	69.1000
19158.6910	79.4900	69.2000
19198.2420	79.3900	69.3000
19237.7930	79.3000	69.5000
19277.3440	79.2300	69.6000
19316.8950	79.1700	69.7000
19356.4450	79.1100	69.8000
19395.9960	79.0600	69.8000
19435.5470	79.0100	69.7000
19475.0980	78.9700	69.6000
19514.6480	78.9200	69.5000
19554.1990	78.8700	69.3000
19593.7500	78.8100	69.0000
19633.3010	78.7500	68.8000
19672.8520	78.6700	68.5000
19712.4020	78.6000	68.1000
19751.9530	78.5100	67.8000
19791.5040	78.4200	67.4000
19832.5200	78.3100	66.9000
19873.5350	78.1900	66.4000
19914.5510	78.0600	65.9000
19955.5660	77.9200	65.3000
19996.5820	77.7600	64.7000