298.3562	48.8000	-168.4000
303.3567	48.9000	-172.3000
308.4410	48.8500	-175.1000
313.6106	48.7900	-176.1000
318.8668	48.9600	-176.2000
324.2111	49.2400	-177.0000
329.6449	49.4000	-178.5000
335.1698	49.4000	-179.8000
340.7874	49.3400	-179.9000
346.4991	49.4400	-178.7000
352.3065	49.7500	-177.8000
358.2112	50.0300	-178.3000
364.2149	50.0700	-178.9000
370.3193	49.9500	-178.0000
376.5259	49.9300	-175.4000
382.8366	50.1600	-172.1000
389.2530	50.5900	-169.1000
395.7770	51.1200	-166.6000
402.4103	51.7800	-164.2000
409.1548	52.5800	-162.6000
416.0123	53.3800	-162.2000
422.9848	54.1300	-162.5000
430.0741	54.9100	-163.5000
437.2823	55.6600	-165.5000
444.6112	56.2500	-168.7000
452.0630	56.6200	-172.2000
459.6397	56.8000	-175.2000
467.3434	56.9200	-177.2000
475.1762	57.0500	-178.4000
483.1402	57.1900	-179.4000
491.2378	57.3700	179.9000
499.4710	57.6200	179.3000
507.8423	57.8900	178.1000
516.3539	58.0200	176.2000
525.0081	57.9500	174.9000
533.8074	57.7900	175.4000
542.7541	57.8500	177.6000
551.8508	58.1800	179.5000
561.0999	58.5700	-179.6000
570.5041	58.9100	-179.0000
580.0659	59.2800	-177.9000
589.7879	59.8600	-176.5000
599.6729	60.6200	-176.5000
609.7236	61.3200	-178.7000
619.9427	61.7400	177.7000
630.3331	61.8800	174.1000
640.8976	61.7900	171.7000
651.6392	61.5900	171.1000
662.5609	61.5000	172.6000
673.6656	61.7300	175.2000
684.9564	62.2700	176.9000
696.4364	62.8800	176.9000
708.1088	63.3900	175.6000
719.9769	63.7900	174.0000
732.0439	64.1400	172.2000
744.3131	64.4300	170.3000
756.7880	64.6100	168.2000
769.4720	64.6800	166.2000
782.3685	64.6400	164.8000
795.4812	64.5200	164.2000
808.8137	64.3400	164.8000
822.3696	64.2000	167.2000
836.1527	64.3600	171.3000
850.1668	64.9900	175.6000
864.4158	65.9400	177.9000
878.9036	66.9000	177.4000
893.6343	67.6100	174.5000
908.6118	68.0100	171.1000
923.8404	68.1800	168.2000
939.3242	68.1900	166.6000
955.0675	68.2000	166.9000
971.0746	68.4200	168.4000
987.3501	68.9100	169.7000
1003.8983	69.5400	169.8000
1020.7239	70.1100	168.4000
1037.8315	70.4900	166.0000
1055.2258	70.6600	163.8000
1072.9116	70.6900	162.8000
1090.8939	70.7700	163.1000
1109.1775	70.9500	164.0000
1127.7676	71.2200	165.3000
1146.6693	71.6400	166.9000
1165.8877	72.2100	168.1000
1185.4283	72.8400	168.5000
1205.2964	73.4800	168.2000
1225.4974	74.0800	167.0000
1246.0371	74.5600	165.2000
1266.9209	74.9000	163.8000
1288.1549	75.2600	163.3000
1309.7446	75.7700	163.0000
1331.6963	76.3400	161.9000
1354.0158	76.8300	159.7000
1376.7095	77.1200	157.3000
1399.7835	77.2900	156.0000
1423.2442	77.5300	156.0000
1447.0981	78.0000	156.3000
1471.3518	78.6100	155.9000
1496.0120	79.1900	154.2000
1521.0856	79.6700	152.0000
1546.5793	80.0800	149.9000
1572.5004	80.4900	148.1000
1598.8559	80.9600	146.1000
1625.6531	81.4400	143.5000
1652.8994	81.8200	140.1000
1680.6024	82.0300	136.7000
1708.7697	82.1200	134.0000
1737.4091	82.2000	132.5000
1766.5285	82.4400	132.0000
1796.1360	82.8700	131.2000
1826.2397	83.4000	129.4000
1856.8479	83.9000	126.6000
1887.9691	84.3500	123.0000
1919.6120	84.6600	118.5000
1951.7851	84.7500	113.9000
1984.4975	84.6700	110.1000
2017.7582	84.5200	107.5000
2051.5763	84.4000	105.9000
2085.9612	84.3800	105.3000
2120.9224	84.5600	104.8000
2156.4696	84.8400	103.2000
2192.6126	85.0000	100.8000
2229.3613	85.0300	98.5000
2266.7259	85.0000	96.9000
2304.7168	84.9500	96.1000
2343.3444	84.9500	96.2000
2382.6195	85.1600	97.0000
2422.5528	85.6100	97.5000
2463.1553	86.1600	96.5000
2504.4384	86.6600	94.3000
2546.4134	87.0700	91.4000
2589.0919	87.4100	88.1000
2632.4858	87.6500	84.5000
2676.6069	87.7800	81.2000
2721.4674	87.8800	78.3000
2767.0799	88.0100	75.7000
2813.4568	88.1800	72.9000
2860.6111	88.3800	69.6000
2908.5556	88.4900	65.6000
2957.3037	88.4400	61.4000
3006.8689	88.2400	57.9000
3057.2647	88.0400	55.4000
3108.5052	87.9200	52.9000
3160.6045	87.7500	49.7000
3213.5770	87.3700	46.5000
3267.4374	86.7300	44.9000
3322.2004	86.0600	46.6000
3377.8813	85.8400	50.5000
3434.4954	86.2200	53.5000
3492.0584	86.7600	53.4000
3550.5862	87.1000	51.1000
3610.0949	87.2200	48.8000
3670.6009	87.3500	47.3000
3732.1211	87.5900	45.1000
3794.6724	87.7400	41.4000
3858.2720	87.5600	37.2000
3922.9376	87.1000	34.9000
3988.6870	86.6700	35.2000
4055.5384	86.6000	36.4000
4123.5102	86.7500	36.1000
4192.6212	86.7700	34.4000
4262.8906	86.6300	33.7000
4334.3377	86.6800	34.1000
4406.9822	86.9800	33.2000
4480.8443	87.1500	30.0000
4555.9444	86.9700	26.6000
4632.3031	86.6500	24.8000
4709.9417	86.4500	23.5000
4788.8814	86.1300	21.7000
4869.1443	85.5700	21.9000
4950.7523	85.2500	25.0000
5033.7281	85.4700	27.3000
5118.0947	85.6500	26.9000
5203.8752	85.5500	26.9000
5291.0934	85.6000	28.5000
5379.7734	85.8900	29.0000
5469.9397	86.0400	28.3000
5561.6173	86.2100	29.0000
5654.8313	86.7200	29.1000
5749.6077	87.1600	26.5000
5845.9725	87.3400	23.4000
5943.9525	87.5000	20.5000
6043.5746	87.5200	16.3000
6144.8664	87.0700	12.8000
6247.8558	86.4700	12.6000
6352.5714	86.1000	14.5000
6459.0421	86.0800	17.5000
6567.2972	86.5400	19.8000
6677.3667	87.0000	19.4000
6789.2810	87.4000	19.2000
6903.0710	88.0800	18.3000
7018.7682	88.7200	14.4000
7136.4045	89.0200	8.6000
7256.0123	88.9800	2.4000
7377.6249	88.5800	-2.7000
7501.2757	88.0800	-5.9000
7626.9989	87.5100	-8.3000
7754.8293	86.7800	-7.7000
7884.8021	86.4000	-3.9000
8016.9533	86.6800	-0.7000
8151.3194	87.1700	-0.3000
8287.9375	87.5300	-1.9000
8426.8454	87.7800	-4.1000
8568.0814	87.9200	-6.8000
8711.6845	87.9400	-9.4000
8857.6945	87.9000	-11.9000
9006.1516	87.7100	-13.8000
9157.0969	87.5000	-14.1000
9310.5721	87.5400	-13.4000
9466.6196	87.9200	-13.5000
9625.2825	88.3500	-15.9000
9786.6046	88.5800	-20.2000
9950.6305	88.5100	-24.9000
10117.4050	88.1400	-28.9000
10286.9760	87.5800	-30.9000
10459.3880	87.1000	-30.0000
10634.6900	87.0400	-27.8000
10812.9300	87.4500	-26.7000
10994.1570	87.9800	-27.9000
11178.4220	88.3900	-32.0000
11365.7750	88.4300	-37.4000
11556.2680	88.1000	-41.7000
11749.9540	87.6900	-43.5000
11946.8860	87.3600	-44.0000
12147.1190	87.3000	-43.9000
12350.7080	87.5000	-43.3000
12557.7080	87.8400	-44.9000
12768.1790	88.1500	-49.0000
12982.1770	88.1500	-53.3000
13199.7610	87.8000	-57.1000
13420.9920	87.4400	-59.3000
13645.9310	87.2800	-59.2000
13874.6410	87.2900	-59.1000
14107.1830	87.4000	-62.1000
14343.6230	87.4000	-66.5000
14584.0250	87.1500	-68.6000
14828.4570	86.7600	-68.3000
15076.9860	86.6600	-68.3000
15329.6800	86.9600	-70.2000
15586.6090	87.3300	-73.8000
15847.8440	87.3400	-78.1000
16113.4580	86.8700	-81.2000
16383.5240	86.3500	-81.8000
16658.1150	86.3400	-82.1000
16937.3100	86.5400	-84.8000
17221.1830	86.4800	-89.0000
17509.8140	86.1500	-91.0000
17803.2830	85.9900	-90.3000
18101.6700	86.1900	-91.1000
18405.0590	86.2500	-94.9000
18713.5320	85.7800	-97.9000
19027.1760	85.2700	-96.7000
19346.0760	85.4600	-94.6000
19670.3210	85.9500	-96.3000
20000.0000	86.1200	-98.3000