298.35619	58.03	-171
303.35671	58.01	-174
308.44104	58.02	-176.2
313.61059	58.06	-178.1
318.86678	58.09	179.7
324.21107	58.05	177.5
329.64492	57.87	175.5
335.16985	57.54	174.5
340.78738	57.16	175.2
346.49906	56.94	177.6
352.30647	57	-179.4
358.21121	57.29	-177.1
364.21492	57.64	-176
370.31925	57.93	-175.8
376.5259	58.14	-175.9
382.83656	58.21	-176
389.253	58.15	-175
395.77697	58.13	-172.4
402.41029	58.34	-168.4
409.15479	58.9	-164.3
416.01232	59.73	-161.4
422.98479	60.66	-160.3
430.07412	61.57	-160.9
437.28226	62.35	-163.2
444.61122	62.92	-166.4
452.06302	63.26	-169.9
459.6397	63.44	-172.8
467.34338	63.53	-174.8
475.17617	63.6	-176.2
483.14023	63.65	-177
491.23778	63.75	-177.1
499.47105	63.96	-177.1
507.84231	64.19	-177.7
516.35387	64.3	-178.8
525.00808	64.24	-179
533.80735	64.2	-177.3
542.75409	64.48	-174.5
551.85078	65.02	-172.8
561.09994	65.54	-172.7
570.50411	65.92	-173
580.0659	66.28	-172.5
589.78794	66.82	-171.8
599.67293	67.5	-172.2
609.7236	68.12	-174.3
619.94272	68.49	-177.6
630.33311	68.59	179.3
640.89765	68.51	177.3
651.63925	68.35	177
662.56088	68.28	178.7
673.66556	68.52	-178.6
684.95636	69.07	-176.5
696.4364	69.7	-176.1
708.10884	70.26	-176.8
719.97692	70.75	-178
732.04391	71.21	-179.5
744.31315	71.57	178.3
756.78802	71.8	176
769.47197	71.87	174
782.36851	71.85	172.9
795.4812	71.8	172.5
808.81366	71.7	173.1
822.36957	71.63	175.3
836.15269	71.82	179.2
850.16681	72.45	-176.6
864.41582	73.42	-174.2
878.90364	74.41	-174.7
893.63428	75.15	-177.5
908.61181	75.58	179.2
923.84036	75.79	176.4
939.32415	75.83	174.8
955.06746	75.88	175.2
971.07462	76.16	176.7
987.35007	76.7	178
1003.8983	77.36	177.9
1020.7239	77.95	176.3
1037.8315	78.36	173.9
1055.2258	78.56	171.7
1072.9116	78.63	170.6
1090.8939	78.73	170.9
1109.1775	78.93	171.8
1127.7676	79.24	173.2
1146.6693	79.71	174.8
1165.8877	80.33	175.9
1185.4283	81.01	176.1
1205.2964	81.68	175.5
1225.4974	82.31	174.1
1246.0371	82.8	172.2
1266.9209	83.18	170.8
1288.1549	83.61	170.3
1309.7446	84.17	169.8
1331.6963	84.8	168.4
1354.0158	85.33	166.1
1376.7095	85.68	163.6
1399.7835	85.93	162.1
1423.2442	86.28	161.9
1447.0981	86.85	161.9
1471.3518	87.56	160.8
1496.012	88.21	158.4
1521.0856	88.72	155.4
1546.5793	89.15	152.8
1572.5004	89.61	150.6
1598.8559	90.15	148.3
1625.6531	90.73	145.2
1652.8994	91.21	141
1680.6024	91.5	136.5
1708.7697	91.62	132.6
1737.4091	91.71	129.9
1766.5285	91.91	128.3
1796.136	92.32	126.7
1826.2397	92.82	124
1856.8479	93.28	120.3
1887.9691	93.65	115.9
1919.612	93.9	110.8
1951.7851	93.95	105.8
1984.4975	93.86	101.6
2017.7582	93.71	98.5
2051.5763	93.62	96.3
2085.9612	93.63	94.7
2120.9224	93.78	93
2156.4696	93.98	90.2
2192.6126	94.05	86.8
2229.3613	93.97	83.5
2266.7259	93.8	81
2304.7168	93.58	79.5
2343.3444	93.42	79.3
2382.6195	93.5	79.9
2422.5528	93.83	79.9
2463.1553	94.22	78.4
2504.4384	94.53	75.9
2546.4134	94.78	73.2
2589.0919	94.99	70
2632.4858	95.11	66.5
2676.6069	95.12	63.1
2721.4674	95.08	60.1
2767.0799	95.06	57.5
2813.4568	95.09	54.8
2860.6111	95.12	51.4
2908.5556	95.06	47.5
2957.3037	94.84	43.3
3006.8689	94.44	39.9
3057.2647	93.99	37.7
3108.5052	93.58	36
3160.6045	93.17	34.4
3213.577	92.68	33.1
3267.4374	92.07	33.2
3322.2004	91.48	35.6
3377.8813	91.28	39.7
3434.4954	91.55	43.1
3492.0584	92.03	44.2
3550.5862	92.42	43.3
3610.0949	92.66	41.6
3670.6009	92.85	39.9
3732.1211	93.03	37.7
3794.6724	93.12	34.6
3858.272	92.96	31.2
3922.9376	92.54	29.1
3988.687	92.09	29.4
4055.5384	91.93	31
4123.5102	92.07	31.7
4192.6212	92.17	30.9
4262.8906	92.14	30.3
4334.3377	92.18	30.5
4406.9822	92.43	30.1
4480.8443	92.63	27.9
4555.9444	92.59	25.3
4632.3031	92.43	23.5
4709.9417	92.29	22
4788.8814	92.03	20.4
4869.1443	91.62	20.4
4950.7523	91.38	22.5
5033.7281	91.53	24.2
5118.0947	91.71	24.2
5203.8752	91.79	24.1
5291.0934	91.94	24.3
5379.7734	92.19	23.8
5469.9397	92.35	22.4
5561.6173	92.46	21.3
5654.8313	92.64	20
5749.6077	92.79	17.9
5845.9725	92.82	15.4
5943.9525	92.79	13
6043.5746	92.64	10.3
6144.8664	92.27	8.2
6247.8558	91.77	8
6352.5714	91.38	10.2
6459.0421	91.41	13.7
6567.2972	91.86	15.9
6677.3667	92.35	16
6789.281	92.9	15.4
6903.071	93.53	13.1
7018.7682	94.01	8.3
7136.4045	94.16	2.1
7256.0123	93.93	-4.1
7377.6249	93.39	-9
7501.2757	92.68	-12.5
7626.9989	91.73	-13.7
7754.8293	90.69	-10.3
7884.8021	90.27	-3.4
8016.9533	90.76	2.7
8151.3194	91.54	4.9
8287.9375	92.34	4.5
8426.8454	93.04	1.2
8568.0814	93.33	-4.1
8711.6845	93.23	-8.9
8857.6945	92.9	-12.1
9006.1516	92.53	-13.4
9157.0969	92.29	-13.3
9310.5721	92.29	-12.6
9466.6196	92.57	-12.7
9625.2825	92.94	-14.8
9786.6046	93.11	-18.8
9950.6305	92.97	-23.4
10117.405	92.52	-27
10286.976	91.88	-28.4
10459.388	91.32	-26.9
10634.69	91.23	-23.7
10812.93	91.67	-21.8
10994.157	92.29	-23
11178.422	92.69	-27.1
11365.775	92.69	-32.7
11556.268	92.31	-36.8
11749.954	91.75	-38.7
11946.886	91.34	-38.9
12147.119	91.15	-38
12350.708	91.21	-37.4
12557.708	91.47	-38.8
12768.179	91.53	-42
12982.177	91.24	-45.4
13199.761	90.72	-46.6
13420.992	90.18	-45.3
13645.931	89.94	-42.7
13874.641	90.21	-40
14107.183	90.68	-39.1
14343.623	90.94	-40.9
14584.025	91.03	-42.6
14828.457	91.25	-42.2
15076.986	91.76	-41.4
15329.68	92.43	-43.2
15586.609	93	-48.6
15847.844	93.21	-55.3
16113.458	93.05	-59.9
16383.524	92.94	-61.6
16658.115	93.19	-63.6
16937.31	93.44	-68.6
17221.183	93.31	-75.3
17509.814	92.85	-80
17803.283	92.53	-82.1
18101.67	92.59	-85.3
18405.059	92.48	-91.5
18713.532	91.82	-96.7
19027.176	91.01	-97.7
19346.076	90.75	-97.7
19670.321	90.79	-100.6
20000	90.77	-102.9
