500.0000	60.9400	-115.7000
503.7174	61.0700	-115.9000
507.4625	61.2300	-116.2000
511.2355	61.4200	-116.5000
515.0364	61.6200	-116.8000
518.8657	61.8200	-117.2000
522.7234	62.0200	-117.5000
526.6098	62.2300	-117.9000
530.5251	62.4400	-118.2000
534.4695	62.6500	-118.6000
538.4432	62.8600	-119.0000
542.4465	63.0600	-119.4000
546.4795	63.2700	-119.8000
550.5425	63.4700	-120.2000
554.6357	63.6800	-120.6000
558.7594	63.8800	-121.0000
562.9137	64.0800	-121.4000
567.0989	64.2800	-121.8000
571.3152	64.4700	-122.2000
575.5629	64.6700	-122.6000
579.8421	64.8600	-123.0000
584.1532	65.0600	-123.4000
588.4963	65.2500	-123.8000
592.8717	65.4400	-124.3000
597.2796	65.6300	-124.7000
601.7204	65.8200	-125.1000
606.1941	66.0000	-125.5000
610.7011	66.1900	-125.9000
615.2416	66.3700	-126.3000
619.8158	66.5500	-126.7000
624.4241	66.7300	-127.1000
629.0666	66.9100	-127.4000
633.7437	67.0900	-127.8000
638.4555	67.2700	-128.2000
643.2023	67.4400	-128.6000
647.9845	67.6100	-128.9000
652.8021	67.7900	-129.2000
657.6557	67.9600	-129.6000
662.5453	68.1300	-129.9000
667.4712	68.3000	-130.2000
672.4338	68.4800	-130.5000
677.4333	68.6500	-130.8000
682.4699	68.8200	-131.1000
687.5440	68.9900	-131.4000
692.6558	69.1700	-131.7000
697.8056	69.3400	-131.9000
702.9937	69.5200	-132.1000
708.2204	69.7000	-132.4000
713.4860	69.8700	-132.6000
718.7906	70.0500	-132.8000
724.1348	70.2300	-133.0000
729.5186	70.4200	-133.3000
734.9425	70.6000	-133.5000
740.4067	70.7900	-133.7000
745.9116	70.9800	-133.9000
751.4574	71.1700	-134.1000
757.0444	71.3700	-134.3000
762.6729	71.5700	-134.5000
768.3433	71.7700	-134.7000
774.0558	71.9700	-134.9000
779.8109	72.1700	-135.2000
785.6087	72.3800	-135.4000
791.4496	72.5800	-135.7000
797.3339	72.7900	-136.0000
803.2620	73.0100	-136.3000
809.2342	73.2200	-136.6000
815.2508	73.4300	-136.9000
821.3120	73.6500	-137.3000
827.4184	73.8700	-137.6000
833.5702	74.0800	-138.0000
839.7677	74.3000	-138.4000
846.0113	74.5200	-138.9000
852.3013	74.7300	-139.3000
858.6380	74.9500	-139.8000
865.0219	75.1600	-140.3000
871.4533	75.3700	-140.8000
877.9324	75.5800	-141.4000
884.4597	75.7900	-141.9000
891.0356	76.0000	-142.5000
897.6604	76.2100	-143.0000
904.3344	76.4100	-143.6000
911.0580	76.6100	-144.2000
917.8316	76.8100	-144.8000
924.6556	77.0000	-145.4000
931.5303	77.2000	-146.0000
938.4561	77.3900	-146.6000
945.4335	77.5800	-147.3000
952.4627	77.7600	-147.9000
959.5441	77.9500	-148.5000
966.6782	78.1300	-149.1000
973.8654	78.3100	-149.7000
981.1059	78.5000	-150.2000
988.4004	78.6800	-150.8000
995.7490	78.8600	-151.4000
1003.1523	79.0300	-151.9000
1010.6106	79.2100	-152.5000
1018.1244	79.3900	-153.0000
1025.6940	79.5700	-153.5000
1033.3200	79.7600	-154.1000
1041.0026	79.9400	-154.6000
1048.7423	80.1200	-155.1000
1056.5396	80.3100	-155.6000
1064.3949	80.5000	-156.1000
1072.3085	80.6900	-156.6000
1080.2810	80.8800	-157.1000
1088.3128	81.0700	-157.6000
1096.4043	81.2700	-158.1000
1104.5559	81.4700	-158.6000
1112.7682	81.6700	-159.2000
1121.0415	81.8700	-159.7000
1129.3763	82.0700	-160.3000
1137.7731	82.2800	-160.8000
1146.2323	82.4800	-161.4000
1154.7544	82.6900	-162.0000
1163.3399	82.9000	-162.6000
1171.9892	83.1100	-163.2000
1180.7028	83.3100	-163.8000
1189.4812	83.5200	-164.5000
1198.3249	83.7300	-165.1000
1207.2343	83.9400	-165.7000
1216.2100	84.1500	-166.4000
1225.2524	84.3600	-167.0000
1234.3620	84.5800	-167.7000
1243.5393	84.7900	-168.3000
1252.7849	85.0100	-169.0000
1262.0992	85.2300	-169.7000
1271.4828	85.4600	-170.3000
1280.9361	85.6800	-171.0000
1290.4597	85.9200	-171.7000
1300.0542	86.1600	-172.5000
1309.7199	86.4000	-173.2000
1319.4576	86.6500	-174.0000
1329.2676	86.9000	-174.8000
1339.1505	87.1600	-175.6000
1349.1070	87.4300	-176.6000
1359.1374	87.6900	-177.5000
1369.2425	87.9700	-178.6000
1379.4226	88.2400	-179.7000
1389.6785	88.5100	179.1000
1400.0106	88.7800	177.9000
1410.4195	89.0600	176.5000
1420.9059	89.3300	175.1000
1431.4701	89.5900	173.6000
1442.1130	89.8500	172.0000
1452.8349	90.1100	170.3000
1463.6366	90.3500	168.5000
1474.5186	90.5900	166.7000
1485.4814	90.8100	164.8000
1496.5258	91.0300	162.8000
1507.6523	91.2300	160.8000
1518.8616	91.4200	158.8000
1530.1541	91.5900	156.7000
1541.5307	91.7500	154.6000
1552.9918	91.9000	152.4000
1564.5381	92.0300	150.2000
1576.1703	92.1400	148.1000
1587.8889	92.2500	145.9000
1599.6947	92.3300	143.8000
1611.5883	92.4100	141.7000
1623.5703	92.4700	139.6000
1635.6413	92.5200	137.6000
1647.8021	92.5600	135.6000
1660.0534	92.5900	133.6000
1672.3957	92.6200	131.7000
1684.8298	92.6300	129.9000
1697.3563	92.6400	128.1000
1709.9759	92.6500	126.3000
1722.6894	92.6500	124.6000
1735.4974	92.6400	123.0000
1748.4007	92.6400	121.3000
1761.3998	92.6300	119.8000
1774.4957	92.6200	118.2000
1787.6888	92.6100	116.6000
1800.9801	92.6000	115.1000
1814.3702	92.5800	113.6000
1827.8598	92.5700	112.1000
1841.4498	92.5400	110.7000
1855.1408	92.5100	109.2000
1868.9335	92.4800	107.7000
1882.8289	92.4400	106.3000
1896.8275	92.3900	104.9000
1910.9302	92.3400	103.6000
1925.1377	92.2800	102.3000
1939.4509	92.2200	101.1000
1953.8705	92.1500	99.9000
1968.3974	92.0900	98.7000
1983.0322	92.0200	97.6000
1997.7758	91.9500	96.6000
2012.6290	91.8900	95.6000
2027.5927	91.8300	94.7000
2042.6677	91.7700	93.7000
2057.8547	91.7200	92.8000
2073.1546	91.6700	91.9000
2088.5683	91.6200	91.0000
2104.0965	91.5600	90.0000
2119.7403	91.5100	89.1000
2135.5003	91.4400	88.1000
2151.3775	91.3700	87.2000
2167.3728	91.2900	86.3000
2183.4870	91.2000	85.4000
2199.7210	91.1000	84.5000
2216.0756	90.9900	83.8000
2232.5519	90.8700	83.1000
2249.1507	90.7500	82.6000
2265.8729	90.6300	82.2000
2282.7194	90.5200	81.9000
2299.6912	90.4100	81.7000
2316.7891	90.3200	81.7000
2334.0142	90.2500	81.7000
2351.3673	90.2000	81.7000
2368.8495	90.1600	81.8000
2386.4616	90.1500	81.9000
2404.2047	90.1500	81.9000
2422.0797	90.1500	81.8000
2440.0876	90.1700	81.6000
2458.2294	90.1900	81.4000
2476.5061	90.2000	81.1000
2494.9186	90.2100	80.7000
2513.4681	90.2200	80.4000
2532.1554	90.2100	80.0000
2550.9817	90.2000	79.6000
2569.9480	90.1800	79.3000
2589.0553	90.1600	79.0000
2608.3046	90.1400	78.8000
2627.6971	90.1300	78.7000
2647.2337	90.1200	78.6000
2666.9156	90.1300	78.6000
2686.7439	90.1500	78.6000
2706.7195	90.1800	78.6000
2726.8437	90.2300	78.5000
2747.1175	90.2900	78.4000
2767.5420	90.3600	78.3000
2788.1184	90.4300	78.1000
2808.8477	90.5100	77.7000
2829.7312	90.5900	77.4000
2850.7699	90.6700	76.9000
2871.9651	90.7600	76.4000
2893.3178	90.8400	75.9000
2914.8293	90.9200	75.3000
2936.5008	91.0100	74.6000
2958.3333	91.1000	73.8000
2980.3282	91.1900	72.9000
3002.4866	91.2700	71.9000
3024.8098	91.3500	70.7000
3047.2989	91.4100	69.4000
3069.9553	91.4400	68.0000
3092.7801	91.4500	66.5000
3115.7745	91.4200	64.9000
3138.9400	91.3600	63.4000
3162.2777	91.2700	61.9000
3185.7888	91.1400	60.5000
3209.4748	90.9800	59.3000
3233.3369	90.7900	58.3000
3257.3764	90.6000	57.5000
3281.5947	90.4000	56.9000
3305.9930	90.2000	56.6000
3330.5727	90.0000	56.5000
3355.3351	89.8200	56.6000
3380.2817	89.6500	56.8000
3405.4137	89.5000	57.2000
3430.7326	89.3800	57.7000
3456.2397	89.2700	58.4000
3481.9365	89.2000	59.1000
3507.8243	89.1600	59.9000
3533.9046	89.1600	60.8000
3560.1788	89.2000	61.5000
3586.6483	89.2800	62.1000
3613.3147	89.3900	62.4000
3640.1793	89.5200	62.4000
3667.2436	89.6500	62.0000
3694.5092	89.7600	61.3000
3721.9774	89.8300	60.3000
3749.6499	89.8300	59.1000
3777.5282	89.7700	57.8000
3805.6137	89.6500	56.7000
3833.9080	89.4700	56.0000
3862.4127	89.2600	55.7000
3891.1293	89.0600	55.8000
3920.0594	88.8900	56.4000
3949.2046	88.7700	57.2000
3978.5665	88.7100	58.0000
4008.1467	88.6800	58.6000
4037.9469	88.6700	59.1000
4067.9686	88.6300	59.4000
4098.2135	88.5700	59.8000
4128.6833	88.4800	60.4000
4159.3796	88.4000	61.3000
4190.3041	88.3600	62.6000
4221.4586	88.3800	64.1000
4252.8446	88.4800	65.6000
4284.4641	88.6500	66.8000
4316.3186	88.8500	67.6000
4348.4100	89.0500	68.1000
4380.7399	89.2500	68.4000
4413.3102	89.4400	68.5000
4446.1227	89.6400	68.6000
4479.1792	89.8600	68.5000
4512.4814	90.1100	68.1000
4546.0312	90.3600	67.2000
4579.8304	90.5800	65.8000
4613.8810	90.7300	64.0000
4648.1847	90.7900	62.0000
4682.7434	90.7500	60.1000
4717.5591	90.6300	58.5000
4752.6336	90.4600	57.4000
4787.9689	90.2900	56.9000
4823.5670	90.1400	56.7000
4859.4297	90.0300	56.8000
4895.5590	89.9600	56.9000
4931.9569	89.9000	57.0000
4968.6255	89.8400	57.2000
5005.5667	89.7800	57.4000
5042.7825	89.7400	57.8000
5080.2751	89.7300	58.2000
5118.0464	89.7500	58.7000
5156.0985	89.8000	59.0000
5194.4335	89.8600	59.1000
5233.0536	89.9100	59.0000
5271.9607	89.9300	58.8000
5311.1572	89.9300	58.6000
5350.6451	89.9100	58.7000
5390.4265	89.9100	59.0000
5430.5038	89.9400	59.3000
5470.8790	90.0100	59.5000
5511.5544	90.0800	59.4000
5552.5322	90.1300	59.1000
5593.8146	90.1300	58.8000
5635.4040	90.1000	58.8000
5677.3027	90.0800	59.1000
5719.5128	90.1000	59.6000
5762.0367	90.1900	60.1000
5804.8768	90.3100	60.3000
5848.0355	90.4400	60.2000
5891.5150	90.5300	59.8000
5935.3178	90.5800	59.5000
5979.4462	90.6300	59.4000
6023.9027	90.7100	59.4000
6068.6898	90.8000	59.4000
6113.8098	90.9100	59.1000
6159.2653	91.0000	58.7000
6205.0588	91.0700	58.2000
6251.1927	91.1300	57.9000
6297.6697	91.2200	57.7000
6344.4922	91.3400	57.5000
6391.6628	91.4900	57.0000
6439.1841	91.6500	56.1000
6487.0587	91.7700	54.9000
6535.2893	91.8500	53.4000
6583.8785	91.8800	51.9000
6632.8289	91.8700	50.4000
6682.1432	91.8300	48.9000
6731.8243	91.7300	47.4000
6781.8746	91.6000	46.1000
6832.2971	91.4200	45.0000
6883.0945	91.2100	44.3000
6934.2696	90.9900	43.9000
6985.8251	90.7800	43.9000
7037.7640	90.5700	44.2000
7090.0890	90.3800	44.7000
7142.8030	90.2000	45.7000
7195.9090	90.0500	47.0000
7249.4098	89.9800	48.9000
7303.3083	90.0300	50.9000
7357.6076	90.2100	52.7000
7412.3107	90.4600	53.9000
7467.4204	90.7400	54.5000
7522.9398	91.0100	54.6000
7578.8721	91.2800	54.4000
7635.2202	91.5400	53.7000
7691.9872	91.7500	52.6000
7749.1763	91.9100	51.3000
7806.7906	92.0200	50.0000
7864.8332	92.1200	48.8000
7923.3074	92.2100	47.5000
7982.2163	92.2900	45.9000
8041.5632	92.3000	44.1000
8101.3514	92.2400	42.3000
8161.5840	92.1200	40.7000
8222.2645	91.9600	39.5000
8283.3961	91.7900	38.7000
8344.9823	91.6200	38.1000
8407.0263	91.4300	37.8000
8469.5316	91.2400	37.9000
8532.5017	91.0900	38.6000
8595.9399	91.0200	39.5000
8659.8498	91.0400	40.4000
8724.2348	91.1200	40.9000
8789.0986	91.2300	40.9000
8854.4446	91.3200	40.7000
8920.2764	91.3800	40.2000
8986.5977	91.4100	39.6000
9053.4120	91.4100	39.1000
9120.7232	91.4100	38.7000
9188.5348	91.4200	38.4000
9256.8505	91.4200	38.0000
9325.6742	91.4200	37.7000
9395.0096	91.4300	37.5000
9464.8604	91.4600	37.4000
9535.2306	91.5300	37.1000
9606.1240	91.6200	36.6000
9677.5445	91.7000	35.8000
9749.4960	91.7600	34.9000
9821.9825	91.8000	33.7000
9895.0078	91.7800	32.5000
9968.5761	91.7300	31.3000
10042.6910	91.6400	30.3000
10117.3580	91.5300	29.4000
10192.5790	91.4000	28.8000
10268.3600	91.2700	28.6000
10344.7040	91.2000	28.8000
10421.6160	91.1900	28.9000
10499.0990	91.2500	28.9000
10577.1590	91.3400	28.4000
10655.7990	91.4200	27.4000
10735.0240	91.4800	26.0000
10814.8370	91.4700	24.4000
10895.2450	91.3900	22.7000
10976.2500	91.2500	21.0000
11057.8570	91.0400	19.6000
11140.0710	90.7900	18.6000
11222.8960	90.5200	18.0000
11306.3370	90.2600	18.0000
11390.3980	90.0500	18.5000
11475.0850	89.9300	19.2000
11560.4010	89.8800	20.0000
11646.3510	89.9100	20.5000
11732.9400	89.9800	20.6000
11820.1740	90.0700	20.2000
11908.0550	90.1300	19.4000
11996.5900	90.1300	18.3000
12085.7840	90.0800	17.1000
12175.6400	89.9900	16.1000
12266.1650	89.8600	15.2000
12357.3620	89.7200	14.6000
12449.2380	89.5800	14.0000
12541.7970	89.4600	13.7000
12635.0440	89.3700	13.3000
12728.9840	89.2800	12.8000
12823.6220	89.2000	12.2000
12918.9650	89.0900	11.5000
13015.0160	88.9900	10.9000
13111.7810	88.8600	10.1000
13209.2660	88.7100	9.3000
13307.4750	88.5200	8.5000
13406.4150	88.2800	7.8000
13506.0900	88.0000	7.5000
13606.5060	87.7100	7.7000
13707.6690	87.4500	8.5000
13809.5840	87.2800	9.6000
13912.2570	87.2000	10.6000
14015.6930	87.2000	11.3000
14119.8980	87.2100	11.4000
14224.8780	87.1700	11.0000
14330.6380	87.0700	10.5000
14437.1850	86.9000	10.2000
14544.5240	86.7100	10.2000
14652.6610	86.5400	10.6000
14761.6020	86.4100	11.1000
14871.3530	86.3200	11.5000
14981.9200	86.2300	11.8000
15093.3090	86.1300	12.1000
15205.5260	86.0300	12.5000
15318.5770	85.9500	13.3000
15432.4690	85.9400	14.1000
15547.2080	86.0000	14.8000
15662.8000	86.1200	15.0000
15779.2510	86.2400	14.6000
15896.5680	86.3000	13.6000
16014.7570	86.2900	12.5000
16133.8250	86.2000	11.5000
16253.7780	86.0700	10.9000
16374.6230	85.9200	10.8000
16496.3670	85.8000	11.0000
16619.0160	85.7400	11.4000
16742.5760	85.7300	11.8000
16867.0550	85.7700	12.0000
16992.4600	85.8400	11.8000
17118.7970	85.9500	11.2000
17246.0740	86.0300	9.9000
17374.2960	86.0600	8.2000
17503.4720	85.9900	6.1000
17633.6090	85.8000	4.2000
17764.7130	85.5000	2.7000
17896.7910	85.1700	2.3000
18029.8520	84.9200	2.7000
18163.9020	84.8200	3.5000
18298.9490	84.8400	3.8000
18434.9990	84.9000	3.2000
18572.0620	84.8900	1.8000
18710.1430	84.7700	0.4000
18849.2510	84.5800	-0.6000
18989.3930	84.4100	-1.0000
19130.5770	84.3000	-1.2000
19272.8110	84.2600	-1.6000
19416.1020	84.2200	-2.4000
19560.4590	84.1500	-3.3000
19705.8880	84.0600	-4.1000
19852.4000	83.9900	-4.5000
20000.0000	83.9700	-4.7000