500.0000	59.0400	-106.4000
503.7174	59.1600	-106.6000
507.4625	59.3300	-106.9000
511.2355	59.5100	-107.2000
515.0364	59.7100	-107.5000
518.8657	59.9100	-107.9000
522.7234	60.1200	-108.2000
526.6098	60.3200	-108.6000
530.5251	60.5300	-108.9000
534.4695	60.7400	-109.3000
538.4432	60.9500	-109.7000
542.4465	61.1500	-110.0000
546.4795	61.3600	-110.4000
550.5425	61.5700	-110.8000
554.6357	61.7700	-111.2000
558.7594	61.9700	-111.6000
562.9137	62.1800	-111.9000
567.0989	62.3800	-112.3000
571.3152	62.5800	-112.7000
575.5629	62.7800	-113.1000
579.8421	62.9800	-113.5000
584.1532	63.1700	-113.9000
588.4963	63.3700	-114.3000
592.8717	63.5700	-114.6000
597.2796	63.7600	-115.0000
601.7204	63.9500	-115.4000
606.1941	64.1400	-115.8000
610.7011	64.3400	-116.1000
615.2416	64.5300	-116.5000
619.8158	64.7100	-116.9000
624.4241	64.9000	-117.2000
629.0666	65.0900	-117.6000
633.7437	65.2800	-117.9000
638.4555	65.4600	-118.2000
643.2023	65.6500	-118.5000
647.9845	65.8300	-118.8000
652.8021	66.0200	-119.1000
657.6557	66.2000	-119.4000
662.5453	66.3900	-119.7000
667.4712	66.5800	-120.0000
672.4338	66.7600	-120.2000
677.4333	66.9500	-120.5000
682.4699	67.1400	-120.7000
687.5440	67.3300	-120.9000
692.6558	67.5200	-121.1000
697.8056	67.7100	-121.3000
702.9937	67.9100	-121.5000
708.2204	68.1100	-121.7000
713.4860	68.3000	-121.9000
718.7906	68.5000	-122.0000
724.1348	68.7100	-122.2000
729.5186	68.9100	-122.4000
734.9425	69.1200	-122.5000
740.4067	69.3300	-122.7000
745.9116	69.5500	-122.9000
751.4574	69.7700	-123.0000
757.0444	69.9900	-123.2000
762.6729	70.2100	-123.4000
768.3433	70.4300	-123.6000
774.0558	70.6600	-123.8000
779.8109	70.8900	-124.0000
785.6087	71.1300	-124.2000
791.4496	71.3600	-124.5000
797.3339	71.6000	-124.8000
803.2620	71.8400	-125.1000
809.2342	72.0800	-125.4000
815.2508	72.3200	-125.7000
821.3120	72.5600	-126.1000
827.4184	72.8100	-126.4000
833.5702	73.0500	-126.8000
839.7677	73.3000	-127.2000
846.0113	73.5400	-127.7000
852.3013	73.7800	-128.1000
858.6380	74.0200	-128.6000
865.0219	74.2700	-129.1000
871.4533	74.5100	-129.6000
877.9324	74.7500	-130.2000
884.4597	74.9800	-130.7000
891.0356	75.2200	-131.3000
897.6604	75.4500	-131.9000
904.3344	75.6800	-132.5000
911.0580	75.9100	-133.1000
917.8316	76.1400	-133.7000
924.6556	76.3600	-134.3000
931.5303	76.5900	-135.0000
938.4561	76.8100	-135.6000
945.4335	77.0300	-136.2000
952.4627	77.2500	-136.8000
959.5441	77.4600	-137.5000
966.6782	77.6800	-138.1000
973.8654	77.8900	-138.7000
981.1059	78.1100	-139.3000
988.4004	78.3200	-139.9000
995.7490	78.5400	-140.5000
1003.1523	78.7500	-141.1000
1010.6106	78.9700	-141.7000
1018.1244	79.1800	-142.3000
1025.6940	79.4000	-142.9000
1033.3200	79.6200	-143.5000
1041.0026	79.8400	-144.1000
1048.7423	80.0600	-144.7000
1056.5396	80.2900	-145.3000
1064.3949	80.5100	-145.9000
1072.3085	80.7400	-146.5000
1080.2810	80.9700	-147.2000
1088.3128	81.2000	-147.8000
1096.4043	81.4400	-148.5000
1104.5559	81.6700	-149.1000
1112.7682	81.9100	-149.9000
1121.0415	82.1500	-150.6000
1129.3763	82.3900	-151.3000
1137.7731	82.6300	-152.1000
1146.2323	82.8700	-152.9000
1154.7544	83.1100	-153.7000
1163.3399	83.3500	-154.5000
1171.9892	83.5900	-155.3000
1180.7028	83.8300	-156.2000
1189.4812	84.0700	-157.1000
1198.3249	84.3100	-158.0000
1207.2343	84.5500	-159.0000
1216.2100	84.7900	-159.9000
1225.2524	85.0300	-160.9000
1234.3620	85.2700	-161.9000
1243.5393	85.5100	-162.9000
1252.7849	85.7500	-163.9000
1262.0992	85.9900	-165.0000
1271.4828	86.2400	-166.0000
1280.9361	86.4800	-167.1000
1290.4597	86.7200	-168.3000
1300.0542	86.9700	-169.4000
1309.7199	87.2200	-170.6000
1319.4576	87.4600	-171.8000
1329.2676	87.7100	-173.0000
1339.1505	87.9600	-174.3000
1349.1070	88.2100	-175.7000
1359.1374	88.4600	-177.1000
1369.2425	88.7100	-178.5000
1379.4226	88.9600	179.9000
1389.6785	89.2100	178.4000
1400.0106	89.4500	176.7000
1410.4195	89.6900	175.0000
1420.9059	89.9300	173.3000
1431.4701	90.1600	171.4000
1442.1130	90.3800	169.5000
1452.8349	90.6000	167.6000
1463.6366	90.8000	165.5000
1474.5186	91.0000	163.5000
1485.4814	91.1800	161.3000
1496.5258	91.3600	159.1000
1507.6523	91.5200	156.9000
1518.8616	91.6600	154.7000
1530.1541	91.8000	152.4000
1541.5307	91.9100	150.1000
1552.9918	92.0200	147.8000
1564.5381	92.1100	145.5000
1576.1703	92.1900	143.2000
1587.8889	92.2500	141.0000
1599.6947	92.2900	138.7000
1611.5883	92.3300	136.5000
1623.5703	92.3500	134.3000
1635.6413	92.3500	132.2000
1647.8021	92.3500	130.1000
1660.0534	92.3400	128.1000
1672.3957	92.3100	126.2000
1684.8298	92.2800	124.3000
1697.3563	92.2500	122.5000
1709.9759	92.2100	120.8000
1722.6894	92.1600	119.1000
1735.4974	92.1100	117.5000
1748.4007	92.0600	115.9000
1761.3998	92.0200	114.4000
1774.4957	91.9600	113.0000
1787.6888	91.9100	111.6000
1800.9801	91.8600	110.2000
1814.3702	91.8100	108.9000
1827.8598	91.7600	107.5000
1841.4498	91.7100	106.2000
1855.1408	91.6500	105.0000
1868.9335	91.5900	103.8000
1882.8289	91.5200	102.6000
1896.8275	91.4600	101.4000
1910.9302	91.3900	100.3000
1925.1377	91.3100	99.2000
1939.4509	91.2400	98.2000
1953.8705	91.1600	97.3000
1968.3974	91.0800	96.4000
1983.0322	91.0100	95.6000
1997.7758	90.9400	94.8000
2012.6290	90.8800	94.1000
2027.5927	90.8200	93.4000
2042.6677	90.7700	92.8000
2057.8547	90.7300	92.1000
2073.1546	90.6900	91.4000
2088.5683	90.6500	90.7000
2104.0965	90.6200	90.0000
2119.7403	90.5800	89.2000
2135.5003	90.5400	88.4000
2151.3775	90.4900	87.6000
2167.3728	90.4300	86.8000
2183.4870	90.3600	86.1000
2199.7210	90.2800	85.3000
2216.0756	90.1800	84.7000
2232.5519	90.0900	84.1000
2249.1507	89.9800	83.7000
2265.8729	89.8800	83.3000
2282.7194	89.7800	83.1000
2299.6912	89.6900	83.1000
2316.7891	89.6200	83.1000
2334.0142	89.5600	83.2000
2351.3673	89.5200	83.3000
2368.8495	89.5000	83.5000
2386.4616	89.5000	83.6000
2404.2047	89.5100	83.7000
2422.0797	89.5300	83.7000
2440.0876	89.5600	83.6000
2458.2294	89.6000	83.5000
2476.5061	89.6300	83.3000
2494.9186	89.6600	83.0000
2513.4681	89.6800	82.8000
2532.1554	89.7000	82.5000
2550.9817	89.7100	82.2000
2569.9480	89.7200	82.0000
2589.0553	89.7300	81.8000
2608.3046	89.7500	81.6000
2627.6971	89.7700	81.5000
2647.2337	89.8000	81.4000
2666.9156	89.8400	81.4000
2686.7439	89.8900	81.3000
2706.7195	89.9500	81.2000
2726.8437	90.0200	81.0000
2747.1175	90.1000	80.8000
2767.5420	90.1800	80.6000
2788.1184	90.2700	80.2000
2808.8477	90.3600	79.8000
2829.7312	90.4500	79.3000
2850.7699	90.5400	78.8000
2871.9651	90.6300	78.3000
2893.3178	90.7200	77.7000
2914.8293	90.8000	77.1000
2936.5008	90.8900	76.4000
2958.3333	90.9900	75.6000
2980.3282	91.0800	74.8000
3002.4866	91.1800	73.8000
3024.8098	91.2700	72.7000
3047.2989	91.3400	71.5000
3069.9553	91.4000	70.1000
3092.7801	91.4300	68.7000
3115.7745	91.4400	67.1000
3138.9400	91.4100	65.6000
3162.2777	91.3400	64.1000
3185.7888	91.2400	62.6000
3209.4748	91.1100	61.3000
3233.3369	90.9500	60.3000
3257.3764	90.7800	59.4000
3281.5947	90.6000	58.8000
3305.9930	90.4200	58.4000
3330.5727	90.2500	58.2000
3355.3351	90.0900	58.3000
3380.2817	89.9400	58.5000
3405.4137	89.8200	58.8000
3430.7326	89.7200	59.3000
3456.2397	89.6600	59.9000
3481.9365	89.6200	60.6000
3507.8243	89.6200	61.3000
3533.9046	89.6600	61.9000
3560.1788	89.7400	62.5000
3586.6483	89.8600	62.8000
3613.3147	90.0000	62.9000
3640.1793	90.1600	62.6000
3667.2436	90.3200	61.9000
3694.5092	90.4500	60.9000
3721.9774	90.5300	59.6000
3749.6499	90.5600	58.1000
3777.5282	90.5100	56.5000
3805.6137	90.4000	55.1000
3833.9080	90.2300	54.0000
3862.4127	90.0200	53.2000
3891.1293	89.8000	53.0000
3920.0594	89.6000	53.3000
3949.2046	89.4500	53.8000
3978.5665	89.3600	54.5000
4008.1467	89.3100	55.1000
4037.9469	89.2800	55.6000
4067.9686	89.2500	55.9000
4098.2135	89.2000	56.2000
4128.6833	89.1300	56.6000
4159.3796	89.0600	57.3000
4190.3041	89.0200	58.4000
4221.4586	89.0500	59.7000
4252.8446	89.1400	61.0000
4284.4641	89.3000	62.0000
4316.3186	89.5000	62.7000
4348.4100	89.7100	63.0000
4380.7399	89.9100	63.1000
4413.3102	90.1000	63.0000
4446.1227	90.2800	62.8000
4479.1792	90.4900	62.5000
4512.4814	90.7200	62.0000
4546.0312	90.9600	61.0000
4579.8304	91.1800	59.6000
4613.8810	91.3500	57.8000
4648.1847	91.4300	55.6000
4682.7434	91.4200	53.4000
4717.5591	91.3100	51.4000
4752.6336	91.1500	49.9000
4787.9689	90.9500	48.8000
4823.5670	90.7500	48.3000
4859.4297	90.5900	48.0000
4895.5590	90.4600	48.0000
4931.9569	90.3600	47.9000
4968.6255	90.2600	48.0000
5005.5667	90.1600	48.1000
5042.7825	90.0700	48.3000
5080.2751	90.0000	48.7000
5118.0464	89.9700	49.2000
5156.0985	89.9800	49.7000
5194.4335	90.0100	50.0000
5233.0536	90.0600	50.1000
5271.9607	90.0900	50.1000
5311.1572	90.1000	50.0000
5350.6451	90.0900	50.0000
5390.4265	90.0900	50.1000
5430.5038	90.1300	50.4000
5470.8790	90.1900	50.5000
5511.5544	90.2800	50.4000
5552.5322	90.3400	50.0000
5593.8146	90.3700	49.5000
5635.4040	90.3400	49.2000
5677.3027	90.3100	49.1000
5719.5128	90.2900	49.3000
5762.0367	90.3200	49.6000
5804.8768	90.3900	49.8000
5848.0355	90.4800	49.6000
5891.5150	90.5300	49.3000
5935.3178	90.5500	49.0000
5979.4462	90.5500	48.9000
6023.9027	90.5700	49.0000
6068.6898	90.6300	49.1000
6113.8098	90.7100	49.2000
6159.2653	90.8000	49.0000
6205.0588	90.8700	48.8000
6251.1927	90.9300	48.7000
6297.6697	91.0000	48.7000
6344.4922	91.1200	48.8000
6391.6628	91.2800	48.7000
6439.1841	91.4800	48.2000
6487.0587	91.6700	47.3000
6535.2893	91.8200	46.1000
6583.8785	91.9300	44.6000
6632.8289	92.0000	43.1000
6682.1432	92.0300	41.5000
6731.8243	92.0300	39.9000
6781.8746	91.9900	38.2000
6832.2971	91.9000	36.6000
6883.0945	91.7600	35.1000
6934.2696	91.5700	33.9000
6985.8251	91.3600	33.0000
7037.7640	91.1200	32.5000
7090.0890	90.8900	32.3000
7142.8030	90.6400	32.5000
7195.9090	90.3800	33.3000
7249.4098	90.1800	34.8000
7303.3083	90.1000	36.9000
7357.6076	90.1900	39.1000
7412.3107	90.4300	40.7000
7467.4204	90.7200	41.5000
7522.9398	91.0200	41.6000
7578.8721	91.3200	41.2000
7635.2202	91.6100	40.2000
7691.9872	91.8500	38.6000
7749.1763	91.9900	36.5000
7806.7906	92.0300	34.3000
7864.8332	91.9700	32.4000
7923.3074	91.8700	30.8000
7982.2163	91.7500	29.5000
8041.5632	91.5900	28.4000
8101.3514	91.4100	27.6000
8161.5840	91.2300	27.3000
8222.2645	91.0900	27.3000
8283.3961	91.0000	27.4000
8344.9823	90.9100	27.3000
8407.0263	90.8100	27.3000
8469.5316	90.7100	27.6000
8532.5017	90.6300	28.3000
8595.9399	90.6400	29.1000
8659.8498	90.7300	29.7000
8724.2348	90.8500	29.8000
8789.0986	90.9700	29.4000
8854.4446	91.0400	28.6000
8920.2764	91.0600	27.8000
8986.5977	91.0200	26.9000
9053.4120	90.9400	26.4000
9120.7232	90.8400	26.2000
9188.5348	90.7800	26.3000
9256.8505	90.7500	26.5000
9325.6742	90.7400	26.7000
9395.0096	90.7600	27.0000
9464.8604	90.8300	27.2000
9535.2306	90.9300	27.2000
9606.1240	91.0500	26.7000
9677.5445	91.1300	26.0000
9749.4960	91.2000	25.1000
9821.9825	91.2300	24.1000
9895.0078	91.2100	23.0000
9968.5761	91.1500	22.0000
10042.6910	91.0500	21.2000
10117.3580	90.9400	20.6000
10192.5790	90.8000	20.4000
10268.3600	90.6800	20.6000
10344.7040	90.6200	21.3000
10421.6160	90.6600	21.9000
10499.0990	90.7700	22.3000
10577.1590	90.9100	22.1000
10655.7990	91.0600	21.5000
10735.0240	91.1800	20.4000
10814.8370	91.2300	19.0000
10895.2450	91.2300	17.5000
10976.2500	91.1500	16.0000
11057.8570	91.0200	14.8000
11140.0710	90.8500	13.9000
11222.8960	90.6600	13.5000
11306.3370	90.4700	13.6000
11390.3980	90.3400	14.1000
11475.0850	90.2800	14.9000
11560.4010	90.2900	15.7000
11646.3510	90.3800	16.3000
11732.9400	90.5100	16.5000
11820.1740	90.6600	16.2000
11908.0550	90.7800	15.6000
11996.5900	90.8600	14.7000
12085.7840	90.9000	13.8000
12175.6400	90.9000	12.8000
12266.1650	90.8700	12.1000
12357.3620	90.8200	11.5000
12449.2380	90.7900	11.1000
12541.7970	90.7600	10.8000
12635.0440	90.7700	10.6000
12728.9840	90.8000	10.2000
12823.6220	90.8300	9.6000
12918.9650	90.8500	9.1000
13015.0160	90.8800	8.4000
13111.7810	90.9000	7.6000
13209.2660	90.9100	6.7000
13307.4750	90.8900	5.7000
13406.4150	90.8300	4.8000
13506.0900	90.7300	4.0000
13606.5060	90.6300	3.7000
13707.6690	90.5500	3.7000
13809.5840	90.5500	4.0000
13912.2570	90.6200	4.1000
14015.6930	90.7500	3.8000
14119.8980	90.8800	2.9000
14224.8780	90.9600	1.7000
14330.6380	90.9700	0.2000
14437.1850	90.9300	-1.0000
14544.5240	90.8700	-2.0000
14652.6610	90.8200	-2.8000
14761.6020	90.8000	-3.7000
14871.3530	90.7900	-4.7000
14981.9200	90.7500	-6.0000
15093.3090	90.6700	-7.2000
15205.5260	90.5700	-8.1000
15318.5770	90.4900	-8.6000
15432.4690	90.4700	-8.9000
15547.2080	90.5200	-9.4000
15662.8000	90.6000	-10.4000
15779.2510	90.6700	-12.0000
15896.5680	90.6600	-13.9000
16014.7570	90.5700	-15.8000
16133.8250	90.4100	-17.4000
16253.7780	90.2200	-18.6000
16374.6230	90.0300	-19.3000
16496.3670	89.8800	-19.7000
16619.0160	89.7600	-19.9000
16742.5760	89.6800	-20.0000
16867.0550	89.6400	-20.1000
16992.4600	89.6600	-20.2000
17118.7970	89.7300	-20.6000
17246.0740	89.8200	-21.5000
17374.2960	89.8900	-23.0000
17503.4720	89.8900	-24.9000
17633.6090	89.7800	-26.8000
17764.7130	89.6000	-28.2000
17896.7910	89.3900	-28.9000
18029.8520	89.2700	-28.9000
18163.9020	89.2800	-28.6000
18298.9490	89.4300	-29.0000
18434.9990	89.6100	-30.3000
18572.0620	89.7300	-32.4000
18710.1430	89.7600	-34.8000
18849.2510	89.7200	-37.0000
18989.3930	89.6800	-39.0000
19130.5770	89.6700	-40.9000
19272.8110	89.6600	-43.1000
19416.1020	89.6200	-45.5000
19560.4590	89.5200	-47.6000
19705.8880	89.4000	-49.2000
19852.4000	89.3100	-50.2000
20000.0000	89.2800	-50.6000