298.3562	54.3100	-112.8000
303.3567	54.3000	-112.8000
308.4410	54.9200	-112.8000
313.6106	55.3300	-112.8000
318.8668	54.8900	-112.7000
324.2111	54.5600	-112.6000
329.6449	55.4500	-112.5000
335.1698	56.6500	-112.4000
340.7874	56.6500	-112.2000
346.4991	56.3600	-112.0000
352.3065	57.3100	-111.9000
358.2112	58.2100	-111.7000
364.2149	57.8700	-111.5000
370.3193	57.3800	-111.3000
376.5259	57.8000	-111.1000
382.8366	58.6600	-110.9000
389.2530	58.9800	-110.7000
395.7770	59.0700	-110.5000
402.4103	59.3100	-110.2000
409.1548	59.5200	-110.0000
416.0123	60.0600	-109.8000
422.9848	60.9300	-109.6000
430.0741	61.6800	-109.4000
437.2823	62.2900	-109.3000
444.6112	62.8900	-109.1000
452.0630	63.3200	-109.0000
459.6397	63.7000	-108.9000
467.3434	64.1500	-108.8000
475.1762	64.6200	-108.8000
483.1402	65.1200	-108.9000
491.2378	65.6300	-109.1000
499.4710	66.1600	-109.3000
507.8423	66.7200	-109.5000
516.3539	67.3000	-109.9000
525.0081	67.8900	-110.4000
533.8074	68.4800	-110.9000
542.7541	69.0700	-111.5000
551.8508	69.6600	-112.2000
561.0999	70.2400	-113.0000
570.5041	70.8200	-113.9000
580.0659	71.4000	-114.9000
589.7879	71.9600	-116.0000
599.6729	72.5300	-117.1000
609.7236	73.0800	-118.4000
619.9427	73.6200	-119.7000
630.3331	74.1500	-121.0000
640.8976	74.6700	-122.3000
651.6392	75.1700	-123.7000
662.5609	75.6600	-125.1000
673.6656	76.1400	-126.5000
684.9564	76.6100	-127.8000
696.4364	77.0700	-129.2000
708.1088	77.5200	-130.4000
719.9769	77.9700	-131.7000
732.0439	78.4100	-132.8000
744.3131	78.8500	-133.9000
756.7880	79.3000	-134.8000
769.4720	79.7600	-135.7000
782.3685	80.2400	-136.4000
795.4812	80.7300	-137.1000
808.8137	81.2500	-137.8000
822.3696	81.7900	-138.5000
836.1527	82.3600	-139.3000
850.1668	82.9600	-140.1000
864.4158	83.5900	-141.1000
878.9036	84.2500	-142.2000
893.6343	84.9200	-143.5000
908.6118	85.6200	-145.1000
923.8404	86.3200	-146.9000
939.3242	87.0200	-149.0000
955.0675	87.7300	-151.4000
971.0746	88.4200	-153.9000
987.3501	89.1100	-156.8000
1003.8983	89.7900	-159.8000
1020.7239	90.4500	-163.1000
1037.8315	91.0900	-166.6000
1055.2258	91.7200	-170.2000
1072.9116	92.3200	-174.0000
1090.8939	92.9000	-178.0000
1109.1775	93.4600	177.8000
1127.7676	93.9900	173.4000
1146.6693	94.4900	168.8000
1165.8877	94.9500	164.2000
1185.4283	95.3800	159.3000
1205.2964	95.7800	154.4000
1225.4974	96.1200	149.3000
1246.0371	96.4200	144.1000
1266.9209	96.6700	138.9000
1288.1549	96.8600	133.6000
1309.7446	96.9900	128.5000
1331.6963	97.0600	123.4000
1354.0158	97.0800	118.6000
1376.7095	97.0500	114.0000
1399.7835	96.9800	109.7000
1423.2442	96.8900	105.8000
1447.0981	96.8000	102.3000
1471.3518	96.7200	99.2000
1496.0120	96.6600	96.2000
1521.0856	96.6400	93.3000
1546.5793	96.6400	90.4000
1572.5004	96.6400	87.3000
1598.8559	96.6400	84.1000
1625.6531	96.5900	80.7000
1652.8994	96.4900	77.4000
1680.6024	96.3400	74.3000
1708.7697	96.1500	71.5000
1737.4091	95.9500	69.3000
1766.5285	95.7900	67.5000
1796.1360	95.6800	66.0000
1826.2397	95.6500	64.5000
1856.8479	95.6800	62.7000
1887.9691	95.7200	60.4000
1919.6120	95.7100	57.7000
1951.7851	95.6300	54.8000
1984.4975	95.4500	52.0000
2017.7582	95.2100	49.7000
2051.5763	94.9400	48.2000
2085.9612	94.7300	47.4000
2120.9224	94.6100	46.9000
2156.4696	94.6000	46.2000
2192.6126	94.6300	45.1000
2229.3613	94.6400	43.6000
2266.7259	94.5900	41.8000
2304.7168	94.4600	40.3000
2343.3444	94.3100	39.4000
2382.6195	94.2000	39.0000
2422.5528	94.2000	39.0000
2463.1553	94.3000	38.8000
2504.4384	94.4500	38.0000
2546.4134	94.5800	36.6000
2589.0919	94.6200	35.0000
2632.4858	94.6100	33.9000
2676.6069	94.6300	33.4000
2721.4674	94.7700	33.3000
2767.0799	95.0600	32.7000
2813.4568	95.4300	31.1000
2860.6111	95.7600	28.3000
2908.5556	95.9500	24.9000
2957.3037	95.9900	21.5000
3006.8689	95.9500	18.7000
3057.2647	95.9500	16.3000
3108.5052	95.9800	13.7000
3160.6045	95.9900	10.6000
3213.5770	95.8700	7.1000
3267.4374	95.6000	4.1000
3322.2004	95.2500	2.1000
3377.8813	94.9500	1.3000
3434.4954	94.7800	1.0000
3492.0584	94.7100	0.7000
3550.5862	94.7000	0.0000
3610.0949	94.7100	-0.8000
3670.6009	94.7800	-1.7000
3732.1211	94.8800	-3.1000
3794.6724	94.9400	-5.1000
3858.2720	94.8800	-7.3000
3922.9376	94.7200	-8.7000
3988.6870	94.6200	-9.0000
4055.5384	94.7100	-9.2000
4123.5102	94.9100	-10.2000
4192.6212	95.0800	-12.1000
4262.8906	95.2000	-14.2000
4334.3377	95.3300	-16.5000
4406.9822	95.4200	-19.4000
4480.8443	95.3800	-22.5000
4555.9444	95.2800	-24.9000
4632.3031	95.2300	-27.1000
4709.9417	95.2000	-29.8000
4788.8814	95.0500	-32.8000
4869.1443	94.8000	-35.2000
4950.7523	94.5500	-36.8000
5033.7281	94.3500	-38.1000
5118.0947	94.2100	-39.2000
5203.8752	94.1200	-40.4000
5291.0934	94.0300	-41.9000
5379.7734	93.8600	-43.5000
5469.9397	93.6400	-44.4000
5561.6173	93.5200	-44.5000
5654.8313	93.5600	-44.4000
5749.6077	93.7000	-44.7000
5845.9725	93.9800	-45.4000
5943.9525	94.4300	-47.6000
6043.5746	94.7500	-52.2000
6144.8664	94.7600	-57.9000
6247.8558	94.4400	-63.5000
6352.5714	93.7700	-67.7000
6459.0421	93.0000	-68.8000
6567.2972	92.4900	-67.6000
6677.3667	92.2700	-65.9000
6789.2810	92.2700	-63.9000
6903.0710	92.5800	-62.3000
7018.7682	93.1200	-62.5000
7136.4045	93.7200	-65.0000
7256.0123	94.1200	-70.0000
7377.6249	94.1200	-75.5000
7501.2757	93.9000	-79.8000
7626.9989	93.6200	-83.1000
7754.8293	93.3700	-85.3000
7884.8021	93.2000	-87.0000
8016.9533	93.1000	-88.4000
8151.3194	93.1500	-89.8000
8287.9375	93.3300	-92.3000
8426.8454	93.4100	-96.5000
8568.0814	93.2000	-101.1000
8711.6845	92.8000	-104.2000
8857.6945	92.4900	-105.9000
9006.1516	92.3100	-107.3000
9157.0969	92.1900	-108.6000
9310.5721	92.1900	-109.8000
9466.6196	92.3400	-112.0000
9625.2825	92.4100	-115.6000
9786.6046	92.2800	-119.4000
9950.6305	92.0800	-122.4000
10117.4050	91.9100	-125.3000
10286.9760	91.6800	-128.2000
10459.3880	91.4100	-130.0000
10634.6900	91.3900	-131.0000
10812.9300	91.5900	-133.1000
10994.1570	91.7600	-137.0000
11178.4220	91.8100	-141.8000
11365.7750	91.5900	-147.1000
11556.2680	91.1000	-150.7000
11749.9540	90.8300	-151.8000
11946.8860	91.0100	-153.5000
12147.1190	91.2400	-157.5000
12350.7080	91.3300	-163.2000
12557.7080	91.1600	-169.8000
12768.1790	90.6000	-175.2000
12982.1770	90.0000	-177.9000
13199.7610	89.6500	-179.2000
13420.9920	89.6300	179.3000
13645.9310	89.8700	175.5000
13874.6410	89.8300	169.1000
14107.1830	89.3100	163.2000
14343.6230	88.6700	159.7000
14584.0250	88.3200	158.4000
14828.4570	88.5000	156.4000
15076.9860	88.7200	150.2000
15329.6800	88.4200	142.3000
15586.6090	87.6900	136.8000
15847.8440	87.1900	134.3000
16113.4580	87.1600	130.2000
16383.5240	86.8100	122.9000
16658.1150	85.8500	117.6000
16937.3100	85.0600	116.5000
17221.1830	84.9400	115.3000
17509.8140	84.8500	110.7000
17803.2830	84.3700	106.3000
18101.6700	83.9500	103.7000
18405.0590	83.8100	100.7000
18713.5320	83.7100	95.9000
19027.1760	83.4000	90.3000
19346.0760	82.9100	85.8000
19670.3210	82.6200	83.2000
20000.0000	82.6000	82.4000