496.8529	65.24	-100.9
500.65286	65.49	-101.2
504.48188	65.73	-101.6
508.34018	65.98	-101.9
512.228	66.22	-102.3
516.14554	66.47	-102.6
520.09305	66.71	-103
524.07075	66.96	-103.4
528.07887	67.2	-103.8
532.11765	67.44	-104.2
536.18731	67.69	-104.6
540.2881	67.93	-105
544.42026	68.16	-105.4
548.58401	68.4	-105.8
552.77961	68.64	-106.3
557.0073	68.87	-106.7
561.26732	69.1	-107.2
565.55992	69.34	-107.6
569.88536	69.57	-108.1
574.24387	69.79	-108.5
578.63572	70.02	-109
583.06116	70.25	-109.4
587.52044	70.47	-109.9
592.01383	70.69	-110.3
596.54158	70.91	-110.8
601.10396	71.13	-111.2
605.70124	71.35	-111.7
610.33367	71.57	-112.1
615.00154	71.78	-112.6
619.7051	72	-113
624.44464	72.21	-113.4
629.22043	72.43	-113.8
634.03274	72.64	-114.2
638.88186	72.86	-114.6
643.76806	73.07	-115
648.69163	73.28	-115.4
653.65286	73.5	-115.8
658.65203	73.71	-116.1
663.68944	73.93	-116.4
668.76537	74.15	-116.8
673.88012	74.37	-117.1
679.034	74.59	-117.4
684.22728	74.82	-117.7
689.46029	75.04	-117.9
694.73332	75.27	-118.2
700.04668	75.51	-118.5
705.40067	75.75	-118.8
710.79562	75.99	-119.1
716.23182	76.23	-119.3
721.7096	76.48	-119.6
727.22927	76.73	-119.9
732.79116	76.99	-120.2
738.39559	77.25	-120.5
744.04288	77.52	-120.8
749.73336	77.79	-121.1
755.46736	78.07	-121.5
761.24521	78.35	-121.9
767.06726	78.63	-122.3
772.93383	78.92	-122.7
778.84527	79.21	-123.2
784.80192	79.51	-123.7
790.80413	79.81	-124.2
796.85224	80.11	-124.8
802.94661	80.41	-125.4
809.08759	80.72	-126
815.27553	81.03	-126.7
821.5108	81.34	-127.5
827.79376	81.65	-128.3
834.12477	81.97	-129.1
840.5042	82.28	-130
846.93243	82.59	-130.9
853.40981	82.91	-131.9
859.93673	83.22	-132.9
866.51358	83.53	-133.9
873.14072	83.84	-135
879.81855	84.15	-136.2
886.54745	84.45	-137.4
893.32781	84.75	-138.6
900.16003	85.05	-139.9
907.0445	85.35	-141.2
913.98163	85.64	-142.6
920.97181	85.93	-144
928.01545	86.22	-145.4
935.11296	86.5	-146.9
942.26476	86.78	-148.4
949.47125	87.05	-150
956.73285	87.32	-151.5
964.05	87.59	-153.2
971.4231	87.85	-154.8
978.8526	88.1	-156.5
986.33892	88.35	-158.2
993.88249	88.6	-159.9
1001.4838	88.84	-161.7
1009.1432	89.07	-163.5
1016.8611	89.3	-165.3
1024.6382	89.53	-167.1
1032.4746	89.75	-169
1040.3711	89.96	-170.9
1048.3279	90.17	-172.8
1056.3455	90.37	-174.7
1064.4245	90.56	-176.7
1072.5653	90.75	-178.7
1080.7683	90.93	179.3
1089.0341	91.1	177.3
1097.3631	91.27	175.3
1105.7558	91.43	173.3
1114.2127	91.58	171.2
1122.7342	91.72	169.1
1131.321	91.86	167.1
1139.9734	91.99	165
1148.692	92.11	162.9
1157.4772	92.22	160.8
1166.3297	92.32	158.7
1175.2498	92.41	156.6
1184.2382	92.5	154.5
1193.2953	92.57	152.5
1202.4217	92.64	150.4
1211.6179	92.69	148.4
1220.8844	92.74	146.4
1230.2218	92.78	144.4
1239.6306	92.81	142.4
1249.1113	92.83	140.5
1258.6646	92.84	138.7
1268.291	92.85	136.8
1277.9909	92.85	135.1
1287.7651	92.84	133.3
1297.6139	92.83	131.7
1307.5382	92.82	130.1
1317.5383	92.8	128.5
1327.6149	92.79	127
1337.7686	92.77	125.6
1347.9999	92.75	124.2
1358.3095	92.73	122.9
1368.6979	92.72	121.6
1379.1658	92.72	120.4
1389.7137	92.71	119.2
1400.3423	92.71	118
1411.0522	92.72	116.8
1421.844	92.73	115.6
1432.7183	92.74	114.4
1443.6759	92.76	113.2
1454.7172	92.78	111.9
1465.8429	92.8	110.7
1477.0538	92.82	109.4
1488.3503	92.84	108
1499.7333	92.85	106.6
1511.2034	92.85	105.2
1522.7611	92.85	103.8
1534.4073	92.84	102.4
1546.1425	92.83	100.9
1557.9675	92.8	99.4
1569.8829	92.76	98
1581.8895	92.7	96.5
1593.9879	92.64	95.2
1606.1788	92.57	93.8
1618.4629	92.49	92.6
1630.841	92.41	91.3
1643.3138	92.32	90.2
1655.8819	92.22	89.1
1668.5462	92.13	88.2
1681.3073	92.04	87.3
1694.166	91.95	86.4
1707.1231	91.87	85.6
1720.1793	91.79	84.9
1733.3353	91.73	84.1
1746.5919	91.67	83.4
1759.95	91.61	82.7
1773.4102	91.56	81.9
1786.9733	91.51	81.1
1800.6402	91.46	80.2
1814.4116	91.41	79.4
1828.2883	91.35	78.4
1842.2711	91.28	77.5
1856.3609	91.2	76.5
1870.5585	91.11	75.6
1884.8646	91	74.6
1899.2801	90.88	73.8
1913.8059	90.74	73
1928.4428	90.6	72.3
1943.1917	90.46	71.8
1958.0533	90.31	71.3
1973.0286	90.17	71
1988.1184	90.03	70.8
2003.3237	89.91	70.7
2018.6452	89.8	70.7
2034.0839	89.7	70.7
2049.6407	89.62	70.7
2065.3164	89.56	70.7
2081.1121	89.5	70.6
2097.0286	89.45	70.5
2113.0667	89.39	70.2
2129.2276	89.33	70
2145.512	89.26	69.7
2161.921	89.17	69.4
2178.4555	89.07	69.1
2195.1165	88.96	69
2211.9048	88.83	68.9
2228.8216	88.71	69
2245.8677	88.58	69.3
2263.0443	88.47	69.7
2280.3521	88.37	70.3
2297.7924	88.29	71
2315.366	88.25	71.8
2333.0741	88.24	72.6
2350.9176	88.26	73.4
2368.8975	88.3	74
2387.015	88.36	74.5
2405.271	88.44	74.9
2423.6666	88.52	75.1
2442.203	88.59	75.1
2460.8811	88.66	75
2479.702	88.71	74.9
2498.6669	88.75	74.7
2517.7768	88.78	74.5
2537.0329	88.79	74.3
2556.4363	88.79	74.1
2575.9881	88.78	74.1
2595.6894	88.77	74.1
2615.5413	88.77	74.1
2635.5451	88.77	74.3
2655.7019	88.78	74.4
2676.0129	88.81	74.6
2696.4792	88.84	74.8
2717.102	88.87	74.9
2737.8825	88.92	75
2758.822	88.96	75.1
2779.9216	89.01	75.1
2801.1826	89.05	75.1
2822.6062	89.1	75.2
2844.1936	89.14	75.2
2865.9462	89.19	75.3
2887.8651	89.25	75.4
2909.9516	89.32	75.5
2932.2071	89.4	75.6
2954.6328	89.5	75.6
2977.23	89.61	75.5
3000	89.73	75.3
3022.9442	89.85	74.9
3046.0638	89.96	74.3
3069.3603	90.05	73.5
3092.8349	90.11	72.7
3116.4891	90.14	71.9
3140.3241	90.15	71
3164.3415	90.13	70.3
3188.5426	90.09	69.7
3212.9287	90.05	69.2
3237.5014	90.01	68.9
3262.2619	89.97	68.6
3287.2119	89.93	68.4
3312.3527	89.9	68.3
3337.6857	89.87	68.2
3363.2125	89.85	68.1
3388.9346	89.82	68.2
3414.8533	89.79	68.3
3440.9703	89.78	68.5
3467.287	89.78	68.8
3493.805	89.81	69.2
3520.5258	89.87	69.6
3547.451	89.97	69.8
3574.5821	90.09	69.9
3601.9207	90.22	69.7
3629.4684	90.35	69.3
3657.2267	90.47	68.6
3685.1974	90.55	67.6
3713.382	90.6	66.5
3741.7821	90.6	65.4
3770.3995	90.55	64.4
3799.2357	90.47	63.6
3828.2925	90.36	63
3857.5715	90.25	62.8
3887.0744	90.15	62.7
3916.8029	90.08	62.9
3946.7588	90.04	63
3976.9439	90.03	63.1
4007.3597	90.01	63.1
4038.0083	89.99	63
4068.8912	89.94	62.8
4100.0103	89.86	62.8
4131.3674	89.78	63.1
4162.9643	89.71	63.6
4194.8028	89.68	64.4
4226.8849	89.7	65.2
4259.2124	89.76	65.9
4291.7871	89.85	66.4
4324.6109	89.94	66.8
4357.6857	90.02	67
4391.0135	90.1	67.2
4424.5963	90.2	67.5
4458.4358	90.32	67.8
4492.5342	90.49	67.9
4526.8933	90.68	67.6
4561.5152	90.88	66.9
4596.4019	91.03	65.7
4631.5555	91.11	64.3
4666.9779	91.12	62.9
4702.6712	91.07	61.6
4738.6374	90.98	60.7
4774.8788	90.88	60.1
4811.3973	90.8	59.7
4848.1952	90.74	59.5
4885.2744	90.69	59.2
4922.6372	90.65	58.9
4960.2858	90.6	58.5
4998.2224	90.54	58.1
5036.4491	90.47	57.9
5074.9681	90.4	57.7
5113.7817	90.34	57.6
5152.8922	90.28	57.4
5192.3018	90.21	57.2
5232.0128	90.11	57
5272.0275	89.98	57
5312.3483	89.83	57.3
5352.9774	89.69	58
5393.9172	89.6	59.1
5435.1702	89.59	60.3
5476.7387	89.66	61.4
5518.6251	89.77	62
5560.8318	89.86	62.1
5603.3614	89.91	62.2
5646.2162	89.92	62.4
5689.3987	89.94	62.8
5732.9116	90.01	63.3
5776.7572	90.12	63.7
5820.9381	90.25	63.6
5865.457	90.34	63.3
5910.3163	90.38	62.9
5955.5187	90.41	62.7
6001.0669	90.44	62.7
6046.9633	90.51	62.6
6093.2108	90.58	62.2
6139.812	90.63	61.6
6186.7697	90.62	61
6234.0864	90.57	60.6
6281.765	90.52	60.5
6329.8083	90.51	60.7
6378.219	90.55	60.8
6427	90.61	60.7
6476.154	90.64	60.2
6525.684	90.65	59.8
6575.5928	90.62	59.5
6625.8833	90.61	59.3
6676.5584	90.62	59.1
6727.6211	90.63	58.6
6779.0743	90.59	58
6830.921	90.48	57.5
6883.1643	90.34	57.6
6935.8071	90.23	58.2
6988.8525	90.21	59
7042.3036	90.24	59.6
7096.1635	90.28	59.9
7150.4354	90.28	60.2
7205.1223	90.3	60.9
7260.2274	90.37	61.6
7315.7541	90.51	62.2
7371.7053	90.68	62.3
7428.0845	90.82	62.2
7484.8949	90.97	62
7542.1398	91.13	61.7
7599.8225	91.32	61
7657.9464	91.47	59.8
7716.5147	91.57	58.3
7775.5311	91.6	56.9
7834.9987	91.6	55.5
7894.9212	91.59	54.2
7955.302	91.54	52.8
8016.1446	91.44	51.2
8077.4525	91.26	50
8139.2293	91.05	49.1
8201.4786	90.83	48.6
8264.2039	90.61	48.4
8327.409	90.39	48.5
8391.0975	90.18	49
8455.273	90.01	49.8
8519.9394	89.91	50.8
8585.1004	89.87	51.7
8650.7597	89.86	52.4
8716.9211	89.86	53.1
8783.5886	89.89	53.7
8850.766	89.98	54.2
8918.4571	90.08	54.2
8986.666	90.15	53.9
9055.3965	90.2	53.5
9124.6526	90.24	53
9194.4385	90.27	52.4
9264.758	90.25	51.5
9335.6154	90.17	50.9
9407.0147	90.08	50.6
9478.96	90.02	50.4
9551.4556	89.97	50.1
9624.5057	89.92	49.9
9698.1144	89.87	49.7
9772.2861	89.84	49.3
9847.0251	89.8	48.8
9922.3357	89.73	48.1
9998.2222	89.63	47.6
10074.689	89.52	47
10151.741	89.37	46.4
10229.382	89.19	46
10307.617	88.99	46.1
10386.45	88.83	46.5
10465.886	88.72	47
10545.93	88.67	47.5
10626.586	88.67	47.8
10707.858	88.7	47.6
10789.753	88.7	46.8
10872.273	88.61	45.8
10955.425	88.43	44.8
11039.213	88.2	44.2
11123.641	87.92	43.8
11208.715	87.61	44.2
11294.44	87.35	45.2
11380.821	87.17	46.3
11467.862	87.04	47.5
11555.569	86.98	48.7
11643.946	86.99	49.5
11733	87.02	49.7
11822.734	87.03	49.5
11913.155	87	48.9
12004.268	86.9	47.8
12096.077	86.66	46.7
12188.589	86.33	45.9
12281.808	85.94	45.7
12375.739	85.48	46
12470.39	85.02	47
12565.764	84.6	48.7
12661.868	84.19	50.7
12758.706	83.8	53.3
12856.286	83.47	56.4
12954.611	83.2	60
13053.689	83.03	64
13153.524	83	68.2
13254.123	83.06	72.1
13355.491	83.19	75.8
13457.635	83.38	79.2
13560.559	83.6	82.2
13664.271	83.83	84.9
13768.776	84.08	87.6
13874.081	84.37	90.2
13980.19	84.73	92.8
14087.112	85.16	94.9
14194.851	85.62	96.5
14303.414	86.09	97.7
14412.807	86.55	98.4
14523.037	86.97	98.8
14634.11	87.38	99.1
14746.032	87.78	99.3
14858.811	88.18	99.2
14972.452	88.58	99
15086.962	88.93	98.5
15202.348	89.24	98.2
15318.616	89.55	98.3
15435.774	89.91	98.7
15553.827	90.37	99.1
15672.784	90.93	99.1
15792.65	91.54	98.5
15913.433	92.15	97.2
16035.14	92.78	95.5
16157.777	93.44	93.4
16281.353	94.13	90.5
16405.874	94.82	86.7
16531.347	95.47	82
16657.779	96.05	76.4
16785.179	96.56	70.1
16913.553	96.97	63
17042.909	97.27	55
17173.254	97.37	45.9
17304.596	97.18	36.3
17436.942	96.67	27
17570.301	95.87	18.6
17704.679	94.86	12
17840.086	93.77	7.4
17976.528	92.73	4.5
18114.013	91.82	2.8
18252.55	91.03	1.5
18392.147	90.32	0.3
18532.811	89.62	-1
18674.551	88.91	-2.3
18817.375	88.19	-3.2
18961.291	87.47	-3.7
19106.308	86.8	-3.8
19252.434	86.2	-3.5
19399.678	85.67	-3.2
19548.047	85.23	-2.9
19697.552	84.88	-2.8
19848.2	84.64	-2.9
20000	84.55	-2.9
