300.0000	58.7300	-101.3000
302.5406	57.8600	-101.5000
305.1028	57.0500	-101.7000
307.6866	56.6100	-102.0000
310.2924	56.4000	-102.3000
312.9202	56.4600	-102.6000
315.5702	56.6400	-103.0000
318.2428	56.5400	-103.3000
320.9379	56.2100	-103.6000
323.6558	56.1300	-103.9000
326.3968	56.4200	-104.3000
329.1610	57.0000	-104.6000
331.9486	57.6900	-105.0000
334.7598	58.2700	-105.3000
337.5948	58.5200	-105.7000
340.4539	58.3900	-106.0000
343.3371	58.1000	-106.4000
346.2448	58.0300	-106.7000
349.1770	58.1700	-107.1000
352.1341	58.3700	-107.4000
355.1163	58.7300	-107.8000
358.1237	59.0900	-108.2000
361.1566	59.1700	-108.5000
364.2151	59.1100	-108.9000
367.2996	59.1100	-109.3000
370.4102	59.2100	-109.7000
373.5471	59.4000	-110.0000
376.7106	59.7300	-110.4000
379.9009	60.1000	-110.8000
383.1182	60.3200	-111.2000
386.3628	60.5100	-111.6000
389.6348	60.7500	-112.0000
392.9345	60.9400	-112.4000
396.2622	61.0700	-112.8000
399.6181	61.2500	-113.2000
403.0024	61.5200	-113.6000
406.4153	61.8700	-114.0000
409.8572	62.2200	-114.4000
413.3282	62.5700	-114.8000
416.8286	62.9400	-115.2000
420.3586	63.2900	-115.6000
423.9185	63.6000	-116.0000
427.5086	63.9100	-116.5000
431.1291	64.1700	-116.9000
434.7803	64.3900	-117.3000
438.4623	64.6300	-117.7000
442.1756	64.8700	-118.2000
445.9203	65.1000	-118.6000
449.6967	65.3300	-119.1000
453.5051	65.5700	-119.5000
457.3457	65.7800	-120.0000
461.2189	65.9800	-120.5000
465.1249	66.1800	-120.9000
469.0639	66.4100	-121.4000
473.0363	66.6300	-121.9000
477.0424	66.8400	-122.3000
481.0824	67.0400	-122.8000
485.1565	67.2200	-123.3000
489.2652	67.4300	-123.8000
493.4087	67.6400	-124.3000
497.5873	67.8600	-124.8000
501.8013	68.0800	-125.3000
506.0509	68.3000	-125.9000
510.3366	68.5300	-126.4000
514.6585	68.7500	-126.9000
519.0171	68.9800	-127.4000
523.4125	69.2000	-128.0000
527.8452	69.4300	-128.5000
532.3154	69.6500	-129.0000
536.8235	69.8700	-129.6000
541.3697	70.1000	-130.1000
545.9545	70.3200	-130.7000
550.5781	70.5400	-131.2000
555.2408	70.7600	-131.7000
559.9430	70.9900	-132.3000
564.6851	71.2100	-132.9000
569.4673	71.4300	-133.4000
574.2900	71.6500	-134.0000
579.1535	71.8800	-134.5000
584.0583	72.1000	-135.1000
589.0045	72.3200	-135.6000
593.9927	72.5400	-136.2000
599.0231	72.7700	-136.7000
604.0961	72.9900	-137.2000
609.2121	73.2100	-137.8000
614.3714	73.4400	-138.3000
619.5744	73.6600	-138.9000
624.8214	73.8900	-139.4000
630.1129	74.1200	-139.9000
635.4492	74.3500	-140.4000
640.8307	74.5800	-141.0000
646.2578	74.8200	-141.5000
651.7308	75.0500	-142.0000
657.2502	75.2900	-142.5000
662.8163	75.5300	-143.1000
668.4296	75.7700	-143.6000
674.0904	76.0200	-144.2000
679.7991	76.2600	-144.7000
685.5562	76.5200	-145.3000
691.3620	76.7700	-145.8000
697.2170	77.0300	-146.4000
703.1216	77.2900	-147.0000
709.0762	77.5500	-147.7000
715.0812	77.8200	-148.3000
721.1371	78.0900	-148.9000
727.2443	78.3600	-149.6000
733.4032	78.6400	-150.4000
739.6142	78.9200	-151.1000
745.8779	79.2000	-151.9000
752.1946	79.4800	-152.7000
758.5648	79.7600	-153.6000
764.9889	80.0500	-154.5000
771.4674	80.3400	-155.4000
778.0008	80.6200	-156.4000
784.5896	80.9100	-157.4000
791.2341	81.2000	-158.5000
797.9349	81.4900	-159.6000
804.6925	81.7700	-160.7000
811.5072	82.0500	-161.9000
818.3797	82.3400	-163.2000
825.3104	82.6200	-164.4000
832.2998	82.8900	-165.8000
839.3484	83.1700	-167.1000
846.4567	83.4400	-168.6000
853.6252	83.7000	-170.0000
860.8543	83.9600	-171.5000
868.1448	84.2200	-173.1000
875.4969	84.4700	-174.7000
882.9113	84.7100	-176.3000
890.3885	84.9500	-177.9000
897.9290	85.1900	-179.6000
905.5334	85.4100	178.7000
913.2022	85.6300	177.0000
920.9359	85.8500	175.2000
928.7351	86.0500	173.4000
936.6004	86.2500	171.6000
944.5323	86.4500	169.8000
952.5314	86.6300	168.0000
960.5982	86.8100	166.2000
968.7333	86.9800	164.3000
976.9373	87.1400	162.5000
985.2108	87.2900	160.6000
993.5543	87.4400	158.7000
1001.9685	87.5800	156.9000
1010.4540	87.7200	155.0000
1019.0113	87.8400	153.2000
1027.6412	87.9600	151.3000
1036.3440	88.0800	149.5000
1045.1206	88.1900	147.7000
1053.9716	88.2900	145.9000
1062.8974	88.3800	144.0000
1071.8989	88.4700	142.2000
1080.9766	88.5500	140.5000
1090.1312	88.6300	138.7000
1099.3633	88.7000	136.9000
1108.6736	88.7700	135.2000
1118.0627	88.8300	133.5000
1127.5314	88.8800	131.8000
1137.0802	88.9400	130.1000
1146.7099	88.9800	128.4000
1156.4212	89.0200	126.8000
1166.2147	89.0600	125.2000
1176.0911	89.0900	123.5000
1186.0512	89.1100	122.0000
1196.0956	89.1300	120.4000
1206.2251	89.1500	118.9000
1216.4404	89.1500	117.4000
1226.7422	89.1600	115.9000
1237.1312	89.1600	114.5000
1247.6082	89.1500	113.2000
1258.1740	89.1500	111.9000
1268.8292	89.1400	110.6000
1279.5747	89.1300	109.4000
1290.4111	89.1200	108.2000
1301.3394	89.1100	107.1000
1312.3602	89.1000	106.0000
1323.4743	89.0900	105.0000
1334.6825	89.0900	104.0000
1345.9857	89.1000	103.1000
1357.3846	89.1100	102.2000
1368.8800	89.1300	101.3000
1380.4728	89.1600	100.5000
1392.1637	89.2000	99.6000
1403.9537	89.2500	98.7000
1415.8435	89.3000	97.7000
1427.8340	89.3600	96.7000
1439.9260	89.4200	95.7000
1452.1205	89.4800	94.6000
1464.4182	89.5500	93.4000
1476.8201	89.6100	92.1000
1489.3270	89.6700	90.8000
1501.9398	89.7200	89.4000
1514.6594	89.7500	87.9000
1527.4868	89.7800	86.4000
1540.4227	89.8000	84.9000
1553.4683	89.8000	83.3000
1566.6243	89.7800	81.7000
1579.8917	89.7500	80.2000
1593.2715	89.7000	78.7000
1606.7646	89.6500	77.2000
1620.3720	89.5700	75.8000
1634.0946	89.4900	74.5000
1647.9334	89.4100	73.3000
1661.8894	89.3100	72.1000
1675.9636	89.2200	71.1000
1690.1571	89.1300	70.1000
1704.4707	89.0400	69.2000
1718.9055	88.9600	68.4000
1733.4626	88.8900	67.6000
1748.1429	88.8200	66.8000
1762.9476	88.7700	66.0000
1777.8776	88.7100	65.1000
1792.9341	88.6600	64.3000
1808.1181	88.6000	63.4000
1823.4307	88.5400	62.4000
1838.8730	88.4700	61.5000
1854.4460	88.3900	60.5000
1870.1510	88.3000	59.5000
1885.9889	88.1900	58.5000
1901.9610	88.0700	57.7000
1918.0683	87.9400	56.9000
1934.3121	87.8000	56.2000
1950.6934	87.6600	55.6000
1967.2134	87.5200	55.2000
1983.8733	87.3800	54.9000
2000.6744	87.2600	54.6000
2017.6177	87.1500	54.5000
2034.7045	87.0600	54.3000
2051.9360	86.9800	54.2000
2069.3134	86.9100	54.0000
2086.8380	86.8400	53.7000
2104.5111	86.7800	53.4000
2122.3337	86.7000	53.0000
2140.3074	86.6200	52.6000
2158.4332	86.5200	52.2000
2176.7126	86.4000	51.9000
2195.1467	86.2600	51.6000
2213.7370	86.1200	51.5000
2232.4847	85.9700	51.7000
2251.3911	85.8300	52.0000
2270.4577	85.7000	52.5000
2289.6858	85.6000	53.1000
2309.0767	85.5300	53.9000
2328.6318	85.5000	54.6000
2348.3525	85.5000	55.3000
2368.2402	85.5300	55.9000
2388.2964	85.5800	56.4000
2408.5224	85.6400	56.7000
2428.9197	85.6900	56.8000
2449.4897	85.7400	56.8000
2470.2340	85.7800	56.7000
2491.1539	85.8000	56.5000
2512.2510	85.8100	56.4000
2533.5268	85.8100	56.3000
2554.9827	85.8000	56.2000
2576.6203	85.7900	56.2000
2598.4412	85.7900	56.3000
2620.4469	85.7900	56.3000
2642.6389	85.8000	56.4000
2665.0189	85.8100	56.5000
2687.5885	85.8300	56.5000
2710.3491	85.8500	56.5000
2733.3025	85.8600	56.5000
2756.4503	85.8800	56.5000
2779.7941	85.8900	56.5000
2803.3357	85.8900	56.6000
2827.0766	85.9000	56.7000
2851.0185	85.9100	56.8000
2875.1632	85.9300	57.0000
2899.5124	85.9700	57.3000
2924.0678	86.0300	57.5000
2948.8312	86.1100	57.7000
2973.8042	86.2100	57.7000
2998.9888	86.3100	57.5000
3024.3866	86.4100	57.2000
3049.9996	86.4900	56.7000
3075.8294	86.5500	56.0000
3101.8780	86.5800	55.3000
3128.1472	86.5700	54.6000
3154.6388	86.5400	54.1000
3181.3548	86.4900	53.7000
3208.2971	86.4400	53.5000
3235.4675	86.3900	53.5000
3262.8681	86.3500	53.6000
3290.5007	86.3400	53.9000
3318.3673	86.3400	54.1000
3346.4699	86.3500	54.4000
3374.8104	86.3800	54.6000
3403.3910	86.4200	54.9000
3432.2137	86.4700	55.2000
3461.2804	86.5400	55.5000
3490.5933	86.6400	55.8000
3520.1545	86.7700	56.0000
3549.9660	86.9300	56.0000
3580.0299	87.1100	55.7000
3610.3485	87.2900	55.1000
3640.9238	87.4500	54.2000
3671.7581	87.5700	53.0000
3702.8535	87.6500	51.6000
3734.2122	87.6700	50.1000
3765.8365	87.6300	48.7000
3797.7286	87.5500	47.4000
3829.8908	87.4200	46.5000
3862.3254	87.2900	46.0000
3895.0347	87.1700	45.7000
3928.0210	87.0800	45.6000
3961.2866	87.0200	45.6000
3994.8339	86.9700	45.5000
4028.6654	86.9200	45.4000
4062.7834	86.8600	45.2000
4097.1903	86.7800	45.2000
4131.8886	86.7000	45.3000
4166.8807	86.6300	45.8000
4202.1692	86.6100	46.4000
4237.7565	86.6400	46.9000
4273.6453	86.7000	47.3000
4309.8379	86.7700	47.5000
4346.3371	86.8300	47.5000
4383.1453	86.8800	47.6000
4420.2653	86.9400	47.7000
4457.6997	87.0400	47.9000
4495.4511	87.1900	47.9000
4533.5221	87.3800	47.5000
4571.9156	87.5700	46.5000
4610.6343	87.7100	45.0000
4649.6808	87.7600	43.1000
4689.0581	87.7100	41.3000
4728.7688	87.5900	39.8000
4768.8158	87.4300	38.7000
4809.2019	87.2700	37.9000
4849.9301	87.1200	37.5000
4891.0032	86.9900	37.1000
4932.4241	86.8600	36.7000
4974.1959	86.7200	36.4000
5016.3214	86.5800	36.2000
5058.8036	86.4300	36.2000
5101.6456	86.3000	36.4000
5144.8504	86.2000	36.6000
5188.4211	86.1000	36.7000
5232.3608	86.0000	36.8000
5276.6727	85.8700	37.0000
5321.3598	85.7300	37.5000
5366.4253	85.6100	38.4000
5411.8725	85.5500	39.6000
5457.7046	85.5900	40.8000
5503.9248	85.6800	41.5000
5550.5364	85.7700	41.7000
5597.5428	85.8100	41.6000
5644.9473	85.8000	41.6000
5692.7533	85.7900	42.0000
5740.9641	85.8400	42.4000
5789.5831	85.9300	42.6000
5838.6140	86.0200	42.4000
5888.0600	86.0700	42.0000
5937.9249	86.0700	41.6000
5988.2120	86.0500	41.4000
6038.9249	86.0600	41.3000
6090.0674	86.0900	40.9000
6141.6430	86.0900	40.3000
6193.6553	86.0200	39.7000
6246.1082	85.9000	39.5000
6299.0052	85.8000	39.8000
6352.3503	85.7700	40.5000
6406.1470	85.8100	40.9000
6460.3994	85.8800	40.9000
6515.1113	85.9200	40.6000
6570.2865	85.9300	40.4000
6625.9289	85.9500	40.1000
6682.0426	85.9800	39.7000
6738.6315	85.9700	39.0000
6795.6996	85.8900	38.2000
6853.2511	85.7300	37.8000
6911.2899	85.5600	38.1000
6969.8202	85.4600	38.8000
7028.8463	85.4300	39.5000
7088.3722	85.4200	40.0000
7148.4022	85.3900	40.5000
7208.9406	85.3700	41.3000
7269.9917	85.4200	42.3000
7331.5598	85.5600	43.1000
7393.6493	85.7200	43.4000
7456.2647	85.8700	43.5000
7519.4103	86.0500	43.4000
7583.0907	86.2600	42.9000
7647.3104	86.4500	41.8000
7712.0739	86.5800	40.3000
7777.3860	86.6300	38.7000
7843.2511	86.6400	37.1000
7909.6741	86.6000	35.5000
7976.6595	86.5000	33.8000
8044.2123	86.3200	32.3000
8112.3371	86.0800	31.4000
8181.0389	85.8400	30.9000
8250.3225	85.6100	30.9000
8320.1928	85.4000	31.0000
8390.6549	85.2100	31.5000
8461.7137	85.0700	32.2000
8533.3743	85.0000	33.0000
8605.6417	84.9600	33.4000
8678.5212	84.9200	33.7000
8752.0179	84.8700	33.9000
8826.1370	84.8500	34.2000
8900.8838	84.8400	34.3000
8976.2636	84.8300	34.2000
9052.2818	84.8000	34.1000
9128.9438	84.7800	34.0000
9206.2550	84.7400	33.6000
9284.2209	84.6700	33.3000
9362.8472	84.5700	33.3000
9442.1393	84.5100	33.5000
9522.1029	84.4900	33.6000
9602.7437	84.4700	33.4000
9684.0674	84.4300	33.1000
9766.0798	84.3800	32.7000
9848.7868	84.3100	32.2000
9932.1943	84.1900	31.7000
10016.3080	84.0400	31.5000
10101.1340	83.8900	31.4000
10186.6790	83.7100	31.4000
10272.9480	83.5200	31.8000
10359.9470	83.3800	32.6000
10447.6840	83.3200	33.6000
10536.1630	83.3200	34.3000
10625.3920	83.3900	34.7000
10715.3760	83.4800	34.3000
10806.1220	83.5100	33.2000
10897.6370	83.4400	31.8000
10989.9270	83.2500	30.5000
11082.9990	82.9600	29.7000
11176.8580	82.6100	29.6000
11271.5130	82.2700	30.4000
11366.9690	82.0200	31.9000
11463.2340	81.8500	33.8000
11560.3140	81.7900	35.8000
11658.2160	81.8400	37.5000
11756.9470	81.9400	38.6000
11856.5140	82.0400	39.2000
11956.9250	82.1100	39.3000
12058.1850	82.1100	39.2000
12160.3040	82.0500	39.1000
12263.2870	81.9400	39.3000
12367.1420	81.8300	40.0000
12471.8770	81.7700	41.2000
12577.4990	81.8100	42.4000
12684.0150	81.9200	43.2000
12791.4340	82.0600	43.6000
12899.7620	82.1900	43.6000
13009.0070	82.2700	43.2000
13119.1780	82.3100	42.6000
13230.2820	82.2900	42.1000
13342.3260	82.2400	41.8000
13455.3200	82.1700	41.7000
13569.2700	82.1100	41.7000
13684.1860	82.0700	41.9000
13800.0750	82.0600	42.1000
13916.9450	82.0700	42.2000
14034.8040	82.0900	42.1000
14153.6620	82.1100	41.7000
14273.5270	82.1100	41.2000
14394.4070	82.0900	40.7000
14516.3100	82.0600	40.2000
14639.2460	82.0300	39.8000
14763.2230	82.0200	39.3000
14888.2500	81.9800	38.7000
15014.3350	81.9200	38.0000
15141.4890	81.8400	37.5000
15269.7190	81.7700	37.3000
15399.0350	81.7500	37.0000
15529.4460	81.7800	36.5000
15660.9620	81.8100	35.4000
15793.5920	81.7900	33.8000
15927.3450	81.6900	32.0000
16062.2300	81.4900	30.4000
16198.2580	81.2400	29.3000
16335.4380	80.9600	28.7000
16473.7790	80.7000	28.5000
16613.2930	80.4700	28.7000
16753.9870	80.2900	29.1000
16895.8730	80.2000	29.6000
17038.9610	80.1800	29.7000
17183.2610	80.2000	29.0000
17328.7820	80.1700	27.6000
17475.5370	79.9900	25.6000
17623.5330	79.6600	24.0000
17772.7840	79.2600	23.3000
17923.2980	78.8900	23.6000
18075.0870	78.6600	24.5000
18228.1610	78.5700	25.4000
18382.5320	78.5600	25.6000
18538.2100	78.5400	25.0000
18695.2060	78.4600	23.8000
18853.5320	78.2800	22.2000
19013.1990	78.0100	20.6000
19174.2180	77.7000	19.3000
19336.6010	77.4000	18.4000
19500.3580	77.1400	17.8000
19665.5030	76.9300	17.4000
19832.0460	76.7900	17.1000
20000.0000	76.7300	17.0000