298.35619	64.27	-140.3
303.35671	64.17	-139.4
308.44104	64.02	-138.1
313.61059	63.83	-136.6
318.86678	63.58	-135
324.21107	63.18	-133.4
329.64492	62.58	-131.8
335.16985	61.94	-130.1
340.78738	61.53	-128.4
346.49906	61.62	-126.6
352.30647	62.06	-124.8
358.21121	62.58	-123.1
364.21492	63.01	-121.2
370.31925	63.37	-119.2
376.5259	63.76	-117.4
382.83656	64.16	-115.4
389.253	64.58	-113.4
395.77697	65.01	-111.5
402.41029	65.41	-109.4
409.15479	65.69	-107.3
416.01232	65.84	-105.1
422.98479	65.98	-103.1
430.07412	66.21	-101.1
437.28226	66.59	-98.9
444.61122	67.06	-96.9
452.06302	67.56	-94.8
459.6397	68.01	-92.7
467.34338	68.39	-90.7
475.17617	68.69	-88.7
483.14023	68.96	-86.6
491.23778	69.24	-84.6
499.47105	69.56	-82.7
507.84231	69.89	-80.7
516.35387	70.25	-78.7
525.00808	70.6	-76.8
533.80735	70.96	-74.9
542.75409	71.32	-73
551.85078	71.67	-71
561.09994	72.01	-69.1
570.50411	72.35	-67.1
580.0659	72.68	-65
589.78794	73.01	-62.9
599.67293	73.33	-60.8
609.7236	73.65	-58.5
619.94272	73.96	-56.2
630.33311	74.27	-53.7
640.89765	74.58	-51.2
651.63925	74.9	-48.5
662.56088	75.22	-45.8
673.66556	75.56	-42.9
684.95636	75.9	-39.9
696.4364	76.27	-36.8
708.10884	76.65	-33.7
719.97692	77.05	-30.4
732.04391	77.47	-27.2
744.31315	77.91	-23.9
756.78802	78.38	-20.7
769.47197	78.86	-17.6
782.36851	79.35	-14.4
795.4812	79.84	-11.4
808.81366	80.36	-8.4
822.36957	80.87	-5.5
836.15269	81.38	-2.6
850.16681	81.89	0.2
864.41582	82.42	3
878.90364	82.93	5.7
893.63428	83.45	8.5
908.61181	83.97	11.3
923.84036	84.5	13.9
939.32415	85.02	16.7
955.06746	85.55	19.3
971.07462	86.1	21.9
987.35007	86.64	24.4
1003.8983	87.18	26.9
1020.7239	87.72	29.2
1037.8315	88.23	31.6
1055.2258	88.73	34
1072.9116	89.25	36.3
1090.8939	89.77	38.3
1109.1775	90.29	40
1127.7676	90.79	41.6
1146.6693	91.26	43.2
1165.8877	91.69	44.6
1185.4283	92.07	46
1205.2964	92.43	47.6
1225.4974	92.75	49.2
1246.0371	93.04	51
1266.9209	93.29	53.1
1288.1549	93.54	55.3
1309.7446	93.78	57.9
1331.6963	94.03	60.6
1354.0158	94.29	63.6
1376.7095	94.57	66.7
1399.7835	94.88	69.8
1423.2442	95.19	72.8
1447.0981	95.51	75.8
1471.3518	95.82	78.7
1496.012	96.1	81.5
1521.0856	96.34	84.2
1546.5793	96.55	87
1572.5004	96.71	90.1
1598.8559	96.84	93.3
1625.6531	96.95	97
1652.8994	97.05	101
1680.6024	97.15	105.5
1708.7697	97.3	110.3
1737.4091	97.49	115.4
1766.5285	97.71	120.4
1796.136	97.97	125.6
1826.2397	98.25	130.6
1856.8479	98.54	135.5
1887.9691	98.81	140.5
1919.612	99.08	145.4
1951.7851	99.33	150.3
1984.4975	99.57	155.4
2017.7582	99.8	160.6
2051.5763	100.03	166
2085.9612	100.27	171.5
2120.9224	100.53	177.1
2156.4696	100.79	-177.2
2192.6126	101.06	-171.6
2229.3613	101.33	-166
2266.7259	101.58	-160.3
2304.7168	101.83	-154.4
2343.3444	102.08	-148.6
2382.6195	102.34	-142.6
2422.5528	102.61	-136.5
2463.1553	102.88	-130.4
2504.4384	103.17	-124.3
2546.4134	103.47	-118.3
2589.0919	103.76	-112.4
2632.4858	104.05	-106.7
2676.6069	104.31	-101.2
2721.4674	104.5	-96
2767.0799	104.61	-90.8
2813.4568	104.61	-85.4
2860.6111	104.52	-79.4
2908.5556	104.38	-72.7
2957.3037	104.25	-65.1
3006.8689	104.16	-57.2
3057.2647	104.1	-49.2
3108.5052	104.03	-41
3160.6045	103.91	-32.7
3213.577	103.74	-24
3267.4374	103.54	-14.5
3322.2004	103.36	-4.4
3377.8813	103.22	6.3
3434.4954	103.15	17.6
3492.0584	103.16	29.1
3550.5862	103.23	40.6
3610.0949	103.36	52
3670.6009	103.51	63.4
3732.1211	103.68	74.7
3794.6724	103.87	85.8
3858.272	104.04	96.7
3922.9376	104.15	107.4
3988.687	104.21	118.5
4055.5384	104.23	129.9
4123.5102	104.25	141.7
4192.6212	104.28	153.6
4262.8906	104.28	165.5
4334.3377	104.22	178
4406.9822	104.11	-169.5
4480.8443	103.99	-156.1
4555.9444	103.87	-142.1
4632.3031	103.75	-127.4
4709.9417	103.72	-111.7
4788.8814	103.87	-95.6
4869.1443	104.21	-79.6
4950.7523	104.68	-64.8
5033.7281	105.09	-51.5
5118.0947	105.32	-39.3
5203.8752	105.31	-27.1
5291.0934	105.1	-14.1
5379.7734	104.76	0.3
5469.9397	104.36	16
5561.6173	103.95	32.9
5654.8313	103.59	51.1
5749.6077	103.29	70.2
5845.9725	103.09	90.5
5943.9525	103.08	111.7
6043.5746	103.31	132.7
6144.8664	103.68	152.8
6247.8558	104.05	171.7
6352.5714	104.32	-170.5
6459.0421	104.44	-153.1
6567.2972	104.35	-135.8
6677.3667	104.07	-117.9
6789.281	103.6	-98.8
6903.071	102.94	-77.4
7018.7682	102.3	-52.8
7136.4045	102.05	-25.7
7256.0123	102.34	1.2
7377.6249	102.84	25.8
7501.2757	103.24	48.6
7626.9989	103.46	70.9
7754.8293	103.55	93.2
7884.8021	103.5	115.8
8016.9533	103.26	139.2
8151.3194	102.88	164.7
8287.9375	102.61	-167.3
8426.8454	102.72	-138.2
8568.0814	103.14	-110.2
8711.6845	103.59	-84.2
8857.6945	103.85	-59.9
9006.1516	103.73	-35.8
9157.0969	103.27	-9.8
9310.5721	102.7	19.2
9466.6196	102.34	50.5
9625.2825	102.27	82.5
9786.6046	102.45	114.2
9950.6305	102.73	144.6
10117.405	102.88	174.6
10286.976	102.71	-157.4
10459.388	102.22	-126.6
10634.69	101.63	-92.7
10812.93	101.35	-56.1
10994.157	101.59	-19.3
11178.422	102.03	15.1
11365.775	102.23	46.9
11556.268	101.99	78.9
11749.954	101.42	113.5
11946.886	100.9	151.7
12147.119	100.76	-170.3
12350.708	100.9	-131.1
12557.708	100.89	-95.2
12768.179	100.43	-59
12982.177	99.63	-19.2
13199.761	98.99	24.3
13420.992	98.81	68.5
13645.931	98.88	110.7
13874.641	98.67	151.1
14107.183	98.02	-166.7
14343.623	97.28	-120.3
14584.025	96.82	-72.2
14828.457	96.79	-25
15076.986	96.6	20
15329.68	96.01	66
15586.609	95.16	115.4
15847.844	94.58	166.8
16113.458	94.26	-143.7
16383.524	93.63	-95.3
16658.115	92.39	-44
16937.31	90.86	13
17221.183	89.77	72.1
17509.814	89.04	130.3
17803.283	88.17	-173.3
18101.67	87.11	-110
18405.059	86.36	-47.4
18713.532	85.86	13.7
19027.176	85.13	74.2
19346.076	84.19	135.5
19670.321	83.43	-168.7
