499.47105	61.39	-127.4
507.84231	61.72	-127.7
516.35387	62.14	-128.3
525.00808	62.57	-128.9
533.80735	63.02	-129.6
542.75409	63.45	-130.1
551.85078	63.88	-130.7
561.09994	64.31	-131.3
570.50411	64.72	-131.9
580.0659	65.13	-132.4
589.78794	65.53	-133
599.67293	65.93	-133.5
609.7236	66.32	-134
619.94272	66.71	-134.4
630.33311	67.1	-134.8
640.89765	67.49	-135.2
651.63925	67.89	-135.5
662.56088	68.28	-135.9
673.66556	68.67	-136.2
684.95636	69.08	-136.6
696.4364	69.49	-136.9
708.10884	69.91	-137.3
719.97692	70.32	-137.7
732.04391	70.75	-138.2
744.31315	71.17	-138.7
756.78802	71.6	-139.4
769.47197	72.03	-140
782.36851	72.44	-140.7
795.4812	72.86	-141.5
808.81366	73.27	-142.3
822.36957	73.66	-143.2
836.15269	74.05	-144
850.16681	74.43	-144.8
864.41582	74.79	-145.6
878.90364	75.16	-146.2
893.63428	75.52	-146.9
908.61181	75.89	-147.4
923.84036	76.26	-147.9
939.32415	76.64	-148.2
955.06746	77.05	-148.5
971.07462	77.48	-148.8
987.35007	77.93	-149
1003.8983	78.4	-149.3
1020.7239	78.91	-149.8
1037.8315	79.43	-150.3
1055.2258	79.97	-150.9
1072.9116	80.51	-151.8
1090.8939	81.07	-152.8
1109.1775	81.62	-154
1127.7676	82.16	-155.2
1146.6693	82.71	-156.5
1165.8877	83.26	-158
1185.4283	83.8	-159.5
1205.2964	84.36	-161.1
1225.4974	84.92	-162.8
1246.0371	85.48	-164.6
1266.9209	86.05	-166.7
1288.1549	86.63	-168.9
1309.7446	87.2	-171.4
1331.6963	87.76	-174.1
1354.0158	88.29	-177.1
1376.7095	88.8	116.5
1399.7835	89.29	176.3
1423.2442	89.72	172.7
1447.0981	90.12	169.1
1471.3518	90.47	165.3
1496.012	90.78	161.5
1521.0856	91.05	157.7
1546.5793	91.29	153.8
1572.5004	91.5	150
1598.8559	91.68	146.1
1625.6531	91.81	142.3
1652.8994	91.9	138.5
1680.6024	91.97	134.6
1708.7697	91.97	130.8
1737.4091	91.93	126.9
1766.5285	91.83	123.3
1796.136	91.66	119.8
1826.2397	91.44	116.7
1856.8479	91.17	113.9
1887.9691	90.87	111.6
1919.612	90.54	109.8
1951.7851	90.21	108.8
1984.4975	89.93	108.2
2017.7582	89.69	108
2051.5763	89.52	108
2085.9612	89.41	108.1
2120.9224	89.32	108.1
2156.4696	89.24	108
2192.6126	89.18	107.3
2229.3613	89.1	106.7
2266.7259	89.01	106.1
2304.7168	88.91	105.6
2343.3444	88.82	105.4
2382.6195	88.79	106.1
2422.5528	88.8	106.8
2463.1553	88.85	107.4
2504.4384	88.91	108
2546.4134	88.97	108.6
2589.0919	89.06	109.5
2632.4858	89.2	110.4
2676.6069	89.41	111.4
2721.4674	89.71	112.1
2767.0799	90.06	112.2
2813.4568	90.41	111.5
2860.6111	90.7	110.3
2908.5556	90.91	108.8
2957.3037	91.04	107.3
3006.8689	91.12	106
3057.2647	91.15	104.9
3108.5052	91.16	104.1
3160.6045	91.16	103.6
3213.577	91.19	103.5
3267.4374	91.26	103.4
3322.2004	91.35	103.2
3377.8813	91.43	103.1
3434.4954	91.51	103.1
3492.0584	91.6	103.3
3550.5862	91.75	103.6
3610.0949	91.96	103.9
3670.6009	92.23	103.9
3732.1211	92.54	103.2
3794.6724	92.81	101.6
3858.272	92.94	99.6
3922.9376	92.91	97.8
3988.687	92.8	97
4055.5384	92.74	97
4123.5102	92.77	97.2
4192.6212	92.86	97.4
4262.8906	92.98	97.4
4334.3377	93.12	97.5
4406.9822	93.34	97.4
4480.8443	93.6	96.7
4555.9444	93.83	95.4
4632.3031	94	93.8
4709.9417	94.11	91.9
4788.8814	94.15	89.9
4869.1443	94.08	88.1
4950.7523	94.01	86.9
5033.7281	93.96	85.4
5118.0947	93.8	83.3
5203.8752	93.41	81.8
5291.0934	92.89	82.2
5379.7734	92.51	84.9
5469.9397	92.49	88.5
5561.6173	92.78	91.1
5654.8313	93.18	92.1
5749.6077	93.54	92
5845.9725	93.87	91.3
5943.9525	94.19	89.7
6043.5746	94.33	86.8
6144.8664	94.15	84.1
6247.8558	93.81	83.2
6352.5714	93.56	83.8
6459.0421	93.48	84.9
6567.2972	93.5	85.8
6677.3667	93.56	86.4
6789.281	93.7	86.9
6903.071	93.8	86.7
7018.7682	93.79	86.6
7136.4045	93.82	87.7
7256.0123	94.09	88.9
7377.6249	94.47	88.2
7501.2757	94.61	86.3
7626.9989	94.61	85.4
7754.8293	94.69	84.9
7884.8021	94.77	83.8
8016.9533	94.78	83.1
8151.3194	94.9	82.7
8287.9375	95.06	81
8426.8454	94.95	78.8
8568.0814	94.76	78.3
8711.6845	94.69	78
8857.6945	94.58	78
9006.1516	94.69	78.9
9157.0969	95.05	77.6
9310.5721	95.08	74.3
9466.6196	94.89	72.3
9625.2825	94.77	70.3
9786.6046	94.43	68.2
9950.6305	94.11	67.7
10117.405	93.86	66.4
10286.976	93.41	66.1
10459.388	93.17	66.8
10634.69	92.97	66.9
10812.93	92.95	67.4
10994.157	93.01	64.8
11178.422	92.49	61.8
11365.775	91.86	61.3
11556.268	91.16	62.4
11749.954	90.84	66.3
11946.886	90.99	67.8
12147.119	91.09	67
12350.708	90.95	63.8
12557.708	90.25	61.6
12768.179	89.56	61.7
12982.177	88.85	63.7
13199.761	88.55	65.5
13420.992	87.94	65.2
13645.931	87.04	66.9
13874.641	86.01	72
14107.183	85.61	80.3
14343.623	85.73	87.1
14584.025	86.12	90.6
14828.457	86.18	92.7
15076.986	86.25	94.8
15329.68	86.24	98.2
15586.609	86.64	101
15847.844	87.16	101.4
16113.458	87.23	99
16383.524	86.87	98.8
16658.115	86.65	101.7
16937.31	86.96	103
17221.183	87.17	102.2
17509.814	86.99	100.5
17803.283	86.75	100.3
18101.67	86.57	101
18405.059	86.38	101.4
18713.532	86.39	101.2
19027.176	86.23	99.6
19346.076	85.7	98.7
19670.321	85.41	100
20000	85.47	100.6
