99.6117	62.9000	-147.0000
101.2812	63.3400	-149.9000
102.9787	63.7500	-152.7000
104.7047	64.1700	-155.2000
106.4595	64.5800	-157.6000
108.2438	64.9800	-159.9000
110.0580	65.3800	-161.9000
111.9026	65.7900	-164.0000
113.7781	66.1900	-166.1000
115.6851	66.5900	-168.4000
117.6240	66.9700	-170.7000
119.5954	67.3200	-173.2000
121.5998	67.6400	-175.7000
123.6379	67.9400	-178.5000
125.7101	68.2200	-12.8000
127.8170	68.4800	177.0000
129.9592	68.7200	174.3000
132.1374	68.9300	171.9000
134.3520	69.1200	169.5000
136.6038	69.3100	167.2000
138.8933	69.4700	165.1000
141.2212	69.6300	163.1000
143.5881	69.7800	161.1000
145.9947	69.9200	159.3000
148.4416	70.0500	157.6000
150.9295	70.1700	156.0000
153.4591	70.3000	154.5000
156.0312	70.4300	153.2000
158.6463	70.5800	152.0000
161.3052	70.7200	150.9000
164.0087	70.8800	149.8000
166.7576	71.0400	148.7000
169.5525	71.2000	147.6000
172.3942	71.3600	146.4000
175.2836	71.5200	145.3000
178.2214	71.6700	144.2000
181.2084	71.8000	143.1000
184.2455	71.9200	142.1000
187.3335	72.0300	141.1000
190.4733	72.1200	140.3000
193.6656	72.2000	139.8000
196.9115	72.2700	139.6000
200.2118	72.3500	139.8000
203.5674	72.4600	140.6000
206.9792	72.6100	141.9000
210.4483	72.8000	143.7000
213.9754	73.0600	145.9000
217.5617	73.3700	148.3000
221.2081	73.7100	150.6000
224.9156	74.1100	152.8000
228.6852	74.5200	155.0000
232.5181	74.9600	157.1000
236.4151	75.4100	159.1000
240.3775	75.9000	160.8000
244.4063	76.3900	162.0000
248.5026	76.8800	162.6000
252.6676	77.3600	162.6000
256.9023	77.8100	162.2000
261.2081	78.2400	161.4000
265.5860	78.6400	160.3000
270.0373	79.0100	158.9000
274.5632	79.3600	157.3000
279.1649	79.6700	155.5000
283.8438	79.9600	153.5000
288.6011	80.2000	151.4000
293.4381	80.4100	149.3000
298.3562	80.5900	147.2000
303.3567	80.7300	145.2000
308.4410	80.8400	143.4000
313.6106	80.9300	141.7000
318.8668	81.0100	140.3000
324.2111	81.0700	139.2000
329.6449	81.1400	138.5000
335.1698	81.2400	138.3000
340.7874	81.3700	138.6000
346.4991	81.5400	139.2000
352.3065	81.7700	139.8000
358.2112	82.0500	140.4000
364.2149	82.3500	140.8000
370.3193	82.6700	140.8000
376.5259	82.9900	140.6000
382.8366	83.3100	140.2000
389.2530	83.6100	139.6000
395.7770	83.9100	139.1000
402.4103	84.1900	138.4000
409.1548	84.4700	137.8000
416.0123	84.7600	137.3000
422.9848	85.0700	136.8000
430.0741	85.3700	136.2000
437.2823	85.6900	135.3000
444.6112	86.0000	134.3000
452.0630	86.2900	133.2000
459.6397	86.5600	131.8000
467.3434	86.8100	130.5000
475.1762	87.0300	129.1000
483.1402	87.2300	127.8000
491.2378	87.4100	126.7000
499.4710	87.6100	125.9000
507.8423	87.8100	125.2000
516.3539	88.0500	124.8000
525.0081	88.3100	124.3000
533.8074	88.5900	123.8000
542.7541	88.8900	123.2000
551.8508	89.2000	122.4000
561.0999	89.5100	121.4000
570.5041	89.8000	120.0000
580.0659	90.0800	118.5000
589.7879	90.3100	116.9000
599.6729	90.5000	115.0000
609.7236	90.6000	112.9000
619.9427	90.6300	110.9000
630.3331	90.6100	109.1000
640.8976	90.5700	107.7000
651.6392	90.5300	106.8000
662.5609	90.5400	106.5000
673.6656	90.7100	106.6000
684.9564	91.0200	106.1000
696.4364	91.3900	104.6000
708.1088	91.7600	102.2000
719.9769	92.1300	99.2000
732.0439	92.4700	95.6000
744.3131	92.6900	91.4000
756.7880	92.7300	86.9000
769.4720	92.6100	82.9000
782.3685	92.3700	79.8000
795.4812	92.0900	77.7000
808.8137	91.7800	76.4000
822.3696	91.4500	76.5000
836.1527	91.3300	78.3000
850.1668	91.5800	80.4000
864.4158	92.1400	81.1000
878.9036	92.7400	79.1000
893.6343	93.1100	75.2000
908.6118	93.1900	71.0000
923.8404	93.0600	67.4000
939.3242	92.7700	65.1000
955.0675	92.5000	64.6000
971.0746	92.4700	65.0000
987.3501	92.6400	64.9000
1003.8983	92.8900	63.7000
1020.7239	93.0800	61.1000
1037.8315	93.0600	58.1000
1055.2258	92.8700	55.5000
1072.9116	92.5600	54.1000
1090.8939	92.3200	54.0000
1109.1775	92.1800	54.2000
1127.7676	92.1100	54.7000
1146.6693	92.1600	55.6000
1165.8877	92.3500	56.0000
1185.4283	92.6000	55.5000
1205.2964	92.8200	54.2000
1225.4974	92.9600	52.4000
1246.0371	92.9600	50.4000
1266.9209	92.8800	49.3000
1288.1549	92.8900	48.9000
1309.7446	93.0200	48.1000
1331.6963	93.1500	46.4000
1354.0158	93.1600	44.2000
1376.7095	92.9800	42.1000
1399.7835	92.7100	41.5000
1423.2442	92.5900	42.2000
1447.0981	92.6900	42.8000
1471.3518	92.8900	42.2000
1496.0120	93.0000	40.7000
1521.0856	92.9800	39.3000
1546.5793	92.9600	38.3000
1572.5004	93.0000	37.6000
1598.8559	93.1100	36.4000
1625.6531	93.2100	34.3000
1652.8994	93.1500	31.5000
1680.6024	92.8800	29.0000
1708.7697	92.4700	27.9000
1737.4091	92.0800	28.2000
1766.5285	91.8800	29.7000
1796.1360	91.9300	31.0000
1826.2397	92.0900	31.1000
1856.8479	92.2300	30.1000
1887.9691	92.2800	28.3000
1919.6120	92.1500	26.0000
1951.7851	91.8100	24.4000
1984.4975	91.3600	24.2000
2017.7582	90.9500	25.4000
2051.5763	90.6600	27.7000
2085.9612	90.6100	30.6000
2120.9224	90.8000	32.7000
2156.4696	91.0100	33.1000
2192.6126	91.0800	33.1000
2229.3613	91.0600	33.4000
2266.7259	91.0200	34.2000
2304.7168	91.0000	35.9000
2343.3444	91.1600	38.3000
2382.6195	91.5600	40.3000
2422.5528	92.0900	40.7000
2463.1553	92.5200	39.8000
2504.4384	92.8700	38.5000
2546.4134	93.1800	36.7000
2589.0919	93.4100	34.4000
2632.4858	93.5000	31.8000
2676.6069	93.4900	29.8000
2721.4674	93.4800	28.2000
2767.0799	93.4800	26.7000
2813.4568	93.4800	25.0000
2860.6111	93.4300	23.2000
2908.5556	93.3200	21.2000
2957.3037	93.1000	19.6000
3006.8689	92.8300	18.8000
3057.2647	92.6100	18.4000
3108.5052	92.4200	17.9000
3160.6045	92.1400	17.3000
3213.5770	91.7100	17.4000
3267.4374	91.2200	19.7000
3322.2004	91.0100	24.0000
3377.8813	91.2400	28.4000
3434.4954	91.7700	30.9000
3492.0584	92.3200	31.4000
3550.5862	92.7500	30.6000
3610.0949	93.0700	29.3000
3670.6009	93.3500	27.7000
3732.1211	93.5800	25.6000
3794.6724	93.6400	22.8000
3858.2720	93.4900	20.7000
3922.9376	93.2700	20.0000
3988.6870	93.2300	20.4000
4055.5384	93.3700	20.2000
4123.5102	93.4800	18.6000
4192.6212	93.3600	16.6000
4262.8906	93.1100	15.8000
4334.3377	92.9500	15.8000
4406.9822	92.8300	15.5000
4480.8443	92.5700	15.4000
4555.9444	92.3100	17.0000
4632.3031	92.3000	19.4000
4709.9417	92.4800	21.0000
4788.8814	92.6300	22.0000
4869.1443	92.8500	23.7000
4950.7523	93.3500	25.0000
5033.7281	93.9000	24.1000
5118.0947	94.2600	21.8000
5203.8752	94.4700	19.2000
5291.0934	94.5800	16.5000
5379.7734	94.5100	13.4000
5469.9397	94.2300	11.4000
5561.6173	93.9600	11.0000
5654.8313	93.7900	11.1000
5749.6077	93.6600	11.8000
5845.9725	93.7000	13.2000
5943.9525	93.9600	14.0000
6043.5746	94.2000	13.5000
6144.8664	94.3900	12.8000
6247.8558	94.5800	11.9000
6352.5714	94.7700	11.0000
6459.0421	95.0400	9.4000
6567.2972	95.2100	6.5000
6677.3667	95.1400	3.5000
6789.2810	94.9600	1.5000
6903.0710	94.7400	0.4000
7018.7682	94.5400	0.3000
7136.4045	94.4700	1.0000
7256.0123	94.5300	1.9000
7377.6249	94.8500	2.6000
7501.2757	95.2900	1.5000
7626.9989	95.6300	-1.2000
7754.8293	95.7900	-5.2000
7884.8021	95.6600	-8.9000
8016.9533	95.3900	-11.7000
8151.3194	94.9900	-13.5000
8287.9375	94.5800	-13.3000
8426.8454	94.3900	-11.5000
8568.0814	94.6000	-9.8000
8711.6845	94.9700	-10.1000
8857.6945	95.3400	-11.7000
9006.1516	95.6400	-15.0000
9157.0969	95.6400	-19.4000
9310.5721	95.2800	-23.2000
9466.6196	94.6900	-24.3000
9625.2825	94.3500	-22.8000
9786.6046	94.4200	-20.7000
9950.6305	94.9000	-20.2000
10117.4050	95.4600	-22.7000
10286.9760	95.6800	-28.4000
10459.3880	95.3400	-33.8000
10634.6900	94.7100	-36.7000
10812.9300	94.1200	-36.2000
10994.1570	94.0100	-34.3000
11178.4220	94.3500	-34.3000
11365.7750	94.5600	-37.7000
11556.2680	94.4000	-41.8000
11749.9540	93.9900	-44.3000
11946.8860	93.5300	-45.3000
12147.1190	93.2000	-44.4000
12350.7080	93.1800	-43.6000
12557.7080	93.2900	-43.8000
12768.1790	93.4500	-45.3000
12982.1770	93.3400	-47.5000
13199.7610	93.1100	-48.3000
13420.9920	93.0500	-47.9000
13645.9310	93.2300	-47.5000
13874.6410	93.6800	-48.9000
14107.1830	93.9500	-53.0000
14343.6230	93.8800	-57.5000
14584.0250	93.5200	-60.7000
14828.4570	93.3500	-61.6000
15076.9860	93.4500	-63.8000
15329.6800	93.4900	-67.6000
15586.6090	93.2700	-72.4000
15847.8440	92.7400	-75.4000
16113.4580	92.3200	-75.9000
16383.5240	92.4000	-76.5000
16658.1150	92.4600	-80.9000
16937.3100	92.0600	-85.2000
17221.1830	91.4300	-87.3000
17509.8140	91.1300	-87.1000
17803.2830	91.2200	-89.2000
18101.6700	91.0200	-94.5000
18405.0590	90.1400	-98.4000
18713.5320	89.3000	-97.8000
19027.1760	89.0500	-96.9000
19346.0760	88.8400	-99.9000
19670.3210	88.1200	-103.0000
20000.0000	87.5100	-102.8000