5	49.39	-54.9
5.0838	49.67	-54.9
5.16901	50.05	-54.8
5.25564	50.45	-54.8
5.34373	50.86	-54.8
5.43329	51.27	-54.7
5.52435	51.7	-54.7
5.61694	52.13	-54.7
5.71108	52.58	-54.7
5.8068	53.04	-54.6
5.90413	53.53	-54.6
6.00308	54.04	-54.6
6.10369	54.57	-54.5
6.20599	55.11	-54.5
6.31001	55.65	-54.4
6.41576	56.19	-54.4
6.52329	56.72	-54.4
6.63263	57.25	-54.3
6.74379	57.77	-54.3
6.85682	58.27	-54.3
6.97174	58.75	-54.2
7.08859	59.22	-54.2
7.20739	59.66	-54.1
7.32819	60.09	-54.1
7.45101	60.51	-54.1
7.57589	60.93	-54
7.70287	61.37	-53.9
7.83197	61.8	-53.9
7.96324	62.22	-53.8
8.0967	62.61	-53.8
8.2324	62.96	-53.7
8.37038	63.26	-53.7
8.51067	63.48	-53.7
8.65331	63.62	-53.8
8.79834	63.61	-54.6
8.94581	63.4	-56.8
9.09574	62.96	-61.2
9.24819	62.3	-67.7
9.40319	61.47	-75.9
9.56079	60.54	-85
9.72103	59.61	-94.6
9.88396	58.75	-103.7
10.04961	58.09	-111.6
10.21805	57.69	-117.9
10.38931	57.51	-122.7
10.56343	57.45	-126.9
10.74048	57.42	-130.7
10.92049	57.4	-134.3
11.10352	57.38	-137.4
11.28962	57.36	-139.9
11.47884	57.33	-141.7
11.67122	57.26	-142.5
11.86684	57.1	-142.5
12.06573	56.83	-141.9
12.26795	56.43	-140.6
12.47357	55.97	-139
12.68263	55.53	-136.9
12.89519	55.21	-134.5
13.11132	55.22	-131.7
13.33107	55.97	-127.9
13.5545	57.65	-122.7
13.78167	59.91	-116.3
14.01266	62.24	-109.7
14.24751	64.19	-104.2
14.48631	65.46	-101.5
14.7291	65.99	-104.7
14.97596	66.02	-116.9
15.22696	65.79	-137.6
15.48217	65.42	-162.3
15.74166	64.93	175
16.00549	64.31	159.6
16.27375	63.44	152.5
16.5465	62.17	150
16.82382	60.55	149
17.10579	58.88	148.2
17.39249	57.65	147.1
17.68399	57.34	145.1
17.98038	57.96	141.5
18.28174	59.07	136
18.58814	60.14	128.5
18.89969	60.77	118.5
19.21645	60.74	104
19.53852	60.04	83.3
19.86599	58.89	57.9
20.19895	57.7	32.5
20.53749	56.87	10.8
20.8817	56.45	-6.4
21.23169	56.25	-20.8
21.58753	56.11	-33.9
21.94935	55.97	-46.5
22.31722	55.83	-59.1
22.69126	55.67	-71.4
23.07158	55.48	-83.4
23.45826	55.24	-95.1
23.85143	54.91	-106.3
24.25118	54.55	-117
24.65764	54.41	-126.5
25.07091	54.89	-134.4
25.4911	56.1	-140.8
25.91834	57.41	-146.7
26.35274	58.2	-152.6
26.79441	58.39	-159.2
27.2435	58.28	-167.1
27.7001	58.13	-178.1
28.16436	58.05	165.4
28.63641	57.99	143.9
29.11636	57.78	123
29.60436	57.09	107.2
30.10053	55.69	96.6
30.60502	53.83	91
31.11797	52.12	90.7
31.63952	50.76	93.2
32.1698	49.6	94.1
32.70898	48.5	90.3
33.25719	47.45	84.5
33.81459	46.48	84.3
34.38133	45.67	92.7
34.95757	45.28	102.5
35.54346	45.69	105.8
36.13918	46.76	102.4
36.74488	47.94	93.1
37.36074	48.83	79.5
37.98691	48.96	68.1
38.62358	47.98	63.9
39.27092	46.55	65.3
39.92911	46.9	70
40.59833	48.77	74.6
41.27877	50.22	72
41.97061	50.83	58.8
42.67405	50.54	39.8
43.38928	49.46	22.4
44.11649	48.56	12.1
44.8559	48.76	8.2
45.60769	49.52	5.1
46.37209	50.3	-3.6
47.1493	50.94	-26.6
47.93953	50.91	-65.5
48.74301	49.48	-107.6
49.55995	46.5	-140.8
50.39059	44.51	-165.3
51.23515	46.35	168
52.09386	48.57	134.2
52.96697	49.09	108.5
53.85471	47.99	98.3
54.75733	47.69	93.1
55.67507	49.01	89.2
56.6082	51.09	88.8
57.55697	54.91	85.9
58.52164	57.67	71.1
59.50247	58.46	45.4
60.49975	57.78	20.7
61.51374	56.28	4.1
62.54472	54.52	-7.3
63.59299	52.81	-15.5
64.65882	51.08	-19
65.74252	49.82	-18.5
66.84438	49.45	-16.1
67.96471	49.56	-12.3
69.10382	50.26	-10.9
70.26201	50.99	-17.1
71.43962	50.73	-27.2
72.63697	49.78	-34.6
73.85438	49.2	-39.1
75.0922	49.06	-46.2
76.35076	48.56	-59.4
77.63042	46.82	-71.9
78.93152	43.56	-72.8
80.25443	39.5	-54.9
81.59952	36.7	-21.7
82.96715	37.54	8.5
84.3577	40.26	21.4
85.77155	42.17	19.1
87.2091	42.8	12.4
88.67075	42.68	10.5
90.15689	42.58	11.6
91.66795	42.59	11.5
93.20432	42.26	12.9
94.76645	42.1	20.6
96.35476	42.97	28.6
97.96969	43.55	27.9
99.61168	43.05	30.3
101.2812	43.13	43.7
102.9787	44.67	54
104.70465	46.13	57.8
106.45952	47.42	62
108.24381	49	66.2
110.058	50.94	68.9
111.9026	53.03	68.4
113.77812	55.03	63
115.68507	56.24	52.9
117.62398	56.44	43.8
119.59538	56.54	39.4
121.59983	57.12	35.8
123.63787	57.58	29.9
125.71007	57.65	23.8
127.81701	57.47	19.6
129.95925	57.2	17.9
132.1374	57.11	18.9
134.35205	57.5	20.7
136.60383	58.22	20.9
138.89334	58.94	18.8
141.22123	59.46	15.1
143.58813	59.76	11
145.9947	59.84	7.1
148.44161	59.75	4.5
150.92953	59.62	3.5
153.45914	59.62	3.8
156.03116	59.81	4.7
158.64628	60.21	5.5
161.30523	60.75	5.5
164.00874	61.29	4.3
166.75757	61.77	2.4
169.55247	62.23	0.2
172.39421	62.64	-2.4
175.28358	62.96	-5.4
178.22137	63.23	-8.5
181.2084	63.47	-11.6
184.2455	63.63	-15
187.3335	63.71	-18.5
190.47326	63.7	-22
193.66564	63.6	-25.2
196.91152	63.42	-28.5
200.2118	63.11	-31.6
203.5674	62.62	-34
206.97924	61.99	-34.9
210.44827	61.34	-33.8
213.97543	60.83	-31.1
217.56171	60.57	-28
221.2081	60.47	-25.6
224.9156	60.28	-24.2
228.68524	59.81	-22.2
232.51806	59.03	-16.9
236.41512	58.51	-5.4
240.3775	59.37	9.6
244.40628	61.38	20.6
248.50259	63.4	24
252.66756	64.96	22.2
256.90233	66.04	18.6
261.20807	66.81	15.4
265.58598	67.47	13.4
270.03727	68.25	12.3
274.56316	69.18	10.7
279.16491	70.14	7.6
283.84378	70.94	2.7
288.60107	71.47	-3.4
293.43809	71.69	-9.5
298.35619	71.64	-14.7
303.35671	71.41	-18.3
308.44104	71.15	-20
313.61059	71.01	-20.2
318.86678	71.08	-19.8
324.21107	71.29	-19.7
329.64492	71.54	-20.3
335.16985	71.77	-21.2
340.78738	71.98	-22
346.49906	72.21	-22.8
352.30647	72.44	-23.9
358.21121	72.62	-25.4
364.21492	72.69	-26.8
370.31925	72.72	-27.7
376.5259	72.76	-28.2
382.83656	72.77	-28.8
389.253	72.66	-29.2
395.77697	72.43	-28
402.41029	72.29	-24.6
409.15479	72.52	-19.6
416.01232	73.21	-14.9
422.98479	74.22	-11.8
430.07412	75.32	-11.2
437.28226	76.32	-13
444.61122	77.07	-16.5
452.06302	77.56	-20.4
459.6397	77.88	-23.8
467.34338	78.12	-26.5
475.17617	78.33	-28.8
483.14023	78.53	-30.7
491.23778	78.73	-32.5
499.47105	78.95	-34.3
507.84231	79.12	-36.5
516.35387	79.14	-38.8
525.00808	79	-40.1
533.80735	78.82	-39.6
542.75409	78.87	-37.5
551.85078	79.22	-35.4
561.09994	79.71	-34.6
570.50411	80.15	-34.5
580.0659	80.57	-34.3
589.78794	81.09	-33.8
599.67293	81.77	-33.7
609.7236	82.52	-34.8
619.94272	83.23	-37.4
630.33311	83.81	-40.9
640.89765	84.24	-45.1
651.63925	84.49	-49.5
662.56088	84.59	-53.7
673.66556	84.56	-57.4
684.95636	84.4	-60.5
696.4364	84.09	-62.5
708.10884	83.72	-62.4
719.97692	83.54	-59.8
732.04391	83.85	-56.4
744.31315	84.58	-54.5
756.78802	85.35	-55.3
769.47197	85.96	-57.8
782.36851	86.43	-60.8
795.4812	86.8	-64.2
808.81366	87.05	-68.1
822.36957	87.06	-71.9
836.15269	86.91	-74.2
850.16681	86.84	-74.6
864.41582	87.09	-74.5
878.90364	87.52	-75.8
893.63428	87.85	-78.9
908.61181	87.94	-82.4
923.84036	87.91	-85.2
939.32415	87.84	-87.5
955.06746	87.7	-89.3
971.07462	87.53	-90
987.35007	87.46	-89.6
1003.8983	87.61	-88.7
1020.7239	87.96	-88.3
1037.8315	88.41	-89.1
1055.2258	88.88	-91
1072.9116	89.28	-94.2
1090.8939	89.51	-98.5
1109.1775	89.5	-102.8
1127.7676	89.32	-106.4
1146.6693	89.06	-109.1
1165.8877	88.73	-111
1185.4283	88.37	-111.4
1205.2964	88.2	-110.5
1225.4974	88.28	-109.8
1246.0371	88.46	-110.4
1266.9209	88.57	-111.7
1288.1549	88.57	-113.1
1309.7446	88.52	-113.8
1331.6963	88.6	-113.8
1354.0158	88.86	-114.7
1376.7095	89.07	-117.2
1399.7835	89.02	-120.5
1423.2442	88.75	-122.9
1447.0981	88.39	-123.9
1471.3518	88.05	-123.6
1496.012	87.82	-122.1
1521.0856	87.84	-119.9
1546.5793	88.16	-118.2
1572.5004	88.62	-118.1
1598.8559	89.04	-119.6
1625.6531	89.36	-122.4
1652.8994	89.48	-126
1680.6024	89.38	-129.8
1708.7697	89.05	-133.2
1737.4091	88.49	-135.2
1766.5285	87.8	-134.3
1796.136	87.37	-130.4
1826.2397	87.6	-125.7
1856.8479	88.32	-123.9
1887.9691	89	-126.2
1919.612	89.23	-131.3
1951.7851	88.94	-136.2
1984.4975	88.3	-138.5
2017.7582	87.62	-138.2
2051.5763	87.07	-135.9
2085.9612	86.75	-132
2120.9224	86.87	-127.6
2156.4696	87.36	-125
2192.6126	87.83	-125.3
2229.3613	87.98	-127
2266.7259	87.83	-127.9
2304.7168	87.6	-126.9
2343.3444	87.46	-124.2
2382.6195	87.67	-119.9
2422.5528	88.4	-116.1
2463.1553	89.37	-115.6
2504.4384	90.06	-118.8
2546.4134	90.26	-122.8
2589.0919	90.18	-124.8
2632.4858	90.24	-125.1
2676.6069	90.49	-125.5
2721.4674	90.73	-126.9
2767.0799	90.85	-128.5
2813.4568	90.92	-129.5
2860.6111	91.11	-129.9
2908.5556	91.49	-131.4
2957.3037	91.73	-135.1
3006.8689	91.5	-138.8
3057.2647	91.11	-139.6
3108.5052	91.03	-139.1
3160.6045	91.06	-140.2
3213.577	90.86	-141.8
3267.4374	90.44	-141.7
3322.2004	90.07	-138.4
3377.8813	90.36	-132.9
3434.4954	91.3	-130.1
3492.0584	92.15	-131.9
3550.5862	92.61	-135.8
3610.0949	92.73	-139.2
3670.6009	92.91	-140.9
3732.1211	93.34	-143.7
3794.6724	93.44	-149.4
3858.272	92.97	-153.6
3922.9376	92.48	-154.4
3988.687	92.21	-154.5
4055.5384	92.05	-154.2
4123.5102	92.05	-154
4192.6212	92.05	-154.7
4262.8906	91.9	-154.8
4334.3377	91.91	-153.1
4406.9822	92.3	-152.3
4480.8443	92.66	-154.2
4555.9444	92.72	-156.7
4632.3031	92.68	-157.6
4709.9417	92.89	-158.3
4788.8814	92.99	-161.2
4869.1443	92.7	-163
4950.7523	92.64	-162.1
5033.7281	92.95	-162.7
5118.0947	93.05	-165.2
5203.8752	93.02	-166.8
5291.0934	93.08	-168.7
5379.7734	93.02	-171.2
5469.9397	92.8	-173.3
5561.6173	92.49	-174.4
5654.8313	92.24	-173.7
5749.6077	92.27	-173.1
5845.9725	92.35	-173
5943.9525	92.63	-172.3
6043.5746	93.06	-175
6144.8664	93.04	-178.6
6247.8558	92.95	179.6
6352.5714	92.97	176.2
6459.0421	92.62	173.3
6567.2972	92.2	171.9
6677.3667	91.86	170.6
6789.281	91.44	171.7
6903.071	91.36	174.1
7018.7682	91.55	174.1
7136.4045	91.77	173.1
7256.0123	92.01	171.9
7377.6249	92.04	169.3
7501.2757	91.91	166.4
7626.9989	91.67	163.4
7754.8293	91.27	162.1
7884.8021	90.94	162.8
8016.9533	90.75	164.4
8151.3194	90.79	165.8
8287.9375	90.99	165.3
8426.8454	91.18	162.9
8568.0814	91.22	159.8
8711.6845	90.93	157.2
8857.6945	90.48	155.9
9006.1516	90.13	157
9157.0969	90.08	160.4
9310.5721	90.46	162.1
9466.6196	91.03	160.1
9625.2825	91.3	155.9
9786.6046	91.15	151.8
9950.6305	90.68	149.4
10117.405	90.26	148.8
10286.976	90.19	149.2
10459.388	90.31	148.5
10634.69	90.44	146.8
10812.93	90.44	145.4
10994.157	90.36	143.2
11178.422	90.31	140
11365.775	90.1	137.2
11556.268	89.75	135.9
11749.954	89.77	135.2
11946.886	90.08	133.2
12147.119	90.1	128.1
12350.708	89.63	122.6
12557.708	88.9	120.8
12768.179	88.39	121.9
12982.177	88.32	121.5
13199.761	88.25	118
13420.992	87.73	114.1
13645.931	86.84	113.6
13874.641	86.17	117
14107.183	86.23	119.4
14343.623	86.5	117.2
14584.025	86.31	113.5
14828.457	85.77	113.1
15076.986	85.62	114.8
15329.68	85.86	114.3
15586.609	85.88	111.4
15847.844	85.55	109.3
16113.458	85.25	108.7
16383.524	85.2	107.6
16658.115	85.24	104.8
16937.31	85.13	101.1
17221.183	84.84	98.4
17509.814	84.67	97.4
17803.283	84.67	95.3
18101.67	84.53	91.3
18405.059	84.11	87.2
18713.532	83.64	84.3
19027.176	83.4	81
19346.076	83.1	76.2
19670.321	82.49	72.4
20000	82.11	71.4
