5.00000	91.578	13.174
5.07273	91.587	13.171
5.14651	91.599	13.166
5.22137	91.615	13.160
5.29732	91.632	13.153
5.37437	91.651	13.145
5.45254	91.670	13.137
5.53185	91.689	13.129
5.61231	91.708	13.120
5.69394	91.727	13.112
5.77676	91.747	13.104
5.86079	91.766	13.095
5.94604	91.785	13.086
6.03252	91.804	13.077
6.12027	91.823	13.068
6.20929	91.842	13.059
6.29961	91.861	13.050
6.39124	91.880	13.040
6.48420	91.900	13.031
6.57851	91.919	13.021
6.67420	91.938	13.011
6.77128	91.957	13.001
6.86977	91.976	12.991
6.96969	91.995	12.981
7.07107	92.014	12.971
7.17392	92.033	12.960
7.27827	92.053	12.949
7.38413	92.072	12.939
7.49154	92.091	12.928
7.60050	92.110	12.916
7.71105	92.129	12.905
7.82321	92.148	12.894
7.93701	92.167	12.882
8.05245	92.186	12.870
8.16958	92.206	12.858
8.28841	92.225	12.846
8.40896	92.244	12.833
8.53128	92.263	12.821
8.65537	92.282	12.808
8.78126	92.301	12.795
8.90899	92.320	12.782
9.03857	92.340	12.769
9.17004	92.359	12.755
9.30342	92.378	12.742
9.43874	92.397	12.728
9.57603	92.416	12.714
9.71532	92.435	12.699
9.85663	92.454	12.685
10.0000	92.473	12.670
10.1455	92.493	12.655
10.2930	92.512	12.640
10.4427	92.531	12.625
10.5946	92.550	12.609
10.7487	92.569	12.593
10.9051	92.588	12.577
11.0637	92.607	12.561
11.2246	92.626	12.545
11.3879	92.646	12.528
11.5535	92.665	12.511
11.7216	92.684	12.494
11.8921	92.703	12.476
12.0650	92.722	12.458
12.2405	92.741	12.440
12.4186	92.760	12.422
12.5992	92.779	12.404
12.7825	92.799	12.385
12.9684	92.818	12.366
13.1570	92.837	12.346
13.3484	92.856	12.326
13.5426	92.875	12.306
13.7395	92.894	12.286
13.9394	92.913	12.265
14.1421	92.932	12.244
14.3478	92.952	12.222
14.5565	92.971	12.201
14.7683	92.990	12.179
14.9831	93.009	12.156
15.2010	93.028	12.133
15.4221	93.047	12.110
15.6464	93.066	12.087
15.8740	93.086	12.063
16.1049	93.105	12.039
16.3392	93.124	12.015
16.5768	93.143	11.990
16.8179	93.162	11.965
17.0626	93.181	11.939
17.3107	93.200	11.913
17.5625	93.219	11.887
17.8180	93.239	11.860
18.0771	93.258	11.833
18.3401	93.277	11.806
18.6068	93.296	11.778
18.8775	93.315	11.749
19.1521	93.334	11.721
19.4306	93.353	11.692
19.7133	93.372	11.662
20.0000	93.392	11.632
20.2909	93.411	11.602
20.5860	93.430	11.571
20.8855	93.449	11.540
21.1893	93.468	11.508
21.4975	93.487	11.476
21.8102	93.506	11.443
22.1274	93.525	11.410
22.4492	93.545	11.376
22.7758	93.564	11.342
23.1071	93.583	11.308
23.4432	93.602	11.272
23.7841	93.621	11.237
24.1301	93.640	11.201
24.4811	93.659	11.164
24.8372	93.678	11.127
25.1984	93.698	11.089
25.5649	93.717	11.051
25.9368	93.736	11.012
26.3141	93.755	10.972
26.6968	93.774	10.932
27.0851	93.793	10.892
27.4791	93.812	10.851
27.8788	93.831	10.809
28.2843	93.851	10.766
28.6957	93.870	10.723
29.1131	93.889	10.680
29.5365	93.908	10.635
29.9661	93.927	10.591
30.4020	93.946	10.545
30.8442	93.965	10.499
31.2929	93.985	10.452
31.7480	94.004	10.404
32.2098	94.023	10.356
32.6783	94.042	10.307
33.1536	94.061	10.257
33.6359	94.080	10.207
34.1251	94.099	10.155
34.6215	94.118	10.103
35.1250	94.138	10.051
35.6359	94.157	9.997
36.1543	94.176	9.943
36.6802	94.195	9.888
37.2137	94.214	9.832
37.7550	94.233	9.775
38.3041	94.252	9.718
38.8613	94.271	9.659
39.4265	94.291	9.600
40.0000	94.310	9.540
40.5818	94.329	9.479
41.1721	94.348	9.417
41.7710	94.367	9.355
42.3785	94.386	9.291
42.9949	94.405	9.226
43.6203	94.424	9.161
44.2548	94.444	9.094
44.8985	94.463	9.027
45.5515	94.482	8.958
46.2141	94.501	8.889
46.8863	94.520	8.818
47.5683	94.539	8.746
48.2602	94.558	8.674
48.9621	94.577	8.600
49.6743	94.597	8.525
50.3968	94.616	8.449
51.1299	94.635	8.372
51.8736	94.654	8.294
52.6281	94.673	8.215
53.3936	94.692	8.135
54.1702	94.711	8.053
54.9581	94.731	7.970
55.7575	94.750	7.886
56.5685	94.769	7.801
57.3914	94.788	7.714
58.2261	94.807	7.626
59.0730	94.826	7.537
59.9323	94.845	7.446
60.8040	94.864	7.355
61.6884	94.884	7.261
62.5857	94.903	7.167
63.4960	94.922	7.071
64.4196	94.941	6.973
65.3566	94.960	6.875
66.3073	94.979	6.774
67.2717	94.998	6.672
68.2502	95.017	6.569
69.2429	95.037	6.464
70.2501	95.056	6.358
71.2719	95.075	6.250
72.3086	95.094	6.140
73.3603	95.113	6.029
74.4274	95.132	5.916
75.5099	95.151	5.801
76.6083	95.170	5.685
77.7226	95.190	5.567
78.8531	95.209	5.447
80.0000	95.228	5.325
81.1636	95.247	5.202
82.3442	95.266	5.077
83.5419	95.285	4.949
84.7570	95.304	4.820
85.9899	95.323	4.689
87.2406	95.343	4.556
88.5096	95.362	4.421
89.7970	95.381	4.284
91.1031	95.400	4.145
92.4282	95.419	4.004
93.7726	95.438	3.860
95.1366	95.457	3.715
96.5204	95.477	3.567
97.9243	95.496	3.417
99.3486	95.515	3.264
100.794	95.534	3.110
102.260	95.553	2.953
103.747	95.572	2.793
105.256	95.591	2.632
106.787	95.610	2.467
108.340	95.630	2.301
109.916	95.649	2.131
111.515	95.668	1.959
113.137	95.687	1.785
114.783	95.706	1.607
116.452	95.725	1.427
118.146	95.744	1.245
119.865	95.763	1.059
121.608	95.783	0.871
123.377	95.802	0.679
125.171	95.821	0.485
126.992	95.840	0.288
128.839	95.859	0.088
130.713	95.878	-0.116
132.615	95.897	-0.322
134.543	95.916	-0.532
136.500	95.936	-0.745
138.486	95.955	-0.961
140.500	95.974	-1.180
142.544	95.993	-1.403
144.617	96.012	-1.629
146.721	96.031	-1.859
148.855	96.050	-2.092
151.020	96.069	-2.329
153.217	96.089	-2.569
155.445	96.108	-2.813
157.706	96.127	-3.060
160.000	96.146	-3.311
162.327	96.165	-3.565
164.688	96.184	-3.824
167.084	96.203	-4.086
169.514	96.222	-4.351
171.980	96.242	-4.620
174.481	96.261	-4.893
177.019	96.280	-5.169
179.594	96.299	-5.449
182.206	96.318	-5.731
184.856	96.337	-6.015
187.545	96.356	-6.297
190.273	96.379	-6.595
193.041	96.410	-6.930
195.849	96.453	-7.354
198.697	96.498	-7.873
201.587	96.507	-8.406
204.520	96.444	-8.840
207.494	96.304	-9.071
210.512	96.133	-8.975
213.574	96.006	-8.484
216.681	95.995	-7.671
219.833	96.149	-6.701
223.030	96.453	-5.765
226.274	96.867	-5.121
229.565	97.325	-4.939
232.905	97.813	-5.399
236.292	98.225	-6.584
239.729	98.467	-8.358
243.216	98.533	-10.559
246.754	98.411	-13.078
250.343	98.122	-15.642
253.984	97.851	-17.947
257.678	97.649	-20.055
261.426	97.513	-21.694
265.229	97.429	-22.940
269.087	97.324	-23.841
273.001	97.170	-24.243
276.972	97.028	-23.988
281.000	97.062	-24.052
285.088	97.212	-24.956
289.234	97.293	-26.489
293.441	97.322	-28.295
297.709	97.238	-30.105
302.040	97.032	-31.215
306.433	96.869	-31.680
310.890	96.797	-31.766
315.412	96.833	-32.128
320.000	96.912	-33.164
324.655	96.912	-34.769
329.377	96.782	-36.492
334.168	96.594	-38.204
339.028	96.339	-39.385
343.959	96.146	-39.983
348.962	96.102	-40.474
354.038	96.132	-41.571
359.188	96.194	-43.405
364.412	96.116	-46.081
369.713	95.784	-48.766
375.090	95.372	-50.778
380.546	94.928	-52.275
386.081	94.515	-53.358
391.697	94.123	-54.696
397.394	93.596	-56.306
403.175	92.826	-57.448
409.039	91.849	-57.526
414.989	90.788	-54.781
421.025	89.944	-49.102
427.149	89.501	-41.902
433.362	89.465	-34.606
439.665	89.700	-28.815
446.060	90.081	-24.343
452.548	90.484	-20.949
459.131	90.964	-18.271
465.809	91.476	-16.437
472.584	91.994	-15.542
479.458	92.496	-15.433
486.432	92.976	-16.431
493.507	93.305	-18.011
500.686	93.472	-19.605
507.968	93.541	-20.893
515.357	93.541	-21.378
522.853	93.547	-21.154
530.458	93.668	-20.495
538.174	93.927	-19.889
546.002	94.289	-20.059
553.943	94.685	-21.129
562.001	95.012	-23.309
570.175	95.173	-26.080
578.469	95.117	-28.835
586.883	94.842	-30.789
595.419	94.498	-31.051
604.080	94.298	-29.128
612.866	94.415	-26.233
621.780	94.836	-24.366
630.824	95.370	-24.353
640.000	95.870	-25.960
649.309	96.215	-28.796
658.753	96.393	-31.866
668.335	96.519	-34.827
678.056	96.644	-37.774
687.919	96.747	-40.979
697.925	96.730	-44.340
708.077	96.556	-47.404
718.376	96.262	-49.754
728.825	95.881	-51.124
739.426	95.606	-51.006
750.181	95.608	-50.567
761.093	95.824	-51.180
772.163	96.188	-53.366
783.394	96.345	-57.238
794.789	96.219	-61.391
806.349	95.988	-65.359
818.078	95.518	-69.326
829.977	94.991	-72.176
842.050	94.564	-74.564
854.298	93.994	-77.240
866.724	93.258	-79.377
879.330	92.338	-80.578
892.120	91.307	-79.601
905.097	90.432	-76.175
918.262	89.859	-70.882
931.618	89.654	-65.519
945.169	89.631	-61.449
958.917	89.677	-58.322
972.864	89.721	-55.356
987.015	89.778	-51.857
1001.37	89.995	-47.290
1015.94	90.608	-43.226
1030.71	91.437	-41.446
1045.71	92.286	-41.500
1060.92	93.122	-43.065
1076.35	93.820	-45.703
1092.00	94.352	-48.618
1107.89	94.848	-51.957
1124.00	95.250	-55.780
1140.35	95.582	-60.116
1156.94	95.821	-64.991
1173.77	95.937	-70.368
1190.84	95.885	-75.805
1208.16	95.674	-80.959
1225.73	95.354	-86.008
1243.56	94.917	-90.766
1261.65	94.368	-95.111
1280.00	93.771	-99.143
1298.62	93.072	-102.451
1317.51	92.266	-105.218
1336.67	91.294	-106.435
1356.11	90.325	-104.892
1375.84	89.720	-101.224
1395.85	89.483	-96.722
1416.15	89.562	-93.275
1436.75	89.916	-92.272
1457.65	90.224	-93.142
1478.85	90.413	-95.400
1500.36	90.514	-98.220
1522.19	90.508	-101.584
1544.33	90.428	-105.265
1566.79	90.231	-109.384
1589.58	89.815	-113.787
1612.70	89.238	-117.750
1636.16	88.515	-121.398
1659.95	87.624	-124.303
1684.10	86.715	-125.871
1708.60	85.817	-127.072
1733.45	84.761	-127.246
1758.66	83.746	-126.022
1784.24	82.747	-124.385
1810.19	81.643	-120.809
1836.52	80.719	-114.932
1863.24	80.150	-107.492
1890.34	79.914	-98.915
1917.83	80.121	-91.291
1945.73	80.591	-85.255
1974.03	81.282	-81.303
2002.74	82.089	-79.637
2031.87	82.852	-80.102
2061.43	83.469	-81.987
2091.41	83.923	-84.927
2121.83	84.142	-88.592
2152.69	84.144	-92.374
2184.01	83.949	-95.991
2215.77	83.574	-98.994
2248.00	83.116	-101.350
2280.70	82.610	-103.237
2313.87	81.971	-105.021
2347.53	81.294	-106.585
2381.68	80.543	-107.920
2416.32	79.490	-109.057
2451.46	78.205	-108.079
2487.12	77.014	-102.000
2523.30	76.180	-88.395
2560.00	76.507	-66.908
2597.24	78.127	-51.472
2635.01	80.231	-46.458
2673.34	82.463	-47.739
2712.23	84.376	-52.973
2751.68	85.717	-60.222
2791.70	86.677	-68.464
2832.31	87.216	-77.558
2873.50	87.313	-86.930
2915.30	87.123	-95.739
2957.70	86.647	-104.092
3000.72	85.953	-111.703
3044.37	85.081	-118.241
3088.65	84.118	-123.657
3133.58	83.133	-127.976
3179.16	82.077	-131.476
3225.40	81.042	-133.880
3272.31	80.027	-135.830
3319.91	78.864	-137.971
3368.20	77.458	-139.193
3417.19	75.809	-138.813
3466.89	74.116	-135.014
3517.32	72.559	-124.059
3568.48	71.925	-104.179
3620.39	72.638	-86.031
3673.05	74.188	-77.667
3726.47	75.932	-77.808
3780.67	77.310	-81.979
3835.67	78.219	-88.785
3891.46	78.360	-96.187
3948.06	77.851	-102.729
4005.49	76.843	-107.436
4063.75	75.409	-108.227
4122.86	74.168	-102.306
4182.82	73.860	-91.188
4243.66	74.436	-81.896
4305.39	75.537	-79.090
4368.01	76.629	-80.662
4431.55	77.520	-84.766
4496.01	78.021	-90.181
4561.40	78.168	-95.813
4627.75	78.101	-101.137
4695.06	77.899	-106.271
4763.35	77.481	-111.405
4832.64	76.911	-115.915
4902.93	76.208	-119.877
4974.24	75.388	-123.458
5046.60	74.437	-126.165
5120.00	73.320	-127.952
5194.47	72.168	-128.395
5270.03	71.021	-127.127
5346.68	69.849	-124.881
5424.45	68.795	-121.376
5503.35	67.803	-116.513
5583.40	66.911	-110.157
5664.61	66.211	-101.609
5747.01	65.842	-91.405
5830.60	65.861	-81.435
5915.41	66.280	-73.447
6001.45	66.850	-68.095
6088.74	67.402	-64.170
6177.30	67.923	-61.242
6267.15	68.343	-58.751
6358.31	68.716	-55.764
6450.80	69.156	-52.471
6544.62	69.687	-49.010
6639.82	70.388	-45.978
6736.40	71.242	-43.902
6834.38	72.184	-43.248
6933.79	73.150	-44.056
7034.64	74.062	-46.422
7136.96	74.840	-49.925
7240.77	75.417	-53.899
7346.09	75.811	-57.909
7452.94	76.081	-61.494
7561.35	76.387	-64.567
7671.33	76.806	-68.057
7782.91	77.317	-72.611
7896.12	77.832	-78.916
8010.97	78.102	-86.522
8127.49	77.975	-95.247
8245.71	77.247	-103.589
8365.65	75.914	-110.215
8487.33	74.317	-114.354
8610.78	72.668	-114.599
8736.03	71.368	-111.596
8863.09	70.554	-109.642
8992.01	69.730	-107.476
9122.80	68.841	-103.684
9255.50	67.956	-92.512
9390.12	68.205	-63.115
9526.70	69.666	-42.930
9665.27	72.015	-37.994
9805.86	74.382	-41.277
9948.49	76.168	-48.687
10093.2	77.525	-57.928
10240.0	78.360	-68.085
10388.9	78.682	-78.842
10540.1	78.618	-88.231
10693.4	78.086	-96.548
10848.9	77.348	-103.124
11006.7	76.472	-107.711
11166.8	75.610	-110.488
11329.2	74.946	-111.937
11494.0	74.375	-112.702
11661.2	73.882	-113.008
11830.8	73.387	-112.612
12002.9	73.001	-110.739
12177.5	72.894	-107.565
12354.6	73.200	-104.099
12534.3	73.861	-102.505
12716.6	74.720	-103.657
12901.6	75.578	-107.414
13089.2	76.184	-113.172
13279.6	76.451	-119.799
13472.8	76.411	-126.328
13668.8	76.135	-132.698
13867.6	75.752	-138.393
14069.3	75.318	-143.827
14273.9	74.809	-148.940
14481.5	74.191	-153.662
14692.2	73.458	-157.856
14905.9	72.555	-161.064
15122.7	71.639	-162.585
15342.7	70.839	-162.709
15565.8	70.124	-161.767
15792.2	69.627	-159.750
16021.9	69.378	-157.464
16255.0	69.490	-154.967
16491.4	69.842	-154.409
16731.3	70.186	-156.057
16974.7	70.475	-158.647
17221.6	70.594	-162.775
17472.1	70.607	-168.007
17726.2	70.593	-173.328
17984.0	70.533	-179.718
18245.6	70.255	173.483
18511.0	69.666	166.215
18780.2	68.744	158.734
19053.4	67.403	151.594
19330.5	65.720	146.639
19611.7	64.061	144.986
19897.0	62.402	145.471
20186.4	60.862	149.790
20480.0	59.711	156.781
20777.9	59.063	162.633
21080.1	58.671	167.261
21386.7	58.428	170.086
21697.8	58.181	172.228
22013.4	57.934	173.944
22333.6	57.686	175.362
22658.4	57.439	176.558
22988.0	57.192	177.580
23322.4	56.944	178.464
23661.6	56.697	179.235
24005.8	56.450	179.913
24355.0	56.203	-179.489
24709.2	55.955	-178.957
25068.6	55.708	-178.484
25433.2	55.461	-178.060
25803.2	55.213	-177.681
26178.5	54.966	-177.339
26559.3	54.719	-177.032
26945.6	54.472	-176.754
27337.5	54.224	-176.504
27735.2	53.977	-176.278
28138.6	53.730	-176.073
28547.9	53.482	-175.888
28963.1	53.235	-175.721
29384.4	52.988	-175.569
29811.8	52.740	-175.431
30245.4	52.493	-175.307
30685.3	52.246	-175.195
31131.7	51.999	-175.094
31584.5	51.751	-175.003
32043.9	51.504	-174.921
32510.0	51.257	-174.848
32982.8	51.009	-174.782
33462.6	50.762	-174.723
33949.3	50.515	-174.671
34443.1	50.267	-174.625
34944.1	50.020	-174.585
35452.4	49.773	-174.550
35968.0	49.526	-174.520
36491.2	49.278	-174.494
37022.0	49.031	-174.472
37560.5	48.784	-174.456
38106.8	48.559	-174.445
38661.1	48.356	-174.441
39223.4	48.204	-174.440
39793.9	48.086	-174.441
