5.00000	80.163	16.125
5.07273	80.174	16.123
5.14651	80.188	16.120
5.22137	80.206	16.117
5.29732	80.227	16.113
5.37437	80.250	16.109
5.45254	80.273	16.105
5.53185	80.296	16.100
5.61231	80.319	16.096
5.69394	80.342	16.091
5.77676	80.365	16.087
5.86079	80.387	16.082
5.94604	80.410	16.077
6.03252	80.433	16.073
6.12027	80.456	16.068
6.20929	80.479	16.063
6.29961	80.502	16.058
6.39124	80.525	16.053
6.48420	80.548	16.048
6.57851	80.571	16.042
6.67420	80.594	16.037
6.77128	80.617	16.032
6.86977	80.639	16.026
6.96969	80.662	16.021
7.07107	80.685	16.015
7.17392	80.708	16.010
7.27827	80.731	16.004
7.38413	80.754	15.998
7.49154	80.777	15.992
7.60050	80.800	15.986
7.71105	80.823	15.980
7.82321	80.846	15.974
7.93701	80.869	15.967
8.05245	80.892	15.961
8.16958	80.914	15.955
8.28841	80.937	15.948
8.40896	80.960	15.941
8.53128	80.983	15.935
8.65537	81.006	15.928
8.78126	81.029	15.921
8.90899	81.052	15.914
9.03857	81.075	15.907
9.17004	81.098	15.899
9.30342	81.121	15.892
9.43874	81.144	15.884
9.57603	81.166	15.877
9.71532	81.189	15.869
9.85663	81.212	15.861
10.0000	81.235	15.853
10.1455	81.258	15.845
10.2930	81.281	15.837
10.4427	81.304	15.829
10.5946	81.327	15.821
10.7487	81.350	15.812
10.9051	81.373	15.804
11.0637	81.396	15.795
11.2246	81.418	15.786
11.3879	81.441	15.777
11.5535	81.464	15.768
11.7216	81.487	15.758
11.8921	81.510	15.749
12.0650	81.533	15.739
12.2405	81.556	15.730
12.4186	81.579	15.720
12.5992	81.602	15.710
12.7825	81.625	15.700
12.9684	81.648	15.690
13.1570	81.671	15.679
13.3484	81.693	15.669
13.5426	81.716	15.658
13.7395	81.739	15.647
13.9394	81.762	15.635
14.1421	81.785	15.624
14.3478	81.808	15.612
14.5565	81.831	15.600
14.7683	81.854	15.588
14.9831	81.877	15.576
15.2010	81.900	15.564
15.4221	81.923	15.551
15.6464	81.945	15.538
15.8740	81.968	15.525
16.1049	81.991	15.512
16.3392	82.014	15.499
16.5768	82.037	15.485
16.8179	82.060	15.472
17.0626	82.083	15.458
17.3107	82.106	15.444
17.5625	82.129	15.429
17.8180	82.152	15.415
18.0771	82.175	15.400
18.3401	82.198	15.385
18.6068	82.220	15.370
18.8775	82.243	15.355
19.1521	82.266	15.339
19.4306	82.289	15.323
19.7133	82.312	15.307
20.0000	82.335	15.291
20.2909	82.358	15.274
20.5860	82.381	15.258
20.8855	82.404	15.240
21.1893	82.427	15.223
21.4975	82.450	15.206
21.8102	82.472	15.188
22.1274	82.495	15.170
22.4492	82.518	15.152
22.7758	82.541	15.133
23.1071	82.564	15.114
23.4432	82.587	15.095
23.7841	82.610	15.076
24.1301	82.633	15.056
24.4811	82.656	15.036
24.8372	82.679	15.016
25.1984	82.702	14.995
25.5649	82.724	14.974
25.9368	82.747	14.953
26.3141	82.770	14.932
26.6968	82.793	14.910
27.0851	82.816	14.888
27.4791	82.839	14.866
27.8788	82.862	14.843
28.2843	82.885	14.820
28.6957	82.908	14.796
29.1131	82.931	14.773
29.5365	82.954	14.749
29.9661	82.977	14.724
30.4020	82.999	14.699
30.8442	83.022	14.674
31.2929	83.045	14.649
31.7480	83.068	14.623
32.2098	83.091	14.597
32.6783	83.114	14.570
33.1536	83.137	14.543
33.6359	83.160	14.515
34.1251	83.183	14.488
34.6215	83.206	14.459
35.1250	83.229	14.431
35.6359	83.251	14.402
36.1543	83.274	14.372
36.6802	83.297	14.342
37.2137	83.320	14.312
37.7550	83.343	14.281
38.3041	83.366	14.250
38.8613	83.389	14.218
39.4265	83.412	14.186
40.0000	83.435	14.153
40.5818	83.458	14.120
41.1721	83.481	14.087
41.7710	83.504	14.053
42.3785	83.526	14.018
42.9949	83.549	13.983
43.6203	83.572	13.947
44.2548	83.595	13.911
44.8985	83.618	13.875
45.5515	83.641	13.838
46.2141	83.664	13.800
46.8863	83.687	13.762
47.5683	83.710	13.723
48.2602	83.733	13.683
48.9621	83.756	13.643
49.6743	83.778	13.603
50.3968	83.801	13.562
51.1299	83.824	13.520
51.8736	83.847	13.478
52.6281	83.870	13.435
53.3936	83.893	13.391
54.1702	83.916	13.347
54.9581	83.939	13.302
55.7575	83.962	13.257
56.5685	83.985	13.210
57.3914	84.008	13.164
58.2261	84.030	13.116
59.0730	84.053	13.068
59.9323	84.076	13.019
60.8040	84.099	12.969
61.6884	84.122	12.919
62.5857	84.145	12.868
63.4960	84.168	12.816
64.4196	84.191	12.763
65.3566	84.214	12.710
66.3073	84.237	12.656
67.2717	84.260	12.601
68.2502	84.283	12.545
69.2429	84.305	12.489
70.2501	84.328	12.431
71.2719	84.351	12.373
72.3086	84.374	12.314
73.3603	84.397	12.254
74.4274	84.420	12.193
75.5099	84.443	12.132
76.6083	84.466	12.069
77.7226	84.489	12.005
78.8531	84.512	11.941
80.0000	84.535	11.876
81.1636	84.557	11.809
82.3442	84.580	11.742
83.5419	84.603	11.674
84.7570	84.626	11.604
85.9899	84.649	11.534
87.2406	84.672	11.463
88.5096	84.695	11.390
89.7970	84.718	11.317
91.1031	84.741	11.242
92.4282	84.764	11.167
93.7726	84.787	11.090
95.1366	84.810	11.012
96.5204	84.832	10.933
97.9243	84.855	10.853
99.3486	84.878	10.772
100.794	84.901	10.690
102.260	84.924	10.606
103.747	84.947	10.521
105.256	84.970	10.435
106.787	84.993	10.348
108.340	85.016	10.259
109.916	85.039	10.169
111.515	85.062	10.078
113.137	85.084	9.986
114.783	85.107	9.892
116.452	85.130	9.796
118.146	85.153	9.700
119.865	85.176	9.602
121.608	85.199	9.502
123.377	85.222	9.402
125.171	85.245	9.299
126.992	85.268	9.196
128.839	85.291	9.090
130.713	85.314	8.984
132.615	85.336	8.876
134.543	85.359	8.766
136.500	85.382	8.654
138.486	85.405	8.542
140.500	85.428	8.427
142.544	85.451	8.311
144.617	85.474	8.194
146.721	85.497	8.075
148.855	85.520	7.954
151.020	85.543	7.832
153.217	85.566	7.708
155.445	85.589	7.582
157.706	85.611	7.455
160.000	85.634	7.327
162.327	85.657	7.196
164.688	85.680	7.065
167.084	85.703	6.932
169.514	85.726	6.797
171.980	85.749	6.662
174.481	85.772	6.525
177.019	85.795	6.387
179.594	85.818	6.249
182.206	85.841	6.110
184.856	85.863	5.970
187.545	85.886	5.832
190.273	85.909	5.694
193.041	85.932	5.557
195.849	85.955	5.425
198.697	85.978	5.297
201.587	86.001	5.178
204.520	86.024	5.076
207.494	86.049	5.000
210.512	86.079	4.956
213.574	86.121	4.925
216.681	86.179	4.855
219.833	86.248	4.695
223.030	86.327	4.410
226.274	86.411	3.983
229.565	86.487	3.445
232.905	86.545	2.847
236.292	86.575	2.248
239.729	86.571	1.687
243.216	86.543	1.206
246.754	86.500	0.829
250.343	86.458	0.555
253.984	86.433	0.370
257.678	86.428	0.241
261.426	86.441	0.119
265.229	86.466	-0.020
269.087	86.499	-0.190
273.001	86.537	-0.395
276.972	86.575	-0.632
281.000	86.611	-0.905
285.088	86.649	-1.225
289.234	86.687	-1.596
293.441	86.724	-2.017
297.709	86.751	-2.477
302.040	86.760	-2.932
306.433	86.753	-3.340
310.890	86.732	-3.682
315.412	86.706	-3.947
320.000	86.688	-4.149
324.655	86.685	-4.346
329.377	86.694	-4.573
334.168	86.713	-4.852
339.028	86.740	-5.190
343.959	86.769	-5.574
348.962	86.801	-5.986
354.038	86.831	-6.414
359.188	86.857	-6.837
364.412	86.871	-7.238
369.713	86.875	-7.596
375.090	86.880	-7.911
380.546	86.892	-8.224
386.081	86.924	-8.588
391.697	86.964	-9.053
397.394	86.992	-9.641
403.175	86.997	-10.294
409.039	86.966	-10.954
414.989	86.909	-11.570
421.025	86.851	-12.093
427.149	86.804	-12.537
433.362	86.781	-12.941
439.665	86.779	-13.322
446.060	86.786	-13.701
452.548	86.793	-14.078
459.131	86.790	-14.455
465.809	86.775	-14.823
472.584	86.750	-15.176
479.458	86.713	-15.517
486.432	86.671	-15.842
493.507	86.629	-16.154
500.686	86.583	-16.465
507.968	86.539	-16.775
515.357	86.493	-17.086
522.853	86.448	-17.395
530.458	86.406	-17.701
538.174	86.369	-17.999
546.002	86.341	-18.290
553.943	86.322	-18.581
562.001	86.311	-18.883
570.175	86.307	-19.213
578.469	86.305	-19.594
586.883	86.301	-20.044
595.419	86.289	-20.581
604.080	86.258	-21.184
612.866	86.203	-21.824
621.780	86.110	-22.411
630.824	85.993	-22.849
640.000	85.857	-23.067
649.309	85.718	-23.003
658.753	85.609	-22.705
668.335	85.529	-22.274
678.056	85.480	-21.788
687.919	85.463	-21.342
697.925	85.456	-20.954
708.077	85.456	-20.591
718.376	85.462	-20.214
728.825	85.477	-19.787
739.426	85.520	-19.331
750.181	85.594	-18.927
761.093	85.697	-18.648
772.163	85.826	-18.565
783.394	85.963	-18.708
794.789	86.090	-19.033
806.349	86.207	-19.482
818.078	86.308	-19.997
829.977	86.400	-20.535
842.050	86.488	-21.080
854.298	86.574	-21.625
866.724	86.660	-22.170
879.330	86.745	-22.716
892.120	86.831	-23.261
905.097	86.917	-23.806
918.262	87.003	-24.351
931.618	87.089	-24.897
945.169	87.176	-25.443
958.917	87.264	-25.996
972.864	87.356	-26.561
987.015	87.456	-27.162
1001.37	87.565	-27.825
1015.94	87.687	-28.600
1030.71	87.816	-29.516
1045.71	87.940	-30.562
1060.92	88.047	-31.729
1076.35	88.129	-32.980
1092.00	88.180	-34.269
1107.89	88.205	-35.580
1124.00	88.219	-36.908
1140.35	88.229	-38.270
1156.94	88.246	-39.686
1173.77	88.262	-41.185
1190.84	88.261	-42.722
1208.16	88.243	-44.241
1225.73	88.201	-45.690
1243.56	88.141	-47.000
1261.65	88.086	-48.172
1280.00	88.041	-49.265
1298.62	88.011	-50.331
1317.51	87.990	-51.431
1336.67	87.965	-52.551
1356.11	87.933	-53.639
1375.84	87.902	-54.650
1395.85	87.888	-55.570
1416.15	87.914	-56.488
1436.75	87.983	-57.561
1457.65	88.078	-58.915
1478.85	88.168	-60.606
1500.36	88.220	-62.564
1522.19	88.217	-64.645
1544.33	88.162	-66.684
1566.79	88.081	-68.578
1589.58	88.004	-70.338
1612.70	87.941	-72.046
1636.16	87.894	-73.805
1659.95	87.849	-75.689
1684.10	87.782	-77.672
1708.60	87.695	-79.701
1733.45	87.584	-81.724
1758.66	87.462	-83.703
1784.24	87.341	-85.663
1810.19	87.218	-87.648
1836.52	87.091	-89.690
1863.24	86.948	-91.792
1890.34	86.778	-93.915
1917.83	86.590	-96.018
1945.73	86.378	-98.073
1974.03	86.155	-100.053
2002.74	85.921	-101.951
2031.87	85.682	-103.780
2061.43	85.438	-105.529
2091.41	85.197	-107.213
2121.83	84.972	-108.891
2152.69	84.754	-110.641
2184.01	84.535	-112.506
2215.77	84.301	-114.506
2248.00	84.032	-116.590
2280.70	83.726	-118.702
2313.87	83.378	-120.762
2347.53	82.998	-122.691
2381.68	82.595	-124.485
2416.32	82.170	-126.125
2451.46	81.723	-127.576
2487.12	81.271	-128.831
2523.30	80.818	-129.935
2560.00	80.368	-130.928
2597.24	79.915	-131.910
2635.01	79.414	-132.814
2673.34	78.868	-133.494
2712.23	78.264	-133.822
2751.68	77.601	-133.421
2791.70	76.982	-132.099
2832.31	76.462	-130.077
2873.50	76.062	-127.560
2915.30	75.821	-124.994
2957.70	75.692	-122.741
3000.72	75.632	-120.859
3044.37	75.621	-119.285
3088.65	75.658	-117.981
3133.58	75.750	-116.985
3179.16	75.896	-116.416
3225.40	76.083	-116.372
3272.31	76.293	-116.945
3319.91	76.489	-118.139
3368.20	76.656	-119.897
3417.19	76.781	-122.209
3466.89	76.831	-125.001
3517.32	76.789	-128.121
3568.48	76.639	-131.429
3620.39	76.368	-134.739
3673.05	75.988	-137.835
3726.47	75.532	-140.563
3780.67	75.040	-142.884
3835.67	74.541	-144.856
3891.46	74.044	-146.579
3948.06	73.555	-148.172
4005.49	73.062	-149.749
4063.75	72.543	-151.323
4122.86	71.995	-152.944
4182.82	71.358	-154.473
4243.66	70.636	-155.666
4305.39	69.841	-156.408
4368.01	68.955	-156.335
4431.55	68.079	-155.153
4496.01	67.304	-153.065
4561.40	66.642	-150.236
4627.75	66.178	-147.191
4695.06	65.877	-144.613
4763.35	65.686	-143.007
4832.64	65.503	-142.588
4902.93	65.193	-143.353
4974.24	64.588	-144.570
5046.60	63.637	-145.307
5120.00	62.374	-144.548
5194.47	60.932	-140.491
5270.03	59.641	-131.539
5346.68	58.902	-118.393
5424.45	58.873	-104.697
5503.35	59.379	-94.097
5583.40	60.125	-86.459
5664.61	60.961	-80.863
5747.01	61.813	-76.227
5830.60	62.735	-72.225
5915.41	63.799	-69.018
6001.45	65.014	-67.253
6088.74	66.362	-67.476
6177.30	67.711	-69.969
6267.15	68.882	-74.410
6358.31	69.818	-80.251
6450.80	70.452	-87.054
6544.62	70.749	-94.518
6639.82	70.699	-101.901
6736.40	70.358	-108.910
6834.38	69.762	-115.257
6933.79	68.902	-120.542
7034.64	67.863	-124.395
7136.96	66.693	-126.361
7240.77	65.457	-125.846
7346.09	64.418	-122.204
7452.94	63.722	-115.505
7561.35	63.653	-107.256
7671.33	64.185	-100.757
7782.91	65.038	-97.499
7896.12	65.982	-97.199
8010.97	66.800	-99.085
8127.49	67.405	-102.293
8245.71	67.793	-106.161
8365.65	67.968	-110.260
8487.33	67.999	-114.200
8610.78	67.929	-117.885
8736.03	67.809	-121.253
8863.09	67.680	-124.369
8992.01	67.570	-127.365
9122.80	67.479	-130.496
9255.50	67.386	-133.949
9390.12	67.249	-137.805
9526.70	67.030	-142.090
9665.27	66.642	-146.634
9805.86	66.029	-150.995
9948.49	65.186	-154.808
10093.2	64.120	-157.689
10240.0	62.892	-158.777
10388.9	61.709	-157.459
10540.1	60.787	-153.875
10693.4	60.249	-148.772
10848.9	60.129	-143.896
11006.7	60.314	-140.737
11166.8	60.572	-139.398
11329.2	60.778	-139.303
11494.0	60.893	-139.769
11661.2	60.950	-140.373
11830.8	61.028	-141.016
12002.9	61.184	-141.975
12177.5	61.416	-143.652
12354.6	61.673	-146.351
12534.3	61.889	-150.223
12716.6	61.973	-155.117
12901.6	61.874	-160.985
13089.2	61.429	-167.184
13279.6	60.634	-173.173
13472.8	59.448	-178.304
13668.8	57.889	178.365
13867.6	56.207	178.121
14069.3	54.702	-178.134
14273.9	53.690	-171.289
14481.5	53.317	-164.680
14692.2	53.222	-160.274
14905.9	53.228	-158.211
15122.7	53.112	-157.443
15342.7	52.898	-157.159
15565.8	52.620	-156.520
15792.2	52.408	-155.329
16021.9	52.328	-153.853
16255.0	52.306	-152.239
16491.4	52.324	-150.642
16731.3	52.342	-149.044
16974.7	52.360	-147.447
17221.6	52.384	-145.835
17472.1	52.449	-144.262
17726.2	52.589	-142.990
17984.0	52.866	-142.505
18245.6	53.208	-143.371
18511.0	53.495	-145.694
18780.2	53.602	-148.917
19053.4	53.459	-152.591
19330.5	53.037	-156.174
19611.7	52.396	-158.829
19897.0	51.694	-160.201
20186.4	51.071	-160.412
20480.0	50.556	-159.824
20777.9	50.194	-158.985
21080.1	49.910	-158.314
21386.7	49.668	-157.872
21697.8	49.438	-157.630
22013.4	49.207	-157.503
22333.6	48.976	-157.440
22658.4	48.745	-157.419
22988.0	48.515	-157.427
23322.4	48.284	-157.454
23661.6	48.053	-157.497
24005.8	47.823	-157.550
24355.0	47.592	-157.612
24709.2	47.361	-157.680
25068.6	47.130	-157.753
25433.2	46.900	-157.829
25803.2	46.669	-157.909
26178.5	46.438	-157.990
26559.3	46.208	-158.073
26945.6	45.977	-158.157
27337.5	45.746	-158.242
27735.2	45.515	-158.327
28138.6	45.285	-158.413
28547.9	45.054	-158.499
28963.1	44.823	-158.584
29384.4	44.592	-158.670
29811.8	44.362	-158.755
30245.4	44.131	-158.839
30685.3	43.900	-158.923
31131.7	43.670	-159.007
31584.5	43.439	-159.090
32043.9	43.208	-159.172
32510.0	42.977	-159.254
32982.8	42.747	-159.334
33462.6	42.516	-159.414
33949.3	42.285	-159.494
34443.1	42.055	-159.572
34944.1	41.824	-159.650
35452.4	41.593	-159.726
35968.0	41.362	-159.802
36491.2	41.132	-159.878
37022.0	40.901	-159.952
37560.5	40.670	-160.026
38106.8	40.461	-160.093
38661.1	40.271	-160.154
39223.4	40.129	-160.200
39793.9	40.020	-160.236
