499.47104	43.92	-85.5
507.84232	44.38	-85.3
516.35388	44.98	-85.3
525.00806	45.61	-85.3
533.80737	46.25	-85.5
542.75409	46.89	-85.7
551.85077	47.52	-86.1
561.09991	48.14	-86.6
570.50409	48.75	-87.1
580.06592	49.34	-87.9
589.78796	49.93	-88.6
599.67291	50.49	-89.3
609.72357	51.06	-90.2
619.94275	51.61	-91.1
630.33313	52.14	-92
640.89764	52.67	-92.9
651.63922	53.18	-93.9
662.56085	53.68	-94.7
673.66559	54.17	-95.7
684.95636	54.66	-96.7
696.4364	55.14	-97.6
708.10883	55.63	-98.5
719.97693	56.1	-99.4
732.04388	56.58	-100.3
744.31317	57.05	-101.2
756.78802	57.52	-102.2
769.47198	58	-103.1
782.36853	58.47	-104.1
795.4812	58.95	-105.2
808.81366	59.43	-106.3
822.36957	59.9	-107.5
836.15271	60.36	-108.7
850.16681	60.81	-110
864.41583	61.26	-111.5
878.90363	61.69	-112.9
893.63428	62.1	-114.5
908.61182	62.49	-115.9
923.84033	62.86	-117.4
939.32416	63.22	-119
955.06744	63.54	-120.3
971.07465	63.85	-121.6
987.3501	64.13	-122.7
1003.8983	64.41	-123.7
1020.7239	64.68	-124.4
1037.8315	64.96	-124.9
1055.2258	65.24	-125.2
1072.9116	65.55	-125.2
1090.8939	65.89	-125
1109.1775	66.27	-124.8
1127.7676	66.69	-124.5
1146.6693	67.15	-124.2
1165.8877	67.66	-124.1
1185.4283	68.18	-124.1
1205.2964	68.73	-124.3
1225.4974	69.28	-124.6
1246.0371	69.84	-125.1
1266.9209	70.41	-125.6
1288.1549	70.98	-126.3
1309.7446	71.55	-127
1331.6963	72.14	-127.8
1354.0157	72.74	-128.6
1376.7095	73.36	-129.7
1399.7834	73.98	-131
1423.2441	74.62	-132.5
1447.0981	75.25	-134.3
1471.3518	75.85	-136.3
1496.012	76.42	-138.5
1521.0856	76.96	-140.8
1546.5793	77.45	-143.2
1572.5004	77.92	-145.6
1598.856	78.38	-147.7
1625.6531	78.83	-149.7
1652.8994	79.3	-151.7
1680.6024	79.81	-153.8
1708.7697	80.35	-156.2
1737.4091	80.87	-158.9
1766.5284	81.37	-162.1
1796.136	81.82	-165.6
1826.2397	82.17	-169.3
1856.8479	82.44	-172.8
1887.9691	82.65	-176.1
1919.6121	82.83	-179
1951.7852	83.02	178.8
1984.4976	83.24	176.5
2017.7582	83.5	174.2
2051.5764	83.76	171.7
2085.9612	84	168.9
2120.9224	84.15	166.1
2156.4695	84.25	163.6
2192.6125	84.32	161.7
2229.3613	84.42	160.2
2266.7258	84.59	159.1
2304.7168	84.85	157.9
2343.3445	85.12	156.2
2382.6194	85.37	154.2
2422.5527	85.58	152.1
2463.1553	85.75	150.2
2504.4385	85.94	148.5
2546.4133	86.15	146.6
2589.0918	86.35	144.3
2632.4858	86.45	141.6
2676.6069	86.39	139.1
2721.4673	86.19	137.7
2767.0798	85.8	138.2
2813.4568	85.64	139.3
2860.6111	85.51	142.1
2908.5557	85.66	146.2
2957.3037	86.17	149.8
3006.8689	86.91	151.5
3057.2646	87.67	151
3108.5051	88.33	148.7
3160.6045	88.85	145.4
3213.5769	89.24	141.5
3267.4375	89.51	137
3322.2004	89.62	132.4
3377.8813	89.57	128.5
3434.4954	89.45	125.9
3492.0583	89.41	124.9
3550.5862	89.63	124.6
3610.095	90.06	123.4
3670.6008	90.49	120.8
3732.1211	90.75	117.3
3794.6724	90.82	114.1
3858.272	90.8	111.5
3922.9375	90.75	109.3
3988.687	90.65	107.4
4055.5383	90.5	106.2
4123.5103	90.44	106
4192.6211	90.62	105.8
4262.8906	90.94	104.3
4334.3379	91.17	101.4
4406.9824	91.28	98.4
4480.8442	91.35	95.3
4555.9443	91.33	91.7
4632.3032	91.02	88.1
4709.9419	90.45	86.7
4788.8813	89.99	88
4869.1445	89.85	90.1
4950.7524	89.79	91.9
5033.728	89.83	94.8
5118.0947	90.31	97.6
5203.875	90.97	97.6
5291.0933	91.43	96.3
5379.7734	91.9	95.7
5469.9399	92.59	94.1
5561.6172	93.19	90.5
5654.8315	93.64	86.2
5749.6079	93.96	80.8
5845.9727	93.9	74.6
5943.9526	93.47	70.3
6043.5747	93.12	68.1
6144.8662	92.82	65.8
6247.856	92.37	64.8
6352.5713	92.16	66
6459.042	92.31	66.9
6567.2974	92.61	66.8
6677.3667	93.02	65
6789.2808	93.21	61.4
6903.0708	93.12	58.1
7018.7681	92.96	55.7
7136.4043	92.79	53.8
7256.0122	92.61	52.2
7377.625	92.42	51.3
7501.2759	92.29	51.2
7626.999	92.3	51.8
7754.8291	92.45	52.4
7884.8022	92.85	52.7
8016.9531	93.39	50
8151.3193	93.57	45.2
8287.9375	93.48	41.3
8426.8457	93.29	37.8
8568.0811	93.04	35.9
8711.6846	92.98	34.1
8857.6943	92.78	31.3
9006.1514	92.34	29.9
9157.0967	92.07	30.7
9310.5723	92.13	31.3
9466.6191	92.44	30.8
9625.2822	92.81	27.6
9786.6045	92.86	22.9
9950.6309	92.59	17.8
10117.405	91.89	14.3
10286.976	91.23	14.5
10459.388	90.98	16
10634.69	91.11	16.5
10812.93	91.25	14
10994.157	91.03	10.4
11178.422	90.45	7.6
11365.775	89.7	8.4
11556.268	89.52	12.3
11749.954	89.9	14.2
11946.886	90.4	13.2
12147.119	90.62	10.1
12350.708	90.64	7.1
12557.708	90.51	5.2
12768.179	90.61	3.6
12982.177	90.55	0.9
13199.761	90.6	-0.8
13420.992	90.77	-3.9
13645.931	90.86	-8.9
13874.641	90.61	-14.2
14107.183	89.98	-18.7
14343.623	89.44	-19.8
14584.025	89.32	-21
14828.457	89.26	-24.8
15076.986	88.9	-29.6
15329.68	88.15	-33.5
15586.609	87.53	-34.5
15847.844	87.27	-35
16113.458	87.18	-37.8
16383.524	86.85	-43.4
16658.115	85.96	-47.2
16937.311	85.15	-46.8
17221.184	84.99	-46.4
17509.814	84.86	-49.7
17803.283	84.29	-53.3
18101.67	83.71	-55
18405.059	83.39	-56.8
18713.531	83.27	-59.7
19027.176	83.08	-65
19346.076	82.46	-71.8
19670.32	81.57	-75.6
20000	81.27	-76.3
