1.0000	122.6200	-87.9000
3.0000	77.6500	17.6000
3.0412	77.0900	14.4000
3.0831	76.5300	11.2000
3.1255	75.9600	8.1000
3.1684	75.4000	4.9000
3.2120	74.8400	1.7000
3.2562	74.2800	-1.5000
3.3010	73.7100	-4.7000
3.3464	73.1500	-7.8000
3.3924	72.5900	-11.0000
3.4390	72.0300	-14.2000
3.4863	71.4600	-17.4000
3.5343	70.9000	-20.6000
3.5829	70.3400	-23.7000
3.6321	69.7800	-26.9000
3.6821	69.2100	-30.1000
3.7327	68.6500	-33.3000
3.7841	68.0900	-36.5000
3.8361	67.5300	-39.6000
3.8888	66.9600	-42.8000
3.9423	66.4000	-46.0000
3.9965	65.8400	-49.2000
4.0515	65.2800	-52.4000
4.1072	64.7100	-55.6000
4.1637	64.1500	-58.7000
4.2209	63.5900	-61.9000
4.2790	63.0300	-65.1000
4.3378	62.4700	-68.3000
4.3975	61.9100	-71.6000
4.4580	61.3600	-74.9000
4.5193	60.8200	-78.4000
4.5814	60.2800	-81.8000
4.6444	59.7400	-85.2000
4.7083	59.2000	-88.6000
4.7730	58.6600	-92.0000
4.8387	58.1200	-95.4000
4.9052	57.5700	-98.7000
4.9726	57.0200	-102.0000
5.0410	56.4700	-105.3000
5.1104	55.9100	-108.5000
5.1806	55.3500	-111.7000
5.2519	54.7900	-114.9000
5.3241	54.2200	-118.0000
5.3973	53.6500	-121.1000
5.4715	53.0700	-124.1000
5.5468	52.4900	-127.0000
5.6230	51.9000	-129.9000
5.7004	51.3000	-132.8000
5.7787	50.7000	-135.5000
5.8582	50.0700	-138.1000
5.9388	49.4000	-140.6000
6.0204	48.6800	-142.9000
6.1032	47.9100	-145.0000
6.1872	47.0800	-147.0000
6.2722	46.2100	-148.8000
6.3585	45.3300	-150.6000
6.4459	44.4400	-152.3000
6.5346	43.5600	-154.1000
6.6244	42.7200	-156.0000
6.7155	41.9200	-157.9000
6.8079	41.1800	-160.0000
6.9015	40.5400	-162.3000
6.9964	39.9900	-164.9000
7.0926	39.5400	-167.8000
7.1902	39.2900	-171.7000
7.2890	39.1900	-164.6000
7.3893	39.3900	136.8000
7.4909	39.8500	173.4000
7.5939	40.6700	162.7000
7.6983	41.7600	151.0000
7.8042	43.0100	137.7000
7.9115	44.3800	123.0000
8.0203	45.7900	107.4000
8.1306	47.1600	91.3000
8.2424	48.4400	75.1000
8.3557	49.5800	59.1000
8.4706	50.5300	43.8000
8.5871	51.2100	29.5000
8.7052	51.6200	16.4000
8.8249	51.7700	4.2000
8.9463	51.7400	-7.7000
9.0693	51.5500	-19.5000
9.1940	51.2500	-31.5000
9.3204	50.8900	-43.3000
9.4486	50.4900	-54.6000
9.5785	50.0800	-65.1000
9.7103	49.6800	-74.4000
9.8438	49.3300	-82.1000
9.9792	49.0400	-88.1000
10.1164	48.8500	-91.2000
10.2555	48.8200	-91.3000
10.3965	48.9000	-87.4000
10.5395	49.1300	-78.8000
10.6845	49.4900	-66.3000
10.8314	49.9400	-50.8000
10.9803	50.4500	-33.9000
11.1313	50.9700	-17.4000
11.2844	51.5000	-2.7000
11.4396	51.9800	9.4000
11.5969	52.4100	16.0000
11.7563	52.8000	17.9000
11.9180	53.1600	14.0000
12.0819	53.5100	6.1000
12.2481	53.8500	-5.6000
12.4165	54.1700	-19.1000
12.5872	54.4500	-32.6000
12.7603	54.6700	-44.5000
12.9358	54.8100	-53.7000
13.1137	54.7900	-59.5000
13.2940	54.6200	-61.5000
13.4768	54.1200	-62.0000
13.6622	53.3300	-61.3000
13.8500	52.3400	-60.4000
14.0405	51.2600	-59.3000
14.2336	50.2200	-58.4000
14.4293	49.5000	-58.3000
14.6277	49.2700	-58.5000
14.8289	49.5600	-61.0000
15.0328	50.3200	-65.8000
15.2395	51.4400	-73.0000
15.4491	52.6500	-82.6000
15.6615	53.7000	-93.5000
15.8769	54.4500	-105.8000
16.0952	54.9300	-119.5000
16.3166	55.1500	-135.5000
16.5409	55.2200	-157.1000
16.7684	55.2500	-166.1000
16.9990	55.2800	111.1000
17.2328	55.3300	143.5000
17.4697	55.4400	117.1000
17.7100	55.7300	96.2000
17.9535	56.2200	76.2000
18.2004	56.9100	57.0000
18.4507	57.6700	38.5000
18.7044	58.3300	21.2000
18.9616	58.8300	5.4000
19.2224	59.1900	-8.9000
19.4867	59.4400	-21.8000
19.7547	59.6200	-33.7000
20.0263	59.7500	-45.0000
20.3017	59.8200	-56.3000
20.5809	59.8000	-67.7000
20.8639	59.7000	-79.4000
21.1508	59.4700	-91.1000
21.4417	59.1400	-102.1000
21.7366	58.6500	-112.2000
22.0355	57.9100	-121.0000
22.3385	56.7600	-128.7000
22.6457	55.2200	-135.4000
22.9571	53.4300	-141.0000
23.2728	52.1000	-145.5000
23.5928	51.8300	-148.8000
23.9172	52.3400	-151.3000
24.2462	53.2600	-153.5000
24.5796	54.0800	-158.1000
24.9176	54.5900	-161.7000
25.2602	54.8100	115.0000
25.6076	54.8300	165.5000
25.9597	54.8100	135.7000
26.3167	54.7200	106.7000
26.6786	54.5300	76.2000
27.0455	54.2100	45.6000
27.4174	53.7500	15.9000
27.7944	53.1500	-9.8000
28.1767	52.4100	-31.4000
28.5641	51.5600	-49.1000
28.9569	50.8500	-63.7000
29.3551	50.7100	-75.6000
29.7588	50.9800	-85.6000
30.1680	51.5600	-95.0000
30.5829	51.6500	-107.3000
31.0035	51.3700	-123.8000
31.4298	50.1600	-146.0000
31.8620	48.6100	-156.0000
32.3002	47.7300	-158.1000
32.7443	48.0400	-133.1000
33.1946	48.9800	-101.5000
33.6511	50.5200	-82.6000
34.1138	52.0200	-79.1000
34.5830	53.2400	-88.9000
35.0585	54.0900	-106.4000
35.5406	54.5800	-121.7000
36.0294	54.7900	-133.7000
36.5248	54.8200	-145.1000
37.0271	54.7300	-156.4000
37.5363	54.4600	-167.1000
38.0525	54.0100	-175.4000
38.5757	53.4400	-174.9000
39.1062	52.8700	122.5000
39.6440	52.8800	173.5000
40.1891	53.1600	167.3000
40.7418	53.7300	159.4000
41.3021	54.0100	149.5000
41.8700	54.0700	137.6000
42.4458	53.8300	123.6000
43.0295	53.3000	108.2000
43.6212	52.2900	92.8000
44.2211	50.5200	79.1000
44.8292	47.7100	70.4000
45.4457	45.7000	69.7000
46.0706	44.8100	73.0000
46.7041	45.9100	71.1000
47.3464	46.2100	60.1000
47.9975	46.1800	28.6000
48.6575	45.1300	-12.7000
49.3266	44.3900	-53.3000
50.0050	44.1900	-89.5000
50.6926	45.6900	-118.8000
51.3897	47.4300	-147.7000
52.0964	48.9800	-121.2000
52.8128	50.0900	164.2000
53.5391	51.0900	164.0000
54.2753	52.1800	148.1000
55.0217	53.4100	134.0000
55.7783	54.4900	116.3000
56.5453	54.8500	95.7000
57.3229	54.9100	72.8000
58.1112	54.1100	49.1000
58.9103	52.6500	28.5000
59.7204	50.4600	13.4000
60.5416	47.7200	5.2000
61.3742	44.8100	0.7000
62.2182	41.9600	-0.7000
63.0738	39.3700	3.6000
63.9411	36.9800	11.8000
64.8204	35.3300	20.8000
65.7118	34.4600	26.9000
66.6154	34.5900	27.6000
67.5315	34.5900	27.6000
68.4602	33.9800	27.4000
69.4016	33.0700	31.0000
70.3560	32.2600	38.4000
71.3235	31.8200	51.8000
72.3043	32.7500	82.1000
73.2986	35.0800	116.8000
74.3065	38.6400	137.5000
75.3284	41.3600	138.4000
76.3642	43.5400	131.8000
77.4144	45.2400	115.7000
78.4789	46.5200	101.3000
79.5581	47.5800	87.9000
80.6522	48.5000	74.3000
81.7613	49.2800	59.9000
82.8856	49.5000	44.1000
84.0254	49.4600	28.9000
85.1809	48.9400	15.4000
86.3522	48.4200	4.0000
87.5397	47.8900	-6.8000
88.7435	47.3700	-17.5000
89.9639	46.8500	-28.5000
91.2010	46.3700	-39.9000
92.4552	45.8400	-51.5000
93.7266	45.0200	-63.1000
95.0154	44.0800	-73.3000
96.3221	43.2100	-82.9000
97.6466	42.5700	-93.1000
98.9894	41.6300	-106.4000
100.3507	40.2800	-118.0000
101.7306	38.3500	-125.3000
103.1296	35.6300	-124.1000
104.5478	33.6800	-119.5000
105.9855	32.7900	-107.6000
107.4429	34.8100	-93.3000
108.9204	36.8600	-84.3000
110.4183	38.2900	-80.3000
111.9367	39.3400	-79.5000
113.4760	40.9700	-80.3000
115.0364	43.1800	-84.2000
116.6184	45.5300	-94.6000
118.2220	47.0500	-108.9000
119.8478	47.5600	-125.2000
121.4959	47.4600	-140.7000
123.1666	47.0000	-152.1000
124.8603	46.3900	-162.4000
126.5773	45.9100	-171.4000
128.3180	45.2700	72.5000
130.0825	44.3500	178.0000
131.8714	43.1700	176.6000
133.6848	42.1100	-99.6000
135.5232	42.0600	-172.5000
137.3868	42.6600	-164.5000
139.2761	43.7800	-161.2000
141.1913	44.7800	-162.2000
143.1329	45.4500	-166.5000
145.1012	45.8000	-172.5000
147.0966	45.7500	-177.4000
149.1194	45.6100	-139.9000
151.1700	45.4300	167.7000
153.2488	45.3300	178.9000
155.3562	45.3300	114.7000
157.4926	45.5300	-175.9000
159.6584	46.1300	-174.9000
161.8539	47.0000	-173.5000
164.0797	47.9800	-173.3000
166.3360	48.8400	-175.7000
168.6234	49.4800	-51.0000
170.9422	49.9500	178.9000
173.2929	50.3200	175.0000
175.6760	50.6400	171.0000
178.0918	50.9400	167.0000
180.5408	51.2000	163.2000
183.0235	51.3600	159.7000
185.5403	51.4600	156.5000
188.0918	51.5000	153.4000
190.6784	51.5800	150.0000
193.3005	51.6000	146.4000
195.9587	51.5300	142.6000
198.6534	51.2700	139.3000
201.3852	50.9000	137.1000
204.1545	50.5200	136.1000
206.9619	50.2300	136.2000
209.8080	50.0700	136.5000
212.6932	50.0100	136.7000
215.6180	50.0700	135.9000
218.5831	50.0500	134.6000
221.5889	49.9300	132.8000
224.6361	49.6100	131.4000
227.7252	49.2400	130.7000
230.8568	48.8500	130.6000
234.0314	48.4800	131.1000
237.2497	48.0400	131.5000
240.5122	47.4600	132.4000
243.8196	46.6800	135.1000
247.1725	45.7200	141.5000
250.5715	45.4900	150.9000
254.0172	45.4900	161.7000
257.5104	46.5900	171.0000
261.0515	47.9400	176.7000
264.6414	49.2100	178.9000
268.2806	50.1800	178.9000
271.9699	50.8900	178.0000
275.7098	51.4000	176.1000
279.5013	51.7700	174.4000
283.3448	52.0100	173.7000
287.2412	52.2400	173.6000
291.1913	52.5100	174.5000
295.1956	52.8900	175.5000
299.2550	53.3200	176.4000
303.3702	53.7500	177.2000
307.5420	54.2100	178.7000
311.7711	54.8300	67.3000
316.0584	55.6400	-178.7000
320.4047	56.5900	-179.0000
324.8108	57.4700	-34.7000
329.2774	58.1700	176.3000
333.8055	58.6400	171.4000
338.3958	58.9000	166.9000
343.0493	59.0500	163.1000
347.7667	59.1400	159.8000
352.5490	59.1400	156.6000
357.3971	59.1100	153.8000
362.3118	58.9700	151.1000
367.2942	58.7700	148.7000
372.3450	58.4600	146.6000
377.4653	58.0000	145.3000
382.6561	57.3800	145.5000
387.9182	56.6800	147.1000
393.2526	56.0900	152.0000
398.6604	55.8100	159.1000
404.1426	56.0200	166.7000
409.7002	56.8000	173.5000
415.3342	57.9300	178.7000
421.0457	59.0700	-7.9000
426.8357	60.0700	-141.9000
432.7053	60.8400	165.2000
438.6557	61.3500	175.0000
444.6878	61.6800	172.1000
450.8030	61.9000	170.2000
457.0022	62.1400	169.2000
463.2867	62.4000	168.3000
469.6575	62.7000	167.4000
476.1160	62.9900	166.0000
482.6634	63.2000	164.4000
489.3007	63.3300	162.9000
496.0293	63.4000	161.7000
502.8505	63.4000	160.8000
509.7654	63.3900	160.3000
516.7755	63.3200	160.3000
523.8819	63.2500	161.0000
531.0861	63.2200	162.5000
538.3893	63.2800	164.7000
545.7930	63.4500	167.1000
553.2985	63.7500	169.7000
560.9072	64.1900	172.3000
568.6205	64.7400	174.4000
576.4399	65.3800	175.9000
584.3668	66.0800	176.6000
592.4027	66.8300	176.4000
600.5491	67.5600	175.4000
608.8076	68.1700	172.9000
617.1796	68.6000	169.4000
625.6668	68.7500	166.3000
634.2706	68.8200	164.1000
642.9928	68.8600	163.0000
651.8349	69.0000	162.4000
660.7986	69.2200	161.8000
669.8856	69.4500	160.5000
679.0976	69.5500	158.7000
688.4362	69.5500	156.8000
697.9032	69.3400	155.6000
707.5004	68.9600	156.3000
717.2296	68.7400	158.7000
727.0926	68.6600	163.7000
737.0912	69.2000	169.0000
747.2274	70.0400	172.5000
757.5029	71.0500	173.8000
767.9197	72.0000	172.7000
778.4797	72.7600	170.2000
789.1850	73.2500	166.1000
800.0375	73.4900	161.7000
811.0392	73.4500	158.1000
822.1922	73.3200	156.0000
833.4986	73.0700	154.9000
844.9605	72.8300	155.7000
856.5800	72.7800	157.5000
868.3592	72.8900	160.3000
880.3005	73.2400	162.8000
892.4059	73.7200	164.6000
904.6779	74.2700	165.7000
917.1185	74.9200	166.2000
929.7303	75.5900	165.7000
942.5155	76.1700	163.7000
955.4765	76.5700	160.6000
968.6158	76.6600	157.7000
981.9357	76.6600	156.1000
995.4388	76.5600	155.7000
1009.1276	76.6100	156.6000
1023.0046	76.8100	158.2000
1037.0724	77.2600	159.6000
1051.3338	77.7400	159.8000
1065.7912	78.2200	159.7000
1080.4474	78.6800	158.9000
1095.3052	79.1400	157.8000
1110.3673	79.5700	156.2000
1125.6365	79.8700	153.9000
1141.1157	80.0000	151.4000
1156.8078	80.0200	150.6000
1172.7156	80.0300	150.5000
1188.8422	80.2700	151.6000
1205.1906	80.6500	151.9000
1221.7638	81.1000	151.9000
1238.5649	81.5000	150.8000
1255.5970	81.8600	149.6000
1272.8634	82.1700	148.1000
1290.3672	82.4300	146.4000
1308.1117	82.5400	144.4000
1326.1002	82.5800	143.8000
1344.3361	82.6100	143.8000
1362.8227	82.8100	145.0000
1381.5636	83.1700	145.7000
1400.5622	83.5900	145.9000
1419.8220	83.9300	145.2000
1439.3467	84.2300	144.8000
1459.1399	84.5300	144.7000
1479.2053	84.8800	145.1000
1499.5466	85.3200	145.8000
1520.1676	85.8900	146.1000
1541.0722	86.6100	145.8000
1562.2643	87.2400	144.3000
1583.7478	87.7600	142.0000
1605.5267	88.1700	139.8000
1627.6051	88.6100	138.1000
1649.9871	89.0900	136.4000
1672.6769	89.6000	134.4000
1695.6788	90.1100	131.8000
1718.9969	90.5500	128.7000
1742.6357	90.9000	125.3000
1766.5996	91.1700	122.2000
1790.8930	91.4200	119.4000
1815.5205	91.6900	116.8000
1840.4866	92.0100	114.0000
1865.7961	92.3300	110.8000
1891.4536	92.6000	107.2000
1917.4639	92.7900	103.3000
1943.8320	92.8600	99.4000
1970.5626	92.8700	95.9000
1997.6608	92.8500	92.7000
2025.1317	92.8300	89.8000
2052.9803	92.8100	87.1000
2081.2118	92.7500	84.4000
2109.8316	92.6500	82.0000
2138.8450	92.5500	79.9000
2168.2574	92.4700	78.0000
2198.0742	92.4200	76.1000
2228.3010	92.3400	74.3000
2258.9435	92.2200	72.6000
2290.0074	92.0700	71.3000
2321.4985	91.9700	70.5000
2353.4226	91.9500	69.8000
2385.7857	92.0100	69.1000
2418.5938	92.1100	67.9000
2451.8531	92.1900	66.3000
2485.5698	92.2300	64.5000
2519.7502	92.2100	62.6000
2554.4005	92.1700	60.9000
2589.5274	92.1000	59.2000
2625.1373	92.0100	57.6000
2661.2369	91.9100	56.3000
2697.8329	91.8200	55.1000
2734.9322	91.7300	54.0000
2772.5416	91.6300	52.8000
2810.6683	91.5100	51.6000
2849.3192	91.3400	50.6000
2888.5016	91.1300	50.4000
2928.2229	90.9500	50.5000
2968.4904	90.8400	51.2000
3009.3116	90.8700	52.1000
3050.6942	90.9400	52.7000
3092.6458	91.0800	53.0000
3135.1744	91.2300	52.8000
3178.2877	91.4000	52.4000
3221.9940	91.5700	51.7000
3266.3013	91.7000	50.8000
3311.2178	91.7800	49.8000
3356.7521	91.8000	48.7000
3402.9125	91.7700	47.6000
3449.7077	91.7300	47.5000
3497.1464	91.7200	47.5000
3545.2374	91.8500	48.3000
3593.9898	92.0900	48.9000
3643.4125	92.4200	49.0000
3693.5150	92.8200	48.3000
3744.3064	93.2100	46.7000
3795.7962	93.5600	44.3000
3847.9941	93.8400	41.0000
3900.9099	94.0000	37.1000
3954.5533	93.9900	33.0000
4008.9343	93.8500	29.3000
4064.0632	93.5500	26.4000
4119.9502	93.2100	24.5000
4176.6058	92.8800	23.4000
4234.0404	92.5800	22.8000
4292.2649	92.3400	22.9000
4351.2900	92.2200	23.2000
4411.1268	92.1800	23.5000
4471.7864	92.2300	23.3000
4533.2802	92.2600	22.7000
4595.6197	92.2600	21.8000
4658.8164	92.2400	21.3000
4722.8821	92.2400	20.9000
4787.8289	92.3200	20.5000
4853.6688	92.4300	19.8000
4920.4140	92.5500	18.8000
4988.0772	92.7000	17.4000
5056.6707	92.8800	15.2000
5126.2076	92.9000	12.2000
5196.7007	92.8700	8.9000
5268.1632	92.5800	5.8000
5340.6084	92.2100	3.4000
5414.0498	91.7600	2.2000
5488.5011	91.2700	1.8000
5563.9763	90.8300	2.7000
5640.4894	90.5700	4.4000
5718.0546	90.4600	6.3000
5796.6865	90.5100	7.8000
5876.3997	90.6200	8.6000
5957.2090	90.7800	8.9000
6039.1296	90.9100	8.7000
6122.1768	91.0200	8.3000
6206.3660	91.1300	7.8000
6291.7129	91.2700	7.1000
6378.2334	91.4200	5.9000
6465.9437	91.5100	4.2000
6554.8602	91.5100	2.0000
6644.9994	91.3900	-0.3000
6736.3782	91.1000	-1.6000
6829.0136	90.7100	-2.0000
6922.9228	90.3800	-0.9000
7018.1235	90.3100	1.3000
7114.6332	90.4400	3.5000
7212.4702	90.7800	4.3000
7311.6525	91.1500	4.0000
7412.1988	91.4400	2.4000
7514.1277	91.5900	0.1000
7617.4583	91.6000	-2.0000
7722.2098	91.5700	-3.9000
7828.4019	91.4800	-5.5000
7936.0542	91.3400	-6.8000
8045.1869	91.1700	-7.3000
8155.8204	91.0100	-7.2000
8267.9752	91.0300	-6.4000
8381.6724	91.1300	-5.6000
8496.9330	91.4900	-5.3000
8613.7787	91.9100	-6.4000
8732.2311	92.2300	-9.1000
8852.3125	92.3800	-13.0000
8974.0451	92.2500	-17.0000
9097.4518	91.9500	-19.7000
9222.5555	91.5500	-20.9000
9349.3795	91.2700	-20.2000
9477.9476	91.3100	-19.5000
9608.2837	91.5800	-19.2000
9740.4121	91.9800	-21.3000
9874.3574	92.1200	-25.1000
10010.1450	92.1200	-29.6000
10147.7990	91.7300	-33.6000
10287.3470	91.2200	-34.9000
10428.8130	90.8700	-35.1000
10572.2250	90.7400	-34.4000
10717.6090	90.9100	-34.9000
10864.9930	91.1200	-36.6000
11014.4030	91.2400	-40.2000
11165.8670	91.1000	-44.7000
11319.4150	90.7800	-48.9000
11475.0740	90.2200	-52.0000
11632.8740	89.5800	-53.4000
11792.8430	89.0300	-53.3000
11955.0130	88.6600	-53.0000
12119.4120	88.4700	-53.0000
12286.0720	88.3100	-53.9000
12455.0240	88.1000	-56.0000
12626.3000	87.6700	-58.2000
12799.9300	87.0700	-58.0000
12975.9490	86.6100	-56.8000
13154.3870	86.3800	-54.0000
13335.2800	86.5400	-53.9000
13518.6600	86.5900	-54.8000
13704.5620	86.4900	-58.3000
13893.0210	86.0500	-60.5000
14084.0710	85.6000	-60.6000
14277.7480	85.3700	-60.0000
14474.0890	85.4100	-60.4000
14673.1290	85.3600	-62.6000
14874.9070	85.1100	-66.6000
15079.4590	84.2900	-69.4000
15286.8250	83.3700	-68.3000
15497.0410	82.8700	-66.6000
15710.1490	82.7700	-66.0000
15926.1870	82.5500	-69.0000
16145.1970	82.0400	-72.0000
16367.2170	81.0200	-73.0000
16592.2910	80.1600	-69.8000
16820.4600	79.9300	-67.2000
17051.7670	79.8900	-66.2000
17286.2550	79.6500	-69.1000
17523.9670	79.0600	-69.7000
17764.9480	78.2900	-69.1000
18009.2420	77.9000	-64.5000
18256.8970	78.0100	-64.2000
18507.9570	78.1600	-65.7000
18762.4690	77.7900	-70.8000
19020.4810	76.9500	-73.8000
19282.0410	75.8600	-75.2000
19547.1990	74.8900	-75.7000
19816.0020	73.9400	-77.3000
20088.5020	72.7100	-77.7000
20364.7490	70.9800	-76.5000
20644.7950	69.0700	-71.0000
20928.6920	67.2400	-63.7000
21216.4930	65.5900	-55.1000
21508.2520	63.8900	-38.5000
21804.0230	64.5700	-13.8000
22103.8610	67.3500	10.9000
22407.8230	69.9100	24.9000
22715.9640	71.1900	23.8000
23028.3430	71.8600	17.9000
23345.0170	72.2800	10.0000
23666.0470	72.2700	5.9000
23991.4910	72.0500	4.9000
24321.4100	70.7700	6.2000
24655.8660	69.0500	9.4000
24994.9210	68.0800	16.2000
25338.6390	67.7900	28.8000
25687.0840	68.7500	44.2000
26040.3200	70.3700	57.4000
26398.4130	72.3300	65.9000
26761.4310	74.1700	68.9000
27129.4420	75.7300	68.3000
27502.5120	77.0100	65.3000
27880.7130	78.0500	61.7000
28264.1150	78.8200	57.2000
28652.7890	79.3500	51.9000
29046.8090	79.7000	46.2000
29446.2460	79.8400	41.4000
29851.1760	79.8700	37.5000
30261.6750	79.8400	34.4000
30677.8190	79.8300	31.9000
31099.6850	79.8200	29.9000
31527.3530	79.8100	28.3000
31960.9010	79.7500	27.2000
32400.4120	79.7400	26.3000
32845.9660	79.7500	25.4000
33297.6480	79.9000	24.3000
33755.5410	80.0400	23.1000
34219.7310	80.1500	21.8000
34690.3030	80.2500	20.2000
35167.3480	80.3600	18.9000
35650.9520	80.4900	17.4000
36141.2060	80.6500	15.4000
36638.2020	80.8400	13.1000
37142.0330	80.9000	10.8000
37652.7920	80.8400	8.2000
38170.5740	80.6700	4.0000
38695.4770	80.3600	-0.7000
39227.5990	79.9200	-4.8000
39767.0370	79.5800	-6.5000
40000.0000	79.4400	-7.1000