4.3945	58.4100	66.1000
5.8594	61.4500	-107.5000
7.3242	58.4700	143.9000
8.7891	57.1100	157.4000
10.2539	62.8000	91.2000
11.7188	60.1000	38.9000
13.1836	56.7800	-23.3000
14.6484	61.5700	149.9000
16.1133	67.7600	52.8000
17.5781	63.4000	-19.0000
19.0430	60.0900	-4.0000
20.5078	58.0800	-78.8000
21.9727	58.8700	54.8000
23.4375	61.1000	-33.8000
24.9023	51.3300	-3.9000
26.3672	58.0000	-42.1000
27.8320	52.2000	-12.9000
29.2969	58.8000	-57.8000
30.7617	44.3300	-95.6000
32.2266	54.0800	-51.7000
33.6914	44.6200	-70.2000
35.1562	51.7500	-62.7000
36.6211	37.5500	-65.0000
38.0859	49.8600	-62.9000
39.5508	29.6500	-122.6000
41.0156	44.2300	-80.5000
42.4805	48.2600	108.9000
43.9453	49.7500	41.5000
45.4102	53.7600	47.8000
46.8750	56.5800	12.5000
48.3398	57.7000	-3.6000
49.8047	58.1200	-40.1000
51.2695	53.0800	-55.5000
52.7344	51.0800	-53.4000
54.1992	50.7000	-13.1000
55.6641	54.8200	-27.2000
57.1289	58.2400	-33.9000
58.5938	60.3600	-82.5000
60.0586	53.3100	-130.2000
61.5234	49.9500	-98.6000
62.9883	39.5400	-115.7000
64.4531	49.5000	-67.9000
65.9180	39.7200	-85.2000
67.3828	49.4100	-48.8000
68.8477	47.7800	-53.9000
70.3125	52.4500	-67.8000
71.7773	48.8000	-85.4000
73.2422	51.8600	-84.4000
74.7070	48.5300	-109.3000
76.1719	49.9600	-105.7000
77.6367	43.6100	-145.0000
79.1016	45.9200	-90.6000
80.5664	39.9600	-131.2000
82.0312	45.2700	-78.7000
83.4961	40.1500	-110.0000
84.9609	45.0600	-85.7000
86.4258	33.4100	-131.6000
87.8906	44.0200	-45.2000
89.3555	45.2200	-35.7000
90.8203	51.8400	-66.0000
92.2852	49.0300	-94.3000
93.7500	51.3700	-92.8000
95.2148	49.3300	-121.8000
96.6797	49.8800	-111.4000
98.1445	48.4800	-137.2000
99.6094	49.3200	-122.0000
101.0742	49.3600	-153.7000
102.5391	48.2900	-149.6000
104.0039	47.7100	173.7000
105.4688	42.1100	-159.5000
106.9336	44.1900	168.2000
108.3984	38.9600	-144.1000
109.8633	42.5600	171.4000
111.3281	38.0900	-141.9000
112.7930	41.0100	156.2000
114.2578	37.5600	-79.6000
115.7227	41.4400	-155.0000
117.1875	40.4400	-121.5000
118.6523	43.0400	-167.3000
120.1172	39.4600	-146.0000
121.5820	40.8300	176.1000
123.0469	38.1400	-120.8000
124.5117	41.5200	-168.6000
125.9766	39.7100	-130.1000
127.4414	42.1200	-170.0000
128.9062	40.6700	-131.5000
130.3711	43.8100	-168.9000
131.8359	41.7900	-148.6000
133.3008	44.3800	179.7000
134.7656	40.8400	-156.6000
136.2305	44.6600	178.0000
137.6953	41.6200	-167.8000
139.1602	45.2500	167.5000
140.6250	40.2100	172.8000
142.0898	43.9500	159.5000
143.5547	37.7900	168.7000
145.0195	42.5000	159.4000
146.4844	35.9900	179.7000
147.9492	41.8900	166.6000
149.4141	37.1500	-168.3000
150.8789	42.6900	169.9000
152.3438	37.8700	-172.7000
153.8086	42.7700	168.6000
155.2734	37.1100	-173.0000
156.7383	42.3300	173.8000
158.2031	38.1100	-166.2000
159.6680	42.4300	177.1000
161.1328	38.9600	-155.2000
162.5977	43.6300	-173.6000
164.0625	41.7300	-155.9000
165.5273	45.5100	-174.1000
166.9922	43.6400	-166.7000
168.4570	46.6000	178.4000
169.9219	44.0300	-180.0000
171.3867	46.1800	171.2000
172.8516	43.1200	-179.9000
174.3164	46.2600	175.7000
175.7812	44.4100	-177.2000
177.2461	47.4700	174.8000
178.7109	45.6500	175.3000
180.1758	47.9800	169.3000
181.6406	46.1400	168.8000
183.1055	48.2700	164.1000
184.5703	46.3100	162.3000
186.0352	48.2800	159.1000
187.5000	46.0800	156.7000
188.9648	48.0500	156.2000
190.4297	45.7800	153.6000
191.8945	47.8900	155.7000
193.3594	46.1100	152.0000
194.8242	48.0400	151.7000
196.2891	45.8100	146.0000
197.7539	47.4400	149.2000
199.2188	45.1400	145.4000
200.6836	47.1000	150.2000
202.1484	44.9300	145.7000
203.6133	46.8600	150.8000
205.0781	44.8000	147.1000
206.5430	46.8400	151.3000
208.0078	44.6200	146.8000
209.4727	46.5900	152.7000
210.9375	44.5900	149.5000
212.4023	46.7500	154.0000
213.8672	44.7400	149.7000
215.3320	46.7200	154.4000
216.7969	44.7100	150.4000
218.2617	46.6300	155.6000
219.7266	44.7100	152.7000
221.1914	46.7700	157.8000
222.6562	45.1300	154.9000
224.1211	47.2100	158.0000
225.5859	45.5000	152.9000
227.0508	47.2100	156.7000
228.5156	45.6100	152.6000
229.9805	47.3900	155.2000
231.4453	45.5200	147.9000
232.9102	46.6700	153.0000
234.3750	44.5800	149.3000
235.8398	46.2300	156.3000
237.3047	44.2300	152.2000
238.7695	45.8400	158.7000
240.2344	43.5600	156.5000
241.6992	45.4400	164.9000
243.1641	43.4000	165.5000
244.6289	45.6700	172.3000
246.0938	43.9900	173.8000
247.5586	46.3200	178.3000
249.0234	45.1100	179.7000
250.4883	47.2500	-179.4000
251.9531	46.0300	-178.7000
253.4180	47.9600	-177.7000
254.8828	47.0100	-177.5000
256.3477	48.7700	-178.1000
257.8125	47.7600	-179.1000
259.2773	49.2800	-179.3000
260.7422	48.2800	179.2000
262.2070	49.6300	179.1000
263.6719	48.5500	177.4000
265.1367	49.7900	178.2000
266.6016	48.7200	176.6000
268.0664	49.8600	177.7000
269.5312	48.7300	176.4000
270.9961	49.8300	178.7000
272.4609	48.8000	178.7000
273.9258	50.0800	-179.0000
275.3906	49.2400	-179.5000
276.8555	50.4200	-178.0000
278.3203	49.5600	-178.1000
279.7852	50.8500	-176.2000
281.2500	50.2400	-177.1000
282.7148	51.4200	-176.6000
284.1797	50.7700	-178.4000
285.6445	51.7900	-178.2000
287.1094	51.0100	179.5000
288.5742	51.8700	-179.3000
290.0391	51.1200	178.9000
291.5039	51.9400	-179.8000
292.9688	51.1300	178.6000
294.4336	51.9200	-179.0000
295.8984	51.2000	179.9000
297.3633	52.0700	-177.7000
298.8281	51.4100	-179.0000
300.2930	52.2400	-176.8000
301.7578	51.5800	-177.9000
303.2227	52.3900	-175.5000
304.6875	51.7600	-176.4000
306.1523	52.5400	-173.4000
307.6172	52.0500	-173.5000
309.0820	52.9500	-171.0000
310.5469	52.5800	-171.4000
312.0117	53.4800	-169.4000
313.4766	53.1900	-170.3000
314.9414	54.0200	-168.8000
316.4062	53.7700	-169.7000
317.8711	54.5900	-168.5000
319.3359	54.3900	-169.7000
320.8008	55.1700	-168.7000
322.2656	55.0400	-170.3000
323.7305	55.7600	-169.9000
325.1953	55.6400	-171.9000
326.6602	56.2800	-171.8000
328.1250	56.1500	-173.9000
329.5898	56.7400	-174.1000
331.0547	56.5800	-176.7000
332.5195	57.0400	-177.0000
333.9844	56.8200	-179.6000
335.4492	57.2200	-179.5000
336.9141	56.9900	178.0000
338.3789	57.3600	178.2000
339.8438	57.1300	175.7000
341.3086	57.4600	176.0000
342.7734	57.2000	173.2000
344.2383	57.4500	173.8000
345.7031	57.1800	171.3000
347.1680	57.4100	172.0000
348.6328	57.1200	169.5000
350.0977	57.2900	170.6000
351.5625	57.0100	168.3000
353.0273	57.1900	169.6000
354.4922	56.9000	167.3000
355.9570	57.0400	168.9000
357.4219	56.7500	166.7000
358.8867	56.8700	168.5000
360.3516	56.5900	166.5000
361.8164	56.7000	168.6000
363.2812	56.4200	166.7000
364.7461	56.5200	169.0000
366.2109	56.2400	167.4000
367.6758	56.3600	170.0000
369.1406	56.1100	168.7000
370.6055	56.2600	171.4000
372.0703	56.0000	170.2000
373.5352	56.1700	173.2000
375.0000	55.9500	172.4000
376.4648	56.1900	175.5000
377.9297	56.0200	174.6000
379.3945	56.2800	177.6000
380.8594	56.1400	176.9000
382.3242	56.4700	179.9000
383.7891	56.3800	179.0000
385.2539	56.7100	-178.5000
386.7188	56.5900	-179.4000
388.1836	56.9100	-176.8000
389.6484	56.8300	-177.5000
391.1133	57.1800	-174.9000
392.5781	57.1400	-175.5000
394.0430	57.5300	-173.0000
395.5078	57.5600	-173.6000
396.9727	57.9800	-171.5000
398.4375	58.0500	-172.5000
399.9023	58.4600	-170.8000
401.3672	58.5400	-171.8000
402.8320	58.9500	-170.5000
404.2969	59.0300	-171.8000
405.7617	59.4200	-170.7000
407.2266	59.5100	-172.1000
408.6914	59.8600	-171.4000
410.1562	59.9200	-172.8000
411.6211	60.2800	-172.0000
413.0859	60.3900	-173.7000
414.5508	60.6900	-173.4000
416.0156	60.7500	-175.2000
417.4805	61.0200	-174.9000
418.9453	61.0600	-176.8000
420.4102	61.2800	-176.5000
421.8750	61.3200	-178.3000
423.3398	61.5300	-178.0000
424.8047	61.5700	-179.9000
426.2695	61.7400	-179.7000
427.7344	61.7700	178.5000
429.1992	61.9200	178.7000
430.6641	61.9600	176.8000
432.1289	62.0800	176.9000
433.5938	62.0900	175.0000
435.0586	62.1700	175.1000
436.5234	62.1800	173.2000
437.9883	62.2300	173.4000
439.4531	62.2200	171.6000
440.9180	62.2500	171.8000
442.3828	62.2200	170.0000
443.8477	62.2200	170.4000
445.3125	62.1800	168.8000
446.7773	62.1700	169.2000
448.2422	62.1300	167.7000
449.7070	62.1000	168.3000
451.1719	62.0600	166.9000
452.6367	62.0200	167.6000
454.1016	61.9700	166.3000
455.5664	61.9300	167.2000
457.0312	61.9000	166.1000
458.4961	61.8600	167.0000
459.9609	61.8400	166.0000
461.4258	61.8100	167.1000
462.8906	61.8100	166.1000
464.3555	61.7900	167.2000
465.8203	61.8100	166.3000
467.2852	61.8000	167.3000
468.7500	61.8200	166.4000
470.2148	61.8200	167.4000
471.6797	61.8500	166.4000
473.1445	61.8600	167.4000
474.6094	61.8900	166.3000
476.0742	61.8700	167.2000
477.5391	61.9000	166.1000
479.0039	61.8700	167.0000
480.4688	61.8900	165.9000
481.9336	61.8500	166.8000
483.3984	61.8600	165.8000
484.8633	61.8100	166.7000
486.3281	61.8100	165.7000
487.7930	61.7300	166.6000
489.2578	61.7200	165.8000
490.7227	61.6300	166.9000
492.1875	61.6200	166.2000
493.6523	61.5400	167.5000
495.1172	61.5400	166.9000
496.5820	61.4700	168.3000
498.0469	61.4700	167.8000
499.5117	61.4100	169.2000
500.9766	61.4300	168.8000
502.4414	61.3800	170.4000
503.9062	61.4100	170.0000
505.3711	61.3700	171.6000
506.8359	61.4100	171.3000
508.3008	61.3700	172.9000
509.7656	61.4300	172.7000
511.2305	61.4100	174.3000
512.6953	61.4700	174.2000
514.1602	61.4700	175.8000
515.6250	61.5300	175.7000
517.0898	61.5500	177.5000
518.5547	61.6400	177.4000
520.0195	61.6800	179.2000
521.4844	61.7800	179.2000
522.9492	61.8400	-179.1000
524.4141	61.9700	-179.1000
525.8789	62.0700	-177.3000
527.3438	62.2400	-177.4000
528.8086	62.3700	-175.8000
530.2734	62.5600	-176.1000
531.7383	62.7000	-174.8000
533.2031	62.9000	-175.2000
534.6680	63.0400	-174.2000
536.1328	63.2400	-174.7000
537.5977	63.3700	-173.9000
539.0625	63.5500	-174.6000
540.5273	63.6800	-174.0000
541.9922	63.8500	-174.7000
543.4570	63.9500	-174.2000
544.9219	64.0900	-175.1000
546.3867	64.1700	-174.6000
547.8516	64.2900	-175.3000
549.3164	64.3600	-174.8000
550.7812	64.4900	-175.4000
552.2461	64.5400	-174.9000
553.7109	64.6700	-175.5000
555.1758	64.7300	-174.9000
556.6406	64.8500	-175.5000
558.1055	64.9200	-175.0000
559.5703	65.0600	-175.6000
561.0352	65.1200	-175.1000
562.5000	65.2500	-175.7000
563.9648	65.3100	-175.3000
565.4297	65.4400	-175.9000
566.8945	65.4900	-175.5000
568.3594	65.6200	-176.0000
569.8242	65.6700	-175.7000
571.2891	65.7900	-176.2000
572.7539	65.8400	-175.8000
574.2188	65.9600	-176.4000
575.6836	66.0100	-176.0000
577.1484	66.1400	-176.5000
578.6133	66.1900	-176.1000
580.0781	66.3200	-176.6000
581.5430	66.3700	-176.3000
583.0078	66.5000	-176.8000
584.4727	66.5600	-176.5000
585.9375	66.6900	-176.9000
587.4023	66.7600	-176.7000
588.8672	66.9000	-177.1000
590.3320	66.9700	-176.9000
591.7969	67.1200	-177.4000
593.2617	67.2000	-177.3000
594.7266	67.3500	-178.0000
596.1914	67.4200	-178.0000
597.6562	67.5700	-178.7000
599.1211	67.6300	-178.7000
600.5859	67.7800	-179.5000
602.0508	67.8400	-179.7000
603.5156	67.9800	179.4000
604.9805	68.0300	179.1000
606.4453	68.1400	178.1000
607.9102	68.1600	177.7000
609.3750	68.2600	176.8000
610.8398	68.2600	176.3000
612.3047	68.3300	175.4000
613.7695	68.3000	175.0000
615.2344	68.3600	174.2000
616.6992	68.3200	173.8000
618.1641	68.3500	173.0000
619.6289	68.2900	172.8000
621.0938	68.3100	172.2000
622.5586	68.2400	172.0000
624.0234	68.2600	171.6000
625.4883	68.1900	171.6000
626.9531	68.2100	171.3000
628.4180	68.1400	171.4000
629.8828	68.1800	171.2000
631.3477	68.1200	171.4000
632.8125	68.1700	171.3000
634.2773	68.1200	171.5000
635.7422	68.1800	171.4000
637.2070	68.1500	171.7000
638.6719	68.2100	171.6000
640.1367	68.1800	171.8000
641.6016	68.2500	171.8000
643.0664	68.2300	172.0000
644.5312	68.3100	172.0000
645.9961	68.3000	172.2000
647.4609	68.3900	172.2000
648.9258	68.3800	172.4000
650.3906	68.4700	172.3000
651.8555	68.4700	172.5000
653.3203	68.5700	172.4000
654.7852	68.5800	172.5000
656.2500	68.6800	172.3000
657.7148	68.6800	172.4000
659.1797	68.7800	172.3000
660.6445	68.7900	172.3000
662.1094	68.9000	172.1000
663.5742	68.9100	172.1000
665.0391	69.0000	171.8000
666.5039	69.0100	171.8000
667.9688	69.1000	171.5000
669.4336	69.1000	171.4000
670.8984	69.1800	171.1000
672.3633	69.1700	171.0000
673.8281	69.2400	170.7000
675.2930	69.2300	170.6000
676.7578	69.3000	170.4000
678.2227	69.2900	170.3000
679.6875	69.3600	170.2000
681.1523	69.3500	170.1000
682.6172	69.4200	169.9000
684.0820	69.4100	169.8000
685.5469	69.4900	169.6000
687.0117	69.4700	169.5000
688.4766	69.5500	169.3000
689.9414	69.5300	169.2000
691.4062	69.6100	169.0000
692.8711	69.5900	168.8000
694.3359	69.6500	168.6000
695.8008	69.6300	168.3000
697.2656	69.6900	168.1000
698.7305	69.6600	167.9000
700.1953	69.7000	167.7000
701.6602	69.6600	167.5000
703.1250	69.7000	167.3000
704.5898	69.6500	167.1000
706.0547	69.6800	167.0000
707.5195	69.6200	166.9000
708.9844	69.6400	166.9000
710.4492	69.5800	166.8000
711.9141	69.6000	166.9000
713.3789	69.5400	166.9000
714.8438	69.5600	167.1000
716.3086	69.4900	167.2000
717.7734	69.5200	167.5000
719.2383	69.4600	167.7000
720.7031	69.5000	168.1000
722.1680	69.4500	168.4000
723.6328	69.5100	168.8000
725.0977	69.4800	169.2000
726.5625	69.5500	169.7000
728.0273	69.5500	170.0000
729.4922	69.6400	170.5000
730.9570	69.6600	170.8000
732.4219	69.7600	171.2000
735.3516	69.8900	171.7000
738.2812	70.0500	172.1000
741.2109	70.2100	172.3000
744.1406	70.3600	172.4000
747.0703	70.5100	172.3000
750.0000	70.6400	172.1000
752.9297	70.7600	171.9000
755.8594	70.8700	171.7000
758.7891	70.9700	171.4000
761.7188	71.0700	171.2000
764.6484	71.1700	171.0000
767.5781	71.2700	170.8000
770.5078	71.3700	170.6000
773.4375	71.4800	170.4000
776.3672	71.5900	170.0000
779.2969	71.7000	169.6000
782.2266	71.8000	169.1000
785.1562	71.8900	168.4000
788.0859	71.9600	167.7000
791.0156	72.0100	166.9000
793.9453	72.0300	166.2000
796.8750	72.0300	165.4000
799.8047	72.0000	164.8000
802.7344	71.9600	164.2000
805.6641	71.8900	163.8000
808.5938	71.8200	163.6000
811.5234	71.7400	163.5000
814.4531	71.6600	163.6000
817.3828	71.5900	163.9000
820.3125	71.5300	164.3000
823.2422	71.4900	164.8000
826.1719	71.4600	165.4000
829.1016	71.4500	166.1000
832.0312	71.4600	166.8000
834.9609	71.4800	167.6000
837.8906	71.5300	168.4000
840.8203	71.5900	169.2000
843.7500	71.6800	169.9000
846.6797	71.7900	170.5000
849.6094	71.9000	171.0000
852.5391	72.0200	171.5000
855.4688	72.1300	171.8000
858.3984	72.2500	172.1000
861.3281	72.3500	172.3000
864.2578	72.4500	172.5000
867.1875	72.5500	172.7000
870.1172	72.6500	173.0000
873.0469	72.7600	173.3000
875.9766	72.8800	173.5000
878.9062	73.0000	173.7000
881.8359	73.1200	173.9000
884.7656	73.2600	174.0000
887.6953	73.3900	174.1000
890.6250	73.5300	174.1000
893.5547	73.6600	174.0000
896.4844	73.8000	173.9000
899.4141	73.9200	173.7000
902.3438	74.0500	173.5000
905.2734	74.1700	173.2000
908.2031	74.2800	172.9000
911.1328	74.3900	172.5000
914.0625	74.4800	172.1000
916.9922	74.5700	171.7000
919.9219	74.6400	171.2000
922.8516	74.7000	170.7000
925.7812	74.7500	170.3000
928.7109	74.7800	170.0000
931.6406	74.8100	169.7000
934.5703	74.8300	169.5000
937.5000	74.8600	169.4000
940.4297	74.8800	169.3000
943.3594	74.9100	169.4000
946.2891	74.9400	169.4000
949.2188	74.9900	169.6000
952.1484	75.0500	169.7000
955.0781	75.1100	169.8000
958.0078	75.1900	169.9000
960.9375	75.2700	169.9000
963.8672	75.3500	169.9000
966.7969	75.4400	169.9000
969.7266	75.5200	169.8000
972.6562	75.5900	169.6000
975.5859	75.6600	169.5000
978.5156	75.7200	169.3000
981.4453	75.7700	169.2000
984.3750	75.8200	169.1000
987.3047	75.8700	169.1000
990.2344	75.9200	169.1000
993.1641	75.9700	169.1000
996.0938	76.0200	169.2000
999.0234	76.0900	169.3000
1001.9531	76.1600	169.4000
1004.8828	76.2300	169.5000
1007.8125	76.3200	169.6000
1010.7422	76.4100	169.7000
1013.6719	76.5100	169.8000
1016.6016	76.6200	169.7000
1019.5313	76.7300	169.7000
1022.4609	76.8400	169.6000
1025.3906	76.9500	169.4000
1028.3203	77.0600	169.1000
1031.2500	77.1600	168.8000
1034.1797	77.2600	168.4000
1037.1094	77.3400	168.0000
1040.0391	77.4200	167.5000
1042.9688	77.4900	167.1000
1045.8984	77.5500	166.6000
1048.8281	77.6000	166.2000
1051.7578	77.6400	165.8000
1054.6875	77.6800	165.4000
1057.6172	77.7100	165.1000
1060.5469	77.7400	164.7000
1063.4766	77.7700	164.4000
1066.4063	77.7900	164.1000
1069.3359	77.8100	163.8000
1072.2656	77.8200	163.6000
1075.1953	77.8200	163.4000
1078.1250	77.8300	163.3000
1081.0547	77.8300	163.3000
1083.9844	77.8300	163.4000
1086.9141	77.8400	163.5000
1089.8438	77.8600	163.8000
1092.7734	77.9000	164.1000
1095.7031	77.9500	164.4000
1098.6328	78.0200	164.6000
1101.5625	78.1100	164.9000
1104.4922	78.2100	165.0000
1107.4219	78.3200	165.1000
1110.3516	78.4400	165.0000
1113.2813	78.5500	164.9000
1116.2109	78.6600	164.6000
1119.1406	78.7600	164.2000
1122.0703	78.8400	163.8000
1125.0000	78.9100	163.4000
1127.9297	78.9800	163.0000
1130.8594	79.0300	162.6000
1133.7891	79.0800	162.3000
1136.7188	79.1200	161.9000
1139.6484	79.1600	161.6000
1142.5781	79.2000	161.2000
1145.5078	79.2300	160.9000
1148.4375	79.2600	160.7000
1151.3672	79.2800	160.4000
1154.2969	79.3000	160.2000
1157.2266	79.3300	160.1000
1160.1563	79.3500	160.0000
1163.0859	79.3900	160.0000
1166.0156	79.4300	160.0000
1168.9453	79.4900	160.0000
1171.8750	79.5500	160.0000
1174.8047	79.6300	159.9000
1177.7344	79.7200	159.7000
1180.6641	79.8000	159.4000
1183.5938	79.8800	159.1000
1186.5234	79.9600	158.6000
1189.4531	80.0200	158.1000
1192.3828	80.0800	157.6000
1195.3125	80.1200	157.0000
1198.2422	80.1500	156.4000
1201.1719	80.1700	155.9000
1204.1016	80.1900	155.4000
1207.0313	80.2000	154.9000
1209.9609	80.2000	154.4000
1212.8906	80.2000	153.9000
1215.8203	80.1900	153.4000
1218.7500	80.1700	152.9000
1221.6797	80.1500	152.5000
1224.6094	80.1200	152.1000
1227.5391	80.0800	151.8000
1230.4688	80.0400	151.5000
1233.3984	79.9900	151.3000
1236.3281	79.9400	151.1000
1239.2578	79.8900	150.9000
1242.1875	79.8400	150.9000
1245.1172	79.7800	150.9000
1248.0469	79.7200	151.0000
1250.9766	79.6700	151.1000
1253.9063	79.6200	151.3000
1256.8359	79.5800	151.6000
1259.7656	79.5500	152.0000
1262.6953	79.5300	152.4000
1265.6250	79.5200	152.8000
1268.5547	79.5200	153.3000
1271.4844	79.5400	153.7000
1274.4141	79.5700	154.2000
1277.3438	79.6100	154.6000
1280.2734	79.6600	154.9000
1283.2031	79.7200	155.2000
1286.1328	79.7800	155.4000
1289.0625	79.8400	155.6000
1291.9922	79.9000	155.6000
1294.9219	79.9600	155.7000
1297.8516	80.0100	155.7000
1300.7813	80.0500	155.6000
1303.7109	80.0900	155.6000
1306.6406	80.1200	155.6000
1309.5703	80.1600	155.5000
1312.5000	80.1800	155.5000
1315.4297	80.2100	155.5000
1318.3594	80.2300	155.4000
1321.2891	80.2500	155.4000
1324.2188	80.2700	155.4000
1327.1484	80.2900	155.5000
1330.0781	80.3100	155.5000
1333.0078	80.3200	155.5000
1335.9375	80.3400	155.5000
1338.8672	80.3500	155.5000
1341.7969	80.3600	155.6000
1344.7266	80.3700	155.7000
1347.6563	80.3700	155.8000
1350.5859	80.3800	155.9000
1353.5156	80.3900	156.1000
1356.4453	80.4100	156.3000
1359.3750	80.4300	156.5000
1362.3047	80.4500	156.7000
1365.2344	80.4700	156.9000
1368.1641	80.5000	157.1000
1371.0938	80.5300	157.3000
1374.0234	80.5600	157.5000
1376.9531	80.5800	157.6000
1379.8828	80.6100	157.8000
1382.8125	80.6400	158.0000
1385.7422	80.6700	158.1000
1388.6719	80.7000	158.3000
1391.6016	80.7200	158.5000
1394.5313	80.7500	158.6000
1397.4609	80.7700	158.8000
1400.3906	80.7900	159.0000
1403.3203	80.8000	159.2000
1406.2500	80.8100	159.4000
1409.1797	80.8300	159.7000
1412.1094	80.8400	160.1000
1415.0391	80.8600	160.5000
1417.9688	80.8800	160.9000
1420.8984	80.9100	161.4000
1423.8281	80.9500	162.0000
1426.7578	81.0000	162.5000
1429.6875	81.0600	163.1000
1432.6172	81.1400	163.7000
1435.5469	81.2300	164.2000
1438.4766	81.3300	164.7000
1441.4063	81.4400	165.1000
1444.3359	81.5600	165.4000
1447.2656	81.6700	165.7000
1450.1953	81.7900	165.9000
1453.1250	81.9100	166.0000
1456.0547	82.0200	166.1000
1458.9844	82.1400	166.2000
1461.9141	82.2500	166.2000
1464.8438	82.3700	166.1000
1469.2383	82.5300	166.0000
1473.6328	82.6800	165.7000
1478.0273	82.8200	165.3000
1482.4219	82.9400	164.9000
1486.8164	83.0400	164.5000
1491.2109	83.1300	164.1000
1495.6055	83.2000	163.7000
1500.0000	83.2600	163.4000
1504.3945	83.3100	163.2000
1508.7891	83.3600	163.0000
1513.1836	83.4000	162.9000
1517.5781	83.4500	162.8000
1521.9727	83.5000	162.8000
1526.3672	83.5500	162.8000
1530.7617	83.6000	162.9000
1535.1563	83.6700	163.0000
1539.5508	83.7300	163.2000
1543.9453	83.8200	163.4000
1548.3398	83.9000	163.6000
1552.7344	84.0100	163.6000
1557.1289	84.1100	163.7000
1561.5234	84.2200	163.7000
1565.9180	84.3200	163.6000
1570.3125	84.4200	163.4000
1574.7070	84.5100	163.3000
1579.1016	84.5900	163.0000
1583.4961	84.6600	162.9000
1587.8906	84.7200	162.7000
1592.2852	84.7800	162.6000
1596.6797	84.8400	162.6000
1601.0742	84.8900	162.7000
1605.4688	84.9600	162.8000
1609.8633	85.0300	162.9000
1614.2578	85.1200	163.1000
1618.6523	85.2200	163.3000
1623.0469	85.3400	163.4000
1627.4414	85.4600	163.4000
1631.8359	85.5900	163.3000
1636.2305	85.7200	163.1000
1640.6250	85.8400	162.8000
1645.0195	85.9600	162.5000
1649.4141	86.0700	162.1000
1653.8086	86.1700	161.6000
1658.2031	86.2500	161.1000
1662.5977	86.3200	160.5000
1666.9922	86.3700	160.0000
1671.3867	86.4000	159.5000
1675.7813	86.4200	159.0000
1680.1758	86.4200	158.7000
1684.5703	86.4200	158.5000
1688.9648	86.4100	158.4000
1693.3594	86.4100	158.4000
1697.7539	86.4100	158.5000
1702.1484	86.4300	158.7000
1706.5430	86.4600	159.0000
1710.9375	86.5000	159.3000
1715.3320	86.5500	159.6000
1719.7266	86.6200	159.9000
1724.1211	86.6900	160.3000
1728.5156	86.7900	160.5000
1732.9102	86.8900	160.7000
1737.3047	86.9900	160.9000
1741.6992	87.1000	161.0000
1746.0938	87.2000	161.0000
1750.4883	87.3000	160.9000
1754.8828	87.4000	160.9000
1759.2773	87.4900	160.9000
1763.6719	87.5700	160.8000
1768.0664	87.6600	160.8000
1772.4609	87.7500	160.8000
1776.8555	87.8300	160.8000
1781.2500	87.9300	160.8000
1785.6445	88.0200	160.8000
1790.0391	88.1100	160.8000
1794.4336	88.2100	160.7000
1798.8281	88.3100	160.7000
1803.2227	88.4100	160.7000
1807.6172	88.5100	160.6000
1812.0117	88.6100	160.6000
1816.4063	88.7200	160.5000
1820.8008	88.8300	160.4000
1825.1953	88.9400	160.3000
1829.5898	89.0400	160.2000
1833.9844	89.1500	160.0000
1838.3789	89.2500	159.8000
1842.7734	89.3500	159.6000
1847.1680	89.4500	159.5000
1851.5625	89.5500	159.3000
1855.9570	89.6500	159.2000
1860.3516	89.7600	159.0000
1864.7461	89.8700	158.8000
1869.1406	89.9800	158.6000
1873.5352	90.0900	158.4000
1877.9297	90.2100	158.1000
1882.3242	90.3100	157.8000
1886.7188	90.4200	157.4000
1891.1133	90.5100	157.1000
1895.5078	90.6000	156.7000
1899.9023	90.6900	156.4000
1904.2969	90.7700	156.1000
1908.6914	90.8600	155.9000
1913.0859	90.9600	155.7000
1917.4805	91.0600	155.5000
1921.8750	91.1800	155.3000
1926.2695	91.3000	154.9000
1930.6641	91.4200	154.6000
1935.0586	91.5300	154.1000
1939.4531	91.6400	153.6000
1943.8477	91.7500	153.0000
1948.2422	91.8400	152.5000
1952.6367	91.9200	151.9000
1957.0313	92.0000	151.3000
1961.4258	92.0700	150.8000
1965.8203	92.1300	150.3000
1970.2148	92.2000	149.8000
1974.6094	92.2600	149.4000
1979.0039	92.3300	148.9000
1983.3984	92.3900	148.5000
1987.7930	92.4500	148.1000
1992.1875	92.5100	147.7000
1996.5820	92.5800	147.3000
2000.9766	92.6400	146.9000
2005.3711	92.7100	146.5000
2009.7656	92.7700	146.1000
2014.1602	92.8400	145.7000
2018.5547	92.9000	145.3000
2022.9492	92.9700	144.9000
2027.3438	93.0400	144.5000
2031.7383	93.1100	144.1000
2036.1328	93.1800	143.7000
2040.5273	93.2400	143.2000
2044.9219	93.3000	142.8000
2049.3164	93.3600	142.3000
2053.7109	93.4100	141.9000
2058.1055	93.4600	141.5000
2062.5000	93.5000	141.1000
2066.8945	93.5500	140.7000
2071.2891	93.6000	140.4000
2075.6836	93.6500	140.2000
2080.0781	93.7100	139.9000
2084.4727	93.7800	139.7000
2088.8672	93.8500	139.4000
2093.2617	93.9300	139.1000
2097.6563	94.0100	138.8000
2102.0508	94.1000	138.5000
2106.4453	94.1900	138.1000
2110.8398	94.2900	137.7000
2115.2344	94.3800	137.2000
2119.6289	94.4600	136.7000
2124.0234	94.5500	136.1000
2128.4180	94.6300	135.5000
2132.8125	94.7000	134.9000
2137.2070	94.7700	134.3000
2141.6016	94.8400	133.7000
2145.9961	94.9000	133.0000
2150.3906	94.9600	132.4000
2154.7852	95.0100	131.7000
2159.1797	95.0600	131.1000
2163.5742	95.1000	130.5000
2167.9688	95.1400	129.8000
2172.3633	95.1800	129.3000
2176.7578	95.2100	128.7000
2181.1523	95.2500	128.2000
2185.5469	95.2800	127.7000
2189.9414	95.3300	127.2000
2194.3359	95.3700	126.6000
2198.7305	95.4100	126.1000
2204.5898	95.4700	125.4000
2210.4492	95.5300	124.6000
2216.3086	95.5800	123.8000
2222.1680	95.6300	123.1000
2228.0273	95.6800	122.3000
2233.8867	95.7200	121.5000
2239.7461	95.7600	120.6000
2245.6055	95.8000	119.8000
2251.4648	95.8200	118.9000
2257.3242	95.8300	118.0000
2263.1836	95.8300	117.2000
2269.0430	95.8300	116.5000
2274.9023	95.8200	115.8000
2280.7617	95.8100	115.2000
2286.6211	95.8100	114.7000
2292.4805	95.8200	114.1000
2298.3398	95.8300	113.6000
2304.1992	95.8400	113.1000
2310.0586	95.8500	112.5000
2315.9180	95.8500	112.0000
2321.7773	95.8600	111.5000
2327.6367	95.8600	111.0000
2333.4961	95.8700	110.6000
2339.3555	95.8800	110.1000
2345.2148	95.9000	109.7000
2351.0742	95.9100	109.3000
2356.9336	95.9300	108.9000
2362.7930	95.9600	108.6000
2368.6523	95.9900	108.2000
2374.5117	96.0300	107.8000
2380.3711	96.0800	107.3000
2386.2305	96.1300	106.8000
2392.0898	96.1700	106.2000
2397.9492	96.2100	105.6000
2403.8086	96.2400	104.9000
2409.6680	96.2600	104.2000
2415.5273	96.2800	103.6000
2421.3867	96.2900	102.9000
2427.2461	96.3000	102.3000
2433.1055	96.2900	101.7000
2438.9648	96.2900	101.1000
2444.8242	96.2900	100.6000
2450.6836	96.3000	100.2000
2456.5430	96.3100	99.7000
2462.4023	96.3300	99.2000
2468.2617	96.3500	98.6000
2474.1211	96.3600	98.0000
2479.9805	96.3700	97.4000
2485.8398	96.3600	96.8000
2491.6992	96.3500	96.2000
2497.5586	96.3400	95.7000
2503.4180	96.3300	95.2000
2509.2773	96.3300	94.7000
2515.1367	96.3300	94.2000
2520.9961	96.3200	93.8000
2526.8555	96.3200	93.2000
2532.7148	96.3200	92.7000
2538.5742	96.3000	92.2000
2544.4336	96.2900	91.7000
2550.2930	96.2700	91.3000
2556.1523	96.2600	90.8000
2562.0117	96.2400	90.4000
2567.8711	96.2300	90.0000
2573.7305	96.2200	89.6000
2579.5898	96.2100	89.1000
2585.4492	96.2000	88.6000
2591.3086	96.1800	88.2000
2597.1680	96.1500	87.8000
2603.0273	96.1300	87.4000
2608.8867	96.1000	87.1000
2614.7461	96.0800	86.8000
2620.6055	96.0600	86.5000
2626.4648	96.0400	86.2000
2632.3242	96.0300	86.0000
2638.1836	96.0200	85.7000
2644.0430	96.0200	85.5000
2649.9023	96.0200	85.2000
2655.7617	96.0200	84.9000
2661.6211	96.0300	84.5000
2667.4805	96.0200	84.2000
2673.3398	96.0200	83.8000
2679.1992	96.0200	83.5000
2685.0586	96.0200	83.1000
2690.9180	96.0100	82.8000
2696.7773	96.0100	82.4000
2702.6367	96.0000	82.0000
2708.4961	95.9900	81.5000
2714.3555	95.9700	81.1000
2720.2148	95.9400	80.7000
2726.0742	95.9000	80.4000
2731.9336	95.8700	80.2000
2737.7930	95.8500	79.9000
2743.6523	95.8300	79.8000
2749.5117	95.8200	79.6000
2755.3711	95.8100	79.4000
2761.2305	95.8100	79.2000
2767.0898	95.8200	78.9000
2772.9492	95.8200	78.6000
2778.8086	95.8100	78.2000
2784.6680	95.8000	77.9000
2790.5273	95.7900	77.5000
2796.3867	95.7800	77.2000
2802.2461	95.7600	76.9000
2808.1055	95.7400	76.5000
2813.9648	95.7200	76.2000
2819.8242	95.6900	75.9000
2825.6836	95.6700	75.6000
2831.5430	95.6400	75.3000
2837.4023	95.6000	75.0000
2843.2617	95.5700	74.7000
2849.1211	95.5300	74.5000
2854.9805	95.4900	74.3000
2860.8398	95.4600	74.1000
2866.6992	95.4200	74.0000
2872.5586	95.3900	73.8000
2878.4180	95.3600	73.7000
2884.2773	95.3200	73.6000
2890.1367	95.2900	73.5000
2895.9961	95.2500	73.4000
2901.8555	95.2100	73.4000
2907.7148	95.1700	73.4000
2913.5742	95.1400	73.5000
2919.4336	95.1200	73.6000
2925.2930	95.1100	73.7000
2931.1523	95.1200	73.8000
2938.4766	95.1300	73.9000
2945.8008	95.1400	73.9000
2953.1250	95.1500	73.8000
2960.4492	95.1600	73.7000
2967.7734	95.1600	73.6000
2975.0977	95.1600	73.6000
2982.4219	95.1600	73.5000
2989.7461	95.1600	73.4000
2997.0703	95.1700	73.4000
3004.3945	95.1700	73.3000
3011.7188	95.1800	73.3000
3019.0430	95.1900	73.3000
3026.3672	95.2000	73.3000
3033.6914	95.2200	73.3000
3041.0156	95.2500	73.3000
3048.3398	95.2800	73.2000
3055.6641	95.3100	73.0000
3062.9883	95.3300	72.8000
3070.3125	95.3500	72.6000
3077.6367	95.3600	72.4000
3084.9609	95.3700	72.3000
3092.2852	95.3800	72.2000
3099.6094	95.3900	72.2000
3106.9336	95.4100	72.2000
3114.2578	95.4400	72.2000
3121.5820	95.4900	72.1000
3128.9063	95.5300	72.0000
3136.2305	95.5900	71.8000
3143.5547	95.6300	71.6000
3150.8789	95.6800	71.2000
3158.2031	95.7100	70.9000
3165.5273	95.7400	70.5000
3172.8516	95.7600	70.2000
3180.1758	95.7800	69.8000
3187.5000	95.7900	69.5000
3194.8242	95.8000	69.2000
3202.1484	95.8100	68.9000
3209.4727	95.8200	68.7000
3216.7969	95.8300	68.4000
3224.1211	95.8500	68.2000
3231.4453	95.8600	67.9000
3238.7695	95.8700	67.6000
3246.0938	95.8900	67.4000
3253.4180	95.9000	67.1000
3260.7422	95.9100	66.9000
3268.0664	95.9200	66.7000
3275.3906	95.9400	66.5000
3282.7148	95.9600	66.3000
3290.0391	95.9800	66.1000
3297.3633	96.0200	65.8000
3304.6875	96.0500	65.5000
3312.0117	96.0800	65.1000
3319.3359	96.1100	64.7000
3326.6602	96.1300	64.3000
3333.9844	96.1400	63.9000
3341.3086	96.1500	63.4000
3348.6328	96.1500	63.0000
3355.9570	96.1500	62.6000
3363.2813	96.1400	62.2000
3370.6055	96.1300	61.8000
3377.9297	96.1200	61.5000
3385.2539	96.1200	61.2000
3392.5781	96.1100	60.9000
3399.9023	96.1100	60.6000
3407.2266	96.1100	60.2000
3414.5508	96.1000	59.9000
3421.8750	96.0900	59.6000
3429.1992	96.0800	59.3000
3436.5234	96.0700	59.0000
3443.8477	96.0600	58.7000
3451.1719	96.0500	58.4000
3458.4961	96.0300	58.1000
3465.8203	96.0200	57.8000
3473.1445	96.0100	57.6000
3480.4688	96.0000	57.3000
3487.7930	95.9800	57.1000
3495.1172	95.9700	56.8000
3502.4414	95.9500	56.6000
3509.7656	95.9400	56.4000
3517.0898	95.9300	56.2000
3524.4141	95.9100	56.0000
3531.7383	95.9000	55.8000
3539.0625	95.9000	55.7000
3546.3867	95.8900	55.5000
3553.7109	95.8800	55.3000
3561.0352	95.8800	55.1000
3568.3594	95.8700	55.0000
3575.6836	95.8700	54.8000
3583.0078	95.8700	54.6000
3590.3320	95.8700	54.4000
3597.6563	95.8600	54.3000
3604.9805	95.8600	54.1000
3612.3047	95.8600	53.9000
3619.6289	95.8600	53.8000
3626.9531	95.8600	53.6000
3634.2773	95.8700	53.5000
3641.6016	95.8800	53.3000
3648.9258	95.8900	53.1000
3656.2500	95.9100	52.9000
3663.5742	95.9300	52.7000
3672.3633	95.9500	52.3000
3681.1523	95.9600	52.0000
3689.9414	95.9800	51.5000
3698.7305	95.9800	51.1000
3707.5195	95.9900	50.7000
3716.3086	95.9800	50.2000
3725.0977	95.9700	49.7000
3733.8867	95.9500	49.3000
3742.6758	95.9300	48.9000
3751.4648	95.9100	48.5000
3760.2539	95.8900	48.1000
3769.0430	95.8600	47.7000
3777.8320	95.8300	47.4000
3786.6211	95.8100	47.1000
3795.4102	95.7900	46.8000
3804.1992	95.7700	46.5000
3812.9883	95.7600	46.2000
3821.7773	95.7400	45.8000
3830.5664	95.7200	45.4000
3839.3555	95.6900	45.1000
3848.1445	95.6600	44.7000
3856.9336	95.6300	44.3000
3865.7227	95.5900	43.9000
3874.5117	95.5500	43.6000
3883.3008	95.5100	43.2000
3892.0898	95.4600	42.9000
3900.8789	95.4100	42.6000
3909.6680	95.3600	42.4000
3918.4570	95.3100	42.2000
3927.2461	95.2600	42.0000
3936.0352	95.2200	41.7000
3944.8242	95.1800	41.5000
3953.6133	95.1300	41.3000
3962.4023	95.0800	41.1000
3971.1914	95.0300	40.9000
3979.9805	94.9800	40.7000
3988.7695	94.9300	40.5000
3997.5586	94.8700	40.3000
4006.3477	94.8100	40.2000
4015.1367	94.7400	40.1000
4023.9258	94.6800	40.0000
4032.7148	94.6200	40.0000
4041.5039	94.5600	39.9000
4050.2930	94.5000	39.9000
4059.0820	94.4300	39.9000
4067.8711	94.3700	40.0000
4076.6602	94.3100	40.1000
4085.4492	94.2500	40.2000
4094.2383	94.1900	40.4000
4103.0273	94.1400	40.6000
4111.8164	94.0900	40.8000
4120.6055	94.0500	41.1000
4129.3945	94.0200	41.3000
4138.1836	93.9900	41.5000
4146.9727	93.9600	41.7000
4155.7617	93.9300	42.0000
4164.5508	93.9000	42.2000
4173.3398	93.8800	42.5000
4182.1289	93.8700	42.8000
4190.9180	93.8500	43.0000
4199.7070	93.8400	43.3000
4208.4961	93.8400	43.5000
4217.2852	93.8300	43.8000
4226.0742	93.8200	44.0000
4234.8633	93.8200	44.3000
4243.6523	93.8200	44.6000
4252.4414	93.8300	44.9000
4261.2305	93.8400	45.2000
4270.0195	93.8600	45.5000
4278.8086	93.8900	45.7000
4287.5977	93.9200	46.0000
4296.3867	93.9500	46.1000
4305.1758	93.9800	46.3000
4313.9648	94.0100	46.5000
4322.7539	94.0500	46.6000
4331.5430	94.0800	46.7000
4340.3320	94.1100	46.8000
4349.1211	94.1400	46.9000
4357.9102	94.1800	47.0000
4366.6992	94.2100	47.1000
4375.4883	94.2500	47.2000
4384.2773	94.3000	47.2000
4393.0664	94.3400	47.3000
4401.8555	94.3900	47.3000
4412.1094	94.4400	47.3000
4422.3633	94.5000	47.2000
4432.6172	94.5500	47.1000
4442.8711	94.6000	47.0000
4453.1250	94.6500	46.9000
4463.3789	94.7000	46.7000
4473.6328	94.7500	46.5000
4483.8867	94.8000	46.4000
4494.1406	94.8400	46.2000
4504.3945	94.8900	45.9000
4514.6484	94.9400	45.7000
4524.9023	94.9800	45.4000
4535.1563	95.0300	45.1000
4545.4102	95.0600	44.7000
4555.6641	95.1000	44.4000
4565.9180	95.1300	44.0000
4576.1719	95.1600	43.6000
4586.4258	95.1800	43.2000
4596.6797	95.2100	42.8000
4606.9336	95.2300	42.4000
4617.1875	95.2400	41.9000
4627.4414	95.2400	41.5000
4637.6953	95.2400	41.1000
4647.9492	95.2400	40.7000
4658.2031	95.2300	40.3000
4668.4570	95.2200	39.9000
4678.7109	95.2000	39.5000
4688.9648	95.1900	39.1000
4699.2188	95.1700	38.8000
4709.4727	95.1500	38.5000
4719.7266	95.1200	38.2000
4729.9805	95.1000	37.9000
4740.2344	95.0800	37.6000
4750.4883	95.0500	37.3000
4760.7422	95.0200	37.1000
4770.9961	95.0000	36.8000
4781.2500	94.9700	36.6000
4791.5039	94.9500	36.3000
4801.7578	94.9200	36.1000
4812.0117	94.8900	35.9000
4822.2656	94.8500	35.6000
4832.5195	94.8100	35.4000
4842.7734	94.7600	35.3000
4853.0273	94.7200	35.2000
4863.2813	94.6800	35.2000
4873.5352	94.6400	35.2000
4883.7891	94.6100	35.2000
4894.0430	94.5900	35.2000
4904.2969	94.5600	35.2000
4914.5508	94.5400	35.2000
4924.8047	94.5300	35.2000
4935.0586	94.5100	35.2000
4945.3125	94.4900	35.1000
4955.5664	94.4700	35.2000
4965.8203	94.4600	35.2000
4976.0742	94.4500	35.2000
4986.3281	94.4300	35.2000
4996.5820	94.4200	35.2000
5006.8359	94.4100	35.2000
5017.0898	94.4000	35.3000
5027.3438	94.4000	35.3000
5037.5977	94.4000	35.3000
5047.8516	94.4100	35.4000
5058.1055	94.4200	35.4000
5068.3594	94.4300	35.3000
5078.6133	94.4400	35.2000
5088.8672	94.4400	35.1000
5099.1211	94.4500	35.0000
5109.3750	94.4600	34.9000
5119.6289	94.4600	34.7000
5129.8828	94.4500	34.5000
5141.6016	94.4400	34.4000
5153.3203	94.4300	34.2000
5165.0391	94.4100	34.0000
5176.7578	94.4000	33.9000
5188.4766	94.3900	33.8000
5200.1953	94.3700	33.6000
5211.9141	94.3500	33.5000
5223.6328	94.3200	33.3000
5235.3516	94.2900	33.2000
5247.0703	94.2600	33.1000
5258.7891	94.2400	33.0000
5270.5078	94.2100	33.0000
5282.2266	94.1700	32.9000
5293.9453	94.1400	32.9000
5305.6641	94.1100	32.9000
5317.3828	94.0800	32.9000
5329.1016	94.0500	32.9000
5340.8203	94.0100	33.0000
5352.5391	93.9800	33.1000
5364.2578	93.9500	33.2000
5375.9766	93.9200	33.3000
5387.6953	93.8900	33.5000
5399.4141	93.8700	33.7000
5411.1328	93.8500	33.9000
5422.8516	93.8300	34.1000
5434.5703	93.8100	34.3000
5446.2891	93.8100	34.6000
5458.0078	93.8000	34.8000
5469.7266	93.8000	35.1000
5481.4453	93.8100	35.3000
5493.1641	93.8200	35.6000
5504.8828	93.8300	35.8000
5516.6016	93.8500	36.1000
5528.3203	93.8700	36.3000
5540.0391	93.9000	36.5000
5551.7578	93.9300	36.7000
5563.4766	93.9600	36.9000
5575.1953	93.9900	37.0000
5586.9141	94.0300	37.1000
5598.6328	94.0700	37.3000
5610.3516	94.1100	37.4000
5622.0703	94.1600	37.5000
5633.7891	94.2100	37.5000
5645.5078	94.2500	37.5000
5657.2266	94.3000	37.4000
5668.9453	94.3400	37.4000
5680.6641	94.3800	37.3000
5692.3828	94.4200	37.2000
5704.1016	94.4600	37.2000
5715.8203	94.5000	37.0000
5727.5391	94.5400	36.9000
5739.2578	94.5800	36.7000
5750.9766	94.6100	36.5000
5762.6953	94.6400	36.3000
5774.4141	94.6700	36.1000
5786.1328	94.6900	35.9000
5797.8516	94.7200	35.7000
5809.5703	94.7400	35.5000
5821.2891	94.7600	35.3000
5833.0078	94.7800	35.1000
5844.7266	94.7900	34.8000
5856.4453	94.8100	34.6000
5868.1641	94.8200	34.4000
5881.3477	94.8300	34.1000
5894.5313	94.8400	33.8000
5907.7148	94.8500	33.6000
5920.8984	94.8500	33.3000
5934.0820	94.8400	33.0000
5947.2656	94.8400	32.7000
5960.4492	94.8300	32.5000
5973.6328	94.8200	32.3000
5986.8164	94.8100	32.1000
6000.0000	94.8000	31.8000
6013.1836	94.7800	31.6000
6026.3672	94.7500	31.4000
6039.5508	94.7300	31.3000
6052.7344	94.7100	31.2000
6065.9180	94.6800	31.0000
6079.1016	94.6500	30.9000
6092.2852	94.6300	30.9000
6105.4688	94.5900	30.8000
6118.6523	94.5600	30.8000
6131.8359	94.5300	30.9000
6145.0195	94.5000	30.9000
6158.2031	94.4800	31.0000
6171.3867	94.4600	31.2000
6184.5703	94.4400	31.3000
6197.7539	94.4300	31.5000
6210.9375	94.4200	31.7000
6224.1211	94.4200	31.9000
6237.3047	94.4200	32.1000
6250.4883	94.4200	32.3000
6263.6719	94.4300	32.6000
6276.8555	94.4500	32.8000
6290.0391	94.4600	33.0000
6303.2227	94.4800	33.2000
6316.4063	94.5100	33.5000
6329.5898	94.5500	33.7000
6342.7734	94.5900	33.9000
6355.9570	94.6400	34.1000
6369.1406	94.6800	34.3000
6382.3242	94.7400	34.4000
6395.5078	94.8000	34.6000
6408.6914	94.8600	34.7000
6421.8750	94.9300	34.7000
6435.0586	95.0000	34.7000
6448.2422	95.0700	34.7000
6461.4258	95.1400	34.6000
6474.6094	95.2200	34.5000
6487.7930	95.2900	34.4000
6500.9766	95.3600	34.2000
6514.1602	95.4400	34.0000
6527.3438	95.5100	33.8000
6540.5273	95.5800	33.4000
6553.7109	95.6500	33.1000
6566.8945	95.7200	32.7000
6580.0781	95.7800	32.3000
6593.2617	95.8400	31.8000
6607.9102	95.8900	31.3000
6622.5586	95.9500	30.7000
6637.2070	95.9900	30.1000
6651.8555	96.0300	29.4000
6666.5039	96.0500	28.8000
6681.1523	96.0800	28.1000
6695.8008	96.0900	27.4000
6710.4492	96.0900	26.8000
6725.0977	96.0900	26.1000
6739.7461	96.0700	25.5000
6754.3945	96.0600	24.8000
6769.0430	96.0300	24.2000
6783.6914	96.0000	23.6000
6798.3398	95.9700	23.1000
6812.9883	95.9300	22.5000
6827.6367	95.8800	22.0000
6842.2852	95.8200	21.5000
6856.9336	95.7600	21.0000
6871.5820	95.7000	20.6000
6886.2305	95.6300	20.3000
6900.8789	95.5500	20.0000
6915.5273	95.4800	19.7000
6930.1758	95.4000	19.5000
6944.8242	95.3300	19.4000
6959.4727	95.2500	19.3000
6974.1211	95.1800	19.3000
6988.7695	95.1200	19.3000
7003.4180	95.0500	19.4000
7018.0664	95.0000	19.5000
7032.7148	94.9400	19.6000
7047.3633	94.9000	19.8000
7062.0117	94.8600	20.0000
7076.6602	94.8200	20.2000
7091.3086	94.7900	20.4000
7105.9570	94.7800	20.7000
7120.6055	94.7600	20.9000
7135.2539	94.7500	21.1000
7149.9023	94.7500	21.3000
7164.5508	94.7500	21.5000
7179.1992	94.7600	21.7000
7193.8477	94.7800	21.8000
7208.4961	94.7900	21.9000
7223.1445	94.8100	22.0000
7237.7930	94.8300	22.0000
7252.4414	94.8400	22.1000
7267.0898	94.8600	22.1000
7281.7383	94.8800	22.0000
7296.3867	94.9000	22.0000
7311.0352	94.9100	21.9000
7325.6836	94.9200	21.8000
7341.7969	94.9300	21.7000
7357.9102	94.9400	21.6000
7374.0234	94.9500	21.5000
7390.1367	94.9500	21.4000
7406.2500	94.9500	21.3000
7422.3633	94.9400	21.2000
7438.4766	94.9300	21.1000
7454.5898	94.9200	21.0000
7470.7031	94.9100	20.9000
7486.8164	94.8900	20.9000
7502.9297	94.8800	20.8000
7519.0430	94.8600	20.8000
7535.1563	94.8400	20.9000
7551.2695	94.8200	21.0000
7567.3828	94.8100	21.1000
7583.4961	94.8000	21.2000
7599.6094	94.7900	21.4000
7615.7227	94.7800	21.6000
7631.8359	94.7900	21.8000
7647.9492	94.7900	22.0000
7664.0625	94.8100	22.3000
7680.1758	94.8300	22.5000
7696.2891	94.8600	22.7000
7712.4023	94.8900	23.0000
7728.5156	94.9400	23.2000
7744.6289	94.9900	23.3000
7760.7422	95.0500	23.4000
7776.8555	95.1100	23.5000
7792.9688	95.1700	23.6000
7809.0820	95.2300	23.6000
7825.1953	95.3000	23.5000
7841.3086	95.3600	23.4000
7857.4219	95.4200	23.3000
7873.5352	95.4900	23.2000
7889.6484	95.5500	23.0000
7905.7617	95.6100	22.8000
7921.8750	95.6800	22.5000
7937.9883	95.7400	22.2000
7954.1016	95.7900	21.9000
7970.2148	95.8400	21.5000
7986.3281	95.8900	21.1000
8002.4414	95.9400	20.7000
8018.5547	95.9800	20.3000
8034.6680	96.0200	19.9000
8050.7813	96.0500	19.4000
8066.8945	96.0800	18.9000
8084.4727	96.1000	18.4000
8102.0508	96.1300	17.8000
8119.6289	96.1400	17.2000
8137.2070	96.1400	16.6000
8154.7852	96.1400	16.0000
8172.3633	96.1300	15.4000
8189.9414	96.1100	14.9000
8207.5195	96.0900	14.3000
8225.0977	96.0600	13.8000
8242.6758	96.0200	13.3000
8260.2539	95.9700	12.8000
8277.8320	95.9200	12.4000
8295.4102	95.8700	12.0000
8312.9883	95.8100	11.6000
8330.5664	95.7500	11.3000
8348.1445	95.6800	11.0000
8365.7227	95.6100	10.8000
8383.3008	95.5400	10.6000
8400.8789	95.4700	10.5000
8418.4570	95.4000	10.5000
8436.0352	95.3300	10.5000
8453.6133	95.2600	10.5000
8471.1914	95.1900	10.7000
8488.7695	95.1200	10.9000
8506.3477	95.0600	11.1000
8523.9258	95.0100	11.4000
8541.5039	94.9700	11.8000
8559.0820	94.9300	12.2000
8576.6602	94.9000	12.7000
8594.2383	94.8900	13.2000
8611.8164	94.8900	13.7000
8629.3945	94.9000	14.2000
8646.9727	94.9200	14.8000
8664.5508	94.9600	15.3000
8682.1289	95.0100	15.7000
8699.7070	95.0800	16.2000
8717.2852	95.1500	16.5000
8734.8633	95.2400	16.8000
8752.4414	95.3300	17.1000
8770.0195	95.4200	17.2000
8787.5977	95.5200	17.3000
8805.1758	95.6300	17.3000
8824.2188	95.7400	17.2000
8843.2617	95.8500	17.0000
8862.3047	95.9600	16.8000
8881.3477	96.0700	16.4000
8900.3906	96.1700	16.0000
8919.4336	96.2700	15.5000
8938.4766	96.3600	15.0000
8957.5195	96.4400	14.3000
8976.5625	96.5100	13.7000
8995.6055	96.5700	13.0000
9014.6484	96.6200	12.2000
9033.6914	96.6600	11.5000
9052.7344	96.6900	10.7000
9071.7773	96.7100	9.9000
9090.8203	96.7300	9.1000
9109.8633	96.7300	8.3000
9128.9063	96.7200	7.5000
9147.9492	96.7000	6.7000
9166.9922	96.6800	6.0000
9186.0352	96.6400	5.3000
9205.0781	96.6000	4.6000
9224.1211	96.5600	4.0000
9243.1641	96.5100	3.4000
9262.2070	96.4500	2.8000
9281.2500	96.3900	2.3000
9300.2930	96.3300	1.8000
9319.3359	96.2600	1.3000
9338.3789	96.1900	0.9000
9357.4219	96.1100	0.5000
9376.4648	96.0400	0.2000
9395.5078	95.9600	-0.1000
9414.5508	95.8800	-0.3000
9433.5938	95.8000	-0.5000
9452.6367	95.7100	-0.6000
9471.6797	95.6300	-0.6000
9490.7227	95.5600	-0.6000
9509.7656	95.4900	-0.5000
9528.8086	95.4200	-0.4000
9549.3164	95.3500	-0.2000
9569.8242	95.2900	0.1000
9590.3320	95.2500	0.4000
9610.8398	95.2100	0.7000
9631.3477	95.1800	1.1000
9651.8555	95.1700	1.4000
9672.3633	95.1600	1.8000
9692.8711	95.1700	2.2000
9713.3789	95.1800	2.5000
9733.8867	95.2100	2.8000
9754.3945	95.2500	3.1000
9774.9023	95.2900	3.4000
9795.4102	95.3400	3.6000
9815.9180	95.4000	3.8000
9836.4258	95.4700	4.0000
9856.9336	95.5500	4.1000
9877.4414	95.6300	4.1000
9897.9492	95.7200	4.0000
9918.4570	95.8100	3.8000
9938.9648	95.9000	3.6000
9959.4727	95.9900	3.2000
9979.9805	96.0700	2.8000
10000.4880	96.1500	2.3000
10020.9960	96.2200	1.7000
10041.5040	96.2800	1.1000
10062.0120	96.3400	0.4000
10082.5200	96.3800	-0.4000
10103.0270	96.4000	-1.2000
10123.5350	96.4100	-2.0000
10144.0430	96.4200	-2.8000
10164.5510	96.4000	-3.7000
10185.0590	96.3800	-4.5000
10205.5660	96.3400	-5.2000
10226.0740	96.3000	-6.0000
10246.5820	96.2400	-6.7000
10267.0900	96.1700	-7.4000
10289.0630	96.0900	-8.0000
10311.0350	96.0100	-8.6000
10333.0080	95.9100	-9.1000
10354.9800	95.8100	-9.5000
10376.9530	95.7100	-9.9000
10398.9260	95.6000	-10.1000
10420.8980	95.5000	-10.3000
10442.8710	95.3900	-10.4000
10464.8440	95.2900	-10.4000
10486.8160	95.1900	-10.4000
10508.7890	95.1000	-10.2000
10530.7620	95.0200	-10.0000
10552.7340	94.9500	-9.6000
10574.7070	94.8900	-9.3000
10596.6800	94.8400	-8.9000
10618.6520	94.8200	-8.5000
10640.6250	94.8000	-8.1000
10662.5980	94.7900	-7.7000
10684.5700	94.8000	-7.3000
10706.5430	94.8200	-7.0000
10728.5160	94.8500	-6.7000
10750.4880	94.8900	-6.4000
10772.4610	94.9300	-6.2000
10794.4340	94.9900	-6.0000
10816.4060	95.0400	-5.9000
10838.3790	95.1100	-5.9000
10860.3520	95.1700	-5.9000
10882.3240	95.2400	-5.9000
10904.2970	95.3200	-6.1000
10926.2700	95.3900	-6.3000
10948.2420	95.4600	-6.6000
10970.2150	95.5300	-7.0000
10992.1880	95.5900	-7.4000
11015.6250	95.6600	-7.9000
11039.0630	95.7100	-8.5000
11062.5000	95.7500	-9.2000
11085.9380	95.7800	-9.9000
11109.3750	95.8100	-10.6000
11132.8130	95.8200	-11.3000
11156.2500	95.8200	-12.0000
11179.6880	95.8200	-12.8000
11203.1250	95.8000	-13.5000
11226.5630	95.7800	-14.2000
11250.0000	95.7400	-14.9000
11273.4380	95.7000	-15.6000
11296.8750	95.6500	-16.2000
11320.3130	95.6000	-16.8000
11343.7500	95.5300	-17.4000
11367.1880	95.4600	-17.9000
11390.6250	95.3900	-18.3000
11414.0630	95.3200	-18.7000
11437.5000	95.2500	-19.1000
11460.9380	95.1800	-19.3000
11484.3750	95.1200	-19.6000
11507.8130	95.0600	-19.8000
11531.2500	95.0000	-20.0000
11554.6880	94.9500	-20.1000
11578.1250	94.9000	-20.3000
11601.5630	94.8600	-20.5000
11625.0000	94.8200	-20.6000
11648.4380	94.7700	-20.8000
11671.8750	94.7300	-21.0000
11695.3130	94.6900	-21.1000
11718.7500	94.6600	-21.3000
11743.6520	94.6200	-21.4000
11768.5550	94.5800	-21.6000
11793.4570	94.5400	-21.7000
11818.3590	94.5100	-21.9000
11843.2620	94.4800	-22.0000
11868.1640	94.4400	-22.2000
11893.0660	94.4100	-22.4000
11917.9690	94.3700	-22.5000
11942.8710	94.3300	-22.7000
11967.7730	94.2900	-22.8000
11992.6760	94.2500	-22.9000
12017.5780	94.2100	-23.0000
12042.4800	94.1700	-23.1000
12067.3830	94.1400	-23.1000
12092.2850	94.1100	-23.1000
12117.1880	94.0900	-23.0000
12142.0900	94.0800	-23.0000
12166.9920	94.0700	-23.0000
12191.8950	94.0800	-23.0000
12216.7970	94.0900	-23.0000
12241.6990	94.1100	-23.1000
12266.6020	94.1300	-23.2000
12291.5040	94.1600	-23.4000
12316.4060	94.1900	-23.6000
12341.3090	94.2200	-23.9000
12366.2110	94.2500	-24.3000
12391.1130	94.2800	-24.7000
12416.0160	94.3000	-25.2000
12440.9180	94.3200	-25.8000
12465.8200	94.3400	-26.4000
12492.1880	94.3400	-27.1000
12518.5550	94.3400	-27.9000
12544.9220	94.3200	-28.7000
12571.2890	94.2900	-29.5000
12597.6560	94.2500	-30.4000
12624.0230	94.2000	-31.2000
12650.3910	94.1300	-32.1000
12676.7580	94.0400	-32.9000
12703.1250	93.9400	-33.7000
12729.4920	93.8300	-34.4000
12755.8590	93.7000	-35.1000
12782.2270	93.5700	-35.7000
12808.5940	93.4200	-36.2000
12834.9610	93.2600	-36.6000
12861.3280	93.1000	-36.8000
12887.6950	92.9300	-37.0000
12914.0630	92.7700	-37.0000
12940.4300	92.6100	-36.8000
12966.7970	92.4600	-36.5000
12993.1640	92.3200	-36.1000
13019.5310	92.2000	-35.5000
13045.8980	92.1100	-34.9000
13072.2660	92.0400	-34.2000
13098.6330	92.0000	-33.6000
13125.0000	91.9800	-32.9000
13151.3670	91.9900	-32.4000
13177.7340	92.0100	-31.9000
13204.1020	92.0400	-31.6000
13231.9340	92.0800	-31.3000
13259.7660	92.1300	-31.2000
13287.5980	92.1800	-31.2000
13315.4300	92.2300	-31.3000
13343.2620	92.2800	-31.5000
13371.0940	92.3200	-31.9000
13398.9260	92.3500	-32.3000
13426.7580	92.3800	-32.7000
13454.5900	92.3900	-33.3000
13482.4220	92.3800	-33.8000
13510.2540	92.3700	-34.4000
13538.0860	92.3400	-34.9000
13565.9180	92.3100	-35.5000
13593.7500	92.2700	-36.0000
13621.5820	92.2200	-36.4000
13649.4140	92.1800	-36.9000
13677.2460	92.1300	-37.3000
13705.0780	92.0800	-37.8000
13732.9100	92.0300	-38.2000
13760.7420	91.9800	-38.7000
13788.5740	91.9200	-39.2000
13816.4060	91.8500	-39.7000
13844.2380	91.7800	-40.2000
13872.0700	91.7100	-40.7000
13899.9020	91.6200	-41.2000
13927.7340	91.5300	-41.7000
13957.0310	91.4200	-42.2000
13986.3280	91.3000	-42.7000
14015.6250	91.1600	-43.1000
14044.9220	91.0100	-43.5000
14074.2190	90.8500	-43.7000
14103.5160	90.6700	-43.8000
14132.8130	90.4900	-43.8000
14162.1090	90.3000	-43.5000
14191.4060	90.1200	-43.0000
14220.7030	89.9600	-42.3000
14250.0000	89.8200	-41.4000
14279.2970	89.7200	-40.4000
14308.5940	89.6600	-39.3000
14337.8910	89.6400	-38.1000
14367.1880	89.6700	-37.0000
14396.4840	89.7400	-36.0000
14425.7810	89.8400	-35.2000
14455.0780	89.9700	-34.6000
14484.3750	90.1200	-34.3000
14513.6720	90.2800	-34.2000
14542.9690	90.4400	-34.4000
14572.2660	90.6000	-34.9000
14601.5630	90.7400	-35.6000
14630.8590	90.8700	-36.6000
14660.1560	90.9700	-37.7000
14690.9180	91.0400	-39.1000
14721.6800	91.0800	-40.6000
14752.4410	91.0800	-42.1000
14783.2030	91.0500	-43.7000
14813.9650	90.9800	-45.3000
14844.7270	90.8800	-46.9000
14875.4880	90.7500	-48.5000
14906.2500	90.5800	-50.0000
14937.0120	90.3800	-51.4000
14967.7730	90.1400	-52.6000
14998.5350	89.8800	-53.7000
15029.2970	89.5900	-54.5000
15060.0590	89.2800	-55.2000
15090.8200	88.9400	-55.5000
15121.5820	88.6000	-55.4000
15152.3440	88.2700	-55.0000
15183.1050	87.9500	-54.2000
15213.8670	87.6600	-53.0000
15244.6290	87.4200	-51.6000
15275.3910	87.2300	-49.8000
15306.1520	87.1200	-48.0000
15336.9140	87.0800	-46.1000
15367.6760	87.1100	-44.3000
15398.4380	87.2000	-42.8000
15430.6640	87.3500	-41.6000
15462.8910	87.5200	-40.8000
15495.1170	87.7100	-40.5000
15527.3440	87.9000	-40.5000
15559.5700	88.0600	-40.9000
15591.7970	88.1900	-41.6000
15624.0230	88.2900	-42.6000
15656.2500	88.3500	-43.6000
15688.4770	88.3600	-44.7000
15720.7030	88.3400	-45.9000
15752.9300	88.2900	-46.9000
15785.1560	88.2100	-48.0000
15817.3830	88.1100	-48.9000
15849.6090	87.9800	-49.7000
15881.8360	87.8500	-50.4000
15914.0630	87.7100	-50.9000
15946.2890	87.5600	-51.4000
15978.5160	87.4300	-51.7000
16010.7420	87.2900	-52.0000
16042.9690	87.1700	-52.2000
16075.1950	87.0500	-52.4000
16107.4220	86.9400	-52.7000
16139.6480	86.8300	-53.0000
16173.3400	86.7100	-53.4000
16207.0310	86.5700	-53.9000
16240.7230	86.4200	-54.3000
16274.4140	86.2500	-54.7000
16308.1050	86.0600	-55.0000
16341.7970	85.8500	-55.2000
16375.4880	85.6400	-55.3000
16409.1800	85.4100	-55.1000
16442.8710	85.1900	-54.8000
16476.5630	84.9700	-54.3000
16510.2540	84.7600	-53.6000
16543.9450	84.5700	-52.6000
16577.6370	84.4100	-51.5000
16611.3280	84.2900	-50.1000
16645.0200	84.2100	-48.7000
16678.7110	84.1900	-47.2000
16712.4020	84.2300	-45.8000
16746.0940	84.3200	-44.6000
16779.7850	84.4500	-43.7000
16813.4770	84.6100	-43.2000
16847.1680	84.7800	-43.0000
16882.3240	84.9600	-43.3000
16917.4800	85.1200	-44.0000
16952.6370	85.2600	-45.0000
16987.7930	85.3500	-46.4000
17022.9490	85.4000	-48.1000
17058.1050	85.3900	-50.0000
17093.2620	85.3100	-52.0000
17128.4180	85.1600	-54.1000
17163.5740	84.9300	-56.1000
17198.7300	84.6300	-58.0000
17233.8870	84.2500	-59.5000
17269.0430	83.8100	-60.7000
17304.1990	83.3200	-61.3000
17339.3550	82.7900	-61.3000
17374.5120	82.2500	-60.5000
17409.6680	81.7400	-58.9000
17444.8240	81.2900	-56.4000
17479.9800	80.9400	-53.3000
17515.1370	80.7500	-49.7000
17550.2930	80.7200	-46.0000
17585.4490	80.8500	-42.6000
17622.0700	81.1200	-39.8000
17658.6910	81.4800	-37.9000
17695.3130	81.8600	-37.0000
17731.9340	82.2300	-37.0000
17768.5550	82.5500	-37.7000
17805.1760	82.8100	-38.9000
17841.7970	82.9900	-40.5000
17878.4180	83.0900	-42.5000
17915.0390	83.1000	-44.5000
17951.6600	83.0400	-46.7000
17988.2810	82.8900	-48.7000
18024.9020	82.6600	-50.7000
18061.5230	82.3600	-52.3000
18098.1450	82.0000	-53.6000
18134.7660	81.5900	-54.4000
18171.3870	81.1400	-54.8000
18208.0080	80.6700	-54.5000
18244.6290	80.2200	-53.6000
18281.2500	79.8000	-52.0000
18317.8710	79.4300	-50.0000
18355.9570	79.1300	-47.5000
18394.0430	78.9300	-44.6000
18432.1290	78.8500	-41.6000
18470.2150	78.8900	-38.7000
18508.3010	79.0300	-36.3000
18546.3870	79.2500	-34.5000
18584.4730	79.5000	-33.3000
18622.5590	79.7500	-32.9000
18660.6450	79.9700	-33.0000
18698.7300	80.1400	-33.5000
18736.8160	80.2400	-34.3000
18774.9020	80.2900	-35.2000
18812.9880	80.2700	-36.2000
18851.0740	80.1900	-37.0000
18889.1600	80.0700	-37.6000
18927.2460	79.9100	-37.9000
18965.3320	79.7400	-37.8000
19003.4180	79.5800	-37.4000
19041.5040	79.4500	-36.6000
19079.5900	79.3800	-35.6000
19119.1410	79.3800	-34.5000
19158.6910	79.4600	-33.6000
19198.2420	79.5900	-33.1000
19237.7930	79.7600	-33.2000
19277.3440	79.9200	-33.9000
19316.8950	80.0500	-35.2000
19356.4450	80.1200	-37.0000
19395.9960	80.1200	-39.1000
19435.5470	80.0300	-41.5000
19475.0980	79.8200	-44.0000
19514.6480	79.5000	-46.6000
19554.1990	79.0500	-48.8000
19593.7500	78.4700	-50.5000
19633.3010	77.7600	-51.4000
19672.8520	76.9600	-51.1000
19712.4020	76.1100	-49.1000
19751.9530	75.3200	-45.2000
19791.5040	74.7500	-39.3000
19832.5200	74.5400	-32.1000
19873.5350	74.7800	-25.1000
19914.5510	75.3600	-19.7000
19955.5660	76.1100	-16.5000
19996.5820	76.9000	-15.4000
20037.5980	77.6000	-16.1000
20078.6130	78.1900	-18.0000
20119.6290	78.6300	-20.9000
20160.6450	78.9200	-24.4000
20201.6600	79.0500	-28.3000
20242.6760	79.0200	-32.4000
20283.6910	78.8500	-36.5000
20324.7070	78.5200	-40.5000
20365.7230	78.0500	-44.3000
20406.7380	77.4100	-47.7000
20447.7540	76.6100	-50.4000
20488.7700	75.6400	-52.1000
20529.7850	74.5300	-52.2000
20572.2660	73.2900	-50.1000
20614.7460	72.1000	-45.0000
20657.2270	71.2400	-36.9000
20699.7070	70.9600	-27.2000
20742.1880	71.3100	-18.7000
20784.6680	72.0200	-13.0000
20827.1480	72.8100	-10.2000
20869.6290	73.5100	-9.9000
20912.1090	74.0300	-11.2000
20954.5900	74.3300	-13.5000
20997.0700	74.4200	-16.3000
21039.5510	74.2700	-19.2000
21082.0310	73.9000	-21.8000
21124.5120	73.3200	-23.6000
21166.9920	72.5700	-24.1000
21209.4730	71.6800	-22.8000
21251.9530	70.7800	-19.2000
21295.8980	70.0100	-12.8000
21339.8440	69.6700	-4.3000
21383.7890	69.8800	4.4000
21427.7340	70.5400	11.1000
21471.6800	71.4000	15.2000
21515.6250	72.2600	16.7000
21559.5700	72.9800	16.2000
21603.5160	73.5100	14.5000
21647.4610	73.8300	12.0000
21691.4060	73.9300	9.2000
21735.3520	73.8200	6.3000
21779.2970	73.5000	3.9000
21823.2420	72.9500	2.1000
21867.1880	72.2000	1.7000
21911.1330	71.2600	3.3000
21955.0780	70.2500	7.9000
21999.0230	69.4500	16.3000
22044.4340	69.2700	27.9000
22089.8440	69.9200	39.0000
22135.2540	71.1200	46.7000
22180.6640	72.4400	50.5000
22226.0740	73.6700	51.3000
22271.4840	74.7000	50.3000
22316.8950	75.5400	48.0000
22362.3050	76.1800	45.1000
22407.7150	76.6400	41.7000
22453.1250	76.9200	38.1000
22498.5350	77.0400	34.6000
22543.9450	76.9900	31.3000
22589.3550	76.8000	28.5000
22634.7660	76.4800	26.5000
22680.1760	76.0500	25.5000
22725.5860	75.5800	25.8000
22772.4610	75.1100	27.7000
22819.3360	74.7700	31.2000
22866.2110	74.6900	35.8000
22913.0860	74.9200	40.6000
22959.9610	75.4400	44.4000
23006.8360	76.1100	46.6000
23053.7110	76.8200	47.2000
23100.5860	77.4500	46.4000
23147.4610	77.9600	44.6000
23194.3360	78.3300	42.4000
23241.2110	78.5600	39.9000
23288.0860	78.6600	37.6000
23334.9610	78.6500	35.6000
23381.8360	78.5500	34.1000
23428.7110	78.3900	33.3000
23475.5860	78.2000	33.2000
23523.9260	78.0400	34.0000
23572.2660	77.9600	35.6000
23620.6050	78.0200	37.6000
23668.9450	78.2300	39.5000
23717.2850	78.5700	40.8000
23765.6250	78.9700	41.3000
23813.9650	79.3900	40.9000
23862.3050	79.7800	39.7000
23910.6450	80.0800	37.8000
23958.9840	80.2800	35.6000
24007.3240	80.3600	33.1000
24055.6640	80.3300	30.9000
24104.0040	80.2000	29.0000
24152.3440	80.0000	27.8000
24200.6840	79.7800	27.4000
24250.4880	79.5900	27.8000
24300.2930	79.4800	28.9000
24350.0980	79.4900	30.4000
24399.9020	79.6400	32.0000
24449.7070	79.9200	33.3000
24499.5120	80.3000	33.9000
24549.3160	80.7300	33.7000
24599.1210	81.1700	32.6000
24648.9260	81.5500	30.8000
24698.7300	81.8700	28.3000
24748.5350	82.0900	25.5000
24798.3400	82.2000	22.4000
24848.1450	82.2200	19.3000
24897.9490	82.1500	16.4000
24947.7540	81.9800	13.7000
24999.0230	81.7200	11.4000
25050.2930	81.4000	9.8000
25101.5630	81.0700	9.1000
25152.8320	80.7600	9.1000
25204.1020	80.5200	9.9000
25255.3710	80.4100	11.2000
25306.6410	80.4400	12.6000
25357.9100	80.6100	13.7000
25409.1800	80.8900	14.2000
25460.4490	81.2300	13.8000
25511.7190	81.5600	12.5000
25562.9880	81.8500	10.3000
25614.2580	82.0500	7.6000
25665.5270	82.1400	4.5000
25718.2620	82.1300	1.1000
25770.9960	82.0200	-2.2000
25823.7300	81.8200	-5.3000
25876.4650	81.5300	-8.2000
25929.1990	81.1900	-10.6000
25981.9340	80.8100	-12.5000
26034.6680	80.4300	-13.9000
26087.4020	80.0700	-14.8000
26140.1370	79.7400	-15.3000
26192.8710	79.4600	-15.5000
26245.6050	79.2400	-15.5000
26298.3400	79.0800	-15.3000
26351.0740	79.0100	-15.2000
26403.8090	79.0100	-15.3000
26458.0080	79.0500	-15.9000
26512.2070	79.1000	-16.9000
26566.4060	79.1400	-18.4000
26620.6050	79.1400	-20.4000
26674.8050	79.0800	-22.7000
26729.0040	78.9500	-25.2000
26783.2030	78.7400	-27.8000
26837.4020	78.4500	-30.4000
26891.6020	78.1000	-32.7000
26945.8010	77.7200	-34.9000
27000.0000	77.3300	-36.9000
27054.1990	76.9400	-39.1000
27108.3980	76.5200	-41.3000
27164.0630	76.0400	-43.8000
27219.7270	75.5100	-46.2000
27275.3910	74.9100	-48.5000
27331.0550	74.2600	-50.5000
27386.7190	73.5500	-52.0000
27442.3830	72.8200	-52.8000
27498.0470	72.0800	-52.9000
27553.7110	71.3900	-52.3000
27609.3750	70.7800	-51.0000
27665.0390	70.2600	-49.6000
27720.7030	69.8100	-48.3000
27776.3670	69.3800	-47.3000
27832.0310	68.9500	-46.5000
27889.1600	68.4800	-46.0000
27946.2890	67.9600	-45.8000
28003.4180	67.4000	-45.8000
28060.5470	66.7500	-46.2000
28117.6760	66.0600	-46.8000
28174.8050	65.3000	-48.1000
28231.9340	64.4400	-50.5000
28289.0630	63.3300	-54.7000
28346.1910	61.8000	-60.7000
28403.3200	59.5800	-68.9000
28460.4490	56.1700	-80.1000
28517.5780	50.3600	-100.0000
28574.7070	42.5700	177.9000
28633.3010	50.5900	110.6000
28691.8950	55.0300	93.6000
28750.4880	57.2800	84.6000
28809.0820	58.5200	80.0000
28867.6760	59.3600	79.2000
28926.2700	60.2300	80.7000
28984.8630	61.2800	82.5000
29043.4570	62.4100	83.3000
29102.0510	63.4400	83.0000
29160.6450	64.3200	82.3000
29219.2380	65.0900	81.6000
29277.8320	65.7800	81.0000
29336.4260	66.3900	80.3000
29396.4840	66.9100	79.6000
29456.5430	67.3400	79.3000
29516.6020	67.7300	79.4000
29576.6600	68.1300	79.5000
29636.7190	68.5100	79.5000
29696.7770	68.8300	79.0000
29756.8360	69.0300	78.5000
29816.8950	69.1300	78.4000
29876.9530	69.1900	78.9000
29937.0120	69.3000	80.1000
29997.0700	69.5200	81.6000
30057.1290	69.8700	82.7000
30118.6520	70.3500	83.2000
30180.1760	70.8900	82.6000
30241.6990	71.4300	81.0000
30303.2230	71.9100	78.4000
30364.7460	72.3100	75.1000
30426.2700	72.5700	71.3000
30487.7930	72.6800	67.3000
30549.3160	72.6200	63.6000
30610.8400	72.3700	60.7000
30672.3630	71.9800	59.2000
30733.8870	71.5700	59.6000
30795.4100	71.3000	61.8000
30858.3980	71.3000	64.7000
30921.3870	71.5400	67.2000
30984.3750	71.8900	68.5000
31047.3630	72.2400	68.7000
31110.3520	72.5300	68.2000
31173.3400	72.7600	67.1000
31236.3280	72.9400	65.7000
31299.3160	73.0500	63.9000
31362.3050	73.1000	61.9000
31425.2930	73.0800	59.9000
31488.2810	72.9800	57.9000
31551.2700	72.8400	56.3000
31615.7230	72.6600	55.0000
31680.1760	72.4600	54.2000
31744.6290	72.2600	53.9000
31809.0820	72.0900	54.3000
31873.5350	72.0300	55.4000
31937.9880	72.1400	56.6000
32002.4410	72.4200	57.2000
32066.8950	72.7600	56.5000
32131.3480	73.0400	54.6000
32195.8010	73.1700	52.1000
32260.2540	73.1700	49.5000
32326.1720	73.0300	47.2000
32392.0900	72.7700	45.3000
32458.0080	72.4400	44.4000
32523.9260	72.0800	44.5000
32589.8440	71.8100	45.7000
32655.7620	71.7200	47.2000
32721.6800	71.7600	48.0000
32787.5980	71.8100	47.5000
32853.5160	71.7100	46.1000
32919.4340	71.4100	44.6000
32985.3520	70.9700	44.0000
33052.7340	70.5400	44.5000
33120.1170	70.2600	45.8000
33187.5000	70.1600	46.8000
33254.8830	70.1500	47.1000
33322.2660	70.1700	47.0000
33389.6480	70.2300	46.9000
33457.0310	70.3700	46.6000
33524.4140	70.5800	45.8000
33591.7970	70.8000	44.3000
33659.1800	70.9200	41.9000
33726.5630	70.8700	39.1000
33795.4100	70.5900	36.2000
33864.2580	70.0200	33.9000
33933.1050	69.2000	33.2000
34001.9530	68.2600	35.2000
34070.8010	67.5100	40.0000
34139.6480	67.2500	46.2000
34208.4960	67.4700	51.2000
34277.3440	67.9100	53.8000
34346.1910	68.3400	54.3000
34415.0390	68.6700	53.6000
34483.8870	68.8700	52.6000
34554.1990	68.9600	51.9000
34624.5120	68.9900	52.1000
34694.8240	69.0700	53.3000
34765.1370	69.2900	54.9000
34835.4490	69.6200	55.6000
34905.7620	69.8500	54.9000
34976.0740	69.8000	53.7000
35046.3870	69.4900	53.5000
35116.6990	69.1600	55.0000
35187.0120	69.0700	57.2000
35258.7890	69.1800	57.8000
35330.5660	69.1700	56.1000
35402.3440	68.8000	53.8000
35474.1210	68.1400	53.5000
35545.8980	67.6500	56.8000
35617.6760	67.8300	61.2000
35689.4530	68.5000	62.6000
35761.2300	69.0600	60.3000
35833.0080	69.1900	56.6000
35904.7850	68.9400	53.9000
35978.0270	68.5300	53.2000
36051.2700	68.2600	53.9000
36124.5120	68.1100	53.9000
36197.7540	67.8600	52.7000
36270.9960	67.3700	51.5000
36344.2380	66.7300	51.7000
36417.4800	66.2100	54.0000
36490.7230	66.0800	57.4000
36563.9650	66.4100	60.1000
36637.2070	67.0100	60.6000
36711.9140	67.6300	58.8000
36786.6210	68.0000	55.4000
36861.3280	67.9800	51.7000
36936.0350	67.5800	49.5000
37010.7420	66.9600	49.9000
37085.4490	66.3600	52.7000
37160.1560	65.9000	56.6000
37234.8630	65.5700	60.8000
37309.5700	65.3300	64.3000
37384.2770	65.0800	66.8000
37460.4490	64.7000	68.2000
37536.6210	64.1100	69.6000
37612.7930	63.4700	72.6000
37688.9650	63.2000	77.4000
37765.1370	63.5400	80.9000
37841.3090	64.1100	80.6000
37917.4800	64.3700	77.8000
37993.6520	64.1200	76.0000
38069.8240	63.6500	78.7000
38145.9960	63.7200	86.6000
38223.6330	64.8200	94.1000
38301.2700	66.2800	96.0000
38378.9060	67.3400	93.7000
38456.5430	67.7900	90.4000
38534.1800	67.7800	88.7000
38611.8160	67.6600	89.5000
38689.4530	67.7000	91.6000
38767.0900	67.8700	93.5000
38844.7270	68.1000	95.3000
38923.8280	68.4700	97.1000
39002.9300	69.0400	97.9000
39082.0310	69.7100	96.8000
39161.1330	70.2900	93.8000
39240.2340	70.7100	90.0000
39319.3360	71.0000	85.9000
39398.4380	71.2100	81.7000
39477.5390	71.3400	77.3000
39556.6410	71.2900	72.7000
39637.2070	70.9100	68.9000
39717.7730	70.3200	68.2000
39798.3400	70.0000	71.3000
39878.9060	70.3600	75.1000
39959.4730	71.1300	75.4000