1	52.21	-49.9
3	58.36	-132.1
3.04125	58.44	-133.1
3.08308	58.52	-134.1
3.12547	58.59	-135.2
3.16845	58.67	-136.2
3.21202	58.75	-137.2
3.25619	58.83	-138.3
3.30097	58.9	-139.3
3.34637	58.98	-140.4
3.39238	59.06	-141.4
3.43903	59.14	-142.4
3.48633	59.21	-143.5
3.53427	59.29	-144.5
3.58287	59.37	-145.5
3.63214	59.45	-146.6
3.68209	59.52	-147.6
3.73272	59.6	-148.6
3.78405	59.68	-149.7
3.83609	59.76	-150.7
3.88884	59.83	-151.7
3.94232	59.91	-152.8
3.99653	59.99	-153.8
4.05149	60.07	-154.8
4.1072	60.14	-155.8
4.16368	60.22	-156.9
4.22094	60.3	-157.9
4.27898	60.38	-158.8
4.33783	60.47	-159.8
4.39748	60.55	-160.7
4.45795	60.64	-161.5
4.51925	60.73	-162.3
4.5814	60.82	-163
4.6444	60.92	-163.8
4.70827	61.01	-164.5
4.77301	61.1	-165.3
4.83865	61.19	-166.1
4.90519	61.28	-167
4.97264	61.36	-167.8
5.04102	61.45	-168.7
5.11035	61.53	-169.7
5.18062	61.6	-170.7
5.25186	61.68	-171.8
5.32408	61.75	-173
5.3973	61.82	-174.2
5.47152	61.88	-175.6
5.54676	61.94	-177.2
5.62304	62	-177.9
5.70036	62.05	106.7
5.77875	62.1	178.2
5.85822	62.14	175.5
5.93878	62.18	172.9
6.02044	62.22	169.7
6.10323	62.26	166
6.18716	62.29	161.7
6.27224	62.33	156.8
6.3585	62.36	151.5
6.44594	62.39	145.6
6.53458	62.42	139.2
6.62444	62.44	132.5
6.71553	62.47	125.4
6.80788	62.49	118.1
6.9015	62.5	110.4
6.99641	62.51	102.5
7.09262	62.52	94.4
7.19015	62.52	86
7.28903	62.51	77.4
7.38926	62.49	68.3
7.49088	62.45	58.8
7.59389	62.39	48.6
7.69832	62.32	37.9
7.80418	62.24	26.6
7.9115	62.15	14.8
8.02029	62.06	2.6
8.13058	61.96	-9.9
8.24239	61.88	-22.5
8.35574	61.81	-35.3
8.47064	61.75	-48.2
8.58713	61.74	-60.9
8.70521	61.75	-73.7
8.82492	61.83	-86.3
8.94628	61.97	-99
9.0693	62.17	-111.6
9.19402	62.44	-124.3
9.32045	62.74	-137.1
9.44862	63.07	-150.3
9.57855	63.4	-164.4
9.71027	63.71	33.1
9.8438	63.98	174.9
9.97917	64.21	160
10.1164	64.37	147.7
10.25552	64.48	135.5
10.39654	64.54	123.4
10.53951	64.56	111.4
10.68445	64.56	99.4
10.83137	64.55	87.7
10.98032	64.53	76.4
11.13132	64.5	65.8
11.28439	64.48	55.9
11.43957	64.46	46.8
11.59688	64.45	38.9
11.75635	64.45	31.9
11.91802	64.46	25.9
12.08191	64.48	20.7
12.24806	64.53	16
12.41649	64.59	11.6
12.58723	64.7	7.4
12.76032	64.87	3.1
12.9358	65.12	-1.5
13.11368	65.5	-6.6
13.29402	66.04	-12.1
13.47683	66.76	-18.3
13.66216	67.62	-25.1
13.85003	68.52	-32.5
14.04049	69.42	-40.4
14.23357	70.24	-48.8
14.4293	70.93	-57.8
14.62773	71.48	-67.3
14.82888	71.9	-77.4
15.0328	72.22	-88.1
15.23952	72.46	-99.5
15.44909	72.63	-111.3
15.66154	72.72	-123.4
15.87691	72.72	-135.9
16.09524	72.61	-148.5
16.31657	72.35	-164.2
16.54095	71.93	-48.7
16.76841	71.33	174.6
16.999	70.56	163
17.23277	69.68	153.3
17.46974	68.67	146.7
17.70998	67.56	142.1
17.95352	66.35	139.3
18.20041	65.05	137.3
18.45069	63.69	135.6
18.70441	62.38	133.3
18.96163	61.2	130
19.22238	60.2	124.9
19.48671	59.43	118
19.75469	58.82	110.8
20.02634	58.34	105.9
20.30174	57.92	106.6
20.58091	57.5	111.7
20.86393	57.03	127.4
21.15084	56.48	152.5
21.4417	55.81	2.9
21.73656	55.01	-176
22.03547	54.04	-167.4
22.33849	52.91	-172.6
22.64568	51.86	-132.8
22.95709	51.07	157.9
23.27278	51.26	160.4
23.59282	51.95	160.2
23.91725	53.52	169
24.24615	55.15	-82.5
24.57957	56.53	-166.2
24.91758	57.51	-155.5
25.26023	58.06	-154.7
25.6076	58.29	-156.9
25.95974	58.4	-163.8
26.31673	58.46	-170.1
26.67862	58.55	-176
27.0455	58.63	-150.5
27.41741	58.71	156.3
27.79444	58.69	170.7
28.17666	58.6	162.2
28.56413	58.32	152.7
28.95693	57.79	143.8
29.35513	56.91	137.4
29.75881	55.56	134
30.16804	53.82	134.4
30.58289	51.99	136.5
31.00345	50.41	142.7
31.4298	49.42	151.8
31.86201	49.51	164
32.30016	50.29	157.5
32.74433	51.87	-142.6
33.19462	53.34	-173.4
33.65109	54.4	-171.5
34.11385	55.01	-175.6
34.58296	54.99	32.9
35.05853	54.8	176.5
35.54064	54.12	176.3
36.02938	53.26	-66.8
36.52483	52.52	-177.4
37.02711	52.09	-175.4
37.53628	52.07	-175.4
38.05246	52.09	-174.3
38.57574	52.19	-169.7
39.10622	52.43	-162.9
39.64399	52.99	-157.4
40.18915	53.98	-154.6
40.74181	55.23	-154
41.30208	56.46	-154.5
41.87004	57.62	-156
42.44582	58.66	-158.8
43.02951	59.61	-162.9
43.62123	60.49	-168.8
44.22109	61.31	-175.3
44.8292	62.04	69.8
45.44567	62.59	171
46.07061	62.9	159.5
46.70415	62.89	149.4
47.34641	62.71	140
47.99749	62.16	132.1
48.65753	61.46	125.9
49.32664	60.74	122.8
50.00496	60.14	121.7
50.6926	59.74	122.4
51.3897	59.83	122.4
52.09639	60.17	121.8
52.81279	60.83	118.6
53.53905	61.53	113.9
54.27529	62.24	107.2
55.02166	62.93	97.9
55.77829	63.48	85.8
56.54532	63.76	71.3
57.32291	63.85	54.3
58.11118	63.66	35.4
58.9103	63.24	14.3
59.7204	62.52	-8.9
60.54165	61.52	-34.6
61.37419	60.31	-62.9
62.21818	58.96	-95.1
63.07377	57.53	-133.5
63.94113	56.13	35.2
64.82042	54.89	170.8
65.7118	53.87	134.2
66.61543	53.14	105
67.5315	52.4	78.2
68.46016	51.44	54.3
69.40159	50.03	34.3
70.35596	48.29	29.5
71.32346	46.38	29.3
72.30427	44.54	49.7
73.29856	43.23	79.9
74.30653	42.44	110
75.32835	42.13	129.8
76.36423	41.76	137.1
77.41436	41.32	141.8
78.47892	40.85	147.7
79.55812	40.75	156.1
80.65217	40.77	164
81.76126	41.16	169.3
82.8856	41.72	172.2
84.0254	42.32	172.5
85.18088	42.82	170.4
86.35224	43.03	167
87.53971	43.17	164.3
88.74352	43.31	162.6
89.96387	43.6	161.7
91.20101	43.97	160.9
92.45517	44.39	160
93.72656	44.79	157.8
95.01544	45.03	157.6
96.32205	45.29	158
97.64662	45.81	160.5
98.98941	46.7	161.6
100.35067	47.8	161.7
101.73064	48.92	160.4
103.12959	50.06	157.6
104.54778	51.21	152.7
105.98547	52.28	144.8
107.44293	53.1	134.7
108.92043	53.53	123
110.41825	53.7	110.3
111.93667	53.62	96.9
113.47596	53.36	84
115.03643	52.75	72.3
116.61835	51.7	62.6
118.22203	50.36	55.7
119.84776	48.85	51.2
121.49585	47.38	48.6
123.1666	46.15	47.6
124.86033	45.07	47.6
126.57735	44.13	48.9
128.31798	43.24	50.8
130.08254	42.4	51.2
131.87137	41.55	49.8
133.68481	40.51	46.5
135.52317	39.18	44.9
137.38682	37.6	44.6
139.2761	36	47.9
141.19135	34.67	53.4
143.13295	33.74	60.9
145.10124	33.19	69.3
147.0966	33.27	75
149.1194	33.57	77.9
151.17002	33.94	79
153.24884	34.18	80.8
155.35624	34.35	83.8
157.49262	34.48	88.7
159.65838	34.74	95.3
161.85393	35.15	100.4
164.07966	35.65	103
166.336	35.95	97.9
168.62338	35.91	87.4
170.9422	35.59	71.6
173.29291	35	55.2
175.67595	34.23	45.8
178.09176	33.36	36.9
180.54079	32.48	19.4
183.0235	31.98	-14.6
185.54035	31.88	-55.4
188.09181	32.34	-88.6
190.67836	33.27	-109.3
193.30047	34.53	-125.6
195.95865	35.94	-139.6
198.65337	37.35	-149
201.38516	38.86	-156.6
204.15451	40.43	-163.9
206.96194	41.83	-175.8
209.80798	43.03	-50.6
212.69315	44.1	165.4
215.61801	45.14	152.9
218.58308	46.18	139.3
221.58893	47.1	124.6
224.63611	47.84	107.2
227.72519	47.99	88.2
230.85676	47.95	69
234.03139	47.29	50.9
237.24967	46.41	34.8
240.51221	45.31	20.4
243.81962	44.04	7.9
247.17251	42.58	-2.2
250.5715	41.07	-8.7
254.01724	39.56	-12.2
257.51036	38.1	-13
261.05151	36.73	-12.9
264.64137	35.72	-12.6
268.28058	35.24	-13.2
271.96985	35.42	-15.1
275.70984	35.97	-18.5
279.50127	36.58	-23.1
283.34483	36.93	-27.9
287.24125	37.02	-32.7
291.19125	36.98	-37.1
295.19557	36.97	-41.2
299.25496	37	-46.2
303.37016	37.19	-52.7
307.54196	37.36	-61.3
311.77113	37.4	-71
316.05845	37.4	-81.3
320.40473	37.26	-90.7
324.81078	36.96	-98.5
329.27742	36.45	-104.8
333.80548	35.69	-109.7
338.39581	34.89	-114.2
343.04926	34.15	-118.2
347.76671	33.56	-121.7
352.54902	33.02	-124.7
357.3971	32.44	-128
362.31185	31.72	-131.5
367.29419	30.76	-133.2
372.34504	29.67	-132.8
377.46534	28.64	-129.1
382.65606	27.98	-124.8
387.91816	27.6	-124.2
393.25262	27.29	-125.6
398.66044	26.69	-129.5
404.14262	26.2	-135.5
409.70019	26.01	-145.3
415.33419	26.53	-163
421.04566	26.91	6
426.83567	26.99	159.3
432.70531	26.46	121.3
438.65566	25.74	82.5
444.68783	25.49	45.9
450.80296	25.56	15.6
457.00218	25.92	-4.8
463.28665	26.03	-18.2
469.65754	25.9	-27.5
476.11604	25.37	-35.2
482.66336	24.96	-45.2
489.30071	24.72	-58.8
496.02933	24.6	-78.2
502.85048	24.34	-84
509.76543	24.16	-84
516.77548	24.44	-59.4
523.88192	25.07	-36.2
531.08609	25.81	-20
538.38932	26.32	-11.5
545.79299	26.77	-2.8
553.29847	27.24	3.6
560.90715	27.72	7.2
568.62047	27.94	5.4
576.43986	27.93	2.6
584.36678	27.82	0.7
592.40271	28.01	2
600.54914	28.57	3.5
608.80759	29.69	4.3
617.17962	30.99	0.8
625.66677	32.13	-5.8
634.27063	32.96	-15.4
642.99281	33.46	-26.4
651.83493	33.51	-36.9
660.79864	33.48	-45.8
669.88562	33.3	-53
679.09756	33.3	-59.6
688.43618	33.31	-66.3
697.90321	33.39	-73.3
707.50044	33.25	-79.3
717.22963	32.97	-83.2
727.09262	32.72	-85.3
737.09124	32.73	-86.4
747.22736	32.9	-87.5
757.50286	33.44	-88.8
767.91967	34.16	-90.4
778.47973	35.01	-92.6
789.185	35.95	-95.1
800.03748	36.94	-97.8
811.0392	38.02	-99.7
822.19222	39.2	-101.2
833.4986	40.5	-102.4
844.96046	41.84	-104.5
856.57995	43.16	-107.5
868.35921	44.42	-111.7
880.30046	45.59	-116.7
892.40592	46.69	-122.4
904.67785	47.69	-128.6
917.11854	48.59	-135.3
929.7303	49.35	-142.5
942.51549	49.94	-150
955.4765	50.36	-157.5
968.61575	50.61	-164.2
981.93568	50.76	-169.8
995.43877	50.87	-174.1
1009.1276	51.07	-177.6
1023.0046	51.37	-122.5
1037.0724	51.81	174.2
1051.3338	52.27	175.8
1065.7912	52.72	172.5
1080.4474	53.15	169.1
1095.3052	53.56	165.6
1110.3673	53.91	161.9
1125.6365	54.19	158.1
1141.1157	54.4	154.5
1156.8078	54.58	151.5
1172.7156	54.77	149
1188.8422	55.05	147
1205.1906	55.37	144.7
1221.7638	55.69	142.2
1238.5649	55.97	139.5
1255.597	56.22	136.9
1272.8634	56.45	134.3
1290.3672	56.64	131.9
1308.1117	56.81	129.9
1326.1002	57	128.5
1344.3361	57.26	127.6
1362.8227	57.63	126.8
1381.5636	58.05	125.8
1400.5622	58.47	124.3
1419.822	58.83	122.5
1439.3467	59.17	120.9
1459.1399	59.5	119.6
1479.2053	59.87	118.7
1499.5466	60.28	117.9
1520.1676	60.74	117.1
1541.0722	61.24	116
1562.2643	61.71	114.5
1583.7478	62.13	112.8
1605.5267	62.5	111
1627.6051	62.85	109.5
1649.9871	63.2	108.1
1672.6769	63.56	106.8
1695.6788	63.91	105.4
1718.9969	64.23	103.9
1742.6357	64.53	102.5
1766.5996	64.79	101.3
1790.893	65.06	100.5
1815.5205	65.36	99.9
1840.4866	65.73	99.4
1865.7961	66.11	98.5
1891.4536	66.49	97.4
1917.4639	66.81	95.9
1943.832	67.08	94.4
1970.5626	67.32	93.2
1997.6608	67.55	92.3
2025.1317	67.82	91.4
2052.9803	68.09	90.7
2081.2118	68.37	90
2109.8316	68.66	89.3
2138.845	68.98	88.7
2168.2574	69.32	87.9
2198.0742	69.65	87
2228.301	69.95	86
2258.9435	70.22	85.2
2290.0074	70.49	84.6
2321.4985	70.8	84.5
2353.4226	71.18	84.5
2385.7857	71.62	84.4
2418.5938	72.1	84.1
2451.8531	72.59	83.6
2485.5698	73.08	82.7
2519.7502	73.54	81.5
2554.4005	73.97	80.2
2589.5274	74.37	78.8
2625.1373	74.77	77.5
2661.2369	75.15	76.1
2697.8329	75.53	74.6
2734.9322	75.88	73.1
2772.5416	76.21	71.7
2810.6683	76.53	70.3
2849.3192	76.82	69.1
2888.5016	77.1	68.2
2928.2229	77.42	67.6
2968.4904	77.78	67.2
3009.3116	78.2	66.8
3050.6942	78.65	66.3
3092.6458	79.13	65.7
3135.1744	79.62	64.7
3178.2877	80.11	63.5
3221.994	80.59	62
3266.3013	81.05	60.4
3311.2178	81.5	58.8
3356.7521	81.94	57.1
3402.9125	82.37	55.4
3449.7077	82.82	53.6
3497.1464	83.27	51.7
3545.2374	83.74	49.8
3593.9898	84.23	47.8
3643.4125	84.72	45.6
3693.515	85.22	43
3744.3064	85.69	40
3795.7962	86.12	36.4
3847.9941	86.5	32.5
3900.9099	86.81	28.3
3954.5533	87.03	23.9
4008.9343	87.15	19.6
4064.0632	87.19	15.4
4119.9502	87.16	11.6
4176.6058	87.06	8.3
4234.0404	86.94	5.7
4292.2649	86.83	3.6
4351.29	86.79	2
4411.1268	86.79	0.5
4471.7864	86.84	-1
4533.2802	86.94	-2.8
4595.6197	87.04	-5
4658.8164	87.09	-7.5
4722.8821	87.08	-10.1
4787.8289	87	-12.7
4853.6688	86.84	-15
4920.414	86.65	-16.7
4988.0772	86.45	-18
5056.6707	86.27	-18.8
5126.2076	86.12	-19.4
5196.7007	86	-19.9
5268.1632	85.9	-20.3
5340.6084	85.8	-20.6
5414.0498	85.7	-20.6
5488.5011	85.61	-20.4
5563.9763	85.58	-19.9
5640.4894	85.58	-19.2
5718.0546	85.68	-18.5
5796.6865	85.83	-17.8
5876.3997	86.04	-17.6
5957.209	86.28	-17.6
6039.1296	86.54	-18.2
6122.1768	86.77	-19.2
6206.366	86.98	-20.7
6291.7129	87.15	-22.7
6378.2334	87.21	-25
6465.9437	87.21	-27.4
6554.8602	87.06	-29.9
6644.9994	86.8	-31.8
6736.3782	86.43	-32.4
6829.0136	86.01	-32
6922.9228	85.65	-30.2
7018.1235	85.55	-27.4
7114.6332	85.58	-24.1
7212.4702	85.85	-21.4
7311.6525	86.27	-20
7412.1988	86.71	-19.5
7514.1277	87.08	-20.3
7617.4583	87.32	-21.7
7722.2098	87.43	-23.3
7828.4019	87.45	-24.7
7936.0542	87.43	-25.6
8045.1869	87.39	-26.3
8155.8204	87.34	-26.7
8267.9752	87.29	-26.9
8381.6724	87.24	-27
8496.933	87.18	-27
8613.7787	87.15	-26.8
8732.2311	87.13	-26.6
8852.3125	87.1	-26.3
8974.0451	87.03	-25.8
9097.4518	87.01	-24.7
9222.5555	87.01	-22.9
9349.3795	87.19	-20.7
9477.9476	87.49	-18.9
9608.2837	87.88	-18
9740.4121	88.28	-18
9874.3574	88.6	-18.6
10010.145	88.83	-19.9
10147.799	88.96	-21.3
10287.347	89.04	-22.3
10428.813	89.12	-23.1
10572.225	89.22	-23.8
10717.609	89.35	-24.8
10864.993	89.44	-26.2
11014.403	89.49	-27.9
11165.867	89.4	-29.8
11319.415	89.22	-30.9
11475.074	88.97	-31.4
11632.874	88.73	-30.7
11792.843	88.69	-29.7
11955.013	88.69	-28.9
12119.412	88.84	-28.8
12286.072	88.98	-29.3
12455.024	89.03	-30.8
12626.3	88.97	-32.6
12799.93	88.81	-34
12975.949	88.6	-35
13154.387	88.41	-35.9
13335.28	88.21	-37.2
13518.66	87.91	-38.6
13704.562	87.42	-39.7
13893.021	86.74	-39.2
14084.071	86.04	-37.4
14277.748	85.44	-33.9
14474.089	85.03	-30
14673.129	84.79	-26.5
14874.907	84.65	-23.4
15079.459	84.56	-20.6
15286.825	84.57	-17.9
15497.041	84.64	-15.8
15710.149	84.75	-14.6
15926.187	84.72	-14.2
16145.197	84.62	-13.6
16367.217	84.41	-12.4
16592.291	84.27	-10.8
16820.46	84.19	-9.5
17051.767	84.13	-8.5
17286.255	83.97	-7.9
17523.967	83.76	-6.9
17764.948	83.56	-5.6
18009.242	83.42	-4.2
18256.897	83.25	-3.5
18507.957	83	-2.8
18762.469	82.61	-1.5
19020.481	82.22	0.7
19282.041	81.91	3.4
19547.199	81.67	5.7
19816.002	81.41	7.8
20088.502	81.12	10.1
20364.749	80.84	12.9
20644.795	80.62	15.4
20928.692	80.36	17.8
21216.493	80.05	20.1
21508.252	79.71	23.2
21804.023	79.44	26.3
22103.861	79.2	29.4
22407.823	78.94	32.6
22715.964	78.67	36.1
23028.343	78.41	39.7
23345.017	78.18	43.1
23666.047	77.91	46.6
23991.491	77.63	50.3
24321.41	77.37	54.3
24655.866	77.12	58.3
24994.921	76.87	62.4
25338.639	76.64	66.7
25687.084	76.45	71.1
26040.32	76.29	75.5
26398.413	76.17	79.8
26761.431	76.1	83.9
27129.442	76.06	87.6
27502.512	76.01	91
27880.713	75.93	94.3
28264.115	75.8	97.3
28652.789	75.61	100.2
29046.809	75.38	102.8
29446.246	75.12	105.3
29851.176	74.84	107.9
30261.675	74.54	110.7
30677.819	74.19	113.5
31099.685	73.81	116.4
31527.353	73.4	119.2
31960.901	72.93	122
32400.412	72.35	124.8
32845.966	71.63	128.1
33297.648	70.76	132.8
33755.541	69.79	139.9
34219.731	68.89	150.5
34690.303	68.15	166.5
35167.348	68.13	-6.8
35650.952	68.33	-168.4
36141.206	69.34	-153
36638.202	70.55	-143.1
37142.033	71.82	-137.1
37652.792	72.95	-134.1
38170.574	73.85	-134.8
38695.477	74.45	-136.7
39227.599	74.81	-139.8
39767.037	74.93	-141.5
40000	74.97	-142.1
