298.3562	61.3100	-86.7000
303.3567	61.8800	-88.6000
308.4410	61.9700	-90.4000
313.6106	62.2200	-92.3000
318.8668	62.7400	-94.1000
324.2111	62.8800	-96.0000
329.6449	62.6300	-97.9000
335.1698	62.3300	-99.8000
340.7874	62.2100	-101.7000
346.4991	62.4800	-103.6000
352.3065	63.1200	-105.5000
358.2112	64.0300	-107.4000
364.2149	64.7000	-109.3000
370.3193	65.3900	-111.2000
376.5259	66.0300	-113.0000
382.8366	66.5700	-115.0000
389.2530	67.0300	-116.8000
395.7770	67.6100	-118.5000
402.4103	68.1000	-120.2000
409.1548	68.4800	-121.9000
416.0123	68.7300	-123.5000
422.9848	69.0200	-125.0000
430.0741	69.4300	-126.5000
437.2823	69.9000	-127.9000
444.6112	70.5700	-129.1000
452.0630	71.3200	-130.3000
459.6397	71.8800	-131.3000
467.3434	72.2700	-132.2000
475.1762	72.5600	-132.8000
483.1402	72.6800	-133.4000
491.2378	72.7600	-133.9000
499.4710	72.9100	-134.2000
507.8423	73.2100	-134.4000
516.3539	73.5900	-134.6000
525.0081	74.0300	-134.6000
533.8074	74.4900	-134.7000
542.7541	74.9800	-134.8000
551.8508	75.5000	-134.9000
561.0999	76.0500	-135.2000
570.5041	76.6200	-135.6000
580.0659	77.2100	-136.1000
589.7879	77.8100	-136.9000
599.6729	78.4300	-137.8000
609.7236	79.0500	-139.0000
619.9427	79.7000	-140.4000
630.3331	80.3500	-142.1000
640.8976	81.0000	-144.0000
651.6392	81.6400	-146.2000
662.5609	82.2600	-148.6000
673.6656	82.8800	-151.2000
684.9564	83.4700	-153.9000
696.4364	84.0400	-156.9000
708.1088	84.5900	-160.1000
719.9769	85.1200	-163.4000
732.0439	85.6100	-166.8000
744.3131	86.0900	-170.4000
756.7880	86.5300	-174.1000
769.4720	86.9400	-178.0000
782.3685	87.3200	178.4000
795.4812	87.6700	174.4000
808.8137	87.9900	170.4000
822.3696	88.2700	166.4000
836.1527	88.5300	162.3000
850.1668	88.7400	158.3000
864.4158	88.9300	154.2000
878.9036	89.0800	150.2000
893.6343	89.2000	146.1000
908.6118	89.2800	142.2000
923.8404	89.3200	138.2000
939.3242	89.3400	134.4000
955.0675	89.3100	130.6000
971.0746	89.2600	127.0000
987.3501	89.1600	123.4000
1003.8983	89.0300	120.0000
1020.7239	88.8700	116.8000
1037.8315	88.6700	113.8000
1055.2258	88.4400	111.1000
1072.9116	88.1800	108.6000
1090.8939	87.8900	106.4000
1109.1775	87.5700	104.6000
1127.7676	87.2400	103.2000
1146.6693	86.9100	102.2000
1165.8877	86.5800	101.7000
1185.4283	86.2800	101.7000
1205.2964	86.0100	102.1000
1225.4974	85.8000	103.0000
1246.0371	85.6700	104.2000
1266.9209	85.6300	105.4000
1288.1549	85.6700	106.6000
1309.7446	85.7800	107.6000
1331.6963	85.9500	108.2000
1354.0158	86.1500	108.4000
1376.7095	86.3500	108.1000
1399.7835	86.5200	107.5000
1423.2442	86.6600	106.5000
1447.0981	86.7400	105.4000
1471.3518	86.7500	104.3000
1496.0120	86.7000	103.4000
1521.0856	86.6200	102.9000
1546.5793	86.5200	103.0000
1572.5004	86.4500	103.6000
1598.8559	86.4500	104.6000
1625.6531	86.5500	105.8000
1652.8994	86.7400	106.8000
1680.6024	87.0200	107.5000
1708.7697	87.3400	107.5000
1737.4091	87.6600	106.9000
1766.5285	87.9400	105.7000
1796.1360	88.1500	104.1000
1826.2397	88.2900	102.3000
1856.8479	88.3500	100.5000
1887.9691	88.3400	98.8000
1919.6120	88.2700	97.3000
1951.7851	88.1500	96.2000
1984.4975	88.0100	95.4000
2017.7582	87.8500	95.0000
2051.5763	87.6900	94.9000
2085.9612	87.5300	95.2000
2120.9224	87.3800	95.8000
2156.4696	87.2400	96.8000
2192.6126	87.1300	98.1000
2229.3613	87.0500	99.9000
2266.7259	87.0200	102.1000
2304.7168	87.0900	104.7000
2343.3444	87.2900	107.4000
2382.6195	87.6400	110.0000
2422.5528	88.1100	111.8000
2463.1553	88.6300	112.8000
2504.4384	89.1500	112.8000
2546.4134	89.6100	112.1000
2589.0919	90.0100	111.1000
2632.4858	90.3500	110.0000
2676.6069	90.6500	108.7000
2721.4674	90.9200	107.2000
2767.0799	91.1300	105.7000
2813.4568	91.2900	104.1000
2860.6111	91.4000	102.8000
2908.5556	91.5100	102.0000
2957.3037	91.6800	101.3000
3006.8689	91.9400	100.3000
3057.2647	92.2200	98.4000
3108.5052	92.4300	95.6000
3160.6045	92.4900	92.3000
3213.5770	92.3600	88.8000
3267.4374	92.0500	85.8000
3322.2004	91.5800	83.6000
3377.8813	90.9800	82.7000
3434.4954	90.3300	83.3000
3492.0584	89.7500	86.0000
3550.5862	89.3900	90.2000
3610.0949	89.3300	94.9000
3670.6009	89.5400	99.2000
3732.1211	89.9400	102.9000
3794.6724	90.5300	105.2000
3858.2720	91.1900	105.8000
3922.9376	91.7600	104.5000
3988.6870	92.0700	102.2000
4055.5384	92.1400	100.0000
4123.5102	92.0500	98.8000
4192.6212	91.9400	98.7000
4262.8906	91.8700	99.6000
4334.3377	91.9200	101.1000
4406.9822	92.1600	102.5000
4480.8443	92.5000	102.8000
4555.9444	92.7700	102.2000
4632.3031	92.9400	101.5000
4709.9417	93.1200	101.0000
4788.8814	93.3200	100.1000
4869.1443	93.4400	98.8000
4950.7523	93.4900	97.7000
5033.7281	93.5500	96.7000
5118.0947	93.5800	95.2000
5203.8752	93.4300	93.5000
5291.0934	93.1000	92.8000
5379.7734	92.7500	93.7000
5469.9397	92.5600	96.1000
5561.6173	92.6300	98.9000
5654.8313	92.9100	100.8000
5749.6077	93.2500	101.7000
5845.9725	93.6400	101.9000
5943.9525	94.0700	100.7000
6043.5746	94.3500	97.7000
6144.8664	94.2900	94.2000
6247.8558	93.9400	91.6000
6352.5714	93.4300	91.1000
6459.0421	93.0600	92.7000
6567.2972	92.9400	94.5000
6677.3667	92.8900	95.8000
6789.2810	92.8300	97.0000
6903.0710	92.8100	98.7000
7018.7682	92.9100	100.5000
7136.4045	93.0800	101.5000
7256.0123	93.1800	102.3000
7377.6249	93.3400	103.6000
7501.2757	93.5700	104.1000
7626.9989	93.7300	104.2000
7754.8293	93.8900	104.6000
7884.8021	94.1300	104.6000
8016.9533	94.3100	103.8000
8151.3194	94.4000	103.1000
8287.9375	94.4700	102.7000
8426.8454	94.5300	102.1000
8568.0814	94.5000	101.9000
8711.6845	94.5300	102.9000
8857.6945	94.8000	103.6000
9006.1516	95.1400	103.1000
9157.0969	95.5100	101.8000
9310.5721	95.8500	99.0000
9466.6196	95.9800	95.0000
9625.2825	95.8700	91.1000
9786.6046	95.5600	87.6000
9950.6305	95.1200	85.4000
10117.4050	94.7200	84.2000
10286.9760	94.3600	83.1000
10459.3880	94.0100	82.4000
10634.6900	93.7200	81.8000
10812.9300	93.4200	80.8000
10994.1570	93.0500	79.5000
11178.4220	92.5200	78.9000
11365.7750	92.0000	80.1000
11556.2680	91.8200	82.2000
11749.9540	91.8500	83.5000
11946.8860	92.0800	83.0000
12147.1190	92.2200	79.8000
12350.7080	92.0100	75.0000
12557.7080	91.3300	70.8000
12768.1790	90.5100	69.5000
12982.1770	90.0100	69.7000
13199.7610	89.7500	67.8000
13420.9920	89.2100	63.4000
13645.9310	88.0900	59.4000
13874.6410	86.6700	58.7000
14107.1830	85.4100	61.3000
14343.6230	84.6100	64.5000
14584.0250	83.9900	65.8000
14828.4570	83.1800	65.8000
15076.9860	82.0500	66.9000
15329.6800	81.0800	70.3000
15586.6090	80.4500	73.2000
15847.8440	79.9100	74.1000
16113.4580	79.0000	73.3000
16383.5240	77.6000	74.6000
16658.1150	76.3700	79.4000
16937.3100	75.5000	83.9000
17221.1830	74.6700	87.3000
17509.8140	73.7200	90.0000
17803.2830	72.5200	93.4000
18101.6700	71.1400	99.5000
18405.0590	69.9100	109.8000
18713.5320	69.5200	124.0000
19027.1760	70.7600	135.4000
19346.0760	72.8100	133.7000
19670.3210	73.7800	121.6000
20000.0000	73.6800	114.1000