298.3562	64.3800	-2.9000
303.3567	64.2800	-1.9000
308.4410	64.3700	0.5000
313.6106	64.8200	3.7000
318.8668	65.6200	5.8000
324.2111	66.5300	5.4000
329.6449	67.2700	2.7000
335.1698	67.7200	-1.0000
340.7874	67.9400	-4.5000
346.4991	68.0300	-7.4000
352.3065	68.0500	-9.7000
358.2112	67.9700	-11.8000
364.2149	67.7700	-12.9000
370.3193	67.5100	-12.7000
376.5259	67.2800	-11.1000
382.8366	67.1300	-8.2000
389.2530	67.1900	-3.8000
395.7770	67.6500	1.5000
402.4103	68.5800	6.1000
409.1548	69.7700	8.2000
416.0123	70.9000	7.0000
422.9848	71.7800	3.5000
430.0741	72.3600	-1.3000
437.2823	72.6200	-6.3000
444.6112	72.5600	-10.4000
452.0630	72.3100	-12.3000
459.6397	72.1200	-12.0000
467.3434	72.1900	-10.7000
475.1762	72.4400	-9.8000
483.1402	72.7400	-9.7000
491.2378	72.9900	-10.0000
499.4710	73.1800	-10.4000
507.8423	73.2700	-10.6000
516.3539	73.3000	-9.8000
525.0081	73.4200	-7.4000
533.8074	73.8500	-4.4000
542.7541	74.5500	-2.5000
551.8508	75.2500	-2.5000
561.0999	75.8000	-3.4000
570.5041	76.2500	-4.2000
580.0659	76.7300	-4.6000
589.7879	77.3000	-5.4000
599.6729	77.8400	-7.2000
609.7236	78.2100	-9.8000
619.9427	78.4000	-12.1000
630.3331	78.5000	-13.2000
640.8976	78.7100	-13.4000
651.6392	79.0700	-13.7000
662.5609	79.4200	-15.0000
673.6656	79.6700	-16.8000
684.9564	79.7700	-18.5000
696.4364	79.7200	-19.5000
708.1088	79.6000	-18.8000
719.9769	79.6600	-16.0000
732.0439	80.1600	-12.6000
744.3131	80.9900	-10.8000
756.7880	81.8400	-11.6000
769.4720	82.5000	-14.4000
782.3685	82.8500	-17.9000
795.4812	82.9600	-20.8000
808.8137	82.9700	-22.3000
822.3696	82.9800	-22.8000
836.1527	83.0300	-22.3000
850.1668	83.2100	-20.8000
864.4158	83.6000	-19.2000
878.9036	84.1300	-18.3000
893.6343	84.7100	-18.2000
908.6118	85.3000	-18.9000
923.8404	85.8400	-20.2000
939.3242	86.3300	-21.9000
955.0675	86.7600	-24.1000
971.0746	87.0600	-26.6000
987.3501	87.2100	-28.7000
1003.8983	87.3000	-29.9000
1020.7239	87.4100	-30.3000
1037.8315	87.5700	-30.1000
1055.2258	87.8200	-29.3000
1072.9116	88.2600	-28.1000
1090.8939	88.8800	-27.6000
1109.1775	89.5200	-28.6000
1127.7676	90.0200	-30.5000
1146.6693	90.3900	-32.3000
1165.8877	90.7600	-33.2000
1185.4283	91.2700	-33.9000
1205.2964	91.8100	-35.6000
1225.4974	92.2500	-37.7000
1246.0371	92.6600	-39.6000
1266.9209	93.1200	-41.5000
1288.1549	93.5500	-44.0000
1309.7446	93.9100	-46.6000
1331.6963	94.2300	-48.9000
1354.0158	94.5700	-51.1000
1376.7095	94.9100	-53.5000
1399.7835	95.2300	-55.9000
1423.2442	95.5400	-58.2000
1447.0981	95.9100	-60.5000
1471.3518	96.2700	-63.4000
1496.0120	96.5700	-66.6000
1521.0856	96.8000	-69.7000
1546.5793	97.0400	-72.6000
1572.5004	97.2700	-75.8000
1598.8559	97.4600	-79.1000
1625.6531	97.5900	-82.4000
1652.8994	97.7000	-85.5000
1680.6024	97.8000	-88.7000
1708.7697	97.8600	-91.9000
1737.4091	97.8500	-95.0000
1766.5285	97.7800	-97.6000
1796.1360	97.7700	-99.5000
1826.2397	97.8400	-101.4000
1856.8479	97.9600	-103.8000
1887.9691	98.0800	-106.6000
1919.6120	98.1300	-110.1000
1951.7851	98.0200	-113.7000
1984.4975	97.8000	-116.6000
2017.7582	97.5800	-118.6000
2051.5763	97.3900	-120.3000
2085.9612	97.1900	-121.6000
2120.9224	97.0700	-122.3000
2156.4696	97.0900	-123.1000
2192.6126	97.1500	-124.8000
2229.3613	97.1400	-127.4000
2266.7259	96.9300	-130.1000
2304.7168	96.5100	-131.5000
2343.3444	96.1300	-130.7000
2382.6195	96.0600	-129.0000
2422.5528	96.2700	-128.1000
2463.1553	96.5500	-128.5000
2504.4384	96.7700	-130.2000
2546.4134	96.8600	-132.3000
2589.0919	96.8500	-134.0000
2632.4858	96.8700	-135.2000
2676.6069	96.9600	-136.5000
2721.4674	97.0800	-138.3000
2767.0799	97.1600	-140.9000
2813.4568	97.1300	-144.1000
2860.6111	96.8700	-147.3000
2908.5556	96.4400	-148.9000
2957.3037	96.0900	-148.8000
3006.8689	96.0000	-148.3000
3057.2647	96.0500	-148.9000
3108.5052	96.0600	-150.6000
3160.6045	95.9200	-152.9000
3213.5770	95.5800	-154.7000
3267.4374	95.1100	-155.1000
3322.2004	94.7300	-153.9000
3377.8813	94.5300	-152.3000
3434.4954	94.4200	-150.9000
3492.0584	94.3600	-149.1000
3550.5862	94.4800	-146.8000
3610.0949	94.8500	-145.1000
3670.6009	95.3200	-145.3000
3732.1211	95.6500	-147.3000
3794.6724	95.7300	-149.7000
3858.2720	95.6500	-151.2000
3922.9376	95.6600	-151.7000
3988.6870	95.7700	-152.7000
4055.5384	95.8000	-154.5000
4123.5102	95.6900	-156.1000
4192.6212	95.5400	-156.9000
4262.8906	95.4500	-157.3000
4334.3377	95.3800	-157.8000
4406.9822	95.2900	-158.3000
4480.8443	95.2300	-158.2000
4555.9444	95.3000	-158.3000
4632.3031	95.3500	-159.5000
4709.9417	95.2100	-161.0000
4788.8814	94.9100	-161.2000
4869.1443	94.6800	-159.8000
4950.7523	94.6700	-158.0000
5033.7281	94.7800	-156.5000
5118.0947	95.0100	-155.0000
5203.8752	95.3900	-154.3000
5291.0934	95.7700	-155.0000
5379.7734	96.0200	-156.1000
5469.9397	96.2500	-157.0000
5561.6173	96.5600	-158.1000
5654.8313	96.8800	-159.9000
5749.6077	97.1700	-162.5000
5845.9725	97.3600	-166.0000
5943.9525	97.3900	-170.0000
6043.5746	97.2400	-174.0000
6144.8664	96.8700	-177.5000
6247.8558	96.2900	-179.3000
6352.5714	95.7200	-178.3000
6459.0421	95.5000	-175.9000
6567.2972	95.6200	-174.4000
6677.3667	95.7800	-174.1000
6789.2810	95.9400	-173.9000
6903.0710	96.2300	-173.8000
7018.7682	96.6100	-175.1000
7136.4045	96.9300	-177.8000
7256.0123	97.0400	178.4000
7377.6249	96.8800	174.9000
7501.2757	96.5700	172.6000
7626.9989	96.2300	171.8000
7754.8293	96.0000	172.3000
7884.8021	96.0000	173.4000
8016.9533	96.2800	174.3000
8151.3194	96.7900	173.1000
8287.9375	97.1400	169.2000
8426.8454	97.1200	164.4000
8568.0814	96.8400	160.5000
8711.6845	96.4100	157.7000
8857.6945	95.9000	156.6000
9006.1516	95.4600	157.1000
9157.0969	95.2100	158.8000
9310.5721	95.3000	161.1000
9466.6196	95.7700	162.2000
9625.2825	96.3700	160.4000
9786.6046	96.7300	155.7000
9950.6305	96.6900	150.0000
10117.4050	96.2500	145.5000
10286.9760	95.6100	143.7000
10459.3880	95.1200	144.5000
10634.6900	95.0800	146.4000
10812.9300	95.4000	146.8000
10994.1570	95.8700	144.8000
11178.4220	96.1800	140.4000
11365.7750	96.1300	134.6000
11556.2680	95.7400	130.1000
11749.9540	95.2200	127.3000
11946.8860	94.8200	126.0000
12147.1190	94.5800	125.4000
12350.7080	94.6000	123.8000
12557.7080	94.6600	120.4000
12768.1790	94.4000	115.5000
12982.1770	93.7800	111.4000
13199.7610	92.9900	110.3000
13420.9920	92.3100	111.5000
13645.9310	92.0400	113.0000
13874.6410	92.1500	113.6000
14107.1830	92.2900	112.1000
14343.6230	92.2200	109.0000
14584.0250	91.9600	106.0000
14828.4570	91.6700	104.4000
15076.9860	91.5300	103.1000
15329.6800	91.5000	100.2000
15586.6090	91.3600	95.6000
15847.8440	90.9500	90.7000
16113.4580	90.2800	88.0000
16383.5240	89.7200	87.5000
16658.1150	89.5300	86.0000
16937.3100	89.3600	81.6000
17221.1830	88.7800	76.2000
17509.8140	87.7800	73.4000
17803.2830	86.9000	74.1000
18101.6700	86.5300	74.5000
18405.0590	86.2500	71.5000
18713.5320	85.5700	67.7000
19027.1760	84.6400	66.5000
19346.0760	84.0100	66.2000
19670.3210	83.6300	63.8000
20000.0000	83.4200	61.8000