4.39453	58.65	-125.2
5.85938	68.19	-124.7
7.32422	70.09	-124.2
8.78906	67.87	-123.7
10.25391	61.86	-152.8
11.71875	70.31	156.6
13.18359	58.01	153.2
14.64844	63.05	-164.4
16.11328	75.16	163.8
17.57813	71.61	110.9
19.04297	70	111.2
20.50781	69.64	102.6
21.97266	80.75	87.8
23.4375	79.28	27.3
24.90234	71.68	-9.8
26.36719	68.65	-30.8
27.83203	64.4	-14.8
29.29688	55.11	-16.4
30.76172	64.21	-36
32.22656	58.67	-10.6
33.69141	57.74	-22.6
35.15625	58.21	-39.9
36.62109	58.95	-9.4
38.08594	55.69	-19.9
39.55078	60.89	-17.6
41.01563	62.34	-15.1
42.48047	64.67	-38.7
43.94531	68.9	-60
45.41016	70.98	-115.4
46.875	63.26	-165.3
48.33984	59.79	-161.1
49.80469	56.76	-136.7
51.26953	63.5	-150
52.73438	63.23	160.2
54.19922	56.08	148.9
55.66406	56.98	145.6
57.12891	60.03	152.8
58.59375	58.45	108.7
60.05859	56.45	102.4
61.52344	56.61	114.2
62.98828	60.61	93.5
64.45313	61.52	63.6
65.91797	58.38	23.7
67.38281	51.95	30.8
68.84766	51.93	43.1
70.3125	54.16	48.8
71.77734	54.69	44
73.24219	57.02	27.7
74.70703	55.98	4.9
76.17188	54.15	-7.1
77.63672	50.67	-6.2
79.10156	48.4	1.5
80.56641	49.82	23.3
82.03125	49.69	26.1
83.49609	52.01	31.2
84.96094	53.48	32.8
86.42578	55.77	17.5
87.89063	54.9	10.6
89.35547	55.72	-1.2
90.82031	54.63	-13.6
92.28516	50.76	-13.2
93.75	50.7	1.4
95.21484	51.26	14.9
96.67969	53.08	14.7
98.14453	54.11	15.9
99.60938	54.55	6.9
101.07422	54.77	7.5
102.53906	54.72	2.3
104.00391	54.79	2.3
105.46875	54.43	3.1
106.93359	55.02	2.3
108.39844	54.88	2.9
109.86328	55.3	0.9
111.32813	55.48	1.7
112.79297	55.35	-7
114.25781	54.28	2.5
115.72266	54.72	5.9
117.1875	55.72	6.4
118.65234	55.63	4.7
120.11719	55.5	4.7
121.58203	55.67	10.7
123.04688	56.62	10.1
124.51172	56.91	10.2
125.97656	57.29	7
127.44141	57.2	7.4
128.90625	56.98	6
130.37109	56.8	10.4
131.83594	56.75	14.1
133.30078	57.11	19
134.76563	57.56	29.6
136.23047	59.77	32.1
137.69531	61.04	27.3
139.16016	61.87	23.3
140.625	62.35	19.8
142.08984	62.78	16.6
143.55469	63.17	14.7
145.01953	63.58	11.1
146.48438	63.67	8.8
147.94922	63.86	6.8
149.41406	64.03	5.9
150.87891	64.24	4.1
152.34375	64.43	3.6
153.80859	64.69	1.9
155.27344	64.9	1.3
156.73828	65.11	-0.2
158.20313	65.29	-1.4
159.66797	65.41	-0.9
161.13281	65.84	-1.1
162.59766	66.24	-2.2
164.0625	66.61	-3.8
165.52734	66.91	-5.3
166.99219	67.28	-7.2
168.45703	67.56	-9.3
169.92188	67.82	-11.6
171.38672	68.02	-13.8
172.85156	68.23	-16.2
174.31641	68.38	-18.5
175.78125	68.55	-21
177.24609	68.66	-23.3
178.71094	68.78	-26
180.17578	68.86	-28.9
181.64063	68.81	-31.9
183.10547	68.67	-34.3
184.57031	68.56	-36.6
186.03516	68.39	-38.6
187.5	68.2	-40.4
188.96484	67.98	-41.6
190.42969	67.79	-42.6
191.89453	67.59	-43.2
193.35938	67.43	-43.9
194.82422	67.27	-44.3
196.28906	67.12	-44.8
197.75391	66.97	-45
199.21875	66.82	-45.4
200.68359	66.64	-45.4
202.14844	66.46	-45.4
203.61328	66.29	-44.9
205.07813	66.13	-44.6
206.54297	65.96	-43.8
208.00781	65.8	-42.9
209.47266	65.68	-41.4
210.9375	65.6	-39.9
212.40234	65.62	-38
213.86719	65.68	-36.5
215.33203	65.81	-34.8
216.79688	65.98	-33.7
218.26172	66.19	-32.7
219.72656	66.38	-32.3
221.19141	66.59	-31.9
222.65625	66.77	-31.9
224.12109	66.95	-32.1
225.58594	67.07	-32.6
227.05078	67.16	-33.1
228.51563	67.17	-33.9
229.98047	67.14	-34.2
231.44531	67.03	-34.4
232.91016	66.92	-33.9
234.375	66.81	-33.2
235.83984	66.72	-31.8
237.30469	66.66	-30.3
238.76953	66.66	-28.1
240.23438	66.73	-25.7
241.69922	66.95	-23.1
243.16406	67.26	-21
244.62891	67.65	-19.3
246.09375	68.08	-18.3
247.55859	68.5	-17.9
249.02344	68.87	-17.8
250.48828	69.26	-17.7
251.95313	69.63	-18.3
253.41797	69.97	-19
254.88281	70.27	-20
256.34766	70.53	-21
257.8125	70.76	-22.3
259.27734	70.93	-23.4
260.74219	71.08	-24.6
262.20703	71.18	-25.6
263.67188	71.27	-26.5
265.13672	71.34	-27.1
266.60156	71.42	-27.5
268.06641	71.51	-27.8
269.53125	71.63	-28.1
270.99609	71.77	-28.3
272.46094	71.92	-28.7
273.92578	72.06	-29.1
275.39063	72.24	-29.6
276.85547	72.4	-30.3
278.32031	72.56	-31.1
279.78516	72.7	-32
281.25	72.84	-33
282.71484	72.94	-34.2
284.17969	73.03	-35.4
285.64453	73.08	-36.7
287.10938	73.09	-38
288.57422	73.06	-39.2
290.03906	73.01	-40.1
291.50391	72.92	-41
292.96875	72.82	-41.5
294.43359	72.71	-41.8
295.89844	72.61	-41.9
297.36328	72.5	-41.7
298.82813	72.4	-41.3
300.29297	72.33	-40.7
301.75781	72.28	-39.8
303.22266	72.26	-38.8
304.6875	72.28	-37.6
306.15234	72.35	-36.4
307.61719	72.44	-35.1
309.08203	72.59	-33.9
310.54688	72.77	-32.8
312.01172	73	-31.8
313.47656	73.26	-31
314.94141	73.55	-30.4
316.40625	73.85	-30.1
317.87109	74.17	-30
319.33594	74.5	-30.3
320.80078	74.83	-30.8
322.26563	75.14	-31.6
323.73047	75.42	-32.7
325.19531	75.68	-34.1
326.66016	75.9	-35.5
328.125	76.08	-37.1
329.58984	76.23	-38.7
331.05469	76.34	-40.3
332.51953	76.42	-41.9
333.98438	76.48	-43.4
335.44922	76.52	-44.8
336.91406	76.54	-46.1
338.37891	76.54	-47.3
339.84375	76.55	-48.4
341.30859	76.55	-49.5
342.77344	76.54	-50.5
344.23828	76.52	-51.5
345.70313	76.5	-52.4
347.16797	76.47	-53.3
348.63281	76.43	-54.2
350.09766	76.39	-55
351.5625	76.33	-55.8
353.02734	76.28	-56.5
354.49219	76.21	-57.2
355.95703	76.14	-57.8
357.42188	76.05	-58.3
358.88672	75.96	-58.7
360.35156	75.86	-59.1
361.81641	75.76	-59.2
363.28125	75.67	-59.3
364.74609	75.58	-59.3
366.21094	75.49	-59.1
367.67578	75.42	-58.9
369.14063	75.37	-58.6
370.60547	75.32	-58.3
372.07031	75.3	-58
373.53516	75.27	-57.6
375	75.26	-57.4
376.46484	75.24	-57.1
377.92969	75.24	-56.8
379.39453	75.22	-56.6
380.85938	75.2	-56.3
382.32422	75.18	-56
383.78906	75.16	-55.6
385.25391	75.14	-55.1
386.71875	75.12	-54.6
388.18359	75.1	-54
389.64844	75.08	-53.3
391.11328	75.08	-52.5
392.57813	75.09	-51.6
394.04297	75.11	-50.6
395.50781	75.16	-49.5
396.97266	75.24	-48.3
398.4375	75.34	-47.2
399.90234	75.48	-46
401.36719	75.65	-45
402.83203	75.85	-44
404.29688	76.07	-43.2
405.76172	76.31	-42.6
407.22656	76.56	-42.1
408.69141	76.83	-41.8
410.15625	77.09	-41.8
411.62109	77.36	-41.9
413.08594	77.63	-42.2
414.55078	77.88	-42.7
416.01563	78.13	-43.3
417.48047	78.36	-44.1
418.94531	78.57	-44.9
420.41016	78.77	-46
421.875	78.95	-47
423.33984	79.11	-48.2
424.80469	79.25	-49.4
426.26953	79.37	-50.6
427.73438	79.47	-51.9
429.19922	79.55	-53.2
430.66406	79.61	-54.6
432.12891	79.65	-55.8
433.59375	79.67	-57.1
435.05859	79.67	-58.3
436.52344	79.65	-59.5
437.98828	79.61	-60.5
439.45313	79.56	-61.4
440.91797	79.5	-62.3
442.38281	79.43	-63
443.84766	79.36	-63.5
445.3125	79.29	-64
446.77734	79.21	-64.3
448.24219	79.15	-64.5
449.70703	79.09	-64.6
451.17188	79.04	-64.7
452.63672	79	-64.6
454.10156	78.98	-64.5
455.56641	78.97	-64.4
457.03125	78.97	-64.3
458.49609	78.98	-64.2
459.96094	79	-64.2
461.42578	79.03	-64.1
462.89063	79.06	-64.1
464.35547	79.1	-64.2
465.82031	79.14	-64.2
467.28516	79.18	-64.3
468.75	79.22	-64.5
470.21484	79.26	-64.7
471.67969	79.3	-64.9
473.14453	79.33	-65.1
474.60938	79.36	-65.3
476.07422	79.39	-65.6
477.53906	79.41	-65.8
479.00391	79.43	-66
480.46875	79.44	-66.2
481.93359	79.45	-66.4
483.39844	79.46	-66.6
484.86328	79.47	-66.7
486.32813	79.48	-66.9
487.79297	79.49	-67
489.25781	79.51	-67.1
490.72266	79.52	-67.2
492.1875	79.54	-67.2
493.65234	79.56	-67.3
495.11719	79.58	-67.4
496.58203	79.61	-67.5
498.04688	79.63	-67.6
499.51172	79.65	-67.7
500.97656	79.68	-67.8
502.44141	79.7	-68
503.90625	79.72	-68.1
505.37109	79.73	-68.3
506.83594	79.74	-68.4
508.30078	79.75	-68.5
509.76563	79.75	-68.6
511.23047	79.75	-68.7
512.69531	79.75	-68.8
514.16016	79.74	-68.8
515.625	79.74	-68.7
517.08984	79.74	-68.6
518.55469	79.74	-68.4
520.01953	79.74	-68.2
521.48438	79.76	-68
522.94922	79.78	-67.7
524.41406	79.82	-67.4
525.87891	79.86	-67.1
527.34375	79.92	-66.8
528.80859	79.99	-66.5
530.27344	80.06	-66.3
531.73828	80.15	-66.2
533.20313	80.24	-66.1
534.66797	80.33	-66
536.13281	80.42	-66.1
537.59766	80.52	-66.2
539.0625	80.61	-66.3
540.52734	80.7	-66.6
541.99219	80.78	-66.8
543.45703	80.86	-67.1
544.92188	80.93	-67.5
546.38672	80.99	-67.9
547.85156	81.05	-68.2
549.31641	81.1	-68.6
550.78125	81.14	-69
552.24609	81.18	-69.4
553.71094	81.21	-69.8
555.17578	81.23	-70.2
556.64063	81.25	-70.5
558.10547	81.27	-70.9
559.57031	81.27	-71.2
561.03516	81.28	-71.5
562.5	81.28	-71.7
563.96484	81.28	-71.9
565.42969	81.27	-72.1
566.89453	81.27	-72.2
568.35938	81.26	-72.2
569.82422	81.26	-72.2
571.28906	81.26	-72.2
572.75391	81.27	-72.1
574.21875	81.28	-72
575.68359	81.3	-71.8
577.14844	81.33	-71.7
578.61328	81.36	-71.5
580.07813	81.41	-71.4
581.54297	81.46	-71.2
583.00781	81.51	-71.1
584.47266	81.58	-71
585.9375	81.64	-70.9
587.40234	81.72	-70.8
588.86719	81.79	-70.8
590.33203	81.88	-70.8
591.79688	81.96	-70.9
593.26172	82.05	-71
594.72656	82.14	-71.1
596.19141	82.23	-71.3
597.65625	82.32	-71.6
599.12109	82.4	-71.9
600.58594	82.49	-72.2
602.05078	82.57	-72.7
603.51563	82.64	-73.1
604.98047	82.71	-73.6
606.44531	82.77	-74.1
607.91016	82.82	-74.7
609.375	82.86	-75.2
610.83984	82.89	-75.8
612.30469	82.91	-76.3
613.76953	82.92	-76.8
615.23438	82.93	-77.3
616.69922	82.93	-77.7
618.16406	82.93	-78.1
619.62891	82.93	-78.4
621.09375	82.92	-78.7
622.55859	82.91	-79
624.02344	82.91	-79.2
625.48828	82.9	-79.4
626.95313	82.9	-79.5
628.41797	82.9	-79.6
629.88281	82.91	-79.6
631.34766	82.92	-79.7
632.8125	82.94	-79.7
634.27734	82.96	-79.7
635.74219	83	-79.7
637.20703	83.03	-79.7
638.67188	83.08	-79.8
640.13672	83.13	-79.8
641.60156	83.19	-79.9
643.06641	83.25	-80.1
644.53125	83.31	-80.2
645.99609	83.38	-80.5
647.46094	83.44	-80.7
648.92578	83.51	-81
650.39063	83.57	-81.4
651.85547	83.63	-81.8
653.32031	83.69	-82.2
654.78516	83.74	-82.7
656.25	83.79	-83.2
657.71484	83.83	-83.7
659.17969	83.87	-84.3
660.64453	83.9	-84.8
662.10938	83.93	-85.4
663.57422	83.95	-86
665.03906	83.97	-86.6
666.50391	83.98	-87.2
667.96875	83.99	-87.8
669.43359	83.99	-88.3
670.89844	83.99	-88.9
672.36328	83.98	-89.5
673.82813	83.97	-90.1
675.29297	83.95	-90.7
676.75781	83.93	-91.2
678.22266	83.9	-91.8
679.6875	83.87	-92.3
681.15234	83.83	-92.9
682.61719	83.79	-93.4
684.08203	83.74	-93.9
685.54688	83.69	-94.3
687.01172	83.63	-94.8
688.47656	83.57	-95.2
689.94141	83.5	-95.6
691.40625	83.43	-95.9
692.87109	83.35	-96.2
694.33594	83.27	-96.5
695.80078	83.19	-96.7
697.26563	83.1	-96.9
698.73047	83.02	-97
700.19531	82.93	-97
701.66016	82.83	-97
703.125	82.74	-96.9
704.58984	82.65	-96.8
706.05469	82.56	-96.6
707.51953	82.48	-96.3
708.98438	82.4	-96
710.44922	82.32	-95.6
711.91406	82.26	-95.1
713.37891	82.2	-94.6
714.84375	82.15	-94
716.30859	82.11	-93.4
717.77344	82.09	-92.7
719.23828	82.08	-92
720.70313	82.08	-91.4
722.16797	82.1	-90.7
723.63281	82.13	-90
725.09766	82.17	-89.4
726.5625	82.22	-88.8
728.02734	82.28	-88.3
729.49219	82.35	-87.8
730.95703	82.43	-87.4
732.42188	82.51	-87
735.35156	82.69	-86.5
738.28125	82.87	-86.3
741.21094	83.05	-86.2
744.14063	83.22	-86.3
747.07031	83.37	-86.6
750	83.51	-87
752.92969	83.64	-87.4
755.85938	83.76	-87.9
758.78906	83.87	-88.4
761.71875	83.97	-89
764.64844	84.07	-89.6
767.57813	84.16	-90.3
770.50781	84.24	-91.1
773.4375	84.3	-92
776.36719	84.35	-92.9
779.29688	84.38	-93.9
782.22656	84.38	-94.8
785.15625	84.37	-95.8
788.08594	84.33	-96.6
791.01563	84.27	-97.5
793.94531	84.19	-98.2
796.875	84.11	-98.7
799.80469	84.01	-99.2
802.73438	83.91	-99.5
805.66406	83.8	-99.6
808.59375	83.71	-99.7
811.52344	83.62	-99.6
814.45313	83.54	-99.4
817.38281	83.46	-99.2
820.3125	83.4	-98.9
823.24219	83.34	-98.5
826.17188	83.3	-98.1
829.10156	83.26	-97.6
832.03125	83.24	-97.1
834.96094	83.23	-96.5
837.89063	83.23	-95.9
840.82031	83.25	-95.2
843.75	83.29	-94.6
846.67969	83.35	-94.1
849.60938	83.42	-93.6
852.53906	83.5	-93.2
855.46875	83.58	-92.9
858.39844	83.66	-92.6
861.32813	83.74	-92.4
864.25781	83.83	-92.2
867.1875	83.91	-92.1
870.11719	83.99	-92
873.04688	84.07	-91.9
875.97656	84.15	-91.8
878.90625	84.23	-91.6
881.83594	84.33	-91.5
884.76563	84.43	-91.5
887.69531	84.54	-91.4
890.625	84.66	-91.5
893.55469	84.78	-91.6
896.48438	84.9	-91.8
899.41406	85.02	-92.2
902.34375	85.13	-92.5
905.27344	85.24	-93
908.20313	85.34	-93.6
911.13281	85.43	-94.2
914.0625	85.5	-94.8
916.99219	85.57	-95.4
919.92188	85.62	-96.1
922.85156	85.67	-96.7
925.78125	85.7	-97.3
928.71094	85.73	-97.9
931.64063	85.76	-98.5
934.57031	85.78	-99.1
937.5	85.8	-99.6
940.42969	85.82	-100.2
943.35938	85.83	-100.7
946.28906	85.84	-101.3
949.21875	85.85	-101.8
952.14844	85.85	-102.4
955.07813	85.85	-103
958.00781	85.84	-103.5
960.9375	85.82	-104.1
963.86719	85.8	-104.7
966.79688	85.78	-105.2
969.72656	85.74	-105.8
972.65625	85.69	-106.3
975.58594	85.64	-106.8
978.51563	85.57	-107.2
981.44531	85.5	-107.6
984.375	85.42	-107.9
987.30469	85.33	-108.1
990.23438	85.24	-108.3
993.16406	85.15	-108.3
996.09375	85.06	-108.2
999.02344	84.98	-108
1001.9531	84.91	-107.8
1004.8828	84.84	-107.5
1007.8125	84.78	-107.2
1010.7422	84.73	-106.8
1013.6719	84.69	-106.3
1016.6016	84.66	-105.9
1019.5313	84.64	-105.4
1022.4609	84.63	-104.9
1025.3906	84.63	-104.4
1028.3203	84.64	-103.9
1031.25	84.65	-103.4
1034.1797	84.67	-102.9
1037.1094	84.71	-102.4
1040.0391	84.74	-101.9
1042.9688	84.79	-101.5
1045.8984	84.85	-101
1048.8281	84.92	-100.6
1051.7578	84.99	-100.3
1054.6875	85.08	-100
1057.6172	85.16	-99.7
1060.5469	85.25	-99.5
1063.4766	85.34	-99.4
1066.4063	85.43	-99.3
1069.3359	85.52	-99.3
1072.2656	85.61	-99.3
1075.1953	85.7	-99.4
1078.125	85.79	-99.5
1081.0547	85.87	-99.6
1083.9844	85.95	-99.8
1086.9141	86.03	-100
1089.8438	86.11	-100.2
1092.7734	86.18	-100.5
1095.7031	86.25	-100.8
1098.6328	86.32	-101.1
1101.5625	86.39	-101.5
1104.4922	86.44	-101.9
1107.4219	86.5	-102.3
1110.3516	86.54	-102.8
1113.2813	86.58	-103.3
1116.2109	86.61	-103.7
1119.1406	86.63	-104.2
1122.0703	86.65	-104.7
1125	86.65	-105.2
1127.9297	86.64	-105.6
1130.8594	86.63	-106
1133.7891	86.61	-106.4
1136.7188	86.58	-106.7
1139.6484	86.55	-107
1142.5781	86.51	-107.2
1145.5078	86.48	-107.3
1148.4375	86.44	-107.4
1151.3672	86.4	-107.3
1154.2969	86.37	-107.3
1157.2266	86.34	-107.1
1160.1563	86.31	-106.9
1163.0859	86.3	-106.6
1166.0156	86.3	-106.3
1168.9453	86.31	-106
1171.875	86.34	-105.6
1174.8047	86.38	-105.3
1177.7344	86.43	-105
1180.6641	86.49	-104.8
1183.5938	86.55	-104.6
1186.5234	86.62	-104.5
1189.4531	86.7	-104.5
1192.3828	86.77	-104.5
1195.3125	86.84	-104.6
1198.2422	86.9	-104.8
1201.1719	86.96	-104.9
1204.1016	87.02	-105.1
1207.0313	87.07	-105.3
1209.9609	87.11	-105.6
1212.8906	87.15	-105.8
1215.8203	87.19	-106
1218.75	87.22	-106.2
1221.6797	87.25	-106.4
1224.6094	87.28	-106.5
1227.5391	87.32	-106.7
1230.4688	87.35	-106.8
1233.3984	87.39	-107
1236.3281	87.43	-107.1
1239.2578	87.47	-107.3
1242.1875	87.51	-107.5
1245.1172	87.55	-107.7
1248.0469	87.59	-107.9
1250.9766	87.62	-108.2
1253.9063	87.66	-108.5
1256.8359	87.69	-108.7
1259.7656	87.71	-109
1262.6953	87.74	-109.3
1265.625	87.75	-109.6
1268.5547	87.77	-109.9
1271.4844	87.78	-110.2
1274.4141	87.78	-110.4
1277.3438	87.79	-110.7
1280.2734	87.79	-110.9
1283.2031	87.8	-111
1286.1328	87.81	-111.2
1289.0625	87.81	-111.4
1291.9922	87.82	-111.5
1294.9219	87.83	-111.7
1297.8516	87.84	-111.8
1300.7813	87.85	-112
1303.7109	87.86	-112.1
1306.6406	87.86	-112.3
1309.5703	87.87	-112.5
1312.5	87.87	-112.6
1315.4297	87.88	-112.7
1318.3594	87.88	-112.9
1321.2891	87.88	-113
1324.2188	87.87	-113.1
1327.1484	87.87	-113.2
1330.0781	87.87	-113.2
1333.0078	87.87	-113.2
1335.9375	87.86	-113.2
1338.8672	87.86	-113.2
1341.7969	87.86	-113.1
1344.7266	87.87	-113
1347.6563	87.88	-112.9
1350.5859	87.9	-112.8
1353.5156	87.93	-112.7
1356.4453	87.96	-112.5
1359.375	88	-112.4
1362.3047	88.04	-112.3
1365.2344	88.09	-112.3
1368.1641	88.15	-112.3
1371.0938	88.2	-112.3
1374.0234	88.26	-112.4
1376.9531	88.31	-112.5
1379.8828	88.36	-112.7
1382.8125	88.41	-112.9
1385.7422	88.45	-113.1
1388.6719	88.49	-113.3
1391.6016	88.53	-113.6
1394.5313	88.56	-113.8
1397.4609	88.58	-114
1400.3906	88.61	-114.2
1403.3203	88.63	-114.4
1406.25	88.65	-114.6
1409.1797	88.67	-114.7
1412.1094	88.7	-114.8
1415.0391	88.72	-115
1417.9688	88.75	-115.1
1420.8984	88.77	-115.2
1423.8281	88.8	-115.4
1426.7578	88.83	-115.5
1429.6875	88.86	-115.7
1432.6172	88.89	-115.8
1435.5469	88.92	-116
1438.4766	88.95	-116.2
1441.4063	88.98	-116.3
1444.3359	89.01	-116.5
1447.2656	89.04	-116.7
1450.1953	89.07	-116.9
1453.125	89.1	-117
1456.0547	89.13	-117.2
1458.9844	89.17	-117.4
1461.9141	89.2	-117.6
1464.8438	89.24	-117.9
1469.2383	89.28	-118.3
1473.6328	89.33	-118.7
1478.0273	89.37	-119.1
1482.4219	89.4	-119.6
1486.8164	89.43	-120.1
1491.2109	89.44	-120.5
1495.6055	89.45	-121
1500	89.45	-121.4
1504.3945	89.45	-121.7
1508.7891	89.45	-121.9
1513.1836	89.46	-122.2
1517.5781	89.47	-122.3
1521.9727	89.49	-122.5
1526.3672	89.52	-122.8
1530.7617	89.55	-123
1535.1563	89.59	-123.3
1539.5508	89.62	-123.7
1543.9453	89.65	-124
1548.3398	89.68	-124.4
1552.7344	89.7	-124.9
1557.1289	89.71	-125.3
1561.5234	89.72	-125.8
1565.918	89.72	-126.2
1570.3125	89.71	-126.6
1574.707	89.7	-127
1579.1016	89.68	-127.4
1583.4961	89.66	-127.7
1587.8906	89.63	-127.9
1592.2852	89.61	-128.1
1596.6797	89.59	-128.3
1601.0742	89.58	-128.4
1605.4688	89.57	-128.4
1609.8633	89.56	-128.5
1614.2578	89.56	-128.5
1618.6523	89.57	-128.5
1623.0469	89.58	-128.6
1627.4414	89.6	-128.6
1631.8359	89.63	-128.6
1636.2305	89.66	-128.7
1640.625	89.7	-128.8
1645.0195	89.73	-129
1649.4141	89.77	-129.2
1653.8086	89.81	-129.4
1658.2031	89.84	-129.7
1662.5977	89.87	-130
1666.9922	89.89	-130.3
1671.3867	89.91	-130.6
1675.7813	89.93	-130.8
1680.1758	89.95	-131.1
1684.5703	89.97	-131.4
1688.9648	89.99	-131.6
1693.3594	90.01	-131.9
1697.7539	90.04	-132.1
1702.1484	90.06	-132.4
1706.543	90.09	-132.7
1710.9375	90.12	-133.1
1715.332	90.14	-133.5
1719.7266	90.16	-133.9
1724.1211	90.17	-134.4
1728.5156	90.18	-134.9
1732.9102	90.17	-135.4
1737.3047	90.16	-135.8
1741.6992	90.13	-136.2
1746.0938	90.1	-136.6
1750.4883	90.07	-136.9
1754.8828	90.04	-137.1
1759.2773	90.01	-137.3
1763.6719	89.98	-137.4
1768.0664	89.96	-137.5
1772.4609	89.95	-137.6
1776.8555	89.94	-137.7
1781.25	89.94	-137.8
1785.6445	89.94	-137.9
1790.0391	89.95	-138
1794.4336	89.95	-138.1
1798.8281	89.96	-138.2
1803.2227	89.97	-138.4
1807.6172	89.97	-138.6
1812.0117	89.97	-138.8
1816.4063	89.97	-139
1820.8008	89.97	-139.1
1825.1953	89.97	-139.3
1829.5898	89.96	-139.4
1833.9844	89.95	-139.5
1838.3789	89.95	-139.6
1842.7734	89.95	-139.6
1847.168	89.97	-139.6
1851.5625	89.99	-139.5
1855.957	90.03	-139.6
1860.3516	90.07	-139.7
1864.7461	90.12	-139.8
1869.1406	90.17	-140.1
1873.5352	90.22	-140.5
1877.9297	90.25	-140.9
1882.3242	90.27	-141.4
1886.7188	90.28	-141.9
1891.1133	90.27	-142.3
1895.5078	90.26	-142.7
1899.9023	90.24	-143.1
1904.2969	90.22	-143.4
1908.6914	90.21	-143.7
1913.0859	90.19	-143.9
1917.4805	90.19	-144.1
1921.875	90.18	-144.3
1926.2695	90.18	-144.6
1930.6641	90.17	-144.8
1935.0586	90.16	-145.1
1939.4531	90.15	-145.4
1943.8477	90.14	-145.7
1948.2422	90.12	-145.9
1952.6367	90.1	-146.2
1957.0313	90.08	-146.4
1961.4258	90.05	-146.6
1965.8203	90.02	-146.8
1970.2148	89.99	-146.9
1974.6094	89.97	-147
1979.0039	89.95	-147
1983.3984	89.93	-147
1987.793	89.93	-147
1992.1875	89.93	-147
1996.582	89.93	-147.1
2000.9766	89.95	-147.2
2005.3711	89.96	-147.3
2009.7656	89.97	-147.4
2014.1602	89.99	-147.5
2018.5547	90.01	-147.7
2022.9492	90.02	-148
2027.3438	90.03	-148.2
2031.7383	90.04	-148.6
2036.1328	90.05	-148.9
2040.5273	90.05	-149.3
2044.9219	90.03	-149.6
2049.3164	90.01	-150
2053.7109	89.98	-150.4
2058.1055	89.94	-150.7
2062.5	89.9	-150.9
2066.8945	89.86	-151.1
2071.2891	89.81	-151.3
2075.6836	89.76	-151.4
2080.0781	89.72	-151.4
2084.4727	89.68	-151.4
2088.8672	89.64	-151.4
2093.2617	89.6	-151.3
2097.6563	89.58	-151.2
2102.0508	89.55	-151.1
2106.4453	89.54	-151
2110.8398	89.53	-150.9
2115.2344	89.52	-150.7
2119.6289	89.52	-150.6
2124.0234	89.53	-150.5
2128.418	89.54	-150.4
2132.8125	89.56	-150.3
2137.207	89.58	-150.2
2141.6016	89.6	-150.2
2145.9961	89.62	-150.2
2150.3906	89.65	-150.3
2154.7852	89.67	-150.4
2159.1797	89.69	-150.5
2163.5742	89.71	-150.6
2167.9688	89.73	-150.7
2172.3633	89.74	-150.8
2176.7578	89.76	-150.9
2181.1523	89.77	-151.1
2185.5469	89.79	-151.2
2189.9414	89.8	-151.3
2194.3359	89.82	-151.4
2198.7305	89.84	-151.5
2204.5898	89.87	-151.8
2210.4492	89.91	-152
2216.3086	89.94	-152.4
2222.168	89.97	-152.8
2228.0273	89.99	-153.3
2233.8867	89.99	-153.9
2239.7461	89.98	-154.4
2245.6055	89.95	-155
2251.4648	89.91	-155.5
2257.3242	89.85	-155.9
2263.1836	89.78	-156.3
2269.043	89.71	-156.5
2274.9023	89.64	-156.7
2280.7617	89.57	-156.7
2286.6211	89.51	-156.7
2292.4805	89.45	-156.6
2298.3398	89.4	-156.4
2304.1992	89.36	-156.2
2310.0586	89.34	-156
2315.918	89.32	-155.8
2321.7773	89.31	-155.5
2327.6367	89.31	-155.3
2333.4961	89.31	-155.1
2339.3555	89.31	-154.9
2345.2148	89.33	-154.8
2351.0742	89.34	-154.6
2356.9336	89.37	-154.4
2362.793	89.4	-154.3
2368.6523	89.44	-154.2
2374.5117	89.47	-154.2
2380.3711	89.51	-154.2
2386.2305	89.54	-154.2
2392.0898	89.57	-154.3
2397.9492	89.6	-154.3
2403.8086	89.63	-154.3
2409.668	89.66	-154.3
2415.5273	89.7	-154.3
2421.3867	89.74	-154.4
2427.2461	89.79	-154.5
2433.1055	89.83	-154.6
2438.9648	89.88	-154.7
2444.8242	89.94	-154.9
2450.6836	89.99	-155.1
2456.543	90.05	-155.4
2462.4023	90.1	-155.7
2468.2617	90.15	-156.2
2474.1211	90.18	-156.6
2479.9805	90.21	-157.1
2485.8398	90.22	-157.6
2491.6992	90.23	-158.1
2497.5586	90.23	-158.5
2503.418	90.22	-158.9
2509.2773	90.21	-159.3
2515.1367	90.2	-159.7
2520.9961	90.19	-160
2526.8555	90.17	-160.4
2532.7148	90.15	-160.7
2538.5742	90.13	-160.9
2544.4336	90.11	-161.1
2550.293	90.1	-161.4
2556.1523	90.08	-161.6
2562.0117	90.07	-161.8
2567.8711	90.05	-162
2573.7305	90.03	-162.2
2579.5898	90.01	-162.3
2585.4492	89.99	-162.4
2591.3086	89.97	-162.5
2597.168	89.96	-162.5
2603.0273	89.95	-162.5
2608.8867	89.95	-162.6
2614.7461	89.96	-162.6
2620.6055	89.97	-162.6
2626.4648	89.98	-162.6
2632.3242	90.01	-162.6
2638.1836	90.04	-162.7
2644.043	90.08	-162.8
2649.9023	90.12	-162.9
2655.7617	90.16	-163.1
2661.6211	90.21	-163.4
2667.4805	90.24	-163.8
2673.3398	90.28	-164.2
2679.1992	90.31	-164.6
2685.0586	90.33	-165
2690.918	90.35	-165.5
2696.7773	90.36	-166
2702.6367	90.37	-166.5
2708.4961	90.36	-167
2714.3555	90.35	-167.5
2720.2148	90.34	-168
2726.0742	90.32	-168.5
2731.9336	90.3	-168.9
2737.793	90.28	-169.3
2743.6523	90.25	-169.7
2749.5117	90.22	-170.1
2755.3711	90.19	-170.5
2761.2305	90.15	-170.8
2767.0898	90.12	-171.2
2772.9492	90.09	-171.5
2778.8086	90.06	-171.7
2784.668	90.03	-172
2790.5273	90.01	-172.3
2796.3867	89.98	-172.6
2802.2461	89.96	-173
2808.1055	89.92	-173.3
2813.9648	89.89	-173.6
2819.8242	89.85	-174
2825.6836	89.81	-174.3
2831.543	89.76	-174.5
2837.4023	89.72	-174.8
2843.2617	89.67	-175
2849.1211	89.63	-175.3
2854.9805	89.58	-175.5
2860.8398	89.54	-175.7
2866.6992	89.49	-175.9
2872.5586	89.45	-176.1
2878.418	89.4	-176.2
2884.2773	89.36	-176.4
2890.1367	89.31	-176.6
2895.9961	89.26	-176.7
2901.8555	89.21	-176.8
2907.7148	89.17	-176.8
2913.5742	89.13	-176.9
2919.4336	89.09	-177
2925.293	89.06	-177
2931.1523	89.03	-177.1
2938.4766	89	-177.2
2945.8008	88.97	-177.3
2953.125	88.93	-177.5
2960.4492	88.9	-177.7
2967.7734	88.87	-177.9
2975.0977	88.83	-178.1
2982.4219	88.79	-178.4
2989.7461	88.74	-178.7
2997.0703	88.68	-179
3004.3945	88.61	-179.2
3011.7188	88.53	-179.4
3019.043	88.45	-179.5
3026.3672	88.37	-179.6
3033.6914	88.29	-179.6
3041.0156	88.22	-179.6
3048.3398	88.14	-179.5
3055.6641	88.07	-179.4
3062.9883	88	-179.3
3070.3125	87.94	-179.2
3077.6367	87.88	-179
3084.9609	87.82	-178.8
3092.2852	87.77	-178.5
3099.6094	87.73	-178.2
3106.9336	87.71	-177.9
3114.2578	87.69	-177.6
3121.582	87.69	-177.4
3128.9063	87.69	-177.3
3136.2305	87.69	-177.3
3143.5547	87.69	-177.4
3150.8789	87.68	-177.5
3158.2031	87.66	-177.7
3165.5273	87.63	-177.8
3172.8516	87.58	-178
3180.1758	87.53	-178.2
3187.5	87.46	-178.2
3194.8242	87.39	-178.2
3202.1484	87.32	-178.2
3209.4727	87.25	-178.1
3216.7969	87.19	-177.9
3224.1211	87.13	-177.7
3231.4453	87.07	-177.5
3238.7695	87.01	-177.2
3246.0938	86.96	-176.9
3253.418	86.91	-176.5
3260.7422	86.87	-176.2
3268.0664	86.84	-175.8
3275.3906	86.81	-175.5
3282.7148	86.79	-175.1
3290.0391	86.78	-174.8
3297.3633	86.77	-174.5
3304.6875	86.76	-174.2
3312.0117	86.75	-174
3319.3359	86.73	-173.8
3326.6602	86.72	-173.6
3333.9844	86.7	-173.3
3341.3086	86.68	-173.1
3348.6328	86.67	-172.8
3355.957	86.65	-172.6
3363.2813	86.63	-172.3
3370.6055	86.61	-172
3377.9297	86.59	-171.6
3385.2539	86.58	-171.2
3392.5781	86.57	-170.9
3399.9023	86.57	-170.5
3407.2266	86.58	-170.1
3414.5508	86.59	-169.7
3421.875	86.6	-169.4
3429.1992	86.61	-169
3436.5234	86.62	-168.7
3443.8477	86.64	-168.4
3451.1719	86.66	-168
3458.4961	86.68	-167.7
3465.8203	86.69	-167.4
3473.1445	86.71	-167.1
3480.4688	86.73	-166.8
3487.793	86.76	-166.4
3495.1172	86.78	-166.1
3502.4414	86.82	-165.7
3509.7656	86.85	-165.4
3517.0898	86.89	-165
3524.4141	86.94	-164.7
3531.7383	86.99	-164.3
3539.0625	87.04	-164
3546.3867	87.1	-163.7
3553.7109	87.17	-163.4
3561.0352	87.24	-163.1
3568.3594	87.32	-162.9
3575.6836	87.4	-162.8
3583.0078	87.48	-162.7
3590.332	87.56	-162.6
3597.6563	87.63	-162.6
3604.9805	87.71	-162.6
3612.3047	87.78	-162.6
3619.6289	87.85	-162.7
3626.9531	87.93	-162.8
3634.2773	88	-162.9
3641.6016	88.07	-163
3648.9258	88.14	-163.2
3656.25	88.2	-163.4
3663.5742	88.26	-163.6
3672.3633	88.33	-163.8
3681.1523	88.4	-164
3689.9414	88.46	-164.3
3698.7305	88.53	-164.6
3707.5195	88.59	-164.9
3716.3086	88.65	-165.3
3725.0977	88.71	-165.6
3733.8867	88.75	-166
3742.6758	88.8	-166.4
3751.4648	88.84	-166.7
3760.2539	88.88	-167.1
3769.043	88.92	-167.4
3777.832	88.96	-167.8
3786.6211	88.99	-168.1
3795.4102	89.03	-168.4
3804.1992	89.07	-168.8
3812.9883	89.12	-169.2
3821.7773	89.16	-169.6
3830.5664	89.19	-170.1
3839.3555	89.23	-170.6
3848.1445	89.25	-171.1
3856.9336	89.28	-171.6
3865.7227	89.29	-172.2
3874.5117	89.3	-172.7
3883.3008	89.31	-173.2
3892.0898	89.3	-173.7
3900.8789	89.3	-174.2
3909.668	89.29	-174.7
3918.457	89.28	-175.1
3927.2461	89.28	-175.5
3936.0352	89.27	-176
3944.8242	89.26	-176.4
3953.6133	89.24	-176.9
3962.4023	89.23	-177.3
3971.1914	89.21	-177.7
3979.9805	89.19	-178.2
3988.7695	89.17	-178.6
3997.5586	89.14	-179
4006.3477	89.1	-179.4
4015.1367	89.06	-179.7
4023.9258	89.03	180
4032.7148	89	179.7
4041.5039	88.97	179.4
4050.293	88.94	179.2
4059.082	88.91	178.9
4067.8711	88.88	178.7
4076.6602	88.86	178.4
4085.4492	88.84	178.2
4094.2383	88.82	177.9
4103.0273	88.8	177.6
4111.8164	88.77	177.3
4120.6055	88.74	177
4129.3945	88.71	176.7
4138.1836	88.68	176.5
4146.9727	88.64	176.2
4155.7617	88.61	175.9
4164.5508	88.58	175.7
4173.3398	88.55	175.4
4182.1289	88.52	175.2
4190.918	88.48	174.9
4199.707	88.44	174.6
4208.4961	88.4	174.3
4217.2852	88.35	174
4226.0742	88.3	173.7
4234.8633	88.24	173.5
4243.6523	88.19	173.3
4252.4414	88.14	173.2
4261.2305	88.08	173
4270.0195	88.02	172.9
4278.8086	87.97	172.7
4287.5977	87.91	172.7
4296.3867	87.85	172.6
4305.1758	87.8	172.6
4313.9648	87.75	172.7
4322.7539	87.71	172.7
4331.543	87.67	172.7
4340.332	87.63	172.7
4349.1211	87.6	172.6
4357.9102	87.56	172.6
4366.6992	87.53	172.6
4375.4883	87.51	172.6
4384.2773	87.47	172.5
4393.0664	87.44	172.4
4401.8555	87.4	172.3
4412.1094	87.35	172.2
4422.3633	87.3	172.1
4432.6172	87.25	172
4442.8711	87.19	172
4453.125	87.13	172
4463.3789	87.08	172
4473.6328	87.02	172
4483.8867	86.97	172
4494.1406	86.92	172
4504.3945	86.86	172.1
4514.6484	86.81	172.2
4524.9023	86.75	172.3
4535.1563	86.7	172.4
4545.4102	86.64	172.5
4555.6641	86.59	172.6
4565.918	86.54	172.7
4576.1719	86.49	172.9
4586.4258	86.43	173.1
4596.6797	86.38	173.3
4606.9336	86.34	173.6
4617.1875	86.29	173.8
4627.4414	86.26	174.1
4637.6953	86.22	174.4
4647.9492	86.19	174.7
4658.2031	86.17	174.9
4668.457	86.14	175.2
4678.7109	86.12	175.5
4688.9648	86.1	175.7
4699.2188	86.09	176
4709.4727	86.07	176.2
4719.7266	86.05	176.4
4729.9805	86.04	176.7
4740.2344	86.02	176.9
4750.4883	86.01	177.1
4760.7422	85.99	177.3
4770.9961	85.97	177.5
4781.25	85.95	177.7
4791.5039	85.92	177.9
4801.7578	85.89	178.2
4812.0117	85.87	178.5
4822.2656	85.85	178.9
4832.5195	85.83	179.2
4842.7734	85.82	179.6
4853.0273	85.81	180
4863.2813	85.81	-179.6
4873.5352	85.8	-179.2
4883.7891	85.81	-178.8
4894.043	85.81	-178.3
4904.2969	85.83	-177.9
4914.5508	85.85	-177.4
4924.8047	85.89	-177
4935.0586	85.93	-176.6
4945.3125	85.97	-176.2
4955.5664	86.02	-175.9
4965.8203	86.07	-175.6
4976.0742	86.13	-175.3
4986.3281	86.18	-175
4996.582	86.24	-174.9
5006.8359	86.3	-174.7
5017.0898	86.35	-174.6
5027.3438	86.4	-174.5
5037.5977	86.45	-174.4
5047.8516	86.5	-174.3
5058.1055	86.55	-174.2
5068.3594	86.6	-174.2
5078.6133	86.65	-174.1
5088.8672	86.71	-174
5099.1211	86.76	-174
5109.375	86.82	-173.9
5119.6289	86.87	-173.9
5129.8828	86.93	-174
5141.6016	86.99	-174
5153.3203	87.06	-174
5165.0391	87.13	-174
5176.7578	87.2	-174.2
5188.4766	87.27	-174.3
5200.1953	87.34	-174.5
5211.9141	87.39	-174.7
5223.6328	87.46	-174.9
5235.3516	87.52	-175.1
5247.0703	87.59	-175.3
5258.7891	87.66	-175.6
5270.5078	87.73	-175.9
5282.2266	87.8	-176.3
5293.9453	87.86	-176.7
5305.6641	87.92	-177.2
5317.3828	87.97	-177.8
5329.1016	88.01	-178.3
5340.8203	88.04	-178.9
5352.5391	88.06	-179.4
5364.2578	88.07	-180
5375.9766	88.08	179.5
5387.6953	88.09	179
5399.4141	88.09	178.5
5411.1328	88.1	178
5422.8516	88.1	177.6
5434.5703	88.09	177.1
5446.2891	88.08	176.6
5458.0078	88.07	176.1
5469.7266	88.05	175.7
5481.4453	88.03	175.2
5493.1641	88.01	174.8
5504.8828	87.98	174.4
5516.6016	87.96	174
5528.3203	87.93	173.7
5540.0391	87.91	173.4
5551.7578	87.88	173.1
5563.4766	87.86	172.7
5575.1953	87.84	172.4
5586.9141	87.81	172
5598.6328	87.79	171.7
5610.3516	87.75	171.3
5622.0703	87.72	171
5633.7891	87.68	170.6
5645.5078	87.63	170.3
5657.2266	87.59	170
5668.9453	87.54	169.7
5680.6641	87.49	169.5
5692.3828	87.43	169.2
5704.1016	87.38	169
5715.8203	87.32	168.8
5727.5391	87.27	168.7
5739.2578	87.21	168.6
5750.9766	87.16	168.5
5762.6953	87.1	168.4
5774.4141	87.05	168.3
5786.1328	87	168.3
5797.8516	86.94	168.2
5809.5703	86.89	168.3
5821.2891	86.84	168.3
5833.0078	86.8	168.4
5844.7266	86.76	168.5
5856.4453	86.73	168.6
5868.1641	86.7	168.7
5881.3477	86.67	168.7
5894.5313	86.65	168.7
5907.7148	86.62	168.8
5920.8984	86.58	168.8
5934.082	86.55	168.8
5947.2656	86.52	168.8
5960.4492	86.48	168.9
5973.6328	86.44	168.9
5986.8164	86.4	169
6000	86.36	169.1
6013.1836	86.32	169.3
6026.3672	86.28	169.5
6039.5508	86.25	169.7
6052.7344	86.23	170
6065.918	86.21	170.2
6079.1016	86.2	170.5
6092.2852	86.18	170.8
6105.4688	86.18	171.1
6118.6523	86.19	171.3
6131.8359	86.2	171.6
6145.0195	86.22	171.8
6158.2031	86.23	172
6171.3867	86.24	172.2
6184.5703	86.27	172.4
6197.7539	86.3	172.6
6210.9375	86.33	172.7
6224.1211	86.36	172.7
6237.3047	86.39	172.8
6250.4883	86.41	172.9
6263.6719	86.44	172.9
6276.8555	86.47	173
6290.0391	86.5	173
6303.2227	86.53	173.1
6316.4063	86.56	173.1
6329.5898	86.59	173.1
6342.7734	86.62	173.2
6355.957	86.66	173.3
6369.1406	86.71	173.3
6382.3242	86.77	173.3
6395.5078	86.83	173.3
6408.6914	86.89	173.2
6421.875	86.95	173
6435.0586	87.01	172.8
6448.2422	87.08	172.6
6461.4258	87.14	172.3
6474.6094	87.2	172
6487.793	87.25	171.6
6500.9766	87.3	171.1
6514.1602	87.34	170.7
6527.3438	87.38	170.2
6540.5273	87.42	169.8
6553.7109	87.46	169.2
6566.8945	87.48	168.7
6580.0781	87.5	168.1
6593.2617	87.52	167.5
6607.9102	87.53	166.9
6622.5586	87.54	166.2
6637.207	87.54	165.5
6651.8555	87.52	164.8
6666.5039	87.5	164.1
6681.1523	87.47	163.4
6695.8008	87.44	162.8
6710.4492	87.41	162.1
6725.0977	87.37	161.5
6739.7461	87.32	160.9
6754.3945	87.27	160.2
6769.043	87.21	159.6
6783.6914	87.14	159.1
6798.3398	87.08	158.5
6812.9883	87	157.9
6827.6367	86.92	157.4
6842.2852	86.84	156.9
6856.9336	86.75	156.5
6871.582	86.66	156
6886.2305	86.56	155.5
6900.8789	86.44	155.1
6915.5273	86.32	154.8
6930.1758	86.2	154.5
6944.8242	86.07	154.3
6959.4727	85.94	154.2
6974.1211	85.82	154.2
6988.7695	85.7	154.3
7003.418	85.58	154.4
7018.0664	85.47	154.5
7032.7148	85.36	154.6
7047.3633	85.25	154.9
7062.0117	85.15	155.1
7076.6602	85.05	155.4
7091.3086	84.96	155.7
7105.957	84.87	156
7120.6055	84.78	156.3
7135.2539	84.7	156.7
7149.9023	84.62	157.2
7164.5508	84.54	157.6
7179.1992	84.47	158.1
7193.8477	84.4	158.6
7208.4961	84.34	159.1
7223.1445	84.28	159.7
7237.793	84.23	160.3
7252.4414	84.18	160.9
7267.0898	84.14	161.6
7281.7383	84.12	162.3
7296.3867	84.11	163
7311.0352	84.11	163.8
7325.6836	84.12	164.4
7341.7969	84.15	165.1
7357.9102	84.18	165.8
7374.0234	84.22	166.4
7390.1367	84.27	167
7406.25	84.33	167.4
7422.3633	84.38	167.9
7438.4766	84.44	168.3
7454.5898	84.51	168.6
7470.7031	84.57	169
7486.8164	84.64	169.2
7502.9297	84.71	169.5
7519.043	84.78	169.6
7535.1563	84.85	169.8
7551.2695	84.92	169.9
7567.3828	84.99	169.9
7583.4961	85.06	170
7599.6094	85.13	170
7615.7227	85.2	169.9
7631.8359	85.27	169.9
7647.9492	85.34	169.8
7664.0625	85.41	169.6
7680.1758	85.48	169.4
7696.2891	85.54	169.1
7712.4023	85.59	168.8
7728.5156	85.64	168.5
7744.6289	85.68	168.2
7760.7422	85.72	167.9
7776.8555	85.77	167.6
7792.9688	85.81	167.3
7809.082	85.85	166.9
7825.1953	85.88	166.4
7841.3086	85.91	166
7857.4219	85.93	165.6
7873.5352	85.94	165.1
7889.6484	85.95	164.7
7905.7617	85.97	164.3
7921.875	85.98	163.8
7937.9883	85.99	163.4
7954.1016	86	162.9
7970.2148	86	162.3
7986.3281	85.99	161.8
8002.4414	85.97	161.2
8018.5547	85.95	160.6
8034.668	85.92	160.1
8050.7813	85.88	159.5
8066.8945	85.84	159
8084.4727	85.79	158.4
8102.0508	85.73	157.8
8119.6289	85.66	157.2
8137.207	85.58	156.7
8154.7852	85.49	156.2
8172.3633	85.39	155.8
8189.9414	85.29	155.5
8207.5195	85.19	155.2
8225.0977	85.07	154.9
8242.6758	84.96	154.7
8260.2539	84.85	154.6
8277.832	84.73	154.5
8295.4102	84.61	154.5
8312.9883	84.49	154.6
8330.5664	84.37	154.7
8348.1445	84.25	154.9
8365.7227	84.14	155.1
8383.3008	84.02	155.4
8400.8789	83.91	155.8
8418.457	83.8	156.2
8436.0352	83.7	156.8
8453.6133	83.61	157.4
8471.1914	83.53	158.1
8488.7695	83.46	158.8
8506.3477	83.41	159.6
8523.9258	83.37	160.4
8541.5039	83.34	161.1
8559.082	83.33	161.9
8576.6602	83.32	162.7
8594.2383	83.33	163.4
8611.8164	83.34	164.1
8629.3945	83.36	164.8
8646.9727	83.38	165.5
8664.5508	83.42	166.2
8682.1289	83.47	166.8
8699.707	83.53	167.4
8717.2852	83.6	168
8734.8633	83.67	168.5
8752.4414	83.76	169
8770.0195	83.84	169.3
8787.5977	83.93	169.7
8805.1758	84.02	169.9
8824.2188	84.12	170.1
8843.2617	84.22	170.3
8862.3047	84.33	170.4
8881.3477	84.43	170.4
8900.3906	84.53	170.3
8919.4336	84.63	170.2
8938.4766	84.72	170
8957.5195	84.82	169.8
8976.5625	84.9	169.5
8995.6055	84.98	169.2
9014.6484	85.05	168.8
9033.6914	85.12	168.4
9052.7344	85.19	167.9
9071.7773	85.24	167.4
9090.8203	85.28	166.8
9109.8633	85.32	166.3
9128.9063	85.34	165.7
9147.9492	85.36	165.2
9166.9922	85.37	164.6
9186.0352	85.37	164.1
9205.0781	85.36	163.6
9224.1211	85.35	163.1
9243.1641	85.34	162.6
9262.207	85.32	162.1
9281.25	85.29	161.7
9300.293	85.27	161.3
9319.3359	85.23	160.8
9338.3789	85.19	160.4
9357.4219	85.15	160.1
9376.4648	85.1	159.7
9395.5078	85.04	159.5
9414.5508	84.99	159.2
9433.5938	84.94	159
9452.6367	84.88	158.8
9471.6797	84.82	158.6
9490.7227	84.76	158.4
9509.7656	84.7	158.3
9528.8086	84.63	158.3
9549.3164	84.56	158.2
9569.8242	84.49	158.3
9590.332	84.42	158.3
9610.8398	84.36	158.5
9631.3477	84.29	158.6
9651.8555	84.23	158.8
9672.3633	84.17	159.1
9692.8711	84.11	159.4
9713.3789	84.06	159.8
9733.8867	84.02	160.2
9754.3945	83.99	160.6
9774.9023	83.96	161.1
9795.4102	83.94	161.6
9815.918	83.93	162.2
9836.4258	83.93	162.8
9856.9336	83.95	163.3
9877.4414	83.98	163.9
9897.9492	84.01	164.4
9918.457	84.06	165
9938.9648	84.13	165.5
9959.4727	84.2	165.9
9979.9805	84.28	166.3
10000.488	84.37	166.6
10020.996	84.46	166.9
10041.504	84.56	167.1
10062.012	84.66	167.2
10082.52	84.77	167.3
10103.027	84.88	167.3
10123.535	84.98	167.2
10144.043	85.09	167.1
10164.551	85.2	166.9
10185.059	85.3	166.7
10205.566	85.41	166.5
10226.074	85.51	166.1
10246.582	85.62	165.7
10267.09	85.72	165.3
10289.063	85.82	164.7
10311.035	85.91	164.1
10333.008	86	163.4
10354.98	86.08	162.6
10376.953	86.15	161.9
10398.926	86.21	161.1
10420.898	86.26	160.2
10442.871	86.3	159.4
10464.844	86.34	158.5
10486.816	86.36	157.6
10508.789	86.38	156.7
10530.762	86.38	155.8
10552.734	86.38	154.8
10574.707	86.36	153.9
10596.68	86.33	153
10618.652	86.29	152.1
10640.625	86.24	151.2
10662.598	86.18	150.3
10684.57	86.1	149.5
10706.543	86.01	148.7
10728.516	85.92	148
10750.488	85.81	147.4
10772.461	85.7	146.8
10794.434	85.58	146.4
10816.406	85.45	146
10838.379	85.32	145.7
10860.352	85.2	145.5
10882.324	85.07	145.5
10904.297	84.95	145.5
10926.27	84.83	145.6
10948.242	84.72	145.8
10970.215	84.61	146.1
10992.188	84.52	146.4
11015.625	84.44	146.9
11039.063	84.37	147.4
11062.5	84.31	147.9
11085.938	84.27	148.5
11109.375	84.25	149.1
11132.813	84.25	149.7
11156.25	84.27	150.2
11179.688	84.3	150.6
11203.125	84.34	151
11226.563	84.39	151.3
11250	84.44	151.5
11273.438	84.48	151.7
11296.875	84.54	151.8
11320.313	84.59	151.9
11343.75	84.65	151.9
11367.188	84.72	151.9
11390.625	84.78	151.8
11414.063	84.84	151.7
11437.5	84.9	151.5
11460.938	84.96	151.3
11484.375	85.02	151
11507.813	85.08	150.7
11531.25	85.13	150.4
11554.688	85.18	150
11578.125	85.22	149.6
11601.563	85.26	149.1
11625	85.3	148.7
11648.438	85.33	148.2
11671.875	85.37	147.7
11695.313	85.39	147.2
11718.75	85.42	146.6
11743.652	85.44	146
11768.555	85.45	145.3
11793.457	85.46	144.7
11818.359	85.47	143.9
11843.262	85.46	143.2
11868.164	85.45	142.4
11893.066	85.42	141.6
11917.969	85.38	140.8
11942.871	85.32	140
11967.773	85.26	139.3
11992.676	85.18	138.6
12017.578	85.09	137.8
12042.48	84.98	137.2
12067.383	84.86	136.6
12092.285	84.73	136.1
12117.188	84.59	135.7
12142.09	84.43	135.4
12166.992	84.27	135.2
12191.895	84.11	135.2
12216.797	83.94	135.4
12241.699	83.77	135.7
12266.602	83.61	136.2
12291.504	83.47	136.9
12316.406	83.35	137.8
12341.309	83.25	138.7
12366.211	83.18	139.8
12391.113	83.14	140.9
12416.016	83.13	142
12440.918	83.16	143.1
12465.82	83.2	144.1
12492.188	83.28	145.1
12518.555	83.38	146
12544.922	83.51	146.7
12571.289	83.65	147.3
12597.656	83.8	147.7
12624.023	83.95	148
12650.391	84.11	148.1
12676.758	84.27	148
12703.125	84.42	147.9
12729.492	84.57	147.5
12755.859	84.7	147.1
12782.227	84.83	146.6
12808.594	84.95	146
12834.961	85.05	145.4
12861.328	85.15	144.7
12887.695	85.24	144
12914.063	85.31	143.2
12940.43	85.38	142.4
12966.797	85.44	141.6
12993.164	85.49	140.8
13019.531	85.54	139.9
13045.898	85.57	139
13072.266	85.6	138.2
13098.633	85.62	137.3
13125	85.64	136.3
13151.367	85.64	135.4
13177.734	85.64	134.5
13204.102	85.62	133.6
13231.934	85.59	132.6
13259.766	85.56	131.6
13287.598	85.51	130.7
13315.43	85.45	129.7
13343.262	85.37	128.8
13371.094	85.28	128
13398.926	85.18	127.3
13426.758	85.07	126.6
13454.59	84.96	126.1
13482.422	84.84	125.6
13510.254	84.72	125.3
13538.086	84.6	125
13565.918	84.48	124.9
13593.75	84.37	125
13621.582	84.27	125.1
13649.414	84.18	125.3
13677.246	84.11	125.6
13705.078	84.06	126
13732.91	84.02	126.4
13760.742	84	126.8
13788.574	84.01	127.2
13816.406	84.03	127.7
13844.238	84.08	128
13872.07	84.16	128.3
13899.902	84.25	128.6
13927.734	84.35	128.7
13957.031	84.48	128.6
13986.328	84.62	128.4
14015.625	84.76	127.9
14044.922	84.9	127.3
14074.219	85.03	126.5
14103.516	85.15	125.5
14132.813	85.26	124.4
14162.109	85.34	123.2
14191.406	85.41	121.9
14220.703	85.45	120.6
14250	85.47	119.2
14279.297	85.48	117.8
14308.594	85.46	116.4
14337.891	85.42	115
14367.188	85.37	113.6
14396.484	85.3	112.4
14425.781	85.21	111.1
14455.078	85.12	110
14484.375	85.02	108.9
14513.672	84.91	107.8
14542.969	84.79	106.8
14572.266	84.66	105.9
14601.563	84.53	105
14630.859	84.39	104.3
14660.156	84.24	103.6
14690.918	84.08	102.9
14721.68	83.92	102.4
14752.441	83.76	102
14783.203	83.6	101.7
14813.965	83.45	101.6
14844.727	83.32	101.5
14875.488	83.2	101.5
14906.25	83.09	101.6
14937.012	83.01	101.6
14967.773	82.94	101.6
14998.535	82.88	101.6
15029.297	82.83	101.5
15060.059	82.79	101.4
15090.82	82.74	101.2
15121.582	82.7	100.9
15152.344	82.65	100.7
15183.105	82.59	100.4
15213.867	82.54	100.1
15244.629	82.48	99.9
15275.391	82.43	99.7
15306.152	82.38	99.6
15336.914	82.35	99.4
15367.676	82.32	99.3
15398.438	82.3	99.1
15430.664	82.3	98.8
15462.891	82.3	98.5
15495.117	82.3	98.1
15527.344	82.31	97.6
15559.57	82.32	97
15591.797	82.32	96.4
15624.023	82.32	95.6
15656.25	82.31	94.8
15688.477	82.28	93.9
15720.703	82.25	93
15752.93	82.2	92
15785.156	82.14	91
15817.383	82.07	90
15849.609	81.99	89
15881.836	81.89	88
15914.063	81.77	86.9
15946.289	81.64	85.9
15978.516	81.49	85
16010.742	81.33	84.1
16042.969	81.15	83.4
16075.195	80.96	82.7
16107.422	80.76	82.2
16139.648	80.55	81.8
16173.34	80.34	81.5
16207.031	80.13	81.5
16240.723	79.93	81.5
16274.414	79.76	81.7
16308.105	79.6	82
16341.797	79.46	82.3
16375.488	79.35	82.7
16409.18	79.25	83
16442.871	79.18	83.3
16476.563	79.13	83.5
16510.254	79.09	83.7
16543.945	79.05	83.7
16577.637	79.03	83.7
16611.328	79	83.5
16645.02	78.97	83.3
16678.711	78.95	83
16712.402	78.92	82.6
16746.094	78.88	82.2
16779.785	78.83	81.7
16813.477	78.78	81.2
16847.168	78.72	80.7
16882.324	78.65	80.2
16917.48	78.57	79.7
16952.637	78.48	79.2
16987.793	78.4	78.7
17022.949	78.31	78.2
17058.105	78.21	77.6
17093.262	78.12	77.1
17128.418	78.02	76.6
17163.574	77.91	76
17198.73	77.79	75.4
17233.887	77.66	74.8
17269.043	77.52	74.2
17304.199	77.36	73.6
17339.355	77.19	73.1
17374.512	77.01	72.7
17409.668	76.82	72.3
17444.824	76.62	72.1
17479.98	76.42	71.9
17515.137	76.23	71.9
17550.293	76.04	72
17585.449	75.86	72.2
17622.07	75.69	72.5
17658.691	75.54	72.9
17695.313	75.4	73.3
17731.934	75.29	73.8
17768.555	75.19	74.3
17805.176	75.13	74.8
17841.797	75.08	75.3
17878.418	75.06	75.6
17915.039	75.05	75.9
17951.66	75.06	76
17988.281	75.08	76
18024.902	75.1	75.8
18061.523	75.11	75.5
18098.145	75.11	75.1
18134.766	75.09	74.5
18171.387	75.06	73.9
18208.008	75	73.2
18244.629	74.92	72.5
18281.25	74.82	71.8
18317.871	74.7	71.2
18355.957	74.56	70.6
18394.043	74.41	70.1
18432.129	74.25	69.6
18470.215	74.07	69.2
18508.301	73.89	68.9
18546.387	73.69	68.7
18584.473	73.49	68.7
18622.559	73.29	68.8
18660.645	73.1	69
18698.73	72.92	69.5
18736.816	72.77	70
18774.902	72.65	70.7
18812.988	72.56	71.5
18851.074	72.53	72.2
18889.16	72.55	72.8
18927.246	72.6	73.1
18965.332	72.69	73.1
19003.418	72.78	72.8
19041.504	72.86	72
19079.59	72.92	71
19119.141	72.93	69.6
19158.691	72.89	68.1
19198.242	72.8	66.5
19237.793	72.65	65
19277.344	72.46	63.5
19316.895	72.21	62.3
19356.445	71.93	61.3
19395.996	71.63	60.6
19435.547	71.32	60.3
19475.098	71.01	60.2
19514.648	70.72	60.4
19554.199	70.45	60.7
19593.75	70.21	61.1
19633.301	69.99	61.5
19672.852	69.78	61.9
19712.402	69.57	62.2
19751.953	69.37	62.5
19791.504	69.17	62.8
19832.52	68.96	63
19873.535	68.75	63.3
19914.551	68.53	63.5
19955.566	68.31	63.7
19996.582	68.07	64
