298.3562	71.2200	-123.5000
303.3567	71.2700	-123.7000
308.4410	71.3200	-123.9000
313.6106	71.3500	-124.2000
318.8668	71.3200	-124.5000
324.2111	71.2500	-124.8000
329.6449	71.1700	-125.2000
335.1698	71.1100	-125.7000
340.7874	71.1400	-126.1000
346.4991	71.3300	-126.6000
352.3065	71.6800	-127.1000
358.2112	72.1300	-127.7000
364.2149	72.6200	-128.3000
370.3193	73.1200	-129.0000
376.5259	73.6500	-129.7000
382.8366	74.2000	-130.5000
389.2530	74.7400	-131.3000
395.7770	75.2700	-132.2000
402.4103	75.8200	-133.2000
409.1548	76.3000	-134.1000
416.0123	76.7200	-135.1000
422.9848	77.1500	-136.1000
430.0741	77.5900	-137.2000
437.2823	78.1500	-138.5000
444.6112	78.7800	-139.8000
452.0630	79.4000	-141.1000
459.6397	79.9400	-142.5000
467.3434	80.4000	-144.0000
475.1762	80.8500	-145.7000
483.1402	81.3000	-147.4000
491.2378	81.8000	-149.3000
499.4710	82.3600	-151.5000
507.8423	82.8300	-153.5000
516.3539	83.3000	-155.5000
525.0081	83.7500	-157.5000
533.8074	84.2100	-159.6000
542.7541	84.6500	-161.9000
551.8508	85.0800	-164.1000
561.0999	85.5100	-166.3000
570.5041	85.9200	-168.6000
580.0659	86.3200	-171.0000
589.7879	86.7200	-173.3000
599.6729	87.1000	-175.7000
609.7236	87.4700	-178.2000
619.9427	87.8300	179.2000
630.3331	88.1900	176.9000
640.8976	88.5300	174.4000
651.6392	88.8600	171.8000
662.5609	89.1900	169.3000
673.6656	89.5000	166.8000
684.9564	89.8000	164.2000
696.4364	90.1000	161.6000
708.1088	90.3800	159.0000
719.9769	90.6600	156.3000
732.0439	90.9200	153.7000
744.3131	91.1800	151.0000
756.7880	91.4300	148.3000
769.4720	91.6600	145.6000
782.3685	91.8800	142.7000
795.4812	92.0900	140.0000
808.8137	92.2800	137.2000
822.3696	92.4500	134.3000
836.1527	92.6100	131.4000
850.1668	92.7400	128.6000
864.4158	92.8500	125.6000
878.9036	92.9300	122.7000
893.6343	92.9900	119.8000
908.6118	93.0200	117.1000
923.8404	93.0300	114.3000
939.3242	93.0000	111.8000
955.0675	92.9500	109.3000
971.0746	92.8800	107.1000
987.3501	92.7900	105.1000
1003.8983	92.6800	103.3000
1020.7239	92.5700	101.8000
1037.8315	92.4700	100.6000
1055.2258	92.4200	99.7000
1072.9116	92.3900	99.0000
1090.8939	92.3800	98.3000
1109.1775	92.3800	97.6000
1127.7676	92.4000	96.9000
1146.6693	92.4400	96.2000
1165.8877	92.4800	95.6000
1185.4283	92.5500	94.8000
1205.2964	92.6400	93.9000
1225.4974	92.7300	92.9000
1246.0371	92.8000	91.6000
1266.9209	92.8600	90.3000
1288.1549	92.8900	89.0000
1309.7446	92.8800	87.7000
1331.6963	92.8600	86.7000
1354.0158	92.8300	85.9000
1376.7095	92.8200	85.3000
1399.7835	92.8400	85.0000
1423.2442	92.9100	84.8000
1447.0981	93.0400	84.5000
1471.3518	93.2200	83.9000
1496.0120	93.4200	82.8000
1521.0856	93.6100	81.4000
1546.5793	93.7500	79.5000
1572.5004	93.8300	77.3000
1598.8559	93.8200	75.1000
1625.6531	93.7300	73.2000
1652.8994	93.5900	71.7000
1680.6024	93.4300	70.8000
1708.7697	93.3100	70.5000
1737.4091	93.2600	70.6000
1766.5285	93.3100	70.7000
1796.1360	93.4400	70.3000
1826.2397	93.5800	69.4000
1856.8479	93.6900	67.8000
1887.9691	93.7100	65.9000
1919.6120	93.6300	64.0000
1951.7851	93.4500	62.6000
1984.4975	93.2400	62.0000
2017.7582	93.0800	62.1000
2051.5763	93.0100	62.5000
2085.9612	93.0600	62.7000
2120.9224	93.1500	62.2000
2156.4696	93.1900	61.1000
2192.6126	93.1100	59.7000
2229.3613	92.9000	58.7000
2266.7259	92.6100	58.7000
2304.7168	92.3900	60.0000
2343.3444	92.3400	62.0000
2382.6195	92.5200	63.8000
2422.5528	92.8200	64.5000
2463.1553	93.1100	64.0000
2504.4384	93.2900	62.8000
2546.4134	93.3500	61.7000
2589.0919	93.3700	61.1000
2632.4858	93.4400	60.8000
2676.6069	93.6000	60.3000
2721.4674	93.7800	58.8000
2767.0799	93.8500	56.5000
2813.4568	93.7200	53.9000
2860.6111	93.3700	52.1000
2908.5556	92.9400	52.0000
2957.3037	92.6300	53.7000
3006.8689	92.5900	55.8000
3057.2647	92.7700	57.1000
3108.5052	92.9500	56.8000
3160.6045	92.9700	56.0000
3213.5770	92.8700	55.8000
3267.4374	92.7900	56.4000
3322.2004	92.8300	57.2000
3377.8813	92.9200	57.3000
3434.4954	92.9300	57.0000
3492.0584	92.8700	57.4000
3550.5862	92.9100	58.5000
3610.0949	93.1500	59.2000
3670.6009	93.4100	58.3000
3732.1211	93.4800	56.5000
3794.6724	93.3200	55.1000
3858.2720	93.0900	54.9000
3922.9376	92.9500	55.6000
3988.6870	92.8600	56.2000
4055.5384	92.7500	57.2000
4123.5102	92.6800	58.9000
4192.6212	92.8000	61.1000
4262.8906	93.0900	62.6000
4334.3377	93.4300	63.0000
4406.9822	93.7100	62.8000
4480.8443	94.0300	62.4000
4555.9444	94.3900	61.0000
4632.3031	94.6200	58.1000
4709.9417	94.5600	54.8000
4788.8814	94.2700	52.4000
4869.1443	93.9100	51.2000
4950.7523	93.4800	51.0000
5033.7281	93.0500	52.5000
5118.0947	92.8600	55.2000
5203.8752	92.8800	57.6000
5291.0934	92.9500	59.7000
5379.7734	93.1500	62.1000
5469.9397	93.5500	63.7000
5561.6173	94.0200	64.1000
5654.8313	94.4800	63.3000
5749.6077	94.9000	61.2000
5845.9725	95.1500	57.9000
5943.9525	95.1500	54.3000
6043.5746	94.9200	51.2000
6144.8664	94.5300	49.1000
6247.8558	94.0700	48.5000
6352.5714	93.6700	49.4000
6459.0421	93.4200	51.2000
6567.2972	93.4000	53.5000
6677.3667	93.5900	54.6000
6789.2810	93.7100	54.5000
6903.0710	93.7400	54.7000
7018.7682	93.8300	55.1000
7136.4045	94.0500	55.3000
7256.0123	94.3200	54.0000
7377.6249	94.4000	51.6000
7501.2757	94.3200	49.6000
7626.9989	94.1900	47.8000
7754.8293	93.9600	46.0000
7884.8021	93.6400	44.9000
8016.9533	93.2800	44.4000
8151.3194	92.9200	44.7000
8287.9375	92.6000	45.4000
8426.8454	92.3100	47.3000
8568.0814	92.3600	49.2000
8711.6845	92.4500	49.3000
8857.6945	92.4300	48.2000
9006.1516	92.0800	47.2000
9157.0969	91.6900	47.7000
9310.5721	91.1900	49.4000
9466.6196	90.9600	53.7000
9625.2825	91.2000	57.4000
9786.6046	91.6100	58.4000
9950.6305	91.8500	57.9000
10117.4050	91.9500	56.5000
10286.9760	91.7500	55.7000
10459.3880	91.6500	56.3000
10634.6900	91.5800	56.7000
10812.9300	91.5500	57.6000
10994.1570	91.6000	57.6000
11178.4220	91.3700	57.8000
11365.7750	91.3600	60.7000
11556.2680	91.7300	63.1000
11749.9540	92.3300	63.7000
11946.8860	93.0400	61.7000
12147.1190	93.3900	57.3000
12350.7080	93.4600	53.5000
12557.7080	93.4900	50.0000
12768.1790	93.5100	47.0000
12982.1770	93.7000	41.6000
13199.7610	93.2600	34.9000
13420.9920	92.6500	29.8000
13645.9310	91.6700	25.7000
13874.6410	90.8400	24.7000
14107.1830	90.0700	23.9000
14343.6230	89.5000	24.1000
14584.0250	88.9900	23.0000
14828.4570	88.4700	21.9000
15076.9860	87.8900	20.1000
15329.6800	87.2200	18.8000
15586.6090	86.4800	17.5000
15847.8440	85.7100	17.0000
16113.4580	85.0100	17.5000
16383.5240	84.6100	16.7000
16658.1150	83.9100	13.4000
16937.3100	82.5900	11.7000
17221.1830	81.5500	13.9000
17509.8140	80.8700	15.2000
17803.2830	79.9200	13.7000
18101.6700	78.6400	14.4000
18405.0590	77.3400	17.3000
18713.5320	76.2900	21.6000
19027.1760	75.5600	27.0000
19346.0760	75.1000	29.5000
19670.3210	74.5100	30.4000
20000.0000	74.0000	32.1000