298.3562	53.2000	-168.0000
303.3567	53.4100	-167.4000
308.4410	53.7400	-165.8000
313.6106	54.3300	-163.4000
318.8668	55.2700	-162.1000
324.2111	56.2500	-163.3000
329.6449	57.0000	-166.6000
335.1698	57.4700	-170.6000
340.7874	57.7300	-174.5000
346.4991	57.8400	-177.9000
352.3065	57.8300	179.4000
358.2112	57.6900	177.4000
364.2149	57.4400	176.6000
370.3193	57.1600	177.3000
376.5259	56.9300	179.5000
382.8366	56.8400	-176.9000
389.2530	57.0000	-172.1000
395.7770	57.5800	-166.4000
402.4103	58.6300	-161.5000
409.1548	59.9400	-159.4000
416.0123	61.1900	-160.7000
422.9848	62.1600	-164.6000
430.0741	62.7800	-169.8000
437.2823	63.0700	-175.3000
444.6112	63.0400	-179.8000
452.0630	62.8000	177.7000
459.6397	62.6000	177.4000
467.3434	62.6000	178.1000
475.1762	62.7300	178.6000
483.1402	62.8800	178.7000
491.2378	62.9900	178.9000
499.4710	63.0500	179.3000
507.8423	63.0900	-179.5000
516.3539	63.1900	-177.2000
525.0081	63.4900	-173.9000
533.8074	64.1200	-170.7000
542.7541	64.9700	-169.0000
551.8508	65.7800	-169.6000
561.0999	66.3900	-171.2000
570.5041	66.8600	-172.9000
580.0659	67.3000	-174.4000
589.7879	67.7300	-176.0000
599.6729	68.1200	-178.2000
609.7236	68.3500	179.2000
619.9427	68.4000	176.9000
630.3331	68.3500	176.0000
640.8976	68.3600	176.4000
651.6392	68.5300	177.2000
662.5609	68.7800	177.6000
673.6656	69.0200	177.7000
684.9564	69.2400	177.9000
696.4364	69.4500	178.5000
708.1088	69.7000	179.8000
719.9769	70.1400	-178.4000
732.0439	70.8300	-177.3000
744.3131	71.5800	-178.1000
756.7880	72.2000	179.3000
769.4720	72.5700	175.5000
782.3685	72.6100	171.7000
795.4812	72.3500	169.3000
808.8137	71.9900	169.5000
822.3696	71.7600	172.0000
836.1527	71.8600	175.9000
850.1668	72.3500	180.0000
864.4158	73.1200	-177.5000
878.9036	73.9200	-177.0000
893.6343	74.6100	-177.8000
908.6118	75.1600	-179.3000
923.8404	75.5900	179.1000
939.3242	75.9600	178.0000
955.0675	76.3300	177.1000
971.0746	76.7000	176.2000
987.3501	77.0800	175.4000
1003.8983	77.4900	174.5000
1020.7239	77.8700	173.0000
1037.8315	78.1200	171.1000
1055.2258	78.2200	169.8000
1072.9116	78.2700	169.8000
1090.8939	78.4300	171.0000
1109.1775	78.7700	172.4000
1127.7676	79.1900	173.5000
1146.6693	79.7000	174.6000
1165.8877	80.3500	175.7000
1185.4283	81.1200	175.6000
1205.2964	81.7900	173.8000
1225.4974	82.2300	171.7000
1246.0371	82.5900	170.6000
1266.9209	83.0600	170.1000
1288.1549	83.6200	169.2000
1309.7446	84.1800	167.7000
1331.6963	84.6800	165.6000
1354.0158	85.0800	163.2000
1376.7095	85.3600	161.1000
1399.7835	85.5700	160.0000
1423.2442	85.9100	160.1000
1447.0981	86.4800	160.0000
1471.3518	87.1600	158.7000
1496.0120	87.7200	156.1000
1521.0856	88.1200	153.3000
1546.5793	88.4500	151.2000
1572.5004	88.8500	149.6000
1598.8559	89.3300	147.9000
1625.6531	89.8500	145.5000
1652.8994	90.3000	142.4000
1680.6024	90.6400	139.1000
1708.7697	90.8800	136.1000
1737.4091	91.0900	133.8000
1766.5285	91.3900	132.1000
1796.1360	91.8200	130.3000
1826.2397	92.2700	127.7000
1856.8479	92.6900	124.8000
1887.9691	93.1200	121.5000
1919.6120	93.5000	117.4000
1951.7851	93.7200	112.7000
1984.4975	93.7500	108.5000
2017.7582	93.7100	105.7000
2051.5763	93.7700	103.8000
2085.9612	93.9700	101.9000
2120.9224	94.2500	99.7000
2156.4696	94.5300	96.7000
2192.6126	94.7600	93.3000
2229.3613	94.9300	89.4000
2266.7259	94.9500	85.3000
2304.7168	94.7700	82.1000
2343.3444	94.6100	80.7000
2382.6195	94.6800	79.9000
2422.5528	94.9000	78.4000
2463.1553	95.1400	76.2000
2504.4384	95.3800	73.4000
2546.4134	95.5800	69.9000
2589.0919	95.6600	66.0000
2632.4858	95.6300	62.3000
2676.6069	95.5600	59.0000
2721.4674	95.4800	55.7000
2767.0799	95.3700	52.4000
2813.4568	95.2000	48.9000
2860.6111	94.9400	45.5000
2908.5556	94.5500	42.7000
2957.3037	94.1100	41.1000
3006.8689	93.7600	40.5000
3057.2647	93.5300	40.2000
3108.5052	93.4300	39.6000
3160.6045	93.3700	38.3000
3213.5770	93.2200	36.2000
3267.4374	92.8700	34.4000
3322.2004	92.4200	34.2000
3377.8813	92.0800	35.5000
3434.4954	92.0100	37.4000
3492.0584	92.1700	38.4000
3550.5862	92.3500	38.2000
3610.0949	92.4600	37.5000
3670.6009	92.5600	36.8000
3732.1211	92.7300	35.8000
3794.6724	92.8800	33.8000
3858.2720	92.8500	31.2000
3922.9376	92.6300	29.5000
3988.6870	92.4600	29.1000
4055.5384	92.5100	28.8000
4123.5102	92.6200	27.2000
4192.6212	92.5500	24.6000
4262.8906	92.2500	22.8000
4334.3377	91.9500	22.6000
4406.9822	91.8600	22.6000
4480.8443	91.8100	21.6000
4555.9444	91.5900	20.5000
4632.3031	91.3300	20.8000
4709.9417	91.2900	21.5000
4788.8814	91.2800	20.9000
4869.1443	91.0500	20.6000
4950.7523	90.8600	22.2000
5033.7281	91.0000	23.9000
5118.0947	91.1700	23.9000
5203.8752	91.1900	24.2000
5291.0934	91.3900	25.5000
5379.7734	91.7900	25.4000
5469.9397	92.0200	23.9000
5561.6173	92.2000	23.2000
5654.8313	92.5900	22.2000
5749.6077	92.9200	19.2000
5845.9725	93.0100	15.6000
5943.9525	93.0300	12.3000
6043.5746	92.9400	8.1000
6144.8664	92.4900	4.3000
6247.8558	91.8300	3.1000
6352.5714	91.2600	4.0000
6459.0421	90.9000	6.5000
6567.2972	90.9400	9.7000
6677.3667	91.2700	11.3000
6789.2810	91.6800	11.9000
6903.0710	92.2300	11.2000
7018.7682	92.7000	8.2000
7136.4045	92.9000	3.8000
7256.0123	92.8400	-1.0000
7377.6249	92.4300	-5.1000
7501.2757	91.7900	-6.9000
7626.9989	91.1900	-5.9000
7754.8293	90.9500	-2.5000
7884.8021	91.2900	0.5000
8016.9533	91.8900	0.4000
8151.3194	92.3300	-2.4000
8287.9375	92.4300	-6.2000
8426.8454	92.3400	-9.1000
8568.0814	92.2600	-12.0000
8711.6845	92.0300	-15.1000
8857.6945	91.6100	-17.2000
9006.1516	91.1700	-17.5000
9157.0969	90.8400	-16.6000
9310.5721	90.7600	-14.6000
9466.6196	91.0800	-13.0000
9625.2825	91.5700	-14.2000
9786.6046	91.8400	-18.0000
9950.6305	91.7600	-22.4000
10117.4050	91.3800	-25.9000
10286.9760	90.8200	-27.6000
10459.3880	90.3300	-26.7000
10634.6900	90.2100	-24.6000
10812.9300	90.4400	-23.7000
10994.1570	90.8200	-24.9000
11178.4220	91.0200	-28.3000
11365.7750	90.8600	-32.4000
11556.2680	90.4300	-34.9000
11749.9540	89.9900	-35.1000
11946.8860	89.7300	-34.1000
12147.1190	89.7700	-32.9000
12350.7080	90.0600	-32.9000
12557.7080	90.3700	-35.4000
12768.1790	90.3800	-39.7000
12982.1770	89.9400	-43.6000
13199.7610	89.2200	-44.5000
13420.9920	88.5600	-41.7000
13645.9310	88.4900	-37.0000
13874.6410	89.1500	-34.3000
14107.1830	89.8700	-34.7000
14343.6230	90.2400	-37.5000
14584.0250	90.3000	-41.1000
14828.4570	90.3700	-43.2000
15076.9860	90.7200	-44.4000
15329.6800	91.1700	-46.9000
15586.6090	91.4600	-51.7000
15847.8440	91.4300	-57.8000
16113.4580	91.1400	-62.7000
16383.5240	90.9500	-65.3000
16658.1150	91.1100	-68.0000
16937.3100	91.2800	-73.0000
17221.1830	91.0100	-79.4000
17509.8140	90.3300	-83.9000
17803.2830	89.7500	-85.5000
18101.6700	89.6000	-88.2000
18405.0590	89.3500	-94.4000
18713.5320	88.5500	-100.0000
19027.1760	87.5000	-101.3000
19346.0760	86.9300	-100.9000
19670.3210	86.7500	-103.0000
20000.0000	86.6400	-105.0000