500.0000	61.1700	-114.3000
503.7174	61.2900	-114.4000
507.4625	61.4400	-114.6000
511.2355	61.6100	-114.9000
515.0364	61.7900	-115.1000
518.8657	61.9800	-115.4000
522.7234	62.1700	-115.7000
526.6098	62.3600	-116.0000
530.5251	62.5600	-116.4000
534.4695	62.7500	-116.7000
538.4432	62.9500	-117.1000
542.4465	63.1400	-117.4000
546.4795	63.3300	-117.8000
550.5425	63.5300	-118.2000
554.6357	63.7200	-118.6000
558.7594	63.9100	-119.0000
562.9137	64.1100	-119.4000
567.0989	64.3000	-119.8000
571.3152	64.4800	-120.2000
575.5629	64.6700	-120.7000
579.8421	64.8600	-121.1000
584.1532	65.0400	-121.6000
588.4963	65.2300	-122.0000
592.8717	65.4100	-122.5000
597.2796	65.5900	-122.9000
601.7204	65.7700	-123.4000
606.1941	65.9400	-123.8000
610.7011	66.1200	-124.3000
615.2416	66.3000	-124.8000
619.8158	66.4700	-125.2000
624.4241	66.6400	-125.7000
629.0666	66.8100	-126.1000
633.7437	66.9800	-126.5000
638.4555	67.1500	-127.0000
643.2023	67.3200	-127.4000
647.9845	67.4900	-127.8000
652.8021	67.6500	-128.2000
657.6557	67.8200	-128.6000
662.5453	67.9900	-129.0000
667.4712	68.1500	-129.4000
672.4338	68.3200	-129.7000
677.4333	68.4900	-130.1000
682.4699	68.6500	-130.4000
687.5440	68.8200	-130.7000
692.6558	68.9900	-131.0000
697.8056	69.1600	-131.3000
702.9937	69.3300	-131.6000
708.2204	69.5000	-131.9000
713.4860	69.6800	-132.1000
718.7906	69.8500	-132.4000
724.1348	70.0300	-132.6000
729.5186	70.2100	-132.8000
734.9425	70.4000	-133.1000
740.4067	70.5800	-133.3000
745.9116	70.7700	-133.5000
751.4574	70.9700	-133.7000
757.0444	71.1600	-134.0000
762.6729	71.3600	-134.2000
768.3433	71.5700	-134.4000
774.0558	71.7700	-134.6000
779.8109	71.9800	-134.9000
785.6087	72.1900	-135.1000
791.4496	72.4000	-135.4000
797.3339	72.6100	-135.7000
803.2620	72.8300	-136.0000
809.2342	73.0500	-136.3000
815.2508	73.2700	-136.7000
821.3120	73.5000	-137.0000
827.4184	73.7200	-137.4000
833.5702	73.9400	-137.8000
839.7677	74.1700	-138.2000
846.0113	74.3900	-138.7000
852.3013	74.6200	-139.2000
858.6380	74.8400	-139.7000
865.0219	75.0700	-140.2000
871.4533	75.2900	-140.7000
877.9324	75.5100	-141.3000
884.4597	75.7300	-141.8000
891.0356	75.9400	-142.4000
897.6604	76.1600	-143.0000
904.3344	76.3700	-143.6000
911.0580	76.5800	-144.2000
917.8316	76.7900	-144.8000
924.6556	76.9900	-145.4000
931.5303	77.2000	-146.1000
938.4561	77.4000	-146.7000
945.4335	77.6000	-147.4000
952.4627	77.7900	-148.0000
959.5441	77.9900	-148.6000
966.6782	78.1800	-149.3000
973.8654	78.3700	-149.9000
981.1059	78.5600	-150.5000
988.4004	78.7500	-151.1000
995.7490	78.9300	-151.7000
1003.1523	79.1200	-152.3000
1010.6106	79.3100	-152.9000
1018.1244	79.4900	-153.5000
1025.6940	79.6800	-154.0000
1033.3200	79.8700	-154.6000
1041.0026	80.0600	-155.2000
1048.7423	80.2500	-155.7000
1056.5396	80.4400	-156.3000
1064.3949	80.6300	-156.9000
1072.3085	80.8300	-157.4000
1080.2810	81.0300	-158.0000
1088.3128	81.2200	-158.5000
1096.4043	81.4200	-159.1000
1104.5559	81.6200	-159.7000
1112.7682	81.8200	-160.3000
1121.0415	82.0300	-161.0000
1129.3763	82.2300	-161.6000
1137.7731	82.4300	-162.2000
1146.2323	82.6400	-162.9000
1154.7544	82.8400	-163.6000
1163.3399	83.0400	-164.3000
1171.9892	83.2400	-165.0000
1180.7028	83.4400	-165.7000
1189.4812	83.6400	-166.4000
1198.3249	83.8400	-167.2000
1207.2343	84.0400	-167.9000
1216.2100	84.2400	-168.7000
1225.2524	84.4300	-169.4000
1234.3620	84.6300	-170.2000
1243.5393	84.8300	-170.9000
1252.7849	85.0200	-171.7000
1262.0992	85.2200	-172.5000
1271.4828	85.4200	-173.2000
1280.9361	85.6200	-174.0000
1290.4597	85.8200	-174.7000
1300.0542	86.0300	-175.5000
1309.7199	86.2300	-176.3000
1319.4576	86.4500	-177.1000
1329.2676	86.6600	-177.9000
1339.1505	86.8800	-178.7000
1349.1070	87.1000	-179.6000
1359.1374	87.3300	179.5000
1369.2425	87.5600	178.6000
1379.4226	87.7900	177.6000
1389.6785	88.0200	176.6000
1400.0106	88.2500	175.5000
1410.4195	88.4900	174.4000
1420.9059	88.7200	173.2000
1431.4701	88.9600	171.9000
1442.1130	89.1900	170.6000
1452.8349	89.4100	169.2000
1463.6366	89.6400	167.8000
1474.5186	89.8500	166.3000
1485.4814	90.0600	164.7000
1496.5258	90.2700	163.1000
1507.6523	90.4600	161.5000
1518.8616	90.6500	159.8000
1530.1541	90.8200	158.1000
1541.5307	90.9900	156.3000
1552.9918	91.1500	154.6000
1564.5381	91.3000	152.8000
1576.1703	91.4400	151.0000
1587.8889	91.5700	149.2000
1599.6947	91.6900	147.5000
1611.5883	91.8000	145.7000
1623.5703	91.9000	144.0000
1635.6413	92.0000	142.2000
1647.8021	92.0900	140.5000
1660.0534	92.1700	138.8000
1672.3957	92.2500	137.1000
1684.8298	92.3300	135.5000
1697.3563	92.4000	133.9000
1709.9759	92.4700	132.3000
1722.6894	92.5300	130.7000
1735.4974	92.6000	129.1000
1748.4007	92.6600	127.6000
1761.3998	92.7200	126.0000
1774.4957	92.7900	124.5000
1787.6888	92.8500	122.9000
1800.9801	92.9100	121.3000
1814.3702	92.9600	119.7000
1827.8598	93.0200	118.1000
1841.4498	93.0600	116.5000
1855.1408	93.1000	114.8000
1868.9335	93.1400	113.1000
1882.8289	93.1700	111.4000
1896.8275	93.1800	109.7000
1910.9302	93.1900	107.9000
1925.1377	93.1900	106.2000
1939.4509	93.1700	104.5000
1953.8705	93.1500	102.8000
1968.3974	93.1200	101.2000
1983.0322	93.0700	99.6000
1997.7758	93.0200	98.0000
2012.6290	92.9700	96.5000
2027.5927	92.9000	95.1000
2042.6677	92.8400	93.7000
2057.8547	92.7700	92.3000
2073.1546	92.7000	91.0000
2088.5683	92.6300	89.7000
2104.0965	92.5500	88.4000
2119.7403	92.4800	87.1000
2135.5003	92.4000	85.8000
2151.3775	92.3100	84.5000
2167.3728	92.2100	83.3000
2183.4870	92.1000	82.0000
2199.7210	91.9800	80.7000
2216.0756	91.8400	79.5000
2232.5519	91.6900	78.4000
2249.1507	91.5200	77.4000
2265.8729	91.3300	76.6000
2282.7194	91.1400	75.9000
2299.6912	90.9400	75.5000
2316.7891	90.7500	75.2000
2334.0142	90.5700	75.1000
2351.3673	90.4100	75.3000
2368.8495	90.2800	75.5000
2386.4616	90.1800	75.9000
2404.2047	90.1100	76.3000
2422.0797	90.0600	76.6000
2440.0876	90.0400	76.9000
2458.2294	90.0400	77.1000
2476.5061	90.0400	77.1000
2494.9186	90.0400	77.1000
2513.4681	90.0400	77.0000
2532.1554	90.0300	76.9000
2550.9817	90.0200	76.8000
2569.9480	90.0000	76.8000
2589.0553	89.9900	76.9000
2608.3046	90.0000	77.1000
2627.6971	90.0300	77.3000
2647.2337	90.0800	77.5000
2666.9156	90.1600	77.7000
2686.7439	90.2600	77.7000
2706.7195	90.3800	77.6000
2726.8437	90.5100	77.2000
2747.1175	90.6400	76.6000
2767.5420	90.7500	75.8000
2788.1184	90.8400	74.8000
2808.8477	90.9000	73.7000
2829.7312	90.9200	72.6000
2850.7699	90.9200	71.5000
2871.9651	90.8900	70.5000
2893.3178	90.8400	69.6000
2914.8293	90.7800	68.9000
2936.5008	90.7100	68.3000
2958.3333	90.6500	67.9000
2980.3282	90.6000	67.5000
3002.4866	90.5700	67.3000
3024.8098	90.5500	67.1000
3047.2989	90.5400	66.8000
3069.9553	90.5500	66.5000
3092.7801	90.5700	66.2000
3115.7745	90.5900	65.7000
3138.9400	90.6100	65.2000
3162.2777	90.6200	64.6000
3185.7888	90.6200	64.0000
3209.4748	90.6100	63.3000
3233.3369	90.6000	62.6000
3257.3764	90.5700	62.0000
3281.5947	90.5400	61.4000
3305.9930	90.5000	60.8000
3330.5727	90.4600	60.2000
3355.3351	90.4200	59.6000
3380.2817	90.3700	59.1000
3405.4137	90.3100	58.6000
3430.7326	90.2500	58.1000
3456.2397	90.1700	57.7000
3481.9365	90.0900	57.3000
3507.8243	90.0100	57.1000
3533.9046	89.9200	57.0000
3560.1788	89.8500	57.1000
3586.6483	89.8000	57.3000
3613.3147	89.7900	57.5000
3640.1793	89.8000	57.7000
3667.2436	89.8500	57.7000
3694.5092	89.9000	57.6000
3721.9774	89.9600	57.1000
3749.6499	89.9900	56.4000
3777.5282	90.0000	55.6000
3805.6137	89.9600	54.8000
3833.9080	89.8800	54.1000
3862.4127	89.7800	53.5000
3891.1293	89.6700	53.2000
3920.0594	89.5700	53.0000
3949.2046	89.4900	52.9000
3978.5665	89.4300	52.9000
4008.1467	89.3800	52.6000
4037.9469	89.3100	52.3000
4067.9686	89.2100	51.8000
4098.2135	89.0600	51.4000
4128.6833	88.8600	51.2000
4159.3796	88.6300	51.4000
4190.3041	88.3900	52.2000
4221.4586	88.1800	53.5000
4252.8446	88.0400	55.3000
4284.4641	87.9800	57.3000
4316.3186	88.0200	59.3000
4348.4100	88.1400	61.1000
4380.7399	88.3000	62.6000
4413.3102	88.5000	63.7000
4446.1227	88.7100	64.6000
4479.1792	88.9400	65.3000
4512.4814	89.1900	65.8000
4546.0312	89.4600	66.0000
4579.8304	89.7400	65.8000
4613.8810	90.0300	65.2000
4648.1847	90.2900	64.1000
4682.7434	90.4900	62.7000
4717.5591	90.6200	61.0000
4752.6336	90.6700	59.4000
4787.9689	90.6500	57.9000
4823.5670	90.6000	56.8000
4859.4297	90.5400	56.1000
4895.5590	90.5000	55.7000
4931.9569	90.5100	55.3000
4968.6255	90.5300	54.7000
5005.5667	90.5500	53.9000
5042.7825	90.5200	52.9000
5080.2751	90.4500	52.0000
5118.0464	90.3300	51.5000
5156.0985	90.2100	51.3000
5194.4335	90.1300	51.4000
5233.0536	90.1000	51.6000
5271.9607	90.1200	51.6000
5311.1572	90.1300	51.4000
5350.6451	90.1100	50.9000
5390.4265	90.0500	50.5000
5430.5038	89.9600	50.5000
5470.8790	89.8800	50.8000
5511.5544	89.8700	51.3000
5552.5322	89.9100	51.7000
5593.8146	89.9700	51.8000
5635.4040	90.0200	51.7000
5677.3027	90.0400	51.6000
5719.5128	90.0400	51.7000
5762.0367	90.0800	52.0000
5804.8768	90.2000	52.4000
5848.0355	90.3800	52.3000
5891.5150	90.5600	51.5000
5935.3178	90.6900	50.1000
5979.4462	90.7000	48.5000
6023.9027	90.6200	47.1000
6068.6898	90.4800	46.2000
6113.8098	90.3600	45.8000
6159.2653	90.2700	45.6000
6205.0588	90.2000	45.3000
6251.1927	90.1000	45.0000
6297.6697	89.9700	45.0000
6344.4922	89.8500	45.6000
6391.6628	89.8100	46.6000
6439.1841	89.9100	47.5000
6487.0587	90.0800	47.8000
6535.2893	90.2400	47.2000
6583.8785	90.3200	46.2000
6632.8289	90.3200	45.3000
6682.1432	90.2900	44.8000
6731.8243	90.2900	44.4000
6781.8746	90.3200	43.8000
6832.2971	90.3200	42.8000
6883.0945	90.2300	41.8000
6934.2696	90.0700	41.1000
6985.8251	89.8800	41.0000
7037.7640	89.7200	41.3000
7090.0890	89.6200	41.9000
7142.8030	89.5400	42.5000
7195.9090	89.4600	43.3000
7249.4098	89.4200	44.6000
7303.3083	89.5000	46.0000
7357.6076	89.7000	47.2000
7412.3107	89.9600	47.5000
7467.4204	90.1900	47.1000
7522.9398	90.3500	46.3000
7578.8721	90.4500	45.5000
7635.2202	90.5500	44.9000
7691.9872	90.6700	44.2000
7749.1763	90.7900	43.3000
7806.7906	90.8800	42.0000
7864.8332	90.9100	40.7000
7923.3074	90.9200	39.5000
7982.2163	90.9100	38.3000
8041.5632	90.9000	36.9000
8101.3514	90.8200	35.4000
8161.5840	90.6700	34.0000
8222.2645	90.4500	33.0000
8283.3961	90.2200	32.6000
8344.9823	90.0100	32.6000
8407.0263	89.8300	32.9000
8469.5316	89.6800	33.6000
8532.5017	89.6100	34.6000
8595.9399	89.6300	35.6000
8659.8498	89.7300	36.2000
8724.2348	89.8400	36.3000
8789.0986	89.9300	36.0000
8854.4446	89.9900	35.7000
8920.2764	90.0600	35.2000
8986.5977	90.1100	34.5000
9053.4120	90.1000	33.5000
9120.7232	90.0200	32.9000
9188.5348	89.9300	32.7000
9256.8505	89.9000	32.9000
9325.6742	89.9300	32.9000
9395.0096	89.9800	32.7000
9464.8604	90.0400	32.4000
9535.2306	90.1200	31.9000
9606.1240	90.2000	30.9000
9677.5445	90.2300	29.6000
9749.4960	90.1800	28.2000
9821.9825	90.0800	27.0000
9895.0078	89.9600	26.1000
9968.5761	89.8100	25.2000
10042.6910	89.6300	24.7000
10117.3580	89.4600	24.6000
10192.5790	89.3400	24.9000
10268.3600	89.2800	25.1000
10344.7040	89.2500	25.4000
10421.6160	89.2600	25.6000
10499.0990	89.3300	25.6000
10577.1590	89.4200	25.1000
10655.7990	89.4900	24.3000
10735.0240	89.5400	23.4000
10814.8370	89.5800	22.2000
10895.2450	89.5800	20.7000
10976.2500	89.5100	19.1000
11057.8570	89.3800	17.6000
11140.0710	89.2100	16.3000
11222.8960	88.9900	15.2000
11306.3370	88.7400	14.5000
11390.3980	88.5100	14.5000
11475.0850	88.3300	14.7000
11560.4010	88.2000	15.0000
11646.3510	88.1400	15.4000
11732.9400	88.1600	15.6000
11820.1740	88.2400	15.3000
11908.0550	88.3000	14.3000
11996.5900	88.3100	12.8000
12085.7840	88.2300	11.0000
12175.6400	88.0500	9.2000
12266.1650	87.7900	7.9000
12357.3620	87.5200	7.2000
12449.2380	87.2700	7.0000
12541.7970	87.0600	6.9000
12635.0440	86.8900	7.0000
12728.9840	86.7800	6.9000
12823.6220	86.6600	6.4000
12918.9650	86.4900	5.7000
13015.0160	86.2800	5.1000
13111.7810	86.0200	4.7000
13209.2660	85.7300	4.7000
13307.4750	85.4600	5.0000
13406.4150	85.2200	5.5000
13506.0900	85.0100	6.2000
13606.5060	84.8400	6.9000
13707.6690	84.7100	7.5000
13809.5840	84.5900	7.9000
13912.2570	84.4800	8.3000
14015.6930	84.3600	8.5000
14119.8980	84.2100	8.8000
14224.8780	84.0800	9.4000
14330.6380	83.9800	9.9000
14437.1850	83.9100	10.3000
14544.5240	83.8500	10.5000
14652.6610	83.7900	10.5000
14761.6020	83.7000	10.3000
14871.3530	83.5800	10.2000
14981.9200	83.4200	10.2000
15093.3090	83.2600	10.7000
15205.5260	83.1400	11.7000
15318.5770	83.1100	12.7000
15432.4690	83.1700	13.5000
15547.2080	83.2600	13.6000
15662.8000	83.3200	13.3000
15779.2510	83.3400	12.6000
15896.5680	83.3200	11.8000
16014.7570	83.2600	11.0000
16133.8250	83.2100	10.3000
16253.7780	83.1500	9.4000
16374.6230	83.0500	8.4000
16496.3670	82.8800	7.5000
16619.0160	82.6600	7.1000
16742.5760	82.4700	7.3000
16867.0550	82.3900	8.0000
16992.4600	82.4300	8.4000
17118.7970	82.5400	8.0000
17246.0740	82.6200	6.6000
17374.2960	82.5800	4.6000
17503.4720	82.3900	2.8000
17633.6090	82.0900	1.5000
17764.7130	81.7700	1.1000
17896.7910	81.5100	1.4000
18029.8520	81.3500	1.8000
18163.9020	81.2800	2.1000
18298.9490	81.2600	1.8000
18434.9990	81.2400	1.0000
18572.0620	81.1800	-0.1000
18710.1430	81.1000	-1.5000
18849.2510	80.9800	-3.1000
18989.3930	80.8200	-4.7000
19130.5770	80.6000	-6.2000
19272.8110	80.3400	-7.3000
19416.1020	80.1200	-8.0000
19560.4590	79.9700	-8.4000
19705.8880	79.8900	-8.9000
19852.4000	79.8600	-9.5000
20000.0000	79.8400	-9.8000