500	58.59	-105.6
503.71745	58.73	-105.7
507.46253	58.91	-105.9
511.23546	59.12	-106.2
515.03644	59.33	-106.4
518.86568	59.55	-106.7
522.72339	59.78	-107
526.60978	60.01	-107.3
530.52507	60.23	-107.6
534.46946	60.46	-108
538.44318	60.69	-108.3
542.44645	60.92	-108.7
546.47948	61.14	-109
550.5425	61.36	-109.4
554.63572	61.59	-109.8
558.75938	61.81	-110.1
562.91369	62.03	-110.5
567.09889	62.25	-110.9
571.31521	62.46	-111.3
575.56288	62.68	-111.7
579.84212	62.89	-112.2
584.15319	63.1	-112.6
588.4963	63.31	-113
592.87171	63.52	-113.4
597.27965	63.73	-113.8
601.72035	63.93	-114.3
606.19408	64.13	-114.7
610.70107	64.33	-115.1
615.24156	64.53	-115.5
619.81582	64.73	-115.9
624.42408	64.92	-116.3
629.0666	65.11	-116.7
633.74365	65.3	-117.1
638.45546	65.49	-117.5
643.20231	65.68	-117.9
647.98445	65.87	-118.2
652.80214	66.06	-118.6
657.65565	66.25	-118.9
662.54525	66.43	-119.3
667.4712	66.62	-119.6
672.43378	66.81	-119.9
677.43325	66.99	-120.2
682.46989	67.18	-120.4
687.54398	67.37	-120.7
692.6558	67.55	-120.9
697.80562	67.74	-121.2
702.99373	67.93	-121.4
708.22041	68.12	-121.6
713.48595	68.32	-121.8
718.79064	68.51	-121.9
724.13477	68.71	-122.1
729.51863	68.91	-122.3
734.94252	69.12	-122.4
740.40674	69.32	-122.6
745.91159	69.53	-122.8
751.45736	69.75	-122.9
757.04436	69.96	-123.1
762.6729	70.18	-123.2
768.34329	70.41	-123.4
774.05584	70.63	-123.6
779.81086	70.86	-123.8
785.60867	71.09	-124
791.44959	71.33	-124.2
797.33393	71.57	-124.4
803.26202	71.81	-124.7
809.23418	72.05	-125
815.25075	72.29	-125.3
821.31205	72.54	-125.6
827.41842	72.79	-125.9
833.57018	73.03	-126.3
839.76769	73.28	-126.7
846.01127	73.53	-127.1
852.30127	73.78	-127.6
858.63804	74.03	-128.1
865.02192	74.27	-128.6
871.45326	74.52	-129.1
877.93242	74.76	-129.6
884.45975	75	-130.2
891.03561	75.24	-130.7
897.66037	75.48	-131.3
904.33437	75.72	-131.9
911.058	75.96	-132.5
917.83162	76.19	-133.2
924.6556	76.42	-133.8
931.53031	76.65	-134.4
938.45614	76.87	-135.1
945.43346	77.1	-135.7
952.46265	77.32	-136.4
959.54411	77.54	-137.1
966.67821	77.76	-137.7
973.86536	77.99	-138.4
981.10594	78.2	-139
988.40036	78.42	-139.6
995.74901	78.64	-140.3
1003.1523	78.86	-140.9
1010.6106	79.08	-141.6
1018.1244	79.3	-142.2
1025.694	79.52	-142.9
1033.32	79.74	-143.5
1041.0026	79.96	-144.2
1048.7423	80.19	-144.8
1056.5396	80.41	-145.5
1064.3949	80.64	-146.2
1072.3085	80.87	-146.8
1080.281	81.1	-147.6
1088.3128	81.33	-148.3
1096.4043	81.57	-149
1104.5559	81.8	-149.8
1112.7682	82.04	-150.5
1121.0415	82.27	-151.3
1129.3763	82.51	-152.1
1137.7731	82.75	-153
1146.2323	82.98	-153.8
1154.7544	83.22	-154.7
1163.3399	83.46	-155.6
1171.9892	83.69	-156.6
1180.7028	83.92	-157.5
1189.4812	84.16	-158.5
1198.3249	84.39	-159.5
1207.2343	84.62	-160.5
1216.21	84.85	-161.6
1225.2524	85.08	-162.6
1234.362	85.3	-163.7
1243.5393	85.53	-164.8
1252.7849	85.75	-165.9
1262.0992	85.97	-167.1
1271.4828	86.2	-168.2
1280.9361	86.42	-169.4
1290.4597	86.64	-170.6
1300.0542	86.86	-171.8
1309.7199	87.08	-173
1319.4576	87.3	-174.3
1329.2676	87.52	-175.6
1339.1505	87.73	-176.9
1349.107	87.95	-178.2
1359.1374	88.17	-179.6
1369.2425	88.38	179
1379.4226	88.59	177.5
1389.6785	88.8	176
1400.0106	89	174.5
1410.4195	89.2	172.9
1420.9059	89.4	171.3
1431.4701	89.59	169.7
1442.113	89.78	168
1452.8349	89.96	166.3
1463.6366	90.13	164.5
1474.5186	90.29	162.7
1485.4814	90.45	160.9
1496.5258	90.6	159.1
1507.6523	90.74	157.2
1518.8616	90.88	155.4
1530.1541	91	153.5
1541.5307	91.11	151.6
1552.9918	91.22	149.8
1564.5381	91.32	147.9
1576.1703	91.4	146
1587.8889	91.48	144.2
1599.6947	91.55	142.3
1611.5883	91.61	140.5
1623.5703	91.67	138.8
1635.6413	91.72	137
1647.8021	91.76	135.3
1660.0534	91.8	133.6
1672.3957	91.83	132
1684.8298	91.86	130.4
1697.3563	91.89	128.8
1709.9759	91.91	127.3
1722.6894	91.94	125.8
1735.4974	91.96	124.3
1748.4007	91.98	122.8
1761.3998	92.01	121.4
1774.4957	92.03	120
1787.6888	92.05	118.6
1800.9801	92.07	117.1
1814.3702	92.1	115.7
1827.8598	92.12	114.2
1841.4498	92.13	112.8
1855.1408	92.15	111.3
1868.9335	92.16	109.8
1882.8289	92.16	108.3
1896.8275	92.16	106.8
1910.9302	92.14	105.3
1925.1377	92.12	103.8
1939.4509	92.09	102.3
1953.8705	92.05	100.9
1968.3974	92	99.5
1983.0322	91.95	98.1
1997.7758	91.89	96.8
2012.629	91.82	95.6
2027.5927	91.75	94.4
2042.6677	91.68	93.3
2057.8547	91.61	92.2
2073.1546	91.55	91.2
2088.5683	91.49	90.1
2104.0965	91.42	89.1
2119.7403	91.37	88.1
2135.5003	91.31	87.1
2151.3775	91.24	86
2167.3728	91.17	85
2183.487	91.09	83.9
2199.721	90.99	82.8
2216.0756	90.88	81.7
2232.5519	90.75	80.7
2249.1507	90.6	79.8
2265.8729	90.44	79
2282.7194	90.26	78.4
2299.6912	90.08	78
2316.7891	89.91	77.8
2334.0142	89.74	77.8
2351.3673	89.59	78
2368.8495	89.47	78.4
2386.4616	89.38	78.8
2404.2047	89.32	79.3
2422.0797	89.29	79.7
2440.0876	89.29	80
2458.2294	89.3	80.3
2476.5061	89.31	80.4
2494.9186	89.33	80.4
2513.4681	89.33	80.3
2532.1554	89.33	80.3
2550.9817	89.32	80.3
2569.948	89.31	80.4
2589.0553	89.3	80.6
2608.3046	89.31	80.9
2627.6971	89.34	81.2
2647.2337	89.4	81.6
2666.9156	89.49	82
2686.7439	89.61	82.2
2706.7195	89.76	82.2
2726.8437	89.92	82
2747.1175	90.08	81.6
2767.542	90.23	80.8
2788.1184	90.36	79.9
2808.8477	90.46	78.9
2829.7312	90.53	77.7
2850.7699	90.56	76.6
2871.9651	90.57	75.6
2893.3178	90.55	74.6
2914.8293	90.52	73.8
2936.5008	90.49	73.2
2958.3333	90.45	72.6
2980.3282	90.43	72.2
3002.4866	90.42	71.9
3024.8098	90.43	71.5
3047.2989	90.45	71.2
3069.9553	90.48	70.8
3092.7801	90.52	70.4
3115.7745	90.56	69.8
3138.94	90.6	69.2
3162.2777	90.62	68.5
3185.7888	90.64	67.7
3209.4748	90.65	66.9
3233.3369	90.64	66.1
3257.3764	90.62	65.3
3281.5947	90.59	64.6
3305.993	90.55	63.9
3330.5727	90.51	63.3
3355.3351	90.46	62.7
3380.2817	90.42	62.1
3405.4137	90.37	61.5
3430.7326	90.31	61
3456.2397	90.24	60.5
3481.9365	90.15	60.2
3507.8243	90.07	59.9
3533.9046	89.98	59.8
3560.1788	89.9	59.9
3586.6483	89.85	60.1
3613.3147	89.83	60.5
3640.1793	89.86	60.8
3667.2436	89.91	60.9
3694.5092	90	60.9
3721.9774	90.09	60.5
3749.6499	90.16	59.9
3777.5282	90.2	59.1
3805.6137	90.21	58.2
3833.908	90.18	57.4
3862.4127	90.13	56.7
3891.1293	90.07	56.1
3920.0594	90.01	55.7
3949.2046	89.97	55.3
3978.5665	89.94	54.8
4008.1467	89.91	54.2
4037.9469	89.85	53.5
4067.9686	89.75	52.6
4098.2135	89.6	51.8
4128.6833	89.4	51.3
4159.3796	89.16	51.2
4190.3041	88.9	51.7
4221.4586	88.68	52.8
4252.8446	88.52	54.3
4284.4641	88.45	56.1
4316.3186	88.46	57.9
4348.41	88.56	59.5
4380.7399	88.7	60.8
4413.3102	88.87	61.8
4446.1227	89.05	62.5
4479.1792	89.24	63.1
4512.4814	89.45	63.5
4546.0312	89.69	63.6
4579.8304	89.94	63.5
4613.881	90.19	62.9
4648.1847	90.42	61.9
4682.7434	90.6	60.5
4717.5591	90.72	58.9
4752.6336	90.75	57.3
4787.9689	90.72	55.9
4823.567	90.66	54.8
4859.4297	90.59	54.2
4895.559	90.55	53.8
4931.9569	90.55	53.4
4968.6255	90.58	52.8
5005.5667	90.6	52
5042.7825	90.57	50.9
5080.2751	90.48	49.9
5118.0464	90.35	49.2
5156.0985	90.19	49
5194.4335	90.08	49.2
5233.0536	90.03	49.6
5271.9607	90.03	49.9
5311.1572	90.05	49.8
5350.6451	90.05	49.5
5390.4265	89.99	49.1
5430.5038	89.91	49
5470.879	89.83	49.3
5511.5544	89.8	49.8
5552.5322	89.82	50.3
5593.8146	89.87	50.5
5635.404	89.91	50.5
5677.3027	89.92	50.4
5719.5128	89.91	50.7
5762.0367	89.95	51.2
5804.8768	90.06	51.8
5848.0355	90.26	51.9
5891.515	90.48	51.3
5935.3178	90.63	50
5979.4462	90.67	48.4
6023.9027	90.61	47
6068.6898	90.48	46.1
6113.8098	90.36	45.8
6159.2653	90.29	45.7
6205.0588	90.25	45.5
6251.1927	90.18	45.3
6297.6697	90.08	45.3
6344.4922	89.97	45.8
6391.6628	89.95	46.9
6439.1841	90.06	48
6487.0587	90.27	48.5
6535.2893	90.49	48
6583.8785	90.61	46.9
6632.8289	90.64	45.9
6682.1432	90.63	45.3
6731.8243	90.64	44.9
6781.8746	90.68	44.3
6832.2971	90.7	43.5
6883.0945	90.64	42.5
6934.2696	90.51	41.9
6985.8251	90.38	41.9
7037.764	90.31	42.4
7090.089	90.3	42.8
7142.803	90.3	43
7195.909	90.28	43.3
7249.4098	90.27	43.9
7303.3083	90.34	45
7357.6076	90.53	45.9
7412.3107	90.81	46.2
7467.4204	91.09	45.7
7522.9398	91.32	44.7
7578.8721	91.5	43.5
7635.2202	91.65	42.2
7691.9872	91.79	40.7
7749.1763	91.89	38.8
7806.7906	91.91	36.8
7864.8332	91.84	35
7923.3074	91.74	33.7
7982.2163	91.65	32.7
8041.5632	91.61	31.6
8101.3514	91.54	30.2
8161.584	91.41	28.7
8222.2645	91.21	27.4
8283.3961	90.97	26.7
8344.9823	90.74	26.4
8407.0263	90.51	26.4
8469.5316	90.3	26.8
8532.5017	90.14	27.8
8595.9399	90.09	29.1
8659.8498	90.16	30.2
8724.2348	90.31	30.6
8789.0986	90.44	30.3
8854.4446	90.54	29.8
8920.2764	90.6	29
8986.5977	90.64	28
9053.412	90.6	26.8
9120.7232	90.47	26
9188.5348	90.32	25.8
9256.8505	90.23	26
9325.6742	90.21	26.2
9395.0096	90.23	26.2
9464.8604	90.25	26.1
9535.2306	90.3	25.9
9606.124	90.38	25.3
9677.5445	90.42	24.1
9749.496	90.36	22.8
9821.9825	90.26	21.8
9895.0078	90.13	21
9968.5761	89.98	20.2
10042.691	89.78	19.8
10117.358	89.58	20
10192.579	89.44	20.6
10268.36	89.38	21.3
10344.704	89.35	22
10421.616	89.38	22.7
10499.099	89.48	23.2
10577.159	89.61	23.1
10655.799	89.73	22.7
10735.024	89.82	22
10814.837	89.91	21.1
10895.245	89.96	19.8
10976.25	89.94	18.4
11057.857	89.86	17.1
11140.071	89.74	16
11222.896	89.59	15.1
11306.337	89.4	14.5
11390.398	89.21	14.4
11475.085	89.06	14.7
11560.401	88.98	15.3
11646.351	88.96	16
11732.94	89.04	16.6
11820.174	89.19	16.6
11908.055	89.34	15.9
11996.59	89.44	14.8
12085.784	89.48	13.3
12175.64	89.43	11.7
12266.165	89.29	10.5
12357.362	89.12	9.7
12449.238	88.97	9.4
12541.797	88.85	9.4
12635.044	88.78	9.6
12728.984	88.78	9.6
12823.622	88.8	9.3
12918.965	88.79	8.7
13015.016	88.77	8
13111.781	88.73	7.3
13209.266	88.66	6.5
13307.475	88.56	5.8
13406.415	88.45	5.3
13506.09	88.34	5
13606.506	88.26	4.9
13707.669	88.22	4.8
13809.584	88.2	4.4
13912.257	88.18	3.9
14015.693	88.15	3.2
14119.898	88.1	2.5
14224.878	88.05	1.9
14330.638	88.01	1.4
14437.185	87.98	0.8
14544.524	87.98	0.2
14652.661	88	-0.8
14761.602	87.98	-2.1
14871.353	87.91	-3.5
14981.92	87.78	-4.7
15093.309	87.62	-5.6
15205.526	87.49	-6.1
15318.577	87.41	-6.6
15432.469	87.38	-7.2
15547.208	87.39	-8.3
15662.8	87.36	-9.9
15779.251	87.26	-11.7
15896.568	87.1	-13.4
16014.757	86.92	-14.8
16133.825	86.74	-16
16253.778	86.57	-17.3
16374.623	86.38	-18.8
16496.367	86.13	-20.2
16619.016	85.8	-21.4
16742.576	85.44	-21.8
16867.055	85.14	-21.5
16992.46	84.98	-20.9
17118.797	84.94	-20.8
17246.074	84.91	-21.6
17374.296	84.78	-23
17503.472	84.52	-24.4
17633.609	84.14	-25.1
17764.713	83.77	-24.7
17896.791	83.51	-23.5
18029.852	83.43	-22.1
18163.902	83.5	-21.4
18298.949	83.64	-21.5
18434.999	83.77	-22.6
18572.062	83.85	-24.3
18710.143	83.85	-26.4
18849.251	83.78	-28.7
18989.393	83.65	-31
19130.577	83.46	-33.3
19272.811	83.22	-35.3
19416.102	82.95	-37
19560.459	82.72	-38.1
19705.888	82.56	-39
19852.4	82.47	-39.6
20000	82.45	-39.9
