500.0000	61.9000	-110.5000
503.7174	62.0400	-110.7000
507.4625	62.2300	-110.9000
511.2355	62.4300	-111.1000
515.0364	62.6600	-111.4000
518.8657	62.8800	-111.7000
522.7234	63.1100	-112.0000
526.6098	63.3500	-112.3000
530.5251	63.5800	-112.6000
534.4695	63.8200	-113.0000
538.4432	64.0500	-113.4000
542.4465	64.2800	-113.7000
546.4795	64.5100	-114.1000
550.5425	64.7400	-114.5000
554.6357	64.9700	-114.9000
558.7594	65.1900	-115.3000
562.9137	65.4100	-115.7000
567.0989	65.6400	-116.1000
571.3152	65.8600	-116.5000
575.5629	66.0700	-116.9000
579.8421	66.2900	-117.4000
584.1532	66.5000	-117.8000
588.4963	66.7200	-118.2000
592.8717	66.9300	-118.7000
597.2796	67.1400	-119.1000
601.7204	67.3500	-119.6000
606.1941	67.5500	-120.0000
610.7011	67.7500	-120.4000
615.2416	67.9600	-120.9000
619.8158	68.1600	-121.3000
624.4241	68.3600	-121.7000
629.0666	68.5500	-122.1000
633.7437	68.7500	-122.5000
638.4555	68.9500	-123.0000
643.2023	69.1400	-123.4000
647.9845	69.3300	-123.7000
652.8021	69.5300	-124.1000
657.6557	69.7200	-124.5000
662.5453	69.9100	-124.9000
667.4712	70.1000	-125.2000
672.4338	70.2900	-125.6000
677.4333	70.4900	-125.9000
682.4699	70.6800	-126.3000
687.5440	70.8700	-126.6000
692.6558	71.0700	-126.9000
697.8056	71.2600	-127.2000
702.9937	71.4600	-127.6000
708.2204	71.6600	-127.9000
713.4860	71.8500	-128.2000
718.7906	72.0600	-128.5000
724.1348	72.2600	-128.7000
729.5186	72.4600	-129.0000
734.9425	72.6700	-129.3000
740.4067	72.8800	-129.6000
745.9116	73.0900	-129.9000
751.4574	73.3000	-130.2000
757.0444	73.5200	-130.5000
762.6729	73.7300	-130.9000
768.3433	73.9500	-131.2000
774.0558	74.1700	-131.5000
779.8109	74.4000	-131.9000
785.6087	74.6200	-132.3000
791.4496	74.8500	-132.7000
797.3339	75.0800	-133.1000
803.2620	75.3100	-133.5000
809.2342	75.5400	-133.9000
815.2508	75.7700	-134.4000
821.3120	76.0100	-134.9000
827.4184	76.2400	-135.4000
833.5702	76.4700	-135.9000
839.7677	76.7000	-136.4000
846.0113	76.9300	-137.0000
852.3013	77.1700	-137.6000
858.6380	77.4000	-138.2000
865.0219	77.6300	-138.8000
871.4533	77.8600	-139.5000
877.9324	78.0900	-140.1000
884.4597	78.3100	-140.8000
891.0356	78.5400	-141.5000
897.6604	78.7600	-142.2000
904.3344	78.9800	-142.9000
911.0580	79.2000	-143.6000
917.8316	79.4200	-144.3000
924.6556	79.6400	-145.1000
931.5303	79.8600	-145.8000
938.4561	80.0700	-146.5000
945.4335	80.2900	-147.3000
952.4627	80.5000	-148.0000
959.5441	80.7100	-148.8000
966.6782	80.9300	-149.6000
973.8654	81.1400	-150.3000
981.1059	81.3500	-151.1000
988.4004	81.5600	-151.8000
995.7490	81.7700	-152.6000
1003.1523	81.9800	-153.4000
1010.6106	82.1900	-154.1000
1018.1244	82.4100	-154.9000
1025.6940	82.6200	-155.7000
1033.3200	82.8400	-156.5000
1041.0026	83.0500	-157.3000
1048.7423	83.2700	-158.2000
1056.5396	83.4900	-159.0000
1064.3949	83.7100	-159.9000
1072.3085	83.9400	-160.7000
1080.2810	84.1600	-161.6000
1088.3128	84.3800	-162.6000
1096.4043	84.6000	-163.5000
1104.5559	84.8300	-164.5000
1112.7682	85.0500	-165.5000
1121.0415	85.2700	-166.6000
1129.3763	85.4900	-167.6000
1137.7731	85.7100	-168.7000
1146.2323	85.9300	-169.9000
1154.7544	86.1400	-171.0000
1163.3399	86.3500	-172.2000
1171.9892	86.5600	-173.5000
1180.7028	86.7700	-174.7000
1189.4812	86.9700	-176.0000
1198.3249	87.1600	-177.3000
1207.2343	87.3500	-178.6000
1216.2100	87.5400	-179.9000
1225.2524	87.7200	178.7000
1234.3620	87.9000	177.4000
1243.5393	88.0700	176.0000
1252.7849	88.2400	174.6000
1262.0992	88.4000	173.2000
1271.4828	88.5600	171.8000
1280.9361	88.7100	170.4000
1290.4597	88.8600	169.0000
1300.0542	89.0100	167.6000
1309.7199	89.1500	166.3000
1319.4576	89.2900	164.9000
1329.2676	89.4300	163.5000
1339.1505	89.5600	162.1000
1349.1070	89.6900	160.7000
1359.1374	89.8200	159.3000
1369.2425	89.9500	157.9000
1379.4226	90.0700	156.5000
1389.6785	90.2000	155.1000
1400.0106	90.3200	153.7000
1410.4195	90.4300	152.2000
1420.9059	90.5500	150.7000
1431.4701	90.6600	149.3000
1442.1130	90.7700	147.8000
1452.8349	90.8800	146.3000
1463.6366	90.9800	144.7000
1474.5186	91.0800	143.2000
1485.4814	91.1700	141.6000
1496.5258	91.2500	140.0000
1507.6523	91.3200	138.4000
1518.8616	91.3900	136.8000
1530.1541	91.4500	135.2000
1541.5307	91.5100	133.5000
1552.9918	91.5500	131.9000
1564.5381	91.5900	130.3000
1576.1703	91.6200	128.7000
1587.8889	91.6400	127.2000
1599.6947	91.6500	125.6000
1611.5883	91.6500	124.1000
1623.5703	91.6500	122.7000
1635.6413	91.6500	121.2000
1647.8021	91.6400	119.8000
1660.0534	91.6200	118.5000
1672.3957	91.6000	117.2000
1684.8298	91.5900	116.0000
1697.3563	91.5700	114.8000
1709.9759	91.5500	113.6000
1722.6894	91.5300	112.5000
1735.4974	91.5200	111.4000
1748.4007	91.5100	110.3000
1761.3998	91.5000	109.3000
1774.4957	91.4900	108.2000
1787.6888	91.4800	107.1000
1800.9801	91.4800	106.1000
1814.3702	91.4700	105.0000
1827.8598	91.4600	103.9000
1841.4498	91.4500	102.8000
1855.1408	91.4400	101.8000
1868.9335	91.4200	100.7000
1882.8289	91.4000	99.6000
1896.8275	91.3700	98.5000
1910.9302	91.3400	97.5000
1925.1377	91.3000	96.4000
1939.4509	91.2500	95.4000
1953.8705	91.2100	94.5000
1968.3974	91.1600	93.6000
1983.0322	91.1100	92.8000
1997.7758	91.0700	92.0000
2012.6290	91.0300	91.2000
2027.5927	90.9900	90.5000
2042.6677	90.9600	89.8000
2057.8547	90.9300	89.0000
2073.1546	90.9100	88.3000
2088.5683	90.8900	87.5000
2104.0965	90.8700	86.7000
2119.7403	90.8400	85.8000
2135.5003	90.8100	84.9000
2151.3775	90.7600	83.9000
2167.3728	90.7000	82.9000
2183.4870	90.6300	81.9000
2199.7210	90.5400	81.0000
2216.0756	90.4300	80.1000
2232.5519	90.3000	79.3000
2249.1507	90.1600	78.7000
2265.8729	90.0200	78.2000
2282.7194	89.8700	77.9000
2299.6912	89.7300	77.8000
2316.7891	89.6000	77.8000
2334.0142	89.4800	77.9000
2351.3673	89.3900	78.2000
2368.8495	89.3200	78.5000
2386.4616	89.2800	78.7000
2404.2047	89.2500	79.0000
2422.0797	89.2400	79.1000
2440.0876	89.2300	79.2000
2458.2294	89.2200	79.2000
2476.5061	89.2100	79.1000
2494.9186	89.2000	78.9000
2513.4681	89.1700	78.8000
2532.1554	89.1300	78.8000
2550.9817	89.1000	78.8000
2569.9480	89.0700	79.0000
2589.0553	89.0500	79.2000
2608.3046	89.0600	79.5000
2627.6971	89.0800	79.7000
2647.2337	89.1300	80.0000
2666.9156	89.2000	80.1000
2686.7439	89.2800	80.0000
2706.7195	89.3700	79.8000
2726.8437	89.4500	79.3000
2747.1175	89.5200	78.7000
2767.5420	89.5600	78.0000
2788.1184	89.5800	77.2000
2808.8477	89.5700	76.4000
2829.7312	89.5300	75.7000
2850.7699	89.4600	75.1000
2871.9651	89.3800	74.6000
2893.3178	89.3000	74.4000
2914.8293	89.2100	74.3000
2936.5008	89.1400	74.4000
2958.3333	89.0800	74.6000
2980.3282	89.0500	74.9000
3002.4866	89.0500	75.3000
3024.8098	89.0700	75.6000
3047.2989	89.1100	75.8000
3069.9553	89.1600	76.0000
3092.7801	89.2200	76.0000
3115.7745	89.2900	76.0000
3138.9400	89.3600	75.8000
3162.2777	89.4200	75.5000
3185.7888	89.4700	75.1000
3209.4748	89.5000	74.7000
3233.3369	89.5300	74.3000
3257.3764	89.5400	73.8000
3281.5947	89.5500	73.3000
3305.9930	89.5300	72.8000
3330.5727	89.5100	72.4000
3355.3351	89.4700	72.0000
3380.2817	89.4100	71.7000
3405.4137	89.3500	71.5000
3430.7326	89.2800	71.4000
3456.2397	89.2000	71.5000
3481.9365	89.1400	71.8000
3507.8243	89.1000	72.3000
3533.9046	89.0900	73.0000
3560.1788	89.1200	73.7000
3586.6483	89.2000	74.3000
3613.3147	89.3200	74.8000
3640.1793	89.4600	75.0000
3667.2436	89.6300	74.9000
3694.5092	89.7900	74.5000
3721.9774	89.9400	73.9000
3749.6499	90.0500	73.0000
3777.5282	90.1200	72.0000
3805.6137	90.1700	70.9000
3833.9080	90.1800	69.9000
3862.4127	90.1800	69.0000
3891.1293	90.1700	68.2000
3920.0594	90.1600	67.4000
3949.2046	90.1500	66.5000
3978.5665	90.1200	65.6000
4008.1467	90.0700	64.7000
4037.9469	90.0000	63.7000
4067.9686	89.8900	62.7000
4098.2135	89.7300	61.9000
4128.6833	89.5400	61.3000
4159.3796	89.3400	61.1000
4190.3041	89.1300	61.2000
4221.4586	88.9300	61.7000
4252.8446	88.7800	62.5000
4284.4641	88.6700	63.5000
4316.3186	88.6200	64.6000
4348.4100	88.6000	65.6000
4380.7399	88.6300	66.6000
4413.3102	88.6900	67.4000
4446.1227	88.7800	68.1000
4479.1792	88.9100	68.6000
4512.4814	89.0500	68.9000
4546.0312	89.2100	68.7000
4579.8304	89.3600	68.2000
4613.8810	89.4900	67.3000
4648.1847	89.5600	66.1000
4682.7434	89.5700	64.8000
4717.5591	89.5000	63.4000
4752.6336	89.3800	62.3000
4787.9689	89.2100	61.5000
4823.5670	89.0100	61.1000
4859.4297	88.8100	61.1000
4895.5590	88.6400	61.5000
4931.9569	88.5100	62.2000
4968.6255	88.4300	62.9000
5005.5667	88.3800	63.6000
5042.7825	88.3700	64.3000
5080.2751	88.3800	64.8000
5118.0464	88.4000	65.1000
5156.0985	88.4200	65.3000
5194.4335	88.4300	65.4000
5233.0536	88.4300	65.5000
5271.9607	88.4100	65.4000
5311.1572	88.3700	65.4000
5350.6451	88.3200	65.4000
5390.4265	88.2400	65.6000
5430.5038	88.1800	65.9000
5470.8790	88.1200	66.5000
5511.5544	88.1000	67.0000
5552.5322	88.1000	67.6000
5593.8146	88.1100	68.0000
5635.4040	88.1000	68.3000
5677.3027	88.0900	68.7000
5719.5128	88.0800	69.2000
5762.0367	88.0900	69.9000
5804.8768	88.1500	70.7000
5848.0355	88.2600	71.3000
5891.5150	88.4000	71.5000
5935.3178	88.5400	71.4000
5979.4462	88.6500	70.9000
6023.9027	88.7100	70.4000
6068.6898	88.7300	69.9000
6113.8098	88.7400	69.5000
6159.2653	88.7400	69.2000
6205.0588	88.7300	68.8000
6251.1927	88.7000	68.4000
6297.6697	88.6500	68.1000
6344.4922	88.5800	68.0000
6391.6628	88.5300	68.2000
6439.1841	88.5200	68.4000
6487.0587	88.5400	68.4000
6535.2893	88.5700	68.1000
6583.8785	88.5500	67.6000
6632.8289	88.4700	67.0000
6682.1432	88.3600	66.7000
6731.8243	88.2500	66.6000
6781.8746	88.1300	66.6000
6832.2971	88.0100	66.6000
6883.0945	87.8600	66.9000
6934.2696	87.6900	67.5000
6985.8251	87.5600	68.5000
7037.7640	87.4800	69.8000
7090.0890	87.4800	71.1000
7142.8030	87.5000	72.2000
7195.9090	87.5200	73.2000
7249.4098	87.5500	74.4000
7303.3083	87.6300	75.7000
7357.6076	87.7700	76.9000
7412.3107	87.9700	77.7000
7467.4204	88.1700	78.0000
7522.9398	88.3400	78.1000
7578.8721	88.5000	78.2000
7635.2202	88.6700	78.1000
7691.9872	88.8600	77.8000
7749.1763	89.0500	77.1000
7806.7906	89.1900	76.1000
7864.8332	89.2900	74.9000
7923.3074	89.3400	73.7000
7982.2163	89.3600	72.3000
8041.5632	89.3300	70.9000
8101.3514	89.2300	69.6000
8161.5840	89.0600	68.6000
8222.2645	88.8600	68.1000
8283.3961	88.6600	68.0000
8344.9823	88.4900	68.4000
8407.0263	88.3500	69.0000
8469.5316	88.2600	69.8000
8532.5017	88.2200	70.7000
8595.9399	88.2400	71.5000
8659.8498	88.3000	72.1000
8724.2348	88.3700	72.3000
8789.0986	88.4400	72.2000
8854.4446	88.4800	71.9000
8920.2764	88.5000	71.5000
8986.5977	88.4900	71.0000
9053.4120	88.4300	70.4000
9120.7232	88.3300	70.1000
9188.5348	88.2200	70.0000
9256.8505	88.1400	70.3000
9325.6742	88.0900	70.5000
9395.0096	88.0500	70.7000
9464.8604	88.0300	70.8000
9535.2306	88.0200	70.8000
9606.1240	88.0100	70.6000
9677.5445	87.9600	70.2000
9749.4960	87.8700	69.9000
9821.9825	87.7600	69.8000
9895.0078	87.6500	69.9000
9968.5761	87.5300	70.1000
10042.6910	87.4200	70.5000
10117.3580	87.3400	71.2000
10192.5790	87.3000	71.9000
10268.3600	87.3000	72.5000
10344.7040	87.3100	73.1000
10421.6160	87.3300	73.5000
10499.0990	87.3900	73.9000
10577.1590	87.4600	74.0000
10655.7990	87.5200	73.9000
10735.0240	87.5800	73.6000
10814.8370	87.6400	73.0000
10895.2450	87.6700	72.3000
10976.2500	87.6500	71.4000
11057.8570	87.6000	70.6000
11140.0710	87.5100	69.8000
11222.8960	87.3800	69.0000
11306.3370	87.2100	68.4000
11390.3980	87.0000	68.3000
11475.0850	86.8100	68.6000
11560.4010	86.6600	69.2000
11646.3510	86.5800	70.1000
11732.9400	86.5900	70.8000
11820.1740	86.6400	71.1000
11908.0550	86.6900	70.8000
11996.5900	86.7000	70.2000
12085.7840	86.6500	69.3000
12175.6400	86.5100	68.4000
12266.1650	86.3100	67.9000
12357.3620	86.0700	67.8000
12449.2380	85.8400	68.2000
12541.7970	85.6600	68.9000
12635.0440	85.5600	69.7000
12728.9840	85.5100	70.3000
12823.6220	85.4700	70.5000
12918.9650	85.3900	70.4000
13015.0160	85.2800	70.4000
13111.7810	85.1400	70.4000
13209.2660	84.9800	70.7000
13307.4750	84.8400	71.3000
13406.4150	84.7200	72.0000
13506.0900	84.6500	72.8000
13606.5060	84.6200	73.4000
13707.6690	84.6200	73.8000
13809.5840	84.6100	73.8000
13912.2570	84.5700	73.5000
14015.6930	84.4700	73.4000
14119.8980	84.3700	73.4000
14224.8780	84.2800	73.6000
14330.6380	84.2100	73.7000
14437.1850	84.1600	73.6000
14544.5240	84.0800	73.1000
14652.6610	83.9400	72.5000
14761.6020	83.7300	71.9000
14871.3530	83.4700	71.7000
14981.9200	83.1800	72.1000
15093.3090	82.9200	73.1000
15205.5260	82.7500	74.4000
15318.5770	82.6700	75.8000
15432.4690	82.6600	76.9000
15547.2080	82.6900	77.7000
15662.8000	82.7500	78.2000
15779.2510	82.8500	78.5000
15896.5680	82.9800	78.3000
16014.7570	83.0900	77.3000
16133.8250	83.1100	75.7000
16253.7780	83.0100	73.9000
16374.6230	82.7800	72.3000
16496.3670	82.4600	71.1000
16619.0160	82.0900	70.8000
16742.5760	81.7500	71.3000
16867.0550	81.5200	72.4000
16992.4600	81.4400	73.3000
17118.7970	81.4700	73.5000
17246.0740	81.5000	72.7000
17374.2960	81.4200	71.1000
17503.4720	81.2000	69.4000
17633.6090	80.8800	68.2000
17764.7130	80.5300	67.6000
17896.7910	80.2100	67.6000
18029.8520	79.9800	67.8000
18163.9020	79.8100	67.8000
18298.9490	79.6700	67.4000
18434.9990	79.5100	66.5000
18572.0620	79.3400	65.2000
18710.1430	79.1300	63.7000
18849.2510	78.8600	61.9000
18989.3930	78.5100	60.0000
19130.5770	78.0900	58.5000
19272.8110	77.6400	57.5000
19416.1020	77.2200	57.0000
19560.4590	76.8900	56.6000
19705.8880	76.6500	56.0000
19852.4000	76.4700	55.4000
20000.0000	76.4000	55.1000