300.0000	56.9500	-102.8000
302.5406	55.9100	-103.0000
305.1028	55.3900	-103.2000
307.6866	55.2000	-103.6000
310.2924	55.1000	-103.9000
312.9202	55.3700	-104.2000
315.5702	55.8500	-104.6000
318.2428	56.2300	-105.0000
320.9379	56.5900	-105.3000
323.6558	57.1200	-105.7000
326.3968	57.8000	-106.1000
329.1610	58.5400	-106.4000
331.9486	59.1100	-106.8000
334.7598	59.3800	-107.1000
337.5948	59.3200	-107.5000
340.4539	59.1000	-107.9000
343.3371	59.0100	-108.2000
346.2448	59.0900	-108.6000
349.1770	59.2300	-109.0000
352.1341	59.3500	-109.3000
355.1163	59.4600	-109.7000
358.1237	59.5100	-110.1000
361.1566	59.4900	-110.5000
364.2151	59.4200	-110.8000
367.2996	59.3300	-111.2000
370.4102	59.4100	-111.6000
373.5471	59.7900	-111.9000
376.7106	60.2700	-112.3000
379.9009	60.5700	-112.7000
383.1182	60.8300	-113.1000
386.3628	61.0000	-113.4000
389.6348	60.9600	-113.8000
392.9345	60.9800	-114.2000
396.2622	61.1000	-114.5000
399.6181	61.2700	-114.9000
403.0024	61.5700	-115.3000
406.4153	61.9900	-115.7000
409.8572	62.5000	-116.1000
413.3282	63.0300	-116.4000
416.8286	63.4900	-116.8000
420.3586	63.8900	-117.2000
423.9185	64.2000	-117.6000
427.5086	64.4500	-118.0000
431.1291	64.6600	-118.4000
434.7803	64.8100	-118.8000
438.4623	64.9400	-119.2000
442.1756	65.0800	-119.6000
445.9203	65.2600	-120.0000
449.6967	65.4500	-120.4000
453.5051	65.5900	-120.8000
457.3457	65.7100	-121.3000
461.2189	65.8500	-121.7000
465.1249	66.0300	-122.1000
469.0639	66.2300	-122.6000
473.0363	66.4400	-123.0000
477.0424	66.6300	-123.5000
481.0824	66.8200	-123.9000
485.1565	67.0300	-124.4000
489.2652	67.2700	-124.9000
493.4087	67.5000	-125.4000
497.5873	67.7400	-125.9000
501.8013	67.9700	-126.4000
506.0509	68.2100	-126.9000
510.3366	68.4400	-127.4000
514.6585	68.6700	-127.9000
519.0171	68.9000	-128.5000
523.4125	69.1300	-129.0000
527.8452	69.3600	-129.6000
532.3154	69.5900	-130.1000
536.8235	69.8200	-130.7000
541.3697	70.0400	-131.3000
545.9545	70.2700	-131.8000
550.5781	70.5000	-132.4000
555.2408	70.7200	-133.0000
559.9430	70.9500	-133.5000
564.6851	71.1700	-134.1000
569.4673	71.4000	-134.7000
574.2900	71.6200	-135.3000
579.1535	71.8500	-135.9000
584.0583	72.0700	-136.5000
589.0045	72.2900	-137.1000
593.9927	72.5200	-137.7000
599.0231	72.7400	-138.3000
604.0961	72.9600	-138.8000
609.2121	73.1800	-139.4000
614.3714	73.4100	-140.0000
619.5744	73.6300	-140.6000
624.8214	73.8500	-141.1000
630.1129	74.0800	-141.7000
635.4492	74.3000	-142.3000
640.8307	74.5300	-142.8000
646.2578	74.7600	-143.4000
651.7308	74.9900	-144.0000
657.2502	75.2200	-144.5000
662.8163	75.4500	-145.1000
668.4296	75.6900	-145.6000
674.0904	75.9300	-146.2000
679.7991	76.1700	-146.7000
685.5562	76.4200	-147.3000
691.3620	76.6700	-147.9000
697.2170	76.9200	-148.4000
703.1216	77.1700	-149.0000
709.0762	77.4300	-149.6000
715.0812	77.6900	-150.3000
721.1371	77.9500	-150.9000
727.2443	78.2200	-151.6000
733.4032	78.4900	-152.2000
739.6142	78.7700	-153.0000
745.8779	79.0500	-153.7000
752.1946	79.3300	-154.5000
758.5648	79.6200	-155.3000
764.9889	79.9000	-156.2000
771.4674	80.1900	-157.0000
778.0008	80.4800	-158.0000
784.5896	80.7700	-159.0000
791.2341	81.0600	-160.0000
797.9349	81.3500	-161.1000
804.6925	81.6400	-162.2000
811.5072	81.9300	-163.4000
818.3797	82.2200	-164.6000
825.3104	82.5000	-165.9000
832.2998	82.7900	-167.2000
839.3484	83.0700	-168.6000
846.4567	83.3500	-170.0000
853.6252	83.6200	-171.4000
860.8543	83.8900	-172.9000
868.1448	84.1600	-174.5000
875.4969	84.4200	-176.1000
882.9113	84.6700	-177.7000
890.3885	84.9200	-179.4000
897.9290	85.1700	178.9000
905.5334	85.4000	177.2000
913.2022	85.6300	175.4000
920.9359	85.8600	173.6000
928.7351	86.0700	171.7000
936.6004	86.2800	169.9000
944.5323	86.4800	168.0000
952.5314	86.6700	166.1000
960.5982	86.8600	164.2000
968.7333	87.0400	162.3000
976.9373	87.2100	160.3000
985.2108	87.3700	158.4000
993.5543	87.5200	156.4000
1001.9685	87.6700	154.4000
1010.4540	87.8000	152.5000
1019.0113	87.9300	150.5000
1027.6412	88.0500	148.5000
1036.3440	88.1700	146.6000
1045.1206	88.2700	144.6000
1053.9716	88.3700	142.7000
1062.8974	88.4600	140.7000
1071.8989	88.5500	138.8000
1080.9766	88.6200	136.9000
1090.1312	88.6900	135.0000
1099.3633	88.7500	133.1000
1108.6736	88.8100	131.3000
1118.0627	88.8600	129.4000
1127.5314	88.9000	127.6000
1137.0802	88.9400	125.8000
1146.7099	88.9700	124.0000
1156.4212	88.9900	122.3000
1166.2147	89.0100	120.5000
1176.0911	89.0200	118.8000
1186.0512	89.0200	117.2000
1196.0956	89.0200	115.5000
1206.2251	89.0100	113.9000
1216.4404	89.0000	112.4000
1226.7422	88.9800	110.8000
1237.1312	88.9500	109.3000
1247.6082	88.9200	107.9000
1258.1740	88.8900	106.6000
1268.8292	88.8500	105.3000
1279.5747	88.8100	104.0000
1290.4111	88.7600	102.8000
1301.3394	88.7200	101.7000
1312.3602	88.6800	100.7000
1323.4743	88.6400	99.7000
1334.6825	88.6000	98.7000
1345.9857	88.5700	97.9000
1357.3846	88.5400	97.0000
1368.8800	88.5300	96.3000
1380.4728	88.5100	95.5000
1392.1637	88.5100	94.8000
1403.9537	88.5200	94.0000
1415.8435	88.5400	93.3000
1427.8340	88.5600	92.6000
1439.9260	88.6000	91.8000
1452.1205	88.6300	91.0000
1464.4182	88.6800	90.1000
1476.8201	88.7200	89.2000
1489.3270	88.7700	88.2000
1501.9398	88.8100	87.1000
1514.6594	88.8500	86.0000
1527.4868	88.8800	84.8000
1540.4227	88.9100	83.6000
1553.4683	88.9200	82.4000
1566.6243	88.9300	81.1000
1579.8917	88.9200	79.8000
1593.2715	88.9000	78.6000
1606.7646	88.8700	77.4000
1620.3720	88.8300	76.1000
1634.0946	88.7800	75.0000
1647.9334	88.7300	73.9000
1661.8894	88.6700	72.9000
1675.9636	88.6000	71.9000
1690.1571	88.5400	71.0000
1704.4707	88.4700	70.2000
1718.9055	88.4100	69.5000
1733.4626	88.3600	68.8000
1748.1429	88.3100	68.1000
1762.9476	88.2700	67.4000
1777.8776	88.2400	66.8000
1792.9341	88.2100	66.1000
1808.1181	88.1900	65.4000
1823.4307	88.1700	64.7000
1838.8730	88.1500	63.9000
1854.4460	88.1300	63.1000
1870.1510	88.1000	62.3000
1885.9889	88.0600	61.5000
1901.9610	88.0200	60.6000
1918.0683	87.9700	59.8000
1934.3121	87.9100	59.0000
1950.6934	87.8400	58.3000
1967.2134	87.7700	57.6000
1983.8733	87.7000	57.0000
2000.6744	87.6400	56.4000
2017.6177	87.5800	56.0000
2034.7045	87.5300	55.5000
2051.9360	87.4900	55.1000
2069.3134	87.4600	54.6000
2086.8380	87.4300	54.0000
2104.5111	87.4200	53.4000
2122.3337	87.4000	52.7000
2140.3074	87.3700	51.9000
2158.4332	87.3300	51.1000
2176.7126	87.2800	50.1000
2195.1467	87.1900	49.2000
2213.7370	87.0900	48.3000
2232.4847	86.9500	47.4000
2251.3911	86.8000	46.7000
2270.4577	86.6300	46.3000
2289.6858	86.4600	46.0000
2309.0767	86.2900	46.0000
2328.6318	86.1400	46.1000
2348.3525	86.0200	46.5000
2368.2402	85.9300	46.9000
2388.2964	85.8600	47.3000
2408.5224	85.8300	47.7000
2428.9197	85.8200	48.0000
2449.4897	85.8100	48.1000
2470.2340	85.8000	48.1000
2491.1539	85.7800	48.0000
2512.2510	85.7400	48.0000
2533.5268	85.7000	47.9000
2554.9827	85.6500	48.0000
2576.6203	85.6100	48.3000
2598.4412	85.5800	48.6000
2620.4469	85.5800	49.0000
2642.6389	85.6100	49.3000
2665.0189	85.6600	49.5000
2687.5885	85.7400	49.6000
2710.3491	85.8200	49.4000
2733.3025	85.8800	49.0000
2756.4503	85.9300	48.3000
2779.7941	85.9400	47.6000
2803.3357	85.9000	46.9000
2827.0766	85.8300	46.2000
2851.0185	85.7300	45.7000
2875.1632	85.6000	45.6000
2899.5124	85.4800	45.7000
2924.0678	85.3700	46.1000
2948.8312	85.2800	46.7000
2973.8042	85.2500	47.5000
2998.9888	85.2500	48.4000
3024.3866	85.3100	49.2000
3049.9996	85.4000	49.8000
3075.8294	85.5200	50.3000
3101.8780	85.6500	50.4000
3128.1472	85.7800	50.4000
3154.6388	85.9000	50.1000
3181.3548	86.0100	49.6000
3208.2971	86.0900	49.0000
3235.4675	86.1500	48.2000
3262.8681	86.1800	47.5000
3290.5007	86.1900	46.7000
3318.3673	86.1600	46.0000
3346.4699	86.1100	45.4000
3374.8104	86.0400	44.9000
3403.3910	85.9500	44.6000
3432.2137	85.8500	44.5000
3461.2804	85.7500	44.7000
3490.5933	85.6600	45.2000
3520.1545	85.6100	46.0000
3549.9660	85.6100	47.0000
3580.0299	85.6800	48.1000
3610.3485	85.8100	49.0000
3640.9238	86.0000	49.6000
3671.7581	86.2300	49.8000
3702.8535	86.4600	49.5000
3734.2122	86.6700	48.9000
3765.8365	86.8500	47.9000
3797.7286	86.9900	46.8000
3829.8908	87.1000	45.7000
3862.3254	87.1900	44.5000
3895.0347	87.2600	43.3000
3928.0210	87.3300	41.9000
3961.2866	87.3800	40.5000
3994.8339	87.4000	38.9000
4028.6654	87.3700	37.1000
4062.7834	87.2700	35.2000
4097.1903	87.1100	33.5000
4131.8886	86.8800	32.1000
4166.8807	86.6000	31.1000
4202.1692	86.3000	30.7000
4237.7565	86.0200	30.9000
4273.6453	85.7900	31.6000
4309.8379	85.6200	32.5000
4346.3371	85.5200	33.6000
4383.1453	85.4800	34.7000
4420.2653	85.4900	35.6000
4457.6997	85.5400	36.4000
4495.4511	85.6500	37.0000
4533.5221	85.7800	37.3000
4571.9156	85.9300	37.1000
4610.6343	86.0700	36.4000
4649.6808	86.1700	35.3000
4689.0581	86.2000	34.0000
4728.7688	86.1400	32.6000
4768.8158	86.0200	31.4000
4809.2019	85.8400	30.5000
4849.9301	85.6400	30.1000
4891.0032	85.4600	30.2000
4932.4241	85.3000	30.5000
4974.1959	85.1800	31.0000
5016.3214	85.1100	31.6000
5058.8036	85.0600	32.0000
5101.6456	85.0300	32.4000
5144.8504	85.0100	32.7000
5188.4211	84.9900	32.8000
5232.3608	84.9600	33.0000
5276.6727	84.9300	33.2000
5321.3598	84.8900	33.4000
5366.4253	84.8700	33.7000
5411.8725	84.8500	34.0000
5457.7046	84.8500	34.3000
5503.9248	84.8700	34.6000
5550.5364	84.9100	34.8000
5597.5428	84.9600	34.8000
5644.9473	85.0000	34.7000
5692.7533	85.0100	34.5000
5740.9641	85.0000	34.4000
5789.5831	85.0000	34.5000
5838.6140	85.0400	34.7000
5888.0600	85.1200	34.7000
5937.9249	85.2000	34.4000
5988.2120	85.2600	33.7000
6038.9249	85.2800	33.0000
6090.0674	85.2500	32.4000
6141.6430	85.2100	32.1000
6193.6553	85.1900	31.8000
6246.1082	85.1800	31.4000
6299.0052	85.1600	30.9000
6352.3503	85.1200	30.5000
6406.1470	85.0800	30.3000
6460.3994	85.0800	30.1000
6515.1113	85.1000	29.6000
6570.2865	85.1100	28.7000
6625.9289	85.0600	27.6000
6682.0426	84.9400	26.7000
6738.6315	84.7800	26.0000
6795.6996	84.6200	25.5000
6853.2511	84.4500	25.3000
6911.2899	84.2600	25.2000
6969.8202	84.0600	25.5000
7028.8463	83.9000	26.3000
7088.3722	83.8200	27.3000
7148.4022	83.8000	28.1000
7208.9406	83.7900	28.6000
7269.9917	83.7700	29.1000
7331.5598	83.7600	29.8000
7393.6493	83.8100	30.4000
7456.2647	83.9000	30.8000
7519.4103	83.9900	30.8000
7583.0907	84.0600	30.7000
7647.3104	84.1500	30.6000
7712.0739	84.2700	30.1000
7777.3860	84.3900	29.1000
7843.2511	84.4300	27.8000
7909.6741	84.4100	26.4000
7976.6595	84.3400	25.1000
8044.2123	84.2200	23.9000
8112.3371	84.0600	22.8000
8181.0389	83.8500	22.1000
8250.3225	83.6200	21.8000
8320.1928	83.4100	22.0000
8390.6549	83.2400	22.4000
8461.7137	83.1100	23.1000
8533.3743	83.0500	23.8000
8605.6417	83.0400	24.3000
8678.5212	83.0700	24.4000
8752.0179	83.0900	24.1000
8826.1370	83.0700	23.5000
8900.8838	83.0100	22.9000
8976.2636	82.9300	22.3000
9052.2818	82.8300	21.6000
9128.9438	82.6900	21.0000
9206.2550	82.5200	20.4000
9284.2209	82.3300	19.9000
9362.8472	82.1100	19.7000
9442.1393	81.8800	19.7000
9522.1029	81.6700	19.9000
9602.7437	81.4800	20.3000
9684.0674	81.3100	20.5000
9766.0798	81.1200	20.8000
9848.7868	80.9100	21.2000
9932.1943	80.7100	21.8000
10016.3080	80.5200	22.6000
10101.1340	80.3400	23.5000
10186.6790	80.1700	24.6000
10272.9480	80.0200	26.0000
10359.9470	79.9000	27.6000
10447.6840	79.8500	29.5000
10536.1630	79.9200	31.4000
10625.3920	80.0900	32.7000
10715.3760	80.2900	33.2000
10806.1220	80.4700	32.8000
10897.6370	80.5700	31.7000
10989.9270	80.5400	30.4000
11082.9990	80.4000	29.3000
11176.8580	80.1700	28.6000
11271.5130	79.8800	28.8000
11366.9690	79.6200	29.9000
11463.2340	79.4700	31.7000
11560.3140	79.4500	33.6000
11658.2160	79.5300	35.0000
11756.9470	79.6500	35.9000
11856.5140	79.7500	36.3000
11956.9250	79.8200	36.5000
12058.1850	79.8600	36.6000
12160.3040	79.8900	36.6000
12263.2870	79.9100	36.8000
12367.1420	79.9600	37.1000
12471.8770	80.0300	37.2000
12577.4990	80.1200	37.2000
12684.0150	80.2100	36.9000
12791.4340	80.2800	36.4000
12899.7620	80.3500	35.8000
13009.0070	80.4100	35.0000
13119.1780	80.4400	33.8000
13230.2820	80.4000	32.4000
13342.3260	80.2900	31.3000
13455.3200	80.1300	30.5000
13569.2700	80.0000	30.3000
13684.1860	79.9300	30.3000
13800.0750	79.9200	30.1000
13916.9450	79.9500	29.6000
14034.8040	79.9700	28.5000
14153.6620	79.9200	27.2000
14273.5270	79.8300	25.8000
14394.4070	79.6900	24.4000
14516.3100	79.5500	23.0000
14639.2460	79.3800	21.5000
14763.2230	79.1600	19.8000
14888.2500	78.8800	18.3000
15014.3350	78.5300	17.2000
15141.4890	78.1800	16.9000
15269.7190	77.9200	17.0000
15399.0350	77.7500	16.9000
15529.4460	77.6200	16.3000
15660.9620	77.4600	15.2000
15793.5920	77.2200	13.9000
15927.3450	76.9400	12.7000
16062.2300	76.6200	11.5000
16198.2580	76.2500	10.3000
16335.4380	75.8100	9.4000
16473.7790	75.3100	8.8000
16613.2930	74.7900	9.0000
16753.9870	74.3100	10.0000
16895.8730	73.9600	11.5000
17038.9610	73.7100	12.8000
17183.2610	73.5200	13.6000
17328.7820	73.3100	14.0000
17475.5370	73.0400	14.0000
17623.5330	72.7300	14.1000
17772.7840	72.4000	14.4000
17923.2980	72.0700	14.8000
18075.0870	71.8000	15.5000
18228.1610	71.6300	16.0000
18382.5320	71.4900	15.6000
18538.2100	71.2900	14.3000
18695.2060	70.9500	12.7000
18853.5320	70.4800	11.1000
19013.1990	69.9000	10.1000
19174.2180	69.2600	9.8000
19336.6010	68.5900	10.1000
19500.3580	67.9400	11.1000
19665.5030	67.4000	12.5000
19832.0460	67.0200	13.7000
20000.0000	66.8800	14.3000