5.00000	-89.359	15.424
5.07273	-89.105	15.416
5.14651	-88.776	15.407
5.22137	-88.340	15.395
5.29732	-87.861	15.381
5.37437	-87.335	15.366
5.45254	-86.809	15.351
5.53185	-86.284	15.335
5.61231	-85.758	15.320
5.69394	-85.232	15.304
5.77676	-84.706	15.288
5.86079	-84.181	15.272
5.94604	-83.655	15.255
6.03252	-83.129	15.238
6.12027	-82.604	15.221
6.20929	-82.078	15.204
6.29961	-81.552	15.186
6.39124	-81.027	15.169
6.48420	-80.501	15.150
6.57851	-79.975	15.132
6.67420	-79.450	15.114
6.77128	-78.924	15.095
6.86977	-78.398	15.076
6.96969	-77.872	15.057
7.07107	-77.347	15.037
7.17392	-76.821	15.017
7.27827	-76.295	14.997
7.38413	-75.770	14.977
7.49154	-75.244	14.956
7.60050	-74.718	14.934
7.71105	-74.193	14.913
7.82321	-73.667	14.891
7.93701	-73.141	14.869
8.05245	-72.616	14.847
8.16958	-72.090	14.824
8.28841	-71.564	14.801
8.40896	-71.039	14.778
8.53128	-70.513	14.755
8.65537	-69.987	14.730
8.78126	-69.461	14.706
8.90899	-68.936	14.681
9.03857	-68.410	14.656
9.17004	-67.884	14.631
9.30342	-67.359	14.605
9.43874	-66.833	14.579
9.57603	-66.307	14.553
9.71532	-65.782	14.526
9.85663	-65.256	14.498
10.0000	-64.730	14.471
10.1455	-64.205	14.442
10.2930	-63.679	14.414
10.4427	-63.153	14.385
10.5946	-62.627	14.356
10.7487	-62.102	14.326
10.9051	-61.576	14.296
11.0637	-61.050	14.265
11.2246	-60.525	14.234
11.3879	-59.999	14.203
11.5535	-59.473	14.171
11.7216	-58.948	14.138
11.8921	-58.422	14.105
12.0650	-57.896	14.072
12.2405	-57.371	14.038
12.4186	-56.845	14.004
12.5992	-56.319	13.969
12.7825	-55.794	13.933
12.9684	-55.268	13.897
13.1570	-54.742	13.861
13.3484	-54.216	13.824
13.5426	-53.691	13.786
13.7395	-53.165	13.747
13.9394	-52.639	13.708
14.1421	-52.114	13.669
14.3478	-51.588	13.628
14.5565	-51.062	13.587
14.7683	-50.537	13.546
14.9831	-50.011	13.504
15.2010	-49.485	13.461
15.4221	-48.960	13.418
15.6464	-48.434	13.374
15.8740	-47.908	13.329
16.1049	-47.383	13.284
16.3392	-46.857	13.238
16.5768	-46.331	13.192
16.8179	-45.805	13.145
17.0626	-45.280	13.097
17.3107	-44.754	13.048
17.5625	-44.228	12.999
17.8180	-43.703	12.949
18.0771	-43.177	12.898
18.3401	-42.651	12.847
18.6068	-42.126	12.794
18.8775	-41.600	12.741
19.1521	-41.074	12.688
19.4306	-40.549	12.633
19.7133	-40.023	12.578
20.0000	-39.497	12.521
20.2909	-38.971	12.464
20.5860	-38.446	12.407
20.8855	-37.920	12.348
21.1893	-37.394	12.289
21.4975	-36.869	12.228
21.8102	-36.343	12.167
22.1274	-35.817	12.105
22.4492	-35.292	12.042
22.7758	-34.766	11.978
23.1071	-34.240	11.913
23.4432	-33.715	11.847
23.7841	-33.189	11.781
24.1301	-32.663	11.713
24.4811	-32.138	11.644
24.8372	-31.612	11.574
25.1984	-31.086	11.504
25.5649	-30.560	11.432
25.9368	-30.035	11.359
26.3141	-29.509	11.285
26.6968	-28.983	11.210
27.0851	-28.458	11.134
27.4791	-27.932	11.057
27.8788	-27.406	10.979
28.2843	-26.881	10.900
28.6957	-26.355	10.819
29.1131	-25.829	10.737
29.5365	-25.304	10.655
29.9661	-24.778	10.570
30.4020	-24.252	10.485
30.8442	-23.727	10.399
31.2929	-23.201	10.311
31.7480	-22.675	10.222
32.2098	-22.149	10.131
32.6783	-21.624	10.040
33.1536	-21.098	9.946
33.6359	-20.572	9.852
34.1251	-20.047	9.756
34.6215	-19.521	9.659
35.1250	-18.995	9.560
35.6359	-18.470	9.460
36.1543	-17.944	9.359
36.6802	-17.418	9.256
37.2137	-16.893	9.152
37.7550	-16.367	9.046
38.3041	-15.841	8.938
38.8613	-15.315	8.829
39.4265	-14.790	8.718
40.0000	-14.264	8.606
40.5818	-13.738	8.492
41.1721	-13.213	8.377
41.7710	-12.687	8.259
42.3785	-12.161	8.140
42.9949	-11.636	8.020
43.6203	-11.110	7.897
44.2548	-10.584	7.773
44.8985	-10.059	7.647
45.5515	-9.533	7.519
46.2141	-9.007	7.389
46.8863	-8.482	7.258
47.5683	-7.956	7.124
48.2602	-7.430	6.989
48.9621	-6.904	6.851
49.6743	-6.379	6.712
50.3968	-5.853	6.570
51.1299	-5.327	6.427
51.8736	-4.802	6.281
52.6281	-4.276	6.133
53.3936	-3.750	5.983
54.1702	-3.225	5.831
54.9581	-2.699	5.677
55.7575	-2.173	5.520
56.5685	-1.648	5.361
57.3914	-1.122	5.200
58.2261	-0.596	5.036
59.0730	-0.070	4.870
59.9323	0.455	4.702
60.8040	0.981	4.531
61.6884	1.507	4.358
62.5857	2.032	4.182
63.4960	2.558	4.003
64.4196	3.084	3.822
65.3566	3.609	3.639
66.3073	4.135	3.452
67.2717	4.661	3.263
68.2502	5.186	3.071
69.2429	5.712	2.876
70.2501	6.238	2.679
71.2719	6.763	2.479
72.3086	7.289	2.275
73.3603	7.815	2.069
74.4274	8.341	1.859
75.5099	8.866	1.647
76.6083	9.392	1.431
77.7226	9.918	1.213
78.8531	10.443	0.991
80.0000	10.969	0.766
81.1636	11.495	0.537
82.3442	12.020	0.305
83.5419	12.546	0.070
84.7570	13.072	-0.168
85.9899	13.597	-0.410
87.2406	14.123	-0.656
88.5096	14.649	-0.906
89.7970	15.174	-1.159
91.1031	15.700	-1.415
92.4282	16.226	-1.676
93.7726	16.752	-1.940
95.1366	17.277	-2.208
96.5204	17.803	-2.480
97.9243	18.329	-2.756
99.3486	18.854	-3.037
100.794	19.380	-3.321
102.260	19.906	-3.609
103.747	20.431	-3.902
105.256	20.957	-4.199
106.787	21.483	-4.501
108.340	22.008	-4.807
109.916	22.534	-5.117
111.515	23.060	-5.432
113.137	23.586	-5.752
114.783	24.111	-6.076
116.452	24.637	-6.405
118.146	25.163	-6.739
119.865	25.688	-7.078
121.608	26.214	-7.422
123.377	26.740	-7.771
125.171	27.265	-8.126
126.992	27.791	-8.485
128.839	28.317	-8.850
130.713	28.842	-9.220
132.615	29.368	-9.596
134.543	29.894	-9.978
136.500	30.419	-10.365
138.486	30.945	-10.757
140.500	31.471	-11.156
142.544	31.997	-11.561
144.617	32.522	-11.971
146.721	33.048	-12.388
148.855	33.574	-12.811
151.020	34.099	-13.241
153.217	34.625	-13.676
155.445	35.151	-14.119
157.706	35.676	-14.568
160.000	36.202	-15.024
162.327	36.728	-15.486
164.688	37.253	-15.956
167.084	37.779	-16.432
169.514	38.305	-16.916
171.980	38.831	-17.407
174.481	39.356	-17.906
177.019	39.882	-18.412
179.594	40.408	-18.926
182.206	40.933	-19.447
184.856	41.459	-19.977
187.545	41.985	-20.514
190.273	42.510	-21.060
193.041	43.036	-21.614
195.849	43.562	-22.177
198.697	44.087	-22.748
201.587	44.613	-23.328
204.520	45.139	-23.916
207.494	45.664	-24.514
210.512	46.190	-25.122
213.574	46.716	-25.738
216.681	47.242	-26.364
219.833	47.767	-27.000
223.030	48.293	-27.645
226.274	48.819	-28.301
229.565	49.344	-28.967
232.905	49.870	-29.643
236.292	50.396	-30.330
239.729	50.921	-31.028
243.216	51.447	-31.737
246.754	51.973	-32.457
250.343	52.498	-33.188
253.984	53.024	-33.931
257.678	53.550	-34.686
261.426	54.075	-35.453
265.229	54.601	-36.232
269.087	55.127	-37.024
273.001	55.653	-37.829
276.972	56.178	-38.646
281.000	56.704	-39.478
285.088	57.230	-40.322
289.234	57.755	-41.181
293.441	58.281	-42.053
297.709	58.807	-42.941
302.040	59.332	-43.843
306.433	59.858	-44.760
310.890	60.384	-45.692
315.412	60.909	-46.641
320.000	61.435	-47.605
324.655	61.961	-48.586
329.377	62.487	-49.584
334.168	63.012	-50.600
339.028	63.538	-51.633
343.959	64.064	-52.684
348.962	64.589	-53.754
354.038	65.115	-54.844
359.188	65.641	-55.953
364.412	66.166	-57.083
369.713	66.692	-58.233
375.090	67.218	-59.405
380.546	67.743	-60.599
386.081	68.269	-61.816
391.697	68.795	-63.056
397.394	69.320	-64.321
403.175	69.846	-65.612
409.039	70.372	-66.929
414.989	70.898	-68.273
421.025	71.423	-69.645
427.149	71.949	-71.048
433.362	72.475	-72.481
439.665	73.000	-73.948
446.060	73.526	-75.449
452.548	74.052	-76.986
459.131	74.577	-78.562
465.809	75.103	-80.179
472.584	75.629	-81.842
479.458	76.154	-83.552
486.432	76.680	-85.316
493.507	77.206	-87.138
500.686	77.732	-89.027
507.968	78.257	-90.993
515.357	78.783	-93.048
522.853	79.309	-95.215
530.458	79.834	-97.530
538.174	80.355	-100.038
546.002	80.856	-102.781
553.943	81.313	-105.744
562.001	81.692	-108.836
570.175	81.976	-111.857
578.469	82.168	-114.574
586.883	82.293	-116.770
595.419	82.400	-118.268
604.080	82.550	-119.054
612.866	82.783	-119.322
621.780	83.106	-119.273
630.824	83.553	-119.175
640.000	84.083	-119.386
649.309	84.661	-119.905
658.753	85.300	-120.782
668.335	85.951	-122.107
678.056	86.619	-123.783
687.919	87.276	-125.932
697.925	87.862	-128.491
708.077	88.398	-131.219
718.376	88.935	-134.174
728.825	89.562	-137.365
739.426	90.335	-140.695
750.181	91.228	-144.196
761.093	92.144	-147.963
772.163	92.934	-152.058
783.394	93.539	-156.401
794.789	93.965	-161.007
806.349	94.231	-165.874
818.078	94.394	-170.744
829.977	94.507	-175.420
842.050	94.583	-179.846
854.298	94.628	176.069
866.724	94.665	172.356
879.330	94.717	168.953
892.120	94.803	165.714
905.097	94.906	162.506
918.262	95.008	159.294
931.618	95.097	156.058
945.169	95.150	152.837
958.917	95.171	149.747
972.864	95.179	146.840
987.015	95.179	144.120
1001.37	95.179	141.575
1015.94	95.179	139.186
1030.71	95.179	136.955
1045.71	95.181	134.905
1060.92	95.196	133.050
1076.35	95.238	131.394
1092.00	95.330	129.829
1107.89	95.475	128.186
1124.00	95.667	126.299
1140.35	95.874	124.056
1156.94	96.072	121.358
1173.77	96.212	118.330
1190.84	96.272	115.033
1208.16	96.199	111.875
1225.73	96.015	109.245
1243.56	95.784	107.211
1261.65	95.527	105.962
1280.00	95.321	105.516
1298.62	95.232	105.512
1317.51	95.245	105.689
1336.67	95.330	105.815
1356.11	95.452	105.994
1375.84	95.661	106.269
1395.85	95.969	106.234
1416.15	96.330	105.754
1436.75	96.735	104.837
1457.65	97.153	103.356
1478.85	97.537	101.477
1500.36	97.891	99.416
1522.19	98.255	97.115
1544.33	98.619	94.468
1566.79	98.960	91.431
1589.58	99.248	88.040
1612.70	99.454	84.425
1636.16	99.572	80.771
1659.95	99.622	77.244
1684.10	99.626	73.917
1708.60	99.598	70.779
1733.45	99.533	67.869
1758.66	99.440	65.277
1784.24	99.342	63.021
1810.19	99.259	61.083
1836.52	99.222	59.420
1863.24	99.248	57.775
1890.34	99.311	55.982
1917.83	99.401	53.993
1945.73	99.490	51.739
1974.03	99.555	49.298
2002.74	99.601	46.754
2031.87	99.623	44.109
2061.43	99.617	41.415
2091.41	99.587	38.719
2121.83	99.528	36.065
2152.69	99.451	33.480
2184.01	99.354	30.965
2215.77	99.220	28.579
2248.00	99.043	26.318
2280.70	98.831	24.111
2313.87	98.574	21.986
2347.53	98.301	19.935
2381.68	98.004	18.033
2416.32	97.650	16.375
2451.46	97.247	14.992
2487.12	96.773	13.974
2523.30	96.257	13.458
2560.00	95.791	13.523
2597.24	95.422	14.149
2635.01	95.184	15.248
2673.34	95.067	16.676
2712.23	95.037	18.217
2751.68	95.081	19.836
2791.70	95.211	21.425
2832.31	95.442	22.837
2873.50	95.787	23.729
2915.30	96.197	23.784
2957.70	96.616	22.998
3000.72	96.999	21.422
3044.37	97.292	19.270
3088.65	97.484	16.884
3133.58	97.596	14.429
3179.16	97.640	12.020
3225.40	97.631	9.744
3272.31	97.589	7.615
3319.91	97.517	5.633
3368.20	97.411	3.826
3417.19	97.279	2.232
3466.89	97.132	0.906
3517.32	96.974	-0.117
3568.48	96.828	-0.863
3620.39	96.706	-1.379
3673.05	96.611	-1.737
3726.47	96.543	-2.038
3780.67	96.497	-2.323
3835.67	96.466	-2.589
3891.46	96.448	-2.795
3948.06	96.448	-2.887
4005.49	96.482	-2.841
4063.75	96.574	-2.748
4122.86	96.738	-2.829
4182.82	96.959	-3.342
4243.66	97.194	-4.385
4305.39	97.402	-5.912
4368.01	97.554	-7.816
4431.55	97.623	-9.900
4496.01	97.610	-11.963
4561.40	97.519	-13.851
4627.75	97.351	-15.313
4695.06	97.151	-16.172
4763.35	96.961	-16.413
4832.64	96.834	-16.031
4902.93	96.859	-15.365
4974.24	97.060	-14.850
5046.60	97.400	-14.686
5120.00	97.840	-15.012
5194.47	98.302	-15.890
5270.03	98.712	-17.303
5346.68	99.041	-19.181
5424.45	99.268	-21.410
5503.35	99.419	-23.896
5583.40	99.512	-26.452
5664.61	99.566	-28.932
5747.01	99.607	-31.304
5830.60	99.637	-33.586
5915.41	99.660	-35.778
6001.45	99.685	-37.906
6088.74	99.713	-40.000
6177.30	99.740	-42.081
6267.15	99.760	-44.161
6358.31	99.760	-46.221
6450.80	99.749	-48.232
6544.62	99.746	-50.229
6639.82	99.770	-52.295
6736.40	99.838	-54.462
6834.38	99.957	-56.775
6933.79	100.114	-59.255
7034.64	100.295	-61.838
7136.96	100.477	-64.509
7240.77	100.639	-67.265
7346.09	100.747	-70.175
7452.94	100.769	-73.226
7561.35	100.696	-76.262
7671.33	100.548	-79.188
7782.91	100.366	-81.945
7896.12	100.194	-84.461
8010.97	100.068	-86.855
8127.49	99.978	-89.318
8245.71	99.894	-91.938
8365.65	99.788	-94.653
8487.33	99.654	-97.354
8610.78	99.510	-99.948
8736.03	99.376	-102.396
8863.09	99.268	-104.732
8992.01	99.197	-107.062
9122.80	99.154	-109.519
9255.50	99.129	-112.190
9390.12	99.105	-115.107
9526.70	99.063	-118.269
9665.27	98.962	-121.540
9805.86	98.775	-124.807
9948.49	98.507	-128.026
10093.2	98.167	-131.135
10240.0	97.816	-134.109
10388.9	97.524	-137.025
10540.1	97.305	-139.972
10693.4	97.162	-143.029
10848.9	97.035	-146.251
11006.7	96.856	-149.657
11166.8	96.601	-153.199
11329.2	96.258	-156.835
11494.0	95.851	-160.504
11661.2	95.414	-164.204
11830.8	94.958	-167.934
12002.9	94.459	-171.632
12177.5	93.894	-175.053
12354.6	93.281	-178.030
12534.3	92.608	179.490
12716.6	91.913	177.806
12901.6	91.292	176.916
13089.2	90.760	176.465
13279.6	90.348	176.302
13472.8	90.079	176.032
13668.8	89.921	175.246
13867.6	89.823	173.841
14069.3	89.715	171.791
14273.9	89.478	169.480
14481.5	89.044	167.227
14692.2	88.401	165.139
14905.9	87.532	163.417
15122.7	86.500	162.125
15342.7	85.446	161.201
15565.8	84.491	160.850
15792.2	83.750	161.095
16021.9	83.251	161.831
16255.0	82.989	162.821
16491.4	82.888	163.647
16731.3	82.859	163.995
16974.7	82.857	163.797
17221.6	82.857	163.002
17472.1	82.841	161.613
17726.2	82.789	159.621
17984.0	82.642	157.127
18245.6	82.364	154.444
18511.0	81.948	151.901
18780.2	81.412	149.903
19053.4	80.841	148.787
19330.5	80.340	148.492
19611.7	79.967	148.642
19897.0	79.743	148.677
20186.4	79.603	148.069
20480.0	79.464	146.794
20777.9	79.271	145.029
21080.1	79.004	143.019
21386.7	78.664	140.988
21697.8	78.277	139.100
22013.4	77.870	137.391
22333.6	77.455	135.840
22658.4	77.040	134.408
22988.0	76.625	133.058
23322.4	76.209	131.772
23661.6	75.794	130.540
24005.8	75.379	129.353
24355.0	74.964	128.206
24709.2	74.549	127.095
25068.6	74.134	126.016
25433.2	73.719	124.966
25803.2	73.304	123.944
26178.5	72.889	122.947
26559.3	72.474	121.974
26945.6	72.058	121.024
27337.5	71.643	120.094
27735.2	71.228	119.184
28138.6	70.813	118.294
28547.9	70.398	117.421
28963.1	69.983	116.567
29384.4	69.568	115.729
29811.8	69.153	114.908
30245.4	68.738	114.102
30685.3	68.323	113.311
31131.7	67.908	112.535
31584.5	67.492	111.772
32043.9	67.077	111.024
32510.0	66.662	110.289
32982.8	66.247	109.567
33462.6	65.832	108.857
33949.3	65.417	108.160
34443.1	65.002	107.474
34944.1	64.587	106.800
35452.4	64.172	106.138
35968.0	63.757	105.486
36491.2	63.342	104.845
37022.0	62.926	104.214
37560.5	62.511	103.591
38106.8	62.134	103.025
38661.1	61.790	102.508
39223.4	61.532	102.114
39793.9	61.333	101.810
