298.3562	64.2700	-140.3000
303.3567	64.1700	-139.4000
308.4410	64.0200	-138.1000
313.6106	63.8300	-136.6000
318.8668	63.5800	-135.0000
324.2111	63.1800	-133.4000
329.6449	62.5800	-131.8000
335.1698	61.9400	-130.1000
340.7874	61.5300	-128.4000
346.4991	61.6200	-126.6000
352.3065	62.0600	-124.8000
358.2112	62.5800	-123.1000
364.2149	63.0100	-121.2000
370.3193	63.3700	-119.2000
376.5259	63.7600	-117.4000
382.8366	64.1600	-115.4000
389.2530	64.5800	-113.4000
395.7770	65.0100	-111.5000
402.4103	65.4100	-109.4000
409.1548	65.6900	-107.3000
416.0123	65.8400	-105.1000
422.9848	65.9800	-103.1000
430.0741	66.2100	-101.1000
437.2823	66.5900	-98.9000
444.6112	67.0600	-96.9000
452.0630	67.5600	-94.8000
459.6397	68.0100	-92.7000
467.3434	68.3900	-90.7000
475.1762	68.6900	-88.7000
483.1402	68.9600	-86.6000
491.2378	69.2400	-84.6000
499.4710	69.5600	-82.7000
507.8423	69.8900	-80.7000
516.3539	70.2500	-78.7000
525.0081	70.6000	-76.8000
533.8074	70.9600	-74.9000
542.7541	71.3200	-73.0000
551.8508	71.6700	-71.0000
561.0999	72.0100	-69.1000
570.5041	72.3500	-67.1000
580.0659	72.6800	-65.0000
589.7879	73.0100	-62.9000
599.6729	73.3300	-60.8000
609.7236	73.6500	-58.5000
619.9427	73.9600	-56.2000
630.3331	74.2700	-53.7000
640.8976	74.5800	-51.2000
651.6392	74.9000	-48.5000
662.5609	75.2200	-45.8000
673.6656	75.5600	-42.9000
684.9564	75.9000	-39.9000
696.4364	76.2700	-36.8000
708.1088	76.6500	-33.7000
719.9769	77.0500	-30.4000
732.0439	77.4700	-27.2000
744.3131	77.9100	-23.9000
756.7880	78.3800	-20.7000
769.4720	78.8600	-17.6000
782.3685	79.3500	-14.4000
795.4812	79.8400	-11.4000
808.8137	80.3600	-8.4000
822.3696	80.8700	-5.5000
836.1527	81.3800	-2.6000
850.1668	81.8900	0.2000
864.4158	82.4200	3.0000
878.9036	82.9300	5.7000
893.6343	83.4500	8.5000
908.6118	83.9700	11.3000
923.8404	84.5000	13.9000
939.3242	85.0200	16.7000
955.0675	85.5500	19.3000
971.0746	86.1000	21.9000
987.3501	86.6400	24.4000
1003.8983	87.1800	26.9000
1020.7239	87.7200	29.2000
1037.8315	88.2000	31.0000
1055.2258	88.6600	32.8000
1072.9116	89.1200	34.5000
1090.8939	89.6000	36.1000
1109.1775	90.1200	37.9000
1127.7676	90.6400	39.7000
1146.6693	91.1400	41.3000
1165.8877	91.6000	42.7000
1185.4283	92.0200	44.0000
1205.2964	92.4100	45.2000
1225.4974	92.7600	46.6000
1246.0371	93.0700	47.9000
1266.9209	93.3200	49.4000
1288.1549	93.5400	51.1000
1309.7446	93.7400	53.2000
1331.6963	93.9100	55.5000
1354.0158	94.0900	58.1000
1376.7095	94.2700	61.1000
1399.7835	94.4800	64.1000
1423.2442	94.7100	67.3000
1447.0981	94.9500	70.5000
1471.3518	95.2100	73.7000
1496.0120	95.4600	76.8000
1521.0856	95.6800	79.7000
1546.5793	95.8700	82.7000
1572.5004	96.0100	85.9000
1598.8559	96.1100	89.2000
1625.6531	96.1800	93.1000
1652.8994	96.2300	97.3000
1680.6024	96.3000	102.0000
1708.7697	96.4100	107.3000
1737.4091	96.5900	112.8000
1766.5285	96.8400	118.4000
1796.1360	97.1300	123.9000
1826.2397	97.4600	129.2000
1856.8479	97.7900	134.2000
1887.9691	98.1100	139.1000
1919.6120	98.4000	144.0000
1951.7851	98.6700	148.9000
1984.4975	98.9300	153.9000
2017.7582	99.1800	159.2000
2051.5763	99.4500	164.5000
2085.9612	99.7200	169.9000
2120.9224	100.0000	175.2000
2156.4696	100.2700	-28.6000
2192.6126	100.5400	-174.1000
2229.3613	100.7800	-168.8000
2266.7259	101.0100	-163.3000
2304.7168	101.2400	-157.5000
2343.3444	101.4900	-151.7000
2382.6195	101.7700	-145.8000
2422.5528	102.0800	-140.0000
2463.1553	102.3900	-134.5000
2504.4384	102.6800	-129.2000
2546.4134	102.9100	-124.2000
2589.0919	103.1000	-119.3000
2632.4858	103.2200	-114.2000
2676.6069	103.2800	-109.2000
2721.4674	103.3000	-104.0000
2767.0799	103.2200	-98.7000
2813.4568	103.0500	-93.1000
2860.6111	102.7600	-86.8000
2908.5556	102.4200	-79.3000
2957.3037	102.0800	-70.4000
3006.8689	101.8500	-60.8000
3057.2647	101.7700	-50.8000
3108.5052	101.7900	-40.9000
3160.6045	101.8300	-31.4000
3213.5770	101.8300	-22.0000
3267.4374	101.8200	-12.5000
3322.2004	101.7900	-2.9000
3377.8813	101.7300	6.9000
3434.4954	101.6400	17.0000
3492.0584	101.5000	27.7000
3550.5862	101.3700	39.2000
3610.0949	101.2900	51.3000
3670.6009	101.3200	63.8000
3732.1211	101.4500	76.4000
3794.6724	101.7000	88.8000
3858.2720	102.0000	100.8000
3922.9376	102.2900	111.7000
3988.6870	102.4600	122.2000
4055.5384	102.4900	132.8000
4123.5102	102.4200	144.1000
4192.6212	102.3200	156.0000
4262.8906	102.1900	168.4000
4334.3377	102.0500	-172.8000
4406.9822	101.9000	-165.0000
4480.8443	101.7800	-150.8000
4555.9444	101.6600	-136.1000
4632.3031	101.5800	-120.4000
4709.9417	101.6100	-103.7000
4788.8814	101.9000	-86.6000
4869.1443	102.4400	-70.2000
4950.7523	103.1000	-55.3000
5033.7281	103.6700	-42.4000
5118.0947	104.0600	-30.8000
5203.8752	104.1600	-19.7000
5291.0934	103.9800	-8.1000
5379.7734	103.5900	4.8000
5469.9397	103.1000	19.4000
5561.6173	102.5500	35.5000
5654.8313	102.0200	52.9000
5749.6077	101.5000	71.7000
5845.9725	101.0800	91.9000
5943.9525	100.8200	113.3000
6043.5746	100.8000	135.0000
6144.8664	100.9200	156.2000
6247.8558	101.1000	133.7000
6352.5714	101.3200	-162.8000
6459.0421	101.5600	-143.2000
6567.2972	101.7100	-124.5000
6677.3667	101.6500	-106.4000
6789.2810	101.3000	-87.5000
6903.0710	100.7000	-66.2000
7018.7682	100.1400	-41.6000
7136.4045	99.9700	-15.1000
7256.0123	100.2600	11.0000
7377.6249	100.6800	35.4000
7501.2757	101.0700	58.3000
7626.9989	101.3300	80.4000
7754.8293	101.3700	101.9000
7884.8021	101.1500	124.1000
8016.9533	100.7200	147.9000
8151.3194	100.2600	174.8000
8287.9375	99.9600	-157.5000
8426.8454	99.9900	-128.1000
8568.0814	100.3800	-99.4000
8711.6845	100.8800	-72.7000
8857.6945	101.2000	-48.3000
9006.1516	101.1000	-24.4000
9157.0969	100.6300	1.3000
9310.5721	100.0500	29.8000
9466.6196	99.6000	60.2000
9625.2825	99.3600	91.8000
9786.6046	99.3700	123.5000
9950.6305	99.4900	153.8000
10117.4050	99.4600	-112.9000
10286.9760	99.1400	-147.4000
10459.3880	98.5600	-116.2000
10634.6900	97.9000	-82.0000
10812.9300	97.5100	-44.9000
10994.1570	97.6400	-8.0000
11178.4220	97.9800	26.4000
11365.7750	98.0700	58.0000
11556.2680	97.7000	89.7000
11749.9540	96.9600	124.1000
11946.8860	96.1500	162.2000
12147.1190	95.6600	-158.1000
12350.7080	95.5300	-119.5000
12557.7080	95.2700	-83.0000
12768.1790	94.5900	-45.8000
12982.1770	93.5800	-5.1000
13199.7610	92.5700	39.3000
13420.9920	92.1200	84.9000
13645.9310	91.9700	128.0000
13874.6410	91.5100	170.2000
14107.1830	90.6000	-146.4000
14343.6230	89.3900	-97.9000
14584.0250	88.6500	-46.5000
14828.4570	88.3800	4.0000
15076.9860	88.2600	52.7000
15329.6800	87.8300	100.6000
15586.6090	87.3300	150.8000
15847.8440	86.9900	-159.3000
16113.4580	86.6500	-112.0000
16383.5240	85.7800	-66.8000
16658.1150	84.0000	-16.7000
16937.3100	81.4900	41.6000
17221.1830	78.9700	106.7000
17509.8140	77.3300	175.0000
17803.2830	76.2800	-120.7000
18101.6700	75.4700	-53.3000
18405.0590	75.2500	13.8000
18713.5320	75.2400	77.7000
19027.1760	75.1100	138.7000
19346.0760	74.8200	-162.0000
19670.3210	74.6600	-110.5000