99.61168	60.9	33
101.2812	61.34	30.1
102.9787	61.75	27.3
104.70465	62.17	24.8
106.45952	62.58	22.4
108.24381	62.98	20.1
110.058	63.38	18.1
111.9026	63.79	16
113.77812	64.19	13.9
115.68507	64.59	11.6
117.62398	64.97	9.3
119.59538	65.32	6.8
121.59983	65.64	4.3
123.63787	65.94	1.7
125.71007	66.22	-0.8
127.81701	66.48	-3.2
129.95925	66.72	-5.7
132.1374	66.93	-8.1
134.35205	67.12	-10.5
136.60383	67.31	-12.8
138.89334	67.47	-14.9
141.22123	67.63	-16.9
143.58813	67.78	-18.9
145.9947	67.92	-20.7
148.44161	68.05	-22.4
150.92953	68.17	-24
153.45914	68.3	-25.5
156.03116	68.43	-26.8
158.64628	68.58	-28
161.30523	68.72	-29.1
164.00874	68.88	-30.2
166.75757	69.04	-31.3
169.55247	69.2	-32.4
172.39421	69.36	-33.6
175.28358	69.52	-34.7
178.22137	69.67	-35.8
181.2084	69.8	-36.9
184.2455	69.92	-37.9
187.3335	70.03	-38.9
190.47326	70.12	-39.7
193.66564	70.2	-40.2
196.91152	70.27	-40.4
200.2118	70.35	-40.2
203.5674	70.46	-39.4
206.97924	70.61	-38.1
210.44827	70.8	-36.3
213.97543	71.06	-34.1
217.56171	71.37	-31.7
221.2081	71.71	-29.4
224.9156	72.11	-27.2
228.68524	72.52	-25
232.51806	72.96	-22.9
236.41512	73.41	-20.9
240.3775	73.9	-19.2
244.40628	74.39	-18
248.50259	74.88	-17.4
252.66756	75.36	-17.4
256.90233	75.81	-17.8
261.20807	76.24	-18.6
265.58598	76.64	-19.7
270.03727	77.01	-21.1
274.56316	77.36	-22.7
279.16491	77.67	-24.5
283.84378	77.96	-26.5
288.60107	78.2	-28.6
293.43809	78.41	-30.7
298.35619	78.59	-32.8
303.35671	78.73	-34.8
308.44104	78.84	-36.6
313.61059	78.93	-38.3
318.86678	79.01	-39.7
324.21107	79.07	-40.8
329.64492	79.14	-41.5
335.16985	79.24	-41.7
340.78738	79.37	-41.4
346.49906	79.54	-40.8
352.30647	79.77	-40.2
358.21121	80.05	-39.6
364.21492	80.35	-39.2
370.31925	80.67	-39.2
376.5259	80.99	-39.4
382.83656	81.31	-39.8
389.253	81.61	-40.4
395.77697	81.91	-40.9
402.41029	82.19	-41.6
409.15479	82.47	-42.2
416.01232	82.76	-42.7
422.98479	83.07	-43.2
430.07412	83.37	-43.8
437.28226	83.69	-44.7
444.61122	84	-45.7
452.06302	84.29	-46.8
459.6397	84.56	-48.2
467.34338	84.81	-49.5
475.17617	85.03	-50.9
483.14023	85.23	-52.2
491.23778	85.41	-53.3
499.47105	85.61	-54.1
507.84231	85.81	-54.8
516.35387	86.05	-55.2
525.00808	86.31	-55.7
533.80735	86.59	-56.2
542.75409	86.89	-56.8
551.85078	87.2	-57.6
561.09994	87.51	-58.6
570.50411	87.8	-60
580.0659	88.08	-61.5
589.78794	88.31	-63.1
599.67293	88.53	-64.8
609.7236	88.71	-66.4
619.94272	88.88	-68
630.33311	89.04	-69.4
640.89765	89.21	-70.7
651.63925	89.38	-71.9
662.56088	89.56	-73.1
673.66556	89.75	-74.2
684.95636	89.93	-75.4
696.4364	90.12	-76.7
708.10884	90.3	-78
719.97692	90.46	-79.3
732.04391	90.68	-79.1
744.31315	90.96	-80.3
756.78802	91.2	-83.7
769.47197	91.25	-88.8
782.36851	90.97	-92.6
795.4812	90.58	-94.9
808.81366	90.2	-95.5
822.36957	89.94	-94.7
836.15269	89.94	-92.8
850.16681	90.21	-92.2
864.41582	90.6	-93.4
878.90364	91.02	-94.6
893.63428	91.4	-96.6
908.61181	91.69	-99.3
923.84036	91.82	-102.3
939.32415	91.86	-104.7
955.06746	91.91	-106.8
971.07462	91.97	-108.7
987.35007	92.04	-110.6
1003.8983	92.13	-112.9
1020.7239	92.16	-115.6
1037.8315	92.05	-118.6
1055.2258	91.77	-120.8
1072.9116	91.45	-121.5
1090.8939	91.26	-121.1
1109.1775	91.22	-120.6
1127.7676	91.27	-120.2
1146.6693	91.4	-120
1165.8877	91.64	-120
1185.4283	91.99	-121
1205.2964	92.21	-123.6
1225.4974	92.18	-126
1246.0371	92.13	-127.2
1266.9209	92.19	-128
1288.1549	92.33	-129.4
1309.7446	92.44	-131.5
1331.6963	92.45	-133.9
1354.0158	92.36	-136.3
1376.7095	92.15	-138.2
1399.7835	91.88	-138.9
1423.2442	91.77	-138.4
1447.0981	91.87	-138.4
1471.3518	92.02	-139.6
1496.012	92.04	-141.8
1521.0856	91.87	-143.5
1546.5793	91.7	-144.1
1572.5004	91.65	-144.3
1598.8559	91.69	-144.9
1625.6531	91.73	-146.4
1652.8994	91.67	-148.4
1680.6024	91.46	-150.2
1708.7697	91.14	-151.2
1737.4091	90.82	-151
1766.5285	90.63	-149.9
1796.136	90.62	-149.2
1826.2397	90.62	-149.1
1856.8479	90.64	-148.9
1887.9691	90.73	-149.3
1919.612	90.74	-150.7
1951.7851	90.56	-152.4
1984.4975	90.15	-152.9
2017.7582	89.76	-151.3
2051.5763	89.58	-148.8
2085.9612	89.61	-146.1
2120.9224	89.85	-144.1
2156.4696	90.13	-143.3
2192.6126	90.36	-143.1
2229.3613	90.56	-143.6
2266.7259	90.56	-144.2
2304.7168	90.47	-143.2
2343.3444	90.6	-140.8
2382.6195	91.05	-139
2422.5528	91.57	-138.7
2463.1553	92.07	-139.4
2504.4384	92.54	-141.1
2546.4134	92.88	-143.7
2589.0919	93.08	-146.4
2632.4858	93.19	-148.7
2676.6069	93.33	-150.8
2721.4674	93.47	-153.4
2767.0799	93.54	-156.5
2813.4568	93.49	-159.9
2860.6111	93.25	-163.3
2908.5556	92.82	-165.6
2957.3037	92.34	-166.2
3006.8689	91.99	-165.4
3057.2647	91.84	-164.3
3108.5052	91.84	-163.7
3160.6045	91.86	-164.3
3213.577	91.7	-165.1
3267.4374	91.41	-164.7
3322.2004	91.23	-162.7
3377.8813	91.31	-160.1
3434.4954	91.65	-158.4
3492.0584	92.05	-158.3
3550.5862	92.33	-159.1
3610.0949	92.56	-159.7
3670.6009	92.87	-160.5
3732.1211	93.21	-162.4
3794.6724	93.43	-165.3
3858.272	93.46	-168.4
3922.9376	93.36	-170.7
3988.687	93.32	-172.5
4055.5384	93.33	-175
4123.5102	93.18	-178.3
4192.6212	92.78	179
4262.8906	92.24	178.2
4334.3377	91.85	179
4406.9822	91.65	179.6
4480.8443	91.41	179.8
4555.9444	91.09	-178.8
4632.3031	91.04	-175.9
4709.9417	91.31	-174.3
4788.8814	91.52	-174.6
4869.1443	91.56	-174.5
4950.7523	91.77	-173.8
5033.7281	92.11	-174.7
5118.0947	92.24	-176.9
5203.8752	92.19	-178.3
5291.0934	92.24	-179.3
5379.7734	92.25	178.7
5469.9397	91.97	177.3
5561.6173	91.77	178.1
5654.8313	91.85	178.7
5749.6077	91.87	178.5
5845.9725	91.95	179.4
5943.9525	92.34	179.5
6043.5746	92.64	177.4
6144.8664	92.72	175.3
6247.8558	92.85	173.4
6352.5714	92.92	170.8
6459.0421	92.86	168.4
6567.2972	92.85	166
6677.3667	92.7	162.8
6789.281	92.33	160.6
6903.071	91.98	159.5
7018.7682	91.57	159.3
7136.4045	91.31	161.1
7256.0123	91.42	162.5
7377.6249	91.6	162.7
7501.2757	91.92	162.2
7626.9989	92.18	159.7
7754.8293	92.25	156.9
7884.8021	92.25	153.6
8016.9533	91.99	150.4
8151.3194	91.64	148.5
8287.9375	91.2	147.9
8426.8454	90.99	149.3
8568.0814	91.07	149.7
8711.6845	91.31	149.7
8857.6945	91.68	147.1
9006.1516	91.78	142.6
9157.0969	91.53	137.1
9310.5721	90.77	133.9
9466.6196	90.03	133.7
9625.2825	89.49	135.9
9786.6046	89.45	138.5
9950.6305	89.84	139.6
10117.405	90.29	136.4
10286.976	90.25	131.2
10459.388	89.76	126.6
10634.69	88.97	124.7
10812.93	88.26	126.5
10994.157	88.26	129.7
11178.422	88.71	129.1
11365.775	88.84	124.7
11556.268	88.49	120.4
11749.954	87.93	117.7
11946.886	87.24	117.2
12147.119	86.86	118.9
12350.708	86.87	119.4
12557.708	86.94	117.7
12768.179	86.85	114.1
12982.177	86.34	110.6
13199.761	85.65	109.7
13420.992	85.12	109.8
13645.931	84.75	110.7
13874.641	84.7	110.1
14107.183	84.45	106.8
14343.623	83.75	104.1
14584.025	82.83	104.3
14828.457	82.25	107.1
15076.986	82.07	107.5
15329.68	81.67	106
15586.609	80.93	104.5
15847.844	79.82	106.2
16113.458	79.07	111.6
16383.524	78.81	115.3
16658.115	78.42	116.7
16937.31	77.6	120.8
17221.183	77.03	129
17509.814	77.18	139.5
17803.283	78.09	146.7
18101.67	78.8	149.3
18405.059	79.18	152.1
18713.532	80.04	157
19027.176	81.28	157.2
19346.076	81.78	153
19670.321	81.34	151.6
20000	81.05	154.2
