5.00000	6.949	170.774
5.07273	7.063	170.772
5.14651	7.210	170.770
5.22137	7.406	170.767
5.29732	7.623	170.764
5.37437	7.861	170.761
5.45254	8.100	170.757
5.53185	8.339	170.754
5.61231	8.578	170.750
5.69394	8.817	170.746
5.77676	9.056	170.743
5.86079	9.294	170.739
5.94604	9.533	170.735
6.03252	9.772	170.731
6.12027	10.011	170.727
6.20929	10.250	170.723
6.29961	10.488	170.719
6.39124	10.727	170.715
6.48420	10.966	170.711
6.57851	11.205	170.707
6.67420	11.444	170.703
6.77128	11.683	170.698
6.86977	11.921	170.694
6.96969	12.160	170.689
7.07107	12.399	170.685
7.17392	12.638	170.680
7.27827	12.877	170.676
7.38413	13.115	170.671
7.49154	13.354	170.666
7.60050	13.593	170.661
7.71105	13.832	170.657
7.82321	14.071	170.652
7.93701	14.310	170.647
8.05245	14.548	170.641
8.16958	14.787	170.636
8.28841	15.026	170.631
8.40896	15.265	170.626
8.53128	15.504	170.620
8.65537	15.742	170.615
8.78126	15.981	170.609
8.90899	16.220	170.604
9.03857	16.459	170.598
9.17004	16.698	170.592
9.30342	16.937	170.586
9.43874	17.175	170.580
9.57603	17.414	170.574
9.71532	17.653	170.568
9.85663	17.892	170.562
10.0000	18.131	170.555
10.1455	18.369	170.549
10.2930	18.608	170.542
10.4427	18.847	170.536
10.5946	19.086	170.529
10.7487	19.325	170.522
10.9051	19.564	170.516
11.0637	19.802	170.509
11.2246	20.041	170.502
11.3879	20.280	170.494
11.5535	20.519	170.487
11.7216	20.758	170.480
11.8921	20.996	170.472
12.0650	21.235	170.465
12.2405	21.474	170.457
12.4186	21.713	170.449
12.5992	21.952	170.441
12.7825	22.191	170.433
12.9684	22.429	170.425
13.1570	22.668	170.417
13.3484	22.907	170.408
13.5426	23.146	170.399
13.7395	23.385	170.390
13.9394	23.623	170.381
14.1421	23.862	170.372
14.3478	24.101	170.362
14.5565	24.340	170.353
14.7683	24.579	170.343
14.9831	24.818	170.333
15.2010	25.056	170.323
15.4221	25.295	170.312
15.6464	25.534	170.302
15.8740	25.773	170.292
16.1049	26.012	170.281
16.3392	26.250	170.270
16.5768	26.489	170.259
16.8179	26.728	170.248
17.0626	26.967	170.237
17.3107	27.206	170.225
17.5625	27.445	170.214
17.8180	27.683	170.202
18.0771	27.922	170.190
18.3401	28.161	170.178
18.6068	28.400	170.166
18.8775	28.639	170.153
19.1521	28.877	170.141
19.4306	29.116	170.128
19.7133	29.355	170.115
20.0000	29.594	170.102
20.2909	29.833	170.088
20.5860	30.072	170.075
20.8855	30.310	170.061
21.1893	30.549	170.047
21.4975	30.788	170.033
21.8102	31.027	170.019
22.1274	31.266	170.005
22.4492	31.504	169.990
22.7758	31.743	169.975
23.1071	31.982	169.960
23.4432	32.221	169.945
23.7841	32.460	169.929
24.1301	32.699	169.913
24.4811	32.937	169.897
24.8372	33.176	169.881
25.1984	33.415	169.865
25.5649	33.654	169.848
25.9368	33.893	169.832
26.3141	34.131	169.815
26.6968	34.370	169.797
27.0851	34.609	169.780
27.4791	34.848	169.762
27.8788	35.087	169.744
28.2843	35.326	169.726
28.6957	35.564	169.707
29.1131	35.803	169.689
29.5365	36.042	169.670
29.9661	36.281	169.651
30.4020	36.520	169.631
30.8442	36.758	169.611
31.2929	36.997	169.591
31.7480	37.236	169.571
32.2098	37.475	169.551
32.6783	37.714	169.530
33.1536	37.953	169.509
33.6359	38.191	169.488
34.1251	38.430	169.466
34.6215	38.669	169.444
35.1250	38.908	169.422
35.6359	39.147	169.400
36.1543	39.385	169.377
36.6802	39.624	169.354
37.2137	39.863	169.331
37.7550	40.102	169.307
38.3041	40.341	169.283
38.8613	40.580	169.259
39.4265	40.818	169.235
40.0000	41.057	169.210
40.5818	41.296	169.185
41.1721	41.535	169.159
41.7710	41.774	169.134
42.3785	42.012	169.108
42.9949	42.251	169.082
43.6203	42.490	169.055
44.2548	42.729	169.028
44.8985	42.968	169.001
45.5515	43.207	168.973
46.2141	43.445	168.946
46.8863	43.684	168.917
47.5683	43.923	168.889
48.2602	44.162	168.860
48.9621	44.401	168.831
49.6743	44.639	168.802
50.3968	44.878	168.772
51.1299	45.117	168.742
51.8736	45.356	168.712
52.6281	45.595	168.681
53.3936	45.834	168.650
54.1702	46.072	168.619
54.9581	46.311	168.587
55.7575	46.550	168.555
56.5685	46.789	168.523
57.3914	47.028	168.490
58.2261	47.266	168.457
59.0730	47.505	168.424
59.9323	47.744	168.390
60.8040	47.983	168.356
61.6884	48.222	168.322
62.5857	48.461	168.287
63.4960	48.699	168.252
64.4196	48.938	168.217
65.3566	49.177	168.181
66.3073	49.416	168.145
67.2717	49.655	168.108
68.2502	49.893	168.072
69.2429	50.132	168.034
70.2501	50.371	167.996
71.2719	50.610	167.958
72.3086	50.849	167.919
73.3603	51.088	167.880
74.4274	51.326	167.839
75.5099	51.565	167.798
76.6083	51.804	167.757
77.7226	52.043	167.714
78.8531	52.282	167.670
80.0000	52.520	167.625
81.1636	52.759	167.578
82.3442	52.998	167.529
83.5419	53.237	167.479
84.7570	53.476	167.425
85.9899	53.715	167.368
87.2406	53.953	167.306
88.5096	54.192	167.239
89.7970	54.431	167.165
91.1031	54.670	167.081
92.4282	54.909	166.985
93.7726	55.147	166.869
95.1366	55.385	166.725
96.5204	55.620	166.551
97.9243	55.849	166.351
99.3486	56.072	166.131
100.794	56.296	165.920
102.260	56.531	165.674
103.747	56.777	165.424
105.256	57.038	165.211
106.787	57.310	165.006
108.340	57.586	164.842
109.916	57.860	164.740
111.515	58.134	164.659
113.137	58.406	164.597
114.783	58.679	164.534
116.452	58.951	164.471
118.146	59.223	164.408
119.865	59.496	164.345
121.608	59.768	164.282
123.377	60.041	164.219
125.171	60.313	164.156
126.992	60.586	164.093
128.839	60.858	164.030
130.713	61.131	163.968
132.615	61.403	163.905
134.543	61.676	163.842
136.500	61.948	163.779
138.486	62.221	163.716
140.500	62.493	163.654
142.544	62.763	163.618
144.617	63.029	163.632
146.721	63.287	163.768
148.855	63.534	164.041
151.020	63.778	164.439
153.217	64.021	164.943
155.445	64.271	165.491
157.706	64.541	166.016
160.000	64.829	166.476
162.327	65.136	166.837
164.688	65.462	167.088
167.084	65.804	167.193
169.514	66.155	167.131
171.980	66.504	166.923
174.481	66.849	166.601
177.019	67.181	166.187
179.594	67.492	165.720
182.206	67.787	165.263
184.856	68.071	164.829
187.545	68.347	164.441
190.273	68.628	164.139
193.041	68.925	163.883
195.849	69.242	163.600
198.697	69.579	163.213
201.587	69.920	162.661
204.520	70.258	161.919
207.494	70.573	161.014
210.512	70.857	160.020
213.574	71.113	159.009
216.681	71.333	158.064
219.833	71.529	157.283
223.030	71.710	156.727
226.274	71.892	156.453
229.565	72.103	156.457
232.905	72.364	156.629
236.292	72.700	156.805
239.729	73.123	156.634
243.216	73.588	155.776
246.754	74.026	154.169
250.343	74.357	152.006
253.984	74.521	149.705
257.678	74.518	147.855
261.426	74.416	147.015
265.229	74.337	147.491
269.087	74.418	149.015
273.001	74.729	150.722
276.972	75.230	151.611
281.000	75.796	151.227
285.088	76.297	149.776
289.234	76.650	147.754
293.441	76.838	145.759
297.709	76.908	144.323
302.040	76.941	143.702
306.433	77.028	143.841
310.890	77.225	144.389
315.412	77.527	144.879
320.000	77.906	145.037
324.655	78.317	144.757
329.377	78.721	144.072
334.168	79.097	143.130
339.028	79.442	142.044
343.959	79.762	140.852
348.962	80.055	139.656
354.038	80.333	138.496
359.188	80.606	137.372
364.412	80.878	136.304
369.713	81.164	135.241
375.090	81.471	134.084
380.546	81.792	132.765
386.081	82.114	131.214
391.697	82.403	129.462
397.394	82.637	127.607
403.175	82.811	125.737
409.039	82.930	124.025
414.989	83.020	122.560
421.025	83.116	121.332
427.149	83.235	120.322
433.362	83.384	119.394
439.665	83.546	118.458
446.060	83.716	117.519
452.548	83.898	116.520
459.131	84.093	115.463
465.809	84.316	114.367
472.584	84.561	113.176
479.458	84.805	111.847
486.432	85.019	110.361
493.507	85.198	108.791
500.686	85.358	107.203
507.968	85.512	105.634
515.357	85.684	104.162
522.853	85.887	102.802
530.458	86.110	101.496
538.174	86.343	100.222
546.002	86.579	98.951
553.943	86.815	97.679
562.001	87.051	96.408
570.175	87.287	95.136
578.469	87.522	93.865
586.883	87.758	92.593
595.419	87.994	91.322
604.080	88.230	90.051
612.866	88.466	88.779
621.780	88.702	87.508
630.824	88.938	86.236
640.000	89.173	84.960
649.309	89.403	83.668
658.753	89.620	82.340
668.335	89.812	80.950
678.056	89.967	79.487
687.919	90.087	77.949
697.925	90.176	76.343
708.077	90.249	74.702
718.376	90.327	73.058
728.825	90.417	71.420
739.426	90.523	69.787
750.181	90.640	68.131
761.093	90.755	66.414
772.163	90.857	64.621
783.394	90.943	62.744
794.789	91.011	60.794
806.349	91.064	58.798
818.078	91.106	56.774
829.977	91.136	54.740
842.050	91.144	52.703
854.298	91.119	50.706
866.724	91.059	48.807
879.330	90.971	47.054
892.120	90.872	45.456
905.097	90.782	44.006
918.262	90.714	42.658
931.618	90.672	41.346
945.169	90.649	40.026
958.917	90.634	38.699
972.864	90.621	37.365
987.015	90.609	36.030
1001.37	90.595	34.694
1015.94	90.576	33.351
1030.71	90.540	32.003
1045.71	90.474	30.665
1060.92	90.367	29.385
1076.35	90.229	28.232
1092.00	90.073	27.247
1107.89	89.916	26.428
1124.00	89.778	25.766
1140.35	89.661	25.211
1156.94	89.560	24.723
1173.77	89.475	24.294
1190.84	89.405	23.894
1208.16	89.347	23.494
1225.73	89.298	23.066
1243.56	89.245	22.585
1261.65	89.181	22.079
1280.00	89.108	21.631
1298.62	89.034	21.286
1317.51	88.974	21.024
1336.67	88.931	20.831
1356.11	88.902	20.661
1375.84	88.881	20.474
1395.85	88.861	20.285
1416.15	88.847	20.108
1436.75	88.848	19.948
1457.65	88.862	19.779
1478.85	88.897	19.583
1500.36	88.946	19.315
1522.19	88.998	18.956
1544.33	89.057	18.513
1566.79	89.118	17.957
1589.58	89.174	17.288
1612.70	89.227	16.518
1636.16	89.264	15.643
1659.95	89.281	14.699
1684.10	89.269	13.732
1708.60	89.230	12.835
1733.45	89.178	12.045
1758.66	89.120	11.347
1784.24	89.060	10.736
1810.19	89.001	10.180
1836.52	88.939	9.653
1863.24	88.865	9.195
1890.34	88.789	8.840
1917.83	88.719	8.591
1945.73	88.657	8.431
1974.03	88.604	8.351
2002.74	88.557	8.381
2031.87	88.525	8.543
2061.43	88.525	8.810
2091.41	88.563	9.088
2121.83	88.648	9.217
2152.69	88.759	9.054
2184.01	88.866	8.588
2215.77	88.950	7.878
2248.00	89.000	7.045
2280.70	89.016	6.202
2313.87	89.005	5.453
2347.53	88.981	4.835
2381.68	88.954	4.330
2416.32	88.930	3.933
2451.46	88.915	3.613
2487.12	88.913	3.302
2523.30	88.922	2.985
2560.00	88.943	2.619
2597.24	88.969	2.184
2635.01	88.996	1.690
2673.34	89.019	1.133
2712.23	89.030	0.528
2751.68	89.028	-0.084
2791.70	89.012	-0.682
2832.31	88.986	-1.216
2873.50	88.960	-1.672
2915.30	88.934	-2.055
2957.70	88.918	-2.360
3000.72	88.918	-2.628
3044.37	88.932	-2.912
3088.65	88.954	-3.242
3133.58	88.971	-3.618
3179.16	88.983	-4.019
3225.40	88.985	-4.455
3272.31	88.979	-4.910
3319.91	88.978	-5.404
3368.20	88.980	-5.957
3417.19	88.979	-6.544
3466.89	88.973	-7.129
3517.32	88.960	-7.665
3568.48	88.940	-8.118
3620.39	88.921	-8.484
3673.05	88.913	-8.784
3726.47	88.915	-9.074
3780.67	88.931	-9.378
3835.67	88.953	-9.761
3891.46	88.972	-10.232
3948.06	88.980	-10.762
4005.49	88.974	-11.296
4063.75	88.957	-11.767
4122.86	88.937	-12.128
4182.82	88.930	-12.366
4243.66	88.948	-12.537
4305.39	88.992	-12.742
4368.01	89.052	-13.041
4431.55	89.121	-13.466
4496.01	89.191	-14.035
4561.40	89.243	-14.731
4627.75	89.279	-15.483
4695.06	89.302	-16.250
4763.35	89.311	-16.998
4832.64	89.319	-17.681
4902.93	89.329	-18.314
4974.24	89.353	-18.927
5046.60	89.387	-19.569
5120.00	89.432	-20.268
5194.47	89.482	-21.076
5270.03	89.525	-21.995
5346.68	89.557	-22.991
5424.45	89.576	-24.065
5503.35	89.578	-25.182
5583.40	89.565	-26.327
5664.61	89.537	-27.463
5747.01	89.496	-28.577
5830.60	89.442	-29.646
5915.41	89.374	-30.640
6001.45	89.305	-31.565
6088.74	89.235	-32.436
6177.30	89.161	-33.270
6267.15	89.085	-34.050
6358.31	89.008	-34.769
6450.80	88.926	-35.447
6544.62	88.842	-36.034
6639.82	88.765	-36.564
6736.40	88.701	-37.070
6834.38	88.643	-37.579
6933.79	88.595	-38.086
7034.64	88.558	-38.610
7136.96	88.522	-39.193
7240.77	88.485	-39.808
7346.09	88.443	-40.456
7452.94	88.390	-41.117
7561.35	88.327	-41.758
7671.33	88.255	-42.333
7782.91	88.183	-42.812
7896.12	88.115	-43.222
8010.97	88.055	-43.561
8127.49	88.010	-43.874
8245.71	87.974	-44.203
8365.65	87.945	-44.544
8487.33	87.922	-44.879
8610.78	87.900	-45.176
8736.03	87.894	-45.434
8863.09	87.901	-45.684
8992.01	87.927	-45.984
9122.80	87.974	-46.401
9255.50	88.023	-46.960
9390.12	88.073	-47.635
9526.70	88.118	-48.414
9665.27	88.152	-49.273
9805.86	88.182	-50.167
9948.49	88.203	-51.114
10093.2	88.214	-52.092
10240.0	88.218	-53.059
10388.9	88.219	-54.020
10540.1	88.220	-54.965
10693.4	88.225	-55.923
10848.9	88.232	-56.896
11006.7	88.246	-57.942
11166.8	88.253	-59.054
11329.2	88.253	-60.194
11494.0	88.251	-61.387
11661.2	88.237	-62.615
11830.8	88.218	-63.850
12002.9	88.193	-65.138
12177.5	88.158	-66.449
12354.6	88.110	-67.754
12534.3	88.051	-69.036
12716.6	87.983	-70.237
12901.6	87.914	-71.354
13089.2	87.846	-72.451
13279.6	87.783	-73.512
13472.8	87.727	-74.581
13668.8	87.669	-75.708
13867.6	87.607	-76.833
14069.3	87.539	-77.932
14273.9	87.459	-78.980
14481.5	87.386	-79.936
14692.2	87.320	-80.832
14905.9	87.263	-81.691
15122.7	87.223	-82.529
15342.7	87.189	-83.380
15565.8	87.166	-84.238
15792.2	87.152	-85.086
16021.9	87.162	-85.972
16255.0	87.191	-86.956
16491.4	87.235	-88.063
16731.3	87.287	-89.335
16974.7	87.332	-90.738
17221.6	87.370	-92.230
17472.1	87.405	-93.785
17726.2	87.441	-95.429
17984.0	87.485	-97.189
18245.6	87.527	-99.122
18511.0	87.548	-101.242
18780.2	87.538	-103.492
19053.4	87.486	-105.780
19330.5	87.404	-108.024
19611.7	87.299	-110.131
19897.0	87.192	-112.087
20186.4	87.102	-113.936
20480.0	87.017	-115.770
20777.9	86.939	-117.593
21080.1	86.872	-119.415
21386.7	86.795	-121.233
21697.8	86.727	-122.959
22013.4	86.681	-124.580
22333.6	86.678	-126.153
22658.4	86.749	-127.814
22988.0	86.905	-129.866
23322.4	87.131	-132.607
23661.6	87.381	-136.263
24005.8	87.584	-140.917
24355.0	87.634	-146.304
24709.2	87.469	-152.038
25068.6	87.068	-157.603
25433.2	86.442	-162.479
25803.2	85.700	-166.150
26178.5	84.986	-168.368
26559.3	84.430	-169.409
26945.6	84.129	-170.005
27337.5	84.048	-171.147
27735.2	84.092	-173.451
28138.6	84.131	-176.967
28547.9	84.062	178.523
28963.1	83.828	173.425
29384.4	83.408	168.120
29811.8	82.817	162.924
30245.4	82.096	158.090
30685.3	81.278	153.642
31131.7	80.381	149.532
31584.5	79.375	145.877
32043.9	78.235	142.803
32510.0	76.919	140.820
32982.8	75.420	140.780
33462.6	73.932	144.038
33949.3	72.763	152.075
34443.1	72.325	163.957
34944.1	72.872	174.046
35452.4	74.061	177.976
35968.0	75.389	176.130
36491.2	76.467	170.512
37022.0	77.048	162.845
37560.5	77.066	154.290
38106.8	76.614	146.073
38661.1	75.778	138.896
39223.4	74.901	133.379
39793.9	74.008	129.454
