298.35619	49.59	-88.8
303.35671	49.76	-95.3
308.44104	49.76	-100.1
313.61059	49.77	-103.4
318.86678	49.87	-106
324.21107	49.95	-108.8
329.64492	49.86	-111.6
335.16985	49.55	-113.4
340.78738	49.19	-112.9
346.49906	49	-110.5
352.30647	48.96	-107.8
358.21121	48.98	-103.6
364.21492	49.39	-98.2
370.31925	50.3	-93.7
376.5259	51.42	-92
382.83656	52.4	-92.6
389.253	53.06	-95.3
395.77697	53.47	-97.8
402.41029	53.72	-99.6
409.15479	53.86	-100.3
416.01232	53.96	-99.7
422.98479	54.19	-97.3
430.07412	54.8	-93.8
437.28226	55.8	-91.4
444.61122	56.87	-91.8
452.06302	57.79	-94.2
459.6397	58.52	-97.8
467.34338	59.02	-102.2
475.17617	59.23	-106.7
483.14023	59.22	-110.4
491.23778	59	-112.1
499.47105	58.77	-112.1
507.84231	58.69	-110.2
516.35387	58.77	-107.2
525.00808	59.15	-103.8
533.80735	59.78	-100.8
542.75409	60.55	-98.9
551.85078	61.37	-97.9
561.09994	62.23	-97.9
570.50411	63.09	-98.8
580.0659	63.82	-101.2
589.78794	64.32	-104.4
599.67293	64.6	-106.9
609.7236	64.8	-108
619.94272	65.08	-107.9
630.33311	65.52	-107.6
640.89765	66.03	-107.7
651.63925	66.49	-108.2
662.56088	66.9	-108.5
673.66556	67.36	-108.1
684.95636	67.95	-107.2
696.4364	68.7	-106.9
708.10884	69.5	-107.5
719.97692	70.26	-109.2
732.04391	70.95	-111.4
744.31315	71.56	-114.2
756.78802	72.03	-117.3
769.47197	72.34	-120.3
782.36851	72.56	-122.7
795.4812	72.71	-124.5
808.81366	72.78	-125.3
822.36957	72.85	-124.6
836.15269	73.1	-122.4
850.16681	73.7	-119.6
864.41582	74.56	-117.8
878.90364	75.49	-117.5
893.63428	76.42	-118.1
908.61181	77.38	-119.8
923.84036	78.24	-123.1
939.32415	78.84	-127.6
955.06746	79.14	-131.7
971.07462	79.28	-134.3
987.35007	79.46	-134.9
1003.8983	79.85	-134.5
1020.7239	80.49	-134.5
1037.8315	81.19	-135.6
1055.2258	81.76	-137.9
1072.9116	82.16	-140
1090.8939	82.53	-141.1
1109.1775	82.98	-141.3
1127.7676	83.58	-141.2
1146.6693	84.31	-141.4
1165.8877	85.1	-142.3
1185.4283	85.93	-143.7
1205.2964	86.75	-145.8
1225.4974	87.54	-148.2
1246.0371	88.31	-150.8
1266.9209	89.12	-153.7
1288.1549	89.93	-157
1309.7446	90.74	-160.8
1331.6963	91.53	-165.3
1354.0158	92.22	-170.7
1376.7095	92.73	-177
1399.7835	93.14	141.7
1423.2442	93.59	174.4
1447.0981	94.13	170
1471.3518	94.69	165
1496.012	95.21	159.2
1521.0856	95.63	153
1546.5793	95.94	146.6
1572.5004	96.17	140.3
1598.8559	96.35	134.1
1625.6531	96.48	127.6
1652.8994	96.49	120.9
1680.6024	96.35	114.7
1708.7697	96.11	109.1
1737.4091	95.83	104.5
1766.5285	95.59	100.6
1796.136	95.43	96.9
1826.2397	95.32	93
1856.8479	95.16	88.6
1887.9691	94.92	84.3
1919.612	94.6	80
1951.7851	94.18	76.9
1984.4975	93.69	74.8
2017.7582	93.26	73.9
2051.5763	92.97	73.4
2085.9612	92.79	72.8
2120.9224	92.71	72.1
2156.4696	92.7	70.6
2192.6126	92.6	68.6
2229.3613	92.47	66.8
2266.7259	92.31	64.7
2304.7168	91.96	62.9
2343.3444	91.5	63.2
2382.6195	91.32	65.5
2422.5528	91.51	67.1
2463.1553	91.8	67.3
2504.4384	92.13	66.8
2546.4134	92.46	65.3
2589.0919	92.75	63.1
2632.4858	92.96	60.6
2676.6069	93.17	58.2
2721.4674	93.43	55.1
2767.0799	93.61	51
2813.4568	93.65	46.4
2860.6111	93.5	41.5
2908.5556	93.15	37.3
2957.3037	92.68	34.2
3006.8689	92.21	32.4
3057.2647	91.81	31.5
3108.5052	91.53	30.9
3160.6045	91.38	30
3213.577	91.19	28
3267.4374	90.79	25.9
3322.2004	90.21	25.5
3377.8813	89.68	26.9
3434.4954	89.39	29.7
3492.0584	89.42	32.3
3550.5862	89.61	33.6
3610.0949	89.78	34.3
3670.6009	90.02	34.7
3732.1211	90.33	34.4
3794.6724	90.62	32.9
3858.272	90.77	30.8
3922.9376	90.8	28.9
3988.687	90.82	27.5
4055.5384	90.91	25.9
4123.5102	90.98	23.7
4192.6212	90.94	20.9
4262.8906	90.7	18.3
4334.3377	90.35	17.2
4406.9822	90.11	17.2
4480.8443	90.04	16.9
4555.9444	89.91	16
4632.3031	89.67	16
4709.9417	89.61	17
4788.8814	89.72	17.2
4869.1443	89.75	16.5
4950.7523	89.67	16.7
5033.7281	89.83	17.7
5118.0947	90.19	17.3
5203.8752	90.42	15.1
5291.0934	90.47	13.2
5379.7734	90.58	11.6
5469.9397	90.64	9
5561.6173	90.47	6.7
5654.8313	90.37	6.1
5749.6077	90.5	4.5
5845.9725	90.45	1.6
5943.9525	90.22	-0.4
6043.5746	90.07	-2
6144.8664	89.78	-4
6247.8558	89.29	-4
6352.5714	89.11	-1.9
6459.0421	89.24	-0.6
6567.2972	89.5	-0.1
6677.3667	89.93	-1.3
6789.281	90.11	-4.5
6903.071	90.07	-7.1
7018.7682	90.09	-9.7
7136.4045	89.94	-12.8
7256.0123	89.69	-15.1
7377.6249	89.37	-17.5
7501.2757	88.85	-18.6
7626.9989	88.43	-17.6
7754.8293	88.2	-15.9
7884.8021	88.28	-13.3
8016.9533	88.82	-12.4
8151.3194	89.31	-15.2
8287.9375	89.46	-19.7
8426.8454	89.22	-24.2
8568.0814	88.8	-27
8711.6845	88.32	-29.4
8857.6945	87.63	-29.5
9006.1516	87.14	-27.2
9157.0969	87.11	-23.8
9310.5721	87.51	-22.6
9466.6196	87.9	-23.9
9625.2825	88.16	-27.6
9786.6046	87.99	-32.3
9950.6305	87.41	-35.8
10117.405	86.55	-35.8
10286.976	85.99	-32.1
10459.388	86.03	-27.2
10634.69	86.66	-24.9
10812.93	87.32	-25.5
10994.157	87.82	-29.1
11178.422	87.96	-33.7
11365.775	87.67	-38.2
11556.268	87.21	-39.9
11749.954	86.91	-39.3
11946.886	87.01	-38.8
12147.119	87.29	-39.7
12350.708	87.45	-42.8
12557.708	87.37	-46.6
12768.179	86.98	-49.5
12982.177	86.43	-50.1
13199.761	86.31	-47.8
13420.992	86.73	-47.5
13645.931	87.05	-50.9
13874.641	87	-55.5
14107.183	86.6	-58.3
14343.623	86.28	-58.2
14584.025	86.42	-58.4
14828.457	86.72	-60.7
15076.986	86.85	-65
15329.68	86.53	-69.1
15586.609	86.18	-70.5
15847.844	86.13	-71.8
16113.458	86.16	-74.2
16383.524	86.11	-77.4
16658.115	85.94	-80.4
16937.31	85.72	-82.7
17221.183	85.71	-84.4
17509.814	85.78	-88.5
17803.283	85.6	-92.7
18101.67	85.41	-96.1
18405.059	85.39	-99.1
18713.532	85.44	-104
19027.176	85.36	-110.1
19346.076	84.89	-117
19670.321	84.22	-121.6
20000	83.83	-123.4
