100	55.47	-69
100.35067	55.39	-68.1
101.73064	55.08	-64.4
103.12959	54.82	-61.3
104.54778	54.83	-59.9
105.98547	54.93	-60.4
107.44293	54.93	-62.1
108.92043	54.89	-64.2
110.41825	54.81	-67.1
111.93667	54.61	-71
113.47596	54.2	-75.8
115.03643	53.51	-81.2
116.61835	52.36	-86
118.22203	50.62	-86
119.84776	48.42	-77
121.49585	47.18	-58.3
123.1666	47.55	-42
124.86033	49.01	-33.1
126.57735	50.56	-29.1
128.31798	51.99	-28.9
130.08254	53.16	-32.1
131.87137	54.12	-37.2
133.68481	54.89	-43.4
135.52317	55.49	-50.6
137.38682	55.92	-58.9
139.2761	56.04	-68.3
141.19135	55.89	-77.4
143.13295	55.61	-86
145.10124	55.19	-94.8
147.0966	54.45	-103.4
149.1194	53.36	-110
151.17002	52.05	-113.2
153.24884	50.9	-112.8
155.35624	50.28	-110.9
157.49262	50.21	-110.3
159.65838	50.49	-111.8
161.85393	50.79	-116.3
164.07966	50.78	-121.8
166.336	50.67	-126.5
168.62338	50.63	-130.6
170.9422	50.68	-135.1
173.29291	50.73	-139.3
175.67595	50.93	-143.5
178.09176	51.28	-148.4
180.54079	51.64	-154.4
183.0235	52.02	-161.8
185.54035	52.17	-170.4
188.09181	52.08	-97.7
190.67836	51.88	173.5
193.30047	51.47	164.7
195.95865	50.81	157.1
198.65337	49.95	151.6
201.38516	48.79	148.9
204.15451	47.46	149
206.96194	46.36	153
209.80798	45.68	160.8
212.69315	45.58	171
215.61801	46.32	9.4
218.58308	47.56	-177.9
221.58893	48.66	-178.2
224.63611	49.33	-162.9
227.72519	49.58	178.3
230.85676	49.59	176.8
234.03139	49.44	176.7
237.24967	49.28	178.9
240.51221	49.48	-175.9
243.81962	50.48	-167.5
247.17251	52.03	-161.9
250.5715	53.63	-161.3
254.01724	54.84	-164.5
257.51036	55.53	-169.5
261.05151	55.85	-173.6
264.64137	56.03	-176
268.28058	56.25	-176.8
271.96985	56.6	-176.9
275.70984	57.09	-177
279.50127	57.63	-178
283.34483	58.1	-179.9
287.24125	58.5	178.6
291.19125	58.87	177.1
295.19557	59.21	175.8
299.25496	59.49	174.6
303.37016	59.69	173.6
307.54196	59.88	173.2
311.77113	60.18	173.5
316.05845	60.67	174
320.40473	61.27	173.8
324.81078	61.86	172.1
329.27742	62.33	169
333.80548	62.58	165.5
338.39581	62.61	162.3
343.04926	62.55	159.8
347.76671	62.39	158.1
352.54902	62.13	157.4
357.3971	61.84	158.1
362.31185	61.69	160.3
367.29419	61.73	162.9
372.34504	61.87	165.2
377.46534	62.03	167.6
382.65606	62.27	170.6
387.91816	62.69	174.4
393.25262	63.39	176.4
398.66044	64.34	-179.2
404.14262	65.42	-178
409.70019	66.49	-179
415.33419	67.42	169.8
421.04566	68.15	174.1
426.83567	68.62	169
432.70531	68.84	164
438.65566	68.86	159.6
444.68783	68.78	156.2
450.80296	68.63	153.6
457.00218	68.44	151.8
463.28665	68.23	150.8
469.65754	68.02	150.4
476.11604	67.8	150.8
482.66336	67.64	152.2
489.30071	67.63	154.3
496.02933	67.79	156.4
502.85048	68.05	157.8
509.76543	68.28	158.5
516.77548	68.45	159.3
523.88192	68.64	160.7
531.08609	68.94	162.3
538.38932	69.34	163.6
545.79299	69.78	164.5
553.29847	70.23	165.1
560.90715	70.74	165.3
568.62047	71.3	164.8
576.43986	71.8	163.1
584.36678	72.12	160.3
592.40271	72.22	157.6
600.54914	72.16	155.5
608.80759	71.95	154.5
617.17962	71.66	155
625.66677	71.43	157.6
634.27063	71.49	162.1
642.99281	72	166.8
651.83493	72.86	170
660.79864	73.8	170.6
669.88562	74.6	169
679.09756	75.15	165.9
688.43618	75.45	162.7
697.90321	75.53	160
707.50044	75.5	158.6
717.22963	75.48	158.5
727.09262	75.56	159.3
737.09124	75.78	160.3
747.22736	76.08	161.2
757.50286	76.43	161.7
767.91967	76.8	162
778.47973	77.17	162.3
789.185	77.58	162.5
800.03748	78.03	162.5
811.0392	78.51	162.1
822.19222	79	161.1
833.4986	79.44	159.7
844.96046	79.81	157.6
856.57995	80.05	155.3
868.35921	80.12	153.2
880.30046	80.08	152.2
892.40592	80.03	152.8
904.67785	80.18	155.1
917.11854	80.69	157.5
929.7303	81.4	158.2
942.51549	82.06	157.3
955.4765	82.58	155.4
968.61575	82.98	153.2
981.93568	83.27	151.3
995.43877	83.53	149.9
1009.1276	83.82	148.6
1023.0046	84.09	147.3
1037.0724	84.32	146.3
1051.3338	84.55	145.7
1065.7912	84.85	145.6
1080.4474	85.27	145.7
1095.3052	85.81	145.5
1110.3673	86.43	144.2
1125.6365	87	141.7
1141.1157	87.37	138.3
1156.8078	87.54	135.3
1172.7156	87.65	133.4
1188.8422	87.85	132.4
1205.1906	88.13	131.4
1221.7638	88.46	130.3
1238.5649	88.84	129.3
1255.597	89.32	128
1272.8634	89.82	125.6
1290.3672	90.21	122.3
1308.1117	90.4	118.6
1326.1002	90.45	115.9
1344.3361	90.53	114.5
1362.8227	90.75	113.4
1381.5636	91.05	111.9
1400.5622	91.37	110
1419.822	91.67	107.8
1439.3467	91.95	105.5
1459.1399	92.21	103
1479.2053	92.46	100.5
1499.5466	92.69	98
1520.1676	92.93	95.5
1541.0722	93.21	92.5
1562.2643	93.39	88.8
1583.7478	93.42	85.6
1605.5267	93.45	83.2
1627.6051	93.59	80.8
1649.9871	93.73	77.8
1672.6769	93.8	74.7
1695.6788	93.84	71.7
1718.9969	93.85	68.6
1742.6357	93.78	65.6
1766.5996	93.68	63.2
1790.893	93.64	61.1
1815.5205	93.64	58.7
1840.4866	93.62	56.1
1865.7961	93.56	53.3
1891.4536	93.45	50.6
1917.4639	93.3	47.9
1943.832	93.09	45.4
1970.5626	92.83	43
1997.6608	92.51	41.1
2025.1317	92.13	40
2052.9803	91.78	39.8
2081.2118	91.52	40.3
2109.8316	91.42	40.9
2138.845	91.41	40.9
2168.2574	91.37	40.7
2198.0742	91.33	40.5
2228.301	91.3	40.4
2258.9435	91.28	40.4
2290.0074	91.3	40.9
2321.4985	91.44	41.5
2353.4226	91.72	41.6
2385.7857	92.06	40.9
2418.5938	92.37	39
2451.8531	92.57	36.6
2485.5698	92.7	33.9
2519.7502	92.78	31.3
2554.4005	92.82	28.3
2589.5274	92.77	25
2625.1373	92.61	21.9
2661.2369	92.39	19.1
2697.8329	92.11	16.5
2734.9322	91.75	14
2772.5416	91.3	12.1
2810.6683	90.78	11.2
2849.3192	90.24	11.2
2888.5016	89.73	12.1
2928.2229	89.31	14.1
2968.4904	89.05	16.8
3009.3116	89	19.6
3050.6942	89.12	22
3092.6458	89.38	23.6
3135.1744	89.68	24.2
3178.2877	89.94	24
3221.994	90.16	23.4
3266.3013	90.36	22.6
3311.2178	90.54	21.4
3356.7521	90.68	19.8
3402.9125	90.74	18
3449.7077	90.74	16.2
3497.1464	90.7	14.6
3545.2374	90.65	13.2
3593.9898	90.58	11.8
3643.4125	90.51	10.2
3693.515	90.39	8.5
3744.3064	90.19	6.9
3795.7962	89.93	5.9
3847.9941	89.67	5.2
3900.9099	89.4	4.9
3954.5533	89.14	5
4008.9343	88.9	5.4
4064.0632	88.7	6.4
4119.9502	88.6	7.6
4176.6058	88.59	8.7
4234.0404	88.62	9.5
4292.2649	88.7	9.8
4351.29	88.77	9.7
4411.1268	88.79	9.3
4471.7864	88.76	8.7
4533.2802	88.66	8.4
4595.6197	88.54	8.6
4658.8164	88.44	9.3
4722.8821	88.42	10.5
4787.8289	88.51	11.6
4853.6688	88.71	12.3
4920.414	88.97	12.4
4988.0772	89.21	11.5
5056.6707	89.37	10
5126.2076	89.43	8.2
5196.7007	89.39	6.6
5268.1632	89.28	5.2
5340.6084	89.12	4.3
5414.0498	88.96	4.1
5488.5011	88.85	4.2
5563.9763	88.81	4.3
5640.4894	88.81	4.2
5718.0546	88.82	3.8
5796.6865	88.81	3.1
5876.3997	88.74	2.2
5957.209	88.58	1.6
6039.1296	88.37	1.5
6122.1768	88.18	2.2
6206.366	88.11	3.7
6291.7129	88.19	5.2
6378.2334	88.45	6.1
6465.9437	88.78	5.8
6554.8602	89.04	3.9
6644.9994	89.12	1.2
6736.3782	89.01	-1.7
6829.0136	88.69	-4
6922.9228	88.25	-5
7018.1235	87.8	-4.7
7114.6332	87.46	-3.3
7212.4702	87.28	-1.4
7311.6525	87.25	0.5
7412.1988	87.33	1.9
7514.1277	87.47	2.8
7617.4583	87.61	2.9
7722.2098	87.73	2.5
7828.4019	87.75	1.5
7936.0542	87.68	0.4
8045.1869	87.49	-0.3
8155.8204	87.22	-0.3
8267.9752	86.96	1
8381.6724	86.89	3.2
8496.933	87.01	5.4
8613.7787	87.3	6.4
8732.2311	87.62	6.1
8852.3125	87.79	4.3
8974.0451	87.75	2.2
9097.4518	87.52	0.6
9222.5555	87.16	0.3
9349.3795	86.81	1.6
9477.9476	86.68	4.1
9608.2837	86.79	6.5
9740.4121	87.09	7.6
9874.3574	87.38	7.2
10010.145	87.47	5.6
10147.799	87.39	4.3
10287.347	87.19	4.2
10428.813	87.07	5.3
10572.225	87.13	6.8
10717.609	87.4	7.1
10864.993	87.66	6
11014.403	87.7	3.6
11165.867	87.46	1.3
11319.415	87	0.8
11475.074	86.58	2.4
11632.874	86.5	5.1
11792.843	86.67	6.6
11955.013	86.81	6.5
12119.412	86.78	5.7
12286.072	86.61	5.7
12455.024	86.48	6.6
12626.3	86.46	7.8
12799.93	86.53	8.7
12975.949	86.67	9.1
13154.387	86.79	8.5
13335.28	86.75	7.3
13518.66	86.5	6.9
13704.562	86.28	8.1
13893.021	86.31	10
14084.071	86.55	10.3
14277.748	86.69	8.9
14474.089	86.55	7.3
14673.129	86.22	7.3
14874.907	86.08	8.9
15079.459	86.22	10.1
15286.825	86.37	9.1
15497.041	86.27	6.9
15710.149	85.83	6.1
15926.187	85.43	7.3
16145.197	85.36	8.8
16367.217	85.36	8.7
16592.291	85.08	8.2
16820.46	84.63	9.8
17051.767	84.61	13.7
17286.255	85.03	15.8
17523.967	85.45	15.2
17764.948	85.55	13.1
18009.242	85.53	12.1
18256.897	85.6	11.5
18507.957	85.71	9.6
18762.469	85.55	6.6
19020.481	84.98	6.3
19282.041	84.74	9.2
19547.199	85.08	10.9
19816.002	85.29	9.4
20088.502	85.24	9.9
20364.749	85.82	14.7
20644.795	87.13	13.3
20928.692	87.58	3.8
21216.493	87.07	-3.5
21508.252	86.62	-6.7
21804.023	86.5	-11.1
22103.861	86.11	-16.7
22407.823	85.47	-19.7
22715.964	85.13	-22.2
23028.343	84.77	-27.1
23345.017	84.01	-31
23666.047	83.3	-33.1
23991.491	82.73	-36.7
24321.41	81.75	-40.3
24655.866	80.63	-40.7
24994.921	79.78	-41.7
25338.639	78.73	-43.4
25687.084	77.5	-42.8
26040.32	76.55	-42.4
26398.413	75.49	-43.1
26761.431	74.22	-41.4
27129.442	73.09	-37.8
27502.512	71.98	-33.4
27880.713	71.19	-27.9
28264.115	70.79	-25.7
28652.789	69.97	-24.6
29046.809	69.04	-21.5
29446.246	68.2	-21.1
29851.176	67.14	-24.3
30261.675	66.61	-35.1
30677.819	67.61	-76.8
31099.685	70.65	53.5
31527.353	72.95	102.1
31960.901	72.58	36.6
32400.412	70.72	8.4
32845.966	68.78	-4.1
33297.648	66.81	-9.5
33755.541	65.03	-10.1
34219.731	63.43	-8.2
34690.303	61.98	-5.7
35167.348	60.84	-4.8
35650.952	60.25	-4.3
36141.206	60.05	-6.8
36638.202	58.75	-6
37142.033	57.11	15.4
37652.792	57.36	21.8
38170.574	58.47	5.4
38695.477	59.27	-19.8
39227.599	60.45	-44.4
39767.037	61.39	-58.7
40000	61.56	-61.3
