5.0000	63.6200	-169.0000
5.0838	63.4900	-169.0000
5.1690	63.3200	-168.9000
5.2556	63.1300	-168.9000
5.3437	62.9400	-168.9000
5.4333	62.7400	-168.8000
5.5244	62.5500	-168.8000
5.6169	62.3400	-168.8000
5.7111	62.1300	-168.8000
5.8068	61.9100	-168.7000
5.9041	61.6500	-168.7000
6.0031	61.3500	-168.7000
6.1037	61.0300	-168.6000
6.2060	60.7100	-168.6000
6.3100	60.4000	-168.5000
6.4158	60.1000	-168.5000
6.5233	59.8100	-168.5000
6.6326	59.5400	-168.4000
6.7438	59.2900	-168.4000
6.8568	59.0700	-168.4000
6.9717	58.8900	-168.3000
7.0886	58.7600	-168.3000
7.2074	58.6700	-168.2000
7.3282	58.6500	-168.2000
7.4510	58.6800	-168.2000
7.5759	58.7800	-168.1000
7.7029	58.9300	-168.1000
7.8320	59.1300	-168.1000
7.9632	59.3700	-168.0000
8.0967	59.6600	-168.0000
8.2324	59.9600	-168.0000
8.3704	60.2900	-167.9000
8.5107	60.6200	-167.8000
8.6533	60.9600	-167.6000
8.7983	61.3000	-166.9000
8.9458	61.6900	-165.0000
9.0957	62.1300	-161.3000
9.2482	62.6200	-156.1000
9.4032	63.1300	-149.7000
9.5608	63.6300	-142.7000
9.7210	64.1000	-135.8000
9.8840	64.4800	-129.9000
10.0496	64.7500	-125.7000
10.2180	64.8800	-125.1000
10.3893	64.8800	-130.3000
10.5634	64.7500	-143.3000
10.7405	64.5100	-163.3000
10.9205	64.1800	172.0000
11.1035	63.7700	145.9000
11.2896	63.2800	121.8000
11.4788	62.7200	103.3000
11.6712	62.0300	92.9000
11.8668	61.0800	90.2000
12.0657	59.7000	92.3000
12.2680	57.8800	97.1000
12.4736	55.7800	103.7000
12.6826	53.6600	111.7000
12.8952	51.9200	120.6000
13.1113	51.2900	130.5000
13.3311	52.6800	142.6000
13.5545	55.9100	157.9000
13.7817	59.8300	175.8000
14.0127	63.6100	-166.1000
14.2475	66.6700	-150.6000
14.4863	68.5800	-140.6000
14.7291	69.3300	-138.0000
14.9760	69.2000	-142.7000
15.2270	68.5700	-153.0000
15.4822	67.6700	-167.6000
15.7417	66.6800	175.3000
16.0055	65.7600	156.7000
16.2737	64.9900	136.5000
16.5465	64.3400	113.6000
16.8238	63.7600	88.3000
17.1058	63.2300	62.3000
17.3925	62.7400	37.8000
17.6840	62.2800	16.1000
17.9804	61.8400	-2.9000
18.2817	61.4200	-20.3000
18.5881	61.1200	-37.4000
18.8997	61.0900	-55.2000
19.2164	61.6400	-74.6000
19.5385	62.9200	-95.5000
19.8660	64.4800	-117.1000
20.1989	65.7400	-138.2000
20.5375	66.4300	-157.7000
20.8817	66.6600	-175.6000
21.2317	66.7000	167.8000
21.5875	66.7100	152.0000
21.9493	66.7200	136.3000
22.3172	66.7700	120.7000
22.6913	66.8400	105.2000
23.0716	66.8900	90.5000
23.4583	66.7500	77.2000
23.8514	66.2400	65.4000
24.2512	65.2700	54.1000
24.6576	63.9300	41.2000
25.0709	62.3000	23.5000
25.4911	60.4000	0.8000
25.9183	58.4500	-21.0000
26.3527	57.1900	-33.2000
26.7944	56.9600	-33.9000
27.2435	57.2600	-29.1000
27.7001	57.4200	-28.4000
28.1644	56.9900	-40.9000
28.6364	55.9000	-68.9000
29.1164	54.5500	-103.7000
29.6044	53.4700	-136.7000
30.1005	52.7400	-164.3000
30.6050	51.9300	176.7000
31.1180	50.6600	167.6000
31.6395	49.0000	163.6000
32.1698	48.3500	159.1000
32.7090	50.1700	150.5000
33.2572	52.4700	136.8000
33.8146	53.5900	119.1000
34.3813	53.3600	99.0000
34.9576	52.1700	80.1000
35.5435	50.3200	65.4000
36.1392	47.7400	53.3000
36.7449	44.2400	39.5000
37.3607	39.8200	25.1000
37.9869	37.5600	25.6000
38.6236	42.0200	56.7000
39.2709	46.9500	98.6000
39.9291	50.3400	114.5000
40.5983	52.1100	102.1000
41.2788	52.3400	82.8000
41.9706	51.6100	65.6000
42.6741	51.8800	47.0000
43.3893	53.7700	22.3000
44.1165	55.5000	-12.1000
44.8559	56.4500	-55.7000
45.6077	56.8000	-100.7000
46.3721	56.8900	-139.5000
47.1493	57.0500	-169.9000
47.9395	57.2900	167.6000
48.7430	57.2500	151.6000
49.5600	57.0600	139.2000
50.3906	57.2800	127.9000
51.2351	57.6800	117.1000
52.0939	57.6900	107.3000
52.9670	57.2800	98.1000
53.8547	56.8200	92.2000
54.7573	56.9300	94.2000
55.6751	58.4000	99.6000
56.6082	61.0400	99.0000
57.5570	63.4900	88.1000
58.5216	64.8600	67.7000
59.5025	64.9700	43.5000
60.4997	64.0000	21.8000
61.5137	62.2100	5.7000
62.5447	60.0200	-3.1000
63.5930	57.6700	-5.1000
64.6588	55.8800	-4.4000
65.7425	55.6000	-6.1000
66.8444	55.1500	-9.4000
67.9647	53.6700	-9.4000
69.1038	52.7000	-2.6000
70.2620	53.6400	4.6000
71.4396	54.6100	0.8000
72.6370	54.5000	-11.6000
73.8544	53.2800	-21.4000
75.0922	51.2600	-21.3000
76.3508	49.9900	-11.6000
77.6304	50.5900	-3.6000
78.9315	51.2000	-5.6000
80.2544	51.0500	-11.6000
81.5995	50.3100	-15.0000
82.9672	49.3200	-14.3000
84.3577	48.5200	-10.8000
85.7716	47.8700	-6.3000
87.2091	47.4700	1.1000
88.6707	48.0000	10.8000
90.1569	49.4100	16.4000
91.6680	50.5600	14.6000
93.2043	50.8700	9.5000
94.7665	50.6900	7.3000
96.3548	50.6500	8.3000
97.9697	50.8900	9.8000
99.6117	51.2900	11.3000
101.2812	51.9500	11.8000
102.9787	52.6100	9.0000
104.7047	52.8600	4.3000
106.4595	52.7200	0.5000
108.2438	52.4800	-2.1000
110.0580	52.1600	-4.2000
111.9026	51.6200	-5.6000
113.7781	50.7300	-5.8000
115.6851	49.7300	-0.2000
117.6240	49.9500	10.8000
119.5954	50.9200	16.6000
121.5998	51.2600	18.1000
123.6379	51.4000	22.9000
125.7101	52.1600	29.4000
127.8170	53.4000	33.9000
129.9592	54.6700	35.2000
132.1374	55.7900	34.5000
134.3520	56.8200	32.5000
136.6038	57.6700	29.4000
138.8933	58.3200	25.7000
141.2212	58.8200	21.8000
143.5881	59.1500	18.0000
145.9947	59.3100	14.7000
148.4416	59.3500	12.6000
150.9295	59.4000	11.9000
153.4591	59.6000	12.1000
156.0312	59.9500	12.6000
158.6463	60.4400	12.9000
161.3052	61.0400	12.7000
164.0087	61.6900	11.6000
166.7576	62.3600	9.6000
169.5525	62.9600	6.6000
172.3942	63.4500	2.8000
175.2836	63.7900	-1.2000
178.2214	64.0400	-5.2000
181.2084	64.2000	-9.4000
184.2455	64.2100	-13.4000
187.3335	64.1400	-16.9000
190.4733	64.0000	-20.1000
193.6656	63.7800	-22.9000
196.9115	63.4500	-25.3000
200.2118	63.0100	-26.7000
203.5674	62.4900	-26.6000
206.9792	62.0100	-24.7000
210.4483	61.7300	-21.1000
213.9754	61.8000	-17.0000
217.5617	62.1700	-13.8000
221.2081	62.6500	-12.2000
224.9156	63.0300	-12.1000
228.6852	63.2300	-12.3000
232.5181	63.2900	-11.7000
236.4151	63.3600	-9.7000
240.3775	63.6600	-6.8000
244.4063	64.2200	-4.2000
248.5026	64.9000	-3.0000
252.6676	65.5600	-3.1000
256.9023	66.0700	-4.2000
261.2081	66.4300	-5.4000
265.5860	66.7300	-5.7000
270.0373	67.1400	-5.3000
274.5632	67.7200	-5.2000
279.1649	68.3400	-6.5000
283.8438	68.8200	-9.4000
288.6011	69.0100	-12.8000
293.4381	68.9000	-15.2000
298.3562	68.6600	-15.4000
303.3567	68.5400	-13.0000
308.4410	68.8200	-9.3000
313.6106	69.5300	-6.1000
318.8668	70.4500	-5.0000
324.2111	71.3500	-6.2000
329.6449	72.0700	-9.2000
335.1698	72.5500	-13.0000
340.7874	72.8100	-16.8000
346.4991	72.9100	-19.9000
352.3065	72.9200	-22.3000
358.2112	72.8700	-23.8000
364.2149	72.8200	-24.2000
370.3193	72.8400	-23.9000
376.5259	72.9800	-23.2000
382.8366	73.1800	-22.8000
389.2530	73.3700	-22.3000
395.7770	73.5700	-21.2000
402.4103	73.9100	-19.4000
409.1548	74.5100	-17.5000
416.0123	75.3200	-16.9000
422.9848	76.1500	-18.3000
430.0741	76.8200	-21.6000
437.2823	77.1900	-25.9000
444.6112	77.2900	-29.6000
452.0630	77.2700	-31.8000
459.6397	77.3000	-32.9000
467.3434	77.4300	-33.7000
475.1762	77.5700	-34.7000
483.1402	77.6500	-35.7000
491.2378	77.7000	-36.1000
499.4710	77.7600	-36.0000
507.8423	77.8500	-35.3000
516.3539	78.0500	-34.0000
525.0081	78.4300	-32.3000
533.8074	79.0200	-31.3000
542.7541	79.6200	-31.9000
551.8508	80.0900	-33.5000
561.0999	80.4100	-35.1000
570.5041	80.6700	-36.0000
580.0659	80.9800	-36.1000
589.7879	81.4400	-36.1000
599.6729	82.0000	-36.8000
609.7236	82.5300	-38.5000
619.9427	82.9500	-40.6000
630.3331	83.3500	-42.2000
640.8976	83.8500	-43.8000
651.6392	84.4200	-46.4000
662.5609	84.9100	-50.5000
673.6656	85.1500	-55.7000
684.9564	85.0500	-60.7000
696.4364	84.6600	-63.8000
708.1088	84.2400	-64.1000
719.9769	84.1100	-62.3000
732.0439	84.3800	-60.5000
744.3131	84.8300	-60.0000
756.7880	85.3100	-60.6000
769.4720	85.7900	-62.2000
782.3685	86.1600	-64.9000
795.4812	86.3500	-67.7000
808.8137	86.4400	-69.8000
822.3696	86.5500	-71.3000
836.1527	86.6900	-72.7000
850.1668	86.8000	-73.9000
864.4158	86.9600	-74.5000
878.9036	87.2700	-74.7000
893.6343	87.7300	-75.7000
908.6118	88.2100	-78.1000
923.8404	88.5600	-81.6000
939.3242	88.7600	-85.6000
955.0675	88.8100	-89.6000
971.0746	88.6800	-93.3000
987.3501	88.3900	-95.9000
1003.8983	88.0700	-96.7000
1020.7239	87.9200	-96.3000
1037.8315	87.9900	-95.6000
1055.2258	88.1900	-95.4000
1072.9116	88.4900	-95.5000
1090.8939	88.9300	-96.3000
1109.1775	89.4100	-98.8000
1127.7676	89.6800	-103.0000
1146.6693	89.6600	-107.2000
1165.8877	89.4700	-110.3000
1185.4283	89.3100	-112.1000
1205.2964	89.2300	-113.9000
1225.4974	89.1200	-116.0000
1246.0371	88.9000	-117.7000
1266.9209	88.6300	-118.5000
1288.1549	88.4500	-118.0000
1309.7446	88.4900	-117.4000
1331.6963	88.6600	-117.5000
1354.0158	88.8400	-118.6000
1376.7095	88.9900	-120.3000
1399.7835	89.0100	-122.7000
1423.2442	88.8800	-124.6000
1447.0981	88.7400	-125.8000
1471.3518	88.6300	-126.9000
1496.0120	88.4600	-127.9000
1521.0856	88.2600	-128.1000
1546.5793	88.1100	-127.6000
1572.5004	88.0900	-126.7000
1598.8559	88.2300	-126.0000
1625.6531	88.5000	-125.9000
1652.8994	88.8200	-127.3000
1680.6024	88.9800	-130.2000
1708.7697	88.8700	-133.5000
1737.4091	88.5000	-135.9000
1766.5285	88.0000	-136.2000
1796.1360	87.6300	-134.5000
1826.2397	87.5400	-132.1000
1856.8479	87.7200	-130.4000
1887.9691	88.0100	-129.9000
1919.6120	88.2800	-130.7000
1951.7851	88.4400	-132.5000
1984.4975	88.4200	-134.8000
2017.7582	88.1900	-136.9000
2051.5763	87.7500	-137.8000
2085.9612	87.1800	-136.0000
2120.9224	86.9600	-131.4000
2156.4696	87.3700	-127.1000
2192.6126	88.0100	-126.3000
2229.3613	88.3800	-128.3000
2266.7259	88.3200	-130.4000
2304.7168	88.0300	-130.3000
2343.3444	87.8700	-127.6000
2382.6195	88.1100	-123.9000
2422.5528	88.7100	-121.0000
2463.1553	89.5000	-120.0000
2504.4384	90.3100	-121.2000
2546.4134	90.9300	-124.6000
2589.0919	91.2200	-129.2000
2632.4858	91.1700	-132.9000
2676.6069	91.0000	-134.5000
2721.4674	91.0700	-134.5000
2767.0799	91.4300	-135.3000
2813.4568	91.7400	-138.5000
2860.6111	91.7000	-142.5000
2908.5556	91.3900	-144.9000
2957.3037	91.1600	-145.4000
3006.8689	91.1200	-145.6000
3057.2647	91.1200	-146.5000
3108.5052	91.0500	-147.6000
3160.6045	90.9700	-148.1000
3213.5770	90.9800	-148.4000
3267.4374	90.9900	-149.5000
3322.2004	90.8000	-150.2000
3377.8813	90.6500	-148.7000
3434.4954	90.9700	-146.7000
3492.0584	91.4800	-147.4000
3550.5862	91.6900	-150.3000
3610.0949	91.6500	-151.8000
3670.6009	91.8100	-152.2000
3732.1211	92.1500	-154.0000
3794.6724	92.3200	-157.5000
3858.2720	92.2400	-161.2000
3922.9376	91.9500	-164.0000
3988.6870	91.6400	-165.3000
4055.5384	91.4400	-166.3000
4123.5102	91.2100	-167.4000
4192.6212	90.9400	-168.1000
4262.8906	90.5800	-168.1000
4334.3377	90.2700	-166.0000
4406.9822	90.4100	-163.5000
4480.8443	90.7500	-163.4000
4555.9444	90.8600	-164.6000
4632.3031	90.9100	-164.9000
4709.9417	91.0900	-165.5000
4788.8814	91.2200	-167.4000
4869.1443	91.1400	-169.4000
4950.7523	90.9700	-170.2000
5033.7281	90.9600	-170.2000
5118.0947	91.0900	-171.3000
5203.8752	90.9900	-173.1000
5291.0934	90.7900	-173.4000
5379.7734	90.7600	-173.8000
5469.9397	90.6000	-174.8000
5561.6173	90.3200	-173.6000
5654.8313	90.4700	-170.8000
5749.6077	90.9100	-170.0000
5845.9725	91.3400	-170.8000
5943.9525	91.8700	-172.5000
6043.5746	92.2100	-176.8000
6144.8664	92.1500	178.7000
6247.8558	91.9900	175.7000
6352.5714	91.8100	172.3000
6459.0421	91.4300	169.5000
6567.2972	90.9800	168.3000
6677.3667	90.5600	167.7000
6789.2810	90.1800	168.4000
6903.0710	90.0600	170.3000
7018.7682	90.0900	171.1000
7136.4045	90.1700	171.3000
7256.0123	90.4400	171.4000
7377.6249	90.6500	169.9000
7501.2757	90.6800	167.9000
7626.9989	90.6200	165.9000
7754.8293	90.4600	165.1000
7884.8021	90.4200	165.1000
8016.9533	90.6300	165.1000
8151.3194	90.9100	164.9000
8287.9375	91.1900	162.2000
8426.8454	91.4100	157.8000
8568.0814	91.3400	153.1000
8711.6845	90.9100	148.9000
8857.6945	90.3900	146.3000
9006.1516	89.9500	145.8000
9157.0969	89.6800	147.2000
9310.5721	89.7300	148.2000
9466.6196	90.0000	146.7000
9625.2825	90.1300	142.8000
9786.6046	89.9200	138.8000
9950.6305	89.4900	136.5000
10117.4050	89.0500	135.8000
10286.9760	88.8700	135.7000
10459.3880	88.8300	134.9000
10634.6900	88.7900	132.7000
10812.9300	88.7000	130.6000
10994.1570	88.4800	128.1000
11178.4220	88.2600	124.8000
11365.7750	87.8800	122.2000
11556.2680	87.4400	121.5000
11749.9540	87.3400	121.7000
11946.8860	87.5600	119.5000
12147.1190	87.5300	114.6000
12350.7080	86.9200	109.6000
12557.7080	86.1500	108.2000
12768.1790	85.6800	109.8000
12982.1770	85.5600	108.7000
13199.7610	85.6100	104.1000
13420.9920	85.1700	99.8000
13645.9310	84.0600	98.1000
13874.6410	83.2400	99.2000
14107.1830	83.3500	100.4000
14343.6230	83.4400	97.4000
14584.0250	82.8900	92.2000
14828.4570	81.9800	91.1000
15076.9860	81.3600	93.8000
15329.6800	81.1000	93.8000
15586.6090	80.7500	90.0000
15847.8440	80.2200	87.0000
16113.4580	79.7300	87.1000
16383.5240	79.3400	88.5000
16658.1150	78.8400	88.1000
16937.3100	78.0700	85.0000
17221.1830	77.1300	82.2000
17509.8140	76.6000	80.8000
17803.2830	76.4200	78.1000
18101.6700	75.9900	74.0000
18405.0590	75.1300	71.6000
18713.5320	74.0100	73.0000
19027.1760	73.2100	76.4000
19346.0760	72.7800	78.6000
19670.3210	72.3000	80.0000
20000.0000	72.0200	80.8000