5.00000	-178.102	-140.221
5.07273	-177.702	-140.232
5.14651	-177.186	-140.246
5.22137	-176.507	-140.264
5.29732	-175.763	-140.285
5.37437	-174.951	-140.306
5.45254	-174.139	-140.329
5.53185	-173.327	-140.351
5.61231	-172.516	-140.374
5.69394	-171.704	-140.398
5.77676	-170.892	-140.421
5.86079	-170.080	-140.445
5.94604	-169.269	-140.470
6.03252	-168.457	-140.494
6.12027	-167.645	-140.519
6.20929	-166.833	-140.545
6.29961	-166.022	-140.571
6.39124	-165.210	-140.597
6.48420	-164.398	-140.624
6.57851	-163.586	-140.650
6.67420	-162.775	-140.678
6.77128	-161.963	-140.705
6.86977	-161.151	-140.733
6.96969	-160.340	-140.761
7.07107	-159.528	-140.790
7.17392	-158.716	-140.819
7.27827	-157.904	-140.849
7.38413	-157.093	-140.879
7.49154	-156.281	-140.910
7.60050	-155.469	-140.941
7.71105	-154.657	-140.972
7.82321	-153.846	-141.004
7.93701	-153.034	-141.037
8.05245	-152.222	-141.069
8.16958	-151.410	-141.103
8.28841	-150.599	-141.136
8.40896	-149.787	-141.171
8.53128	-148.975	-141.205
8.65537	-148.164	-141.241
8.78126	-147.352	-141.277
8.90899	-146.540	-141.313
9.03857	-145.728	-141.350
9.17004	-144.917	-141.387
9.30342	-144.105	-141.425
9.43874	-143.293	-141.463
9.57603	-142.481	-141.502
9.71532	-141.670	-141.542
9.85663	-140.858	-141.582
10.0000	-140.046	-141.623
10.1455	-139.234	-141.664
10.2930	-138.423	-141.706
10.4427	-137.611	-141.748
10.5946	-136.799	-141.792
10.7487	-135.987	-141.835
10.9051	-135.176	-141.879
11.0637	-134.364	-141.924
11.2246	-133.552	-141.970
11.3879	-132.741	-142.016
11.5535	-131.929	-142.063
11.7216	-131.117	-142.111
11.8921	-130.305	-142.160
12.0650	-129.494	-142.209
12.2405	-128.682	-142.258
12.4186	-127.870	-142.309
12.5992	-127.058	-142.360
12.7825	-126.247	-142.412
12.9684	-125.435	-142.465
13.1570	-124.623	-142.519
13.3484	-123.811	-142.573
13.5426	-123.000	-142.629
13.7395	-122.188	-142.685
13.9394	-121.376	-142.743
14.1421	-120.564	-142.801
14.3478	-119.753	-142.860
14.5565	-118.941	-142.920
14.7683	-118.129	-142.981
14.9831	-117.318	-143.043
15.2010	-116.506	-143.106
15.4221	-115.694	-143.170
15.6464	-114.882	-143.234
15.8740	-114.071	-143.300
16.1049	-113.259	-143.366
16.3392	-112.447	-143.433
16.5768	-111.635	-143.502
16.8179	-110.824	-143.571
17.0626	-110.012	-143.642
17.3107	-109.200	-143.713
17.5625	-108.388	-143.785
17.8180	-107.577	-143.859
18.0771	-106.765	-143.934
18.3401	-105.953	-144.009
18.6068	-105.142	-144.086
18.8775	-104.330	-144.164
19.1521	-103.518	-144.243
19.4306	-102.706	-144.323
19.7133	-101.895	-144.405
20.0000	-101.083	-144.487
20.2909	-100.271	-144.571
20.5860	-99.459	-144.656
20.8855	-98.648	-144.742
21.1893	-97.836	-144.829
21.4975	-97.024	-144.918
21.8102	-96.212	-145.008
22.1274	-95.401	-145.099
22.4492	-94.589	-145.192
22.7758	-93.777	-145.286
23.1071	-92.965	-145.381
23.4432	-92.154	-145.478
23.7841	-91.342	-145.576
24.1301	-90.530	-145.675
24.4811	-89.719	-145.776
24.8372	-88.907	-145.879
25.1984	-88.095	-145.983
25.5649	-87.283	-146.088
25.9368	-86.472	-146.195
26.3141	-85.660	-146.304
26.6968	-84.848	-146.414
27.0851	-84.036	-146.526
27.4791	-83.225	-146.639
27.8788	-82.413	-146.754
28.2843	-81.601	-146.870
28.6957	-80.789	-146.989
29.1131	-79.978	-147.109
29.5365	-79.166	-147.231
29.9661	-78.354	-147.354
30.4020	-77.543	-147.480
30.8442	-76.731	-147.607
31.2929	-75.919	-147.736
31.7480	-75.107	-147.867
32.2098	-74.296	-148.000
32.6783	-73.484	-148.134
33.1536	-72.672	-148.271
33.6359	-71.860	-148.410
34.1251	-71.049	-148.551
34.6215	-70.237	-148.693
35.1250	-69.425	-148.838
35.6359	-68.613	-148.985
36.1543	-67.802	-149.134
36.6802	-66.990	-149.286
37.2137	-66.178	-149.439
37.7550	-65.366	-149.595
38.3041	-64.555	-149.753
38.8613	-63.743	-149.913
39.4265	-62.931	-150.076
40.0000	-62.120	-150.241
40.5818	-61.308	-150.408
41.1721	-60.496	-150.578
41.7710	-59.684	-150.750
42.3785	-58.873	-150.925
42.9949	-58.061	-151.102
43.6203	-57.249	-151.282
44.2548	-56.437	-151.465
44.8985	-55.626	-151.650
45.5515	-54.814	-151.838
46.2141	-54.002	-152.028
46.8863	-53.190	-152.222
47.5683	-52.379	-152.418
48.2602	-51.567	-152.617
48.9621	-50.755	-152.819
49.6743	-49.944	-153.024
50.3968	-49.132	-153.232
51.1299	-48.320	-153.443
51.8736	-47.508	-153.657
52.6281	-46.697	-153.874
53.3936	-45.885	-154.094
54.1702	-45.073	-154.318
54.9581	-44.261	-154.545
55.7575	-43.450	-154.775
56.5685	-42.638	-155.008
57.3914	-41.826	-155.245
58.2261	-41.014	-155.485
59.0730	-40.203	-155.729
59.9323	-39.391	-155.976
60.8040	-38.579	-156.227
61.6884	-37.767	-156.482
62.5857	-36.956	-156.740
63.4960	-36.144	-157.002
64.4196	-35.332	-157.268
65.3566	-34.521	-157.538
66.3073	-33.709	-157.812
67.2717	-32.897	-158.090
68.2502	-32.085	-158.371
69.2429	-31.274	-158.657
70.2501	-30.462	-158.947
71.2719	-29.650	-159.242
72.3086	-28.838	-159.540
73.3603	-28.027	-159.843
74.4274	-27.215	-160.151
75.5099	-26.403	-160.463
76.6083	-25.591	-160.779
77.7226	-24.780	-161.100
78.8531	-23.968	-161.426
80.0000	-23.156	-161.756
81.1636	-22.345	-162.092
82.3442	-21.533	-162.432
83.5419	-20.721	-162.777
84.7570	-19.909	-163.128
85.9899	-19.098	-163.483
87.2406	-18.286	-163.844
88.5096	-17.474	-164.210
89.7970	-16.662	-164.581
91.1031	-15.851	-164.958
92.4282	-15.039	-165.340
93.7726	-14.227	-165.728
95.1366	-13.415	-166.122
96.5204	-12.604	-166.521
97.9243	-11.792	-166.926
99.3486	-10.980	-167.337
100.794	-10.168	-167.754
102.260	-9.357	-168.178
103.747	-8.545	-168.607
105.256	-7.733	-169.043
106.787	-6.922	-169.485
108.340	-6.110	-169.934
109.916	-5.298	-170.389
111.515	-4.486	-170.851
113.137	-3.675	-171.320
114.783	-2.863	-171.796
116.452	-2.051	-172.278
118.146	-1.239	-172.768
119.865	-0.428	-173.265
121.608	0.384	-173.770
123.377	1.196	-174.281
125.171	2.008	-174.801
126.992	2.819	-175.327
128.839	3.631	-175.862
130.713	4.443	-176.405
132.615	5.255	-176.956
134.543	6.066	-177.514
136.500	6.878	-178.082
138.486	7.690	-178.657
140.500	8.501	-179.241
142.544	9.313	-179.834
144.617	10.125	179.565
146.721	10.937	178.955
148.855	11.748	178.335
151.020	12.560	177.707
153.217	13.372	177.069
155.445	14.184	176.421
157.706	14.995	175.764
160.000	15.807	175.098
162.327	16.619	174.421
164.688	17.431	173.734
167.084	18.242	173.037
169.514	19.054	172.330
171.980	19.866	171.612
174.481	20.677	170.883
177.019	21.489	170.143
179.594	22.301	169.392
182.206	23.113	168.630
184.856	23.924	167.857
187.545	24.736	167.072
190.273	25.548	166.275
193.041	26.360	165.466
195.849	27.171	164.645
198.697	27.983	163.812
201.587	28.795	162.966
204.520	29.607	162.107
207.494	30.418	161.236
210.512	31.230	160.351
213.574	32.042	159.452
216.681	32.854	158.540
219.833	33.665	157.615
223.030	34.477	156.675
226.274	35.289	155.721
229.565	36.100	154.752
232.905	36.912	153.768
236.292	37.724	152.770
239.729	38.536	151.756
243.216	39.347	150.726
246.754	40.159	149.681
250.343	40.971	148.619
253.984	41.783	147.541
257.678	42.594	146.447
261.426	43.406	145.336
265.229	44.218	144.207
269.087	45.030	143.061
273.001	45.841	141.897
276.972	46.653	140.714
281.000	47.465	139.514
285.088	48.276	138.294
289.234	49.088	137.055
293.441	49.900	135.797
297.709	50.712	134.519
302.040	51.523	133.221
306.433	52.335	131.902
310.890	53.147	130.562
315.412	53.959	129.201
320.000	54.770	127.818
324.655	55.582	126.412
329.377	56.394	124.984
334.168	57.206	123.533
339.028	58.017	122.059
343.959	58.829	120.561
348.962	59.641	119.038
354.038	60.453	117.490
359.188	61.264	115.917
364.412	62.076	114.318
369.713	62.888	112.693
375.090	63.699	111.040
380.546	64.511	109.361
386.081	65.323	107.653
391.697	66.135	105.916
397.394	66.946	104.150
403.175	67.758	102.355
409.039	68.570	100.529
414.989	69.382	98.672
421.025	70.193	96.784
427.149	71.005	94.863
433.362	71.817	92.909
439.665	72.629	90.922
446.060	73.440	88.900
452.548	74.252	86.844
459.131	75.064	84.753
465.809	75.875	82.626
472.584	76.687	80.464
479.458	77.499	78.265
486.432	78.311	76.030
493.507	79.122	73.764
500.686	79.934	71.472
507.968	80.743	69.187
515.357	81.552	66.924
522.853	82.361	64.692
530.458	83.180	62.465
538.174	84.018	60.154
546.002	84.866	57.744
553.943	85.730	55.188
562.001	86.606	52.482
570.175	87.486	49.624
578.469	88.375	46.626
586.883	89.268	43.442
595.419	90.156	40.078
604.080	91.040	36.532
612.866	91.911	32.804
621.780	92.766	28.917
630.824	93.611	24.895
640.000	94.442	20.685
649.309	95.254	16.321
658.753	96.044	11.798
668.335	96.802	7.149
678.056	97.526	2.414
687.919	98.216	-2.350
697.925	98.876	-7.137
708.077	99.511	-11.898
718.376	100.122	-16.608
728.825	100.731	-21.284
739.426	101.342	-25.982
750.181	101.948	-30.737
761.093	102.553	-35.581
772.163	103.145	-40.555
783.394	103.706	-45.622
794.789	104.246	-50.759
806.349	104.757	-55.986
818.078	105.235	-61.247
829.977	105.686	-66.517
842.050	106.105	-71.812
854.298	106.488	-77.080
866.724	106.848	-82.282
879.330	107.181	-87.426
892.120	107.492	-92.467
905.097	107.799	-97.397
918.262	108.099	-102.259
931.618	108.402	-107.104
945.169	108.708	-111.963
958.917	109.000	-116.899
972.864	109.272	-121.926
987.015	109.507	-127.019
1001.37	109.699	-132.128
1015.94	109.854	-137.159
1030.71	109.977	-142.069
1045.71	110.072	-146.840
1060.92	110.147	-151.442
1076.35	110.207	-155.904
1092.00	110.247	-160.246
1107.89	110.274	-164.444
1124.00	110.289	-168.502
1140.35	110.295	-172.419
1156.94	110.297	-176.180
1173.77	110.297	-179.810
1190.84	110.297	176.683
1208.16	110.297	173.280
1225.73	110.297	169.965
1243.56	110.295	166.736
1261.65	110.289	163.586
1280.00	110.276	160.545
1298.62	110.257	157.632
1317.51	110.238	154.839
1336.67	110.219	152.180
1356.11	110.208	149.645
1375.84	110.208	147.206
1395.85	110.221	144.848
1416.15	110.244	142.548
1436.75	110.276	140.307
1457.65	110.319	138.110
1478.85	110.371	135.926
1500.36	110.432	133.771
1522.19	110.501	131.635
1544.33	110.574	129.495
1566.79	110.651	127.370
1589.58	110.732	125.239
1612.70	110.818	123.096
1636.16	110.910	120.947
1659.95	111.010	118.788
1684.10	111.114	116.622
1708.60	111.220	114.451
1733.45	111.328	112.280
1758.66	111.441	110.095
1784.24	111.558	107.889
1810.19	111.679	105.664
1836.52	111.804	103.402
1863.24	111.927	101.109
1890.34	112.049	98.780
1917.83	112.170	96.400
1945.73	112.291	93.976
1974.03	112.415	91.502
2002.74	112.536	88.979
2031.87	112.654	86.422
2061.43	112.765	83.821
2091.41	112.865	81.175
2121.83	112.957	78.493
2152.69	113.038	75.779
2184.01	113.115	73.028
2215.77	113.184	70.257
2248.00	113.247	67.449
2280.70	113.302	64.610
2313.87	113.351	61.730
2347.53	113.390	58.782
2381.68	113.413	55.780
2416.32	113.419	52.735
2451.46	113.404	49.658
2487.12	113.365	46.597
2523.30	113.304	43.571
2560.00	113.223	40.600
2597.24	113.125	37.689
2635.01	113.004	34.831
2673.34	112.862	32.050
2712.23	112.698	29.364
2751.68	112.516	26.795
2791.70	112.317	24.378
2832.31	112.110	22.120
2873.50	111.892	20.037
2915.30	111.669	18.146
2957.70	111.446	16.440
3000.72	111.224	14.932
3044.37	111.014	13.622
3088.65	110.823	12.466
3133.58	110.654	11.436
3179.16	110.504	10.527
3225.40	110.381	9.699
3272.31	110.283	8.922
3319.91	110.208	8.185
3368.20	110.165	7.441
3417.19	110.152	6.624
3466.89	110.166	5.693
3517.32	110.197	4.606
3568.48	110.235	3.347
3620.39	110.272	1.944
3673.05	110.306	0.416
3726.47	110.334	-1.232
3780.67	110.356	-2.990
3835.67	110.372	-4.872
3891.46	110.375	-6.902
3948.06	110.351	-9.072
4005.49	110.297	-11.314
4063.75	110.208	-13.579
4122.86	110.080	-15.796
4182.82	109.920	-17.893
4243.66	109.738	-19.832
4305.39	109.541	-21.602
4368.01	109.339	-23.203
4431.55	109.134	-24.660
4496.01	108.929	-25.985
4561.40	108.724	-27.187
4627.75	108.520	-28.267
4695.06	108.316	-29.214
4763.35	108.115	-30.016
4832.64	107.923	-30.660
4902.93	107.746	-31.160
4974.24	107.591	-31.558
5046.60	107.457	-31.885
5120.00	107.343	-32.199
5194.47	107.243	-32.526
5270.03	107.148	-32.832
5346.68	107.059	-33.090
5424.45	106.980	-33.250
5503.35	106.919	-33.279
5583.40	106.885	-33.192
5664.61	106.891	-33.003
5747.01	106.947	-32.811
5830.60	107.052	-32.733
5915.41	107.203	-32.845
6001.45	107.395	-33.250
6088.74	107.610	-34.019
6177.30	107.830	-35.154
6267.15	108.044	-36.644
6358.31	108.235	-38.471
6450.80	108.386	-40.556
6544.62	108.496	-42.791
6639.82	108.562	-45.115
6736.40	108.588	-47.452
6834.38	108.580	-49.749
6933.79	108.545	-51.981
7034.64	108.491	-54.118
7136.96	108.427	-56.163
7240.77	108.360	-58.104
7346.09	108.299	-59.967
7452.94	108.244	-61.829
7561.35	108.188	-63.722
7671.33	108.123	-65.657
7782.91	108.044	-67.638
7896.12	107.946	-69.610
8010.97	107.832	-71.527
8127.49	107.707	-73.394
8245.71	107.574	-75.185
8365.65	107.432	-76.917
8487.33	107.280	-78.583
8610.78	107.122	-80.167
8736.03	106.953	-81.663
8863.09	106.778	-83.026
8992.01	106.615	-84.253
9122.80	106.463	-85.374
9255.50	106.325	-86.403
9390.12	106.204	-87.395
9526.70	106.088	-88.375
9665.27	105.970	-89.320
9805.86	105.853	-90.178
9948.49	105.746	-90.914
10093.2	105.661	-91.524
10240.0	105.607	-92.033
10388.9	105.598	-92.502
10540.1	105.631	-93.024
10693.4	105.706	-93.701
10848.9	105.813	-94.612
11006.7	105.943	-95.811
11166.8	106.083	-97.346
11329.2	106.215	-99.209
11494.0	106.329	-101.359
11661.2	106.414	-103.750
11830.8	106.460	-106.328
12002.9	106.460	-109.030
12177.5	106.405	-111.759
12354.6	106.295	-114.402
12534.3	106.127	-116.844
12716.6	105.918	-118.929
12901.6	105.695	-120.573
13089.2	105.495	-121.774
13279.6	105.354	-122.613
13472.8	105.297	-123.313
13668.8	105.329	-124.151
13867.6	105.421	-125.361
14069.3	105.528	-127.055
14273.9	105.601	-129.172
14481.5	105.596	-131.494
14692.2	105.505	-133.707
14905.9	105.343	-135.451
15122.7	105.162	-136.450
15342.7	105.048	-136.587
15565.8	105.079	-136.072
15792.2	105.305	-135.444
16021.9	105.742	-135.290
16255.0	106.334	-136.138
16491.4	107.004	-138.174
16731.3	107.692	-141.323
16974.7	108.359	-145.506
17221.6	108.980	-150.661
17472.1	109.524	-156.690
17726.2	109.951	-163.408
17984.0	110.226	-170.585
18245.6	110.316	-177.950
18511.0	110.230	174.799
18780.2	110.023	167.910
19053.4	109.763	161.499
19330.5	109.522	155.474
19611.7	109.338	149.607
19897.0	109.189	143.567
20186.4	109.019	137.253
20480.0	108.780	130.688
20777.9	108.437	124.014
21080.1	107.990	117.465
21386.7	107.481	111.166
21697.8	106.944	105.120
22013.4	106.396	99.321
22333.6	105.855	93.676
22658.4	105.304	88.095
22988.0	104.736	82.508
23322.4	104.144	76.900
23661.6	103.535	71.298
24005.8	102.903	65.594
24355.0	102.228	59.715
24709.2	101.483	53.669
25068.6	100.631	47.436
25433.2	99.617	41.274
25803.2	98.407	35.532
26178.5	96.954	30.607
26559.3	95.254	27.341
26945.6	93.421	26.845
27337.5	91.689	30.405
27735.2	90.469	38.712
28138.6	90.086	48.748
28547.9	90.489	55.764
28963.1	91.342	57.902
29384.4	92.251	56.094
29811.8	92.975	51.809
30245.4	93.437	46.179
30685.3	93.651	39.802
31131.7	93.684	33.138
31584.5	93.614	26.414
32043.9	93.549	19.458
32510.0	93.535	11.915
32982.8	93.556	3.310
33462.6	93.522	-6.514
33949.3	93.310	-17.580
34443.1	92.753	-29.445
34944.1	91.745	-41.376
35452.4	90.270	-52.900
35968.0	88.335	-63.348
36491.2	86.046	-71.887
37022.0	83.621	-78.035
37560.5	81.194	-81.864
38106.8	79.008	-83.942
38661.1	77.030	-85.010
39223.4	75.398	-85.828
39793.9	73.972	-86.447
