1.0000	38.8500	18.3000
3.0000	57.8500	-62.2000
3.0412	58.0800	-63.2000
3.0831	58.3200	-64.2000
3.1255	58.5600	-65.2000
3.1684	58.7900	-66.2000
3.2120	59.0300	-67.2000
3.2562	59.2700	-68.2000
3.3010	59.5100	-69.2000
3.3464	59.7400	-70.2000
3.3924	59.9800	-71.2000
3.4390	60.2200	-72.2000
3.4863	60.4600	-73.2000
3.5343	60.6900	-74.2000
3.5829	60.9300	-75.3000
3.6321	61.1700	-76.3000
3.6821	61.4100	-77.3000
3.7327	61.6400	-78.3000
3.7841	61.8800	-79.3000
3.8361	62.1200	-80.3000
3.8888	62.3600	-81.3000
3.9423	62.5900	-82.3000
3.9965	62.8300	-83.3000
4.0515	63.0700	-84.3000
4.1072	63.3000	-85.3000
4.1637	63.5400	-86.3000
4.2209	63.7800	-87.3000
4.2790	64.0200	-88.3000
4.3378	64.2500	-89.3000
4.3975	64.4900	-90.2000
4.4580	64.7200	-91.0000
4.5193	64.9400	-91.8000
4.5814	65.1700	-92.5000
4.6444	65.4000	-93.3000
4.7083	65.6300	-94.0000
4.7730	65.8600	-94.8000
4.8387	66.0900	-95.6000
4.9052	66.3200	-96.4000
4.9726	66.5500	-97.3000
5.0410	66.7800	-98.2000
5.1104	67.0200	-99.1000
5.1806	67.2600	-100.1000
5.2519	67.4900	-101.1000
5.3241	67.7300	-102.2000
5.3973	67.9800	-103.4000
5.4715	68.2200	-104.6000
5.5468	68.4700	-105.8000
5.6230	68.7200	-107.1000
5.7004	68.9700	-108.5000
5.7787	69.2300	-110.0000
5.8582	69.5000	-111.7000
5.9388	69.7800	-113.6000
6.0204	70.1000	-115.8000
6.1032	70.4300	-118.4000
6.1872	70.7900	-121.3000
6.2722	71.1500	-124.5000
6.3585	71.5300	-128.1000
6.4459	71.9000	-131.8000
6.5346	72.2600	-135.8000
6.6244	72.6100	-139.9000
6.7155	72.9400	-144.2000
6.8079	73.2300	-148.6000
6.9015	73.4900	-153.1000
6.9964	73.7100	-157.6000
7.0926	73.8900	-162.1000
7.1902	74.0000	-166.6000
7.2890	74.0600	-171.2000
7.3893	74.0800	-176.6000
7.4909	74.0600	-13.1000
7.5939	74.0200	175.5000
7.6983	73.9500	169.6000
7.8042	73.8700	164.2000
7.9115	73.7700	158.8000
8.0203	73.6500	153.2000
8.1306	73.5100	147.7000
8.2424	73.3700	142.3000
8.3557	73.2100	136.9000
8.4706	73.0400	131.6000
8.5871	72.8600	126.5000
8.7052	72.6600	121.7000
8.8249	72.4000	117.1000
8.9463	72.0600	112.7000
9.0693	71.6200	108.5000
9.1940	71.0500	104.5000
9.3204	70.4100	100.6000
9.4486	69.7100	96.8000
9.5785	68.9700	93.0000
9.7103	68.2400	89.1000
9.8438	67.5500	85.2000
9.9792	66.9300	81.2000
10.1164	66.4000	77.0000
10.2555	65.9600	72.7000
10.3965	65.6100	68.4000
10.5395	65.2900	64.1000
10.6845	65.0100	59.7000
10.8314	64.7400	55.2000
10.9803	64.4900	50.5000
11.1313	64.2800	45.5000
11.2844	64.1100	40.1000
11.4396	63.9800	34.1000
11.5969	63.9300	27.2000
11.7563	63.9200	19.1000
11.9180	64.0100	9.2000
12.0819	64.1700	-2.7000
12.2481	64.4100	-16.4000
12.4165	64.7100	-31.4000
12.5872	65.0400	-47.0000
12.7603	65.3800	-62.7000
12.9358	65.7300	-78.0000
13.1137	66.0800	-92.3000
13.2940	66.4600	-105.8000
13.4768	66.8600	-118.7000
13.6622	67.3000	-131.2000
13.8500	67.7300	-143.4000
14.0405	68.1300	-155.6000
14.2336	68.4700	-168.9000
14.4293	68.6900	8.8000
14.6277	68.7700	172.9000
14.8289	68.7400	160.5000
15.0328	68.6100	150.2000
15.2395	68.3500	140.3000
15.4491	68.0000	130.7000
15.6615	67.5800	121.2000
15.8769	67.0700	111.4000
16.0952	66.4200	101.2000
16.3166	65.5100	90.1000
16.5409	64.3000	78.3000
16.7684	62.7700	66.5000
16.9990	61.0300	55.5000
17.2328	59.4100	48.5000
17.4697	58.0800	46.1000
17.7100	57.1600	53.3000
17.9535	56.5800	69.4000
18.2004	56.1800	94.5000
18.4507	55.8800	123.1000
18.7044	55.6900	147.1000
18.9616	55.6500	158.7000
19.2224	55.7900	162.3000
19.4867	56.1200	155.5000
19.7547	56.5700	144.0000
20.0263	57.0100	131.5000
20.3017	57.3400	121.9000
20.5809	57.3800	119.2000
20.8639	57.3500	118.7000
21.1508	57.1200	122.3000
21.4417	56.8700	126.4000
21.7366	56.7500	128.4000
22.0355	56.8300	127.9000
22.3385	57.1600	123.6000
22.6457	57.7300	114.0000
22.9571	58.2900	99.9000
23.2728	58.2900	81.2000
23.5928	58.0700	56.1000
23.9172	56.8200	23.3000
24.2462	54.9000	-15.7000
24.5796	53.2300	-55.8000
24.9176	52.3600	-94.5000
25.2602	53.8000	-135.2000
25.6076	55.8100	-19.3000
25.9597	57.6600	178.0000
26.3167	58.8000	155.6000
26.6786	58.8800	139.2000
27.0455	58.8300	127.6000
27.4174	58.3400	118.6000
27.7944	58.1200	111.3000
28.1767	58.1000	105.1000
28.5641	58.3200	99.6000
28.9569	58.4200	93.3000
29.3551	58.3500	85.0000
29.7588	57.7700	74.5000
30.1680	56.7800	63.2000
30.5829	55.5300	57.1000
31.0035	54.1900	54.8000
31.4298	52.9400	58.7000
31.8620	51.9600	62.1000
32.3002	51.3100	63.3000
32.7443	51.0000	57.5000
33.1946	50.7200	48.1000
33.6511	50.3300	35.7000
34.1138	49.4600	23.1000
34.5830	48.1600	8.6000
35.0585	46.6500	-10.3000
35.5406	45.2300	-37.1000
36.0294	44.2300	-71.9000
36.5248	43.3600	-115.4000
37.0271	42.5600	-152.8000
37.5363	41.7800	91.8000
38.0525	41.6700	171.4000
38.5757	41.8400	170.1000
39.1062	42.6100	-102.6000
39.6440	43.4500	-147.7000
40.1891	44.4000	-143.1000
40.7418	45.6300	-153.0000
41.3021	47.2900	-155.4000
41.8700	49.1500	-155.8000
42.4458	50.8700	-155.8000
43.0295	52.1200	-163.5000
43.6212	52.7900	-109.5000
44.2211	53.0600	175.1000
44.8292	52.9300	172.7000
45.4457	52.7200	165.7000
46.0706	52.4800	160.8000
46.7041	52.1900	161.1000
47.3464	52.1700	165.4000
47.9975	52.3600	175.0000
48.6575	54.0000	179.0000
49.3266	55.8000	175.8000
50.0050	57.1300	165.5000
50.6926	57.7900	153.0000
51.3897	57.7700	141.6000
52.0964	57.5500	133.0000
52.8128	57.0000	127.6000
53.5391	56.5800	125.8000
54.2753	56.5400	124.1000
55.0217	57.0700	121.4000
55.7783	57.7200	115.5000
56.5453	58.1100	106.6000
57.3229	58.2500	94.7000
58.1112	57.8400	80.8000
58.9103	56.9300	68.1000
59.7204	55.3900	59.0000
60.5416	53.5100	54.9000
61.3742	51.7200	52.9000
62.2182	49.9900	52.3000
63.0738	48.2600	53.1000
63.9411	46.3800	57.8000
64.8204	44.8100	68.0000
65.7118	43.7800	82.4000
66.6154	44.4800	97.0000
67.5315	45.7800	106.0000
68.4602	47.1400	109.7000
69.4016	48.1900	106.9000
70.3560	48.9300	101.6000
71.3235	49.3700	94.6000
72.3043	49.5300	86.8000
73.2986	49.4600	78.6000
74.3065	49.1000	70.3000
75.3284	48.4000	62.2000
76.3642	47.4300	56.1000
77.4144	46.1900	53.6000
78.4789	44.7100	53.5000
79.5581	43.4000	55.2000
80.6522	42.4900	59.0000
81.7613	42.0000	63.4000
82.8856	42.2000	66.9000
84.0254	42.7900	67.5000
85.1809	43.8400	65.8000
86.3522	44.7100	58.7000
87.5397	45.4000	47.8000
88.7435	45.9500	34.5000
89.9639	46.4600	20.5000
91.2010	47.0400	5.1000
92.4552	47.8000	-11.6000
93.7266	48.9600	-28.7000
95.0154	50.4300	-48.5000
96.3221	51.6900	-71.0000
97.6466	52.4000	-96.0000
98.9894	52.2500	-118.5000
100.3507	51.8300	-135.5000
101.7306	51.3900	-147.1000
103.1296	51.4700	-156.7000
104.5478	51.5400	-168.5000
105.9855	51.5500	-180.0000
107.4429	51.1800	84.9000
108.9204	50.5400	162.6000
110.4183	49.7700	154.3000
111.9367	49.1100	147.1000
113.4760	48.4800	139.0000
115.0364	47.7200	132.4000
116.6184	46.5000	129.0000
118.2220	44.8500	130.2000
119.8478	42.8500	134.7000
121.4959	40.7400	143.7000
123.1666	39.2100	158.9000
124.8603	39.0700	108.3000
126.5773	41.2100	-174.5000
128.3180	43.3300	-175.2000
130.0825	44.7900	-175.4000
131.8714	45.6400	-179.0000
133.6848	46.1400	-179.2000
135.5232	46.6900	-179.1000
137.3868	47.3200	-172.2000
139.2761	47.9400	129.0000
141.1913	48.4800	177.3000
143.1329	48.8900	172.4000
145.1012	49.1700	166.5000
147.0966	49.0900	160.1000
149.1194	48.7700	155.0000
151.1700	48.1300	152.1000
153.2488	47.5600	152.2000
155.3562	47.3100	153.1000
157.4926	47.2500	155.0000
159.6584	47.3900	156.6000
161.8539	47.6000	157.8000
164.0797	47.7700	158.7000
166.3360	47.9600	159.7000
168.6234	48.0900	159.5000
170.9422	48.1400	158.4000
173.2929	47.9100	156.7000
175.6760	47.7900	156.0000
178.0918	47.7800	155.8000
180.5408	48.1600	155.9000
183.0235	48.3700	155.8000
185.5403	48.4000	155.8000
188.0918	48.2400	155.8000
190.6784	48.3300	156.0000
193.3005	48.6000	155.8000
195.9587	48.9900	154.1000
198.6534	48.9800	150.9000
201.3852	48.8500	147.7000
204.1545	48.3900	145.4000
206.9619	47.9300	144.4000
209.8080	47.3600	144.4000
212.6932	46.6800	145.0000
215.6180	45.9800	147.3000
218.5831	45.3800	150.8000
221.5889	44.8000	155.7000
224.6361	44.1500	162.1000
227.7252	43.8900	172.5000
230.8568	43.9200	130.7000
234.0314	44.8100	-160.9000
237.2497	46.0500	-160.3000
240.5122	47.6100	-152.8000
243.8196	49.3100	-149.7000
247.1725	50.8000	-150.1000
250.5715	52.0400	-151.3000
254.0172	53.0700	-154.2000
257.5104	53.9900	-158.1000
261.0515	54.7500	-162.6000
264.6414	55.2900	-167.3000
268.2806	55.6000	-171.3000
271.9699	55.7700	-174.3000
275.7098	55.9400	-176.6000
279.5013	56.2100	-178.7000
283.3448	56.5300	28.5000
287.2412	56.8700	177.5000
291.1913	57.1900	174.2000
295.1956	57.4800	170.9000
299.2550	57.6700	167.4000
303.3702	57.7800	163.6000
307.5420	57.7300	160.1000
311.7711	57.6200	157.1000
316.0584	57.3900	154.6000
320.4047	57.0700	152.5000
324.8108	56.6600	151.4000
329.2774	56.1800	151.0000
333.8055	55.6800	152.3000
338.3958	55.3200	154.7000
343.0493	55.2000	158.2000
347.7667	55.2900	162.0000
352.5490	55.5100	165.2000
357.3971	55.8600	167.8000
362.3118	56.2900	170.0000
367.2942	56.8500	171.7000
372.3450	57.4500	172.0000
377.4653	58.0300	171.4000
382.6561	58.4800	169.3000
387.9182	58.6500	166.7000
393.2526	58.6900	164.3000
398.6604	58.4500	162.7000
404.1426	58.0800	163.0000
409.7002	57.7500	164.9000
415.3342	57.5900	169.3000
421.0457	57.7500	175.9000
426.8357	58.2800	141.6000
432.7053	59.2600	-161.9000
438.6557	60.4600	-171.9000
444.6878	61.7100	-171.2000
450.8030	62.8700	-173.3000
457.0022	63.8100	77.3000
463.2867	64.4600	178.3000
469.6575	64.8400	171.0000
476.1160	64.9200	165.0000
482.6634	64.8600	160.0000
489.3007	64.5700	156.1000
496.0293	64.1900	153.5000
502.8505	63.7700	152.2000
509.7654	63.3400	151.8000
516.7755	62.9000	152.4000
523.8819	62.4300	154.2000
531.0861	62.0600	157.7000
538.3893	61.8300	163.5000
545.7930	62.1200	171.6000
553.2985	62.8700	107.2000
560.9072	64.1200	-177.6000
568.6205	65.3800	-178.6000
576.4399	66.4100	-81.2000
584.3668	67.1400	176.6000
592.4027	67.5600	172.7000
600.5491	67.7900	169.0000
608.8076	67.9200	166.5000
617.1796	68.0100	164.8000
625.6668	68.1200	163.6000
634.2706	68.2500	162.8000
642.9928	68.4000	161.9000
651.8349	68.5500	161.2000
660.7986	68.6800	160.4000
669.8856	68.8100	159.8000
679.0976	68.9200	159.1000
688.4362	68.9600	158.6000
697.9032	68.9500	158.4000
707.5004	68.8800	159.2000
717.2296	68.9000	161.0000
727.0926	69.0800	163.8000
737.0912	69.5500	166.5000
747.2274	70.1700	167.9000
757.5029	70.8400	168.3000
767.9197	71.4400	167.3000
778.4797	71.9200	165.6000
789.1850	72.2800	163.4000
800.0375	72.5300	161.2000
811.0392	72.6600	159.2000
822.1922	72.6900	157.7000
833.4986	72.6400	156.7000
844.9605	72.5500	157.0000
856.5800	72.5200	158.0000
868.3592	72.5600	160.0000
880.3005	72.7900	162.8000
892.4059	73.2700	165.9000
904.6779	74.0500	168.0000
917.1185	74.9900	167.9000
929.7303	75.7900	166.4000
942.5155	76.3000	162.2000
955.4765	76.4900	157.4000
968.6158	76.3700	153.9000
981.9357	76.0400	152.8000
995.4388	75.6900	154.0000
1009.1276	75.7400	157.0000
1023.0046	76.0100	160.5000
1037.0724	76.7300	162.9000
1051.3338	77.4600	162.8000
1065.7912	78.0700	161.9000
1080.4474	78.5100	159.6000
1095.3052	78.7700	157.6000
1110.3673	78.9900	156.2000
1125.6365	79.2000	155.2000
1141.1157	79.4300	154.2000
1156.8078	79.5700	153.3000
1172.7156	79.6800	152.9000
1188.8422	79.8200	153.5000
1205.1906	80.1200	154.6000
1221.7638	80.5900	155.2000
1238.5649	81.1600	154.9000
1255.5970	81.6300	153.4000
1272.8634	81.9100	151.1000
1290.3672	82.0300	149.2000
1308.1117	82.0700	148.9000
1326.1002	82.1800	149.2000
1344.3361	82.4700	150.3000
1362.8227	82.9100	150.8000
1381.5636	83.3700	150.7000
1400.5622	83.8100	150.1000
1419.8220	84.2200	149.2000
1439.3467	84.5700	148.0000
1459.1399	84.8600	147.2000
1479.2053	85.1300	146.8000
1499.5466	85.5000	147.1000
1520.1676	86.0100	147.3000
1541.0722	86.6400	146.8000
1562.2643	87.2200	145.3000
1583.7478	87.7300	143.2000
1605.5267	88.1500	141.0000
1627.6051	88.5300	138.9000
1649.9871	88.9000	137.0000
1672.6769	89.2800	135.2000
1695.6788	89.7100	133.5000
1718.9969	90.1600	131.4000
1742.6357	90.6100	128.9000
1766.5996	91.0100	125.9000
1790.8930	91.3700	122.9000
1815.5205	91.7100	119.9000
1840.4866	92.0600	116.5000
1865.7961	92.3700	112.6000
1891.4536	92.5200	108.2000
1917.4639	92.5600	103.8000
1943.8320	92.4800	100.1000
1970.5626	92.3600	97.4000
1997.6608	92.2800	95.2000
2025.1317	92.2800	93.0000
2052.9803	92.2600	90.5000
2081.2118	92.1600	88.0000
2109.8316	92.0200	86.0000
2138.8450	91.8900	84.3000
2168.2574	91.7800	82.8000
2198.0742	91.6400	81.4000
2228.3010	91.4700	80.7000
2258.9435	91.3500	80.5000
2290.0074	91.3200	80.6000
2321.4985	91.3700	80.5000
2353.4226	91.4800	80.0000
2385.7857	91.5900	79.1000
2418.5938	91.6800	78.3000
2451.8531	91.7700	77.4000
2485.5698	91.8700	76.5000
2519.7502	91.9700	75.4000
2554.4005	92.0600	74.3000
2589.5274	92.1500	73.1000
2625.1373	92.2300	71.7000
2661.2369	92.3000	70.2000
2697.8329	92.3400	68.8000
2734.9322	92.3700	67.2000
2772.5416	92.3500	65.6000
2810.6683	92.2900	64.0000
2849.3192	92.1700	62.7000
2888.5016	92.0300	61.8000
2928.2229	91.8600	61.5000
2968.4904	91.7000	61.4000
3009.3116	91.5800	61.8000
3050.6942	91.5300	62.6000
3092.6458	91.5300	63.9000
3135.1744	91.6300	65.1000
3178.2877	91.8400	66.1000
3221.9940	92.1500	66.7000
3266.3013	92.4800	66.9000
3311.2178	92.8200	66.7000
3356.7521	93.1400	65.7000
3402.9125	93.4500	64.2000
3449.7077	93.6900	62.5000
3497.1464	93.8700	60.8000
3545.2374	94.0000	59.2000
3593.9898	94.1300	57.6000
3643.4125	94.2500	56.0000
3693.5150	94.3700	54.4000
3744.3064	94.4400	52.7000
3795.7962	94.4800	51.3000
3847.9941	94.5300	50.0000
3900.9099	94.6000	48.7000
3954.5533	94.7000	47.3000
4008.9343	94.8000	45.7000
4064.0632	94.8800	44.0000
4119.9502	94.9100	42.2000
4176.6058	94.9100	40.5000
4234.0404	94.8700	38.9000
4292.2649	94.8100	37.3000
4351.2900	94.7400	35.8000
4411.1268	94.6500	34.5000
4471.7864	94.5600	33.6000
4533.2802	94.4900	32.9000
4595.6197	94.4500	32.4000
4658.8164	94.4600	32.0000
4722.8821	94.5000	31.7000
4787.8289	94.6200	31.3000
4853.6688	94.8100	30.5000
4920.4140	95.0100	29.2000
4988.0772	95.1800	27.1000
5056.6707	95.2900	24.4000
5126.2076	95.2900	21.5000
5196.7007	95.2000	18.4000
5268.1632	94.9600	15.4000
5340.6084	94.6200	13.1000
5414.0498	94.2000	11.7000
5488.5011	93.7800	11.2000
5563.9763	93.4000	11.5000
5640.4894	93.0900	12.2000
5718.0546	92.8700	13.5000
5796.6865	92.8100	14.9000
5876.3997	92.8200	16.0000
5957.2090	92.9200	16.6000
6039.1296	93.0700	16.6000
6122.1768	93.2100	16.3000
6206.3660	93.3000	15.1000
6291.7129	93.3200	13.8000
6378.2334	93.2800	12.4000
6465.9437	93.1600	11.2000
6554.8602	92.9800	10.2000
6644.9994	92.7400	9.9000
6736.3782	92.4800	9.9000
6829.0136	92.2500	11.1000
6922.9228	92.1800	12.8000
7018.1235	92.2000	14.7000
7114.6332	92.4100	16.1000
7212.4702	92.7000	16.5000
7311.6525	92.9800	16.2000
7412.1988	93.1800	14.9000
7514.1277	93.2700	13.1000
7617.4583	93.2400	11.4000
7722.2098	93.0700	10.2000
7828.4019	92.8300	9.8000
7936.0542	92.5800	10.3000
8045.1869	92.4600	11.7000
8155.8204	92.4500	13.7000
8267.9752	92.5800	15.8000
8381.6724	92.9000	17.3000
8496.9330	93.3800	18.2000
8613.7787	93.9200	17.4000
8732.2311	94.3300	15.4000
8852.3125	94.5500	11.7000
8974.0451	94.4400	8.1000
9097.4518	94.1700	6.6000
9222.5555	93.8300	6.3000
9349.3795	93.7000	8.1000
9477.9476	93.8400	9.8000
9608.2837	94.3100	10.6000
9740.4121	94.8300	8.9000
9874.3574	95.0700	5.7000
10010.1450	95.1100	1.6000
10147.7990	94.7900	-1.6000
10287.3470	94.3600	-1.7000
10428.8130	94.2000	-1.4000
10572.2250	94.1900	0.2000
10717.6090	94.4500	0.1000
10864.9930	94.7700	-0.7000
11014.4030	94.9700	-3.8000
11165.8670	94.9100	-7.2000
11319.4150	94.7100	-10.1000
11475.0740	94.3200	-11.8000
11632.8740	93.9000	-12.0000
11792.8430	93.6400	-11.4000
11955.0130	93.5400	-10.6000
12119.4120	93.6300	-10.7000
12286.0720	93.6200	-11.9000
12455.0240	93.5600	-13.8000
12626.3000	93.1500	-15.2000
12799.9300	92.5900	-14.4000
12975.9490	92.3600	-12.1000
13154.3870	92.3400	-8.7000
13335.2800	92.7200	-8.0000
13518.6600	92.9200	-8.6000
13704.5620	92.9400	-11.2000
13893.0210	92.5500	-11.7000
14084.0710	92.2900	-10.8000
14277.7480	92.2200	-8.5000
14474.0890	92.5800	-8.1000
14673.1290	92.7200	-9.5000
14874.9070	92.7200	-12.2000
15079.4590	92.1900	-13.4000
15286.8250	91.7700	-11.6000
15497.0410	91.6600	-8.4000
15710.1490	92.0200	-6.6000
15926.1870	92.1900	-8.2000
16145.1970	92.1600	-9.6000
16367.2170	91.7700	-10.0000
16592.2910	91.6400	-8.1000
16820.4600	91.7100	-6.8000
17051.7670	91.9700	-6.6000
17286.2550	91.9500	-8.2000
17523.9670	91.8000	-8.3000
17764.9480	91.6200	-7.3000
18009.2420	91.8900	-5.4000
18256.8970	92.2200	-6.0000
18507.9570	92.3700	-8.1000
18762.4690	92.1200	-10.3000
19020.4810	91.9600	-9.4000
19282.0410	91.9700	-8.6000
19547.1990	92.3100	-9.0000
19816.0020	92.3000	-11.3000
20088.5020	92.2000	-12.7000
20364.7490	91.9800	-12.9000
20644.7950	92.0500	-13.6000
20928.6920	92.0000	-15.1000
21216.4930	91.7100	-16.8000
21508.2520	91.2800	-16.0000
21804.0230	91.2300	-15.6000
22103.8610	91.2400	-15.5000
22407.8230	91.0700	-16.7000
22715.9640	90.8300	-16.4000
23028.3430	90.5900	-16.0000
23345.0170	90.4600	-16.2000
23666.0470	90.2000	-15.9000
23991.4910	89.9600	-15.2000
24321.4100	89.8100	-14.0000
24655.8660	89.7100	-13.6000
24994.9210	89.5800	-13.0000
25338.6390	89.3900	-11.5000
25687.0840	89.3200	-10.2000
26040.3200	89.3000	-9.2000
26398.4130	89.3000	-8.6000
26761.4310	89.2800	-8.3000
27129.4420	89.2200	-8.0000
27502.5120	89.0900	-7.7000
27880.7130	88.9600	-6.8000
28264.1150	88.8400	-6.0000
28652.7890	88.7400	-5.4000
29046.8090	88.6200	-5.1000
29446.2460	88.4800	-4.5000
29851.1760	88.3300	-3.7000
30261.6750	88.2100	-2.6000
30677.8190	88.1900	-1.9000
31099.6850	88.2000	-1.3000
31527.3530	88.2300	-1.0000
31960.9010	88.1900	-0.5000
32400.4120	88.1000	-0.3000
32845.9660	87.9500	-0.2000
33297.6480	87.8100	-0.5000
33755.5410	87.6400	-0.6000
34219.7310	87.4400	-0.5000
34690.3030	87.2000	0.1000
35167.3480	86.9900	1.5000
35650.9520	86.7800	3.8000
36141.2060	86.5600	6.2000
36638.2020	86.4200	8.7000
37142.0330	86.3500	11.5000
37652.7920	86.3100	14.8000
38170.5740	86.3700	17.7000
38695.4770	86.5500	20.4000
39227.5990	86.8700	22.7000
39767.0370	87.0300	23.9000
40000.0000	87.0900	24.4000