4.3945	67.5800	87.9000
5.8594	58.5000	-19.5000
7.3242	58.7000	30.7000
8.7891	65.1400	-82.2000
10.2539	64.3900	163.0000
11.7188	58.0500	28.1000
13.1836	57.5700	-129.7000
14.6484	57.7300	158.0000
16.1133	60.8700	108.6000
17.5781	62.2600	26.3000
19.0430	60.3800	-72.3000
20.5078	57.4300	-173.6000
21.9727	53.3000	107.3000
23.4375	50.9500	75.0000
24.9023	54.4200	19.3000
26.3672	54.9300	-64.3000
27.8320	51.0600	-148.2000
29.2969	39.5900	-173.5000
30.7617	45.3200	-163.9000
32.2266	46.3500	156.8000
33.6914	46.3500	107.4000
35.1562	42.0200	33.8000
36.6211	40.1300	-35.3000
38.0859	47.5700	-103.1000
39.5508	49.8300	-179.1000
41.0156	42.4400	107.4000
42.4805	39.2400	-145.9000
43.9453	38.8600	157.7000
45.4102	42.5000	-96.6000
46.8750	51.6500	-142.3000
48.3398	53.5500	171.6000
49.8047	50.8900	139.4000
51.2695	46.8400	148.4000
52.7344	50.4000	168.8000
54.1992	54.2100	153.5000
55.6641	56.5500	136.7000
57.1289	59.3700	108.2000
58.5938	59.6400	64.9000
60.0586	56.0700	23.4000
61.5234	49.4100	6.7000
62.9883	45.4600	16.2000
64.4531	42.5200	21.1000
65.9180	40.5000	32.8000
67.3828	39.8000	43.6000
68.8477	37.5000	32.5000
70.3125	36.3500	134.3000
71.7773	46.3500	102.7000
73.2422	47.5800	72.0000
74.7070	47.7000	55.3000
76.1719	47.0800	37.1000
77.6367	45.8600	26.7000
79.1016	44.3000	17.1000
80.5664	43.6300	19.5000
82.0312	43.5500	7.0000
83.4961	42.2600	6.0000
84.9609	42.7400	-3.4000
86.4258	42.0900	-9.1000
87.8906	43.2000	-25.7000
89.3555	41.6000	-49.1000
90.8203	40.5400	-65.2000
92.2852	38.4700	-98.5000
93.7500	31.8600	-136.8000
95.2148	15.8300	40.1000
96.6797	29.6800	-23.2000
98.1445	32.2500	-21.8000
99.6094	37.9700	-41.3000
101.0742	40.2600	-67.6000
102.5391	42.5300	-90.6000
104.0039	43.4800	-116.1000
105.4688	44.4700	-132.4000
106.9336	45.9400	-155.2000
108.3984	46.2600	-179.4000
109.8633	46.0800	157.6000
111.3281	45.2800	136.6000
112.7930	44.8200	117.3000
114.2578	44.7600	87.6000
115.7227	43.1600	39.1000
117.1875	38.0000	-24.0000
118.6523	30.3800	-59.2000
120.1172	33.9200	-74.3000
121.5820	34.4100	-97.2000
123.0469	37.9400	-93.9000
124.5117	41.0400	-104.7000
125.9766	44.8800	-115.8000
127.4414	47.2000	-139.0000
128.9062	48.4800	-158.3000
130.3711	48.9500	176.1000
131.8359	46.8200	156.1000
133.3008	44.3700	152.3000
134.7656	42.7500	165.8000
136.2305	45.7100	170.5000
137.6953	46.6500	155.2000
139.1602	46.3900	145.7000
140.6250	45.9300	136.1000
142.0898	44.7800	131.6000
143.5547	44.6900	132.9000
145.0195	45.3500	125.9000
146.4844	45.3700	114.3000
147.9492	44.8900	96.3000
149.4141	42.2600	74.8000
150.8789	38.2800	57.1000
152.3438	30.5900	16.8000
153.8086	27.0100	-113.0000
155.2734	34.6300	-142.0000
156.7383	37.7900	-160.6000
158.2031	38.9700	-165.1000
159.6680	40.4200	-172.2000
161.1328	40.8300	-176.4000
162.5977	41.0900	179.3000
164.0625	41.1800	-177.3000
165.5273	42.1000	179.5000
166.9922	41.9300	-179.8000
168.4570	42.6300	-179.1000
169.9219	43.1300	-177.5000
171.3867	44.0900	179.4000
172.8516	44.2900	177.7000
174.3164	44.8600	174.6000
175.7812	44.8200	173.1000
177.2461	45.2700	171.2000
178.7109	45.2200	169.8000
180.1758	45.5300	168.6000
181.6406	45.5000	168.7000
183.1055	46.0400	168.2000
184.5703	46.3100	167.4000
186.0352	47.0000	165.1000
187.5000	47.2900	161.4000
188.9648	47.7000	156.6000
190.4297	47.5800	151.3000
191.8945	47.5900	145.8000
193.3594	46.8600	139.5000
194.8242	46.0500	136.9000
196.2891	44.9500	135.8000
197.7539	44.0800	138.6000
199.2188	43.3300	144.6000
200.6836	43.7000	150.9000
202.1484	44.2300	154.4000
203.6133	45.3500	153.0000
205.0781	45.7200	146.8000
206.5430	45.6900	139.3000
208.0078	44.9400	131.0000
209.4727	43.4000	120.1000
210.9375	38.4900	119.7000
212.4023	37.5500	155.0000
213.8672	38.7100	166.8000
215.3320	40.0600	173.4000
216.7969	40.4900	178.1000
218.2617	41.6300	-177.8000
219.7266	42.3700	-175.5000
221.1914	43.4300	-176.6000
222.6562	43.7500	-177.7000
224.1211	44.4000	-179.8000
225.5859	44.3900	177.5000
227.0508	44.5300	175.1000
228.5156	44.1100	173.6000
229.9805	44.0900	172.3000
231.4453	43.2600	169.6000
232.9102	42.2300	170.9000
234.3750	40.7900	177.9000
235.8398	40.5500	-170.9000
237.3047	40.6100	-159.4000
238.7695	41.5100	-151.7000
240.2344	42.0200	-143.7000
241.6992	43.1000	-136.7000
243.1641	44.3800	-129.9000
244.6289	45.9900	-128.0000
246.0938	47.3100	-127.3000
247.5586	48.5700	-129.2000
249.0234	49.5200	-131.2000
250.4883	50.4100	-134.3000
251.9531	51.0400	-136.9000
253.4180	51.6300	-139.8000
254.8828	52.1300	-142.1000
256.3477	52.6100	-145.1000
257.8125	52.9600	-147.5000
259.2773	53.3200	-150.2000
260.7422	53.5900	-152.3000
262.2070	53.8900	-155.1000
263.6719	54.0300	-157.2000
265.1367	54.2100	-159.5000
266.6016	54.2800	-160.9000
268.0664	54.4500	-162.6000
269.5312	54.5200	-163.7000
270.9961	54.7100	-164.9000
272.4609	54.8200	-165.9000
273.9258	55.0500	-167.3000
275.3906	55.1300	-168.6000
276.8555	55.3200	-169.9000
278.3203	55.3800	-171.2000
279.7852	55.5100	-172.6000
281.2500	55.4900	-173.5000
282.7148	55.6100	-174.1000
284.1797	55.6800	-174.6000
285.6445	55.8900	-175.3000
287.1094	56.0000	-176.2000
288.5742	56.1900	-177.2000
290.0391	56.2900	-178.2000
291.5039	56.5100	-179.3000
292.9688	56.5800	179.1000
294.4336	56.7100	177.9000
295.8984	56.7500	176.5000
297.3633	56.8700	175.4000
298.8281	56.8900	173.9000
300.2930	56.9900	172.7000
301.7578	57.0000	171.2000
303.2227	57.0700	170.0000
304.6875	57.0500	168.4000
306.1523	57.0700	167.3000
307.6172	57.0300	165.8000
309.0820	57.0300	164.7000
310.5469	56.9500	163.2000
312.0117	56.9100	162.2000
313.4766	56.8100	161.0000
314.9414	56.7600	160.2000
316.4062	56.6700	159.0000
317.8711	56.5900	158.1000
319.3359	56.4700	157.0000
320.8008	56.3900	156.2000
322.2656	56.2500	154.9000
323.7305	56.1000	154.0000
325.1953	55.8800	152.8000
326.6602	55.6600	152.1000
328.1250	55.3500	151.2000
329.5898	55.0400	151.2000
331.0547	54.7100	151.1000
332.5195	54.4000	151.7000
333.9844	54.0600	152.4000
335.4492	53.7900	153.8000
336.9141	53.5000	155.1000
338.3789	53.3100	156.8000
339.8438	53.0200	158.3000
341.3086	52.8400	160.8000
342.7734	52.6200	163.3000
344.2383	52.6000	166.5000
345.7031	52.5500	169.0000
347.1680	52.6600	172.1000
348.6328	52.7000	174.4000
350.0977	52.8800	177.6000
351.5625	53.0800	180.0000
353.0273	53.4300	-177.7000
354.4922	53.7000	-176.2000
355.9570	54.0700	-174.4000
357.4219	54.3800	-173.7000
358.8867	54.7400	-172.7000
360.3516	55.0200	-172.4000
361.8164	55.3500	-171.8000
363.2812	55.6200	-171.8000
364.7461	55.9300	-171.6000
366.2109	56.1700	-172.0000
367.6758	56.4200	-172.1000
369.1406	56.6100	-172.5000
370.6055	56.8400	-172.7000
372.0703	57.0100	-173.2000
373.5352	57.2000	-173.4000
375.0000	57.3500	-173.9000
376.4648	57.5400	-174.3000
377.9297	57.6700	-174.9000
379.3945	57.8300	-175.3000
380.8594	57.9400	-175.9000
382.3242	58.0800	-176.4000
383.7891	58.1500	-177.1000
385.2539	58.2600	-177.6000
386.7188	58.3100	-178.3000
388.1836	58.3900	-178.7000
389.6484	58.4100	-179.4000
391.1133	58.4500	-179.6000
392.5781	58.4500	179.9000
394.0430	58.4800	179.8000
395.5078	58.4800	179.5000
396.9727	58.5000	179.6000
398.4375	58.5000	179.4000
399.9023	58.5300	179.5000
401.3672	58.5200	179.4000
402.8320	58.5200	179.7000
404.2969	58.5200	179.9000
405.7617	58.5400	-179.6000
407.2266	58.5500	-179.2000
408.6914	58.6100	-178.5000
410.1562	58.6500	-178.1000
411.6211	58.7300	-177.4000
413.0859	58.8100	-176.9000
414.5508	58.9300	-176.3000
416.0156	59.0200	-175.9000
417.4805	59.1400	-175.4000
418.9453	59.2300	-175.0000
420.4102	59.3800	-174.4000
421.8750	59.5100	-174.1000
423.3398	59.6700	-173.6000
424.8047	59.8100	-173.5000
426.2695	59.9800	-173.1000
427.7344	60.1300	-173.1000
429.1992	60.3100	-172.8000
430.6641	60.4700	-172.9000
432.1289	60.6400	-172.8000
433.5938	60.8100	-173.0000
435.0586	60.9800	-173.1000
436.5234	61.1500	-173.3000
437.9883	61.3200	-173.5000
439.4531	61.4900	-174.0000
440.9180	61.6600	-174.3000
442.3828	61.8100	-174.9000
443.8477	61.9600	-175.4000
445.3125	62.1000	-176.0000
446.7773	62.2300	-176.6000
448.2422	62.3400	-177.3000
449.7070	62.4700	-177.9000
451.1719	62.5800	-178.6000
452.6367	62.7100	-179.3000
454.1016	62.8100	179.8000
455.5664	62.9000	179.0000
457.0312	62.9800	178.1000
458.4961	63.0500	177.3000
459.9609	63.1200	176.3000
461.4258	63.1700	175.5000
462.8906	63.2100	174.4000
464.3555	63.2400	173.5000
465.8203	63.2500	172.4000
467.2852	63.2400	171.6000
468.7500	63.2300	170.6000
470.2148	63.2000	169.7000
471.6797	63.1500	168.8000
473.1445	63.0800	168.1000
474.6094	63.0000	167.3000
476.0742	62.9100	166.7000
477.5391	62.8100	166.2000
479.0039	62.7000	165.9000
480.4688	62.6000	165.5000
481.9336	62.4900	165.5000
483.3984	62.3900	165.4000
484.8633	62.2800	165.5000
486.3281	62.1900	165.6000
487.7930	62.1000	165.9000
489.2578	62.0100	166.1000
490.7227	61.9300	166.6000
492.1875	61.8700	167.0000
493.6523	61.8100	167.5000
495.1172	61.7600	168.0000
496.5820	61.7300	168.6000
498.0469	61.7000	169.1000
499.5117	61.6800	169.8000
500.9766	61.6800	170.2000
502.4414	61.6800	170.9000
503.9062	61.6800	171.3000
505.3711	61.6800	171.9000
506.8359	61.6900	172.3000
508.3008	61.6900	173.0000
509.7656	61.7100	173.4000
511.2305	61.7200	173.9000
512.6953	61.7300	174.4000
514.1602	61.7300	175.0000
515.6250	61.7500	175.5000
517.0898	61.7600	176.2000
518.5547	61.7800	176.7000
520.0195	61.7900	177.4000
521.4844	61.8000	178.0000
522.9492	61.8200	178.8000
524.4141	61.8400	179.6000
525.8789	61.8700	-179.3000
527.3438	61.9300	-178.4000
528.8086	62.0000	-177.3000
530.2734	62.1000	-176.4000
531.7383	62.2000	-175.4000
533.2031	62.3200	-174.6000
534.6680	62.4500	-173.7000
536.1328	62.6000	-173.0000
537.5977	62.7500	-172.2000
539.0625	62.9100	-171.7000
540.5273	63.0600	-171.1000
541.9922	63.2200	-170.6000
543.4570	63.3900	-170.1000
544.9219	63.5500	-169.8000
546.3867	63.7200	-169.3000
547.8516	63.9000	-169.1000
549.3164	64.0700	-168.8000
550.7812	64.2500	-168.6000
552.2461	64.4300	-168.4000
553.7109	64.6200	-168.4000
555.1758	64.7900	-168.4000
556.6406	64.9600	-168.4000
558.1055	65.1400	-168.4000
559.5703	65.3200	-168.6000
561.0352	65.5000	-168.7000
562.5000	65.6800	-169.0000
563.9648	65.8600	-169.3000
565.4297	66.0300	-169.7000
566.8945	66.1900	-170.1000
568.3594	66.3600	-170.7000
569.8242	66.5100	-171.2000
571.2891	66.6600	-171.8000
572.7539	66.8000	-172.5000
574.2188	66.9300	-173.2000
575.6836	67.0400	-173.9000
577.1484	67.1600	-174.7000
578.6133	67.2500	-175.5000
580.0781	67.3400	-176.4000
581.5430	67.4200	-177.2000
583.0078	67.4900	-178.0000
584.4727	67.5400	-178.8000
585.9375	67.5800	-179.7000
587.4023	67.6100	179.6000
588.8672	67.6300	178.8000
590.3320	67.6300	178.1000
591.7969	67.6400	177.4000
593.2617	67.6300	176.9000
594.7266	67.6300	176.3000
596.1914	67.6100	175.9000
597.6562	67.6000	175.4000
599.1211	67.5800	175.1000
600.5859	67.5600	174.7000
602.0508	67.5400	174.5000
603.5156	67.5300	174.3000
604.9805	67.5100	174.1000
606.4453	67.5100	173.9000
607.9102	67.4900	173.9000
609.3750	67.4900	173.8000
610.8398	67.4800	173.8000
612.3047	67.4900	173.7000
613.7695	67.4900	173.8000
615.2344	67.5100	173.8000
616.6992	67.5200	173.8000
618.1641	67.5500	173.8000
619.6289	67.5800	173.9000
621.0938	67.6100	173.9000
622.5586	67.6400	173.9000
624.0234	67.6800	173.8000
625.4883	67.7200	173.8000
626.9531	67.7700	173.7000
628.4180	67.8000	173.6000
629.8828	67.8500	173.4000
631.3477	67.8800	173.3000
632.8125	67.9200	173.1000
634.2773	67.9500	172.9000
635.7422	67.9800	172.6000
637.2070	67.9900	172.4000
638.6719	68.0100	172.2000
640.1367	68.0200	172.0000
641.6016	68.0300	171.8000
643.0664	68.0200	171.7000
644.5312	68.0300	171.5000
645.9961	68.0200	171.4000
647.4609	68.0200	171.3000
648.9258	68.0100	171.3000
650.3906	68.0100	171.2000
651.8555	67.9900	171.2000
653.3203	67.9900	171.2000
654.7852	67.9700	171.3000
656.2500	67.9700	171.4000
657.7148	67.9500	171.5000
659.1797	67.9500	171.6000
660.6445	67.9500	171.9000
662.1094	67.9500	172.1000
663.5742	67.9500	172.3000
665.0391	67.9700	172.6000
666.5039	67.9800	172.9000
667.9688	68.0100	173.2000
669.4336	68.0300	173.5000
670.8984	68.0700	173.8000
672.3633	68.1100	174.1000
673.8281	68.1600	174.4000
675.2930	68.2100	174.7000
676.7578	68.2600	174.9000
678.2227	68.3100	175.1000
679.6875	68.3700	175.3000
681.1523	68.4200	175.5000
682.6172	68.4900	175.6000
684.0820	68.5400	175.8000
685.5469	68.6100	175.9000
687.0117	68.6700	176.1000
688.4766	68.7300	176.2000
689.9414	68.7900	176.3000
691.4062	68.8600	176.5000
692.8711	68.9200	176.6000
694.3359	69.0000	176.7000
695.8008	69.0700	176.7000
697.2656	69.1400	176.8000
698.7305	69.2100	176.9000
700.1953	69.3000	176.9000
701.6602	69.3700	176.9000
703.1250	69.4600	176.9000
704.5898	69.5400	176.9000
706.0547	69.6200	176.8000
707.5195	69.7000	176.7000
708.9844	69.7900	176.5000
710.4492	69.8700	176.4000
711.9141	69.9500	176.2000
713.3789	70.0300	175.9000
714.8438	70.1100	175.6000
716.3086	70.1700	175.3000
717.7734	70.2500	175.0000
719.2383	70.3000	174.7000
720.7031	70.3700	174.3000
722.1680	70.4200	174.0000
723.6328	70.4700	173.6000
725.0977	70.5100	173.1000
726.5625	70.5600	172.7000
728.0273	70.5900	172.3000
729.4922	70.6200	171.9000
730.9570	70.6300	171.5000
732.4219	70.6500	171.1000
735.3516	70.6700	170.3000
738.2812	70.6600	169.6000
741.2109	70.6300	169.0000
744.1406	70.5800	168.5000
747.0703	70.5300	168.2000
750.0000	70.4800	168.1000
752.9297	70.4200	168.1000
755.8594	70.3800	168.3000
758.7891	70.3400	168.6000
761.7188	70.3200	169.0000
764.6484	70.3200	169.5000
767.5781	70.3500	170.0000
770.5078	70.3900	170.6000
773.4375	70.4500	171.1000
776.3672	70.5300	171.5000
779.2969	70.6200	171.9000
782.2266	70.7200	172.2000
785.1562	70.8200	172.3000
788.0859	70.9200	172.4000
791.0156	71.0200	172.4000
793.9453	71.1000	172.3000
796.8750	71.1800	172.2000
799.8047	71.2500	172.1000
802.7344	71.3200	171.9000
805.6641	71.3700	171.8000
808.5938	71.4200	171.7000
811.5234	71.4500	171.6000
814.4531	71.4800	171.5000
817.3828	71.5000	171.5000
820.3125	71.5200	171.6000
823.2422	71.5400	171.7000
826.1719	71.5700	172.0000
829.1016	71.6000	172.3000
832.0312	71.6400	172.6000
834.9609	71.6900	172.9000
837.8906	71.7600	173.3000
840.8203	71.8300	173.6000
843.7500	71.9100	173.9000
846.6797	72.0000	174.1000
849.6094	72.0900	174.3000
852.5391	72.1800	174.4000
855.4688	72.2600	174.5000
858.3984	72.3400	174.5000
861.3281	72.4100	174.6000
864.2578	72.4700	174.6000
867.1875	72.5200	174.7000
870.1172	72.5700	174.8000
873.0469	72.6200	175.0000
875.9766	72.6700	175.3000
878.9062	72.7200	175.6000
881.8359	72.7800	176.1000
884.7656	72.8600	176.5000
887.6953	72.9500	177.1000
890.6250	73.0500	177.6000
893.5547	73.1800	178.2000
896.4844	73.3300	178.7000
899.4141	73.5000	179.1000
902.3438	73.6800	179.4000
905.2734	73.8800	179.6000
908.2031	74.0900	179.6000
911.1328	74.3000	179.4000
914.0625	74.5100	179.1000
916.9922	74.7100	178.5000
919.9219	74.9000	177.8000
922.8516	75.0600	177.0000
925.7812	75.2100	176.1000
928.7109	75.3300	175.1000
931.6406	75.4300	174.1000
934.5703	75.5000	173.0000
937.5000	75.5400	171.9000
940.4297	75.5700	170.9000
943.3594	75.5700	170.0000
946.2891	75.5500	169.1000
949.2188	75.5100	168.3000
952.1484	75.4600	167.6000
955.0781	75.4000	167.1000
958.0078	75.3200	166.7000
960.9375	75.2400	166.4000
963.8672	75.1600	166.3000
966.7969	75.0800	166.3000
969.7266	75.0000	166.5000
972.6562	74.9300	166.8000
975.5859	74.8800	167.3000
978.5156	74.8500	167.8000
981.4453	74.8400	168.4000
984.3750	74.8400	169.1000
987.3047	74.8600	169.7000
990.2344	74.9000	170.3000
993.1641	74.9500	170.9000
996.0938	75.0100	171.5000
999.0234	75.0700	172.1000
1001.9531	75.1500	172.6000
1004.8828	75.2400	173.2000
1007.8125	75.3400	173.7000
1010.7422	75.4500	174.1000
1013.6719	75.5700	174.5000
1016.6016	75.7000	174.9000
1019.5313	75.8400	175.1000
1022.4609	75.9800	175.3000
1025.3906	76.1200	175.3000
1028.3203	76.2600	175.3000
1031.2500	76.4000	175.2000
1034.1797	76.5300	175.1000
1037.1094	76.6600	174.8000
1040.0391	76.7700	174.5000
1042.9688	76.8800	174.2000
1045.8984	76.9800	173.8000
1048.8281	77.0600	173.5000
1051.7578	77.1400	173.1000
1054.6875	77.2100	172.8000
1057.6172	77.2800	172.5000
1060.5469	77.3400	172.3000
1063.4766	77.4100	172.0000
1066.4063	77.4800	171.7000
1069.3359	77.5500	171.5000
1072.2656	77.6100	171.1000
1075.1953	77.6700	170.8000
1078.1250	77.7300	170.5000
1081.0547	77.7700	170.2000
1083.9844	77.8100	169.9000
1086.9141	77.8400	169.6000
1089.8438	77.8700	169.3000
1092.7734	77.9000	169.1000
1095.7031	77.9200	169.0000
1098.6328	77.9400	168.9000
1101.5625	77.9700	168.9000
1104.4922	78.0000	169.0000
1107.4219	78.0400	169.0000
1110.3516	78.1000	169.1000
1113.2813	78.1600	169.2000
1116.2109	78.2400	169.2000
1119.1406	78.3200	169.2000
1122.0703	78.4100	169.2000
1125.0000	78.5100	169.0000
1127.9297	78.6000	168.8000
1130.8594	78.6900	168.5000
1133.7891	78.7800	168.1000
1136.7188	78.8600	167.7000
1139.6484	78.9300	167.2000
1142.5781	78.9900	166.7000
1145.5078	79.0400	166.1000
1148.4375	79.0700	165.5000
1151.3672	79.0900	164.9000
1154.2969	79.1000	164.4000
1157.2266	79.0900	163.8000
1160.1563	79.0700	163.3000
1163.0859	79.0300	163.0000
1166.0156	78.9800	162.7000
1168.9453	78.9300	162.6000
1171.8750	78.8800	162.6000
1174.8047	78.8500	162.8000
1177.7344	78.8200	163.0000
1180.6641	78.8200	163.3000
1183.5938	78.8300	163.7000
1186.5234	78.8700	164.1000
1189.4531	78.9200	164.4000
1192.3828	78.9900	164.6000
1195.3125	79.0700	164.7000
1198.2422	79.1500	164.6000
1201.1719	79.2300	164.5000
1204.1016	79.3000	164.2000
1207.0313	79.3500	163.9000
1209.9609	79.3800	163.5000
1212.8906	79.4100	163.2000
1215.8203	79.4100	162.9000
1218.7500	79.4100	162.6000
1221.6797	79.4000	162.4000
1224.6094	79.3900	162.3000
1227.5391	79.3800	162.2000
1230.4688	79.3600	162.2000
1233.3984	79.3500	162.3000
1236.3281	79.3300	162.4000
1239.2578	79.3300	162.5000
1242.1875	79.3300	162.7000
1245.1172	79.3300	162.9000
1248.0469	79.3400	163.2000
1250.9766	79.3700	163.5000
1253.9063	79.3900	163.7000
1256.8359	79.4300	164.0000
1259.7656	79.4700	164.2000
1262.6953	79.5100	164.4000
1265.6250	79.5600	164.6000
1268.5547	79.6200	164.7000
1271.4844	79.6700	164.8000
1274.4141	79.7300	164.9000
1277.3438	79.7700	164.9000
1280.2734	79.8200	164.9000
1283.2031	79.8600	165.0000
1286.1328	79.9000	165.0000
1289.0625	79.9500	165.0000
1291.9922	79.9900	165.1000
1294.9219	80.0300	165.1000
1297.8516	80.0700	165.2000
1300.7813	80.1200	165.2000
1303.7109	80.1700	165.2000
1306.6406	80.2200	165.2000
1309.5703	80.2700	165.2000
1312.5000	80.3200	165.2000
1315.4297	80.3700	165.1000
1318.3594	80.4100	165.0000
1321.2891	80.4400	164.9000
1324.2188	80.4800	164.8000
1327.1484	80.5000	164.7000
1330.0781	80.5300	164.6000
1333.0078	80.5500	164.6000
1335.9375	80.5700	164.5000
1338.8672	80.5900	164.5000
1341.7969	80.6000	164.5000
1344.7266	80.6200	164.5000
1347.6563	80.6400	164.5000
1350.5859	80.6600	164.6000
1353.5156	80.6800	164.6000
1356.4453	80.6900	164.7000
1359.3750	80.7100	164.7000
1362.3047	80.7300	164.8000
1365.2344	80.7500	164.9000
1368.1641	80.7600	164.9000
1371.0938	80.7800	165.0000
1374.0234	80.7900	165.1000
1376.9531	80.8000	165.3000
1379.8828	80.8200	165.4000
1382.8125	80.8300	165.6000
1385.7422	80.8500	165.8000
1388.6719	80.8700	166.0000
1391.6016	80.8900	166.3000
1394.5313	80.9100	166.5000
1397.4609	80.9300	166.8000
1400.3906	80.9500	167.1000
1403.3203	80.9800	167.4000
1406.2500	81.0200	167.8000
1409.1797	81.0600	168.1000
1412.1094	81.1100	168.5000
1415.0391	81.1700	168.8000
1417.9688	81.2300	169.1000
1420.8984	81.3000	169.4000
1423.8281	81.3600	169.7000
1426.7578	81.4300	169.9000
1429.6875	81.5100	170.1000
1432.6172	81.5800	170.3000
1435.5469	81.6500	170.5000
1438.4766	81.7300	170.6000
1441.4063	81.8000	170.8000
1444.3359	81.8800	170.9000
1447.2656	81.9500	171.0000
1450.1953	82.0300	171.0000
1453.1250	82.1000	171.1000
1456.0547	82.1700	171.1000
1458.9844	82.2500	171.1000
1461.9141	82.3100	171.0000
1464.8438	82.3800	171.0000
1469.2383	82.4700	170.9000
1473.6328	82.5500	170.8000
1478.0273	82.6200	170.8000
1482.4219	82.6900	170.8000
1486.8164	82.7600	170.8000
1491.2109	82.8300	170.9000
1495.6055	82.9000	170.9000
1500.0000	82.9700	171.0000
1504.3945	83.0500	171.1000
1508.7891	83.1200	171.2000
1513.1836	83.1900	171.3000
1517.5781	83.2700	171.4000
1521.9727	83.3600	171.5000
1526.3672	83.4400	171.6000
1530.7617	83.5300	171.7000
1535.1563	83.6100	171.8000
1539.5508	83.6900	171.9000
1543.9453	83.7700	172.0000
1548.3398	83.8600	172.1000
1552.7344	83.9400	172.2000
1557.1289	84.0300	172.3000
1561.5234	84.1300	172.5000
1565.9180	84.2300	172.6000
1570.3125	84.3300	172.7000
1574.7070	84.4400	172.7000
1579.1016	84.5400	172.7000
1583.4961	84.6500	172.7000
1587.8906	84.7600	172.7000
1592.2852	84.8600	172.6000
1596.6797	84.9600	172.5000
1601.0742	85.0700	172.4000
1605.4688	85.1700	172.3000
1609.8633	85.2700	172.2000
1614.2578	85.3700	172.1000
1618.6523	85.4600	171.9000
1623.0469	85.5600	171.7000
1627.4414	85.6500	171.4000
1631.8359	85.7200	171.1000
1636.2305	85.7900	170.9000
1640.6250	85.8600	170.7000
1645.0195	85.9100	170.5000
1649.4141	85.9600	170.4000
1653.8086	86.0100	170.3000
1658.2031	86.0700	170.3000
1662.5977	86.1200	170.3000
1666.9922	86.1800	170.3000
1671.3867	86.2400	170.4000
1675.7813	86.3200	170.6000
1680.1758	86.4000	170.7000
1684.5703	86.4900	170.8000
1688.9648	86.5900	170.9000
1693.3594	86.6900	170.9000
1697.7539	86.8000	170.8000
1702.1484	86.9000	170.7000
1706.5430	86.9900	170.5000
1710.9375	87.0800	170.3000
1715.3320	87.1500	170.2000
1719.7266	87.2200	170.0000
1724.1211	87.2800	170.0000
1728.5156	87.3500	170.0000
1732.9102	87.4200	170.0000
1737.3047	87.4900	170.1000
1741.6992	87.5700	170.1000
1746.0938	87.6700	170.2000
1750.4883	87.7600	170.3000
1754.8828	87.8700	170.4000
1759.2773	87.9700	170.4000
1763.6719	88.0800	170.3000
1768.0664	88.1800	170.3000
1772.4609	88.2800	170.3000
1776.8555	88.3900	170.3000
1781.2500	88.5000	170.3000
1785.6445	88.6200	170.2000
1790.0391	88.7500	170.2000
1794.4336	88.8900	170.1000
1798.8281	89.0200	169.9000
1803.2227	89.1600	169.6000
1807.6172	89.2900	169.3000
1812.0117	89.4100	168.9000
1816.4063	89.5300	168.4000
1820.8008	89.6400	168.0000
1825.1953	89.7300	167.5000
1829.5898	89.8200	167.1000
1833.9844	89.9000	166.6000
1838.3789	89.9700	166.3000
1842.7734	90.0500	165.9000
1847.1680	90.1200	165.6000
1851.5625	90.1900	165.3000
1855.9570	90.2700	165.1000
1860.3516	90.3500	165.0000
1864.7461	90.4500	164.8000
1869.1406	90.5600	164.6000
1873.5352	90.6700	164.3000
1877.9297	90.7900	163.9000
1882.3242	90.9000	163.5000
1886.7188	91.0100	163.0000
1891.1133	91.1100	162.4000
1895.5078	91.2000	161.8000
1899.9023	91.2900	161.2000
1904.2969	91.3600	160.6000
1908.6914	91.4300	160.0000
1913.0859	91.4900	159.4000
1917.4805	91.5400	158.7000
1921.8750	91.5800	158.1000
1926.2695	91.6100	157.6000
1930.6641	91.6300	157.1000
1935.0586	91.6500	156.6000
1939.4531	91.6600	156.3000
1943.8477	91.6800	156.0000
1948.2422	91.6900	155.7000
1952.6367	91.7100	155.6000
1957.0313	91.7400	155.4000
1961.4258	91.7700	155.3000
1965.8203	91.8000	155.3000
1970.2148	91.8500	155.3000
1974.6094	91.9000	155.3000
1979.0039	91.9600	155.3000
1983.3984	92.0300	155.3000
1987.7930	92.1100	155.4000
1992.1875	92.2000	155.4000
1996.5820	92.3000	155.3000
2000.9766	92.4100	155.2000
2005.3711	92.5300	155.0000
2009.7656	92.6400	154.8000
2014.1602	92.7600	154.4000
2018.5547	92.8700	154.0000
2022.9492	92.9800	153.6000
2027.3438	93.0800	153.1000
2031.7383	93.1800	152.6000
2036.1328	93.2700	152.0000
2040.5273	93.3500	151.4000
2044.9219	93.4200	150.8000
2049.3164	93.4800	150.2000
2053.7109	93.5300	149.7000
2058.1055	93.5900	149.2000
2062.5000	93.6400	148.7000
2066.8945	93.6800	148.2000
2071.2891	93.7300	147.8000
2075.6836	93.7800	147.4000
2080.0781	93.8300	147.0000
2084.4727	93.8800	146.6000
2088.8672	93.9400	146.3000
2093.2617	94.0000	145.9000
2097.6563	94.0700	145.6000
2102.0508	94.1400	145.2000
2106.4453	94.2100	144.8000
2110.8398	94.2900	144.4000
2115.2344	94.3600	143.9000
2119.6289	94.4400	143.4000
2124.0234	94.5100	142.8000
2128.4180	94.5800	142.2000
2132.8125	94.6400	141.6000
2137.2070	94.7000	140.9000
2141.6016	94.7500	140.2000
2145.9961	94.7900	139.6000
2150.3906	94.8200	138.9000
2154.7852	94.8500	138.3000
2159.1797	94.8700	137.7000
2163.5742	94.8900	137.1000
2167.9688	94.9200	136.6000
2172.3633	94.9400	136.1000
2176.7578	94.9700	135.5000
2181.1523	94.9900	135.0000
2185.5469	95.0100	134.5000
2189.9414	95.0200	133.9000
2194.3359	95.0400	133.4000
2198.7305	95.0500	132.9000
2204.5898	95.0600	132.3000
2210.4492	95.0700	131.6000
2216.3086	95.0700	131.0000
2222.1680	95.0700	130.5000
2228.0273	95.0700	130.0000
2233.8867	95.0600	129.5000
2239.7461	95.0600	129.2000
2245.6055	95.0600	128.9000
2251.4648	95.0700	128.6000
2257.3242	95.0800	128.5000
2263.1836	95.1200	128.3000
2269.0430	95.1700	128.2000
2274.9023	95.2400	127.9000
2280.7617	95.3200	127.6000
2286.6211	95.4000	127.2000
2292.4805	95.4900	126.6000
2298.3398	95.5600	125.9000
2304.1992	95.6300	125.2000
2310.0586	95.6700	124.3000
2315.9180	95.7000	123.5000
2321.7773	95.7100	122.7000
2327.6367	95.7000	122.0000
2333.4961	95.6900	121.3000
2339.3555	95.6700	120.8000
2345.2148	95.6600	120.3000
2351.0742	95.6500	119.9000
2356.9336	95.6400	119.5000
2362.7930	95.6500	119.2000
2368.6523	95.6600	118.9000
2374.5117	95.6800	118.5000
2380.3711	95.7000	118.1000
2386.2305	95.7300	117.7000
2392.0898	95.7600	117.2000
2397.9492	95.7800	116.7000
2403.8086	95.7900	116.1000
2409.6680	95.7900	115.5000
2415.5273	95.7800	114.9000
2421.3867	95.7600	114.4000
2427.2461	95.7300	113.9000
2433.1055	95.7000	113.6000
2438.9648	95.6700	113.3000
2444.8242	95.6500	113.0000
2450.6836	95.6400	112.9000
2456.5430	95.6300	112.7000
2462.4023	95.6300	112.5000
2468.2617	95.6400	112.4000
2474.1211	95.6500	112.2000
2479.9805	95.6700	111.9000
2485.8398	95.6900	111.7000
2491.6992	95.7100	111.3000
2497.5586	95.7100	111.0000
2503.4180	95.7100	110.6000
2509.2773	95.7100	110.3000
2515.1367	95.6900	110.0000
2520.9961	95.6800	109.8000
2526.8555	95.6600	109.7000
2532.7148	95.6500	109.6000
2538.5742	95.6400	109.5000
2544.4336	95.6400	109.6000
2550.2930	95.6500	109.6000
2556.1523	95.6800	109.7000
2562.0117	95.7200	109.8000
2567.8711	95.7700	109.8000
2573.7305	95.8300	109.7000
2579.5898	95.9000	109.6000
2585.4492	95.9700	109.4000
2591.3086	96.0400	109.0000
2597.1680	96.1000	108.6000
2603.0273	96.1600	108.2000
2608.8867	96.2000	107.7000
2614.7461	96.2300	107.2000
2620.6055	96.2600	106.7000
2626.4648	96.2800	106.2000
2632.3242	96.2900	105.8000
2638.1836	96.3000	105.3000
2644.0430	96.3100	104.9000
2649.9023	96.3100	104.5000
2655.7617	96.3100	104.2000
2661.6211	96.3200	103.9000
2667.4805	96.3200	103.6000
2673.3398	96.3300	103.4000
2679.1992	96.3500	103.1000
2685.0586	96.3700	102.8000
2690.9180	96.3900	102.5000
2696.7773	96.4100	102.2000
2702.6367	96.4300	101.9000
2708.4961	96.4500	101.5000
2714.3555	96.4700	101.1000
2720.2148	96.4800	100.7000
2726.0742	96.4800	100.4000
2731.9336	96.4900	100.0000
2737.7930	96.4900	99.6000
2743.6523	96.4900	99.3000
2749.5117	96.5000	98.9000
2755.3711	96.4900	98.6000
2761.2305	96.4900	98.3000
2767.0898	96.4900	98.0000
2772.9492	96.4800	97.7000
2778.8086	96.4800	97.4000
2784.6680	96.4800	97.1000
2790.5273	96.4800	96.9000
2796.3867	96.4800	96.6000
2802.2461	96.4800	96.3000
2808.1055	96.4800	96.0000
2813.9648	96.4800	95.7000
2819.8242	96.4700	95.4000
2825.6836	96.4600	95.1000
2831.5430	96.4400	94.9000
2837.4023	96.4300	94.7000
2843.2617	96.4200	94.5000
2849.1211	96.4200	94.3000
2854.9805	96.4100	94.1000
2860.8398	96.4100	93.9000
2866.6992	96.4100	93.8000
2872.5586	96.4100	93.6000
2878.4180	96.4100	93.3000
2884.2773	96.4100	93.1000
2890.1367	96.4100	92.9000
2895.9961	96.4000	92.7000
2901.8555	96.3900	92.4000
2907.7148	96.3800	92.2000
2913.5742	96.3700	92.1000
2919.4336	96.3600	91.9000
2925.2930	96.3500	91.7000
2931.1523	96.3300	91.6000
2938.4766	96.3200	91.5000
2945.8008	96.3100	91.4000
2953.1250	96.3100	91.4000
2960.4492	96.3100	91.3000
2967.7734	96.3100	91.2000
2975.0977	96.3100	91.1000
2982.4219	96.3100	91.0000
2989.7461	96.3200	90.9000
2997.0703	96.3300	90.9000
3004.3945	96.3400	90.8000
3011.7188	96.3500	90.6000
3019.0430	96.3500	90.5000
3026.3672	96.3500	90.5000
3033.6914	96.3500	90.4000
3041.0156	96.3600	90.5000
3048.3398	96.3800	90.5000
3055.6641	96.4000	90.6000
3062.9883	96.4400	90.6000
3070.3125	96.4800	90.6000
3077.6367	96.5200	90.6000
3084.9609	96.5700	90.4000
3092.2852	96.6100	90.3000
3099.6094	96.6500	90.1000
3106.9336	96.6800	89.9000
3114.2578	96.7000	89.7000
3121.5820	96.7300	89.6000
3128.9063	96.7600	89.5000
3136.2305	96.7900	89.4000
3143.5547	96.8400	89.3000
3150.8789	96.8800	89.1000
3158.2031	96.9200	88.9000
3165.5273	96.9600	88.8000
3172.8516	97.0000	88.6000
3180.1758	97.0500	88.4000
3187.5000	97.0900	88.1000
3194.8242	97.1300	87.9000
3202.1484	97.1700	87.7000
3209.4727	97.2000	87.4000
3216.7969	97.2400	87.2000
3224.1211	97.2700	86.9000
3231.4453	97.3100	86.7000
3238.7695	97.3400	86.5000
3246.0938	97.3800	86.3000
3253.4180	97.4200	86.1000
3260.7422	97.4700	85.9000
3268.0664	97.5200	85.6000
3275.3906	97.5700	85.3000
3282.7148	97.6200	85.0000
3290.0391	97.6700	84.7000
3297.3633	97.7200	84.4000
3304.6875	97.7700	84.0000
3312.0117	97.8200	83.6000
3319.3359	97.8600	83.1000
3326.6602	97.9000	82.7000
3333.9844	97.9300	82.2000
3341.3086	97.9600	81.8000
3348.6328	97.9900	81.3000
3355.9570	98.0100	80.9000
3363.2813	98.0300	80.4000
3370.6055	98.0500	80.0000
3377.9297	98.0700	79.6000
3385.2539	98.0800	79.2000
3392.5781	98.1000	78.8000
3399.9023	98.1100	78.5000
3407.2266	98.1300	78.1000
3414.5508	98.1500	77.8000
3421.8750	98.1800	77.4000
3429.1992	98.2000	77.0000
3436.5234	98.2300	76.7000
3443.8477	98.2600	76.2000
3451.1719	98.2800	75.8000
3458.4961	98.3100	75.4000
3465.8203	98.3300	74.9000
3473.1445	98.3600	74.4000
3480.4688	98.3700	73.9000
3487.7930	98.3900	73.5000
3495.1172	98.4100	73.0000
3502.4414	98.4200	72.4000
3509.7656	98.4300	71.9000
3517.0898	98.4400	71.4000
3524.4141	98.4400	70.9000
3531.7383	98.4400	70.4000
3539.0625	98.4400	69.9000
3546.3867	98.4300	69.4000
3553.7109	98.4200	68.9000
3561.0352	98.4200	68.5000
3568.3594	98.4100	68.0000
3575.6836	98.4100	67.5000
3583.0078	98.4100	67.1000
3590.3320	98.4000	66.6000
3597.6563	98.3900	66.1000
3604.9805	98.3800	65.6000
3612.3047	98.3700	65.1000
3619.6289	98.3500	64.6000
3626.9531	98.3300	64.1000
3634.2773	98.3100	63.6000
3641.6016	98.2800	63.1000
3648.9258	98.2600	62.6000
3656.2500	98.2300	62.2000
3663.5742	98.2000	61.8000
3672.3633	98.1600	61.2000
3681.1523	98.1300	60.7000
3689.9414	98.0900	60.2000
3698.7305	98.0400	59.7000
3707.5195	98.0000	59.2000
3716.3086	97.9500	58.8000
3725.0977	97.9100	58.3000
3733.8867	97.8600	57.9000
3742.6758	97.8000	57.4000
3751.4648	97.7500	57.0000
3760.2539	97.6900	56.6000
3769.0430	97.6300	56.3000
3777.8320	97.5700	55.9000
3786.6211	97.5100	55.6000
3795.4102	97.4500	55.2000
3804.1992	97.3900	54.9000
3812.9883	97.3200	54.7000
3821.7773	97.2500	54.5000
3830.5664	97.1800	54.3000
3839.3555	97.1200	54.2000
3848.1445	97.0700	54.0000
3856.9336	97.0200	53.9000
3865.7227	96.9700	53.8000
3874.5117	96.9200	53.6000
3883.3008	96.8700	53.4000
3892.0898	96.8200	53.2000
3900.8789	96.7600	53.1000
3909.6680	96.7000	52.9000
3918.4570	96.6400	52.8000
3927.2461	96.5800	52.7000
3936.0352	96.5100	52.6000
3944.8242	96.4500	52.5000
3953.6133	96.3800	52.6000
3962.4023	96.3200	52.6000
3971.1914	96.2600	52.7000
3979.9805	96.2000	52.8000
3988.7695	96.1400	52.9000
3997.5586	96.0900	53.0000
4006.3477	96.0400	53.2000
4015.1367	96.0000	53.4000
4023.9258	95.9600	53.6000
4032.7148	95.9300	53.8000
4041.5039	95.9000	54.0000
4050.2930	95.8800	54.2000
4059.0820	95.8500	54.4000
4067.8711	95.8300	54.6000
4076.6602	95.8100	54.8000
4085.4492	95.7900	55.0000
4094.2383	95.7800	55.3000
4103.0273	95.7800	55.5000
4111.8164	95.7800	55.7000
4120.6055	95.7800	55.8000
4129.3945	95.7900	56.0000
4138.1836	95.7900	56.2000
4146.9727	95.8000	56.4000
4155.7617	95.8100	56.5000
4164.5508	95.8300	56.6000
4173.3398	95.8500	56.7000
4182.1289	95.8600	56.8000
4190.9180	95.8800	56.9000
4199.7070	95.9000	56.9000
4208.4961	95.9100	57.0000
4217.2852	95.9300	57.0000
4226.0742	95.9400	57.0000
4234.8633	95.9500	57.0000
4243.6523	95.9600	57.0000
4252.4414	95.9700	57.1000
4261.2305	95.9800	57.2000
4270.0195	95.9900	57.3000
4278.8086	96.0200	57.4000
4287.5977	96.0500	57.5000
4296.3867	96.0900	57.5000
4305.1758	96.1200	57.5000
4313.9648	96.1600	57.5000
4322.7539	96.2000	57.5000
4331.5430	96.2400	57.4000
4340.3320	96.2700	57.3000
4349.1211	96.3100	57.2000
4357.9102	96.3500	57.1000
4366.6992	96.3800	56.9000
4375.4883	96.4200	56.7000
4384.2773	96.4500	56.5000
4393.0664	96.4800	56.3000
4401.8555	96.5100	56.0000
4412.1094	96.5400	55.7000
4422.3633	96.5700	55.4000
4432.6172	96.5900	55.1000
4442.8711	96.6100	54.7000
4453.1250	96.6200	54.3000
4463.3789	96.6300	54.0000
4473.6328	96.6300	53.7000
4483.8867	96.6300	53.4000
4494.1406	96.6400	53.1000
4504.3945	96.6400	52.8000
4514.6484	96.6400	52.5000
4524.9023	96.6400	52.2000
4535.1563	96.6400	51.9000
4545.4102	96.6400	51.6000
4555.6641	96.6300	51.3000
4565.9180	96.6300	51.0000
4576.1719	96.6200	50.7000
4586.4258	96.6200	50.4000
4596.6797	96.6100	50.0000
4606.9336	96.6100	49.7000
4617.1875	96.5900	49.3000
4627.4414	96.5700	48.9000
4637.6953	96.5400	48.5000
4647.9492	96.5100	48.2000
4658.2031	96.4800	48.0000
4668.4570	96.4500	47.7000
4678.7109	96.4100	47.4000
4688.9648	96.3800	47.2000
4699.2188	96.3500	46.9000
4709.4727	96.3100	46.7000
4719.7266	96.2700	46.5000
4729.9805	96.2300	46.3000
4740.2344	96.1900	46.2000
4750.4883	96.1500	46.0000
4760.7422	96.1100	45.9000
4770.9961	96.0800	45.8000
4781.2500	96.0500	45.7000
4791.5039	96.0200	45.6000
4801.7578	95.9900	45.4000
4812.0117	95.9500	45.2000
4822.2656	95.9100	45.1000
4832.5195	95.8700	45.0000
4842.7734	95.8300	44.9000
4853.0273	95.7900	44.8000
4863.2813	95.7400	44.8000
4873.5352	95.7100	44.7000
4883.7891	95.6700	44.7000
4894.0430	95.6400	44.7000
4904.2969	95.6000	44.6000
4914.5508	95.5600	44.6000
4924.8047	95.5300	44.5000
4935.0586	95.4800	44.5000
4945.3125	95.4400	44.5000
4955.5664	95.3900	44.5000
4965.8203	95.3400	44.6000
4976.0742	95.3000	44.7000
4986.3281	95.2600	44.8000
4996.5820	95.2300	44.9000
5006.8359	95.1900	45.1000
5017.0898	95.1600	45.2000
5027.3438	95.1400	45.3000
5037.5977	95.1100	45.5000
5047.8516	95.0800	45.6000
5058.1055	95.0600	45.7000
5068.3594	95.0300	45.9000
5078.6133	95.0100	46.0000
5088.8672	94.9900	46.2000
5099.1211	94.9700	46.4000
5109.3750	94.9600	46.5000
5119.6289	94.9400	46.7000
5129.8828	94.9200	46.8000
5141.6016	94.9000	47.0000
5153.3203	94.8800	47.2000
5165.0391	94.8700	47.5000
5176.7578	94.8500	47.7000
5188.4766	94.8400	48.0000
5200.1953	94.8400	48.2000
5211.9141	94.8400	48.5000
5223.6328	94.8500	48.7000
5235.3516	94.8500	48.9000
5247.0703	94.8600	49.1000
5258.7891	94.8600	49.3000
5270.5078	94.8600	49.5000
5282.2266	94.8800	49.8000
5293.9453	94.9000	50.0000
5305.6641	94.9200	50.2000
5317.3828	94.9400	50.4000
5329.1016	94.9700	50.5000
5340.8203	94.9900	50.6000
5352.5391	95.0200	50.7000
5364.2578	95.0400	50.8000
5375.9766	95.0600	50.9000
5387.6953	95.0800	50.9000
5399.4141	95.1000	51.0000
5411.1328	95.1200	51.0000
5422.8516	95.1400	51.0000
5434.5703	95.1600	51.1000
5446.2891	95.1800	51.1000
5458.0078	95.1900	51.1000
5469.7266	95.2100	51.2000
5481.4453	95.2300	51.2000
5493.1641	95.2500	51.3000
5504.8828	95.2600	51.3000
5516.6016	95.2800	51.3000
5528.3203	95.2900	51.3000
5540.0391	95.3100	51.4000
5551.7578	95.3300	51.4000
5563.4766	95.3500	51.4000
5575.1953	95.3700	51.5000
5586.9141	95.3900	51.5000
5598.6328	95.4100	51.5000
5610.3516	95.4300	51.5000
5622.0703	95.4600	51.5000
5633.7891	95.4800	51.5000
5645.5078	95.5000	51.5000
5657.2266	95.5300	51.4000
5668.9453	95.5500	51.4000
5680.6641	95.5700	51.3000
5692.3828	95.5900	51.3000
5704.1016	95.6100	51.2000
5715.8203	95.6300	51.1000
5727.5391	95.6400	51.1000
5739.2578	95.6600	51.0000
5750.9766	95.6800	50.9000
5762.6953	95.6900	50.8000
5774.4141	95.7000	50.7000
5786.1328	95.7200	50.7000
5797.8516	95.7400	50.6000
5809.5703	95.7500	50.5000
5821.2891	95.7700	50.4000
5833.0078	95.7800	50.3000
5844.7266	95.8000	50.2000
5856.4453	95.8100	50.1000
5868.1641	95.8200	49.9000
5881.3477	95.8300	49.7000
5894.5313	95.8400	49.6000
5907.7148	95.8500	49.4000
5920.8984	95.8500	49.2000
5934.0820	95.8400	49.1000
5947.2656	95.8400	48.9000
5960.4492	95.8400	48.8000
5973.6328	95.8300	48.7000
5986.8164	95.8200	48.5000
6000.0000	95.8100	48.4000
6013.1836	95.8000	48.3000
6026.3672	95.7900	48.2000
6039.5508	95.7700	48.1000
6052.7344	95.7500	48.0000
6065.9180	95.7300	48.0000
6079.1016	95.7100	47.9000
6092.2852	95.7000	47.9000
6105.4688	95.6800	47.9000
6118.6523	95.6500	47.9000
6131.8359	95.6300	47.9000
6145.0195	95.6100	48.0000
6158.2031	95.5900	48.0000
6171.3867	95.5700	48.1000
6184.5703	95.5500	48.2000
6197.7539	95.5400	48.4000
6210.9375	95.5200	48.5000
6224.1211	95.5100	48.7000
6237.3047	95.5000	48.9000
6250.4883	95.4900	49.0000
6263.6719	95.4900	49.2000
6276.8555	95.4800	49.4000
6290.0391	95.4800	49.6000
6303.2227	95.4900	49.8000
6316.4063	95.4900	50.1000
6329.5898	95.5000	50.3000
6342.7734	95.5000	50.5000
6355.9570	95.5200	50.8000
6369.1406	95.5300	51.0000
6382.3242	95.5500	51.3000
6395.5078	95.5800	51.6000
6408.6914	95.6100	51.8000
6421.8750	95.6500	52.0000
6435.0586	95.6900	52.2000
6448.2422	95.7300	52.4000
6461.4258	95.7700	52.6000
6474.6094	95.8100	52.8000
6487.7930	95.8600	52.9000
6500.9766	95.9200	53.0000
6514.1602	95.9700	53.1000
6527.3438	96.0300	53.1000
6540.5273	96.0900	53.2000
6553.7109	96.1400	53.2000
6566.8945	96.2000	53.1000
6580.0781	96.2600	53.0000
6593.2617	96.3100	52.9000
6607.9102	96.3700	52.8000
6622.5586	96.4200	52.6000
6637.2070	96.4700	52.4000
6651.8555	96.5200	52.2000
6666.5039	96.5700	52.0000
6681.1523	96.6100	51.8000
6695.8008	96.6500	51.5000
6710.4492	96.6800	51.2000
6725.0977	96.7100	50.9000
6739.7461	96.7400	50.6000
6754.3945	96.7500	50.3000
6769.0430	96.7700	50.0000
6783.6914	96.7700	49.7000
6798.3398	96.7800	49.5000
6812.9883	96.7900	49.2000
6827.6367	96.7900	49.0000
6842.2852	96.7900	48.8000
6856.9336	96.7800	48.6000
6871.5820	96.7800	48.4000
6886.2305	96.7700	48.2000
6900.8789	96.7700	48.1000
6915.5273	96.7600	48.0000
6930.1758	96.7500	47.8000
6944.8242	96.7500	47.7000
6959.4727	96.7400	47.7000
6974.1211	96.7400	47.6000
6988.7695	96.7400	47.5000
7003.4180	96.7300	47.4000
7018.0664	96.7300	47.4000
7032.7148	96.7200	47.4000
7047.3633	96.7200	47.3000
7062.0117	96.7200	47.3000
7076.6602	96.7300	47.3000
7091.3086	96.7300	47.2000
7105.9570	96.7300	47.2000
7120.6055	96.7400	47.2000
7135.2539	96.7500	47.1000
7149.9023	96.7500	47.0000
7164.5508	96.7500	47.0000
7179.1992	96.7500	46.9000
7193.8477	96.7500	46.8000
7208.4961	96.7500	46.8000
7223.1445	96.7400	46.7000
7237.7930	96.7400	46.7000
7252.4414	96.7300	46.6000
7267.0898	96.7200	46.6000
7281.7383	96.7100	46.7000
7296.3867	96.7000	46.7000
7311.0352	96.6900	46.8000
7325.6836	96.6800	46.9000
7341.7969	96.6800	47.0000
7357.9102	96.6800	47.1000
7374.0234	96.6800	47.2000
7390.1367	96.6900	47.4000
7406.2500	96.7000	47.5000
7422.3633	96.7100	47.6000
7438.4766	96.7200	47.8000
7454.5898	96.7400	47.9000
7470.7031	96.7600	48.1000
7486.8164	96.7800	48.3000
7502.9297	96.8100	48.4000
7519.0430	96.8400	48.5000
7535.1563	96.8700	48.7000
7551.2695	96.9100	48.8000
7567.3828	96.9400	48.9000
7583.4961	96.9800	49.0000
7599.6094	97.0300	49.1000
7615.7227	97.0700	49.2000
7631.8359	97.1200	49.2000
7647.9492	97.1700	49.2000
7664.0625	97.2200	49.2000
7680.1758	97.2700	49.2000
7696.2891	97.3200	49.2000
7712.4023	97.3700	49.1000
7728.5156	97.4100	49.1000
7744.6289	97.4600	49.0000
7760.7422	97.5100	48.9000
7776.8555	97.5600	48.7000
7792.9688	97.6000	48.6000
7809.0820	97.6500	48.5000
7825.1953	97.6900	48.4000
7841.3086	97.7400	48.2000
7857.4219	97.7800	48.1000
7873.5352	97.8200	47.9000
7889.6484	97.8700	47.7000
7905.7617	97.9100	47.5000
7921.8750	97.9500	47.3000
7937.9883	97.9900	47.1000
7954.1016	98.0400	46.9000
7970.2148	98.0800	46.6000
7986.3281	98.1200	46.4000
8002.4414	98.1600	46.1000
8018.5547	98.2100	45.8000
8034.6680	98.2500	45.5000
8050.7813	98.2900	45.2000
8066.8945	98.3300	44.8000
8084.4727	98.3700	44.4000
8102.0508	98.4100	43.9000
8119.6289	98.4400	43.4000
8137.2070	98.4600	42.9000
8154.7852	98.4800	42.3000
8172.3633	98.4900	41.7000
8189.9414	98.4900	41.2000
8207.5195	98.4900	40.6000
8225.0977	98.4700	40.0000
8242.6758	98.4500	39.4000
8260.2539	98.4100	38.8000
8277.8320	98.3600	38.3000
8295.4102	98.3100	37.8000
8312.9883	98.2500	37.3000
8330.5664	98.1800	36.9000
8348.1445	98.1100	36.6000
8365.7227	98.0200	36.3000
8383.3008	97.9300	36.1000
8400.8789	97.8400	35.9000
8418.4570	97.7400	35.9000
8436.0352	97.6500	35.9000
8453.6133	97.5500	36.1000
8471.1914	97.4600	36.3000
8488.7695	97.3800	36.6000
8506.3477	97.3000	37.0000
8523.9258	97.2300	37.5000
8541.5039	97.1800	38.1000
8559.0820	97.1400	38.7000
8576.6602	97.1100	39.4000
8594.2383	97.1000	40.1000
8611.8164	97.1100	40.8000
8629.3945	97.1300	41.5000
8646.9727	97.1700	42.1000
8664.5508	97.2200	42.7000
8682.1289	97.2800	43.3000
8699.7070	97.3500	43.8000
8717.2852	97.4400	44.2000
8734.8633	97.5300	44.6000
8752.4414	97.6200	44.9000
8770.0195	97.7200	45.1000
8787.5977	97.8300	45.3000
8805.1758	97.9300	45.3000
8824.2188	98.0400	45.3000
8843.2617	98.1500	45.3000
8862.3047	98.2500	45.1000
8881.3477	98.3500	44.9000
8900.3906	98.4500	44.7000
8919.4336	98.5500	44.4000
8938.4766	98.6400	44.0000
8957.5195	98.7200	43.6000
8976.5625	98.8000	43.2000
8995.6055	98.8700	42.8000
9014.6484	98.9400	42.3000
9033.6914	99.0000	41.8000
9052.7344	99.0500	41.3000
9071.7773	99.1000	40.7000
9090.8203	99.1500	40.1000
9109.8633	99.1900	39.6000
9128.9063	99.2200	39.0000
9147.9492	99.2500	38.3000
9166.9922	99.2600	37.7000
9186.0352	99.2800	37.1000
9205.0781	99.2800	36.4000
9224.1211	99.2800	35.8000
9243.1641	99.2700	35.2000
9262.2070	99.2500	34.5000
9281.2500	99.2200	33.9000
9300.2930	99.1900	33.3000
9319.3359	99.1400	32.7000
9338.3789	99.0900	32.2000
9357.4219	99.0200	31.7000
9376.4648	98.9500	31.3000
9395.5078	98.8800	30.9000
9414.5508	98.7900	30.6000
9433.5938	98.7100	30.4000
9452.6367	98.6200	30.2000
9471.6797	98.5300	30.2000
9490.7227	98.4400	30.2000
9509.7656	98.3600	30.3000
9528.8086	98.2800	30.5000
9549.3164	98.2000	30.8000
9569.8242	98.1400	31.2000
9590.3320	98.0800	31.7000
9610.8398	98.0500	32.2000
9631.3477	98.0200	32.7000
9651.8555	98.0200	33.3000
9672.3633	98.0300	33.8000
9692.8711	98.0500	34.4000
9713.3789	98.1000	34.9000
9733.8867	98.1500	35.3000
9754.3945	98.2100	35.7000
9774.9023	98.2900	35.9000
9795.4102	98.3600	36.2000
9815.9180	98.4500	36.3000
9836.4258	98.5300	36.4000
9856.9336	98.6200	36.4000
9877.4414	98.7000	36.3000
9897.9492	98.7800	36.1000
9918.4570	98.8600	35.9000
9938.9648	98.9400	35.7000
9959.4727	99.0100	35.4000
9979.9805	99.0800	35.0000
10000.4880	99.1400	34.7000
10020.9960	99.1900	34.2000
10041.5040	99.2400	33.8000
10062.0120	99.2900	33.3000
10082.5200	99.3200	32.8000
10103.0270	99.3500	32.3000
10123.5350	99.3800	31.7000
10144.0430	99.3900	31.2000
10164.5510	99.4000	30.6000
10185.0590	99.4000	30.1000
10205.5660	99.3900	29.5000
10226.0740	99.3700	29.0000
10246.5820	99.3500	28.4000
10267.0900	99.3100	27.9000
10289.0630	99.2700	27.4000
10311.0350	99.2200	27.0000
10333.0080	99.1500	26.6000
10354.9800	99.0900	26.2000
10376.9530	99.0100	25.9000
10398.9260	98.9400	25.7000
10420.8980	98.8600	25.6000
10442.8710	98.7700	25.6000
10464.8440	98.6900	25.6000
10486.8160	98.6200	25.8000
10508.7890	98.5500	26.0000
10530.7620	98.4800	26.3000
10552.7340	98.4300	26.7000
10574.7070	98.3900	27.2000
10596.6800	98.3600	27.7000
10618.6520	98.3500	28.3000
10640.6250	98.3600	28.9000
10662.5980	98.3900	29.4000
10684.5700	98.4300	29.9000
10706.5430	98.4900	30.4000
10728.5160	98.5600	30.8000
10750.4880	98.6400	31.2000
10772.4610	98.7300	31.4000
10794.4340	98.8200	31.6000
10816.4060	98.9200	31.7000
10838.3790	99.0200	31.7000
10860.3520	99.1200	31.6000
10882.3240	99.2200	31.5000
10904.2970	99.3200	31.2000
10926.2700	99.4100	30.9000
10948.2420	99.5000	30.6000
10970.2150	99.5800	30.1000
10992.1880	99.6600	29.7000
11015.6250	99.7300	29.1000
11039.0630	99.8000	28.5000
11062.5000	99.8500	27.9000
11085.9380	99.9000	27.3000
11109.3750	99.9400	26.6000
11132.8130	99.9700	25.9000
11156.2500	99.9900	25.2000
11179.6880	100.0100	24.5000
11203.1250	100.0100	23.8000
11226.5630	100.0000	23.0000
11250.0000	99.9900	22.4000
11273.4380	99.9600	21.7000
11296.8750	99.9200	21.1000
11320.3130	99.8800	20.5000
11343.7500	99.8300	19.9000
11367.1880	99.7700	19.4000
11390.6250	99.7100	19.0000
11414.0630	99.6500	18.6000
11437.5000	99.5800	18.3000
11460.9380	99.5100	18.0000
11484.3750	99.4400	17.8000
11507.8130	99.3800	17.7000
11531.2500	99.3200	17.6000
11554.6880	99.2600	17.5000
11578.1250	99.2000	17.5000
11601.5630	99.1600	17.6000
11625.0000	99.1100	17.6000
11648.4380	99.0800	17.7000
11671.8750	99.0500	17.8000
11695.3130	99.0300	17.9000
11718.7500	99.0100	18.0000
11743.6520	99.0000	18.0000
11768.5550	98.9900	18.1000
11793.4570	98.9800	18.1000
11818.3590	98.9800	18.2000
11843.2620	98.9700	18.2000
11868.1640	98.9700	18.2000
11893.0660	98.9600	18.2000
11917.9690	98.9600	18.3000
11942.8710	98.9600	18.3000
11967.7730	98.9600	18.3000
11992.6760	98.9700	18.4000
12017.5780	98.9800	18.5000
12042.4800	98.9900	18.5000
12067.3830	99.0100	18.6000
12092.2850	99.0300	18.6000
12117.1880	99.0600	18.7000
12142.0900	99.1000	18.7000
12166.9920	99.1400	18.7000
12191.8950	99.1800	18.7000
12216.7970	99.2300	18.6000
12241.6990	99.2900	18.4000
12266.6020	99.3400	18.3000
12291.5040	99.4000	18.0000
12316.4060	99.4500	17.7000
12341.3090	99.5000	17.4000
12366.2110	99.5500	17.0000
12391.1130	99.6000	16.5000
12416.0160	99.6400	16.0000
12440.9180	99.6700	15.5000
12465.8200	99.7100	15.0000
12492.1880	99.7300	14.3000
12518.5550	99.7500	13.6000
12544.9220	99.7700	12.9000
12571.2890	99.7700	12.2000
12597.6560	99.7600	11.4000
12624.0230	99.7400	10.6000
12650.3910	99.7000	9.8000
12676.7580	99.6500	9.0000
12703.1250	99.5900	8.3000
12729.4920	99.5200	7.5000
12755.8590	99.4300	6.9000
12782.2270	99.3300	6.2000
12808.5940	99.2200	5.7000
12834.9610	99.1000	5.2000
12861.3280	98.9700	4.8000
12887.6950	98.8300	4.5000
12914.0630	98.6900	4.4000
12940.4300	98.5400	4.3000
12966.7970	98.3900	4.4000
12993.1640	98.2500	4.6000
13019.5310	98.1100	5.0000
13045.8980	97.9900	5.5000
13072.2660	97.8800	6.2000
13098.6330	97.7900	6.9000
13125.0000	97.7200	7.7000
13151.3670	97.6800	8.6000
13177.7340	97.6600	9.6000
13204.1020	97.6700	10.5000
13231.9340	97.7200	11.4000
13259.7660	97.7900	12.2000
13287.5980	97.8800	12.9000
13315.4300	97.9900	13.4000
13343.2620	98.1200	13.8000
13371.0940	98.2500	14.0000
13398.9260	98.3900	14.0000
13426.7580	98.5200	13.8000
13454.5900	98.6500	13.5000
13482.4220	98.7700	13.0000
13510.2540	98.8800	12.4000
13538.0860	98.9700	11.7000
13565.9180	99.0400	10.9000
13593.7500	99.0900	10.1000
13621.5820	99.1200	9.2000
13649.4140	99.1400	8.3000
13677.2460	99.1300	7.3000
13705.0780	99.1100	6.4000
13732.9100	99.0700	5.6000
13760.7420	99.0100	4.7000
13788.5740	98.9500	4.0000
13816.4060	98.8700	3.3000
13844.2380	98.7800	2.6000
13872.0700	98.6800	2.0000
13899.9020	98.5700	1.5000
13927.7340	98.4500	1.1000
13957.0310	98.3200	0.8000
13986.3280	98.1900	0.5000
14015.6250	98.0500	0.4000
14044.9220	97.9000	0.4000
14074.2190	97.7600	0.6000
14103.5160	97.6300	0.9000
14132.8130	97.5100	1.4000
14162.1090	97.4000	2.0000
14191.4060	97.3200	2.7000
14220.7030	97.2600	3.6000
14250.0000	97.2400	4.4000
14279.2970	97.2500	5.3000
14308.5940	97.2800	6.1000
14337.8910	97.3500	6.7000
14367.1880	97.4400	7.3000
14396.4840	97.5400	7.6000
14425.7810	97.6500	7.8000
14455.0780	97.7600	7.8000
14484.3750	97.8600	7.6000
14513.6720	97.9500	7.4000
14542.9690	98.0400	7.0000
14572.2660	98.1100	6.5000
14601.5630	98.1700	6.0000
14630.8590	98.2200	5.5000
14660.1560	98.2600	4.9000
14690.9180	98.2900	4.3000
14721.6800	98.3200	3.6000
14752.4410	98.3500	2.9000
14783.2030	98.3600	2.1000
14813.9650	98.3600	1.3000
14844.7270	98.3600	0.4000
14875.4880	98.3300	-0.5000
14906.2500	98.2900	-1.5000
14937.0120	98.2300	-2.5000
14967.7730	98.1400	-3.5000
14998.5350	98.0200	-4.5000
15029.2970	97.8800	-5.4000
15060.0590	97.7200	-6.1000
15090.8200	97.5400	-6.8000
15121.5820	97.3300	-7.2000
15152.3440	97.1200	-7.4000
15183.1050	96.9000	-7.4000
15213.8670	96.6900	-7.2000
15244.6290	96.4900	-6.7000
15275.3910	96.3000	-6.0000
15306.1520	96.1500	-5.1000
15336.9140	96.0200	-4.0000
15367.6760	95.9400	-2.8000
15398.4380	95.9000	-1.6000
15430.6640	95.9000	-0.4000
15462.8910	95.9400	0.8000
15495.1170	96.0200	1.8000
15527.3440	96.1400	2.6000
15559.5700	96.2700	3.1000
15591.7970	96.4200	3.4000
15624.0230	96.5700	3.4000
15656.2500	96.7100	3.2000
15688.4770	96.8500	2.7000
15720.7030	96.9600	2.1000
15752.9300	97.0600	1.3000
15785.1560	97.1300	0.3000
15817.3830	97.1700	-0.8000
15849.6090	97.1800	-1.9000
15881.8360	97.1600	-3.1000
15914.0630	97.1000	-4.3000
15946.2890	97.0200	-5.4000
15978.5160	96.9100	-6.5000
16010.7420	96.7700	-7.5000
16042.9690	96.6000	-8.3000
16075.1950	96.4100	-9.1000
16107.4220	96.2000	-9.6000
16139.6480	95.9700	-10.0000
16173.3400	95.7200	-10.1000
16207.0310	95.4600	-10.0000
16240.7230	95.1900	-9.6000
16274.4140	94.9400	-8.8000
16308.1050	94.7100	-7.7000
16341.7970	94.5100	-6.4000
16375.4880	94.3600	-4.7000
16409.1800	94.2700	-3.0000
16442.8710	94.2400	-1.2000
16476.5630	94.2700	0.6000
16510.2540	94.3600	2.1000
16543.9450	94.4800	3.4000
16577.6370	94.6400	4.5000
16611.3280	94.8100	5.2000
16645.0200	94.9900	5.6000
16678.7110	95.1700	5.8000
16712.4020	95.3300	5.7000
16746.0940	95.4800	5.5000
16779.7850	95.6200	5.0000
16813.4770	95.7400	4.5000
16847.1680	95.8300	3.8000
16882.3240	95.9100	2.9000
16917.4800	95.9700	2.0000
16952.6370	96.0000	1.1000
16987.7930	96.0100	0.1000
17022.9490	96.0000	-1.0000
17058.1050	95.9600	-2.0000
17093.2620	95.8900	-3.1000
17128.4180	95.8000	-4.2000
17163.5740	95.6700	-5.3000
17198.7300	95.5100	-6.2000
17233.8870	95.3100	-7.1000
17269.0430	95.0700	-7.7000
17304.1990	94.8100	-8.1000
17339.3550	94.5200	-8.1000
17374.5120	94.2200	-7.8000
17409.6680	93.9200	-7.0000
17444.8240	93.6400	-5.7000
17479.9800	93.4100	-4.0000
17515.1370	93.2500	-2.0000
17550.2930	93.1600	0.3000
17585.4490	93.1700	2.5000
17622.0700	93.2600	4.7000
17658.6910	93.4100	6.5000
17695.3130	93.6200	7.9000
17731.9340	93.8500	8.9000
17768.5550	94.0800	9.4000
17805.1760	94.3100	9.6000
17841.7970	94.5200	9.5000
17878.4180	94.7000	9.1000
17915.0390	94.8600	8.6000
17951.6600	94.9800	7.9000
17988.2810	95.0800	7.1000
18024.9020	95.1600	6.2000
18061.5230	95.2100	5.3000
18098.1450	95.2300	4.4000
18134.7660	95.2200	3.4000
18171.3870	95.1800	2.5000
18208.0080	95.1200	1.5000
18244.6290	95.0300	0.7000
18281.2500	94.9000	-0.1000
18317.8710	94.7500	-0.7000
18355.9570	94.5700	-1.1000
18394.0430	94.3600	-1.3000
18432.1290	94.1400	-1.1000
18470.2150	93.9300	-0.6000
18508.3010	93.7200	0.3000
18546.3870	93.5600	1.6000
18584.4730	93.4400	3.1000
18622.5590	93.3800	4.9000
18660.6450	93.4000	6.7000
18698.7300	93.4900	8.4000
18736.8160	93.6400	9.8000
18774.9020	93.8400	11.0000
18812.9880	94.0700	11.8000
18851.0740	94.3100	12.2000
18889.1600	94.5600	12.3000
18927.2460	94.8000	11.9000
18965.3320	95.0200	11.3000
19003.4180	95.2100	10.3000
19041.5040	95.3500	9.2000
19079.5900	95.4600	7.8000
19119.1410	95.5300	6.3000
19158.6910	95.5400	4.8000
19198.2420	95.5100	3.3000
19237.7930	95.4300	1.8000
19277.3440	95.3100	0.5000
19316.8950	95.1400	-0.7000
19356.4450	94.9400	-1.6000
19395.9960	94.7100	-2.3000
19435.5470	94.4500	-2.6000
19475.0980	94.1700	-2.5000
19514.6480	93.9000	-2.0000
19554.1990	93.6400	-1.1000
19593.7500	93.4200	0.4000
19633.3010	93.2500	2.2000
19672.8520	93.1700	4.3000
19712.4020	93.1800	6.4000
19751.9530	93.2800	8.5000
19791.5040	93.4600	10.3000
19832.5200	93.7100	11.7000
19873.5350	93.9900	12.6000
19914.5510	94.2900	13.0000
19955.5660	94.5900	12.9000
19996.5820	94.8700	12.3000
20037.5980	95.1200	11.5000
20078.6130	95.3300	10.3000
20119.6290	95.5000	8.8000
20160.6450	95.6200	7.2000
20201.6600	95.6800	5.4000
20242.6760	95.7000	3.5000
20283.6910	95.6600	1.7000
20324.7070	95.5600	-0.1000
20365.7230	95.4000	-1.8000
20406.7380	95.1900	-3.3000
20447.7540	94.9300	-4.6000
20488.7700	94.6200	-5.5000
20529.7850	94.2800	-5.9000
20572.2660	93.9100	-5.8000
20614.7460	93.5300	-5.1000
20657.2270	93.1800	-3.7000
20699.7070	92.8800	-1.7000
20742.1880	92.6900	0.9000
20784.6680	92.6100	3.7000
20827.1480	92.6500	6.6000
20869.6290	92.8200	9.1000
20912.1090	93.0800	11.3000
20954.5900	93.4100	12.8000
20997.0700	93.7600	13.7000
21039.5510	94.1200	13.9000
21082.0310	94.4600	13.7000
21124.5120	94.7700	13.0000
21166.9920	95.0500	11.9000
21209.4730	95.2700	10.6000
21251.9530	95.4500	9.0000
21295.8980	95.5700	7.2000
21339.8440	95.6500	5.4000
21383.7890	95.6600	3.5000
21427.7340	95.6200	1.6000
21471.6800	95.5300	-0.2000
21515.6250	95.3900	-1.8000
21559.5700	95.2000	-3.2000
21603.5160	94.9600	-4.4000
21647.4610	94.6900	-5.3000
21691.4060	94.3900	-5.7000
21735.3520	94.0800	-5.6000
21779.2970	93.7700	-5.1000
21823.2420	93.5000	-4.0000
21867.1880	93.2700	-2.5000
21911.1330	93.1200	-0.6000
21955.0780	93.0600	1.4000
21999.0230	93.0800	3.3000
22044.4340	93.1800	5.2000
22089.8440	93.3500	6.7000
22135.2540	93.5700	7.9000
22180.6640	93.8100	8.6000
22226.0740	94.0600	8.8000
22271.4840	94.3000	8.7000
22316.8950	94.5200	8.3000
22362.3050	94.7100	7.5000
22407.7150	94.8700	6.6000
22453.1250	94.9900	5.4000
22498.5350	95.0600	4.2000
22543.9450	95.0900	2.9000
22589.3550	95.0800	1.7000
22634.7660	95.0200	0.5000
22680.1760	94.9300	-0.4000
22725.5860	94.8200	-1.2000
22772.4610	94.6800	-1.7000
22819.3360	94.5400	-2.0000
22866.2110	94.4100	-2.0000
22913.0860	94.3000	-1.8000
22959.9610	94.2100	-1.4000
23006.8360	94.1500	-0.9000
23053.7110	94.1100	-0.3000
23100.5860	94.1100	0.2000
23147.4610	94.1400	0.7000
23194.3360	94.1800	1.1000
23241.2110	94.2500	1.4000
23288.0860	94.3300	1.6000
23334.9610	94.4100	1.6000
23381.8360	94.5000	1.4000
23428.7110	94.5900	1.1000
23475.5860	94.6600	0.7000
23523.9260	94.7200	0.1000
23572.2660	94.7600	-0.6000
23620.6050	94.7700	-1.3000
23668.9450	94.7500	-2.0000
23717.2850	94.7100	-2.6000
23765.6250	94.6500	-3.1000
23813.9650	94.5800	-3.5000
23862.3050	94.5100	-3.8000
23910.6450	94.4300	-3.9000
23958.9840	94.3600	-3.9000
24007.3240	94.3000	-3.8000
24055.6640	94.2500	-3.5000
24104.0040	94.2200	-3.2000
24152.3440	94.2100	-2.8000
24200.6840	94.2300	-2.4000
24250.4880	94.2800	-2.0000
24300.2930	94.3700	-1.7000
24350.0980	94.4800	-1.5000
24399.9020	94.6100	-1.6000
24449.7070	94.7500	-1.9000
24499.5120	94.8900	-2.5000
24549.3160	95.0100	-3.4000
24599.1210	95.1100	-4.5000
24648.9260	95.1700	-5.9000
24698.7300	95.1900	-7.3000
24748.5350	95.1600	-8.8000
24798.3400	95.0900	-10.3000
24848.1450	94.9700	-11.6000
24897.9490	94.8000	-12.8000
24947.7540	94.6000	-13.7000
24999.0230	94.3600	-14.3000
25050.2930	94.1200	-14.4000
25101.5630	93.8900	-14.2000
25152.8320	93.6900	-13.5000
25204.1020	93.5400	-12.5000
25255.3710	93.4500	-11.4000
25306.6410	93.4300	-10.1000
25357.9100	93.4800	-9.0000
25409.1800	93.5900	-8.0000
25460.4490	93.7600	-7.3000
25511.7190	93.9500	-7.1000
25562.9880	94.1600	-7.3000
25614.2580	94.3700	-7.9000
25665.5270	94.5600	-8.9000
25718.2620	94.7100	-10.4000
25770.9960	94.8100	-12.2000
25823.7300	94.8500	-14.1000
25876.4650	94.8200	-16.2000
25929.1990	94.7200	-18.2000
25981.9340	94.5400	-20.2000
26034.6680	94.3000	-21.8000
26087.4020	94.0100	-23.1000
26140.1370	93.6700	-23.9000
26192.8710	93.3200	-24.0000
26245.6050	92.9700	-23.6000
26298.3400	92.6800	-22.5000
26351.0740	92.4600	-21.0000
26403.8090	92.3500	-19.2000
26458.0080	92.3500	-17.4000
26512.2070	92.4400	-15.9000
26566.4060	92.6100	-14.8000
26620.6050	92.8200	-14.4000
26674.8050	93.0300	-14.6000
26729.0040	93.2100	-15.2000
26783.2030	93.3600	-16.3000
26837.4020	93.4500	-17.6000
26891.6020	93.4900	-19.2000
26945.8010	93.4700	-20.8000
27000.0000	93.4000	-22.4000
27054.1990	93.2700	-23.9000
27108.3980	93.0800	-25.3000
27164.0630	92.8400	-26.5000
27219.7270	92.5700	-27.3000
27275.3910	92.2600	-27.6000
27331.0550	91.9600	-27.4000
27386.7190	91.6900	-26.8000
27442.3830	91.4700	-25.7000
27498.0470	91.3300	-24.3000
27553.7110	91.2700	-22.9000
27609.3750	91.2900	-21.6000
27665.0390	91.3800	-20.6000
27720.7030	91.5100	-20.0000
27776.3670	91.6500	-19.9000
27832.0310	91.7900	-20.2000
27889.1600	91.9100	-20.8000
27946.2890	92.0000	-21.8000
28003.4180	92.0600	-23.0000
28060.5470	92.0700	-24.4000
28117.6760	92.0200	-25.9000
28174.8050	91.9300	-27.4000
28231.9340	91.7700	-29.0000
28289.0630	91.5400	-30.4000
28346.1910	91.2500	-31.4000
28403.3200	90.9000	-32.0000
28460.4490	90.5400	-31.9000
28517.5780	90.1900	-31.0000
28574.7070	89.9100	-29.5000
28633.3010	89.7300	-27.5000
28691.8950	89.6900	-25.3000
28750.4880	89.7800	-23.4000
28809.0820	89.9700	-22.0000
28867.6760	90.2200	-21.4000
28926.2700	90.4700	-21.5000
28984.8630	90.7000	-22.3000
29043.4570	90.8800	-23.6000
29102.0510	90.9900	-25.4000
29160.6450	91.0200	-27.4000
29219.2380	90.9600	-29.6000
29277.8320	90.8000	-31.7000
29336.4260	90.5400	-33.6000
29396.4840	90.2000	-35.1000
29456.5430	89.7900	-36.0000
29516.6020	89.3600	-36.1000
29576.6600	88.9500	-35.4000
29636.7190	88.5900	-34.0000
29696.7770	88.3300	-32.0000
29756.8360	88.1900	-29.8000
29816.8950	88.1800	-27.7000
29876.9530	88.2700	-25.9000
29937.0120	88.4300	-24.7000
29997.0700	88.6100	-24.1000
30057.1290	88.8000	-24.1000
30118.6520	88.9600	-24.6000
30180.1760	89.0800	-25.4000
30241.6990	89.1600	-26.4000
30303.2230	89.2000	-27.7000
30364.7460	89.1900	-29.1000
30426.2700	89.1300	-30.5000
30487.7930	89.0100	-32.0000
30549.3160	88.8300	-33.3000
30610.8400	88.6000	-34.4000
30672.3630	88.3300	-35.1000
30733.8870	88.0300	-35.4000
30795.4100	87.7400	-35.1000
30858.3980	87.4800	-34.3000
30921.3870	87.2900	-33.2000
30984.3750	87.1800	-32.0000
31047.3630	87.1300	-31.0000
31110.3520	87.1400	-30.1000
31173.3400	87.1700	-29.6000
31236.3280	87.2200	-29.3000
31299.3160	87.2700	-29.4000
31362.3050	87.3000	-29.7000
31425.2930	87.3000	-30.3000
31488.2810	87.2700	-31.0000
31551.2700	87.1900	-31.8000
31615.7230	87.0500	-32.4000
31680.1760	86.8800	-32.8000
31744.6290	86.6900	-32.9000
31809.0820	86.5200	-32.5000
31873.5350	86.4000	-31.9000
31937.9880	86.3400	-31.1000
32002.4410	86.3300	-30.5000
32066.8950	86.3700	-30.1000
32131.3480	86.4500	-30.0000
32195.8010	86.5200	-30.4000
32260.2540	86.5700	-31.1000
32326.1720	86.5700	-32.2000
32392.0900	86.5000	-33.5000
32458.0080	86.3400	-34.8000
32523.9260	86.1100	-35.8000
32589.8440	85.8300	-36.4000
32655.7620	85.5200	-36.4000
32721.6800	85.2300	-36.0000
32787.5980	84.9700	-35.1000
32853.5160	84.7700	-34.0000
32919.4340	84.6400	-32.6000
32985.3520	84.5900	-31.2000
33052.7340	84.6200	-30.1000
33120.1170	84.7100	-29.4000
33187.5000	84.8200	-29.3000
33254.8830	84.9100	-29.6000
33322.2660	84.9700	-30.2000
33389.6480	85.0000	-30.9000
33457.0310	85.0000	-31.8000
33524.4140	84.9800	-32.9000
33591.7970	84.9000	-34.0000
33659.1800	84.7700	-35.2000
33726.5630	84.5800	-36.3000
33795.4100	84.3400	-37.1000
33864.2580	84.0600	-37.5000
33933.1050	83.7600	-37.7000
34001.9530	83.4500	-37.4000
34070.8010	83.1400	-36.6000
34139.6480	82.8700	-35.2000
34208.4960	82.6900	-33.4000
34277.3440	82.6300	-31.3000
34346.1910	82.7100	-29.5000
34415.0390	82.9000	-28.4000
34483.8870	83.1200	-28.2000
34554.1990	83.3100	-28.9000
34624.5120	83.4100	-30.2000
34694.8240	83.4000	-31.7000
34765.1370	83.3000	-33.0000
34835.4490	83.1400	-34.1000
34905.7620	82.9400	-35.0000
34976.0740	82.7000	-35.8000
35046.3870	82.3900	-36.4000
35116.6990	82.0200	-36.6000
35187.0120	81.6300	-36.0000
35258.7890	81.2700	-34.8000
35330.5660	81.0100	-33.2000
35402.3440	80.8500	-31.6000
35474.1210	80.7400	-30.2000
35545.8980	80.7000	-28.9000
35617.6760	80.7400	-27.8000
35689.4530	80.8600	-27.3000
35761.2300	80.9800	-27.7000
35833.0080	81.0200	-28.7000
35904.7850	80.9300	-29.8000
35978.0270	80.7300	-30.5000
36051.2700	80.5000	-30.5000
36124.5120	80.2700	-30.2000
36197.7540	80.0500	-29.5000
36270.9960	79.8300	-28.7000
36344.2380	79.6100	-27.9000
36417.4800	79.3500	-27.0000
36490.7230	79.0600	-25.8000
36563.9650	78.7800	-24.0000
36637.2070	78.6200	-21.8000
36711.9140	78.6200	-19.9000
36786.6210	78.7000	-19.0000
36861.3280	78.7400	-18.9000
36936.0350	78.7100	-19.1000
37010.7420	78.6300	-19.0000
37085.4490	78.5700	-18.6000
37160.1560	78.5700	-18.1000
37234.8630	78.5900	-17.9000
37309.5700	78.5600	-18.1000
37384.2770	78.4200	-18.3000
37460.4490	78.1600	-18.1000
37536.6210	77.8500	-16.8000
37612.7930	77.5800	-14.6000
37688.9650	77.4500	-11.8000
37765.1370	77.4700	-9.0000
37841.3090	77.6200	-6.8000
37917.4800	77.8700	-5.5000
37993.6520	78.1100	-5.3000
38069.8240	78.2800	-5.8000
38145.9960	78.3400	-6.3000
38223.6330	78.3400	-6.4000
38301.2700	78.3700	-6.0000
38378.9060	78.4600	-5.5000
38456.5430	78.5500	-5.3000
38534.1800	78.5900	-5.1000
38611.8160	78.5800	-4.8000
38689.4530	78.5600	-4.1000
38767.0900	78.5300	-3.4000
38844.7270	78.4600	-2.5000
38923.8280	78.4000	-0.7000
39002.9300	78.5000	1.9000
39082.0310	78.8500	4.2000
39161.1330	79.3700	5.2000
39240.2340	79.9100	4.7000
39319.3360	80.3900	3.1000
39398.4380	80.7600	0.6000
39477.5390	80.9900	-2.5000
39556.6410	81.0600	-5.9000
39637.2070	80.9600	-9.2000
39717.7730	80.7000	-12.1000
39798.3400	80.3400	-14.0000
39878.9060	80.0000	-15.0000
39959.4730	79.7300	-15.6000