1.0000	55.5100	-124.6000
3.0000	63.0200	95.2000
3.0412	63.1100	93.4000
3.0831	63.2100	91.6000
3.1255	63.3000	89.9000
3.1684	63.4000	88.1000
3.2120	63.4900	86.3000
3.2562	63.5800	84.6000
3.3010	63.6800	82.8000
3.3464	63.7700	81.0000
3.3924	63.8700	79.3000
3.4390	63.9600	77.5000
3.4863	64.0600	75.7000
3.5343	64.1500	74.0000
3.5829	64.2500	72.2000
3.6321	64.3400	70.4000
3.6821	64.4400	68.7000
3.7327	64.5300	66.9000
3.7841	64.6200	65.1000
3.8361	64.7200	63.4000
3.8888	64.8100	61.6000
3.9423	64.9100	59.8000
3.9965	65.0000	58.1000
4.0515	65.1000	56.3000
4.1072	65.2000	54.5000
4.1637	65.2900	52.7000
4.2209	65.3900	51.0000
4.2790	65.4900	49.2000
4.3378	65.6000	47.3000
4.3975	65.7200	45.5000
4.4580	65.8400	43.6000
4.5193	65.9700	41.7000
4.5814	66.1000	39.7000
4.6444	66.2300	37.8000
4.7083	66.3600	35.9000
4.7730	66.4800	34.0000
4.8387	66.6100	32.0000
4.9052	66.7300	30.2000
4.9726	66.8400	28.3000
5.0410	66.9500	26.5000
5.1104	67.0500	24.7000
5.1806	67.1500	22.9000
5.2519	67.2300	21.1000
5.3241	67.3100	19.4000
5.3973	67.3800	17.8000
5.4715	67.4400	16.2000
5.5468	67.4900	14.6000
5.6230	67.5300	13.1000
5.7004	67.5500	11.6000
5.7787	67.5500	10.2000
5.8582	67.5500	8.8000
5.9388	67.5100	7.4000
6.0204	67.4500	6.1000
6.1032	67.3700	4.8000
6.1872	67.2500	3.5000
6.2722	67.1200	2.3000
6.3585	66.9800	1.1000
6.4459	66.8200	0.0000
6.5346	66.6500	-1.2000
6.6244	66.4800	-2.2000
6.7155	66.3200	-3.3000
6.8079	66.1600	-4.3000
6.9015	66.0300	-5.2000
6.9964	65.9100	-6.0000
7.0926	65.8300	-6.8000
7.1902	65.7900	-7.5000
7.2890	65.7800	-8.2000
7.3893	65.8400	-8.8000
7.4909	65.9500	-9.3000
7.5939	66.1200	-9.7000
7.6983	66.3500	-10.1000
7.8042	66.6200	-10.5000
7.9115	66.9300	-10.9000
8.0203	67.2600	-11.2000
8.1306	67.6000	-11.6000
8.2424	67.9500	-12.0000
8.3557	68.2900	-12.6000
8.4706	68.6100	-13.2000
8.5871	68.9100	-14.0000
8.7052	69.1800	-15.0000
8.8249	69.4400	-16.4000
8.9463	69.6800	-18.2000
9.0693	69.9100	-20.6000
9.1940	70.1300	-23.5000
9.3204	70.3400	-27.0000
9.4486	70.5300	-30.8000
9.5785	70.7000	-35.1000
9.7103	70.8500	-39.6000
9.8438	70.9700	-44.2000
9.9792	71.0600	-48.9000
10.1164	71.1000	-53.6000
10.2555	71.1100	-58.3000
10.3965	71.0600	-63.0000
10.5395	70.9600	-67.7000
10.6845	70.8100	-72.5000
10.8314	70.6000	-77.5000
10.9803	70.3300	-82.7000
11.1313	70.0000	-88.3000
11.2844	69.6000	-94.3000
11.4396	69.1100	-100.9000
11.5969	68.5000	-108.3000
11.7563	67.6900	-116.7000
11.9180	66.6000	-126.3000
12.0819	65.2100	-136.9000
12.2481	63.5500	-148.1000
12.4165	61.6900	-159.2000
12.5872	59.7800	-170.7000
12.7603	58.0500	-89.3000
12.9358	56.8400	178.6000
13.1137	56.6600	179.8000
13.2940	57.0300	66.0000
13.4768	58.5800	-167.0000
13.6622	60.4600	-151.1000
13.8500	62.4600	-132.2000
14.0405	64.4200	-113.4000
14.2336	66.2200	-96.0000
14.4293	67.6900	-82.9000
14.6277	68.8400	-75.7000
14.8289	69.6900	-73.1000
15.0328	70.3200	-75.6000
15.2395	70.7900	-81.8000
15.4491	71.1300	-91.3000
15.6615	71.3600	-102.6000
15.8769	71.4000	-115.0000
16.0952	71.3700	-128.1000
16.3166	71.1200	-141.7000
16.5409	70.6900	-156.7000
16.7684	70.0600	-159.3000
16.9990	69.2700	133.9000
17.2328	68.3700	178.5000
17.4697	67.3700	152.8000
17.7100	66.3100	-151.3000
17.9535	65.2000	-167.1000
18.2004	64.0800	-147.5000
18.4507	62.9700	-127.6000
18.7044	62.0100	-110.7000
18.9616	61.3100	-101.9000
19.2224	60.9100	-98.7000
19.4867	60.8700	-104.0000
19.7547	60.9200	-114.3000
20.0263	61.0500	-128.4000
20.3017	61.0000	-142.8000
20.5809	60.7500	-157.8000
20.8639	60.0700	-157.5000
21.1508	59.0100	138.2000
21.4417	57.7300	175.9000
21.7366	56.3400	169.3000
22.0355	55.0100	166.2000
22.3385	53.8700	166.4000
22.6457	52.8700	168.1000
22.9571	51.9900	173.4000
23.2728	51.0300	-51.4000
23.5928	49.8800	-168.3000
23.9172	48.4200	-147.7000
24.2462	46.6600	-127.8000
24.5796	44.8900	-112.0000
24.9176	43.4400	-103.6000
25.2602	42.6700	-104.8000
25.6076	42.8100	-109.9000
25.9597	43.7400	-118.5000
26.3167	45.2900	-123.9000
26.6786	47.0000	-123.1000
27.0455	48.7200	-119.4000
27.4174	50.2800	-114.3000
27.7944	51.5500	-115.3000
28.1767	52.5000	-120.3000
28.5641	53.1700	-134.8000
28.9569	53.4300	-158.8000
29.3551	53.4100	-95.6000
29.7588	52.9800	157.4000
30.1680	52.2500	134.2000
30.5829	51.3900	105.1000
31.0035	50.5500	78.8000
31.4298	49.8600	53.3000
31.8620	49.7600	29.3000
32.3002	49.7700	7.1000
32.7443	50.3500	-13.2000
33.1946	50.9900	-32.1000
33.6511	51.4700	-50.0000
34.1138	51.7100	-67.1000
34.5830	51.6400	-82.2000
35.0585	51.3900	-94.2000
35.5406	50.9200	-103.2000
36.0294	50.3800	-110.3000
36.5248	49.9800	-117.8000
37.0271	49.7500	-127.1000
37.5363	49.6700	-139.6000
38.0525	49.5100	-157.6000
38.5757	49.1400	-167.3000
39.1062	48.5600	108.0000
39.6440	48.3900	146.2000
40.1891	48.3900	115.7000
40.7418	49.2600	88.0000
41.3021	50.5200	59.5000
41.8700	52.0400	30.9000
42.4458	53.5300	3.2000
43.0295	54.8100	-22.6000
43.6212	55.8900	-46.8000
44.2211	56.7800	-69.7000
44.8292	57.4700	-92.4000
45.4457	57.9100	-115.8000
46.0706	58.1200	-140.4000
46.7041	58.0100	-172.6000
47.3464	57.6900	-69.7000
47.9975	57.0300	140.3000
48.6575	56.2100	111.1000
49.3266	55.4900	81.9000
50.0050	55.1700	55.2000
50.6926	55.1700	29.6000
51.3897	55.3800	5.2000
52.0964	55.8400	-17.8000
52.8128	56.2500	-39.3000
53.5391	56.4800	-59.1000
54.2753	56.5100	-76.4000
55.0217	56.3200	-90.7000
55.7783	56.0700	-100.4000
56.5453	56.0500	-108.0000
57.3229	56.3200	-115.0000
58.1112	56.7800	-125.6000
58.9103	56.8400	-138.3000
59.7204	56.6600	-151.6000
60.5416	55.9400	-163.1000
61.3742	54.9900	-171.9000
62.2182	53.8700	-176.4000
63.0738	52.6900	-177.5000
63.9411	51.7500	-175.7000
64.8204	51.1500	-174.5000
65.7118	50.8400	-176.0000
66.6154	50.5600	52.8000
67.5315	50.3700	177.7000
68.4602	50.2700	173.4000
69.4016	50.4400	169.0000
70.3560	50.5600	162.7000
71.3235	50.5900	154.4000
72.3043	50.1700	145.3000
73.2986	49.4400	137.5000
74.3065	48.3800	132.8000
75.3284	47.1200	131.3000
76.3642	45.7100	134.7000
77.4144	44.2400	145.7000
78.4789	42.8300	163.3000
79.5581	42.2300	-30.4000
80.6522	42.1600	-177.2000
81.7613	42.9000	-171.9000
82.8856	43.6100	-172.7000
84.0254	44.1300	-174.9000
85.1809	44.4800	-177.3000
86.3522	44.9400	-177.2000
87.5397	45.6500	-176.4000
88.7435	46.7100	-175.2000
89.9639	47.9200	-177.2000
91.2010	48.9500	-39.5000
92.4552	49.6400	173.0000
93.7266	49.9600	163.7000
95.0154	49.8700	155.4000
96.3221	49.5500	150.3000
97.6466	49.1100	148.2000
98.9894	49.1500	149.1000
100.3507	49.4100	150.8000
101.7306	50.2800	151.8000
103.1296	51.2600	151.0000
104.5478	52.3400	149.2000
105.9855	53.4800	145.8000
107.4429	54.6700	141.2000
108.9204	55.8700	134.9000
110.4183	57.0600	126.6000
111.9367	58.1900	115.2000
113.4760	58.9400	100.7000
115.0364	59.2400	83.5000
116.6184	58.9600	65.5000
118.2220	58.2600	49.6000
119.8478	57.1000	37.0000
121.4959	55.7100	27.7000
123.1666	54.2700	21.2000
124.8603	52.8600	15.8000
126.5773	51.5100	10.8000
128.3180	50.1300	6.0000
130.0825	48.6800	3.5000
131.8714	47.1200	2.6000
133.6848	45.5100	5.7000
135.5232	43.9400	12.3000
137.3868	42.6600	22.8000
139.2761	41.8500	35.2000
141.1913	41.9000	45.8000
143.1329	42.3700	51.5000
145.1012	43.1700	52.7000
147.0966	43.8100	50.3000
149.1194	44.0500	44.6000
151.1700	44.0600	38.1000
153.2488	43.8500	32.1000
155.3562	43.4100	26.7000
157.4926	42.8900	22.0000
159.6584	42.2100	17.9000
161.8539	41.3700	17.2000
164.0797	40.4200	18.5000
166.3360	39.5500	23.3000
168.6234	39.0500	28.4000
170.9422	38.8000	32.5000
173.2929	38.7200	35.0000
175.6760	38.6500	36.9000
178.0918	38.6200	38.6000
180.5408	38.7200	40.5000
183.0235	38.9900	41.9000
185.5403	39.4000	42.4000
188.0918	39.8300	41.4000
190.6784	40.2000	39.3000
193.3005	40.4100	36.0000
195.9587	40.4900	32.3000
198.6534	40.2600	29.0000
201.3852	39.8000	28.5000
204.1545	39.3800	29.7000
206.9619	39.3900	34.4000
209.8080	39.6500	39.5000
212.6932	40.5200	42.2000
215.6180	41.5000	41.5000
218.5831	42.4600	38.3000
221.5889	43.2900	31.3000
224.6361	43.9500	21.7000
227.7252	43.9600	10.4000
230.8568	43.7700	-0.6000
234.0314	42.7400	-9.5000
237.2497	41.4200	-13.6000
240.5122	40.1500	-14.3000
243.8196	39.1600	-13.8000
247.1725	38.5500	-15.0000
250.5715	37.9600	-17.8000
254.0172	37.3100	-22.4000
257.5104	36.4600	-26.6000
261.0515	35.5700	-30.3000
264.6414	34.6400	-33.8000
268.2806	33.6400	-37.2000
271.9699	32.4000	-38.1000
275.7098	31.0500	-38.0000
279.5013	29.7600	-34.8000
283.3448	29.1600	-33.7000
287.2412	29.0400	-34.3000
291.1913	29.3700	-41.6000
295.1956	29.8500	-53.6000
299.2550	30.3400	-70.5000
303.3702	30.7500	-91.2000
307.5420	31.0000	-113.8000
311.7711	31.1200	-139.0000
316.0584	31.1600	-152.8000
320.4047	31.0900	123.5000
324.8108	30.8500	169.1000
329.2774	30.3800	156.9000
333.8055	29.7600	154.3000
338.3958	29.8000	156.5000
343.0493	30.1600	160.9000
347.7667	31.3300	163.5000
352.5490	32.5700	162.7000
357.3971	33.7400	160.0000
362.3118	34.7400	154.7000
367.2942	35.5900	148.0000
372.3450	36.2400	140.0000
377.4653	36.6200	131.1000
382.6561	36.5900	121.8000
387.9182	36.3800	113.5000
393.2526	35.7200	106.9000
398.6604	34.8900	102.0000
404.1426	33.9100	101.5000
409.7002	32.9300	101.9000
415.3342	32.1000	109.5000
421.0457	32.1300	119.5000
426.8357	32.4500	127.2000
432.7053	33.1400	130.4000
438.6557	33.5500	128.7000
444.6878	33.6200	126.1000
450.8030	33.3800	124.5000
457.0022	32.8200	127.9000
463.2867	32.2400	135.4000
469.6575	31.9100	145.2000
476.1160	32.2300	151.4000
482.6634	32.7400	152.0000
489.3007	33.2300	150.6000
496.0293	33.4800	147.9000
502.8505	33.4300	145.8000
509.7654	33.2100	145.0000
516.7755	32.8600	146.8000
523.8819	32.8900	151.0000
531.0861	33.1400	156.6000
538.3893	33.9400	161.7000
545.7930	34.8100	164.2000
553.2985	35.6100	164.6000
560.9072	36.2200	163.1000
568.6205	36.6100	160.6000
576.4399	36.8600	157.6000
584.3668	37.0200	154.4000
592.4027	37.1400	151.1000
600.5491	37.1600	147.9000
608.8076	37.1500	145.0000
617.1796	37.0500	142.3000
625.6668	36.9200	139.3000
634.2706	36.7100	135.8000
642.9928	36.3400	131.8000
651.8349	35.7100	129.0000
660.7986	34.8400	128.4000
669.8856	33.7900	131.1000
679.0976	32.8500	135.8000
688.4362	32.1800	141.2000
697.9032	31.7300	146.1000
707.5004	31.3700	150.7000
717.2296	31.0300	156.4000
727.0926	30.8000	163.6000
737.0912	30.9600	174.1000
747.2274	31.3900	42.7000
757.5029	32.2500	-171.8000
767.9197	33.2800	-163.5000
778.4797	34.4200	-156.5000
789.1850	35.6100	-151.4000
800.0375	36.7900	-148.1000
811.0392	37.9900	-145.5000
822.1922	39.2300	-143.5000
833.4986	40.5100	-142.0000
844.9605	41.7600	-142.1000
856.5800	42.9600	-142.8000
868.3592	44.0900	-145.0000
880.3005	45.1600	-147.8000
892.4059	46.2000	-151.0000
904.6779	47.2200	-154.7000
917.1185	48.2100	-159.3000
929.7303	49.0900	-165.8000
942.5155	49.8200	-155.8000
955.4765	50.3500	146.6000
968.6158	50.6500	176.1000
981.9357	50.8300	169.1000
995.4388	50.9300	164.6000
1009.1276	51.1200	161.7000
1023.0046	51.4400	159.6000
1037.0724	51.9600	157.9000
1051.3338	52.5700	155.5000
1065.7912	53.1700	152.4000
1080.4474	53.7000	148.5000
1095.3052	54.1300	144.4000
1110.3673	54.4900	140.3000
1125.6365	54.8000	136.4000
1141.1157	55.0700	132.7000
1156.8078	55.2900	129.3000
1172.7156	55.4800	126.2000
1188.8422	55.6500	123.7000
1205.1906	55.8700	121.7000
1221.7638	56.1500	119.9000
1238.5649	56.4800	117.9000
1255.5970	56.7700	115.6000
1272.8634	57.0000	113.3000
1290.3672	57.1700	111.2000
1308.1117	57.3200	109.9000
1326.1002	57.5300	109.1000
1344.3361	57.8500	108.7000
1362.8227	58.2500	108.1000
1381.5636	58.7000	107.3000
1400.5622	59.1400	105.9000
1419.8220	59.5600	104.3000
1439.3467	59.9500	102.5000
1459.1399	60.3200	100.8000
1479.2053	60.6800	99.2000
1499.5466	61.0600	97.7000
1520.1676	61.4700	96.2000
1541.0722	61.9100	94.6000
1562.2643	62.3400	92.7000
1583.7478	62.7400	90.6000
1605.5267	63.1100	88.4000
1627.6051	63.4500	86.2000
1649.9871	63.7800	84.1000
1672.6769	64.1100	82.1000
1695.6788	64.4600	80.2000
1718.9969	64.8000	78.2000
1742.6357	65.1400	76.0000
1766.5996	65.4400	73.9000
1790.8930	65.7400	71.9000
1815.5205	66.0400	69.9000
1840.4866	66.3600	68.0000
1865.7961	66.6700	65.8000
1891.4536	66.9200	63.4000
1917.4639	67.1100	60.9000
1943.8320	67.2200	58.8000
1970.5626	67.3100	57.3000
1997.6608	67.4300	56.3000
2025.1317	67.6200	55.5000
2052.9803	67.8300	54.7000
2081.2118	68.0600	53.7000
2109.8316	68.2600	52.7000
2138.8450	68.4800	51.9000
2168.2574	68.6900	51.1000
2198.0742	68.8900	50.2000
2228.3010	69.0700	49.7000
2258.9435	69.2500	49.5000
2290.0074	69.5000	49.9000
2321.4985	69.8500	50.3000
2353.4226	70.2700	50.4000
2385.7857	70.7100	50.0000
2418.5938	71.1400	49.4000
2451.8531	71.5500	48.6000
2485.5698	71.9700	47.8000
2519.7502	72.3800	46.9000
2554.4005	72.8000	45.9000
2589.5274	73.2300	44.9000
2625.1373	73.6700	43.5000
2661.2369	74.0700	42.0000
2697.8329	74.4200	40.2000
2734.9322	74.7100	38.6000
2772.5416	74.9800	37.4000
2810.6683	75.2400	36.6000
2849.3192	75.5400	36.1000
2888.5016	75.8800	36.2000
2928.2229	76.2900	36.4000
2968.4904	76.8000	36.9000
3009.3116	77.3900	37.4000
3050.6942	78.0400	37.5000
3092.6458	78.7600	37.5000
3135.1744	79.5200	36.9000
3178.2877	80.2900	35.8000
3221.9940	81.0400	34.1000
3266.3013	81.7800	31.9000
3311.2178	82.4900	29.2000
3356.7521	83.1800	26.1000
3402.9125	83.8200	22.5000
3449.7077	84.4100	18.6000
3497.1464	84.9700	14.4000
3545.2374	85.4700	9.9000
3593.9898	85.9300	5.1000
3643.4125	86.3300	0.2000
3693.5150	86.6600	-5.0000
3744.3064	86.9200	-10.2000
3795.7962	87.1200	-15.5000
3847.9941	87.2400	-20.7000
3900.9099	87.2900	-25.9000
3954.5533	87.2700	-30.7000
4008.9343	87.1700	-35.2000
4064.0632	86.9900	-39.2000
4119.9502	86.7800	-42.6000
4176.6058	86.5400	-45.5000
4234.0404	86.3000	-47.8000
4292.2649	86.0800	-49.4000
4351.2900	85.9200	-50.3000
4411.1268	85.8300	-50.9000
4471.7864	85.8500	-51.2000
4533.2802	85.9300	-51.4000
4595.6197	86.1200	-51.7000
4658.8164	86.3800	-52.3000
4722.8821	86.6900	-53.2000
4787.8289	87.0500	-54.5000
4853.6688	87.4400	-56.4000
4920.4140	87.8100	-59.0000
4988.0772	88.1500	-62.2000
5056.6707	88.4400	-66.1000
5126.2076	88.6200	-70.4000
5196.7007	88.6800	-75.1000
5268.1632	88.6300	-79.7000
5340.6084	88.4900	-84.0000
5414.0498	88.2200	-87.7000
5488.5011	87.8800	-90.7000
5563.9763	87.4900	-92.8000
5640.4894	87.1100	-94.0000
5718.0546	86.7600	-94.6000
5796.6865	86.4600	-94.5000
5876.3997	86.2400	-94.3000
5957.2090	86.1000	-93.7000
6039.1296	86.0300	-93.0000
6122.1768	86.0400	-92.2000
6206.3660	86.1100	-91.5000
6291.7129	86.2700	-90.8000
6378.2334	86.4900	-90.5000
6465.9437	86.7600	-90.5000
6554.8602	87.0300	-91.0000
6644.9994	87.3000	-91.6000
6736.3782	87.5900	-92.2000
6829.0136	87.9200	-92.7000
6922.9228	88.3100	-93.5000
7018.1235	88.7600	-94.7000
7114.6332	89.2300	-96.8000
7212.4702	89.6600	-99.9000
7311.6525	89.9800	-103.7000
7412.1988	90.1600	-108.2000
7514.1277	90.1800	-112.9000
7617.4583	90.1000	-117.3000
7722.2098	89.8200	-121.0000
7828.4019	89.4500	-123.6000
7936.0542	89.0700	-124.8000
8045.1869	88.7700	-125.2000
8155.8204	88.5800	-124.8000
8267.9752	88.6000	-124.7000
8381.6724	88.6700	-124.7000
8496.9330	88.8500	-125.6000
8613.7787	89.0100	-127.2000
8732.2311	89.0900	-129.2000
8852.3125	89.1200	-131.4000
8974.0451	89.0600	-133.4000
9097.4518	88.9700	-134.9000
9222.5555	88.8800	-136.1000
9349.3795	88.8300	-136.8000
9477.9476	88.8500	-137.7000
9608.2837	88.9200	-138.7000
9740.4121	89.0100	-140.2000
9874.3574	89.0300	-142.1000
10010.1450	89.0200	-144.2000
10147.7990	88.8800	-146.2000
10287.3470	88.6700	-147.6000
10428.8130	88.4700	-148.0000
10572.2250	88.3300	-148.1000
10717.6090	88.3400	-148.1000
10864.9930	88.3800	-148.3000
11014.4030	88.4600	-149.4000
11165.8670	88.4500	-150.8000
11319.4150	88.4100	-152.1000
11475.0740	88.2800	-152.8000
11632.8740	88.1800	-153.0000
11792.8430	88.1800	-153.0000
11955.0130	88.2400	-152.9000
12119.4120	88.3800	-153.2000
12286.0720	88.5400	-154.1000
12455.0240	88.6500	-155.5000
12626.3000	88.7000	-157.2000
12799.9300	88.6600	-158.6000
12975.9490	88.6500	-159.7000
13154.3870	88.6900	-160.7000
13335.2800	88.7700	-162.5000
13518.6600	88.7700	-164.9000
13704.5620	88.6000	-167.4000
13893.0210	88.2400	-169.1000
14084.0710	87.8600	-169.1000
14277.7480	87.5800	-168.4000
14474.0890	87.4700	-167.4000
14673.1290	87.4800	-167.1000
14874.9070	87.5100	-167.1000
15079.4590	87.5200	-167.5000
15286.8250	87.5600	-167.8000
15497.0410	87.6300	-168.3000
15710.1490	87.7600	-169.4000
15926.1870	87.7500	-171.2000
16145.1970	87.6900	-172.8000
16367.2170	87.5000	-173.9000
16592.2910	87.3900	-174.3000
16820.4600	87.3700	-174.9000
17051.7670	87.3700	-176.0000
17286.2550	87.2900	-177.6000
17523.9670	87.1600	-178.9000
17764.9480	87.0100	-169.9000
18009.2420	86.9500	137.0000
18256.8970	86.8600	178.3000
18507.9570	86.7300	176.3000
18762.4690	86.4100	174.7000
19020.4810	86.0600	174.6000
19282.0410	85.7600	174.6000
19547.1990	85.5500	174.8000
19816.0020	85.3000	174.9000
20088.5020	85.0300	175.1000
20364.7490	84.7800	176.0000
20644.7950	84.6400	176.8000
20928.6920	84.4900	177.5000
21216.4930	84.3300	178.1000
21508.2520	84.1500	179.4000
21804.0230	84.0500	41.9000
22103.8610	83.9800	-179.0000
22407.8230	83.8800	-178.3000
22715.9640	83.7700	-177.1000
23028.3430	83.6900	-175.8000
23345.0170	83.6500	-174.5000
23666.0470	83.5800	-172.9000
23991.4910	83.5600	-171.2000
24321.4100	83.6100	-169.2000
24655.8660	83.7200	-167.6000
24994.9210	83.8500	-166.3000
25338.6390	83.9800	-165.2000
25687.0840	84.1200	-164.4000
26040.3200	84.2600	-163.6000
26398.4130	84.4000	-162.8000
26761.4310	84.5900	-161.8000
27129.4420	84.8200	-161.1000
27502.5120	85.0700	-160.7000
27880.7130	85.3300	-160.6000
28264.1150	85.5600	-160.8000
28652.7890	85.7900	-161.2000
29046.8090	86.0100	-161.8000
29446.2460	86.2400	-162.6000
29851.1760	86.4700	-163.7000
30261.6750	86.6900	-165.0000
30677.8190	86.8900	-166.5000
31099.6850	87.0800	-168.0000
31527.3530	87.2400	-169.7000
31960.9010	87.4000	-171.5000
32400.4120	87.5200	-173.4000
32845.9660	87.6400	-175.5000
33297.6480	87.7500	-178.2000
33755.5410	87.8700	-28.9000
34219.7310	87.9800	177.7000
34690.3030	88.0600	174.5000
35167.3480	88.0700	171.6000
35650.9520	88.0600	168.7000
36141.2060	87.9500	165.7000
36638.2020	87.7900	162.7000
37142.0330	87.5700	159.8000
37652.7920	87.2700	157.0000
38170.5740	86.9100	154.2000
38695.4770	86.5400	151.8000
39227.5990	86.2100	150.1000
39767.0370	86.0500	149.4000
40000.0000	85.9900	149.2000