4.3945	51.7700	-113.0000
5.8594	42.6700	-102.0000
7.3242	52.6600	-148.1000
8.7891	56.9700	141.9000
10.2539	59.8100	91.2000
11.7188	61.6400	51.8000
13.1836	63.9100	13.6000
14.6484	64.1300	-47.1000
16.1133	55.6800	-141.0000
17.5781	56.7200	17.5000
19.0430	50.5500	-55.3000
20.5078	60.3200	9.3000
21.9727	62.3800	-66.3000
23.4375	35.3000	-73.2000
24.9023	61.1500	-35.6000
26.3672	60.9900	-75.1000
27.8320	62.3900	-93.2000
29.2969	61.4100	-137.5000
30.7617	55.0200	-150.0000
32.2266	55.6900	-148.6000
33.6914	53.0900	-165.8000
35.1562	51.8200	-170.7000
36.6211	49.2900	175.2000
38.0859	45.8900	164.1000
39.5508	36.8800	-178.1000
41.0156	40.8100	-115.2000
42.4805	48.0800	-121.6000
43.9453	48.7600	-160.5000
45.4102	44.9400	-146.0000
46.8750	51.0600	-158.4000
48.3398	50.7800	158.1000
49.8047	45.8100	131.3000
51.2695	40.0300	128.4000
52.7344	36.7300	-157.1000
54.1992	44.9600	-174.4000
55.6641	44.2100	179.3000
57.1289	50.8200	173.9000
58.5938	53.4700	129.2000
60.0586	52.9400	96.0000
61.5234	53.2000	66.1000
62.9883	51.8200	35.7000
64.4531	52.0500	16.2000
65.9180	51.9600	-23.1000
67.3828	48.5500	-51.5000
68.8477	47.3200	-68.5000
70.3125	44.4600	-92.0000
71.7773	43.1000	-109.4000
73.2422	36.2800	-166.1000
74.7070	32.1700	-12.2000
76.1719	36.6700	-23.1000
77.6367	42.9100	-41.5000
79.1016	43.6200	-67.9000
80.5664	44.4000	-83.8000
82.0312	42.7400	-98.2000
83.4961	44.6900	-95.4000
84.9609	45.4300	-123.1000
86.4258	43.7100	-136.5000
87.8906	42.6100	-150.7000
89.3555	40.6100	-154.3000
90.8203	39.1400	-163.3000
92.2852	38.1300	-152.6000
93.7500	37.7800	-175.8000
95.2148	31.1500	-142.4000
96.6797	35.4900	-140.4000
98.1445	36.0900	-113.3000
99.6094	41.7700	-128.5000
101.0742	42.9600	-153.2000
102.5391	42.7800	-172.7000
104.0039	42.4300	175.6000
105.4688	42.4500	159.7000
106.9336	42.3300	151.6000
108.3984	44.2900	130.9000
109.8633	44.0200	101.2000
111.3281	43.6300	79.6000
112.7930	43.1300	57.3000
114.2578	43.7800	48.6000
115.7227	46.6900	28.0000
117.1875	48.4300	0.0000
118.6523	49.3100	-25.3000
120.1172	50.0000	-46.6000
121.5820	50.4300	-67.6000
123.0469	50.4400	-83.0000
124.5117	51.2400	-96.6000
125.9766	51.8600	-113.7000
127.4414	52.0500	-129.8000
128.9062	52.5700	-142.3000
130.3711	53.8500	-164.1000
131.8359	52.7500	166.3000
133.3008	50.1800	154.0000
134.7656	49.5100	142.5000
136.2305	47.6200	131.7000
137.6953	47.0900	122.8000
139.1602	45.3700	110.6000
140.6250	44.7500	100.7000
142.0898	42.0800	81.7000
143.5547	39.3700	79.7000
145.0195	35.9200	70.5000
146.4844	34.2700	79.4000
147.9492	28.5100	54.8000
149.4141	25.2400	129.1000
150.8789	25.3000	166.7000
152.3438	32.8400	161.3000
153.8086	32.7100	159.6000
155.2734	35.9900	151.3000
156.7383	35.2000	144.0000
158.2031	37.3100	137.4000
159.6680	35.8300	125.2000
161.1328	36.6200	126.0000
162.5977	35.4000	119.6000
164.0625	36.8800	121.5000
165.5273	35.8100	112.6000
166.9922	37.5100	118.3000
168.4570	38.0500	104.4000
169.9219	38.9200	97.9000
171.3867	38.9000	80.2000
172.8516	38.5200	69.4000
174.3164	37.0100	50.9000
175.7812	35.2900	52.0000
177.2461	34.2900	37.5000
178.7109	32.2600	47.7000
180.1758	32.8300	34.7000
181.6406	30.7300	38.8000
183.1055	31.1900	29.4000
184.5703	30.3600	31.8000
186.0352	30.4800	8.7000
187.5000	26.2100	16.2000
188.9648	28.0600	0.1000
190.4297	21.4100	-3.2000
191.8945	22.2700	-5.9000
193.3594	16.4800	58.2000
194.8242	23.1300	21.6000
196.2891	19.0300	27.6000
197.7539	19.5700	-14.3000
199.2188	17.5400	122.9000
200.6836	20.9500	50.6000
202.1484	19.7800	89.3000
203.6133	22.0500	60.9000
205.0781	25.0800	82.6000
206.5430	27.4400	46.6000
208.0078	27.2000	46.2000
209.4727	29.1700	15.1000
210.9375	25.8900	9.4000
212.4023	28.7500	-5.4000
213.8672	26.0600	-21.8000
215.3320	28.6000	-33.2000
216.7969	25.7900	-66.9000
218.2617	25.5500	-64.0000
219.7266	23.4300	-93.5000
221.1914	24.8300	-78.0000
222.6562	26.1000	-118.6000
224.1211	24.8300	-125.4000
225.5859	26.3700	-158.7000
227.0508	23.3000	-162.7000
228.5156	27.2400	177.2000
229.9805	24.8100	157.0000
231.4453	28.1900	150.3000
232.9102	27.7000	119.2000
234.3750	28.4300	109.4000
235.8398	27.7400	78.6000
237.3047	26.5900	74.9000
238.7695	25.6500	45.1000
240.2344	22.1800	71.5000
241.6992	25.8900	52.7000
243.1641	25.7800	48.6000
244.6289	27.4600	19.5000
246.0938	23.8500	10.8000
247.5586	26.5400	-2.8000
249.0234	23.2100	-30.2000
250.4883	23.1200	-40.4000
251.9531	14.4000	-83.2000
253.4180	18.2600	-19.0000
254.8828	12.6700	-70.2000
256.3477	15.3200	-33.0000
257.8125	8.3500	-162.3000
259.2773	15.0200	34.2000
260.7422	13.1200	60.9000
262.2070	21.8400	19.8000
263.6719	19.5100	-1.8000
265.1367	23.3100	-17.0000
266.6016	19.9900	-49.0000
268.0664	21.3600	-46.2000
269.5312	15.9900	-85.8000
270.9961	19.0300	-32.8000
272.4609	17.6400	-63.6000
273.9258	22.6700	-49.5000
275.3906	23.2000	-96.4000
276.8555	22.2000	-97.0000
278.3203	24.1000	-135.5000
279.7852	21.6500	-150.0000
281.2500	24.8400	175.2000
282.7148	20.8400	128.3000
284.1797	21.4700	132.2000
285.6445	20.9400	91.5000
287.1094	22.4700	104.1000
288.5742	25.6400	65.6000
290.0391	26.0100	55.6000
291.5039	29.1600	25.6000
292.9688	27.9500	3.9000
294.4336	29.8700	-11.2000
295.8984	28.3200	-34.7000
297.3633	29.2800	-35.6000
298.8281	28.8800	-57.3000
300.2930	29.2600	-56.7000
301.7578	29.5100	-77.2000
303.2227	29.1700	-78.1000
304.6875	29.2900	-96.4000
306.1523	28.4100	-90.1000
307.6172	30.0300	-104.7000
309.0820	29.4800	-108.7000
310.5469	30.3900	-125.1000
312.0117	28.4000	-129.5000
313.4766	29.2700	-137.5000
314.9414	27.2400	-139.5000
316.4062	28.3200	-144.5000
317.8711	26.0100	-142.7000
319.3359	27.8500	-143.1000
320.8008	26.0700	-140.2000
322.2656	28.2900	-138.4000
323.7305	28.0700	-134.1000
325.1953	30.9400	-138.9000
326.6602	31.2700	-144.5000
328.1250	33.3500	-154.0000
329.5898	33.2000	-166.2000
331.0547	34.1200	-175.2000
332.5195	33.3400	172.3000
333.9844	33.6200	167.1000
335.4492	32.5900	156.3000
336.9141	32.7800	155.0000
338.3789	31.5700	142.9000
339.8438	31.1300	148.3000
341.3086	30.4500	141.2000
342.7734	30.7900	147.7000
344.2383	30.4800	138.7000
345.7031	30.8500	143.7000
347.1680	30.6000	132.5000
348.6328	30.2100	136.9000
350.0977	29.3700	131.1000
351.5625	30.0100	144.3000
353.0273	30.4900	136.2000
354.4922	31.3600	142.1000
355.9570	31.8300	131.0000
357.4219	31.9800	134.3000
358.8867	32.3700	125.8000
360.3516	32.6100	129.3000
361.8164	33.3700	120.8000
363.2812	33.7000	119.4000
364.7461	34.0400	107.8000
366.2109	33.4600	106.4000
367.6758	33.5400	97.5000
369.1406	32.5800	99.7000
370.6055	33.1700	94.2000
372.0703	32.3900	94.2000
373.5352	32.7200	90.3000
375.0000	32.4000	92.6000
376.4648	33.1000	86.1000
377.9297	32.5500	85.7000
379.3945	33.0700	79.1000
380.8594	32.3200	78.0000
382.3242	32.6100	70.4000
383.7891	31.0100	71.4000
385.2539	31.6200	68.8000
386.7188	30.1700	69.1000
388.1836	30.4500	67.1000
389.6484	28.5200	73.8000
391.1133	29.6600	77.6000
392.5781	28.9600	86.1000
394.0430	30.7200	86.4000
395.5078	30.7700	90.1000
396.9727	32.2800	86.8000
398.4375	32.4700	87.0000
399.9023	33.5800	80.6000
401.3672	33.2100	80.4000
402.8320	34.3200	76.1000
404.2969	33.9700	74.8000
405.7617	35.1300	71.6000
407.2266	35.0500	67.3000
408.6914	35.7600	62.1000
410.1562	35.3300	58.0000
411.6211	35.9300	53.8000
413.0859	35.2300	49.3000
414.5508	35.6900	48.4000
416.0156	35.3800	45.1000
417.4805	36.1000	42.4000
418.9453	35.6700	36.2000
420.4102	36.0200	33.7000
421.8750	35.4600	27.3000
423.3398	35.5500	25.7000
424.8047	34.8800	19.8000
426.2695	34.7600	19.1000
427.7344	33.7800	15.2000
429.1992	33.8800	19.1000
430.6641	33.4600	16.0000
432.1289	33.9000	18.1000
433.5938	33.4400	13.2000
435.0586	33.7700	15.8000
436.5234	33.5200	10.7000
437.9883	33.8000	11.5000
439.4531	33.1900	5.5000
440.9180	33.1700	9.7000
442.3828	32.9700	6.5000
443.8477	33.4400	9.6000
445.3125	33.3700	4.4000
446.7773	33.8000	6.1000
448.2422	33.7600	-0.3000
449.7070	33.9800	0.0000
451.1719	33.7100	-7.3000
452.6367	33.5200	-5.9000
454.1016	33.1500	-11.1000
455.5664	33.1200	-7.2000
457.0312	33.0300	-12.2000
458.4961	33.1500	-8.6000
459.9609	33.2100	-14.2000
461.4258	33.3500	-10.7000
462.8906	33.5900	-16.6000
464.3555	33.7900	-13.9000
465.8203	34.2900	-20.8000
467.2852	34.4000	-20.9000
468.7500	34.8300	-28.9000
470.2148	34.6300	-31.1000
471.6797	34.8000	-38.7000
473.1445	34.3500	-40.7000
474.6094	34.4200	-47.5000
476.0742	33.8300	-48.5000
477.5391	34.0700	-54.8000
479.0039	33.3400	-57.0000
480.4688	33.4100	-62.7000
481.9336	32.5700	-63.5000
483.3984	32.7500	-68.8000
484.8633	31.7000	-68.9000
486.3281	32.1800	-72.1000
487.7930	31.3300	-73.2000
489.2578	31.8700	-76.6000
490.7227	31.1200	-78.4000
492.1875	31.7700	-82.6000
493.6523	30.9800	-86.1000
495.1172	31.5400	-91.0000
496.5820	30.4100	-95.8000
498.0469	30.9100	-98.3000
499.5117	29.9800	-103.6000
500.9766	30.4900	-107.4000
502.4414	29.1800	-114.4000
503.9062	29.6100	-115.1000
505.3711	28.5800	-123.4000
506.8359	28.9600	-125.8000
508.3008	27.4500	-138.2000
509.7656	27.0800	-137.0000
511.2305	25.2600	-149.4000
512.6953	24.3700	-141.9000
514.1602	22.2700	-151.1000
515.6250	22.0900	-133.8000
517.0898	20.4800	-140.9000
518.5547	21.5100	-122.5000
520.0195	20.4800	-126.2000
521.4844	23.0500	-115.1000
522.9492	22.4100	-125.6000
524.4141	24.0400	-119.2000
525.8789	23.2700	-128.8000
527.3438	24.7700	-120.2000
528.8086	24.9700	-127.8000
530.2734	26.8500	-126.2000
531.7383	27.1500	-138.4000
533.2031	28.3900	-140.0000
534.6680	28.5600	-154.6000
536.1328	28.9000	-156.3000
537.5977	29.0900	-169.3000
539.0625	29.0800	-170.2000
540.5273	29.4100	177.7000
541.9922	29.0800	177.1000
543.4570	29.7000	167.1000
544.9219	29.4600	164.7000
546.3867	30.0900	153.9000
547.8516	29.4700	150.0000
549.3164	30.0900	140.3000
550.7812	29.1100	133.7000
552.2461	29.0600	125.7000
553.7109	27.4400	124.7000
555.1758	28.0000	122.8000
556.6406	26.9200	123.8000
558.1055	28.2400	122.2000
559.5703	27.8100	118.8000
561.0352	28.9600	113.2000
562.5000	28.1800	106.0000
563.9648	28.7000	101.3000
565.4297	27.5600	95.5000
566.8945	28.2500	94.2000
568.3594	27.4500	87.1000
569.8242	28.0300	84.2000
571.2891	26.9400	75.5000
572.7539	27.3700	73.3000
574.2188	25.8700	62.0000
575.6836	25.9000	63.8000
577.1484	24.2000	50.4000
578.6133	23.7400	57.7000
580.0781	22.1400	43.0000
581.5430	21.0700	55.4000
583.0078	19.2700	43.5000
584.4727	19.4400	64.8000
585.9375	18.9100	47.0000
587.4023	18.7300	54.2000
588.8672	17.0000	23.5000
590.3320	12.5100	30.2000
591.7969	9.9200	-33.7000
593.2617	5.6100	-150.2000
594.7266	14.2300	-136.5000
596.1914	18.8900	-178.4000
597.6562	19.4400	-176.1000
599.1211	22.6700	166.9000
600.5859	22.5300	164.6000
602.0508	24.6800	154.2000
603.5156	24.1300	150.9000
604.9805	25.6900	144.5000
606.4453	25.0200	141.1000
607.9102	26.0400	136.8000
609.3750	25.1700	137.7000
610.8398	26.7400	135.5000
612.3047	26.1500	133.5000
613.7695	27.4700	130.1000
615.2344	26.5100	126.7000
616.6992	27.4900	126.0000
618.1641	26.4000	123.6000
619.6289	27.3200	126.5000
621.0938	26.8000	126.4000
622.5586	28.0600	126.6000
624.0234	27.3500	124.4000
625.4883	28.4100	126.8000
626.9531	28.2300	125.2000
628.4180	29.3000	123.7000
629.8828	28.6400	120.4000
631.3477	29.3400	121.4000
632.8125	28.7000	120.3000
634.2773	29.5800	123.0000
635.7422	29.3200	122.9000
637.2070	30.5300	123.7000
638.6719	30.2400	120.4000
640.1367	31.0300	121.7000
641.6016	30.8600	119.9000
643.0664	31.7600	120.7000
644.5312	31.6700	118.2000
645.9961	32.5100	118.7000
647.4609	32.5000	115.6000
648.9258	33.2600	115.4000
650.3906	33.2700	111.9000
651.8555	34.0000	111.0000
653.3203	33.9300	105.9000
654.7852	34.3000	104.7000
656.2500	34.0600	100.3000
657.7148	34.2300	100.0000
659.1797	33.8100	97.2000
660.6445	34.1300	99.8000
662.1094	34.1200	97.1000
663.5742	34.5100	98.2000
665.0391	34.4600	95.3000
666.5039	34.8500	96.5000
667.9688	34.8400	93.7000
669.4336	35.3100	94.7000
670.8984	35.3600	91.0000
672.3633	35.7400	91.9000
673.8281	35.8800	88.0000
675.2930	36.1800	88.0000
676.7578	36.2900	83.7000
678.2227	36.4600	83.3000
679.6875	36.5400	79.1000
681.1523	36.6500	78.1000
682.6172	36.5400	73.5000
684.0820	36.3900	73.5000
685.5469	36.2600	70.5000
687.0117	36.2200	71.5000
688.4766	36.1800	68.4000
689.9414	36.1400	69.5000
691.4062	36.1500	66.7000
692.8711	36.1400	68.0000
694.3359	36.2400	64.8000
695.8008	36.1500	65.4000
697.2656	36.2100	62.6000
698.7305	36.1600	63.4000
700.1953	36.2300	60.1000
701.6602	36.0700	60.5000
703.1250	36.0000	57.2000
704.5898	35.6300	58.9000
706.0547	35.6600	57.8000
707.5195	35.6000	60.0000
708.9844	35.7900	57.9000
710.4492	35.7300	59.3000
711.9141	35.9000	56.8000
713.3789	35.7700	58.0000
714.8438	35.9300	55.9000
716.3086	35.8600	56.8000
717.7734	35.9600	54.3000
719.2383	35.8200	55.3000
720.7031	35.9000	52.9000
722.1680	35.6700	54.4000
723.6328	35.7800	52.7000
725.0977	35.6400	54.8000
726.5625	35.9100	52.8000
728.0273	35.7600	53.9000
729.4922	35.9900	52.1000
730.9570	35.8800	52.7000
732.4219	35.9900	50.5000
735.3516	35.9700	49.9000
738.2812	35.9600	49.0000
741.2109	35.9100	48.0000
744.1406	35.7900	47.4000
747.0703	35.6900	46.2000
750.0000	35.1500	45.0000
752.9297	34.4100	46.9000
755.8594	34.1500	53.7000
758.7891	34.4800	58.9000
761.7188	34.9800	63.1000
764.6484	35.7000	65.3000
767.5781	36.2700	65.9000
770.5078	36.7600	66.6000
773.4375	37.3500	66.8000
776.3672	37.8500	66.1000
779.2969	38.2800	65.4000
782.2266	38.7300	64.3000
785.1562	38.9800	62.8000
788.0859	39.2500	62.4000
791.0156	39.6400	61.6000
793.9453	39.9500	60.3000
796.8750	40.1200	58.8000
799.8047	40.3700	58.0000
802.7344	40.4900	57.1000
805.6641	40.6300	56.6000
808.5938	40.7900	56.3000
811.5234	40.9700	56.5000
814.4531	41.2400	56.8000
817.3828	41.5900	56.6000
820.3125	41.9200	56.0000
823.2422	42.1800	55.0000
826.1719	42.4400	54.1000
829.1016	42.6500	53.1000
832.0312	42.8400	52.5000
834.9609	43.0200	51.6000
837.8906	43.1400	51.2000
840.8203	43.3100	51.1000
843.7500	43.4900	50.6000
846.6797	43.6300	51.1000
849.6094	43.8800	51.3000
852.5391	44.1000	51.3000
855.4688	44.3700	51.8000
858.3984	44.6900	52.1000
861.3281	45.0500	52.0000
864.2578	45.3900	51.7000
867.1875	45.7200	51.1000
870.1172	46.0200	50.7000
873.0469	46.3300	50.2000
875.9766	46.6400	49.8000
878.9062	46.9700	49.2000
881.8359	47.2700	48.5000
884.7656	47.5500	47.7000
887.6953	47.7900	47.2000
890.6250	48.0500	46.9000
893.5547	48.3400	46.8000
896.4844	48.6700	46.9000
899.4141	49.0600	46.8000
902.3438	49.5000	46.5000
905.2734	49.9400	45.9000
908.2031	50.4000	45.0000
911.1328	50.8600	43.8000
914.0625	51.2900	42.4000
916.9922	51.7200	40.7000
919.9219	52.1200	39.0000
922.8516	52.5000	37.2000
925.7812	52.8700	35.3000
928.7109	53.2500	33.4000
931.6406	53.6200	31.2000
934.5703	53.9900	28.8000
937.5000	54.3300	26.3000
940.4297	54.6500	23.3000
943.3594	54.9000	20.2000
946.2891	55.0800	17.0000
949.2188	55.2200	14.0000
952.1484	55.3100	11.0000
955.0781	55.3600	8.3000
958.0078	55.3900	5.8000
960.9375	55.4100	3.4000
963.8672	55.4200	1.2000
966.7969	55.4300	-1.1000
969.7266	55.4100	-3.2000
972.6562	55.3800	-5.2000
975.5859	55.3300	-7.2000
978.5156	55.2600	-9.1000
981.4453	55.1500	-10.9000
984.3750	55.0400	-12.3000
987.3047	54.9200	-13.7000
990.2344	54.7900	-14.8000
993.1641	54.6200	-15.7000
996.0938	54.4700	-16.2000
999.0234	54.3500	-16.4000
1001.9531	54.2500	-16.5000
1004.8828	54.1600	-16.6000
1007.8125	54.0800	-16.4000
1010.7422	54.0200	-16.0000
1013.6719	53.9800	-15.4000
1016.6016	54.0000	-14.6000
1019.5313	54.0600	-13.9000
1022.4609	54.1600	-13.1000
1025.3906	54.2900	-12.4000
1028.3203	54.4700	-11.8000
1031.2500	54.6600	-11.5000
1034.1797	54.8700	-11.1000
1037.1094	55.1100	-10.9000
1040.0391	55.3800	-10.9000
1042.9688	55.6600	-11.2000
1045.8984	55.9300	-11.9000
1048.8281	56.1800	-12.7000
1051.7578	56.4100	-13.6000
1054.6875	56.6300	-14.7000
1057.6172	56.8200	-15.8000
1060.5469	56.9800	-17.0000
1063.4766	57.1400	-18.1000
1066.4063	57.3000	-19.2000
1069.3359	57.4400	-20.4000
1072.2656	57.5700	-21.6000
1075.1953	57.6900	-22.8000
1078.1250	57.8000	-24.0000
1081.0547	57.9100	-25.2000
1083.9844	58.0100	-26.5000
1086.9141	58.0900	-27.9000
1089.8438	58.1400	-29.2000
1092.7734	58.1700	-30.5000
1095.7031	58.1800	-31.7000
1098.6328	58.1900	-32.8000
1101.5625	58.1800	-33.7000
1104.4922	58.1800	-34.6000
1107.4219	58.1600	-35.4000
1110.3516	58.1400	-36.1000
1113.2813	58.1200	-36.6000
1116.2109	58.1100	-37.1000
1119.1406	58.1100	-37.4000
1122.0703	58.1200	-37.7000
1125.0000	58.1400	-37.8000
1127.9297	58.2000	-37.9000
1130.8594	58.2500	-38.2000
1133.7891	58.3200	-38.4000
1136.7188	58.4100	-38.7000
1139.6484	58.5000	-39.0000
1142.5781	58.5900	-39.5000
1145.5078	58.6900	-40.0000
1148.4375	58.7900	-40.6000
1151.3672	58.8800	-41.3000
1154.2969	58.9500	-42.2000
1157.2266	58.9900	-43.0000
1160.1563	59.0100	-43.8000
1163.0859	59.0200	-44.4000
1166.0156	59.0300	-45.0000
1168.9453	59.0300	-45.4000
1171.8750	59.0400	-45.8000
1174.8047	59.0800	-46.1000
1177.7344	59.1000	-46.6000
1180.6641	59.1200	-46.9000
1183.5938	59.1300	-47.3000
1186.5234	59.1500	-47.6000
1189.4531	59.1600	-47.8000
1192.3828	59.1800	-47.9000
1195.3125	59.2100	-48.0000
1198.2422	59.2400	-48.0000
1201.1719	59.3000	-48.0000
1204.1016	59.3600	-48.1000
1207.0313	59.4300	-48.2000
1209.9609	59.5000	-48.3000
1212.8906	59.5700	-48.4000
1215.8203	59.6600	-48.5000
1218.7500	59.7500	-48.7000
1221.6797	59.8400	-49.0000
1224.6094	59.9200	-49.2000
1227.5391	60.0000	-49.4000
1230.4688	60.1000	-49.7000
1233.3984	60.2000	-50.0000
1236.3281	60.3000	-50.4000
1239.2578	60.3900	-50.8000
1242.1875	60.4800	-51.3000
1245.1172	60.5600	-51.8000
1248.0469	60.6500	-52.3000
1250.9766	60.7300	-52.8000
1253.9063	60.8100	-53.4000
1256.8359	60.8800	-54.0000
1259.7656	60.9500	-54.6000
1262.6953	61.0100	-55.2000
1265.6250	61.0700	-55.9000
1268.5547	61.1200	-56.6000
1271.4844	61.1600	-57.3000
1274.4141	61.1900	-58.0000
1277.3438	61.2000	-58.7000
1280.2734	61.2000	-59.4000
1283.2031	61.1900	-60.0000
1286.1328	61.1800	-60.5000
1289.0625	61.1600	-61.0000
1291.9922	61.1400	-61.5000
1294.9219	61.1100	-61.8000
1297.8516	61.0800	-62.2000
1300.7813	61.0300	-62.4000
1303.7109	60.9800	-62.5000
1306.6406	60.9500	-62.4000
1309.5703	60.9300	-62.3000
1312.5000	60.9200	-62.1000
1315.4297	60.9300	-61.9000
1318.3594	60.9400	-61.7000
1321.2891	60.9600	-61.5000
1324.2188	60.9900	-61.3000
1327.1484	61.0200	-61.1000
1330.0781	61.0600	-60.9000
1333.0078	61.1000	-60.7000
1335.9375	61.1500	-60.4000
1338.8672	61.2100	-60.2000
1341.7969	61.2700	-60.1000
1344.7266	61.3400	-59.9000
1347.6563	61.4100	-59.7000
1350.5859	61.4800	-59.5000
1353.5156	61.5600	-59.3000
1356.4453	61.6500	-59.1000
1359.3750	61.7600	-58.9000
1362.3047	61.8600	-58.8000
1365.2344	61.9800	-58.7000
1368.1641	62.1000	-58.7000
1371.0938	62.2200	-58.8000
1374.0234	62.3500	-58.9000
1376.9531	62.4700	-59.1000
1379.8828	62.5900	-59.4000
1382.8125	62.7100	-59.6000
1385.7422	62.8200	-60.0000
1388.6719	62.9300	-60.4000
1391.6016	63.0300	-60.8000
1394.5313	63.1300	-61.3000
1397.4609	63.2100	-61.8000
1400.3906	63.2900	-62.3000
1403.3203	63.3600	-62.8000
1406.2500	63.4200	-63.2000
1409.1797	63.4800	-63.6000
1412.1094	63.5400	-64.1000
1415.0391	63.5900	-64.5000
1417.9688	63.6400	-64.8000
1420.8984	63.6900	-65.2000
1423.8281	63.7400	-65.5000
1426.7578	63.7900	-65.8000
1429.6875	63.8400	-66.1000
1432.6172	63.8900	-66.5000
1435.5469	63.9400	-66.8000
1438.4766	63.9900	-67.1000
1441.4063	64.0400	-67.4000
1444.3359	64.0900	-67.7000
1447.2656	64.1400	-68.0000
1450.1953	64.1800	-68.3000
1453.1250	64.2300	-68.7000
1456.0547	64.2700	-69.0000
1458.9844	64.3000	-69.4000
1461.9141	64.3300	-69.7000
1464.8438	64.3600	-69.9000
1469.2383	64.4000	-70.3000
1473.6328	64.4400	-70.6000
1478.0273	64.4700	-70.9000
1482.4219	64.5100	-71.0000
1486.8164	64.5400	-71.1000
1491.2109	64.6000	-71.1000
1495.6055	64.6600	-71.0000
1500.0000	64.7500	-71.0000
1504.3945	64.8300	-71.1000
1508.7891	64.9200	-71.1000
1513.1836	65.0200	-71.0000
1517.5781	65.1400	-70.9000
1521.9727	65.2700	-71.0000
1526.3672	65.4200	-71.1000
1530.7617	65.5700	-71.4000
1535.1563	65.7200	-71.8000
1539.5508	65.8500	-72.3000
1543.9453	65.9800	-72.9000
1548.3398	66.0800	-73.5000
1552.7344	66.1800	-74.0000
1557.1289	66.2700	-74.5000
1561.5234	66.3700	-75.0000
1565.9180	66.4500	-75.5000
1570.3125	66.5400	-76.0000
1574.7070	66.6200	-76.5000
1579.1016	66.7100	-77.0000
1583.4961	66.7800	-77.5000
1587.8906	66.8600	-78.0000
1592.2852	66.9300	-78.5000
1596.6797	67.0200	-78.9000
1601.0742	67.0900	-79.4000
1605.4688	67.1700	-79.9000
1609.8633	67.2400	-80.5000
1614.2578	67.3100	-81.0000
1618.6523	67.3700	-81.6000
1623.0469	67.4200	-82.1000
1627.4414	67.4600	-82.6000
1631.8359	67.5100	-83.0000
1636.2305	67.5500	-83.5000
1640.6250	67.5900	-83.8000
1645.0195	67.6400	-84.2000
1649.4141	67.6900	-84.5000
1653.8086	67.7300	-84.9000
1658.2031	67.7800	-85.2000
1662.5977	67.8200	-85.5000
1666.9922	67.8600	-85.8000
1671.3867	67.9000	-86.0000
1675.7813	67.9400	-86.1000
1680.1758	67.9900	-86.3000
1684.5703	68.0500	-86.3000
1688.9648	68.1300	-86.4000
1693.3594	68.2100	-86.5000
1697.7539	68.3100	-86.6000
1702.1484	68.4100	-86.8000
1706.5430	68.5100	-87.2000
1710.9375	68.6200	-87.5000
1715.3320	68.7100	-88.0000
1719.7266	68.7900	-88.5000
1724.1211	68.8600	-89.0000
1728.5156	68.9300	-89.4000
1732.9102	68.9900	-89.9000
1737.3047	69.0600	-90.2000
1741.6992	69.1400	-90.6000
1746.0938	69.2200	-91.0000
1750.4883	69.3000	-91.5000
1754.8828	69.3800	-92.1000
1759.2773	69.4500	-92.8000
1763.6719	69.5000	-93.4000
1768.0664	69.5300	-94.1000
1772.4609	69.5400	-94.8000
1776.8555	69.5400	-95.3000
1781.2500	69.5200	-95.7000
1785.6445	69.5100	-96.0000
1790.0391	69.4900	-96.2000
1794.4336	69.4900	-96.2000
1798.8281	69.5000	-96.1000
1803.2227	69.5400	-96.0000
1807.6172	69.5900	-95.8000
1812.0117	69.6700	-95.7000
1816.4063	69.7500	-95.7000
1820.8008	69.8500	-95.8000
1825.1953	69.9400	-95.9000
1829.5898	70.0400	-96.1000
1833.9844	70.1300	-96.4000
1838.3789	70.2200	-96.7000
1842.7734	70.3000	-97.1000
1847.1680	70.3800	-97.4000
1851.5625	70.4500	-97.8000
1855.9570	70.5200	-98.1000
1860.3516	70.6000	-98.4000
1864.7461	70.6800	-98.7000
1869.1406	70.7700	-99.0000
1873.5352	70.8700	-99.4000
1877.9297	70.9600	-99.8000
1882.3242	71.0600	-100.4000
1886.7188	71.1400	-101.0000
1891.1133	71.2200	-101.7000
1895.5078	71.2900	-102.4000
1899.9023	71.3600	-103.2000
1904.2969	71.4000	-103.9000
1908.6914	71.4400	-104.7000
1913.0859	71.4600	-105.5000
1917.4805	71.4700	-106.3000
1921.8750	71.4700	-107.0000
1926.2695	71.4600	-107.7000
1930.6641	71.4500	-108.3000
1935.0586	71.4200	-108.9000
1939.4531	71.3900	-109.4000
1943.8477	71.3600	-109.9000
1948.2422	71.3200	-110.4000
1952.6367	71.2800	-110.8000
1957.0313	71.2200	-111.1000
1961.4258	71.1700	-111.4000
1965.8203	71.1000	-111.5000
1970.2148	71.0300	-111.5000
1974.6094	70.9600	-111.4000
1979.0039	70.9200	-111.1000
1983.3984	70.8900	-110.7000
1987.7930	70.8800	-110.2000
1992.1875	70.9000	-109.8000
1996.5820	70.9400	-109.4000
2000.9766	70.9800	-109.0000
2005.3711	71.0500	-108.8000
2009.7656	71.1100	-108.6000
2014.1602	71.1800	-108.4000
2018.5547	71.2500	-108.3000
2022.9492	71.3300	-108.3000
2027.3438	71.4000	-108.2000
2031.7383	71.4800	-108.2000
2036.1328	71.5600	-108.3000
2040.5273	71.6500	-108.4000
2044.9219	71.7300	-108.5000
2049.3164	71.8200	-108.7000
2053.7109	71.9000	-109.0000
2058.1055	71.9900	-109.3000
2062.5000	72.0600	-109.8000
2066.8945	72.1200	-110.3000
2071.2891	72.1600	-110.9000
2075.6836	72.1900	-111.4000
2080.0781	72.2000	-111.9000
2084.4727	72.1900	-112.4000
2088.8672	72.1800	-112.7000
2093.2617	72.1600	-112.9000
2097.6563	72.1400	-113.1000
2102.0508	72.1200	-113.2000
2106.4453	72.1000	-113.2000
2110.8398	72.0900	-113.2000
2115.2344	72.0800	-113.0000
2119.6289	72.0900	-112.9000
2124.0234	72.1000	-112.7000
2128.4180	72.1300	-112.4000
2132.8125	72.1700	-112.1000
2137.2070	72.2300	-111.9000
2141.6016	72.3000	-111.7000
2145.9961	72.3700	-111.6000
2150.3906	72.4500	-111.6000
2154.7852	72.5300	-111.7000
2159.1797	72.6100	-111.9000
2163.5742	72.6700	-112.0000
2167.9688	72.7400	-112.2000
2172.3633	72.8100	-112.4000
2176.7578	72.8700	-112.7000
2181.1523	72.9300	-113.0000
2185.5469	72.9800	-113.4000
2189.9414	73.0200	-113.7000
2194.3359	73.0600	-114.1000
2198.7305	73.0900	-114.4000
2204.5898	73.1200	-114.9000
2210.4492	73.1500	-115.3000
2216.3086	73.1700	-115.8000
2222.1680	73.1900	-116.2000
2228.0273	73.1900	-116.7000
2233.8867	73.1700	-117.2000
2239.7461	73.1400	-117.7000
2245.6055	73.0800	-118.0000
2251.4648	73.0100	-118.3000
2257.3242	72.9200	-118.4000
2263.1836	72.8100	-118.3000
2269.0430	72.6900	-117.9000
2274.9023	72.5800	-117.2000
2280.7617	72.5200	-116.0000
2286.6211	72.5100	-114.8000
2292.4805	72.5700	-113.5000
2298.3398	72.6700	-112.4000
2304.1992	72.8100	-111.4000
2310.0586	72.9700	-110.7000
2315.9180	73.1300	-110.3000
2321.7773	73.3000	-110.0000
2327.6367	73.4500	-109.9000
2333.4961	73.6000	-109.9000
2339.3555	73.7300	-110.0000
2345.2148	73.8500	-110.1000
2351.0742	73.9700	-110.3000
2356.9336	74.0700	-110.5000
2362.7930	74.1700	-110.7000
2368.6523	74.2500	-110.9000
2374.5117	74.3300	-111.0000
2380.3711	74.4100	-111.2000
2386.2305	74.4900	-111.3000
2392.0898	74.5700	-111.5000
2397.9492	74.6400	-111.8000
2403.8086	74.6900	-111.9000
2409.6680	74.7400	-112.0000
2415.5273	74.8000	-112.0000
2421.3867	74.8700	-112.1000
2427.2461	74.9400	-112.2000
2433.1055	75.0000	-112.3000
2438.9648	75.0600	-112.4000
2444.8242	75.1100	-112.4000
2450.6836	75.1700	-112.4000
2456.5430	75.2300	-112.3000
2462.4023	75.3000	-112.2000
2468.2617	75.3700	-112.2000
2474.1211	75.4500	-112.1000
2479.9805	75.5400	-112.1000
2485.8398	75.6200	-112.1000
2491.6992	75.7100	-112.2000
2497.5586	75.8000	-112.3000
2503.4180	75.8800	-112.3000
2509.2773	75.9700	-112.4000
2515.1367	76.0600	-112.6000
2520.9961	76.1500	-112.8000
2526.8555	76.2300	-113.0000
2532.7148	76.3100	-113.3000
2538.5742	76.3700	-113.6000
2544.4336	76.4200	-113.9000
2550.2930	76.4500	-114.1000
2556.1523	76.4800	-114.3000
2562.0117	76.5000	-114.3000
2567.8711	76.5300	-114.2000
2573.7305	76.5600	-114.0000
2579.5898	76.6100	-113.8000
2585.4492	76.6800	-113.5000
2591.3086	76.7600	-113.1000
2597.1680	76.8600	-112.8000
2603.0273	76.9900	-112.5000
2608.8867	77.1300	-112.3000
2614.7461	77.2900	-112.3000
2620.6055	77.4400	-112.5000
2626.4648	77.5800	-112.8000
2632.3242	77.7000	-113.2000
2638.1836	77.8200	-113.6000
2644.0430	77.9300	-114.0000
2649.9023	78.0300	-114.5000
2655.7617	78.1300	-114.9000
2661.6211	78.2300	-115.4000
2667.4805	78.3100	-116.0000
2673.3398	78.3800	-116.6000
2679.1992	78.4300	-117.1000
2685.0586	78.4600	-117.6000
2690.9180	78.5000	-118.0000
2696.7773	78.5400	-118.3000
2702.6367	78.5800	-118.6000
2708.4961	78.6300	-118.9000
2714.3555	78.6800	-119.2000
2720.2148	78.7200	-119.6000
2726.0742	78.7500	-119.9000
2731.9336	78.7800	-120.2000
2737.7930	78.8100	-120.5000
2743.6523	78.8300	-120.7000
2749.5117	78.8500	-120.9000
2755.3711	78.8700	-121.0000
2761.2305	78.9000	-121.1000
2767.0898	78.9200	-121.2000
2772.9492	78.9500	-121.3000
2778.8086	78.9900	-121.3000
2784.6680	79.0200	-121.3000
2790.5273	79.0600	-121.2000
2796.3867	79.1200	-121.2000
2802.2461	79.1800	-121.1000
2808.1055	79.2500	-121.2000
2813.9648	79.3200	-121.2000
2819.8242	79.3900	-121.4000
2825.6836	79.4600	-121.5000
2831.5430	79.5200	-121.7000
2837.4023	79.5800	-121.9000
2843.2617	79.6400	-122.1000
2849.1211	79.6900	-122.3000
2854.9805	79.7300	-122.6000
2860.8398	79.7600	-122.8000
2866.6992	79.7800	-123.0000
2872.5586	79.8000	-123.1000
2878.4180	79.8200	-123.1000
2884.2773	79.8500	-123.1000
2890.1367	79.8800	-123.0000
2895.9961	79.9200	-122.9000
2901.8555	79.9600	-122.7000
2907.7148	80.0200	-122.6000
2913.5742	80.0800	-122.5000
2919.4336	80.1400	-122.4000
2925.2930	80.2100	-122.3000
2931.1523	80.2700	-122.3000
2938.4766	80.3500	-122.2000
2945.8008	80.4400	-122.0000
2953.1250	80.5400	-121.8000
2960.4492	80.6600	-121.7000
2967.7734	80.7800	-121.7000
2975.0977	80.9000	-121.8000
2982.4219	81.0200	-121.9000
2989.7461	81.1400	-122.0000
2997.0703	81.2700	-122.2000
3004.3945	81.3900	-122.5000
3011.7188	81.5100	-122.9000
3019.0430	81.6000	-123.5000
3026.3672	81.6700	-124.0000
3033.6914	81.7100	-124.4000
3041.0156	81.7300	-124.7000
3048.3398	81.7600	-124.8000
3055.6641	81.7800	-124.8000
3062.9883	81.8200	-124.6000
3070.3125	81.8700	-124.4000
3077.6367	81.9500	-124.0000
3084.9609	82.0500	-123.7000
3092.2852	82.1800	-123.5000
3099.6094	82.3100	-123.3000
3106.9336	82.4600	-123.2000
3114.2578	82.6200	-123.3000
3121.5820	82.7700	-123.4000
3128.9063	82.9200	-123.7000
3136.2305	83.0600	-124.1000
3143.5547	83.1900	-124.5000
3150.8789	83.3000	-124.9000
3158.2031	83.3900	-125.4000
3165.5273	83.4700	-125.7000
3172.8516	83.5600	-126.0000
3180.1758	83.6400	-126.2000
3187.5000	83.7400	-126.3000
3194.8242	83.8600	-126.5000
3202.1484	83.9700	-126.8000
3209.4727	84.0800	-127.2000
3216.7969	84.1700	-127.5000
3224.1211	84.2700	-127.8000
3231.4453	84.3600	-128.1000
3238.7695	84.4500	-128.4000
3246.0938	84.5400	-128.6000
3253.4180	84.6400	-128.9000
3260.7422	84.7300	-129.1000
3268.0664	84.8300	-129.3000
3275.3906	84.9400	-129.4000
3282.7148	85.0600	-129.6000
3290.0391	85.1900	-129.9000
3297.3633	85.3200	-130.2000
3304.6875	85.4500	-130.5000
3312.0117	85.5800	-131.0000
3319.3359	85.7000	-131.4000
3326.6602	85.8200	-132.0000
3333.9844	85.9300	-132.6000
3341.3086	86.0300	-133.2000
3348.6328	86.1200	-133.7000
3355.9570	86.2000	-134.3000
3363.2813	86.2800	-134.8000
3370.6055	86.3600	-135.2000
3377.9297	86.4400	-135.7000
3385.2539	86.5200	-136.0000
3392.5781	86.6000	-136.4000
3399.9023	86.6800	-136.7000
3407.2266	86.7800	-137.0000
3414.5508	86.8900	-137.3000
3421.8750	87.0000	-137.7000
3429.1992	87.1100	-138.1000
3436.5234	87.2300	-138.5000
3443.8477	87.3500	-139.1000
3451.1719	87.4700	-139.6000
3458.4961	87.5800	-140.2000
3465.8203	87.6900	-140.8000
3473.1445	87.8100	-141.4000
3480.4688	87.9200	-142.1000
3487.7930	88.0300	-142.9000
3495.1172	88.1200	-143.7000
3502.4414	88.2100	-144.5000
3509.7656	88.2800	-145.3000
3517.0898	88.3400	-146.1000
3524.4141	88.3900	-146.8000
3531.7383	88.4400	-147.5000
3539.0625	88.4900	-148.1000
3546.3867	88.5500	-148.6000
3553.7109	88.6100	-149.1000
3561.0352	88.6800	-149.6000
3568.3594	88.7600	-150.1000
3575.6836	88.8400	-150.6000
3583.0078	88.9300	-151.1000
3590.3320	89.0300	-151.7000
3597.6563	89.1300	-152.3000
3604.9805	89.2300	-153.0000
3612.3047	89.3300	-153.8000
3619.6289	89.4200	-154.6000
3626.9531	89.5100	-155.5000
3634.2773	89.5800	-156.4000
3641.6016	89.6500	-157.4000
3648.9258	89.7100	-158.3000
3656.2500	89.7600	-159.2000
3663.5742	89.8100	-160.0000
3672.3633	89.8700	-161.1000
3681.1523	89.9100	-162.2000
3689.9414	89.9500	-163.2000
3698.7305	89.9900	-164.2000
3707.5195	90.0300	-165.2000
3716.3086	90.0700	-166.2000
3725.0977	90.1100	-167.2000
3733.8867	90.1400	-168.2000
3742.6758	90.1700	-169.1000
3751.4648	90.1900	-170.1000
3760.2539	90.2100	-171.1000
3769.0430	90.2400	-172.0000
3777.8320	90.2700	-173.0000
3786.6211	90.3000	-174.0000
3795.4102	90.3200	-175.1000
3804.1992	90.3200	-176.2000
3812.9883	90.3200	-177.3000
3821.7773	90.3000	-178.3000
3830.5664	90.2800	-179.3000
3839.3555	90.2500	179.7000
3848.1445	90.2100	178.8000
3856.9336	90.1600	178.1000
3865.7227	90.1300	177.4000
3874.5117	90.1200	176.8000
3883.3008	90.1300	176.2000
3892.0898	90.1500	175.4000
3900.8789	90.1600	174.6000
3909.6680	90.1700	173.7000
3918.4570	90.1800	172.7000
3927.2461	90.1700	171.7000
3936.0352	90.1500	170.6000
3944.8242	90.1200	169.6000
3953.6133	90.0800	168.6000
3962.4023	90.0400	167.6000
3971.1914	89.9800	166.6000
3979.9805	89.9200	165.5000
3988.7695	89.8500	164.6000
3997.5586	89.7600	163.6000
4006.3477	89.6600	162.7000
4015.1367	89.5600	161.9000
4023.9258	89.4400	161.2000
4032.7148	89.3200	160.6000
4041.5039	89.2100	160.2000
4050.2930	89.1100	159.9000
4059.0820	89.0300	159.6000
4067.8711	88.9700	159.2000
4076.6602	88.9300	158.8000
4085.4492	88.8800	158.3000
4094.2383	88.8300	157.7000
4103.0273	88.7500	157.0000
4111.8164	88.6600	156.3000
4120.6055	88.5500	155.7000
4129.3945	88.4300	155.2000
4138.1836	88.3100	154.9000
4146.9727	88.1900	154.6000
4155.7617	88.0800	154.4000
4164.5508	87.9800	154.3000
4173.3398	87.8900	154.1000
4182.1289	87.8100	154.0000
4190.9180	87.7400	153.9000
4199.7070	87.6700	153.6000
4208.4961	87.6000	153.4000
4217.2852	87.5100	153.0000
4226.0742	87.4100	152.7000
4234.8633	87.3000	152.4000
4243.6523	87.1800	152.3000
4252.4414	87.0700	152.3000
4261.2305	86.9700	152.2000
4270.0195	86.8700	152.2000
4278.8086	86.7700	152.2000
4287.5977	86.6600	152.1000
4296.3867	86.5600	152.2000
4305.1758	86.4500	152.2000
4313.9648	86.3300	152.2000
4322.7539	86.2000	152.2000
4331.5430	86.0500	152.4000
4340.3320	85.8900	152.8000
4349.1211	85.7400	153.5000
4357.9102	85.6300	154.4000
4366.6992	85.5600	155.3000
4375.4883	85.5200	156.1000
4384.2773	85.5100	156.8000
4393.0664	85.5100	157.4000
4401.8555	85.5100	157.8000
4412.1094	85.4900	158.1000
4422.3633	85.4500	158.3000
4432.6172	85.3900	158.6000
4442.8711	85.3300	159.0000
4453.1250	85.2500	159.5000
4463.3789	85.1800	160.2000
4473.6328	85.1300	160.9000
4483.8867	85.0900	161.7000
4494.1406	85.0600	162.4000
4504.3945	85.0500	163.1000
4514.6484	85.0300	163.9000
4524.9023	85.0100	164.7000
4535.1563	85.0200	165.5000
4545.4102	85.0500	166.3000
4555.6641	85.0800	167.0000
4565.9180	85.1200	167.6000
4576.1719	85.1500	168.1000
4586.4258	85.1700	168.5000
4596.6797	85.1900	169.0000
4606.9336	85.2000	169.5000
4617.1875	85.1800	169.9000
4627.4414	85.1500	170.6000
4637.6953	85.1200	171.5000
4647.9492	85.1300	172.6000
4658.2031	85.1700	173.7000
4668.4570	85.2400	174.7000
4678.7109	85.3200	175.5000
4688.9648	85.4000	176.3000
4699.2188	85.4800	177.1000
4709.4727	85.5600	177.9000
4719.7266	85.6500	178.7000
4729.9805	85.7400	179.5000
4740.2344	85.8300	-179.7000
4750.4883	85.9500	-178.8000
4760.7422	86.0800	-178.0000
4770.9961	86.2400	-177.2000
4781.2500	86.3900	-176.6000
4791.5039	86.5500	-176.1000
4801.7578	86.6900	-175.6000
4812.0117	86.8300	-175.1000
4822.2656	86.9900	-174.4000
4832.5195	87.1700	-173.9000
4842.7734	87.3700	-173.5000
4853.0273	87.5700	-173.2000
4863.2813	87.7600	-173.0000
4873.5352	87.9500	-172.8000
4883.7891	88.1500	-172.8000
4894.0430	88.3400	-172.7000
4904.2969	88.5300	-172.8000
4914.5508	88.7100	-172.8000
4924.8047	88.9000	-172.9000
4935.0586	89.1000	-172.9000
4945.3125	89.3000	-173.1000
4955.5664	89.5000	-173.4000
4965.8203	89.7100	-173.8000
4976.0742	89.9000	-174.2000
4986.3281	90.0900	-174.7000
4996.5820	90.2700	-175.3000
5006.8359	90.4400	-175.9000
5017.0898	90.6100	-176.5000
5027.3438	90.7800	-177.1000
5037.5977	90.9600	-177.8000
5047.8516	91.1300	-178.5000
5058.1055	91.2900	-179.3000
5068.3594	91.4400	179.8000
5078.6133	91.5900	178.9000
5088.8672	91.7300	177.9000
5099.1211	91.8600	176.9000
5109.3750	91.9800	175.9000
5119.6289	92.0900	174.9000
5129.8828	92.1900	173.9000
5141.6016	92.3100	172.7000
5153.3203	92.4300	171.5000
5165.0391	92.5500	170.3000
5176.7578	92.6500	168.9000
5188.4766	92.7300	167.5000
5200.1953	92.7900	166.2000
5211.9141	92.8400	164.9000
5223.6328	92.9000	163.6000
5235.3516	92.9500	162.3000
5247.0703	92.9900	160.9000
5258.7891	93.0200	159.6000
5270.5078	93.0300	158.2000
5282.2266	93.0300	156.8000
5293.9453	93.0200	155.5000
5305.6641	92.9900	154.3000
5317.3828	92.9700	153.1000
5329.1016	92.9400	152.0000
5340.8203	92.9200	150.9000
5352.5391	92.9100	149.8000
5364.2578	92.8800	148.6000
5375.9766	92.8500	147.4000
5387.6953	92.8000	146.1000
5399.4141	92.7400	144.9000
5411.1328	92.6500	143.7000
5422.8516	92.5600	142.7000
5434.5703	92.4700	141.7000
5446.2891	92.3800	140.8000
5458.0078	92.2900	139.9000
5469.7266	92.1900	138.9000
5481.4453	92.0900	138.0000
5493.1641	91.9700	137.2000
5504.8828	91.8500	136.4000
5516.6016	91.7200	135.7000
5528.3203	91.6000	135.0000
5540.0391	91.4800	134.4000
5551.7578	91.3400	133.7000
5563.4766	91.2000	133.2000
5575.1953	91.0500	132.7000
5586.9141	90.9000	132.3000
5598.6328	90.7400	132.0000
5610.3516	90.5900	131.8000
5622.0703	90.4400	131.7000
5633.7891	90.3100	131.7000
5645.5078	90.1800	131.7000
5657.2266	90.0700	131.7000
5668.9453	89.9500	131.7000
5680.6641	89.8300	131.7000
5692.3828	89.7200	131.7000
5704.1016	89.6100	131.9000
5715.8203	89.5100	132.0000
5727.5391	89.4200	132.1000
5739.2578	89.3200	132.2000
5750.9766	89.2200	132.3000
5762.6953	89.1300	132.5000
5774.4141	89.0300	132.6000
5786.1328	88.9200	132.7000
5797.8516	88.8100	133.0000
5809.5703	88.7000	133.3000
5821.2891	88.6000	133.7000
5833.0078	88.5200	134.2000
5844.7266	88.4400	134.6000
5856.4453	88.3700	135.0000
5868.1641	88.3000	135.4000
5881.3477	88.2200	135.9000
5894.5313	88.1400	136.4000
5907.7148	88.0600	137.0000
5920.8984	87.9900	137.7000
5934.0820	87.9400	138.4000
5947.2656	87.9000	139.1000
5960.4492	87.8700	139.7000
5973.6328	87.8400	140.3000
5986.8164	87.8100	140.9000
6000.0000	87.7900	141.5000
6013.1836	87.7700	142.2000
6026.3672	87.7600	142.7000
6039.5508	87.7500	143.2000
6052.7344	87.7200	143.8000
6065.9180	87.6900	144.3000
6079.1016	87.6600	145.0000
6092.2852	87.6300	145.8000
6105.4688	87.6100	146.7000
6118.6523	87.6200	147.6000
6131.8359	87.6400	148.6000
6145.0195	87.7000	149.6000
6158.2031	87.7600	150.4000
6171.3867	87.8300	151.1000
6184.5703	87.8800	151.8000
6197.7539	87.9500	152.5000
6210.9375	88.0200	153.3000
6224.1211	88.1200	154.0000
6237.3047	88.2200	154.7000
6250.4883	88.3400	155.3000
6263.6719	88.4600	155.8000
6276.8555	88.5800	156.2000
6290.0391	88.7000	156.6000
6303.2227	88.8400	156.9000
6316.4063	88.9700	157.2000
6329.5898	89.1000	157.3000
6342.7734	89.2200	157.3000
6355.9570	89.3300	157.3000
6369.1406	89.4200	157.3000
6382.3242	89.5200	157.4000
6395.5078	89.6200	157.6000
6408.6914	89.7400	157.7000
6421.8750	89.8700	157.7000
6435.0586	90.0000	157.7000
6448.2422	90.1500	157.5000
6461.4258	90.2700	157.2000
6474.6094	90.3800	156.8000
6487.7930	90.4700	156.5000
6500.9766	90.5600	156.1000
6514.1602	90.6500	155.8000
6527.3438	90.7400	155.4000
6540.5273	90.8200	155.0000
6553.7109	90.9000	154.6000
6566.8945	90.9600	154.2000
6580.0781	91.0300	153.7000
6593.2617	91.0800	153.3000
6607.9102	91.1500	152.8000
6622.5586	91.2100	152.4000
6637.2070	91.2600	151.8000
6651.8555	91.3000	151.3000
6666.5039	91.3200	150.8000
6681.1523	91.3400	150.3000
6695.8008	91.3600	150.0000
6710.4492	91.3700	149.6000
6725.0977	91.3900	149.3000
6739.7461	91.4200	149.0000
6754.3945	91.4300	148.7000
6769.0430	91.4500	148.4000
6783.6914	91.4700	148.2000
6798.3398	91.4900	147.9000
6812.9883	91.5100	147.7000
6827.6367	91.5300	147.4000
6842.2852	91.5400	147.1000
6856.9336	91.5500	146.9000
6871.5820	91.5600	146.8000
6886.2305	91.5800	146.7000
6900.8789	91.6000	146.6000
6915.5273	91.6400	146.4000
6930.1758	91.6700	146.2000
6944.8242	91.6900	146.0000
6959.4727	91.7200	145.8000
6974.1211	91.7400	145.7000
6988.7695	91.7700	145.5000
7003.4180	91.7900	145.3000
7018.0664	91.8200	145.1000
7032.7148	91.8500	144.9000
7047.3633	91.8800	144.7000
7062.0117	91.9100	144.4000
7076.6602	91.9300	144.2000
7091.3086	91.9600	144.0000
7105.9570	91.9900	143.8000
7120.6055	92.0200	143.5000
7135.2539	92.0400	143.2000
7149.9023	92.0600	142.9000
7164.5508	92.0700	142.6000
7179.1992	92.0800	142.3000
7193.8477	92.0800	142.1000
7208.4961	92.0900	141.9000
7223.1445	92.1000	141.7000
7237.7930	92.1100	141.4000
7252.4414	92.1200	141.2000
7267.0898	92.1300	141.0000
7281.7383	92.1300	140.7000
7296.3867	92.1300	140.5000
7311.0352	92.1300	140.3000
7325.6836	92.1300	140.1000
7341.7969	92.1200	139.9000
7357.9102	92.1200	139.8000
7374.0234	92.1300	139.7000
7390.1367	92.1400	139.5000
7406.2500	92.1500	139.4000
7422.3633	92.1600	139.1000
7438.4766	92.1600	138.9000
7454.5898	92.1600	138.7000
7470.7031	92.1600	138.6000
7486.8164	92.1600	138.4000
7502.9297	92.1600	138.3000
7519.0430	92.1700	138.1000
7535.1563	92.1800	138.0000
7551.2695	92.1800	137.8000
7567.3828	92.1900	137.5000
7583.4961	92.1900	137.3000
7599.6094	92.1800	137.1000
7615.7227	92.1700	136.8000
7631.8359	92.1500	136.6000
7647.9492	92.1300	136.4000
7664.0625	92.1000	136.2000
7680.1758	92.0700	136.2000
7696.2891	92.0500	136.1000
7712.4023	92.0300	136.1000
7728.5156	92.0100	136.0000
7744.6289	91.9900	135.9000
7760.7422	91.9700	135.9000
7776.8555	91.9500	135.8000
7792.9688	91.9200	135.8000
7809.0820	91.8900	135.9000
7825.1953	91.8700	135.9000
7841.3086	91.8500	135.9000
7857.4219	91.8300	136.0000
7873.5352	91.8000	136.0000
7889.6484	91.7700	136.1000
7905.7617	91.7400	136.2000
7921.8750	91.7100	136.4000
7937.9883	91.6800	136.6000
7954.1016	91.6500	136.9000
7970.2148	91.6200	137.2000
7986.3281	91.6100	137.6000
8002.4414	91.6000	137.9000
8018.5547	91.6000	138.3000
8034.6680	91.6100	138.7000
8050.7813	91.6200	139.1000
8066.8945	91.6400	139.5000
8084.4727	91.6700	139.9000
8102.0508	91.7000	140.2000
8119.6289	91.7300	140.6000
8137.2070	91.7600	140.9000
8154.7852	91.8000	141.4000
8172.3633	91.8400	141.8000
8189.9414	91.8900	142.2000
8207.5195	91.9500	142.5000
8225.0977	92.0100	142.9000
8242.6758	92.0800	143.2000
8260.2539	92.1500	143.6000
8277.8320	92.2300	143.9000
8295.4102	92.3200	144.1000
8312.9883	92.4000	144.3000
8330.5664	92.4900	144.5000
8348.1445	92.5900	144.7000
8365.7227	92.6900	144.8000
8383.3008	92.7800	144.8000
8400.8789	92.8700	144.7000
8418.4570	92.9500	144.7000
8436.0352	93.0300	144.7000
8453.6133	93.1200	144.7000
8471.1914	93.2000	144.6000
8488.7695	93.2900	144.6000
8506.3477	93.3800	144.5000
8523.9258	93.4600	144.4000
8541.5039	93.5400	144.2000
8559.0820	93.6300	144.1000
8576.6602	93.7100	143.9000
8594.2383	93.7900	143.8000
8611.8164	93.8800	143.6000
8629.3945	93.9600	143.4000
8646.9727	94.0500	143.2000
8664.5508	94.1300	143.0000
8682.1289	94.2200	142.7000
8699.7070	94.3100	142.3000
8717.2852	94.3900	142.0000
8734.8633	94.4700	141.6000
8752.4414	94.5500	141.2000
8770.0195	94.6200	140.8000
8787.5977	94.7000	140.4000
8805.1758	94.7700	139.9000
8824.2188	94.8500	139.3000
8843.2617	94.9200	138.8000
8862.3047	94.9900	138.1000
8881.3477	95.0500	137.4000
8900.3906	95.1000	136.7000
8919.4336	95.1300	136.0000
8938.4766	95.1600	135.4000
8957.5195	95.1900	134.7000
8976.5625	95.2100	134.0000
8995.6055	95.2200	133.2000
9014.6484	95.2200	132.5000
9033.6914	95.2000	131.8000
9052.7344	95.1800	131.2000
9071.7773	95.1600	130.7000
9090.8203	95.1300	130.1000
9109.8633	95.0900	129.6000
9128.9063	95.0500	129.2000
9147.9492	95.0000	128.8000
9166.9922	94.9600	128.5000
9186.0352	94.9200	128.2000
9205.0781	94.8700	128.0000
9224.1211	94.8300	127.8000
9243.1641	94.7800	127.7000
9262.2070	94.7400	127.6000
9281.2500	94.7000	127.6000
9300.2930	94.6800	127.7000
9319.3359	94.6600	127.7000
9338.3789	94.6300	127.7000
9357.4219	94.6200	127.9000
9376.4648	94.6100	128.0000
9395.5078	94.6100	128.1000
9414.5508	94.6100	128.3000
9433.5938	94.6300	128.5000
9452.6367	94.6500	128.7000
9471.6797	94.6900	128.8000
9490.7227	94.7200	128.9000
9509.7656	94.7600	128.9000
9528.8086	94.8000	129.0000
9549.3164	94.8500	129.1000
9569.8242	94.9100	129.2000
9590.3320	94.9800	129.2000
9610.8398	95.0500	129.1000
9631.3477	95.1300	129.0000
9651.8555	95.2100	128.9000
9672.3633	95.3000	128.6000
9692.8711	95.3700	128.3000
9713.3789	95.4500	128.0000
9733.8867	95.5300	127.6000
9754.3945	95.6100	127.2000
9774.9023	95.6900	126.6000
9795.4102	95.7700	126.0000
9815.9180	95.8300	125.3000
9836.4258	95.8900	124.6000
9856.9336	95.9400	123.9000
9877.4414	95.9800	123.1000
9897.9492	96.0100	122.3000
9918.4570	96.0300	121.4000
9938.9648	96.0500	120.5000
9959.4727	96.0500	119.6000
9979.9805	96.0300	118.6000
10000.4880	96.0000	117.7000
10020.9960	95.9600	116.8000
10041.5040	95.9100	115.9000
10062.0120	95.8400	115.1000
10082.5200	95.7700	114.3000
10103.0270	95.6800	113.5000
10123.5350	95.5800	112.8000
10144.0430	95.4800	112.1000
10164.5510	95.3600	111.6000
10185.0590	95.2400	111.1000
10205.5660	95.1100	110.7000
10226.0740	94.9800	110.4000
10246.5820	94.8400	110.2000
10267.0900	94.7100	110.1000
10289.0630	94.5600	110.1000
10311.0350	94.4200	110.2000
10333.0080	94.2800	110.4000
10354.9800	94.1500	110.8000
10376.9530	94.0300	111.3000
10398.9260	93.9300	111.8000
10420.8980	93.8400	112.4000
10442.8710	93.7700	113.1000
10464.8440	93.7100	113.8000
10486.8160	93.6700	114.6000
10508.7890	93.6500	115.4000
10530.7620	93.6600	116.1000
10552.7340	93.6800	116.9000
10574.7070	93.7200	117.5000
10596.6800	93.7600	118.1000
10618.6520	93.8200	118.6000
10640.6250	93.8900	119.1000
10662.5980	93.9700	119.5000
10684.5700	94.0500	119.8000
10706.5430	94.1400	119.9000
10728.5160	94.2300	120.0000
10750.4880	94.3100	120.1000
10772.4610	94.4000	120.0000
10794.4340	94.4700	119.8000
10816.4060	94.5400	119.6000
10838.3790	94.6100	119.4000
10860.3520	94.6700	119.1000
10882.3240	94.7300	118.8000
10904.2970	94.7800	118.4000
10926.2700	94.8200	117.9000
10948.2420	94.8400	117.5000
10970.2150	94.8600	117.1000
10992.1880	94.8800	116.7000
11015.6250	94.8900	116.2000
11039.0630	94.8900	115.8000
11062.5000	94.8900	115.3000
11085.9380	94.8900	114.9000
11109.3750	94.8700	114.4000
11132.8130	94.8500	114.0000
11156.2500	94.8200	113.6000
11179.6880	94.8000	113.2000
11203.1250	94.7600	112.8000
11226.5630	94.7200	112.5000
11250.0000	94.6800	112.2000
11273.4380	94.6300	111.9000
11296.8750	94.5800	111.6000
11320.3130	94.5200	111.4000
11343.7500	94.4700	111.2000
11367.1880	94.4100	111.1000
11390.6250	94.3500	111.0000
11414.0630	94.2900	110.9000
11437.5000	94.2200	110.8000
11460.9380	94.1500	110.9000
11484.3750	94.0900	110.9000
11507.8130	94.0300	111.0000
11531.2500	93.9700	111.2000
11554.6880	93.9100	111.4000
11578.1250	93.8500	111.7000
11601.5630	93.8100	112.0000
11625.0000	93.7700	112.3000
11648.4380	93.7400	112.7000
11671.8750	93.7100	113.1000
11695.3130	93.6900	113.5000
11718.7500	93.6900	113.9000
11743.6520	93.6900	114.3000
11768.5550	93.6900	114.7000
11793.4570	93.7000	115.1000
11818.3590	93.7200	115.4000
11843.2620	93.7400	115.7000
11868.1640	93.7700	116.0000
11893.0660	93.7900	116.3000
11917.9690	93.8200	116.5000
11942.8710	93.8500	116.7000
11967.7730	93.8800	116.9000
11992.6760	93.9100	117.2000
12017.5780	93.9500	117.4000
12042.4800	93.9800	117.5000
12067.3830	94.0200	117.7000
12092.2850	94.0600	117.9000
12117.1880	94.1100	118.2000
12142.0900	94.1700	118.3000
12166.9920	94.2300	118.5000
12191.8950	94.3000	118.6000
12216.7970	94.3800	118.7000
12241.6990	94.4600	118.7000
12266.6020	94.5400	118.6000
12291.5040	94.6300	118.5000
12316.4060	94.7200	118.2000
12341.3090	94.8100	117.9000
12366.2110	94.8900	117.5000
12391.1130	94.9600	117.0000
12416.0160	95.0200	116.5000
12440.9180	95.0800	115.9000
12465.8200	95.1200	115.2000
12492.1880	95.1400	114.4000
12518.5550	95.1500	113.7000
12544.9220	95.1500	112.9000
12571.2890	95.1200	112.1000
12597.6560	95.0800	111.4000
12624.0230	95.0300	110.8000
12650.3910	94.9600	110.1000
12676.7580	94.8800	109.6000
12703.1250	94.7900	109.2000
12729.4920	94.6900	108.8000
12755.8590	94.5800	108.5000
12782.2270	94.4600	108.4000
12808.5940	94.3400	108.4000
12834.9610	94.2300	108.5000
12861.3280	94.1100	108.7000
12887.6950	94.0000	109.1000
12914.0630	93.9000	109.6000
12940.4300	93.8200	110.2000
12966.7970	93.7500	110.9000
12993.1640	93.7000	111.7000
13019.5310	93.6700	112.5000
13045.8980	93.6700	113.3000
13072.2660	93.6800	114.2000
13098.6330	93.7200	115.1000
13125.0000	93.7900	116.0000
13151.3670	93.8700	116.7000
13177.7340	93.9800	117.4000
13204.1020	94.1100	117.9000
13231.9340	94.2600	118.4000
13259.7660	94.4300	118.6000
13287.5980	94.6000	118.7000
13315.4300	94.7700	118.5000
13343.2620	94.9400	118.2000
13371.0940	95.1100	117.8000
13398.9260	95.2600	117.1000
13426.7580	95.4000	116.3000
13454.5900	95.5200	115.3000
13482.4220	95.6200	114.2000
13510.2540	95.7000	113.1000
13538.0860	95.7500	111.8000
13565.9180	95.7700	110.5000
13593.7500	95.7600	109.3000
13621.5820	95.7200	108.0000
13649.4140	95.6600	106.8000
13677.2460	95.5700	105.6000
13705.0780	95.4600	104.6000
13732.9100	95.3300	103.7000
13760.7420	95.1800	102.9000
13788.5740	95.0100	102.3000
13816.4060	94.8300	101.8000
13844.2380	94.6500	101.6000
13872.0700	94.4700	101.6000
13899.9020	94.3000	101.7000
13927.7340	94.1400	102.0000
13957.0310	93.9900	102.5000
13986.3280	93.8600	103.2000
14015.6250	93.7600	103.9000
14044.9220	93.6900	104.7000
14074.2190	93.6500	105.5000
14103.5160	93.6300	106.3000
14132.8130	93.6300	107.0000
14162.1090	93.6400	107.6000
14191.4060	93.6700	108.2000
14220.7030	93.7200	108.6000
14250.0000	93.7600	109.0000
14279.2970	93.8100	109.3000
14308.5940	93.8600	109.6000
14337.8910	93.9300	109.8000
14367.1880	94.0000	110.0000
14396.4840	94.0700	110.1000
14425.7810	94.1500	110.1000
14455.0780	94.2400	110.1000
14484.3750	94.3300	109.9000
14513.6720	94.4200	109.6000
14542.9690	94.5100	109.3000
14572.2660	94.6000	108.8000
14601.5630	94.6700	108.1000
14630.8590	94.7400	107.4000
14660.1560	94.7900	106.6000
14690.9180	94.8300	105.7000
14721.6800	94.8500	104.7000
14752.4410	94.8400	103.6000
14783.2030	94.8200	102.6000
14813.9650	94.7700	101.5000
14844.7270	94.7000	100.4000
14875.4880	94.6100	99.4000
14906.2500	94.4900	98.5000
14937.0120	94.3600	97.6000
14967.7730	94.2100	96.9000
14998.5350	94.0500	96.2000
15029.2970	93.8700	95.7000
15060.0590	93.6800	95.3000
15090.8200	93.4900	95.0000
15121.5820	93.2900	94.9000
15152.3440	93.0900	95.0000
15183.1050	92.8800	95.2000
15213.8670	92.6800	95.5000
15244.6290	92.4900	96.1000
15275.3910	92.3000	96.9000
15306.1520	92.1400	97.9000
15336.9140	92.0000	99.0000
15367.6760	91.8900	100.3000
15398.4380	91.8200	101.7000
15430.6640	91.8000	103.3000
15462.8910	91.8300	104.8000
15495.1170	91.9100	106.2000
15527.3440	92.0400	107.5000
15559.5700	92.2100	108.4000
15591.7970	92.4000	109.1000
15624.0230	92.6000	109.4000
15656.2500	92.8000	109.4000
15688.4770	93.0000	109.0000
15720.7030	93.1700	108.4000
15752.9300	93.3200	107.6000
15785.1560	93.4500	106.5000
15817.3830	93.5300	105.4000
15849.6090	93.5900	104.1000
15881.8360	93.6000	102.7000
15914.0630	93.5900	101.4000
15946.2890	93.5400	100.0000
15978.5160	93.4500	98.7000
16010.7420	93.3400	97.5000
16042.9690	93.2000	96.3000
16075.1950	93.0400	95.3000
16107.4220	92.8500	94.5000
16139.6480	92.6500	93.8000
16173.3400	92.4300	93.2000
16207.0310	92.2000	92.9000
16240.7230	91.9600	92.7000
16274.4140	91.7400	92.8000
16308.1050	91.5100	93.0000
16341.7970	91.3000	93.4000
16375.4880	91.1000	93.9000
16409.1800	90.9200	94.6000
16442.8710	90.7600	95.4000
16476.5630	90.6200	96.3000
16510.2540	90.5100	97.2000
16543.9450	90.4100	98.1000
16577.6370	90.3400	99.1000
16611.3280	90.2900	100.0000
16645.0200	90.2500	100.9000
16678.7110	90.2300	101.7000
16712.4020	90.2200	102.5000
16746.0940	90.2300	103.1000
16779.7850	90.2400	103.8000
16813.4770	90.2500	104.3000
16847.1680	90.2700	104.7000
16882.3240	90.3000	105.1000
16917.4800	90.3200	105.5000
16952.6370	90.3400	105.7000
16987.7930	90.3600	105.8000
17022.9490	90.3700	105.9000
17058.1050	90.3800	105.9000
17093.2620	90.3900	105.9000
17128.4180	90.3900	105.8000
17163.5740	90.3800	105.6000
17198.7300	90.3600	105.4000
17233.8870	90.3300	105.1000
17269.0430	90.2800	104.8000
17304.1990	90.2200	104.5000
17339.3550	90.1400	104.1000
17374.5120	90.0400	103.8000
17409.6680	89.9300	103.6000
17444.8240	89.7900	103.4000
17479.9800	89.6300	103.3000
17515.1370	89.4700	103.4000
17550.2930	89.2900	103.6000
17585.4490	89.1100	104.1000
17622.0700	88.9200	104.7000
17658.6910	88.7500	105.6000
17695.3130	88.6000	106.7000
17731.9340	88.4700	108.0000
17768.5550	88.3800	109.4000
17805.1760	88.3200	110.9000
17841.7970	88.3000	112.3000
17878.4180	88.3100	113.8000
17915.0390	88.3600	115.1000
17951.6600	88.4300	116.3000
17988.2810	88.5200	117.3000
18024.9020	88.6300	118.1000
18061.5230	88.7400	118.8000
18098.1450	88.8600	119.3000
18134.7660	88.9800	119.7000
18171.3870	89.0900	119.9000
18208.0080	89.2000	119.9000
18244.6290	89.3000	119.8000
18281.2500	89.3800	119.6000
18317.8710	89.4600	119.3000
18355.9570	89.5200	118.8000
18394.0430	89.5600	118.3000
18432.1290	89.5800	117.7000
18470.2150	89.5700	117.0000
18508.3010	89.5400	116.4000
18546.3870	89.4800	115.7000
18584.4730	89.4000	115.1000
18622.5590	89.2900	114.5000
18660.6450	89.1500	114.1000
18698.7300	88.9900	113.9000
18736.8160	88.8100	113.8000
18774.9020	88.6200	113.9000
18812.9880	88.4300	114.3000
18851.0740	88.2400	114.9000
18889.1600	88.0500	115.7000
18927.2460	87.8800	116.8000
18965.3320	87.7300	118.0000
19003.4180	87.6100	119.4000
19041.5040	87.5200	120.9000
19079.5900	87.4600	122.6000
19119.1410	87.4300	124.3000
19158.6910	87.4500	126.1000
19198.2420	87.5100	127.8000
19237.7930	87.6100	129.4000
19277.3440	87.7600	130.9000
19316.8950	87.9400	132.1000
19356.4450	88.1500	133.0000
19395.9960	88.3700	133.6000
19435.5470	88.6000	133.9000
19475.0980	88.8200	133.9000
19514.6480	89.0200	133.5000
19554.1990	89.2000	132.9000
19593.7500	89.3500	132.1000
19633.3010	89.4600	131.1000
19672.8520	89.5300	129.9000
19712.4020	89.5600	128.8000
19751.9530	89.5600	127.6000
19791.5040	89.5100	126.4000
19832.5200	89.4200	125.2000
19873.5350	89.2900	124.2000
19914.5510	89.1300	123.4000
19955.5660	88.9300	122.7000
19996.5820	88.7100	122.3000
20037.5980	88.4700	122.2000
20078.6130	88.2200	122.4000
20119.6290	87.9600	122.9000
20160.6450	87.7100	123.8000
20201.6600	87.4800	125.1000
20242.6760	87.2900	126.7000
20283.6910	87.1500	128.7000
20324.7070	87.0900	130.8000
20365.7230	87.1000	132.9000
20406.7380	87.1800	134.9000
20447.7540	87.3300	136.7000
20488.7700	87.5300	138.0000
20529.7850	87.7600	139.0000
20572.2660	88.0000	139.5000
20614.7460	88.2300	139.6000
20657.2270	88.4400	139.4000
20699.7070	88.6200	138.9000
20742.1880	88.7600	138.1000
20784.6680	88.8700	137.3000
20827.1480	88.9300	136.3000
20869.6290	88.9600	135.3000
20912.1090	88.9600	134.3000
20954.5900	88.9200	133.3000
20997.0700	88.8500	132.4000
21039.5510	88.7600	131.6000
21082.0310	88.6300	130.8000
21124.5120	88.4700	130.2000
21166.9920	88.2900	129.7000
21209.4730	88.0800	129.5000
21251.9530	87.8400	129.5000
21295.8980	87.5900	129.8000
21339.8440	87.3300	130.4000
21383.7890	87.0800	131.5000
21427.7340	86.8600	132.9000
21471.6800	86.6800	134.7000
21515.6250	86.5600	136.6000
21559.5700	86.5100	138.7000
21603.5160	86.5300	140.6000
21647.4610	86.5900	142.4000
21691.4060	86.7000	144.0000
21735.3520	86.8400	145.3000
21779.2970	87.0000	146.3000
21823.2420	87.1600	147.1000
21867.1880	87.3300	147.6000
21911.1330	87.5000	147.8000
21955.0780	87.6600	147.8000
21999.0230	87.8000	147.5000
22044.4340	87.9200	147.1000
22089.8440	88.0100	146.4000
22135.2540	88.0700	145.6000
22180.6640	88.0800	144.7000
22226.0740	88.0400	143.7000
22271.4840	87.9500	142.8000
22316.8950	87.8100	142.0000
22362.3050	87.6300	141.4000
22407.7150	87.4100	141.2000
22453.1250	87.1600	141.2000
22498.5350	86.9000	141.7000
22543.9450	86.6400	142.6000
22589.3550	86.4000	143.9000
22634.7660	86.1900	145.5000
22680.1760	86.0400	147.4000
22725.5860	85.9400	149.5000
22772.4610	85.9000	151.8000
22819.3360	85.9300	154.0000
22866.2110	86.0300	156.1000
22913.0860	86.1700	157.9000
22959.9610	86.3700	159.4000
23006.8360	86.5800	160.5000
23053.7110	86.8100	161.2000
23100.5860	87.0300	161.5000
23147.4610	87.2300	161.5000
23194.3360	87.4000	161.1000
23241.2110	87.5200	160.6000
23288.0860	87.5900	159.9000
23334.9610	87.6200	159.2000
23381.8360	87.6000	158.6000
23428.7110	87.5400	158.1000
23475.5860	87.4500	157.8000
23523.9260	87.3300	157.7000
23572.2660	87.2000	157.8000
23620.6050	87.0700	158.2000
23668.9450	86.9400	158.8000
23717.2850	86.8200	159.5000
23765.6250	86.7100	160.4000
23813.9650	86.6100	161.4000
23862.3050	86.5300	162.6000
23910.6450	86.4600	163.9000
23958.9840	86.4100	165.4000
24007.3240	86.4000	166.9000
24055.6640	86.4200	168.5000
24104.0040	86.4800	170.1000
24152.3440	86.5900	171.7000
24200.6840	86.7400	173.1000
24250.4880	86.9400	174.3000
24300.2930	87.1500	175.1000
24350.0980	87.3800	175.7000
24399.9020	87.6000	175.9000
24449.7070	87.8100	175.8000
24499.5120	87.9900	175.5000
24549.3160	88.1400	175.0000
24599.1210	88.2500	174.3000
24648.9260	88.3200	173.5000
24698.7300	88.3500	172.8000
24748.5350	88.3300	172.0000
24798.3400	88.2800	171.3000
24848.1450	88.1800	170.8000
24897.9490	88.0500	170.6000
24947.7540	87.8900	170.6000
24999.0230	87.7200	171.0000
25050.2930	87.5500	171.8000
25101.5630	87.4100	173.1000
25152.8320	87.3300	174.6000
25204.1020	87.3100	176.3000
25255.3710	87.3700	178.1000
25306.6410	87.4900	179.6000
25357.9100	87.6700	-179.2000
25409.1800	87.8700	-178.4000
25460.4490	88.0700	-178.0000
25511.7190	88.2600	-177.9000
25562.9880	88.4200	-178.1000
25614.2580	88.5500	-178.4000
25665.5270	88.6500	-178.8000
25718.2620	88.7200	-179.3000
25770.9960	88.7500	-179.8000
25823.7300	88.7700	179.8000
25876.4650	88.7500	179.4000
25929.1990	88.7200	179.1000
25981.9340	88.6700	178.8000
26034.6680	88.6000	178.7000
26087.4020	88.5100	178.7000
26140.1370	88.4100	178.9000
26192.8710	88.3100	179.3000
26245.6050	88.2100	179.9000
26298.3400	88.1300	-179.3000
26351.0740	88.0900	-178.3000
26403.8090	88.0800	-177.3000
26458.0080	88.1000	-176.2000
26512.2070	88.1700	-175.1000
26566.4060	88.2700	-174.2000
26620.6050	88.3900	-173.5000
26674.8050	88.5200	-173.0000
26729.0040	88.6600	-172.8000
26783.2030	88.8000	-172.7000
26837.4020	88.9300	-172.8000
26891.6020	89.0400	-173.1000
26945.8010	89.1200	-173.6000
27000.0000	89.1800	-174.2000
27054.1990	89.2100	-174.9000
27108.3980	89.1900	-175.6000
27164.0630	89.1300	-176.4000
27219.7270	89.0300	-177.0000
27275.3910	88.8900	-177.4000
27331.0550	88.7200	-177.6000
27386.7190	88.5300	-177.4000
27442.3830	88.3300	-176.8000
27498.0470	88.1500	-175.8000
27553.7110	88.0100	-174.5000
27609.3750	87.9200	-172.8000
27665.0390	87.8900	-171.0000
27720.7030	87.9400	-169.1000
27776.3670	88.0600	-167.5000
27832.0310	88.2400	-166.1000
27889.1600	88.4600	-165.2000
27946.2890	88.6900	-164.8000
28003.4180	88.9000	-164.8000
28060.5470	89.0700	-165.2000
28117.6760	89.2000	-165.9000
28174.8050	89.2600	-166.7000
28231.9340	89.2700	-167.5000
28289.0630	89.2300	-168.1000
28346.1910	89.1600	-168.6000
28403.3200	89.0500	-168.9000
28460.4490	88.9200	-168.8000
28517.5780	88.7900	-168.4000
28574.7070	88.6800	-167.8000
28633.3010	88.5800	-166.8000
28691.8950	88.5200	-165.6000
28750.4880	88.5100	-164.2000
28809.0820	88.5500	-162.7000
28867.6760	88.6500	-161.4000
28926.2700	88.8000	-160.2000
28984.8630	88.9900	-159.3000
29043.4570	89.2000	-158.9000
29102.0510	89.4000	-158.8000
29160.6450	89.5900	-159.1000
29219.2380	89.7300	-159.6000
29277.8320	89.8400	-160.3000
29336.4260	89.9000	-161.1000
29396.4840	89.9200	-161.9000
29456.5430	89.9000	-162.5000
29516.6020	89.8500	-163.0000
29576.6600	89.7900	-163.3000
29636.7190	89.7100	-163.4000
29696.7770	89.6300	-163.4000
29756.8360	89.5500	-163.2000
29816.8950	89.4700	-162.8000
29876.9530	89.3900	-162.2000
29937.0120	89.3400	-161.3000
29997.0700	89.3300	-160.3000
30057.1290	89.3500	-159.3000
30118.6520	89.4200	-158.3000
30180.1760	89.5400	-157.4000
30241.6990	89.6800	-156.8000
30303.2230	89.8400	-156.4000
30364.7460	90.0200	-156.4000
30426.2700	90.1800	-156.7000
30487.7930	90.3300	-157.3000
30549.3160	90.4300	-158.1000
30610.8400	90.4900	-159.2000
30672.3630	90.4900	-160.3000
30733.8870	90.4400	-161.3000
30795.4100	90.3300	-162.1000
30858.3980	90.1800	-162.7000
30921.3870	90.0100	-162.8000
30984.3750	89.8400	-162.5000
31047.3630	89.6900	-161.8000
31110.3520	89.5900	-160.7000
31173.3400	89.5400	-159.5000
31236.3280	89.5600	-158.3000
31299.3160	89.6400	-157.2000
31362.3050	89.7600	-156.3000
31425.2930	89.9000	-155.8000
31488.2810	90.0500	-155.6000
31551.2700	90.1900	-155.7000
31615.7230	90.3100	-156.0000
31680.1760	90.4000	-156.5000
31744.6290	90.4700	-157.1000
31809.0820	90.5100	-157.8000
31873.5350	90.5200	-158.6000
31937.9880	90.4900	-159.5000
32002.4410	90.4100	-160.4000
32066.8950	90.2900	-161.1000
32131.3480	90.1200	-161.6000
32195.8010	89.9100	-161.7000
32260.2540	89.7000	-161.3000
32326.1720	89.5000	-160.3000
32392.0900	89.3500	-158.9000
32458.0080	89.2900	-157.1000
32523.9260	89.3200	-155.3000
32589.8440	89.4400	-153.7000
32655.7620	89.6200	-152.4000
32721.6800	89.8400	-151.7000
32787.5980	90.0600	-151.5000
32853.5160	90.2600	-151.7000
32919.4340	90.4300	-152.3000
32985.3520	90.5500	-153.2000
33052.7340	90.6100	-154.4000
33120.1170	90.6200	-155.6000
33187.5000	90.5600	-156.8000
33254.8830	90.4400	-157.8000
33322.2660	90.2700	-158.5000
33389.6480	90.0600	-158.7000
33457.0310	89.8500	-158.4000
33524.4140	89.6700	-157.5000
33591.7970	89.5400	-156.2000
33659.1800	89.4900	-154.6000
33726.5630	89.5300	-153.1000
33795.4100	89.6300	-151.8000
33864.2580	89.7600	-150.9000
33933.1050	89.9100	-150.3000
34001.9530	90.0500	-150.1000
34070.8010	90.1700	-150.1000
34139.6480	90.2900	-150.4000
34208.4960	90.3900	-150.8000
34277.3440	90.4800	-151.5000
34346.1910	90.5400	-152.5000
34415.0390	90.5500	-153.7000
34483.8870	90.5000	-155.0000
34554.1990	90.3600	-156.1000
34624.5120	90.1600	-157.0000
34694.8240	89.9200	-157.3000
34765.1370	89.6600	-156.9000
34835.4490	89.4400	-155.9000
34905.7620	89.2900	-154.3000
34976.0740	89.2300	-152.5000
35046.3870	89.2700	-150.8000
35116.6990	89.4000	-149.4000
35187.0120	89.5900	-148.5000
35258.7890	89.7900	-148.3000
35330.5660	89.9700	-148.7000
35402.3440	90.1000	-149.5000
35474.1210	90.1500	-150.6000
35545.8980	90.1300	-151.8000
35617.6760	90.0300	-152.8000
35689.4530	89.8700	-153.7000
35761.2300	89.6700	-154.2000
35833.0080	89.4300	-154.2000
35904.7850	89.1900	-153.7000
35978.0270	88.9800	-152.7000
36051.2700	88.8200	-151.4000
36124.5120	88.7400	-149.9000
36197.7540	88.7400	-148.5000
36270.9960	88.7900	-147.4000
36344.2380	88.8800	-146.5000
36417.4800	88.9900	-146.0000
36490.7230	89.1100	-145.7000
36563.9650	89.2200	-145.7000
36637.2070	89.3200	-145.9000
36711.9140	89.4100	-146.4000
36786.6210	89.4500	-147.1000
36861.3280	89.4400	-147.9000
36936.0350	89.3600	-148.8000
37010.7420	89.2000	-149.6000
37085.4490	88.9700	-150.0000
37160.1560	88.7000	-149.8000
37234.8630	88.4400	-149.0000
37309.5700	88.2200	-147.6000
37384.2770	88.0900	-145.9000
37460.4490	88.0600	-144.1000
37536.6210	88.1200	-142.5000
37612.7930	88.2600	-141.4000
37688.9650	88.4400	-140.9000
37765.1370	88.6000	-140.9000
37841.3090	88.7200	-141.4000
37917.4800	88.7600	-142.0000
37993.6520	88.7400	-142.7000
38069.8240	88.6600	-143.2000
38145.9960	88.5300	-143.5000
38223.6330	88.3800	-143.5000
38301.2700	88.2000	-143.2000
38378.9060	88.0200	-142.6000
38456.5430	87.8600	-141.6000
38534.1800	87.7400	-140.4000
38611.8160	87.6700	-139.1000
38689.4530	87.6600	-137.8000
38767.0900	87.7200	-136.7000
38844.7270	87.8100	-136.1000
38923.8280	87.9200	-135.9000
39002.9300	88.0100	-136.1000
39082.0310	88.0600	-136.7000
39161.1330	88.0600	-137.4000
39240.2340	88.0200	-138.1000
39319.3360	87.9400	-138.8000
39398.4380	87.8200	-139.3000
39477.5390	87.6800	-139.6000
39556.6410	87.5000	-139.6000
39637.2070	87.3000	-139.1000
39717.7730	87.1100	-138.2000
39798.3400	86.9600	-136.9000
39878.9060	86.8900	-135.3000
39959.4730	86.9000	-133.8000