* This data was exported from the Dayton Audio Test System: DATS
*
* Piston Diameter = 0 mm
* f(s)= 1619 Hz
* R(e)= 3.04 Ohms
* Z(max)= 9.046 Ohms
* Q(ms)= 3.765
* Q(es)= 1.906
* Q(ts)= 1.265
* V(as)= 0 liters     (0 cubic feet)
* L(e)= 0.3724 mH
* n(0)= 0 %
* SPL= 0 1W/1m
* M(ms)= 0 grams
* C(ms)= 0 mm/N
* BL= 0 
* K(r)= 1.108 
* X(r)= 0.1046 
* K(i)= 3e-07 
* X(i)= 1.362 
*
*
Freq            Impedance       Phase
1.029    	3.188    	-2.557    
1.059    	3.188    	-2.557    
1.091    	3.188    	-2.557    
1.122    	3.188    	-2.557    
1.155    	3.188    	-2.557    
1.189    	3.188    	-2.557    
1.224    	3.188    	-2.557    
1.260    	3.188    	-2.557    
1.297    	3.188    	-2.557    
1.335    	3.088    	-0.689    
1.374    	3.088    	-0.689    
1.414    	3.088    	-0.689    
1.456    	3.088    	-0.689    
1.498    	3.088    	-0.689    
1.542    	3.088    	-0.689    
1.587    	3.088    	-0.689    
1.634    	3.088    	-0.689    
1.682    	3.088    	-0.689    
1.731    	3.088    	-0.689    
1.782    	3.088    	-0.689    
1.834    	3.088    	-0.689    
1.888    	3.088    	-0.689    
1.943    	3.088    	-0.689    
2.000    	3.040    	0.275    
2.059    	3.040    	0.275    
2.119    	3.040    	0.275    
2.181    	3.040    	0.275    
2.245    	3.040    	0.275    
2.311    	3.040    	0.275    
2.378    	3.040    	0.275    
2.448    	3.040    	0.275    
2.520    	3.040    	0.275    
2.594    	3.040    	0.275    
2.670    	3.039    	-0.120    
2.748    	3.039    	-0.120    
2.828    	3.039    	-0.120    
2.911    	3.039    	-0.120    
2.997    	3.039    	-0.120    
3.084    	3.039    	-0.120    
3.175    	3.039    	-0.120    
3.268    	3.039    	-0.120    
3.364    	3.042    	0.122    
3.462    	3.042    	0.122    
3.564    	3.042    	0.122    
3.668    	3.042    	0.122    
3.775    	3.042    	0.122    
3.886    	3.042    	0.122    
4.000    	3.041    	0.014    
4.117    	3.041    	0.014    
4.238    	3.041    	0.014    
4.362    	3.041    	0.014    
4.490    	3.041    	0.014    
4.621    	3.041    	0.014    
4.757    	3.045    	0.159    
4.896    	3.045    	0.159    
5.040    	3.045    	0.159    
5.187    	3.045    	0.159    
5.339    	3.045    	0.119    
5.496    	3.045    	0.119    
5.657    	3.045    	0.119    
5.823    	3.045    	0.119    
5.993    	3.046    	0.205    
6.169    	3.046    	0.205    
6.350    	3.046    	0.205    
6.536    	3.046    	0.205    
6.727    	3.045    	0.156    
6.924    	3.045    	0.156    
7.127    	3.045    	0.156    
7.336    	3.043    	0.207    
7.551    	3.043    	0.207    
7.772    	3.043    	0.207    
8.000    	3.040    	0.191    
8.234    	3.040    	0.191    
8.476    	3.040    	0.191    
8.724    	3.041    	0.243    
8.980    	3.041    	0.243    
9.243    	3.041    	0.243    
9.514    	3.041    	0.221    
9.792    	3.041    	0.221    
10.079    	3.044    	0.232    
10.375    	3.044    	0.232    
10.679    	3.042    	0.216    
10.992    	3.042    	0.216    
11.314    	3.044    	0.261    
11.645    	3.044    	0.261    
11.986    	3.044    	0.256    
12.338    	3.044    	0.256    
12.699    	3.047    	0.328    
13.071    	3.047    	0.328    
13.454    	3.046    	0.309    
13.849    	3.046    	0.309    
14.254    	3.047    	0.355    
14.672    	3.046    	0.329    
15.102    	3.046    	0.329    
15.545    	3.046    	0.393    
16.000    	3.047    	0.391    
16.469    	3.047    	0.391    
16.951    	3.045    	0.399    
17.448    	3.047    	0.383    
17.959    	3.044    	0.394    
18.486    	3.044    	0.394    
19.027    	3.047    	0.422    
19.585    	3.044    	0.434    
20.159    	3.043    	0.424    
20.749    	3.045    	0.448    
21.357    	3.045    	0.458    
21.983    	3.046    	0.499    
22.627    	3.046    	0.496    
23.290    	3.046    	0.548    
23.973    	3.047    	0.554    
24.675    	3.046    	0.561    
25.398    	3.047    	0.556    
26.143    	3.046    	0.570    
26.909    	3.047    	0.572    
27.697    	3.045    	0.572    
28.509    	3.046    	0.606    
29.344    	3.045    	0.619    
30.204    	3.047    	0.618    
31.089    	3.046    	0.662    
32.000    	3.046    	0.697    
32.938    	3.046    	0.721    
33.903    	3.046    	0.755    
34.896    	3.048    	0.747    
35.919    	3.048    	0.787    
36.971    	3.048    	0.839    
38.055    	3.047    	0.862    
39.170    	3.048    	0.871    
40.317    	3.047    	0.882    
41.499    	3.047    	0.884    
42.715    	3.047    	0.907    
43.967    	3.047    	0.917    
45.255    	3.047    	0.948    
46.581    	3.047    	0.985    
47.946    	3.047    	1.039    
49.351    	3.048    	1.066    
50.797    	3.048    	1.099    
52.285    	3.050    	1.121    
53.817    	3.050    	1.162    
55.394    	3.049    	1.205    
57.018    	3.048    	1.222    
58.688    	3.048    	1.238    
60.408    	3.049    	1.287    
62.178    	3.049    	1.336    
64.000    	3.050    	1.388    
65.875    	3.050    	1.411    
67.806    	3.052    	1.431    
69.792    	3.052    	1.462    
71.838    	3.051    	1.495    
73.943    	3.051    	1.552    
76.109    	3.051    	1.605    
78.339    	3.053    	1.670    
80.635    	3.053    	1.697    
82.998    	3.052    	1.743    
85.430    	3.052    	1.787    
87.933    	3.052    	1.823    
90.510    	3.053    	1.879    
93.162    	3.055    	1.954    
95.892    	3.056    	2.045    
98.701    	3.056    	2.100    
101.594    	3.056    	2.146    
104.571    	3.057    	2.205    
107.635    	3.057    	2.267    
110.789    	3.058    	2.323    
114.035    	3.058    	2.375    
117.377    	3.058    	2.419    
120.816    	3.057    	2.483    
124.356    	3.059    	2.562    
128.000    	3.060    	2.633    
131.751    	3.062    	2.711    
135.611    	3.062    	2.788    
139.585    	3.062    	2.863    
143.675    	3.062    	2.943    
147.885    	3.063    	3.039    
152.219    	3.064    	3.139    
156.679    	3.066    	3.235    
161.270    	3.066    	3.328    
165.995    	3.067    	3.415    
170.860    	3.069    	3.510    
175.866    	3.071    	3.596    
181.019    	3.072    	3.690    
186.324    	3.073    	3.798    
191.783    	3.075    	3.935    
197.403    	3.075    	4.048    
203.187    	3.075    	4.162    
209.141    	3.078    	4.283    
215.269    	3.080    	4.410    
221.577    	3.081    	4.510    
228.070    	3.083    	4.626    
234.753    	3.085    	4.755    
241.632    	3.087    	4.898    
248.712    	3.089    	5.038    
256.000    	3.090    	5.164    
263.501    	3.094    	5.321    
271.223    	3.096    	5.496    
279.170    	3.099    	5.659    
287.350    	3.102    	5.838    
295.770    	3.104    	6.006    
304.437    	3.107    	6.160    
313.358    	3.110    	6.330    
322.540    	3.114    	6.518    
331.991    	3.117    	6.719    
341.719    	3.119    	6.939    
351.732    	3.123    	7.128    
362.039    	3.128    	7.310    
372.647    	3.133    	7.507    
383.567    	3.138    	7.710    
394.806    	3.143    	7.941    
406.375    	3.147    	8.178    
418.282    	3.153    	8.437    
430.539    	3.159    	8.691    
443.155    	3.166    	8.959    
456.140    	3.172    	9.219    
469.506    	3.180    	9.483    
483.264    	3.188    	9.766    
497.424    	3.195    	10.048    
512.000    	3.206    	10.341    
527.003    	3.215    	10.662    
542.445    	3.224    	11.005    
558.340    	3.232    	11.354    
574.701    	3.244    	11.726    
591.541    	3.256    	12.090    
608.874    	3.269    	12.453    
626.715    	3.283    	12.851    
645.080    	3.299    	13.272    
663.982    	3.317    	13.697    
683.438    	3.334    	14.139    
703.464    	3.353    	14.600    
724.077    	3.374    	15.081    
745.294    	3.398    	15.590    
767.133    	3.424    	16.128    
789.612    	3.452    	16.668    
812.749    	3.481    	17.222    
836.565    	3.516    	17.816    
861.078    	3.554    	18.440    
886.309    	3.597    	19.085    
912.280    	3.645    	19.750    
939.012    	3.698    	20.423    
966.527    	3.758    	21.129    
994.849    	3.824    	21.857    
1024.000    	3.899    	22.613    
1054.005    	3.986    	23.416    
1084.890    	4.086    	24.229    
1116.680    	4.200    	25.021    
1149.401    	4.331    	25.792    
1183.081    	4.485    	26.575    
1217.748    	4.668    	27.310    
1253.431    	4.887    	27.941    
1290.159    	5.152    	28.409    
1327.964    	5.470    	28.606    
1366.876    	5.852    	28.420    
1406.929    	6.317    	27.651    
1448.155    	6.865    	26.005    
1490.589    	7.484    	23.226    
1534.266    	8.137    	18.966    
1579.224    	8.716    	13.044    
1625.499    	9.058    	5.744    
1673.129    	9.058    	-2.138    
1722.156    	8.713    	-9.564    
1772.619    	8.122    	-15.727    
1824.561    	7.432    	-20.215    
1878.024    	6.756    	-23.127    
1933.055    	6.153    	-24.721    
1989.697    	5.644    	-25.292    
2048.000    	5.222    	-25.159    
2108.011    	4.875    	-24.546    
2169.780    	4.594    	-23.593    
2233.360    	4.365    	-22.427    
2298.802    	4.180    	-21.157    
2366.162    	4.029    	-19.845    
2435.496    	3.903    	-18.514    
2506.862    	3.799    	-17.215    
2580.318    	3.712    	-15.962    
2655.927    	3.638    	-14.755    
2733.752    	3.575    	-13.558    
2813.857    	3.523    	-12.383    
2896.309    	3.482    	-11.248    
2981.178    	3.448    	-10.200    
3068.533    	3.419    	-9.202    
3158.448    	3.396    	-8.241    
3250.997    	3.378    	-7.321    
3346.259    	3.364    	-6.472    
3444.312    	3.352    	-5.683    
3545.238    	3.341    	-4.925    
3649.121    	3.331    	-4.166    
3756.049    	3.322    	-3.437    
3866.109    	3.315    	-2.744    
3979.395    	3.311    	-2.070    
4096.000    	3.308    	-1.394    
4216.022    	3.307    	-0.731    
4339.561    	3.307    	-0.110    
4466.720    	3.307    	0.470    
4597.605    	3.307    	1.049    
4732.325    	3.309    	1.642    
4870.992    	3.313    	2.235    
5013.723    	3.318    	2.811    
5160.637    	3.323    	3.342    
5311.855    	3.328    	3.872    
5467.504    	3.333    	4.411    
5627.714    	3.338    	4.967    
5792.619    	3.344    	5.505    
5962.355    	3.352    	6.040    
6137.066    	3.361    	6.598    
6316.896    	3.372    	7.153    
6501.995    	3.386    	7.688    
6692.518    	3.403    	8.225    
6888.623    	3.421    	8.690    
7090.476    	3.437    	9.063    
7298.242    	3.448    	9.406    
7512.097    	3.455    	9.816    
7732.218    	3.463    	10.304    
7958.790    	3.474    	10.827    
8192.000    	3.487    	11.326    
8432.044    	3.501    	11.792    
8679.122    	3.514    	12.280    
8933.439    	3.527    	12.812    
9195.209    	3.543    	13.358    
9464.649    	3.562    	13.899    
9741.985    	3.584    	14.421    
10027.447    	3.607    	14.876    
10321.273    	3.627    	15.318    
10623.710    	3.645    	15.799    
10935.008    	3.664    	16.317    
11255.428    	3.686    	16.848    
11585.238    	3.711    	17.371    
11924.711    	3.738    	17.864    
12274.132    	3.767    	18.363    
12633.791    	3.796    	18.830    
13003.989    	3.824    	19.279    
13385.035    	3.849    	19.758    
13777.247    	3.876    	20.272    
14180.951    	3.906    	20.778    
14596.485    	3.937    	21.254    
15024.194    	3.969    	21.731    
15464.437    	4.002    	22.206    
15917.579    	4.034    	22.703    
16384.000    	4.066    	23.210    
16864.088    	4.100    	23.719    
17358.243    	4.136    	24.247    
17866.879    	4.176    	24.775    
18390.418    	4.217    	25.303    
18929.299    	4.259    	25.814    
19483.969    	4.300    	26.318    
20054.893    	4.342    	26.843    
20642.546    	4.409    	27.345    
