5.00000	-190.992	-110.932
5.07273	-190.570	-110.944
5.14651	-190.026	-110.960
5.22137	-189.312	-110.980
5.29732	-188.530	-111.002
5.37437	-187.677	-111.026
5.45254	-186.824	-111.051
5.53185	-185.971	-111.075
5.61231	-185.118	-111.100
5.69394	-184.266	-111.126
5.77676	-183.413	-111.152
5.86079	-182.560	-111.178
5.94604	-181.707	-111.205
6.03252	-180.854	-111.232
6.12027	-180.001	-111.259
6.20929	-179.149	-111.287
6.29961	-178.296	-111.316
6.39124	-177.443	-111.344
6.48420	-176.590	-111.373
6.57851	-175.737	-111.403
6.67420	-174.884	-111.432
6.77128	-174.032	-111.463
6.86977	-173.179	-111.493
6.96969	-172.326	-111.524
7.07107	-171.473	-111.556
7.17392	-170.620	-111.588
7.27827	-169.767	-111.620
7.38413	-168.915	-111.653
7.49154	-168.062	-111.687
7.60050	-167.209	-111.721
7.71105	-166.356	-111.755
7.82321	-165.503	-111.790
7.93701	-164.650	-111.826
8.05245	-163.798	-111.861
8.16958	-162.945	-111.898
8.28841	-162.092	-111.935
8.40896	-161.239	-111.972
8.53128	-160.386	-112.010
8.65537	-159.533	-112.049
8.78126	-158.681	-112.088
8.90899	-157.828	-112.128
9.03857	-156.975	-112.168
9.17004	-156.122	-112.209
9.30342	-155.269	-112.251
9.43874	-154.416	-112.293
9.57603	-153.564	-112.335
9.71532	-152.711	-112.379
9.85663	-151.858	-112.423
10.0000	-151.005	-112.467
10.1455	-150.152	-112.513
10.2930	-149.300	-112.558
10.4427	-148.447	-112.605
10.5946	-147.594	-112.652
10.7487	-146.741	-112.700
10.9051	-145.888	-112.748
11.0637	-145.035	-112.798
11.2246	-144.183	-112.848
11.3879	-143.330	-112.898
11.5535	-142.477	-112.950
11.7216	-141.624	-113.002
11.8921	-140.771	-113.055
12.0650	-139.918	-113.109
12.2405	-139.066	-113.163
12.4186	-138.213	-113.219
12.5992	-137.360	-113.275
12.7825	-136.507	-113.332
12.9684	-135.654	-113.390
13.1570	-134.801	-113.448
13.3484	-133.949	-113.508
13.5426	-133.096	-113.569
13.7395	-132.243	-113.631
13.9394	-131.390	-113.694
14.1421	-130.537	-113.758
14.3478	-129.684	-113.823
14.5565	-128.832	-113.888
14.7683	-127.979	-113.955
14.9831	-127.126	-114.023
15.2010	-126.273	-114.091
15.4221	-125.420	-114.161
15.6464	-124.567	-114.231
15.8740	-123.715	-114.303
16.1049	-122.862	-114.376
16.3392	-122.009	-114.449
16.5768	-121.156	-114.524
16.8179	-120.303	-114.600
17.0626	-119.450	-114.677
17.3107	-118.598	-114.755
17.5625	-117.745	-114.834
17.8180	-116.892	-114.915
18.0771	-116.039	-114.996
18.3401	-115.186	-115.079
18.6068	-114.333	-115.163
18.8775	-113.481	-115.248
19.1521	-112.628	-115.335
19.4306	-111.775	-115.422
19.7133	-110.922	-115.511
20.0000	-110.069	-115.602
20.2909	-109.216	-115.693
20.5860	-108.364	-115.786
20.8855	-107.511	-115.880
21.1893	-106.658	-115.976
21.4975	-105.805	-116.073
21.8102	-104.952	-116.171
22.1274	-104.099	-116.271
22.4492	-103.247	-116.372
22.7758	-102.394	-116.475
23.1071	-101.541	-116.579
23.4432	-100.688	-116.685
23.7841	-99.835	-116.792
24.1301	-98.982	-116.901
24.4811	-98.130	-117.012
24.8372	-97.277	-117.124
25.1984	-96.424	-117.237
25.5649	-95.571	-117.353
25.9368	-94.718	-117.470
26.3141	-93.866	-117.588
26.6968	-93.013	-117.709
27.0851	-92.160	-117.831
27.4791	-91.307	-117.955
27.8788	-90.454	-118.081
28.2843	-89.601	-118.208
28.6957	-88.749	-118.338
29.1131	-87.896	-118.469
29.5365	-87.043	-118.602
29.9661	-86.190	-118.737
30.4020	-85.337	-118.874
30.8442	-84.484	-119.014
31.2929	-83.632	-119.155
31.7480	-82.779	-119.298
32.2098	-81.926	-119.443
32.6783	-81.073	-119.591
33.1536	-80.220	-119.740
33.6359	-79.367	-119.892
34.1251	-78.515	-120.046
34.6215	-77.662	-120.202
35.1250	-76.809	-120.361
35.6359	-75.956	-120.521
36.1543	-75.103	-120.684
36.6802	-74.250	-120.850
37.2137	-73.398	-121.018
37.7550	-72.545	-121.188
38.3041	-71.692	-121.361
38.8613	-70.839	-121.536
39.4265	-69.986	-121.714
40.0000	-69.133	-121.894
40.5818	-68.281	-122.078
41.1721	-67.428	-122.263
41.7710	-66.575	-122.452
42.3785	-65.722	-122.643
42.9949	-64.869	-122.837
43.6203	-64.016	-123.034
44.2548	-63.164	-123.233
44.8985	-62.311	-123.436
45.5515	-61.458	-123.641
46.2141	-60.605	-123.850
46.8863	-59.752	-124.062
47.5683	-58.899	-124.276
48.2602	-58.047	-124.494
48.9621	-57.194	-124.715
49.6743	-56.341	-124.939
50.3968	-55.488	-125.167
51.1299	-54.635	-125.397
51.8736	-53.782	-125.631
52.6281	-52.930	-125.869
53.3936	-52.077	-126.110
54.1702	-51.224	-126.355
54.9581	-50.371	-126.603
55.7575	-49.518	-126.854
56.5685	-48.665	-127.110
57.3914	-47.813	-127.369
58.2261	-46.960	-127.632
59.0730	-46.107	-127.898
59.9323	-45.254	-128.169
60.8040	-44.401	-128.444
61.6884	-43.549	-128.722
62.5857	-42.696	-129.005
63.4960	-41.843	-129.292
64.4196	-40.990	-129.583
65.3566	-40.137	-129.878
66.3073	-39.284	-130.177
67.2717	-38.432	-130.481
68.2502	-37.579	-130.790
69.2429	-36.726	-131.102
70.2501	-35.873	-131.420
71.2719	-35.020	-131.742
72.3086	-34.167	-132.069
73.3603	-33.315	-132.400
74.4274	-32.462	-132.737
75.5099	-31.609	-133.078
76.6083	-30.756	-133.424
77.7226	-29.903	-133.776
78.8531	-29.050	-134.132
80.0000	-28.198	-134.494
81.1636	-27.345	-134.861
82.3442	-26.492	-135.234
83.5419	-25.639	-135.612
84.7570	-24.786	-135.995
85.9899	-23.933	-136.384
87.2406	-23.081	-136.779
88.5096	-22.228	-137.180
89.7970	-21.375	-137.586
91.1031	-20.522	-137.998
92.4282	-19.669	-138.417
93.7726	-18.816	-138.841
95.1366	-17.964	-139.272
96.5204	-17.111	-139.710
97.9243	-16.258	-140.153
99.3486	-15.405	-140.603
100.794	-14.552	-141.060
102.260	-13.699	-141.524
103.747	-12.847	-141.994
105.256	-11.994	-142.471
106.787	-11.141	-142.955
108.340	-10.288	-143.447
109.916	-9.435	-143.945
111.515	-8.582	-144.452
113.137	-7.730	-144.965
114.783	-6.877	-145.486
116.452	-6.024	-146.015
118.146	-5.171	-146.551
119.865	-4.318	-147.096
121.608	-3.465	-147.648
123.377	-2.613	-148.209
125.171	-1.760	-148.778
126.992	-0.907	-149.355
128.839	-0.054	-149.941
130.713	0.799	-150.536
132.615	1.652	-151.140
134.543	2.504	-151.752
136.500	3.357	-152.374
138.486	4.210	-153.005
140.500	5.063	-153.645
142.544	5.916	-154.294
144.617	6.768	-154.954
146.721	7.621	-155.623
148.855	8.474	-156.303
151.020	9.327	-156.992
153.217	10.180	-157.691
155.445	11.033	-158.402
157.706	11.885	-159.122
160.000	12.738	-159.854
162.327	13.591	-160.597
164.688	14.444	-161.350
167.084	15.297	-162.115
169.514	16.150	-162.892
171.980	17.002	-163.680
174.481	17.855	-164.480
177.019	18.708	-165.292
179.594	19.561	-166.117
182.206	20.414	-166.953
184.856	21.267	-167.803
187.545	22.119	-168.665
190.273	22.972	-169.541
193.041	23.825	-170.430
195.849	24.678	-171.332
198.697	25.531	-172.248
201.587	26.384	-173.178
204.520	27.236	-174.123
207.494	28.089	-175.082
210.512	28.942	-176.055
213.574	29.795	-177.044
216.681	30.648	-178.047
219.833	31.501	-179.066
223.030	32.353	179.899
226.274	33.206	178.848
229.565	34.059	177.780
232.905	34.912	176.696
236.292	35.765	175.596
239.729	36.618	174.478
243.216	37.470	173.342
246.754	38.323	172.189
250.343	39.176	171.018
253.984	40.029	169.828
257.678	40.882	168.619
261.426	41.735	167.391
265.229	42.587	166.144
269.087	43.440	164.877
273.001	44.293	163.589
276.972	45.146	162.280
281.000	45.999	160.951
285.088	46.852	159.600
289.234	47.704	158.227
293.441	48.557	156.832
297.709	49.410	155.414
302.040	50.263	153.972
306.433	51.116	152.507
310.890	51.969	151.017
315.412	52.821	149.502
320.000	53.674	147.962
324.655	54.527	146.396
329.377	55.380	144.803
334.168	56.233	143.183
339.028	57.085	141.535
343.959	57.938	139.859
348.962	58.791	138.153
354.038	59.644	136.417
359.188	60.497	134.650
364.412	61.350	132.851
369.713	62.202	131.019
375.090	63.055	129.154
380.546	63.908	127.254
386.081	64.761	125.318
391.697	65.614	123.345
397.394	66.467	121.333
403.175	67.319	119.281
409.039	68.172	117.186
414.989	69.025	115.048
421.025	69.878	112.864
427.149	70.731	110.630
433.362	71.584	108.344
439.665	72.436	106.001
446.060	73.289	103.593
452.548	74.142	101.114
459.131	74.995	98.548
465.809	75.848	95.865
472.584	76.690	93.062
479.458	77.513	90.130
486.432	78.289	87.182
493.507	79.018	84.321
500.686	79.714	81.706
507.968	80.405	79.379
515.357	81.125	77.268
522.853	81.897	75.262
530.458	82.724	73.175
538.174	83.588	70.887
546.002	84.467	68.389
553.943	85.345	65.703
562.001	86.225	62.875
570.175	87.106	59.903
578.469	87.990	56.793
586.883	88.879	53.568
595.419	89.770	50.183
604.080	90.663	46.633
612.866	91.549	42.902
621.780	92.430	38.969
630.824	93.301	34.814
640.000	94.145	30.455
649.309	94.967	25.932
658.753	95.751	21.304
668.335	96.506	16.575
678.056	97.236	11.783
687.919	97.935	6.913
697.925	98.610	2.003
708.077	99.255	-2.915
718.376	99.874	-7.782
728.825	100.480	-12.563
739.426	101.082	-17.307
750.181	101.693	-22.067
761.093	102.305	-26.912
772.163	102.915	-31.922
783.394	103.501	-37.068
794.789	104.055	-42.354
806.349	104.577	-47.711
818.078	105.065	-53.115
829.977	105.526	-58.546
842.050	105.956	-63.949
854.298	106.360	-69.327
866.724	106.734	-74.671
879.330	107.075	-79.937
892.120	107.399	-85.100
905.097	107.709	-90.175
918.262	108.013	-95.172
931.618	108.321	-100.129
945.169	108.628	-105.126
958.917	108.922	-110.206
972.864	109.191	-115.369
987.015	109.424	-120.567
1001.37	109.611	-125.752
1015.94	109.760	-130.859
1030.71	109.879	-135.830
1045.71	109.976	-140.677
1060.92	110.056	-145.384
1076.35	110.125	-149.940
1092.00	110.181	-154.384
1107.89	110.219	-158.699
1124.00	110.245	-162.874
1140.35	110.260	-166.922
1156.94	110.265	-170.850
1173.77	110.265	-174.644
1190.84	110.260	-178.324
1208.16	110.247	178.120
1225.73	110.229	174.690
1243.56	110.208	171.386
1261.65	110.185	168.199
1280.00	110.159	165.162
1298.62	110.136	162.271
1317.51	110.117	159.501
1336.67	110.103	156.860
1356.11	110.102	154.339
1375.84	110.117	151.879
1395.85	110.140	149.475
1416.15	110.175	147.104
1436.75	110.218	144.746
1457.65	110.264	142.412
1478.85	110.318	140.093
1500.36	110.374	137.803
1522.19	110.434	135.549
1544.33	110.502	133.322
1566.79	110.576	131.132
1589.58	110.658	128.955
1612.70	110.748	126.783
1636.16	110.841	124.617
1659.95	110.938	122.453
1684.10	111.038	120.274
1708.60	111.141	118.082
1733.45	111.247	115.885
1758.66	111.357	113.664
1784.24	111.470	111.414
1810.19	111.586	109.148
1836.52	111.709	106.862
1863.24	111.838	104.543
1890.34	111.968	102.176
1917.83	112.099	99.754
1945.73	112.226	97.269
1974.03	112.343	94.731
2002.74	112.457	92.144
2031.87	112.566	89.524
2061.43	112.672	86.882
2091.41	112.776	84.212
2121.83	112.873	81.504
2152.69	112.964	78.758
2184.01	113.049	75.953
2215.77	113.123	73.111
2248.00	113.190	70.230
2280.70	113.248	67.309
2313.87	113.296	64.351
2347.53	113.333	61.343
2381.68	113.349	58.289
2416.32	113.347	55.222
2451.46	113.325	52.148
2487.12	113.278	49.088
2523.30	113.215	46.068
2560.00	113.135	43.098
2597.24	113.039	40.154
2635.01	112.927	37.267
2673.34	112.794	34.434
2712.23	112.643	31.669
2751.68	112.467	29.005
2791.70	112.268	26.494
2832.31	112.053	24.147
2873.50	111.822	22.021
2915.30	111.587	20.117
2957.70	111.357	18.428
3000.72	111.136	16.927
3044.37	110.930	15.593
3088.65	110.739	14.408
3133.58	110.567	13.345
3179.16	110.412	12.403
3225.40	110.279	11.582
3272.31	110.173	10.823
3319.91	110.097	10.132
3368.20	110.059	9.448
3417.19	110.055	8.682
3466.89	110.075	7.774
3517.32	110.119	6.684
3568.48	110.169	5.394
3620.39	110.215	3.924
3673.05	110.260	2.324
3726.47	110.295	0.590
3780.67	110.319	-1.272
3835.67	110.334	-3.254
3891.46	110.329	-5.387
3948.06	110.296	-7.636
4005.49	110.229	-9.926
4063.75	110.128	-12.197
4122.86	109.996	-14.404
4182.82	109.834	-16.497
4243.66	109.650	-18.444
4305.39	109.448	-20.231
4368.01	109.232	-21.843
4431.55	109.015	-23.260
4496.01	108.802	-24.524
4561.40	108.600	-25.662
4627.75	108.407	-26.706
4695.06	108.217	-27.671
4763.35	108.026	-28.538
4832.64	107.833	-29.254
4902.93	107.652	-29.823
4974.24	107.489	-30.275
5046.60	107.347	-30.643
5120.00	107.227	-30.982
5194.47	107.123	-31.305
5270.03	107.024	-31.612
5346.68	106.930	-31.857
5424.45	106.842	-31.969
5503.35	106.770	-31.940
5583.40	106.727	-31.763
5664.61	106.728	-31.458
5747.01	106.789	-31.164
5830.60	106.905	-31.005
5915.41	107.075	-31.076
6001.45	107.284	-31.491
6088.74	107.510	-32.281
6177.30	107.744	-33.459
6267.15	107.963	-35.028
6358.31	108.156	-36.914
6450.80	108.313	-39.056
6544.62	108.422	-41.375
6639.82	108.488	-43.759
6736.40	108.513	-46.165
6834.38	108.500	-48.527
6933.79	108.462	-50.798
7034.64	108.397	-52.957
7136.96	108.320	-54.978
7240.77	108.241	-56.871
7346.09	108.166	-58.685
7452.94	108.101	-60.483
7561.35	108.046	-62.317
7671.33	107.989	-64.206
7782.91	107.919	-66.154
7896.12	107.829	-68.109
8010.97	107.720	-70.033
8127.49	107.595	-71.916
8245.71	107.462	-73.726
8365.65	107.318	-75.479
8487.33	107.167	-77.155
8610.78	107.010	-78.752
8736.03	106.841	-80.250
8863.09	106.666	-81.612
8992.01	106.499	-82.828
9122.80	106.342	-83.915
9255.50	106.201	-84.902
9390.12	106.078	-85.858
9526.70	105.960	-86.811
9665.27	105.844	-87.738
9805.86	105.726	-88.587
9948.49	105.616	-89.311
10093.2	105.530	-89.879
10240.0	105.477	-90.336
10388.9	105.471	-90.773
10540.1	105.511	-91.288
10693.4	105.589	-91.982
10848.9	105.701	-92.905
11006.7	105.837	-94.122
11166.8	105.981	-95.673
11329.2	106.121	-97.553
11494.0	106.241	-99.736
11661.2	106.325	-102.191
11830.8	106.363	-104.809
12002.9	106.349	-107.530
12177.5	106.282	-110.270
12354.6	106.154	-112.891
12534.3	105.971	-115.272
12716.6	105.751	-117.267
12901.6	105.525	-118.796
13089.2	105.333	-119.870
13279.6	105.213	-120.610
13472.8	105.186	-121.285
13668.8	105.243	-122.197
13867.6	105.344	-123.527
14069.3	105.443	-125.327
14273.9	105.493	-127.498
14481.5	105.459	-129.790
14692.2	105.341	-131.892
14905.9	105.164	-133.482
15122.7	104.986	-134.307
15342.7	104.888	-134.328
15565.8	104.940	-133.763
15792.2	105.189	-133.126
16021.9	105.642	-133.021
16255.0	106.243	-133.930
16491.4	106.916	-135.998
16731.3	107.611	-139.185
16974.7	108.280	-143.404
17221.6	108.897	-148.578
17472.1	109.441	-154.634
17726.2	109.857	-161.385
17984.0	110.115	-168.576
18245.6	110.192	-175.931
18511.0	110.098	176.830
18780.2	109.885	169.970
19053.4	109.624	163.625
19330.5	109.390	157.675
19611.7	109.211	151.836
19897.0	109.055	145.853
20186.4	108.882	139.602
20480.0	108.640	133.066
20777.9	108.292	126.416
21080.1	107.848	119.878
21386.7	107.344	113.564
21697.8	106.807	107.497
22013.4	106.258	101.688
22333.6	105.710	96.046
22658.4	105.151	90.443
22988.0	104.569	84.868
23322.4	103.967	79.292
23661.6	103.342	73.676
24005.8	102.686	67.971
24355.0	101.984	62.165
24709.2	101.215	56.145
25068.6	100.314	50.097
25433.2	99.278	44.126
25803.2	98.041	38.504
26178.5	96.534	33.963
26559.3	94.802	31.087
26945.6	92.971	31.031
27337.5	91.250	35.425
27735.2	90.141	44.400
28138.6	89.899	54.437
28547.9	90.453	60.949
28963.1	91.359	62.643
29384.4	92.255	60.549
29811.8	92.932	56.171
30245.4	93.349	50.497
30685.3	93.509	44.091
31131.7	93.502	37.566
31584.5	93.430	30.938
32043.9	93.372	24.069
32510.0	93.370	16.516
32982.8	93.391	7.815
33462.6	93.333	-2.124
33949.3	93.080	-13.350
34443.1	92.461	-25.235
34944.1	91.377	-36.949
35452.4	89.820	-48.028
35968.0	87.795	-57.804
36491.2	85.401	-65.362
37022.0	82.859	-70.552
37560.5	80.348	-73.349
38106.8	78.115	-74.302
38661.1	76.153	-74.125
39223.4	74.629	-73.347
39793.9	73.372	-71.807
