5.00000	-111.782	61.785
5.07273	-111.495	61.778
5.14651	-111.124	61.768
5.22137	-110.634	61.756
5.29732	-110.094	61.742
5.37437	-109.504	61.727
5.45254	-108.914	61.711
5.53185	-108.323	61.696
5.61231	-107.733	61.680
5.69394	-107.142	61.664
5.77676	-106.552	61.648
5.86079	-105.961	61.631
5.94604	-105.371	61.614
6.03252	-104.780	61.597
6.12027	-104.190	61.580
6.20929	-103.599	61.562
6.29961	-103.009	61.545
6.39124	-102.419	61.527
6.48420	-101.828	61.508
6.57851	-101.238	61.490
6.67420	-100.647	61.471
6.77128	-100.057	61.452
6.86977	-99.466	61.433
6.96969	-98.876	61.413
7.07107	-98.285	61.393
7.17392	-97.695	61.373
7.27827	-97.104	61.353
7.38413	-96.514	61.332
7.49154	-95.923	61.311
7.60050	-95.333	61.289
7.71105	-94.743	61.268
7.82321	-94.152	61.246
7.93701	-93.562	61.223
8.05245	-92.971	61.201
8.16958	-92.381	61.178
8.28841	-91.790	61.155
8.40896	-91.200	61.131
8.53128	-90.609	61.107
8.65537	-90.019	61.083
8.78126	-89.428	61.058
8.90899	-88.838	61.033
9.03857	-88.248	61.008
9.17004	-87.657	60.982
9.30342	-87.067	60.956
9.43874	-86.476	60.929
9.57603	-85.886	60.902
9.71532	-85.295	60.875
9.85663	-84.705	60.847
10.0000	-84.114	60.819
10.1455	-83.524	60.791
10.2930	-82.933	60.762
10.4427	-82.343	60.733
10.5946	-81.753	60.703
10.7487	-81.162	60.673
10.9051	-80.572	60.642
11.0637	-79.981	60.611
11.2246	-79.391	60.580
11.3879	-78.800	60.548
11.5535	-78.210	60.515
11.7216	-77.619	60.483
11.8921	-77.029	60.449
12.0650	-76.438	60.415
12.2405	-75.848	60.381
12.4186	-75.258	60.346
12.5992	-74.667	60.311
12.7825	-74.077	60.275
12.9684	-73.486	60.239
13.1570	-72.896	60.201
13.3484	-72.305	60.164
13.5426	-71.715	60.126
13.7395	-71.124	60.087
13.9394	-70.534	60.047
14.1421	-69.943	60.007
14.3478	-69.353	59.966
14.5565	-68.762	59.924
14.7683	-68.172	59.882
14.9831	-67.582	59.839
15.2010	-66.991	59.796
15.4221	-66.401	59.752
15.6464	-65.810	59.707
15.8740	-65.220	59.662
16.1049	-64.629	59.616
16.3392	-64.039	59.569
16.5768	-63.448	59.522
16.8179	-62.858	59.474
17.0626	-62.267	59.425
17.3107	-61.677	59.376
17.5625	-61.087	59.326
17.8180	-60.496	59.275
18.0771	-59.906	59.224
18.3401	-59.315	59.171
18.6068	-58.725	59.118
18.8775	-58.134	59.064
19.1521	-57.544	59.010
19.4306	-56.953	58.954
19.7133	-56.363	58.898
20.0000	-55.772	58.841
20.2909	-55.182	58.783
20.5860	-54.592	58.724
20.8855	-54.001	58.665
21.1893	-53.411	58.604
21.4975	-52.820	58.543
21.8102	-52.230	58.481
22.1274	-51.639	58.418
22.4492	-51.049	58.354
22.7758	-50.458	58.289
23.1071	-49.868	58.223
23.4432	-49.277	58.156
23.7841	-48.687	58.088
24.1301	-48.097	58.019
24.4811	-47.506	57.949
24.8372	-46.916	57.879
25.1984	-46.325	57.807
25.5649	-45.735	57.734
25.9368	-45.144	57.660
26.3141	-44.554	57.585
26.6968	-43.963	57.509
27.0851	-43.373	57.431
27.4791	-42.782	57.353
27.8788	-42.192	57.274
28.2843	-41.602	57.193
28.6957	-41.011	57.111
29.1131	-40.421	57.028
29.5365	-39.830	56.944
29.9661	-39.240	56.858
30.4020	-38.649	56.772
30.8442	-38.059	56.684
31.2929	-37.468	56.595
31.7480	-36.878	56.504
32.2098	-36.287	56.412
32.6783	-35.697	56.319
33.1536	-35.106	56.224
33.6359	-34.516	56.129
34.1251	-33.926	56.031
34.6215	-33.335	55.932
35.1250	-32.745	55.832
35.6359	-32.154	55.731
36.1543	-31.564	55.628
36.6802	-30.973	55.523
37.2137	-30.383	55.417
37.7550	-29.792	55.309
38.3041	-29.202	55.200
38.8613	-28.611	55.089
39.4265	-28.021	54.977
40.0000	-27.431	54.863
40.5818	-26.840	54.747
41.1721	-26.250	54.630
41.7710	-25.659	54.510
42.3785	-25.069	54.390
42.9949	-24.478	54.267
43.6203	-23.888	54.142
44.2548	-23.297	54.016
44.8985	-22.707	53.888
45.5515	-22.116	53.758
46.2141	-21.526	53.626
46.8863	-20.936	53.493
47.5683	-20.345	53.357
48.2602	-19.755	53.219
48.9621	-19.164	53.080
49.6743	-18.574	52.938
50.3968	-17.983	52.794
51.1299	-17.393	52.648
51.8736	-16.802	52.500
52.6281	-16.212	52.350
53.3936	-15.621	52.198
54.1702	-15.031	52.043
54.9581	-14.441	51.887
55.7575	-13.850	51.728
56.5685	-13.260	51.566
57.3914	-12.669	51.402
58.2261	-12.079	51.236
59.0730	-11.488	51.068
59.9323	-10.898	50.897
60.8040	-10.307	50.723
61.6884	-9.717	50.547
62.5857	-9.126	50.368
63.4960	-8.536	50.187
64.4196	-7.945	50.003
65.3566	-7.355	49.817
66.3073	-6.765	49.627
67.2717	-6.174	49.435
68.2502	-5.584	49.240
69.2429	-4.993	49.043
70.2501	-4.403	48.842
71.2719	-3.812	48.639
72.3086	-3.222	48.432
73.3603	-2.631	48.222
74.4274	-2.041	48.010
75.5099	-1.450	47.794
76.6083	-0.860	47.575
77.7226	-0.270	47.353
78.8531	0.321	47.128
80.0000	0.911	46.899
81.1636	1.502	46.667
82.3442	2.092	46.432
83.5419	2.683	46.193
84.7570	3.273	45.951
85.9899	3.864	45.705
87.2406	4.454	45.455
88.5096	5.045	45.202
89.7970	5.635	44.946
91.1031	6.225	44.685
92.4282	6.816	44.421
93.7726	7.406	44.152
95.1366	7.997	43.880
96.5204	8.587	43.604
97.9243	9.178	43.324
99.3486	9.768	43.039
100.794	10.359	42.751
102.260	10.949	42.458
103.747	11.540	42.161
105.256	12.130	41.859
106.787	12.720	41.553
108.340	13.311	41.243
109.916	13.901	40.928
111.515	14.492	40.608
113.137	15.082	40.284
114.783	15.673	39.955
116.452	16.263	39.621
118.146	16.854	39.282
119.865	17.444	38.938
121.608	18.035	38.589
123.377	18.625	38.235
125.171	19.216	37.876
126.992	19.806	37.511
128.839	20.396	37.141
130.713	20.987	36.766
132.615	21.577	36.384
134.543	22.168	35.998
136.500	22.758	35.605
138.486	23.349	35.207
140.500	23.939	34.803
142.544	24.530	34.393
144.617	25.120	33.976
146.721	25.711	33.554
148.855	26.301	33.125
151.020	26.891	32.690
153.217	27.482	32.248
155.445	28.072	31.800
157.706	28.663	31.345
160.000	29.253	30.884
162.327	29.844	30.415
164.688	30.434	29.939
167.084	31.025	29.457
169.514	31.615	28.967
171.980	32.206	28.470
174.481	32.796	27.965
177.019	33.386	27.453
179.594	33.977	26.933
182.206	34.567	26.405
184.856	35.158	25.869
187.545	35.748	25.325
190.273	36.339	24.773
193.041	36.929	24.213
195.849	37.520	23.644
198.697	38.110	23.066
201.587	38.701	22.480
204.520	39.291	21.885
207.494	39.881	21.281
210.512	40.472	20.667
213.574	41.062	20.044
216.681	41.653	19.412
219.833	42.243	18.770
223.030	42.834	18.118
226.274	43.424	17.456
229.565	44.015	16.784
232.905	44.605	16.102
236.292	45.196	15.409
239.729	45.786	14.705
243.216	46.377	13.991
246.754	46.967	13.265
250.343	47.557	12.528
253.984	48.148	11.780
257.678	48.738	11.020
261.426	49.329	10.248
265.229	49.919	9.464
269.087	50.510	8.667
273.001	51.100	7.858
276.972	51.691	7.036
281.000	52.281	6.201
285.088	52.872	5.353
289.234	53.462	4.491
293.441	54.052	3.616
297.709	54.643	2.726
302.040	55.233	1.822
306.433	55.824	0.903
310.890	56.414	-0.030
315.412	57.005	-0.979
320.000	57.595	-1.943
324.655	58.186	-2.924
329.377	58.776	-3.920
334.168	59.367	-4.933
339.028	59.957	-5.963
343.959	60.547	-7.010
348.962	61.138	-8.075
354.038	61.728	-9.157
359.188	62.319	-10.259
364.412	62.909	-11.379
369.713	63.500	-12.519
375.090	64.090	-13.678
380.546	64.681	-14.857
386.081	65.271	-16.058
391.697	65.862	-17.279
397.394	66.452	-18.523
403.175	67.042	-19.789
409.039	67.633	-21.079
414.989	68.223	-22.392
421.025	68.814	-23.729
427.149	69.404	-25.092
433.362	69.995	-26.481
439.665	70.585	-27.897
446.060	71.176	-29.340
452.548	71.766	-30.813
459.131	72.357	-32.315
465.809	72.947	-33.849
472.584	73.538	-35.415
479.458	74.128	-37.015
486.432	74.718	-38.652
493.507	75.309	-40.326
500.686	75.899	-42.040
507.968	76.490	-43.797
515.357	77.080	-45.600
522.853	77.671	-47.455
530.458	78.261	-49.367
538.174	78.852	-51.345
546.002	79.442	-53.403
553.943	80.033	-55.571
562.001	80.616	-57.884
570.175	81.175	-60.312
578.469	81.700	-62.811
586.883	82.169	-65.214
595.419	82.612	-67.383
604.080	83.045	-69.372
612.866	83.466	-71.091
621.780	83.930	-72.476
630.824	84.457	-73.802
640.000	85.042	-75.132
649.309	85.687	-76.674
658.753	86.352	-78.653
668.335	87.020	-80.948
678.056	87.729	-83.755
687.919	88.480	-87.162
697.925	89.267	-90.963
708.077	90.079	-95.109
718.376	90.832	-99.509
728.825	91.436	-103.952
739.426	91.886	-108.277
750.181	92.193	-112.384
761.093	92.423	-116.270
772.163	92.647	-119.960
783.394	92.913	-123.515
794.789	93.237	-127.055
806.349	93.595	-130.679
818.078	93.946	-134.380
829.977	94.270	-138.116
842.050	94.557	-141.875
854.298	94.809	-145.648
866.724	95.025	-149.431
879.330	95.205	-153.209
892.120	95.337	-156.904
905.097	95.408	-160.438
918.262	95.392	-163.640
931.618	95.275	-166.388
945.169	95.071	-168.662
958.917	94.797	-170.408
972.864	94.490	-171.586
987.015	94.237	-172.188
1001.37	94.113	-172.171
1015.94	94.230	-171.781
1030.71	94.652	-171.304
1045.71	95.325	-171.048
1060.92	96.178	-171.383
1076.35	97.062	-172.421
1092.00	97.860	-174.262
1107.89	98.523	-176.823
1124.00	99.017	-179.973
1140.35	99.377	176.375
1156.94	99.641	172.525
1173.77	99.840	168.759
1190.84	100.023	165.189
1208.16	100.202	161.859
1225.73	100.382	158.773
1243.56	100.554	155.911
1261.65	100.707	153.258
1280.00	100.849	150.862
1298.62	101.006	148.671
1317.51	101.199	146.600
1336.67	101.454	144.476
1356.11	101.774	142.094
1375.84	102.130	139.266
1395.85	102.486	135.929
1416.15	102.804	132.107
1436.75	103.045	127.959
1457.65	103.190	123.686
1478.85	103.216	119.531
1500.36	103.110	115.709
1522.19	102.889	112.329
1544.33	102.580	109.401
1566.79	102.232	106.960
1589.58	101.917	104.981
1612.70	101.675	103.414
1636.16	101.526	102.227
1659.95	101.457	101.345
1684.10	101.433	100.658
1708.60	101.437	100.103
1733.45	101.472	99.642
1758.66	101.572	99.194
1784.24	101.781	98.619
1810.19	102.105	97.799
1836.52	102.519	96.663
1863.24	102.960	95.150
1890.34	103.344	93.308
1917.83	103.633	91.253
1945.73	103.823	89.060
1974.03	103.941	86.805
2002.74	104.041	84.590
2031.87	104.161	82.452
2061.43	104.313	80.367
2091.41	104.491	78.267
2121.83	104.674	76.092
2152.69	104.847	73.821
2184.01	104.999	71.456
2215.77	105.125	69.015
2248.00	105.221	66.548
2280.70	105.288	64.108
2313.87	105.329	61.733
2347.53	105.349	59.455
2381.68	105.356	57.305
2416.32	105.357	55.313
2451.46	105.364	53.503
2487.12	105.387	51.888
2523.30	105.450	50.422
2560.00	105.569	48.957
2597.24	105.741	47.323
2635.01	105.947	45.372
2673.34	106.159	43.029
2712.23	106.339	40.351
2751.68	106.469	37.473
2791.70	106.549	34.536
2832.31	106.589	31.655
2873.50	106.603	28.872
2915.30	106.607	26.194
2957.70	106.607	23.579
3000.72	106.607	20.993
3044.37	106.607	18.388
3088.65	106.601	15.732
3133.58	106.581	13.012
3179.16	106.532	10.254
3225.40	106.444	7.559
3272.31	106.334	4.993
3319.91	106.212	2.534
3368.20	106.083	0.218
3417.19	105.969	-2.014
3466.89	105.848	-4.251
3517.32	105.701	-6.407
3568.48	105.545	-8.429
3620.39	105.376	-10.320
3673.05	105.210	-12.029
3726.47	105.068	-13.615
3780.67	104.934	-15.151
3835.67	104.811	-16.664
3891.46	104.684	-18.136
3948.06	104.551	-19.520
4005.49	104.438	-20.831
4063.75	104.333	-22.128
4122.86	104.241	-23.405
4182.82	104.171	-24.749
4243.66	104.090	-26.192
4305.39	103.994	-27.647
4368.01	103.882	-29.033
4431.55	103.752	-30.274
4496.01	103.625	-31.318
4561.40	103.522	-32.195
4627.75	103.450	-32.990
4695.06	103.411	-33.825
4763.35	103.397	-34.774
4832.64	103.391	-35.873
4902.93	103.383	-37.105
4974.24	103.361	-38.447
5046.60	103.315	-39.816
5120.00	103.245	-41.113
5194.47	103.154	-42.243
5270.03	103.056	-43.127
5346.68	102.977	-43.758
5424.45	102.930	-44.180
5503.35	102.937	-44.502
5583.40	103.013	-44.873
5664.61	103.139	-45.419
5747.01	103.321	-46.254
5830.60	103.524	-47.481
5915.41	103.713	-49.083
6001.45	103.876	-50.967
6088.74	103.995	-53.030
6177.30	104.071	-55.135
6267.15	104.131	-57.191
6358.31	104.178	-59.201
6450.80	104.226	-61.134
6544.62	104.285	-63.034
6639.82	104.358	-64.961
6736.40	104.439	-66.972
6834.38	104.536	-69.065
6933.79	104.636	-71.308
7034.64	104.730	-73.709
7136.96	104.817	-76.249
7240.77	104.885	-78.918
7346.09	104.934	-81.667
7452.94	104.969	-84.464
7561.35	104.989	-87.308
7671.33	104.997	-90.158
7782.91	105.000	-93.039
7896.12	105.000	-95.982
8010.97	104.994	-99.021
8127.49	104.972	-102.178
8245.71	104.917	-105.408
8365.65	104.818	-108.603
8487.33	104.690	-111.657
8610.78	104.552	-114.560
8736.03	104.424	-117.331
8863.09	104.323	-120.043
8992.01	104.243	-122.830
9122.80	104.159	-125.723
9255.50	104.057	-128.708
9390.12	103.927	-131.706
9526.70	103.778	-134.590
9665.27	103.642	-137.410
9805.86	103.526	-140.270
9948.49	103.427	-143.217
10093.2	103.333	-146.382
10240.0	103.200	-149.716
10388.9	103.010	-153.046
10540.1	102.768	-156.263
10693.4	102.483	-159.160
10848.9	102.205	-161.651
11006.7	101.974	-163.830
11166.8	101.805	-165.803
11329.2	101.711	-167.742
11494.0	101.695	-169.790
11661.2	101.757	-172.139
11830.8	101.884	-174.992
12002.9	102.046	-178.466
12177.5	102.209	177.408
12354.6	102.345	172.659
12534.3	102.435	167.318
12716.6	102.458	161.557
12901.6	102.396	155.536
13089.2	102.184	149.567
13279.6	101.760	143.895
13472.8	101.118	138.529
13668.8	100.268	133.519
13867.6	99.312	128.922
14069.3	98.434	124.637
14273.9	97.725	120.573
14481.5	97.214	116.630
14692.2	96.803	112.846
14905.9	96.401	109.181
15122.7	95.994	105.548
15342.7	95.589	101.932
15565.8	95.264	98.192
15792.2	95.057	93.784
16021.9	94.891	88.206
16255.0	94.651	81.479
16491.4	94.162	73.708
16731.3	93.260	66.331
16974.7	91.975	59.953
17221.6	90.342	54.615
17472.1	88.411	52.104
17726.2	86.538	52.751
17984.0	84.956	54.370
18245.6	83.567	56.878
18511.0	82.364	58.892
18780.2	81.253	60.996
19053.4	80.324	63.193
19330.5	79.637	65.270
19611.7	79.200	66.911
19897.0	78.965	67.820
20186.4	78.798	67.878
20480.0	78.593	67.244
20777.9	78.309	66.157
21080.1	77.928	64.857
21386.7	77.471	63.582
21697.8	76.979	62.442
22013.4	76.471	61.431
22333.6	75.962	60.516
22658.4	75.453	59.652
22988.0	74.944	58.817
23322.4	74.434	58.002
23661.6	73.925	57.199
24005.8	73.416	56.408
24355.0	72.907	55.624
24709.2	72.398	54.848
25068.6	71.889	54.079
25433.2	71.380	53.316
25803.2	70.871	52.559
26178.5	70.362	51.809
26559.3	69.853	51.066
26945.6	69.344	50.329
27337.5	68.835	49.599
27735.2	68.325	48.876
28138.6	67.816	48.159
28547.9	67.307	47.449
28963.1	66.798	46.747
29384.4	66.289	46.052
29811.8	65.780	45.364
30245.4	65.271	44.684
30685.3	64.762	44.012
31131.7	64.253	43.346
31584.5	63.744	42.688
32043.9	63.235	42.038
32510.0	62.725	41.395
32982.8	62.216	40.760
33462.6	61.707	40.133
33949.3	61.198	39.513
34443.1	60.689	38.901
34944.1	60.180	38.296
35452.4	59.671	37.698
35968.0	59.162	37.108
36491.2	58.653	36.526
37022.0	58.144	35.950
37560.5	57.635	35.381
38106.8	57.171	34.862
38661.1	56.748	34.390
39223.4	56.430	34.031
39793.9	56.184	33.753
