499.4710	63.6200	-140.7000
507.8423	64.0100	-141.5000
516.3539	64.4100	-142.3000
525.0081	64.8100	-143.1000
533.8074	65.2100	-143.9000
542.7541	65.6000	-144.8000
551.8508	65.9900	-145.6000
561.0999	66.3700	-146.5000
570.5041	66.7400	-147.5000
580.0659	67.1100	-148.4000
589.7879	67.4800	-149.3000
599.6729	67.8400	-150.2000
609.7236	68.1900	-151.1000
619.9427	68.5300	-152.0000
630.3331	68.8700	-152.9000
640.8976	69.2100	-153.7000
651.6392	69.5400	-154.6000
662.5609	69.8700	-155.3000
673.6656	70.2000	-156.0000
684.9564	70.5300	-156.7000
696.4364	70.8600	-157.3000
708.1088	71.2000	-157.9000
719.9769	71.5600	-158.4000
732.0439	71.9200	-159.0000
744.3131	72.2900	-159.5000
756.7880	72.6800	-160.1000
769.4720	73.0700	-160.7000
782.3685	73.4800	-161.3000
795.4812	73.9000	-162.1000
808.8137	74.3300	-162.9000
822.3696	74.7600	-163.9000
836.1527	75.1900	-165.0000
850.1668	75.6200	-166.2000
864.4158	76.0500	-167.6000
878.9036	76.4600	-169.1000
893.6343	76.8500	-170.6000
908.6118	77.2300	-172.3000
923.8404	77.5900	-174.0000
939.3242	77.9300	-175.8000
955.0675	78.2500	-177.6000
971.0746	78.5500	-179.3000
987.3501	78.8300	179.1000
1003.8983	79.1000	177.5000
1020.7239	79.3600	176.1000
1037.8315	79.6100	174.8000
1055.2258	79.8700	173.6000
1072.9116	80.1400	172.5000
1090.8939	80.4300	171.5000
1109.1775	80.7400	170.5000
1127.7676	81.0700	169.6000
1146.6693	81.4300	168.5000
1165.8877	81.8000	167.3000
1185.4283	82.1800	166.0000
1205.2964	82.5700	164.5000
1225.4974	82.9600	162.8000
1246.0371	83.3400	160.9000
1266.9209	83.7000	158.9000
1288.1549	84.0500	156.8000
1309.7446	84.3800	154.7000
1331.6963	84.7000	152.4000
1354.0158	85.0000	150.2000
1376.7095	85.3000	147.9000
1399.7835	85.5900	145.5000
1423.2442	85.8700	143.0000
1447.0981	86.1300	140.4000
1471.3518	86.3800	137.6000
1496.0120	86.5900	134.7000
1521.0856	86.7700	131.8000
1546.5793	86.8900	128.8000
1572.5004	86.9700	125.9000
1598.8559	87.0000	123.2000
1625.6531	87.0000	120.8000
1652.8994	86.9900	118.8000
1680.6024	87.0000	117.0000
1708.7697	87.0400	115.4000
1737.4091	87.1100	113.7000
1766.5285	87.1900	111.9000
1796.1360	87.2700	109.7000
1826.2397	87.2900	107.4000
1856.8479	87.2400	105.0000
1887.9691	87.1000	102.8000
1919.6120	86.9000	101.2000
1951.7851	86.6900	100.4000
1984.4975	86.5200	100.2000
2017.7582	86.4400	100.3000
2051.5763	86.4400	100.4000
2085.9612	86.4700	100.1000
2120.9224	86.4700	99.5000
2156.4696	86.3900	98.9000
2192.6126	86.2500	99.0000
2229.3613	86.1200	99.9000
2266.7259	86.0900	101.5000
2304.7168	86.2200	103.3000
2343.3444	86.4600	104.7000
2382.6195	86.7500	105.6000
2422.5528	87.0200	106.0000
2463.1553	87.2800	106.6000
2504.4384	87.6000	107.4000
2546.4134	88.0300	107.9000
2589.0919	88.5300	107.7000
2632.4858	89.0100	106.5000
2676.6069	89.3900	104.8000
2721.4674	89.6400	103.0000
2767.0799	89.8300	101.9000
2813.4568	90.0500	101.5000
2860.6111	90.4000	101.3000
2908.5556	90.8500	100.6000
2957.3037	91.3500	99.1000
3006.8689	91.8300	96.7000
3057.2647	92.2300	93.8000
3108.5052	92.5600	90.4000
3160.6045	92.8100	86.6000
3213.5770	92.9300	82.5000
3267.4374	92.8700	78.3000
3322.2004	92.6200	74.6000
3377.8813	92.2500	72.3000
3434.4954	91.9200	71.6000
3492.0584	91.7500	71.6000
3550.5862	91.7100	71.3000
3610.0949	91.6500	70.4000
3670.6009	91.4800	69.8000
3732.1211	91.2900	70.1000
3794.6724	91.2200	71.2000
3858.2720	91.2600	72.3000
3922.9376	91.3600	73.6000
3988.6870	91.5800	75.2000
4055.5384	92.0200	76.3000
4123.5102	92.5600	75.9000
4192.6212	93.0100	74.2000
4262.8906	93.3500	72.3000
4334.3377	93.7000	70.2000
4406.9822	94.0600	67.0000
4480.8443	94.2400	62.5000
4555.9444	94.1100	58.1000
4632.3031	93.7600	54.9000
4709.9417	93.3600	53.1000
4788.8814	92.9400	52.6000
4869.1443	92.5800	53.9000
4950.7523	92.5100	56.7000
5033.7281	92.8600	59.0000
5118.0947	93.3700	59.0000
5203.8752	93.8200	57.6000
5291.0934	94.2100	55.5000
5379.7734	94.5400	52.4000
5469.9397	94.7400	48.9000
5561.6173	94.8900	45.1000
5654.8313	94.9700	40.4000
5749.6077	94.7900	34.9000
5845.9725	94.3000	30.2000
5943.9525	93.6300	27.0000
6043.5746	92.9200	25.5000
6144.8664	92.2500	25.2000
6247.8558	91.6000	26.0000
6352.5714	91.0100	28.6000
6459.0421	90.8200	33.1000
6567.2972	91.1900	36.2000
6677.3667	91.6600	35.9000
6789.2810	91.8900	33.7000
6903.0710	91.8700	31.4000
7018.7682	91.7800	29.5000
7136.4045	91.5800	27.3000
7256.0123	91.2200	25.6000
7377.6249	90.7900	24.9000
7501.2757	90.3400	25.2000
7626.9989	89.9300	26.8000
7754.8293	89.7800	29.6000
7884.8021	89.9300	31.5000
8016.9533	90.0800	31.5000
8151.3194	90.0300	31.0000
8287.9375	89.9000	31.2000
8426.8454	89.7800	31.7000
8568.0814	89.6900	32.7000
8711.6845	89.6900	33.9000
8857.6945	89.7700	34.7000
9006.1516	89.7800	35.0000
9157.0969	89.7200	36.3000
9310.5721	89.8800	38.8000
9466.6196	90.4600	40.4000
9625.2825	91.1400	38.4000
9786.6046	91.4300	34.1000
9950.6305	91.2800	30.2000
10117.4050	90.9000	27.8000
10286.9760	90.4900	28.0000
10459.3880	90.4300	30.0000
10634.6900	90.8100	30.7000
10812.9300	91.2200	28.5000
10994.1570	91.3300	24.6000
11178.4220	91.0700	21.0000
11365.7750	90.6200	19.5000
11556.2680	90.3600	20.2000
11749.9540	90.4500	20.6000
11946.8860	90.6500	19.1000
12147.1190	90.7200	16.2000
12350.7080	90.5700	12.7000
12557.7080	90.2700	9.6000
12768.1790	89.8500	7.2000
12982.1770	89.3300	6.1000
13199.7610	89.0500	6.3000
13420.9920	88.9700	4.8000
13645.9310	88.5900	0.8000
13874.6410	87.7300	-2.9000
14107.1830	86.5000	-2.9000
14343.6230	85.4200	2.0000
14584.0250	85.0100	8.7000
14828.4570	85.1400	13.4000
15076.9860	85.3000	15.3000
15329.6800	85.3100	17.6000
15586.6090	85.5900	21.5000
15847.8440	86.3500	23.0000
16113.4580	87.0600	19.2000
16383.5240	87.0600	13.0000
16658.1150	86.4600	10.2000
16937.3100	86.1000	10.8000
17221.1830	86.1800	10.2000
17509.8140	86.0800	7.5000
17803.2830	85.6300	5.6000
18101.6700	85.2200	5.4000
18405.0590	84.9900	5.7000
18713.5320	84.9000	5.7000
19027.1760	84.8600	3.8000
19346.0760	84.5300	0.6000
19670.3210	83.9300	-0.8000
20000.0000	83.6300	-0.6000