298.3562	71.2200	-122.6000
303.3567	71.2700	-122.8000
308.4410	71.3200	-123.0000
313.6106	71.3500	-123.3000
318.8668	71.3200	-123.6000
324.2111	71.2500	-123.9000
329.6449	71.1700	-124.3000
335.1698	71.1100	-124.7000
340.7874	71.1400	-125.1000
346.4991	71.3300	-125.6000
352.3065	71.6800	-126.1000
358.2112	72.1300	-126.7000
364.2149	72.6200	-127.3000
370.3193	73.1200	-127.9000
376.5259	73.6500	-128.6000
382.8366	74.2000	-129.4000
389.2530	74.7400	-130.2000
395.7770	75.2700	-131.1000
402.4103	75.8200	-132.0000
409.1548	76.3000	-132.9000
416.0123	76.7200	-133.9000
422.9848	77.1500	-134.9000
430.0741	77.5900	-136.0000
437.2823	78.1500	-137.2000
444.6112	78.7800	-138.5000
452.0630	79.4000	-139.8000
459.6397	79.9400	-141.2000
467.3434	80.4000	-142.7000
475.1762	80.8500	-144.3000
483.1402	81.3000	-146.0000
491.2378	81.8000	-147.9000
499.4710	82.3600	-150.1000
507.8423	82.8300	-152.0000
516.3539	83.3000	-154.0000
525.0081	83.7500	-156.0000
533.8074	84.2100	-158.1000
542.7541	84.6500	-160.3000
551.8508	85.0800	-162.5000
561.0999	85.5100	-164.7000
570.5041	85.9200	-167.0000
580.0659	86.3200	-169.3000
589.7879	86.7200	-171.6000
599.6729	87.1000	-174.0000
609.7236	87.4700	-176.4000
619.9427	87.8300	-179.0000
630.3331	88.1900	178.7000
640.8976	88.5300	176.2000
651.6392	88.8600	173.7000
662.5609	89.1900	171.2000
673.6656	89.5000	168.7000
684.9564	89.8000	166.2000
696.4364	90.1000	163.6000
708.1088	90.3800	161.0000
719.9769	90.6600	158.4000
732.0439	90.9200	155.8000
744.3131	91.1800	153.1000
756.7880	91.4300	150.5000
769.4720	91.6600	147.8000
782.3685	91.8800	145.0000
795.4812	92.0900	142.3000
808.8137	92.2800	139.5000
822.3696	92.4500	136.7000
836.1527	92.6100	133.8000
850.1668	92.7400	131.0000
864.4158	92.8500	128.1000
878.9036	92.9300	125.2000
893.6343	92.9900	122.4000
908.6118	93.0200	119.7000
923.8404	93.0300	117.0000
939.3242	93.0000	114.5000
955.0675	92.9500	112.1000
971.0746	92.8800	109.9000
987.3501	92.7900	107.9000
1003.8983	92.6800	106.2000
1020.7239	92.5700	104.7000
1037.8315	92.4700	103.6000
1055.2258	92.3800	102.6000
1072.9116	92.3100	101.9000
1090.8939	92.2600	101.3000
1109.1775	92.2500	100.9000
1127.7676	92.2700	100.5000
1146.6693	92.3100	100.0000
1165.8877	92.3800	99.6000
1185.4283	92.4700	99.0000
1205.2964	92.5600	98.5000
1225.4974	92.6600	97.8000
1246.0371	92.7600	97.2000
1266.9209	92.8800	96.5000
1288.1549	93.0000	95.8000
1309.7446	93.1400	95.0000
1331.6963	93.3000	94.2000
1354.0158	93.4700	93.3000
1376.7095	93.6500	92.1000
1399.7835	93.8300	90.8000
1423.2442	94.0000	89.1000
1447.0981	94.1400	87.3000
1471.3518	94.2500	85.4000
1496.0120	94.3200	83.4000
1521.0856	94.3400	81.4000
1546.5793	94.3200	79.5000
1572.5004	94.2800	77.9000
1598.8559	94.2300	76.4000
1625.6531	94.1900	75.2000
1652.8994	94.1700	74.0000
1680.6024	94.1700	72.9000
1708.7697	94.1700	71.6000
1737.4091	94.1800	70.1000
1766.5285	94.1500	68.3000
1796.1360	94.0800	66.5000
1826.2397	93.9300	64.7000
1856.8479	93.7300	63.1000
1887.9691	93.4700	61.9000
1919.6120	93.2000	61.2000
1951.7851	92.9400	61.1000
1984.4975	92.7200	61.3000
2017.7582	92.5600	61.6000
2051.5763	92.4100	61.8000
2085.9612	92.2500	62.0000
2120.9224	92.0600	62.4000
2156.4696	91.8600	63.2000
2192.6126	91.6700	64.5000
2229.3613	91.5700	66.4000
2266.7259	91.5800	68.3000
2304.7168	91.6600	69.9000
2343.3444	91.7700	71.2000
2382.6195	91.8700	72.3000
2422.5528	91.9700	73.6000
2463.1553	92.1300	75.2000
2504.4384	92.4100	76.7000
2546.4134	92.7900	77.5000
2589.0919	93.2000	77.3000
2632.4858	93.5300	76.2000
2676.6069	93.7300	74.8000
2721.4674	93.8200	73.5000
2767.0799	93.8500	72.8000
2813.4568	93.8900	72.4000
2860.6111	93.9500	72.1000
2908.5556	94.0000	71.9000
2957.3037	94.0300	72.0000
3006.8689	94.1000	72.6000
3057.2647	94.2800	73.4000
3108.5052	94.5900	73.8000
3160.6045	94.9500	73.1000
3213.5770	95.2400	71.4000
3267.4374	95.3700	69.3000
3322.2004	95.3800	67.6000
3377.8813	95.3500	66.6000
3434.4954	95.3800	65.8000
3492.0584	95.4600	64.7000
3550.5862	95.4900	63.0000
3610.0949	95.3800	60.9000
3670.6009	95.1100	59.4000
3732.1211	94.7500	58.8000
3794.6724	94.3700	59.3000
3858.2720	94.0000	61.1000
3922.9376	93.7300	64.3000
3988.6870	93.7700	68.8000
4055.5384	94.1700	72.7000
4123.5102	94.7600	74.7000
4192.6212	95.3000	75.3000
4262.8906	95.8300	75.6000
4334.3377	96.4200	75.1000
4406.9822	97.0300	73.4000
4480.8443	97.5200	70.4000
4555.9444	97.8500	66.8000
4632.3031	98.0400	62.9000
4709.9417	98.0500	58.7000
4788.8814	97.8300	54.9000
4869.1443	97.4700	52.6000
4950.7523	97.1800	51.7000
5033.7281	97.0200	50.9000
5118.0947	96.8200	49.7000
5203.8752	96.5500	49.5000
5291.0934	96.4200	50.0000
5379.7734	96.3900	50.2000
5469.9397	96.4500	50.5000
5561.6173	96.6900	49.8000
5654.8313	96.8300	47.1000
5749.6077	96.7300	44.3000
5845.9725	96.5800	42.0000
5943.9525	96.3400	39.0000
6043.5746	95.8700	36.2000
6144.8664	95.2900	34.3000
6247.8558	94.5000	33.0000
6352.5714	93.5500	34.9000
6459.0421	93.0500	39.4000
6567.2972	92.9200	42.7000
6677.3667	92.8100	45.2000
6789.2810	92.7000	47.5000
6903.0710	92.6800	50.7000
7018.7682	93.0200	53.1000
7136.4045	93.3400	52.2000
7256.0123	93.2700	50.8000
7377.6249	93.1000	50.0000
7501.2757	92.7900	49.2000
7626.9989	92.3100	48.9000
7754.8293	91.5700	50.2000
7884.8021	90.9000	55.1000
8016.9533	90.6500	61.3000
8151.3194	90.6200	67.7000
8287.9375	90.9200	74.7000
8426.8454	91.6700	81.0000
8568.0814	92.7800	83.9000
8711.6845	93.6800	83.9000
8857.6945	94.4900	82.6000
9006.1516	95.0400	79.4000
9157.0969	95.1800	76.2000
9310.5721	95.0900	75.5000
9466.6196	95.3000	76.4000
9625.2825	95.7300	76.0000
9786.6046	96.1100	74.4000
9950.6305	96.4800	72.3000
10117.4050	96.7400	68.7000
10286.9760	96.7300	65.1000
10459.3880	96.6600	62.5000
10634.6900	96.6000	59.6000
10812.9300	96.4200	56.5000
10994.1570	96.1100	53.4000
11178.4220	95.6000	51.3000
11365.7750	95.1500	50.8000
11556.2680	94.8400	50.1000
11749.9540	94.4700	48.9000
11946.8860	93.8600	47.2000
12147.1190	92.8200	48.2000
12350.7080	92.0000	54.8000
12557.7080	92.0800	63.3000
12768.1790	93.0000	69.0000
12982.1770	94.1200	68.1000
13199.7610	94.6500	63.4000
13420.9920	94.6400	58.8000
13645.9310	94.3100	55.6000
13874.6410	93.9100	54.5000
14107.1830	93.6300	54.3000
14343.6230	93.5000	54.2000
14584.0250	93.4500	53.2000
14828.4570	93.3100	51.7000
15076.9860	93.1100	49.9000
15329.6800	92.8100	48.1000
15586.6090	92.4300	46.4000
15847.8440	91.9300	45.9000
16113.4580	91.6500	46.6000
16383.5240	91.6500	45.6000
16658.1150	91.3200	42.1000
16937.3100	90.5300	40.9000
17221.1830	90.0400	42.8000
17509.8140	90.0100	42.5000
17803.2830	89.6500	39.7000
18101.6700	88.9500	37.7000
18405.0590	88.2400	37.3000
18713.5320	87.5000	37.7000
19027.1760	86.9700	39.0000
19346.0760	86.6300	38.6000
19670.3210	86.0500	37.1000
20000.0000	85.6500	37.1000