5	37.78	-39.8
5.04102	37.71	-42.8
5.11035	37.59	-48
5.18062	37.45	-53.9
5.25186	37.32	-59.9
5.32408	37.18	-66.1
5.3973	37.05	-72.4
5.47152	36.92	-78.9
5.54676	36.82	-85.5
5.62304	36.72	-92.3
5.70036	36.65	-99.3
5.77875	36.61	-106.5
5.85822	36.59	-113.9
5.93878	36.59	-121.8
6.02044	36.61	-130.4
6.10323	36.63	-139.6
6.18716	36.65	-149.4
6.27224	36.69	-161.7
6.3585	36.73	-153.7
6.44594	36.78	-72.5
6.53458	36.83	154
6.62444	36.89	157.4
6.71553	36.96	144.5
6.80788	37.02	133
6.9015	37.09	121.6
6.99641	37.17	110.4
7.09262	37.25	99.5
7.19015	37.33	88.9
7.28903	37.41	78.6
7.38926	37.54	68.8
7.49088	37.75	59.2
7.59389	38.05	49.7
7.69832	38.39	40.4
7.80418	38.74	31.2
7.9115	39.1	22.1
8.02029	39.45	13
8.13058	39.76	4
8.24239	40.03	-5.1
8.35574	40.26	-14.1
8.47064	40.45	-23.1
8.58713	40.58	-32.3
8.70521	40.67	-41.6
8.82492	40.67	-51.2
8.94628	40.62	-61.7
9.0693	40.47	-73.4
9.19402	40.25	-85.8
9.32045	39.98	-98.4
9.44862	39.64	-110.8
9.57855	39.24	-122.5
9.71027	38.78	-133.1
9.8438	38.27	-142.1
9.97917	37.74	-149.1
10.1164	37.2	-153.3
10.25552	36.66	-154.7
10.39654	36.09	-151.8
10.53951	35.42	-144.5
10.68445	34.59	-133
10.83137	33.59	-119.2
10.98032	32.36	-104.4
11.13132	30.85	-89.8
11.28439	28.98	-76.7
11.43957	26.73	-66
11.59688	24.33	-59.1
11.75635	24.37	-58.7
11.91802	26.01	-61.7
12.08191	28.87	-71.1
12.24806	30.96	-84
12.41649	32.52	-99.6
12.58723	33.68	-116.9
12.76032	34.51	-134.9
12.9358	35.07	-152.5
13.11368	35.29	-171.7
13.29402	35.32	-107.7
13.47683	35.14	159.1
13.66216	34.8	139.5
13.85003	34.33	119.7
14.04049	33.74	102.1
14.23357	33.04	87.4
14.4293	32.28	76.6
14.62773	31.51	74.9
14.82888	30.66	77.7
15.0328	29.6	93.5
15.23952	28.17	117
15.44909	26.25	150.4
15.66154	23.49	48.1
15.87691	19.87	-161
16.09524	16.13	-132.1
16.31657	18.68	-107.3
16.54095	22.37	-81.6
16.76841	25.31	-55.6
16.999	27.36	-31.8
17.23277	28.88	-13
17.46974	30.08	-5.1
17.70998	31.18	-4.2
17.95352	32.39	-16.3
18.20041	33.51	-35.5
18.45069	34.4	-58
18.70441	34.97	-79.7
18.96163	35.25	-97.5
19.22238	35.03	-109.9
19.48671	34.33	-120.9
19.75469	32.9	-130.8
20.02634	30.76	-138.8
20.30174	27.78	-144.1
20.58091	27.69	-143.6
20.86393	28.62	-139.7
21.15084	31.07	-129.9
21.4417	32.66	-119.3
21.73656	33.54	-111.5
22.03547	33.82	-109.7
22.33849	33.87	-110.3
22.64568	33.88	-113.7
22.95709	33.89	-117.5
23.27278	33.97	-120.9
23.59282	34.4	-123.6
23.91725	36	-125.5
24.24615	37.53	-127.2
24.57957	38.53	-129.3
24.91758	38.87	-132.4
25.26023	38.72	-138
25.6076	38.27	-146
25.95974	37.73	-153.3
26.31673	37.51	-156.2
26.67862	37.74	-155.6
27.0455	38.41	-151.7
27.41741	39.05	-147.3
27.79444	39.3	-145.9
28.17666	39.32	-148.7
28.56413	39.16	-156.5
28.95693	39.01	-164
29.35513	38.98	-166
29.75881	39.09	-162
30.16804	39.36	-153.3
30.58289	39.69	-148
31.00345	40.12	-147.8
31.4298	40.64	-154.2
31.86201	41.14	-162
32.30016	41.37	-162.9
32.74433	41.48	-161.6
33.19462	41.55	-156.4
33.65109	41.71	-153.7
34.11385	42.33	-157.1
34.58296	43.18	-164.1
35.05853	43.63	-169
35.54064	43.42	-169.7
36.02938	42.62	-168.6
36.52483	42.3	-167.7
37.02711	42.34	-167.5
37.53628	43.32	-167.6
38.05246	43.76	-167.4
38.57574	43.77	-166.4
39.10622	43.7	-164.9
39.64399	43.82	-164
40.18915	44.76	-164.8
40.74181	45.58	-166
41.30208	45.83	-167.7
41.87004	45.75	-169.5
42.44582	45.78	-170.8
43.02951	46.16	-171.4
43.62123	46.72	-171.8
44.22109	46.93	-172.8
44.8292	46.75	-175.6
45.44567	46.75	-175.9
46.07061	46.91	-175.4
46.70415	47.33	-173.6
47.34641	47.57	-174.3
47.99749	47.76	-175.8
48.65753	47.97	-176.2
49.32664	48.21	-175.7
50.00496	48.47	-175.6
50.6926	48.73	-176.2
51.3897	49.02	-176.9
52.09639	49.32	-177.4
52.81279	49.59	-177.9
53.53905	49.82	-179.2
54.27529	50	-51.9
55.02166	50.14	179
55.77829	50.26	178.6
56.54532	50.37	178.9
57.32291	50.59	178.9
58.11118	50.91	178.7
58.9103	51.13	178.2
59.7204	51.21	177.7
60.54165	51.43	177.8
61.37419	51.74	178
62.21818	51.92	177.4
63.07377	52.08	176.9
63.94113	52.33	177.3
64.82042	52.63	177.5
65.7118	52.87	176.2
66.61543	53.05	176.4
67.5315	53.28	176.3
68.46016	53.52	175.9
69.40159	53.73	175.5
70.35596	53.91	175.8
71.32346	54.22	175.5
72.30427	54.48	175.1
73.29856	54.64	174.8
74.30653	54.93	174.9
75.32835	55.19	174.4
76.36423	55.42	174
77.41436	55.63	173.8
78.47892	55.89	173.3
79.55812	56.09	173
80.65217	56.31	172.9
81.76126	56.57	172.8
82.8856	56.82	172.3
84.0254	57.07	172
85.18088	57.31	171.6
86.35224	57.54	171.1
87.53971	57.76	170.9
88.74352	57.99	170.4
89.96387	58.2	170.1
91.20101	58.41	169.9
92.45517	58.65	169.5
93.72656	58.88	169.3
95.01544	59.11	168.9
96.32205	59.34	168.5
97.64662	59.56	168.2
98.98941	59.78	167.7
100.35067	60	167.4
101.73064	60.21	167.1
103.12959	60.42	166.7
104.54778	60.62	166.5
105.98547	60.83	166.2
107.44293	61.05	166.1
108.92043	61.3	166.1
110.41825	61.54	165.7
111.93667	61.79	165.3
113.47596	62.02	164.9
115.03643	62.23	164.5
116.61835	62.46	164.1
118.22203	62.67	163.8
119.84776	62.88	163.4
121.49585	63.09	163
123.1666	63.3	162.8
124.86033	63.52	162.5
126.57735	63.73	162.3
128.31798	63.94	162
130.08254	64.17	161.8
131.87137	64.39	161.5
133.68481	64.61	161.2
135.52317	64.84	161
137.38682	65.07	160.7
139.2761	65.3	160.3
141.19135	65.52	160
143.13295	65.75	159.6
145.10124	65.96	159.2
147.0966	66.19	158.9
149.1194	66.4	158.5
151.17002	66.61	158.2
153.24884	66.83	157.8
155.35624	67.04	157.5
157.49262	67.25	157.1
159.65838	67.46	156.8
161.85393	67.67	156.5
164.07966	67.88	156.2
166.336	68.09	155.9
168.62338	68.31	155.6
170.9422	68.53	155.3
173.29291	68.75	155
175.67595	68.96	154.7
178.09176	69.18	154.4
180.54079	69.4	154.1
183.0235	69.62	153.8
185.54035	69.8	153.5
188.09181	70	153.2
190.67836	70.22	152.8
193.30047	70.43	152.5
195.95865	70.65	152.2
198.65337	70.87	151.8
201.38516	71.09	151.4
204.15451	71.3	151
206.96194	71.51	150.7
209.80798	71.73	150.4
212.69315	71.95	150
215.61801	72.16	149.7
218.58308	72.38	149.3
221.58893	72.6	148.9
224.63611	72.81	148.6
227.72519	73.02	148.2
230.85676	73.24	147.8
234.03139	73.45	147.4
237.24967	73.66	147
240.51221	73.87	146.7
243.81962	74.09	146.4
247.17251	74.31	146
250.5715	74.52	145.6
254.01724	74.74	145.2
257.51036	74.95	144.8
261.05151	75.16	144.4
264.64137	75.36	144
268.28058	75.57	143.7
271.96985	75.77	143.3
275.70984	75.98	143
279.50127	76.2	142.7
283.34483	76.42	142.4
287.24125	76.63	142.1
291.19125	76.86	141.7
295.19557	77.08	141.4
299.25496	77.31	141
303.37016	77.6	140.6
307.54196	77.88	140
311.77113	78.15	139.2
316.05845	78.39	138.2
320.40473	78.6	137.2
324.81078	78.77	136
329.27742	78.87	134.9
333.80548	78.9	134.2
338.39581	78.89	134
343.04926	78.87	134.7
347.76671	78.94	136.3
352.54902	79.19	138.3
357.3971	79.63	140
362.31185	80.13	140.8
367.29419	80.63	140.9
372.34504	81.14	140.5
377.46534	81.62	139.4
382.65606	82.07	137.6
387.91816	82.42	135.3
393.25262	82.67	132.8
398.66044	82.81	130.3
404.14262	82.86	128.2
409.70019	82.81	126.6
415.33419	82.7	126.2
421.04566	82.62	126.3
426.83567	82.61	127.7
432.70531	82.75	129.6
438.65566	83.08	131.6
444.68783	83.61	133.1
450.80296	84.27	133.8
457.00218	84.93	133.1
463.28665	85.51	131.3
469.65754	85.96	128.5
476.11604	86.26	125.5
482.66336	86.45	122.9
489.30071	86.62	120.7
496.02933	86.77	118.7
502.85048	86.92	116.7
509.76543	87.03	114.6
516.77548	87.03	112.5
523.88192	86.99	110.9
531.08609	86.86	110.1
538.38932	86.71	110.4
545.79299	86.73	111.8
553.29847	86.9	114.2
560.90715	87.46	116
568.62047	88.17	116.1
576.43986	88.79	114.7
584.36678	89.25	111.9
592.40271	89.55	108.9
600.54914	89.76	106.2
608.80759	89.94	103.9
617.17962	90.11	101.7
625.66677	90.28	99.5
634.27063	90.43	97.1
642.99281	90.5	94.8
651.83493	90.54	92.8
660.79864	90.58	91
669.88562	90.65	89.1
679.09756	90.67	87
688.43618	90.62	84.7
697.90321	90.43	83.4
707.50044	90.21	83.2
717.22963	90.2	84.3
727.09262	90.34	85.8
737.09124	90.79	86.3
747.22736	91.33	85.6
757.50286	91.78	83.1
767.91967	92.09	79.9
778.47973	92.23	76.2
789.185	92.25	72.5
800.03748	92.1	69.2
811.0392	91.86	66.9
822.19222	91.59	65.7
833.4986	91.36	65.3
844.96046	91.23	65.6
856.57995	91.29	66.1
868.35921	91.44	66.1
880.30046	91.61	65.1
892.40592	91.65	63.8
904.67785	91.72	63.5
917.11854	91.88	63.2
929.7303	92.2	62.3
942.51549	92.48	59.8
955.4765	92.53	56.6
968.61575	92.47	53.7
981.93568	92.26	51.6
995.43877	92.04	50.4
1009.1276	91.87	49.9
1023.0046	91.78	49.6
1037.0724	91.76	49.5
1051.3338	91.78	49.2
1065.7912	91.88	48.7
1080.4474	92	47.7
1095.3052	92.05	46.1
1110.3673	92	44.5
1125.6365	91.97	43.5
1141.1157	91.99	42.2
1156.8078	91.98	40.2
1172.7156	91.8	38
1188.8422	91.39	37.2
1205.1906	91.08	38
1221.7638	91.03	39.7
1238.5649	91.24	40.8
1255.597	91.56	39.8
1272.8634	91.62	37.6
1290.3672	91.57	34.9
1308.1117	91.24	33.2
1326.1002	90.83	33
1344.3361	90.55	34
1362.8227	90.49	35.4
1381.5636	90.53	36.1
1400.5622	90.58	36
1419.822	90.51	35.9
1439.3467	90.42	36.1
1459.1399	90.38	37.2
1479.2053	90.46	38.3
1499.5466	90.63	38.9
1520.1676	90.84	38.9
1541.0722	90.99	38.2
1562.2643	91.05	37.3
1583.7478	91.11	37
1605.5267	91.23	36.4
1627.6051	91.3	35.3
1649.9871	91.28	33.6
1672.6769	91.08	33
1695.6788	90.97	33.5
1718.9969	90.98	34.3
1742.6357	91.18	34.7
1766.5996	91.38	33.7
1790.893	91.38	32.3
1815.5205	91.32	31.4
1840.4866	91.28	31
1865.7961	91.33	30.4
1891.4536	91.33	29.1
1917.4639	91.24	27.5
1943.832	90.9	26.6
1970.5626	90.49	27.6
1997.6608	90.47	30
2025.1317	90.56	31.3
2052.9803	90.77	31.5
2081.2118	90.8	30.8
2109.8316	90.8	30.9
2138.845	90.82	31
2168.2574	90.85	30.8
2198.0742	90.8	30.3
2228.301	90.66	30.6
2258.9435	90.59	31.7
2290.0074	90.59	33.4
2321.4985	90.8	34.9
2353.4226	91.07	35.4
2385.7857	91.3	35.3
2418.5938	91.48	34.9
2451.8531	91.62	34.7
2485.5698	91.83	34.5
2519.7502	92.04	33.8
2554.4005	92.2	32.6
2589.5274	92.3	31.6
2625.1373	92.49	30.5
2661.2369	92.58	28.6
2697.8329	92.58	26.4
2734.9322	92.43	24.6
2772.5416	92.24	23.3
2810.6683	91.98	22.6
2849.3192	91.69	22.6
2888.5016	91.46	23.9
2928.2229	91.38	25.5
2968.4904	91.43	27.1
3009.3116	91.58	28.1
3050.6942	91.77	28.5
3092.6458	91.93	28.7
3135.1744	92.09	28.5
3178.2877	92.22	28.2
3221.994	92.33	27.8
3266.3013	92.47	27.6
3311.2178	92.62	26.9
3356.7521	92.71	26.1
3402.9125	92.77	25.3
3449.7077	92.82	24.9
3497.1464	92.94	24.6
3545.2374	93.12	24
3593.9898	93.34	22.9
3643.4125	93.54	20.8
3693.515	93.54	17.9
3744.3064	93.46	15.4
3795.7962	93.23	13.5
3847.9941	93	12.2
3900.9099	92.81	11.2
3954.5533	92.57	9.9
4008.9343	92.25	9.4
4064.0632	91.89	9.6
4119.9502	91.64	10.7
4176.6058	91.53	11.6
4234.0404	91.43	12.2
4292.2649	91.29	12.6
4351.29	91.12	13.7
4411.1268	91.1	15.1
4471.7864	91.11	16.1
4533.2802	91.18	16.8
4595.6197	91.22	17.1
4658.8164	91.21	17.4
4722.8821	91.22	17.9
4787.8289	91.24	18.5
4853.6688	91.27	19
4920.414	91.29	19.7
4988.0772	91.37	20.9
5056.6707	91.59	21.6
5126.2076	91.87	21.4
5196.7007	92.02	20.4
5268.1632	92.06	19.6
5340.6084	92.09	19
5414.0498	92.14	18.3
5488.5011	92.1	17.3
5563.9763	92.01	17.3
5640.4894	91.96	17.8
5718.0546	92.07	18.3
5796.6865	92.18	18.2
5876.3997	92.33	18.1
5957.209	92.53	17.7
6039.1296	92.73	15.8
6122.1768	92.69	13.3
6206.366	92.54	11.4
6291.7129	92.27	10.3
6378.2334	91.98	9.9
6465.9437	91.71	10.2
6554.8602	91.54	10.9
6644.9994	91.39	11.7
6736.3782	91.26	12.6
6829.0136	91.17	14.4
6922.9228	91.29	16.5
7018.1235	91.56	17.2
7114.6332	91.86	17.2
7212.4702	92.06	15.6
7311.6525	92.03	13.7
7412.1988	91.93	12.5
7514.1277	91.75	11.8
7617.4583	91.54	11.2
7722.2098	91.25	11.7
7828.4019	91.01	13.1
7936.0542	90.92	15.4
8045.1869	91.04	18.2
8155.8204	91.36	19.8
8267.9752	91.75	20
8381.6724	92.13	19.7
8496.933	92.44	17.1
8613.7787	92.34	13.8
8732.2311	92.04	12.7
8852.3125	91.69	12.7
8974.0451	91.52	14.7
9097.4518	91.63	16.9
9222.5555	91.92	17.9
9349.3795	92.34	17.9
9477.9476	92.7	15.9
9608.2837	92.85	12.4
9740.4121	92.7	8.6
9874.3574	92.28	6.9
10010.145	91.75	6.6
10147.799	91.43	9
10287.347	91.53	10.9
10428.813	91.78	11
10572.225	91.96	9.3
10717.609	91.87	6.1
10864.993	91.5	4
11014.403	90.91	3.9
11165.867	90.42	5.4
11319.415	90.19	8.1
11475.074	90.19	10
11632.874	90.25	10.5
11792.843	90.32	10.4
11955.013	90.24	8.6
12119.412	89.75	7.9
12286.072	89.08	9.5
12455.024	88.77	14.2
12626.3	88.82	18.5
12799.93	89.13	20.1
12975.949	89.17	20
13154.387	89.05	20
13335.28	88.66	22.1
13518.66	88.55	26.5
13704.562	88.79	31
13893.021	89.35	32.8
14084.071	89.78	33
14277.748	89.87	31.7
14474.089	89.71	32.2
14673.129	89.63	34.8
14874.907	89.92	39.1
15079.459	90.66	40.7
15286.825	91.17	39.7
15497.041	91.44	38.2
15710.149	91.61	37.2
15926.187	91.86	36.9
16145.197	92.31	35.8
16367.217	92.63	32.7
16592.291	92.71	27.6
16820.46	92.22	23.1
17051.767	91.52	22.9
17286.255	91	23.6
17523.967	90.68	25.4
17764.948	90.44	26.3
18009.242	90.01	27.8
18256.897	89.61	31.1
18507.957	89.49	36.6
18762.469	89.92	41.6
19020.481	90.39	42.7
19282.041	90.51	44.3
19547.199	90.64	47.4
19816.002	91.35	51.2
20088.502	92.04	51.1
20364.749	92.41	51.5
20644.795	92.87	53.2
20928.692	93.91	55.9
21216.493	95.02	53.7
21508.252	95.66	50.4
21804.023	96.38	47.7
22103.861	97.47	45.4
22407.823	98.48	35.9
22715.964	98.47	25.1
23028.343	98.28	15.7
23345.017	97.96	7.5
23666.047	97.38	-2.6
23991.491	96.17	-9.7
24321.41	94.77	-13.2
24655.866	93.46	-15
24994.921	91.94	-16.9
25338.639	89.86	-11.9
25687.084	88.11	-2
26040.32	87.15	10.1
26398.413	86.84	22.7
26761.431	87.43	33.4
27129.442	88.19	39.9
27502.512	88.92	45
27880.713	89.82	52.1
28264.115	91.56	58.3
28652.789	93.36	58
29046.809	94.73	53
29446.246	95.49	43.9
29851.176	95.46	35.2
30261.675	95.28	28.9
30677.819	94.88	24.9
31099.685	94.42	22.8
31527.353	94.26	22.5
31960.901	94.23	22
32400.412	94.28	21.6
32845.966	94.56	21.1
33297.648	94.79	18.8
33755.541	95.05	16.6
34219.731	95.15	14.2
34690.303	95.16	11.7
35167.348	95.09	10.7
35650.952	95.17	10.9
36141.206	95.48	11
36638.202	96.17	10.6
37142.033	96.95	8.3
37652.792	97.7	3.7
38170.574	98.36	-2.5
38695.477	98.8	-10
39227.599	98.96	-19.2
39767.037	98.73	-23.9
40000	98.52	-25.4
