* This data was exported from the Dayton Audio Test System: DATS
*
* Piston Diameter = 0 mm
* f(s)= 2832 Hz
* R(e)= 3.073 Ohms
* Z(max)= 3.41 Ohms
* Q(ms)= 0.9278
* Q(es)= 8.443
* Q(ts)= 0.836
* V(as)= 0 liters     (0 cubic feet)
* L(e)= 0.1081 mH
* n(0)= 0 %
* SPL= 0 1W/1m
* M(ms)= 0 grams
* C(ms)= 0 mm/N
* BL= 0 
* K(r)= 2.182 
* X(r)= 0.03602 
* K(i)= 1.3e-06 
* X(i)= 1.158 
*
*
Freq            Impedance       Phase
1.029    	3.226    	-2.541    
1.059    	3.226    	-2.541    
1.091    	3.226    	-2.541    
1.122    	3.226    	-2.541    
1.155    	3.226    	-2.541    
1.189    	3.226    	-2.541    
1.224    	3.226    	-2.541    
1.260    	3.226    	-2.541    
1.297    	3.226    	-2.541    
1.335    	3.127    	-0.728    
1.374    	3.127    	-0.728    
1.414    	3.127    	-0.728    
1.456    	3.127    	-0.728    
1.498    	3.127    	-0.728    
1.542    	3.127    	-0.728    
1.587    	3.127    	-0.728    
1.634    	3.127    	-0.728    
1.682    	3.127    	-0.728    
1.731    	3.127    	-0.728    
1.782    	3.127    	-0.728    
1.834    	3.127    	-0.728    
1.888    	3.127    	-0.728    
1.943    	3.127    	-0.728    
2.000    	3.079    	0.230    
2.059    	3.079    	0.230    
2.119    	3.079    	0.230    
2.181    	3.079    	0.230    
2.245    	3.079    	0.230    
2.311    	3.079    	0.230    
2.378    	3.079    	0.230    
2.448    	3.079    	0.230    
2.520    	3.079    	0.230    
2.594    	3.079    	0.230    
2.670    	3.077    	-0.136    
2.748    	3.077    	-0.136    
2.828    	3.077    	-0.136    
2.911    	3.077    	-0.136    
2.997    	3.077    	-0.136    
3.084    	3.077    	-0.136    
3.175    	3.077    	-0.136    
3.268    	3.077    	-0.136    
3.364    	3.079    	0.092    
3.462    	3.079    	0.092    
3.564    	3.079    	0.092    
3.668    	3.079    	0.092    
3.775    	3.079    	0.092    
3.886    	3.079    	0.092    
4.000    	3.077    	-0.022    
4.117    	3.077    	-0.022    
4.238    	3.077    	-0.022    
4.362    	3.077    	-0.022    
4.490    	3.077    	-0.022    
4.621    	3.077    	-0.022    
4.757    	3.080    	0.079    
4.896    	3.080    	0.079    
5.040    	3.080    	0.079    
5.187    	3.080    	0.079    
5.339    	3.079    	0.039    
5.496    	3.079    	0.039    
5.657    	3.079    	0.039    
5.823    	3.079    	0.039    
5.993    	3.080    	0.075    
6.169    	3.080    	0.075    
6.350    	3.080    	0.075    
6.536    	3.080    	0.075    
6.727    	3.080    	0.052    
6.924    	3.080    	0.052    
7.127    	3.080    	0.052    
7.336    	3.080    	0.076    
7.551    	3.080    	0.076    
7.772    	3.080    	0.076    
8.000    	3.077    	0.060    
8.234    	3.077    	0.060    
8.476    	3.077    	0.060    
8.724    	3.079    	0.073    
8.980    	3.079    	0.073    
9.243    	3.079    	0.073    
9.514    	3.077    	0.042    
9.792    	3.077    	0.042    
10.079    	3.080    	0.032    
10.375    	3.080    	0.032    
10.679    	3.076    	0.006    
10.992    	3.076    	0.006    
11.314    	3.078    	0.053    
11.645    	3.078    	0.053    
11.986    	3.077    	0.054    
12.338    	3.077    	0.054    
12.699    	3.079    	0.113    
13.071    	3.079    	0.113    
13.454    	3.078    	0.067    
13.849    	3.078    	0.067    
14.254    	3.077    	0.076    
14.672    	3.076    	0.039    
15.102    	3.076    	0.039    
15.545    	3.075    	0.063    
16.000    	3.078    	0.067    
16.469    	3.078    	0.067    
16.951    	3.078    	0.061    
17.448    	3.080    	0.046    
17.959    	3.078    	0.029    
18.486    	3.078    	0.029    
19.027    	3.080    	0.052    
19.585    	3.077    	0.085    
20.159    	3.077    	0.071    
20.749    	3.079    	0.097    
21.357    	3.078    	0.086    
21.983    	3.079    	0.079    
22.627    	3.080    	0.062    
23.290    	3.080    	0.092    
23.973    	3.081    	0.075    
24.675    	3.080    	0.076    
25.398    	3.080    	0.087    
26.143    	3.079    	0.109    
26.909    	3.080    	0.105    
27.697    	3.078    	0.110    
28.509    	3.079    	0.135    
29.344    	3.079    	0.112    
30.204    	3.080    	0.095    
31.089    	3.079    	0.116    
32.000    	3.080    	0.105    
32.938    	3.081    	0.117    
33.903    	3.081    	0.131    
34.896    	3.081    	0.139    
35.919    	3.081    	0.155    
36.971    	3.080    	0.160    
38.055    	3.080    	0.144    
39.170    	3.080    	0.139    
40.317    	3.080    	0.164    
41.499    	3.079    	0.181    
42.715    	3.078    	0.187    
43.967    	3.078    	0.186    
45.255    	3.078    	0.168    
46.581    	3.079    	0.173    
47.946    	3.079    	0.195    
49.351    	3.080    	0.181    
50.797    	3.081    	0.209    
52.285    	3.082    	0.220    
53.817    	3.082    	0.248    
55.394    	3.080    	0.247    
57.018    	3.080    	0.228    
58.688    	3.079    	0.220    
60.408    	3.079    	0.235    
62.178    	3.078    	0.260    
64.000    	3.079    	0.268    
65.875    	3.079    	0.252    
67.806    	3.081    	0.244    
69.792    	3.080    	0.249    
71.838    	3.079    	0.250    
73.943    	3.078    	0.256    
76.109    	3.079    	0.270    
78.339    	3.080    	0.304    
80.635    	3.081    	0.304    
82.998    	3.082    	0.302    
85.430    	3.083    	0.298    
87.933    	3.082    	0.307    
90.510    	3.081    	0.334    
93.162    	3.080    	0.360    
95.892    	3.081    	0.369    
98.701    	3.081    	0.370    
101.594    	3.081    	0.365    
104.571    	3.081    	0.374    
107.635    	3.081    	0.383    
110.789    	3.081    	0.391    
114.035    	3.081    	0.398    
117.377    	3.082    	0.401    
120.816    	3.083    	0.417    
124.356    	3.084    	0.436    
128.000    	3.084    	0.451    
131.751    	3.084    	0.469    
135.611    	3.083    	0.475    
139.585    	3.083    	0.471    
143.675    	3.082    	0.485    
147.885    	3.082    	0.509    
152.219    	3.082    	0.528    
156.679    	3.083    	0.545    
161.270    	3.083    	0.567    
165.995    	3.083    	0.592    
170.860    	3.084    	0.616    
175.866    	3.085    	0.618    
181.019    	3.086    	0.624    
186.324    	3.086    	0.645    
191.783    	3.085    	0.677    
197.403    	3.085    	0.688    
203.187    	3.086    	0.701    
209.141    	3.087    	0.723    
215.269    	3.087    	0.754    
221.577    	3.087    	0.757    
228.070    	3.088    	0.768    
234.753    	3.088    	0.788    
241.632    	3.088    	0.824    
248.712    	3.088    	0.857    
256.000    	3.087    	0.882    
263.501    	3.088    	0.893    
271.223    	3.089    	0.905    
279.170    	3.090    	0.930    
287.350    	3.090    	0.955    
295.770    	3.091    	0.992    
304.437    	3.092    	1.028    
313.358    	3.092    	1.048    
322.540    	3.093    	1.063    
331.991    	3.092    	1.081    
341.719    	3.092    	1.145    
351.732    	3.092    	1.178    
362.039    	3.093    	1.193    
372.647    	3.094    	1.204    
383.567    	3.095    	1.213    
394.806    	3.095    	1.247    
406.375    	3.096    	1.283    
418.282    	3.096    	1.332    
430.539    	3.098    	1.367    
443.155    	3.100    	1.413    
456.140    	3.101    	1.440    
469.506    	3.102    	1.463    
483.264    	3.103    	1.501    
497.424    	3.104    	1.535    
512.000    	3.107    	1.566    
527.003    	3.107    	1.613    
542.445    	3.107    	1.663    
558.340    	3.106    	1.720    
574.701    	3.108    	1.766    
591.541    	3.109    	1.803    
608.874    	3.111    	1.842    
626.715    	3.113    	1.887    
645.080    	3.114    	1.933    
663.982    	3.115    	1.975    
683.438    	3.116    	2.045    
703.464    	3.117    	2.102    
724.077    	3.119    	2.139    
745.294    	3.122    	2.180    
767.133    	3.125    	2.244    
789.612    	3.126    	2.297    
812.749    	3.127    	2.355    
836.565    	3.130    	2.420    
861.078    	3.133    	2.480    
886.309    	3.136    	2.546    
912.280    	3.138    	2.609    
939.012    	3.140    	2.648    
966.527    	3.143    	2.705    
994.849    	3.146    	2.768    
1024.000    	3.150    	2.836    
1054.005    	3.153    	2.914    
1084.890    	3.157    	3.006    
1116.680    	3.160    	3.078    
1149.401    	3.164    	3.138    
1183.081    	3.168    	3.197    
1217.748    	3.172    	3.267    
1253.431    	3.175    	3.341    
1290.159    	3.180    	3.416    
1327.964    	3.187    	3.496    
1366.876    	3.193    	3.546    
1406.929    	3.198    	3.616    
1448.155    	3.203    	3.694    
1490.589    	3.209    	3.768    
1534.266    	3.216    	3.826    
1579.224    	3.223    	3.884    
1625.499    	3.232    	3.944    
1673.129    	3.240    	4.004    
1722.156    	3.249    	4.047    
1772.619    	3.257    	4.085    
1824.561    	3.266    	4.134    
1878.024    	3.276    	4.187    
1933.055    	3.287    	4.216    
1989.697    	3.299    	4.222    
2048.000    	3.310    	4.214    
2108.011    	3.322    	4.184    
2169.780    	3.334    	4.141    
2233.360    	3.345    	4.102    
2298.802    	3.356    	4.045    
2366.162    	3.368    	3.954    
2435.496    	3.380    	3.842    
2506.862    	3.390    	3.697    
2580.318    	3.398    	3.519    
2655.927    	3.403    	3.332    
2733.752    	3.407    	3.147    
2813.857    	3.410    	2.948    
2896.309    	3.411    	2.751    
2981.178    	3.409    	2.551    
3068.533    	3.405    	2.351    
3158.448    	3.398    	2.164    
3250.997    	3.389    	2.000    
3346.259    	3.378    	1.880    
3444.312    	3.366    	1.795    
3545.238    	3.353    	1.741    
3649.121    	3.340    	1.717    
3756.049    	3.326    	1.724    
3866.109    	3.313    	1.773    
3979.395    	3.300    	1.844    
4096.000    	3.287    	1.948    
4216.022    	3.276    	2.084    
4339.561    	3.266    	2.239    
4466.720    	3.259    	2.392    
4597.605    	3.250    	2.539    
4732.325    	3.243    	2.701    
4870.992    	3.237    	2.898    
5013.723    	3.231    	3.115    
5160.637    	3.226    	3.332    
5311.855    	3.223    	3.552    
5467.504    	3.221    	3.769    
5627.714    	3.219    	3.999    
5792.619    	3.220    	4.231    
5962.355    	3.221    	4.449    
6137.066    	3.221    	4.662    
6316.896    	3.220    	4.877    
6501.995    	3.220    	5.090    
6692.518    	3.221    	5.332    
6888.623    	3.222    	5.561    
7090.476    	3.224    	5.777    
7298.242    	3.226    	6.008    
7512.097    	3.229    	6.256    
7732.218    	3.232    	6.494    
7958.790    	3.235    	6.720    
8192.000    	3.237    	6.948    
8432.044    	3.240    	7.201    
8679.122    	3.243    	7.474    
8933.439    	3.248    	7.754    
9195.209    	3.253    	8.007    
9464.649    	3.258    	8.258    
9741.985    	3.264    	8.523    
10027.447    	3.271    	8.803    
10321.273    	3.276    	9.088    
10623.710    	3.282    	9.369    
10935.008    	3.289    	9.661    
11255.428    	3.297    	9.952    
11585.238    	3.305    	10.233    
11924.711    	3.313    	10.518    
12274.132    	3.322    	10.821    
12633.791    	3.331    	11.127    
13003.989    	3.341    	11.432    
13385.035    	3.350    	11.740    
13777.247    	3.360    	12.056    
14180.951    	3.370    	12.377    
14596.485    	3.380    	12.701    
15024.194    	3.392    	13.024    
15464.437    	3.405    	13.351    
15917.579    	3.417    	13.705    
16384.000    	3.429    	14.053    
16864.088    	3.442    	14.378    
17358.243    	3.456    	14.727    
17866.879    	3.471    	15.087    
18390.418    	3.486    	15.463    
18929.299    	3.502    	15.828    
19483.969    	3.518    	16.181    
20054.893    	3.535    	16.554    
20642.546    	3.549    	16.886    
