* This data was exported from the Dayton Audio Test System: DATS
*
* Piston Diameter = 0 mm
* f(s)= 2246 Hz
* R(e)= 3.168 Ohms
* Z(max)= 6.572 Ohms
* Q(ms)= 3.712
* Q(es)= 3.455
* Q(ts)= 1.79
* V(as)= 0 liters     (0 cubic feet)
* L(e)= 0.1708 mH
* n(0)= 0 %
* SPL= 0 1W/1m
* M(ms)= 0 grams
* C(ms)= 0 mm/N
* BL= 0 
* K(r)= 1.171 
* X(r)= 0.09988 
* K(i)= 2e-07 
* X(i)= 1.389 
*
*
Freq            Impedance       Phase
1.029    	3.304    	-2.418    
1.059    	3.304    	-2.418    
1.091    	3.304    	-2.418    
1.122    	3.304    	-2.418    
1.155    	3.304    	-2.418    
1.189    	3.304    	-2.418    
1.224    	3.304    	-2.418    
1.260    	3.304    	-2.418    
1.297    	3.304    	-2.418    
1.335    	3.210    	-0.598    
1.374    	3.210    	-0.598    
1.414    	3.210    	-0.598    
1.456    	3.210    	-0.598    
1.498    	3.210    	-0.598    
1.542    	3.210    	-0.598    
1.587    	3.210    	-0.598    
1.634    	3.210    	-0.598    
1.682    	3.210    	-0.598    
1.731    	3.210    	-0.598    
1.782    	3.210    	-0.598    
1.834    	3.210    	-0.598    
1.888    	3.210    	-0.598    
1.943    	3.210    	-0.598    
2.000    	3.166    	0.312    
2.059    	3.166    	0.312    
2.119    	3.166    	0.312    
2.181    	3.166    	0.312    
2.245    	3.166    	0.312    
2.311    	3.166    	0.312    
2.378    	3.166    	0.312    
2.448    	3.166    	0.312    
2.520    	3.166    	0.312    
2.594    	3.166    	0.312    
2.670    	3.166    	-0.092    
2.748    	3.166    	-0.092    
2.828    	3.166    	-0.092    
2.911    	3.166    	-0.092    
2.997    	3.166    	-0.092    
3.084    	3.166    	-0.092    
3.175    	3.166    	-0.092    
3.268    	3.166    	-0.092    
3.364    	3.172    	0.119    
3.462    	3.172    	0.119    
3.564    	3.172    	0.119    
3.668    	3.172    	0.119    
3.775    	3.172    	0.119    
3.886    	3.172    	0.119    
4.000    	3.171    	0.017    
4.117    	3.171    	0.017    
4.238    	3.171    	0.017    
4.362    	3.171    	0.017    
4.490    	3.171    	0.017    
4.621    	3.171    	0.017    
4.757    	3.176    	0.122    
4.896    	3.176    	0.122    
5.040    	3.176    	0.122    
5.187    	3.176    	0.122    
5.339    	3.175    	0.060    
5.496    	3.175    	0.060    
5.657    	3.175    	0.060    
5.823    	3.175    	0.060    
5.993    	3.176    	0.110    
6.169    	3.176    	0.110    
6.350    	3.176    	0.110    
6.536    	3.176    	0.110    
6.727    	3.174    	0.081    
6.924    	3.174    	0.081    
7.127    	3.174    	0.081    
7.336    	3.172    	0.126    
7.551    	3.172    	0.126    
7.772    	3.172    	0.126    
8.000    	3.169    	0.117    
8.234    	3.169    	0.117    
8.476    	3.169    	0.117    
8.724    	3.171    	0.141    
8.980    	3.171    	0.141    
9.243    	3.171    	0.141    
9.514    	3.170    	0.125    
9.792    	3.170    	0.125    
10.079    	3.173    	0.137    
10.375    	3.173    	0.137    
10.679    	3.170    	0.095    
10.992    	3.170    	0.095    
11.314    	3.173    	0.135    
11.645    	3.173    	0.135    
11.986    	3.173    	0.123    
12.338    	3.173    	0.123    
12.699    	3.176    	0.186    
13.071    	3.176    	0.186    
13.454    	3.175    	0.160    
13.849    	3.175    	0.160    
14.254    	3.175    	0.173    
14.672    	3.174    	0.147    
15.102    	3.174    	0.147    
15.545    	3.173    	0.170    
16.000    	3.174    	0.174    
16.469    	3.174    	0.174    
16.951    	3.172    	0.190    
17.448    	3.174    	0.178    
17.959    	3.172    	0.187    
18.486    	3.172    	0.187    
19.027    	3.175    	0.213    
19.585    	3.172    	0.233    
20.159    	3.172    	0.207    
20.749    	3.173    	0.221    
21.357    	3.173    	0.213    
21.983    	3.174    	0.250    
22.627    	3.175    	0.225    
23.290    	3.176    	0.263    
23.973    	3.175    	0.257    
24.675    	3.175    	0.264    
25.398    	3.175    	0.250    
26.143    	3.174    	0.280    
26.909    	3.175    	0.290    
27.697    	3.175    	0.289    
28.509    	3.176    	0.322    
29.344    	3.175    	0.315    
30.204    	3.175    	0.304    
31.089    	3.174    	0.328    
32.000    	3.174    	0.335    
32.938    	3.174    	0.334    
33.903    	3.174    	0.377    
34.896    	3.176    	0.365    
35.919    	3.177    	0.392    
36.971    	3.177    	0.415    
38.055    	3.176    	0.388    
39.170    	3.176    	0.386    
40.317    	3.175    	0.387    
41.499    	3.175    	0.395    
42.715    	3.176    	0.417    
43.967    	3.177    	0.426    
45.255    	3.176    	0.442    
46.581    	3.175    	0.458    
47.946    	3.173    	0.503    
49.351    	3.174    	0.513    
50.797    	3.175    	0.543    
52.285    	3.176    	0.540    
53.817    	3.176    	0.565    
55.394    	3.176    	0.584    
57.018    	3.174    	0.609    
58.688    	3.174    	0.619    
60.408    	3.175    	0.632    
62.178    	3.176    	0.637    
64.000    	3.177    	0.640    
65.875    	3.177    	0.654    
67.806    	3.177    	0.670    
69.792    	3.176    	0.694    
71.838    	3.176    	0.707    
73.943    	3.177    	0.732    
76.109    	3.178    	0.753    
78.339    	3.179    	0.777    
80.635    	3.179    	0.788    
82.998    	3.179    	0.821    
85.430    	3.178    	0.860    
87.933    	3.178    	0.882    
90.510    	3.179    	0.912    
93.162    	3.180    	0.926    
95.892    	3.179    	0.969    
98.701    	3.179    	0.987    
101.594    	3.179    	1.013    
104.571    	3.179    	1.033    
107.635    	3.179    	1.057    
110.789    	3.180    	1.084    
114.035    	3.180    	1.115    
117.377    	3.179    	1.128    
120.816    	3.180    	1.151    
124.356    	3.181    	1.181    
128.000    	3.183    	1.228    
131.751    	3.183    	1.264    
135.611    	3.182    	1.301    
139.585    	3.181    	1.329    
143.675    	3.181    	1.370    
147.885    	3.181    	1.413    
152.219    	3.184    	1.459    
156.679    	3.186    	1.503    
161.270    	3.186    	1.549    
165.995    	3.186    	1.599    
170.860    	3.185    	1.658    
175.866    	3.185    	1.700    
181.019    	3.186    	1.728    
186.324    	3.187    	1.771    
191.783    	3.187    	1.840    
197.403    	3.188    	1.895    
203.187    	3.189    	1.933    
209.141    	3.190    	1.970    
215.269    	3.190    	2.026    
221.577    	3.190    	2.084    
228.070    	3.191    	2.144    
234.753    	3.191    	2.197    
241.632    	3.192    	2.270    
248.712    	3.193    	2.333    
256.000    	3.192    	2.377    
263.501    	3.193    	2.426    
271.223    	3.195    	2.494    
279.170    	3.196    	2.578    
287.350    	3.198    	2.653    
295.770    	3.198    	2.731    
304.437    	3.198    	2.793    
313.358    	3.198    	2.869    
322.540    	3.200    	2.939    
331.991    	3.201    	3.017    
341.719    	3.202    	3.133    
351.732    	3.203    	3.228    
362.039    	3.205    	3.306    
372.647    	3.207    	3.375    
383.567    	3.207    	3.458    
394.806    	3.209    	3.558    
406.375    	3.210    	3.666    
418.282    	3.212    	3.789    
430.539    	3.214    	3.904    
443.155    	3.217    	4.018    
456.140    	3.219    	4.112    
469.506    	3.220    	4.223    
483.264    	3.222    	4.350    
497.424    	3.224    	4.481    
512.000    	3.230    	4.597    
527.003    	3.232    	4.734    
542.445    	3.232    	4.883    
558.340    	3.232    	5.020    
574.701    	3.236    	5.168    
591.541    	3.240    	5.325    
608.874    	3.243    	5.494    
626.715    	3.247    	5.661    
645.080    	3.250    	5.821    
663.982    	3.252    	5.984    
683.438    	3.256    	6.161    
703.464    	3.261    	6.339    
724.077    	3.266    	6.535    
745.294    	3.272    	6.739    
767.133    	3.277    	6.953    
789.612    	3.282    	7.167    
812.749    	3.287    	7.396    
836.565    	3.294    	7.639    
861.078    	3.301    	7.881    
886.309    	3.308    	8.132    
912.280    	3.316    	8.404    
939.012    	3.324    	8.675    
966.527    	3.334    	8.963    
994.849    	3.343    	9.269    
1024.000    	3.354    	9.585    
1054.005    	3.366    	9.928    
1084.890    	3.379    	10.291    
1116.680    	3.394    	10.660    
1149.401    	3.410    	11.047    
1183.081    	3.426    	11.459    
1217.748    	3.446    	11.883    
1253.431    	3.468    	12.336    
1290.159    	3.493    	12.836    
1327.964    	3.521    	13.363    
1366.876    	3.553    	13.893    
1406.929    	3.589    	14.464    
1448.155    	3.631    	15.083    
1490.589    	3.680    	15.729    
1534.266    	3.738    	16.409    
1579.224    	3.807    	17.116    
1625.499    	3.889    	17.841    
1673.129    	3.987    	18.573    
1722.156    	4.107    	19.269    
1772.619    	4.253    	19.905    
1824.561    	4.432    	20.413    
1878.024    	4.653    	20.666    
1933.055    	4.923    	20.492    
1989.697    	5.238    	19.692    
2048.000    	5.592    	18.052    
2108.011    	5.963    	15.346    
2169.780    	6.299    	11.490    
2233.360    	6.536    	6.547    
2298.802    	6.604    	0.881    
2366.162    	6.458    	-4.838    
2435.496    	6.127    	-9.744    
2506.862    	5.699    	-13.263    
2580.318    	5.262    	-15.303    
2655.927    	4.872    	-16.108    
2733.752    	4.551    	-16.030    
2813.857    	4.293    	-15.389    
2896.309    	4.091    	-14.426    
2981.178    	3.932    	-13.322    
3068.533    	3.806    	-12.150    
3158.448    	3.706    	-10.952    
3250.997    	3.627    	-9.756    
3346.259    	3.566    	-8.592    
3444.312    	3.520    	-7.501    
3545.238    	3.483    	-6.476    
3649.121    	3.454    	-5.501    
3756.049    	3.431    	-4.582    
3866.109    	3.413    	-3.729    
3979.395    	3.399    	-2.951    
4096.000    	3.388    	-2.200    
4216.022    	3.381    	-1.479    
4339.561    	3.376    	-0.799    
4466.720    	3.374    	-0.164    
4597.605    	3.373    	0.445    
4732.325    	3.376    	1.020    
4870.992    	3.380    	1.547    
5013.723    	3.383    	2.020    
5160.637    	3.385    	2.449    
5311.855    	3.384    	2.886    
5467.504    	3.382    	3.361    
5627.714    	3.383    	3.882    
5792.619    	3.387    	4.395    
5962.355    	3.394    	4.883    
6137.066    	3.402    	5.338    
6316.896    	3.408    	5.772    
6501.995    	3.413    	6.212    
6692.518    	3.420    	6.683    
6888.623    	3.428    	7.119    
7090.476    	3.437    	7.527    
7298.242    	3.446    	7.956    
7512.097    	3.454    	8.399    
7732.218    	3.465    	8.831    
7958.790    	3.476    	9.266    
8192.000    	3.488    	9.692    
8432.044    	3.501    	10.079    
8679.122    	3.512    	10.459    
8933.439    	3.522    	10.875    
9195.209    	3.535    	11.334    
9464.649    	3.549    	11.771    
9741.985    	3.564    	12.193    
10027.447    	3.578    	12.619    
10321.273    	3.593    	13.054    
10623.710    	3.609    	13.492    
10935.008    	3.626    	13.934    
11255.428    	3.645    	14.389    
11585.238    	3.665    	14.844    
11924.711    	3.685    	15.272    
12274.132    	3.707    	15.704    
12633.791    	3.731    	16.141    
13003.989    	3.757    	16.575    
13385.035    	3.784    	16.971    
13777.247    	3.812    	17.323    
14180.951    	3.837    	17.625    
14596.485    	3.857    	17.908    
15024.194    	3.875    	18.234    
15464.437    	3.893    	18.615    
15917.579    	3.912    	19.045    
16384.000    	3.932    	19.495    
16864.088    	3.953    	19.939    
17358.243    	3.977    	20.397    
17866.879    	4.002    	20.846    
18390.418    	4.027    	21.314    
18929.299    	4.051    	21.801    
19483.969    	4.078    	22.286    
20054.893    	4.108    	22.772    
20642.546    	4.151    	23.451    
