500.0000	61.1900	-114.8000
503.7174	61.3200	-115.1000
507.4625	61.4900	-115.4000
511.2355	61.6800	-115.8000
515.0364	61.8800	-116.2000
518.8657	62.0800	-116.6000
522.7234	62.2900	-117.0000
526.6098	62.5000	-117.4000
530.5251	62.7100	-117.8000
534.4695	62.9100	-118.3000
538.4432	63.1200	-118.7000
542.4465	63.3200	-119.1000
546.4795	63.5300	-119.5000
550.5425	63.7300	-120.0000
554.6357	63.9300	-120.4000
558.7594	64.1200	-120.8000
562.9137	64.3200	-121.3000
567.0989	64.5100	-121.7000
571.3152	64.7000	-122.1000
575.5629	64.8900	-122.5000
579.8421	65.0800	-122.9000
584.1532	65.2600	-123.3000
588.4963	65.4500	-123.7000
592.8717	65.6400	-124.1000
597.2796	65.8200	-124.5000
601.7204	66.0000	-124.8000
606.1941	66.1800	-125.2000
610.7011	66.3600	-125.5000
615.2416	66.5400	-125.9000
619.8158	66.7200	-126.2000
624.4241	66.9000	-126.5000
629.0666	67.0700	-126.8000
633.7437	67.2500	-127.1000
638.4555	67.4300	-127.4000
643.2023	67.6100	-127.7000
647.9845	67.7800	-128.0000
652.8021	67.9600	-128.3000
657.6557	68.1400	-128.5000
662.5453	68.3200	-128.8000
667.4712	68.5000	-129.0000
672.4338	68.6900	-129.3000
677.4333	68.8700	-129.5000
682.4699	69.0600	-129.7000
687.5440	69.2400	-129.9000
692.6558	69.4300	-130.2000
697.8056	69.6200	-130.4000
702.9937	69.8100	-130.6000
708.2204	70.0100	-130.8000
713.4860	70.2000	-131.0000
718.7906	70.4000	-131.3000
724.1348	70.6000	-131.5000
729.5186	70.8000	-131.8000
734.9425	71.0000	-132.0000
740.4067	71.2000	-132.3000
745.9116	71.4100	-132.5000
751.4574	71.6100	-132.8000
757.0444	71.8200	-133.1000
762.6729	72.0300	-133.4000
768.3433	72.2300	-133.7000
774.0558	72.4400	-134.1000
779.8109	72.6500	-134.4000
785.6087	72.8600	-134.8000
791.4496	73.0700	-135.2000
797.3339	73.2800	-135.6000
803.2620	73.4900	-136.0000
809.2342	73.7000	-136.4000
815.2508	73.9000	-136.8000
821.3120	74.1100	-137.2000
827.4184	74.3200	-137.7000
833.5702	74.5200	-138.1000
839.7677	74.7200	-138.6000
846.0113	74.9300	-139.1000
852.3013	75.1300	-139.6000
858.6380	75.3300	-140.1000
865.0219	75.5300	-140.6000
871.4533	75.7300	-141.1000
877.9324	75.9200	-141.6000
884.4597	76.1200	-142.1000
891.0356	76.3100	-142.6000
897.6604	76.5100	-143.1000
904.3344	76.7000	-143.6000
911.0580	76.9000	-144.1000
917.8316	77.0900	-144.6000
924.6556	77.2900	-145.1000
931.5303	77.4800	-145.6000
938.4561	77.6800	-146.1000
945.4335	77.8700	-146.6000
952.4627	78.0700	-147.2000
959.5441	78.2600	-147.7000
966.6782	78.4600	-148.2000
973.8654	78.6600	-148.8000
981.1059	78.8500	-149.3000
988.4004	79.0500	-149.9000
995.7490	79.2500	-150.4000
1003.1523	79.4400	-151.0000
1010.6106	79.6400	-151.6000
1018.1244	79.8300	-152.2000
1025.6940	80.0300	-152.8000
1033.3200	80.2200	-153.4000
1041.0026	80.4100	-154.0000
1048.7423	80.6000	-154.6000
1056.5396	80.7900	-155.3000
1064.3949	80.9800	-155.9000
1072.3085	81.1700	-156.5000
1080.2810	81.3500	-157.1000
1088.3128	81.5300	-157.8000
1096.4043	81.7200	-158.4000
1104.5559	81.9000	-159.0000
1112.7682	82.0700	-159.6000
1121.0415	82.2500	-160.2000
1129.3763	82.4300	-160.7000
1137.7731	82.6100	-161.3000
1146.2323	82.7900	-161.8000
1154.7544	82.9700	-162.3000
1163.3399	83.1600	-162.7000
1171.9892	83.3500	-163.2000
1180.7028	83.5400	-163.6000
1189.4812	83.7400	-164.0000
1198.3249	83.9500	-164.4000
1207.2343	84.1600	-164.8000
1216.2100	84.3800	-165.2000
1225.2524	84.6100	-165.6000
1234.3620	84.8500	-166.1000
1243.5393	85.1000	-166.5000
1252.7849	85.3500	-167.0000
1262.0992	85.6200	-167.6000
1271.4828	85.8900	-168.1000
1280.9361	86.1600	-168.8000
1290.4597	86.4400	-169.5000
1300.0542	86.7300	-170.3000
1309.7199	87.0200	-171.2000
1319.4576	87.3100	-172.2000
1329.2676	87.6000	-173.2000
1339.1505	87.8900	-174.3000
1349.1070	88.1800	-175.5000
1359.1374	88.4700	-176.8000
1369.2425	88.7500	-178.1000
1379.4226	89.0300	-179.6000
1389.6785	89.3000	178.9000
1400.0106	89.5600	177.4000
1410.4195	89.8100	175.8000
1420.9059	90.0600	174.1000
1431.4701	90.3000	172.3000
1442.1130	90.5300	170.6000
1452.8349	90.7500	168.7000
1463.6366	90.9700	166.9000
1474.5186	91.1700	165.0000
1485.4814	91.3700	163.1000
1496.5258	91.5500	161.1000
1507.6523	91.7300	159.1000
1518.8616	91.8900	157.1000
1530.1541	92.0500	155.1000
1541.5307	92.1900	153.1000
1552.9918	92.3300	151.0000
1564.5381	92.4600	149.0000
1576.1703	92.5700	146.9000
1587.8889	92.6800	144.9000
1599.6947	92.7800	142.8000
1611.5883	92.8700	140.7000
1623.5703	92.9500	138.6000
1635.6413	93.0200	136.6000
1647.8021	93.0800	134.5000
1660.0534	93.1300	132.4000
1672.3957	93.1700	130.4000
1684.8298	93.2000	128.3000
1697.3563	93.2200	126.3000
1709.9759	93.2300	124.3000
1722.6894	93.2300	122.3000
1735.4974	93.2200	120.4000
1748.4007	93.2000	118.5000
1761.3998	93.1700	116.6000
1774.4957	93.1300	114.7000
1787.6888	93.0800	112.9000
1800.9801	93.0300	111.2000
1814.3702	92.9600	109.4000
1827.8598	92.8800	107.8000
1841.4498	92.7900	106.2000
1855.1408	92.7000	104.7000
1868.9335	92.6000	103.2000
1882.8289	92.4900	101.8000
1896.8275	92.3800	100.5000
1910.9302	92.2600	99.3000
1925.1377	92.1400	98.2000
1939.4509	92.0200	97.2000
1953.8705	91.9000	96.3000
1968.3974	91.7900	95.5000
1983.0322	91.6800	94.8000
1997.7758	91.5800	94.1000
2012.6290	91.4800	93.5000
2027.5927	91.4000	92.9000
2042.6677	91.3200	92.4000
2057.8547	91.2500	91.9000
2073.1546	91.1800	91.4000
2088.5683	91.1200	90.9000
2104.0965	91.0600	90.4000
2119.7403	91.0100	89.9000
2135.5003	90.9500	89.5000
2151.3775	90.8900	89.0000
2167.3728	90.8300	88.7000
2183.4870	90.7800	88.3000
2199.7210	90.7200	88.0000
2216.0756	90.6700	87.7000
2232.5519	90.6300	87.5000
2249.1507	90.6000	87.4000
2265.8729	90.5700	87.2000
2282.7194	90.5600	87.1000
2299.6912	90.5600	86.9000
2316.7891	90.5600	86.7000
2334.0142	90.5700	86.5000
2351.3673	90.5800	86.2000
2368.8495	90.5900	85.9000
2386.4616	90.6000	85.6000
2404.2047	90.6000	85.2000
2422.0797	90.6000	84.9000
2440.0876	90.6000	84.6000
2458.2294	90.6000	84.4000
2476.5061	90.6000	84.2000
2494.9186	90.6100	84.0000
2513.4681	90.6400	83.9000
2532.1554	90.6700	83.8000
2550.9817	90.7200	83.7000
2569.9480	90.7800	83.5000
2589.0553	90.8500	83.3000
2608.3046	90.9300	82.9000
2627.6971	91.0100	82.5000
2647.2337	91.0900	81.9000
2666.9156	91.1600	81.3000
2686.7439	91.2200	80.6000
2706.7195	91.2800	79.9000
2726.8437	91.3300	79.2000
2747.1175	91.3700	78.4000
2767.5420	91.4100	77.7000
2788.1184	91.4400	77.0000
2808.8477	91.4700	76.2000
2829.7312	91.5100	75.4000
2850.7699	91.5300	74.6000
2871.9651	91.5600	73.8000
2893.3178	91.5700	73.0000
2914.8293	91.5800	72.1000
2936.5008	91.5800	71.3000
2958.3333	91.5700	70.4000
2980.3282	91.5600	69.7000
3002.4866	91.5400	68.9000
3024.8098	91.5300	68.2000
3047.2989	91.5100	67.5000
3069.9553	91.5000	66.8000
3092.7801	91.5000	66.2000
3115.7745	91.5100	65.4000
3138.9400	91.5100	64.5000
3162.2777	91.5100	63.6000
3185.7888	91.5000	62.5000
3209.4748	91.4600	61.4000
3233.3369	91.4000	60.1000
3257.3764	91.3100	58.9000
3281.5947	91.1800	57.7000
3305.9930	91.0200	56.7000
3330.5727	90.8300	55.9000
3355.3351	90.6200	55.3000
3380.2817	90.4000	55.0000
3405.4137	90.2000	55.0000
3430.7326	90.0100	55.3000
3456.2397	89.8600	55.9000
3481.9365	89.7600	56.5000
3507.8243	89.7000	57.1000
3533.9046	89.6700	57.6000
3560.1788	89.6600	57.9000
3586.6483	89.6700	58.0000
3613.3147	89.6600	57.9000
3640.1793	89.6400	57.7000
3667.2436	89.5900	57.4000
3694.5092	89.5200	57.2000
3721.9774	89.4300	57.0000
3749.6499	89.3300	57.0000
3777.5282	89.2300	57.1000
3805.6137	89.1300	57.4000
3833.9080	89.0300	57.7000
3862.4127	88.9400	58.1000
3891.1293	88.8500	58.7000
3920.0594	88.7700	59.4000
3949.2046	88.7000	60.2000
3978.5665	88.6600	61.2000
4008.1467	88.6400	62.3000
4037.9469	88.6700	63.4000
4067.9686	88.7300	64.5000
4098.2135	88.8100	65.4000
4128.6833	88.9100	66.1000
4159.3796	89.0000	66.8000
4190.3041	89.1000	67.4000
4221.4586	89.2100	68.1000
4252.8446	89.3300	68.8000
4284.4641	89.4900	69.6000
4316.3186	89.6900	70.2000
4348.4100	89.9100	70.5000
4380.7399	90.1600	70.6000
4413.3102	90.4100	70.2000
4446.1227	90.6400	69.6000
4479.1792	90.8500	68.6000
4512.4814	91.0100	67.5000
4546.0312	91.1400	66.3000
4579.8304	91.2300	65.0000
4613.8810	91.3000	63.8000
4648.1847	91.3300	62.6000
4682.7434	91.3500	61.3000
4717.5591	91.3400	60.2000
4752.6336	91.3000	59.0000
4787.9689	91.2300	57.9000
4823.5670	91.1400	57.0000
4859.4297	91.0200	56.3000
4895.5590	90.9000	56.0000
4931.9569	90.8100	55.8000
4968.6255	90.7500	55.8000
5005.5667	90.7200	55.7000
5042.7825	90.6900	55.3000
5080.2751	90.6400	54.8000
5118.0464	90.5500	54.3000
5156.0985	90.4200	54.0000
5194.4335	90.2700	54.1000
5233.0536	90.1300	54.5000
5271.9607	90.0300	55.2000
5311.1572	89.9700	55.9000
5350.6451	89.9400	56.6000
5390.4265	89.9100	57.2000
5430.5038	89.8800	57.9000
5470.8790	89.8600	58.8000
5511.5544	89.8800	59.8000
5552.5322	89.9600	60.8000
5593.8146	90.0600	61.6000
5635.4040	90.1800	62.2000
5677.3027	90.2800	62.7000
5719.5128	90.4000	63.3000
5762.0367	90.5400	64.0000
5804.8768	90.7300	64.5000
5848.0355	90.9700	64.7000
5891.5150	91.2200	64.5000
5935.3178	91.4300	63.7000
5979.4462	91.5800	62.8000
6023.9027	91.6600	62.0000
6068.6898	91.7200	61.5000
6113.8098	91.7900	61.3000
6159.2653	91.9100	61.1000
6205.0588	92.0600	60.8000
6251.1927	92.2400	60.3000
6297.6697	92.4000	59.5000
6344.4922	92.5500	58.5000
6391.6628	92.6900	57.3000
6439.1841	92.8200	56.0000
6487.0587	92.9200	54.3000
6535.2893	92.9600	52.4000
6583.8785	92.9400	50.5000
6632.8289	92.8400	48.7000
6682.1432	92.6900	47.3000
6731.8243	92.5300	46.2000
6781.8746	92.3600	45.3000
6832.2971	92.1900	44.7000
6883.0945	91.9900	44.2000
6934.2696	91.8000	44.1000
6985.8251	91.6300	44.4000
7037.7640	91.4900	44.9000
7090.0890	91.3800	45.4000
7142.8030	91.2700	45.9000
7195.9090	91.1600	46.8000
7249.4098	91.0800	48.1000
7303.3083	91.0800	49.8000
7357.6076	91.1900	51.3000
7412.3107	91.3700	52.5000
7467.4204	91.5800	53.4000
7522.9398	91.8300	54.0000
7578.8721	92.1000	54.4000
7635.2202	92.4100	54.3000
7691.9872	92.7200	53.7000
7749.1763	93.0100	52.6000
7806.7906	93.2800	51.2000
7864.8332	93.5100	49.5000
7923.3074	93.7000	47.4000
7982.2163	93.8300	45.0000
8041.5632	93.8600	42.4000
8101.3514	93.7900	39.8000
8161.5840	93.6300	37.7000
8222.2645	93.4200	36.0000
8283.3961	93.1900	34.7000
8344.9823	92.9500	33.8000
8407.0263	92.6800	33.2000
8469.5316	92.4100	33.3000
8532.5017	92.1700	33.9000
8595.9399	92.0100	34.8000
8659.8498	91.9200	36.0000
8724.2348	91.9100	37.2000
8789.0986	91.9900	38.3000
8854.4446	92.1600	39.0000
8920.2764	92.3500	39.0000
8986.5977	92.5100	38.5000
9053.4120	92.6500	37.8000
9120.7232	92.7700	36.9000
9188.5348	92.8600	35.8000
9256.8505	92.8800	34.4000
9325.6742	92.8500	33.3000
9395.0096	92.7900	32.5000
9464.8604	92.7500	31.9000
9535.2306	92.7200	31.4000
9606.1240	92.7000	31.0000
9677.5445	92.7300	30.6000
9749.4960	92.7800	29.8000
9821.9825	92.8100	28.7000
9895.0078	92.7900	27.4000
9968.5761	92.7200	26.2000
10042.6910	92.6000	25.0000
10117.3580	92.4300	24.2000
10192.5790	92.2500	23.8000
10268.3600	92.1100	24.0000
10344.7040	92.0500	24.4000
10421.6160	92.0600	24.7000
10499.0990	92.1400	24.7000
10577.1590	92.2500	24.1000
10655.7990	92.3400	23.0000
10735.0240	92.3700	21.6000
10814.8370	92.3300	20.1000
10895.2450	92.2500	18.6000
10976.2500	92.1300	17.3000
11057.8570	91.9600	16.2000
11140.0710	91.7700	15.3000
11222.8960	91.5700	14.8000
11306.3370	91.3400	14.6000
11390.3980	91.1300	14.8000
11475.0850	90.9600	15.6000
11560.4010	90.8800	16.6000
11646.3510	90.9200	17.6000
11732.9400	91.0700	18.1000
11820.1740	91.2500	17.7000
11908.0550	91.3900	16.5000
11996.5900	91.4300	14.8000
12085.7840	91.3700	13.1000
12175.6400	91.2200	11.6000
12266.1650	91.0200	10.8000
12357.3620	90.8400	10.4000
12449.2380	90.7100	10.4000
12541.7970	90.6400	10.4000
12635.0440	90.6200	10.0000
12728.9840	90.5900	9.2000
12823.6220	90.5100	8.3000
12918.9650	90.3800	7.4000
13015.0160	90.2400	6.8000
13111.7810	90.1000	6.3000
13209.2660	89.9700	5.9000
13307.4750	89.8500	5.5000
13406.4150	89.7200	5.1000
13506.0900	89.5500	4.7000
13606.5060	89.3700	4.5000
13707.6690	89.1900	4.6000
13809.5840	89.0700	4.8000
13912.2570	88.9900	4.9000
14015.6930	88.9200	4.7000
14119.8980	88.8400	4.2000
14224.8780	88.7000	3.7000
14330.6380	88.5100	3.3000
14437.1850	88.3200	3.4000
14544.5240	88.1800	3.7000
14652.6610	88.0800	3.9000
14761.6020	87.9600	3.8000
14871.3530	87.8100	3.8000
14981.9200	87.6200	4.1000
15093.3090	87.4700	4.9000
15205.5260	87.3900	6.0000
15318.5770	87.4000	7.0000
15432.4690	87.4700	7.7000
15547.2080	87.5700	7.8000
15662.8000	87.6400	7.7000
15779.2510	87.6900	7.3000
15896.5680	87.7200	6.8000
16014.7570	87.7300	6.1000
16133.8250	87.7000	5.3000
16253.7780	87.6200	4.6000
16374.6230	87.5000	4.1000
16496.3670	87.3900	4.0000
16619.0160	87.3200	4.1000
16742.5760	87.2800	4.2000
16867.0550	87.2900	4.1000
16992.4600	87.3200	3.9000
17118.7970	87.3900	3.5000
17246.0740	87.4600	2.5000
17374.2960	87.4800	1.1000
17503.4720	87.4100	-0.7000
17633.6090	87.2000	-2.4000
17764.7130	86.9000	-3.3000
17896.7910	86.6400	-3.1000
18029.8520	86.5100	-2.5000
18163.9020	86.5100	-2.1000
18298.9490	86.5700	-2.2000
18434.9990	86.6000	-2.9000
18572.0620	86.5900	-4.0000
18710.1430	86.5500	-5.1000
18849.2510	86.4600	-6.5000
18989.3930	86.3100	-7.7000
19130.5770	86.1300	-8.6000
19272.8110	85.9700	-9.1000
19416.1020	85.8600	-9.4000
19560.4590	85.8000	-9.8000
19705.8880	85.7500	-10.4000
19852.4000	85.7100	-10.9000
20000.0000	85.6900	-11.1000