* This data was exported from DATS the Dayton Audio Test System
*
* Manufacturer:  
* Model:  
* Piston Diameter = 0 mm
* f(s)= 1500 Hz
* R(e)= 3.367 Ohms
* Z(max)= 7.082 Ohms
* Q(ms)= 3.374
* Q(es)= 3.057
* Q(ts)= 1.604
* V(as)= 0 liters     (0 cubic feet)
* L(e)= 0.3762 mH
* n(0)= 0 %
* SPL= 0 1W/1m
* M(ms)= 0 grams
* C(ms)= 0 mm/N
* BL= 0 
* K(r)= 1.375 
* X(r)= 0.09513 
* K(i)= 2.19e-005 
* X(i)= 0.9153 
*
*
Freq            Impedance       Phase
1.029    	3.234    	-0.871    
1.059    	3.234    	-0.871    
1.091    	3.234    	-0.871    
1.122    	3.234    	-0.871    
1.155    	3.234    	-0.871    
1.189    	3.234    	-0.871    
1.224    	3.234    	-0.871    
1.260    	3.234    	-0.871    
1.297    	3.234    	-0.871    
1.335    	3.305    	-0.331    
1.374    	3.305    	-0.331    
1.414    	3.305    	-0.331    
1.456    	3.305    	-0.331    
1.498    	3.305    	-0.331    
1.542    	3.305    	-0.331    
1.587    	3.305    	-0.331    
1.634    	3.305    	-0.331    
1.682    	3.305    	-0.331    
1.731    	3.305    	-0.331    
1.782    	3.305    	-0.331    
1.834    	3.305    	-0.331    
1.888    	3.305    	-0.331    
1.943    	3.305    	-0.331    
2.000    	3.350    	-0.025    
2.059    	3.350    	-0.025    
2.119    	3.350    	-0.025    
2.181    	3.350    	-0.025    
2.245    	3.350    	-0.025    
2.311    	3.350    	-0.025    
2.378    	3.350    	-0.025    
2.448    	3.350    	-0.025    
2.520    	3.350    	-0.025    
2.594    	3.350    	-0.025    
2.670    	3.369    	-0.114    
2.748    	3.369    	-0.114    
2.828    	3.369    	-0.114    
2.911    	3.369    	-0.114    
2.997    	3.369    	-0.114    
3.084    	3.369    	-0.114    
3.175    	3.369    	-0.114    
3.268    	3.369    	-0.114    
3.364    	3.367    	0.016    
3.462    	3.367    	0.016    
3.564    	3.367    	0.016    
3.668    	3.367    	0.016    
3.775    	3.367    	0.016    
3.886    	3.367    	0.016    
4.000    	3.371    	-0.072    
4.117    	3.371    	-0.072    
4.238    	3.371    	-0.072    
4.362    	3.371    	-0.072    
4.490    	3.371    	-0.072    
4.621    	3.371    	-0.072    
4.757    	3.370    	0.040    
4.896    	3.370    	0.040    
5.040    	3.370    	0.040    
5.187    	3.370    	0.040    
5.339    	3.373    	-0.012    
5.496    	3.373    	-0.012    
5.657    	3.373    	-0.012    
5.823    	3.373    	-0.012    
5.993    	3.368    	0.112    
6.169    	3.368    	0.112    
6.350    	3.368    	0.112    
6.536    	3.368    	0.112    
6.727    	3.370    	0.147    
6.924    	3.370    	0.147    
7.127    	3.370    	0.147    
7.336    	3.368    	0.181    
7.551    	3.368    	0.181    
7.772    	3.368    	0.181    
8.000    	3.372    	0.203    
8.234    	3.372    	0.203    
8.476    	3.372    	0.203    
8.724    	3.370    	0.181    
8.980    	3.370    	0.181    
9.243    	3.370    	0.181    
9.514    	3.371    	0.234    
9.792    	3.371    	0.234    
10.079    	3.370    	0.207    
10.375    	3.370    	0.207    
10.679    	3.369    	0.240    
10.992    	3.369    	0.240    
11.314    	3.371    	0.218    
11.645    	3.371    	0.218    
11.986    	3.370    	0.226    
12.338    	3.370    	0.226    
12.699    	3.373    	0.231    
13.071    	3.373    	0.231    
13.454    	3.368    	0.213    
13.849    	3.368    	0.213    
14.254    	3.373    	0.270    
14.672    	3.371    	0.255    
15.102    	3.371    	0.255    
15.545    	3.373    	0.286    
16.000    	3.373    	0.232    
16.469    	3.373    	0.232    
16.951    	3.374    	0.300    
17.448    	3.375    	0.284    
17.959    	3.372    	0.341    
18.486    	3.372    	0.341    
19.027    	3.373    	0.336    
19.585    	3.370    	0.376    
20.159    	3.371    	0.362    
20.749    	3.373    	0.378    
21.357    	3.372    	0.380    
21.983    	3.372    	0.390    
22.627    	3.373    	0.406    
23.290    	3.372    	0.434    
23.973    	3.370    	0.446    
24.675    	3.370    	0.452    
25.398    	3.371    	0.465    
26.143    	3.372    	0.471    
26.909    	3.372    	0.495    
27.697    	3.373    	0.520    
28.509    	3.372    	0.532    
29.344    	3.371    	0.544    
30.204    	3.371    	0.546    
31.089    	3.372    	0.537    
32.000    	3.373    	0.550    
32.938    	3.373    	0.560    
33.903    	3.372    	0.578    
34.896    	3.372    	0.608    
35.919    	3.373    	0.633    
36.971    	3.374    	0.647    
38.055    	3.374    	0.663    
39.170    	3.374    	0.680    
40.317    	3.374    	0.704    
41.499    	3.376    	0.736    
42.715    	3.375    	0.767    
43.967    	3.376    	0.784    
45.255    	3.377    	0.805    
46.581    	3.377    	0.825    
47.946    	3.378    	0.844    
49.351    	3.378    	0.863    
50.797    	3.378    	0.890    
52.285    	3.378    	0.907    
53.817    	3.378    	0.924    
55.394    	3.377    	0.940    
57.018    	3.377    	0.966    
58.688    	3.378    	1.008    
60.408    	3.379    	1.040    
62.178    	3.378    	1.070    
64.000    	3.378    	1.102    
65.875    	3.377    	1.142    
67.806    	3.378    	1.166    
69.792    	3.378    	1.212    
71.838    	3.379    	1.245    
73.943    	3.380    	1.290    
76.109    	3.382    	1.308    
78.339    	3.381    	1.350    
80.635    	3.381    	1.378    
82.998    	3.380    	1.418    
85.430    	3.381    	1.441    
87.933    	3.382    	1.461    
90.510    	3.382    	1.500    
93.162    	3.383    	1.546    
95.892    	3.385    	1.598    
98.701    	3.385    	1.638    
101.594    	3.386    	1.686    
104.571    	3.386    	1.731    
107.635    	3.386    	1.782    
110.789    	3.386    	1.831    
114.035    	3.388    	1.872    
117.377    	3.390    	1.915    
120.816    	3.391    	1.970    
124.356    	3.391    	2.029    
128.000    	3.390    	2.081    
131.751    	3.392    	2.137    
135.611    	3.394    	2.214    
139.585    	3.395    	2.268    
143.675    	3.395    	2.332    
147.885    	3.397    	2.387    
152.219    	3.398    	2.455    
156.679    	3.397    	2.520    
161.270    	3.398    	2.587    
165.995    	3.400    	2.646    
170.860    	3.402    	2.729    
175.866    	3.403    	2.825    
181.019    	3.403    	2.901    
186.324    	3.404    	2.969    
191.783    	3.406    	3.061    
197.403    	3.407    	3.157    
203.187    	3.409    	3.230    
209.141    	3.411    	3.305    
215.269    	3.413    	3.396    
221.577    	3.415    	3.505    
228.070    	3.417    	3.600    
234.753    	3.419    	3.686    
241.632    	3.420    	3.772    
248.712    	3.421    	3.882    
256.000    	3.424    	3.988    
263.501    	3.426    	4.097    
271.223    	3.429    	4.220    
279.170    	3.431    	4.342    
287.350    	3.434    	4.469    
295.770    	3.437    	4.586    
304.437    	3.440    	4.695    
313.358    	3.443    	4.820    
322.540    	3.447    	4.958    
331.991    	3.450    	5.087    
341.719    	3.454    	5.212    
351.732    	3.458    	5.362    
362.039    	3.462    	5.524    
372.647    	3.465    	5.682    
383.567    	3.469    	5.849    
394.806    	3.474    	6.013    
406.375    	3.479    	6.183    
418.282    	3.484    	6.375    
430.539    	3.490    	6.568    
443.155    	3.496    	6.742    
456.140    	3.502    	6.914    
469.506    	3.508    	7.117    
483.264    	3.514    	7.320    
497.424    	3.521    	7.537    
512.000    	3.529    	7.758    
527.003    	3.538    	8.001    
542.445    	3.547    	8.234    
558.340    	3.557    	8.483    
574.701    	3.566    	8.729    
591.541    	3.577    	8.984    
608.874    	3.589    	9.261    
626.715    	3.602    	9.557    
645.080    	3.615    	9.862    
663.982    	3.630    	10.187    
683.438    	3.646    	10.533    
703.464    	3.663    	10.878    
724.077    	3.682    	11.231    
745.294    	3.703    	11.588    
767.133    	3.725    	11.990    
789.612    	3.750    	12.409    
812.749    	3.778    	12.841    
836.565    	3.809    	13.283    
861.078    	3.845    	13.748    
886.309    	3.884    	14.245    
912.280    	3.929    	14.765    
939.012    	3.979    	15.291    
966.527    	4.036    	15.842    
994.849    	4.101    	16.407    
1024.000    	4.178    	16.987    
1054.005    	4.270    	17.581    
1084.890    	4.373    	18.151    
1116.680    	4.495    	18.673    
1149.401    	4.642    	19.134    
1183.081    	4.817    	19.487    
1217.748    	5.028    	19.640    
1253.431    	5.280    	19.478    
1290.159    	5.579    	18.833    
1327.964    	5.922    	17.519    
1366.876    	6.289    	15.344    
1406.929    	6.648    	12.081    
1448.155    	6.934    	7.711    
1490.589    	7.069    	2.567    
1534.266    	7.009    	-2.784    
1579.224    	6.769    	-7.632    
1625.499    	6.411    	-11.513    
1673.129    	6.003    	-14.239    
1722.156    	5.608    	-15.856    
1772.619    	5.255    	-16.563    
1824.561    	4.960    	-16.615    
1878.024    	4.716    	-16.219    
1933.055    	4.517    	-15.548    
1989.697    	4.356    	-14.719    
2048.000    	4.226    	-13.809    
2108.011    	4.120    	-12.857    
2169.780    	4.035    	-11.905    
2233.360    	3.967    	-10.993    
2298.802    	3.910    	-10.123    
2366.162    	3.863    	-9.283    
2435.496    	3.824    	-8.488    
2506.862    	3.792    	-7.742    
2580.318    	3.766    	-7.020    
2655.927    	3.744    	-6.346    
2733.752    	3.726    	-5.718    
2813.857    	3.712    	-5.108    
2896.309    	3.701    	-4.521    
2981.178    	3.691    	-3.962    
3068.533    	3.682    	-3.422    
3158.448    	3.677    	-2.920    
3250.997    	3.674    	-2.460    
3346.259    	3.672    	-2.008    
3444.312    	3.671    	-1.562    
3545.238    	3.671    	-1.136    
3649.121    	3.674    	-0.735    
3756.049    	3.676    	-0.363    
3866.109    	3.677    	-0.014    
3979.395    	3.679    	0.332    
4096.000    	3.681    	0.681    
4216.022    	3.685    	1.021    
4339.561    	3.690    	1.340    
4466.720    	3.695    	1.653    
4597.605    	3.700    	1.976    
4732.325    	3.706    	2.282    
4870.992    	3.712    	2.562    
5013.723    	3.718    	2.840    
5160.637    	3.725    	3.118    
5311.855    	3.732    	3.399    
5467.504    	3.740    	3.682    
5627.714    	3.748    	3.953    
5792.619    	3.757    	4.209    
5962.355    	3.766    	4.468    
6137.066    	3.774    	4.728    
6316.896    	3.784    	4.977    
6501.995    	3.794    	5.218    
6692.518    	3.804    	5.464    
6888.623    	3.815    	5.704    
7090.476    	3.826    	5.940    
7298.242    	3.838    	6.173    
7512.097    	3.850    	6.398    
7732.218    	3.863    	6.620    
7958.790    	3.876    	6.839    
8192.000    	3.889    	7.039    
8432.044    	3.904    	7.228    
8679.122    	3.919    	7.408    
8933.439    	3.932    	7.566    
9195.209    	3.944    	7.720    
9464.649    	3.955    	7.888    
9741.985    	3.965    	8.070    
10027.447    	3.977    	8.252    
10321.273    	3.988    	8.429    
10623.710    	4.001    	8.611    
10935.008    	4.014    	8.793    
11255.428    	4.027    	8.979    
11585.238    	4.039    	9.159    
11924.711    	4.053    	9.336    
12274.132    	4.067    	9.499    
12633.791    	4.082    	9.656    
13003.989    	4.095    	9.804    
13385.035    	4.106    	9.965    
13777.247    	4.119    	10.135    
14180.951    	4.131    	10.307    
14596.485    	4.144    	10.449    
15024.194    	4.155    	10.594    
15464.437    	4.165    	10.753    
15917.579    	4.175    	10.932    
16384.000    	4.185    	11.121    
16864.088    	4.196    	11.318    
17358.243    	4.207    	11.508    
17866.879    	4.216    	11.704    
18390.418    	4.225    	11.913    
18929.299    	4.234    	12.148    
19483.969    	4.247    	12.405    
20054.893    	4.279    	12.699    
20642.546    	4.401    	13.018    
