496.8529	65.6900	-102.9000
500.6529	65.9100	-103.3000
504.4819	66.1300	-103.7000
508.3402	66.3500	-104.0000
512.2280	66.5700	-104.4000
516.1455	66.7900	-104.8000
520.0930	67.0100	-105.2000
524.0707	67.2300	-105.6000
528.0789	67.4500	-106.0000
532.1177	67.6600	-106.4000
536.1873	67.8800	-106.8000
540.2881	68.0900	-107.2000
544.4203	68.3000	-107.6000
548.5840	68.5100	-108.0000
552.7796	68.7200	-108.4000
557.0073	68.9300	-108.7000
561.2673	69.1400	-109.1000
565.5599	69.3500	-109.5000
569.8854	69.5500	-109.9000
574.2439	69.7600	-110.3000
578.6357	69.9600	-110.6000
583.0612	70.1700	-111.0000
587.5204	70.3700	-111.3000
592.0138	70.5800	-111.7000
596.5416	70.7800	-112.0000
601.1040	70.9900	-112.3000
605.7012	71.1900	-112.6000
610.3337	71.4000	-112.9000
615.0015	71.6100	-113.2000
619.7051	71.8100	-113.5000
624.4446	72.0200	-113.8000
629.2204	72.2400	-114.0000
634.0327	72.4500	-114.3000
638.8819	72.6600	-114.5000
643.7681	72.8800	-114.8000
648.6916	73.1000	-115.0000
653.6529	73.3200	-115.2000
658.6520	73.5500	-115.5000
663.6894	73.7800	-115.7000
668.7654	74.0100	-115.9000
673.8801	74.2400	-116.1000
679.0340	74.4800	-116.4000
684.2273	74.7300	-116.6000
689.4603	74.9700	-116.8000
694.7333	75.2200	-117.1000
700.0467	75.4700	-117.3000
705.4007	75.7300	-117.6000
710.7956	75.9900	-117.9000
716.2318	76.2500	-118.2000
721.7096	76.5200	-118.5000
727.2293	76.7900	-118.8000
732.7912	77.0600	-119.1000
738.3956	77.3400	-119.5000
744.0429	77.6200	-119.9000
749.7334	77.9000	-120.3000
755.4674	78.1900	-120.8000
761.2452	78.4700	-121.2000
767.0673	78.7700	-121.7000
772.9338	79.0600	-122.3000
778.8453	79.3500	-122.8000
784.8019	79.6500	-123.4000
790.8041	79.9400	-124.0000
796.8522	80.2400	-124.7000
802.9466	80.5400	-125.4000
809.0876	80.8400	-126.1000
815.2755	81.1500	-126.8000
821.5108	81.4500	-127.6000
827.7938	81.7500	-128.5000
834.1248	82.0600	-129.3000
840.5042	82.3600	-130.2000
846.9324	82.6600	-131.2000
853.4098	82.9600	-132.1000
859.9367	83.2700	-133.1000
866.5136	83.5700	-134.2000
873.1407	83.8700	-135.2000
879.8185	84.1700	-136.4000
886.5475	84.4700	-137.5000
893.3278	84.7700	-138.7000
900.1600	85.0600	-139.9000
907.0445	85.3600	-141.2000
913.9816	85.6500	-142.5000
920.9718	85.9400	-143.8000
928.0154	86.2300	-145.2000
935.1130	86.5100	-146.6000
942.2648	86.7900	-148.1000
949.4713	87.0700	-149.6000
956.7328	87.3400	-151.1000
964.0500	87.6200	-152.7000
971.4231	87.8800	-154.3000
978.8526	88.1400	-155.9000
986.3389	88.4000	-157.6000
993.8825	88.6500	-159.3000
1001.4838	88.9000	-161.1000
1009.1432	89.1400	-162.9000
1016.8611	89.3800	-164.7000
1024.6382	89.6100	-166.6000
1032.4746	89.8300	-168.4000
1040.3711	90.0400	-170.4000
1048.3279	90.2500	-172.3000
1056.3455	90.4500	-174.2000
1064.4245	90.6500	-176.2000
1072.5653	90.8300	-178.2000
1080.7683	91.0100	179.8000
1089.0341	91.1800	177.8000
1097.3631	91.3400	175.7000
1105.7558	91.4900	173.7000
1114.2127	91.6400	171.7000
1122.7342	91.7700	169.6000
1131.3210	91.9000	167.6000
1139.9734	92.0200	165.5000
1148.6920	92.1200	163.5000
1157.4772	92.2300	161.5000
1166.3297	92.3200	159.5000
1175.2498	92.4000	157.5000
1184.2382	92.4800	155.6000
1193.2953	92.5500	153.7000
1202.4217	92.6200	151.8000
1211.6179	92.6800	149.9000
1220.8844	92.7300	148.1000
1230.2218	92.7800	146.3000
1239.6306	92.8200	144.5000
1249.1113	92.8600	142.8000
1258.6646	92.9000	141.1000
1268.2910	92.9300	139.4000
1277.9909	92.9700	137.8000
1287.7651	93.0000	136.2000
1297.6139	93.0300	134.6000
1307.5382	93.0600	133.0000
1317.5383	93.0900	131.5000
1327.6149	93.1200	130.0000
1337.7686	93.1500	128.5000
1347.9999	93.1800	127.0000
1358.3095	93.2000	125.5000
1368.6979	93.2300	124.0000
1379.1658	93.2500	122.5000
1389.7137	93.2800	121.0000
1400.3423	93.3000	119.5000
1411.0522	93.3200	118.0000
1421.8440	93.3300	116.5000
1432.7183	93.3400	115.0000
1443.6759	93.3500	113.4000
1454.7172	93.3500	111.9000
1465.8429	93.3500	110.4000
1477.0538	93.3400	108.9000
1488.3503	93.3200	107.4000
1499.7333	93.3000	105.9000
1511.2034	93.2700	104.4000
1522.7611	93.2400	103.0000
1534.4073	93.2000	101.6000
1546.1425	93.1600	100.2000
1557.9675	93.1100	98.9000
1569.8829	93.0600	97.6000
1581.8895	93.0100	96.3000
1593.9879	92.9600	95.0000
1606.1788	92.9000	93.8000
1618.4629	92.8500	92.6000
1630.8410	92.7900	91.5000
1643.3138	92.7400	90.3000
1655.8819	92.6800	89.2000
1668.5462	92.6200	88.0000
1681.3073	92.5600	86.9000
1694.1660	92.5000	85.8000
1707.1231	92.4400	84.7000
1720.1793	92.3800	83.6000
1733.3353	92.3100	82.4000
1746.5919	92.2300	81.3000
1759.9500	92.1500	80.1000
1773.4102	92.0700	79.0000
1786.9733	91.9700	77.8000
1800.6402	91.8700	76.7000
1814.4116	91.7500	75.6000
1828.2883	91.6300	74.5000
1842.2711	91.5000	73.4000
1856.3609	91.3600	72.5000
1870.5585	91.2000	71.5000
1884.8646	91.0400	70.7000
1899.2801	90.8800	69.9000
1913.8059	90.7000	69.2000
1928.4428	90.5300	68.6000
1943.1917	90.3500	68.1000
1958.0533	90.1800	67.7000
1973.0286	90.0100	67.4000
1988.1184	89.8400	67.2000
2003.3237	89.6700	67.0000
2018.6452	89.5100	66.9000
2034.0839	89.3500	66.8000
2049.6407	89.1900	66.8000
2065.3164	89.0300	66.8000
2081.1121	88.8800	66.9000
2097.0286	88.7200	67.1000
2113.0667	88.5700	67.3000
2129.2276	88.4100	67.6000
2145.5120	88.2600	68.1000
2161.9210	88.1100	68.7000
2178.4555	87.9800	69.4000
2195.1165	87.8600	70.3000
2211.9048	87.7600	71.2000
2228.8216	87.6900	72.2000
2245.8677	87.6500	73.3000
2263.0443	87.6300	74.4000
2280.3521	87.6400	75.4000
2297.7924	87.6800	76.3000
2315.3660	87.7200	77.2000
2333.0741	87.7900	78.0000
2350.9176	87.8600	78.6000
2368.8975	87.9300	79.2000
2387.0150	88.0100	79.7000
2405.2710	88.1000	80.2000
2423.6666	88.1900	80.6000
2442.2030	88.2800	81.0000
2460.8811	88.3900	81.3000
2479.7020	88.5000	81.6000
2498.6669	88.6200	81.8000
2517.7768	88.7400	81.9000
2537.0329	88.8700	81.8000
2556.4363	88.9900	81.6000
2575.9881	89.1000	81.3000
2595.6894	89.2000	80.9000
2615.5413	89.2800	80.5000
2635.5451	89.3400	80.0000
2655.7019	89.3800	79.5000
2676.0129	89.4000	79.1000
2696.4792	89.4100	78.8000
2717.1020	89.4100	78.6000
2737.8825	89.4200	78.5000
2758.8220	89.4300	78.5000
2779.9216	89.4500	78.6000
2801.1826	89.4900	78.7000
2822.6062	89.5400	78.8000
2844.1936	89.6000	78.9000
2865.9462	89.6700	78.9000
2887.8651	89.7300	78.9000
2909.9516	89.8000	78.9000
2932.2071	89.8700	78.9000
2954.6328	89.9300	78.9000
2977.2300	90.0100	78.9000
3000.0000	90.0900	79.0000
3022.9442	90.2000	79.0000
3046.0638	90.3200	79.0000
3069.3603	90.4700	78.9000
3092.8349	90.6300	78.6000
3116.4891	90.8000	78.2000
3140.3241	90.9700	77.4000
3164.3415	91.1200	76.5000
3188.5426	91.2500	75.3000
3212.9287	91.3500	73.9000
3237.5014	91.4000	72.5000
3262.2619	91.4200	71.1000
3287.2119	91.3900	69.7000
3312.3527	91.3300	68.5000
3337.6857	91.2500	67.5000
3363.2125	91.1600	66.7000
3388.9346	91.0700	66.1000
3414.8533	90.9800	65.6000
3440.9703	90.9100	65.2000
3467.2870	90.8500	64.9000
3493.8050	90.8000	64.6000
3520.5258	90.7500	64.3000
3547.4510	90.7000	64.0000
3574.5821	90.6500	63.7000
3601.9207	90.5900	63.4000
3629.4684	90.5300	63.2000
3657.2267	90.4800	63.0000
3685.1974	90.4200	62.8000
3713.3820	90.3700	62.7000
3741.7821	90.3100	62.6000
3770.3995	90.2400	62.4000
3799.2357	90.1700	62.4000
3828.2925	90.0900	62.4000
3857.5715	90.0000	62.5000
3887.0744	89.9200	62.9000
3916.8029	89.8500	63.4000
3946.7588	89.8100	63.9000
3976.9439	89.7900	64.6000
4007.3597	89.8100	65.1000
4038.0083	89.8400	65.6000
4068.8912	89.8700	65.9000
4100.0103	89.9100	66.2000
4131.3674	89.9300	66.4000
4162.9643	89.9600	66.7000
4194.8028	89.9900	67.0000
4226.8849	90.0300	67.4000
4259.2124	90.0900	67.7000
4291.7871	90.1700	68.0000
4324.6109	90.2500	68.1000
4357.6857	90.3300	68.1000
4391.0135	90.4000	68.0000
4424.5963	90.4600	67.8000
4458.4358	90.5000	67.7000
4492.5342	90.5500	67.7000
4526.8933	90.6100	67.7000
4561.5152	90.6700	67.6000
4596.4019	90.7400	67.5000
4631.5555	90.8200	67.3000
4666.9779	90.8900	67.0000
4702.6712	90.9500	66.6000
4738.6374	91.0000	66.1000
4774.8788	91.0300	65.6000
4811.3973	91.0400	65.2000
4848.1952	91.0400	64.8000
4885.2744	91.0400	64.6000
4922.6372	91.0600	64.4000
4960.2858	91.1000	64.2000
4998.2224	91.1400	63.7000
5036.4491	91.1700	63.1000
5074.9681	91.1700	62.4000
5113.7817	91.1200	61.7000
5152.8922	91.0500	61.1000
5192.3018	90.9500	60.7000
5232.0128	90.8400	60.6000
5272.0275	90.7400	60.6000
5312.3483	90.6500	60.8000
5352.9774	90.5600	61.1000
5393.9172	90.4800	61.7000
5435.1702	90.4400	62.4000
5476.7387	90.4400	63.3000
5518.6251	90.5000	64.2000
5560.8318	90.6000	64.8000
5603.3614	90.7100	65.1000
5646.2162	90.8200	65.2000
5689.3987	90.9200	65.3000
5732.9116	91.0300	65.3000
5776.7572	91.1500	65.2000
5820.9381	91.2900	64.8000
5865.4570	91.4200	64.2000
5910.3163	91.5200	63.2000
5955.5187	91.5700	62.2000
6001.0669	91.5600	61.1000
6046.9633	91.5200	60.2000
6093.2108	91.4400	59.4000
6139.8120	91.3500	58.9000
6186.7697	91.2600	58.5000
6234.0864	91.1500	58.3000
6281.7650	91.0500	58.4000
6329.8083	90.9800	58.7000
6378.2190	90.9600	59.2000
6427.0000	90.9800	59.5000
6476.1540	91.0200	59.5000
6525.6840	91.0500	59.3000
6575.5928	91.0500	59.0000
6625.8833	91.0300	58.7000
6676.5584	90.9800	58.4000
6727.6211	90.9200	58.3000
6779.0743	90.8500	58.4000
6830.9210	90.7700	58.6000
6883.1643	90.7000	59.1000
6935.8071	90.6700	59.9000
6988.8525	90.7100	60.7000
7042.3036	90.8000	61.4000
7096.1635	90.9000	61.7000
7150.4354	90.9800	61.8000
7205.1223	91.0600	62.0000
7260.2274	91.1600	62.2000
7315.7541	91.2900	62.3000
7371.7053	91.4300	62.2000
7428.0845	91.5700	61.8000
7484.8949	91.7000	61.4000
7542.1398	91.8400	60.8000
7599.8225	91.9900	60.0000
7657.9464	92.1100	58.8000
7716.5147	92.1900	57.4000
7775.5311	92.2200	55.8000
7834.9987	92.2000	54.3000
7894.9212	92.1400	52.7000
7955.3020	92.0500	51.3000
8016.1446	91.9000	49.9000
8077.4525	91.7100	48.8000
8139.2293	91.5000	48.0000
8201.4786	91.2700	47.6000
8264.2039	91.0400	47.5000
8327.4090	90.8200	47.8000
8391.0975	90.6300	48.4000
8455.2730	90.5000	49.3000
8519.9394	90.4100	50.2000
8585.1004	90.3700	51.1000
8650.7597	90.3600	51.9000
8716.9211	90.3800	52.7000
8783.5886	90.4500	53.4000
8850.7660	90.5700	53.8000
8918.4571	90.7100	53.7000
8986.6660	90.8300	53.1000
9055.3965	90.9100	52.2000
9124.6526	90.9300	51.1000
9194.4385	90.8900	49.8000
9264.7580	90.7700	48.8000
9335.6154	90.6200	48.1000
9407.0147	90.4800	47.9000
9478.9600	90.3700	47.8000
9551.4556	90.3000	47.9000
9624.5057	90.2700	47.8000
9698.1144	90.2600	47.4000
9772.2861	90.2400	46.6000
9847.0251	90.1700	45.6000
9922.3357	90.0300	44.6000
9998.2222	89.8500	43.8000
10074.6890	89.6300	43.2000
10151.7410	89.4000	43.0000
10229.3820	89.1800	43.1000
10307.6170	88.9900	43.5000
10386.4500	88.8300	43.9000
10465.8860	88.7200	44.3000
10545.9300	88.6300	44.5000
10626.5860	88.5400	44.4000
10707.8580	88.4200	44.1000
10789.7530	88.2400	43.6000
10872.2730	88.0100	43.4000
10955.4250	87.7600	43.6000
11039.2130	87.5200	44.0000
11123.6410	87.3000	44.7000
11208.7150	87.1100	45.5000
11294.4400	86.9400	46.4000
11380.8210	86.7800	47.4000
11467.8620	86.6500	48.6000
11555.5690	86.5900	49.9000
11643.9460	86.5900	51.0000
11733.0000	86.6700	51.8000
11822.7340	86.8000	51.6000
11913.1550	86.8700	50.4000
12004.2680	86.7900	48.4000
12096.0770	86.5000	46.2000
12188.5890	86.0100	44.5000
12281.8080	85.3900	43.9000
12375.7390	84.7300	44.5000
12470.3900	84.0800	45.7000
12565.7640	83.4000	47.7000
12661.8680	82.6800	50.8000
12758.7060	81.9700	55.3000
12856.2860	81.4200	61.6000
12954.6110	81.1600	68.9000
13053.6890	81.2400	76.2000
13153.5240	81.5700	82.4000
13254.1230	82.0300	87.2000
13355.4910	82.4800	90.8000
13457.6350	82.9000	93.8000
13560.5590	83.3100	96.6000
13664.2710	83.7100	99.1000
13768.7760	84.1500	101.4000
13874.0810	84.6100	103.3000
13980.1900	85.0600	104.7000
14087.1120	85.4800	105.7000
14194.8510	85.8200	106.3000
14303.4140	86.0900	107.2000
14412.8070	86.3400	108.5000
14523.0370	86.6400	110.3000
14634.1100	87.0300	112.1000
14746.0320	87.5100	113.5000
14858.8110	88.0000	114.4000
14972.4520	88.4900	115.0000
15086.9620	88.9800	115.4000
15202.3480	89.5000	115.7000
15318.6160	90.0200	115.8000
15435.7740	90.5600	115.8000
15553.8270	91.1400	115.6000
15672.7840	91.7700	115.0000
15792.6500	92.4100	113.9000
15913.4330	93.0500	112.2000
16035.1400	93.6600	110.2000
16157.7770	94.2700	107.8000
16281.3530	94.8700	105.2000
16405.8740	95.4900	102.2000
16531.3470	96.1400	98.7000
16657.7790	96.8100	94.2000
16785.1790	97.4300	88.6000
16913.5530	97.9600	81.9000
17042.9090	98.3300	74.2000
17173.2540	98.5000	65.6000
17304.5960	98.4100	56.5000
17436.9420	98.0000	47.5000
17570.3010	97.2800	39.5000
17704.6790	96.3500	33.3000
17840.0860	95.3500	29.1000
17976.5280	94.4200	26.7000
18114.0130	93.6300	25.0000
18252.5500	92.9200	23.6000
18392.1470	92.2200	22.4000
18532.8110	91.5500	21.5000
18674.5510	90.9200	21.1000
18817.3750	90.3300	20.9000
18961.2910	89.7700	21.0000
19106.3080	89.2400	21.5000
19252.4340	88.7900	22.4000
19399.6780	88.4400	23.4000
19548.0470	88.1800	24.1000
19697.5520	87.9600	24.5000
19848.2000	87.8000	24.7000
20000.0000	87.7400	24.9000