300.0000	58.9900	-97.6000
302.5406	58.5000	-97.7000
305.1028	58.0500	-97.9000
307.6866	57.8000	-98.0000
310.2924	57.8400	-98.2000
312.9202	57.9800	-98.4000
315.5702	57.8300	-98.6000
318.2428	57.6100	-98.8000
320.9379	57.7500	-99.1000
323.6558	57.9500	-99.3000
326.3968	57.9800	-99.6000
329.1610	57.9300	-99.8000
331.9486	57.7900	-100.1000
334.7598	57.5200	-100.4000
337.5948	57.1700	-100.7000
340.4539	56.9600	-101.0000
343.3371	57.0300	-101.3000
346.2448	57.2900	-101.6000
349.1770	57.6000	-102.0000
352.1341	57.9900	-102.3000
355.1163	58.5300	-102.7000
358.1237	59.1400	-103.0000
361.1566	59.5900	-103.4000
364.2151	59.8700	-103.8000
367.2996	60.1100	-104.1000
370.4102	60.4200	-104.5000
373.5471	60.7400	-104.9000
376.7106	61.0100	-105.4000
379.9009	61.2500	-105.8000
383.1182	61.4600	-106.2000
386.3628	61.6700	-106.6000
389.6348	61.8600	-107.0000
392.9345	62.0100	-107.5000
396.2622	62.2200	-108.0000
399.6181	62.5200	-108.4000
403.0024	62.8100	-108.9000
406.4153	63.0700	-109.4000
409.8572	63.2700	-109.9000
413.3282	63.4000	-110.4000
416.8286	63.5000	-110.9000
420.3586	63.5500	-111.4000
423.9185	63.6400	-111.9000
427.5086	63.8100	-112.4000
431.1291	64.0600	-113.0000
434.7803	64.3700	-113.5000
438.4623	64.7000	-114.1000
442.1756	65.0300	-114.6000
445.9203	65.3700	-115.2000
449.6967	65.7100	-115.7000
453.5051	66.0100	-116.3000
457.3457	66.2800	-116.9000
461.2189	66.5500	-117.5000
465.1249	66.8000	-118.1000
469.0639	67.0400	-118.7000
473.0363	67.2600	-119.3000
477.0424	67.4600	-119.9000
481.0824	67.6400	-120.5000
485.1565	67.8200	-121.1000
489.2652	68.0000	-121.7000
493.4087	68.2000	-122.3000
497.5873	68.4100	-122.9000
501.8013	68.6200	-123.5000
506.0509	68.8300	-124.1000
510.3366	69.0400	-124.7000
514.6585	69.2600	-125.4000
519.0171	69.4700	-126.0000
523.4125	69.6800	-126.6000
527.8452	69.8900	-127.2000
532.3154	70.1000	-127.7000
536.8235	70.3100	-128.3000
541.3697	70.5100	-128.9000
545.9545	70.7200	-129.5000
550.5781	70.9300	-130.0000
555.2408	71.1300	-130.6000
559.9430	71.3400	-131.1000
564.6851	71.5500	-131.7000
569.4673	71.7500	-132.2000
574.2900	71.9600	-132.7000
579.1535	72.1700	-133.3000
584.0583	72.3800	-133.8000
589.0045	72.5900	-134.2000
593.9927	72.8000	-134.7000
599.0231	73.0100	-135.2000
604.0961	73.2200	-135.7000
609.2121	73.4400	-136.1000
614.3714	73.6600	-136.6000
619.5744	73.8800	-137.0000
624.8214	74.1000	-137.4000
630.1129	74.3300	-137.9000
635.4492	74.5600	-138.3000
640.8307	74.8000	-138.7000
646.2578	75.0300	-139.2000
651.7308	75.2800	-139.6000
657.2502	75.5200	-140.1000
662.8163	75.7700	-140.5000
668.4296	76.0300	-141.0000
674.0904	76.2800	-141.5000
679.7991	76.5500	-142.0000
685.5562	76.8100	-142.5000
691.3620	77.0800	-143.0000
697.2170	77.3500	-143.6000
703.1216	77.6300	-144.2000
709.0762	77.9100	-144.8000
715.0812	78.1900	-145.5000
721.1371	78.4800	-146.2000
727.2443	78.7700	-146.9000
733.4032	79.0600	-147.7000
739.6142	79.3500	-148.5000
745.8779	79.6400	-149.4000
752.1946	79.9300	-150.3000
758.5648	80.2200	-151.2000
764.9889	80.5100	-152.2000
771.4674	80.8100	-153.2000
778.0008	81.1000	-154.3000
784.5896	81.3900	-155.4000
791.2341	81.6700	-156.6000
797.9349	81.9600	-157.8000
804.6925	82.2400	-159.0000
811.5072	82.5200	-160.3000
818.3797	82.8000	-161.6000
825.3104	83.0700	-163.0000
832.2998	83.3400	-164.3000
839.3484	83.6100	-165.8000
846.4567	83.8700	-167.2000
853.6252	84.1200	-168.7000
860.8543	84.3700	-170.2000
868.1448	84.6200	-171.8000
875.4969	84.8600	-173.3000
882.9113	85.1000	-175.0000
890.3885	85.3300	-176.6000
897.9290	85.5600	-178.2000
905.5334	85.7800	-179.9000
913.2022	85.9900	178.4000
920.9359	86.2000	176.7000
928.7351	86.4000	175.0000
936.6004	86.6000	173.2000
944.5323	86.7900	171.5000
952.5314	86.9800	169.7000
960.5982	87.1600	167.9000
968.7333	87.3300	166.1000
976.9373	87.4900	164.3000
985.2108	87.6500	162.5000
993.5543	87.8100	160.6000
1001.9685	87.9500	158.8000
1010.4540	88.0900	157.0000
1019.0113	88.2200	155.1000
1027.6412	88.3500	153.3000
1036.3440	88.4700	151.5000
1045.1206	88.5800	149.6000
1053.9716	88.6800	147.8000
1062.8974	88.7800	146.0000
1071.8989	88.8700	144.2000
1080.9766	88.9500	142.4000
1090.1312	89.0200	140.6000
1099.3633	89.0900	138.8000
1108.6736	89.1500	137.1000
1118.0627	89.2000	135.4000
1127.5314	89.2500	133.7000
1137.0802	89.2900	132.0000
1146.7099	89.3200	130.4000
1156.4212	89.3500	128.8000
1166.2147	89.3700	127.3000
1176.0911	89.3900	125.8000
1186.0512	89.4000	124.4000
1196.0956	89.4200	123.0000
1206.2251	89.4300	121.7000
1216.4404	89.4400	120.5000
1226.7422	89.4500	119.2000
1237.1312	89.4700	118.1000
1247.6082	89.4800	116.9000
1258.1740	89.5000	115.8000
1268.8292	89.5200	114.8000
1279.5747	89.5500	113.7000
1290.4111	89.5900	112.7000
1301.3394	89.6300	111.7000
1312.3602	89.6700	110.7000
1323.4743	89.7200	109.7000
1334.6825	89.7800	108.6000
1345.9857	89.8400	107.6000
1357.3846	89.9000	106.4000
1368.8800	89.9600	105.3000
1380.4728	90.0300	104.1000
1392.1637	90.0900	102.9000
1403.9537	90.1400	101.6000
1415.8435	90.2000	100.3000
1427.8340	90.2500	98.9000
1439.9260	90.2900	97.5000
1452.1205	90.3300	96.1000
1464.4182	90.3600	94.7000
1476.8201	90.3800	93.3000
1489.3270	90.3900	91.8000
1501.9398	90.3900	90.4000
1514.6594	90.3900	89.0000
1527.4868	90.3800	87.6000
1540.4227	90.3600	86.3000
1553.4683	90.3400	84.9000
1566.6243	90.3200	83.6000
1579.8917	90.2800	82.3000
1593.2715	90.2500	81.1000
1606.7646	90.2100	79.8000
1620.3720	90.1800	78.6000
1634.0946	90.1400	77.4000
1647.9334	90.1000	76.2000
1661.8894	90.0600	75.1000
1675.9636	90.0200	73.9000
1690.1571	89.9800	72.7000
1704.4707	89.9400	71.5000
1718.9055	89.8900	70.3000
1733.4626	89.8400	69.1000
1748.1429	89.7800	67.8000
1762.9476	89.7100	66.6000
1777.8776	89.6300	65.3000
1792.9341	89.5400	64.1000
1808.1181	89.4400	62.8000
1823.4307	89.3300	61.6000
1838.8730	89.2000	60.4000
1854.4460	89.0600	59.3000
1870.1510	88.9100	58.3000
1885.9889	88.7500	57.3000
1901.9610	88.5900	56.5000
1918.0683	88.4200	55.8000
1934.3121	88.2400	55.1000
1950.6934	88.0700	54.6000
1967.2134	87.9000	54.2000
1983.8733	87.7300	53.9000
2000.6744	87.5700	53.6000
2017.6177	87.4100	53.4000
2034.7045	87.2600	53.2000
2051.9360	87.1100	53.1000
2069.3134	86.9700	53.1000
2086.8380	86.8200	53.1000
2104.5111	86.6700	53.1000
2122.3337	86.5200	53.2000
2140.3074	86.3700	53.5000
2158.4332	86.2200	53.8000
2176.7126	86.0900	54.3000
2195.1467	85.9600	55.0000
2213.7370	85.8600	55.7000
2232.4847	85.7800	56.5000
2251.3911	85.7300	57.4000
2270.4577	85.7000	58.2000
2289.6858	85.7000	59.0000
2309.0767	85.7200	59.7000
2328.6318	85.7500	60.3000
2348.3525	85.7800	60.7000
2368.2402	85.8200	61.1000
2388.2964	85.8500	61.5000
2408.5224	85.8800	61.8000
2428.9197	85.9000	62.2000
2449.4897	85.9400	62.6000
2470.2340	85.9800	63.0000
2491.1539	86.0300	63.4000
2512.2510	86.1000	63.8000
2533.5268	86.2000	64.2000
2554.9827	86.3000	64.4000
2576.6203	86.4100	64.5000
2598.4412	86.5200	64.4000
2620.4469	86.6200	64.1000
2642.6389	86.7100	63.8000
2665.0189	86.7700	63.4000
2687.5885	86.8200	63.0000
2710.3491	86.8500	62.7000
2733.3025	86.8800	62.4000
2756.4503	86.9000	62.2000
2779.7941	86.9200	62.1000
2803.3357	86.9500	62.0000
2827.0766	86.9900	61.9000
2851.0185	87.0400	61.8000
2875.1632	87.0800	61.6000
2899.5124	87.1200	61.4000
2924.0678	87.1500	61.1000
2948.8312	87.1700	60.9000
2973.8042	87.1800	60.8000
2998.9888	87.1900	60.8000
3024.3866	87.2100	61.0000
3049.9996	87.2500	61.2000
3075.8294	87.3300	61.5000
3101.8780	87.4300	61.6000
3128.1472	87.5600	61.7000
3154.6388	87.7000	61.5000
3181.3548	87.8400	61.0000
3208.2971	87.9600	60.3000
3235.4675	88.0600	59.5000
3262.8681	88.1200	58.6000
3290.5007	88.1600	57.7000
3318.3673	88.1700	57.0000
3346.4699	88.1600	56.3000
3374.8104	88.1600	55.9000
3403.3910	88.1600	55.5000
3432.2137	88.1900	55.2000
3461.2804	88.2200	54.8000
3490.5933	88.2700	54.4000
3520.1545	88.3300	53.8000
3549.9660	88.3800	53.1000
3580.0299	88.4200	52.3000
3610.3485	88.4500	51.4000
3640.9238	88.4600	50.4000
3671.7581	88.4400	49.4000
3702.8535	88.4100	48.4000
3734.2122	88.3400	47.3000
3765.8365	88.2400	46.3000
3797.7286	88.1100	45.4000
3829.8908	87.9400	44.7000
3862.3254	87.7600	44.3000
3895.0347	87.5700	44.3000
3928.0210	87.3900	44.6000
3961.2866	87.2400	45.2000
3994.8339	87.1400	46.0000
4028.6654	87.0800	46.8000
4062.7834	87.0500	47.7000
4097.1903	87.0500	48.5000
4131.8886	87.0700	49.2000
4166.8807	87.1200	49.9000
4202.1692	87.2000	50.6000
4237.7565	87.3100	51.1000
4273.6453	87.4500	51.4000
4309.8379	87.5900	51.4000
4346.3371	87.7300	51.2000
4383.1453	87.8400	50.7000
4420.2653	87.9300	50.1000
4457.6997	87.9900	49.6000
4495.4511	88.0300	49.0000
4533.5221	88.0700	48.4000
4571.9156	88.1100	47.9000
4610.6343	88.1500	47.3000
4649.6808	88.1800	46.7000
4689.0581	88.2000	45.9000
4728.7688	88.2000	45.1000
4768.8158	88.1800	44.2000
4809.2019	88.1200	43.4000
4849.9301	88.0500	42.7000
4891.0032	87.9700	42.2000
4932.4241	87.9000	41.9000
4974.1959	87.8300	41.5000
5016.3214	87.7700	41.1000
5058.8036	87.6900	40.6000
5101.6456	87.5800	40.3000
5144.8504	87.4500	40.0000
5188.4211	87.3100	40.1000
5232.3608	87.1900	40.3000
5276.6727	87.0900	40.7000
5321.3598	86.9900	41.2000
5366.4253	86.9100	41.8000
5411.8725	86.8700	42.7000
5457.7046	86.8700	43.6000
5503.9248	86.9400	44.4000
5550.5364	87.0400	44.9000
5597.5428	87.1400	45.0000
5644.9473	87.2200	44.8000
5692.7533	87.2700	44.7000
5740.9641	87.3200	44.7000
5789.5831	87.4000	44.6000
5838.6140	87.4900	44.3000
5888.0600	87.5800	43.7000
5937.9249	87.6300	42.8000
5988.2120	87.6300	41.9000
6038.9249	87.5800	41.0000
6090.0674	87.5000	40.3000
6141.6430	87.4000	39.7000
6193.6553	87.2800	39.4000
6246.1082	87.1500	39.3000
6299.0052	87.0300	39.6000
6352.3503	86.9600	40.1000
6406.1470	86.9400	40.6000
6460.3994	86.9600	40.9000
6515.1113	86.9900	40.8000
6570.2865	86.9900	40.6000
6625.9289	86.9600	40.4000
6682.0426	86.9100	40.2000
6738.6315	86.8400	40.1000
6795.6996	86.7500	40.1000
6853.2511	86.6400	40.4000
6911.2899	86.5500	41.0000
6969.8202	86.5200	42.0000
7028.8463	86.5600	42.9000
7088.3722	86.6400	43.5000
7148.4022	86.7200	43.8000
7208.9406	86.7900	44.2000
7269.9917	86.8900	44.6000
7331.5598	87.0300	44.9000
7393.6493	87.1800	44.9000
7456.2647	87.3300	44.7000
7519.4103	87.5000	44.2000
7583.0907	87.6700	43.4000
7647.3104	87.8200	42.2000
7712.0739	87.9100	40.6000
7777.3860	87.9300	39.0000
7843.2511	87.8900	37.3000
7909.6741	87.7900	35.8000
7976.6595	87.6400	34.4000
8044.2123	87.4500	33.3000
8112.3371	87.2400	32.7000
8181.0389	87.0300	32.4000
8250.3225	86.8300	32.4000
8320.1928	86.6600	32.7000
8390.6549	86.5300	33.2000
8461.7137	86.4300	33.7000
8533.3743	86.3700	34.2000
8605.6417	86.3000	34.6000
8678.5212	86.2500	35.1000
8752.0179	86.2400	35.8000
8826.1370	86.2800	36.4000
8900.8838	86.3600	36.6000
8976.2636	86.4400	36.3000
9052.2818	86.4800	35.7000
9128.9438	86.4700	34.8000
9206.2550	86.3800	34.0000
9284.2209	86.2500	33.6000
9362.8472	86.1200	33.5000
9442.1393	86.0400	33.8000
9522.1029	86.0100	34.0000
9602.7437	86.0300	34.0000
9684.0674	86.0600	33.6000
9766.0798	86.0600	32.7000
9848.7868	85.9700	31.6000
9932.1943	85.8000	30.7000
10016.3080	85.5800	30.2000
10101.1340	85.3500	30.2000
10186.6790	85.1500	30.6000
10272.9480	84.9900	31.3000
10359.9470	84.9000	32.2000
10447.6840	84.8900	32.8000
10536.1630	84.9100	33.1000
10625.3920	84.9200	32.8000
10715.3760	84.8900	32.2000
10806.1220	84.8000	31.5000
10897.6370	84.6500	30.9000
10989.9270	84.4600	30.4000
11082.9990	84.2400	30.2000
11176.8580	83.9700	30.2000
11271.5130	83.6900	30.8000
11366.9690	83.4300	32.0000
11463.2340	83.2400	33.9000
11560.3140	83.1700	36.0000
11658.2160	83.2300	37.9000
11756.9470	83.4000	39.2000
11856.5140	83.5800	39.5000
11956.9250	83.6800	39.0000
12058.1850	83.6400	38.2000
12160.3040	83.4900	37.8000
12263.2870	83.2900	38.1000
12367.1420	83.1400	39.1000
12471.8770	83.0700	40.3000
12577.4990	83.0700	41.4000
12684.0150	83.1000	42.3000
12791.4340	83.1300	43.1000
12899.7620	83.1600	43.8000
13009.0070	83.2100	44.5000
13119.1780	83.3000	45.0000
13230.2820	83.3800	45.1000
13342.3260	83.4200	45.0000
13455.3200	83.3900	44.9000
13569.2700	83.3400	45.3000
13684.1860	83.3200	46.0000
13800.0750	83.3800	46.9000
13916.9450	83.5100	47.4000
14034.8040	83.6500	47.4000
14153.6620	83.7400	47.0000
14273.5270	83.7900	46.7000
14394.4070	83.8300	46.4000
14516.3100	83.8800	46.0000
14639.2460	83.9300	45.5000
14763.2230	83.9500	44.7000
14888.2500	83.9100	44.0000
15014.3350	83.8600	43.6000
15141.4890	83.8400	43.5000
15269.7190	83.8800	43.4000
15399.0350	83.9600	43.0000
15529.4460	84.0400	42.4000
15660.9620	84.1100	41.4000
15793.5920	84.1500	40.2000
15927.3450	84.1500	38.7000
16062.2300	84.0700	37.1000
16198.2580	83.9200	35.6000
16335.4380	83.7200	34.7000
16473.7790	83.5600	34.3000
16613.2930	83.4300	34.0000
16753.9870	83.3100	33.7000
16895.8730	83.2100	33.5000
17038.9610	83.1400	33.3000
17183.2610	83.1300	32.7000
17328.7820	83.1200	31.4000
17475.5370	82.9700	29.5000
17623.5330	82.6300	28.0000
17772.7840	82.2200	27.8000
17923.2980	81.9000	28.8000
18075.0870	81.7600	30.1000
18228.1610	81.7500	30.9000
18382.5320	81.8100	31.0000
18538.2100	81.8800	30.4000
18695.2060	81.8900	29.0000
18853.5320	81.7900	27.2000
19013.1990	81.5800	25.8000
19174.2180	81.3500	25.0000
19336.6010	81.1700	24.6000
19500.3580	81.0200	24.4000
19665.5030	80.8900	24.2000
19832.0460	80.8000	24.2000
20000.0000	80.7600	24.2000