300.0000	64.2400	-140.0000
302.5406	64.1900	-139.6000
305.1028	64.1300	-138.9000
307.6866	64.0500	-138.3000
310.2924	63.9600	-137.5000
312.9202	63.8600	-136.8000
315.5702	63.7500	-136.0000
318.2428	63.6200	-135.2000
320.9379	63.4500	-134.4000
323.6558	63.2300	-133.6000
326.3968	62.9600	-132.8000
329.1610	62.6400	-131.9000
331.9486	62.3100	-131.1000
334.7598	61.9800	-130.2000
337.5948	61.7100	-129.4000
340.4539	61.5400	-128.5000
343.3371	61.5100	-127.6000
346.2448	61.6100	-126.7000
349.1770	61.8000	-125.8000
352.1341	62.0500	-124.9000
355.1163	62.3100	-124.0000
358.1237	62.5700	-123.1000
361.1566	62.8000	-122.1000
364.2151	63.0100	-121.2000
367.2996	63.1900	-120.2000
370.4102	63.3800	-119.2000
373.5471	63.5700	-118.2000
376.7106	63.7700	-117.3000
379.9009	63.9800	-116.3000
383.1182	64.1800	-115.3000
386.3628	64.3900	-114.3000
389.6348	64.6000	-113.3000
392.9345	64.8200	-112.3000
396.2622	65.0400	-111.3000
399.6181	65.2500	-110.2000
403.0024	65.4400	-109.2000
406.4153	65.5900	-108.1000
409.8572	65.7100	-107.1000
413.3282	65.7900	-106.0000
416.8286	65.8600	-104.9000
420.3586	65.9200	-103.9000
423.9185	66.0000	-102.8000
427.5086	66.1100	-101.8000
431.1291	66.2600	-100.8000
434.7803	66.4500	-99.7000
438.4623	66.6600	-98.6000
442.1756	66.9000	-97.6000
445.9203	67.1500	-96.5000
449.6967	67.4100	-95.5000
453.5051	67.6500	-94.4000
457.3457	67.8800	-93.4000
461.2189	68.1000	-92.3000
465.1249	68.2900	-91.3000
469.0639	68.4600	-90.2000
473.0363	68.6100	-89.2000
477.0424	68.7500	-88.2000
481.0824	68.8900	-87.1000
485.1565	69.0300	-86.1000
489.2652	69.1700	-85.1000
493.4087	69.3200	-84.1000
497.5873	69.4800	-83.1000
501.8013	69.6500	-82.1000
506.0509	69.8200	-81.1000
510.3366	70.0000	-80.1000
514.6585	70.1800	-79.1000
519.0171	70.3600	-78.2000
523.4125	70.5400	-77.2000
527.8452	70.7200	-76.2000
532.3154	70.9000	-75.2000
536.8235	71.0900	-74.2000
541.3697	71.2700	-73.3000
545.9545	71.4500	-72.3000
550.5781	71.6200	-71.3000
555.2408	71.8000	-70.3000
559.9430	71.9700	-69.3000
564.6851	72.1400	-68.3000
569.4673	72.3100	-67.3000
574.2900	72.4800	-66.3000
579.1535	72.6500	-65.2000
584.0583	72.8200	-64.2000
589.0045	72.9800	-63.1000
593.9927	73.1400	-62.0000
599.0231	73.3100	-60.9000
604.0961	73.4700	-59.8000
609.2121	73.6300	-58.6000
614.3714	73.7900	-57.5000
619.5744	73.9500	-56.3000
624.8214	74.1000	-55.1000
630.1129	74.2600	-53.8000
635.4492	74.4200	-52.6000
640.8307	74.5800	-51.2000
646.2578	74.7400	-49.9000
651.7308	74.9000	-48.5000
657.2502	75.0600	-47.2000
662.8163	75.2300	-45.7000
668.4296	75.4000	-44.3000
674.0904	75.5700	-42.8000
679.7991	75.7400	-41.3000
685.5562	75.9200	-39.7000
691.3620	76.1100	-38.2000
697.2170	76.2900	-36.6000
703.1216	76.4900	-35.0000
709.0762	76.6800	-33.4000
715.0812	76.8800	-31.7000
721.1371	77.0900	-30.1000
727.2443	77.3000	-28.5000
733.4032	77.5200	-26.8000
739.6142	77.7500	-25.2000
745.8779	77.9700	-23.5000
752.1946	78.2100	-21.9000
758.5648	78.4500	-20.3000
764.9889	78.6900	-18.7000
771.4674	78.9300	-17.1000
778.0008	79.1800	-15.5000
784.5896	79.4300	-13.9000
791.2341	79.6800	-12.4000
797.9349	79.9400	-10.8000
804.6925	80.2000	-9.3000
811.5072	80.4600	-7.8000
818.3797	80.7200	-6.3000
825.3104	80.9800	-4.9000
832.2998	81.2400	-3.4000
839.3484	81.5000	-2.0000
846.4567	81.7600	-0.5000
853.6252	82.0200	0.9000
860.8543	82.2900	2.3000
868.1448	82.5500	3.7000
875.4969	82.8100	5.1000
882.9113	83.0700	6.5000
890.3885	83.3400	7.9000
897.9290	83.6000	9.3000
905.5334	83.8600	10.7000
913.2022	84.1300	12.1000
920.9359	84.4000	13.4000
928.7351	84.6600	14.8000
936.6004	84.9300	16.2000
944.5323	85.2000	17.5000
952.5314	85.4700	18.9000
960.5982	85.7400	20.2000
968.7333	86.0200	21.5000
976.9373	86.2900	22.8000
985.2108	86.5700	24.1000
993.5543	86.8500	25.4000
1001.9685	87.1200	26.6000
1010.4540	87.4000	27.8000
1019.0113	87.6700	29.0000
1027.6412	87.9400	30.1000
1036.3440	88.2200	31.2000
1045.1206	88.4800	32.3000
1053.9716	88.7500	33.4000
1062.8974	89.0100	34.4000
1071.8989	89.2700	35.5000
1080.9766	89.5200	36.5000
1090.1312	89.7700	37.5000
1099.3633	90.0100	38.4000
1108.6736	90.2400	39.4000
1118.0627	90.4700	40.4000
1127.5314	90.7000	41.3000
1137.0802	90.9200	42.3000
1146.7099	91.1300	43.3000
1156.4212	91.3300	44.3000
1166.2147	91.5300	45.3000
1176.0911	91.7300	46.3000
1186.0512	91.9200	47.3000
1196.0956	92.1100	48.4000
1206.2251	92.3000	49.5000
1216.4404	92.4900	50.7000
1226.7422	92.6700	51.8000
1237.1312	92.8500	53.0000
1247.6082	93.0300	54.3000
1258.1740	93.2100	55.5000
1268.8292	93.3900	56.7000
1279.5747	93.5700	58.0000
1290.4111	93.7500	59.3000
1301.3394	93.9300	60.5000
1312.3602	94.1100	61.8000
1323.4743	94.2900	63.1000
1334.6825	94.4700	64.4000
1345.9857	94.6500	65.7000
1357.3846	94.8300	67.0000
1368.8800	95.0000	68.2000
1380.4728	95.1700	69.5000
1392.1637	95.3300	70.8000
1403.9537	95.4900	72.0000
1415.8435	95.6500	73.3000
1427.8340	95.8000	74.6000
1439.9260	95.9400	75.9000
1452.1205	96.0800	77.2000
1464.4182	96.2100	78.5000
1476.8201	96.3300	79.8000
1489.3270	96.4500	81.2000
1501.9398	96.5600	82.5000
1514.6594	96.6700	83.9000
1527.4868	96.7700	85.4000
1540.4227	96.8600	86.9000
1553.4683	96.9500	88.5000
1566.6243	97.0300	90.1000
1579.8917	97.1000	91.7000
1593.2715	97.1700	93.4000
1606.7646	97.2400	95.2000
1620.3720	97.3000	97.1000
1634.0946	97.3600	99.0000
1647.9334	97.4200	101.0000
1661.8894	97.4700	103.1000
1675.9636	97.5300	105.3000
1690.1571	97.5900	107.6000
1704.4707	97.6600	109.9000
1718.9055	97.7300	112.4000
1733.4626	97.8000	114.9000
1748.1429	97.8900	117.4000
1762.9476	97.9900	120.0000
1777.8776	98.0900	122.7000
1792.9341	98.2000	125.3000
1808.1181	98.3200	128.0000
1823.4307	98.4500	130.7000
1838.8730	98.5800	133.4000
1854.4460	98.7200	136.0000
1870.1510	98.8600	138.7000
1885.9889	99.0000	141.3000
1901.9610	99.1300	143.9000
1918.0683	99.2700	146.6000
1934.3121	99.4100	149.2000
1950.6934	99.5400	151.9000
1967.2134	99.6800	154.6000
1983.8733	99.8100	157.3000
2000.6744	99.9500	160.0000
2017.6177	100.0800	162.8000
2034.7045	100.2200	165.6000
2051.9360	100.3600	168.4000
2069.3134	100.5100	171.2000
2086.8380	100.6500	174.1000
2104.5111	100.8000	176.9000
2122.3337	100.9500	179.7000
2140.3074	101.1000	-177.4000
2158.4332	101.2500	-174.6000
2176.7126	101.3900	-171.8000
2195.1467	101.5400	-169.0000
2213.7370	101.6800	-166.1000
2232.4847	101.8300	-163.3000
2251.3911	101.9700	-160.4000
2270.4577	102.1000	-157.5000
2289.6858	102.2400	-154.5000
2309.0767	102.3800	-151.6000
2328.6318	102.5100	-148.6000
2348.3525	102.6500	-145.6000
2368.2402	102.7900	-142.5000
2388.2964	102.9400	-139.4000
2408.5224	103.0900	-136.3000
2428.9197	103.2400	-133.2000
2449.4897	103.4100	-130.0000
2470.2340	103.5800	-126.9000
2491.1539	103.7600	-123.8000
2512.2510	103.9400	-120.7000
2533.5268	104.1400	-117.7000
2554.9827	104.3300	-114.8000
2576.6203	104.5200	-112.0000
2598.4412	104.7100	-109.3000
2620.4469	104.8900	-106.7000
2642.6389	105.0500	-104.2000
2665.0189	105.1900	-101.8000
2687.5885	105.3100	-99.5000
2710.3491	105.3900	-97.2000
2733.3025	105.4400	-95.0000
2756.4503	105.4600	-92.7000
2779.7941	105.4400	-90.3000
2803.3357	105.3900	-87.8000
2827.0766	105.3000	-85.1000
2851.0185	105.1900	-82.1000
2875.1632	105.0600	-78.8000
2899.5124	104.9200	-75.2000
2924.0678	104.7800	-71.4000
2948.8312	104.6500	-67.2000
2973.8042	104.5500	-62.8000
2998.9888	104.4700	-58.2000
3024.3866	104.4100	-53.5000
3049.9996	104.3900	-48.8000
3075.8294	104.3900	-44.0000
3101.8780	104.4000	-39.3000
3128.1472	104.4300	-34.6000
3154.6388	104.4600	-30.0000
3181.3548	104.4800	-25.4000
3208.2971	104.5000	-20.9000
3235.4675	104.5100	-16.3000
3262.8681	104.5100	-11.6000
3290.5007	104.5100	-6.9000
3318.3673	104.5100	-2.1000
3346.4699	104.5000	2.8000
3374.8104	104.4900	7.7000
3403.3910	104.4900	12.8000
3432.2137	104.4900	17.9000
3461.2804	104.4900	23.1000
3490.5933	104.4900	28.4000
3520.1545	104.5100	33.7000
3549.9660	104.5300	39.1000
3580.0299	104.5600	44.6000
3610.3485	104.6000	50.0000
3640.9238	104.6400	55.5000
3671.7581	104.7000	61.0000
3702.8535	104.7600	66.4000
3734.2122	104.8200	71.8000
3765.8365	104.8700	77.2000
3797.7286	104.9200	82.5000
3829.8908	104.9500	87.9000
3862.3254	104.9800	93.2000
3895.0347	104.9900	98.7000
3928.0210	104.9900	104.1000
3961.2866	104.9800	109.7000
3994.8339	104.9600	115.4000
4028.6654	104.9400	121.1000
4062.7834	104.9100	127.0000
4097.1903	104.8800	133.0000
4131.8886	104.8500	139.1000
4166.8807	104.8200	145.3000
4202.1692	104.7900	151.5000
4237.7565	104.7600	157.8000
4273.6453	104.7300	164.2000
4309.8379	104.6900	170.6000
4346.3371	104.6400	177.2000
4383.1453	104.5900	-176.2000
4420.2653	104.5300	-169.4000
4457.6997	104.4600	-162.4000
4495.4511	104.4000	-155.3000
4533.5221	104.3500	-148.0000
4571.9156	104.3000	-140.5000
4610.6343	104.2700	-132.8000
4649.6808	104.2600	-125.0000
4689.0581	104.2800	-116.9000
4728.7688	104.3500	-108.8000
4768.8158	104.4600	-100.6000
4809.2019	104.6200	-92.4000
4849.9301	104.8200	-84.4000
4891.0032	105.0600	-76.7000
4932.4241	105.3100	-69.3000
4974.1959	105.5500	-62.3000
5016.3214	105.7600	-55.6000
5058.8036	105.9400	-49.2000
5101.6456	106.0600	-43.0000
5144.8504	106.1300	-36.8000
5188.4211	106.1400	-30.7000
5232.3608	106.1100	-24.4000
5276.6727	106.0300	-17.9000
5321.3598	105.9000	-11.1000
5366.4253	105.7400	-4.1000
5411.8725	105.5500	3.2000
5457.7046	105.3400	10.9000
5503.9248	105.1100	18.9000
5550.5364	104.8800	27.4000
5597.5428	104.6400	36.2000
5644.9473	104.4200	45.3000
5692.7533	104.2200	54.8000
5740.9641	104.0400	64.5000
5789.5831	103.8900	74.6000
5838.6140	103.7800	84.8000
5888.0600	103.7000	95.1000
5937.9249	103.6600	105.5000
5988.2120	103.6500	116.0000
6038.9249	103.6700	126.4000
6090.0674	103.7100	136.9000
6141.6430	103.7700	147.3000
6193.6553	103.8600	157.6000
6246.1082	103.9700	167.8000
6299.0052	104.0800	177.8000
6352.3503	104.1900	-172.5000
6406.1470	104.2700	-162.9000
6460.3994	104.3100	-153.5000
6515.1113	104.3000	-144.2000
6570.2865	104.2400	-134.7000
6625.9289	104.1200	-125.0000
6682.0426	103.9500	-114.9000
6738.6315	103.7600	-104.3000
6795.6996	103.5500	-93.2000
6853.2511	103.3600	-81.6000
6911.2899	103.1900	-69.5000
6969.8202	103.0800	-56.9000
7028.8463	103.0200	-44.0000
7088.3722	103.0500	-30.9000
7148.4022	103.1600	-17.6000
7208.9406	103.3500	-4.5000
7269.9917	103.6100	8.4000
7331.5598	103.9100	20.9000
7393.6493	104.2300	33.0000
7456.2647	104.5300	44.5000
7519.4103	104.7900	55.7000
7583.0907	105.0000	66.6000
7647.3104	105.1500	77.4000
7712.0739	105.2400	88.1000
7777.3860	105.2900	99.0000
7843.2511	105.2900	110.1000
7909.6741	105.2600	121.4000
7976.6595	105.2000	132.9000
8044.2123	105.1000	144.8000
8112.3371	104.9900	157.1000
8181.0389	104.8700	169.8000
8250.3225	104.7700	-177.1000
8320.1928	104.7000	-163.6000
8390.6549	104.6900	-149.8000
8461.7137	104.7400	-136.0000
8533.3743	104.8400	-122.3000
8605.6417	104.9700	-108.9000
8678.5212	105.1000	-95.8000
8752.0179	105.2000	-83.0000
8826.1370	105.2400	-70.4000
8900.8838	105.2300	-57.8000
8976.2636	105.1500	-45.1000
9052.2818	105.0100	-32.1000
9128.9438	104.8200	-18.6000
9206.2550	104.6000	-4.7000
9284.2209	104.3700	9.9000
9362.8472	104.1600	24.9000
9442.1393	103.9900	40.4000
9522.1029	103.8700	56.3000
9602.7437	103.8100	72.2000
9684.0674	103.8100	88.2000
9766.0798	103.8500	104.1000
9848.7868	103.9200	119.8000
9932.1943	104.0000	135.3000
10016.3080	104.0600	150.5000
10101.1340	104.0900	165.5000
10186.6790	104.0600	-179.5000
10272.9480	103.9600	-164.3000
10359.9470	103.8000	-148.9000
10447.6840	103.5900	-132.9000
10536.1630	103.3500	-116.4000
10625.3920	103.1200	-99.1000
10715.3760	102.9300	-81.3000
10806.1220	102.8200	-63.0000
10897.6370	102.7900	-44.6000
10989.9270	102.8500	-26.2000
11082.9990	102.9600	-8.2000
11176.8580	103.0900	9.5000
11271.5130	103.1900	26.8000
11366.9690	103.2500	43.8000
11463.2340	103.2400	60.8000
11560.3140	103.1600	78.0000
11658.2160	103.0400	95.7000
11756.9470	102.8800	113.8000
11856.5140	102.7300	132.5000
11956.9250	102.6100	151.6000
12058.1850	102.5400	171.0000
12160.3040	102.5300	-169.6000
12263.2870	102.5500	-150.4000
12367.1420	102.5800	-131.4000
12471.8770	102.5800	-112.6000
12577.4990	102.5200	-93.9000
12684.0150	102.3900	-75.1000
12791.4340	102.1800	-55.9000
12899.7620	101.9300	-36.1000
13009.0070	101.6500	-15.5000
13119.1780	101.4000	5.6000
13230.2820	101.2000	27.2000
13342.3260	101.0700	49.0000
13455.3200	100.9900	70.8000
13569.2700	100.9500	92.3000
13684.1860	100.8900	113.7000
13800.0750	100.8000	135.0000
13916.9450	100.6500	156.4000
14034.8040	100.4400	178.2000
14153.6620	100.1900	-159.4000
14273.5270	99.9400	-136.3000
14394.4070	99.7300	-112.8000
14516.3100	99.5800	-89.0000
14639.2460	99.4900	-65.1000
14763.2230	99.4400	-41.4000
14888.2500	99.4000	-18.0000
15014.3350	99.3300	5.2000
15141.4890	99.2000	28.3000
15269.7190	98.9900	51.6000
15399.0350	98.7200	75.4000
15529.4460	98.4100	99.7000
15660.9620	98.1000	124.4000
15793.5920	97.7900	149.5000
15927.3450	97.4900	174.6000
16062.2300	97.1900	-160.1000
16198.2580	96.8500	-134.8000
16335.4380	96.4500	-109.1000
16473.7790	95.9800	-82.8000
16613.2930	95.4500	-55.8000
16753.9870	94.9000	-27.9000
16895.8730	94.3700	0.8000
17038.9610	93.9000	29.9000
17183.2610	93.5000	59.1000
17328.7820	93.1600	88.4000
17475.5370	92.8400	117.6000
17623.5330	92.5000	146.8000
17772.7840	92.1300	176.3000
17923.2980	91.7400	-153.8000
18075.0870	91.3400	-123.5000
18228.1610	90.9600	-93.0000
18382.5320	90.6200	-62.4000
18538.2100	90.3100	-32.0000
18695.2060	90.0000	-1.8000
18853.5320	89.6600	28.1000
19013.1990	89.2800	57.5000
19174.2180	88.8600	86.1000
19336.6010	88.4400	113.4000
19500.3580	88.0500	138.0000
19665.5030	87.7200	158.1000
19832.0460	87.5100	171.6000
20000.0000	87.4400	176.3000