500.0000	61.4100	-127.4000
503.7174	61.5400	-127.5000
507.4625	61.7000	-127.7000
511.2355	61.8800	-128.0000
515.0364	62.0700	-128.2000
518.8657	62.2600	-128.5000
522.7234	62.4600	-128.8000
526.6098	62.6500	-129.0000
530.5251	62.8500	-129.3000
534.4695	63.0500	-129.6000
538.4432	63.2400	-129.8000
542.4465	63.4400	-130.1000
546.4795	63.6300	-130.3000
550.5425	63.8200	-130.6000
554.6357	64.0100	-130.9000
558.7594	64.2000	-131.1000
562.9137	64.3900	-131.4000
567.0989	64.5700	-131.7000
571.3152	64.7600	-131.9000
575.5629	64.9400	-132.2000
579.8421	65.1200	-132.4000
584.1532	65.3000	-132.6000
588.4963	65.4800	-132.9000
592.8717	65.6600	-133.1000
597.2796	65.8300	-133.3000
601.7204	66.0100	-133.6000
606.1941	66.1900	-133.8000
610.7011	66.3600	-134.0000
615.2416	66.5300	-134.2000
619.8158	66.7100	-134.4000
624.4241	66.8800	-134.6000
629.0666	67.0500	-134.8000
633.7437	67.2300	-134.9000
638.4555	67.4000	-135.1000
643.2023	67.5800	-135.3000
647.9845	67.7500	-135.4000
652.8021	67.9300	-135.6000
657.6557	68.1000	-135.8000
662.5453	68.2800	-135.9000
667.4712	68.4600	-136.1000
672.4338	68.6300	-136.2000
677.4333	68.8100	-136.4000
682.4699	68.9900	-136.5000
687.5440	69.1700	-136.7000
692.6558	69.3600	-136.8000
697.8056	69.5400	-137.0000
702.9937	69.7200	-137.2000
708.2204	69.9100	-137.3000
713.4860	70.1000	-137.5000
718.7906	70.2800	-137.7000
724.1348	70.4700	-137.9000
729.5186	70.6600	-138.1000
734.9425	70.8500	-138.3000
740.4067	71.0400	-138.6000
745.9116	71.2300	-138.8000
751.4574	71.4200	-139.1000
757.0444	71.6100	-139.4000
762.6729	71.8000	-139.6000
768.3433	71.9900	-139.9000
774.0558	72.1800	-140.3000
779.8109	72.3600	-140.6000
785.6087	72.5500	-140.9000
791.4496	72.7400	-141.2000
797.3339	72.9200	-141.6000
803.2620	73.1000	-142.0000
809.2342	73.2800	-142.3000
815.2508	73.4600	-142.7000
821.3120	73.6300	-143.1000
827.4184	73.8100	-143.4000
833.5702	73.9800	-143.8000
839.7677	74.1500	-144.2000
846.0113	74.3200	-144.5000
852.3013	74.4800	-144.9000
858.6380	74.6500	-145.2000
865.0219	74.8100	-145.6000
871.4533	74.9800	-145.9000
877.9324	75.1400	-146.2000
884.4597	75.3000	-146.5000
891.0356	75.4600	-146.8000
897.6604	75.6200	-147.1000
904.3344	75.7800	-147.3000
911.0580	75.9500	-147.5000
917.8316	76.1100	-147.7000
924.6556	76.2800	-147.9000
931.5303	76.4500	-148.1000
938.4561	76.6200	-148.2000
945.4335	76.8000	-148.3000
952.4627	76.9800	-148.5000
959.5441	77.1700	-148.6000
966.6782	77.3600	-148.7000
973.8654	77.5500	-148.8000
981.1059	77.7500	-148.9000
988.4004	77.9600	-149.0000
995.7490	78.1700	-149.2000
1003.1523	78.3800	-149.3000
1010.6106	78.6100	-149.5000
1018.1244	78.8300	-149.7000
1025.6940	79.0600	-149.9000
1033.3200	79.2900	-150.2000
1041.0026	79.5300	-150.4000
1048.7423	79.7700	-150.7000
1056.5396	80.0100	-151.0000
1064.3949	80.2500	-151.4000
1072.3085	80.4900	-151.8000
1080.2810	80.7400	-152.2000
1088.3128	80.9900	-152.7000
1096.4043	81.2300	-153.1000
1104.5559	81.4800	-153.7000
1112.7682	81.7200	-154.2000
1121.0415	81.9700	-154.7000
1129.3763	82.2100	-155.3000
1137.7731	82.4600	-155.9000
1146.2323	82.7000	-156.5000
1154.7544	82.9400	-157.2000
1163.3399	83.1900	-157.8000
1171.9892	83.4300	-158.5000
1180.7028	83.6700	-159.1000
1189.4812	83.9200	-159.8000
1198.3249	84.1600	-160.5000
1207.2343	84.4100	-161.3000
1216.2100	84.6600	-162.0000
1225.2524	84.9100	-162.8000
1234.3620	85.1600	-163.6000
1243.5393	85.4100	-164.4000
1252.7849	85.6700	-165.3000
1262.0992	85.9200	-166.2000
1271.4828	86.1800	-167.1000
1280.9361	86.4400	-168.1000
1290.4597	86.6900	-169.1000
1300.0542	86.9500	-170.2000
1309.7199	87.2000	-171.4000
1319.4576	87.4500	-172.5000
1329.2676	87.7000	-173.8000
1339.1505	87.9400	-175.0000
1349.1070	88.1800	-176.4000
1359.1374	88.4100	-177.8000
1369.2425	88.6400	-179.2000
1379.4226	88.8600	179.3000
1389.6785	89.0800	177.8000
1400.0106	89.2900	176.3000
1410.4195	89.4900	174.7000
1420.9059	89.6800	173.1000
1431.4701	89.8600	171.5000
1442.1130	90.0400	169.8000
1452.8349	90.2000	168.2000
1463.6366	90.3600	166.5000
1474.5186	90.5100	164.8000
1485.4814	90.6500	163.1000
1496.5258	90.7900	161.4000
1507.6523	90.9100	159.7000
1518.8616	91.0300	158.0000
1530.1541	91.1500	156.3000
1541.5307	91.2500	154.6000
1552.9918	91.3500	152.9000
1564.5381	91.4400	151.2000
1576.1703	91.5300	149.5000
1587.8889	91.6000	147.7000
1599.6947	91.6800	146.0000
1611.5883	91.7400	144.3000
1623.5703	91.8000	142.6000
1635.6413	91.8500	140.9000
1647.8021	91.8900	139.2000
1660.0534	91.9200	137.4000
1672.3957	91.9500	135.7000
1684.8298	91.9700	134.0000
1697.3563	91.9700	132.3000
1709.9759	91.9700	130.6000
1722.6894	91.9600	128.9000
1735.4974	91.9300	127.2000
1748.4007	91.9000	125.5000
1761.3998	91.8500	123.9000
1774.4957	91.7900	122.3000
1787.6888	91.7200	120.8000
1800.9801	91.6300	119.3000
1814.3702	91.5400	117.8000
1827.8598	91.4300	116.5000
1841.4498	91.3200	115.2000
1855.1408	91.1900	114.0000
1868.9335	91.0600	112.9000
1882.8289	90.9200	111.9000
1896.8275	90.7700	111.0000
1910.9302	90.6300	110.2000
1925.1377	90.4800	109.6000
1939.4509	90.3300	109.1000
1953.8705	90.1900	108.7000
1968.3974	90.0600	108.4000
1983.0322	89.9400	108.2000
1997.7758	89.8200	108.0000
2012.6290	89.7200	108.0000
2027.5927	89.6400	108.0000
2042.6677	89.5600	108.0000
2057.8547	89.5000	108.0000
2073.1546	89.4400	108.0000
2088.5683	89.4000	108.1000
2104.0965	89.3500	108.1000
2119.7403	89.3200	108.1000
2135.5003	89.2800	108.1000
2151.3775	89.2500	108.0000
2167.3728	89.2200	108.0000
2183.4870	89.1800	108.0000
2199.7210	89.1500	108.0000
2216.0756	89.1100	108.1000
2232.5519	89.0800	108.2000
2249.1507	89.0500	108.3000
2265.8729	89.0200	108.5000
2282.7194	89.0000	108.7000
2299.6912	88.9800	108.9000
2316.7891	88.9700	109.2000
2334.0142	88.9600	109.5000
2351.3673	88.9600	109.8000
2368.8495	88.9700	110.1000
2386.4616	88.9900	110.5000
2404.2047	89.0100	110.8000
2422.0797	89.0300	111.2000
2440.0876	89.0700	111.6000
2458.2294	89.1200	112.0000
2476.5061	89.1800	112.4000
2494.9186	89.2500	112.8000
2513.4681	89.3300	113.1000
2532.1554	89.4200	113.4000
2550.9817	89.5100	113.7000
2569.9480	89.6200	113.9000
2589.0553	89.7200	114.0000
2608.3046	89.8300	114.1000
2627.6971	89.9400	114.0000
2647.2337	90.0600	114.0000
2666.9156	90.1700	113.8000
2686.7439	90.2700	113.7000
2706.7195	90.3800	113.4000
2726.8437	90.4800	113.2000
2747.1175	90.5800	112.8000
2767.5420	90.6700	112.4000
2788.1184	90.7600	112.0000
2808.8477	90.8300	111.6000
2829.7312	90.8900	111.2000
2850.7699	90.9400	110.7000
2871.9651	90.9900	110.3000
2893.3178	91.0200	110.0000
2914.8293	91.0500	109.7000
2936.5008	91.0700	109.6000
2958.3333	91.1000	109.5000
2980.3282	91.1400	109.5000
3002.4866	91.1900	109.6000
3024.8098	91.2600	109.7000
3047.2989	91.3400	109.7000
3069.9553	91.4400	109.8000
3092.7801	91.5500	109.8000
3115.7745	91.6600	109.6000
3138.9400	91.7800	109.4000
3162.2777	91.9000	109.1000
3185.7888	92.0100	108.8000
3209.4748	92.1200	108.3000
3233.3369	92.2200	107.9000
3257.3764	92.3100	107.3000
3281.5947	92.3900	106.8000
3305.9930	92.4700	106.2000
3330.5727	92.5400	105.6000
3355.3351	92.6000	105.1000
3380.2817	92.6600	104.5000
3405.4137	92.7000	103.9000
3430.7326	92.7300	103.3000
3456.2397	92.7500	102.8000
3481.9365	92.7600	102.4000
3507.8243	92.7800	102.0000
3533.9046	92.8000	101.7000
3560.1788	92.8200	101.4000
3586.6483	92.8500	101.2000
3613.3147	92.8900	100.9000
3640.1793	92.9400	100.7000
3667.2436	93.0000	100.3000
3694.5092	93.0500	99.8000
3721.9774	93.0900	99.3000
3749.6499	93.1100	98.7000
3777.5282	93.1200	98.1000
3805.6137	93.1100	97.6000
3833.9080	93.0900	97.1000
3862.4127	93.0600	96.7000
3891.1293	93.0200	96.4000
3920.0594	92.9800	96.2000
3949.2046	92.9400	96.2000
3978.5665	92.9100	96.2000
4008.1467	92.8800	96.3000
4037.9469	92.8700	96.5000
4067.9686	92.8700	96.8000
4098.2135	92.8800	97.1000
4128.6833	92.9100	97.4000
4159.3796	92.9500	97.8000
4190.3041	93.0100	98.1000
4221.4586	93.1000	98.4000
4252.8446	93.1900	98.6000
4284.4641	93.3000	98.8000
4316.3186	93.4100	98.8000
4348.4100	93.5200	98.7000
4380.7399	93.6300	98.6000
4413.3102	93.7400	98.4000
4446.1227	93.8500	98.1000
4479.1792	93.9600	97.8000
4512.4814	94.0800	97.5000
4546.0312	94.2000	97.0000
4579.8304	94.3200	96.4000
4613.8810	94.4300	95.6000
4648.1847	94.5200	94.7000
4682.7434	94.6000	93.7000
4717.5591	94.6500	92.7000
4752.6336	94.6900	91.7000
4787.9689	94.7000	90.6000
4823.5670	94.6900	89.6000
4859.4297	94.6600	88.6000
4895.5590	94.6200	87.7000
4931.9569	94.5700	86.9000
4968.6255	94.5100	86.1000
5005.5667	94.4400	85.3000
5042.7825	94.3600	84.6000
5080.2751	94.2700	84.0000
5118.0464	94.1700	83.4000
5156.0985	94.0500	82.9000
5194.4335	93.9200	82.5000
5233.0536	93.7700	82.2000
5271.9607	93.6000	82.1000
5311.1572	93.4100	82.3000
5350.6451	93.2200	82.8000
5390.4265	93.0600	83.7000
5430.5038	92.9400	85.0000
5470.8790	92.8900	86.5000
5511.5544	92.9100	87.9000
5552.5322	93.0000	89.2000
5593.8146	93.1300	90.3000
5635.4040	93.2900	91.0000
5677.3027	93.4600	91.3000
5719.5128	93.6200	91.5000
5762.0367	93.7600	91.4000
5804.8768	93.8800	91.1000
5848.0355	93.9900	90.8000
5891.5150	94.0700	90.5000
5935.3178	94.1600	90.2000
5979.4462	94.2400	89.9000
6023.9027	94.3200	89.5000
6068.6898	94.4000	89.0000
6113.8098	94.4700	88.3000
6159.2653	94.5200	87.5000
6205.0588	94.5200	86.6000
6251.1927	94.4700	85.7000
6297.6697	94.3900	85.1000
6344.4922	94.2800	84.7000
6391.6628	94.1700	84.7000
6439.1841	94.0900	85.0000
6487.0587	94.0400	85.5000
6535.2893	94.0400	86.0000
6583.8785	94.0900	86.4000
6632.8289	94.1600	86.5000
6682.1432	94.2200	86.4000
6731.8243	94.2600	85.9000
6781.8746	94.2600	85.4000
6832.2971	94.2200	85.0000
6883.0945	94.1400	84.7000
6934.2696	94.0400	84.8000
6985.8251	93.9500	85.2000
7037.7640	93.9000	85.8000
7090.0890	93.9000	86.6000
7142.8030	93.9300	87.3000
7195.9090	93.9900	87.9000
7249.4098	94.0700	88.4000
7303.3083	94.1500	88.8000
7357.6076	94.2400	89.2000
7412.3107	94.3300	89.5000
7467.4204	94.4300	89.8000
7522.9398	94.5500	90.1000
7578.8721	94.7000	90.2000
7635.2202	94.8600	90.1000
7691.9872	95.0300	89.8000
7749.1763	95.1700	89.1000
7806.7906	95.2900	88.4000
7864.8332	95.3700	87.6000
7923.3074	95.4400	86.8000
7982.2163	95.5000	86.1000
8041.5632	95.5700	85.2000
8101.3514	95.6200	84.3000
8161.5840	95.6400	83.2000
8222.2645	95.6200	82.1000
8283.3961	95.5400	81.0000
8344.9823	95.4300	80.3000
8407.0263	95.3000	80.0000
8469.5316	95.1800	80.0000
8532.5017	95.1100	80.4000
8595.9399	95.0900	80.8000
8659.8498	95.1100	81.0000
8724.2348	95.1200	81.1000
8789.0986	95.1300	81.2000
8854.4446	95.1500	81.4000
8920.2764	95.2000	81.8000
8986.5977	95.3100	82.1000
9053.4120	95.4800	82.1000
9120.7232	95.6700	81.5000
9188.5348	95.8200	80.2000
9256.8505	95.9000	78.5000
9325.6742	95.8900	76.7000
9395.0096	95.7800	75.2000
9464.8604	95.6500	74.1000
9535.2306	95.5200	73.2000
9606.1240	95.4200	72.5000
9677.5445	95.3200	71.7000
9749.4960	95.1900	70.7000
9821.9825	95.0200	69.9000
9895.0078	94.8200	69.5000
9968.5761	94.6400	69.4000
10042.6910	94.5000	69.6000
10117.3580	94.4200	69.8000
10192.5790	94.3600	69.6000
10268.3600	94.2700	69.2000
10344.7040	94.1400	68.8000
10421.6160	93.9800	68.8000
10499.0990	93.8400	69.1000
10577.1590	93.7600	69.5000
10655.7990	93.7200	69.7000
10735.0240	93.7100	69.6000
10814.8370	93.6800	69.3000
10895.2450	93.6200	68.9000
10976.2500	93.5600	68.4000
11057.8570	93.4900	67.9000
11140.0710	93.4100	67.1000
11222.8960	93.2700	66.2000
11306.3370	93.0600	65.4000
11390.3980	92.8000	65.0000
11475.0850	92.5400	65.1000
11560.4010	92.3200	65.6000
11646.3510	92.1400	66.2000
11732.9400	91.9700	66.8000
11820.1740	91.8200	67.6000
11908.0550	91.7200	68.8000
11996.5900	91.7200	69.9000
12085.7840	91.8100	70.5000
12175.6400	91.9100	70.3000
12266.1650	91.9400	69.3000
12357.3620	91.8500	68.1000
12449.2380	91.6700	67.1000
12541.7970	91.4400	66.4000
12635.0440	91.1800	65.9000
12728.9840	90.8800	65.6000
12823.6220	90.5600	65.7000
12918.9650	90.2500	66.5000
13015.0160	90.0300	67.6000
13111.7810	89.8900	68.3000
13209.2660	89.7400	68.4000
13307.4750	89.4800	68.0000
13406.4150	89.1000	68.0000
13506.0900	88.6400	68.8000
13606.5060	88.2000	70.5000
13707.6690	87.8100	72.7000
13809.5840	87.4700	75.5000
13912.2570	87.2300	78.8000
14015.6930	87.1400	82.4000
14119.8980	87.1900	85.6000
14224.8780	87.3100	88.1000
14330.6380	87.4200	90.1000
14437.1850	87.5100	91.8000
14544.5240	87.6000	93.3000
14652.6610	87.7000	94.5000
14761.6020	87.7600	95.3000
14871.3530	87.7800	96.2000
14981.9200	87.7900	97.3000
15093.3090	87.8400	98.5000
15205.5260	87.8900	99.5000
15318.5770	87.9300	100.7000
15432.4690	88.0000	102.2000
15547.2080	88.1700	103.6000
15662.8000	88.4100	104.5000
15779.2510	88.6500	104.4000
15896.5680	88.8100	103.8000
16014.7570	88.9000	103.0000
16133.8250	88.9000	102.1000
16253.7780	88.7700	101.4000
16374.6230	88.5500	101.6000
16496.3670	88.3600	103.1000
16619.0160	88.3300	105.2000
16742.5760	88.4700	106.9000
16867.0550	88.6900	107.8000
16992.4600	88.9000	107.9000
17118.7970	89.0600	107.3000
17246.0740	89.1200	106.3000
17374.2960	89.0400	105.5000
17503.4720	88.9000	105.3000
17633.6090	88.7900	105.6000
17764.7130	88.7300	106.1000
17896.7910	88.7200	106.5000
18029.8520	88.7300	106.7000
18163.9020	88.7300	106.6000
18298.9490	88.6900	106.4000
18434.9990	88.6200	106.4000
18572.0620	88.5900	106.7000
18710.1430	88.6000	106.6000
18849.2510	88.6000	106.0000
18989.3930	88.5400	105.2000
19130.5770	88.4300	104.5000
19272.8110	88.2800	104.1000
19416.1020	88.1200	104.2000
19560.4590	88.0200	104.8000
19705.8880	88.0300	105.3000
19852.4000	88.0500	105.2000
20000.0000	88.0600	105.1000