5.00000	14.933	162.957
5.07273	15.041	162.952
5.14651	15.181	162.947
5.22137	15.369	162.938
5.29732	15.576	162.930
5.37437	15.805	162.920
5.45254	16.033	162.910
5.53185	16.262	162.900
5.61231	16.490	162.889
5.69394	16.719	162.879
5.77676	16.947	162.868
5.86079	17.176	162.858
5.94604	17.404	162.847
6.03252	17.633	162.836
6.12027	17.861	162.825
6.20929	18.090	162.813
6.29961	18.318	162.802
6.39124	18.547	162.790
6.48420	18.775	162.778
6.57851	19.004	162.766
6.67420	19.232	162.754
6.77128	19.461	162.741
6.86977	19.689	162.729
6.96969	19.918	162.716
7.07107	20.146	162.703
7.17392	20.375	162.690
7.27827	20.603	162.677
7.38413	20.832	162.664
7.49154	21.060	162.650
7.60050	21.289	162.636
7.71105	21.517	162.622
7.82321	21.746	162.607
7.93701	21.974	162.593
8.05245	22.203	162.578
8.16958	22.431	162.563
8.28841	22.660	162.548
8.40896	22.888	162.533
8.53128	23.117	162.517
8.65537	23.345	162.502
8.78126	23.574	162.485
8.90899	23.802	162.469
9.03857	24.031	162.453
9.17004	24.259	162.436
9.30342	24.488	162.419
9.43874	24.716	162.402
9.57603	24.945	162.384
9.71532	25.173	162.367
9.85663	25.402	162.349
10.0000	25.630	162.330
10.1455	25.859	162.312
10.2930	26.087	162.293
10.4427	26.315	162.274
10.5946	26.544	162.255
10.7487	26.772	162.235
10.9051	27.001	162.215
11.0637	27.229	162.195
11.2246	27.458	162.175
11.3879	27.686	162.154
11.5535	27.915	162.133
11.7216	28.143	162.111
11.8921	28.372	162.090
12.0650	28.600	162.068
12.2405	28.829	162.045
12.4186	29.057	162.023
12.5992	29.286	162.000
12.7825	29.514	161.976
12.9684	29.743	161.953
13.1570	29.971	161.929
13.3484	30.200	161.904
13.5426	30.428	161.880
13.7395	30.657	161.855
13.9394	30.885	161.829
14.1421	31.114	161.803
14.3478	31.342	161.777
14.5565	31.571	161.751
14.7683	31.799	161.724
14.9831	32.028	161.697
15.2010	32.256	161.669
15.4221	32.485	161.641
15.6464	32.713	161.613
15.8740	32.942	161.584
16.1049	33.170	161.554
16.3392	33.399	161.525
16.5768	33.627	161.494
16.8179	33.856	161.464
17.0626	34.084	161.433
17.3107	34.313	161.401
17.5625	34.541	161.369
17.8180	34.770	161.337
18.0771	34.998	161.304
18.3401	35.227	161.271
18.6068	35.455	161.237
18.8775	35.684	161.202
19.1521	35.912	161.168
19.4306	36.141	161.132
19.7133	36.369	161.096
20.0000	36.598	161.060
20.2909	36.826	161.023
20.5860	37.055	160.985
20.8855	37.283	160.947
21.1893	37.511	160.909
21.4975	37.740	160.870
21.8102	37.968	160.830
22.1274	38.197	160.790
22.4492	38.425	160.749
22.7758	38.654	160.707
23.1071	38.882	160.665
23.4432	39.111	160.623
23.7841	39.339	160.579
24.1301	39.568	160.535
24.4811	39.796	160.491
24.8372	40.025	160.446
25.1984	40.253	160.400
25.5649	40.482	160.353
25.9368	40.710	160.306
26.3141	40.939	160.258
26.6968	41.167	160.210
27.0851	41.396	160.160
27.4791	41.624	160.110
27.8788	41.853	160.059
28.2843	42.081	160.008
28.6957	42.310	159.956
29.1131	42.538	159.903
29.5365	42.767	159.849
29.9661	42.995	159.794
30.4020	43.224	159.739
30.8442	43.452	159.683
31.2929	43.681	159.626
31.7480	43.909	159.568
32.2098	44.138	159.509
32.6783	44.366	159.450
33.1536	44.595	159.389
33.6359	44.823	159.328
34.1251	45.052	159.266
34.6215	45.280	159.203
35.1250	45.509	159.139
35.6359	45.737	159.074
36.1543	45.966	159.008
36.6802	46.194	158.941
37.2137	46.423	158.873
37.7550	46.651	158.804
38.3041	46.880	158.735
38.8613	47.108	158.664
39.4265	47.337	158.592
40.0000	47.565	158.519
40.5818	47.794	158.445
41.1721	48.022	158.370
41.7710	48.251	158.294
42.3785	48.479	158.216
42.9949	48.708	158.138
43.6203	48.936	158.058
44.2548	49.164	157.978
44.8985	49.393	157.896
45.5515	49.621	157.812
46.2141	49.850	157.728
46.8863	50.078	157.642
47.5683	50.307	157.556
48.2602	50.535	157.468
48.9621	50.764	157.378
49.6743	50.992	157.287
50.3968	51.221	157.195
51.1299	51.449	157.102
51.8736	51.678	157.007
52.6281	51.906	156.911
53.3936	52.135	156.813
54.1702	52.363	156.714
54.9581	52.592	156.614
55.7575	52.820	156.512
56.5685	53.049	156.408
57.3914	53.277	156.303
58.2261	53.506	156.197
59.0730	53.734	156.089
59.9323	53.963	155.979
60.8040	54.191	155.868
61.6884	54.420	155.755
62.5857	54.648	155.640
63.4960	54.877	155.524
64.4196	55.105	155.406
65.3566	55.334	155.286
66.3073	55.562	155.164
67.2717	55.791	155.041
68.2502	56.019	154.916
69.2429	56.248	154.789
70.2501	56.476	154.660
71.2719	56.705	154.529
72.3086	56.933	154.396
73.3603	57.162	154.261
74.4274	57.390	154.125
75.5099	57.619	153.986
76.6083	57.847	153.845
77.7226	58.076	153.702
78.8531	58.304	153.557
80.0000	58.533	153.410
81.1636	58.761	153.260
82.3442	58.990	153.108
83.5419	59.218	152.954
84.7570	59.447	152.798
85.9899	59.675	152.640
87.2406	59.904	152.479
88.5096	60.132	152.315
89.7970	60.361	152.149
91.1031	60.589	151.981
92.4282	60.817	151.810
93.7726	61.046	151.636
95.1366	61.274	151.460
96.5204	61.503	151.282
97.9243	61.731	151.100
99.3486	61.960	150.916
100.794	62.188	150.729
102.260	62.417	150.539
103.747	62.645	150.346
105.256	62.874	150.151
106.787	63.102	149.952
108.340	63.331	149.750
109.916	63.559	149.546
111.515	63.788	149.338
113.137	64.016	149.126
114.783	64.245	148.912
116.452	64.473	148.695
118.146	64.702	148.474
119.865	64.930	148.249
121.608	65.159	148.021
123.377	65.387	147.790
125.171	65.616	147.555
126.992	65.844	147.316
128.839	66.073	147.074
130.713	66.301	146.827
132.615	66.530	146.577
134.543	66.758	146.323
136.500	66.987	146.065
138.486	67.215	145.803
140.500	67.444	145.537
142.544	67.672	145.266
144.617	67.901	144.991
146.721	68.129	144.712
148.855	68.358	144.428
151.020	68.586	144.140
153.217	68.815	143.847
155.445	69.043	143.549
157.706	69.272	143.247
160.000	69.500	142.939
162.327	69.729	142.627
164.688	69.957	142.309
167.084	70.186	141.986
169.514	70.414	141.657
171.980	70.643	141.323
174.481	70.871	140.984
177.019	71.100	140.638
179.594	71.328	140.287
182.206	71.557	139.930
184.856	71.785	139.566
187.545	72.014	139.196
190.273	72.242	138.820
193.041	72.470	138.436
195.849	72.699	138.046
198.697	72.927	137.649
201.587	73.156	137.244
204.520	73.384	136.832
207.494	73.613	136.411
210.512	73.841	135.982
213.574	74.070	135.546
216.681	74.297	135.100
219.833	74.523	134.650
223.030	74.742	134.197
226.274	74.959	133.774
229.565	75.176	133.376
232.905	75.396	133.033
236.292	75.637	132.622
239.729	75.880	132.088
243.216	76.119	131.485
246.754	76.351	130.776
250.343	76.560	130.062
253.984	76.750	129.506
257.678	76.942	129.065
261.426	77.151	128.783
265.229	77.389	128.552
269.087	77.656	128.223
273.001	77.947	127.756
276.972	78.239	127.092
281.000	78.520	126.237
285.088	78.774	125.302
289.234	79.016	124.295
293.441	79.239	123.200
297.709	79.435	122.117
302.040	79.609	121.093
306.433	79.764	120.191
310.890	79.907	119.491
315.412	80.070	118.991
320.000	80.261	118.576
324.655	80.504	118.119
329.377	80.769	117.431
334.168	81.032	116.476
339.028	81.274	115.359
343.959	81.484	114.133
348.962	81.660	112.895
354.038	81.819	111.783
359.188	81.967	110.763
364.412	82.114	109.823
369.713	82.254	108.930
375.090	82.394	108.058
380.546	82.533	107.230
386.081	82.676	106.450
391.697	82.831	105.709
397.394	82.996	104.995
403.175	83.169	104.302
409.039	83.344	103.588
414.989	83.521	102.826
421.025	83.704	102.021
427.149	83.896	101.192
433.362	84.104	100.226
439.665	84.305	99.067
446.060	84.473	97.838
452.548	84.620	96.537
459.131	84.728	95.222
465.809	84.804	94.058
472.584	84.878	93.084
479.458	84.958	92.262
486.432	85.060	91.533
493.507	85.189	90.809
500.686	85.345	90.038
507.968	85.516	89.170
515.357	85.687	88.190
522.853	85.841	87.122
530.458	85.972	86.044
538.174	86.083	84.973
546.002	86.183	83.944
553.943	86.279	82.969
562.001	86.380	82.011
570.175	86.493	81.038
578.469	86.618	80.025
586.883	86.748	78.978
595.419	86.865	77.907
604.080	86.955	76.846
612.866	87.011	75.824
621.780	87.029	74.857
630.824	87.024	73.976
640.000	87.018	73.217
649.309	87.028	72.607
658.753	87.067	72.112
668.335	87.132	71.692
678.056	87.217	71.314
687.919	87.323	70.884
697.925	87.439	70.365
708.077	87.568	69.725
718.376	87.707	68.934
728.825	87.842	68.018
739.426	87.963	66.961
750.181	88.058	65.826
761.093	88.118	64.700
772.163	88.152	63.621
783.394	88.166	62.648
794.789	88.171	61.813
806.349	88.173	61.114
818.078	88.179	60.540
829.977	88.191	60.084
842.050	88.214	59.708
854.298	88.244	59.400
866.724	88.288	59.184
879.330	88.350	59.009
892.120	88.437	58.813
905.097	88.549	58.539
918.262	88.677	58.135
931.618	88.816	57.560
945.169	88.947	56.838
958.917	89.063	56.061
972.864	89.176	55.271
987.015	89.284	54.497
1001.37	89.400	53.742
1015.94	89.527	52.939
1030.71	89.660	52.009
1045.71	89.778	50.895
1060.92	89.857	49.639
1076.35	89.890	48.358
1092.00	89.880	47.159
1107.89	89.850	46.140
1124.00	89.827	45.360
1140.35	89.828	44.752
1156.94	89.855	44.207
1173.77	89.894	43.653
1190.84	89.930	43.051
1208.16	89.952	42.420
1225.73	89.963	41.807
1243.56	89.978	41.253
1261.65	90.001	40.769
1280.00	90.045	40.291
1298.62	90.103	39.748
1317.51	90.156	39.090
1336.67	90.203	38.290
1356.11	90.237	37.391
1375.84	90.259	36.467
1395.85	90.287	35.562
1416.15	90.324	34.681
1436.75	90.359	33.785
1457.65	90.377	32.847
1478.85	90.357	31.900
1500.36	90.293	31.046
1522.19	90.203	30.368
1544.33	90.103	29.918
1566.79	90.018	29.714
1589.58	89.970	29.671
1612.70	89.962	29.648
1636.16	89.978	29.563
1659.95	90.001	29.383
1684.10	90.022	29.130
1708.60	90.029	28.866
1733.45	90.019	28.654
1758.66	89.994	28.524
1784.24	89.960	28.487
1810.19	89.929	28.504
1836.52	89.920	28.516
1863.24	89.959	28.463
1890.34	90.056	28.304
1917.83	90.201	28.049
1945.73	90.373	27.685
1974.03	90.538	27.240
2002.74	90.682	26.698
2031.87	90.793	25.996
2061.43	90.865	25.154
2091.41	90.907	24.216
2121.83	90.917	23.217
2152.69	90.895	22.254
2184.01	90.854	21.389
2215.77	90.807	20.629
2248.00	90.768	19.941
2280.70	90.743	19.274
2313.87	90.725	18.595
2347.53	90.701	17.874
2381.68	90.653	17.140
2416.32	90.573	16.513
2451.46	90.476	16.029
2487.12	90.374	15.738
2523.30	90.286	15.661
2560.00	90.230	15.681
2597.24	90.199	15.699
2635.01	90.183	15.678
2673.34	90.166	15.573
2712.23	90.144	15.460
2751.68	90.123	15.361
2791.70	90.107	15.277
2832.31	90.101	15.234
2873.50	90.109	15.203
2915.30	90.126	15.147
2957.70	90.145	15.074
3000.72	90.162	14.971
3044.37	90.175	14.846
3088.65	90.183	14.701
3133.58	90.186	14.544
3179.16	90.188	14.388
3225.40	90.189	14.250
3272.31	90.194	14.133
3319.91	90.206	14.036
3368.20	90.227	13.913
3417.19	90.252	13.721
3466.89	90.275	13.458
3517.32	90.287	13.124
3568.48	90.278	12.764
3620.39	90.246	12.451
3673.05	90.201	12.219
3726.47	90.151	12.103
3780.67	90.107	12.096
3835.67	90.080	12.179
3891.46	90.073	12.340
3948.06	90.091	12.542
4005.49	90.127	12.722
4063.75	90.176	12.822
4122.86	90.232	12.820
4182.82	90.288	12.735
4243.66	90.339	12.556
4305.39	90.386	12.320
4368.01	90.428	12.089
4431.55	90.473	11.808
4496.01	90.512	11.479
4561.40	90.550	11.162
4627.75	90.589	10.822
4695.06	90.637	10.464
4763.35	90.690	10.011
4832.64	90.733	9.391
4902.93	90.755	8.665
4974.24	90.737	7.842
5046.60	90.677	7.069
5120.00	90.589	6.519
5194.47	90.495	6.191
5270.03	90.418	6.068
5346.68	90.361	6.037
5424.45	90.322	5.963
5503.35	90.282	5.820
5583.40	90.222	5.640
5664.61	90.144	5.572
5747.01	90.052	5.745
5830.60	89.970	6.213
5915.41	89.931	6.950
6001.45	89.953	7.788
6088.74	90.032	8.500
6177.30	90.155	8.962
6267.15	90.309	9.105
6358.31	90.471	8.910
6450.80	90.638	8.411
6544.62	90.781	7.484
6639.82	90.861	6.273
6736.40	90.873	4.990
6834.38	90.801	3.788
6933.79	90.670	2.912
7034.64	90.533	2.457
7136.96	90.415	2.308
7240.77	90.340	2.298
7346.09	90.292	2.234
7452.94	90.249	2.109
7561.35	90.198	1.953
7671.33	90.130	1.864
7782.91	90.063	1.875
7896.12	90.006	1.958
8010.97	89.956	2.085
8127.49	89.923	2.200
8245.71	89.894	2.267
8365.65	89.862	2.314
8487.33	89.830	2.381
8610.78	89.791	2.502
8736.03	89.758	2.737
8863.09	89.748	3.011
8992.01	89.751	3.236
9122.80	89.771	3.403
9255.50	89.796	3.395
9390.12	89.804	3.275
9526.70	89.791	3.150
9665.27	89.759	3.062
9805.86	89.717	3.127
9948.49	89.684	3.335
10093.2	89.668	3.619
10240.0	89.681	3.940
10388.9	89.714	4.178
10540.1	89.767	4.297
10693.4	89.833	4.256
10848.9	89.894	3.988
11006.7	89.933	3.525
11166.8	89.935	2.951
11329.2	89.890	2.400
11494.0	89.810	2.035
11661.2	89.717	1.926
11830.8	89.637	2.055
12002.9	89.591	2.267
12177.5	89.576	2.363
12354.6	89.564	2.243
12534.3	89.530	1.950
12716.6	89.446	1.617
12901.6	89.303	1.527
13089.2	89.145	1.882
13279.6	89.008	2.647
13472.8	88.921	3.735
13668.8	88.911	4.908
13867.6	88.950	5.839
14069.3	89.002	6.516
14273.9	89.038	7.078
14481.5	89.059	7.668
14692.2	89.084	8.418
14905.9	89.153	9.275
15122.7	89.271	10.010
15342.7	89.426	10.467
15565.8	89.593	10.550
15792.2	89.736	10.288
16021.9	89.830	9.888
16255.0	89.890	9.503
16491.4	89.920	9.237
16731.3	89.950	9.134
16974.7	89.988	9.120
17221.6	90.042	9.139
17472.1	90.120	9.092
17726.2	90.211	8.920
17984.0	90.310	8.593
18245.6	90.404	8.059
18511.0	90.474	7.367
18780.2	90.511	6.585
19053.4	90.516	5.774
19330.5	90.492	5.029
19611.7	90.460	4.377
19897.0	90.433	3.776
20186.4	90.405	3.193
20480.0	90.379	2.564
20777.9	90.351	1.793
21080.1	90.294	0.869
21386.7	90.194	-0.193
21697.8	90.031	-1.397
22013.4	89.771	-2.522
22333.6	89.402	-3.236
22658.4	88.956	-3.196
22988.0	88.485	-2.041
23322.4	88.091	0.356
23661.6	87.858	3.615
24005.8	87.805	7.090
24355.0	87.911	10.192
24709.2	88.109	12.634
25068.6	88.343	14.481
25433.2	88.586	15.891
25803.2	88.837	17.031
26178.5	89.114	17.846
26559.3	89.394	18.345
26945.6	89.670	18.528
27337.5	89.937	18.391
27735.2	90.172	18.006
28138.6	90.377	17.473
28547.9	90.565	16.872
28963.1	90.752	16.088
29384.4	90.925	15.070
29811.8	91.077	13.891
30245.4	91.202	12.435
30685.3	91.268	10.765
31131.7	91.255	9.094
31584.5	91.169	7.536
32043.9	91.006	6.272
32510.0	90.799	5.457
32982.8	90.582	5.130
33462.6	90.386	5.212
33949.3	90.227	5.568
34443.1	90.115	6.071
34944.1	90.035	6.596
35452.4	89.972	7.119
35968.0	89.922	7.666
36491.2	89.887	8.238
37022.0	89.873	8.832
37560.5	89.875	9.396
38106.8	89.887	9.916
38661.1	89.916	10.357
39223.4	89.944	10.635
39793.9	89.963	10.841
