* This data was exported from the Dayton Audio Test System: DATS
*
* Piston Diameter = 0 mm
* f(s)= 774.5 Hz
* R(e)= 2.985 Ohms
* Z(max)= 6.867 Ohms
* Q(ms)= 2.145
* Q(es)= 1.649
* Q(ts)= 0.9324
* V(as)= 0 liters     (0 cubic feet)
* L(e)= 0.6527 mH
* n(0)= 0 %
* SPL= 0 1W/1m
* M(ms)= 0 grams
* C(ms)= 0 mm/N
* BL= 0 
* K(r)= 2.428 
* X(r)= 0.03397 
* K(i)= 4e-07 
* X(i)= 1.223 
*
*
Freq            Impedance       Phase
1.029    	3.096    	-2.883    
1.059    	3.096    	-2.883    
1.091    	3.096    	-2.883    
1.122    	3.096    	-2.883    
1.155    	3.096    	-2.883    
1.189    	3.096    	-2.883    
1.224    	3.096    	-2.883    
1.260    	3.096    	-2.883    
1.297    	3.096    	-2.883    
1.335    	3.008    	-0.734    
1.374    	3.008    	-0.734    
1.414    	3.008    	-0.734    
1.456    	3.008    	-0.734    
1.498    	3.008    	-0.734    
1.542    	3.008    	-0.734    
1.587    	3.008    	-0.734    
1.634    	3.008    	-0.734    
1.682    	3.008    	-0.734    
1.731    	3.008    	-0.734    
1.782    	3.008    	-0.734    
1.834    	3.008    	-0.734    
1.888    	3.008    	-0.734    
1.943    	3.008    	-0.734    
2.000    	2.970    	0.451    
2.059    	2.970    	0.451    
2.119    	2.970    	0.451    
2.181    	2.970    	0.451    
2.245    	2.970    	0.451    
2.311    	2.970    	0.451    
2.378    	2.970    	0.451    
2.448    	2.970    	0.451    
2.520    	2.970    	0.451    
2.594    	2.970    	0.451    
2.670    	2.969    	0.104    
2.748    	2.969    	0.104    
2.828    	2.969    	0.104    
2.911    	2.969    	0.104    
2.997    	2.969    	0.104    
3.084    	2.969    	0.104    
3.175    	2.969    	0.104    
3.268    	2.969    	0.104    
3.364    	2.977    	0.414    
3.462    	2.977    	0.414    
3.564    	2.977    	0.414    
3.668    	2.977    	0.414    
3.775    	2.977    	0.414    
3.886    	2.977    	0.414    
4.000    	2.976    	0.279    
4.117    	2.976    	0.279    
4.238    	2.976    	0.279    
4.362    	2.976    	0.279    
4.490    	2.976    	0.279    
4.621    	2.976    	0.279    
4.757    	2.982    	0.452    
4.896    	2.982    	0.452    
5.040    	2.982    	0.452    
5.187    	2.982    	0.452    
5.339    	2.981    	0.436    
5.496    	2.981    	0.436    
5.657    	2.981    	0.436    
5.823    	2.981    	0.436    
5.993    	2.983    	0.575    
6.169    	2.983    	0.575    
6.350    	2.983    	0.575    
6.536    	2.983    	0.575    
6.727    	2.982    	0.607    
6.924    	2.982    	0.607    
7.127    	2.982    	0.607    
7.336    	2.984    	0.721    
7.551    	2.984    	0.721    
7.772    	2.984    	0.721    
8.000    	2.980    	0.754    
8.234    	2.980    	0.754    
8.476    	2.980    	0.754    
8.724    	2.983    	0.833    
8.980    	2.983    	0.833    
9.243    	2.983    	0.833    
9.514    	2.980    	0.810    
9.792    	2.980    	0.810    
10.079    	2.984    	0.879    
10.375    	2.984    	0.879    
10.679    	2.981    	0.881    
10.992    	2.981    	0.881    
11.314    	2.986    	1.010    
11.645    	2.986    	1.010    
11.986    	2.986    	1.003    
12.338    	2.986    	1.003    
12.699    	2.989    	1.142    
13.071    	2.989    	1.142    
13.454    	2.988    	1.127    
13.849    	2.988    	1.127    
14.254    	2.990    	1.255    
14.672    	2.993    	1.228    
15.102    	2.993    	1.228    
15.545    	2.992    	1.343    
16.000    	2.994    	1.351    
16.469    	2.994    	1.351    
16.951    	2.990    	1.409    
17.448    	2.995    	1.421    
17.959    	2.990    	1.477    
18.486    	2.990    	1.477    
19.027    	2.996    	1.577    
19.585    	2.992    	1.643    
20.159    	2.991    	1.633    
20.749    	2.995    	1.710    
21.357    	2.994    	1.726    
21.983    	2.997    	1.825    
22.627    	2.998    	1.843    
23.290    	2.999    	1.939    
23.973    	3.001    	1.963    
24.675    	3.000    	2.022    
25.398    	3.005    	2.049    
26.143    	3.003    	2.111    
26.909    	3.007    	2.176    
27.697    	3.005    	2.193    
28.509    	3.007    	2.269    
29.344    	3.006    	2.314    
30.204    	3.008    	2.348    
31.089    	3.009    	2.417    
32.000    	3.011    	2.476    
32.938    	3.014    	2.547    
33.903    	3.016    	2.613    
34.896    	3.020    	2.661    
35.919    	3.022    	2.736    
36.971    	3.022    	2.814    
38.055    	3.023    	2.890    
39.170    	3.026    	2.982    
40.317    	3.026    	3.050    
41.499    	3.028    	3.119    
42.715    	3.031    	3.203    
43.967    	3.032    	3.273    
45.255    	3.034    	3.339    
46.581    	3.035    	3.420    
47.946    	3.037    	3.529    
49.351    	3.040    	3.600    
50.797    	3.044    	3.685    
52.285    	3.047    	3.758    
53.817    	3.050    	3.859    
55.394    	3.054    	3.986    
57.018    	3.056    	4.059    
58.688    	3.062    	4.117    
60.408    	3.064    	4.199    
62.178    	3.068    	4.289    
64.000    	3.070    	4.399    
65.875    	3.074    	4.507    
67.806    	3.079    	4.624    
69.792    	3.082    	4.733    
71.838    	3.086    	4.816    
73.943    	3.089    	4.912    
76.109    	3.096    	5.016    
78.339    	3.101    	5.144    
80.635    	3.106    	5.219    
82.998    	3.110    	5.327    
85.430    	3.115    	5.423    
87.933    	3.120    	5.515    
90.510    	3.125    	5.634    
93.162    	3.130    	5.766    
95.892    	3.135    	5.907    
98.701    	3.141    	6.015    
101.594    	3.148    	6.123    
104.571    	3.154    	6.235    
107.635    	3.160    	6.339    
110.789    	3.166    	6.457    
114.035    	3.172    	6.592    
117.377    	3.179    	6.696    
120.816    	3.185    	6.800    
124.356    	3.192    	6.915    
128.000    	3.198    	7.056    
131.751    	3.205    	7.202    
135.611    	3.213    	7.344    
139.585    	3.221    	7.443    
143.675    	3.229    	7.570    
147.885    	3.237    	7.707    
152.219    	3.245    	7.866    
156.679    	3.255    	8.026    
161.270    	3.262    	8.180    
165.995    	3.271    	8.323    
170.860    	3.280    	8.479    
175.866    	3.288    	8.653    
181.019    	3.298    	8.805    
186.324    	3.308    	8.960    
191.783    	3.318    	9.141    
197.403    	3.328    	9.312    
203.187    	3.339    	9.468    
209.141    	3.351    	9.645    
215.269    	3.362    	9.841    
221.577    	3.373    	10.029    
228.070    	3.385    	10.224    
234.753    	3.398    	10.413    
241.632    	3.412    	10.606    
248.712    	3.426    	10.829    
256.000    	3.440    	11.054    
263.501    	3.456    	11.291    
271.223    	3.472    	11.530    
279.170    	3.489    	11.754    
287.350    	3.508    	12.019    
295.770    	3.527    	12.297    
304.437    	3.547    	12.559    
313.358    	3.569    	12.841    
322.540    	3.592    	13.130    
331.991    	3.618    	13.433    
341.719    	3.644    	13.752    
351.732    	3.673    	14.066    
362.039    	3.703    	14.368    
372.647    	3.736    	14.683    
383.567    	3.773    	15.000    
394.806    	3.812    	15.347    
406.375    	3.856    	15.704    
418.282    	3.902    	16.059    
430.539    	3.953    	16.397    
443.155    	4.009    	16.756    
456.140    	4.070    	17.107    
469.506    	4.138    	17.442    
483.264    	4.215    	17.762    
497.424    	4.298    	18.044    
512.000    	4.392    	18.289    
527.003    	4.495    	18.510    
542.445    	4.609    	18.673    
558.340    	4.735    	18.734    
574.701    	4.881    	18.677    
591.541    	5.042    	18.482    
608.874    	5.218    	18.121    
626.715    	5.412    	17.532    
645.080    	5.626    	16.657    
663.982    	5.857    	15.418    
683.438    	6.095    	13.787    
703.464    	6.326    	11.727    
724.077    	6.542    	9.187    
745.294    	6.722    	6.171    
767.133    	6.841    	2.761    
789.612    	6.881    	-0.923    
812.749    	6.830    	-4.668    
836.565    	6.693    	-8.246    
861.078    	6.483    	-11.443    
886.309    	6.224    	-14.155    
912.280    	5.940    	-16.314    
939.012    	5.653    	-17.906    
966.527    	5.374    	-18.982    
994.849    	5.116    	-19.599    
1024.000    	4.885    	-19.836    
1054.005    	4.677    	-19.771    
1084.890    	4.497    	-19.449    
1116.680    	4.341    	-18.963    
1149.401    	4.205    	-18.340    
1183.081    	4.087    	-17.639    
1217.748    	3.986    	-16.887    
1253.431    	3.901    	-16.104    
1290.159    	3.827    	-15.292    
1327.964    	3.764    	-14.484    
1366.876    	3.711    	-13.717    
1406.929    	3.663    	-12.940    
1448.155    	3.624    	-12.157    
1490.589    	3.591    	-11.409    
1534.266    	3.564    	-10.689    
1579.224    	3.541    	-10.009    
1625.499    	3.523    	-9.347    
1673.129    	3.508    	-8.717    
1722.156    	3.497    	-8.112    
1772.619    	3.489    	-7.535    
1824.561    	3.484    	-6.980    
1878.024    	3.481    	-6.457    
1933.055    	3.482    	-5.973    
1989.697    	3.485    	-5.526    
2048.000    	3.491    	-5.117    
2108.011    	3.499    	-4.749    
2169.780    	3.511    	-4.453    
2233.360    	3.523    	-4.228    
2298.802    	3.536    	-4.102    
2366.162    	3.547    	-4.082    
2435.496    	3.551    	-4.133    
2506.862    	3.547    	-4.235    
2580.318    	3.535    	-4.331    
2655.927    	3.514    	-4.332    
2733.752    	3.491    	-4.215    
2813.857    	3.470    	-3.999    
2896.309    	3.450    	-3.695    
2981.178    	3.436    	-3.348    
3068.533    	3.425    	-2.999    
3158.448    	3.418    	-2.653    
3250.997    	3.413    	-2.313    
3346.259    	3.411    	-1.993    
3444.312    	3.411    	-1.695    
3545.238    	3.412    	-1.392    
3649.121    	3.413    	-1.099    
3756.049    	3.414    	-0.822    
3866.109    	3.416    	-0.555    
3979.395    	3.418    	-0.307    
4096.000    	3.421    	-0.065    
4216.022    	3.424    	0.168    
4339.561    	3.428    	0.384    
4466.720    	3.432    	0.588    
4597.605    	3.436    	0.784    
4732.325    	3.439    	0.989    
4870.992    	3.444    	1.193    
5013.723    	3.448    	1.387    
5160.637    	3.452    	1.557    
5311.855    	3.456    	1.732    
5467.504    	3.462    	1.920    
5627.714    	3.466    	2.106    
5792.619    	3.471    	2.274    
5962.355    	3.475    	2.423    
6137.066    	3.478    	2.591    
6316.896    	3.482    	2.766    
6501.995    	3.487    	2.929    
6692.518    	3.492    	3.094    
6888.623    	3.495    	3.234    
7090.476    	3.499    	3.379    
7298.242    	3.504    	3.534    
7512.097    	3.509    	3.706    
7732.218    	3.514    	3.876    
7958.790    	3.518    	4.038    
8192.000    	3.522    	4.179    
8432.044    	3.526    	4.333    
8679.122    	3.530    	4.496    
8933.439    	3.535    	4.661    
9195.209    	3.539    	4.817    
9464.649    	3.543    	4.984    
9741.985    	3.547    	5.158    
10027.447    	3.552    	5.338    
10321.273    	3.556    	5.520    
10623.710    	3.559    	5.698    
10935.008    	3.563    	5.872    
11255.428    	3.568    	6.060    
11585.238    	3.573    	6.252    
11924.711    	3.578    	6.437    
12274.132    	3.584    	6.614    
12633.791    	3.589    	6.799    
13003.989    	3.595    	7.004    
13385.035    	3.599    	7.219    
13777.247    	3.603    	7.427    
14180.951    	3.607    	7.627    
14596.485    	3.612    	7.842    
15024.194    	3.618    	8.068    
15464.437    	3.626    	8.315    
15917.579    	3.633    	8.563    
16384.000    	3.638    	8.802    
16864.088    	3.644    	9.043    
17358.243    	3.652    	9.314    
17866.879    	3.659    	9.594    
18390.418    	3.667    	9.910    
18929.299    	3.675    	10.258    
19483.969    	3.685    	10.617    
20054.893    	3.700    	11.050    
20642.546    	3.730    	11.535    
