* This data was exported from the Dayton Audio Test System: DATS
*
* Piston Diameter = 0 mm
* f(s)= 710.6 Hz
* R(e)= 3.018 Ohms
* Z(max)= 8.235 Ohms
* Q(ms)= 2.515
* Q(es)= 1.455
* Q(ts)= 0.9218
* V(as)= 0 liters     (0 cubic feet)
* L(e)= 0.5898 mH
* n(0)= 0 %
* SPL= 0 1W/1m
* M(ms)= 0 grams
* C(ms)= 0 mm/N
* BL= 0 
* K(r)= 2.487 
* X(r)= 0.03351 
* K(i)= 3e-07 
* X(i)= 1.239 
*
*
Freq            Impedance       Phase
1.029    	3.190    	-2.447    
1.059    	3.190    	-2.447    
1.091    	3.190    	-2.447    
1.122    	3.190    	-2.447    
1.155    	3.190    	-2.447    
1.189    	3.190    	-2.447    
1.224    	3.190    	-2.447    
1.260    	3.190    	-2.447    
1.297    	3.190    	-2.447    
1.335    	3.078    	-0.557    
1.374    	3.078    	-0.557    
1.414    	3.078    	-0.557    
1.456    	3.078    	-0.557    
1.498    	3.078    	-0.557    
1.542    	3.078    	-0.557    
1.587    	3.078    	-0.557    
1.634    	3.078    	-0.557    
1.682    	3.078    	-0.557    
1.731    	3.078    	-0.557    
1.782    	3.078    	-0.557    
1.834    	3.078    	-0.557    
1.888    	3.078    	-0.557    
1.943    	3.078    	-0.557    
2.000    	3.024    	0.488    
2.059    	3.024    	0.488    
2.119    	3.024    	0.488    
2.181    	3.024    	0.488    
2.245    	3.024    	0.488    
2.311    	3.024    	0.488    
2.378    	3.024    	0.488    
2.448    	3.024    	0.488    
2.520    	3.024    	0.488    
2.594    	3.024    	0.488    
2.670    	3.021    	0.148    
2.748    	3.021    	0.148    
2.828    	3.021    	0.148    
2.911    	3.021    	0.148    
2.997    	3.021    	0.148    
3.084    	3.021    	0.148    
3.175    	3.021    	0.148    
3.268    	3.021    	0.148    
3.364    	3.025    	0.477    
3.462    	3.025    	0.477    
3.564    	3.025    	0.477    
3.668    	3.025    	0.477    
3.775    	3.025    	0.477    
3.886    	3.025    	0.477    
4.000    	3.025    	0.407    
4.117    	3.025    	0.407    
4.238    	3.025    	0.407    
4.362    	3.025    	0.407    
4.490    	3.025    	0.407    
4.621    	3.025    	0.407    
4.757    	3.029    	0.606    
4.896    	3.029    	0.606    
5.040    	3.029    	0.606    
5.187    	3.029    	0.606    
5.339    	3.028    	0.591    
5.496    	3.028    	0.591    
5.657    	3.028    	0.591    
5.823    	3.028    	0.591    
5.993    	3.031    	0.715    
6.169    	3.031    	0.715    
6.350    	3.031    	0.715    
6.536    	3.031    	0.715    
6.727    	3.029    	0.738    
6.924    	3.029    	0.738    
7.127    	3.029    	0.738    
7.336    	3.031    	0.884    
7.551    	3.031    	0.884    
7.772    	3.031    	0.884    
8.000    	3.028    	0.897    
8.234    	3.028    	0.897    
8.476    	3.028    	0.897    
8.724    	3.031    	0.988    
8.980    	3.031    	0.988    
9.243    	3.031    	0.988    
9.514    	3.027    	0.976    
9.792    	3.027    	0.976    
10.079    	3.033    	1.095    
10.375    	3.033    	1.095    
10.679    	3.032    	1.098    
10.992    	3.032    	1.098    
11.314    	3.037    	1.257    
11.645    	3.037    	1.257    
11.986    	3.036    	1.258    
12.338    	3.036    	1.258    
12.699    	3.039    	1.441    
13.071    	3.039    	1.441    
13.454    	3.039    	1.418    
13.849    	3.039    	1.418    
14.254    	3.038    	1.548    
14.672    	3.041    	1.527    
15.102    	3.041    	1.527    
15.545    	3.039    	1.637    
16.000    	3.043    	1.651    
16.469    	3.043    	1.651    
16.951    	3.039    	1.753    
17.448    	3.046    	1.801    
17.959    	3.043    	1.848    
18.486    	3.043    	1.848    
19.027    	3.049    	1.927    
19.585    	3.047    	2.016    
20.159    	3.048    	2.022    
20.749    	3.051    	2.123    
21.357    	3.051    	2.138    
21.983    	3.054    	2.234    
22.627    	3.056    	2.274    
23.290    	3.056    	2.369    
23.973    	3.058    	2.397    
24.675    	3.057    	2.476    
25.398    	3.061    	2.511    
26.143    	3.059    	2.554    
26.909    	3.063    	2.614    
27.697    	3.064    	2.652    
28.509    	3.067    	2.742    
29.344    	3.068    	2.814    
30.204    	3.071    	2.873    
31.089    	3.071    	2.959    
32.000    	3.074    	3.018    
32.938    	3.078    	3.081    
33.903    	3.080    	3.156    
34.896    	3.083    	3.228    
35.919    	3.087    	3.323    
36.971    	3.089    	3.428    
38.055    	3.091    	3.496    
39.170    	3.095    	3.571    
40.317    	3.095    	3.639    
41.499    	3.098    	3.690    
42.715    	3.101    	3.761    
43.967    	3.104    	3.840    
45.255    	3.108    	3.904    
46.581    	3.113    	4.009    
47.946    	3.115    	4.108    
49.351    	3.118    	4.190    
50.797    	3.121    	4.288    
52.285    	3.125    	4.353    
53.817    	3.130    	4.470    
55.394    	3.133    	4.567    
57.018    	3.135    	4.640    
58.688    	3.141    	4.764    
60.408    	3.144    	4.856    
62.178    	3.149    	4.949    
64.000    	3.152    	5.007    
65.875    	3.157    	5.094    
67.806    	3.164    	5.195    
69.792    	3.168    	5.304    
71.838    	3.172    	5.401    
73.943    	3.176    	5.498    
76.109    	3.183    	5.590    
78.339    	3.189    	5.727    
80.635    	3.193    	5.809    
82.998    	3.198    	5.926    
85.430    	3.203    	6.028    
87.933    	3.208    	6.128    
90.510    	3.214    	6.250    
93.162    	3.219    	6.371    
95.892    	3.226    	6.504    
98.701    	3.231    	6.617    
101.594    	3.237    	6.725    
104.571    	3.242    	6.852    
107.635    	3.247    	6.973    
110.789    	3.253    	7.103    
114.035    	3.259    	7.219    
117.377    	3.266    	7.339    
120.816    	3.272    	7.476    
124.356    	3.279    	7.626    
128.000    	3.285    	7.765    
131.751    	3.292    	7.909    
135.611    	3.299    	8.080    
139.585    	3.306    	8.226    
143.675    	3.313    	8.395    
147.885    	3.320    	8.559    
152.219    	3.328    	8.742    
156.679    	3.338    	8.944    
161.270    	3.346    	9.126    
165.995    	3.354    	9.302    
170.860    	3.363    	9.494    
175.866    	3.373    	9.713    
181.019    	3.382    	9.895    
186.324    	3.392    	10.106    
191.783    	3.403    	10.367    
197.403    	3.415    	10.610    
203.187    	3.426    	10.818    
209.141    	3.439    	11.077    
215.269    	3.452    	11.354    
221.577    	3.464    	11.613    
228.070    	3.478    	11.879    
234.753    	3.493    	12.156    
241.632    	3.509    	12.455    
248.712    	3.526    	12.762    
256.000    	3.543    	13.058    
263.501    	3.563    	13.373    
271.223    	3.584    	13.720    
279.170    	3.606    	14.055    
287.350    	3.631    	14.445    
295.770    	3.656    	14.830    
304.437    	3.683    	15.201    
313.358    	3.713    	15.597    
322.540    	3.746    	15.990    
331.991    	3.782    	16.416    
341.719    	3.819    	16.864    
351.732    	3.861    	17.324    
362.039    	3.905    	17.771    
372.647    	3.954    	18.219    
383.567    	4.009    	18.686    
394.806    	4.070    	19.182    
406.375    	4.138    	19.670    
418.282    	4.210    	20.146    
430.539    	4.293    	20.627    
443.155    	4.385    	21.111    
456.140    	4.487    	21.549    
469.506    	4.601    	21.951    
483.264    	4.733    	22.335    
497.424    	4.879    	22.643    
512.000    	5.046    	22.851    
527.003    	5.237    	22.960    
542.445    	5.450    	22.914    
558.340    	5.688    	22.637    
574.701    	5.965    	22.062    
591.541    	6.271    	21.155    
608.874    	6.604    	19.823    
626.715    	6.962    	17.939    
645.080    	7.333    	15.394    
663.982    	7.691    	12.109    
683.438    	7.989    	8.167    
703.464    	8.188    	3.691    
724.077    	8.256    	-1.175    
745.294    	8.172    	-6.117    
767.133    	7.942    	-10.780    
789.612    	7.599    	-14.887    
812.749    	7.190    	-18.251    
836.565    	6.763    	-20.809    
861.078    	6.347    	-22.590    
886.309    	5.960    	-23.712    
912.280    	5.614    	-24.291    
939.012    	5.311    	-24.435    
966.527    	5.045    	-24.228    
994.849    	4.817    	-23.766    
1024.000    	4.623    	-23.132    
1054.005    	4.455    	-22.360    
1084.890    	4.317    	-21.506    
1116.680    	4.201    	-20.684    
1149.401    	4.094    	-19.865    
1183.081    	3.997    	-18.994    
1217.748    	3.914    	-18.046    
1253.431    	3.845    	-17.104    
1290.159    	3.786    	-16.188    
1327.964    	3.736    	-15.302    
1366.876    	3.695    	-14.462    
1406.929    	3.657    	-13.639    
1448.155    	3.626    	-12.824    
1490.589    	3.600    	-12.051    
1534.266    	3.579    	-11.303    
1579.224    	3.562    	-10.599    
1625.499    	3.548    	-9.929    
1673.129    	3.537    	-9.294    
1722.156    	3.531    	-8.679    
1772.619    	3.527    	-8.078    
1824.561    	3.526    	-7.513    
1878.024    	3.528    	-6.980    
1933.055    	3.535    	-6.511    
1989.697    	3.544    	-6.121    
2048.000    	3.552    	-5.811    
2108.011    	3.560    	-5.523    
2169.780    	3.573    	-5.299    
2233.360    	3.585    	-5.201    
2298.802    	3.590    	-5.220    
2366.162    	3.586    	-5.289    
2435.496    	3.572    	-5.312    
2506.862    	3.551    	-5.252    
2580.318    	3.529    	-5.090    
2655.927    	3.508    	-4.820    
2733.752    	3.491    	-4.480    
2813.857    	3.478    	-4.107    
2896.309    	3.468    	-3.711    
2981.178    	3.462    	-3.346    
3068.533    	3.459    	-3.006    
3158.448    	3.456    	-2.668    
3250.997    	3.455    	-2.332    
3346.259    	3.455    	-2.009    
3444.312    	3.458    	-1.697    
3545.238    	3.461    	-1.407    
3649.121    	3.464    	-1.124    
3756.049    	3.467    	-0.852    
3866.109    	3.470    	-0.586    
3979.395    	3.474    	-0.348    
4096.000    	3.478    	-0.113    
4216.022    	3.483    	0.118    
4339.561    	3.488    	0.345    
4466.720    	3.494    	0.552    
4597.605    	3.499    	0.744    
4732.325    	3.505    	0.938    
4870.992    	3.512    	1.130    
5013.723    	3.518    	1.290    
5160.637    	3.523    	1.423    
5311.855    	3.527    	1.564    
5467.504    	3.531    	1.723    
5627.714    	3.536    	1.873    
5792.619    	3.539    	2.032    
5962.355    	3.541    	2.196    
6137.066    	3.545    	2.375    
6316.896    	3.549    	2.536    
6501.995    	3.554    	2.685    
6692.518    	3.559    	2.853    
6888.623    	3.562    	3.022    
7090.476    	3.566    	3.170    
7298.242    	3.570    	3.317    
7512.097    	3.575    	3.475    
7732.218    	3.580    	3.631    
7958.790    	3.584    	3.790    
8192.000    	3.587    	3.945    
8432.044    	3.590    	4.106    
8679.122    	3.596    	4.266    
8933.439    	3.601    	4.429    
9195.209    	3.606    	4.589    
9464.649    	3.611    	4.743    
9741.985    	3.616    	4.889    
10027.447    	3.620    	5.040    
10321.273    	3.624    	5.195    
10623.710    	3.626    	5.361    
10935.008    	3.630    	5.542    
11255.428    	3.634    	5.730    
11585.238    	3.639    	5.915    
11924.711    	3.644    	6.084    
12274.132    	3.648    	6.264    
12633.791    	3.653    	6.456    
13003.989    	3.659    	6.647    
13385.035    	3.664    	6.834    
13777.247    	3.669    	7.035    
14180.951    	3.672    	7.242    
14596.485    	3.677    	7.454    
15024.194    	3.683    	7.673    
15464.437    	3.691    	7.877    
15917.579    	3.697    	8.099    
16384.000    	3.704    	8.315    
16864.088    	3.710    	8.515    
17358.243    	3.717    	8.725    
17866.879    	3.724    	8.946    
18390.418    	3.732    	9.179    
18929.299    	3.738    	9.408    
19483.969    	3.744    	9.623    
20054.893    	3.750    	9.852    
20642.546    	3.759    	10.011    
