5.00000	20.456	155.010
5.07273	20.559	155.007
5.14651	20.692	155.002
5.22137	20.871	154.995
5.29732	21.068	154.987
5.37437	21.285	154.979
5.45254	21.503	154.970
5.53185	21.720	154.962
5.61231	21.937	154.953
5.69394	22.154	154.944
5.77676	22.372	154.935
5.86079	22.589	154.926
5.94604	22.806	154.917
6.03252	23.023	154.907
6.12027	23.241	154.898
6.20929	23.458	154.888
6.29961	23.675	154.878
6.39124	23.892	154.868
6.48420	24.110	154.858
6.57851	24.327	154.848
6.67420	24.544	154.837
6.77128	24.761	154.827
6.86977	24.979	154.816
6.96969	25.196	154.805
7.07107	25.413	154.794
7.17392	25.630	154.783
7.27827	25.848	154.772
7.38413	26.065	154.760
7.49154	26.282	154.749
7.60050	26.500	154.737
7.71105	26.717	154.725
7.82321	26.934	154.713
7.93701	27.151	154.700
8.05245	27.369	154.688
8.16958	27.586	154.675
8.28841	27.803	154.662
8.40896	28.020	154.649
8.53128	28.238	154.636
8.65537	28.455	154.622
8.78126	28.672	154.609
8.90899	28.889	154.595
9.03857	29.107	154.581
9.17004	29.324	154.566
9.30342	29.541	154.552
9.43874	29.758	154.537
9.57603	29.976	154.522
9.71532	30.193	154.507
9.85663	30.410	154.492
10.0000	30.627	154.477
10.1455	30.845	154.461
10.2930	31.062	154.445
10.4427	31.279	154.428
10.5946	31.496	154.412
10.7487	31.714	154.395
10.9051	31.931	154.378
11.0637	32.148	154.361
11.2246	32.365	154.344
11.3879	32.583	154.326
11.5535	32.800	154.308
11.7216	33.017	154.290
11.8921	33.235	154.271
12.0650	33.452	154.253
12.2405	33.669	154.234
12.4186	33.886	154.214
12.5992	34.104	154.195
12.7825	34.321	154.175
12.9684	34.538	154.155
13.1570	34.755	154.134
13.3484	34.973	154.113
13.5426	35.190	154.092
13.7395	35.407	154.071
13.9394	35.624	154.049
14.1421	35.842	154.027
14.3478	36.059	154.005
14.5565	36.276	153.982
14.7683	36.493	153.959
14.9831	36.711	153.935
15.2010	36.928	153.911
15.4221	37.145	153.887
15.6464	37.362	153.863
15.8740	37.580	153.838
16.1049	37.797	153.813
16.3392	38.014	153.787
16.5768	38.231	153.761
16.8179	38.449	153.735
17.0626	38.666	153.708
17.3107	38.883	153.681
17.5625	39.100	153.654
17.8180	39.318	153.626
18.0771	39.535	153.597
18.3401	39.752	153.569
18.6068	39.970	153.539
18.8775	40.187	153.510
19.1521	40.404	153.480
19.4306	40.621	153.449
19.7133	40.839	153.419
20.0000	41.056	153.387
20.2909	41.273	153.355
20.5860	41.490	153.323
20.8855	41.708	153.291
21.1893	41.925	153.257
21.4975	42.142	153.224
21.8102	42.359	153.190
22.1274	42.577	153.155
22.4492	42.794	153.120
22.7758	43.011	153.084
23.1071	43.228	153.048
23.4432	43.446	153.011
23.7841	43.663	152.974
24.1301	43.880	152.936
24.4811	44.097	152.898
24.8372	44.315	152.859
25.1984	44.532	152.820
25.5649	44.749	152.780
25.9368	44.966	152.739
26.3141	45.184	152.698
26.6968	45.401	152.656
27.0851	45.618	152.614
27.4791	45.835	152.571
27.8788	46.053	152.527
28.2843	46.270	152.483
28.6957	46.487	152.438
29.1131	46.705	152.392
29.5365	46.922	152.346
29.9661	47.139	152.299
30.4020	47.356	152.252
30.8442	47.574	152.203
31.2929	47.791	152.154
31.7480	48.008	152.105
32.2098	48.225	152.054
32.6783	48.443	152.003
33.1536	48.660	151.951
33.6359	48.877	151.899
34.1251	49.094	151.845
34.6215	49.312	151.791
35.1250	49.529	151.736
35.6359	49.746	151.680
36.1543	49.963	151.624
36.6802	50.181	151.566
37.2137	50.398	151.508
37.7550	50.615	151.449
38.3041	50.832	151.389
38.8613	51.050	151.328
39.4265	51.267	151.267
40.0000	51.484	151.204
40.5818	51.701	151.141
41.1721	51.919	151.076
41.7710	52.136	151.011
42.3785	52.353	150.945
42.9949	52.571	150.877
43.6203	52.788	150.809
44.2548	53.005	150.740
44.8985	53.222	150.670
45.5515	53.440	150.598
46.2141	53.657	150.526
46.8863	53.874	150.453
47.5683	54.091	150.378
48.2602	54.309	150.303
48.9621	54.526	150.226
49.6743	54.743	150.148
50.3968	54.960	150.069
51.1299	55.178	149.989
51.8736	55.395	149.908
52.6281	55.612	149.826
53.3936	55.829	149.742
54.1702	56.047	149.658
54.9581	56.264	149.572
55.7575	56.481	149.484
56.5685	56.698	149.396
57.3914	56.916	149.306
58.2261	57.133	149.215
59.0730	57.350	149.123
59.9323	57.567	149.029
60.8040	57.785	148.934
61.6884	58.002	148.837
62.5857	58.219	148.739
63.4960	58.436	148.640
64.4196	58.654	148.539
65.3566	58.871	148.437
66.3073	59.088	148.333
67.2717	59.306	148.228
68.2502	59.523	148.121
69.2429	59.740	148.013
70.2501	59.957	147.903
71.2719	60.175	147.792
72.3086	60.392	147.679
73.3603	60.609	147.564
74.4274	60.826	147.447
75.5099	61.044	147.329
76.6083	61.261	147.209
77.7226	61.478	147.088
78.8531	61.695	146.965
80.0000	61.913	146.839
81.1636	62.130	146.713
82.3442	62.347	146.584
83.5419	62.564	146.453
84.7570	62.782	146.321
85.9899	62.999	146.186
87.2406	63.216	146.050
88.5096	63.433	145.911
89.7970	63.651	145.771
91.1031	63.868	145.629
92.4282	64.085	145.484
93.7726	64.302	145.338
95.1366	64.520	145.189
96.5204	64.737	145.038
97.9243	64.954	144.885
99.3486	65.171	144.730
100.794	65.389	144.572
102.260	65.606	144.413
103.747	65.823	144.251
105.256	66.041	144.086
106.787	66.258	143.920
108.340	66.475	143.751
109.916	66.692	143.579
111.515	66.910	143.405
113.137	67.127	143.229
114.783	67.344	143.050
116.452	67.561	142.868
118.146	67.779	142.684
119.865	67.996	142.497
121.608	68.213	142.308
123.377	68.430	142.116
125.171	68.648	141.921
126.992	68.865	141.723
128.839	69.082	141.523
130.713	69.299	141.320
132.615	69.517	141.114
134.543	69.734	140.905
136.500	69.951	140.693
138.486	70.168	140.479
140.500	70.386	140.261
142.544	70.603	140.041
144.617	70.820	139.817
146.721	71.037	139.591
148.855	71.255	139.361
151.020	71.472	139.129
153.217	71.689	138.893
155.445	71.907	138.654
157.706	72.124	138.413
160.000	72.341	138.168
162.327	72.558	137.921
164.688	72.776	137.670
167.084	72.993	137.417
169.514	73.210	137.161
171.980	73.427	136.902
174.481	73.645	136.640
177.019	73.862	136.376
179.594	74.079	136.110
182.206	74.296	135.841
184.856	74.514	135.571
187.545	74.731	135.300
190.273	74.948	135.028
193.041	75.165	134.756
195.849	75.383	134.485
198.697	75.600	134.216
201.587	75.817	133.949
204.520	76.033	133.691
207.494	76.247	133.457
210.512	76.460	133.268
213.574	76.677	133.149
216.681	76.912	133.079
219.833	77.170	133.009
223.030	77.453	132.874
226.274	77.768	132.573
229.565	78.094	131.995
232.905	78.403	131.127
236.292	78.671	130.047
239.729	78.881	128.896
243.216	79.034	127.837
246.754	79.148	127.025
250.343	79.250	126.530
253.984	79.375	126.314
257.678	79.527	126.267
261.426	79.714	126.310
265.229	79.937	126.344
269.087	80.179	126.306
273.001	80.446	126.176
276.972	80.728	125.883
281.000	80.999	125.435
285.088	81.260	124.907
289.234	81.504	124.345
293.441	81.733	123.826
297.709	81.962	123.392
302.040	82.208	123.005
306.433	82.470	122.608
310.890	82.750	122.154
315.412	83.042	121.602
320.000	83.341	120.930
324.655	83.640	120.140
329.377	83.938	119.229
334.168	84.229	118.191
339.028	84.509	117.028
343.959	84.764	115.793
348.962	85.003	114.531
354.038	85.223	113.265
359.188	85.436	112.022
364.412	85.644	110.760
369.713	85.839	109.471
375.090	86.018	108.201
380.546	86.181	106.958
386.081	86.325	105.794
391.697	86.468	104.756
397.394	86.619	103.799
403.175	86.785	102.878
409.039	86.961	101.944
414.989	87.146	100.961
421.025	87.332	99.920
427.149	87.514	98.818
433.362	87.690	97.666
439.665	87.852	96.488
446.060	88.003	95.316
452.548	88.144	94.182
459.131	88.279	93.109
465.809	88.420	92.096
472.584	88.569	91.104
479.458	88.728	90.097
486.432	88.894	89.037
493.507	89.060	87.909
500.686	89.227	86.708
507.968	89.394	85.427
515.357	89.558	84.076
522.853	89.725	82.667
530.458	89.892	81.199
538.174	90.054	79.691
546.002	90.208	78.162
553.943	90.345	76.627
562.001	90.459	75.106
570.175	90.547	73.634
578.469	90.607	72.224
586.883	90.646	70.883
595.419	90.671	69.615
604.080	90.690	68.393
612.866	90.706	67.192
621.780	90.722	65.998
630.824	90.737	64.805
640.000	90.753	63.611
649.309	90.769	62.417
658.753	90.784	61.226
668.335	90.799	60.048
678.056	90.812	58.901
687.919	90.821	57.821
697.925	90.825	56.826
708.077	90.824	55.915
718.376	90.819	55.083
728.825	90.810	54.304
739.426	90.800	53.546
750.181	90.790	52.796
761.093	90.779	52.049
772.163	90.769	51.314
783.394	90.762	50.606
794.789	90.760	49.949
806.349	90.769	49.345
818.078	90.790	48.776
829.977	90.822	48.220
842.050	90.861	47.651
854.298	90.895	47.049
866.724	90.922	46.418
879.330	90.938	45.772
892.120	90.945	45.124
905.097	90.950	44.477
918.262	90.956	43.836
931.618	90.970	43.205
945.169	90.992	42.585
958.917	91.021	41.974
972.864	91.054	41.374
987.015	91.083	40.783
1001.37	91.099	40.217
1015.94	91.098	39.694
1030.71	91.079	39.215
1045.71	91.044	38.787
1060.92	91.000	38.414
1076.35	90.958	38.080
1092.00	90.931	37.800
1107.89	90.932	37.558
1124.00	90.961	37.334
1140.35	91.010	37.116
1156.94	91.068	36.873
1173.77	91.121	36.587
1190.84	91.159	36.271
1208.16	91.183	35.928
1225.73	91.199	35.577
1243.56	91.213	35.220
1261.65	91.230	34.861
1280.00	91.254	34.497
1298.62	91.289	34.125
1317.51	91.338	33.746
1336.67	91.401	33.359
1356.11	91.475	32.966
1375.84	91.555	32.571
1395.85	91.638	32.175
1416.15	91.721	31.778
1436.75	91.805	31.382
1457.65	91.888	30.985
1478.85	91.971	30.588
1500.36	92.052	30.186
1522.19	92.130	29.775
1544.33	92.200	29.343
1566.79	92.260	28.884
1589.58	92.313	28.393
1612.70	92.363	27.864
1636.16	92.415	27.301
1659.95	92.474	26.704
1684.10	92.542	26.061
1708.60	92.617	25.337
1733.45	92.689	24.507
1758.66	92.742	23.573
1784.24	92.764	22.566
1810.19	92.753	21.565
1836.52	92.709	20.654
1863.24	92.650	19.881
1890.34	92.591	19.266
1917.83	92.544	18.769
1945.73	92.515	18.329
1974.03	92.499	17.892
2002.74	92.491	17.427
2031.87	92.483	16.919
2061.43	92.468	16.378
2091.41	92.440	15.833
2121.83	92.399	15.323
2152.69	92.345	14.903
2184.01	92.291	14.604
2215.77	92.245	14.412
2248.00	92.212	14.300
2280.70	92.199	14.225
2313.87	92.199	14.144
2347.53	92.206	14.044
2381.68	92.218	13.930
2416.32	92.230	13.809
2451.46	92.246	13.685
2487.12	92.271	13.540
2523.30	92.311	13.351
2560.00	92.367	13.059
2597.24	92.423	12.647
2635.01	92.472	12.132
2673.34	92.508	11.533
2712.23	92.525	10.907
2751.68	92.533	10.306
2791.70	92.546	9.722
2832.31	92.568	9.127
2873.50	92.594	8.460
2915.30	92.609	7.698
2957.70	92.593	6.893
3000.72	92.534	6.150
3044.37	92.433	5.548
3088.65	92.292	5.148
3133.58	92.127	4.964
3179.16	91.958	4.936
3225.40	91.793	5.004
3272.31	91.649	5.167
3319.91	91.539	5.451
3368.20	91.474	5.841
3417.19	91.457	6.292
3466.89	91.480	6.733
3517.32	91.519	7.105
3568.48	91.557	7.449
3620.39	91.597	7.831
3673.05	91.650	8.289
3726.47	91.740	8.794
3780.67	91.884	9.189
3835.67	92.071	9.283
3891.46	92.268	8.970
3948.06	92.442	8.287
4005.49	92.571	7.354
4063.75	92.647	6.319
4122.86	92.683	5.317
4182.82	92.701	4.395
4243.66	92.716	3.511
4305.39	92.731	2.583
4368.01	92.729	1.549
4431.55	92.684	0.475
4496.01	92.590	-0.496
4561.40	92.456	-1.264
4627.75	92.298	-1.716
4695.06	92.152	-1.828
4763.35	92.039	-1.729
4832.64	91.959	-1.542
4902.93	91.902	-1.352
4974.24	91.852	-1.165
5046.60	91.804	-0.925
5120.00	91.766	-0.595
5194.47	91.748	-0.162
5270.03	91.763	0.329
5346.68	91.818	0.773
5424.45	91.906	1.059
5503.35	92.009	1.119
5583.40	92.112	0.944
5664.61	92.190	0.611
5747.01	92.246	0.222
5830.60	92.290	-0.154
5915.41	92.330	-0.493
6001.45	92.382	-0.842
6088.74	92.439	-1.268
6177.30	92.495	-1.797
6267.15	92.538	-2.430
6358.31	92.558	-3.115
6450.80	92.554	-3.773
6544.62	92.539	-4.356
6639.82	92.522	-4.869
6736.40	92.510	-5.338
6834.38	92.507	-5.813
6933.79	92.508	-6.367
7034.64	92.492	-6.988
7136.96	92.455	-7.617
7240.77	92.396	-8.189
7346.09	92.315	-8.626
7452.94	92.233	-8.876
7561.35	92.167	-8.975
7671.33	92.119	-8.984
7782.91	92.096	-8.970
7896.12	92.090	-8.985
8010.97	92.101	-9.064
8127.49	92.120	-9.235
8245.71	92.140	-9.504
8365.65	92.157	-9.864
8487.33	92.165	-10.313
8610.78	92.154	-10.811
8736.03	92.129	-11.309
8863.09	92.087	-11.788
8992.01	92.029	-12.191
9122.80	91.962	-12.480
9255.50	91.898	-12.656
9390.12	91.842	-12.727
9526.70	91.805	-12.747
9665.27	91.783	-12.781
9805.86	91.773	-12.877
9948.49	91.750	-13.025
10093.2	91.710	-13.119
10240.0	91.668	-13.082
10388.9	91.642	-12.901
10540.1	91.652	-12.655
10693.4	91.715	-12.533
10848.9	91.808	-12.726
11006.7	91.892	-13.313
11166.8	91.917	-14.177
11329.2	91.870	-15.073
11494.0	91.756	-15.774
11661.2	91.603	-16.109
11830.8	91.453	-16.026
12002.9	91.333	-15.613
12177.5	91.252	-14.995
12354.6	91.210	-14.279
12534.3	91.199	-13.508
12716.6	91.217	-12.679
12901.6	91.276	-11.820
13089.2	91.378	-10.992
13279.6	91.524	-10.264
13472.8	91.714	-9.714
13668.8	91.943	-9.423
13867.6	92.198	-9.466
14069.3	92.467	-9.882
14273.9	92.734	-10.704
14481.5	92.979	-11.926
14692.2	93.175	-13.471
14905.9	93.310	-15.228
15122.7	93.372	-17.037
15342.7	93.371	-18.755
15565.8	93.319	-20.276
15792.2	93.243	-21.521
16021.9	93.164	-22.494
16255.0	93.097	-23.232
16491.4	93.054	-23.786
16731.3	93.050	-24.263
16974.7	93.083	-24.785
17221.6	93.148	-25.480
17472.1	93.223	-26.429
17726.2	93.278	-27.611
17984.0	93.297	-28.924
18245.6	93.277	-30.238
18511.0	93.231	-31.449
18780.2	93.180	-32.539
19053.4	93.137	-33.547
19330.5	93.108	-34.556
19611.7	93.083	-35.629
19897.0	93.054	-36.786
20186.4	93.011	-38.026
20480.0	92.944	-39.310
20777.9	92.849	-40.557
21080.1	92.728	-41.704
21386.7	92.589	-42.676
21697.8	92.452	-43.429
22013.4	92.340	-44.020
22333.6	92.267	-44.569
22658.4	92.228	-45.221
22988.0	92.210	-46.105
23322.4	92.171	-47.219
23661.6	92.095	-48.454
24005.8	91.977	-49.685
24355.0	91.818	-50.770
24709.2	91.646	-51.612
25068.6	91.490	-52.242
25433.2	91.357	-52.753
25803.2	91.255	-53.242
26178.5	91.175	-53.812
26559.3	91.103	-54.502
26945.6	91.030	-55.331
27337.5	90.944	-56.270
27735.2	90.830	-57.269
28138.6	90.688	-58.247
28547.9	90.518	-59.096
28963.1	90.345	-59.773
29384.4	90.187	-60.307
29811.8	90.054	-60.772
30245.4	89.955	-61.315
30685.3	89.866	-62.037
31131.7	89.762	-62.949
31584.5	89.622	-63.990
32043.9	89.433	-65.017
32510.0	89.206	-65.915
32982.8	88.949	-66.611
33462.6	88.677	-67.028
33949.3	88.404	-67.143
34443.1	88.149	-66.960
34944.1	87.930	-66.518
35452.4	87.758	-65.926
35968.0	87.642	-65.316
36491.2	87.573	-64.833
37022.0	87.532	-64.567
37560.5	87.491	-64.483
38106.8	87.453	-64.498
38661.1	87.412	-64.550
39223.4	87.376	-64.587
39793.9	87.350	-64.595
