298.3562	49.5800	-89.1000
303.3567	49.7600	-95.4000
308.4410	49.7800	-100.2000
313.6106	49.8000	-103.4000
318.8668	49.9000	-105.9000
324.2111	49.9700	-108.7000
329.6449	49.8700	-111.6000
335.1698	49.5500	-113.4000
340.7874	49.1800	-112.8000
346.4991	48.9900	-110.5000
352.3065	48.9400	-107.8000
358.2112	49.0000	-103.7000
364.2149	49.4300	-98.2000
370.3193	50.3100	-93.6000
376.5259	51.4100	-91.7000
382.8366	52.4000	-92.8000
389.2530	53.0700	-95.4000
395.7770	53.4800	-97.8000
402.4103	53.7200	-99.6000
409.1548	53.8600	-100.4000
416.0123	53.9500	-99.7000
422.9848	54.1800	-97.3000
430.0741	54.7900	-93.8000
437.2823	55.7900	-91.5000
444.6112	56.8700	-91.7000
452.0630	57.7900	-94.1000
459.6397	58.5200	-97.8000
467.3434	59.0200	-102.2000
475.1762	59.2500	-106.8000
483.1402	59.2000	-110.4000
491.2378	58.9900	-112.3000
499.4710	58.7600	-112.1000
507.8423	58.6500	-110.2000
516.3539	58.7700	-107.2000
525.0081	59.1400	-103.8000
533.8074	59.7700	-100.7000
542.7541	60.5500	-98.8000
551.8508	61.3700	-97.8000
561.0999	62.2300	-97.7000
570.5041	63.0900	-98.8000
580.0659	63.8200	-101.3000
589.7879	64.3200	-104.4000
599.6729	64.6000	-106.9000
609.7236	64.8000	-108.0000
619.9427	65.0800	-107.9000
630.3331	65.5300	-107.6000
640.8976	66.0300	-107.7000
651.6392	66.4900	-108.3000
662.5609	66.9000	-108.5000
673.6656	67.3500	-108.1000
684.9564	67.9500	-107.2000
696.4364	68.7000	-106.9000
708.1088	69.5000	-107.6000
719.9769	70.2600	-109.1000
732.0439	70.9500	-111.3000
744.3131	71.5600	-114.1000
756.7880	72.0200	-117.3000
769.4720	72.3400	-120.3000
782.3685	72.5600	-122.7000
795.4812	72.7100	-124.5000
808.8137	72.7800	-125.3000
822.3696	72.8500	-124.6000
836.1527	73.1000	-122.4000
850.1668	73.7000	-119.6000
864.4158	74.5600	-117.8000
878.9036	75.4800	-117.5000
893.6343	76.4200	-118.1000
908.6118	77.3800	-119.8000
923.8404	78.2400	-123.1000
939.3242	78.8400	-127.6000
955.0675	79.1400	-131.7000
971.0746	79.2800	-134.3000
987.3501	79.4500	-135.0000
1003.8983	79.8400	-134.6000
1020.7239	80.4800	-134.4000
1037.8315	81.1900	-135.6000
1055.2258	81.7600	-137.9000
1072.9116	82.1700	-140.0000
1090.8939	82.5200	-141.1000
1109.1775	82.9700	-141.3000
1127.7676	83.5800	-141.2000
1146.6693	84.3000	-141.5000
1165.8877	85.1000	-142.3000
1185.4283	85.9200	-143.7000
1205.2964	86.7500	-145.7000
1225.4974	87.5300	-148.2000
1246.0371	88.3100	-150.8000
1266.9209	89.1200	-153.6000
1288.1549	89.9300	-157.0000
1309.7446	90.7400	-160.8000
1331.6963	91.5200	-165.3000
1354.0158	92.2200	-170.7000
1376.7095	92.7300	-176.3000
1399.7835	93.1400	178.7000
1423.2442	93.5900	174.4000
1447.0981	94.1300	170.0000
1471.3518	94.6900	165.0000
1496.0120	95.2100	159.3000
1521.0856	95.6300	153.0000
1546.5793	95.9400	146.6000
1572.5004	96.1700	140.3000
1598.8559	96.3500	134.1000
1625.6531	96.4900	127.6000
1652.8994	96.4900	120.9000
1680.6024	96.3400	114.6000
1708.7697	96.1100	109.1000
1737.4091	95.8300	104.5000
1766.5285	95.5800	100.6000
1796.1360	95.4300	97.0000
1826.2397	95.3200	93.0000
1856.8479	95.1600	88.6000
1887.9691	94.9200	84.3000
1919.6120	94.6000	80.0000
1951.7851	94.1600	76.2000
1984.4975	93.5900	73.5000
2017.7582	93.0600	72.5000
2051.5763	92.7100	72.1000
2085.9612	92.5000	71.7000
2120.9224	92.4100	71.1000
2156.4696	92.3500	69.5000
2192.6126	92.1800	67.5000
2229.3613	91.8700	66.2000
2266.7259	91.6200	66.3000
2304.7168	91.5600	66.4000
2343.3444	91.5500	66.0000
2382.6195	91.5600	65.3000
2422.5528	91.5800	64.3000
2463.1553	91.5600	63.1000
2504.4384	91.4800	62.2000
2546.4134	91.4400	62.0000
2589.0919	91.5500	61.8000
2632.4858	91.7200	60.7000
2676.6069	91.8000	59.0000
2721.4674	91.8300	57.5000
2767.0799	91.8600	56.2000
2813.4568	91.9100	55.0000
2860.6111	92.0100	53.7000
2908.5556	92.1100	51.6000
2957.3037	92.1000	49.2000
3006.8689	91.9800	47.2000
3057.2647	91.8500	45.9000
3108.5052	91.8000	45.1000
3160.6045	91.8600	44.1000
3213.5770	91.9600	42.1000
3267.4374	91.9200	39.4000
3322.2004	91.7000	36.9000
3377.8813	91.3600	35.7000
3434.4954	91.0600	36.0000
3492.0584	91.0500	37.1000
3550.5862	91.2700	37.0000
3610.0949	91.4700	35.2000
3670.6009	91.4900	32.6000
3732.1211	91.3100	30.4000
3794.6724	91.1000	29.2000
3858.2720	90.9600	28.4000
3922.9376	90.7800	27.2000
3988.6870	90.4800	27.0000
4055.5384	90.3400	28.6000
4123.5102	90.5700	29.6000
4192.6212	90.8600	28.3000
4262.8906	90.8800	25.9000
4334.3377	90.7500	24.5000
4406.9822	90.7300	23.7000
4480.8443	90.7500	21.7000
4555.9444	90.5400	19.1000
4632.3031	90.0500	18.0000
4709.9417	89.6100	19.5000
4788.8814	89.5000	21.8000
4869.1443	89.5500	23.2000
4950.7523	89.6200	24.9000
5033.7281	89.9900	27.0000
5118.0947	90.6000	26.8000
5203.8752	91.0100	24.2000
5291.0934	91.1800	21.4000
5379.7734	91.3400	18.7000
5469.9397	91.3700	15.2000
5561.6173	91.1400	12.2000
5654.8313	90.8800	10.7000
5749.6077	90.6900	9.3000
5845.9725	90.3900	8.3000
5943.9525	90.1400	8.8000
6043.5746	90.1400	9.3000
6144.8664	90.1200	8.7000
6247.8558	89.9900	8.5000
6352.5714	89.9400	9.2000
6459.0421	90.0600	9.9000
6567.2972	90.3000	10.0000
6677.3667	90.5500	9.2000
6789.2810	90.7200	7.7000
6903.0710	90.8600	6.8000
7018.7682	91.1800	5.6000
7136.4045	91.4800	2.5000
7256.0123	91.5000	-1.5000
7377.6249	91.3100	-5.2000
7501.2757	90.9000	-7.7000
7626.9989	90.4700	-7.9000
7754.8293	90.2400	-7.3000
7884.8021	90.2100	-6.0000
8016.9533	90.5500	-5.2000
8151.3194	90.9500	-7.1000
8287.9375	91.1500	-11.0000
8426.8454	91.0500	-15.7000
8568.0814	90.5700	-19.6000
8711.6845	89.8700	-21.0000
8857.6945	89.2600	-19.3000
9006.1516	89.0500	-16.2000
9157.0969	89.2800	-13.7000
9310.5721	89.7900	-13.2000
9466.6196	90.3300	-15.6000
9625.2825	90.5800	-20.7000
9786.6046	90.3100	-26.4000
9950.6305	89.6300	-30.1000
10117.4050	88.7700	-30.3000
10286.9760	88.1200	-27.2000
10459.3880	88.0300	-22.8000
10634.6900	88.4400	-19.9000
10812.9300	89.0100	-19.9000
10994.1570	89.4400	-22.3000
11178.4220	89.5800	-25.8000
11365.7750	89.4200	-28.9000
11556.2680	89.0700	-30.0000
11749.9540	88.8700	-29.0000
11946.8860	89.1200	-27.8000
12147.1190	89.5000	-28.4000
12350.7080	89.7800	-31.4000
12557.7080	89.8700	-35.1000
12768.1790	89.5900	-38.1000
12982.1770	89.1900	-38.8000
13199.7610	89.2200	-37.3000
13420.9920	89.6500	-37.6000
13645.9310	89.9700	-41.8000
13874.6410	89.8400	-46.6000
14107.1830	89.3400	-48.5000
14343.6230	88.9800	-48.2000
14584.0250	89.1100	-48.0000
14828.4570	89.4600	-49.6000
15076.9860	89.5500	-53.0000
15329.6800	89.2600	-55.8000
15586.6090	88.9800	-56.1000
15847.8440	89.0900	-56.1000
16113.4580	89.3800	-57.5000
16383.5240	89.5600	-59.8000
16658.1150	89.5300	-62.1000
16937.3100	89.5100	-63.3000
17221.1830	89.7900	-64.8000
17509.8140	90.1300	-68.5000
17803.2830	90.2300	-73.3000
18101.6700	90.2900	-77.1000
18405.0590	90.4900	-80.5000
18713.5320	90.7200	-85.1000
19027.1760	90.6900	-91.0000
19346.0760	90.3000	-96.4000
19670.3210	89.7900	-100.0000
20000.0000	89.5500	-101.3000