5.0000	49.2700	-60.4000
5.0838	49.6200	-60.4000
5.1690	50.0800	-60.3000
5.2556	50.5800	-60.3000
5.3437	51.0900	-60.3000
5.4333	51.6000	-60.2000
5.5244	52.1300	-60.2000
5.6169	52.6600	-60.2000
5.7111	53.2100	-60.2000
5.8068	53.8000	-60.1000
5.9041	54.4500	-60.1000
6.0031	55.1500	-60.1000
6.1037	55.8800	-60.0000
6.2060	56.6100	-60.0000
6.3100	57.3300	-60.0000
6.4158	58.0500	-59.9000
6.5233	58.7400	-59.9000
6.6326	59.4100	-59.8000
6.7438	60.0400	-59.8000
6.8568	60.6400	-59.8000
6.9717	61.1800	-59.7000
7.0886	61.6600	-59.7000
7.2074	62.0800	-59.6000
7.3282	62.4400	-59.6000
7.4510	62.7600	-59.5000
7.5759	63.0600	-59.5000
7.7029	63.3500	-59.4000
7.8320	63.6300	-59.4000
7.9632	63.8900	-59.3000
8.0967	64.1300	-59.2000
8.2324	64.3300	-59.2000
8.3704	64.5100	-59.1000
8.5107	64.6400	-59.1000
8.6533	64.7100	-59.2000
8.7983	64.7200	-59.8000
8.9458	64.6200	-61.7000
9.0957	64.4000	-65.3000
9.2482	64.0600	-70.7000
9.4032	63.6100	-77.6000
9.5608	63.0500	-85.5000
9.7210	62.4100	-93.7000
9.8840	61.7000	-101.8000
10.0496	60.9300	-109.2000
10.2180	60.0700	-115.3000
10.3893	59.0400	-120.1000
10.5634	57.7100	-124.1000
10.7405	56.0700	-127.6000
10.9205	54.2200	-130.8000
11.1035	52.3000	-134.1000
11.2896	50.5100	-137.7000
11.4788	49.1400	-142.1000
11.6712	48.6300	-147.8000
11.8668	49.1400	-155.8000
12.0657	50.9800	-168.3000
12.2680	53.5200	-8.4000
12.4736	56.2900	166.3000
12.6826	58.9000	151.2000
12.8952	61.0300	140.7000
13.1113	62.5200	137.5000
13.3311	63.4700	142.7000
13.5545	64.1500	161.5000
13.7817	64.7000	-169.5000
14.0127	65.1500	-145.0000
14.2475	65.4700	-117.9000
14.4863	65.6200	-99.9000
14.7291	65.5700	-94.5000
14.9760	65.1900	-100.8000
15.2270	64.5300	-115.9000
15.4822	63.7100	-134.0000
15.7417	62.9500	-150.2000
16.0055	62.4400	-156.6000
16.2737	62.3500	-151.9000
16.5465	62.4500	-130.3000
16.8238	62.7200	-98.0000
17.1058	63.0000	-64.8000
17.3925	63.1300	-40.8000
17.6840	62.9600	-32.9000
17.9804	62.3200	-37.8000
18.2817	61.1300	-49.6000
18.5881	59.4900	-62.4000
18.8997	57.5100	-71.1000
19.2164	55.1400	-73.3000
19.5385	52.1800	-70.1000
19.8660	48.6500	-64.2000
20.1989	45.1700	-59.2000
20.5375	43.9700	-58.4000
20.8817	44.8900	-62.4000
21.2317	48.0100	-71.0000
21.5875	51.1700	-79.7000
21.9493	53.8900	-84.0000
22.3172	56.2300	-82.9000
22.6913	58.1700	-78.3000
23.0716	59.5400	-74.2000
23.4583	60.2300	-76.9000
23.8514	60.4100	-91.9000
24.2512	60.3500	-116.7000
24.6576	60.0800	-139.7000
25.0709	59.3700	-152.6000
25.4911	57.9300	-157.6000
25.9183	56.0100	-160.3000
26.3527	54.6000	-166.0000
26.7944	54.3400	14.4000
27.2435	54.5800	166.5000
27.7001	54.5100	136.9000
28.1644	53.4300	99.7000
28.6364	50.9300	54.3000
29.1164	48.0600	8.5000
29.6044	47.6200	-30.9000
30.1005	49.0800	-63.0000
30.6050	50.4300	-89.2000
31.1180	50.8000	-110.0000
31.6395	50.4000	-127.4000
32.1698	49.6400	-145.7000
32.7090	48.7700	-87.5000
33.2572	47.8300	173.9000
33.8146	46.8900	138.7000
34.3813	46.0000	99.9000
34.9576	45.4800	60.8000
35.5435	45.5700	29.1000
36.1392	46.3500	3.1000
36.7449	47.7700	-23.6000
37.3607	49.4100	-51.7000
37.9869	50.3300	-70.8000
38.6236	50.0300	-73.5000
39.2709	48.9300	-69.2000
39.9291	47.9200	-67.1000
40.5983	47.6300	-67.8000
41.2788	48.6900	-67.4000
41.9706	50.9700	-66.0000
42.6741	53.3000	-72.0000
43.3893	54.8800	-91.1000
44.1165	55.1800	-111.3000
44.8559	54.5000	-126.6000
45.6077	53.6900	-147.4000
46.3721	53.4700	86.8000
47.1493	53.1800	158.4000
47.9395	52.5600	118.8000
48.7430	52.5300	74.1000
49.5600	52.9200	25.5000
50.3906	52.9700	-17.6000
51.2351	52.4900	-47.5000
52.0939	51.7900	-64.0000
52.9670	51.5200	-74.4000
53.8547	52.4900	-80.1000
54.7573	55.1100	-79.3000
55.6751	58.6200	-76.3000
56.6082	62.0100	-84.4000
57.5570	64.5400	-109.9000
58.5216	65.6200	-148.0000
59.5025	65.4200	66.4000
60.4997	64.1800	158.0000
61.5137	62.6600	134.3000
62.5447	61.4000	114.9000
63.5930	60.0800	94.6000
64.6588	58.3100	75.7000
65.7425	56.1800	62.5000
66.8444	54.1600	53.6000
67.9647	53.1900	43.8000
69.1038	52.9800	26.2000
70.2620	52.1900	3.8000
71.4396	50.6000	-14.8000
72.6370	49.3200	-34.3000
73.8544	48.4200	-62.6000
75.0922	46.9900	-100.2000
76.3508	44.3300	-139.6000
77.6304	40.2500	-148.6000
78.9315	37.0200	-137.9000
80.2544	38.2000	-141.2000
81.5995	41.5100	-168.8000
82.9672	44.2200	154.9000
84.3577	45.6700	134.8000
85.7716	46.1900	111.3000
87.2091	46.6200	95.8000
88.6707	47.0900	82.4000
90.1569	46.9500	69.4000
91.6680	46.0800	64.9000
93.2043	46.1200	68.4000
94.7665	47.6800	70.2000
96.3548	49.3100	66.3000
97.9697	50.6800	58.3000
99.6117	51.6700	47.4000
101.2812	52.0200	34.8000
102.9787	51.8600	22.6000
104.7047	51.1200	12.5000
106.4595	49.8400	7.2000
108.2438	48.5600	7.3000
110.0580	47.5700	10.0000
111.9026	46.8300	14.9000
113.7781	46.3300	22.6000
115.6851	46.4900	34.4000
117.6240	48.2600	43.4000
119.5954	49.8000	44.3000
121.5998	50.5200	41.0000
123.6379	51.0100	40.8000
125.7101	51.9300	42.8000
127.8170	53.1500	42.4000
129.9592	54.0100	39.0000
132.1374	54.5400	35.5000
134.3520	54.9700	32.4000
136.6038	55.2400	29.9000
138.8933	55.4400	29.0000
141.2212	55.8300	29.2000
143.5881	56.3800	28.7000
145.9947	56.8900	27.4000
148.4416	57.3000	26.1000
150.9295	57.6600	25.0000
153.4591	58.0000	24.5000
156.0312	58.3900	24.7000
158.6463	58.9800	25.6000
161.3052	59.7800	25.6000
164.0087	60.6200	24.2000
166.7576	61.3500	21.6000
169.5525	62.0200	18.5000
172.3942	62.6100	14.8000
175.2836	63.0600	10.5000
178.2214	63.3700	6.1000
181.2084	63.5400	2.0000
184.2455	63.6200	-1.8000
187.3335	63.6000	-5.3000
190.4733	63.4900	-8.1000
193.6656	63.2900	-10.2000
196.9115	63.0400	-11.1000
200.2118	62.8100	-11.0000
203.5674	62.6800	-9.8000
206.9792	62.6700	-7.8000
210.4483	62.8500	-5.1000
213.9754	63.3000	-2.6000
217.5617	63.9400	-1.2000
221.2081	64.6200	-1.3000
224.9156	65.2400	-2.6000
228.6852	65.6900	-4.9000
232.5181	65.9200	-7.1000
236.4151	66.0900	-8.2000
240.3775	66.3700	-8.6000
244.4063	66.7700	-9.1000
248.5026	67.1900	-10.4000
252.6676	67.5500	-12.4000
256.9023	67.8000	-14.6000
261.2081	67.9500	-16.6000
265.5860	68.0600	-18.1000
270.0373	68.1800	-19.2000
274.5632	68.3400	-20.3000
279.1649	68.4900	-21.8000
283.8438	68.5100	-23.5000
288.6011	68.4200	-24.6000
293.4381	68.2200	-24.3000
298.3562	68.1600	-22.5000
303.3567	68.3300	-20.1000
308.4410	68.7400	-18.2000
313.6106	69.2400	-17.5000
318.8668	69.6900	-17.8000
324.2111	70.0400	-18.8000
329.6449	70.3000	-19.7000
335.1698	70.5000	-20.2000
340.7874	70.7000	-20.5000
346.4991	70.9100	-20.6000
352.3065	71.1200	-20.8000
358.2112	71.2800	-20.8000
364.2149	71.3900	-20.5000
370.3193	71.4900	-19.2000
376.5259	71.7100	-16.8000
382.8366	72.1800	-14.0000
389.2530	72.8800	-11.8000
395.7770	73.6600	-11.2000
402.4103	74.4000	-11.4000
409.1548	75.1200	-12.1000
416.0123	75.8800	-13.3000
422.9848	76.6200	-15.6000
430.0741	77.2400	-19.1000
437.2823	77.6600	-23.1000
444.6112	77.9100	-26.8000
452.0630	78.0800	-29.8000
459.6397	78.2400	-32.4000
467.3434	78.3800	-34.9000
475.1762	78.4800	-37.3000
483.1402	78.5000	-39.7000
491.2378	78.4300	-41.9000
499.4710	78.2100	-43.1000
507.8423	77.9400	-42.5000
516.3539	77.8800	-40.0000
525.0081	78.2200	-37.0000
533.8074	78.8600	-35.6000
542.7541	79.4800	-36.1000
551.8508	79.9100	-38.1000
561.0999	80.1600	-39.9000
570.5041	80.3500	-41.0000
580.0659	80.5600	-41.6000
589.7879	80.7600	-42.1000
599.6729	80.9500	-42.0000
609.7236	81.2300	-41.1000
619.9427	81.7300	-39.8000
630.3331	82.4400	-39.4000
640.8976	83.2400	-40.5000
651.6392	83.9400	-43.5000
662.5609	84.4200	-47.5000
673.6656	84.6500	-51.5000
684.9564	84.7400	-54.4000
696.4364	84.8900	-56.1000
708.1088	85.1700	-57.7000
719.9769	85.5100	-59.9000
732.0439	85.8300	-62.8000
744.3131	86.0300	-66.5000
756.7880	86.0500	-70.3000
769.4720	85.8900	-73.4000
782.3685	85.6600	-74.9000
795.4812	85.5300	-75.5000
808.8137	85.4800	-76.1000
822.3696	85.3700	-76.5000
836.1527	85.2300	-75.5000
850.1668	85.3400	-72.7000
864.4158	85.8700	-70.1000
878.9036	86.6500	-69.4000
893.6343	87.4200	-70.7000
908.6118	88.1100	-73.4000
923.8404	88.7200	-77.2000
939.3242	89.1600	-82.3000
955.0675	89.3000	-88.0000
971.0746	89.2500	-93.1000
987.3501	89.0100	-97.1000
1003.8983	88.7000	-100.2000
1020.7239	88.3500	-102.2000
1037.8315	87.9800	-102.8000
1055.2258	87.7100	-102.2000
1072.9116	87.7300	-100.9000
1090.8939	87.8900	-100.3000
1109.1775	88.0900	-100.3000
1127.7676	88.3700	-100.1000
1146.6693	88.8100	-100.5000
1165.8877	89.3300	-102.4000
1185.4283	89.7400	-106.0000
1205.2964	89.9100	-110.5000
1225.4974	89.8900	-115.1000
1246.0371	89.6500	-118.9000
1266.9209	89.3200	-121.7000
1288.1549	88.9300	-123.6000
1309.7446	88.5400	-124.3000
1331.6963	88.2300	-124.2000
1354.0158	87.9800	-123.7000
1376.7095	87.7800	-122.3000
1399.7835	87.8100	-119.9000
1423.2442	88.1700	-117.8000
1447.0981	88.7400	-117.7000
1471.3518	89.2700	-120.0000
1496.0120	89.5500	-124.2000
1521.0856	89.5400	-128.9000
1546.5793	89.1400	-131.1000
1572.5004	88.7200	-130.8000
1598.8559	88.5900	-129.1000
1625.6531	88.7300	-127.7000
1652.8994	88.9900	-128.1000
1680.6024	89.1300	-129.6000
1708.7697	89.0400	-131.6000
1737.4091	88.7000	-132.7000
1766.5285	88.2900	-131.1000
1796.1360	88.2600	-127.4000
1826.2397	88.7400	-126.0000
1856.8479	89.2900	-128.0000
1887.9691	89.5200	-133.0000
1919.6120	89.1600	-138.7000
1951.7851	88.2600	-141.2000
1984.4975	87.2700	-138.9000
2017.7582	86.7900	-133.9000
2051.5763	86.8300	-129.5000
2085.9612	87.1700	-126.4000
2120.9224	87.7000	-125.4000
2156.4696	88.1400	-127.6000
2192.6126	88.0000	-131.8000
2229.3613	87.1600	-132.8000
2266.7259	86.3000	-126.7000
2304.7168	86.5400	-117.7000
2343.3444	87.5800	-112.6000
2382.6195	88.5600	-112.6000
2422.5528	89.1700	-115.4000
2463.1553	89.3400	-118.7000
2504.4384	89.1300	-119.9000
2546.4134	89.0600	-116.9000
2589.0919	89.8000	-113.2000
2632.4858	90.8100	-114.2000
2676.6069	91.2900	-119.3000
2721.4674	91.2300	-123.5000
2767.0799	91.0600	-125.2000
2813.4568	90.9900	-125.7000
2860.6111	91.0400	-125.4000
2908.5556	91.3200	-125.2000
2957.3037	91.6500	-126.7000
3006.8689	91.7300	-129.2000
3057.2647	91.6300	-130.7000
3108.5052	91.5700	-131.3000
3160.6045	91.5200	-131.3000
3213.5770	91.6100	-130.5000
3267.4374	91.8800	-130.1000
3322.2004	92.1700	-130.5000
3377.8813	92.4700	-131.1000
3434.4954	92.8200	-132.2000
3492.0584	93.1500	-134.0000
3550.5862	93.4300	-136.3000
3610.0949	93.7200	-138.9000
3670.6009	94.0000	-143.1000
3732.1211	93.8800	-148.8000
3794.6724	93.2500	-151.3000
3858.2720	92.9300	-150.1000
3922.9376	93.0600	-151.4000
3988.6870	92.7700	-154.6000
4055.5384	92.1500	-154.1000
4123.5102	92.0600	-151.3000
4192.6212	92.2700	-151.5000
4262.8906	92.0600	-152.3000
4334.3377	91.8900	-149.8000
4406.9822	92.1900	-147.8000
4480.8443	92.5100	-147.8000
4555.9444	92.8100	-148.3000
4632.3031	93.0700	-149.5000
4709.9417	93.2000	-150.6000
4788.8814	93.4300	-150.9000
4869.1443	93.7000	-152.4000
4950.7523	93.8700	-154.0000
5033.7281	94.1200	-155.2000
5118.0947	94.4700	-157.4000
5203.8752	94.6800	-161.0000
5291.0934	94.6700	-164.7000
5379.7734	94.6000	-167.7000
5469.9397	94.4800	-171.2000
5561.6173	94.0900	-174.1000
5654.8313	93.6800	-174.3000
5749.6077	93.5800	-174.2000
5845.9725	93.5300	-175.0000
5943.9525	93.5800	-175.3000
6043.5746	93.7600	-177.1000
6144.8664	93.7000	179.9000
6247.8558	93.5500	178.2000
6352.5714	93.4600	175.5000
6459.0421	93.1200	172.5000
6567.2972	92.6600	171.7000
6677.3667	92.2000	171.8000
6789.2810	91.9000	173.3000
6903.0710	92.0500	175.2000
7018.7682	92.3100	175.4000
7136.4045	92.5100	173.6000
7256.0123	92.6800	170.4000
7377.6249	92.6600	166.8000
7501.2757	92.3500	163.3000
7626.9989	91.7500	160.6000
7754.8293	90.9900	160.2000
7884.8021	90.4200	161.6000
8016.9533	90.1900	164.1000
8151.3194	90.3000	166.7000
8287.9375	90.4900	168.0000
8426.8454	90.5800	167.2000
8568.0814	90.5000	165.3000
8711.6845	90.2500	164.0000
8857.6945	89.9000	163.7000
9006.1516	89.5100	165.6000
9157.0969	89.4900	169.1000
9310.5721	90.0300	171.2000
9466.6196	90.6400	170.0000
9625.2825	90.8800	166.8000
9786.6046	90.7000	163.8000
9950.6305	90.3500	163.1000
10117.4050	90.1100	164.5000
10286.9760	90.2700	165.4000
10459.3880	90.6800	164.8000
10634.6900	90.9300	163.1000
10812.9300	91.0900	161.0000
10994.1570	91.2700	158.6000
11178.4220	91.3300	155.5000
11365.7750	91.1800	153.0000
11556.2680	90.9900	152.3000
11749.9540	91.1200	152.0000
11946.8860	91.4500	149.3000
12147.1190	91.5400	143.6000
12350.7080	91.1800	138.8000
12557.7080	90.5900	138.0000
12768.1790	90.2900	139.1000
12982.1770	90.5400	137.9000
13199.7610	90.7300	133.8000
13420.9920	90.3600	129.5000
13645.9310	89.6300	127.5000
13874.6410	89.2400	128.1000
14107.1830	89.4100	128.1000
14343.6230	89.5200	124.7000
14584.0250	89.1500	120.4000
14828.4570	88.5800	118.7000
15076.9860	88.3900	119.0000
15329.6800	88.4500	117.2000
15586.6090	88.1900	113.3000
15847.8440	87.5900	110.6000
16113.4580	87.0100	109.9000
16383.5240	86.7400	109.6000
16658.1150	86.6200	108.2000
16937.3100	86.3700	106.1000
17221.1830	85.9600	104.7000
17509.8140	85.6800	104.7000
17803.2830	85.6900	103.9000
18101.6700	85.7000	101.2000
18405.0590	85.4900	98.5000
18713.5320	85.2600	96.9000
19027.1760	85.2300	94.1000
19346.0760	84.9600	89.7000
19670.3210	84.3100	87.5000
20000.0000	83.9400	87.6000