20.19895	61.98	127.8
20.53749	63.19	127.2
20.8817	64.34	126.7
21.23169	65.38	126.1
21.58753	66.24	125.5
21.94935	66.89	125
22.31722	67.34	124.4
22.69126	67.62	123.8
23.07158	67.79	123.2
23.45826	67.9	122.6
23.85143	67.99	122.1
24.25118	68.08	121.5
24.65764	68.19	120.9
25.07091	68.35	120.3
25.4911	68.55	119.7
25.91834	68.82	119.1
26.35274	69.14	118.5
26.79441	69.52	118
27.2435	69.93	117.4
27.7001	70.38	116.8
28.16436	70.83	116.2
28.63641	71.29	115.6
29.11636	71.77	115
29.60436	72.26	114.4
30.10053	72.77	113.8
30.60502	73.28	113.3
31.11797	73.78	112.7
31.63952	74.27	112.1
32.1698	74.74	111.5
32.70898	75.2	110.9
33.25719	75.64	110.3
33.81459	76.06	109.8
34.38133	76.44	109.2
34.95757	76.79	108.6
35.54346	77.1	108
36.13918	77.38	107.4
36.74488	77.63	106.8
37.36074	77.85	106.3
37.98691	78.01	105.7
38.62358	78.12	105.1
39.27092	78.18	104.5
39.92911	78.22	104
40.59833	78.22	103.4
41.27877	78.2	102.8
41.97061	78.16	102.2
42.67405	78.09	101.7
43.38928	78	101.1
44.11649	77.93	100.5
44.8559	77.94	99.9
45.60769	78.12	99.3
46.37209	78.48	98.8
47.1493	78.88	98.2
47.93953	79.25	97.6
48.74301	79.59	97
49.55995	79.91	96.5
50.39059	80.21	95.9
51.23515	80.47	95.3
52.09386	80.7	94.7
52.96697	80.89	94.2
53.85471	81.07	93.6
54.75733	81.25	93
55.67507	81.44	92.4
56.6082	81.65	91.9
57.55697	81.86	91.3
58.52164	82.06	90.7
59.50247	82.23	90.1
60.49975	82.39	89.6
61.51374	82.5	89
62.54472	82.56	88.4
63.59299	82.56	87.8
64.65882	82.53	87.2
65.74252	82.51	86.6
66.84438	82.53	86
67.96471	82.64	85.5
69.10382	82.86	84.9
70.26201	83.16	84.3
71.43962	83.51	83.7
72.63697	83.88	83.1
73.85438	84.22	82.5
75.0922	84.5	81.9
76.35076	84.71	81.3
77.63042	84.84	80.7
78.93152	84.9	80.1
80.25443	84.89	79.5
81.59952	84.84	78.8
82.96715	84.78	78.2
84.3577	84.76	77.6
85.77155	84.8	77
87.2091	84.97	76.4
88.67075	85.26	75.7
90.15689	85.63	75.1
91.66795	85.99	74.5
93.20432	86.29	73.8
94.76645	86.48	73.2
96.35476	86.57	72.5
97.96969	86.55	71.9
99.61168	86.48	71.2
101.2812	86.41	70.6
102.9787	86.37	69.9
104.70465	86.39	69.2
106.45952	86.5	68.6
108.24381	86.68	67.9
110.058	86.88	67.2
111.9026	87.06	66.5
113.77812	87.2	65.8
115.68507	87.27	65.1
117.62398	87.26	64.4
119.59538	87.19	63.7
121.59983	87.09	63
123.63787	87.04	62.3
125.71007	87.1	61.6
127.81701	87.25	60.9
129.95924	87.43	60.1
132.13741	87.55	59.4
134.35205	87.57	58.7
136.60384	87.54	57.9
138.89334	87.51	57.2
141.22124	87.52	56.4
143.58813	87.59	55.6
145.99471	87.68	54.9
148.4416	87.79	54.1
150.92953	87.9	53.3
153.45914	87.97	52.6
156.03116	87.98	51.8
158.64629	87.94	51
161.30524	87.91	50.2
164.00874	87.95	49.4
166.75757	88.05	48.6
169.55247	88.13	47.8
172.39421	88.15	47
175.28358	88.14	46.1
178.22137	88.14	45.3
181.2084	88.2	44.5
184.2455	88.29	43.7
187.3335	88.36	42.8
190.47327	88.41	42
193.66563	88.43	41.2
196.91151	88.44	40.3
200.21181	88.46	39.5
203.5674	88.52	38.7
206.97923	88.57	37.9
210.44827	88.56	37.1
213.97543	88.53	36.3
217.56171	88.55	35.5
221.2081	88.64	34.6
224.9156	88.71	33.9
228.68524	88.7	33.1
232.51807	88.65	32.3
236.41512	88.65	31.5
240.3775	88.71	30.7
244.40628	88.74	29.9
248.50259	88.69	29.1
252.66756	88.64	28.4
256.90234	88.73	27.6
261.20807	88.77	26.9
265.58597	88.67	26.2
270.03726	88.6	25.4
274.56317	88.61	24.8
279.16492	88.67	24.1
283.84378	88.65	23.4
288.60107	88.62	22.7
293.43808	88.68	22
298.3562	88.72	21.4
303.35672	88.69	20.7
308.44104	88.73	20.1
313.6106	88.8	19.5
318.86679	88.8	19
324.21106	88.73	18.5
329.64493	88.69	18
335.16986	88.65	17.5
340.78738	88.59	17
346.49905	88.59	16.6
352.30646	88.58	16.2
358.21121	88.54	15.9
364.2149	88.52	15.6
370.31924	88.52	15.3
376.52591	88.48	15
382.83655	88.44	14.8
389.25299	88.42	14.5
395.77698	88.4	14.3
402.41028	88.4	14.2
409.15479	88.39	14
416.01233	88.37	13.9
422.9848	88.35	13.8
430.07413	88.32	13.7
437.28226	88.3	13.6
444.61121	88.3	13.4
452.06302	88.32	13.3
459.63971	88.34	13.2
467.34338	88.34	13.1
475.17618	88.36	13
483.14023	88.37	12.9
491.23779	88.39	12.7
499.47104	88.4	12.6
507.84232	88.42	12.5
516.35388	88.44	12.3
525.00806	88.47	12.2
533.80737	88.5	12
542.75409	88.54	11.7
551.85077	88.57	11.4
561.09991	88.61	11.1
570.50409	88.64	10.7
580.06592	88.66	10.3
589.78796	88.69	9.8
599.67291	88.7	9.3
609.72357	88.7	8.8
619.94275	88.69	8.3
630.33313	88.67	7.8
640.89764	88.63	7.4
651.63922	88.59	7
662.56085	88.55	6.6
673.66559	88.49	6.4
684.95636	88.43	6.3
696.4364	88.38	6.3
708.10883	88.33	6.3
719.97693	88.29	6.5
732.04388	88.26	6.8
744.31317	88.25	7.2
756.78802	88.27	7.6
769.47198	88.31	8
782.36853	88.38	8.4
795.4812	88.46	8.7
808.81366	88.57	8.8
822.36957	88.7	8.8
836.15271	88.83	8.6
850.16681	88.96	8.2
864.41583	89.08	7.6
878.90363	89.19	6.8
893.63428	89.27	5.9
908.61182	89.33	4.8
923.84033	89.36	3.7
939.32416	89.35	2.6
955.06744	89.3	1.5
971.07465	89.22	0.5
987.3501	89.11	-0.3
1003.8983	88.98	-0.9
1020.7239	88.83	-1.2
1037.8315	88.69	-1.1
1055.2258	88.56	-0.8
1072.9116	88.46	-0.3
1090.8939	88.41	0.5
1109.1775	88.41	1.3
1127.7676	88.45	2.1
1146.6693	88.53	2.8
1165.8877	88.65	3.4
1185.4283	88.79	3.6
1205.2964	88.94	3.7
1225.4974	89.08	3.6
1246.0371	89.22	3.3
1266.9209	89.35	2.9
1288.1549	89.47	2.5
1309.7446	89.59	2
1331.6963	89.72	1.5
1354.0157	89.84	1
1376.7095	89.97	0.4
1399.7834	90.11	-0.4
1423.2441	90.25	-1.2
1447.0981	90.39	-2.1
1471.3518	90.53	-3.1
1496.012	90.66	-4.2
1521.0856	90.79	-5.5
1546.5793	90.92	-6.9
1572.5004	91.04	-8.4
1598.856	91.16	-10
1625.6531	91.27	-11.8
1652.8994	91.36	-13.9
1680.6024	91.42	-16.1
1708.7697	91.45	-18.5
1737.4091	91.43	-21.1
1766.5284	91.35	-23.7
1796.136	91.21	-26.3
1826.2397	91.01	-28.7
1856.8479	90.75	-31
1887.9691	90.44	-32.9
1919.6121	90.11	-34.3
1951.7852	89.77	-35.3
1984.4976	89.44	-36
2017.7582	89.14	-36.4
2051.5764	88.87	-36.7
2085.9612	88.6	-36.9
2120.9224	88.33	-37.1
2156.4695	88.03	-37.1
2192.6125	87.72	-36.8
2229.3613	87.41	-35.9
2266.7258	87.16	-34.5
2304.7168	87	-32.8
2343.3445	86.93	-31
2382.6194	86.95	-29.4
2422.5527	87.02	-28
2463.1553	87.13	-26.7
2504.4385	87.31	-25.4
2546.4133	87.59	-24.4
2589.0918	87.97	-24
2632.4858	88.41	-24.5
2676.6069	88.82	-26.3
2721.4673	89.14	-28.9
2767.0798	89.32	-32.1
2813.4568	89.36	-35.3
2860.6111	89.27	-38.3
2908.5557	89.1	-40.6
2957.3037	88.91	-42.4
3006.8689	88.74	-43.7
3057.2646	88.64	-44.8
3108.5051	88.6	-46.2
3160.6045	88.57	-48
3213.5769	88.49	-50.5
3267.4375	88.31	-53.2
3322.2004	88.03	-56
3377.8813	87.66	-58.3
3434.4954	87.24	-60.2
3492.0583	86.83	-61.6
3550.5862	86.42	-62.9
3610.095	86	-64.2
3670.6008	85.5	-65.6
3732.1211	84.87	-66.4
3794.6724	84.16	-66.3
3858.272	83.41	-64.9
3922.9375	82.71	-62.1
3988.687	82.12	-58
4055.5383	81.72	-53.1
4123.5103	81.49	-47.8
4192.6211	81.41	-42.3
4262.8906	81.57	-36.4
4334.3379	82.02	-31.2
4406.9824	82.63	-27.7
4480.8442	83.26	-25.4
4555.9443	83.96	-23.7
4632.3032	84.79	-23.2
4709.9419	85.63	-24.7
4788.8813	86.33	-27.7
4869.1445	86.85	-31.7
4950.7524	87.16	-36.3
5033.728	87.21	-41.1
5118.0947	87.01	-45.2
5203.875	86.66	-48.3
5291.0933	86.2	-50.5
5379.7734	85.61	-51.3
5469.9399	85.03	-50.5
5561.6172	84.53	-48.6
5654.8315	84.07	-45.2
5749.6079	83.91	-39.7
5845.9727	84.16	-34.2
5943.9526	84.58	-29.2
6043.5747	85.2	-23.6
6144.8662	86.22	-17.9
6247.856	87.65	-13.7
6352.5713	89.37	-12.4
6459.042	91.16	-14.2
6567.2974	93.03	-18.6
6677.3667	95	-27
6789.2808	96.82	-40.8
6903.0708	97.98	-60.5
7018.7681	97.87	-83.2
7136.4043	96.19	-103.2
7256.0122	93.44	-113.5
7377.625	90.89	-112.4
7501.2759	89.23	-105.1
7626.999	88.46	-95.4
7754.8291	88.62	-85.9
7884.8022	89.4	-79.7
8016.9531	90.39	-76.8
8151.3193	91.48	-76.1
8287.9375	92.66	-77.4
8426.8457	93.9	-80.3
8568.0811	95.35	-84.6
8711.6846	97.11	-92.8
8857.6943	98.7	-107.7
9006.1514	99.25	-127.1
9157.0967	98.7	-145.1
9310.5723	97.36	-158.9
9466.6191	95.6	-166.3
9625.2822	94.14	-166.6
9786.6045	93.53	-163.6
9950.6309	93.79	-161.5
10117.405	94.69	-163
10286.976	95.96	-170.2
10459.388	97.05	90.5
10634.69	96.97	153.5
10812.93	95.16	133.6
10994.157	92.17	125.4
11178.422	89.85	129.9
11365.775	89.29	139.4
11556.268	90.24	144.3
11749.954	91.87	139.6
11946.886	93.29	124.1
12147.119	93.19	98.8
12350.708	90.18	75.3
12557.708	85.84	74.2
12768.179	84.1	88
12982.177	84.41	94.1
13199.761	84.65	92.2
13420.992	84.45	90
13645.931	84.5	89.9
13874.641	85.48	87.5
14107.183	86.45	74.5
14343.623	85.92	57.6
14584.025	84.23	46.5
14828.457	82.61	43.9
15076.986	81.98	46
15329.68	82.81	47.3
15586.609	84.64	33.7
15847.844	84.12	10.6
16113.458	82.05	-5.7
16383.524	79.68	-12.6
16658.115	77.69	-14.1
16937.311	76.16	-8
17221.184	76.92	3.4
17509.814	80.12	0.7
17803.283	81.79	-24.3
18101.67	80.97	-46.3
18405.059	79.76	-58.4
18713.531	79.38	-65.6
19027.176	80.55	-77.4
19346.076	80.85	-106.2
