99.61168	62.9	-147
101.2812	63.34	-149.9
102.9787	63.75	-152.7
104.70465	64.17	-155.2
106.45952	64.58	-157.6
108.24381	64.98	-159.9
110.058	65.38	-161.9
111.9026	65.79	-164
113.77812	66.19	-166.1
115.68507	66.59	-168.4
117.62398	66.97	-170.7
119.59538	67.32	-173.2
121.59983	67.64	-175.7
123.63787	67.94	-178.5
125.71007	68.22	-12.8
127.81701	68.48	177
129.95925	68.72	174.3
132.1374	68.93	171.9
134.35205	69.12	169.5
136.60383	69.31	167.2
138.89334	69.47	165.1
141.22123	69.63	163.1
143.58813	69.78	161.1
145.9947	69.92	159.3
148.44161	70.05	157.6
150.92953	70.17	156
153.45914	70.3	154.5
156.03116	70.43	153.2
158.64628	70.58	152
161.30523	70.72	150.9
164.00874	70.88	149.8
166.75757	71.04	148.7
169.55247	71.2	147.6
172.39421	71.36	146.4
175.28358	71.52	145.3
178.22137	71.67	144.2
181.2084	71.8	143.1
184.2455	71.92	142.1
187.3335	72.03	141.1
190.47326	72.12	140.3
193.66564	72.2	139.8
196.91152	72.27	139.6
200.2118	72.35	139.8
203.5674	72.46	140.6
206.97924	72.61	141.9
210.44827	72.8	143.7
213.97543	73.06	145.9
217.56171	73.37	148.3
221.2081	73.71	150.6
224.9156	74.11	152.8
228.68524	74.52	155
232.51806	74.96	157.1
236.41512	75.41	159.1
240.3775	75.9	160.8
244.40628	76.39	162
248.50259	76.88	162.6
252.66756	77.36	162.6
256.90233	77.81	162.2
261.20807	78.24	161.4
265.58598	78.64	160.3
270.03727	79.01	158.9
274.56316	79.36	157.3
279.16491	79.67	155.5
283.84378	79.96	153.5
288.60107	80.2	151.4
293.43809	80.41	149.3
298.35619	80.59	147.2
303.35671	80.73	145.2
308.44104	80.84	143.4
313.61059	80.93	141.7
318.86678	81.01	140.3
324.21107	81.07	139.2
329.64492	81.14	138.5
335.16985	81.24	138.3
340.78738	81.37	138.6
346.49906	81.54	139.2
352.30647	81.77	139.8
358.21121	82.05	140.4
364.21492	82.35	140.8
370.31925	82.67	140.8
376.5259	82.99	140.6
382.83656	83.31	140.2
389.253	83.61	139.6
395.77697	83.91	139.1
402.41029	84.19	138.4
409.15479	84.47	137.8
416.01232	84.76	137.3
422.98479	85.07	136.8
430.07412	85.37	136.2
437.28226	85.69	135.3
444.61122	86	134.3
452.06302	86.29	133.2
459.6397	86.56	131.8
467.34338	86.81	130.5
475.17617	87.03	129.1
483.14023	87.23	127.8
491.23778	87.41	126.7
499.47105	87.61	125.9
507.84231	87.81	125.2
516.35387	88.05	124.8
525.00808	88.31	124.3
533.80735	88.59	123.8
542.75409	88.89	123.2
551.85078	89.2	122.4
561.09994	89.51	121.4
570.50411	89.8	120
580.0659	90.08	118.5
589.78794	90.31	116.9
599.67293	90.5	115
609.7236	90.6	112.9
619.94272	90.63	110.9
630.33311	90.61	109.1
640.89765	90.57	107.7
651.63925	90.53	106.8
662.56088	90.54	106.5
673.66556	90.71	106.6
684.95636	91.01	106.2
696.4364	91.37	104.9
708.10884	91.74	103
719.97692	92.14	100.4
732.04391	92.57	97
744.31315	92.89	92.5
756.78802	92.98	87.4
769.47197	92.86	82.8
782.36851	92.55	79
795.4812	92.13	76.7
808.81366	91.71	76
822.36957	91.38	76.8
836.15269	91.3	78.7
850.16681	91.53	80.5
864.41582	91.94	80.9
878.90364	92.35	80.3
893.63428	92.79	79.1
908.61181	93.28	76.6
923.84036	93.64	72.4
939.32415	93.68	67.4
955.06746	93.39	63.4
971.07462	93.03	61.6
987.35007	92.81	61.2
1003.8983	92.79	60.8
1020.7239	92.89	59.4
1037.8315	92.88	56.8
1055.2258	92.64	54.3
1072.9116	92.21	53.1
1090.8939	91.8	54.1
1109.1775	91.67	56.6
1127.7676	91.9	58.4
1146.6693	92.2	58.3
1165.8877	92.38	57.3
1185.4283	92.49	56.4
1205.2964	92.58	55.5
1225.4974	92.65	54.7
1246.0371	92.7	54
1266.9209	92.79	53.5
1288.1549	92.94	53.1
1309.7446	93.18	52.1
1331.6963	93.38	50
1354.0158	93.39	47.4
1376.7095	93.22	45.6
1399.7835	93.07	45.3
1423.2442	93.11	45.3
1447.0981	93.26	44.5
1471.3518	93.38	43
1496.012	93.38	41
1521.0856	93.29	39.7
1546.5793	93.23	39
1572.5004	93.28	38.4
1598.8559	93.41	37.1
1625.6531	93.48	34.6
1652.8994	93.34	31.8
1680.6024	93.03	29.9
1708.7697	92.69	29.3
1737.4091	92.42	29.7
1766.5285	92.37	30.6
1796.136	92.47	30.5
1826.2397	92.55	29.2
1856.8479	92.49	27.5
1887.9691	92.36	25.8
1919.612	92.12	23.9
1951.7851	91.65	22.5
1984.4975	91.05	23.3
2017.7582	90.66	26
2051.5763	90.54	28.7
2085.9612	90.55	30.8
2120.9224	90.66	32.5
2156.4696	90.78	33.2
2192.6126	90.79	33.4
2229.3613	90.67	34.2
2266.7259	90.6	36.4
2304.7168	90.74	39.1
2343.3444	91.08	41.3
2382.6195	91.55	42.2
2422.5528	91.93	41.7
2463.1553	92.19	41.2
2504.4384	92.44	40.8
2546.4134	92.78	40.4
2589.0919	93.17	39
2632.4858	93.44	36.4
2676.6069	93.54	33.6
2721.4674	93.52	31.1
2767.0799	93.41	29
2813.4568	93.25	27.4
2860.6111	93.08	26.4
2908.5556	92.91	25.6
2957.3037	92.69	25.1
3006.8689	92.43	25.4
3057.2647	92.25	26.7
3108.5052	92.26	28.5
3160.6045	92.45	29.5
3213.577	92.59	29.2
3267.4374	92.6	29.1
3322.2004	92.61	29.6
3377.8813	92.71	30.6
3434.4954	92.99	31.6
3492.0584	93.39	31.2
3550.5862	93.71	29.4
3610.0949	93.87	27
3670.6009	93.87	24.6
3732.1211	93.78	22.8
3794.6724	93.67	21.4
3858.272	93.54	20.3
3922.9376	93.34	19.4
3988.687	93.12	19.6
4055.5384	93.09	20.6
4123.5102	93.23	20.3
4192.6212	93.21	18.4
4262.8906	92.87	17.3
4334.3377	92.51	18.3
4406.9822	92.42	19.7
4480.8443	92.32	20.1
4555.9444	92.01	21.4
4632.3031	91.86	25.3
4709.9417	92.2	29.2
4788.8814	92.7	30.8
4869.1443	93.06	31.8
4950.7523	93.6	33.6
5033.7281	94.4	33.5
5118.0947	95.02	30.4
5203.8752	95.28	26.9
5291.0934	95.51	24
5379.7734	95.71	19.9
5469.9397	95.51	15.1
5561.6173	95.01	13.2
5654.8313	94.77	13
5749.6077	94.57	11.9
5845.9725	94.19	12.7
5943.9525	94.24	15.3
6043.5746	94.5	15.1
6144.8664	94.49	14.9
6247.8558	94.67	15.9
6352.5714	95	15.2
6459.0421	95.19	13.9
6567.2972	95.43	12.1
6677.3667	95.5	9.1
6789.281	95.3	7.1
6903.071	95.14	6.5
7018.7682	95.02	6.4
7136.4045	95.01	7.4
7256.0123	95.24	7.9
7377.6249	95.51	7.6
7501.2757	95.94	6.7
7626.9989	96.3	3.4
7754.8293	96.38	-0.4
7884.8021	96.3	-4.3
8016.9533	95.94	-7.1
8151.3194	95.57	-8.3
8287.9375	95.15	-8.5
8426.8454	94.92	-6.5
8568.0814	95.08	-4.8
8711.6845	95.42	-4.3
8857.6945	95.91	-5.4
9006.1516	96.22	-8.9
9157.0969	96.23	-13.4
9310.5721	95.8	-17.1
9466.6196	95.23	-17.6
9625.2825	94.89	-15.9
9786.6046	95.04	-13.3
9950.6305	95.52	-12.9
10117.405	96.1	-15.2
10286.976	96.28	-20.6
10459.388	96	-25.7
10634.69	95.33	-28.3
10812.93	94.76	-27.2
10994.157	94.69	-24.3
11178.422	95.1	-23.8
11365.775	95.43	-26.4
11556.268	95.39	-30.3
11749.954	95.12	-32.7
11946.886	94.8	-33.7
12147.119	94.55	-33.5
12350.708	94.56	-32.5
12557.708	94.78	-32.9
12768.179	94.9	-35.3
12982.177	94.73	-37.2
13199.761	94.47	-37.2
13420.992	94.45	-35.9
13645.931	94.78	-34.8
13874.641	95.31	-35.7
14107.183	95.72	-38.9
14343.623	95.82	-43.1
14584.025	95.65	-45.8
14828.457	95.73	-46.9
15076.986	96.06	-49.2
15329.68	96.27	-54
15586.609	96.15	-59.4
15847.844	95.73	-63.2
16113.458	95.41	-63.9
16383.524	95.6	-65.4
16658.115	95.74	-70.3
16937.31	95.38	-75.6
17221.183	94.74	-78
17509.814	94.44	-78.3
17803.283	94.51	-80.6
18101.67	94.23	-85.8
18405.059	93.36	-88.6
18713.532	92.63	-86.7
19027.176	92.58	-85.5
19346.076	92.51	-88.2
19670.321	91.88	-90.7
20000	91.39	-90.2
