5	37.78	-39.8
5.04102	37.71	-42.8
5.11035	37.59	-48
5.18062	37.45	-53.9
5.25186	37.32	-59.9
5.32408	37.18	-66.1
5.3973	37.05	-72.4
5.47152	36.92	-78.9
5.54676	36.82	-85.5
5.62304	36.72	-92.3
5.70036	36.65	-99.3
5.77875	36.61	-106.5
5.85822	36.59	-113.9
5.93878	36.59	-121.8
6.02044	36.61	-130.4
6.10323	36.63	-139.7
6.18716	36.65	-150.7
6.27224	36.69	-157.6
6.3585	36.73	-148.2
6.44594	36.78	-72.2
6.53458	36.83	144.3
6.62444	36.89	154
6.71553	36.96	147.6
6.80788	37.02	132.9
6.9015	37.09	121.6
6.99641	37.17	110.4
7.09262	37.25	99.5
7.19015	37.33	88.9
7.28903	37.41	78.6
7.38926	37.54	68.8
7.49088	37.75	59.2
7.59389	38.05	49.7
7.69832	38.39	40.4
7.80418	38.74	31.2
7.9115	39.1	22.1
8.02029	39.45	13
8.13058	39.76	4
8.24239	40.03	-5.1
8.35574	40.26	-14.1
8.47064	40.45	-23.1
8.58713	40.58	-32.3
8.70521	40.66	-41.6
8.82492	40.66	-51.2
8.94628	40.62	-61.7
9.0693	40.47	-73.4
9.19402	40.25	-85.8
9.32045	39.98	-98.4
9.44862	39.64	-110.8
9.57855	39.24	-122.5
9.71027	38.78	-133.1
9.8438	38.27	-142.2
9.97917	37.74	-149.1
10.1164	37.2	-153.2
10.25552	36.66	-154.6
10.39654	36.09	-151.8
10.53951	35.41	-144.6
10.68445	34.59	-133.1
10.83137	33.59	-119.2
10.98032	32.36	-104.4
11.13132	30.84	-89.8
11.28439	28.96	-76.7
11.43957	26.7	-65.9
11.59688	24.64	-59.7
11.75635	24.61	-59.2
11.91802	25.92	-61.6
12.08191	28.87	-71.1
12.24806	30.96	-84
12.41649	32.52	-99.6
12.58723	33.68	-116.8
12.76032	34.51	-134.9
12.9358	35.07	-157
13.11368	35.27	-154.7
13.29402	35.3	-77.1
13.47683	35.14	155.7
13.66216	34.8	139.4
13.85003	34.33	120.1
14.04049	33.74	102
14.23357	33.04	87.5
14.4293	32.28	76.6
14.62773	31.51	75.8
14.82888	30.66	78.5
15.0328	29.6	93.6
15.23952	28.17	121.4
15.44909	26.22	121
15.66154	23.43	27.5
15.87691	19.86	-142.8
16.09524	16.26	-130.8
16.31657	18.58	-108.1
16.54095	22.21	-81.4
16.76841	25.29	-55.6
16.999	27.36	-31.7
17.23277	28.87	-12.9
17.46974	30.08	-5.8
17.70998	31.2	-5.2
17.95352	32.39	-16.4
18.20041	33.52	-35.4
18.45069	34.4	-57.9
18.70441	34.97	-79.6
18.96163	35.25	-97.5
19.22238	35.01	-110
19.48671	34.32	-121
19.75469	32.91	-130.8
20.02634	30.77	-138.8
20.30174	27.97	-143.7
20.58091	27.85	-143.3
20.86393	28.67	-139.6
21.15084	31.04	-130
21.4417	32.67	-119.1
21.73656	33.52	-111.8
22.03547	33.8	-110.2
22.33849	33.87	-110.3
22.64568	33.88	-113.7
22.95709	33.9	-117.5
23.27278	33.99	-120.9
23.59282	34.42	-123.6
23.91725	36.01	-125.5
24.24615	37.55	-127.2
24.57957	38.51	-129.3
24.91758	38.84	-132.5
25.26023	38.71	-138
25.6076	38.25	-146.3
25.95974	37.74	-153.2
26.31673	37.55	-155.9
26.67862	37.74	-155.6
27.0455	38.42	-151.6
27.41741	39.03	-147.5
27.79444	39.28	-146.3
28.17666	39.32	-148.7
28.56413	39.16	-156.7
28.95693	39.02	-163.6
29.35513	38.99	-165.3
29.75881	39.09	-162.1
30.16804	39.35	-153.1
30.58289	39.69	-148.7
31.00345	40.12	-148.7
31.4298	40.64	-154.1
31.86201	41.13	-161.8
32.30016	41.37	-162.4
32.74433	41.47	-161.3
33.19462	41.55	-156.6
33.65109	41.73	-154
34.11385	42.35	-157.3
34.58296	43.17	-164
35.05853	43.6	-168.8
35.54064	43.39	-169.6
36.02938	42.67	-168.7
36.52483	42.36	-167.8
37.02711	42.39	-167.5
37.53628	43.33	-167.6
38.05246	43.71	-167.3
38.57574	43.74	-166.4
39.10622	43.72	-164.9
39.64399	43.83	-164
40.18915	44.75	-164.7
40.74181	45.55	-166
41.30208	45.79	-167.7
41.87004	45.75	-169.5
42.44582	45.81	-170.8
43.02951	46.17	-171.4
43.62123	46.69	-171.9
44.22109	46.93	-172.8
44.8292	46.77	-175.4
45.44567	46.77	-175.7
46.07061	46.92	-175.2
46.70415	47.33	-173.6
47.34641	47.57	-174.4
47.99749	47.77	-175.7
48.65753	47.97	-176
49.32664	48.21	-175.7
50.00496	48.47	-175.6
50.6926	48.73	-176.1
51.3897	49.02	-176.9
52.09639	49.32	-177.4
52.81279	49.59	-178
53.53905	49.82	-161.3
54.27529	50	-28.5
55.02166	50.14	163.8
55.77829	50.26	178.4
56.54532	50.38	178.9
57.32291	50.6	178.9
58.11118	50.9	178.7
58.9103	51.13	178.2
59.7204	51.23	177.8
60.54165	51.44	177.8
61.37419	51.72	177.9
62.21818	51.92	177.4
63.07377	52.09	177
63.94113	52.33	177.2
64.82042	52.62	177.3
65.7118	52.87	176.2
66.61543	53.06	176.4
67.5315	53.28	176.3
68.46016	53.52	175.9
69.40159	53.73	175.5
70.35596	53.92	175.7
71.32346	54.21	175.5
72.30427	54.46	175.1
73.29856	54.64	174.8
74.30653	54.93	174.9
75.32835	55.19	174.5
76.36423	55.42	174
77.41436	55.63	173.8
78.47892	55.89	173.3
79.55812	56.09	173
80.65217	56.32	172.9
81.76126	56.57	172.8
82.8856	56.82	172.3
84.0254	57.07	172
85.18088	57.31	171.6
86.35224	57.54	171.1
87.53971	57.76	170.9
88.74352	57.99	170.4
89.96387	58.2	170.1
91.20101	58.41	169.9
92.45517	58.65	169.5
93.72656	58.88	169.3
95.01544	59.11	168.9
96.32205	59.34	168.5
97.64662	59.56	168.2
98.98941	59.78	167.7
100.35067	60	167.4
101.73064	60.21	167.1
103.12959	60.42	166.7
104.54778	60.62	166.5
105.98547	60.83	166.2
107.44293	61.05	166.1
108.92043	61.3	166.1
110.41825	61.54	165.7
111.93667	61.79	165.3
113.47596	62.02	164.9
115.03643	62.23	164.5
116.61835	62.46	164.1
118.22203	62.67	163.8
119.84776	62.88	163.4
121.49585	63.09	163
123.1666	63.3	162.8
124.86033	63.52	162.5
126.57735	63.73	162.3
128.31798	63.94	162
130.08254	64.17	161.8
131.87137	64.39	161.5
133.68481	64.61	161.2
135.52317	64.84	161
137.38682	65.07	160.7
139.2761	65.3	160.3
141.19135	65.53	160
143.13295	65.75	159.6
145.10124	65.96	159.2
147.0966	66.19	158.9
149.1194	66.4	158.5
151.17002	66.61	158.2
153.24884	66.83	157.8
155.35624	67.04	157.5
157.49262	67.25	157.1
159.65838	67.46	156.8
161.85393	67.67	156.5
164.07966	67.88	156.2
166.336	68.09	155.9
168.62338	68.31	155.6
170.9422	68.53	155.3
173.29291	68.75	155
175.67595	68.96	154.7
178.09176	69.18	154.4
180.54079	69.4	154.1
183.0235	69.62	153.8
185.54035	69.8	153.5
188.09181	70	153.2
190.67836	70.22	152.8
193.30047	70.43	152.5
195.95865	70.65	152.2
198.65337	70.87	151.8
201.38516	71.09	151.4
204.15451	71.3	151
206.96194	71.51	150.7
209.80798	71.73	150.4
212.69315	71.95	150
215.61801	72.16	149.7
218.58308	72.38	149.3
221.58893	72.6	148.9
224.63611	72.81	148.6
227.72519	73.02	148.2
230.85676	73.24	147.8
234.03139	73.45	147.4
237.24967	73.66	147
240.51221	73.87	146.7
243.81962	74.09	146.4
247.17251	74.31	146
250.5715	74.52	145.6
254.01724	74.74	145.2
257.51036	74.95	144.8
261.05151	75.16	144.4
264.64137	75.36	144
268.28058	75.57	143.7
271.96985	75.77	143.3
275.70984	75.98	143
279.50127	76.2	142.7
283.34483	76.42	142.4
287.24125	76.63	142.1
291.19125	76.86	141.7
295.19557	77.08	141.4
299.25496	77.31	141
303.37016	77.6	140.6
307.54196	77.88	140
311.77113	78.15	139.2
316.05845	78.39	138.2
320.40473	78.6	137.2
324.81078	78.77	136
329.27742	78.87	134.9
333.80548	78.89	134.2
338.39581	78.89	134
343.04926	78.88	134.7
347.76671	78.95	136.3
352.54902	79.19	138.3
357.3971	79.63	140
362.31185	80.13	140.8
367.29419	80.64	140.8
372.34504	81.14	140.5
377.46534	81.62	139.4
382.65606	82.07	137.6
387.91816	82.42	135.3
393.25262	82.67	132.8
398.66044	82.81	130.3
404.14262	82.86	128.2
409.70019	82.81	126.7
415.33419	82.7	126.3
421.04566	82.62	126.3
426.83567	82.61	127.7
432.70531	82.75	129.6
438.65566	83.08	131.6
444.68783	83.61	133.1
450.80296	84.27	133.8
457.00218	84.93	133.1
463.28665	85.51	131.3
469.65754	85.96	128.5
476.11604	86.26	125.5
482.66336	86.45	122.9
489.30071	86.62	120.7
496.02933	86.77	118.7
502.85048	86.92	116.7
509.76543	87.02	114.6
516.77548	87.02	112.5
523.88192	86.99	110.9
531.08609	86.86	110.1
538.38932	86.72	110.5
545.79299	86.74	111.9
553.29847	86.92	114.2
560.90715	87.45	116
568.62047	88.17	116
576.43986	88.79	114.7
584.36678	89.24	112
592.40271	89.55	108.9
600.54914	89.76	106.2
608.80759	89.94	103.9
617.17962	90.11	101.7
625.66677	90.28	99.5
634.27063	90.43	97.1
642.99281	90.5	94.8
651.83493	90.54	92.8
660.79864	90.58	91
669.88562	90.65	89.1
679.09756	90.66	86.9
688.43618	90.61	84.7
697.90321	90.43	83.5
707.50044	90.21	83.2
717.22963	90.22	84.3
727.09262	90.36	85.7
737.09124	90.77	86.2
747.22736	91.33	85.6
757.50286	91.79	83.2
767.91967	92.09	79.9
778.47973	92.22	76.2
789.185	92.25	72.5
800.03748	92.04	69.4
811.0392	91.79	67.4
822.19222	91.56	66.5
833.4986	91.44	66.2
844.96046	91.42	66.1
856.57995	91.52	65.9
868.35921	91.71	65.3
880.30046	91.91	63.8
892.40592	92	61.9
904.67785	92.09	60.5
917.11854	92.21	58.9
929.7303	92.37	57.1
942.51549	92.49	54.6
955.4765	92.44	51.7
968.61575	92.25	49.4
981.93568	91.96	48.4
995.43877	91.78	48.3
1009.1276	91.76	48.2
1023.0046	91.77	47.8
1037.0724	91.8	47.1
1051.3338	91.83	46.1
1065.7912	91.82	45
1080.4474	91.77	44.1
1095.3052	91.72	43.5
1110.3673	91.71	43.3
1125.6365	91.8	43
1141.1157	91.95	42.1
1156.8078	92.05	40.6
1172.7156	92.09	38.6
1188.8422	92.03	36.9
1205.1906	91.97	35.2
1221.7638	91.87	33.5
1238.5649	91.69	32
1255.597	91.47	30.9
1272.8634	91.26	30.3
1290.3672	91.06	29.9
1308.1117	90.89	29.7
1326.1002	90.74	29.7
1344.3361	90.62	29.7
1362.8227	90.48	29.6
1381.5636	90.28	29.5
1400.5622	90	30.5
1419.822	89.91	32.6
1439.3467	89.96	34.9
1459.1399	90.25	36.2
1479.2053	90.6	36.6
1499.5466	90.87	35.7
1520.1676	91	34.4
1541.0722	91.08	33.2
1562.2643	91.15	32.1
1583.7478	91.15	30.8
1605.5267	91.11	29.4
1627.6051	90.96	28.6
1649.9871	90.76	28.3
1672.6769	90.65	29.1
1695.6788	90.67	29.9
1718.9969	90.77	30.3
1742.6357	90.91	30.4
1766.5996	91.05	29.8
1790.893	91.13	29.1
1815.5205	91.19	28.4
1840.4866	91.27	27.6
1865.7961	91.3	26.4
1891.4536	91.29	25.3
1917.4639	91.25	24
1943.832	91.12	22.7
1970.5626	90.86	22.1
1997.6608	90.57	22.7
2025.1317	90.5	24.3
2052.9803	90.52	25.9
2081.2118	90.77	26.9
2109.8316	90.98	26.7
2138.845	91.17	26.3
2168.2574	91.34	25.5
2198.0742	91.46	23.9
2228.301	91.42	22.6
2258.9435	91.35	22
2290.0074	91.31	21.8
2321.4985	91.36	22
2353.4226	91.52	21.7
2385.7857	91.7	20.8
2418.5938	91.78	19
2451.8531	91.74	16.9
2485.5698	91.59	15.5
2519.7502	91.43	14.8
2554.4005	91.28	14.5
2589.5274	91.16	14.4
2625.1373	91.13	15
2661.2369	91.2	15.2
2697.8329	91.4	15
2734.9322	91.59	13.4
2772.5416	91.62	10.6
2810.6683	91.47	7.8
2849.3192	91.11	5.9
2888.5016	90.71	5.1
2928.2229	90.3	5.1
2968.4904	89.93	5.8
3009.3116	89.66	7.2
3050.6942	89.51	8.9
3092.6458	89.41	10.1
3135.1744	89.33	11.8
3178.2877	89.36	13.8
3221.994	89.56	15.6
3266.3013	89.91	16.3
3311.2178	90.22	15.6
3356.7521	90.37	14
3402.9125	90.4	12
3449.7077	90.2	10.5
3497.1464	89.93	10.8
3545.2374	89.88	11.8
3593.9898	89.92	12.8
3643.4125	90.11	13.2
3693.515	90.31	12.5
3744.3064	90.44	11.3
3795.7962	90.47	9.6
3847.9941	90.44	7.9
3900.9099	90.32	5.9
3954.5533	90.07	4
4008.9343	89.66	3.4
4064.0632	89.17	3.7
4119.9502	88.79	6
4176.6058	88.78	9
4234.0404	88.9	10.5
4292.2649	89.12	10.9
4351.29	89.15	10.4
4411.1268	89.12	10.6
4471.7864	89.11	11.1
4533.2802	89.17	11.6
4595.6197	89.27	11.7
4658.8164	89.33	11.7
4722.8821	89.42	11.7
4787.8289	89.58	11.8
4853.6688	89.78	10.7
4920.414	89.78	8.8
4988.0772	89.71	7.7
5056.6707	89.6	7.2
5126.2076	89.66	6.9
5196.7007	89.69	5.2
5268.1632	89.6	2.9
5340.6084	89.26	1.6
5414.0498	88.87	1.4
5488.5011	88.55	2.1
5563.9763	88.35	3.7
5640.4894	88.31	5.6
5718.0546	88.55	6.9
5796.6865	88.79	5.7
5876.3997	88.76	4
5957.209	88.61	3
6039.1296	88.46	2.7
6122.1768	88.38	2.2
6206.366	88.31	1.7
6291.7129	88.24	0.7
6378.2334	88.11	-1
6465.9437	87.66	-2.1
6554.8602	87.18	-1.2
6644.9994	86.91	0.8
6736.3782	86.82	2.5
6829.0136	86.77	3.7
6922.9228	86.78	4.6
7018.1235	86.81	5.4
7114.6332	86.86	5.8
7212.4702	87.07	6
7311.6525	87.24	4.5
7412.1988	87.2	1.9
7514.1277	86.88	0
7617.4583	86.45	-0.5
7722.2098	86.07	0.1
7828.4019	85.73	1.5
7936.0542	85.59	3.8
8045.1869	85.7	6.1
8155.8204	86.06	6.1
8267.9752	86.28	4.5
8381.6724	86.28	0.5
8496.933	85.77	-2.3
8613.7787	85.24	-3.5
8732.2311	84.64	-3.5
8852.3125	84.01	-2.9
8974.0451	83.44	-0.4
9097.4518	83.16	3.8
9222.5555	83.2	6.3
9349.3795	83.29	7
9477.9476	83.32	6.8
9608.2837	83.13	6
9740.4121	82.81	4.9
9874.3574	82.22	4.9
10010.145	81.42	7.6
10147.799	81.01	13.8
10287.347	81.23	19.4
10428.813	81.67	21.2
10572.225	81.98	21.3
10717.609	82.04	19.2
10864.993	81.71	18
11014.403	81.07	18.7
11165.867	80.67	22.6
11319.415	80.69	27.3
11475.074	80.94	30.3
11632.874	81.38	30.7
11792.843	81.62	29.9
11955.013	81.61	26.6
12119.412	81.07	26.6
12286.072	80.69	28.1
12455.024	80.62	31.5
12626.3	80.81	33.2
12799.93	81.16	32.8
12975.949	81.18	30.5
13154.387	81.01	27.3
13335.28	80.38	26
13518.66	79.87	27.3
13704.562	79.71	29.1
13893.021	79.71	29.5
14084.071	79.87	27.5
14277.748	79.59	21.9
14474.089	78.83	18
14673.129	77.87	15.2
14874.907	77.05	12.4
15079.459	76.2	5.9
15286.825	75.03	-6.5
15497.041	73.22	-27.3
15710.149	71.72	-61
15926.187	72.23	-117.4
16145.197	74.44	-111.4
16367.217	77.22	-15.4
16592.291	79	138.1
16820.46	79.69	114.9
17051.767	79.94	103.1
17286.255	80.02	94.8
17523.967	80.04	87.9
17764.948	79.98	81.6
18009.242	79.53	77.3
18256.897	78.96	75.6
18507.957	78.68	75
18762.469	78.65	74.8
19020.481	78.57	72.4
19282.041	78.23	70.2
19547.199	77.98	69.6
19816.002	78.03	70.1
20088.502	78.13	66.2
20364.749	77.83	61.7
20644.795	77.41	60.8
20928.692	77.31	64.1
21216.493	78.48	63.1
21508.252	79.47	56.7
21804.023	80.25	44.5
22103.861	80.78	30.6
22407.823	80.89	10.3
22715.964	80.18	-9.9
23028.343	78.97	-27
23345.017	78.03	-41.8
23666.047	77.37	-59.3
23991.491	76.22	-72.4
24321.41	75.93	-82.2
24655.866	76.21	-91.4
24994.921	76.58	-104.8
25338.639	77.18	-113.2
25687.084	78.35	-121.4
26040.32	80.06	-132
26398.413	81.53	-147.1
26761.431	83	-167.3
27129.442	84.09	-34.6
27502.512	84.75	156.6
27880.713	85.08	129.1
28264.115	84.89	101.6
28652.789	83.98	75.8
29046.809	82.14	54.1
29446.246	80.16	37.4
29851.176	77.76	25.6
30261.675	75.48	29.1
30677.819	74.81	39.6
31099.685	76.15	46.3
31527.353	78.21	39.4
31960.901	79.55	26.2
32400.412	80.46	9.5
32845.966	81	-7.1
33297.648	80.89	-24
33755.541	80.47	-39.1
34219.731	79.49	-52
34690.303	77.88	-59.4
35167.348	75.8	-59
35650.952	74.8	-52.2
36141.206	74.87	-43.2
36638.202	76.04	-39.3
37142.033	77.3	-40.4
37652.792	78.75	-44.7
38170.574	80.35	-53.9
38695.477	81.94	-69.5
39227.599	83.28	-91.9
39767.037	83.8	-108.8
40000	83.95	-115.3
