5.00000	56.337	65.960
5.07273	56.381	65.958
5.14651	56.437	65.957
5.22137	56.513	65.954
5.29732	56.596	65.951
5.37437	56.689	65.948
5.45254	56.781	65.945
5.53185	56.874	65.942
5.61231	56.966	65.939
5.69394	57.058	65.935
5.77676	57.151	65.932
5.86079	57.243	65.929
5.94604	57.336	65.925
6.03252	57.428	65.922
6.12027	57.520	65.919
6.20929	57.613	65.915
6.29961	57.705	65.911
6.39124	57.798	65.908
6.48420	57.890	65.904
6.57851	57.982	65.900
6.67420	58.075	65.896
6.77128	58.167	65.893
6.86977	58.260	65.889
6.96969	58.352	65.885
7.07107	58.444	65.881
7.17392	58.537	65.877
7.27827	58.629	65.872
7.38413	58.722	65.868
7.49154	58.814	65.864
7.60050	58.906	65.860
7.71105	58.999	65.855
7.82321	59.091	65.851
7.93701	59.184	65.846
8.05245	59.276	65.842
8.16958	59.368	65.837
8.28841	59.461	65.832
8.40896	59.553	65.827
8.53128	59.646	65.823
8.65537	59.738	65.818
8.78126	59.830	65.813
8.90899	59.923	65.808
9.03857	60.015	65.802
9.17004	60.108	65.797
9.30342	60.200	65.792
9.43874	60.292	65.786
9.57603	60.385	65.781
9.71532	60.477	65.775
9.85663	60.570	65.770
10.0000	60.662	65.764
10.1455	60.754	65.758
10.2930	60.847	65.753
10.4427	60.939	65.747
10.5946	61.032	65.741
10.7487	61.124	65.734
10.9051	61.216	65.728
11.0637	61.309	65.722
11.2246	61.401	65.716
11.3879	61.494	65.709
11.5535	61.586	65.702
11.7216	61.678	65.696
11.8921	61.771	65.689
12.0650	61.863	65.682
12.2405	61.956	65.675
12.4186	62.048	65.668
12.5992	62.140	65.661
12.7825	62.233	65.654
12.9684	62.325	65.646
13.1570	62.418	65.639
13.3484	62.510	65.631
13.5426	62.602	65.623
13.7395	62.695	65.615
13.9394	62.787	65.606
14.1421	62.880	65.598
14.3478	62.972	65.589
14.5565	63.064	65.581
14.7683	63.157	65.572
14.9831	63.249	65.563
15.2010	63.342	65.554
15.4221	63.434	65.544
15.6464	63.526	65.535
15.8740	63.619	65.525
16.1049	63.711	65.516
16.3392	63.804	65.506
16.5768	63.896	65.496
16.8179	63.988	65.486
17.0626	64.081	65.475
17.3107	64.173	65.465
17.5625	64.266	65.454
17.8180	64.358	65.444
18.0771	64.451	65.433
18.3401	64.543	65.422
18.6068	64.635	65.411
18.8775	64.728	65.399
19.1521	64.820	65.388
19.4306	64.913	65.376
19.7133	65.005	65.364
20.0000	65.097	65.352
20.2909	65.190	65.340
20.5860	65.282	65.328
20.8855	65.375	65.315
21.1893	65.467	65.302
21.4975	65.559	65.289
21.8102	65.652	65.276
22.1274	65.744	65.263
22.4492	65.837	65.249
22.7758	65.929	65.236
23.1071	66.021	65.222
23.4432	66.114	65.208
23.7841	66.206	65.193
24.1301	66.299	65.179
24.4811	66.391	65.164
24.8372	66.483	65.149
25.1984	66.576	65.134
25.5649	66.668	65.119
25.9368	66.761	65.103
26.3141	66.853	65.087
26.6968	66.945	65.071
27.0851	67.038	65.055
27.4791	67.130	65.038
27.8788	67.223	65.022
28.2843	67.315	65.005
28.6957	67.407	64.987
29.1131	67.500	64.970
29.5365	67.592	64.952
29.9661	67.685	64.934
30.4020	67.777	64.916
30.8442	67.869	64.897
31.2929	67.962	64.878
31.7480	68.054	64.859
32.2098	68.147	64.840
32.6783	68.239	64.820
33.1536	68.331	64.800
33.6359	68.424	64.780
34.1251	68.516	64.760
34.6215	68.609	64.739
35.1250	68.701	64.718
35.6359	68.793	64.696
36.1543	68.886	64.674
36.6802	68.978	64.652
37.2137	69.071	64.630
37.7550	69.163	64.607
38.3041	69.255	64.584
38.8613	69.348	64.561
39.4265	69.440	64.537
40.0000	69.533	64.513
40.5818	69.625	64.489
41.1721	69.717	64.464
41.7710	69.810	64.439
42.3785	69.902	64.413
42.9949	69.995	64.388
43.6203	70.087	64.361
44.2548	70.179	64.335
44.8985	70.272	64.308
45.5515	70.364	64.280
46.2141	70.457	64.253
46.8863	70.549	64.224
47.5683	70.641	64.196
48.2602	70.734	64.167
48.9621	70.826	64.137
49.6743	70.919	64.107
50.3968	71.011	64.077
51.1299	71.103	64.046
51.8736	71.196	64.015
52.6281	71.288	63.983
53.3936	71.381	63.951
54.1702	71.473	63.919
54.9581	71.565	63.886
55.7575	71.658	63.852
56.5685	71.750	63.818
57.3914	71.843	63.784
58.2261	71.935	63.749
59.0730	72.027	63.713
59.9323	72.120	63.677
60.8040	72.212	63.640
61.6884	72.305	63.603
62.5857	72.397	63.566
63.4960	72.489	63.527
64.4196	72.582	63.489
65.3566	72.674	63.449
66.3073	72.767	63.409
67.2717	72.859	63.369
68.2502	72.951	63.328
69.2429	73.044	63.286
70.2501	73.136	63.244
71.2719	73.229	63.201
72.3086	73.321	63.158
73.3603	73.414	63.113
74.4274	73.506	63.069
75.5099	73.598	63.023
76.6083	73.691	62.977
77.7226	73.783	62.930
78.8531	73.876	62.883
80.0000	73.968	62.835
81.1636	74.060	62.786
82.3442	74.153	62.736
83.5419	74.245	62.686
84.7570	74.338	62.635
85.9899	74.430	62.583
87.2406	74.522	62.530
88.5096	74.615	62.477
89.7970	74.707	62.423
91.1031	74.800	62.368
92.4282	74.892	62.312
93.7726	74.984	62.256
95.1366	75.077	62.199
96.5204	75.169	62.141
97.9243	75.262	62.082
99.3486	75.354	62.022
100.794	75.446	61.961
102.260	75.539	61.899
103.747	75.631	61.837
105.256	75.724	61.773
106.787	75.816	61.709
108.340	75.908	61.644
109.916	76.001	61.577
111.515	76.093	61.510
113.137	76.186	61.442
114.783	76.278	61.373
116.452	76.370	61.302
118.146	76.463	61.231
119.865	76.555	61.159
121.608	76.648	61.085
123.377	76.740	61.011
125.171	76.832	60.935
126.992	76.925	60.859
128.839	77.017	60.781
130.713	77.110	60.702
132.615	77.202	60.622
134.543	77.294	60.541
136.500	77.387	60.458
138.486	77.479	60.375
140.500	77.572	60.290
142.544	77.664	60.204
144.617	77.756	60.116
146.721	77.849	60.027
148.855	77.941	59.937
151.020	78.034	59.846
153.217	78.126	59.753
155.445	78.218	59.659
157.706	78.311	59.564
160.000	78.403	59.467
162.327	78.496	59.369
164.688	78.588	59.269
167.084	78.680	59.168
169.514	78.773	59.065
171.980	78.865	58.961
174.481	78.958	58.855
177.019	79.050	58.748
179.594	79.142	58.639
182.206	79.235	58.528
184.856	79.327	58.416
187.545	79.420	58.302
190.273	79.512	58.187
193.041	79.604	58.070
195.849	79.697	57.951
198.697	79.789	57.830
201.587	79.882	57.707
204.520	79.974	57.583
207.494	80.066	57.457
210.512	80.159	57.329
213.574	80.251	57.199
216.681	80.344	57.067
219.833	80.436	56.933
223.030	80.528	56.797
226.274	80.621	56.659
229.565	80.713	56.519
232.905	80.806	56.377
236.292	80.898	56.232
239.729	80.990	56.086
243.216	81.083	55.937
246.754	81.175	55.786
250.343	81.268	55.633
253.984	81.360	55.478
257.678	81.452	55.320
261.426	81.545	55.160
265.229	81.637	54.997
269.087	81.730	54.832
273.001	81.822	54.664
276.972	81.914	54.494
281.000	82.007	54.321
285.088	82.099	54.146
289.234	82.192	53.968
293.441	82.284	53.787
297.709	82.376	53.604
302.040	82.469	53.417
306.433	82.561	53.228
310.890	82.654	53.036
315.412	82.746	52.841
320.000	82.839	52.642
324.655	82.931	52.441
329.377	83.023	52.237
334.168	83.116	52.029
339.028	83.208	51.819
343.959	83.301	51.605
348.962	83.393	51.387
354.038	83.485	51.166
359.188	83.578	50.942
364.412	83.670	50.714
369.713	83.763	50.483
375.090	83.855	50.248
380.546	83.947	50.009
386.081	84.040	49.767
391.697	84.132	49.520
397.394	84.225	49.270
403.175	84.317	49.015
409.039	84.409	48.757
414.989	84.502	48.494
421.025	84.594	48.227
427.149	84.687	47.956
433.362	84.779	47.681
439.665	84.871	47.401
446.060	84.964	47.116
452.548	85.056	46.827
459.131	85.149	46.533
465.809	85.241	46.234
472.584	85.333	45.930
479.458	85.426	45.622
486.432	85.518	45.309
493.507	85.611	44.990
500.686	85.703	44.666
507.968	85.795	44.337
515.357	85.888	44.003
522.853	85.980	43.662
530.458	86.073	43.311
538.174	86.166	42.947
546.002	86.260	42.561
553.943	86.358	42.152
562.001	86.460	41.720
570.175	86.564	41.271
578.469	86.670	40.811
586.883	86.774	40.349
595.419	86.878	39.887
604.080	86.984	39.414
612.866	87.093	38.920
621.780	87.202	38.395
630.824	87.308	37.831
640.000	87.406	37.231
649.309	87.492	36.602
658.753	87.568	35.954
668.335	87.639	35.299
678.056	87.708	34.647
687.919	87.775	34.008
697.925	87.839	33.396
708.077	87.899	32.820
718.376	87.956	32.280
728.825	88.008	31.773
739.426	88.059	31.289
750.181	88.108	30.813
761.093	88.158	30.345
772.163	88.209	29.890
783.394	88.264	29.464
794.789	88.327	29.074
806.349	88.397	28.709
818.078	88.478	28.348
829.977	88.563	27.951
842.050	88.652	27.507
854.298	88.750	27.017
866.724	88.851	26.482
879.330	88.959	25.906
892.120	89.071	25.274
905.097	89.179	24.554
918.262	89.280	23.702
931.618	89.353	22.763
945.169	89.399	21.813
958.917	89.429	20.909
972.864	89.451	20.129
987.015	89.483	19.477
1001.37	89.539	18.897
1015.94	89.619	18.296
1030.71	89.703	17.595
1045.71	89.770	16.789
1060.92	89.816	15.883
1076.35	89.837	14.930
1092.00	89.847	14.001
1107.89	89.861	13.125
1124.00	89.890	12.304
1140.35	89.932	11.523
1156.94	89.983	10.730
1173.77	90.027	9.908
1190.84	90.058	9.076
1208.16	90.082	8.240
1225.73	90.097	7.425
1243.56	90.112	6.651
1261.65	90.136	5.881
1280.00	90.169	5.059
1298.62	90.200	4.129
1317.51	90.211	3.084
1336.67	90.185	2.046
1356.11	90.127	1.152
1375.84	90.059	0.481
1395.85	90.019	0.064
1416.15	90.047	-0.295
1436.75	90.145	-0.853
1457.65	90.269	-1.835
1478.85	90.348	-3.248
1500.36	90.332	-4.805
1522.19	90.214	-6.193
1544.33	90.023	-7.115
1566.79	89.843	-7.363
1589.58	89.750	-7.162
1612.70	89.767	-6.932
1636.16	89.872	-7.047
1659.95	89.993	-7.732
1684.10	90.065	-8.841
1708.60	90.060	-10.060
1733.45	89.985	-11.178
1758.66	89.879	-11.990
1784.24	89.784	-12.452
1810.19	89.734	-12.706
1836.52	89.732	-12.896
1863.24	89.768	-13.169
1890.34	89.830	-13.600
1917.83	89.905	-14.244
1945.73	89.984	-15.128
1974.03	90.056	-16.232
2002.74	90.107	-17.557
2031.87	90.131	-19.072
2061.43	90.099	-20.722
2091.41	90.012	-22.376
2121.83	89.873	-23.891
2152.69	89.690	-25.145
2184.01	89.490	-26.035
2215.77	89.292	-26.545
2248.00	89.117	-26.735
2280.70	88.976	-26.732
2313.87	88.865	-26.636
2347.53	88.796	-26.492
2381.68	88.757	-26.379
2416.32	88.750	-26.329
2451.46	88.771	-26.394
2487.12	88.801	-26.608
2523.30	88.845	-26.961
2560.00	88.888	-27.488
2597.24	88.921	-28.154
2635.01	88.947	-28.929
2673.34	88.958	-29.818
2712.23	88.944	-30.790
2751.68	88.911	-31.783
2791.70	88.856	-32.762
2832.31	88.774	-33.662
2873.50	88.674	-34.391
2915.30	88.563	-34.896
2957.70	88.462	-35.168
3000.72	88.389	-35.261
3044.37	88.350	-35.259
3088.65	88.356	-35.282
3133.58	88.393	-35.432
3179.16	88.451	-35.730
3225.40	88.526	-36.235
3272.31	88.601	-36.916
3319.91	88.686	-37.759
3368.20	88.776	-38.842
3417.19	88.859	-40.131
3466.89	88.923	-41.672
3517.32	88.947	-43.426
3568.48	88.917	-45.274
3620.39	88.829	-47.129
3673.05	88.683	-48.826
3726.47	88.495	-50.253
3780.67	88.287	-51.322
3835.67	88.084	-51.992
3891.46	87.920	-52.333
3948.06	87.832	-52.520
4005.49	87.812	-52.827
4063.75	87.845	-53.513
4122.86	87.876	-54.715
4182.82	87.840	-56.308
4243.66	87.719	-57.985
4305.39	87.518	-59.465
4368.01	87.277	-60.461
4431.55	87.067	-60.903
4496.01	86.922	-61.014
4561.40	86.860	-61.108
4627.75	86.864	-61.455
4695.06	86.891	-62.206
4763.35	86.912	-63.377
4832.64	86.896	-64.872
4902.93	86.822	-66.558
4974.24	86.687	-68.275
5046.60	86.489	-69.853
5120.00	86.250	-71.144
5194.47	86.003	-72.059
5270.03	85.783	-72.684
5346.68	85.601	-73.194
5424.45	85.457	-73.767
5503.35	85.320	-74.539
5583.40	85.156	-75.418
5664.61	84.960	-76.258
5747.01	84.733	-76.916
5830.60	84.503	-77.286
5915.41	84.306	-77.410
6001.45	84.150	-77.450
6088.74	84.036	-77.526
6177.30	83.948	-77.758
6267.15	83.857	-78.144
6358.31	83.752	-78.597
6450.80	83.641	-79.005
6544.62	83.536	-79.350
6639.82	83.459	-79.624
6736.40	83.428	-79.988
6834.38	83.432	-80.575
6933.79	83.451	-81.517
7034.64	83.445	-82.790
7136.96	83.401	-84.252
7240.77	83.313	-85.790
7346.09	83.197	-87.306
7452.94	83.087	-88.817
7561.35	82.989	-90.501
7671.33	82.891	-92.498
7782.91	82.750	-94.862
7896.12	82.506	-97.421
8010.97	82.152	-99.887
8127.49	81.691	-101.980
8245.71	81.174	-103.431
8365.65	80.669	-104.201
8487.33	80.213	-104.515
8610.78	79.823	-104.660
8736.03	79.473	-104.875
8863.09	79.129	-105.297
8992.01	78.768	-105.880
9122.80	78.368	-106.546
9255.50	77.910	-107.156
9390.12	77.375	-107.467
9526.70	76.774	-107.191
9665.27	76.147	-105.954
9805.86	75.578	-103.523
9948.49	75.179	-100.214
10093.2	74.975	-96.716
10240.0	74.956	-93.799
10388.9	75.033	-91.942
10540.1	75.096	-91.043
10693.4	75.099	-90.692
10848.9	75.025	-90.506
11006.7	74.891	-90.245
11166.8	74.729	-89.746
11329.2	74.566	-88.967
11494.0	74.426	-87.944
11661.2	74.341	-86.695
11830.8	74.344	-85.464
12002.9	74.426	-84.572
12177.5	74.559	-84.323
12354.6	74.671	-84.857
12534.3	74.696	-85.968
12716.6	74.613	-87.367
12901.6	74.415	-88.711
13089.2	74.129	-89.646
13279.6	73.817	-90.087
13472.8	73.504	-90.016
13668.8	73.213	-89.515
13867.6	72.973	-88.754
14069.3	72.791	-87.893
14273.9	72.653	-87.145
14481.5	72.546	-86.689
14692.2	72.424	-86.551
14905.9	72.256	-86.620
15122.7	72.022	-86.720
15342.7	71.722	-86.617
15565.8	71.377	-86.088
15792.2	71.007	-85.007
16021.9	70.638	-83.196
16255.0	70.320	-80.552
16491.4	70.115	-77.193
16731.3	70.058	-73.602
16974.7	70.146	-70.348
17221.6	70.331	-67.897
17472.1	70.510	-66.234
17726.2	70.616	-64.844
17984.0	70.663	-63.076
18245.6	70.715	-60.314
18511.0	70.949	-56.527
18780.2	71.468	-52.737
19053.4	72.266	-50.388
19330.5	73.222	-50.328
19611.7	74.086	-52.328
19897.0	74.730	-55.490
20186.4	75.144	-58.986
20480.0	75.334	-62.138
20777.9	75.453	-64.523
21080.1	75.635	-66.247
21386.7	75.939	-67.886
21697.8	76.371	-70.011
22013.4	76.870	-73.056
22333.6	77.368	-77.087
22658.4	77.826	-82.072
22988.0	78.194	-87.932
23322.4	78.445	-94.493
23661.6	78.558	-101.636
24005.8	78.515	-109.290
24355.0	78.303	-117.400
24709.2	77.908	-125.870
25068.6	77.328	-134.684
25433.2	76.531	-143.800
25803.2	75.401	-153.164
26178.5	73.808	-162.135
26559.3	71.703	-170.148
26945.6	69.015	-176.811
27337.5	65.761	-179.691
27735.2	62.507	-173.043
28138.6	60.327	-150.146
28547.9	59.752	-123.156
28963.1	60.316	-111.453
29384.4	60.931	-109.181
29811.8	61.001	-110.091
30245.4	60.450	-111.611
30685.3	59.262	-111.533
31131.7	57.711	-106.808
31584.5	56.331	-95.263
32043.9	55.493	-77.146
32510.0	55.456	-55.868
32982.8	56.281	-36.310
33462.6	57.850	-20.004
33949.3	59.851	-8.959
34443.1	62.118	-2.428
34944.1	64.379	0.165
35452.4	66.536	-0.047
35968.0	68.577	-2.643
36491.2	70.407	-6.996
37022.0	72.058	-12.900
37560.5	73.503	-19.956
38106.8	74.632	-26.798
38661.1	75.501	-33.534
39223.4	76.066	-38.594
39793.9	76.466	-42.585
