5.00000	-6.873	-144.168
5.07273	-6.729	-144.177
5.14651	-6.542	-144.188
5.22137	-6.292	-144.202
5.29732	-6.017	-144.218
5.37437	-5.714	-144.236
5.45254	-5.411	-144.254
5.53185	-5.108	-144.272
5.61231	-4.805	-144.291
5.69394	-4.502	-144.310
5.77676	-4.199	-144.329
5.86079	-3.896	-144.348
5.94604	-3.592	-144.368
6.03252	-3.289	-144.388
6.12027	-2.986	-144.408
6.20929	-2.683	-144.429
6.29961	-2.380	-144.449
6.39124	-2.077	-144.471
6.48420	-1.774	-144.492
6.57851	-1.471	-144.514
6.67420	-1.168	-144.536
6.77128	-0.865	-144.558
6.86977	-0.562	-144.581
6.96969	-0.259	-144.604
7.07107	0.044	-144.627
7.17392	0.347	-144.651
7.27827	0.650	-144.675
7.38413	0.953	-144.699
7.49154	1.257	-144.724
7.60050	1.560	-144.749
7.71105	1.863	-144.774
7.82321	2.166	-144.800
7.93701	2.469	-144.827
8.05245	2.772	-144.853
8.16958	3.075	-144.880
8.28841	3.378	-144.907
8.40896	3.681	-144.935
8.53128	3.984	-144.963
8.65537	4.287	-144.992
8.78126	4.590	-145.021
8.90899	4.893	-145.050
9.03857	5.196	-145.080
9.17004	5.499	-145.110
9.30342	5.803	-145.141
9.43874	6.106	-145.172
9.57603	6.409	-145.204
9.71532	6.712	-145.236
9.85663	7.015	-145.268
10.0000	7.318	-145.301
10.1455	7.621	-145.335
10.2930	7.924	-145.369
10.4427	8.227	-145.403
10.5946	8.530	-145.438
10.7487	8.833	-145.474
10.9051	9.136	-145.510
11.0637	9.439	-145.546
11.2246	9.742	-145.583
11.3879	10.045	-145.621
11.5535	10.348	-145.659
11.7216	10.652	-145.698
11.8921	10.955	-145.737
12.0650	11.258	-145.777
12.2405	11.561	-145.817
12.4186	11.864	-145.858
12.5992	12.167	-145.900
12.7825	12.470	-145.942
12.9684	12.773	-145.985
13.1570	13.076	-146.029
13.3484	13.379	-146.073
13.5426	13.682	-146.117
13.7395	13.985	-146.163
13.9394	14.288	-146.209
14.1421	14.591	-146.255
14.3478	14.894	-146.302
14.5565	15.197	-146.350
14.7683	15.501	-146.399
14.9831	15.804	-146.448
15.2010	16.107	-146.498
15.4221	16.410	-146.549
15.6464	16.713	-146.601
15.8740	17.016	-146.653
16.1049	17.319	-146.706
16.3392	17.622	-146.760
16.5768	17.925	-146.814
16.8179	18.228	-146.870
17.0626	18.531	-146.926
17.3107	18.834	-146.983
17.5625	19.137	-147.041
17.8180	19.440	-147.100
18.0771	19.743	-147.159
18.3401	20.046	-147.220
18.6068	20.350	-147.281
18.8775	20.653	-147.344
19.1521	20.956	-147.407
19.4306	21.259	-147.471
19.7133	21.562	-147.536
20.0000	21.865	-147.602
20.2909	22.168	-147.669
20.5860	22.471	-147.737
20.8855	22.774	-147.806
21.1893	23.077	-147.876
21.4975	23.380	-147.947
21.8102	23.683	-148.019
22.1274	23.986	-148.092
22.4492	24.289	-148.166
22.7758	24.592	-148.242
23.1071	24.896	-148.318
23.4432	25.199	-148.396
23.7841	25.502	-148.474
24.1301	25.805	-148.554
24.4811	26.108	-148.635
24.8372	26.411	-148.718
25.1984	26.714	-148.801
25.5649	27.017	-148.886
25.9368	27.320	-148.972
26.3141	27.623	-149.059
26.6968	27.926	-149.148
27.0851	28.229	-149.238
27.4791	28.532	-149.329
27.8788	28.835	-149.421
28.2843	29.138	-149.515
28.6957	29.441	-149.611
29.1131	29.745	-149.707
29.5365	30.048	-149.806
29.9661	30.351	-149.905
30.4020	30.654	-150.006
30.8442	30.957	-150.109
31.2929	31.260	-150.213
31.7480	31.563	-150.319
32.2098	31.866	-150.427
32.6783	32.169	-150.536
33.1536	32.472	-150.646
33.6359	32.775	-150.759
34.1251	33.078	-150.873
34.6215	33.381	-150.989
35.1250	33.684	-151.106
35.6359	33.987	-151.225
36.1543	34.290	-151.347
36.6802	34.594	-151.469
37.2137	34.897	-151.594
37.7550	35.200	-151.721
38.3041	35.503	-151.850
38.8613	35.806	-151.980
39.4265	36.109	-152.113
40.0000	36.412	-152.248
40.5818	36.715	-152.385
41.1721	37.018	-152.523
41.7710	37.321	-152.665
42.3785	37.624	-152.808
42.9949	37.927	-152.953
43.6203	38.230	-153.101
44.2548	38.533	-153.251
44.8985	38.836	-153.403
45.5515	39.139	-153.558
46.2141	39.443	-153.716
46.8863	39.746	-153.875
47.5683	40.049	-154.038
48.2602	40.352	-154.202
48.9621	40.655	-154.370
49.6743	40.958	-154.540
50.3968	41.261	-154.713
51.1299	41.564	-154.889
51.8736	41.867	-155.067
52.6281	42.170	-155.249
53.3936	42.473	-155.433
54.1702	42.776	-155.621
54.9581	43.079	-155.811
55.7575	43.382	-156.005
56.5685	43.685	-156.202
57.3914	43.989	-156.402
58.2261	44.292	-156.606
59.0730	44.595	-156.813
59.9323	44.898	-157.024
60.8040	45.201	-157.238
61.6884	45.504	-157.457
62.5857	45.807	-157.679
63.4960	46.110	-157.905
64.4196	46.413	-158.135
65.3566	46.716	-158.369
66.3073	47.019	-158.607
67.2717	47.322	-158.850
68.2502	47.625	-159.098
69.2429	47.928	-159.350
70.2501	48.231	-159.607
71.2719	48.534	-159.870
72.3086	48.838	-160.137
73.3603	49.141	-160.411
74.4274	49.444	-160.689
75.5099	49.747	-160.974
76.6083	50.050	-161.265
77.7226	50.353	-161.563
78.8531	50.656	-161.868
80.0000	50.959	-162.180
81.1636	51.262	-162.500
82.3442	51.565	-162.829
83.5419	51.868	-163.167
84.7570	52.171	-163.514
85.9899	52.474	-163.873
87.2406	52.777	-164.244
88.5096	53.080	-164.629
89.7970	53.383	-165.029
91.1031	53.687	-165.449
92.4282	53.990	-165.893
93.7726	54.293	-166.370
95.1366	54.595	-166.897
96.5204	54.896	-167.486
97.9243	55.191	-168.152
99.3486	55.474	-168.869
100.794	55.743	-169.608
102.260	55.992	-170.331
103.747	56.222	-170.974
105.256	56.427	-171.457
106.787	56.622	-171.721
108.340	56.818	-171.793
109.916	57.029	-171.678
111.515	57.269	-171.452
113.137	57.537	-171.259
114.783	57.830	-171.173
116.452	58.144	-171.244
118.146	58.461	-171.549
119.865	58.791	-172.022
121.608	59.137	-172.594
123.377	59.495	-173.228
125.171	59.866	-173.856
126.992	60.249	-174.451
128.839	60.627	-175.055
130.713	60.987	-175.702
132.615	61.308	-176.406
134.543	61.581	-177.135
136.500	61.808	-177.872
138.486	61.999	-178.564
140.500	62.176	-179.141
142.544	62.355	-179.592
144.617	62.551	-179.902
146.721	62.762	179.882
148.855	62.976	179.720
151.020	63.194	179.601
153.217	63.416	179.512
155.445	63.645	179.485
157.706	63.893	179.522
160.000	64.162	179.570
162.327	64.451	179.609
164.688	64.749	179.578
167.084	65.052	179.486
169.514	65.355	179.355
171.980	65.667	179.194
174.481	65.991	178.986
177.019	66.327	178.714
179.594	66.668	178.328
182.206	67.009	177.841
184.856	67.341	177.285
187.545	67.663	176.661
190.273	67.971	176.008
193.041	68.275	175.342
195.849	68.576	174.666
198.697	68.873	174.002
201.587	69.174	173.323
204.520	69.479	172.605
207.494	69.779	171.841
210.512	70.062	171.025
213.574	70.325	170.169
216.681	70.566	169.361
219.833	70.779	168.703
223.030	70.985	168.209
226.274	71.195	167.965
229.565	71.429	167.936
232.905	71.711	168.024
236.292	72.044	168.104
239.729	72.440	167.938
243.216	72.882	167.356
246.754	73.324	166.315
250.343	73.736	164.926
253.984	74.099	163.387
257.678	74.405	161.836
261.426	74.667	160.418
265.229	74.906	159.167
269.087	75.141	158.014
273.001	75.382	156.889
276.972	75.630	155.728
281.000	75.884	154.469
285.088	76.113	153.096
289.234	76.295	151.711
293.441	76.420	150.485
297.709	76.493	149.594
302.040	76.551	149.203
306.433	76.653	149.310
310.890	76.838	149.664
315.412	77.110	149.968
320.000	77.448	150.012
324.655	77.818	149.669
329.377	78.180	148.997
334.168	78.521	148.106
339.028	78.833	147.123
343.959	79.118	146.103
348.962	79.393	145.108
354.038	79.662	144.132
359.188	79.933	143.175
364.412	80.210	142.244
369.713	80.497	141.279
375.090	80.792	140.244
380.546	81.095	139.101
386.081	81.394	137.797
391.697	81.679	136.330
397.394	81.940	134.763
403.175	82.169	133.180
409.039	82.364	131.629
414.989	82.533	130.216
421.025	82.696	128.955
427.149	82.863	127.780
433.362	83.037	126.682
439.665	83.219	125.606
446.060	83.407	124.559
452.548	83.600	123.557
459.131	83.806	122.603
465.809	84.027	121.650
472.584	84.265	120.607
479.458	84.510	119.400
486.432	84.741	118.024
493.507	84.947	116.545
500.686	85.134	115.077
507.968	85.302	113.691
515.357	85.468	112.436
522.853	85.645	111.266
530.458	85.835	110.105
538.174	86.042	108.876
546.002	86.258	107.529
553.943	86.482	106.079
562.001	86.708	104.533
570.175	86.933	102.924
578.469	87.155	101.303
586.883	87.377	99.681
595.419	87.598	98.066
604.080	87.820	96.453
612.866	88.041	94.840
621.780	88.262	93.227
630.824	88.484	91.614
640.000	88.705	90.001
649.309	88.927	88.388
658.753	89.148	86.775
668.335	89.366	85.160
678.056	89.576	83.548
687.919	89.766	81.934
697.925	89.924	80.317
708.077	90.055	78.693
718.376	90.165	77.036
728.825	90.261	75.322
739.426	90.354	73.548
750.181	90.447	71.707
761.093	90.535	69.802
772.163	90.613	67.854
783.394	90.681	65.879
794.789	90.742	63.889
806.349	90.798	61.887
818.078	90.846	59.863
829.977	90.877	57.814
842.050	90.880	55.737
854.298	90.846	53.699
866.724	90.780	51.755
879.330	90.687	49.967
892.120	90.591	48.411
905.097	90.512	47.053
918.262	90.456	45.812
931.618	90.425	44.621
945.169	90.414	43.372
958.917	90.408	42.024
972.864	90.398	40.561
987.015	90.372	38.996
1001.37	90.319	37.379
1015.94	90.236	35.756
1030.71	90.116	34.260
1045.71	89.975	32.965
1060.92	89.835	31.886
1076.35	89.702	31.024
1092.00	89.592	30.292
1107.89	89.503	29.590
1124.00	89.422	28.882
1140.35	89.336	28.166
1156.94	89.242	27.504
1173.77	89.146	26.952
1190.84	89.057	26.520
1208.16	88.986	26.171
1225.73	88.937	25.864
1243.56	88.905	25.532
1261.65	88.883	25.129
1280.00	88.861	24.665
1298.62	88.834	24.162
1317.51	88.802	23.640
1336.67	88.766	23.132
1356.11	88.731	22.655
1375.84	88.706	22.201
1395.85	88.692	21.777
1416.15	88.691	21.373
1436.75	88.706	20.952
1457.65	88.720	20.506
1478.85	88.730	20.021
1500.36	88.728	19.528
1522.19	88.717	19.064
1544.33	88.713	18.614
1566.79	88.715	18.146
1589.58	88.723	17.638
1612.70	88.738	17.056
1636.16	88.746	16.376
1659.95	88.735	15.674
1684.10	88.712	15.017
1708.60	88.686	14.398
1733.45	88.656	13.817
1758.66	88.629	13.241
1784.24	88.598	12.629
1810.19	88.557	12.018
1836.52	88.509	11.468
1863.24	88.457	10.995
1890.34	88.409	10.602
1917.83	88.369	10.261
1945.73	88.327	9.954
1974.03	88.285	9.685
2002.74	88.244	9.498
2031.87	88.216	9.421
2061.43	88.212	9.388
2091.41	88.233	9.294
2121.83	88.270	9.084
2152.69	88.309	8.712
2184.01	88.336	8.213
2215.77	88.350	7.646
2248.00	88.350	7.077
2280.70	88.342	6.509
2313.87	88.322	5.991
2347.53	88.296	5.541
2381.68	88.269	5.145
2416.32	88.245	4.813
2451.46	88.228	4.519
2487.12	88.222	4.210
2523.30	88.219	3.882
2560.00	88.219	3.529
2597.24	88.219	3.160
2635.01	88.219	2.779
2673.34	88.219	2.389
2712.23	88.219	1.990
2751.68	88.219	1.581
2791.70	88.219	1.163
2832.31	88.219	0.735
2873.50	88.219	0.293
2915.30	88.219	-0.165
2957.70	88.219	-0.647
3000.72	88.217	-1.164
3044.37	88.210	-1.720
3088.65	88.190	-2.314
3133.58	88.159	-2.894
3179.16	88.114	-3.417
3225.40	88.062	-3.852
3272.31	88.015	-4.178
3319.91	87.979	-4.432
3368.20	87.957	-4.671
3417.19	87.948	-4.939
3466.89	87.942	-5.279
3517.32	87.935	-5.681
3568.48	87.913	-6.132
3620.39	87.880	-6.571
3673.05	87.835	-6.969
3726.47	87.783	-7.274
3780.67	87.740	-7.454
3835.67	87.712	-7.561
3891.46	87.704	-7.625
3948.06	87.720	-7.733
4005.49	87.743	-7.961
4063.75	87.769	-8.287
4122.86	87.788	-8.731
4182.82	87.793	-9.244
4243.66	87.782	-9.768
4305.39	87.759	-10.250
4368.01	87.733	-10.650
4431.55	87.710	-10.991
4496.01	87.697	-11.270
4561.40	87.706	-11.554
4627.75	87.724	-11.945
4695.06	87.739	-12.455
4763.35	87.739	-13.055
4832.64	87.714	-13.683
4902.93	87.669	-14.232
4974.24	87.623	-14.646
5046.60	87.585	-14.944
5120.00	87.578	-15.177
5194.47	87.593	-15.463
5270.03	87.616	-15.870
5346.68	87.642	-16.393
5424.45	87.661	-17.035
5503.35	87.668	-17.764
5583.40	87.668	-18.553
5664.61	87.657	-19.420
5747.01	87.628	-20.318
5830.60	87.575	-21.215
5915.41	87.500	-22.048
6001.45	87.406	-22.781
6088.74	87.306	-23.396
6177.30	87.205	-23.907
6267.15	87.116	-24.353
6358.31	87.034	-24.754
6450.80	86.958	-25.116
6544.62	86.889	-25.468
6639.82	86.825	-25.796
6736.40	86.770	-26.145
6834.38	86.720	-26.560
6933.79	86.669	-27.016
7034.64	86.620	-27.525
7136.96	86.560	-28.088
7240.77	86.489	-28.623
7346.09	86.410	-29.139
7452.94	86.323	-29.634
7561.35	86.228	-30.054
7671.33	86.125	-30.429
7782.91	86.021	-30.759
7896.12	85.921	-31.011
8010.97	85.826	-31.235
8127.49	85.740	-31.433
8245.71	85.666	-31.611
8365.65	85.599	-31.799
8487.33	85.541	-32.018
8610.78	85.482	-32.277
8736.03	85.424	-32.594
8863.09	85.365	-32.942
8992.01	85.292	-33.335
9122.80	85.212	-33.717
9255.50	85.121	-34.044
9390.12	85.021	-34.285
9526.70	84.926	-34.440
9665.27	84.836	-34.522
9805.86	84.760	-34.582
9948.49	84.705	-34.684
10093.2	84.659	-34.909
10240.0	84.618	-35.231
10388.9	84.573	-35.654
10540.1	84.515	-36.154
10693.4	84.439	-36.666
10848.9	84.346	-37.194
11006.7	84.238	-37.737
11166.8	84.111	-38.255
11329.2	83.968	-38.719
11494.0	83.814	-39.079
11661.2	83.651	-39.314
11830.8	83.484	-39.403
12002.9	83.319	-39.346
12177.5	83.160	-39.203
12354.6	83.003	-38.963
12534.3	82.857	-38.600
12716.6	82.723	-38.148
12901.6	82.600	-37.611
13089.2	82.501	-36.956
13279.6	82.430	-36.266
13472.8	82.378	-35.576
13668.8	82.349	-34.889
13867.6	82.335	-34.238
14069.3	82.332	-33.611
14273.9	82.339	-32.963
14481.5	82.367	-32.240
14692.2	82.431	-31.466
14905.9	82.548	-30.713
15122.7	82.723	-30.102
15342.7	82.957	-29.794
15565.8	83.232	-29.902
15792.2	83.523	-30.492
16021.9	83.821	-31.564
16255.0	84.106	-33.099
16491.4	84.381	-35.107
16731.3	84.635	-37.582
16974.7	84.858	-40.555
17221.6	85.048	-44.035
17472.1	85.186	-48.103
17726.2	85.244	-52.756
17984.0	85.196	-57.921
18245.6	85.008	-63.501
18511.0	84.654	-69.326
18780.2	84.101	-75.219
19053.4	83.348	-80.955
19330.5	82.395	-86.395
19611.7	81.228	-91.363
19897.0	79.853	-95.718
20186.4	78.261	-99.252
20480.0	76.400	-101.613
20777.9	74.255	-102.195
21080.1	71.864	-99.925
21386.7	69.389	-92.524
21697.8	67.316	-74.396
22013.4	66.380	-39.665
22333.6	67.082	-6.667
22658.4	68.927	9.787
22988.0	71.231	16.582
23322.4	73.535	17.896
23661.6	75.590	15.960
24005.8	77.285	11.675
24355.0	78.544	5.802
24709.2	79.327	-0.831
25068.6	79.633	-7.622
25433.2	79.457	-13.935
25803.2	78.884	-18.856
26178.5	78.051	-21.432
26559.3	77.202	-20.662
26945.6	76.631	-16.346
27337.5	76.605	-10.022
27735.2	77.157	-4.854
28138.6	78.069	-3.132
28547.9	78.992	-4.701
28963.1	79.689	-8.411
29384.4	80.017	-13.121
29811.8	79.968	-17.904
30245.4	79.586	-21.819
30685.3	79.010	-24.110
31131.7	78.453	-24.372
31584.5	78.108	-22.887
32043.9	78.074	-20.720
32510.0	78.368	-19.392
32982.8	78.843	-19.925
33462.6	79.318	-22.475
33949.3	79.620	-26.692
34443.1	79.647	-31.907
34944.1	79.330	-37.524
35452.4	78.635	-42.722
35968.0	77.618	-46.783
36491.2	76.361	-49.131
37022.0	74.976	-48.899
37560.5	73.690	-45.650
38106.8	72.705	-40.570
38661.1	72.060	-34.484
39223.4	71.743	-29.579
39793.9	71.627	-25.922
