5.00000	66.321	52.732
5.07273	66.356	52.730
5.14651	66.401	52.728
5.22137	66.461	52.726
5.29732	66.528	52.723
5.37437	66.602	52.720
5.45254	66.676	52.717
5.53185	66.750	52.714
5.61231	66.824	52.711
5.69394	66.898	52.707
5.77676	66.972	52.704
5.86079	67.046	52.701
5.94604	67.119	52.697
6.03252	67.193	52.694
6.12027	67.267	52.691
6.20929	67.341	52.687
6.29961	67.415	52.683
6.39124	67.489	52.680
6.48420	67.563	52.676
6.57851	67.637	52.672
6.67420	67.711	52.669
6.77128	67.785	52.665
6.86977	67.859	52.661
6.96969	67.933	52.657
7.07107	68.007	52.653
7.17392	68.080	52.649
7.27827	68.154	52.645
7.38413	68.228	52.640
7.49154	68.302	52.636
7.60050	68.376	52.632
7.71105	68.450	52.628
7.82321	68.524	52.623
7.93701	68.598	52.619
8.05245	68.672	52.614
8.16958	68.746	52.609
8.28841	68.820	52.605
8.40896	68.894	52.600
8.53128	68.968	52.595
8.65537	69.042	52.590
8.78126	69.115	52.585
8.90899	69.189	52.580
9.03857	69.263	52.575
9.17004	69.337	52.570
9.30342	69.411	52.565
9.43874	69.485	52.559
9.57603	69.559	52.554
9.71532	69.633	52.548
9.85663	69.707	52.543
10.0000	69.781	52.537
10.1455	69.855	52.531
10.2930	69.929	52.525
10.4427	70.003	52.519
10.5946	70.076	52.513
10.7487	70.150	52.507
10.9051	70.224	52.501
11.0637	70.298	52.495
11.2246	70.372	52.489
11.3879	70.446	52.482
11.5535	70.520	52.476
11.7216	70.594	52.469
11.8921	70.668	52.462
12.0650	70.742	52.455
12.2405	70.816	52.448
12.4186	70.890	52.441
12.5992	70.964	52.434
12.7825	71.038	52.427
12.9684	71.111	52.420
13.1570	71.185	52.412
13.3484	71.259	52.405
13.5426	71.333	52.397
13.7395	71.407	52.389
13.9394	71.481	52.381
14.1421	71.555	52.372
14.3478	71.629	52.364
14.5565	71.703	52.355
14.7683	71.777	52.347
14.9831	71.851	52.338
15.2010	71.925	52.329
15.4221	71.999	52.320
15.6464	72.072	52.311
15.8740	72.146	52.301
16.1049	72.220	52.292
16.3392	72.294	52.282
16.5768	72.368	52.272
16.8179	72.442	52.263
17.0626	72.516	52.252
17.3107	72.590	52.242
17.5625	72.664	52.232
17.8180	72.738	52.222
18.0771	72.812	52.211
18.3401	72.886	52.200
18.6068	72.960	52.189
18.8775	73.034	52.178
19.1521	73.107	52.167
19.4306	73.181	52.155
19.7133	73.255	52.144
20.0000	73.329	52.132
20.2909	73.403	52.120
20.5860	73.477	52.108
20.8855	73.551	52.096
21.1893	73.625	52.083
21.4975	73.699	52.071
21.8102	73.773	52.058
22.1274	73.847	52.045
22.4492	73.921	52.032
22.7758	73.995	52.018
23.1071	74.068	52.005
23.4432	74.142	51.991
23.7841	74.216	51.977
24.1301	74.290	51.963
24.4811	74.364	51.948
24.8372	74.438	51.934
25.1984	74.512	51.919
25.5649	74.586	51.904
25.9368	74.660	51.889
26.3141	74.734	51.873
26.6968	74.808	51.857
27.0851	74.882	51.842
27.4791	74.956	51.825
27.8788	75.030	51.809
28.2843	75.103	51.792
28.6957	75.177	51.776
29.1131	75.251	51.758
29.5365	75.325	51.741
29.9661	75.399	51.723
30.4020	75.473	51.706
30.8442	75.547	51.687
31.2929	75.621	51.669
31.7480	75.695	51.650
32.2098	75.769	51.631
32.6783	75.843	51.612
33.1536	75.917	51.593
33.6359	75.991	51.573
34.1251	76.064	51.553
34.6215	76.138	51.533
35.1250	76.212	51.512
35.6359	76.286	51.491
36.1543	76.360	51.470
36.6802	76.434	51.448
37.2137	76.508	51.426
37.7550	76.582	51.404
38.3041	76.656	51.382
38.8613	76.730	51.359
39.4265	76.804	51.336
40.0000	76.878	51.312
40.5818	76.952	51.288
41.1721	77.026	51.264
41.7710	77.099	51.239
42.3785	77.173	51.215
42.9949	77.247	51.189
43.6203	77.321	51.164
44.2548	77.395	51.138
44.8985	77.469	51.111
45.5515	77.543	51.084
46.2141	77.617	51.057
46.8863	77.691	51.030
47.5683	77.765	51.002
48.2602	77.839	50.973
48.9621	77.913	50.944
49.6743	77.987	50.915
50.3968	78.060	50.886
51.1299	78.134	50.856
51.8736	78.208	50.825
52.6281	78.282	50.794
53.3936	78.356	50.763
54.1702	78.430	50.731
54.9581	78.504	50.698
55.7575	78.578	50.666
56.5685	78.652	50.632
57.3914	78.726	50.599
58.2261	78.800	50.564
59.0730	78.874	50.530
59.9323	78.948	50.494
60.8040	79.022	50.459
61.6884	79.095	50.422
62.5857	79.169	50.385
63.4960	79.243	50.348
64.4196	79.317	50.310
65.3566	79.391	50.272
66.3073	79.465	50.233
67.2717	79.539	50.193
68.2502	79.613	50.153
69.2429	79.687	50.112
70.2501	79.761	50.071
71.2719	79.835	50.029
72.3086	79.909	49.986
73.3603	79.983	49.943
74.4274	80.056	49.899
75.5099	80.130	49.855
76.6083	80.204	49.809
77.7226	80.278	49.764
78.8531	80.352	49.717
80.0000	80.426	49.670
81.1636	80.500	49.622
82.3442	80.574	49.574
83.5419	80.648	49.524
84.7570	80.722	49.474
85.9899	80.796	49.424
87.2406	80.870	49.372
88.5096	80.944	49.320
89.7970	81.018	49.267
91.1031	81.091	49.213
92.4282	81.165	49.159
93.7726	81.239	49.103
95.1366	81.313	49.047
96.5204	81.387	48.990
97.9243	81.461	48.932
99.3486	81.535	48.874
100.794	81.609	48.814
102.260	81.683	48.754
103.747	81.757	48.693
105.256	81.831	48.630
106.787	81.905	48.567
108.340	81.979	48.503
109.916	82.052	48.438
111.515	82.126	48.372
113.137	82.200	48.305
114.783	82.274	48.237
116.452	82.348	48.168
118.146	82.422	48.099
119.865	82.496	48.028
121.608	82.570	47.956
123.377	82.644	47.882
125.171	82.718	47.808
126.992	82.792	47.733
128.839	82.866	47.657
130.713	82.940	47.579
132.615	83.014	47.500
134.543	83.087	47.421
136.500	83.161	47.340
138.486	83.235	47.257
140.500	83.309	47.174
142.544	83.383	47.089
144.617	83.457	47.003
146.721	83.531	46.916
148.855	83.605	46.828
151.020	83.679	46.738
153.217	83.753	46.647
155.445	83.827	46.554
157.706	83.901	46.460
160.000	83.975	46.365
162.327	84.048	46.268
164.688	84.122	46.170
167.084	84.196	46.070
169.514	84.270	45.969
171.980	84.344	45.866
174.481	84.418	45.762
177.019	84.492	45.656
179.594	84.566	45.548
182.206	84.640	45.439
184.856	84.714	45.329
187.545	84.788	45.216
190.273	84.862	45.102
193.041	84.936	44.986
195.849	85.010	44.868
198.697	85.083	44.749
201.587	85.157	44.628
204.520	85.231	44.505
207.494	85.305	44.380
210.512	85.379	44.253
213.574	85.453	44.124
216.681	85.527	43.993
219.833	85.601	43.860
223.030	85.675	43.725
226.274	85.749	43.588
229.565	85.823	43.449
232.905	85.897	43.308
236.292	85.971	43.165
239.729	86.044	43.019
243.216	86.118	42.871
246.754	86.192	42.721
250.343	86.266	42.568
253.984	86.340	42.413
257.678	86.414	42.255
261.426	86.488	42.095
265.229	86.562	41.933
269.087	86.636	41.767
273.001	86.710	41.600
276.972	86.784	41.429
281.000	86.858	41.256
285.088	86.932	41.080
289.234	87.006	40.901
293.441	87.079	40.719
297.709	87.153	40.534
302.040	87.227	40.346
306.433	87.301	40.155
310.890	87.375	39.961
315.412	87.449	39.764
320.000	87.523	39.563
324.655	87.597	39.359
329.377	87.671	39.152
334.168	87.745	38.941
339.028	87.819	38.726
343.959	87.893	38.508
348.962	87.967	38.286
354.038	88.040	38.060
359.188	88.114	37.830
364.412	88.188	37.596
369.713	88.262	37.358
375.090	88.336	37.116
380.546	88.410	36.869
386.081	88.484	36.618
391.697	88.558	36.362
397.394	88.632	36.102
403.175	88.706	35.836
409.039	88.780	35.566
414.989	88.854	35.290
421.025	88.928	35.009
427.149	89.002	34.722
433.362	89.075	34.430
439.665	89.149	34.132
446.060	89.223	33.828
452.548	89.297	33.518
459.131	89.371	33.201
465.809	89.445	32.879
472.584	89.519	32.551
479.458	89.593	32.222
486.432	89.669	31.892
493.507	89.749	31.549
500.686	89.835	31.177
507.968	89.923	30.737
515.357	90.004	30.242
522.853	90.075	29.715
530.458	90.127	29.176
538.174	90.153	28.694
546.002	90.169	28.298
553.943	90.185	28.006
562.001	90.223	27.786
570.175	90.295	27.543
578.469	90.398	27.246
586.883	90.528	26.848
595.419	90.668	26.320
604.080	90.797	25.696
612.866	90.907	24.998
621.780	90.987	24.247
630.824	91.039	23.484
640.000	91.074	22.726
649.309	91.100	21.984
658.753	91.129	21.286
668.335	91.168	20.618
678.056	91.214	19.957
687.919	91.265	19.301
697.925	91.317	18.641
708.077	91.368	17.982
718.376	91.415	17.325
728.825	91.453	16.679
739.426	91.475	16.058
750.181	91.483	15.483
761.093	91.480	14.962
772.163	91.469	14.498
783.394	91.457	14.086
794.789	91.449	13.708
806.349	91.443	13.344
818.078	91.438	12.985
829.977	91.433	12.626
842.050	91.428	12.267
854.298	91.423	11.908
866.724	91.418	11.549
879.330	91.413	11.191
892.120	91.408	10.832
905.097	91.403	10.473
918.262	91.398	10.114
931.618	91.393	9.755
945.169	91.388	9.397
958.917	91.383	9.038
972.864	91.378	8.679
987.015	91.373	8.320
1001.37	91.368	7.961
1015.94	91.363	7.603
1030.71	91.358	7.244
1045.71	91.353	6.885
1060.92	91.348	6.526
1076.35	91.343	6.167
1092.00	91.338	5.809
1107.89	91.333	5.450
1124.00	91.328	5.091
1140.35	91.323	4.732
1156.94	91.318	4.373
1173.77	91.313	4.015
1190.84	91.308	3.656
1208.16	91.303	3.297
1225.73	91.298	2.938
1243.56	91.293	2.579
1261.65	91.288	2.221
1280.00	91.283	1.862
1298.62	91.278	1.503
1317.51	91.273	1.150
1336.67	91.268	0.821
1356.11	91.269	0.552
1375.84	91.282	0.367
1395.85	91.321	0.250
1416.15	91.394	0.096
1436.75	91.488	-0.192
1457.65	91.589	-0.671
1478.85	91.679	-1.353
1500.36	91.727	-2.146
1522.19	91.729	-2.859
1544.33	91.708	-3.349
1566.79	91.698	-3.610
1589.58	91.724	-3.751
1612.70	91.794	-3.942
1636.16	91.900	-4.363
1659.95	92.007	-5.078
1684.10	92.086	-6.028
1708.60	92.124	-7.080
1733.45	92.130	-8.106
1758.66	92.118	-9.051
1784.24	92.100	-9.918
1810.19	92.085	-10.741
1836.52	92.073	-11.573
1863.24	92.051	-12.448
1890.34	92.010	-13.322
1917.83	91.948	-14.136
1945.73	91.873	-14.826
1974.03	91.801	-15.367
2002.74	91.742	-15.801
2031.87	91.713	-16.213
2061.43	91.700	-16.714
2091.41	91.686	-17.338
2121.83	91.658	-18.041
2152.69	91.603	-18.763
2184.01	91.525	-19.395
2215.77	91.440	-19.880
2248.00	91.361	-20.240
2280.70	91.297	-20.511
2313.87	91.248	-20.745
2347.53	91.213	-20.977
2381.68	91.189	-21.236
2416.32	91.170	-21.516
2451.46	91.161	-21.819
2487.12	91.161	-22.173
2523.30	91.171	-22.611
2560.00	91.184	-23.177
2597.24	91.186	-23.876
2635.01	91.162	-24.663
2673.34	91.103	-25.440
2712.23	91.017	-26.092
2751.68	90.923	-26.563
2791.70	90.837	-26.863
2832.31	90.777	-27.057
2873.50	90.744	-27.263
2915.30	90.721	-27.539
2957.70	90.700	-27.866
3000.72	90.680	-28.228
3044.37	90.661	-28.614
3088.65	90.643	-29.023
3133.58	90.628	-29.472
3179.16	90.604	-29.954
3225.40	90.569	-30.407
3272.31	90.535	-30.804
3319.91	90.508	-31.146
3368.20	90.505	-31.497
3417.19	90.525	-31.978
3466.89	90.543	-32.667
3517.32	90.539	-33.523
3568.48	90.491	-34.442
3620.39	90.395	-35.247
3673.05	90.282	-35.800
3726.47	90.178	-36.094
3780.67	90.108	-36.206
3835.67	90.081	-36.292
3891.46	90.084	-36.489
3948.06	90.094	-36.820
4005.49	90.103	-37.262
4063.75	90.099	-37.737
4122.86	90.103	-38.185
4182.82	90.133	-38.677
4243.66	90.185	-39.312
4305.39	90.256	-40.177
4368.01	90.327	-41.376
4431.55	90.346	-42.835
4496.01	90.307	-44.394
4561.40	90.208	-45.910
4627.75	90.065	-47.252
4695.06	89.906	-48.391
4763.35	89.752	-49.398
4832.64	89.593	-50.344
4902.93	89.415	-51.249
4974.24	89.197	-52.004
5046.60	88.948	-52.448
5120.00	88.686	-52.385
5194.47	88.472	-51.743
5270.03	88.365	-50.723
5346.68	88.388	-49.726
5424.45	88.524	-49.177
5503.35	88.727	-49.396
5583.40	88.915	-50.411
5664.61	89.033	-52.023
5747.01	89.051	-53.971
5830.60	88.962	-55.992
5915.41	88.775	-57.837
6001.45	88.519	-59.327
6088.74	88.220	-60.359
6177.30	87.912	-60.873
6267.15	87.624	-60.904
6358.31	87.379	-60.521
6450.80	87.191	-59.804
6544.62	87.087	-58.883
6639.82	87.079	-58.009
6736.40	87.155	-57.435
6834.38	87.290	-57.367
6933.79	87.438	-57.898
7034.64	87.539	-58.912
7136.96	87.572	-60.165
7240.77	87.540	-61.439
7346.09	87.467	-62.582
7452.94	87.377	-63.541
7561.35	87.298	-64.328
7671.33	87.244	-65.037
7782.91	87.219	-65.763
7896.12	87.232	-66.616
8010.97	87.278	-67.758
8127.49	87.325	-69.302
8245.71	87.347	-71.261
8365.65	87.298	-73.546
8487.33	87.164	-75.969
8610.78	86.948	-78.350
8736.03	86.666	-80.540
8863.09	86.352	-82.494
8992.01	86.027	-84.277
9122.80	85.693	-86.008
9255.50	85.325	-87.777
9390.12	84.879	-89.530
9526.70	84.337	-91.053
9665.27	83.687	-92.123
9805.86	82.958	-92.442
9948.49	82.194	-91.839
10093.2	81.411	-90.096
10240.0	80.695	-87.006
10388.9	80.122	-82.607
10540.1	79.745	-76.993
10693.4	79.672	-70.832
10848.9	79.908	-65.359
11006.7	80.348	-61.306
11166.8	80.875	-58.743
11329.2	81.411	-57.340
11494.0	81.909	-56.768
11661.2	82.364	-56.695
11830.8	82.812	-57.055
12002.9	83.254	-57.916
12177.5	83.681	-59.346
12354.6	84.061	-61.355
12534.3	84.357	-63.803
12716.6	84.557	-66.511
12901.6	84.657	-69.272
13089.2	84.681	-71.881
13279.6	84.679	-74.290
13472.8	84.669	-76.538
13668.8	84.679	-78.717
13867.6	84.722	-81.013
14069.3	84.782	-83.597
14273.9	84.851	-86.604
14481.5	84.888	-90.124
14692.2	84.850	-94.087
14905.9	84.709	-98.371
15122.7	84.438	-102.836
15342.7	84.036	-107.275
15565.8	83.530	-111.575
15792.2	82.936	-115.713
16021.9	82.259	-119.685
16255.0	81.506	-123.738
16491.4	80.521	-127.585
16731.3	79.309	-130.804
16974.7	77.843	-132.911
17221.6	76.062	-132.834
17472.1	74.236	-128.981
17726.2	72.667	-120.245
17984.0	71.602	-106.977
18245.6	71.358	-93.059
18511.0	71.693	-81.335
18780.2	72.499	-73.367
19053.4	73.434	-68.611
19330.5	74.393	-66.491
19611.7	75.189	-66.302
19897.0	75.699	-67.021
20186.4	75.979	-67.792
20480.0	76.086	-68.070
20777.9	76.127	-67.343
21080.1	76.307	-65.745
21386.7	76.670	-64.071
21697.8	77.206	-62.903
22013.4	77.880	-62.795
22333.6	78.574	-63.911
22658.4	79.221	-66.053
22988.0	79.815	-69.118
23322.4	80.290	-72.982
23661.6	80.619	-77.373
24005.8	80.814	-82.061
24355.0	80.859	-86.904
24709.2	80.770	-91.705
25068.6	80.559	-96.305
25433.2	80.248	-100.616
25803.2	79.857	-104.580
26178.5	79.393	-108.152
26559.3	78.877	-111.276
26945.6	78.321	-113.977
27337.5	77.710	-116.179
27735.2	77.073	-117.816
28138.6	76.410	-118.871
28547.9	75.737	-119.179
28963.1	75.106	-118.765
29384.4	74.529	-117.772
29811.8	74.016	-116.212
30245.4	73.613	-114.225
30685.3	73.335	-111.949
31131.7	73.231	-109.656
31584.5	73.331	-107.876
32043.9	73.602	-107.372
32510.0	73.896	-108.447
32982.8	74.080	-110.904
33462.6	74.012	-114.190
33949.3	73.616	-117.626
34443.1	72.927	-120.472
34944.1	71.995	-121.971
35452.4	70.970	-121.432
35968.0	70.036	-118.574
36491.2	69.321	-113.264
37022.0	69.024	-106.122
37560.5	69.263	-98.832
38106.8	69.898	-93.587
38661.1	70.677	-91.184
39223.4	71.338	-90.222
39793.9	71.952	-90.262
