5.00000	18.686	131.500
5.07273	18.773	131.504
5.14651	18.885	131.508
5.22137	19.035	131.514
5.29732	19.201	131.521
5.37437	19.384	131.529
5.45254	19.567	131.537
5.53185	19.750	131.545
5.61231	19.933	131.553
5.69394	20.116	131.561
5.77676	20.299	131.569
5.86079	20.482	131.577
5.94604	20.665	131.586
6.03252	20.847	131.594
6.12027	21.030	131.603
6.20929	21.213	131.612
6.29961	21.396	131.621
6.39124	21.579	131.630
6.48420	21.762	131.639
6.57851	21.945	131.648
6.67420	22.128	131.658
6.77128	22.311	131.668
6.86977	22.494	131.677
6.96969	22.677	131.687
7.07107	22.860	131.698
7.17392	23.043	131.708
7.27827	23.226	131.718
7.38413	23.409	131.729
7.49154	23.592	131.739
7.60050	23.775	131.750
7.71105	23.958	131.761
7.82321	24.141	131.772
7.93701	24.324	131.784
8.05245	24.506	131.795
8.16958	24.689	131.807
8.28841	24.872	131.819
8.40896	25.055	131.831
8.53128	25.238	131.843
8.65537	25.421	131.855
8.78126	25.604	131.868
8.90899	25.787	131.881
9.03857	25.970	131.894
9.17004	26.153	131.907
9.30342	26.336	131.920
9.43874	26.519	131.934
9.57603	26.702	131.947
9.71532	26.885	131.961
9.85663	27.068	131.975
10.0000	27.251	131.990
10.1455	27.434	132.004
10.2930	27.617	132.019
10.4427	27.800	132.034
10.5946	27.982	132.049
10.7487	28.165	132.064
10.9051	28.348	132.080
11.0637	28.531	132.096
11.2246	28.714	132.112
11.3879	28.897	132.129
11.5535	29.080	132.145
11.7216	29.263	132.162
11.8921	29.446	132.179
12.0650	29.629	132.196
12.2405	29.812	132.214
12.4186	29.995	132.232
12.5992	30.178	132.250
12.7825	30.361	132.268
12.9684	30.544	132.287
13.1570	30.727	132.306
13.3484	30.910	132.325
13.5426	31.093	132.345
13.7395	31.276	132.364
13.9394	31.458	132.384
14.1421	31.641	132.405
14.3478	31.824	132.425
14.5565	32.007	132.446
14.7683	32.190	132.467
14.9831	32.373	132.489
15.2010	32.556	132.511
15.4221	32.739	132.533
15.6464	32.922	132.555
15.8740	33.105	132.578
16.1049	33.288	132.601
16.3392	33.471	132.625
16.5768	33.654	132.649
16.8179	33.837	132.673
17.0626	34.020	132.698
17.3107	34.203	132.723
17.5625	34.386	132.748
17.8180	34.569	132.774
18.0771	34.752	132.800
18.3401	34.935	132.827
18.6068	35.117	132.853
18.8775	35.300	132.881
19.1521	35.483	132.909
19.4306	35.666	132.937
19.7133	35.849	132.965
20.0000	36.032	132.994
20.2909	36.215	133.024
20.5860	36.398	133.054
20.8855	36.581	133.084
21.1893	36.764	133.115
21.4975	36.947	133.146
21.8102	37.130	133.178
22.1274	37.313	133.211
22.4492	37.496	133.243
22.7758	37.679	133.277
23.1071	37.862	133.311
23.4432	38.045	133.345
23.7841	38.228	133.380
24.1301	38.411	133.415
24.4811	38.593	133.451
24.8372	38.776	133.488
25.1984	38.959	133.525
25.5649	39.142	133.563
25.9368	39.325	133.601
26.3141	39.508	133.640
26.6968	39.691	133.679
27.0851	39.874	133.719
27.4791	40.057	133.760
27.8788	40.240	133.802
28.2843	40.423	133.844
28.6957	40.606	133.886
29.1131	40.789	133.930
29.5365	40.972	133.974
29.9661	41.155	134.019
30.4020	41.338	134.064
30.8442	41.521	134.111
31.2929	41.704	134.158
31.7480	41.887	134.206
32.2098	42.069	134.254
32.6783	42.252	134.304
33.1536	42.435	134.354
33.6359	42.618	134.405
34.1251	42.801	134.457
34.6215	42.984	134.510
35.1250	43.167	134.563
35.6359	43.350	134.618
36.1543	43.533	134.673
36.6802	43.716	134.730
37.2137	43.899	134.787
37.7550	44.082	134.845
38.3041	44.265	134.905
38.8613	44.448	134.965
39.4265	44.631	135.027
40.0000	44.814	135.089
40.5818	44.997	135.153
41.1721	45.180	135.218
41.7710	45.363	135.283
42.3785	45.545	135.351
42.9949	45.728	135.419
43.6203	45.911	135.488
44.2548	46.094	135.559
44.8985	46.277	135.631
45.5515	46.460	135.705
46.2141	46.643	135.779
46.8863	46.826	135.855
47.5683	47.009	135.933
48.2602	47.192	136.012
48.9621	47.375	136.093
49.6743	47.558	136.175
50.3968	47.741	136.259
51.1299	47.924	136.344
51.8736	48.107	136.431
52.6281	48.290	136.520
53.3936	48.473	136.611
54.1702	48.656	136.703
54.9581	48.839	136.798
55.7575	49.022	136.894
56.5685	49.204	136.993
57.3914	49.387	137.093
58.2261	49.570	137.196
59.0730	49.753	137.301
59.9323	49.936	137.408
60.8040	50.119	137.518
61.6884	50.302	137.630
62.5857	50.485	137.745
63.4960	50.668	137.863
64.4196	50.851	137.983
65.3566	51.034	138.107
66.3073	51.217	138.233
67.2717	51.400	138.363
68.2502	51.583	138.496
69.2429	51.766	138.633
70.2501	51.949	138.773
71.2719	52.132	138.917
72.3086	52.315	139.066
73.3603	52.498	139.218
74.4274	52.680	139.376
75.5099	52.863	139.538
76.6083	53.046	139.705
77.7226	53.229	139.878
78.8531	53.412	140.057
80.0000	53.595	140.242
81.1636	53.778	140.434
82.3442	53.961	140.634
83.5419	54.144	140.842
84.7570	54.327	141.059
85.9899	54.510	141.286
87.2406	54.693	141.524
88.5096	54.876	141.775
89.7970	55.059	142.041
91.1031	55.242	142.324
92.4282	55.425	142.628
93.7726	55.608	142.959
95.1366	55.791	143.326
96.5204	55.974	143.748
97.9243	56.160	144.244
99.3486	56.355	144.836
100.794	56.566	145.504
102.260	56.807	146.199
103.747	57.084	146.818
105.256	57.386	147.275
106.787	57.711	147.467
108.340	58.031	147.373
109.916	58.318	147.048
111.515	58.574	146.571
113.137	58.785	146.044
114.783	58.957	145.587
116.452	59.109	145.264
118.146	59.244	145.109
119.865	59.375	145.117
121.608	59.508	145.256
123.377	59.641	145.473
125.171	59.778	145.763
126.992	59.922	146.112
128.839	60.071	146.545
130.713	60.227	147.099
132.615	60.390	147.832
134.543	60.569	148.727
136.500	60.777	149.687
138.486	61.021	150.632
140.500	61.302	151.463
142.544	61.612	152.106
144.617	61.924	152.582
146.721	62.213	152.985
148.855	62.473	153.446
151.020	62.721	154.008
153.217	62.971	154.668
155.445	63.244	155.401
157.706	63.560	156.094
160.000	63.903	156.649
162.327	64.267	157.037
164.688	64.637	157.224
167.084	64.998	157.236
169.514	65.348	157.128
171.980	65.687	156.896
174.481	66.010	156.574
177.019	66.323	156.140
179.594	66.612	155.620
182.206	66.878	155.078
184.856	67.117	154.579
187.545	67.330	154.210
190.273	67.535	154.022
193.041	67.746	154.019
195.849	67.964	154.157
198.697	68.212	154.338
201.587	68.475	154.557
204.520	68.749	154.778
207.494	69.044	154.959
210.512	69.348	155.118
213.574	69.668	155.223
216.681	70.006	155.230
219.833	70.351	155.109
223.030	70.705	154.774
226.274	71.049	154.263
229.565	71.369	153.613
232.905	71.676	152.829
236.292	71.951	152.003
239.729	72.186	151.231
243.216	72.403	150.557
246.754	72.598	150.025
250.343	72.787	149.675
253.984	72.990	149.472
257.678	73.211	149.345
261.426	73.455	149.230
265.229	73.702	149.054
269.087	73.943	148.863
273.001	74.181	148.743
276.972	74.420	148.722
281.000	74.681	148.822
285.088	74.974	148.962
289.234	75.308	149.001
293.441	75.667	148.799
297.709	76.022	148.325
302.040	76.356	147.648
306.433	76.654	146.894
310.890	76.923	146.178
315.412	77.174	145.568
320.000	77.422	145.108
324.655	77.691	144.771
329.377	77.982	144.463
334.168	78.301	144.146
339.028	78.657	143.702
343.959	79.028	143.002
348.962	79.403	142.024
354.038	79.752	140.777
359.188	80.051	139.360
364.412	80.305	137.929
369.713	80.521	136.601
375.090	80.723	135.410
380.546	80.937	134.353
386.081	81.159	133.284
391.697	81.385	132.177
397.394	81.598	131.018
403.175	81.783	129.798
409.039	81.935	128.647
414.989	82.063	127.642
421.025	82.177	126.793
427.149	82.289	126.170
433.362	82.417	125.790
439.665	82.577	125.573
446.060	82.778	125.433
452.548	83.013	125.262
459.131	83.268	124.988
465.809	83.533	124.608
472.584	83.806	124.143
479.458	84.093	123.604
486.432	84.394	122.935
493.507	84.704	122.065
500.686	85.011	120.975
507.968	85.288	119.682
515.357	85.529	118.305
522.853	85.743	116.954
530.458	85.940	115.683
538.174	86.139	114.507
546.002	86.343	113.391
553.943	86.547	112.280
562.001	86.749	111.159
570.175	86.942	110.059
578.469	87.129	108.981
586.883	87.318	107.917
595.419	87.514	106.821
604.080	87.715	105.640
612.866	87.905	104.351
621.780	88.076	103.014
630.824	88.219	101.702
640.000	88.331	100.534
649.309	88.438	99.600
658.753	88.556	98.893
668.335	88.710	98.356
678.056	88.906	97.902
687.919	89.153	97.390
697.925	89.441	96.667
708.077	89.747	95.664
718.376	90.056	94.363
728.825	90.352	92.772
739.426	90.615	91.001
750.181	90.851	89.089
761.093	91.060	87.125
772.163	91.251	85.133
783.394	91.426	83.055
794.789	91.579	80.954
806.349	91.711	78.834
818.078	91.819	76.694
829.977	91.898	74.615
842.050	91.963	72.615
854.298	92.019	70.695
866.724	92.067	68.853
879.330	92.117	67.037
892.120	92.158	65.197
905.097	92.189	63.345
918.262	92.202	61.452
931.618	92.187	59.570
945.169	92.141	57.788
958.917	92.076	56.140
972.864	92.000	54.701
987.015	91.926	53.460
1001.37	91.872	52.356
1015.94	91.837	51.336
1030.71	91.816	50.311
1045.71	91.803	49.230
1060.92	91.778	48.102
1076.35	91.744	46.979
1092.00	91.698	45.919
1107.89	91.644	44.958
1124.00	91.596	44.107
1140.35	91.555	43.341
1156.94	91.522	42.617
1173.77	91.497	41.899
1190.84	91.472	41.169
1208.16	91.447	40.435
1225.73	91.425	39.704
1243.56	91.408	38.976
1261.65	91.396	38.245
1280.00	91.391	37.508
1298.62	91.389	36.753
1317.51	91.386	35.958
1336.67	91.376	35.115
1356.11	91.353	34.220
1375.84	91.306	33.330
1395.85	91.243	32.520
1416.15	91.168	31.851
1436.75	91.092	31.360
1457.65	91.034	31.022
1478.85	90.997	30.762
1500.36	90.981	30.508
1522.19	90.987	30.178
1544.33	91.007	29.743
1566.79	91.031	29.187
1589.58	91.047	28.493
1612.70	91.040	27.713
1636.16	91.000	26.905
1659.95	90.929	26.156
1684.10	90.839	25.562
1708.60	90.744	25.150
1733.45	90.663	24.895
1758.66	90.602	24.737
1784.24	90.555	24.577
1810.19	90.509	24.407
1836.52	90.457	24.235
1863.24	90.398	24.110
1890.34	90.340	24.087
1917.83	90.282	24.172
1945.73	90.249	24.382
1974.03	90.243	24.637
2002.74	90.253	24.847
2031.87	90.280	25.016
2061.43	90.311	25.094
2091.41	90.328	25.109
2121.83	90.337	25.187
2152.69	90.347	25.370
2184.01	90.372	25.674
2215.77	90.431	26.048
2248.00	90.537	26.334
2280.70	90.676	26.392
2313.87	90.824	26.176
2347.53	90.965	25.690
2381.68	91.080	25.013
2416.32	91.158	24.251
2451.46	91.207	23.486
2487.12	91.233	22.768
2523.30	91.243	22.115
2560.00	91.247	21.533
2597.24	91.247	21.017
2635.01	91.247	20.557
2673.34	91.248	20.139
2712.23	91.250	19.748
2751.68	91.258	19.366
2791.70	91.273	18.973
2832.31	91.291	18.552
2873.50	91.309	18.101
2915.30	91.316	17.632
2957.70	91.309	17.202
3000.72	91.295	16.829
3044.37	91.275	16.514
3088.65	91.258	16.267
3133.58	91.250	16.050
3179.16	91.247	15.827
3225.40	91.247	15.597
3272.31	91.247	15.355
3319.91	91.245	15.107
3368.20	91.239	14.859
3417.19	91.227	14.624
3466.89	91.210	14.431
3517.32	91.199	14.295
3568.48	91.194	14.218
3620.39	91.198	14.189
3673.05	91.212	14.183
3726.47	91.227	14.188
3780.67	91.240	14.214
3835.67	91.250	14.293
3891.46	91.267	14.467
3948.06	91.306	14.737
4005.49	91.380	15.043
4063.75	91.501	15.261
4122.86	91.661	15.256
4182.82	91.842	14.902
4243.66	92.021	14.160
4305.39	92.165	13.114
4368.01	92.260	11.863
4431.55	92.301	10.571
4496.01	92.293	9.360
4561.40	92.253	8.285
4627.75	92.194	7.372
4695.06	92.126	6.585
4763.35	92.060	5.901
4832.64	91.994	5.293
4902.93	91.927	4.739
4974.24	91.854	4.304
5046.60	91.780	3.960
5120.00	91.703	3.726
5194.47	91.633	3.622
5270.03	91.572	3.573
5346.68	91.524	3.564
5424.45	91.486	3.561
5503.35	91.452	3.530
5583.40	91.419	3.498
5664.61	91.383	3.486
5747.01	91.348	3.556
5830.60	91.327	3.721
5915.41	91.327	3.966
6001.45	91.358	4.258
6088.74	91.426	4.485
6177.30	91.519	4.515
6267.15	91.615	4.313
6358.31	91.698	3.895
6450.80	91.760	3.304
6544.62	91.793	2.623
6639.82	91.800	1.935
6736.40	91.785	1.256
6834.38	91.752	0.630
6933.79	91.701	0.079
7034.64	91.635	-0.374
7136.96	91.564	-0.655
7240.77	91.498	-0.777
7346.09	91.447	-0.798
7452.94	91.414	-0.747
7561.35	91.396	-0.709
7671.33	91.387	-0.723
7782.91	91.379	-0.791
7896.12	91.365	-0.891
8010.97	91.350	-0.970
8127.49	91.342	-1.010
8245.71	91.340	-1.008
8365.65	91.347	-0.977
8487.33	91.362	-0.954
8610.78	91.375	-0.961
8736.03	91.384	-1.007
8863.09	91.384	-1.080
8992.01	91.380	-1.146
9122.80	91.368	-1.185
9255.50	91.360	-1.157
9390.12	91.364	-1.066
9526.70	91.377	-0.940
9665.27	91.408	-0.793
9805.86	91.447	-0.649
9948.49	91.485	-0.515
10093.2	91.526	-0.344
10240.0	91.579	-0.140
10388.9	91.655	0.059
10540.1	91.759	0.206
10693.4	91.892	0.202
10848.9	92.035	-0.028
11006.7	92.170	-0.465
11166.8	92.286	-1.065
11329.2	92.376	-1.769
11494.0	92.443	-2.488
11661.2	92.494	-3.157
11830.8	92.541	-3.766
12002.9	92.593	-4.331
12177.5	92.654	-4.891
12354.6	92.726	-5.498
12534.3	92.804	-6.196
12716.6	92.882	-7.004
12901.6	92.952	-7.930
13089.2	93.006	-8.963
13279.6	93.039	-10.075
13472.8	93.047	-11.250
13668.8	93.022	-12.420
13867.6	92.966	-13.504
14069.3	92.886	-14.453
14273.9	92.785	-15.222
14481.5	92.682	-15.774
14692.2	92.587	-16.126
14905.9	92.509	-16.307
15122.7	92.466	-16.358
15342.7	92.460	-16.354
15565.8	92.499	-16.415
15792.2	92.575	-16.661
16021.9	92.671	-17.194
16255.0	92.765	-18.037
16491.4	92.830	-19.148
16731.3	92.851	-20.408
16974.7	92.819	-21.665
17221.6	92.747	-22.799
17472.1	92.647	-23.735
17726.2	92.540	-24.460
17984.0	92.443	-25.033
18245.6	92.359	-25.512
18511.0	92.295	-25.949
18780.2	92.241	-26.399
19053.4	92.195	-26.838
19330.5	92.169	-27.286
19611.7	92.154	-27.794
19897.0	92.153	-28.356
20186.4	92.164	-28.995
20480.0	92.168	-29.765
20777.9	92.157	-30.611
21080.1	92.127	-31.530
21386.7	92.069	-32.508
21697.8	91.990	-33.461
22013.4	91.896	-34.394
22333.6	91.783	-35.310
22658.4	91.656	-36.126
22988.0	91.518	-36.874
23322.4	91.361	-37.465
23661.6	91.197	-37.842
24005.8	91.033	-38.015
24355.0	90.880	-37.947
24709.2	90.756	-37.708
25068.6	90.675	-37.390
25433.2	90.643	-37.074
25803.2	90.658	-36.865
26178.5	90.703	-36.824
26559.3	90.766	-36.996
26945.6	90.833	-37.379
27337.5	90.886	-37.950
27735.2	90.923	-38.668
28138.6	90.948	-39.497
28547.9	90.956	-40.416
28963.1	90.953	-41.391
29384.4	90.935	-42.428
29811.8	90.905	-43.488
30245.4	90.867	-44.578
30685.3	90.813	-45.676
31131.7	90.746	-46.749
31584.5	90.677	-47.794
32043.9	90.603	-48.841
32510.0	90.532	-49.881
32982.8	90.475	-50.970
33462.6	90.429	-52.197
33949.3	90.377	-53.620
34443.1	90.316	-55.266
34944.1	90.214	-57.129
35452.4	90.064	-59.167
35968.0	89.856	-61.334
36491.2	89.571	-63.553
37022.0	89.194	-65.670
37560.5	88.720	-67.470
38106.8	88.181	-68.727
38661.1	87.640	-69.213
39223.4	87.193	-69.241
39793.9	86.805	-68.870
