5.00000	54.733	144.739
5.07273	54.834	144.683
5.14651	54.965	144.610
5.22137	55.140	144.512
5.29732	55.333	144.403
5.37437	55.546	144.282
5.45254	55.760	144.159
5.53185	55.973	144.034
5.61231	56.186	143.908
5.69394	56.399	143.779
5.77676	56.613	143.649
5.86079	56.826	143.517
5.94604	57.039	143.383
6.03252	57.252	143.247
6.12027	57.466	143.109
6.20929	57.679	142.968
6.29961	57.892	142.826
6.39124	58.105	142.682
6.48420	58.319	142.535
6.57851	58.532	142.386
6.67420	58.745	142.235
6.77128	58.958	142.082
6.86977	59.172	141.927
6.96969	59.385	141.769
7.07107	59.598	141.609
7.17392	59.811	141.446
7.27827	60.025	141.281
7.38413	60.238	141.114
7.49154	60.451	140.944
7.60050	60.664	140.771
7.71105	60.877	140.596
7.82321	61.091	140.419
7.93701	61.304	140.238
8.05245	61.517	140.055
8.16958	61.730	139.869
8.28841	61.944	139.681
8.40896	62.157	139.489
8.53128	62.370	139.295
8.65537	62.583	139.098
8.78126	62.797	138.897
8.90899	63.010	138.694
9.03857	63.223	138.488
9.17004	63.436	138.278
9.30342	63.650	138.065
9.43874	63.863	137.849
9.57603	64.076	137.630
9.71532	64.289	137.408
9.85663	64.503	137.182
10.0000	64.716	136.952
10.1455	64.929	136.719
10.2930	65.142	136.482
10.4427	65.356	136.242
10.5946	65.569	135.998
10.7487	65.782	135.751
10.9051	65.995	135.499
11.0637	66.209	135.244
11.2246	66.422	134.984
11.3879	66.635	134.721
11.5535	66.848	134.453
11.7216	67.061	134.181
11.8921	67.275	133.905
12.0650	67.488	133.625
12.2405	67.701	133.340
12.4186	67.914	133.051
12.5992	68.128	132.757
12.7825	68.341	132.458
12.9684	68.554	132.155
13.1570	68.767	131.846
13.3484	68.981	131.533
13.5426	69.194	131.214
13.7395	69.407	130.890
13.9394	69.620	130.561
14.1421	69.834	130.226
14.3478	70.047	129.886
14.5565	70.260	129.540
14.7683	70.473	129.188
14.9831	70.687	128.831
15.2010	70.900	128.467
15.4221	71.113	128.097
15.6464	71.326	127.721
15.8740	71.540	127.338
16.1049	71.753	126.948
16.3392	71.966	126.552
16.5768	72.179	126.148
16.8179	72.392	125.737
17.0626	72.606	125.318
17.3107	72.819	124.890
17.5625	73.032	124.455
17.8180	73.245	124.010
18.0771	73.459	123.556
18.3401	73.672	123.091
18.6068	73.885	122.614
18.8775	74.098	122.124
19.1521	74.312	121.617
19.4306	74.525	121.086
19.7133	74.736	120.533
20.0000	74.943	119.965
20.2909	75.141	119.416
20.5860	75.332	118.915
20.8855	75.518	118.456
21.1893	75.706	118.006
21.4975	75.900	117.557
21.8102	76.101	117.089
22.1274	76.315	116.578
22.4492	76.524	116.048
22.7758	76.730	115.526
23.1071	76.936	114.988
23.4432	77.131	114.436
23.7841	77.323	113.892
24.1301	77.515	113.367
24.4811	77.701	112.872
24.8372	77.886	112.426
25.1984	78.069	112.052
25.5649	78.254	111.772
25.9368	78.460	111.567
26.3141	78.687	111.392
26.6968	78.942	111.214
27.0851	79.227	110.984
27.4791	79.530	110.655
27.8788	79.837	110.195
28.2843	80.141	109.616
28.6957	80.444	108.954
29.1131	80.748	108.170
29.5365	81.058	107.298
29.9661	81.379	106.396
30.4020	81.700	105.384
30.8442	82.026	104.295
31.2929	82.349	103.113
31.7480	82.674	101.810
32.2098	83.007	100.399
32.6783	83.343	98.840
33.1536	83.692	97.115
33.6359	84.045	95.216
34.1251	84.393	93.068
34.6215	84.737	90.685
35.1250	85.060	88.092
35.6359	85.362	85.276
36.1543	85.641	82.216
36.6802	85.887	78.927
37.2137	86.102	75.407
37.7550	86.269	71.681
38.3041	86.379	67.788
38.8613	86.427	63.787
39.4265	86.404	59.707
40.0000	86.314	55.579
40.5818	86.142	51.460
41.1721	85.883	47.454
41.7710	85.549	43.670
42.3785	85.133	40.168
42.9949	84.650	37.062
43.6203	84.117	34.405
44.2548	83.517	32.210
44.8985	82.863	30.583
45.5515	82.151	29.588
46.2141	81.391	29.409
46.8863	80.620	30.189
47.5683	79.873	31.980
48.2602	79.185	34.964
48.9621	78.632	39.166
49.6743	78.277	44.269
50.3968	78.134	49.756
51.1299	78.198	55.045
51.8736	78.458	59.629
52.6281	78.824	63.365
53.3936	79.270	66.253
54.1702	79.767	68.280
54.9581	80.262	69.490
55.7575	80.734	70.008
56.5685	81.157	69.996
57.3914	81.507	69.648
58.2261	81.795	69.160
59.0730	82.026	68.706
59.9323	82.218	68.391
60.8040	82.406	68.283
61.6884	82.601	68.325
62.5857	82.821	68.413
63.4960	83.072	68.414
64.4196	83.335	68.256
65.3566	83.598	67.929
66.3073	83.865	67.475
67.2717	84.135	66.896
68.2502	84.417	66.205
69.2429	84.706	65.331
70.2501	84.988	64.256
71.2719	85.251	63.039
72.3086	85.496	61.661
73.3603	85.712	60.085
74.4274	85.907	58.399
75.5099	86.078	56.542
76.6083	86.205	54.534
77.7226	86.285	52.461
78.8531	86.309	50.393
80.0000	86.273	48.397
81.1636	86.194	46.631
82.3442	86.077	45.116
83.5419	85.931	43.901
84.7570	85.775	43.031
85.9899	85.618	42.463
87.2406	85.464	42.185
88.5096	85.332	42.234
89.7970	85.228	42.526
91.1031	85.152	43.056
92.4282	85.117	43.794
93.7726	85.125	44.692
95.1366	85.188	45.681
96.5204	85.310	46.678
97.9243	85.503	47.601
99.3486	85.760	48.268
100.794	86.065	48.583
102.260	86.404	48.527
103.747	86.750	48.030
105.256	87.101	47.077
106.787	87.444	45.634
108.340	87.759	43.685
109.916	88.037	41.287
111.515	88.253	38.541
113.137	88.398	35.555
114.783	88.470	32.399
116.452	88.450	29.130
118.146	88.328	25.824
119.865	88.077	22.664
121.608	87.697	19.886
123.377	87.201	17.742
125.171	86.620	16.579
126.992	86.029	16.618
128.839	85.499	17.836
130.713	85.090	20.097
132.615	84.856	23.047
134.543	84.817	26.159
136.500	84.968	28.849
138.486	85.251	30.705
140.500	85.603	31.541
142.544	85.944	31.380
144.617	86.219	30.465
146.721	86.404	29.045
148.855	86.465	27.394
151.020	86.417	25.812
153.217	86.268	24.574
155.445	86.043	23.903
157.706	85.793	23.994
160.000	85.578	24.903
162.327	85.449	26.465
164.688	85.464	28.401
167.084	85.625	30.147
169.514	85.892	31.290
171.980	86.220	31.659
174.481	86.539	31.162
177.019	86.790	29.993
179.594	86.941	28.487
182.206	86.980	26.932
184.856	86.928	25.623
187.545	86.824	24.746
190.273	86.711	24.358
193.041	86.624	24.353
195.849	86.588	24.575
198.697	86.595	24.851
201.587	86.628	25.109
204.520	86.686	25.352
207.494	86.776	25.521
210.512	86.899	25.491
213.574	87.046	25.145
216.681	87.189	24.392
219.833	87.283	23.239
223.030	87.285	21.911
226.274	87.187	20.738
229.565	87.008	20.004
232.905	86.797	19.980
236.292	86.626	20.750
239.729	86.560	22.104
243.216	86.629	23.592
246.754	86.818	24.726
250.343	87.079	25.176
253.984	87.342	24.789
257.678	87.527	23.796
261.426	87.611	22.592
265.229	87.600	21.500
269.087	87.522	20.817
273.001	87.448	20.666
276.972	87.423	20.827
281.000	87.459	20.990
285.088	87.523	20.941
289.234	87.570	20.778
293.441	87.594	20.703
297.709	87.610	20.926
302.040	87.666	21.476
306.433	87.817	22.146
310.890	88.074	22.483
315.412	88.410	22.138
320.000	88.751	20.938
324.655	89.035	18.989
329.377	89.216	16.497
334.168	89.258	13.758
339.028	89.171	11.100
343.959	88.976	8.793
348.962	88.701	7.009
354.038	88.399	5.845
359.188	88.087	5.240
364.412	87.791	5.200
369.713	87.548	5.633
375.090	87.365	6.391
380.546	87.253	7.387
386.081	87.228	8.371
391.697	87.261	9.119
397.394	87.333	9.535
403.175	87.417	9.586
409.039	87.490	9.287
414.989	87.536	8.713
421.025	87.530	7.952
427.149	87.452	7.258
433.362	87.329	6.838
439.665	87.186	6.821
446.060	87.068	7.247
452.548	87.021	7.926
459.131	87.054	8.482
465.809	87.126	8.688
472.584	87.194	8.491
479.458	87.226	8.021
486.432	87.215	7.413
493.507	87.156	6.790
500.686	87.054	6.268
507.968	86.913	5.958
515.357	86.741	5.925
522.853	86.552	6.313
530.458	86.387	7.191
538.174	86.285	8.404
546.002	86.273	9.687
553.943	86.339	10.728
562.001	86.437	11.374
570.175	86.541	11.671
578.469	86.615	11.701
586.883	86.657	11.634
595.419	86.656	11.542
604.080	86.623	11.535
612.866	86.575	11.713
621.780	86.513	12.095
630.824	86.460	12.730
640.000	86.439	13.617
649.309	86.457	14.594
658.753	86.520	15.548
668.335	86.614	16.407
678.056	86.737	17.120
687.919	86.878	17.674
697.925	87.032	18.084
708.077	87.204	18.312
718.376	87.387	18.291
728.825	87.565	17.980
739.426	87.718	17.418
750.181	87.830	16.681
761.093	87.889	15.914
772.163	87.908	15.270
783.394	87.912	14.771
794.789	87.916	14.387
806.349	87.924	14.069
818.078	87.944	13.721
829.977	87.956	13.294
842.050	87.950	12.794
854.298	87.912	12.289
866.724	87.825	11.865
879.330	87.691	11.741
892.120	87.526	12.066
905.097	87.372	12.975
918.262	87.297	14.416
931.618	87.330	16.035
945.169	87.469	17.472
958.917	87.686	18.470
972.864	87.928	18.882
987.015	88.150	18.840
1001.37	88.334	18.530
1015.94	88.485	18.090
1030.71	88.613	17.600
1045.71	88.722	17.114
1060.92	88.814	16.611
1076.35	88.888	16.108
1092.00	88.945	15.646
1107.89	88.986	15.251
1124.00	89.025	14.962
1140.35	89.076	14.733
1156.94	89.134	14.525
1173.77	89.201	14.342
1190.84	89.281	14.177
1208.16	89.378	14.008
1225.73	89.494	13.772
1243.56	89.630	13.348
1261.65	89.770	12.686
1280.00	89.899	11.753
1298.62	90.001	10.580
1317.51	90.062	9.281
1336.67	90.087	7.927
1356.11	90.068	6.536
1375.84	90.006	5.226
1395.85	89.913	4.040
1416.15	89.779	3.067
1436.75	89.624	2.384
1457.65	89.467	2.002
1478.85	89.310	1.920
1500.36	89.180	2.055
1522.19	89.082	2.269
1544.33	89.010	2.513
1566.79	88.947	2.689
1589.58	88.879	2.884
1612.70	88.805	3.186
1636.16	88.733	3.675
1659.95	88.692	4.384
1684.10	88.698	5.198
1708.60	88.752	5.958
1733.45	88.850	6.566
1758.66	88.973	6.937
1784.24	89.109	7.037
1810.19	89.242	6.866
1836.52	89.359	6.471
1863.24	89.452	5.894
1890.34	89.513	5.206
1917.83	89.536	4.499
1945.73	89.523	3.853
1974.03	89.486	3.352
2002.74	89.442	3.056
2031.87	89.414	2.944
2061.43	89.413	2.938
2091.41	89.438	2.918
2121.83	89.480	2.777
2152.69	89.523	2.458
2184.01	89.543	1.971
2215.77	89.539	1.403
2248.00	89.499	0.849
2280.70	89.437	0.411
2313.87	89.367	0.150
2347.53	89.298	0.062
2381.68	89.247	0.087
2416.32	89.210	0.185
2451.46	89.186	0.281
2487.12	89.171	0.304
2523.30	89.148	0.289
2560.00	89.126	0.245
2597.24	89.092	0.160
2635.01	89.042	0.092
2673.34	88.975	0.088
2712.23	88.896	0.240
2751.68	88.820	0.565
2791.70	88.761	1.010
2832.31	88.718	1.527
2873.50	88.690	2.022
2915.30	88.656	2.498
2957.70	88.610	3.013
3000.72	88.556	3.643
3044.37	88.500	4.464
3088.65	88.456	5.472
3133.58	88.439	6.654
3179.16	88.454	7.932
3225.40	88.501	9.221
3272.31	88.569	10.510
3319.91	88.652	11.746
3368.20	88.750	12.970
3417.19	88.845	14.239
3466.89	88.943	15.623
3517.32	89.059	17.214
3568.48	89.197	19.041
3620.39	89.381	21.118
3673.05	89.634	23.374
3726.47	89.966	25.722
3780.67	90.403	28.041
3835.67	90.955	30.086
3891.46	91.608	31.574
3948.06	92.350	32.344
4005.49	93.148	32.208
4063.75	93.955	31.070
4122.86	94.727	29.027
4182.82	95.431	26.233
4243.66	96.037	22.827
4305.39	96.532	18.999
4368.01	96.908	14.949
4431.55	97.164	10.822
4496.01	97.301	6.788
4561.40	97.329	3.040
4627.75	97.265	-0.296
4695.06	97.141	-3.076
4763.35	96.974	-5.244
4832.64	96.812	-6.728
4902.93	96.686	-7.486
4974.24	96.632	-7.597
5046.60	96.708	-7.202
5120.00	96.945	-6.663
5194.47	97.338	-6.513
5270.03	97.854	-7.124
5346.68	98.420	-8.701
5424.45	98.973	-11.203
5503.35	99.459	-14.387
5583.40	99.869	-18.044
5664.61	100.217	-22.016
5747.01	100.518	-26.207
5830.60	100.790	-30.659
5915.41	101.030	-35.405
6001.45	101.215	-40.506
6088.74	101.312	-45.943
6177.30	101.283	-51.571
6267.15	101.113	-57.187
6358.31	100.790	-62.501
6450.80	100.336	-67.159
6544.62	99.823	-70.882
6639.82	99.338	-73.648
6736.40	98.974	-75.665
6834.38	98.791	-77.557
6933.79	98.754	-80.065
7034.64	98.763	-83.586
7136.96	98.677	-88.034
7240.77	98.395	-93.059
7346.09	97.852	-98.071
7452.94	97.056	-102.399
7561.35	96.067	-105.388
7671.33	95.034	-106.353
7782.91	94.158	-105.098
7896.12	93.596	-102.348
8010.97	93.413	-99.488
8127.49	93.531	-97.951
8245.71	93.762	-98.253
8365.65	93.954	-100.083
8487.33	93.987	-102.879
8610.78	93.828	-105.969
8736.03	93.487	-108.776
8863.09	93.029	-110.872
8992.01	92.543	-111.998
9122.80	92.123	-112.124
9255.50	91.860	-111.627
9390.12	91.784	-111.111
9526.70	91.869	-111.220
9665.27	92.038	-112.330
9805.86	92.210	-114.456
9948.49	92.305	-117.423
10093.2	92.279	-120.853
10240.0	92.154	-124.420
10388.9	91.964	-128.004
10540.1	91.754	-131.585
10693.4	91.560	-135.342
10848.9	91.345	-139.521
11006.7	91.054	-144.158
11166.8	90.638	-149.181
11329.2	90.035	-154.460
11494.0	89.227	-159.557
11661.2	88.239	-164.205
11830.8	87.061	-168.010
12002.9	85.751	-170.573
12177.5	84.352	-171.807
12354.6	82.896	-171.335
12534.3	81.487	-168.918
12716.6	80.206	-164.685
12901.6	79.155	-158.166
13089.2	78.513	-150.101
13279.6	78.302	-141.888
13472.8	78.517	-135.412
13668.8	78.988	-131.793
13867.6	79.514	-131.006
14069.3	79.919	-132.461
14273.9	80.057	-135.401
14481.5	79.859	-139.021
14692.2	79.308	-142.580
14905.9	78.405	-145.386
15122.7	77.249	-146.394
15342.7	76.043	-144.842
15565.8	74.969	-140.724
15792.2	74.172	-134.928
16021.9	73.646	-129.431
16255.0	73.173	-125.257
16491.4	72.526	-121.721
16731.3	71.633	-117.023
16974.7	70.759	-107.625
17221.6	70.379	-89.267
17472.1	71.170	-63.737
17726.2	73.216	-46.776
17984.0	75.865	-41.139
18245.6	78.623	-42.652
18511.0	81.038	-48.151
18780.2	82.957	-55.650
19053.4	84.395	-64.247
19330.5	85.327	-73.311
19611.7	85.819	-82.288
19897.0	85.977	-90.888
20186.4	85.878	-98.812
20480.0	85.633	-105.785
20777.9	85.318	-111.821
21080.1	84.979	-117.041
21386.7	84.635	-121.615
21697.8	84.292	-125.702
22013.4	83.948	-129.411
22333.6	83.605	-132.812
22658.4	83.262	-135.959
22988.0	82.918	-138.889
23322.4	82.575	-141.635
23661.6	82.231	-144.219
24005.8	81.888	-146.660
24355.0	81.544	-148.976
24709.2	81.201	-151.179
25068.6	80.857	-153.281
25433.2	80.514	-155.290
25803.2	80.171	-157.216
26178.5	79.827	-159.064
26559.3	79.484	-160.842
26945.6	79.140	-162.555
27337.5	78.797	-164.207
27735.2	78.453	-165.803
28138.6	78.110	-167.347
28547.9	77.766	-168.841
28963.1	77.423	-170.290
29384.4	77.080	-171.695
29811.8	76.736	-173.058
30245.4	76.393	-174.383
30685.3	76.049	-175.672
31131.7	75.706	-176.926
31584.5	75.362	-178.147
32043.9	75.019	-179.337
32510.0	74.675	179.504
32982.8	74.332	178.373
33462.6	73.989	177.269
33949.3	73.645	176.192
34443.1	73.302	175.140
34944.1	72.958	174.112
35452.4	72.615	173.107
35968.0	72.271	172.124
36491.2	71.928	171.162
37022.0	71.584	170.221
37560.5	71.241	169.299
38106.8	70.929	168.469
38661.1	70.645	167.721
39223.4	70.433	167.160
39793.9	70.269	166.728
