5.00000	45.696	151.120
5.07273	45.798	151.094
5.14651	45.931	151.059
5.22137	46.109	151.013
5.29732	46.305	150.961
5.37437	46.521	150.904
5.45254	46.738	150.846
5.53185	46.954	150.787
5.61231	47.170	150.727
5.69394	47.387	150.666
5.77676	47.603	150.605
5.86079	47.819	150.542
5.94604	48.036	150.479
6.03252	48.252	150.414
6.12027	48.468	150.349
6.20929	48.685	150.283
6.29961	48.901	150.216
6.39124	49.117	150.147
6.48420	49.334	150.078
6.57851	49.550	150.008
6.67420	49.766	149.937
6.77128	49.983	149.864
6.86977	50.199	149.791
6.96969	50.415	149.717
7.07107	50.631	149.641
7.17392	50.848	149.564
7.27827	51.064	149.487
7.38413	51.280	149.408
7.49154	51.497	149.328
7.60050	51.713	149.246
7.71105	51.929	149.164
7.82321	52.146	149.080
7.93701	52.362	148.995
8.05245	52.578	148.909
8.16958	52.795	148.822
8.28841	53.011	148.733
8.40896	53.227	148.643
8.53128	53.444	148.552
8.65537	53.660	148.459
8.78126	53.876	148.365
8.90899	54.093	148.270
9.03857	54.309	148.173
9.17004	54.525	148.075
9.30342	54.742	147.975
9.43874	54.958	147.874
9.57603	55.174	147.771
9.71532	55.391	147.667
9.85663	55.607	147.561
10.0000	55.823	147.453
10.1455	56.039	147.344
10.2930	56.256	147.234
10.4427	56.472	147.122
10.5946	56.688	147.008
10.7487	56.905	146.892
10.9051	57.121	146.775
11.0637	57.337	146.656
11.2246	57.554	146.535
11.3879	57.770	146.412
11.5535	57.986	146.288
11.7216	58.203	146.161
11.8921	58.419	146.033
12.0650	58.635	145.903
12.2405	58.852	145.771
12.4186	59.068	145.637
12.5992	59.284	145.501
12.7825	59.501	145.362
12.9684	59.717	145.222
13.1570	59.933	145.080
13.3484	60.150	144.935
13.5426	60.366	144.788
13.7395	60.582	144.640
13.9394	60.799	144.488
14.1421	61.015	144.335
14.3478	61.231	144.179
14.5565	61.447	144.021
14.7683	61.664	143.860
14.9831	61.880	143.697
15.2010	62.096	143.532
15.4221	62.313	143.364
15.6464	62.529	143.193
15.8740	62.745	143.020
16.1049	62.962	142.844
16.3392	63.178	142.665
16.5768	63.394	142.483
16.8179	63.611	142.299
17.0626	63.827	142.112
17.3107	64.043	141.922
17.5625	64.260	141.729
17.8180	64.476	141.533
18.0771	64.692	141.334
18.3401	64.909	141.131
18.6068	65.125	140.926
18.8775	65.341	140.717
19.1521	65.558	140.505
19.4306	65.774	140.289
19.7133	65.990	140.071
20.0000	66.207	139.848
20.2909	66.423	139.622
20.5860	66.639	139.392
20.8855	66.856	139.159
21.1893	67.072	138.922
21.4975	67.288	138.681
21.8102	67.504	138.436
22.1274	67.721	138.187
22.4492	67.937	137.934
22.7758	68.153	137.676
23.1071	68.370	137.415
23.4432	68.586	137.148
23.7841	68.802	136.878
24.1301	69.019	136.603
24.4811	69.235	136.323
24.8372	69.451	136.038
25.1984	69.668	135.748
25.5649	69.884	135.454
25.9368	70.100	135.154
26.3141	70.317	134.849
26.6968	70.533	134.538
27.0851	70.749	134.222
27.4791	70.966	133.900
27.8788	71.182	133.572
28.2843	71.398	133.238
28.6957	71.615	132.898
29.1131	71.831	132.551
29.5365	72.047	132.198
29.9661	72.264	131.838
30.4020	72.480	131.471
30.8442	72.696	131.097
31.2929	72.912	130.715
31.7480	73.129	130.326
32.2098	73.345	129.928
32.6783	73.561	129.522
33.1536	73.778	129.107
33.6359	73.994	128.683
34.1251	74.210	128.250
34.6215	74.427	127.807
35.1250	74.643	127.353
35.6359	74.859	126.889
36.1543	75.076	126.413
36.6802	75.292	125.926
37.2137	75.508	125.425
37.7550	75.725	124.911
38.3041	75.941	124.383
38.8613	76.157	123.840
39.4265	76.374	123.280
40.0000	76.590	122.703
40.5818	76.806	122.107
41.1721	77.023	121.490
41.7710	77.239	120.850
42.3785	77.455	120.185
42.9949	77.672	119.493
43.6203	77.888	118.769
44.2548	78.104	118.010
44.8985	78.320	117.209
45.5515	78.537	116.361
46.2141	78.753	115.456
46.8863	78.969	114.482
47.5683	79.186	113.418
48.2602	79.402	112.238
48.9621	79.618	110.881
49.6743	79.824	109.275
50.3968	80.001	107.376
51.1299	80.111	105.194
51.8736	80.112	102.955
52.6281	80.002	100.912
53.3936	79.775	99.362
54.1702	79.469	98.660
54.9581	79.163	98.990
55.7575	78.915	100.289
56.5685	78.776	102.380
57.3914	78.797	104.850
58.2261	78.959	107.222
59.0730	79.243	109.162
59.9323	79.604	110.427
60.8040	79.962	111.095
61.6884	80.299	111.409
62.5857	80.611	111.594
63.4960	80.908	111.709
64.4196	81.218	111.748
65.3566	81.528	111.706
66.3073	81.856	111.561
67.2717	82.170	111.294
68.2502	82.469	111.002
69.2429	82.787	110.707
70.2501	83.121	110.354
71.2719	83.459	109.860
72.3086	83.817	109.180
73.3603	84.174	108.286
74.4274	84.501	107.183
75.5099	84.807	105.892
76.6083	85.087	104.520
77.7226	85.320	103.216
78.8531	85.568	102.003
80.0000	85.825	100.776
81.1636	86.069	99.456
82.3442	86.317	98.046
83.5419	86.538	96.480
84.7570	86.712	94.830
85.9899	86.852	93.277
87.2406	86.961	91.944
88.5096	87.074	90.831
89.7970	87.205	89.947
91.1031	87.364	89.203
92.4282	87.581	88.482
93.7726	87.847	87.620
95.1366	88.147	86.513
96.5204	88.471	84.975
97.9243	88.763	82.986
99.3486	88.995	80.697
100.794	89.163	78.205
102.260	89.250	75.661
103.747	89.272	73.301
105.256	89.259	71.240
106.787	89.233	69.510
108.340	89.223	67.973
109.916	89.225	66.544
111.515	89.240	65.172
113.137	89.269	63.731
114.783	89.285	62.232
116.452	89.283	60.727
118.146	89.257	59.255
119.865	89.209	57.863
121.608	89.147	56.556
123.377	89.053	55.340
125.171	88.936	54.366
126.992	88.808	53.728
128.839	88.680	53.443
130.713	88.582	53.627
132.615	88.559	54.117
134.543	88.622	54.676
136.500	88.785	54.947
138.486	89.002	54.668
140.500	89.214	53.946
142.544	89.414	52.839
144.617	89.564	51.436
146.721	89.648	49.998
148.855	89.706	48.588
151.020	89.736	47.194
153.217	89.747	45.799
155.445	89.745	44.425
157.706	89.722	43.012
160.000	89.665	41.618
162.327	89.562	40.310
164.688	89.400	39.204
167.084	89.200	38.554
169.514	89.002	38.442
171.980	88.834	38.835
174.481	88.745	39.683
177.019	88.760	40.676
179.594	88.877	41.429
182.206	89.052	41.731
184.856	89.233	41.584
187.545	89.415	41.068
190.273	89.554	40.243
193.041	89.637	39.326
195.849	89.695	38.450
198.697	89.728	37.607
201.587	89.745	36.827
204.520	89.752	36.152
207.494	89.753	35.571
210.512	89.753	35.102
213.574	89.755	34.765
216.681	89.769	34.548
219.833	89.806	34.472
223.030	89.890	34.375
226.274	90.021	34.108
229.565	90.179	33.576
232.905	90.337	32.681
236.292	90.461	31.492
239.729	90.531	30.227
243.216	90.564	28.955
246.754	90.569	27.719
250.343	90.549	26.586
253.984	90.525	25.550
257.678	90.498	24.518
261.426	90.452	23.501
265.229	90.391	22.561
269.087	90.320	21.680
273.001	90.232	20.879
276.972	90.120	20.187
281.000	89.996	19.680
285.088	89.874	19.351
289.234	89.740	19.296
293.441	89.627	19.588
297.709	89.562	20.155
302.040	89.550	20.875
306.433	89.594	21.584
310.890	89.709	22.006
315.412	89.861	21.999
320.000	90.015	21.470
324.655	90.140	20.546
329.377	90.208	19.362
334.168	90.204	18.177
339.028	90.145	17.168
343.959	90.041	16.468
348.962	89.932	16.158
354.038	89.850	16.121
359.188	89.795	16.220
364.412	89.772	16.396
369.713	89.775	16.549
375.090	89.802	16.664
380.546	89.849	16.691
386.081	89.902	16.648
391.697	89.976	16.528
397.394	90.058	16.261
403.175	90.144	15.794
409.039	90.225	15.110
414.989	90.272	14.203
421.025	90.261	13.205
427.149	90.186	12.356
433.362	90.078	11.859
439.665	89.972	11.789
446.060	89.916	12.110
452.548	89.946	12.503
459.131	90.039	12.682
465.809	90.162	12.504
472.584	90.273	11.922
479.458	90.352	11.061
486.432	90.385	10.075
493.507	90.377	9.051
500.686	90.337	8.109
507.968	90.263	7.229
515.357	90.160	6.497
522.853	90.028	5.999
530.458	89.884	5.798
538.174	89.758	5.914
546.002	89.663	6.298
553.943	89.625	6.798
562.001	89.639	7.231
570.175	89.681	7.492
578.469	89.748	7.579
586.883	89.818	7.447
595.419	89.873	7.157
604.080	89.921	6.771
612.866	89.954	6.281
621.780	89.970	5.730
630.824	89.976	5.171
640.000	89.973	4.586
649.309	89.963	3.966
658.753	89.943	3.286
668.335	89.907	2.528
678.056	89.849	1.685
687.919	89.754	0.766
697.925	89.610	-0.180
708.077	89.404	-1.001
718.376	89.125	-1.547
728.825	88.782	-1.602
739.426	88.408	-0.892
750.181	88.066	0.707
761.093	87.838	3.062
772.163	87.782	5.868
783.394	87.911	8.696
794.789	88.191	11.112
806.349	88.561	12.872
818.078	88.939	13.916
829.977	89.299	14.269
842.050	89.604	13.962
854.298	89.816	13.220
866.724	89.954	12.377
879.330	90.036	11.582
892.120	90.071	11.062
905.097	90.109	10.863
918.262	90.217	10.724
931.618	90.360	10.417
945.169	90.489	9.885
958.917	90.614	9.190
972.864	90.704	8.397
987.015	90.728	7.618
1001.37	90.733	7.108
1015.94	90.773	6.738
1030.71	90.824	6.385
1045.71	90.928	5.960
1060.92	91.045	5.185
1076.35	91.097	4.235
1092.00	91.139	3.298
1107.89	91.133	2.261
1124.00	91.056	1.457
1140.35	91.002	0.994
1156.94	90.957	0.647
1173.77	90.922	0.470
1190.84	90.912	0.433
1208.16	90.943	0.458
1225.73	91.018	0.422
1243.56	91.133	0.090
1261.65	91.251	-0.623
1280.00	91.340	-1.701
1298.62	91.354	-2.995
1317.51	91.291	-4.242
1336.67	91.172	-5.131
1356.11	91.054	-5.629
1375.84	90.958	-5.845
1395.85	90.895	-5.874
1416.15	90.867	-5.925
1436.75	90.844	-6.064
1457.65	90.800	-6.152
1478.85	90.779	-6.213
1500.36	90.747	-6.208
1522.19	90.717	-6.019
1544.33	90.736	-5.749
1566.79	90.777	-5.552
1589.58	90.828	-5.426
1612.70	90.899	-5.351
1636.16	90.978	-5.409
1659.95	91.059	-5.592
1684.10	91.129	-5.782
1708.60	91.209	-5.925
1733.45	91.322	-6.079
1758.66	91.449	-6.275
1784.24	91.612	-6.584
1810.19	91.798	-7.149
1836.52	91.990	-8.086
1863.24	92.168	-9.412
1890.34	92.300	-11.033
1917.83	92.375	-12.881
1945.73	92.407	-14.784
1974.03	92.384	-16.635
2002.74	92.328	-18.407
2031.87	92.241	-20.002
2061.43	92.123	-21.376
2091.41	91.996	-22.552
2121.83	91.871	-23.526
2152.69	91.741	-24.398
2184.01	91.621	-25.178
2215.77	91.496	-25.900
2248.00	91.366	-26.525
2280.70	91.233	-26.983
2313.87	91.110	-27.268
2347.53	91.018	-27.391
2381.68	90.962	-27.441
2416.32	90.951	-27.539
2451.46	90.970	-27.786
2487.12	91.000	-28.214
2523.30	91.036	-28.835
2560.00	91.065	-29.719
2597.24	91.076	-30.763
2635.01	91.077	-31.968
2673.34	91.049	-33.306
2712.23	90.991	-34.657
2751.68	90.899	-35.980
2791.70	90.771	-37.202
2832.31	90.617	-38.322
2873.50	90.452	-39.379
2915.30	90.266	-40.316
2957.70	90.060	-41.133
3000.72	89.843	-41.778
3044.37	89.620	-42.205
3088.65	89.398	-42.405
3133.58	89.198	-42.422
3179.16	89.017	-42.302
3225.40	88.866	-42.066
3272.31	88.732	-41.763
3319.91	88.613	-41.333
3368.20	88.535	-40.802
3417.19	88.501	-40.253
3466.89	88.513	-39.810
3517.32	88.568	-39.587
3568.48	88.645	-39.672
3620.39	88.723	-40.095
3673.05	88.785	-40.785
3726.47	88.827	-41.673
3780.67	88.847	-42.737
3835.67	88.849	-43.907
3891.46	88.834	-45.251
3948.06	88.782	-46.737
4005.49	88.681	-48.337
4063.75	88.518	-50.023
4122.86	88.290	-51.562
4182.82	88.012	-52.856
4243.66	87.688	-53.799
4305.39	87.342	-54.219
4368.01	87.011	-54.152
4431.55	86.694	-53.640
4496.01	86.425	-52.690
4561.40	86.233	-51.476
4627.75	86.121	-50.104
4695.06	86.096	-48.834
4763.35	86.151	-47.845
4832.64	86.263	-47.327
4902.93	86.392	-47.336
4974.24	86.518	-47.767
5046.60	86.618	-48.596
5120.00	86.667	-49.700
5194.47	86.676	-50.874
5270.03	86.654	-52.165
5346.68	86.590	-53.468
5424.45	86.494	-54.709
5503.35	86.389	-55.905
5583.40	86.269	-57.062
5664.61	86.149	-58.172
5747.01	86.048	-59.305
5830.60	85.954	-60.530
5915.41	85.865	-61.933
6001.45	85.776	-63.630
6088.74	85.639	-65.677
6177.30	85.423	-67.916
6267.15	85.109	-70.248
6358.31	84.686	-72.424
6450.80	84.174	-74.257
6544.62	83.606	-75.599
6639.82	83.029	-76.477
6736.40	82.448	-76.964
6834.38	81.849	-77.117
6933.79	81.217	-76.872
7034.64	80.547	-76.012
7136.96	79.867	-74.289
7240.77	79.244	-71.652
7346.09	78.726	-68.113
7452.94	78.354	-64.042
7561.35	78.130	-59.827
7671.33	78.050	-55.703
7782.91	78.076	-51.802
7896.12	78.233	-48.282
8010.97	78.509	-45.417
8127.49	78.862	-43.406
8245.71	79.289	-42.412
8365.65	79.716	-42.515
8487.33	80.077	-43.656
8610.78	80.358	-45.689
8736.03	80.489	-48.416
8863.09	80.440	-51.617
8992.01	80.180	-54.818
9122.80	79.689	-57.469
9255.50	79.043	-59.101
9390.12	78.326	-59.191
9526.70	77.676	-57.553
9665.27	77.266	-54.686
9805.86	77.128	-51.616
9948.49	77.215	-49.483
10093.2	77.401	-48.830
10240.0	77.524	-49.426
10388.9	77.538	-50.904
10540.1	77.405	-52.990
10693.4	77.110	-55.333
10848.9	76.659	-57.686
11006.7	76.048	-59.938
11166.8	75.219	-62.002
11329.2	74.151	-63.215
11494.0	72.888	-62.795
11661.2	71.524	-59.819
11830.8	70.288	-53.030
12002.9	69.453	-42.854
12177.5	69.071	-31.865
12354.6	69.110	-22.205
12534.3	69.388	-14.684
12716.6	69.750	-8.399
12901.6	70.239	-2.680
13089.2	70.879	2.101
13279.6	71.689	5.375
13472.8	72.521	6.277
13668.8	73.174	5.114
13867.6	73.520	2.842
14069.3	73.438	0.216
14273.9	72.939	-1.550
14481.5	72.153	-0.962
14692.2	71.369	3.517
14905.9	71.009	12.495
15122.7	71.354	22.851
15342.7	72.316	29.863
15565.8	73.456	32.020
15792.2	74.376	30.745
16021.9	74.856	28.151
16255.0	74.839	25.716
16491.4	74.483	24.671
16731.3	74.017	26.263
16974.7	73.701	30.553
17221.6	73.720	36.440
17472.1	74.103	42.272
17726.2	74.735	47.051
17984.0	75.525	50.570
18245.6	76.400	52.711
18511.0	77.296	53.469
18780.2	78.153	52.885
19053.4	78.906	51.278
19330.5	79.526	48.992
19611.7	79.994	46.339
19897.0	80.315	43.701
20186.4	80.523	41.283
20480.0	80.647	39.197
20777.9	80.719	37.509
21080.1	80.772	36.163
21386.7	80.817	35.082
21697.8	80.863	34.196
22013.4	80.908	33.449
22333.6	80.954	32.811
22658.4	81.000	32.260
22988.0	81.045	31.782
23322.4	81.091	31.363
23661.6	81.136	30.996
24005.8	81.182	30.673
24355.0	81.228	30.387
24709.2	81.273	30.135
25068.6	81.319	29.912
25433.2	81.364	29.714
25803.2	81.410	29.540
26178.5	81.456	29.385
26559.3	81.501	29.248
26945.6	81.547	29.128
27337.5	81.592	29.022
27735.2	81.638	28.929
28138.6	81.684	28.848
28547.9	81.729	28.778
28963.1	81.775	28.717
29384.4	81.820	28.665
29811.8	81.866	28.621
30245.4	81.912	28.585
30685.3	81.957	28.555
31131.7	82.003	28.532
31584.5	82.048	28.513
32043.9	82.094	28.500
32510.0	82.139	28.492
32982.8	82.185	28.488
33462.6	82.231	28.488
33949.3	82.276	28.491
34443.1	82.322	28.498
34944.1	82.367	28.507
35452.4	82.413	28.520
35968.0	82.459	28.535
36491.2	82.504	28.552
37022.0	82.550	28.572
37560.5	82.595	28.593
38106.8	82.637	28.615
38661.1	82.674	28.637
39223.4	82.701	28.654
39793.9	82.722	28.667
