99.61168	69.28	176.5
101.2812	69.58	175.6
102.9787	69.89	174.7
104.70465	70.27	173.8
106.45952	70.61	172.9
108.24381	70.93	172
110.058	71.25	171
111.9026	71.54	170.1
113.77812	71.83	169.2
115.68507	72.21	168.3
117.62398	72.71	167.4
119.59538	73.14	166.5
121.59983	73.22	165.6
123.63787	73.29	164.7
125.71007	73.5	163.8
127.81701	73.69	162.9
129.95925	73.89	161.9
132.1374	74.06	161
134.35205	74.25	160.1
136.60383	74.68	159.2
138.89334	75.16	158.2
141.22123	75.49	157.3
143.58813	75.77	156.4
145.9947	76.11	155.4
148.44161	76.45	154.5
150.92953	76.74	153.5
153.45914	77.03	152.5
156.03116	77.35	151.5
158.64628	77.62	150.6
161.30523	77.87	149.6
164.00874	78.22	148.6
166.75757	78.52	147.6
169.55247	78.71	146.5
172.39421	78.93	145.5
175.28358	79.17	144.5
178.22137	79.2	143.5
181.2084	79.32	142.4
184.2455	79.92	141.4
187.3335	80.43	140.3
190.47326	80.74	139.1
193.66564	80.97	138.1
196.91152	81.16	137
200.2118	81.37	135.9
203.5674	81.6	134.8
206.97924	81.87	133.7
210.44827	82.15	132.4
213.97543	82.44	131.3
217.56171	82.74	130.1
221.2081	83.01	129
224.9156	83.24	127.8
228.68524	83.44	126.5
232.51806	83.63	125.3
236.41512	83.81	124
240.3775	84.07	122.8
244.40628	84.41	121.5
248.50259	84.7	120.2
252.66756	84.96	118.9
256.90233	85.2	117.6
261.20807	85.43	116.3
265.58598	85.65	115
270.03727	85.88	113.5
274.56316	86.12	112.2
279.16491	86.38	110.8
283.84378	86.64	109.4
288.60107	86.88	107.9
293.43809	87.12	106.5
298.35619	87.37	105.1
303.35671	87.59	103.7
308.44104	87.81	102.1
313.61059	88	100.7
318.86678	88.18	99.2
324.21107	88.35	97.7
329.64492	88.51	96.1
335.16985	88.66	94.6
340.78738	88.81	93.1
346.49906	88.96	91.5
352.30647	89.1	89.9
358.21121	89.23	88.4
364.21492	89.35	86.8
370.31925	89.45	85.1
376.5259	89.55	83.6
382.83656	89.64	82
389.253	89.73	80.4
395.77697	89.83	78.8
402.41029	89.91	77.2
409.15479	89.99	75.6
416.01232	90.06	74
422.98479	90.12	72.4
430.07412	90.19	70.8
437.28226	90.28	69
444.61122	90.31	67.6
452.06302	90.28	66.1
459.6397	90.24	64.7
467.34338	90.19	63.4
475.17617	90.13	62.1
483.14023	90.07	60.9
491.23778	90.03	59.6
499.47105	90.06	58.4
507.84231	90.08	57.3
516.35387	90.1	56.1
525.00808	90.12	55
533.80735	90.14	54
542.75409	90.15	52.9
551.85078	90.17	51.8
561.09994	90.18	50.8
570.50411	90.2	49.7
580.0659	90.21	48.7
589.78794	90.22	47.6
599.67293	90.23	46.6
609.7236	90.23	45.5
619.94272	90.23	44.5
630.33311	90.23	43.5
640.89765	90.22	42.4
651.63925	90.2	41.4
662.56088	90.18	40.3
673.66556	90.15	39.3
684.95636	90.11	38.4
696.4364	90.06	37.4
708.10884	90.01	36.5
719.97692	89.94	35.7
732.04391	89.88	34.9
744.31315	89.8	34.2
756.78802	89.73	33.6
769.47197	89.65	33
782.36851	89.58	32.6
795.4812	89.5	32.2
808.81366	89.44	31.9
822.36957	89.38	31.6
836.15269	89.32	31.4
850.16681	89.28	31.2
864.41582	89.25	31
878.90364	89.22	30.9
893.63428	89.2	30.7
908.61181	89.18	30.5
923.84036	89.17	30.2
939.32415	89.15	29.9
955.06746	89.13	29.6
971.07462	89.11	29.3
987.35007	89.08	29
1003.8983	89.05	28.6
1020.7239	89	28.3
1037.8315	88.95	28.1
1055.2258	88.9	27.8
1072.9116	88.83	27.7
1090.8939	88.77	27.6
1109.1775	88.7	27.5
1127.7676	88.63	27.6
1146.6693	88.56	27.7
1165.8877	88.49	27.9
1185.4283	88.43	28.2
1205.2964	88.37	28.6
1225.4974	88.33	29.1
1246.0371	88.29	29.7
1266.9209	88.27	30.3
1288.1549	88.27	31
1309.7446	88.29	31.7
1331.6963	88.33	32.5
1354.0158	88.39	33.2
1376.7095	88.48	33.8
1399.7835	88.59	34.4
1423.2442	88.71	34.8
1447.0981	88.84	35.1
1471.3518	88.98	35.2
1496.012	89.11	35.1
1521.0856	89.24	35
1546.5793	89.34	34.7
1572.5004	89.43	34.4
1598.8559	89.5	34.1
1625.6531	89.55	33.8
1652.8994	89.61	33.7
1680.6024	89.67	33.7
1708.7697	89.76	33.8
1737.4091	89.89	33.9
1766.5285	90.05	33.8
1796.136	90.22	33.4
1826.2397	90.4	32.6
1856.8479	90.54	31.5
1887.9691	90.62	30.2
1919.612	90.65	28.9
1951.7851	90.63	27.8
1984.4975	90.59	26.9
2017.7582	90.55	26.4
2051.5763	90.55	26
2085.9612	90.58	25.4
2120.9224	90.62	24.6
2156.4696	90.62	23.5
2192.6126	90.55	22.3
2229.3613	90.42	21.3
2266.7259	90.24	20.9
2304.7168	90.09	21
2343.3444	90.01	21.5
2382.6195	90.02	21.9
2422.5528	90.06	21.8
2463.1553	90.07	21.3
2504.4384	90	20.8
2546.4134	89.88	20.8
2589.0919	89.8	21.4
2632.4858	89.84	22.3
2676.6069	90.01	22.8
2721.4674	90.22	22.4
2767.0799	90.37	21
2813.4568	90.38	19.3
2860.6111	90.27	17.9
2908.5556	90.1	17.1
2957.3037	89.97	17
3006.8689	89.93	17
3057.2647	89.95	16.6
3108.5052	89.95	15.5
3160.6045	89.87	14
3213.577	89.67	12.4
3267.4374	89.37	11.1
3322.2004	88.98	10.5
3377.8813	88.53	10.7
3434.4954	88.09	12
3492.0584	87.75	14.5
3550.5862	87.64	17.7
3610.0949	87.78	20.4
3670.6009	88.04	21.6
3732.1211	88.22	21.8
3794.6724	88.29	21.8
3858.272	88.36	22.2
3922.9376	88.53	22.4
3988.687	88.69	21.7
4055.5384	88.72	20.3
4123.5102	88.6	19.5
4192.6212	88.52	19.5
4262.8906	88.53	19.2
4334.3377	88.52	18
4406.9822	88.32	16.5
4480.8443	88.01	15.9
4555.9444	87.72	15.7
4632.3031	87.37	15.6
4709.9417	86.88	16.3
4788.8814	86.42	19.1
4869.1443	86.25	22.7
4950.7523	86.24	25.7
5033.7281	86.27	28.7
5118.0947	86.5	31.8
5203.8752	86.88	33.3
5291.0934	87.14	33.7
5379.7734	87.36	34.4
5469.9397	87.71	34.5
5561.6173	88	33.1
5654.8313	88.06	31.2
5749.6077	88.05	30
5845.9725	88.03	28.8
5943.9525	87.93	27.4
6043.5746	87.7	26.7
6144.8664	87.47	26.9
6247.8558	87.3	28
6352.5714	87.28	29.5
6459.0421	87.41	30.3
6567.2972	87.54	30.1
6677.3667	87.59	29
6789.281	87.45	27.2
6903.071	87.06	26.7
7018.7682	86.77	28.1
7136.4045	86.77	29.4
7256.0123	86.81	29.3
7377.6249	86.69	28.9
7501.2757	86.53	29.2
7626.9989	86.49	30
7754.8293	86.47	29.9
7884.8021	86.32	30.2
8016.9533	86.27	31.1
8151.3194	86.27	31.3
8287.9375	86.23	31.6
8426.8454	86.23	31.8
8568.0814	86.19	31.6
8711.6845	86.11	31.7
8857.6945	86.1	31.5
9006.1516	85.82	30.2
9157.0969	85.18	32.4
9310.5721	85.23	37.8
9466.6196	85.78	40.1
9625.2825	86.24	39.3
9786.6046	86.34	37.5
9950.6305	86.22	37.2
10117.405	86.26	38.5
10286.976	86.42	40.2
10459.388	87.07	42.7
10634.69	88.07	40.7
10812.93	88.64	35.7
10994.157	88.87	31.4
11178.422	89.14	28.4
11365.775	89.72	25.6
11556.268	90.76	21.1
11749.954	92.3	10
11946.886	93.03	-11.1
12147.119	92.19	-34.2
12350.708	90.28	-56.1
12557.708	87.3	-74.9
12768.179	83.86	-91.7
12982.177	79.94	-111.5
13199.761	75.51	-145
13420.992	71.16	166.6
13645.931	71.31	117.5
13874.641	74.55	86
14107.183	77.9	65.1
14343.623	80.2	43.8
14584.025	81.17	24.1
14828.457	81.21	4.4
15076.986	79.89	-15.8
15329.68	76.83	-28.9
15586.609	73.56	-28.4
15847.844	71.71	-19.4
16113.458	70.97	-13.5
16383.524	70.63	-10.2
16658.115	70.3	-11.1
16937.31	70.02	-15.3
17221.183	69.44	-23.8
17509.814	68.19	-35.3
17803.283	66.83	-53.4
18101.67	63.84	-79.7
18405.059	59.78	-104.6
18713.532	58.56	-129.8
19027.176	60.2	-170.4
19346.076	62.86	158.1
19670.321	64.91	130.2
20000	65.65	117.3
