5.00000	53.657	118.022
5.07273	53.737	118.003
5.14651	53.840	117.980
5.22137	53.978	117.948
5.29732	54.131	117.912
5.37437	54.299	117.873
5.45254	54.468	117.833
5.53185	54.636	117.792
5.61231	54.805	117.751
5.69394	54.973	117.709
5.77676	55.142	117.667
5.86079	55.310	117.624
5.94604	55.479	117.580
6.03252	55.647	117.536
6.12027	55.815	117.491
6.20929	55.984	117.445
6.29961	56.152	117.399
6.39124	56.321	117.352
6.48420	56.489	117.304
6.57851	56.658	117.256
6.67420	56.826	117.207
6.77128	56.995	117.157
6.86977	57.163	117.106
6.96969	57.332	117.055
7.07107	57.500	117.003
7.17392	57.669	116.950
7.27827	57.837	116.897
7.38413	58.005	116.842
7.49154	58.174	116.787
7.60050	58.342	116.731
7.71105	58.511	116.674
7.82321	58.679	116.617
7.93701	58.848	116.558
8.05245	59.016	116.499
8.16958	59.185	116.439
8.28841	59.353	116.378
8.40896	59.522	116.316
8.53128	59.690	116.253
8.65537	59.858	116.189
8.78126	60.027	116.124
8.90899	60.195	116.059
9.03857	60.364	115.992
9.17004	60.532	115.924
9.30342	60.701	115.855
9.43874	60.869	115.786
9.57603	61.038	115.715
9.71532	61.206	115.643
9.85663	61.375	115.570
10.0000	61.543	115.496
10.1455	61.711	115.421
10.2930	61.880	115.345
10.4427	62.048	115.268
10.5946	62.217	115.189
10.7487	62.385	115.110
10.9051	62.554	115.029
11.0637	62.722	114.947
11.2246	62.891	114.864
11.3879	63.059	114.779
11.5535	63.228	114.694
11.7216	63.396	114.607
11.8921	63.564	114.518
12.0650	63.733	114.429
12.2405	63.901	114.338
12.4186	64.070	114.245
12.5992	64.238	114.151
12.7825	64.407	114.056
12.9684	64.575	113.960
13.1570	64.744	113.861
13.3484	64.912	113.762
13.5426	65.081	113.661
13.7395	65.249	113.558
13.9394	65.418	113.454
14.1421	65.586	113.348
14.3478	65.754	113.240
14.5565	65.923	113.131
14.7683	66.091	113.021
14.9831	66.260	112.908
15.2010	66.428	112.794
15.4221	66.597	112.678
15.6464	66.765	112.560
15.8740	66.934	112.441
16.1049	67.102	112.319
16.3392	67.271	112.196
16.5768	67.439	112.071
16.8179	67.607	111.944
17.0626	67.776	111.814
17.3107	67.944	111.683
17.5625	68.113	111.550
17.8180	68.281	111.415
18.0771	68.450	111.277
18.3401	68.618	111.138
18.6068	68.787	110.996
18.8775	68.955	110.852
19.1521	69.124	110.706
19.4306	69.292	110.557
19.7133	69.460	110.406
20.0000	69.629	110.252
20.2909	69.797	110.096
20.5860	69.966	109.938
20.8855	70.134	109.777
21.1893	70.303	109.613
21.4975	70.471	109.446
21.8102	70.640	109.277
22.1274	70.808	109.105
22.4492	70.977	108.930
22.7758	71.145	108.753
23.1071	71.313	108.572
23.4432	71.482	108.388
23.7841	71.650	108.201
24.1301	71.819	108.011
24.4811	71.987	107.817
24.8372	72.156	107.621
25.1984	72.324	107.420
25.5649	72.493	107.217
25.9368	72.661	107.009
26.3141	72.830	106.798
26.6968	72.998	106.583
27.0851	73.167	106.364
27.4791	73.335	106.141
27.8788	73.503	105.914
28.2843	73.672	105.683
28.6957	73.840	105.447
29.1131	74.009	105.207
29.5365	74.177	104.961
29.9661	74.346	104.712
30.4020	74.514	104.457
30.8442	74.683	104.196
31.2929	74.851	103.931
31.7480	75.020	103.660
32.2098	75.188	103.383
32.6783	75.356	103.099
33.1536	75.525	102.810
33.6359	75.693	102.514
34.1251	75.862	102.211
34.6215	76.030	101.900
35.1250	76.199	101.582
35.6359	76.367	101.256
36.1543	76.536	100.921
36.6802	76.704	100.577
37.2137	76.873	100.224
37.7550	77.041	99.860
38.3041	77.209	99.485
38.8613	77.378	99.098
39.4265	77.546	98.698
40.0000	77.715	98.284
40.5818	77.883	97.854
41.1721	78.052	97.408
41.7710	78.220	96.943
42.3785	78.389	96.456
42.9949	78.557	95.946
43.6203	78.726	95.409
44.2548	78.894	94.840
44.8985	79.062	94.234
45.5515	79.231	93.584
46.2141	79.399	92.880
46.8863	79.568	92.109
47.5683	79.736	91.247
48.2602	79.904	90.260
48.9621	80.068	89.094
49.6743	80.214	87.688
50.3968	80.317	86.039
51.1299	80.346	84.195
51.8736	80.270	82.372
52.6281	80.092	80.822
53.3936	79.815	79.828
54.1702	79.482	79.702
54.9581	79.166	80.582
55.7575	78.915	82.385
56.5685	78.776	84.929
57.3914	78.797	87.809
58.2261	78.959	90.559
59.0730	79.243	92.845
59.9323	79.604	94.428
60.8040	79.962	95.390
61.6884	80.299	95.983
62.5857	80.611	96.434
63.4960	80.908	96.809
64.4196	81.218	97.099
65.3566	81.528	97.298
66.3073	81.856	97.383
67.2717	82.170	97.336
68.2502	82.469	97.260
69.2429	82.787	97.174
70.2501	83.121	97.024
71.2719	83.459	96.727
72.3086	83.817	96.235
73.3603	84.174	95.524
74.4274	84.501	94.598
75.5099	84.807	93.478
76.6083	85.087	92.272
77.7226	85.320	91.130
78.8531	85.568	90.076
80.0000	85.825	89.006
81.1636	86.069	87.837
82.3442	86.317	86.572
83.5419	86.538	85.147
84.7570	86.712	83.633
85.9899	86.852	82.214
87.2406	86.961	81.013
88.5096	87.074	80.028
89.7970	87.205	79.271
91.1031	87.364	78.651
92.4282	87.581	78.050
93.7726	87.847	77.307
95.1366	88.147	76.313
96.5204	88.471	74.884
97.9243	88.763	73.001
99.3486	88.995	70.813
100.794	89.163	68.419
102.260	89.250	65.971
103.747	89.272	63.705
105.256	89.259	61.737
106.787	89.233	60.098
108.340	89.223	58.650
109.916	89.225	57.307
111.515	89.240	56.020
113.137	89.269	54.660
114.783	89.285	53.240
116.452	89.283	51.810
118.146	89.257	50.412
119.865	89.209	49.092
121.608	89.147	47.854
123.377	89.053	46.706
125.171	88.936	45.797
126.992	88.808	45.223
128.839	88.680	45.000
130.713	88.582	45.245
132.615	88.559	45.794
134.543	88.622	46.411
136.500	88.785	46.737
138.486	89.002	46.511
140.500	89.214	45.838
142.544	89.414	44.778
144.617	89.564	43.420
146.721	89.648	42.025
148.855	89.706	40.657
151.020	89.736	39.304
153.217	89.747	37.947
155.445	89.745	36.610
157.706	89.722	35.232
160.000	89.665	33.870
162.327	89.562	32.593
164.688	89.400	31.517
167.084	89.200	30.896
169.514	89.002	30.810
171.980	88.834	31.228
174.481	88.745	32.100
177.019	88.760	33.116
179.594	88.877	33.889
182.206	89.052	34.208
184.856	89.233	34.078
187.545	89.415	33.576
190.273	89.554	32.764
193.041	89.637	31.858
195.849	89.695	30.991
198.697	89.728	30.156
201.587	89.745	29.383
204.520	89.752	28.712
207.494	89.753	28.135
210.512	89.753	27.667
213.574	89.755	27.329
216.681	89.769	27.111
219.833	89.806	27.031
223.030	89.890	26.930
226.274	90.021	26.655
229.565	90.179	26.115
232.905	90.337	25.210
236.292	90.461	24.011
239.729	90.531	22.733
243.216	90.564	21.446
246.754	90.569	20.193
250.343	90.549	19.043
253.984	90.525	17.988
257.678	90.498	16.935
261.426	90.452	15.895
265.229	90.391	14.931
269.087	90.320	14.025
273.001	90.232	13.196
276.972	90.120	12.475
281.000	89.996	11.938
285.088	89.874	11.577
289.234	89.740	11.489
293.441	89.627	11.746
297.709	89.562	12.276
302.040	89.550	12.958
306.433	89.594	13.627
310.890	89.709	14.008
315.412	89.861	13.960
320.000	90.015	13.389
324.655	90.140	12.423
329.377	90.208	11.199
334.168	90.204	9.973
339.028	90.145	8.924
343.959	90.041	8.186
348.962	89.932	7.842
354.038	89.850	7.779
359.188	89.795	7.875
364.412	89.778	8.072
369.713	89.793	8.264
375.090	89.851	8.382
380.546	89.941	8.289
386.081	90.033	8.002
391.697	90.136	7.514
397.394	90.217	6.832
403.175	90.272	6.030
409.039	90.314	5.127
414.989	90.320	4.121
421.025	90.279	3.118
427.149	90.192	2.274
433.362	90.078	1.763
439.665	89.972	1.648
446.060	89.916	1.901
452.548	89.946	2.211
459.131	90.039	2.299
465.809	90.162	2.023
472.584	90.273	1.340
479.458	90.352	0.371
486.432	90.385	-0.727
493.507	90.377	-1.869
500.686	90.337	-2.933
507.968	90.263	-3.941
515.357	90.160	-4.805
522.853	90.028	-5.439
530.458	89.884	-5.785
538.174	89.758	-5.819
546.002	89.663	-5.592
553.943	89.625	-5.256
562.001	89.639	-4.993
570.175	89.681	-4.907
578.469	89.748	-5.001
586.883	89.818	-5.322
595.419	89.873	-5.809
604.080	89.921	-6.402
612.866	89.954	-7.112
621.780	89.968	-7.898
630.824	89.970	-8.701
640.000	89.957	-9.525
649.309	89.931	-10.358
658.753	89.896	-11.226
668.335	89.850	-12.156
678.056	89.788	-13.181
687.919	89.703	-14.333
697.925	89.565	-15.539
708.077	89.379	-16.691
718.376	89.121	-17.661
728.825	88.791	-18.196
739.426	88.428	-18.078
750.181	88.081	-17.210
761.093	87.780	-15.575
772.163	87.601	-13.377
783.394	87.540	-11.065
794.789	87.575	-8.854
806.349	87.709	-6.975
818.078	87.885	-5.550
829.977	88.080	-4.387
842.050	88.329	-3.516
854.298	88.578	-2.992
866.724	88.849	-2.751
879.330	89.122	-2.865
892.120	89.390	-3.301
905.097	89.659	-4.129
918.262	89.898	-5.313
931.618	90.092	-6.770
945.169	90.227	-8.453
958.917	90.273	-10.142
972.864	90.243	-11.605
987.015	90.157	-12.787
1001.37	90.066	-13.578
1015.94	89.996	-14.108
1030.71	89.963	-14.546
1045.71	89.977	-15.013
1060.92	90.013	-15.597
1076.35	90.045	-16.253
1092.00	90.066	-16.866
1107.89	90.079	-17.375
1124.00	90.107	-17.787
1140.35	90.155	-18.234
1156.94	90.219	-18.813
1173.77	90.294	-19.586
1190.84	90.362	-20.580
1208.16	90.404	-21.726
1225.73	90.416	-22.943
1243.56	90.405	-24.194
1261.65	90.361	-25.465
1280.00	90.284	-26.710
1298.62	90.173	-27.827
1317.51	90.050	-28.809
1336.67	89.909	-29.574
1356.11	89.769	-30.018
1375.84	89.657	-30.176
1395.85	89.576	-30.120
1416.15	89.529	-29.938
1436.75	89.531	-29.835
1457.65	89.553	-29.852
1478.85	89.596	-30.033
1500.36	89.640	-30.364
1522.19	89.677	-30.732
1544.33	89.711	-31.097
1566.79	89.762	-31.461
1589.58	89.817	-31.888
1612.70	89.896	-32.389
1636.16	89.991	-33.006
1659.95	90.088	-33.854
1684.10	90.187	-34.817
1708.60	90.272	-35.926
1733.45	90.336	-37.160
1758.66	90.392	-38.356
1784.24	90.447	-39.568
1810.19	90.508	-40.847
1836.52	90.569	-42.205
1863.24	90.643	-43.670
1890.34	90.717	-45.359
1917.83	90.768	-47.287
1945.73	90.798	-49.384
1974.03	90.780	-51.626
2002.74	90.707	-53.865
2031.87	90.591	-56.004
2061.43	90.444	-58.009
2091.41	90.286	-59.808
2121.83	90.122	-61.488
2152.69	89.967	-63.100
2184.01	89.809	-64.690
2215.77	89.659	-66.233
2248.00	89.523	-67.846
2280.70	89.377	-69.555
2313.87	89.233	-71.281
2347.53	89.075	-73.090
2381.68	88.870	-74.932
2416.32	88.645	-76.572
2451.46	88.406	-78.145
2487.12	88.141	-79.558
2523.30	87.854	-80.739
2560.00	87.557	-81.785
2597.24	87.240	-82.727
2635.01	86.937	-83.486
2673.34	86.679	-84.244
2712.23	86.462	-85.061
2751.68	86.280	-86.015
2791.70	86.117	-87.166
2832.31	85.936	-88.443
2873.50	85.746	-89.848
2915.30	85.540	-91.307
2957.70	85.320	-92.817
3000.72	85.081	-94.418
3044.37	84.794	-96.024
3088.65	84.460	-97.621
3133.58	84.085	-99.155
3179.16	83.670	-100.487
3225.40	83.243	-101.675
3272.31	82.800	-102.644
3319.91	82.358	-103.416
3368.20	81.915	-104.072
3417.19	81.463	-104.550
3466.89	81.017	-104.819
3517.32	80.588	-104.912
3568.48	80.186	-104.832
3620.39	79.821	-104.759
3673.05	79.484	-104.806
3726.47	79.151	-105.140
3780.67	78.791	-105.823
3835.67	78.381	-106.727
3891.46	77.899	-107.691
3948.06	77.338	-108.493
4005.49	76.736	-108.905
4063.75	76.097	-108.925
4122.86	75.431	-108.559
4182.82	74.766	-107.883
4243.66	74.104	-107.021
4305.39	73.418	-106.038
4368.01	72.675	-104.891
4431.55	71.791	-103.325
4496.01	70.730	-101.073
4561.40	69.468	-97.918
4627.75	68.029	-92.955
4695.06	66.590	-85.130
4763.35	65.475	-72.811
4832.64	65.100	-55.070
4902.93	65.681	-35.879
4974.24	67.065	-22.270
5046.60	68.801	-15.940
5120.00	70.484	-14.164
5194.47	71.927	-15.355
5270.03	73.030	-18.285
5346.68	73.772	-21.736
5424.45	74.213	-25.340
5503.35	74.398	-28.658
5583.40	74.385	-31.347
5664.61	74.237	-33.205
5747.01	74.029	-34.054
5830.60	73.846	-34.000
5915.41	73.743	-33.332
6001.45	73.741	-32.357
6088.74	73.830	-31.501
6177.30	73.937	-31.028
6267.15	73.982	-30.901
6358.31	73.909	-30.759
6450.80	73.719	-30.202
6544.62	73.457	-28.888
6639.82	73.200	-26.445
6736.40	73.036	-22.930
6834.38	73.026	-18.657
6933.79	73.226	-14.142
7034.64	73.657	-9.998
7136.96	74.358	-6.578
7240.77	75.321	-4.242
7346.09	76.456	-3.174
7452.94	77.629	-3.378
7561.35	78.727	-5.001
7671.33	79.649	-7.761
7782.91	80.354	-11.479
7896.12	80.837	-15.942
8010.97	81.124	-20.574
8127.49	81.279	-25.031
8245.71	81.379	-29.184
8365.65	81.487	-33.070
8487.33	81.632	-37.054
8610.78	81.803	-41.411
8736.03	81.937	-46.289
8863.09	81.968	-51.767
8992.01	81.838	-57.663
9122.80	81.516	-63.693
9255.50	80.999	-69.598
9390.12	80.291	-75.076
9526.70	79.411	-79.725
9665.27	78.431	-83.201
9805.86	77.405	-85.545
9948.49	76.392	-86.833
10093.2	75.405	-87.355
10240.0	74.416	-87.418
10388.9	73.312	-87.062
10540.1	72.066	-85.014
10693.4	70.885	-79.536
10848.9	70.089	-69.483
11006.7	69.983	-56.665
11166.8	70.704	-46.838
11329.2	71.814	-42.985
11494.0	72.859	-43.517
11661.2	73.615	-46.416
11830.8	73.989	-50.478
12002.9	74.012	-54.846
12177.5	73.784	-58.800
12354.6	73.384	-62.081
12534.3	72.886	-64.538
12716.6	72.301	-66.235
12901.6	71.650	-67.068
13089.2	70.947	-67.016
13279.6	70.245	-66.002
13472.8	69.602	-64.048
13668.8	69.041	-61.547
13867.6	68.561	-58.627
14069.3	68.159	-55.372
14273.9	67.837	-51.696
14481.5	67.617	-47.649
14692.2	67.531	-43.633
14905.9	67.555	-40.227
15122.7	67.609	-37.540
15342.7	67.655	-35.379
15565.8	67.655	-33.442
15792.2	67.608	-31.415
16021.9	67.550	-29.135
16255.0	67.500	-26.707
16491.4	67.463	-24.222
16731.3	67.419	-21.729
16974.7	67.352	-19.075
17221.6	67.251	-15.955
17472.1	67.156	-11.765
17726.2	67.191	-6.048
17984.0	67.479	1.078
18245.6	68.172	8.626
18511.0	69.306	14.677
18780.2	70.819	17.102
19053.4	72.328	15.868
19330.5	73.574	12.427
19611.7	74.523	7.663
19897.0	75.097	2.295
20186.4	75.329	-2.866
20480.0	75.376	-7.345
20777.9	75.320	-11.057
21080.1	75.241	-14.046
21386.7	75.158	-16.520
21697.8	75.074	-18.630
22013.4	74.990	-20.475
22333.6	74.906	-22.114
22658.4	74.822	-23.588
22988.0	74.738	-24.927
23322.4	74.654	-26.153
23661.6	74.571	-27.283
24005.8	74.487	-28.330
24355.0	74.403	-29.304
24709.2	74.319	-30.215
25068.6	74.235	-31.071
25433.2	74.151	-31.876
25803.2	74.067	-32.637
26178.5	73.984	-33.357
26559.3	73.900	-34.040
26945.6	73.816	-34.690
27337.5	73.732	-35.310
27735.2	73.648	-35.902
28138.6	73.564	-36.468
28547.9	73.480	-37.010
28963.1	73.397	-37.530
29384.4	73.313	-38.030
29811.8	73.229	-38.510
30245.4	73.145	-38.973
30685.3	73.061	-39.419
31131.7	72.977	-39.850
31584.5	72.893	-40.266
32043.9	72.810	-40.668
32510.0	72.726	-41.057
32982.8	72.642	-41.434
33462.6	72.558	-41.799
33949.3	72.474	-42.153
34443.1	72.390	-42.497
34944.1	72.306	-42.831
35452.4	72.223	-43.155
35968.0	72.139	-43.470
36491.2	72.055	-43.777
37022.0	71.971	-44.076
37560.5	71.887	-44.368
38106.8	71.811	-44.627
38661.1	71.743	-44.860
39223.4	71.691	-45.033
39793.9	71.652	-45.165
