14.9760	68.8600	63.5000
15.2270	66.7500	49.2000
15.4822	63.9900	35.0000
15.7417	61.1300	23.5000
16.0055	59.0400	17.5000
16.2737	58.7300	19.2000
16.5465	60.1200	28.8000
16.8238	62.3700	43.4000
17.1058	64.8100	58.5000
17.3925	67.0600	69.6000
17.6840	69.0600	74.1000
17.9804	70.9100	73.6000
18.2817	72.5800	70.6000
18.5881	73.8900	66.3000
18.8997	74.6700	61.8000
19.2164	74.9300	57.2000
19.5385	74.9100	52.5000
19.8660	74.7600	47.9000
20.1989	74.6300	43.7000
20.5375	74.6500	40.2000
20.8817	74.9000	37.6000
21.2317	75.3400	35.5000
21.5875	75.8000	33.4000
21.9493	76.1200	31.2000
22.3172	76.2800	28.6000
22.6913	76.3600	25.6000
23.0716	76.4500	22.3000
23.4583	76.6500	18.4000
23.8514	77.0600	13.9000
24.2512	77.6500	9.3000
24.6576	78.2200	5.8000
25.0709	78.6400	4.2000
25.4911	78.9200	3.9000
25.9183	79.1300	3.7000
26.3527	79.3100	2.7000
26.7944	79.4800	-0.6000
27.2435	79.6500	-5.6000
27.7001	79.8800	-9.8000
28.1644	80.2100	-11.4000
28.6364	80.6200	-11.4000
29.1164	81.0100	-11.3000
29.6044	81.2900	-11.9000
30.1005	81.5000	-13.4000
30.6050	81.6600	-15.5000
31.1180	81.8200	-18.1000
31.6395	81.9800	-20.8000
32.1698	82.1800	-23.3000
32.7090	82.4300	-25.3000
33.2572	82.6900	-27.0000
33.8146	82.9100	-28.8000
34.3813	83.0800	-30.9000
34.9576	83.2500	-33.2000
35.5435	83.5100	-35.7000
36.1392	83.8600	-38.2000
36.7449	84.2700	-40.5000
37.3607	84.6600	-42.6000
37.9869	84.9300	-44.5000
38.6236	85.0700	-46.3000
39.2709	85.1800	-48.2000
39.9291	85.3800	-50.2000
40.5983	85.6600	-52.5000
41.2788	85.8600	-55.5000
41.9706	85.9500	-59.5000
42.6741	85.9400	-64.3000
43.3893	85.8600	-69.4000
44.1165	85.8600	-73.4000
44.8559	85.9500	-76.4000
45.6077	85.8800	-79.6000
46.3721	85.5100	-82.9000
47.1493	85.0400	-84.3000
47.9395	84.7100	-83.8000
48.7430	84.6200	-83.5000
49.5600	84.6700	-84.0000
50.3906	84.9100	-84.6000
51.2351	85.3200	-85.0000
52.0939	85.7800	-85.6000
52.9670	85.9500	-86.1000
53.8547	85.8600	-86.6000
54.7573	85.8700	-88.0000
55.6751	85.9000	-91.3000
56.6082	85.5400	-95.7000
57.5570	85.0400	-98.7000
58.5216	85.3100	-99.8000
59.5025	86.3500	-100.7000
60.4997	86.9300	-102.1000
61.5137	86.9600	-103.9000
62.5447	87.0200	-105.0000
63.5930	87.0700	-105.9000
64.6588	87.0100	-107.3000
65.7425	87.0400	-108.8000
66.8444	87.1200	-109.8000
67.9647	87.1800	-110.8000
69.1038	87.2100	-112.7000
70.2620	87.1900	-114.8000
71.4396	87.1500	-116.9000
72.6370	87.2200	-118.9000
73.8544	87.4400	-119.8000
75.0922	87.6000	-121.0000
76.3508	87.6400	-123.8000
77.6304	87.6100	-126.1000
78.9315	87.5500	-127.7000
80.2544	87.4900	-129.3000
81.5995	87.4100	-131.3000
82.9672	87.3700	-133.4000
84.3577	87.4300	-135.0000
85.7716	87.4900	-136.7000
87.2091	87.4800	-138.6000
88.6707	87.4400	-140.0000
90.1569	87.4200	-141.2000
91.6680	87.3500	-141.2000
93.2043	87.3700	-141.3000
94.7665	87.4800	-143.3000
96.3548	87.5500	-145.8000
97.9697	87.4800	-147.8000
99.6117	87.2400	-150.3000
101.2812	87.0700	-153.1000
102.9787	86.9700	-155.3000
104.7047	86.9000	-156.3000
106.4595	86.9200	-156.4000
108.2438	86.9500	-156.4000
110.0580	86.8800	-157.1000
111.9026	86.8100	-158.7000
113.7781	86.7800	-159.6000
115.6851	86.7000	-160.2000
117.6240	86.6000	-162.3000
119.5954	86.5300	-164.9000
121.5998	86.5000	-166.2000
123.6379	86.4500	-167.2000
125.7101	86.3200	-167.7000
127.8170	86.1600	-167.4000
129.9592	85.9600	-167.3000
132.1374	85.8000	-168.1000
134.3520	85.7300	-169.3000
136.6038	85.7800	-170.7000
138.8933	85.9000	-172.2000
141.2212	85.9000	-172.9000
143.5881	85.7700	-172.9000
145.9947	85.5900	-173.1000
148.4416	85.5000	-174.1000
150.9295	85.4700	-174.9000
153.4591	85.4100	-175.1000
156.0312	85.3100	-175.8000
158.6463	85.2000	-177.6000
161.3052	85.1700	-179.6000
164.0087	85.1600	126.5000
166.7576	84.9900	178.8000
169.5525	84.6500	178.1000
172.3942	84.3800	177.6000
175.2836	84.3200	178.0000
178.2214	84.4600	178.1000
181.2084	84.4600	178.6000
184.2455	84.2700	179.2000
187.3335	84.1800	178.5000
190.4733	84.1700	177.3000
193.6656	84.1200	176.3000
196.9115	84.0900	175.4000
200.2118	84.0700	175.3000
203.5674	83.9700	175.5000
206.9792	83.8600	175.5000
210.4483	83.8200	175.4000
213.9754	83.8300	175.4000
217.5617	83.8700	175.5000
221.2081	83.9400	175.0000
224.9156	84.0800	174.0000
228.6852	84.2500	172.7000
232.5181	84.2700	171.5000
236.4151	84.1800	170.0000
240.3775	83.9800	168.4000
244.4063	83.7000	166.9000
248.5026	83.5400	165.6000
252.6676	83.4400	164.9000
256.9023	83.2500	164.4000
261.2081	83.0000	164.1000
265.5860	82.7800	164.0000
270.0373	82.5800	164.0000
274.5632	82.4500	164.2000
279.1649	82.3900	164.1000
283.8438	82.4000	163.8000
288.6011	82.4000	163.9000
293.4381	82.2500	164.2000
298.3562	82.0900	164.1000
303.3567	82.0000	163.2000
308.4410	81.9300	162.9000
313.6106	81.8800	163.1000
318.8668	81.8600	162.8000
324.2111	81.7800	162.0000
329.6449	81.5600	161.0000
335.1699	81.3800	160.6000
340.7874	81.3000	161.0000
346.4991	81.2200	161.8000
352.3065	81.0700	162.6000
358.2112	81.0200	162.7000
364.2149	81.0600	162.2000
370.3192	81.1600	161.5000
376.5259	81.1800	161.4000
382.8365	81.0800	166.1000
389.2530	81.0500	169.7000
395.7770	81.0300	173.6000
402.4103	80.9500	173.2000
409.1548	80.9000	173.7000
416.0123	81.0000	174.9000
422.9848	81.3400	176.1000
430.0741	81.8800	176.1000
437.2823	82.5100	174.3000
444.6112	83.0600	170.3000
452.0630	83.3900	164.5000
459.6397	83.4500	157.8000
467.3434	83.2400	150.6000
475.1762	82.7200	143.6000
483.1402	81.8900	137.6000
491.2378	80.7900	133.2000
499.4710	79.5200	131.0000
507.8423	78.1900	130.9000
516.3539	76.8400	132.7000
525.0081	75.5000	136.8000
533.8074	74.3200	143.3000
542.7541	73.4900	151.6000
551.8508	73.1500	160.7000
561.0999	73.3400	168.9000
570.5041	73.8700	174.7000
580.0659	74.4100	177.7000
589.7880	74.7700	179.0000
599.6729	74.9000	91.2000
609.7236	74.9300	-178.7000
619.9428	74.9800	-176.7000
630.3331	75.0900	-174.9000
640.8976	75.1400	-173.5000
651.6392	75.0600	-171.5000
662.5608	75.0400	-167.7000
673.6656	75.3700	-163.0000
684.9564	76.0600	-159.6000
696.4364	76.7900	-158.8000
708.1088	77.3600	-159.7000
719.9769	77.7600	-161.2000
732.0439	78.0800	-163.1000
744.3132	78.2600	-165.6000
756.7880	78.2300	-168.3000
769.4720	77.9700	-170.0000
782.3685	77.6500	-170.1000
795.4812	77.4100	-169.2000
808.8137	77.2400	-167.8000
822.3696	77.1300	-165.6000
836.1527	77.2000	-162.7000
850.1668	77.5300	-160.3000
864.4158	77.9600	-159.2000
878.9036	78.3400	-159.3000
893.6343	78.6900	-159.7000
908.6118	79.0600	-161.1000
923.8403	79.2900	-163.8000
939.3242	79.2200	-166.9000
955.0674	78.9000	-168.6000
971.0747	78.5700	-168.4000
987.3501	78.4100	-167.2000
1003.8983	78.4300	-166.0000
1020.7239	78.5600	-165.7000
1037.8315	78.6200	-166.4000
1055.2258	78.5200	-167.2000
1072.9116	78.2900	-167.3000
1090.8939	78.0800	-166.0000
1109.1775	78.0500	-164.0000
1127.7676	78.1900	-162.6000
1146.6693	78.3300	-162.0000
1165.8877	78.4100	-161.7000
1185.4283	78.4700	-161.3000
1205.2964	78.5300	-160.9000
1225.4974	78.5600	-160.5000
1246.0371	78.5700	-159.7000
1266.9209	78.6300	-158.4000
1288.1549	78.8000	-156.8000
1309.7446	79.1100	-155.5000
1331.6963	79.4700	-155.2000
1354.0157	79.7800	-155.4000
1376.7095	80.0800	-155.7000
1399.7834	80.4400	-155.9000
1423.2441	80.8900	-156.8000
1447.0981	81.3700	-158.8000
1471.3518	81.7800	-162.1000
1496.0120	82.0300	-166.4000
1521.0856	82.0800	-171.2000
1546.5793	81.9500	-175.8000
1572.5004	81.6900	-23.5000
1598.8560	81.2700	175.4000
1625.6531	80.6700	171.9000
1652.8994	79.8900	169.6000
1680.6024	79.0200	169.1000
1708.7697	78.1600	170.3000
1737.4091	77.3900	173.4000
1766.5284	76.8500	171.6000
1796.1360	76.6400	-177.1000
1826.2397	76.7600	-172.5000
1856.8479	77.1200	-169.0000
1887.9691	77.6000	-166.9000
1919.6121	78.1400	-166.2000
1951.7852	78.6600	-166.9000
1984.4976	79.0900	-168.9000
2017.7582	79.4000	-171.8000
2051.5764	79.5700	-175.3000
2085.9612	79.5800	-179.3000
2120.9224	79.4200	176.9000
2156.4695	79.0900	173.6000
2192.6125	78.6500	171.2000
2229.3613	78.2200	169.9000
2266.7258	77.8500	169.3000
2304.7168	77.6400	169.1000
2343.3445	77.5700	168.1000
2382.6194	77.5500	166.0000
2422.5527	77.4800	162.4000
2463.1553	77.1900	157.5000
2504.4385	76.5900	152.6000
2546.4133	75.6900	148.7000
2589.0918	74.5800	147.1000
2632.4858	73.5100	147.7000
2676.6069	72.6600	149.4000
2721.4673	72.0500	150.8000
2767.0798	71.5400	150.9000
2813.4568	70.9600	150.0000
2860.6111	70.1700	148.7000
2908.5557	69.1500	148.1000
2957.3037	67.9300	149.2000
3006.8689	66.6000	152.7000
3057.2646	65.3900	158.9000
3108.5051	64.6100	166.5000
3160.6045	64.3100	172.9000
3213.5769	64.1400	176.9000
3267.4375	63.8300	77.8000
3322.2004	63.4700	-176.6000
3377.8813	63.2200	-172.9000
3434.4954	63.1000	-170.4000
3492.0583	62.9400	-169.6000
3550.5862	62.5700	-169.9000
3610.0950	61.8900	-170.2000
3670.6008	60.9100	-169.4000
3732.1211	59.6600	-165.9000
3794.6724	58.3600	-158.4000
3858.2720	57.6100	-147.3000
3922.9375	57.7300	-137.2000
3988.6870	58.2700	-131.3000
4055.5383	58.6400	-129.1000
4123.5103	58.6600	-128.4000
4192.6211	58.3700	-127.4000
4262.8906	57.8600	-125.1000
4334.3379	57.3700	-120.9000
4406.9824	57.1500	-116.0000
4480.8442	57.1100	-112.7000
4555.9443	56.9800	-110.7000
4632.3032	56.7400	-109.1000
4709.9419	56.4300	-107.9000
4788.8813	55.9700	-107.5000
4869.1445	55.1500	-106.6000
4950.7524	54.1100	-102.6000
5033.7280	53.3300	-95.5000
5118.0947	53.1400	-88.6000
5203.8750	53.2700	-84.4000
5291.0933	53.3200	-83.1000
5379.7734	53.0900	-83.1000
5469.9399	52.6200	-82.8000
5561.6172	52.1200	-81.7000
5654.8315	51.8900	-80.8000
5749.6079	51.9800	-83.7000
5845.9727	51.8300	-93.2000
5943.9526	50.6100	-106.3000
6043.5747	47.9000	-113.6000
6144.8662	43.9000	-102.6000
6247.8560	39.7600	-69.1000
6352.5713	37.1700	-31.7000
6459.0420	37.6800	9.5000
6567.2974	40.4500	35.8000
6677.3667	42.0400	43.9000
6789.2808	42.7100	50.9000
6903.0708	43.1300	58.8000
7018.7681	43.7700	66.9000
7136.4043	44.5000	68.4000
7256.0122	44.2200	65.5000
7377.6250	43.2800	66.3000
7501.2759	42.6600	68.6000
7626.9990	41.6900	71.1000
7754.8291	40.3200	83.5000
7884.8022	40.7700	107.4000
8016.9531	42.9300	120.9000
8151.3193	44.2600	123.5000
8287.9375	45.3900	124.2000
8426.8457	46.1200	120.5000
8568.0811	46.3300	117.2000
8711.6846	46.3900	116.4000
8857.6943	46.6900	118.1000
9006.1514	47.2300	119.3000
9157.0967	47.8600	118.3000
9310.5723	48.4100	115.1000
9466.6191	49.2000	107.5000
9625.2822	49.0200	94.0000
9786.6045	47.4100	86.6000
9950.6309	45.4200	89.2000
10117.4050	43.5300	101.3000
10286.9760	43.5200	120.3000
10459.3880	45.5100	128.7000
10634.6900	48.0300	123.3000
10812.9300	49.1400	105.0000
10994.1570	48.6900	91.1000
11178.4220	48.2700	82.9000
11365.7750	47.1700	72.5000
11556.2680	44.8800	70.2000
11749.9540	42.8300	75.2000
11946.8860	41.6800	86.5000
12147.1190	41.1900	96.0000
12350.7080	40.6800	107.5000
12557.7080	40.5800	114.3000
12768.1790	40.5500	111.2000
12982.1770	39.8700	102.0000
13199.7610	39.4500	95.4000
13420.9920	39.0400	86.8000
13645.9310	37.9200	78.4000
13874.6410	35.5200	68.7000
14107.1830	33.0700	58.8000
14343.6230	31.2500	12.4000
14584.0250	30.9500	-41.1000
14828.4570	32.9700	-76.1000
15076.9860	33.0500	-93.5000
15329.6800	32.4100	-95.2000
15586.6090	32.0400	-69.5000
15847.8440	34.2500	-43.7000
16113.4580	35.2600	-27.3000
16383.5240	36.7600	-7.1000
16658.1150	39.2000	-8.6000
16937.3110	38.9900	-33.6000
17221.1840	37.8700	-43.6000
17509.8140	37.8200	-64.5000
17803.2830	35.7200	-93.6000
18101.6700	34.0500	-112.3000
18405.0590	32.4500	42.8000
18713.5310	30.9700	82.6000
19027.1760	31.4200	-24.1000
19346.0760	31.7500	-76.4000
19670.3200	31.8800	-168.6000
20000.0000	31.1700	117.8000