19.8660	83.3500	-37.7000
20.1989	83.5900	-39.4000
20.5375	83.8300	-41.0000
20.8817	84.0600	-42.6000
21.2317	84.2800	-44.2000
21.5875	84.4900	-45.8000
21.9493	84.7200	-47.3000
22.3172	84.9500	-48.8000
22.6913	85.2000	-50.2000
23.0716	85.4400	-51.6000
23.4583	85.6700	-53.2000
23.8514	85.9000	-55.0000
24.2512	86.1200	-57.0000
24.6576	86.3200	-59.0000
25.0709	86.5200	-60.8000
25.4911	86.6900	-62.7000
25.9183	86.8600	-64.4000
26.3527	87.0100	-66.1000
26.7944	87.1700	-67.8000
27.2435	87.3100	-69.4000
27.7001	87.4600	-71.0000
28.1644	87.6200	-72.5000
28.6364	87.7900	-73.9000
29.1164	87.9600	-75.3000
29.6044	88.1400	-76.8000
30.1005	88.3300	-78.4000
30.6050	88.5100	-79.9000
31.1180	88.7000	-81.5000
31.6395	88.8900	-83.2000
32.1698	89.0800	-84.9000
32.7090	89.2700	-86.6000
33.2572	89.4600	-88.4000
33.8146	89.6400	-90.2000
34.3813	89.8200	-92.1000
34.9576	90.0000	-94.1000
35.5435	90.1800	-96.1000
36.1392	90.3500	-98.2000
36.7449	90.5100	-100.4000
37.3607	90.6600	-102.7000
37.9869	90.7800	-105.1000
38.6236	90.8800	-107.7000
39.2709	90.9500	-110.3000
39.9291	90.9600	-112.9000
40.5983	90.9400	-115.3000
41.2788	90.9000	-117.5000
41.9706	90.7800	-119.4000
42.6741	90.6900	-120.8000
43.3893	90.6500	-121.6000
44.1165	90.6300	-122.4000
44.8559	90.7300	-123.4000
45.6077	90.8600	-124.6000
46.3721	91.0200	-126.2000
47.1493	91.0900	-128.0000
47.9395	91.1000	-130.0000
48.7430	91.1200	-131.8000
49.5600	91.1400	-133.4000
50.3906	91.1400	-135.1000
51.2351	91.1400	-136.7000
52.0939	91.1300	-138.3000
52.9670	91.1100	-139.8000
53.8547	91.0800	-141.3000
54.7573	91.0500	-142.6000
55.6751	91.0400	-143.8000
56.6082	91.0400	-145.0000
57.5570	91.0400	-146.3000
58.5216	91.0500	-147.5000
59.5025	91.0600	-148.8000
60.4997	91.0800	-150.2000
61.5137	91.0900	-151.5000
62.5447	91.1000	-152.8000
63.5930	91.1000	-154.2000
64.6588	91.1000	-155.7000
65.7425	91.0900	-157.2000
66.8444	91.0700	-158.5000
67.9647	91.0400	-159.9000
69.1038	91.0100	-161.3000
70.2620	90.9800	-162.5000
71.4396	90.9500	-163.8000
72.6370	90.9200	-165.1000
73.8544	90.8900	-166.5000
75.0922	90.8600	-167.8000
76.3508	90.8100	-169.1000
77.6304	90.7700	-170.4000
78.9315	90.7200	-171.7000
80.2544	90.6700	-173.0000
81.5995	90.6200	-174.3000
82.9672	90.5600	-175.6000
84.3577	90.4800	-176.9000
85.7716	90.3800	-178.2000
87.2091	90.2700	-179.6000
88.6707	90.1500	17.1000
90.1569	90.0500	178.9000
91.6680	89.9800	178.1000
93.2043	89.9500	177.3000
94.7665	89.9200	176.1000
96.3548	89.8700	174.8000
97.9697	89.7700	173.4000
99.6117	89.6500	172.2000
101.2812	89.5100	171.1000
102.9787	89.3700	170.2000
104.7047	89.2400	169.4000
106.4595	89.1200	168.8000
108.2438	89.0300	168.2000
110.0580	88.9500	167.4000
111.9026	88.8800	166.6000
113.7781	88.7900	165.6000
115.6851	88.7000	164.6000
117.6240	88.5800	163.5000
119.5954	88.4200	162.4000
121.5998	88.2400	161.6000
123.6379	88.0400	161.0000
125.7101	87.8500	160.6000
127.8170	87.6900	160.5000
129.9592	87.5600	160.4000
132.1374	87.4700	160.4000
134.3520	87.4000	160.2000
136.6038	87.3500	159.8000
138.8933	87.2800	159.2000
141.2212	87.1900	158.5000
143.5881	87.0800	157.9000
145.9947	86.9600	157.4000
148.4416	86.8400	157.0000
150.9295	86.7200	156.6000
153.4591	86.6100	156.2000
156.0312	86.4900	155.7000
158.6463	86.3600	155.0000
161.3052	86.2000	154.6000
164.0087	86.0000	154.2000
166.7576	85.8100	154.2000
169.5525	85.6300	154.5000
172.3942	85.5000	155.0000
175.2836	85.4100	155.5000
178.2214	85.3500	155.9000
181.2084	85.3200	156.2000
184.2455	85.2800	156.3000
187.3335	85.2600	156.3000
190.4733	85.2500	156.2000
193.6656	85.2300	156.0000
196.9115	85.1900	155.6000
200.2118	85.1300	155.2000
203.5674	85.0500	154.9000
206.9792	84.9600	154.8000
210.4483	84.8900	154.7000
213.9754	84.8400	154.7000
217.5617	84.8200	154.7000
221.2081	84.8300	154.4000
224.9156	84.8300	153.9000
228.6852	84.8100	153.1000
232.5181	84.7300	152.2000
236.4151	84.6100	151.3000
240.3775	84.4400	150.7000
244.4063	84.2800	150.4000
248.5026	84.1400	150.3000
252.6676	84.0300	150.1000
256.9023	83.9000	149.9000
261.2081	83.7400	149.7000
265.5860	83.5600	149.8000
270.0373	83.4200	150.4000
274.5632	83.3300	150.9000
279.1649	83.3000	151.3000
283.8438	83.2800	151.4000
288.6011	83.2400	151.4000
293.4381	83.2000	151.3000
298.3562	83.1600	151.3000
303.3567	83.1300	151.2000
308.4410	83.1200	151.1000
313.6106	83.1200	150.7000
318.8668	83.1100	150.0000
324.2111	83.0500	149.0000
329.6449	82.9300	148.1000
335.1698	82.7800	147.5000
340.7874	82.6400	147.1000
346.4991	82.5100	146.5000
352.3065	82.3500	146.0000
358.2112	82.1800	145.7000
364.2149	82.0100	145.5000
370.3193	81.8800	145.3000
376.5259	81.7400	144.9000
382.8366	81.5900	144.5000
389.2530	81.4100	143.9000
395.7770	81.2100	143.5000
402.4103	81.1000	174.4000
409.1548	81.1100	177.8000
416.0123	81.4700	-179.0000
422.9848	82.0300	-177.5000
430.0741	82.6500	-178.0000
437.2823	83.2200	9.5000
444.6112	83.6300	176.0000
452.0630	83.8300	171.1000
459.6397	83.7700	165.5000
467.3434	83.3600	159.6000
475.1762	82.5000	154.8000
483.1402	81.3600	152.8000
491.2378	80.2100	154.1000
499.4710	79.3100	158.1000
507.8423	78.8100	163.2000
516.3539	78.5700	167.6000
525.0081	78.4100	171.9000
533.8074	78.4300	176.2000
542.7541	78.5700	-10.7000
551.8508	78.8800	-176.1000
561.0999	79.4600	-173.6000
570.5041	80.0400	-173.9000
580.0659	80.3600	-175.8000
589.7879	80.3700	-177.6000
599.6729	80.2900	-178.2000
609.7236	80.2400	-178.5000
619.9427	80.1800	-178.9000
630.3331	80.0700	-179.4000
640.8976	79.8100	179.9000
651.6392	79.3600	-179.5000
662.5609	78.9600	-176.3000
673.6656	79.0000	-172.0000
684.9564	79.3500	-169.4000
696.4364	79.6900	-168.6000
708.1088	79.8800	-168.5000
719.9769	80.0200	-167.8000
732.0439	80.3000	-167.5000
744.3131	80.5500	-168.7000
756.7880	80.6000	-170.3000
769.4720	80.5200	-171.5000
782.3685	80.3800	-172.5000
795.4812	80.1300	-173.3000
808.8137	79.7600	-173.2000
822.3696	79.3700	-171.4000
836.1527	79.2200	-167.9000
850.1668	79.4200	-165.2000
864.4158	79.6400	-164.4000
878.9036	79.6800	-163.5000
893.6343	79.8700	-162.1000
908.6118	80.1500	-162.3000
923.8404	80.2000	-163.7000
939.3242	79.9900	-164.4000
955.0675	79.7000	-163.4000
971.0746	79.5600	-161.1000
987.3501	79.6200	-158.3000
1003.8983	79.8900	-156.4000
1020.7239	80.1400	-155.9000
1037.8315	80.2800	-155.8000
1055.2258	80.3000	-155.6000
1072.9116	80.3000	-154.3000
1090.8939	80.4100	-152.5000
1109.1775	80.6300	-151.1000
1127.7676	80.9100	-149.9000
1146.6693	81.2400	-149.4000
1165.8877	81.5000	-149.1000
1185.4283	81.8600	-148.6000
1205.2964	82.2700	-149.3000
1225.4974	82.5800	-150.7000
1246.0371	82.8300	-152.2000
1266.9209	83.0600	-154.1000
1288.1549	83.1600	-156.9000
1309.7446	83.0900	-159.2000
1331.6963	82.8700	-161.4000
1354.0158	82.5000	-162.3000
1376.7095	82.1000	-161.4000
1399.7835	81.8900	-159.1000
1423.2442	81.9200	-156.1000
1447.0981	82.2000	-153.4000
1471.3518	82.6200	-151.5000
1496.0120	83.2300	-150.7000
1521.0856	83.8400	-151.7000
1546.5793	84.3400	-153.6000
1572.5004	84.7500	-156.1000
1598.8559	85.1000	-158.6000
1625.6531	85.4400	-161.8000
1652.8994	85.6700	-165.2000
1680.6024	85.9000	-168.6000
1708.7697	86.1200	-172.4000
1737.4091	86.2900	-176.7000
1766.5285	86.4200	178.5000
1796.1360	86.5100	173.0000
1826.2397	86.4300	166.4000
1856.8479	86.0900	159.5000
1887.9691	85.5400	153.6000
1919.6120	84.9000	148.4000
1951.7851	84.2100	144.1000
1984.4975	83.5400	140.4000
2017.7582	82.9600	136.8000
2051.5763	82.3900	131.8000
2085.9612	81.6300	126.2000
2120.9224	80.6000	120.3000
2156.4696	79.3000	115.1000
2192.6126	77.7500	111.0000
2229.3613	76.0100	108.3000
2266.7259	74.1100	108.1000
2304.7168	72.2400	110.1000
2343.3444	70.4500	114.0000
2382.6195	68.6500	119.7000
2422.5528	66.9800	128.3000
2463.1553	65.7900	140.6000
2504.4384	65.4900	153.6000
2546.4134	65.9700	162.8000
2589.0919	66.6000	166.3000
2632.4858	66.8200	165.6000
2676.6069	66.4700	163.3000
2721.4674	65.5400	162.0000
2767.0799	64.2000	163.9000
2813.4568	62.9200	170.6000
2860.6111	62.3200	-178.0000
2908.5556	62.4900	-172.0000
2957.3037	62.8000	-168.8000
3006.8689	62.8100	-168.6000
3057.2647	62.3100	-169.6000
3108.5052	61.2900	-168.6000
3160.6045	60.1700	-163.4000
3213.5770	59.5400	-154.8000
3267.4374	59.5400	-147.5000
3322.2004	59.6600	-142.9000
3377.8813	59.7100	-139.3000
3434.4954	59.7900	-136.2000
3492.0584	60.0500	-134.4000
3550.5862	60.2800	-136.3000
3610.0949	59.9200	-140.7000
3670.6009	58.8800	-143.7000
3732.1211	57.7700	-142.0000
3794.6724	57.3600	-140.2000
3858.2720	57.0300	-144.3000
3922.9376	55.8500	-152.0000
3988.6870	53.8800	-158.2000
4055.5384	51.5400	-163.1000
4123.5102	48.6600	-167.9000
4192.6212	44.8000	-171.5000
4262.8906	40.4400	-171.8000
4334.3377	34.3500	174.1000
4406.9822	26.3300	74.6000
4480.8443	34.5800	19.6000
4555.9444	37.5600	12.8000
4632.3031	39.8700	18.4000
4709.9417	42.7000	13.0000
4788.8814	43.4400	-3.9000
4869.1443	40.9700	-27.2000
4950.7523	32.5300	-56.4000
5033.7281	32.5700	168.0000
5118.0947	41.9700	138.5000
5203.8752	46.4700	121.8000
5291.0934	48.4900	105.3000
5379.7734	48.5800	92.1000
5469.9397	46.9900	85.6000
5561.6173	45.1200	98.5000
5654.8313	46.3100	111.0000
5749.6077	46.2400	110.0000
5845.9725	45.0000	121.0000
5943.9525	44.6600	143.1000
6043.5746	48.0900	162.7000
6144.8664	50.9200	157.2000
6247.8558	51.1000	150.9000
6352.5714	51.1200	154.1000
6459.0421	51.5400	156.8000
6567.2972	52.1100	157.9000
6677.3667	52.0200	153.6000
6789.2810	51.0100	155.4000
6903.0710	50.9100	159.1000
7018.7682	50.1300	157.0000
7136.4045	48.6500	163.5000
7256.0123	48.7600	170.9000
7377.6249	48.6800	171.4000
7501.2757	48.9000	173.6000
7626.9989	49.2900	164.6000
7754.8293	48.3300	152.9000
7884.8021	46.2800	141.3000
8016.9533	40.0300	146.5000
8151.3194	43.2300	-169.5000
8287.9375	45.0700	-169.3000
8426.8454	48.2100	-173.2000
8568.0814	50.0500	157.1000
8711.6845	45.5900	122.8000
8857.6945	44.8500	172.4000
9006.1516	49.3500	153.8000
9157.0969	49.1400	143.1000
9310.5721	50.0600	144.8000
9466.6196	48.1600	129.7000
9625.2825	45.4800	147.3000
9786.6046	44.8100	150.8000
9950.6305	45.4200	161.6000
10117.4050	45.6700	158.6000
10286.9760	46.1000	154.4000
10459.3880	44.6600	-123.7000
10634.6900	48.4100	-173.5000
10812.9300	47.4600	170.3000
10994.1570	47.1000	169.8000
11178.4220	41.9300	151.5000
11365.7750	37.8900	126.5000
11556.2680	36.2000	124.0000
11749.9540	23.5900	-34.9000
11946.8860	34.8300	-24.5000
12147.1190	37.8800	-64.7000
12350.7080	32.1200	-22.5000
12557.7080	36.2600	-49.9000
12768.1790	36.1100	-27.3000
12982.1770	34.1600	-55.9000
13199.7610	34.1600	64.5000
13420.9920	39.1800	77.9000
13645.9310	39.7300	86.1000
13874.6410	34.4000	57.3000
14107.1830	32.2700	36.2000
14343.6230	26.3900	97.7000
14584.0250	38.0000	126.3000
14828.4570	34.3100	96.6000
15076.9860	41.2900	137.0000
15329.6800	36.7900	92.0000
15586.6090	33.7400	91.5000
15847.8440	31.0500	-170.8000
16113.4580	29.3200	139.1000
16383.5240	24.9800	-104.6000
16658.1150	22.9800	-61.6000
16937.3100	28.4800	134.8000
17221.1830	27.0500	-118.6000
17509.8140	29.4200	17.4000
17803.2830	36.4700	64.9000
18101.6700	30.3800	-114.7000
18405.0590	46.4100	129.7000
18713.5320	41.5100	57.8000
19027.1760	25.5300	-65.0000
19346.0760	28.2000	-62.7000
19670.3210	36.3500	174.2000
20000.0000	25.2400	-161.0000