5.00000	71.416	45.516
5.07273	71.444	45.534
5.14651	71.481	45.557
5.22137	71.530	45.590
5.29732	71.584	45.625
5.37437	71.644	45.666
5.45254	71.704	45.706
5.53185	71.764	45.748
5.61231	71.824	45.790
5.69394	71.884	45.833
5.77676	71.944	45.877
5.86079	72.004	45.921
5.94604	72.064	45.966
6.03252	72.124	46.012
6.12027	72.184	46.059
6.20929	72.244	46.106
6.29961	72.304	46.154
6.39124	72.364	46.203
6.48420	72.424	46.253
6.57851	72.484	46.304
6.67420	72.544	46.356
6.77128	72.604	46.408
6.86977	72.664	46.462
6.96969	72.724	46.516
7.07107	72.784	46.572
7.17392	72.844	46.628
7.27827	72.904	46.686
7.38413	72.964	46.744
7.49154	73.024	46.804
7.60050	73.084	46.865
7.71105	73.144	46.926
7.82321	73.204	46.989
7.93701	73.265	47.054
8.05245	73.325	47.119
8.16958	73.385	47.186
8.28841	73.445	47.254
8.40896	73.505	47.323
8.53128	73.565	47.393
8.65537	73.625	47.465
8.78126	73.685	47.539
8.90899	73.745	47.614
9.03857	73.805	47.690
9.17004	73.865	47.768
9.30342	73.925	47.848
9.43874	73.985	47.929
9.57603	74.045	48.012
9.71532	74.105	48.097
9.85663	74.165	48.184
10.0000	74.225	48.272
10.1455	74.285	48.363
10.2930	74.345	48.456
10.4427	74.405	48.550
10.5946	74.465	48.647
10.7487	74.525	48.746
10.9051	74.585	48.848
11.0637	74.645	48.952
11.2246	74.705	49.058
11.3879	74.765	49.167
11.5535	74.825	49.279
11.7216	74.885	49.394
11.8921	74.945	49.512
12.0650	75.005	49.632
12.2405	75.065	49.757
12.4186	75.125	49.884
12.5992	75.185	50.015
12.7825	75.245	50.150
12.9684	75.305	50.289
13.1570	75.365	50.432
13.3484	75.425	50.579
13.5426	75.485	50.731
13.7395	75.545	50.887
13.9394	75.605	51.049
14.1421	75.665	51.216
14.3478	75.725	51.389
14.5565	75.785	51.568
14.7683	75.845	51.754
14.9831	75.905	51.946
15.2010	75.966	52.147
15.4221	76.026	52.355
15.6464	76.086	52.573
15.8740	76.146	52.800
16.1049	76.206	53.038
16.3392	76.266	53.287
16.5768	76.326	53.549
16.8179	76.386	53.824
17.0626	76.446	54.115
17.3107	76.506	54.424
17.5625	76.566	54.751
17.8180	76.626	55.101
18.0771	76.686	55.476
18.3401	76.746	55.881
18.6068	76.806	56.320
18.8775	76.866	56.802
19.1521	76.926	57.335
19.4306	76.986	57.934
19.7133	77.046	58.625
20.0000	77.108	59.454
20.2909	77.182	60.470
20.5860	77.285	61.710
20.8855	77.443	63.100
21.1893	77.670	64.485
21.4975	77.958	65.685
21.8102	78.299	66.535
22.1274	78.673	66.954
22.4492	79.056	66.899
22.7758	79.421	66.389
23.1071	79.752	65.546
23.4432	80.038	64.489
23.7841	80.281	63.310
24.1301	80.501	62.050
24.4811	80.706	60.584
24.8372	80.874	58.850
25.1984	80.982	56.935
25.5649	81.003	54.888
25.9368	80.909	52.915
26.3141	80.703	51.359
26.6968	80.422	50.474
27.0851	80.108	50.398
27.4791	79.813	51.197
27.8788	79.583	52.840
28.2843	79.478	55.044
28.6957	79.502	57.399
29.1131	79.637	59.634
29.5365	79.859	61.546
29.9661	80.133	63.103
30.4020	80.446	64.367
30.8442	80.805	65.234
31.2929	81.181	65.602
31.7480	81.557	65.531
32.2098	81.912	65.015
32.6783	82.214	64.185
33.1536	82.453	63.261
33.6359	82.644	62.365
34.1251	82.800	61.605
34.6215	82.943	60.970
35.1250	83.086	60.447
35.6359	83.243	59.982
36.1543	83.410	59.493
36.6802	83.597	58.981
37.2137	83.794	58.383
37.7550	84.009	57.676
38.3041	84.232	56.792
38.8613	84.452	55.693
39.4265	84.663	54.369
40.0000	84.848	52.777
40.5818	84.999	50.943
41.1721	85.109	48.883
41.7710	85.143	46.645
42.3785	85.100	44.357
42.9949	84.958	42.152
43.6203	84.715	40.227
44.2548	84.387	38.798
44.8985	83.992	38.087
45.5515	83.577	38.282
46.2141	83.189	39.492
46.8863	82.886	41.669
47.5683	82.727	44.511
48.2602	82.723	47.606
48.9621	82.868	50.543
49.6743	83.140	53.069
50.3968	83.496	55.040
51.1299	83.900	56.470
51.8736	84.345	57.374
52.6281	84.813	57.727
53.3936	85.289	57.537
54.1702	85.769	56.790
54.9581	86.221	55.501
55.7575	86.634	53.712
56.5685	86.994	51.467
57.3914	87.275	48.839
58.2261	87.456	45.938
59.0730	87.528	42.987
59.9323	87.492	40.158
60.8040	87.352	37.599
61.6884	87.130	35.554
62.5857	86.876	34.094
63.4960	86.612	33.198
64.4196	86.362	32.864
65.3566	86.155	32.917
66.3073	85.981	33.268
67.2717	85.840	33.875
68.2502	85.738	34.703
69.2429	85.679	35.793
70.2501	85.696	37.088
71.2719	85.815	38.332
72.3086	86.019	39.204
73.3603	86.270	39.459
74.4274	86.506	39.090
75.5099	86.675	38.334
76.6083	86.763	37.503
77.7226	86.796	36.867
78.8531	86.819	36.559
80.0000	86.866	36.442
81.1636	86.953	36.386
82.3442	87.070	36.232
83.5419	87.196	35.869
84.7570	87.312	35.357
85.9899	87.408	34.723
87.2406	87.483	34.006
88.5096	87.531	33.291
89.7970	87.558	32.605
91.1031	87.564	32.026
92.4282	87.552	31.623
93.7726	87.544	31.435
95.1366	87.553	31.461
96.5204	87.594	31.671
97.9243	87.705	31.978
99.3486	87.888	32.077
100.794	88.123	31.670
102.260	88.371	30.624
103.747	88.555	28.865
105.256	88.595	26.706
106.787	88.469	24.656
108.340	88.186	23.244
109.916	87.836	23.020
111.515	87.557	24.101
113.137	87.452	26.035
114.783	87.550	28.031
116.452	87.815	29.328
118.146	88.134	29.675
119.865	88.422	29.268
121.608	88.647	28.457
123.377	88.811	27.496
125.171	88.922	26.559
126.992	89.018	25.723
128.839	89.121	24.938
130.713	89.236	24.056
132.615	89.348	23.024
134.543	89.450	21.858
136.500	89.529	20.540
138.486	89.571	19.160
140.500	89.579	17.813
142.544	89.563	16.532
144.617	89.533	15.320
146.721	89.490	14.112
148.855	89.423	12.937
151.020	89.327	11.822
153.217	89.191	10.873
155.445	89.031	10.217
157.706	88.870	9.878
160.000	88.724	9.859
162.327	88.623	10.051
164.688	88.569	10.266
167.084	88.543	10.425
169.514	88.536	10.482
171.980	88.533	10.466
174.481	88.534	10.410
177.019	88.538	10.334
179.594	88.547	10.250
182.206	88.567	10.133
184.856	88.597	9.947
187.545	88.633	9.690
190.273	88.676	9.301
193.041	88.712	8.765
195.849	88.730	8.132
198.697	88.726	7.439
201.587	88.690	6.772
204.520	88.627	6.203
207.494	88.545	5.757
210.512	88.449	5.448
213.574	88.351	5.229
216.681	88.252	5.136
219.833	88.163	5.173
223.030	88.093	5.447
226.274	88.054	5.899
229.565	88.050	6.339
232.905	88.065	6.708
236.292	88.092	6.883
239.729	88.118	6.791
243.216	88.128	6.602
246.754	88.133	6.385
250.343	88.133	6.209
253.984	88.133	6.088
257.678	88.133	6.005
261.426	88.134	5.938
265.229	88.135	5.879
269.087	88.138	5.819
273.001	88.144	5.752
276.972	88.156	5.673
281.000	88.171	5.580
285.088	88.189	5.476
289.234	88.206	5.367
293.441	88.217	5.268
297.709	88.217	5.190
302.040	88.210	5.142
306.433	88.203	5.129
310.890	88.207	5.137
315.412	88.229	5.146
320.000	88.269	5.132
324.655	88.322	5.061
329.377	88.376	4.916
334.168	88.426	4.706
339.028	88.469	4.434
343.959	88.506	4.121
348.962	88.542	3.790
354.038	88.574	3.448
359.188	88.600	3.097
364.412	88.614	2.739
369.713	88.613	2.388
375.090	88.599	2.055
380.546	88.572	1.766
386.081	88.538	1.535
391.697	88.503	1.359
397.394	88.469	1.232
403.175	88.435	1.135
409.039	88.401	1.051
414.989	88.367	0.971
421.025	88.333	0.891
427.149	88.300	0.811
433.362	88.266	0.732
439.665	88.233	0.660
446.060	88.202	0.604
452.548	88.176	0.584
459.131	88.156	0.613
465.809	88.146	0.685
472.584	88.148	0.788
479.458	88.167	0.884
486.432	88.203	0.934
493.507	88.243	0.924
500.686	88.278	0.847
507.968	88.304	0.720
515.357	88.318	0.575
522.853	88.326	0.428
530.458	88.338	0.294
538.174	88.361	0.176
546.002	88.393	0.070
553.943	88.429	-0.031
562.001	88.466	-0.129
570.175	88.504	-0.228
578.469	88.541	-0.329
586.883	88.577	-0.436
595.419	88.608	-0.558
604.080	88.633	-0.700
612.866	88.650	-0.861
621.780	88.660	-1.039
630.824	88.665	-1.224
640.000	88.666	-1.406
649.309	88.667	-1.577
658.753	88.667	-1.734
668.335	88.667	-1.877
678.056	88.667	-2.003
687.919	88.668	-2.110
697.925	88.674	-2.207
708.077	88.687	-2.314
718.376	88.704	-2.485
728.825	88.716	-2.753
739.426	88.701	-3.063
750.181	88.659	-3.344
761.093	88.589	-3.494
772.163	88.511	-3.419
783.394	88.456	-3.110
794.789	88.441	-2.616
806.349	88.469	-2.040
818.078	88.535	-1.476
829.977	88.614	-0.975
842.050	88.696	-0.559
854.298	88.772	-0.217
866.724	88.845	0.062
879.330	88.920	0.316
892.120	89.000	0.567
905.097	89.091	0.823
918.262	89.198	1.085
931.618	89.323	1.327
945.169	89.466	1.503
958.917	89.626	1.561
972.864	89.800	1.469
987.015	89.992	1.185
1001.37	90.201	0.703
1015.94	90.420	0.072
1030.71	90.644	-0.676
1045.71	90.855	-1.502
1060.92	91.034	-2.372
1076.35	91.179	-3.274
1092.00	91.286	-4.202
1107.89	91.365	-5.152
1124.00	91.432	-6.114
1140.35	91.493	-7.081
1156.94	91.555	-8.047
1173.77	91.623	-9.012
1190.84	91.701	-9.992
1208.16	91.793	-11.014
1225.73	91.889	-12.138
1243.56	91.978	-13.366
1261.65	92.051	-14.678
1280.00	92.096	-16.055
1298.62	92.113	-17.437
1317.51	92.103	-18.741
1336.67	92.080	-19.946
1356.11	92.051	-21.062
1375.84	92.018	-22.108
1395.85	91.980	-23.084
1416.15	91.941	-23.994
1436.75	91.897	-24.838
1457.65	91.851	-25.580
1478.85	91.817	-26.199
1500.36	91.807	-26.786
1522.19	91.814	-27.401
1544.33	91.839	-28.099
1566.79	91.859	-28.953
1589.58	91.855	-29.884
1612.70	91.827	-30.784
1636.16	91.776	-31.562
1659.95	91.717	-32.133
1684.10	91.677	-32.493
1708.60	91.665	-32.715
1733.45	91.693	-32.911
1758.66	91.744	-33.180
1784.24	91.814	-33.550
1810.19	91.894	-34.035
1836.52	91.974	-34.620
1863.24	92.062	-35.287
1890.34	92.156	-36.032
1917.83	92.251	-36.860
1945.73	92.348	-37.767
1974.03	92.445	-38.766
2002.74	92.532	-39.850
2031.87	92.611	-41.013
2061.43	92.682	-42.245
2091.41	92.733	-43.511
2121.83	92.769	-44.757
2152.69	92.792	-45.942
2184.01	92.806	-47.022
2215.77	92.828	-47.983
2248.00	92.859	-48.857
2280.70	92.909	-49.684
2313.87	92.976	-50.485
2347.53	93.062	-51.322
2381.68	93.167	-52.224
2416.32	93.283	-53.167
2451.46	93.427	-54.202
2487.12	93.595	-55.370
2523.30	93.776	-56.675
2560.00	93.991	-58.228
2597.24	94.210	-60.109
2635.01	94.408	-62.293
2673.34	94.574	-64.716
2712.23	94.695	-67.283
2751.68	94.769	-69.874
2791.70	94.817	-72.407
2832.31	94.851	-74.873
2873.50	94.878	-77.308
2915.30	94.905	-79.729
2957.70	94.929	-82.196
3000.72	94.946	-84.720
3044.37	94.959	-87.323
3088.65	94.954	-90.038
3133.58	94.917	-92.768
3179.16	94.848	-95.451
3225.40	94.747	-97.979
3272.31	94.635	-100.264
3319.91	94.550	-102.341
3368.20	94.505	-104.345
3417.19	94.506	-106.425
3466.89	94.541	-108.730
3517.32	94.584	-111.324
3568.48	94.620	-114.204
3620.39	94.631	-117.352
3673.05	94.601	-120.738
3726.47	94.516	-124.247
3780.67	94.367	-127.798
3835.67	94.152	-131.247
3891.46	93.879	-134.464
3948.06	93.568	-137.357
4005.49	93.243	-139.834
4063.75	92.932	-141.865
4122.86	92.660	-143.514
4182.82	92.461	-144.873
4243.66	92.343	-146.177
4305.39	92.313	-147.626
4368.01	92.347	-149.459
4431.55	92.406	-151.795
4496.01	92.460	-154.586
4561.40	92.482	-157.790
4627.75	92.447	-161.284
4695.06	92.358	-164.883
4763.35	92.229	-168.541
4832.64	92.064	-172.175
4902.93	91.879	-175.758
4974.24	91.689	-179.314
5046.60	91.495	177.099
5120.00	91.294	173.440
5194.47	91.071	169.677
5270.03	90.813	165.869
5346.68	90.514	162.125
5424.45	90.176	158.448
5503.35	89.801	154.947
5583.40	89.406	151.706
5664.61	89.030	148.697
5747.01	88.681	145.869
5830.60	88.383	143.182
5915.41	88.149	140.426
6001.45	87.966	137.434
6088.74	87.823	134.073
6177.30	87.690	130.231
6267.15	87.540	125.927
6358.31	87.354	121.199
6450.80	87.111	116.096
6544.62	86.801	110.719
6639.82	86.420	105.132
6736.40	85.963	99.389
6834.38	85.434	93.572
6933.79	84.825	87.732
7034.64	84.098	82.162
7136.96	83.244	77.090
7240.77	82.258	72.445
7346.09	81.140	68.376
7452.94	79.954	64.913
7561.35	78.792	61.818
7671.33	77.646	59.133
7782.91	76.496	56.863
7896.12	75.322	54.995
8010.97	74.070	53.671
8127.49	72.803	53.003
8245.71	71.682	53.025
8365.65	70.856	53.494
8487.33	70.451	53.382
8610.78	70.340	51.710
8736.03	70.285	47.896
8863.09	70.020	42.508
8992.01	69.331	36.423
9122.80	68.114	30.467
9255.50	66.285	25.742
9390.12	63.896	23.229
9526.70	61.083	23.532
9665.27	58.024	27.451
9805.86	55.104	35.238
9948.49	52.748	47.099
10093.2	51.346	61.480
10240.0	50.916	75.358
10388.9	51.097	87.011
10540.1	51.599	96.457
10693.4	52.232	104.236
10848.9	52.902	110.404
11006.7	53.558	115.028
11166.8	54.204	118.206
11329.2	54.813	120.185
11494.0	55.538	120.877
11661.2	56.211	119.712
11830.8	56.656	117.445
12002.9	56.957	114.709
12177.5	57.001	111.642
12354.6	56.838	109.045
12534.3	56.681	107.284
12716.6	56.582	105.800
12901.6	56.618	104.108
13089.2	56.635	101.648
13279.6	56.491	98.795
13472.8	56.158	95.993
13668.8	55.581	93.481
13867.6	54.839	91.718
14069.3	54.038	90.642
14273.9	53.349	89.906
14481.5	52.820	89.161
14692.2	52.411	88.117
14905.9	52.093	86.772
15122.7	51.756	85.149
15342.7	51.308	83.431
15565.8	50.806	81.927
15792.2	50.273	80.736
16021.9	49.745	79.937
16255.0	49.247	79.471
16491.4	48.789	79.154
16731.3	48.348	78.848
16974.7	47.919	78.520
17221.6	47.491	78.158
17472.1	47.062	77.788
17726.2	46.633	77.415
17984.0	46.205	77.044
18245.6	45.776	76.677
18511.0	45.347	76.314
18780.2	44.919	75.955
19053.4	44.490	75.603
19330.5	44.061	75.255
19611.7	43.633	74.914
19897.0	43.204	74.579
20186.4	42.775	74.249
20480.0	42.347	73.925
20777.9	41.918	73.607
21080.1	41.489	73.294
21386.7	41.061	72.987
21697.8	40.632	72.685
22013.4	40.203	72.388
22333.6	39.775	72.096
22658.4	39.346	71.809
22988.0	38.917	71.527
23322.4	38.489	71.250
23661.6	38.060	70.977
24005.8	37.631	70.709
24355.0	37.203	70.446
24709.2	36.774	70.187
25068.6	36.345	69.932
25433.2	35.917	69.681
25803.2	35.488	69.434
26178.5	35.059	69.192
26559.3	34.631	68.953
26945.6	34.202	68.718
27337.5	33.773	68.487
27735.2	33.345	68.259
28138.6	32.916	68.035
28547.9	32.487	67.814
28963.1	32.059	67.597
29384.4	31.630	67.383
29811.8	31.201	67.173
30245.4	30.773	66.966
30685.3	30.344	66.762
31131.7	29.915	66.561
31584.5	29.487	66.363
32043.9	29.058	66.168
32510.0	28.629	65.975
32982.8	28.201	65.786
33462.6	27.772	65.600
33949.3	27.343	65.417
34443.1	26.915	65.236
34944.1	26.486	65.057
35452.4	26.057	64.882
35968.0	25.629	64.709
36491.2	25.200	64.538
37022.0	24.771	64.369
37560.5	24.343	64.201
38106.8	23.953	64.046
38661.1	23.598	63.902
39223.4	23.331	63.790
39793.9	23.125	63.702
