20.1989	63.1700	136.7000
20.5375	63.3400	136.3000
20.8817	63.5100	136.0000
21.2317	63.7000	135.6000
21.5875	63.8900	135.1000
21.9493	64.0900	134.7000
22.3172	64.3000	134.3000
22.6913	64.5100	133.8000
23.0716	64.7300	133.3000
23.4583	64.9500	132.8000
23.8514	65.1800	132.3000
24.2512	65.4100	131.8000
24.6576	65.6500	131.3000
25.0709	65.9000	130.7000
25.4911	66.1500	130.2000
25.9183	66.4200	129.6000
26.3527	66.6800	129.1000
26.7944	66.9600	128.5000
27.2435	67.2400	128.0000
27.7001	67.5300	127.4000
28.1644	67.8300	126.8000
28.6364	68.1200	126.2000
29.1164	68.4300	125.6000
29.6044	68.7300	125.0000
30.1005	69.0400	124.5000
30.6050	69.3500	123.9000
31.1180	69.6600	123.3000
31.6395	69.9700	122.7000
32.1698	70.2800	122.0000
32.7090	70.5800	121.4000
33.2572	70.8800	120.8000
33.8146	71.1600	120.2000
34.3813	71.4500	119.6000
34.9576	71.7200	119.0000
35.5435	71.9900	118.4000
36.1392	72.2400	117.7000
36.7449	72.4900	117.1000
37.3607	72.7300	116.5000
37.9869	72.9600	115.9000
38.6236	73.1900	115.2000
39.2709	73.4100	114.6000
39.9291	73.6200	114.0000
40.5983	73.8400	113.3000
41.2788	74.0600	112.7000
41.9706	74.2900	112.1000
42.6741	74.5200	111.5000
43.3893	74.7700	110.8000
44.1165	75.0200	110.2000
44.8559	75.2900	109.6000
45.6077	75.5700	108.9000
46.3721	75.8600	108.3000
47.1493	76.1700	107.6000
47.9395	76.4800	107.0000
48.7430	76.7900	106.4000
49.5600	77.1100	105.7000
50.3906	77.4100	105.1000
51.2351	77.7100	104.5000
52.0939	77.9900	103.8000
52.9670	78.2600	103.2000
53.8547	78.5200	102.5000
54.7573	78.7500	101.9000
55.6751	78.9600	101.3000
56.6082	79.1400	100.6000
57.5570	79.3100	100.0000
58.5216	79.4500	99.3000
59.5025	79.5600	98.7000
60.4997	79.6600	98.1000
61.5137	79.7400	97.4000
62.5447	79.8000	96.8000
63.5930	79.8600	96.1000
64.6588	79.9300	95.5000
65.7425	80.0100	94.8000
66.8444	80.1200	94.2000
67.9647	80.2500	93.6000
69.1038	80.4200	92.9000
70.2620	80.6100	92.3000
71.4396	80.8100	91.6000
72.6370	81.0300	91.0000
73.8544	81.2400	90.3000
75.0922	81.4300	89.7000
76.3508	81.6100	89.0000
77.6304	81.7700	88.3000
78.9315	81.9300	87.7000
80.2544	82.0800	87.0000
81.5995	82.2300	86.4000
82.9672	82.3900	85.7000
84.3577	82.5600	85.0000
85.7716	82.7300	84.4000
87.2091	82.9000	83.7000
88.6707	83.0500	83.0000
90.1569	83.1800	82.4000
91.6680	83.3000	81.7000
93.2043	83.3800	81.0000
94.7665	83.4500	80.3000
96.3548	83.5100	79.6000
97.9697	83.5600	79.0000
99.6117	83.6300	78.3000
101.2812	83.7100	77.6000
102.9787	83.8100	76.9000
104.7047	83.9300	76.2000
106.4595	84.0700	75.5000
108.2438	84.2300	74.8000
110.0580	84.3800	74.1000
111.9026	84.5300	73.4000
113.7781	84.6700	72.7000
115.6851	84.7800	72.0000
117.6240	84.8700	71.3000
119.5954	84.9200	70.6000
121.5998	84.9600	69.9000
123.6379	84.9900	69.2000
125.7101	85.0200	68.6000
127.8170	85.0700	67.9000
129.9592	85.1200	67.2000
132.1374	85.1800	66.5000
134.3520	85.2300	65.8000
136.6038	85.2900	65.1000
138.8933	85.3500	64.4000
141.2212	85.4100	63.8000
143.5881	85.4800	63.1000
145.9947	85.5600	62.5000
148.4416	85.6300	61.8000
150.9295	85.6800	61.2000
153.4591	85.7000	60.6000
156.0312	85.7100	60.1000
158.6463	85.7100	59.5000
161.3052	85.7200	59.1000
164.0087	85.7400	58.6000
166.7576	85.7700	58.2000
169.5525	85.7900	57.9000
172.3942	85.8100	57.6000
175.2836	85.7300	57.0000
178.2214	85.6200	55.9000
181.2084	85.6700	55.2000
184.2455	85.6900	54.4000
187.3335	85.6800	53.6000
190.4733	85.7100	52.9000
193.6656	85.7300	52.2000
196.9115	85.6600	51.4000
200.2118	85.6100	50.7000
203.5674	85.8400	49.9000
206.9792	86.1600	49.1000
210.4483	86.1900	48.4000
213.9754	85.9500	47.7000
217.5617	85.7600	46.9000
221.2081	85.8100	46.2000
224.9156	85.9800	45.3000
228.6852	86.0400	44.6000
232.5181	86.0200	43.9000
236.4151	86.0300	43.2000
240.3775	86.0800	42.4000
244.4063	86.1000	41.8000
248.5026	86.0500	41.1000
252.6676	86.0000	40.4000
256.9023	86.0300	39.6000
261.2081	86.1000	39.0000
265.5860	86.1200	38.3000
270.0373	86.0900	37.7000
274.5632	86.0700	37.1000
279.1649	86.0700	36.4000
283.8438	86.1000	35.8000
288.6011	86.1100	35.2000
293.4381	86.1200	34.7000
298.3562	86.1500	34.1000
303.3567	86.1800	33.6000
308.4410	86.1900	33.1000
313.6106	86.2200	32.5000
318.8668	86.2300	32.1000
324.2111	86.2000	31.7000
329.6449	86.1800	31.2000
335.1698	86.1500	30.8000
340.7874	86.1400	30.5000
346.4991	86.1200	30.0000
352.3065	86.0900	29.7000
358.2112	86.0800	29.5000
364.2149	86.0600	29.2000
370.3193	86.0500	29.0000
376.5259	86.0400	28.8000
382.8366	86.0300	28.6000
389.2530	86.0400	28.4000
395.7770	86.0700	28.3000
402.4103	86.1000	28.1000
409.1548	86.1000	28.0000
416.0123	86.0800	27.9000
422.9848	86.0600	27.8000
430.0741	86.0400	27.7000
437.2823	86.0200	27.6000
444.6112	86.0200	27.6000
452.0630	86.0200	27.5000
459.6397	86.0200	27.5000
467.3434	86.0100	27.5000
475.1762	86.0000	27.4000
483.1402	86.0000	27.3000
491.2378	86.0100	27.3000
499.4710	86.0100	27.2000
507.8423	86.0000	27.2000
516.3539	85.9900	27.2000
525.0081	85.9800	27.0000
533.8074	85.9700	26.8000
542.7541	85.9600	26.6000
551.8508	85.9500	26.3000
561.0999	85.9400	26.0000
570.5041	85.9300	25.7000
580.0659	85.9300	25.2000
589.7879	85.9100	24.8000
599.6729	85.9200	24.6000
609.7236	85.9200	24.4000
619.9427	85.9300	24.2000
630.3331	85.9300	24.0000
640.8976	85.9300	23.8000
651.6392	85.9400	23.7000
662.5609	85.9400	23.5000
673.6656	85.9500	23.4000
684.9564	85.9600	23.3000
696.4364	85.9700	23.3000
708.1088	85.9900	23.2000
719.9769	86.0100	23.2000
732.0439	86.0300	23.1000
744.3131	86.0600	23.1000
756.7880	86.0900	23.0000
769.4720	86.1400	23.0000
782.3685	86.1900	22.8000
795.4812	86.2300	22.7000
808.8137	86.2800	22.5000
822.3696	86.3400	22.3000
836.1527	86.3800	21.9000
850.1668	86.4200	21.5000
864.4158	86.4500	21.1000
878.9036	86.4700	20.6000
893.6343	86.4700	20.1000
908.6118	86.4600	19.7000
923.8404	86.4300	19.2000
939.3242	86.3800	18.9000
955.0675	86.3200	18.7000
971.0746	86.2400	18.6000
987.3501	86.1700	18.8000
1003.8983	86.1000	19.2000
1020.7239	86.0600	19.8000
1037.8315	86.0500	20.6000
1055.2258	86.0800	21.5000
1072.9116	86.1500	22.4000
1090.8939	86.2800	23.3000
1109.1775	86.4600	23.9000
1127.7676	86.6700	24.4000
1146.6693	86.9000	24.5000
1165.8877	87.1300	24.3000
1185.4283	87.3600	23.7000
1205.2964	87.5700	22.8000
1225.4974	87.7400	21.8000
1246.0371	87.8900	20.6000
1266.9209	87.9900	19.3000
1288.1549	88.0800	18.1000
1309.7446	88.1400	16.8000
1331.6963	88.1800	15.5000
1354.0158	88.2200	14.4000
1376.7095	88.2500	13.1000
1399.7835	88.3000	11.9000
1423.2442	88.3300	10.6000
1447.0981	88.3500	9.0000
1471.3518	88.3500	7.2000
1496.0120	88.3200	5.2000
1521.0856	88.2100	3.0000
1546.5793	88.0400	0.7000
1572.5004	87.7700	-1.5000
1598.8559	87.4100	-3.4000
1625.6531	86.9500	-4.8000
1652.8994	86.4200	-5.2000
1680.6024	85.8600	-4.6000
1708.7697	85.3300	-2.9000
1737.4091	84.9200	-0.1000
1766.5285	84.6900	3.0000
1796.1360	84.6400	6.2000
1826.2397	84.7300	9.0000
1856.8479	84.8900	11.0000
1887.9691	85.1000	12.5000
1919.6120	85.3100	13.6000
1951.7851	85.5400	14.2000
1984.4975	85.7800	14.4000
2017.7582	86.0100	14.1000
2051.5763	86.1900	13.2000
2085.9612	86.2700	11.7000
2120.9224	86.2400	10.2000
2156.4696	86.0700	9.0000
2192.6126	85.8100	8.7000
2229.3613	85.5400	9.4000
2266.7259	85.3700	11.0000
2304.7168	85.3400	13.0000
2343.3444	85.4400	14.7000
2382.6195	85.5900	15.7000
2422.5528	85.7200	16.7000
2463.1553	85.8500	17.5000
2504.4384	86.0500	18.6000
2546.4134	86.3500	19.6000
2589.0919	86.7500	19.9000
2632.4858	87.1700	19.2000
2676.6069	87.5300	17.4000
2721.4674	87.7700	14.9000
2767.0799	87.9000	12.1000
2813.4568	87.9000	9.4000
2860.6111	87.8000	6.7000
2908.5556	87.5900	4.4000
2957.3037	87.2600	2.7000
3006.8689	86.8600	2.3000
3057.2647	86.5300	3.1000
3108.5052	86.3700	4.7000
3160.6045	86.4400	6.0000
3213.5770	86.6200	6.2000
3267.4374	86.7500	5.2000
3322.2004	86.7200	3.8000
3377.8813	86.6000	2.9000
3434.4954	86.4900	2.6000
3492.0584	86.4600	2.2000
3550.5862	86.4400	1.3000
3610.0949	86.3500	-0.2000
3670.6009	86.1000	-1.6000
3732.1211	85.7300	-2.2000
3794.6724	85.3300	-1.7000
3858.2720	84.9800	-0.3000
3922.9376	84.7400	1.9000
3988.6870	84.6700	4.6000
4055.5384	84.8000	7.0000
4123.5102	85.0700	8.2000
4192.6212	85.2900	8.0000
4262.8906	85.3700	7.3000
4334.3377	85.3000	6.7000
4406.9822	85.1600	6.9000
4480.8443	85.0700	8.1000
4555.9444	85.1100	9.9000
4632.3031	85.3500	11.5000
4709.9417	85.7200	11.9000
4788.8814	86.0600	10.9000
4869.1443	86.2400	8.9000
4950.7523	86.2400	7.0000
5033.7281	86.1600	5.8000
5118.0947	86.1000	5.1000
5203.8752	86.1200	4.3000
5291.0934	86.1100	2.8000
5379.7734	85.9500	0.9000
5469.9397	85.6000	-0.3000
5561.6173	85.1600	-0.2000
5654.8313	84.7900	1.2000
5749.6077	84.5400	3.5000
5845.9725	84.4600	6.4000
5943.9525	84.6200	9.4000
6043.5746	85.0400	11.7000
6144.8664	85.5300	12.0000
6247.8558	85.9000	10.7000
6352.5714	86.1100	8.8000
6459.0421	86.2300	6.7000
6567.2972	86.2300	4.0000
6677.3667	85.9700	1.3000
6789.2810	85.4300	0.4000
6903.0710	84.8300	2.9000
7018.7682	84.7100	7.7000
7136.4045	85.1700	11.6000
7256.0123	85.8300	12.8000
7377.6249	86.3400	11.4000
7501.2757	86.6200	9.2000
7626.9989	86.7800	6.9000
7754.8293	86.8300	4.5000
7884.8021	86.7200	2.0000
8016.9533	86.4100	0.7000
8151.3194	86.0700	1.4000
8287.9375	86.0300	4.2000
8426.8454	86.4400	6.6000
8568.0814	87.0700	6.8000
8711.6845	87.5500	4.3000
8857.6945	87.7700	1.0000
9006.1516	87.7700	-2.0000
9157.0969	87.6900	-3.7000
9310.5721	87.6600	-4.0000
9466.6196	87.9700	-3.4000
9625.2825	88.7100	-4.0000
9786.6046	89.4700	-8.3000
9950.6305	89.8000	-16.1000
10117.4050	89.5800	-24.5000
10286.9760	88.9200	-30.4000
10459.3880	88.1500	-33.2000
10634.6900	87.5500	-33.4000
10812.9300	87.4500	-33.1000
10994.1570	87.6500	-35.3000
11178.4220	87.6900	-40.2000
11365.7750	87.3300	-45.6000
11556.2680	86.6800	-49.4000
11749.9540	85.9400	-50.9000
11946.8860	85.3600	-50.1000
12147.1190	85.2600	-48.7000
12350.7080	85.5500	-49.9000
12557.7080	85.7100	-54.5000
12768.1790	85.4600	-60.0000
12982.1770	84.9600	-63.8000
13199.7610	84.6500	-66.6000
13420.9920	84.5400	-71.5000
13645.9310	84.2200	-79.6000
13874.6410	83.2400	-88.2000
14107.1830	81.4900	-92.5000
14343.6230	79.4000	-90.0000
14584.0250	77.6700	-83.1000
14828.4570	76.8200	-76.0000
15076.9860	76.4200	-71.0000
15329.6800	76.0900	-65.8000
15586.6090	76.1500	-59.1000
15847.8440	77.1000	-54.1000
16113.4580	78.1400	-56.1000
16383.5240	78.4300	-63.5000
16658.1150	77.9900	-70.7000
16937.3100	77.2400	-75.6000
17221.1830	76.6800	-81.0000
17509.8140	75.7900	-88.2000
17803.2830	74.2600	-91.3000
18101.6700	72.2900	-88.9000
18405.0590	70.9800	-84.8000
18713.5320	70.2600	-84.2000
19027.1760	69.4300	-84.8000
19346.0760	68.4300	-85.0000