5.00000	22.825	-94.558
5.07273	23.013	-94.671
5.14651	23.256	-94.817
5.22137	23.581	-95.011
5.29732	23.938	-95.226
5.37437	24.330	-95.464
5.45254	24.722	-95.705
5.53185	25.115	-95.950
5.61231	25.507	-96.199
5.69394	25.899	-96.451
5.77676	26.292	-96.708
5.86079	26.684	-96.968
5.94604	27.076	-97.232
6.03252	27.468	-97.500
6.12027	27.861	-97.772
6.20929	28.253	-98.049
6.29961	28.645	-98.330
6.39124	29.038	-98.615
6.48420	29.430	-98.904
6.57851	29.822	-99.198
6.67420	30.215	-99.496
6.77128	30.607	-99.799
6.86977	30.999	-100.107
6.96969	31.392	-100.419
7.07107	31.784	-100.736
7.17392	32.176	-101.059
7.27827	32.569	-101.386
7.38413	32.961	-101.718
7.49154	33.353	-102.056
7.60050	33.746	-102.399
7.71105	34.138	-102.747
7.82321	34.530	-103.101
7.93701	34.923	-103.461
8.05245	35.315	-103.826
8.16958	35.707	-104.197
8.28841	36.100	-104.574
8.40896	36.492	-104.957
8.53128	36.884	-105.346
8.65537	37.276	-105.741
8.78126	37.669	-106.143
8.90899	38.061	-106.551
9.03857	38.453	-106.967
9.17004	38.846	-107.389
9.30342	39.238	-107.817
9.43874	39.630	-108.253
9.57603	40.023	-108.696
9.71532	40.415	-109.147
9.85663	40.807	-109.605
10.0000	41.200	-110.071
10.1455	41.592	-110.545
10.2930	41.984	-111.027
10.4427	42.377	-111.517
10.5946	42.769	-112.015
10.7487	43.161	-112.523
10.9051	43.554	-113.039
11.0637	43.946	-113.564
11.2246	44.338	-114.098
11.3879	44.731	-114.642
11.5535	45.123	-115.196
11.7216	45.515	-115.760
11.8921	45.908	-116.334
12.0650	46.300	-116.919
12.2405	46.692	-117.515
12.4186	47.084	-118.122
12.5992	47.477	-118.740
12.7825	47.869	-119.371
12.9684	48.261	-120.013
13.1570	48.654	-120.669
13.3484	49.046	-121.338
13.5426	49.438	-122.020
13.7395	49.831	-122.716
13.9394	50.223	-123.427
14.1421	50.615	-124.153
14.3478	51.008	-124.895
14.5565	51.400	-125.653
14.7683	51.792	-126.428
14.9831	52.185	-127.221
15.2010	52.577	-128.033
15.4221	52.969	-128.864
15.6464	53.362	-129.717
15.8740	53.754	-130.591
16.1049	54.146	-131.488
16.3392	54.539	-132.410
16.5768	54.931	-133.358
16.8179	55.323	-134.335
17.0626	55.716	-135.343
17.3107	56.108	-136.384
17.5625	56.500	-137.461
17.8180	56.892	-138.580
18.0771	57.285	-139.744
18.3401	57.677	-140.960
18.6068	58.069	-142.237
18.8775	58.462	-143.586
19.1521	58.854	-145.023
19.4306	59.246	-146.576
19.7133	59.639	-148.296
20.0000	60.021	-150.236
20.2909	60.374	-152.453
20.5860	60.653	-154.859
20.8855	60.830	-157.271
21.1893	60.888	-159.335
21.4975	60.883	-160.679
21.8102	60.880	-161.196
22.1274	60.964	-160.933
22.4492	61.218	-160.403
22.7758	61.604	-160.420
23.1071	62.001	-161.243
23.4432	62.320	-162.573
23.7841	62.507	-163.931
24.1301	62.590	-164.782
24.4811	62.613	-164.606
24.8372	62.756	-163.082
25.1984	63.121	-161.132
25.5649	63.693	-159.415
25.9368	64.461	-158.694
26.3141	65.322	-159.455
26.6968	66.152	-161.431
27.0851	66.903	-164.360
27.4791	67.517	-167.950
27.8788	67.988	-171.759
28.2843	68.333	-175.672
28.6957	68.578	-179.476
29.1131	68.743	176.866
29.5365	68.843	173.454
29.9661	68.884	170.294
30.4020	68.859	167.479
30.8442	68.788	165.074
31.2929	68.685	163.112
31.7480	68.571	161.658
32.2098	68.470	160.713
32.6783	68.399	160.174
33.1536	68.364	160.046
33.6359	68.385	160.242
34.1251	68.466	160.653
34.6215	68.619	161.165
35.1250	68.843	161.600
35.6359	69.120	161.813
36.1543	69.430	161.795
36.6802	69.769	161.473
37.2137	70.102	160.855
37.7550	70.428	160.072
38.3041	70.737	159.203
38.8613	71.058	158.342
39.4265	71.399	157.259
40.0000	71.738	155.905
40.5818	72.082	154.261
41.1721	72.395	152.202
41.7710	72.632	149.904
42.3785	72.797	147.643
42.9949	72.896	145.555
43.6203	72.955	143.820
44.2548	73.018	142.394
44.8985	73.103	141.269
45.5515	73.218	140.246
46.2141	73.366	139.208
46.8863	73.516	138.103
47.5683	73.659	136.875
48.2602	73.796	135.597
48.9621	73.924	134.274
49.6743	74.041	132.883
50.3968	74.156	131.447
51.1299	74.264	129.839
51.8736	74.339	128.112
52.6281	74.374	126.310
53.3936	74.359	124.485
54.1702	74.266	122.809
54.9581	74.113	121.465
55.7575	73.915	120.518
56.5685	73.687	120.101
57.3914	73.454	120.315
58.2261	73.264	121.190
59.0730	73.135	122.545
59.9323	73.077	124.356
60.8040	73.135	126.432
61.6884	73.301	128.380
62.5857	73.542	130.055
63.4960	73.851	131.369
64.4196	74.188	132.200
65.3566	74.526	132.690
66.3073	74.866	132.804
67.2717	75.172	132.677
68.2502	75.469	132.483
69.2429	75.738	132.198
70.2501	75.972	131.916
71.2719	76.211	131.696
72.3086	76.438	131.461
73.3603	76.661	131.239
74.4274	76.899	131.000
75.5099	77.131	130.787
76.6083	77.366	130.575
77.7226	77.607	130.428
78.8531	77.878	130.176
80.0000	78.163	129.790
81.1636	78.460	129.314
82.3442	78.763	128.601
83.5419	79.034	127.743
84.7570	79.272	126.887
85.9899	79.486	126.030
87.2406	79.672	125.294
88.5096	79.858	124.637
89.7970	80.036	124.074
91.1031	80.209	123.606
92.4282	80.394	123.205
93.7726	80.585	122.928
95.1366	80.809	122.712
96.5204	81.066	122.476
97.9243	81.358	122.100
99.3486	81.651	121.476
100.794	81.925	120.690
102.260	82.184	119.791
103.747	82.409	118.839
105.256	82.616	117.975
106.787	82.834	117.186
108.340	83.052	116.404
109.916	83.283	115.696
111.515	83.523	114.937
113.137	83.763	114.129
114.783	83.984	113.308
116.452	84.195	112.488
118.146	84.403	111.722
119.865	84.619	111.064
121.608	84.864	110.399
123.377	85.132	109.691
125.171	85.427	108.855
126.992	85.737	107.791
128.839	86.031	106.499
130.713	86.316	105.125
132.615	86.596	103.622
134.543	86.868	101.991
136.500	87.130	100.212
138.486	87.370	98.273
140.500	87.575	96.211
142.544	87.738	94.107
144.617	87.858	92.041
146.721	87.947	90.118
148.855	88.023	88.342
151.020	88.093	86.691
153.217	88.160	85.140
155.445	88.227	83.691
157.706	88.297	82.329
160.000	88.375	81.006
162.327	88.456	79.699
164.688	88.540	78.375
167.084	88.626	76.991
169.514	88.703	75.553
171.980	88.768	74.101
174.481	88.823	72.680
177.019	88.870	71.286
179.594	88.911	69.931
182.206	88.948	68.613
184.856	88.985	67.294
187.545	89.013	65.972
190.273	89.031	64.655
193.041	89.033	63.349
195.849	89.017	62.114
198.697	88.991	60.971
201.587	88.952	59.967
204.520	88.914	59.107
207.494	88.878	58.381
210.512	88.845	57.800
213.574	88.828	57.327
216.681	88.826	56.918
219.833	88.842	56.556
223.030	88.878	56.205
226.274	88.931	55.846
229.565	89.000	55.443
232.905	89.078	54.990
236.292	89.167	54.481
239.729	89.266	53.854
243.216	89.362	53.105
246.754	89.448	52.247
250.343	89.518	51.305
253.984	89.565	50.345
257.678	89.592	49.433
261.426	89.607	48.607
265.229	89.609	47.904
269.087	89.608	47.352
273.001	89.607	46.978
276.972	89.629	46.823
281.000	89.696	46.811
285.088	89.833	46.779
289.234	90.015	46.562
293.441	90.235	46.057
297.709	90.458	45.165
302.040	90.652	43.911
306.433	90.819	42.402
310.890	90.952	40.691
315.412	91.046	38.832
320.000	91.117	36.930
324.655	91.147	34.974
329.377	91.140	33.026
334.168	91.093	31.117
339.028	91.009	29.273
343.959	90.883	27.551
348.962	90.719	26.008
354.038	90.524	24.687
359.188	90.288	23.697
364.412	90.044	23.149
369.713	89.816	23.041
375.090	89.617	23.352
380.546	89.489	23.990
386.081	89.443	24.691
391.697	89.459	25.239
397.394	89.521	25.533
403.175	89.597	25.543
409.039	89.662	25.339
414.989	89.699	25.040
421.025	89.714	24.800
427.149	89.730	24.682
433.362	89.764	24.618
439.665	89.829	24.562
446.060	89.932	24.363
452.548	90.044	23.907
459.131	90.146	23.271
465.809	90.239	22.482
472.584	90.312	21.563
479.458	90.362	20.590
486.432	90.403	19.541
493.507	90.421	18.397
500.686	90.407	17.237
507.968	90.360	16.106
515.357	90.277	15.095
522.853	90.168	14.323
530.458	90.052	13.804
538.174	89.951	13.527
546.002	89.879	13.426
553.943	89.845	13.359
562.001	89.842	13.206
570.175	89.847	12.900
578.469	89.852	12.454
586.883	89.836	11.919
595.419	89.801	11.392
604.080	89.755	10.919
612.866	89.704	10.533
621.780	89.663	10.218
630.824	89.631	9.894
640.000	89.599	9.546
649.309	89.557	9.158
658.753	89.491	8.791
668.335	89.409	8.540
678.056	89.324	8.440
687.919	89.249	8.493
697.925	89.204	8.652
708.077	89.185	8.773
718.376	89.181	8.824
728.825	89.177	8.765
739.426	89.157	8.647
750.181	89.119	8.602
761.093	89.079	8.678
772.163	89.043	8.913
783.394	89.037	9.295
794.789	89.068	9.669
806.349	89.128	9.941
818.078	89.217	10.013
829.977	89.305	9.845
842.050	89.381	9.484
854.298	89.447	8.971
866.724	89.482	8.324
879.330	89.489	7.634
892.120	89.463	6.971
905.097	89.401	6.417
918.262	89.322	6.070
931.618	89.236	5.964
945.169	89.163	6.073
958.917	89.118	6.318
972.864	89.102	6.557
987.015	89.100	6.726
1001.37	89.103	6.801
1015.94	89.094	6.835
1030.71	89.072	6.915
1045.71	89.042	7.109
1060.92	89.015	7.462
1076.35	88.997	7.987
1092.00	89.007	8.668
1107.89	89.052	9.424
1124.00	89.129	10.234
1140.35	89.249	11.018
1156.94	89.418	11.709
1173.77	89.651	12.118
1190.84	89.913	12.081
1208.16	90.175	11.658
1225.73	90.434	10.827
1243.56	90.643	9.614
1261.65	90.789	8.264
1280.00	90.888	6.848
1298.62	90.945	5.457
1317.51	90.972	4.122
1336.67	90.970	2.887
1356.11	90.954	1.751
1375.84	90.921	0.706
1395.85	90.871	-0.196
1416.15	90.823	-0.942
1436.75	90.782	-1.559
1457.65	90.758	-2.095
1478.85	90.750	-2.675
1500.36	90.745	-3.347
1522.19	90.729	-4.117
1544.33	90.696	-4.926
1566.79	90.641	-5.649
1589.58	90.578	-6.195
1612.70	90.525	-6.632
1636.16	90.483	-6.998
1659.95	90.455	-7.408
1684.10	90.436	-7.921
1708.60	90.415	-8.544
1733.45	90.377	-9.213
1758.66	90.332	-9.879
1784.24	90.270	-10.532
1810.19	90.185	-11.096
1836.52	90.101	-11.543
1863.24	90.015	-11.914
1890.34	89.932	-12.157
1917.83	89.877	-12.389
1945.73	89.828	-12.690
1974.03	89.778	-13.092
2002.74	89.715	-13.610
2031.87	89.628	-14.185
2061.43	89.508	-14.722
2091.41	89.374	-15.195
2121.83	89.210	-15.533
2152.69	89.019	-15.659
2184.01	88.808	-15.482
2215.77	88.587	-14.860
2248.00	88.397	-13.762
2280.70	88.276	-12.265
2313.87	88.238	-10.587
2347.53	88.299	-9.002
2381.68	88.418	-7.714
2416.32	88.578	-6.860
2451.46	88.746	-6.372
2487.12	88.904	-6.166
2523.30	89.047	-6.160
2560.00	89.175	-6.221
2597.24	89.295	-6.349
2635.01	89.409	-6.503
2673.34	89.526	-6.734
2712.23	89.650	-7.127
2751.68	89.760	-7.648
2791.70	89.858	-8.262
2832.31	89.939	-8.937
2873.50	90.007	-9.618
2915.30	90.067	-10.346
2957.70	90.114	-11.116
3000.72	90.153	-11.963
3044.37	90.175	-12.919
3088.65	90.155	-13.982
3133.58	90.085	-14.994
3179.16	89.962	-15.787
3225.40	89.803	-16.233
3272.31	89.630	-16.225
3319.91	89.475	-15.646
3368.20	89.394	-14.629
3417.19	89.407	-13.417
3466.89	89.498	-12.194
3517.32	89.700	-11.198
3568.48	89.943	-10.712
3620.39	90.196	-10.708
3673.05	90.459	-11.179
3726.47	90.681	-12.089
3780.67	90.856	-13.283
3835.67	90.999	-14.625
3891.46	91.092	-16.051
3948.06	91.147	-17.489
4005.49	91.154	-18.841
4063.75	91.126	-20.006
4122.86	91.072	-20.949
4182.82	91.003	-21.599
4243.66	90.941	-21.954
4305.39	90.904	-22.066
4368.01	90.903	-21.999
4431.55	90.950	-21.851
4496.01	91.041	-21.728
4561.40	91.180	-21.670
4627.75	91.364	-21.778
4695.06	91.596	-22.118
4763.35	91.875	-22.811
4832.64	92.192	-24.035
4902.93	92.495	-25.917
4974.24	92.743	-28.390
5046.60	92.897	-31.297
5120.00	92.935	-34.413
5194.47	92.857	-37.556
5270.03	92.675	-40.444
5346.68	92.406	-42.894
5424.45	92.081	-44.823
5503.35	91.705	-46.092
5583.40	91.329	-46.574
5664.61	90.995	-46.358
5747.01	90.729	-45.457
5830.60	90.578	-44.108
5915.41	90.533	-42.495
6001.45	90.607	-40.743
6088.74	90.824	-39.240
6177.30	91.146	-38.276
6267.15	91.543	-38.094
6358.31	91.949	-38.809
6450.80	92.296	-40.113
6544.62	92.586	-41.672
6639.82	92.827	-43.284
6736.40	93.079	-44.726
6834.38	93.379	-46.231
6933.79	93.729	-48.056
7034.64	94.146	-50.414
7136.96	94.573	-53.630
7240.77	94.949	-57.735
7346.09	95.237	-62.411
7452.94	95.384	-67.568
7561.35	95.354	-72.831
7671.33	95.152	-77.788
7782.91	94.838	-82.160
7896.12	94.485	-85.824
8010.97	94.187	-88.901
8127.49	94.009	-91.915
8245.71	93.905	-95.348
8365.65	93.824	-99.414
8487.33	93.638	-104.176
8610.78	93.234	-109.021
8736.03	92.594	-113.324
8863.09	91.805	-116.767
8992.01	90.978	-118.838
9122.80	90.233	-119.622
9255.50	89.711	-119.822
9390.12	89.389	-120.148
9526.70	89.125	-121.145
9665.27	88.869	-122.753
9805.86	88.514	-124.613
9948.49	88.083	-126.335
10093.2	87.598	-127.872
10240.0	87.064	-128.857
10388.9	86.571	-129.299
10540.1	86.169	-129.656
10693.4	85.844	-130.011
10848.9	85.596	-130.755
11006.7	85.355	-132.025
11166.8	85.067	-133.729
11329.2	84.698	-135.672
11494.0	84.241	-137.593
11661.2	83.717	-139.228
11830.8	83.179	-140.583
12002.9	82.643	-141.833
12177.5	82.091	-143.080
12354.6	81.484	-144.477
12534.3	80.774	-145.628
12716.6	79.956	-146.324
12901.6	79.040	-146.212
13089.2	78.080	-144.759
13279.6	77.166	-142.099
13472.8	76.334	-138.349
13668.8	75.640	-133.336
13867.6	75.159	-127.646
14069.3	74.908	-121.455
14273.9	74.928	-115.724
14481.5	75.150	-111.281
14692.2	75.436	-108.268
14905.9	75.699	-106.332
15122.7	75.889	-104.989
15342.7	76.004	-103.694
15565.8	76.092	-102.117
15792.2	76.233	-100.152
16021.9	76.501	-98.130
16255.0	76.905	-96.520
16491.4	77.439	-95.770
16731.3	78.051	-96.332
16974.7	78.641	-98.236
17221.6	79.141	-101.297
17472.1	79.477	-105.198
17726.2	79.630	-109.517
17984.0	79.621	-113.962
18245.6	79.471	-118.386
18511.0	79.209	-122.660
18780.2	78.834	-126.750
19053.4	78.327	-130.567
19330.5	77.672	-133.908
19611.7	76.873	-136.222
19897.0	76.040	-137.094
20186.4	75.270	-136.612
20480.0	74.635	-134.932
20777.9	74.205	-132.795
21080.1	73.929	-131.104
21386.7	73.718	-129.914
21697.8	73.534	-129.176
22013.4	73.347	-128.673
22333.6	73.160	-128.303
22658.4	72.974	-128.023
22988.0	72.787	-127.810
23322.4	72.600	-127.647
23661.6	72.414	-127.524
24005.8	72.227	-127.431
24355.0	72.040	-127.364
24709.2	71.853	-127.317
25068.6	71.667	-127.287
25433.2	71.480	-127.271
25803.2	71.293	-127.267
26178.5	71.107	-127.273
26559.3	70.920	-127.287
26945.6	70.733	-127.309
27337.5	70.547	-127.336
27735.2	70.360	-127.370
28138.6	70.173	-127.408
28547.9	69.986	-127.449
28963.1	69.800	-127.494
29384.4	69.613	-127.542
29811.8	69.426	-127.592
30245.4	69.240	-127.645
30685.3	69.053	-127.699
31131.7	68.866	-127.755
31584.5	68.679	-127.813
32043.9	68.493	-127.872
32510.0	68.306	-127.931
32982.8	68.119	-127.991
33462.6	67.933	-128.052
33949.3	67.746	-128.114
34443.1	67.559	-128.176
34944.1	67.372	-128.238
35452.4	67.186	-128.300
35968.0	66.999	-128.363
36491.2	66.812	-128.426
37022.0	66.626	-128.489
37560.5	66.439	-128.554
38106.8	66.270	-128.614
38661.1	66.116	-128.675
39223.4	66.002	-128.722
39793.9	65.914	-128.760
