19.8660	66.9900	121.1000
20.1989	67.0200	120.5000
20.5375	67.0700	120.0000
20.8817	67.1300	119.5000
21.2317	67.2100	119.0000
21.5875	67.3100	118.4000
21.9493	67.4300	117.9000
22.3172	67.5800	117.3000
22.6913	67.7400	116.8000
23.0716	67.9100	116.2000
23.4583	68.0800	115.7000
23.8514	68.2600	115.1000
24.2512	68.4300	114.6000
24.6576	68.6200	114.0000
25.0709	68.8100	113.5000
25.4911	69.0200	112.9000
25.9183	69.2400	112.4000
26.3527	69.4700	111.8000
26.7944	69.7000	111.2000
27.2435	69.9300	110.7000
27.7001	70.1800	110.1000
28.1644	70.4300	109.6000
28.6364	70.6900	109.0000
29.1164	70.9500	108.5000
29.6044	71.2300	107.9000
30.1005	71.5200	107.4000
30.6050	71.8200	106.8000
31.1180	72.1200	106.2000
31.6395	72.4200	105.7000
32.1698	72.7300	105.1000
32.7090	73.0300	104.6000
33.2572	73.3300	104.0000
33.8146	73.6400	103.5000
34.3813	73.9300	102.9000
34.9576	74.2200	102.4000
35.5435	74.4900	101.8000
36.1392	74.7600	101.3000
36.7449	75.0100	100.7000
37.3607	75.2500	100.2000
37.9869	75.4700	99.7000
38.6236	75.6700	99.1000
39.2709	75.8600	98.6000
39.9291	76.0300	98.0000
40.5983	76.1900	97.5000
41.2788	76.3300	96.9000
41.9706	76.4700	96.4000
42.6741	76.5900	95.8000
43.3893	76.7100	95.3000
44.1165	76.8200	94.7000
44.8559	76.9400	94.2000
45.6077	77.0500	93.6000
46.3721	77.1700	93.1000
47.1493	77.3000	92.5000
47.9395	77.4500	92.0000
48.7430	77.6300	91.4000
49.5600	77.8200	90.9000
50.3906	78.0300	90.3000
51.2351	78.2600	89.8000
52.0939	78.4900	89.2000
52.9670	78.7300	88.7000
53.8547	78.9700	88.1000
54.7573	79.2100	87.6000
55.6751	79.4400	87.0000
56.6082	79.6600	86.5000
57.5570	79.8700	85.9000
58.5216	80.0600	85.4000
59.5025	80.2400	84.8000
60.4997	80.3800	84.2000
61.5137	80.4900	83.7000
62.5447	80.5800	83.1000
63.5930	80.6500	82.5000
64.6588	80.7100	82.0000
65.7425	80.7500	81.4000
66.8444	80.7700	80.8000
67.9647	80.8000	80.2000
69.1038	80.8200	79.6000
70.2620	80.8500	79.1000
71.4396	80.9000	78.5000
72.6370	80.9700	77.9000
73.8544	81.0600	77.3000
75.0922	81.1700	76.7000
76.3508	81.3000	76.1000
77.6304	81.4300	75.5000
78.9315	81.5600	74.9000
80.2544	81.6800	74.3000
81.5995	81.7800	73.7000
82.9672	81.8700	73.0000
84.3577	81.9500	72.4000
85.7716	82.0300	71.8000
87.2091	82.1100	71.2000
88.6707	82.1900	70.5000
90.1569	82.2900	69.9000
91.6680	82.3900	69.3000
93.2043	82.5000	68.6000
94.7665	82.6100	68.0000
96.3548	82.7100	67.3000
97.9697	82.8000	66.6000
99.6117	82.8700	66.0000
101.2812	82.9200	65.3000
102.9787	82.9700	64.6000
104.7047	83.0100	63.9000
106.4595	83.0600	63.2000
108.2438	83.1200	62.6000
110.0580	83.1900	61.9000
111.9026	83.2600	61.2000
113.7781	83.3400	60.5000
115.6851	83.4200	59.7000
117.6240	83.4900	59.0000
119.5954	83.5600	58.3000
121.5998	83.6200	57.6000
123.6379	83.6700	56.9000
125.7101	83.7100	56.1000
127.8170	83.7400	55.4000
129.9592	83.7800	54.6000
132.1374	83.8100	53.9000
134.3520	83.8500	53.2000
136.6038	83.8900	52.4000
138.8933	83.9400	51.7000
141.2212	83.9700	50.9000
143.5881	84.0100	50.2000
145.9947	84.0500	49.4000
148.4416	84.0900	48.7000
150.9295	84.1400	47.9000
153.4591	84.1800	47.2000
156.0312	84.2200	46.4000
158.6463	84.2500	45.7000
161.3052	84.2700	45.0000
164.0087	84.2900	44.2000
166.7576	84.3100	43.5000
169.5525	84.3300	42.9000
172.3942	84.3500	42.2000
175.2836	84.3800	41.6000
178.2214	84.4100	40.9000
181.2084	84.4300	40.4000
184.2455	84.4500	39.8000
187.3335	84.4700	39.3000
190.4733	84.4900	38.9000
193.6656	84.5100	38.5000
196.9115	84.5200	38.2000
200.2118	84.5100	37.7000
203.5674	84.4900	36.7000
206.9792	84.5000	36.0000
210.4483	84.5300	35.2000
213.9754	84.5700	34.4000
217.5617	84.6100	33.6000
221.2081	84.6400	32.8000
224.9156	84.6600	32.0000
228.6852	84.6700	31.2000
232.5181	84.6600	30.4000
236.4151	84.6500	29.6000
240.3775	84.6400	28.8000
244.4063	84.6400	28.1000
248.5026	84.6500	27.3000
252.6676	84.6600	26.5000
256.9023	84.6600	25.8000
261.2081	84.6400	25.0000
265.5860	84.6100	24.3000
270.0373	84.5900	23.6000
274.5632	84.5700	22.9000
279.1649	84.5600	22.2000
283.8438	84.5600	21.5000
288.6011	84.5600	20.8000
293.4381	84.5600	20.2000
298.3562	84.5600	19.6000
303.3567	84.5700	19.0000
308.4410	84.5900	18.4000
313.6106	84.6100	17.9000
318.8668	84.6100	17.4000
324.2111	84.5900	16.9000
329.6449	84.5600	16.4000
335.1699	84.5300	15.9000
340.7874	84.5000	15.5000
346.4991	84.4800	15.1000
352.3065	84.4600	14.7000
358.2112	84.4500	14.4000
364.2149	84.4400	14.0000
370.3192	84.4300	13.7000
376.5259	84.4100	13.4000
382.8365	84.3800	13.1000
389.2530	84.3700	12.8000
395.7770	84.3500	12.6000
402.4103	84.3400	12.3000
409.1548	84.3300	12.1000
416.0123	84.3000	11.9000
422.9848	84.2800	11.7000
430.0741	84.2400	11.5000
437.2823	84.2100	11.3000
444.6112	84.1900	11.1000
452.0630	84.1700	10.9000
459.6397	84.1500	10.7000
467.3434	84.1300	10.5000
475.1762	84.1000	10.4000
483.1402	84.0700	10.2000
491.2378	84.0300	10.0000
499.4710	83.9900	9.7000
507.8423	83.9600	9.5000
516.3539	83.9300	9.3000
525.0081	83.9000	9.0000
533.8074	83.8800	8.8000
542.7541	83.8500	8.6000
551.8508	83.8200	8.3000
561.0999	83.7900	8.1000
570.5041	83.7500	7.9000
580.0659	83.7200	7.7000
589.7880	83.6800	7.6000
599.6729	83.6400	7.5000
609.7236	83.5900	7.4000
619.9428	83.5500	7.4000
630.3331	83.5100	7.5000
640.8976	83.4800	7.6000
651.6392	83.4500	7.8000
662.5608	83.4300	8.1000
673.6656	83.4200	8.4000
684.9564	83.4200	8.8000
696.4364	83.4400	9.2000
708.1088	83.4800	9.6000
719.9769	83.5400	9.9000
732.0439	83.6200	10.2000
744.3132	83.7100	10.5000
756.7880	83.8200	10.6000
769.4720	83.9400	10.6000
782.3685	84.0700	10.5000
795.4812	84.2000	10.2000
808.8137	84.3300	9.7000
822.3696	84.4600	9.1000
836.1527	84.5800	8.3000
850.1668	84.6800	7.4000
864.4158	84.7500	6.3000
878.9036	84.8100	5.1000
893.6343	84.8300	3.8000
908.6118	84.8200	2.5000
923.8403	84.7800	1.3000
939.3242	84.7100	0.1000
955.0674	84.6000	-1.1000
971.0747	84.4600	-2.0000
987.3501	84.3000	-2.7000
1003.8983	84.1200	-3.2000
1020.7239	83.9400	-3.4000
1037.8315	83.7700	-3.3000
1055.2258	83.6100	-2.9000
1072.9116	83.4900	-2.4000
1090.8939	83.4100	-1.7000
1109.1775	83.3700	-0.9000
1127.7676	83.3600	-0.1000
1146.6693	83.3900	0.5000
1165.8877	83.4400	1.0000
1185.4283	83.4900	1.3000
1205.2964	83.5600	1.4000
1225.4974	83.6100	1.5000
1246.0371	83.6600	1.5000
1266.9209	83.7100	1.5000
1288.1549	83.7400	1.5000
1309.7446	83.7800	1.6000
1331.6963	83.8300	1.8000
1354.0157	83.9100	1.9000
1376.7095	84.0000	2.0000
1399.7834	84.1200	2.0000
1423.2441	84.2600	1.8000
1447.0981	84.4000	1.5000
1471.3518	84.5400	0.9000
1496.0120	84.6600	0.2000
1521.0856	84.7800	-0.7000
1546.5793	84.8700	-1.7000
1572.5004	84.9400	-2.7000
1598.8560	84.9900	-3.8000
1625.6531	85.0400	-4.8000
1652.8994	85.0700	-6.0000
1680.6024	85.1000	-7.1000
1708.7697	85.1000	-8.3000
1737.4091	85.0900	-9.6000
1766.5284	85.0500	-10.8000
1796.1360	84.9900	-12.0000
1826.2397	84.9000	-13.0000
1856.8479	84.8100	-13.8000
1887.9691	84.7200	-14.4000
1919.6121	84.6600	-14.8000
1951.7852	84.6300	-15.2000
1984.4976	84.6500	-15.7000
2017.7582	84.6900	-16.6000
2051.5764	84.7200	-17.7000
2085.9612	84.7100	-19.2000
2120.9224	84.6400	-20.9000
2156.4695	84.4900	-22.5000
2192.6125	84.2800	-23.8000
2229.3613	84.0500	-24.5000
2266.7258	83.8500	-24.9000
2304.7168	83.6900	-25.0000
2343.3445	83.5700	-25.2000
2382.6194	83.4700	-25.5000
2422.5527	83.3600	-25.9000
2463.1553	83.2200	-26.3000
2504.4385	83.0800	-26.3000
2546.4133	82.9800	-26.1000
2589.0918	82.9400	-26.0000
2632.4858	82.9400	-26.0000
2676.6069	82.9500	-26.5000
2721.4673	82.9300	-27.3000
2767.0798	82.8700	-28.2000
2813.4568	82.7700	-28.9000
2860.6111	82.6700	-29.5000
2908.5557	82.5800	-30.0000
2957.3037	82.5200	-30.5000
3006.8689	82.4500	-31.3000
3057.2646	82.3700	-32.2000
3108.5051	82.2500	-33.2000
3160.6045	82.1100	-34.2000
3213.5769	81.9300	-35.1000
3267.4375	81.7100	-36.0000
3322.2004	81.4600	-36.6000
3377.8813	81.1700	-36.8000
3434.4954	80.8800	-36.7000
3492.0583	80.6200	-36.1000
3550.5862	80.4100	-35.1000
3610.0950	80.2800	-34.2000
3670.6008	80.2100	-33.4000
3732.1211	80.1600	-32.9000
3794.6724	80.1000	-32.6000
3858.2720	80.0200	-32.5000
3922.9375	79.9300	-32.3000
3988.6870	79.8200	-32.1000
4055.5383	79.7200	-31.8000
4123.5103	79.6300	-31.4000
4192.6211	79.5400	-30.9000
4262.8906	79.4700	-30.3000
4334.3379	79.4300	-29.5000
4406.9824	79.4400	-28.7000
4480.8442	79.5100	-28.1000
4555.9443	79.6100	-28.0000
4632.3032	79.7100	-28.3000
4709.9419	79.7600	-29.0000
4788.8813	79.7600	-30.0000
4869.1445	79.6900	-30.9000
4950.7524	79.5800	-31.7000
5033.7280	79.4200	-32.4000
5118.0947	79.2200	-32.9000
5203.8750	78.9800	-33.1000
5291.0933	78.7400	-32.6000
5379.7734	78.5400	-31.7000
5469.9399	78.4000	-30.6000
5561.6172	78.3200	-29.3000
5654.8315	78.2900	-28.1000
5749.6079	78.2900	-26.9000
5845.9727	78.3200	-25.7000
5943.9526	78.4000	-24.7000
6043.5747	78.5100	-23.9000
6144.8662	78.6200	-23.3000
6247.8560	78.7300	-22.8000
6352.5713	78.8700	-22.4000
6459.0420	79.0100	-22.4000
6567.2974	79.0900	-22.4000
6677.3667	79.1100	-22.3000
6789.2808	79.1300	-21.4000
6903.0708	79.2200	-19.8000
7018.7681	79.4600	-17.7000
7136.4043	79.9200	-15.9000
7256.0122	80.5700	-15.1000
7377.6250	81.3100	-16.0000
7501.2759	82.0000	-18.5000
7626.9990	82.5700	-22.2000
7754.8291	82.9800	-26.7000
7884.8022	83.2000	-31.7000
8016.9531	83.2200	-36.6000
8151.3193	83.0900	-40.8000
8287.9375	82.8600	-44.1000
8426.8457	82.6300	-46.5000
8568.0811	82.4400	-48.3000
8711.6846	82.3000	-49.8000
8857.6943	82.2000	-51.1000
9006.1514	82.1300	-52.6000
9157.0967	82.0800	-54.2000
9310.5723	82.0300	-55.9000
9466.6191	81.9500	-57.8000
9625.2822	81.8300	-59.7000
9786.6045	81.6900	-61.2000
9950.6309	81.5700	-62.5000
10117.4050	81.4900	-63.6000
10286.9760	81.4600	-64.7000
10459.3880	81.4600	-66.0000
10634.6900	81.4500	-67.5000
10812.9300	81.4300	-69.1000
10994.1570	81.3800	-70.5000
11178.4220	81.3100	-71.5000
11365.7750	81.3000	-71.7000
11556.2680	81.4300	-71.4000
11749.9540	81.7900	-70.8000
11946.8860	82.4400	-71.1000
12147.1190	83.2900	-73.4000
12350.7080	84.1400	-78.4000
12557.7080	84.7400	-85.6000
12768.1790	85.0200	-93.7000
12982.1770	85.0800	-101.6000
13199.7610	85.0100	-109.3000
13420.9920	84.8100	-117.2000
13645.9310	84.4100	-125.1000
13874.6410	83.8000	-132.2000
14107.1830	83.0600	-138.0000
14343.6230	82.3100	-142.4000
14584.0250	81.6300	-145.9000
14828.4570	81.0900	-148.5000
15076.9860	80.7600	-150.8000
15329.6800	80.6800	-153.8000
15586.6090	80.7400	-158.7000
15847.8440	80.7000	-166.1000
16113.4580	80.3300	-175.6000
16383.5240	79.5600	177.6000
16658.1150	78.5100	170.3000
16937.3110	77.3800	165.3000
17221.1840	76.3100	161.9000
17509.8140	75.3800	159.3000
17803.2830	74.6500	156.8000
18101.6700	74.0900	153.2000
18405.0590	73.5200	147.3000
18713.5310	72.6000	139.3000
19027.1760	71.1400	131.6000
19346.0760	69.3800	126.8000
19670.3200	67.9400	125.1000
20000.0000	67.3900	124.9000