19.8660	72.1200	122.3000
20.1989	71.7000	121.8000
20.5375	71.2400	121.3000
20.8817	70.7300	120.7000
21.2317	70.2600	120.2000
21.5875	69.9300	119.6000
21.9493	69.9100	119.1000
22.3172	70.2500	118.5000
22.6913	70.9600	118.0000
23.0716	71.7000	117.4000
23.4583	72.1800	116.8000
23.8514	72.3900	116.3000
24.2512	72.4600	115.7000
24.6576	72.5200	115.1000
25.0709	72.6200	114.6000
25.4911	72.7800	114.0000
25.9183	73.0000	113.5000
26.3527	73.2200	112.9000
26.7944	73.4500	112.4000
27.2435	73.6800	111.8000
27.7001	73.9500	111.2000
28.1644	74.2700	110.7000
28.6364	74.6200	110.1000
29.1164	74.9500	109.6000
29.6044	75.2000	109.0000
30.1005	75.3900	108.5000
30.6050	75.5700	108.0000
31.1180	75.7700	107.4000
31.6395	76.0000	106.9000
32.1698	76.2600	106.4000
32.7090	76.5500	105.8000
33.2572	76.8600	105.3000
33.8146	77.1600	104.7000
34.3813	77.4300	104.2000
34.9576	77.6800	103.7000
35.5435	77.9300	103.1000
36.1392	78.1900	102.6000
36.7449	78.4700	102.1000
37.3607	78.7800	101.5000
37.9869	79.1100	101.0000
38.6236	79.4200	100.5000
39.2709	79.6700	100.0000
39.9291	79.8500	99.4000
40.5983	79.9900	98.9000
41.2788	80.1500	98.4000
41.9706	80.3700	97.9000
42.6741	80.5900	97.3000
43.3893	80.8100	96.8000
44.1165	81.1200	96.3000
44.8559	81.5000	95.7000
45.6077	81.5900	95.2000
46.3721	81.3200	94.7000
47.1493	81.1800	94.2000
47.9395	81.2900	93.6000
48.7430	81.4400	93.1000
49.5600	81.4900	92.6000
50.3906	81.5600	92.1000
51.2351	81.5500	91.5000
52.0939	81.4000	91.0000
52.9670	81.1300	90.5000
53.8547	80.9600	90.0000
54.7573	80.9800	89.4000
55.6751	81.1800	88.9000
56.6082	81.3800	88.4000
57.5570	81.6100	87.9000
58.5216	82.0500	87.3000
59.5025	82.6200	86.8000
60.4997	82.7000	86.2000
61.5137	82.2900	85.7000
62.5447	82.1500	85.2000
63.5930	82.2700	84.6000
64.6588	82.5000	84.1000
65.7425	82.7300	83.6000
66.8444	82.8800	83.0000
67.9647	83.0400	82.5000
69.1038	83.2400	82.0000
70.2620	83.4100	81.4000
71.4396	83.5500	80.8000
72.6370	83.6800	80.3000
73.8544	83.8100	79.7000
75.0922	83.9500	79.2000
76.3508	84.0800	78.6000
77.6304	84.2200	78.1000
78.9315	84.3900	77.5000
80.2544	84.5600	76.9000
81.5995	84.7700	76.3000
82.9672	84.9900	75.8000
84.3577	85.1600	75.2000
85.7716	85.2500	74.6000
87.2091	85.3000	74.0000
88.6707	85.3900	73.4000
90.1569	85.5000	72.8000
91.6680	85.5600	72.2000
93.2043	85.6100	71.6000
94.7665	85.7000	71.0000
96.3548	85.8100	70.4000
97.9697	85.9000	69.8000
99.6117	85.9600	69.2000
101.2812	86.0000	68.6000
102.9787	86.0500	68.0000
104.7047	86.0900	67.3000
106.4595	86.1300	66.7000
108.2438	86.1800	66.1000
110.0580	86.2500	65.4000
111.9026	86.3600	64.8000
113.7781	86.4700	64.1000
115.6851	86.5400	63.5000
117.6240	86.4800	62.8000
119.5954	86.4100	62.1000
121.5998	86.5000	61.5000
123.6379	86.6200	60.8000
125.7101	86.6500	60.1000
127.8170	86.6600	59.4000
129.9592	86.7000	58.7000
132.1374	86.7500	58.0000
134.3520	86.7800	57.3000
136.6038	86.8700	56.6000
138.8933	86.9900	55.9000
141.2212	87.0700	55.2000
143.5881	87.1000	54.5000
145.9947	87.1200	53.7000
148.4416	87.1600	53.0000
150.9295	87.2200	52.3000
153.4591	87.2900	51.6000
156.0312	87.3600	50.8000
158.6463	87.4100	50.0000
161.3052	87.4300	49.3000
164.0087	87.3900	48.5000
166.7576	87.3600	47.8000
169.5525	87.3600	47.0000
172.3942	87.3900	46.3000
175.2836	87.4700	45.5000
178.2214	87.6200	44.7000
181.2084	87.7400	43.9000
184.2455	87.7500	43.2000
187.3335	87.7500	42.4000
190.4733	87.8000	41.6000
193.6656	87.8500	40.9000
196.9115	87.8700	40.1000
200.2118	87.8500	39.3000
203.5674	87.8100	38.5000
206.9792	87.7900	37.7000
210.4483	87.8100	37.0000
213.9754	87.8500	36.2000
217.5617	87.9200	35.4000
221.2081	88.0000	34.7000
224.9156	88.0400	33.9000
228.6852	88.0500	33.2000
232.5181	88.0400	32.4000
236.4151	87.9900	31.7000
240.3775	87.9600	31.0000
244.4063	87.9600	30.3000
248.5026	88.0000	29.6000
252.6676	88.0400	28.9000
256.9023	88.0600	28.2000
261.2081	88.0300	27.5000
265.5860	87.9700	26.9000
270.0373	87.9300	26.3000
274.5632	87.9200	25.7000
279.1649	87.9200	25.1000
283.8438	87.9300	24.5000
288.6011	87.9200	24.0000
293.4381	87.8900	23.5000
298.3562	87.8500	23.0000
303.3567	87.9100	22.5000
308.4410	88.0300	22.0000
313.6106	88.0900	21.6000
318.8668	88.1000	21.3000
324.2111	88.0900	20.9000
329.6449	88.0600	20.6000
335.1698	88.0200	20.3000
340.7874	87.9900	20.0000
346.4991	87.9700	19.8000
352.3065	87.9400	19.6000
358.2112	87.9200	19.5000
364.2149	87.9200	19.3000
370.3193	87.9300	19.2000
376.5259	87.9300	19.1000
382.8366	87.9200	19.0000
389.2530	87.9200	19.0000
395.7770	87.9300	18.9000
402.4103	87.9500	18.9000
409.1548	87.9800	18.9000
416.0123	87.9900	18.9000
422.9848	88.0000	18.9000
430.0741	88.0200	18.8000
437.2823	88.0400	18.8000
444.6112	88.0700	18.7000
452.0630	88.0600	18.7000
459.6397	88.0700	18.5000
467.3434	88.0300	18.4000
475.1762	87.9700	18.3000
483.1402	87.9200	18.2000
491.2378	87.8900	18.0000
499.4710	87.8400	17.8000
507.8423	87.8400	17.5000
516.3539	87.8400	17.2000
525.0081	87.8500	16.9000
533.8074	87.8600	16.5000
542.7541	87.8800	16.1000
551.8508	87.9600	15.5000
561.0999	88.0300	14.9000
570.5041	88.0900	14.3000
580.0659	88.1600	13.6000
589.7879	88.2200	12.9000
599.6729	88.2600	12.3000
609.7236	88.3000	11.5000
619.9427	88.3400	10.8000
630.3331	88.3600	10.1000
640.8976	88.3700	9.3000
651.6392	88.3800	8.6000
662.5609	88.3700	8.0000
673.6656	88.3600	7.3000
684.9564	88.3500	6.7000
696.4364	88.3300	6.3000
708.1088	88.3100	5.8000
719.9769	88.2900	5.4000
732.0439	88.2800	5.1000
744.3131	88.2700	4.8000
756.7880	88.2700	4.6000
769.4720	88.2800	4.4000
782.3685	88.3000	4.2000
795.4812	88.3300	4.0000
808.8137	88.3700	3.8000
822.3696	88.4300	3.4000
836.1527	88.4800	3.1000
850.1668	88.5400	2.6000
864.4158	88.6000	2.0000
878.9036	88.6500	1.3000
893.6343	88.7000	0.6000
908.6118	88.7200	-0.2000
923.8404	88.7300	-1.1000
939.3242	88.7200	-1.9000
955.0675	88.6900	-2.8000
971.0746	88.6400	-3.5000
987.3501	88.5800	-4.1000
1003.8983	88.5000	-4.6000
1020.7239	88.4200	-4.9000
1037.8315	88.3500	-5.0000
1055.2258	88.2800	-4.9000
1072.9116	88.2400	-4.7000
1090.8939	88.2200	-4.4000
1109.1775	88.2400	-4.0000
1127.7676	88.2900	-3.6000
1146.6693	88.3700	-3.3000
1165.8877	88.4700	-3.0000
1185.4283	88.5900	-2.9000
1205.2964	88.7400	-2.8000
1225.4974	88.8900	-2.9000
1246.0371	89.0600	-3.1000
1266.9209	89.2500	-3.4000
1288.1549	89.4500	-4.0000
1309.7446	89.6700	-4.6000
1331.6963	89.9000	-5.6000
1354.0158	90.1400	-6.8000
1376.7095	90.3600	-8.4000
1399.7835	90.5600	-10.3000
1423.2442	90.7300	-12.5000
1447.0981	90.8400	-15.0000
1471.3518	90.9000	-17.7000
1496.0120	90.8800	-20.4000
1521.0856	90.7900	-23.2000
1546.5793	90.6200	-25.6000
1572.5004	90.3900	-27.9000
1598.8559	90.1100	-29.5000
1625.6531	89.7900	-30.5000
1652.8994	89.5000	-30.9000
1680.6024	89.2600	-30.7000
1708.7697	89.1000	-30.0000
1737.4091	89.0500	-29.4000
1766.5285	89.0900	-29.0000
1796.1360	89.1800	-29.0000
1826.2397	89.2700	-29.5000
1856.8479	89.3400	-30.4000
1887.9691	89.3600	-31.5000
1919.6120	89.3300	-32.5000
1951.7851	89.2900	-33.1000
1984.4975	89.2700	-33.6000
2017.7582	89.3000	-34.0000
2051.5763	89.3800	-34.7000
2085.9612	89.4300	-36.0000
2120.9224	89.4400	-37.6000
2156.4696	89.3400	-39.2000
2192.6126	89.1400	-40.5000
2229.3613	88.9000	-40.7000
2266.7259	88.7300	-40.1000
2304.7168	88.6900	-39.1000
2343.3444	88.7800	-38.3000
2382.6195	88.9200	-38.2000
2422.5528	88.9900	-38.6000
2463.1553	88.9900	-38.6000
2504.4384	89.0000	-37.8000
2546.4134	89.1600	-36.3000
2589.0919	89.5200	-35.2000
2632.4858	89.9800	-35.2000
2676.6069	90.4300	-36.2000
2721.4674	90.7700	-37.7000
2767.0799	91.0500	-39.1000
2813.4568	91.3500	-40.1000
2860.6111	91.7200	-41.2000
2908.5556	92.1600	-42.7000
2957.3037	92.5900	-45.0000
3006.8689	92.9800	-47.7000
3057.2647	93.3400	-50.5000
3108.5052	93.7100	-53.5000
3160.6045	94.1000	-56.7000
3213.5770	94.4700	-60.5000
3267.4374	94.8200	-64.7000
3322.2004	95.1000	-69.5000
3377.8813	95.3100	-74.4000
3434.4954	95.4500	-79.5000
3492.0584	95.5200	-84.4000
3550.5862	95.5600	-89.2000
3610.0949	95.6000	-93.8000
3670.6009	95.6800	-98.6000
3732.1211	95.8100	-103.7000
3794.6724	95.9200	-110.0000
3858.2720	95.9000	-117.6000
3922.9376	95.5700	-125.9000
3988.6870	94.8800	-133.6000
4055.5384	93.9200	-139.1000
4123.5102	92.9400	-141.7000
4192.6212	92.2200	-142.2000
4262.8906	91.8100	-142.1000
4334.3377	91.7000	-142.6000
4406.9822	91.7300	-144.5000
4480.8443	91.7300	-147.7000
4555.9444	91.6300	-151.3000
4632.3031	91.5300	-154.8000
4709.9417	91.5200	-158.4000
4788.8814	91.6400	-163.5000
4869.1443	91.6400	-170.9000
4950.7523	91.2400	16.6000
5033.7281	90.3200	171.8000
5118.0947	89.0300	166.2000
5203.8752	87.7500	164.2000
5291.0934	86.8000	164.6000
5379.7734	86.2400	164.7000
5469.9397	85.6700	163.4000
5561.6173	84.8500	163.2000
5654.8313	84.2400	168.0000
5749.6077	85.1700	173.2000
5845.9725	86.6500	165.8000
5943.9525	86.6700	149.9000
6043.5746	84.8100	137.9000
6144.8664	82.7600	139.0000
6247.8558	82.2400	142.5000
6352.5714	81.8400	141.7000
6459.0421	81.3700	142.1000
6567.2972	81.3800	142.8000
6677.3667	81.7700	139.0000
6789.2810	81.5300	130.5000
6903.0710	80.3900	124.5000
7018.7682	79.3100	124.0000
7136.4045	78.8700	125.3000
7256.0123	78.9200	123.8000
7377.6249	78.7000	118.9000
7501.2757	78.2000	115.1000
7626.9989	77.9000	110.5000
7754.8293	77.2300	103.3000
7884.8021	76.0000	97.2000
8016.9533	74.3600	93.5000
8151.3194	72.7200	94.9000
8287.9375	71.3800	98.0000
8426.8454	70.3500	106.0000
8568.0814	70.5000	112.3000
8711.6845	70.5600	115.5000
8857.6945	70.9000	119.0000
9006.1516	71.6000	121.2000
9157.0969	72.8600	118.9000
9310.5721	73.3900	109.5000
9466.6196	73.1100	103.6000
9625.2825	73.4400	98.0000
9786.6046	73.2400	88.2000
9950.6305	72.8500	80.7000
10117.4050	72.3600	71.1000
10286.9760	71.2700	62.1000
10459.3880	69.9800	56.8000
10634.6900	68.6000	52.1000
10812.9300	67.0600	53.8000
10994.1570	67.6200	58.3000
11178.4220	68.1700	41.4000
11365.7750	66.1300	31.2000
11556.2680	64.4600	22.9000
11749.9540	61.8700	25.1000
11946.8860	61.2300	28.7000
12147.1190	60.4000	29.4000
12350.7080	60.3200	23.2000
12557.7080	58.1300	11.3000
12768.1790	55.4200	17.3000
12982.1770	54.1700	23.3000
13199.7610	54.2100	28.2000
13420.9920	53.7800	17.6000
13645.9310	50.8800	17.9000
13874.6410	46.6500	12.0000
14107.1830	44.7400	54.7000
14343.6230	45.3700	36.5000
14584.0250	45.1200	70.7000
14828.4570	42.7300	91.6000
15076.9860	43.1000	109.1000
15329.6800	50.5400	159.2000
15586.6090	59.5100	134.6000
15847.8440	59.1800	85.4000
16113.4580	58.9500	76.5000
16383.5240	59.1200	66.2000
16658.1150	59.6700	57.1000
16937.3100	61.1400	37.8000
17221.1830	60.9700	13.8000
17509.8140	60.2400	-3.6000
17803.2830	59.0100	-26.8000
18101.6700	56.4000	-45.3000
18405.0590	54.0900	-62.0000
18713.5320	52.9600	-77.0000
19027.1760	49.0400	-94.9000
19346.0760	45.7400	-105.3000
19670.3210	42.8700	-111.7000