19.8660	70.6000	120.8000
20.1989	70.6900	120.7000
20.5375	70.8800	120.4000
20.8817	71.2500	119.8000
21.2317	71.6900	119.1000
21.5875	71.9900	118.6000
21.9493	72.1700	118.2000
22.3172	72.3800	117.6000
22.6913	72.6200	116.9000
23.0716	72.7700	116.4000
23.4583	72.8000	116.0000
23.8514	72.7700	115.5000
24.2512	72.7100	114.8000
24.6576	72.7100	114.3000
25.0709	72.8300	113.9000
25.4911	73.1000	113.3000
25.9183	73.4200	112.7000
26.3527	73.7100	112.2000
26.7944	74.1200	111.7000
27.2435	74.6400	111.1000
27.7001	75.0800	110.5000
28.1644	75.4900	110.1000
28.6364	75.9700	109.5000
29.1164	76.4200	108.9000
29.6044	76.8300	108.4000
30.1005	77.2900	107.9000
30.6050	77.7200	107.3000
31.1180	78.1100	106.8000
31.6395	78.5500	106.2000
32.1698	78.9500	105.7000
32.7090	79.3200	105.1000
33.2572	79.6700	104.6000
33.8146	79.9900	104.1000
34.3813	80.3100	103.5000
34.9576	80.6200	103.0000
35.5435	80.8600	102.5000
36.1392	81.0700	101.9000
36.7449	81.2400	101.4000
37.3607	81.3700	100.9000
37.9869	81.4900	100.4000
38.6236	81.5700	99.8000
39.2709	81.6200	99.3000
39.9291	81.6300	98.8000
40.5983	81.6100	98.2000
41.2788	81.5700	97.7000
41.9706	81.5400	97.2000
42.6741	81.5100	96.6000
43.3893	81.4500	96.1000
44.1165	81.3000	95.6000
44.8559	81.0900	95.0000
45.6077	81.0300	94.5000
46.3721	81.1400	94.0000
47.1493	81.3200	93.4000
47.9395	81.4700	92.9000
48.7430	81.6400	92.4000
49.5600	81.8200	91.9000
50.3906	82.0100	91.3000
51.2351	82.2000	90.8000
52.0939	82.3900	90.3000
52.9670	82.5900	89.7000
53.8547	82.8200	89.2000
54.7573	83.0900	88.7000
55.6751	83.4300	88.1000
56.6082	83.8300	87.6000
57.5570	84.2600	87.1000
58.5216	84.6900	86.5000
59.5025	85.1000	86.0000
60.4997	85.4600	85.4000
61.5137	85.7500	84.9000
62.5447	85.9700	84.4000
63.5930	86.0900	83.8000
64.6588	86.1000	83.3000
65.7425	86.0000	82.7000
66.8444	85.8100	82.2000
67.9647	85.5600	81.6000
69.1038	85.3100	81.1000
70.2620	85.1200	80.5000
71.4396	85.0200	80.0000
72.6370	85.0300	79.4000
73.8544	85.2100	78.8000
75.0922	85.5200	78.2000
76.3508	85.9200	77.7000
77.6304	86.3600	77.1000
78.9315	86.7900	76.5000
80.2544	87.1500	76.0000
81.5995	87.3900	75.4000
82.9672	87.4900	74.8000
84.3577	87.4500	74.2000
85.7716	87.2500	73.6000
87.2091	86.9500	73.0000
88.6707	86.6900	72.4000
90.1569	86.5600	71.8000
91.6680	86.6500	71.2000
93.2043	86.9700	70.5000
94.7665	87.4100	69.9000
96.3548	87.8500	69.3000
97.9697	88.1800	68.7000
99.6117	88.3100	68.0000
101.2812	88.2700	67.4000
102.9787	88.0900	66.7000
104.7047	87.8700	66.1000
106.4595	87.6900	65.4000
108.2438	87.6300	64.8000
110.0580	87.6900	64.1000
111.9026	87.8600	63.5000
113.7781	88.0500	62.8000
115.6851	88.2300	62.1000
117.6240	88.3800	61.4000
119.5954	88.5400	60.7000
121.5998	88.6900	60.0000
123.6379	88.8000	59.3000
125.7101	88.8300	58.6000
127.8170	88.7900	57.9000
129.9592	88.7300	57.1000
132.1374	88.7300	56.4000
134.3520	88.8300	55.7000
136.6038	88.9900	55.0000
138.8933	89.1300	54.2000
141.2212	89.2000	53.5000
143.5881	89.2100	52.7000
145.9947	89.2100	51.9000
148.4416	89.2500	51.2000
150.9295	89.3300	50.4000
153.4591	89.4500	49.6000
156.0312	89.5800	48.8000
158.6463	89.6800	48.0000
161.3052	89.7100	47.2000
164.0087	89.6800	46.4000
166.7576	89.6100	45.6000
169.5525	89.5900	44.8000
172.3942	89.6300	44.0000
175.2836	89.7200	43.2000
178.2214	89.8100	42.3000
181.2084	89.8700	41.5000
184.2455	89.9200	40.7000
187.3335	89.9800	39.8000
190.4733	90.0500	39.0000
193.6656	90.1200	38.1000
196.9115	90.1600	37.3000
200.2118	90.1600	36.4000
203.5674	90.1600	35.5000
206.9792	90.1800	34.7000
210.4483	90.2100	33.8000
213.9754	90.2600	33.0000
217.5617	90.3100	32.1000
221.2081	90.3500	31.2000
224.9156	90.3900	30.4000
228.6852	90.4300	29.5000
232.5181	90.4500	28.6000
236.4151	90.4600	27.8000
240.3775	90.4600	26.9000
244.4063	90.4600	26.0000
248.5026	90.4800	25.2000
252.6676	90.5000	24.4000
256.9023	90.4900	23.5000
261.2081	90.4700	22.7000
265.5860	90.4600	21.9000
270.0373	90.4600	21.1000
274.5632	90.4800	20.3000
279.1649	90.5100	19.5000
283.8438	90.5400	18.7000
288.6011	90.5500	18.0000
293.4381	90.5500	17.2000
298.3562	90.5600	16.5000
303.3567	90.5800	15.7000
308.4410	90.6100	15.0000
313.6106	90.6300	14.4000
318.8668	90.6200	13.7000
324.2111	90.6000	13.1000
329.6449	90.5500	12.5000
335.1698	90.5100	11.9000
340.7874	90.4800	11.3000
346.4991	90.4600	10.8000
352.3065	90.4400	10.3000
358.2112	90.4200	9.8000
364.2149	90.4000	9.3000
370.3193	90.3700	8.9000
376.5259	90.3400	8.5000
382.8366	90.3100	8.1000
389.2530	90.2800	7.8000
395.7770	90.2500	7.4000
402.4103	90.2200	7.1000
409.1548	90.1900	6.8000
416.0123	90.1700	6.5000
422.9848	90.1500	6.3000
430.0741	90.1400	6.0000
437.2823	90.1200	5.8000
444.6112	90.0900	5.6000
452.0630	90.0900	5.4000
459.6397	90.0900	5.3000
467.3434	90.0500	5.2000
475.1762	89.9800	5.1000
483.1402	89.8800	5.0000
491.2378	89.7800	5.0000
499.4710	89.7100	5.0000
507.8423	89.7000	4.9000
516.3539	89.7100	4.7000
525.0081	89.7200	4.6000
533.8074	89.7400	4.4000
542.7541	89.7600	4.2000
551.8508	89.7900	4.0000
561.0999	89.8100	3.8000
570.5041	89.8400	3.5000
580.0659	89.8700	3.3000
589.7879	89.9000	3.0000
599.6729	89.9300	2.6000
609.7236	89.9600	2.3000
619.9427	89.9800	1.9000
630.3331	90.0100	1.5000
640.8976	90.0300	1.1000
651.6392	90.0500	0.7000
662.5609	90.0700	0.3000
673.6656	90.0900	-0.1000
684.9564	90.1100	-0.5000
696.4364	90.1200	-0.9000
708.1088	90.1300	-1.3000
719.9769	90.1500	-1.7000
732.0439	90.1700	-2.1000
744.3131	90.1900	-2.5000
756.7880	90.2100	-2.8000
769.4720	90.2300	-3.2000
782.3685	90.2600	-3.6000
795.4812	90.3000	-4.0000
808.8137	90.3300	-4.5000
822.3696	90.3700	-5.0000
836.1527	90.4100	-5.6000
850.1668	90.4400	-6.2000
864.4158	90.4800	-6.9000
878.9036	90.5000	-7.6000
893.6343	90.5100	-8.4000
908.6118	90.5100	-9.2000
923.8404	90.5000	-10.0000
939.3242	90.4600	-10.7000
955.0675	90.4100	-11.4000
971.0746	90.3400	-12.0000
987.3501	90.2600	-12.5000
1003.8983	90.1800	-12.7000
1020.7239	90.1000	-12.7000
1037.8315	90.0300	-12.5000
1055.2258	90.0000	-12.1000
1072.9116	90.0000	-11.5000
1090.8939	90.0600	-10.9000
1109.1775	90.1700	-10.3000
1127.7676	90.3300	-9.8000
1146.6693	90.5400	-9.6000
1165.8877	90.7800	-9.7000
1185.4283	91.0400	-10.2000
1205.2964	91.3000	-11.1000
1225.4974	91.5500	-12.4000
1246.0371	91.7700	-14.0000
1266.9209	91.9500	-16.0000
1288.1549	92.0800	-18.1000
1309.7446	92.1600	-20.3000
1331.6963	92.2000	-22.6000
1354.0158	92.1800	-24.8000
1376.7095	92.1300	-26.9000
1399.7835	92.0500	-28.8000
1423.2442	91.9400	-30.6000
1447.0981	91.8300	-32.1000
1471.3518	91.7000	-33.6000
1496.0120	91.5800	-34.9000
1521.0856	91.4500	-36.2000
1546.5793	91.3100	-37.4000
1572.5004	91.1600	-38.5000
1598.8559	91.0000	-39.5000
1625.6531	90.8300	-40.2000
1652.8994	90.6600	-40.7000
1680.6024	90.5000	-41.0000
1708.7697	90.3800	-41.1000
1737.4091	90.3000	-41.0000
1766.5285	90.2800	-41.0000
1796.1360	90.2800	-41.3000
1826.2397	90.3000	-41.7000
1856.8479	90.3000	-42.4000
1887.9691	90.2700	-43.2000
1919.6120	90.2200	-43.9000
1951.7851	90.1600	-44.3000
1984.4975	90.1100	-44.5000
2017.7582	90.1100	-44.7000
2051.5763	90.1500	-44.9000
2085.9612	90.2000	-45.4000
2120.9224	90.2500	-46.1000
2156.4696	90.2500	-47.0000
2192.6126	90.2100	-47.7000
2229.3613	90.1600	-48.0000
2266.7259	90.1300	-47.9000
2304.7168	90.1700	-47.5000
2343.3444	90.2900	-47.1000
2382.6195	90.4800	-47.0000
2422.5528	90.7100	-47.3000
2463.1553	90.9500	-47.8000
2504.4384	91.2100	-48.6000
2546.4134	91.5000	-49.7000
2589.0919	91.8000	-51.2000
2632.4858	92.0800	-53.4000
2676.6069	92.3000	-56.0000
2721.4674	92.4200	-59.0000
2767.0799	92.4300	-61.9000
2813.4568	92.3500	-64.2000
2860.6111	92.2400	-65.8000
2908.5556	92.1800	-66.7000
2957.3037	92.2000	-67.1000
3006.8689	92.3500	-67.3000
3057.2647	92.6100	-67.9000
3108.5052	92.9500	-68.9000
3160.6045	93.3100	-70.7000
3213.5770	93.6700	-73.0000
3267.4374	93.9800	-75.8000
3322.2004	94.2500	-78.7000
3377.8813	94.5300	-81.7000
3434.4954	94.8300	-84.7000
3492.0584	95.1800	-88.2000
3550.5862	95.5300	-92.4000
3610.0949	95.8200	-97.4000
3670.6009	96.0100	-103.0000
3732.1211	96.0700	-108.8000
3794.6724	96.0000	-114.6000
3858.2720	95.8100	-119.9000
3922.9376	95.5400	-124.5000
3988.6870	95.2600	-128.2000
4055.5384	95.0500	-131.1000
4123.5102	94.9600	-133.6000
4192.6212	95.0000	-136.3000
4262.8906	95.1600	-139.3000
4334.3377	95.4200	-143.0000
4406.9822	95.7500	-147.7000
4480.8443	96.0800	-153.9000
4555.9444	96.3100	-161.6000
4632.3031	96.3600	-170.4000
4709.9417	96.1600	-92.7000
4788.8814	95.7200	171.1000
4869.1443	95.0900	162.6000
4950.7523	94.3100	154.9000
5033.7281	93.4300	148.0000
5118.0947	92.4700	141.9000
5203.8752	91.4300	136.9000
5291.0934	90.3700	133.0000
5379.7734	89.3200	130.2000
5469.9397	88.3500	128.1000
5561.6173	87.4600	126.4000
5654.8313	86.6400	124.9000
5749.6077	85.8600	123.7000
5845.9725	85.0900	122.9000
5943.9525	84.3300	123.0000
6043.5746	83.6900	124.5000
6144.8664	83.4300	127.1000
6247.8558	83.6900	128.6000
6352.5714	84.2300	126.6000
6459.0421	84.5800	120.5000
6567.2972	84.4400	112.2000
6677.3667	83.8000	104.4000
6789.2810	82.8100	98.6000
6903.0710	81.7000	95.5000
7018.7682	80.6400	94.8000
7136.4045	79.8600	95.7000
7256.0123	79.4600	96.5000
7377.6249	79.3700	95.8000
7501.2757	79.3600	92.9000
7626.9989	79.2400	88.1000
7754.8293	78.9000	82.3000
7884.8021	78.3000	76.3000
8016.9533	77.4100	71.2000
8151.3194	76.3100	68.1000
8287.9375	75.1200	67.5000
8426.8454	74.0700	69.4000
8568.0814	73.3800	72.7000
8711.6845	73.1800	75.8000
8857.6945	73.3400	77.5000
9006.1516	73.6900	76.7000
9157.0969	73.9800	73.6000
9310.5721	74.1000	69.4000
9466.6196	74.1400	65.0000
9625.2825	74.2500	60.3000
9786.6046	74.4300	54.0000
9950.6305	74.4900	45.3000
10117.4050	74.2000	34.9000
10286.9760	73.4100	24.7000
10459.3880	72.1900	17.1000
10634.6900	70.8100	12.8000
10812.9300	69.6500	11.1000
10994.1570	69.0000	9.7000
11178.4220	68.8000	6.2000
11365.7750	68.6600	-1.0000
11556.2680	68.1000	-10.7000
11749.9540	66.9400	-19.9000
11946.8860	65.4000	-26.6000
12147.1190	63.9200	-32.5000
12350.7080	62.5900	-40.0000
12557.7080	61.0700	-49.5000
12768.1790	58.9800	-57.3000
12982.1770	56.3100	-57.2000
13199.7610	53.7700	-42.9000
13420.9920	52.9200	-14.4000
13645.9310	54.0500	15.2000
13874.6410	55.2600	32.2000
14107.1830	55.5500	36.0000
14343.6230	55.1900	36.5000
14584.0250	55.1800	38.8000
14828.4570	55.9500	39.8000
15076.9860	56.9700	37.0000
15329.6800	57.9000	31.3000
15586.6090	58.7900	24.5000
15847.8440	59.8400	17.0000
16113.4580	60.9500	7.5000
16383.5240	61.8300	-5.2000
16658.1150	62.3000	-20.9000
16937.3100	62.3400	-39.0000
17221.1830	61.8900	-58.8000
17509.8140	60.8700	-78.7000
17803.2830	59.2800	-96.4000
18101.6700	57.2900	-110.9000
18405.0590	55.2300	-124.0000
18713.5320	53.3000	-137.8000
19027.1760	51.3600	-153.0000
19346.0760	49.2100	-167.6000
19670.3210	47.1600	-179.2000
20000.0000	46.2300	176.8000