20.1989	67.9500	120.5000
20.5375	68.2300	120.0000
20.8817	68.5300	119.4000
21.2317	68.8300	118.8000
21.5875	69.1100	118.2000
21.9493	69.3700	117.6000
22.3172	69.6000	117.1000
22.6913	69.8100	116.5000
23.0716	70.0200	115.9000
23.4583	70.2400	115.4000
23.8514	70.5200	114.8000
24.2512	70.8100	114.3000
24.6576	71.0900	113.7000
25.0709	71.3100	113.2000
25.4911	71.4700	112.6000
25.9183	71.6200	112.1000
26.3527	71.7800	111.5000
26.7944	72.0000	110.9000
27.2435	72.2600	110.3000
27.7001	72.5000	109.8000
28.1644	72.7000	109.2000
28.6364	72.8700	108.6000
29.1164	73.0500	108.1000
29.6044	73.2800	107.6000
30.1005	73.5600	107.0000
30.6050	73.8600	106.5000
31.1180	74.1700	105.9000
31.6395	74.5100	105.4000
32.1698	74.8500	104.9000
32.7090	75.1800	104.3000
33.2572	75.5100	103.7000
33.8146	75.8300	103.2000
34.3813	76.1500	102.6000
34.9576	76.4600	102.1000
35.5435	76.7500	101.5000
36.1392	77.0200	101.0000
36.7449	77.3100	100.5000
37.3607	77.6500	99.9000
37.9869	77.9800	99.4000
38.6236	78.2300	98.9000
39.2709	78.4600	98.3000
39.9291	78.6700	97.8000
40.5983	78.8800	97.2000
41.2788	79.1100	96.7000
41.9706	79.3800	96.2000
42.6741	79.6000	95.7000
43.3893	79.7800	95.1000
44.1165	79.8900	94.6000
44.8559	79.9400	94.0000
45.6077	79.9500	93.5000
46.3721	79.7200	92.9000
47.1493	79.3400	92.4000
47.9395	78.6700	91.9000
48.7430	78.5000	91.3000
49.5600	78.4800	90.8000
50.3906	78.5500	90.2000
51.2351	78.7700	89.7000
52.0939	79.0600	89.2000
52.9670	79.3500	88.7000
53.8547	79.5900	88.1000
54.7573	79.7100	87.6000
55.6751	79.8100	87.0000
56.6082	80.0400	86.4000
57.5570	80.3500	85.9000
58.5216	80.6600	85.3000
59.5025	80.7300	84.8000
60.4997	80.9600	84.3000
61.5137	81.4700	83.7000
62.5447	81.4800	83.1000
63.5930	81.5500	82.6000
64.6588	81.7300	82.0000
65.7425	81.9200	81.4000
66.8444	82.0000	80.9000
67.9647	82.1300	80.3000
69.1038	82.3200	79.8000
70.2620	82.4300	79.1000
71.4396	82.5600	78.6000
72.6370	82.7100	78.0000
73.8544	82.8400	77.4000
75.0922	82.9900	76.8000
76.3508	83.1800	76.2000
77.6304	83.2500	75.6000
78.9315	83.4200	75.1000
80.2544	83.6100	74.5000
81.5995	83.8400	73.8000
82.9672	83.9100	73.2000
84.3577	84.0400	72.7000
85.7716	84.1000	72.0000
87.2091	84.1000	71.4000
88.6707	84.1200	70.8000
90.1569	84.1600	70.2000
91.6680	84.2700	69.5000
93.2043	84.4200	68.8000
94.7665	84.5600	68.2000
96.3548	84.7800	67.5000
97.9697	84.8700	67.0000
99.6117	85.0300	66.3000
101.2812	85.0900	65.6000
102.9787	85.0200	64.9000
104.7047	85.0400	64.3000
106.4595	85.0100	63.6000
108.2438	85.0700	63.0000
110.0580	85.0800	62.2000
111.9026	85.2400	61.5000
113.7781	85.3100	60.9000
115.6851	85.5600	60.1000
117.6240	85.5100	59.4000
119.5954	85.6200	58.7000
121.5998	85.6800	58.0000
123.6379	85.4700	57.3000
125.7101	85.4200	56.5000
127.8170	85.4100	55.8000
129.9592	85.4000	55.0000
132.1374	85.4800	54.3000
134.3520	85.5400	53.5000
136.6038	85.6300	52.8000
138.8933	85.7100	52.0000
141.2212	85.7500	51.2000
143.5881	85.7400	50.5000
145.9947	85.7400	49.7000
148.4416	85.7400	48.9000
150.9295	85.7800	48.1000
153.4591	85.8200	47.3000
156.0312	85.9300	46.4000
158.6463	86.1800	45.7000
161.3052	86.4100	44.8000
164.0087	86.2900	44.0000
166.7576	86.1500	43.2000
169.5525	86.1600	42.4000
172.3942	86.1600	41.5000
175.2836	86.2100	40.7000
178.2214	86.2300	39.8000
181.2084	86.2800	39.0000
184.2455	86.3800	38.2000
187.3335	86.3800	37.3000
190.4733	86.3700	36.5000
193.6656	86.4300	35.6000
196.9115	86.4700	34.7000
200.2118	86.4500	33.9000
203.5674	86.4200	33.0000
206.9792	86.3900	32.2000
210.4483	86.3900	31.3000
213.9754	86.4200	30.5000
217.5617	86.4800	29.6000
221.2081	86.5500	28.8000
224.9156	86.5600	27.9000
228.6852	86.5700	27.2000
232.5181	86.5700	26.3000
236.4151	86.5500	25.5000
240.3775	86.0200	24.7000
244.4063	86.5600	23.8000
248.5026	86.4800	23.1000
252.6676	86.5000	22.3000
256.9023	86.5500	21.5000
261.2081	86.5400	20.8000
265.5860	86.4300	20.0000
270.0373	86.4000	19.3000
274.5632	86.3900	18.6000
279.1649	86.3900	18.0000
283.8438	86.3600	17.3000
288.6011	86.3800	16.7000
293.4381	86.3300	16.1000
298.3562	86.3000	15.5000
303.3567	86.3600	15.0000
308.4410	86.4200	14.4000
313.6106	86.4600	13.9000
318.8668	86.4700	13.5000
324.2111	86.4800	13.1000
329.6449	86.4400	12.6000
335.1698	86.3800	12.2000
340.7874	86.3600	11.9000
346.4991	86.3600	11.6000
352.3065	86.3100	11.4000
358.2112	86.2500	11.0000
364.2149	86.3000	10.8000
370.3193	86.3100	10.6000
376.5259	86.2800	10.5000
382.8366	86.2600	10.3000
389.2530	86.2500	10.1000
395.7770	86.2500	10.0000
402.4103	86.3000	9.8000
409.1548	86.3300	9.7000
416.0123	86.3400	9.6000
422.9848	86.3700	9.4000
430.0741	86.3800	9.3000
437.2823	86.3900	9.1000
444.6112	86.4200	8.9000
452.0630	86.4600	8.7000
459.6397	86.5000	8.4000
467.3434	86.5300	8.2000
475.1762	86.5600	7.9000
483.1402	86.6100	7.5000
491.2378	86.6500	7.2000
499.4710	86.7000	6.7000
507.8423	86.7500	6.2000
516.3539	86.7900	5.7000
525.0081	86.8500	5.3000
533.8074	86.8900	4.8000
542.7541	86.9300	4.1000
551.8508	86.9600	3.5000
561.0999	86.9900	2.9000
570.5041	87.0200	2.3000
580.0659	87.0400	1.7000
589.7879	87.0500	1.0000
599.6729	87.0600	0.2000
609.7236	87.0800	-0.6000
619.9427	87.0900	-1.6000
630.3331	87.0900	-2.4000
640.8976	87.0900	-3.3000
651.6392	87.0800	-4.1000
662.5609	87.0600	-4.8000
673.6656	87.0300	-5.6000
684.9564	87.0100	-6.2000
696.4364	86.9800	-6.8000
708.1088	86.9600	-7.3000
719.9769	86.9400	-7.7000
732.0439	86.9300	-8.1000
744.3131	86.9200	-8.4000
756.7880	86.9400	-8.7000
769.4720	86.9700	-9.1000
782.3685	87.0000	-9.4000
795.4812	87.0500	-9.8000
808.8137	87.1200	-10.3000
822.3696	87.1900	-10.9000
836.1527	87.2700	-11.6000
850.1668	87.3500	-12.4000
864.4158	87.4200	-13.4000
878.9036	87.4800	-14.5000
893.6343	87.5200	-15.7000
908.6118	87.5400	-17.0000
923.8404	87.5400	-18.3000
939.3242	87.5100	-19.6000
955.0675	87.4500	-20.8000
971.0746	87.3800	-22.0000
987.3501	87.2800	-23.0000
1003.8983	87.1700	-23.8000
1020.7239	87.0400	-24.3000
1037.8315	86.9300	-24.7000
1055.2258	86.8400	-24.9000
1072.9116	86.7700	-24.7000
1090.8939	86.7400	-24.6000
1109.1775	86.7500	-24.3000
1127.7676	86.8100	-24.2000
1146.6693	86.9000	-24.1000
1165.8877	87.0200	-24.3000
1185.4283	87.1500	-24.7000
1205.2964	87.3000	-25.4000
1225.4974	87.4300	-26.2000
1246.0371	87.5600	-27.2000
1266.9209	87.6600	-28.4000
1288.1549	87.7600	-29.7000
1309.7446	87.8200	-31.1000
1331.6963	87.8800	-32.5000
1354.0158	87.9100	-34.0000
1376.7095	87.9200	-35.5000
1399.7835	87.9100	-36.9000
1423.2442	87.8800	-38.2000
1447.0981	87.8400	-39.4000
1471.3518	87.7800	-40.5000
1496.0120	87.7100	-41.5000
1521.0856	87.6600	-42.1000
1546.5793	87.6300	-42.5000
1572.5004	87.6400	-42.9000
1598.8559	87.7100	-43.2000
1625.6531	87.8200	-43.7000
1652.8994	87.9700	-44.4000
1680.6024	88.1400	-45.4000
1708.7697	88.3100	-46.9000
1737.4091	88.4600	-48.8000
1766.5285	88.5700	-50.8000
1796.1360	88.6200	-53.0000
1826.2397	88.6200	-55.3000
1856.8479	88.5600	-57.5000
1887.9691	88.4600	-59.3000
1919.6120	88.3400	-60.7000
1951.7851	88.2600	-61.7000
1984.4975	88.2500	-62.5000
2017.7582	88.3100	-63.3000
2051.5763	88.4000	-64.6000
2085.9612	88.5000	-66.4000
2120.9224	88.5300	-68.8000
2156.4696	88.4700	-71.1000
2192.6126	88.3200	-73.0000
2229.3613	88.1300	-74.2000
2266.7259	87.9900	-74.8000
2304.7168	87.9600	-75.0000
2343.3444	88.0100	-75.6000
2382.6195	88.0700	-76.5000
2422.5528	88.0800	-77.7000
2463.1553	88.0400	-78.4000
2504.4384	88.0400	-78.5000
2546.4134	88.1800	-78.1000
2589.0919	88.4700	-78.2000
2632.4858	88.8400	-79.2000
2676.6069	89.1500	-81.2000
2721.4674	89.3300	-83.4000
2767.0799	89.4700	-85.0000
2813.4568	89.6500	-86.0000
2860.6111	89.9600	-86.9000
2908.5556	90.3800	-88.6000
2957.3037	90.8200	-90.9000
3006.8689	91.1900	-93.9000
3057.2647	91.5100	-96.9000
3108.5052	91.8600	-99.7000
3160.6045	92.2700	-102.6000
3213.5770	92.7700	-106.0000
3267.4374	93.3100	-110.4000
3322.2004	93.8500	-115.8000
3377.8813	94.3000	-122.4000
3434.4954	94.5800	-130.0000
3492.0584	94.6500	-137.9000
3550.5862	94.4900	-145.6000
3610.0949	94.1500	-152.4000
3670.6009	93.6900	-158.0000
3732.1211	93.2700	-162.1000
3794.6724	92.9900	-165.6000
3858.2720	92.8200	-169.2000
3922.9376	92.6100	-173.2000
3988.6870	92.3200	-176.4000
4055.5384	92.1300	-178.2000
4123.5102	92.2800	-179.6000
4192.6212	92.6700	177.4000
4262.8906	93.0600	172.7000
4334.3377	93.4000	167.4000
4406.9822	93.7700	161.3000
4480.8443	94.1600	153.9000
4555.9444	94.4200	144.9000
4632.3031	94.4900	135.0000
4709.9417	94.3500	124.6000
4788.8814	93.9900	114.0000
4869.1443	93.4200	103.2000
4950.7523	92.5800	92.6000
5033.7281	91.4700	83.0000
5118.0947	90.1200	74.9000
5203.8752	88.5900	69.0000
5291.0934	87.0700	66.0000
5379.7734	85.7700	64.7000
5469.9397	84.3700	64.3000
5561.6173	82.9800	71.5000
5654.8313	83.9900	81.6000
5749.6077	85.7400	74.3000
5845.9725	85.7000	59.3000
5943.9525	84.1800	50.2000
6043.5746	82.9800	49.9000
6144.8664	82.6300	49.6000
6247.8558	82.5200	47.9000
6352.5714	82.6000	44.2000
6459.0421	82.5900	38.5000
6567.2972	82.3800	31.5000
6677.3667	81.8500	24.4000
6789.2810	81.1900	18.7000
6903.0710	80.5600	13.2000
7018.7682	79.7000	7.6000
7136.4045	78.6200	4.5000
7256.0123	77.8700	5.3000
7377.6249	77.9600	5.4000
7501.2757	78.1700	0.8000
7626.9989	78.1300	-5.2000
7754.8293	77.9900	-12.1000
7884.8021	77.6800	-19.7000
8016.9533	77.1500	-28.2000
8151.3194	76.2400	-36.0000
8287.9375	75.0700	-43.1000
8426.8454	73.4500	-45.5000
8568.0814	72.5400	-43.1000
8711.6845	72.1800	-41.0000
8857.6945	72.1900	-39.6000
9006.1516	72.7900	-39.2000
9157.0969	73.4600	-44.1000
9310.5721	73.9900	-48.7000
9466.6196	74.9200	-56.5000
9625.2825	75.7000	-69.6000
9786.6046	75.6200	-86.5000
9950.6305	74.9500	-100.8000
10117.4050	74.0700	-115.6000
10286.9760	72.6000	-129.2000
10459.3880	70.4600	-136.7000
10634.6900	69.6700	-136.1000
10812.9300	69.9600	-147.8000
10994.1570	68.4100	-163.9000
11178.4220	66.1900	-172.0000
11365.7750	64.9300	-173.7000
11556.2680	64.2800	179.8000
11749.9540	63.6100	166.5000
11946.8860	61.2900	156.2000
12147.1190	59.2800	147.2000
12350.7080	56.2600	150.0000
12557.7080	55.4700	153.4000
12768.1790	54.9200	155.6000
12982.1770	54.9800	144.8000
13199.7610	52.8100	130.8000
13420.9920	52.0800	127.0000
13645.9310	48.2600	101.4000
13874.6410	42.2100	68.7000
14107.1830	35.7200	82.4000
14343.6230	51.7300	-27.5000
14584.0250	55.4500	-93.7000
14828.4570	56.8500	-126.3000
15076.9860	56.6800	-152.7000
15329.6800	56.8700	-162.2000
15586.6090	57.6600	-175.5000
15847.8440	58.3900	178.0000
16113.4580	60.3100	164.6000
16383.5240	62.3100	139.5000
16658.1150	62.1100	106.9000
16937.3100	61.0100	89.3000
17221.1830	60.5600	72.9000
17509.8140	60.6000	56.4000
17803.2830	60.1200	23.9000
18101.6700	57.3900	4.9000
18405.0590	56.0000	-17.4000
18713.5320	53.8700	-37.4000
19027.1760	52.3500	-40.1000
19346.0760	52.1700	-60.2000
19670.3210	49.8600	-89.6000