19.8660	71.8300	79.5000
20.1989	71.9800	79.3000
20.5375	72.1300	79.2000
20.8817	72.2800	79.1000
21.2317	72.4400	79.0000
21.5875	72.5900	78.9000
21.9493	72.7400	78.8000
22.3172	72.8800	78.7000
22.6913	73.0200	78.6000
23.0716	73.1500	78.5000
23.4583	73.2700	78.4000
23.8514	73.3700	78.3000
24.2512	73.4800	78.1000
24.6576	73.6100	78.0000
25.0709	73.8100	77.9000
25.4911	74.0900	77.8000
25.9183	74.4500	77.7000
26.3527	74.8400	77.5000
26.7944	75.2500	77.4000
27.2435	75.6600	77.3000
27.7001	76.0500	77.1000
28.1644	76.3900	77.0000
28.6364	76.6900	76.8000
29.1164	77.0200	76.7000
29.6044	77.4100	76.5000
30.1005	77.8700	76.3000
30.6050	78.3600	76.2000
31.1180	78.8400	76.0000
31.6395	79.3000	75.8000
32.1698	79.7500	75.7000
32.7090	80.1700	75.5000
33.2572	80.5600	75.2000
33.8146	80.9500	75.0000
34.3813	81.3100	74.8000
34.9576	81.6500	74.7000
35.5435	81.9600	74.5000
36.1392	82.2300	74.3000
36.7449	82.4900	74.1000
37.3607	82.7300	73.8000
37.9869	82.9600	73.6000
38.6236	83.1600	73.4000
39.2709	83.3200	73.2000
39.9291	83.4500	72.9000
40.5983	83.5600	72.7000
41.2788	83.6900	72.4000
41.9706	83.8600	72.2000
42.6741	84.0300	71.9000
43.3893	84.1800	71.7000
44.1165	84.3000	71.4000
44.8559	84.4200	71.1000
45.6077	84.5900	70.9000
46.3721	84.8200	70.6000
47.1493	85.0300	70.3000
47.9395	85.1600	70.0000
48.7430	85.2500	69.8000
49.5600	85.3200	69.4000
50.3906	85.4100	69.1000
51.2351	85.4900	68.8000
52.0939	85.5000	68.5000
52.9670	85.3900	68.2000
53.8547	85.1900	67.9000
54.7573	85.0100	67.5000
55.6751	84.9400	67.2000
56.6082	84.9400	66.9000
57.5570	84.9700	66.5000
58.5216	85.0800	66.1000
59.5025	85.3000	65.8000
60.4997	85.3500	65.4000
61.5137	85.2400	65.1000
62.5447	85.1200	64.6000
63.5930	85.0000	64.2000
64.6588	84.8200	63.8000
65.7425	84.6700	63.5000
66.8444	84.6400	63.1000
67.9647	84.7500	62.6000
69.1038	84.9200	62.2000
70.2620	85.0800	61.8000
71.4396	85.2800	61.4000
72.6370	85.5600	60.9000
73.8544	85.8800	60.5000
75.0922	86.1700	60.0000
76.3508	86.4200	59.5000
77.6304	86.6100	59.1000
78.9315	86.7800	58.6000
80.2544	86.9400	58.1000
81.5995	87.0800	57.6000
82.9672	87.2000	57.0000
84.3577	87.3100	56.5000
85.7716	87.3700	56.0000
87.2091	87.3900	55.5000
88.6707	87.3900	54.9000
90.1569	87.3700	54.4000
91.6680	87.3500	53.8000
93.2043	87.3400	53.3000
94.7665	87.3400	52.7000
96.3548	87.3700	52.1000
97.9697	87.4300	51.5000
99.6117	87.5200	50.9000
101.2812	87.6300	50.3000
102.9787	87.7600	49.7000
104.7047	87.8700	49.1000
106.4595	87.9600	48.4000
108.2438	88.0400	47.8000
110.0580	88.0900	47.1000
111.9026	88.1300	46.5000
113.7781	88.1500	45.8000
115.6851	88.1700	45.1000
117.6240	88.2700	44.4000
119.5954	88.4000	43.7000
121.5998	88.2700	42.9000
123.6379	87.9900	42.2000
125.7101	87.8400	41.5000
127.8170	87.7500	40.8000
129.9592	87.6800	40.0000
132.1374	87.6600	39.2000
134.3520	87.6900	38.4000
136.6038	87.7600	37.7000
138.8933	87.8600	36.9000
141.2212	87.9300	36.1000
143.5881	87.9500	35.2000
145.9947	87.9500	34.4000
148.4416	87.9400	33.6000
150.9295	87.9500	32.7000
153.4591	87.9700	31.9000
156.0312	87.9700	31.0000
158.6463	87.9500	30.2000
161.3052	87.8800	29.3000
164.0087	87.8000	28.3000
166.7576	87.7500	27.4000
169.5525	87.7400	26.5000
172.3942	87.7400	25.6000
175.2836	87.7500	24.7000
178.2214	87.7600	23.8000
181.2084	87.8200	22.8000
184.2455	87.8600	21.9000
187.3335	87.8400	20.9000
190.4733	87.8200	20.0000
193.6656	87.8100	19.0000
196.9115	87.8100	18.0000
200.2118	87.7900	17.0000
203.5674	87.7700	16.0000
206.9792	87.7500	15.1000
210.4483	87.7300	14.1000
213.9754	87.7200	13.1000
217.5617	87.7200	12.1000
221.2081	87.7300	11.1000
224.9156	87.7200	10.1000
228.6852	87.7100	9.2000
232.5181	87.7000	8.2000
236.4151	87.6900	7.2000
240.3775	87.6500	6.2000
244.4063	87.5800	5.3000
248.5026	87.5100	4.3000
252.6676	87.4800	3.4000
256.9023	87.4600	2.4000
261.2081	87.4300	1.5000
265.5860	87.3500	0.6000
270.0373	87.2700	-0.3000
274.5632	87.1900	-1.1000
279.1649	87.1300	-2.0000
283.8438	87.0800	-2.8000
288.6011	87.0600	-3.5000
293.4381	87.0600	-4.3000
298.3562	87.0900	-5.0000
303.3567	87.0600	-5.7000
308.4410	86.9500	-6.3000
313.6106	86.9100	-6.9000
318.8668	86.8700	-7.5000
324.2111	86.8000	-8.0000
329.6449	86.6900	-8.4000
335.1698	86.5600	-8.8000
340.7874	86.4400	-9.2000
346.4991	86.3600	-9.4000
352.3065	86.2700	-9.7000
358.2112	86.1800	-9.8000
364.2149	86.0900	-9.9000
370.3193	86.0100	-10.0000
376.5259	85.9200	-10.0000
382.8366	85.8300	-9.9000
389.2530	85.7300	-9.8000
395.7770	85.6600	-9.7000
402.4103	85.6200	-9.4000
409.1548	85.5900	-9.2000
416.0123	85.5400	-9.0000
422.9848	85.4800	-8.7000
430.0741	85.4400	-8.4000
437.2823	85.4000	-8.2000
444.6112	85.3800	-7.9000
452.0630	85.3700	-7.6000
459.6397	85.3600	-7.4000
467.3434	85.3600	-7.2000
475.1762	85.3600	-7.1000
483.1402	85.4200	-7.0000
491.2378	85.5000	-6.9000
499.4710	85.5700	-6.9000
507.8423	85.6800	-7.0000
516.3539	85.8100	-7.2000
525.0081	85.8900	-7.4000
533.8074	85.9700	-7.7000
542.7541	86.0600	-8.2000
551.8508	86.1300	-8.7000
561.0999	86.2000	-9.2000
570.5041	86.2700	-9.9000
580.0659	86.3200	-10.6000
589.7879	86.3600	-11.3000
599.6729	86.3900	-12.1000
609.7236	86.4100	-12.9000
619.9427	86.4100	-13.7000
630.3331	86.4100	-14.5000
640.8976	86.4000	-15.2000
651.6392	86.3700	-16.0000
662.5609	86.3400	-16.6000
673.6656	86.3000	-17.3000
684.9564	86.2500	-17.8000
696.4364	86.2000	-18.3000
708.1088	86.1500	-18.7000
719.9769	86.1100	-19.0000
732.0439	86.0700	-19.3000
744.3131	86.0400	-19.5000
756.7880	86.0300	-19.7000
769.4720	86.0300	-19.9000
782.3685	86.0300	-20.1000
795.4812	86.0500	-20.3000
808.8137	86.0800	-20.5000
822.3696	86.1200	-20.8000
836.1527	86.1700	-21.2000
850.1668	86.2100	-21.7000
864.4158	86.2500	-22.3000
878.9036	86.2900	-23.0000
893.6343	86.3100	-23.7000
908.6118	86.3300	-24.4000
923.8404	86.3300	-25.2000
939.3242	86.3200	-25.9000
955.0675	86.3000	-26.6000
971.0746	86.2700	-27.2000
987.3501	86.2400	-27.8000
1003.8983	86.2100	-28.2000
1020.7239	86.1800	-28.6000
1037.8315	86.1500	-28.9000
1055.2258	86.1300	-29.1000
1072.9116	86.1300	-29.2000
1090.8939	86.1400	-29.3000
1109.1775	86.1600	-29.4000
1127.7676	86.2000	-29.4000
1146.6693	86.2600	-29.4000
1165.8877	86.3300	-29.3000
1185.4283	86.4400	-29.2000
1205.2964	86.5700	-29.1000
1225.4974	86.7500	-29.1000
1246.0371	86.9600	-29.1000
1266.9209	87.2300	-29.4000
1288.1549	87.5300	-30.0000
1309.7446	87.8500	-31.0000
1331.6963	88.1900	-32.5000
1354.0158	88.5300	-34.5000
1376.7095	88.8500	-36.9000
1399.7835	89.1200	-39.8000
1423.2442	89.3500	-43.1000
1447.0981	89.5100	-46.7000
1471.3518	89.6100	-50.5000
1496.0120	89.6300	-54.4000
1521.0856	89.5800	-58.5000
1546.5793	89.4600	-62.5000
1572.5004	89.2500	-66.5000
1598.8559	88.9700	-70.3000
1625.6531	88.6000	-74.0000
1652.8994	88.1500	-77.3000
1680.6024	87.6100	-80.1000
1708.7697	86.9900	-82.2000
1737.4091	86.3100	-83.3000
1766.5285	85.6300	-83.2000
1796.1360	85.0200	-81.8000
1826.2397	84.5700	-79.3000
1856.8479	84.3300	-76.2000
1887.9691	84.3400	-73.3000
1919.6120	84.5200	-71.2000
1951.7851	84.7900	-70.2000
1984.4975	85.0700	-70.3000
2017.7582	85.3000	-71.1000
2051.5763	85.4400	-72.3000
2085.9612	85.4900	-73.6000
2120.9224	85.4800	-74.5000
2156.4696	85.4700	-75.0000
2192.6126	85.4900	-75.0000
2229.3613	85.6000	-74.8000
2266.7259	85.8000	-74.9000
2304.7168	86.0500	-75.4000
2343.3444	86.3000	-76.4000
2382.6195	86.5000	-77.5000
2422.5528	86.6700	-78.4000
2463.1553	86.8700	-78.8000
2504.4384	87.1900	-78.8000
2546.4134	87.7000	-79.0000
2589.0919	88.3800	-80.1000
2632.4858	89.1500	-82.7000
2676.6069	89.9300	-86.8000
2721.4674	90.6500	-92.4000
2767.0799	91.2500	-99.4000
2813.4568	91.6700	-107.6000
2860.6111	91.8300	-116.9000
2908.5556	91.6500	-126.6000
2957.3037	91.0800	-135.6000
3006.8689	90.1300	-142.7000
3057.2647	89.0000	-145.9000
3108.5052	88.1500	-144.9000
3160.6045	88.0600	-141.9000
3213.5770	88.7000	-141.4000
3267.4374	89.5700	-145.7000
3322.2004	90.1800	-154.1000
3377.8813	90.3200	-164.8000
3434.4954	89.9300	-176.6000
3492.0584	89.0600	174.0000
3550.5862	87.8500	166.4000
3610.0949	86.5400	161.9000
3670.6009	85.4000	160.1000
3732.1211	84.6000	159.4000
3794.6724	84.0900	158.0000
3858.2720	83.6300	155.1000
3922.9376	83.0100	151.4000
3988.6870	82.1800	148.3000
4055.5384	81.3000	146.6000
4123.5102	80.5100	146.2000
4192.6212	79.8900	146.4000
4262.8906	79.4100	146.6000
4334.3377	79.0400	146.6000
4406.9822	78.7800	146.1000
4480.8443	78.5500	144.9000
4555.9444	78.2800	143.0000
4632.3031	77.9400	140.9000
4709.9417	77.5200	139.1000
4788.8814	77.1000	137.9000
4869.1443	76.7900	137.1000
4950.7523	76.5900	135.7000
5033.7281	76.3700	133.4000
5118.0947	76.0400	130.6000
5203.8752	75.5500	128.1000
5291.0934	74.9200	127.0000
5379.7734	74.4000	128.6000
5469.9397	74.5100	131.6000
5561.6173	75.2600	131.7000
5654.8313	76.0600	126.4000
5749.6077	76.3900	117.6000
5845.9725	76.2000	107.9000
5943.9525	75.5800	99.0000
6043.5746	74.6900	91.6000
6144.8664	73.6900	85.4000
6247.8558	72.5800	79.7000
6352.5714	71.1800	74.7000
6459.0421	69.4600	72.3000
6567.2972	67.7300	73.8000
6677.3667	66.2100	78.1000
6789.2810	64.7700	85.3000
6903.0710	63.8300	98.6000
7018.7682	64.3500	115.1000
7136.4045	66.4700	127.3000
7256.0123	69.4300	129.3000
7377.6249	72.2100	121.5000
7501.2757	74.3700	107.0000
7626.9989	75.7000	87.9000
7754.8293	76.0400	66.7000
7884.8021	75.4900	45.9000
8016.9533	74.1300	26.7000
8151.3194	71.9800	11.4000
8287.9375	69.4900	2.8000
8426.8454	67.3900	-0.1000
8568.0814	65.9600	-1.8000
8711.6845	64.7500	-5.2000
8857.6945	63.4500	-8.3000
9006.1516	62.3100	-10.6000
9157.0969	61.3000	-13.4000
9310.5721	60.2800	-16.4000
9466.6196	59.5400	-19.8000
9625.2825	58.8200	-28.9000
9786.6046	57.0700	-42.2000
9950.6305	54.4900	-59.6000
10117.4050	50.4900	-92.5000
10286.9760	45.7500	-110.1000
10459.3880	47.6900	110.2000
10634.6900	52.0800	55.7000
10812.9300	53.6600	22.0000
10994.1570	53.3400	1.7000
11178.4220	52.4600	-8.2000
11365.7750	52.4000	-11.4000
11556.2680	52.7900	-18.9000
11749.9540	52.6900	-26.4000
11946.8860	52.8200	-36.5000
12147.1190	52.4300	-53.8000
12350.7080	50.5700	-73.7000
12557.7080	47.5800	-82.7000
12768.1790	46.2700	-85.3000
12982.1770	45.3000	-98.5000
13199.7610	43.3900	-112.6000
13420.9920	41.1200	-124.1000
13645.9310	39.7100	-127.6000
13874.6410	40.2800	-139.4000
14107.1830	42.4000	-164.0000
14343.6230	44.6700	169.6000
14584.0250	45.9200	138.6000
14828.4570	46.1300	110.5000
15076.9860	46.0600	88.7000
15329.6800	46.7500	76.3000
15586.6090	48.0300	64.9000
15847.8440	49.2800	47.2000
16113.4580	49.4300	23.2000
16383.5240	47.1600	6.2000
16658.1150	45.0500	6.1000
16937.3100	44.6900	4.5000
17221.1830	45.2600	-4.1000
17509.8140	45.1800	-14.2000
17803.2830	43.7000	-19.5000
18101.6700	41.4300	-21.5000
18405.0590	40.3100	-20.2000
18713.5320	45.2300	-19.0000
19027.1760	46.4100	-42.6000
19346.0760	45.4000	-58.3000
19670.3210	43.7200	-67.5000
20000.0000	43.3200	-70.0000