19.8660	81.0600	34.0000
20.1989	81.2700	34.3000
20.5375	81.4900	34.6000
20.8817	81.7100	34.8000
21.2317	81.9300	35.2000
21.5875	82.1500	35.5000
21.9493	82.3500	35.8000
22.3172	82.5400	36.1000
22.6913	82.7200	36.4000
23.0716	82.8900	36.7000
23.4583	83.0500	37.1000
23.8514	83.2100	37.4000
24.2512	83.3500	37.7000
24.6576	83.4900	37.9000
25.0709	83.6200	38.2000
25.4911	83.7400	38.5000
25.9183	83.8600	38.8000
26.3527	84.0000	39.1000
26.7944	84.1600	39.3000
27.2435	84.3400	39.6000
27.7001	84.5100	39.9000
28.1644	84.6600	40.1000
28.6364	84.8000	40.4000
29.1164	84.9500	40.6000
29.6044	85.1000	40.9000
30.1005	85.2600	41.1000
30.6050	85.4300	41.4000
31.1180	85.5900	41.6000
31.6395	85.7500	41.8000
32.1698	85.9200	42.0000
32.7090	86.0900	42.2000
33.2572	86.2700	42.5000
33.8146	86.4500	42.7000
34.3813	86.6300	42.8000
34.9576	86.8100	43.0000
35.5435	87.0000	43.2000
36.1392	87.2000	43.3000
36.7449	87.4100	43.5000
37.3607	87.6200	43.6000
37.9869	87.8300	43.8000
38.6236	88.0400	43.9000
39.2709	88.2400	44.0000
39.9291	88.4300	44.2000
40.5983	88.6100	44.3000
41.2788	88.7800	44.4000
41.9706	88.9400	44.5000
42.6741	89.0900	44.5000
43.3893	89.2300	44.6000
44.1165	89.3700	44.7000
44.8559	89.4800	44.8000
45.6077	89.5600	44.8000
46.3721	89.6000	44.9000
47.1493	89.6000	44.9000
47.9395	89.5600	44.9000
48.7430	89.4700	44.9000
49.5600	89.3000	44.9000
50.3906	89.0800	44.9000
51.2351	88.8900	44.9000
52.0939	88.7800	44.9000
52.9670	88.7500	44.8000
53.8547	88.7500	44.8000
54.7573	88.8000	44.7000
55.6751	88.8700	44.7000
56.6082	88.9400	44.6000
57.5570	88.9900	44.5000
58.5216	89.0300	44.4000
59.5025	89.0700	44.3000
60.4997	89.0800	44.2000
61.5137	89.0700	44.0000
62.5447	89.0500	43.9000
63.5930	89.0700	43.7000
64.6588	89.1700	43.6000
65.7425	89.3000	43.4000
66.8444	89.4500	43.2000
67.9647	89.6100	43.0000
69.1038	89.7600	42.8000
70.2620	89.9100	42.6000
71.4396	90.0400	42.4000
72.6370	90.1600	42.1000
73.8544	90.2700	41.9000
75.0922	90.3500	41.6000
76.3508	90.4200	41.3000
77.6304	90.4900	41.0000
78.9315	90.5600	40.7000
80.2544	90.6200	40.4000
81.5995	90.6700	40.1000
82.9672	90.7100	39.8000
84.3577	90.7600	39.4000
85.7716	90.7900	39.0000
87.2091	90.7900	38.7000
88.6707	90.8000	38.3000
90.1569	90.8500	37.9000
91.6680	90.9400	37.5000
93.2043	91.0500	37.1000
94.7665	91.1500	36.6000
96.3548	91.1800	36.1000
97.9697	91.1600	35.7000
99.6117	91.0900	35.2000
101.2812	91.0200	34.8000
102.9787	90.9700	34.3000
104.7047	90.9700	33.7000
106.4595	91.0200	33.2000
108.2438	91.1100	32.6000
110.0580	91.2000	32.1000
111.9026	91.2700	31.5000
113.7781	91.3000	31.0000
115.6851	91.3200	30.3000
117.6240	91.3600	29.7000
119.5954	91.3700	29.1000
121.5998	91.2000	28.5000
123.6379	90.9700	27.8000
125.7101	90.8100	27.2000
127.8170	90.7200	26.5000
129.9592	90.6900	25.8000
132.1374	90.6900	25.1000
134.3520	90.6900	24.4000
136.6038	90.7000	23.7000
138.8933	90.7000	22.9000
141.2212	90.6900	22.2000
143.5881	90.6800	21.4000
145.9947	90.6700	20.6000
148.4416	90.7000	19.8000
150.9295	90.7400	19.0000
153.4591	90.7700	18.2000
156.0312	90.7800	17.4000
158.6463	90.7500	16.6000
161.3052	90.6500	15.7000
164.0087	90.5000	14.8000
166.7576	90.3800	13.9000
169.5525	90.3000	13.1000
172.3942	90.2500	12.1000
175.2836	90.2300	11.2000
178.2214	90.2400	10.3000
181.2084	90.2800	9.4000
184.2455	90.3000	8.5000
187.3335	90.3300	7.5000
190.4733	90.3700	6.6000
193.6656	90.4000	5.6000
196.9115	90.3900	4.6000
200.2118	90.3400	3.7000
203.5674	90.2900	2.7000
206.9792	90.2600	1.7000
210.4483	90.2200	0.6000
213.9754	90.2000	-0.4000
217.5617	90.2300	-1.4000
221.2081	90.2900	-2.4000
224.9156	90.3500	-3.4000
228.6852	90.3600	-4.4000
232.5181	90.3300	-5.3000
236.4151	90.2700	-6.3000
240.3775	90.2100	-7.3000
244.4063	90.1400	-8.3000
248.5026	90.0600	-9.3000
252.6676	90.0100	-10.2000
256.9023	89.9900	-11.2000
261.2081	89.9400	-12.1000
265.5860	89.8000	-13.0000
270.0373	89.6400	-13.9000
274.5632	89.5300	-14.8000
279.1649	89.4800	-15.7000
283.8438	89.4600	-16.5000
288.6011	89.4200	-17.3000
293.4381	89.3800	-18.1000
298.3562	89.3600	-18.8000
303.3567	89.3600	-19.6000
308.4410	89.3800	-20.2000
313.6106	89.4000	-20.9000
318.8668	89.4000	-21.5000
324.2111	89.3400	-22.1000
329.6449	89.2300	-22.6000
335.1698	89.1300	-23.1000
340.7874	89.0400	-23.6000
346.4991	88.9700	-24.0000
352.3065	88.9200	-24.4000
358.2112	88.8900	-24.8000
364.2149	88.8600	-25.2000
370.3193	88.8400	-25.5000
376.5259	88.7900	-25.9000
382.8366	88.7300	-26.3000
389.2530	88.6700	-26.6000
395.7770	88.6300	-27.0000
402.4103	88.6200	-27.4000
409.1548	88.6100	-27.8000
416.0123	88.5800	-28.3000
422.9848	88.5300	-28.8000
430.0741	88.4600	-29.3000
437.2823	88.3900	-29.9000
444.6112	88.3500	-30.6000
452.0630	88.3300	-31.3000
459.6397	88.3000	-32.1000
467.3434	88.2900	-33.0000
475.1762	88.2400	-33.8000
483.1402	88.1800	-34.4000
491.2378	88.1300	-34.8000
499.4710	88.0900	-35.1000
507.8423	88.0700	-35.7000
516.3539	88.0500	-36.4000
525.0081	88.0400	-37.0000
533.8074	88.0200	-37.7000
542.7541	88.0000	-38.4000
551.8508	87.9800	-39.1000
561.0999	87.9500	-39.8000
570.5041	87.9200	-40.6000
580.0659	87.8700	-41.3000
589.7879	87.8300	-42.0000
599.6729	87.7800	-42.7000
609.7236	87.7200	-43.3000
619.9427	87.6500	-43.9000
630.3331	87.5900	-44.4000
640.8976	87.5200	-44.8000
651.6392	87.4500	-45.1000
662.5609	87.3900	-45.4000
673.6656	87.3400	-45.5000
684.9564	87.3100	-45.6000
696.4364	87.2900	-45.5000
708.1088	87.3000	-45.4000
719.9769	87.3300	-45.3000
732.0439	87.3900	-45.2000
744.3131	87.4900	-45.1000
756.7880	87.6100	-45.1000
769.4720	87.7700	-45.3000
782.3685	87.9500	-45.6000
795.4812	88.1500	-46.2000
808.8137	88.3600	-47.1000
822.3696	88.5700	-48.2000
836.1527	88.7800	-49.6000
850.1668	88.9800	-51.2000
864.4158	89.1600	-53.1000
878.9036	89.3100	-55.2000
893.6343	89.4300	-57.4000
908.6118	89.5300	-59.9000
923.8404	89.5800	-62.3000
939.3242	89.5900	-64.9000
955.0675	89.5700	-67.4000
971.0746	89.5000	-69.9000
987.3501	89.4000	-72.2000
1003.8983	89.2800	-74.4000
1020.7239	89.1300	-76.4000
1037.8315	88.9600	-78.2000
1055.2258	88.7900	-79.7000
1072.9116	88.6300	-81.0000
1090.8939	88.4800	-82.1000
1109.1775	88.3500	-83.0000
1127.7676	88.2400	-83.9000
1146.6693	88.1600	-84.6000
1165.8877	88.1000	-85.4000
1185.4283	88.0500	-86.2000
1205.2964	88.0100	-87.1000
1225.4974	87.9900	-87.9000
1246.0371	87.9700	-88.7000
1266.9209	87.9600	-89.4000
1288.1549	87.9700	-90.1000
1309.7446	88.0000	-90.8000
1331.6963	88.0500	-91.5000
1354.0158	88.1200	-92.2000
1376.7095	88.2200	-93.0000
1399.7835	88.3300	-93.9000
1423.2442	88.4500	-94.9000
1447.0981	88.5700	-95.9000
1471.3518	88.7000	-96.8000
1496.0120	88.8400	-97.7000
1521.0856	89.0200	-98.3000
1546.5793	89.2600	-98.9000
1572.5004	89.5800	-99.4000
1598.8559	90.0000	-100.2000
1625.6531	90.5100	-101.5000
1652.8994	91.0900	-103.6000
1680.6024	91.7000	-106.4000
1708.7697	92.3000	-110.2000
1737.4091	92.8600	-114.9000
1766.5285	93.3400	-120.1000
1796.1360	93.7400	-126.0000
1826.2397	94.0300	-132.1000
1856.8479	94.2200	-138.3000
1887.9691	94.3200	-144.6000
1919.6120	94.3500	-150.6000
1951.7851	94.3200	-156.3000
1984.4975	94.2800	-161.6000
2017.7582	94.2500	-166.7000
2051.5763	94.2700	-171.6000
2085.9612	94.3400	-177.0000
2120.9224	94.4600	178.0000
2156.4696	94.6100	171.8000
2192.6126	94.7300	164.9000
2229.3613	94.7800	157.1000
2266.7259	94.7200	148.7000
2304.7168	94.5100	139.8000
2343.3444	94.1200	130.7000
2382.6195	93.5200	121.7000
2422.5528	92.7200	113.2000
2463.1553	91.7100	105.8000
2504.4384	90.5400	99.9000
2546.4134	89.2800	96.2000
2589.0919	88.1100	95.4000
2632.4858	87.2900	97.0000
2676.6069	87.0300	99.5000
2721.4674	87.2900	100.2000
2767.0799	87.8500	97.9000
2813.4568	88.3800	92.3000
2860.6111	88.6800	84.1000
2908.5556	88.6500	74.5000
2957.3037	88.2500	64.5000
3006.8689	87.5300	55.2000
3057.2647	86.5700	47.3000
3108.5052	85.5100	41.1000
3160.6045	84.4900	36.4000
3213.5770	83.5900	32.7000
3267.4374	82.8100	29.2000
3322.2004	82.0800	25.5000
3377.8813	81.3600	21.6000
3434.4954	80.6000	17.7000
3492.0584	79.7900	14.1000
3550.5862	78.9700	10.9000
3610.0949	78.1500	8.2000
3670.6009	77.3400	5.8000
3732.1211	76.5000	3.7000
3794.6724	75.6100	2.6000
3858.2720	74.7700	3.2000
3922.9376	74.2200	5.6000
3988.6870	74.1100	7.9000
4055.5384	74.3000	8.5000
4123.5102	74.5300	7.2000
4192.6212	74.7200	5.2000
4262.8906	74.9700	2.8000
4334.3377	75.3300	-0.3000
4406.9822	75.7900	-4.8000
4480.8443	76.2300	-11.0000
4555.9444	76.5700	-18.9000
4632.3031	76.7200	-27.9000
4709.9417	76.6500	-37.7000
4788.8814	76.3500	-47.6000
4869.1443	75.8100	-56.9000
4950.7523	75.1500	-64.2000
5033.7281	74.7700	-69.2000
5118.0947	75.0600	-75.2000
5203.8752	75.6400	-87.1000
5291.0934	75.5800	-105.1000
5379.7734	74.3400	-123.9000
5469.9397	72.2400	-138.0000
5561.6173	70.2100	-145.8000
5654.8313	68.7100	-152.3000
5749.6077	67.2400	-160.6000
5845.9725	65.4600	-169.0000
5943.9525	63.4400	-176.2000
6043.5746	61.0700	177.8000
6144.8664	58.0200	176.0000
6247.8558	55.0900	-173.9000
6352.5714	54.8400	-156.1000
6459.0421	56.0900	-153.5000
6567.2972	56.4900	-160.6000
6677.3667	55.8600	-167.9000
6789.2810	55.0400	-170.7000
6903.0710	54.8800	-171.5000
7018.7682	55.3700	-174.7000
7136.4045	56.2100	175.3000
7256.0123	57.1500	165.2000
7377.6249	58.0700	147.0000
7501.2757	58.7500	121.7000
7626.9989	58.7700	88.4000
7754.8293	57.5400	50.6000
7884.8021	55.1900	17.8000
8016.9533	53.3300	-4.3000
8151.3194	53.0100	-22.6000
8287.9375	53.7800	-41.4000
8426.8454	55.3700	-64.5000
8568.0814	56.6100	-93.1000
8711.6845	56.9000	-120.4000
8857.6945	56.6900	-143.4000
9006.1516	56.2300	-163.1000
9157.0969	55.6200	158.4000
9310.5721	53.1000	154.7000
9466.6196	49.7500	157.3000
9625.2825	50.9900	158.4000
9786.6046	50.6600	144.8000
9950.6305	49.6800	143.0000
10117.4050	50.2700	143.0000
10286.9760	51.0200	137.9000
10459.3880	51.9900	131.6000
10634.6900	53.0300	119.9000
10812.9300	53.4400	105.7000
10994.1570	53.6900	92.8000
11178.4220	54.0600	78.4000
11365.7750	54.2000	62.0000
11556.2680	54.4400	45.7000
11749.9540	54.9800	27.2000
11946.8860	55.4000	5.5000
12147.1190	55.2400	-16.8000
12350.7080	54.5400	-40.0000
12557.7080	52.8600	-62.6000
12768.1790	51.0400	-76.9000
12982.1770	51.2400	-88.7000
13199.7610	51.6100	-108.6000
13420.9920	51.6200	-128.9000
13645.9310	51.3700	-151.7000
13874.6410	51.1000	-178.2000
14107.1830	51.1100	159.2000
14343.6230	50.9300	132.8000
14584.0250	49.8000	106.3000
14828.4570	48.1600	80.4000
15076.9860	46.5800	53.7000
15329.6800	44.9200	27.3000
15586.6090	42.8200	0.0000
15847.8440	40.9800	-30.2000
16113.4580	40.3300	-82.6000
16383.5240	38.2600	-151.9000
16658.1150	36.9500	148.6000
16937.3100	35.8300	100.2000
17221.1830	35.1500	79.7000
17509.8140	35.8500	75.3000
17803.2830	38.6200	56.4000
18101.6700	41.5900	17.4000
18405.0590	42.3100	-19.1000
18713.5320	42.2500	-52.3000
19027.1760	41.7400	-89.7000
19346.0760	40.7900	-149.5000
19670.3210	38.4600	148.7000
20000.0000	35.5300	104.4000