19.8660	83.3100	31.2000
20.1989	83.2500	31.5000
20.5375	83.1700	31.8000
20.8817	83.0900	32.1000
21.2317	83.0100	32.4000
21.5875	82.9700	32.7000
21.9493	82.9800	33.1000
22.3172	83.0900	33.4000
22.6913	83.3200	33.7000
23.0716	83.6300	34.0000
23.4583	83.9700	34.3000
23.8514	84.3200	34.6000
24.2512	84.6700	34.8000
24.6576	84.9800	35.1000
25.0709	85.2000	35.4000
25.4911	85.3500	35.7000
25.9183	85.4600	36.0000
26.3527	85.5700	36.3000
26.7944	85.6800	36.5000
27.2435	85.8000	36.8000
27.7001	85.9400	37.1000
28.1644	86.0900	37.3000
28.6364	86.2700	37.6000
29.1164	86.4700	37.8000
29.6044	86.6600	38.1000
30.1005	86.8500	38.3000
30.6050	87.0300	38.5000
31.1180	87.2000	38.8000
31.6395	87.3600	39.0000
32.1698	87.5200	39.2000
32.7090	87.6900	39.4000
33.2572	87.8700	39.6000
33.8146	88.0500	39.8000
34.3813	88.2200	40.0000
34.9576	88.3900	40.2000
35.5435	88.5700	40.3000
36.1392	88.7600	40.5000
36.7449	88.9600	40.7000
37.3607	89.1800	40.8000
37.9869	89.3900	41.0000
38.6236	89.5900	41.1000
39.2709	89.7700	41.2000
39.9291	89.9500	41.4000
40.5983	90.1300	41.5000
41.2788	90.3100	41.6000
41.9706	90.4600	41.7000
42.6741	90.4900	41.8000
43.3893	90.4100	41.8000
44.1165	90.2200	41.9000
44.8559	90.0200	41.9000
45.6077	89.9500	42.0000
46.3721	90.0100	42.1000
47.1493	90.0600	42.1000
47.9395	90.0400	42.1000
48.7430	90.0100	42.1000
49.5600	89.9900	42.1000
50.3906	89.9800	42.1000
51.2351	89.9500	42.1000
52.0939	89.9000	42.1000
52.9670	89.8600	42.0000
53.8547	89.8500	42.0000
54.7573	89.8500	41.9000
55.6751	89.8900	41.8000
56.6082	89.9900	41.7000
57.5570	90.1000	41.6000
58.5216	90.2400	41.6000
59.5025	90.4700	41.5000
60.4997	90.5300	41.3000
61.5137	90.4500	41.2000
62.5447	90.4500	41.0000
63.5930	90.4900	40.9000
64.6588	90.5400	40.7000
65.7425	90.6200	40.5000
66.8444	90.7400	40.4000
67.9647	90.8900	40.2000
69.1038	91.0600	40.0000
70.2620	91.2100	39.7000
71.4396	91.3400	39.5000
72.6370	91.4500	39.3000
73.8544	91.5600	39.0000
75.0922	91.6500	38.7000
76.3508	91.7100	38.4000
77.6304	91.7500	38.1000
78.9315	91.8200	37.8000
80.2544	91.9200	37.5000
81.5995	92.0100	37.2000
82.9672	92.0900	36.8000
84.3577	92.1500	36.5000
85.7716	92.1700	36.1000
87.2091	92.1700	35.7000
88.6707	92.1500	35.3000
90.1569	92.2000	34.9000
91.6680	92.3700	34.5000
93.2043	92.5600	34.0000
94.7665	92.6700	33.6000
96.3548	92.6800	33.1000
97.9697	92.6100	32.6000
99.6117	92.4800	32.1000
101.2812	92.3500	31.6000
102.9787	92.2400	31.1000
104.7047	92.1700	30.6000
106.4595	92.1600	30.0000
108.2438	92.2000	29.5000
110.0580	92.2800	28.9000
111.9026	92.3600	28.3000
113.7781	92.4300	27.7000
115.6851	92.4700	27.1000
117.6240	92.4600	26.4000
119.5954	92.2900	25.8000
121.5998	92.0900	25.1000
123.6379	91.8900	24.5000
125.7101	91.6600	23.8000
127.8170	91.5000	23.1000
129.9592	91.4300	22.4000
132.1374	91.4200	21.6000
134.3520	91.4300	20.9000
136.6038	91.4100	20.1000
138.8933	91.3600	19.4000
141.2212	91.3100	18.6000
143.5881	91.2700	17.8000
145.9947	91.2400	17.0000
148.4416	91.2600	16.1000
150.9295	91.3500	15.3000
153.4591	91.4800	14.5000
156.0312	91.6300	13.6000
158.6463	91.6400	12.7000
161.3052	91.5100	11.8000
164.0087	91.2800	10.9000
166.7576	91.0200	10.0000
169.5525	90.7600	9.1000
172.3942	90.6400	8.2000
175.2836	90.6700	7.2000
178.2214	90.7800	6.3000
181.2084	90.9100	5.3000
184.2455	91.0100	4.3000
187.3335	91.1000	3.3000
190.4733	91.1500	2.3000
193.6656	91.1600	1.3000
196.9115	91.1300	0.3000
200.2118	91.0400	-0.7000
203.5674	90.9500	-1.8000
206.9792	90.9100	-2.8000
210.4483	90.9300	-3.9000
213.9754	90.9900	-4.9000
217.5617	91.1100	-6.0000
221.2081	91.2500	-7.0000
224.9156	91.3500	-8.1000
228.6852	91.3700	-9.2000
232.5181	91.3300	-10.2000
236.4151	91.2600	-11.3000
240.3775	91.2000	-12.4000
244.4063	91.1500	-13.4000
248.5026	91.0800	-14.5000
252.6676	91.0300	-15.6000
256.9023	91.0100	-16.6000
261.2081	90.9600	-17.7000
265.5860	90.8200	-18.7000
270.0373	90.6500	-19.8000
274.5632	90.5100	-20.8000
279.1649	90.4200	-21.8000
283.8438	90.3700	-22.8000
288.6011	90.3100	-23.8000
293.4381	90.2700	-24.8000
298.3562	90.2600	-25.8000
303.3567	90.2700	-26.7000
308.4410	90.3200	-27.7000
313.6106	90.3900	-28.6000
318.8668	90.4300	-29.5000
324.2111	90.4000	-30.4000
329.6449	90.2900	-31.2000
335.1698	90.1200	-32.0000
340.7874	89.9800	-32.9000
346.4991	89.8700	-33.7000
352.3065	89.7700	-34.4000
358.2112	89.6900	-35.2000
364.2149	89.7800	-35.8000
370.3193	89.9600	-36.2000
376.5259	90.1600	-36.5000
382.8366	90.0100	-36.8000
389.2530	89.9000	-37.1000
395.7770	89.8700	-37.4000
402.4103	89.9200	-37.6000
409.1548	89.8900	-37.8000
416.0123	89.7500	-38.0000
422.9848	89.5000	-38.1000
430.0741	89.3000	-38.1000
437.2823	89.2600	-38.2000
444.6112	89.3700	-38.1000
452.0630	89.5900	-38.1000
459.6397	89.7400	-38.0000
467.3434	89.7300	-37.9000
475.1762	89.6500	-37.8000
483.1402	89.5900	-37.7000
491.2378	89.5700	-37.6000
499.4710	89.5900	-37.6000
507.8423	89.6500	-37.6000
516.3539	89.7400	-37.6000
525.0081	89.8500	-37.8000
533.8074	89.9800	-38.0000
542.7541	90.1200	-38.3000
551.8508	90.2800	-38.7000
561.0999	90.4400	-39.3000
570.5041	90.6100	-40.0000
580.0659	90.7900	-40.9000
589.7879	90.9700	-41.9000
599.6729	91.1400	-43.0000
609.7236	91.3100	-44.3000
619.9427	91.4800	-45.7000
630.3331	91.6400	-47.3000
640.8976	91.7800	-49.0000
651.6392	91.9200	-50.8000
662.5609	92.0400	-52.7000
673.6656	92.1400	-54.6000
684.9564	92.2300	-56.7000
696.4364	92.2900	-58.8000
708.1088	92.3400	-60.9000
719.9769	92.3800	-63.1000
732.0439	92.3900	-65.3000
744.3131	92.3900	-67.4000
756.7880	92.3700	-69.5000
769.4720	92.3400	-71.5000
782.3685	92.2900	-73.5000
795.4812	92.2400	-75.4000
808.8137	92.1800	-77.3000
822.3696	92.1200	-79.0000
836.1527	92.0500	-80.7000
850.1668	91.9900	-82.4000
864.4158	91.9300	-83.9000
878.9036	91.8700	-85.5000
893.6343	91.8100	-87.0000
908.6118	91.7600	-88.4000
923.8404	91.7100	-89.9000
939.3242	91.6600	-91.2000
955.0675	91.6100	-92.6000
971.0746	91.5700	-93.8000
987.3501	91.5300	-94.9000
1003.8983	91.4900	-96.0000
1020.7239	91.4800	-96.9000
1037.8315	91.4800	-97.7000
1055.2258	91.5100	-98.5000
1072.9116	91.5700	-99.1000
1090.8939	91.6800	-99.8000
1109.1775	91.8200	-100.4000
1127.7676	92.0000	-101.2000
1146.6693	92.2100	-102.1000
1165.8877	92.4500	-103.1000
1185.4283	92.7200	-104.3000
1205.2964	93.0100	-105.6000
1225.4974	93.3200	-107.1000
1246.0371	93.6600	-108.6000
1266.9209	94.0400	-110.2000
1288.1549	94.4700	-111.9000
1309.7446	94.9700	-113.8000
1331.6963	95.5300	-116.0000
1354.0158	96.1600	-118.8000
1376.7095	96.8500	-122.3000
1399.7835	97.5800	-126.5000
1423.2442	98.3100	-131.7000
1447.0981	99.0300	-137.9000
1471.3518	99.7100	-144.9000
1496.0120	100.3100	-152.8000
1521.0856	100.8300	-161.6000
1546.5793	101.2300	-171.0000
1572.5004	101.5100	125.2000
1598.8559	101.6500	168.3000
1625.6531	101.6200	157.3000
1652.8994	101.4300	146.1000
1680.6024	101.0500	134.7000
1708.7697	100.4500	123.4000
1737.4091	99.6300	112.5000
1766.5285	98.5700	102.3000
1796.1360	97.2700	93.5000
1826.2397	95.7600	86.7000
1856.8479	94.1700	82.9000
1887.9691	92.7300	82.4000
1919.6120	91.7400	84.6000
1951.7851	91.3700	87.2000
1984.4975	91.4800	87.6000
2017.7582	91.7700	85.1000
2051.5763	91.9900	80.1000
2085.9612	91.9900	73.4000
2120.9224	91.7500	66.0000
2156.4696	91.2800	58.8000
2192.6126	90.6400	52.2000
2229.3613	89.9100	46.6000
2266.7259	89.1600	42.0000
2304.7168	88.4600	38.1000
2343.3444	87.8400	34.8000
2382.6195	87.3000	31.8000
2422.5528	86.8400	28.8000
2463.1553	86.4700	25.7000
2504.4384	86.1700	22.3000
2546.4134	85.9300	18.4000
2589.0919	85.6900	13.7000
2632.4858	85.3900	8.4000
2676.6069	85.0000	2.8000
2721.4674	84.4900	-2.7000
2767.0799	83.8700	-7.6000
2813.4568	83.2300	-11.4000
2860.6111	82.6600	-14.1000
2908.5556	82.2900	-15.6000
2957.3037	82.2600	-17.0000
3006.8689	82.5900	-19.5000
3057.2647	83.1800	-24.7000
3108.5052	83.7800	-33.2000
3160.6045	84.1700	-44.6000
3213.5770	84.1800	-58.2000
3267.4374	83.7200	-72.7000
3322.2004	82.7800	-86.8000
3377.8813	81.4300	-99.0000
3434.4954	79.8900	-108.2000
3492.0584	78.4900	-114.3000
3550.5862	77.5000	-119.1000
3610.0949	76.9100	-125.2000
3670.6009	76.4400	-134.0000
3732.1211	75.8200	-145.2000
3794.6724	74.9300	-158.3000
3858.2720	73.6800	-172.2000
3922.9376	71.9300	171.9000
3988.6870	69.5600	156.9000
4055.5384	66.6200	144.5000
4123.5102	63.3900	135.8000
4192.6212	60.0900	129.4000
4262.8906	56.3000	125.8000
4334.3377	52.2300	133.9000
4406.9822	51.8300	151.7000
4480.8443	54.2900	142.4000
4555.9444	55.3200	106.4000
4632.3031	54.5700	54.7000
4709.9417	52.4800	-9.3000
4788.8814	49.9400	-86.5000
4869.1443	49.2100	161.1000
4950.7523	52.0200	100.4000
5033.7281	55.6900	43.0000
5118.0947	58.3400	3.6000
5203.8752	59.9300	-24.6000
5291.0934	60.8800	-45.2000
5379.7734	61.5400	-60.7000
5469.9397	62.1600	-72.8000
5561.6173	62.9500	-83.0000
5654.8313	64.0300	-93.6000
5749.6077	65.2500	-106.9000
5845.9725	66.3100	-123.2000
5943.9525	67.0500	-141.6000
6043.5746	67.4900	-161.4000
6144.8664	67.6000	103.9000
6247.8558	67.4000	156.5000
6352.5714	66.9000	135.2000
6459.0421	66.2100	113.7000
6567.2972	65.2200	90.5000
6677.3667	63.4300	66.5000
6789.2810	60.9600	46.7000
6903.0710	58.8400	29.8000
7018.7682	57.0500	4.5000
7136.4045	54.1600	-40.5000
7256.0123	49.4400	-126.3000
7377.6249	49.3800	125.0000
7501.2757	52.3800	29.6000
7626.9989	52.5700	-24.6000
7754.8293	50.7600	-60.1000
7884.8021	48.1200	-80.5000
8016.9533	45.7200	-84.7000
8151.3194	46.2700	-75.9000
8287.9375	49.4800	-82.0000
8426.8454	51.5200	-98.8000
8568.0814	52.8100	-112.9000
8711.6845	54.4800	-125.3000
8857.6945	56.5800	-139.8000
9006.1516	59.8400	-160.7000
9157.0969	62.2600	161.6000
9310.5721	61.3000	117.1000
9466.6196	59.0400	93.8000
9625.2825	58.0500	79.0000
9786.6046	57.9400	63.6000
9950.6305	58.2000	42.6000
10117.4050	57.8900	16.1000
10286.9760	56.9500	-11.5000
10459.3880	55.8500	-39.4000
10634.6900	54.7300	-69.5000
10812.9300	53.5000	-101.1000
10994.1570	52.4100	-134.2000
11178.4220	51.3300	-171.2000
11365.7750	50.1500	155.5000
11556.2680	49.7300	125.0000
11749.9540	50.5700	82.2000
11946.8860	47.9100	32.0000
12147.1190	42.4200	14.2000
12350.7080	41.0800	34.1000
12557.7080	44.6500	36.8000
12768.1790	46.9300	16.5000
12982.1770	47.1600	-5.1000
13199.7610	46.7500	-25.1000
13420.9920	45.2800	-42.3000
13645.9310	44.1500	-45.7000
13874.6410	44.6900	-48.0000
14107.1830	45.9600	-56.9000
14343.6230	46.9300	-70.0000
14584.0250	48.4100	-89.0000
14828.4570	49.2900	-116.4000
15076.9860	48.7900	-147.0000
15329.6800	46.9500	-170.4000
15586.6090	45.0900	168.2000
15847.8440	43.3000	144.5000
16113.4580	39.8600	113.6000
16383.5240	36.7000	80.1000
16658.1150	37.3700	-4.1000
16937.3100	41.2300	-100.6000
17221.1830	42.8500	-164.0000
17509.8140	42.3700	167.6000
17803.2830	42.5300	153.7000
18101.6700	43.7700	131.7000
18405.0590	44.1200	106.5000
18713.5320	44.4200	77.1000
19027.1760	44.6800	48.4000
19346.0760	44.7600	22.2000
19670.3210	44.4100	2.1000
20000.0000	44.2700	-13.0000