19.8660	86.4000	11.8000
20.1989	86.5800	11.9000
20.5375	86.7600	12.1000
20.8817	86.9400	12.3000
21.2317	87.1300	12.4000
21.5875	87.3100	12.6000
21.9493	87.5000	12.8000
22.3172	87.6800	13.0000
22.6913	87.8500	13.2000
23.0716	88.0300	13.4000
23.4583	88.2000	13.6000
23.8514	88.3800	13.8000
24.2512	88.5400	14.0000
24.6576	88.6700	14.2000
25.0709	88.7400	14.4000
25.4911	88.7800	14.6000
25.9183	88.8200	14.8000
26.3527	88.8600	15.0000
26.7944	88.9300	15.2000
27.2435	89.0300	15.4000
27.7001	89.1400	15.6000
28.1644	89.2400	15.8000
28.6364	89.3500	16.1000
29.1164	89.4500	16.3000
29.6044	89.5500	16.5000
30.1005	89.6400	16.7000
30.6050	89.7400	17.0000
31.1180	89.8500	17.2000
31.6395	89.9800	17.4000
32.1698	90.1100	17.6000
32.7090	90.2300	17.8000
33.2572	90.3500	18.0000
33.8146	90.4700	18.2000
34.3813	90.6000	18.5000
34.9576	90.7300	18.7000
35.5435	90.8600	19.0000
36.1392	91.0000	19.2000
36.7449	91.1300	19.4000
37.3607	91.2600	19.6000
37.9869	91.3800	19.9000
38.6236	91.5000	20.1000
39.2709	91.6100	20.3000
39.9291	91.6900	20.5000
40.5983	91.7500	20.7000
41.2788	91.7600	21.0000
41.9706	91.7500	21.2000
42.6741	91.7000	21.4000
43.3893	91.6200	21.7000
44.1165	91.5300	21.9000
44.8559	91.4500	22.1000
45.6077	91.3900	22.3000
46.3721	91.3500	22.5000
47.1493	91.3300	22.7000
47.9395	91.2900	22.9000
48.7430	91.2200	23.1000
49.5600	91.1200	23.3000
50.3906	90.9800	23.5000
51.2351	90.8100	23.8000
52.0939	90.6800	24.0000
52.9670	90.5700	24.1000
53.8547	90.4900	24.3000
54.7573	90.4000	24.5000
55.6751	90.3400	24.7000
56.6082	90.3200	24.9000
57.5570	90.3300	25.1000
58.5216	90.3900	25.2000
59.5025	90.4800	25.4000
60.4997	90.4500	25.6000
61.5137	90.3000	25.7000
62.5447	90.2100	25.9000
63.5930	90.1600	26.1000
64.6588	90.1300	26.2000
65.7425	90.1700	26.3000
66.8444	90.2500	26.4000
67.9647	90.3600	26.6000
69.1038	90.4700	26.7000
70.2620	90.5400	26.8000
71.4396	90.5700	26.9000
72.6370	90.5800	27.0000
73.8544	90.5900	27.1000
75.0922	90.5800	27.2000
76.3508	90.5700	27.3000
77.6304	90.5600	27.3000
78.9315	90.5600	27.4000
80.2544	90.5500	27.5000
81.5995	90.5200	27.5000
82.9672	90.4700	27.5000
84.3577	90.4100	27.6000
85.7716	90.3600	27.6000
87.2091	90.3300	27.6000
88.6707	90.3300	27.6000
90.1569	90.3600	27.6000
91.6680	90.4400	27.6000
93.2043	90.5400	27.6000
94.7665	90.6100	27.6000
96.3548	90.6200	27.6000
97.9697	90.5300	27.5000
99.6117	90.3700	27.5000
101.2812	90.1500	27.4000
102.9787	89.9200	27.4000
104.7047	89.7500	27.3000
106.4595	89.6900	27.2000
108.2438	89.6900	27.1000
110.0580	89.7500	26.9000
111.9026	89.8200	26.8000
113.7781	89.8800	26.7000
115.6851	89.8600	26.6000
117.6240	89.7500	26.5000
119.5954	89.5400	26.3000
121.5998	89.2800	26.1000
123.6379	89.0100	26.0000
125.7101	88.8000	25.8000
127.8170	88.6700	25.6000
129.9592	88.6300	25.4000
132.1374	88.6200	25.2000
134.3520	88.6000	25.0000
136.6038	88.5300	24.8000
138.8933	88.4700	24.5000
141.2212	88.4200	24.3000
143.5881	88.3700	24.1000
145.9947	88.3300	23.8000
148.4416	88.3300	23.6000
150.9295	88.3600	23.3000
153.4591	88.3700	23.1000
156.0312	88.3500	22.8000
158.6463	88.3000	22.5000
161.3052	88.2100	22.2000
164.0087	88.1100	22.0000
166.7576	87.9800	21.7000
169.5525	87.8000	21.4000
172.3942	87.6600	21.2000
175.2836	87.6200	20.9000
178.2214	87.6400	20.6000
181.2084	87.6900	20.3000
184.2455	87.7400	20.0000
187.3335	87.7900	19.8000
190.4733	87.8400	19.5000
193.6656	87.8700	19.3000
196.9115	87.8300	19.1000
200.2118	87.7200	18.8000
203.5674	87.6200	18.6000
206.9792	87.5800	18.4000
210.4483	87.6000	18.2000
213.9754	87.6700	18.1000
217.5617	87.7800	17.9000
221.2081	87.9400	17.8000
224.9156	88.0700	17.7000
228.6852	88.1000	17.6000
232.5181	88.0600	17.5000
236.4151	87.9800	17.5000
240.3775	87.9400	17.5000
244.4063	87.9400	17.5000
248.5026	87.9900	17.6000
252.6676	88.0900	17.7000
256.9023	88.1500	17.9000
261.2081	88.1100	18.0000
265.5860	87.9800	18.2000
270.0373	87.8300	18.5000
274.5632	87.7200	18.8000
279.1649	87.6900	19.2000
283.8438	87.6800	19.5000
288.6011	87.6800	19.9000
293.4381	87.6900	20.4000
298.3562	87.7100	20.9000
303.3567	87.7700	21.4000
308.4410	87.8800	21.9000
313.6106	88.0100	22.4000
318.8668	88.1000	23.0000
324.2111	88.1100	23.5000
329.6449	88.0700	24.1000
335.1698	88.0500	24.6000
340.7874	88.0700	25.2000
346.4991	88.1000	25.6000
352.3065	88.1200	26.1000
358.2112	88.1500	26.5000
364.2149	88.2300	26.9000
370.3193	88.3100	27.2000
376.5259	88.3600	27.5000
382.8366	88.4300	27.8000
389.2530	88.5100	28.1000
395.7770	88.6600	28.3000
402.4103	88.8700	28.5000
409.1548	89.0200	28.7000
416.0123	89.0800	28.8000
422.9848	89.1500	28.8000
430.0741	89.3000	28.6000
437.2823	89.5200	28.4000
444.6112	89.8200	28.1000
452.0630	90.1500	27.7000
459.6397	90.4100	27.3000
467.3434	90.5700	26.8000
475.1762	90.6400	26.2000
483.1402	90.6600	25.5000
491.2378	90.6800	24.8000
499.4710	90.7200	24.1000
507.8423	90.7700	23.3000
516.3539	90.8200	22.5000
525.0081	90.8600	21.7000
533.8074	90.8800	20.9000
542.7541	90.8900	20.1000
551.8508	90.8800	19.2000
561.0999	90.8500	18.5000
570.5041	90.8100	17.7000
580.0659	90.7500	17.1000
589.7879	90.6700	16.5000
599.6729	90.5800	16.0000
609.7236	90.4700	15.7000
619.9427	90.3400	15.5000
630.3331	90.2100	15.5000
640.8976	90.0700	15.7000
651.6392	89.9400	16.2000
662.5609	89.8000	16.9000
673.6656	89.6800	17.8000
684.9564	89.5900	19.0000
696.4364	89.5200	20.5000
708.1088	89.5100	22.2000
719.9769	89.5400	24.1000
732.0439	89.6400	26.0000
744.3131	89.8000	28.0000
756.7880	90.0300	29.8000
769.4720	90.3200	31.5000
782.3685	90.6700	32.9000
795.4812	91.0700	33.9000
808.8137	91.5000	34.5000
822.3696	91.9600	34.7000
836.1527	92.4400	34.5000
850.1668	92.9200	33.9000
864.4158	93.3900	32.8000
878.9036	93.8500	31.3000
893.6343	94.2900	29.4000
908.6118	94.7000	27.2000
923.8404	95.0900	24.6000
939.3242	95.4300	21.7000
955.0675	95.7400	18.5000
971.0746	96.0100	15.0000
987.3501	96.2300	11.3000
1003.8983	96.4000	7.3000
1020.7239	96.5100	3.1000
1037.8315	96.5700	-1.3000
1055.2258	96.5600	-5.8000
1072.9116	96.4800	-10.5000
1090.8939	96.3300	-15.3000
1109.1775	96.1000	-20.1000
1127.7676	95.7800	-25.1000
1146.6693	95.3700	-30.0000
1165.8877	94.8500	-34.8000
1185.4283	94.2200	-39.4000
1205.2964	93.4700	-43.8000
1225.4974	92.5700	-47.8000
1246.0371	91.5300	-51.1000
1266.9209	90.3200	-53.3000
1288.1549	88.9700	-54.1000
1309.7446	87.5100	-52.7000
1331.6963	86.0800	-48.4000
1354.0158	84.8900	-41.0000
1376.7095	84.2100	-31.4000
1399.7835	84.2100	-21.7000
1423.2442	84.7300	-14.3000
1447.0981	85.4900	-10.2000
1471.3518	86.2400	-9.0000
1496.0120	86.8300	-10.1000
1521.0856	87.2100	-12.7000
1546.5793	87.3300	-16.1000
1572.5004	87.2100	-19.8000
1598.8559	86.8300	-23.3000
1625.6531	86.2100	-26.0000
1652.8994	85.4100	-27.3000
1680.6024	84.5200	-26.6000
1708.7697	83.7000	-23.7000
1737.4091	83.1500	-19.1000
1766.5285	82.9700	-14.0000
1796.1360	83.1000	-10.1000
1826.2397	83.3800	-8.2000
1856.8479	83.6100	-8.1000
1887.9691	83.6500	-9.3000
1919.6120	83.4600	-10.8000
1951.7851	83.0300	-11.8000
1984.4975	82.4600	-11.5000
2017.7582	81.8800	-9.3000
2051.5763	81.4500	-5.7000
2085.9612	81.3000	-1.3000
2120.9224	81.4200	2.8000
2156.4696	81.7400	5.8000
2192.6126	82.1700	7.5000
2229.3613	82.6400	7.8000
2266.7259	83.1100	6.7000
2304.7168	83.5300	4.1000
2343.3444	83.8100	0.0000
2382.6195	83.8700	-5.4000
2422.5528	83.6200	-11.7000
2463.1553	82.9600	-18.0000
2504.4384	81.8900	-23.2000
2546.4134	80.4700	-25.6000
2589.0919	78.9900	-23.6000
2632.4858	77.9600	-17.5000
2676.6069	77.7300	-10.7000
2721.4674	78.1100	-7.4000
2767.0799	78.5500	-8.5000
2813.4568	78.6700	-13.0000
2860.6111	78.3400	-19.1000
2908.5556	77.5200	-25.5000
2957.3037	76.2400	-30.8000
3006.8689	74.5800	-34.0000
3057.2647	72.7000	-33.7000
3108.5052	70.9300	-29.4000
3160.6045	69.6600	-22.7000
3213.5770	68.9500	-16.8000
3267.4374	68.4100	-13.9000
3322.2004	67.6000	-13.6000
3377.8813	66.2800	-13.8000
3434.4954	64.4400	-11.6000
3492.0584	62.3300	-4.1000
3550.5862	60.6800	10.1000
3610.0949	60.4100	26.8000
3670.6009	61.3000	37.5000
3732.1211	62.2300	39.5000
3794.6724	62.4300	36.9000
3858.2720	61.9000	33.9000
3922.9376	61.0700	33.2000
3988.6870	60.4500	33.2000
4055.5384	59.9200	30.0000
4123.5102	58.8800	23.0000
4192.6212	57.0100	14.7000
4262.8906	54.4100	7.2000
4334.3377	51.3100	-0.4000
4406.9822	47.7800	-10.3000
4480.8443	44.5100	-22.7000
4555.9444	44.1500	-40.6000
4632.3031	47.4800	-69.3000
4709.9417	51.7800	-104.1000
4788.8814	54.7900	-139.7000
4869.1443	55.8700	-168.7000
4950.7523	55.2900	153.7000
5033.7281	53.9500	127.2000
5118.0947	53.6000	107.0000
5203.8752	55.3900	87.0000
5291.0934	58.2100	63.6000
5379.7734	60.7700	39.9000
5469.9397	62.6400	19.3000
5561.6173	63.8800	2.5000
5654.8313	64.5200	-11.1000
5749.6077	64.6800	-19.0000
5845.9725	65.4600	-21.5000
5943.9525	67.0600	-30.0000
6043.5746	67.5800	-47.1000
6144.8664	66.0100	-61.5000
6247.8558	63.8100	-62.4000
6352.5714	62.9500	-57.5000
6459.0421	62.2400	-56.6000
6567.2972	61.0600	-52.5000
6677.3667	60.6300	-43.3000
6789.2810	61.1200	-37.5000
6903.0710	61.4700	-37.8000
7018.7682	61.1800	-38.4000
7136.4045	60.7700	-36.2000
7256.0123	60.7300	-33.6000
7377.6249	60.8500	-33.6000
7501.2757	60.6800	-36.8000
7626.9989	59.9400	-40.4000
7754.8293	58.9000	-42.4000
7884.8021	57.8500	-43.0000
8016.9533	57.0200	-43.1000
8151.3194	56.3800	-45.7000
8287.9375	55.2100	-52.8000
8426.8454	52.7500	-58.9000
8568.0814	49.7700	-56.7000
8711.6845	47.5000	-52.3000
8857.6945	44.9900	-51.9000
9006.1516	41.7400	-48.4000
9157.0969	38.5000	-37.9000
9310.5721	37.3800	-15.4000
9466.6196	40.2900	-43.0000
9625.2825	40.5200	-149.2000
9786.6046	42.5400	108.9000
9950.6305	41.2400	39.3000
10117.4050	37.5100	37.4000
10286.9760	37.8100	49.8000
10459.3880	37.7800	49.7000
10634.6900	35.7600	53.9000
10812.9300	33.4000	88.6000
10994.1570	37.3700	125.0000
11178.4220	41.5100	131.0000
11365.7750	44.3400	126.7000
11556.2680	46.1900	113.2000
11749.9540	46.0800	100.5000
11946.8860	45.5900	99.2000
12147.1190	45.6100	96.6000
12350.7080	45.3300	79.6000
12557.7080	42.7600	46.1000
12768.1790	38.5900	25.1000
12982.1770	36.2900	24.0000
13199.7610	33.0100	27.3000
13420.9920	31.5100	19.3000
13645.9310	26.8700	2.3000
13874.6410	28.1100	20.3000
14107.1830	32.7700	26.3000
14343.6230	33.5500	15.4000
14584.0250	32.5500	-27.3000
14828.4570	32.7000	-140.7000
15076.9860	35.5000	145.3000
15329.6800	36.0800	115.2000
15586.6090	35.6200	127.3000
15847.8440	35.4200	133.5000
16113.4580	34.1300	104.7000
16383.5240	33.9300	22.3000
16658.1150	33.4700	-58.7000
16937.3100	31.7100	-133.1000
17221.1830	31.5100	41.3000
17509.8140	29.7300	-64.3000
17803.2830	30.2300	-43.6000
18101.6700	33.5500	67.3000
18405.0590	35.1800	3.9000
18713.5320	33.5700	-70.7000
19027.1760	30.3900	103.4000
19346.0760	26.6500	50.6000
19670.3210	24.7600	-48.9000
20000.0000	25.9500	-107.0000