19.8660	80.5800	16.8000
20.1989	81.0100	17.0000
20.5375	81.4800	17.2000
20.8817	81.9900	17.4000
21.2317	82.4800	17.7000
21.5875	82.8700	17.9000
21.9493	83.1100	18.1000
22.3172	83.2300	18.4000
22.6913	83.3000	18.6000
23.0716	83.3500	18.9000
23.4583	83.4400	19.1000
23.8514	83.5800	19.4000
24.2512	83.7700	19.6000
24.6576	83.9700	19.9000
25.0709	84.1300	20.2000
25.4911	84.2600	20.4000
25.9183	84.3800	20.7000
26.3527	84.5200	21.0000
26.7944	84.7000	21.3000
27.2435	84.9200	21.5000
27.7001	85.1400	21.8000
28.1644	85.3300	22.0000
28.6364	85.5000	22.3000
29.1164	85.6600	22.5000
29.6044	85.8100	22.8000
30.1005	85.9700	23.1000
30.6050	86.1500	23.4000
31.1180	86.3800	23.6000
31.6395	86.6300	23.9000
32.1698	86.8800	24.2000
32.7090	87.0900	24.4000
33.2572	87.2800	24.7000
33.8146	87.4800	24.9000
34.3813	87.7000	25.2000
34.9576	87.9500	25.4000
35.5435	88.1900	25.7000
36.1392	88.4200	25.9000
36.7449	88.6300	26.2000
37.3607	88.8100	26.4000
37.9869	88.9900	26.7000
38.6236	89.1800	26.9000
39.2709	89.3200	27.2000
39.9291	89.3300	27.5000
40.5983	89.2200	27.7000
41.2788	88.9800	27.9000
41.9706	88.6700	28.2000
42.6741	88.5400	28.4000
43.3893	88.6200	28.6000
44.1165	88.9700	28.9000
44.8559	89.4000	29.1000
45.6077	89.5500	29.3000
46.3721	89.3800	29.5000
47.1493	89.2200	29.7000
47.9395	89.2000	29.9000
48.7430	89.2100	30.1000
49.5600	89.1600	30.3000
50.3906	89.0800	30.5000
51.2351	88.9800	30.7000
52.0939	88.9100	30.8000
52.9670	88.8500	31.0000
53.8547	88.7900	31.2000
54.7573	88.7700	31.3000
55.6751	88.7600	31.5000
56.6082	88.7400	31.6000
57.5570	88.7500	31.8000
58.5216	88.8600	31.9000
59.5025	89.0200	32.0000
60.4997	89.0700	32.2000
61.5137	89.0000	32.3000
62.5447	88.9300	32.4000
63.5930	88.9100	32.5000
64.6588	88.9200	32.6000
65.7425	88.9400	32.7000
66.8444	89.0000	32.7000
67.9647	89.0700	32.8000
69.1038	89.1400	32.8000
70.2620	89.1700	32.9000
71.4396	89.1700	32.9000
72.6370	89.1400	33.0000
73.8544	89.1100	33.0000
75.0922	89.0800	33.0000
76.3508	89.0700	33.0000
77.6304	89.0400	33.0000
78.9315	89.0300	33.0000
80.2544	89.0400	32.9000
81.5995	89.0500	32.9000
82.9672	89.0300	32.9000
84.3577	89.0000	32.8000
85.7716	88.9900	32.7000
87.2091	89.0200	32.6000
88.6707	89.1300	32.5000
90.1569	89.2400	32.4000
91.6680	89.2400	32.3000
93.2043	89.2200	32.2000
94.7665	89.2200	32.1000
96.3548	89.1800	31.9000
97.9697	89.0600	31.8000
99.6117	88.8700	31.6000
101.2812	88.6700	31.4000
102.9787	88.5000	31.2000
104.7047	88.3900	31.0000
106.4595	88.3500	30.8000
108.2438	88.3400	30.6000
110.0580	88.3500	30.3000
111.9026	88.3900	30.1000
113.7781	88.4000	29.8000
115.6851	88.3400	29.6000
117.6240	88.2300	29.3000
119.5954	88.1100	29.0000
121.5998	87.9300	28.7000
123.6379	87.7200	28.4000
125.7101	87.5600	28.1000
127.8170	87.4300	27.8000
129.9592	87.3000	27.4000
132.1374	87.1900	27.0000
134.3520	87.1000	26.7000
136.6038	86.9700	26.3000
138.8933	86.8300	25.9000
141.2212	86.7600	25.5000
143.5881	86.7200	25.1000
145.9947	86.7000	24.7000
148.4416	86.7100	24.2000
150.9295	86.7500	23.8000
153.4591	86.8100	23.4000
156.0312	86.8200	22.9000
158.6463	86.7900	22.5000
161.3052	86.6800	22.0000
164.0087	86.5700	21.6000
166.7576	86.4600	21.1000
169.5525	86.1800	20.6000
172.3942	85.9600	20.1000
175.2836	85.9400	19.6000
178.2214	86.0600	19.1000
181.2084	86.1700	18.6000
184.2455	86.2100	18.1000
187.3335	86.2600	17.6000
190.4733	86.3000	17.1000
193.6656	86.2700	16.6000
196.9115	86.1800	16.1000
200.2118	86.0300	15.6000
203.5674	85.9200	15.1000
206.9792	85.8600	14.6000
210.4483	85.8600	14.1000
213.9754	85.8900	13.6000
217.5617	85.9700	13.1000
221.2081	86.0500	12.7000
224.9156	86.0800	12.2000
228.6852	86.0400	11.8000
232.5181	85.9600	11.4000
236.4151	85.8800	11.0000
240.3775	85.8100	10.6000
244.4063	85.7700	10.2000
248.5026	85.7400	9.9000
252.6676	85.7200	9.6000
256.9023	85.7400	9.3000
261.2081	85.7600	9.0000
265.5860	85.7400	8.8000
270.0373	85.6300	8.7000
274.5632	85.5300	8.5000
279.1649	85.4800	8.5000
283.8438	85.4500	8.5000
288.6011	85.4200	8.5000
293.4381	85.4100	8.6000
298.3562	85.4000	8.8000
303.3567	85.4000	9.0000
308.4410	85.4300	9.2000
313.6106	85.4700	9.6000
318.8668	85.4700	10.0000
324.2111	85.4200	10.4000
329.6449	85.3300	11.0000
335.1698	85.2500	11.6000
340.7874	85.1900	12.3000
346.4991	85.1300	13.0000
352.3065	85.0700	13.8000
358.2112	85.0300	14.6000
364.2149	85.0100	15.5000
370.3193	84.9900	16.4000
376.5259	84.9500	17.3000
382.8366	84.9300	18.3000
389.2530	84.9200	19.3000
395.7770	84.9500	20.2000
402.4103	85.0100	21.2000
409.1548	85.0800	22.1000
416.0123	85.1300	22.9000
422.9848	85.1800	23.7000
430.0741	85.2300	24.5000
437.2823	85.2900	25.2000
444.6112	85.3900	25.8000
452.0630	85.5200	26.4000
459.6397	85.6500	26.9000
467.3434	85.7700	27.2000
475.1762	85.9100	27.6000
483.1402	86.0100	28.0000
491.2378	86.1200	28.4000
499.4710	86.2600	28.9000
507.8423	86.4400	29.1000
516.3539	86.6400	29.2000
525.0081	86.8400	29.1000
533.8074	87.0500	29.0000
542.7541	87.2500	28.7000
551.8508	87.4500	28.2000
561.0999	87.6500	27.6000
570.5041	87.8300	26.9000
580.0659	88.0000	26.0000
589.7879	88.1600	25.1000
599.6729	88.3000	24.0000
609.7236	88.4200	22.9000
619.9427	88.5200	21.6000
630.3331	88.6000	20.3000
640.8976	88.6500	18.9000
651.6392	88.6700	17.4000
662.5609	88.6700	15.9000
673.6656	88.6300	14.5000
684.9564	88.5600	13.0000
696.4364	88.4600	11.7000
708.1088	88.3200	10.4000
719.9769	88.1400	9.2000
732.0439	87.9300	8.3000
744.3131	87.6900	7.5000
756.7880	87.4200	7.0000
769.4720	87.1300	6.9000
782.3685	86.8200	7.2000
795.4812	86.5000	7.9000
808.8137	86.2000	9.1000
822.3696	85.9200	10.8000
836.1527	85.7000	13.0000
850.1668	85.5300	15.6000
864.4158	85.4500	18.4000
878.9036	85.4600	21.4000
893.6343	85.5700	24.5000
908.6118	85.7600	27.4000
923.8404	86.0200	30.2000
939.3242	86.3600	32.6000
955.0675	86.7600	34.7000
971.0746	87.2100	36.5000
987.3501	87.7100	37.9000
1003.8983	88.2400	38.9000
1020.7239	88.8200	39.4000
1037.8315	89.4200	39.4000
1055.2258	90.0400	38.9000
1072.9116	90.6800	37.8000
1090.8939	91.3100	36.0000
1109.1775	91.9200	33.6000
1127.7676	92.5000	30.6000
1146.6693	93.0300	26.9000
1165.8877	93.4900	22.7000
1185.4283	93.8800	17.9000
1205.2964	94.1700	12.6000
1225.4974	94.3500	6.9000
1246.0371	94.4100	0.9000
1266.9209	94.3500	-5.3000
1288.1549	94.1400	-11.7000
1309.7446	93.7600	-18.0000
1331.6963	93.2000	-24.2000
1354.0158	92.4300	-30.0000
1376.7095	91.4500	-34.8000
1399.7835	90.2500	-38.2000
1423.2442	88.8600	-39.4000
1447.0981	87.4300	-37.4000
1471.3518	86.2100	-31.7000
1496.0120	85.5500	-23.3000
1521.0856	85.6500	-14.9000
1546.5793	86.3000	-9.3000
1572.5004	87.1400	-7.5000
1598.8559	87.8900	-8.7000
1625.6531	88.4100	-12.2000
1652.8994	88.6500	-16.9000
1680.6024	88.6000	-22.1000
1708.7697	88.2700	-27.2000
1737.4091	87.6800	-31.8000
1766.5285	86.8700	-35.2000
1796.1360	85.9000	-37.0000
1826.2397	84.8800	-36.8000
1856.8479	83.9400	-34.4000
1887.9691	83.2600	-30.5000
1919.6120	82.9100	-26.0000
1951.7851	82.8600	-22.3000
1984.4975	82.9700	-20.3000
2017.7582	83.0700	-19.9000
2051.5763	83.0500	-20.8000
2085.9612	82.8200	-22.3000
2120.9224	82.3600	-23.6000
2156.4696	81.6900	-24.0000
2192.6126	80.9100	-22.7000
2229.3613	80.1600	-19.3000
2266.7259	79.6400	-13.9000
2304.7168	79.5100	-7.8000
2343.3444	79.7600	-2.6000
2382.6195	80.2400	0.7000
2422.5528	80.7700	1.5000
2463.1553	81.1800	0.4000
2504.4384	81.3500	-2.3000
2546.4134	81.1600	-5.9000
2589.0919	80.5000	-9.2000
2632.4858	79.2800	-10.2000
2676.6069	77.6400	-5.5000
2721.4674	76.4400	9.0000
2767.0799	77.1300	28.8000
2813.4568	79.7000	40.5000
2860.6111	82.5100	40.4000
2908.5556	84.7400	32.8000
2957.3037	86.2400	21.0000
3006.8689	87.0200	7.2000
3057.2647	87.1300	-7.4000
3108.5052	86.6000	-21.9000
3160.6045	85.4300	-35.2000
3213.5770	83.6800	-46.0000
3267.4374	81.4900	-53.1000
3322.2004	79.1400	-55.5000
3377.8813	76.8900	-54.0000
3434.4954	74.7700	-49.4000
3492.0584	72.8100	-40.7000
3550.5862	71.4700	-26.9000
3610.0949	71.4200	-11.7000
3670.6009	72.3500	-1.4000
3732.1211	73.5700	3.1000
3794.6724	74.8100	3.1000
3858.2720	75.9700	-1.8000
3922.9376	76.7400	-12.0000
3988.6870	76.7200	-26.6000
4055.5384	75.5500	-43.9000
4123.5102	72.8100	-60.5000
4192.6212	68.1700	-69.3000
4262.8906	62.2400	-57.2000
4334.3377	59.6200	-19.6000
4406.9822	60.9200	6.1000
4480.8443	62.6800	19.0000
4555.9444	64.6300	22.6000
4632.3031	66.0200	16.9000
4709.9417	66.1700	6.8000
4788.8814	65.2800	-1.5000
4869.1443	64.2800	-5.9000
4950.7523	63.9000	-12.5000
5033.7281	63.6000	-29.1000
5118.0947	62.4600	-57.9000
5203.8752	60.3600	-98.5000
5291.0934	58.1100	-150.6000
5379.7734	56.6600	165.1000
5469.9397	55.5700	127.5000
5561.6173	54.0600	109.8000
5654.8313	53.2600	112.7000
5749.6077	55.5300	118.4000
5845.9725	58.5500	106.8000
5943.9525	60.2600	84.9000
6043.5746	61.1300	61.4000
6144.8664	62.5200	36.3000
6247.8558	64.6600	2.1000
6352.5714	66.3000	-42.3000
6459.0421	66.1600	-90.3000
6567.2972	63.5600	-132.1000
6677.3667	58.6700	-152.6000
6789.2810	55.2300	-144.4000
6903.0710	54.9800	-137.7000
7018.7682	54.3800	-134.4000
7136.4045	54.6400	-125.8000
7256.0123	55.8900	-126.9000
7377.6249	55.3400	-137.2000
7501.2757	52.2200	-135.7000
7626.9989	50.7400	-106.7000
7754.8293	53.7200	-89.3000
7884.8021	55.9300	-91.9000
8016.9533	56.4200	-97.1000
8151.3194	56.3800	-98.2000
8287.9375	56.3700	-98.4000
8426.8454	56.2300	-99.4000
8568.0814	55.8500	-101.2000
8711.6845	55.1800	-103.4000
8857.6945	54.3200	-105.8000
9006.1516	53.1900	-108.9000
9157.0969	51.6400	-112.2000
9310.5721	49.4000	-116.5000
9466.6196	45.5400	-117.2000
9625.2825	40.5300	-99.9000
9786.6046	38.8500	-68.7000
9950.6305	38.0000	-52.5000
10117.4050	37.4900	-26.2000
10286.9760	40.9100	-14.8000
10459.3880	42.7100	-41.7000
10634.6900	40.3700	-104.0000
10812.9300	38.1400	162.3000
10994.1570	39.0200	76.5000
11178.4220	37.8100	36.6000
11365.7750	36.5000	21.6000
11556.2680	36.9100	-5.3000
11749.9540	35.1700	-48.2000
11946.8860	33.7600	-129.2000
12147.1190	32.7000	114.0000
12350.7080	36.2800	-9.6000
12557.7080	39.2500	-67.4000
12768.1790	40.8400	-89.7000
12982.1770	43.2700	-104.5000
13199.7610	46.3200	-140.8000
13420.9920	45.7500	147.2000
13645.9310	42.2100	52.0000
13874.6410	38.9300	-10.9000
14107.1830	35.8300	-39.2000
14343.6230	32.1000	-52.5000
14584.0250	29.8400	-32.9000
14828.4570	32.4800	15.5000
15076.9860	36.4700	42.2000
15329.6800	39.8100	57.7000
15586.6090	42.2300	51.1000
15847.8440	41.9700	39.7000
16113.4580	40.3500	37.8000
16383.5240	38.3100	43.2000
16658.1150	36.2100	53.7000
16937.3100	34.3700	67.2000
17221.1830	33.6400	83.4000
17509.8140	37.0500	54.7000
17803.2830	35.5900	-41.7000
18101.6700	31.7000	-164.3000
18405.0590	32.1400	170.2000
18713.5320	33.7200	175.0000
19027.1760	34.3700	-178.6000
19346.0760	33.4000	155.8000
19670.3210	28.5800	37.1000
20000.0000	27.2400	-44.8000