* This data was exported from DATS the Dayton Audio Test System
*
* Manufacturer:  
* Model:  
* Piston Diameter = 97 mm
* f(s)= 52.5 Hz
* R(e)= 5.86 Ohms
* Z(max)= 30.3 Ohms
* Q(ms)= 2.02
* Q(es)= 0.483
* Q(ts)= 0.39
* V(as)= 7.27 liters     (0.257 cubic feet)
* L(e)= 0.838 mH
* n(0)= 0.208 %
* SPL= 85.3 1W/1m
* M(ms)= 9.7 grams
* C(ms)= 0.95 mm/N
* BL= 6.23 
* K(r)= 0 
* X(r)= 0 
* K(i)= 0 
* X(i)= 0 
*
*
Freq            Impedance       Phase
1.029    	5.893    	2.297    
1.059    	5.893    	2.297    
1.091    	5.893    	2.297    
1.122    	5.893    	2.297    
1.155    	5.893    	2.297    
1.189    	5.893    	2.297    
1.224    	5.893    	2.297    
1.260    	5.893    	2.297    
1.297    	5.893    	2.297    
1.335    	5.883    	3.890    
1.374    	5.883    	3.890    
1.414    	5.883    	3.890    
1.456    	5.883    	3.890    
1.498    	5.883    	3.890    
1.542    	5.883    	3.890    
1.587    	5.883    	3.890    
1.634    	5.883    	3.890    
1.682    	5.883    	3.890    
1.731    	5.883    	3.890    
1.782    	5.883    	3.890    
1.834    	5.883    	3.890    
1.888    	5.883    	3.890    
1.943    	5.883    	3.890    
2.000    	5.894    	5.510    
2.059    	5.894    	5.510    
2.119    	5.894    	5.510    
2.181    	5.894    	5.510    
2.245    	5.894    	5.510    
2.311    	5.894    	5.510    
2.378    	5.894    	5.510    
2.448    	5.894    	5.510    
2.520    	5.894    	5.510    
2.594    	5.894    	5.510    
2.670    	5.918    	7.078    
2.748    	5.918    	7.078    
2.828    	5.918    	7.078    
2.911    	5.918    	7.078    
2.997    	5.918    	7.078    
3.084    	5.918    	7.078    
3.175    	5.918    	7.078    
3.268    	5.918    	7.078    
3.364    	5.971    	8.717    
3.462    	5.971    	8.717    
3.564    	5.971    	8.717    
3.668    	5.971    	8.717    
3.775    	5.971    	8.717    
3.886    	5.971    	8.717    
4.000    	6.026    	10.273    
4.117    	6.026    	10.273    
4.238    	6.026    	10.273    
4.362    	6.026    	10.273    
4.490    	6.026    	10.273    
4.621    	6.026    	10.273    
4.757    	6.092    	11.784    
4.896    	6.092    	11.784    
5.040    	6.092    	11.784    
5.187    	6.092    	11.784    
5.339    	6.165    	13.235    
5.496    	6.165    	13.235    
5.657    	6.165    	13.235    
5.823    	6.165    	13.235    
5.993    	6.243    	14.666    
6.169    	6.243    	14.666    
6.350    	6.243    	14.666    
6.536    	6.243    	14.666    
6.727    	6.328    	16.041    
6.924    	6.328    	16.041    
7.127    	6.328    	16.041    
7.336    	6.418    	17.414    
7.551    	6.418    	17.414    
7.772    	6.418    	17.414    
8.000    	6.516    	18.722    
8.234    	6.516    	18.722    
8.476    	6.516    	18.722    
8.724    	6.620    	19.999    
8.980    	6.620    	19.999    
9.243    	6.620    	19.999    
9.514    	6.727    	21.259    
9.792    	6.727    	21.259    
10.079    	6.841    	22.451    
10.375    	6.841    	22.451    
10.679    	6.961    	23.635    
10.992    	6.961    	23.635    
11.314    	7.088    	24.723    
11.645    	7.088    	24.723    
11.986    	7.225    	25.822    
12.338    	7.225    	25.822    
12.699    	7.361    	26.860    
13.071    	7.361    	26.860    
13.454    	7.511    	27.870    
13.849    	7.511    	27.870    
14.254    	7.660    	28.833    
14.672    	7.822    	29.746    
15.102    	7.822    	29.746    
15.545    	7.988    	30.633    
16.000    	8.159    	31.480    
16.469    	8.159    	31.480    
16.951    	8.343    	32.305    
17.448    	8.526    	33.084    
17.959    	8.724    	33.824    
18.486    	8.724    	33.824    
19.027    	8.922    	34.553    
19.585    	9.244    	35.538    
20.159    	9.357    	35.828    
20.749    	9.590    	36.393    
21.357    	9.826    	36.919    
21.983    	10.077    	37.442    
22.627    	10.337    	37.920    
23.290    	10.606    	38.336    
23.973    	10.881    	38.768    
24.675    	11.176    	39.112    
25.398    	11.475    	39.415    
26.143    	11.786    	39.676    
26.909    	12.116    	39.913    
27.697    	12.453    	40.072    
28.509    	12.801    	40.245    
29.344    	13.362    	40.376    
30.204    	13.947    	40.418    
31.089    	14.364    	40.344    
32.000    	15.021    	40.136    
32.938    	15.709    	39.809    
33.903    	16.447    	39.326    
34.896    	17.216    	38.724    
35.919    	18.030    	37.942    
36.971    	18.875    	37.026    
38.055    	19.934    	35.639    
39.170    	21.181    	33.736    
40.317    	21.997    	32.337    
41.499    	22.992    	30.464    
42.715    	24.279    	27.687    
43.967    	25.579    	24.474    
45.255    	26.822    	20.867    
46.581    	27.948    	16.938    
47.946    	28.966    	12.650    
49.351    	29.688    	8.221    
50.797    	30.160    	3.658    
52.285    	30.309    	-0.925    
53.817    	30.052    	-6.519    
55.394    	29.408    	-11.797    
57.018    	28.713    	-15.695    
58.688    	27.449    	-20.710    
60.408    	26.298    	-24.323    
62.178    	25.083    	-27.479    
64.000    	23.869    	-30.224    
65.875    	22.462    	-32.978    
67.806    	21.133    	-35.187    
69.792    	19.926    	-36.881    
71.838    	18.852    	-38.222    
73.943    	17.912    	-39.344    
76.109    	17.036    	-40.320    
78.339    	16.111    	-41.116    
80.635    	15.410    	-41.523    
82.998    	14.701    	-41.748    
85.430    	14.059    	-41.806    
87.933    	13.482    	-41.717    
90.510    	12.883    	-41.499    
93.162    	12.336    	-41.175    
95.892    	11.805    	-40.773    
98.701    	11.386    	-40.407    
101.594    	10.988    	-39.995    
104.571    	10.622    	-39.524    
107.635    	10.312    	-38.961    
110.789    	10.007    	-38.216    
114.035    	9.742    	-37.422    
117.377    	9.474    	-36.567    
120.816    	9.216    	-35.744    
124.356    	8.956    	-34.911    
128.000    	8.744    	-34.192    
131.751    	8.540    	-33.400    
135.611    	8.333    	-32.424    
139.585    	8.177    	-31.532    
143.675    	8.025    	-30.547    
147.885    	7.876    	-29.582    
152.219    	7.724    	-28.602    
156.679    	7.586    	-27.610    
161.270    	7.473    	-26.673    
165.995    	7.362    	-25.685    
170.860    	7.256    	-24.722    
175.866    	7.153    	-23.703    
181.019    	7.069    	-22.789    
186.324    	6.991    	-21.843    
191.783    	6.910    	-20.745    
197.403    	6.838    	-19.726    
203.187    	6.776    	-18.768    
209.141    	6.717    	-17.748    
215.269    	6.663    	-16.766    
221.577    	6.615    	-15.832    
228.070    	6.571    	-14.859    
234.753    	6.532    	-13.900    
241.632    	6.497    	-12.966    
248.712    	6.466    	-12.005    
256.000    	6.440    	-11.093    
263.501    	6.415    	-10.147    
271.223    	6.393    	-9.175    
279.170    	6.379    	-8.313    
287.350    	6.366    	-7.372    
295.770    	6.355    	-6.478    
304.437    	6.348    	-5.625    
313.358    	6.344    	-4.729    
322.540    	6.341    	-3.863    
331.991    	6.340    	-2.995    
341.719    	6.344    	-2.157    
351.732    	6.350    	-1.291    
362.039    	6.357    	-0.480    
372.647    	6.368    	0.348    
383.567    	6.384    	1.190    
394.806    	6.402    	2.002    
406.375    	6.423    	2.787    
418.282    	6.444    	3.546    
430.539    	6.470    	4.338    
443.155    	6.502    	5.112    
456.140    	6.537    	5.841    
469.506    	6.576    	6.556    
483.264    	6.620    	7.237    
497.424    	6.669    	7.824    
512.000    	6.712    	8.310    
527.003    	6.745    	8.766    
542.445    	6.767    	9.228    
558.340    	6.785    	9.725    
574.701    	6.798    	10.307    
591.541    	6.811    	10.966    
608.874    	6.832    	11.688    
626.715    	6.859    	12.429    
645.080    	6.895    	13.175    
663.982    	6.938    	13.919    
683.438    	6.986    	14.640    
703.464    	7.038    	15.346    
724.077    	7.091    	16.037    
745.294    	7.148    	16.709    
767.133    	7.207    	17.359    
789.612    	7.273    	18.000    
812.749    	7.342    	18.603    
836.565    	7.408    	19.197    
861.078    	7.474    	19.789    
886.309    	7.545    	20.404    
912.280    	7.621    	21.000    
939.012    	7.699    	21.564    
966.527    	7.780    	22.122    
994.849    	7.864    	22.664    
1024.000    	7.950    	23.199    
1054.005    	8.037    	23.724    
1084.890    	8.128    	24.248    
1116.680    	8.224    	24.756    
1149.401    	8.326    	25.250    
1183.081    	8.431    	25.716    
1217.748    	8.540    	26.185    
1253.431    	8.657    	26.631    
1290.159    	8.784    	27.010    
1327.964    	8.916    	27.289    
1366.876    	9.044    	27.480    
1406.929    	9.163    	27.543    
1448.155    	9.256    	27.559    
1490.589    	9.326    	27.624    
1534.266    	9.384    	27.835    
1579.224    	9.440    	28.097    
1625.499    	9.497    	28.470    
1673.129    	9.560    	28.936    
1722.156    	9.640    	29.461    
1772.619    	9.733    	29.987    
1824.561    	9.834    	30.489    
1878.024    	9.943    	30.995    
1933.055    	10.058    	31.477    
1989.697    	10.177    	31.937    
2048.000    	10.299    	32.381    
2108.011    	10.426    	32.828    
2169.780    	10.560    	33.264    
2233.360    	10.697    	33.694    
2298.802    	10.840    	34.106    
2366.162    	10.987    	34.507    
2435.496    	11.138    	34.889    
2506.862    	11.291    	35.265    
2580.318    	11.443    	35.646    
2655.927    	11.601    	36.023    
2733.752    	11.765    	36.384    
2813.857    	11.934    	36.735    
2896.309    	12.109    	37.081    
2981.178    	12.290    	37.411    
3068.533    	12.474    	37.729    
3158.448    	12.661    	38.027    
3250.997    	12.853    	38.303    
3346.259    	13.050    	38.567    
3444.312    	13.248    	38.811    
3545.238    	13.450    	39.037    
3649.121    	13.652    	39.235    
3756.049    	13.853    	39.419    
3866.109    	14.054    	39.588    
3979.395    	14.251    	39.744    
4096.000    	14.437    	39.920    
4216.022    	14.620    	40.141    
4339.561    	14.811    	40.403    
4466.720    	15.017    	40.670    
4597.605    	15.227    	40.926    
4732.325    	15.443    	41.191    
4870.992    	15.672    	41.446    
5013.723    	15.902    	41.649    
5160.637    	16.117    	41.869    
5311.855    	16.339    	42.156    
5467.504    	16.586    	42.455    
5627.714    	16.842    	42.714    
5792.619    	17.102    	42.958    
5962.355    	17.367    	43.187    
6137.066    	17.636    	43.397    
6316.896    	17.907    	43.613    
6501.995    	18.184    	43.824    
6692.518    	18.467    	44.028    
6888.623    	18.754    	44.235    
7090.476    	19.050    	44.445    
7298.242    	19.352    	44.621    
7512.097    	19.648    	44.794    
7732.218    	19.946    	44.983    
7958.790    	20.259    	45.189    
8192.000    	20.578    	45.373    
8432.044    	20.898    	45.554    
8679.122    	21.225    	45.733    
8933.439    	21.560    	45.910    
9195.209    	21.899    	46.084    
9464.649    	22.243    	46.257    
9741.985    	22.594    	46.425    
10027.447    	22.950    	46.594    
10321.273    	23.310    	46.761    
10623.710    	23.676    	46.924    
10935.008    	24.050    	47.086    
11255.428    	24.430    	47.251    
11585.238    	24.816    	47.413    
11924.711    	25.208    	47.573    
12274.132    	25.608    	47.739    
12633.791    	26.015    	47.907    
13003.989    	26.434    	48.075    
13385.035    	26.865    	48.244    
13777.247    	27.299    	48.382    
14180.951    	27.724    	48.531    
14596.485    	28.150    	48.709    
15024.194    	28.598    	48.905    
15464.437    	29.057    	49.089    
15917.579    	29.526    	49.268    
16384.000    	29.998    	49.449    
16864.088    	30.472    	49.635    
17358.243    	30.948    	49.826    
17866.879    	31.430    	50.021    
18390.418    	31.913    	50.224    
18929.299    	32.402    	50.434    
19483.969    	32.919    	50.712    
20054.893    	33.575    	51.406    
20642.546    	35.363    	54.725    
