19.8660	70.7100	115.1000
20.1989	70.7900	114.6000
20.5375	70.8700	114.1000
20.8817	70.9500	113.6000
21.2317	71.0400	113.0000
21.5875	71.1300	112.5000
21.9493	71.2500	112.0000
22.3172	71.3900	111.5000
22.6913	71.5500	111.0000
23.0716	71.6900	110.5000
23.4583	71.7600	110.0000
23.8514	71.7800	109.5000
24.2512	71.7700	109.0000
24.6576	71.7700	108.5000
25.0709	71.7900	108.0000
25.4911	71.8400	107.5000
25.9183	71.9100	107.0000
26.3527	71.9800	106.4000
26.7944	72.0300	106.0000
27.2435	72.0700	105.5000
27.7001	72.1200	105.0000
28.1644	72.2200	104.5000
28.6364	72.3900	104.0000
29.1164	72.6200	103.5000
29.6044	72.9400	103.1000
30.1005	73.3500	102.6000
30.6050	73.7800	102.1000
31.1180	74.1800	101.7000
31.6395	74.5600	101.2000
32.1698	74.9500	100.7000
32.7090	75.3900	100.2000
33.2572	75.8700	99.7000
33.8146	76.3700	99.2000
34.3813	76.8600	98.8000
34.9576	77.3200	98.3000
35.5435	77.7300	97.8000
36.1392	78.1100	97.4000
36.7449	78.4900	96.9000
37.3607	78.8700	96.4000
37.9869	79.2300	96.0000
38.6236	79.5500	95.5000
39.2709	79.8200	95.0000
39.9291	80.0200	94.5000
40.5983	80.1400	94.1000
41.2788	80.1400	93.6000
41.9706	80.0400	93.1000
42.6741	79.9200	92.7000
43.3893	79.8700	92.2000
44.1165	79.8800	91.8000
44.8559	79.9900	91.3000
45.6077	80.0700	90.8000
46.3721	80.0900	90.3000
47.1493	80.1000	89.9000
47.9395	80.1400	89.4000
48.7430	80.1800	89.0000
49.5600	80.2200	88.5000
50.3906	80.2900	88.0000
51.2351	80.4000	87.6000
52.0939	80.5300	87.1000
52.9670	80.6700	86.6000
53.8547	80.7900	86.1000
54.7573	80.9000	85.7000
55.6751	81.0300	85.2000
56.6082	81.1700	84.7000
57.5570	81.2400	84.3000
58.5216	81.1700	83.8000
59.5025	80.9800	83.3000
60.4997	81.0700	82.8000
61.5137	81.4500	82.3000
62.5447	81.7100	81.8000
63.5930	81.8400	81.3000
64.6588	81.9800	80.8000
65.7425	82.1200	80.4000
66.8444	82.3000	79.9000
67.9647	82.5000	79.4000
69.1038	82.7100	78.9000
70.2620	82.9400	78.4000
71.4396	83.1500	77.9000
72.6370	83.3400	77.4000
73.8544	83.5000	76.8000
75.0922	83.6500	76.3000
76.3508	83.8000	75.8000
77.6304	83.9300	75.2000
78.9315	84.0500	74.7000
80.2544	84.1900	74.2000
81.5995	84.3500	73.7000
82.9672	84.4900	73.1000
84.3577	84.6200	72.6000
85.7716	84.7300	72.0000
87.2091	84.8200	71.5000
88.6707	84.8700	70.9000
90.1569	84.9100	70.4000
91.6680	84.9800	69.8000
93.2043	85.0700	69.2000
94.7665	85.1600	68.7000
96.3548	85.2600	68.1000
97.9697	85.3800	67.5000
99.6117	85.5000	66.9000
101.2812	85.6100	66.3000
102.9787	85.7300	65.7000
104.7047	85.8400	65.1000
106.4595	85.9300	64.5000
108.2438	86.0200	63.9000
110.0580	86.1200	63.3000
111.9026	86.2200	62.7000
113.7781	86.3200	62.0000
115.6851	86.3900	61.4000
117.6240	86.3800	60.7000
119.5954	86.2600	60.1000
121.5998	86.2600	59.4000
123.6379	86.3500	58.8000
125.7101	86.3500	58.1000
127.8170	86.3600	57.4000
129.9592	86.4100	56.8000
132.1374	86.5000	56.1000
134.3520	86.6200	55.4000
136.6038	86.7400	54.7000
138.8933	86.8600	54.0000
141.2212	86.9500	53.3000
143.5881	87.0000	52.6000
145.9947	87.0300	51.9000
148.4416	87.0700	51.1000
150.9295	87.1300	50.4000
153.4591	87.2100	49.7000
156.0312	87.2800	48.9000
158.6463	87.3300	48.2000
161.3052	87.3300	47.4000
164.0087	87.3100	46.7000
166.7576	87.3000	45.9000
169.5525	87.3100	45.1000
172.3942	87.3400	44.4000
175.2836	87.3700	43.6000
178.2214	87.3500	42.8000
181.2084	87.3800	42.0000
184.2455	87.5500	41.2000
187.3335	87.6800	40.4000
190.4733	87.7800	39.6000
193.6656	87.8600	38.8000
196.9115	87.9200	38.0000
200.2118	87.9300	37.2000
203.5674	87.9300	36.4000
206.9792	87.9400	35.5000
210.4483	87.9500	34.7000
213.9754	87.9800	33.9000
217.5617	88.0300	33.1000
221.2081	88.1100	32.2000
224.9156	88.1800	31.4000
228.6852	88.2300	30.6000
232.5181	88.2300	29.8000
236.4151	88.2100	29.0000
240.3775	88.1900	28.2000
244.4063	88.1700	27.4000
248.5026	88.1700	26.6000
252.6676	88.2100	25.8000
256.9023	88.2600	25.0000
261.2081	88.2700	24.2000
265.5860	88.2100	23.5000
270.0373	88.1400	22.8000
274.5632	88.1000	22.0000
279.1649	88.0900	21.3000
283.8438	88.1100	20.5000
288.6011	88.1200	19.8000
293.4381	88.1200	19.2000
298.3562	88.1200	18.5000
303.3567	88.1400	17.9000
308.4410	88.1800	17.2000
313.6106	88.2300	16.7000
318.8668	88.2400	16.1000
324.2111	88.2200	15.6000
329.6449	88.1600	15.1000
335.1698	88.0900	14.6000
340.7874	88.0400	14.1000
346.4991	88.0000	13.7000
352.3065	87.9500	13.4000
358.2112	87.9000	13.0000
364.2149	87.8600	12.7000
370.3193	87.8400	12.4000
376.5259	87.8100	12.2000
382.8366	87.7700	12.0000
389.2530	87.7200	11.9000
395.7770	87.6800	11.7000
402.4103	87.6800	11.6000
409.1548	87.6700	11.6000
416.0123	87.6400	11.5000
422.9848	87.6100	11.5000
430.0741	87.5700	11.5000
437.2823	87.5300	11.6000
444.6112	87.5200	11.6000
452.0630	87.5100	11.8000
459.6397	87.5300	11.9000
467.3434	87.5200	12.1000
475.1762	87.5000	12.2000
483.1402	87.5000	12.4000
491.2378	87.5100	12.5000
499.4710	87.5200	12.6000
507.8423	87.5500	12.7000
516.3539	87.6000	12.6000
525.0081	87.6600	12.5000
533.8074	87.7300	12.4000
542.7541	87.8000	12.1000
551.8508	87.8800	11.8000
561.0999	87.9600	11.4000
570.5041	88.0300	11.0000
580.0659	88.1100	10.4000
589.7879	88.1800	9.8000
599.6729	88.2500	9.0000
609.7236	88.3000	8.3000
619.9427	88.3500	7.5000
630.3331	88.3800	6.7000
640.8976	88.4100	5.8000
651.6392	88.4300	5.0000
662.5609	88.4300	4.3000
673.6656	88.4300	3.6000
684.9564	88.4300	2.9000
696.4364	88.4100	2.3000
708.1088	88.4000	1.7000
719.9769	88.3900	1.2000
732.0439	88.3800	0.8000
744.3131	88.3800	0.4000
756.7880	88.3800	0.1000
769.4720	88.4000	-0.3000
782.3685	88.4300	-0.6000
795.4812	88.4700	-0.9000
808.8137	88.5200	-1.4000
822.3696	88.5800	-1.8000
836.1527	88.6500	-2.4000
850.1668	88.7100	-3.1000
864.4158	88.7800	-3.9000
878.9036	88.8300	-4.9000
893.6343	88.8700	-5.9000
908.6118	88.8900	-6.9000
923.8404	88.8900	-8.0000
939.3242	88.8700	-9.1000
955.0675	88.8200	-10.1000
971.0746	88.7600	-11.0000
987.3501	88.6900	-11.8000
1003.8983	88.6100	-12.3000
1020.7239	88.5400	-12.7000
1037.8315	88.4800	-12.9000
1055.2258	88.4600	-13.0000
1072.9116	88.4700	-13.0000
1090.8939	88.5200	-13.1000
1109.1775	88.6100	-13.2000
1127.7676	88.7300	-13.7000
1146.6693	88.8800	-14.4000
1165.8877	89.0200	-15.5000
1185.4283	89.1500	-17.0000
1205.2964	89.2400	-18.8000
1225.4974	89.2900	-20.8000
1246.0371	89.2800	-23.1000
1266.9209	89.2100	-25.4000
1288.1549	89.0600	-27.6000
1309.7446	88.8400	-29.7000
1331.6963	88.5600	-31.4000
1354.0158	88.2400	-32.7000
1376.7095	87.8900	-33.4000
1399.7835	87.5400	-33.6000
1423.2442	87.2200	-33.1000
1447.0981	86.9600	-32.2000
1471.3518	86.7800	-30.9000
1496.0120	86.7000	-29.6000
1521.0856	86.7100	-28.3000
1546.5793	86.7800	-27.4000
1572.5004	86.8900	-26.9000
1598.8559	87.0300	-26.8000
1625.6531	87.1600	-27.0000
1652.8994	87.2800	-27.5000
1680.6024	87.3800	-28.3000
1708.7697	87.4500	-29.3000
1737.4091	87.4900	-30.3000
1766.5285	87.5000	-31.5000
1796.1360	87.4700	-32.7000
1826.2397	87.4000	-33.9000
1856.8479	87.2900	-34.8000
1887.9691	87.1400	-35.5000
1919.6120	86.9900	-35.8000
1951.7851	86.8700	-35.7000
1984.4975	86.8100	-35.3000
2017.7582	86.8200	-34.9000
2051.5763	86.8800	-34.8000
2085.9612	86.9600	-35.2000
2120.9224	87.0000	-36.0000
2156.4696	86.9800	-36.8000
2192.6126	86.8900	-37.5000
2229.3613	86.7700	-37.6000
2266.7259	86.6700	-37.1000
2304.7168	86.6600	-36.3000
2343.3444	86.7100	-35.6000
2382.6195	86.7900	-35.1000
2422.5528	86.8700	-34.7000
2463.1553	86.9400	-34.0000
2504.4384	87.0500	-32.9000
2546.4134	87.2700	-31.5000
2589.0919	87.6300	-30.3000
2632.4858	88.0800	-29.8000
2676.6069	88.5600	-30.0000
2721.4674	89.0300	-30.7000
2767.0799	89.5000	-31.7000
2813.4568	89.9800	-32.8000
2860.6111	90.5100	-34.3000
2908.5556	91.0800	-36.4000
2957.3037	91.6500	-39.1000
3006.8689	92.2200	-42.5000
3057.2647	92.7700	-46.6000
3108.5052	93.2800	-51.5000
3160.6045	93.7000	-57.4000
3213.5770	93.9700	-64.3000
3267.4374	94.0100	-71.7000
3322.2004	93.7700	-79.1000
3377.8813	93.2300	-85.5000
3434.4954	92.4800	-90.0000
3492.0584	91.6700	-91.8000
3550.5862	91.0600	-91.0000
3610.0949	90.8300	-88.8000
3670.6009	90.9800	-86.8000
3732.1211	91.4000	-85.9000
3794.6724	92.0100	-86.2000
3858.2720	92.7600	-88.0000
3922.9376	93.5900	-91.6000
3988.6870	94.4100	-97.1000
4055.5384	95.1100	-104.4000
4123.5102	95.6500	-113.0000
4192.6212	96.0100	-122.7000
4262.8906	96.1700	-133.3000
4334.3377	96.0900	-144.8000
4406.9822	95.6900	-156.8000
4480.8443	94.9300	-168.5000
4555.9444	93.8300	-179.6000
4632.3031	92.4800	172.3000
4709.9417	91.0600	165.8000
4788.8814	89.6600	161.0000
4869.1443	88.3200	157.3000
4950.7523	86.9500	154.4000
5033.7281	85.5500	152.9000
5118.0947	84.2100	153.4000
5203.8752	83.1600	156.0000
5291.0934	82.5800	158.9000
5379.7734	82.3700	159.7000
5469.9397	82.1500	158.0000
5561.6173	81.6900	155.3000
5654.8313	81.1300	153.0000
5749.6077	80.6400	150.8000
5845.9725	80.1300	147.7000
5943.9525	79.4700	144.0000
6043.5746	78.6600	140.5000
6144.8664	77.7400	137.6000
6247.8558	76.8000	135.6000
6352.5714	75.9400	133.6000
6459.0421	74.9800	130.3000
6567.2972	73.6100	126.9000
6677.3667	71.8600	125.6000
6789.2810	69.8100	127.5000
6903.0710	67.5800	135.1000
7018.7682	65.9200	150.8000
7136.4045	65.9500	170.7000
7256.0123	67.7000	-169.5000
7377.6249	69.7700	-172.9000
7501.2757	71.2800	-176.7000
7626.9989	72.2100	178.1000
7754.8293	72.8100	170.9000
7884.8021	72.8500	162.7000
8016.9533	72.2600	157.9000
8151.3194	72.1800	157.1000
8287.9375	72.5100	152.8000
8426.8454	72.7500	146.0000
8568.0814	72.6200	135.0000
8711.6845	71.3600	124.7000
8857.6945	69.9500	122.3000
9006.1516	69.3600	121.0000
9157.0969	68.9000	116.5000
9310.5721	68.1400	110.1000
9466.6196	66.9600	103.9000
9625.2825	65.4900	98.7000
9786.6046	63.6400	95.6000
9950.6305	61.6100	96.7000
10117.4050	59.9000	102.4000
10286.9760	58.8800	110.3000
10459.3880	58.8300	116.3000
10634.6900	59.0400	116.3000
10812.9300	59.1500	113.8000
10994.1570	58.7400	104.1000
11178.4220	55.4900	102.4000
11365.7750	54.6500	124.6000
11556.2680	55.5400	128.6000
11749.9540	56.0100	124.1000
11946.8860	56.0200	111.6000
12147.1190	55.4200	91.0000
12350.7080	54.3900	54.4000
12557.7080	53.4600	-12.4000
12768.1790	54.0200	-91.6000
12982.1770	54.7500	-146.0000
13199.7610	54.9600	-173.3000
13420.9920	55.8200	173.3000
13645.9310	56.0300	156.9000
13874.6410	55.2300	146.3000
14107.1830	54.0100	138.5000
14343.6230	52.0700	139.4000
14584.0250	51.8700	152.2000
14828.4570	52.8500	149.3000
15076.9860	51.4000	135.8000
15329.6800	47.7700	136.7000
15586.6090	46.5900	152.4000
15847.8440	46.4500	168.4000
16113.4580	48.2100	-171.7000
16383.5240	51.5400	-167.1000
16658.1150	54.1200	-172.4000
16937.3100	56.2700	177.6000
17221.1830	57.3700	160.6000
17509.8140	57.6000	143.2000
17803.2830	57.2300	125.1000
18101.6700	55.7100	110.2000
18405.0590	53.6600	101.0000
18713.5320	51.7400	94.2000
19027.1760	49.5500	87.6000
19346.0760	46.7700	88.4000
19670.3210	45.1900	98.8000
20000.0000	45.1500	103.1000