* This data was exported from DATS the Dayton Audio Test System
*
* Manufacturer:  
* Model:  
* Piston Diameter = 254 mm
* f(s)= 24.2 Hz
* R(e)= 6.07 Ohms
* Z(max)= 35.6 Ohms
* Q(ms)= 1.79
* Q(es)= 0.368
* Q(ts)= 0.305
* V(as)= 160 liters     (5.65 cubic feet)
* L(e)= 1.43 mH
* n(0)= 0.589 %
* SPL= 89.8 1W/1m
* M(ms)= 97.4 grams
* C(ms)= 0.44 mm/N
* BL= 15.6 
* K(r)= 0 
* X(r)= 0 
* K(i)= 0 
* X(i)= 0 
*
*
Freq            Impedance       Phase
1.029    	5.928    	5.393    
1.059    	5.928    	5.393    
1.091    	5.928    	5.393    
1.122    	5.928    	5.393    
1.155    	5.928    	5.393    
1.189    	5.928    	5.393    
1.224    	5.928    	5.393    
1.260    	5.928    	5.393    
1.297    	5.928    	5.393    
1.335    	6.133    	10.518    
1.374    	6.133    	10.518    
1.414    	6.133    	10.518    
1.456    	6.133    	10.518    
1.498    	6.133    	10.518    
1.542    	6.133    	10.518    
1.587    	6.133    	10.518    
1.634    	6.133    	10.518    
1.682    	6.133    	10.518    
1.731    	6.133    	10.518    
1.782    	6.133    	10.518    
1.834    	6.133    	10.518    
1.888    	6.133    	10.518    
1.943    	6.133    	10.518    
2.000    	6.373    	15.176    
2.059    	6.373    	15.176    
2.119    	6.373    	15.176    
2.181    	6.373    	15.176    
2.245    	6.373    	15.176    
2.311    	6.373    	15.176    
2.378    	6.373    	15.176    
2.448    	6.373    	15.176    
2.520    	6.373    	15.176    
2.594    	6.373    	15.176    
2.670    	6.652    	19.080    
2.748    	6.652    	19.080    
2.828    	6.652    	19.080    
2.911    	6.652    	19.080    
2.997    	6.652    	19.080    
3.084    	6.652    	19.080    
3.175    	6.652    	19.080    
3.268    	6.652    	19.080    
3.364    	6.979    	22.643    
3.462    	6.979    	22.643    
3.564    	6.979    	22.643    
3.668    	6.979    	22.643    
3.775    	6.979    	22.643    
3.886    	6.979    	22.643    
4.000    	7.344    	25.774    
4.117    	7.344    	25.774    
4.238    	7.344    	25.774    
4.362    	7.344    	25.774    
4.490    	7.344    	25.774    
4.621    	7.344    	25.774    
4.757    	7.743    	28.619    
4.896    	7.743    	28.619    
5.040    	7.743    	28.619    
5.187    	7.743    	28.619    
5.339    	8.185    	31.150    
5.496    	8.185    	31.150    
5.657    	8.185    	31.150    
5.823    	8.185    	31.150    
5.993    	8.668    	33.401    
6.169    	8.668    	33.401    
6.350    	8.668    	33.401    
6.536    	8.668    	33.401    
6.727    	9.187    	35.370    
6.924    	9.187    	35.370    
7.127    	9.187    	35.370    
7.336    	9.750    	37.114    
7.551    	9.750    	37.114    
7.772    	9.750    	37.114    
8.000    	10.350    	38.637    
8.234    	10.350    	38.637    
8.476    	10.350    	38.637    
8.724    	10.994    	39.878    
8.980    	10.994    	39.878    
9.243    	10.994    	39.878    
9.514    	11.675    	40.954    
9.792    	11.675    	40.954    
10.079    	12.404    	41.707    
10.375    	12.404    	41.707    
10.679    	13.181    	42.262    
10.992    	13.181    	42.262    
11.314    	14.005    	42.541    
11.645    	14.005    	42.541    
11.986    	14.896    	42.574    
12.338    	14.896    	42.574    
12.699    	15.855    	42.402    
13.071    	15.855    	42.402    
13.454    	16.889    	41.979    
13.849    	16.889    	41.979    
14.254    	18.027    	41.388    
14.672    	19.235    	40.568    
15.102    	19.235    	40.568    
15.545    	20.522    	39.459    
16.000    	21.892    	38.085    
16.469    	21.892    	38.085    
16.951    	23.334    	36.323    
17.448    	24.820    	34.277    
17.959    	26.334    	31.925    
18.486    	26.334    	31.925    
19.027    	27.927    	29.169    
19.585    	30.275    	24.248    
20.159    	31.010    	22.294    
20.749    	32.374    	18.387    
21.357    	33.571    	14.267    
21.983    	34.554    	9.837    
22.627    	35.231    	5.176    
23.290    	35.544    	0.544    
23.973    	35.587    	-4.031    
24.675    	35.309    	-8.533    
25.398    	34.737    	-12.829    
26.143    	33.993    	-16.706    
26.909    	33.067    	-20.284    
27.697    	32.025    	-23.581    
28.509    	30.890    	-26.456    
29.344    	29.215    	-30.174    
30.204    	27.578    	-33.408    
31.089    	26.572    	-35.207    
32.000    	25.161    	-37.505    
32.938    	23.774    	-39.335    
33.903    	22.549    	-40.725    
34.896    	21.395    	-41.785    
35.919    	20.433    	-42.536    
36.971    	19.549    	-43.177    
38.055    	18.646    	-43.666    
39.170    	17.706    	-44.036    
40.317    	17.175    	-44.343    
41.499    	16.557    	-44.630    
42.715    	15.771    	-44.938    
43.967    	15.054    	-45.251    
45.255    	14.387    	-45.262    
46.581    	13.788    	-45.200    
47.946    	13.247    	-45.024    
49.351    	12.763    	-44.795    
50.797    	12.330    	-44.486    
52.285    	11.936    	-44.122    
53.817    	11.495    	-43.551    
55.394    	11.094    	-42.873    
57.018    	10.810    	-42.287    
58.688    	10.444    	-41.345    
60.408    	10.177    	-40.654    
62.178    	9.920    	-39.968    
64.000    	9.682    	-39.318    
65.875    	9.413    	-38.439    
67.806    	9.174    	-37.497    
69.792    	8.962    	-36.491    
71.838    	8.773    	-35.466    
73.943    	8.610    	-34.479    
76.109    	8.445    	-33.531    
78.339    	8.254    	-32.439    
80.635    	8.109    	-31.531    
82.998    	7.971    	-30.562    
85.430    	7.854    	-29.678    
87.933    	7.744    	-28.827    
90.510    	7.625    	-27.826    
93.162    	7.513    	-26.801    
95.892    	7.395    	-25.684    
98.701    	7.295    	-24.739    
101.594    	7.197    	-23.750    
104.571    	7.105    	-22.736    
107.635    	7.025    	-21.708    
110.789    	6.944    	-20.551    
114.035    	6.876    	-19.481    
117.377    	6.813    	-18.369    
120.816    	6.758    	-17.259    
124.356    	6.709    	-16.116    
128.000    	6.674    	-15.142    
131.751    	6.641    	-14.113    
135.611    	6.606    	-12.920    
139.585    	6.577    	-11.961    
143.675    	6.550    	-10.974    
147.885    	6.523    	-10.000    
152.219    	6.501    	-8.936    
156.679    	6.484    	-7.851    
161.270    	6.473    	-6.848    
165.995    	6.466    	-5.822    
170.860    	6.462    	-4.839    
175.866    	6.465    	-3.860    
181.019    	6.468    	-2.994    
186.324    	6.473    	-2.080    
191.783    	6.481    	-1.020    
197.403    	6.492    	-0.064    
203.187    	6.506    	0.829    
209.141    	6.526    	1.789    
215.269    	6.547    	2.699    
221.577    	6.568    	3.555    
228.070    	6.594    	4.446    
234.753    	6.623    	5.315    
241.632    	6.656    	6.168    
248.712    	6.694    	7.024    
256.000    	6.735    	7.823    
263.501    	6.776    	8.655    
271.223    	6.824    	9.514    
279.170    	6.876    	10.252    
287.350    	6.938    	10.981    
295.770    	6.989    	11.587    
304.437    	7.023    	12.204    
313.358    	7.062    	12.976    
322.540    	7.110    	13.778    
331.991    	7.167    	14.584    
341.719    	7.229    	15.323    
351.732    	7.296    	16.073    
362.039    	7.362    	16.764    
372.647    	7.436    	17.480    
383.567    	7.519    	18.198    
394.806    	7.614    	18.861    
406.375    	7.712    	19.349    
418.282    	7.785    	19.718    
430.539    	7.837    	20.213    
443.155    	7.895    	20.934    
456.140    	7.974    	21.675    
469.506    	8.068    	22.353    
483.264    	8.168    	23.022    
497.424    	8.274    	23.679    
512.000    	8.387    	24.323    
527.003    	8.509    	24.958    
542.445    	8.641    	25.579    
558.340    	8.783    	26.171    
574.701    	8.947    	26.720    
591.541    	9.124    	27.188    
608.874    	9.313    	27.534    
626.715    	9.519    	27.823    
645.080    	9.763    	27.937    
663.982    	10.038    	27.653    
683.438    	10.271    	26.792    
703.464    	10.394    	25.583    
724.077    	10.375    	24.481    
745.294    	10.273    	23.924    
767.133    	10.163    	23.904    
789.612    	10.077    	24.248    
812.749    	10.002    	24.914    
836.565    	9.990    	25.933    
861.078    	10.058    	27.014    
886.309    	10.185    	27.852    
912.280    	10.308    	28.542    
939.012    	10.465    	29.215    
966.527    	10.680    	29.582    
994.849    	10.821    	29.290    
1024.000    	10.824    	29.243    
1054.005    	10.808    	29.929    
1084.890    	10.904    	30.920    
1116.680    	11.069    	31.652    
1149.401    	11.231    	32.145    
1183.081    	11.372    	32.610    
1217.748    	11.526    	33.182    
1253.431    	11.704    	33.680    
1290.159    	11.887    	34.103    
1327.964    	12.070    	34.504    
1366.876    	12.256    	34.871    
1406.929    	12.442    	35.229    
1448.155    	12.635    	35.626    
1490.589    	12.851    	36.005    
1534.266    	13.086    	36.298    
1579.224    	13.326    	36.493    
1625.499    	13.567    	36.576    
1673.129    	13.782    	36.590    
1722.156    	13.981    	36.592    
1772.619    	14.170    	36.600    
1824.561    	14.332    	36.651    
1878.024    	14.477    	36.792    
1933.055    	14.641    	37.144    
1989.697    	14.841    	37.543    
2048.000    	15.106    	37.965    
2108.011    	15.408    	38.238    
2169.780    	15.761    	38.360    
2233.360    	16.137    	38.164    
2298.802    	16.490    	37.402    
2366.162    	16.596    	36.340    
2435.496    	16.470    	35.820    
2506.862    	16.369    	36.395    
2580.318    	16.505    	37.311    
2655.927    	16.787    	37.748    
2733.752    	17.009    	37.882    
2813.857    	17.180    	38.112    
2896.309    	17.390    	38.447    
2981.178    	17.623    	38.722    
3068.533    	17.855    	38.932    
3158.448    	18.071    	39.125    
3250.997    	18.277    	39.395    
3346.259    	18.516    	39.725    
3444.312    	18.776    	40.034    
3545.238    	19.050    	40.315    
3649.121    	19.335    	40.565    
3756.049    	19.622    	40.782    
3866.109    	19.917    	40.991    
3979.395    	20.220    	41.176    
4096.000    	20.522    	41.338    
4216.022    	20.822    	41.502    
4339.561    	21.130    	41.674    
4466.720    	21.460    	41.833    
4597.605    	21.803    	41.934    
4732.325    	22.135    	41.961    
4870.992    	22.433    	41.947    
5013.723    	22.694    	41.987    
5160.637    	22.950    	42.145    
5311.855    	23.237    	42.382    
5467.504    	23.563    	42.602    
5627.714    	23.891    	42.771    
5792.619    	24.215    	42.946    
5962.355    	24.552    	43.153    
6137.066    	24.907    	43.349    
6316.896    	25.273    	43.528    
6501.995    	25.644    	43.700    
6692.518    	26.034    	43.842    
6888.623    	26.406    	43.953    
7090.476    	26.770    	44.073    
7298.242    	27.137    	44.236    
7512.097    	27.503    	44.398    
7732.218    	27.878    	44.593    
7958.790    	28.273    	44.809    
8192.000    	28.683    	45.011    
8432.044    	29.103    	45.206    
8679.122    	29.531    	45.397    
8933.439    	29.967    	45.586    
9195.209    	30.410    	45.773    
9464.649    	30.861    	45.964    
9741.985    	31.320    	46.154    
10027.447    	31.790    	46.346    
10321.273    	32.265    	46.532    
10623.710    	32.746    	46.723    
10935.008    	33.238    	46.922    
11255.428    	33.746    	47.102    
11585.238    	34.253    	47.287    
11924.711    	34.769    	47.487    
12274.132    	35.307    	47.693    
12633.791    	35.856    	47.890    
13003.989    	36.408    	48.091    
13385.035    	36.971    	48.300    
13777.247    	37.545    	48.512    
14180.951    	38.130    	48.732    
14596.485    	38.730    	48.960    
15024.194    	39.347    	49.192    
15464.437    	39.984    	49.420    
15917.579    	40.625    	49.640    
16384.000    	41.277    	49.872    
16864.088    	41.946    	50.120    
17358.243    	42.631    	50.360    
17866.879    	43.324    	50.602    
18390.418    	44.027    	50.845    
18929.299    	44.737    	51.090    
19483.969    	45.425    	51.305    
20054.893    	45.922    	51.258    
20642.546    	45.189    	49.350    
