19.8660	73.0800	94.9000
20.1989	73.2400	94.6000
20.5375	73.3300	94.3000
20.8817	73.3600	94.0000
21.2317	73.3700	93.8000
21.5875	73.3700	93.5000
21.9493	73.4100	93.2000
22.3172	73.5100	92.9000
22.6913	73.6800	92.7000
23.0716	73.8600	92.4000
23.4583	73.9700	92.1000
23.8514	74.0100	91.8000
24.2512	74.0300	91.6000
24.6576	74.0400	91.3000
25.0709	74.0700	91.0000
25.4911	74.1500	90.8000
25.9183	74.2700	90.5000
26.3527	74.4300	90.2000
26.7944	74.6400	89.9000
27.2435	74.8700	89.6000
27.7001	75.0700	89.3000
28.1644	75.2000	89.0000
28.6364	75.2800	88.8000
29.1164	75.3800	88.5000
29.6044	75.5700	88.2000
30.1005	75.8700	88.0000
30.6050	76.2400	87.7000
31.1180	76.6100	87.4000
31.6395	76.9700	87.2000
32.1698	77.2800	86.9000
32.7090	77.5100	86.6000
33.2572	77.7300	86.3000
33.8146	78.0200	86.0000
34.3813	78.4100	85.7000
34.9576	78.8500	85.4000
35.5435	79.2200	85.2000
36.1392	79.5200	84.9000
36.7449	79.7900	84.6000
37.3607	80.0400	84.3000
37.9869	80.3200	84.0000
38.6236	80.6600	83.7000
39.2709	81.0100	83.4000
39.9291	81.2900	83.1000
40.5983	81.4900	82.8000
41.2788	81.6200	82.5000
41.9706	81.6600	82.2000
42.6741	81.5700	81.9000
43.3893	81.3200	81.6000
44.1165	81.0600	81.3000
44.8559	80.9300	81.0000
45.6077	80.9300	80.6000
46.3721	81.0500	80.3000
47.1493	81.2000	80.0000
47.9395	81.3000	79.7000
48.7430	81.3200	79.4000
49.5600	81.3200	79.0000
50.3906	81.3900	78.7000
51.2351	81.5100	78.4000
52.0939	81.6300	78.0000
52.9670	81.7000	77.7000
53.8547	81.7400	77.4000
54.7573	81.8300	77.0000
55.6751	82.0200	76.7000
56.6082	82.2500	76.3000
57.5570	82.4700	76.0000
58.5216	82.8000	75.6000
59.5025	83.3100	75.3000
60.4997	83.4500	74.9000
61.5137	83.2700	74.5000
62.5447	83.1100	74.2000
63.5930	83.1000	73.8000
64.6588	83.1600	73.4000
65.7425	83.2200	73.0000
66.8444	83.2400	72.7000
67.9647	83.2900	72.3000
69.1038	83.4600	71.9000
70.2620	83.6900	71.5000
71.4396	83.8600	71.0000
72.6370	84.0300	70.6000
73.8544	84.2300	70.2000
75.0922	84.4000	69.8000
76.3508	84.5100	69.4000
77.6304	84.6300	68.9000
78.9315	84.8200	68.5000
80.2544	84.9900	68.0000
81.5995	85.1200	67.6000
82.9672	85.2800	67.2000
84.3577	85.4100	66.7000
85.7716	85.4700	66.3000
87.2091	85.5100	65.8000
88.6707	85.5600	65.3000
90.1569	85.5800	64.8000
91.6680	85.6000	64.3000
93.2043	85.6900	63.9000
94.7665	85.7900	63.4000
96.3548	85.8700	62.9000
97.9697	85.9600	62.4000
99.6117	86.0300	61.9000
101.2812	86.0700	61.3000
102.9787	86.1300	60.8000
104.7047	86.2100	60.3000
106.4595	86.2700	59.8000
108.2438	86.3400	59.2000
110.0580	86.4100	58.7000
111.9026	86.4600	58.2000
113.7781	86.5400	57.6000
115.6851	86.5700	57.0000
117.6240	86.5200	56.5000
119.5954	86.3800	55.9000
121.5998	86.3600	55.3000
123.6379	86.4500	54.7000
125.7101	86.4700	54.1000
127.8170	86.4800	53.6000
129.9592	86.5000	53.0000
132.1374	86.5400	52.3000
134.3520	86.6100	51.7000
136.6038	86.6900	51.1000
138.8933	86.7700	50.5000
141.2212	86.8600	49.8000
143.5881	86.9200	49.2000
145.9947	86.9700	48.6000
148.4416	87.0100	47.9000
150.9295	87.0600	47.3000
153.4591	87.1000	46.6000
156.0312	87.1400	46.0000
158.6463	87.1700	45.3000
161.3052	87.1700	44.6000
164.0087	87.1700	44.0000
166.7576	87.1800	43.3000
169.5525	87.2100	42.6000
172.3942	87.2500	42.0000
175.2836	87.3200	41.3000
178.2214	87.4000	40.6000
181.2084	87.4600	39.9000
184.2455	87.5200	39.2000
187.3335	87.6200	38.5000
190.4733	87.7300	37.9000
193.6656	87.8400	37.2000
196.9115	87.8900	36.5000
200.2118	87.8900	35.8000
203.5674	87.8600	35.2000
206.9792	87.8400	34.5000
210.4483	87.8300	33.8000
213.9754	87.8200	33.2000
217.5617	87.8500	32.5000
221.2081	87.9200	31.9000
224.9156	87.9800	31.2000
228.6852	87.9900	30.6000
232.5181	87.9600	30.0000
236.4151	87.9200	29.4000
240.3775	87.8900	28.8000
244.4063	87.8500	28.2000
248.5026	87.8500	27.6000
252.6676	87.9000	27.1000
256.9023	87.9200	26.5000
261.2081	87.9100	26.0000
265.5860	87.8500	25.5000
270.0373	87.7900	25.0000
274.5632	87.7600	24.6000
279.1649	87.7700	24.1000
283.8438	87.8000	23.7000
288.6011	87.8300	23.3000
293.4381	87.8200	23.0000
298.3562	87.8000	22.6000
303.3567	87.8000	22.3000
308.4410	87.8300	22.0000
313.6106	87.8600	21.8000
318.8668	87.8500	21.6000
324.2111	87.7900	21.4000
329.6449	87.7200	21.2000
335.1698	87.6800	21.1000
340.7874	87.6700	21.0000
346.4991	87.6500	20.9000
352.3065	87.6200	20.8000
358.2112	87.5900	20.8000
364.2149	87.5900	20.8000
370.3193	87.6000	20.8000
376.5259	87.6100	20.8000
382.8366	87.5900	20.8000
389.2530	87.5900	20.9000
395.7770	87.5200	20.9000
402.4103	87.4900	21.0000
409.1548	87.5100	21.1000
416.0123	87.6200	21.3000
422.9848	87.5600	21.4000
430.0741	87.5600	21.6000
437.2823	87.6100	21.8000
444.6112	87.7900	21.9000
452.0630	88.0000	22.1000
459.6397	88.0500	22.3000
467.3434	87.9800	22.6000
475.1762	87.8800	22.8000
483.1402	87.8500	23.0000
491.2378	87.8900	23.1000
499.4710	87.9400	23.3000
507.8423	88.0100	23.5000
516.3539	88.0800	23.6000
525.0081	88.1600	23.7000
533.8074	88.2400	23.7000
542.7541	88.3300	23.7000
551.8508	88.4300	23.6000
561.0999	88.5200	23.5000
570.5041	88.6200	23.3000
580.0659	88.7100	23.0000
589.7879	88.8100	22.7000
599.6729	88.9000	22.3000
609.7236	88.9800	21.9000
619.9427	89.0600	21.3000
630.3331	89.1300	20.7000
640.8976	89.1900	20.1000
651.6392	89.2400	19.5000
662.5609	89.2700	18.8000
673.6656	89.2900	18.1000
684.9564	89.3000	17.5000
696.4364	89.3000	16.9000
708.1088	89.2800	16.3000
719.9769	89.2500	15.8000
732.0439	89.2200	15.3000
744.3131	89.1800	15.0000
756.7880	89.1400	14.8000
769.4720	89.1000	14.7000
782.3685	89.0700	14.6000
795.4812	89.0600	14.6000
808.8137	89.0500	14.7000
822.3696	89.0700	14.8000
836.1527	89.1000	14.9000
850.1668	89.1400	14.9000
864.4158	89.1900	14.8000
878.9036	89.2500	14.6000
893.6343	89.3100	14.3000
908.6118	89.3500	13.8000
923.8404	89.3800	13.3000
939.3242	89.3900	12.6000
955.0675	89.3700	12.0000
971.0746	89.3200	11.4000
987.3501	89.2400	11.0000
1003.8983	89.1400	10.7000
1020.7239	89.0200	10.8000
1037.8315	88.9000	11.1000
1055.2258	88.8000	11.8000
1072.9116	88.7400	12.8000
1090.8939	88.7300	14.0000
1109.1775	88.7800	15.3000
1127.7676	88.9000	16.6000
1146.6693	89.0900	17.6000
1165.8877	89.3200	18.4000
1185.4283	89.5900	18.7000
1205.2964	89.8600	18.7000
1225.4974	90.1300	18.3000
1246.0371	90.3800	17.5000
1266.9209	90.5900	16.6000
1288.1549	90.7800	15.5000
1309.7446	90.9500	14.3000
1331.6963	91.0900	13.1000
1354.0158	91.2200	11.9000
1376.7095	91.3500	10.6000
1399.7835	91.4900	9.2000
1423.2442	91.6200	7.7000
1447.0981	91.7400	5.9000
1471.3518	91.8500	3.9000
1496.0120	91.9200	1.5000
1521.0856	91.9400	-1.1000
1546.5793	91.9000	-3.8000
1572.5004	91.7700	-6.6000
1598.8559	91.5600	-9.2000
1625.6531	91.2800	-11.6000
1652.8994	90.9500	-13.5000
1680.6024	90.5800	-14.9000
1708.7697	90.2200	-15.7000
1737.4091	89.8900	-16.1000
1766.5285	89.6100	-16.4000
1796.1360	89.3700	-16.6000
1826.2397	89.1400	-17.1000
1856.8479	88.9000	-17.7000
1887.9691	88.5900	-18.4000
1919.6120	88.2300	-18.8000
1951.7851	87.8200	-18.6000
1984.4975	87.4200	-17.8000
2017.7582	87.0700	-16.4000
2051.5763	86.8200	-14.8000
2085.9612	86.6300	-13.3000
2120.9224	86.4700	-12.1000
2156.4696	86.2800	-10.9000
2192.6126	86.0500	-9.5000
2229.3613	85.8300	-7.5000
2266.7259	85.6800	-5.0000
2304.7168	85.6600	-2.2000
2343.3444	85.7500	0.2000
2382.6195	85.9100	2.2000
2422.5528	86.0700	3.6000
2463.1553	86.2200	4.7000
2504.4384	86.3500	5.8000
2546.4134	86.4900	6.8000
2589.0919	86.6500	7.9000
2632.4858	86.8400	8.9000
2676.6069	87.0700	9.9000
2721.4674	87.3800	10.7000
2767.0799	87.7600	11.0000
2813.4568	88.1700	10.4000
2860.6111	88.5400	8.9000
2908.5556	88.8000	6.6000
2957.3037	88.9000	4.0000
3006.8689	88.8800	1.6000
3057.2647	88.7500	-0.1000
3108.5052	88.6100	-1.1000
3160.6045	88.5200	-1.5000
3213.5770	88.5300	-1.9000
3267.4374	88.5900	-2.7000
3322.2004	88.6300	-4.4000
3377.8813	88.5300	-6.4000
3434.4954	88.2600	-8.1000
3492.0584	87.8900	-8.6000
3550.5862	87.5900	-7.6000
3610.0949	87.5000	-5.9000
3670.6009	87.6000	-4.7000
3732.1211	87.8100	-4.3000
3794.6724	88.0100	-4.9000
3858.2720	88.1500	-6.0000
3922.9376	88.2200	-7.2000
3988.6870	88.2800	-7.7000
4055.5384	88.4900	-7.8000
4123.5102	88.9300	-8.8000
4192.6212	89.4700	-11.6000
4262.8906	89.9700	-16.3000
4334.3377	90.3600	-22.2000
4406.9822	90.8100	-28.9000
4480.8443	91.5700	-38.2000
4555.9444	92.6100	-54.1000
4632.3031	93.3500	-79.6000
4709.9417	93.2700	-114.5000
4788.8814	92.2200	-159.6000
4869.1443	90.4400	160.3000
4950.7523	88.3100	118.2000
5033.7281	86.3400	89.7000
5118.0947	85.3100	75.0000
5203.8752	85.5600	66.4000
5291.0934	86.2600	57.8000
5379.7734	86.8000	49.2000
5469.9397	87.0400	41.8000
5561.6173	87.0700	36.5000
5654.8313	87.1000	33.0000
5749.6077	87.2000	30.0000
5845.9725	87.1700	27.2000
5943.9525	87.0900	26.3000
6043.5746	87.2100	26.3000
6144.8664	87.4800	26.3000
6247.8558	87.9100	26.5000
6352.5714	88.5900	25.7000
6459.0421	89.3400	22.8000
6567.2972	90.0700	17.9000
6677.3667	90.5700	10.5000
6789.2810	90.6000	2.2000
6903.0710	90.2600	-5.2000
7018.7682	89.7200	-12.0000
7136.4045	88.8700	-18.2000
7256.0123	87.6700	-22.5000
7377.6249	86.2400	-23.5000
7501.2757	84.8800	-20.5000
7626.9989	83.8500	-14.3000
7754.8293	83.1600	-5.7000
7884.8021	83.1900	6.2000
8016.9533	84.4300	17.3000
8151.3194	86.5200	21.6000
8287.9375	88.6400	18.1000
8426.8454	90.3000	7.7000
8568.0814	90.8300	-7.3000
8711.6845	90.0000	-19.8000
8857.6945	88.7100	-24.5000
9006.1516	88.0200	-23.9000
9157.0969	88.1300	-23.6000
9310.5721	88.5700	-28.0000
9466.6196	88.5400	-36.6000
9625.2825	87.6700	-45.7000
9786.6046	86.1000	-51.4000
9950.6305	84.2200	-50.3000
10117.4050	82.8700	-40.8000
10286.9760	83.2000	-27.4000
10459.3880	85.3500	-20.7000
10634.6900	88.0200	-29.0000
10812.9300	89.1700	-51.0000
10994.1570	87.9300	-73.8000
11178.4220	85.1900	-87.2000
11365.7750	82.2600	-89.7000
11556.2680	80.0500	-84.3000
11749.9540	78.9800	-75.5000
11946.8860	79.3700	-70.5000
12147.1190	79.8400	-77.1000
12350.7080	78.6800	-89.9000
12557.7080	75.5600	-96.5000
12768.1790	72.0400	-85.5000
12982.1770	71.0800	-63.0000
13199.7610	72.5200	-49.2000
13420.9920	74.2400	-48.7000
13645.9310	74.8100	-58.3000
13874.6410	73.4100	-66.6000
14107.1830	71.4600	-63.6000
14343.6230	70.6400	-53.8000
14584.0250	71.1000	-44.7000
14828.4570	72.2800	-43.4000
15076.9860	73.0300	-49.0000
15329.6800	72.8400	-57.2000
15586.6090	71.9800	-63.7000
15847.8440	70.8200	-68.3000
16113.4580	69.4200	-70.2000
16383.5240	67.9800	-69.7000
16658.1150	66.1100	-65.2000
16937.3100	64.8800	-51.1000
17221.1830	65.2600	-35.1000
17509.8140	67.2700	-23.5000
17803.2830	70.1100	-23.5000
18101.6700	72.5600	-35.0000
18405.0590	73.8100	-54.3000
18713.5320	73.2700	-74.1000
19027.1760	71.7900	-85.9000
19346.0760	70.5800	-90.7000
19670.3210	70.1800	-91.8000
20000.0000	70.3900	-92.4000