19.8660	76.1800	83.1000
20.1989	76.3500	83.0000
20.5375	76.5600	82.9000
20.8817	76.8300	82.8000
21.2317	77.1300	82.7000
21.5875	77.3900	82.6000
21.9493	77.5300	82.4000
22.3172	77.5800	82.3000
22.6913	77.5800	82.2000
23.0716	77.5800	82.1000
23.4583	77.6100	81.9000
23.8514	77.7400	81.8000
24.2512	77.9500	81.6000
24.6576	78.2100	81.5000
25.0709	78.4600	81.3000
25.4911	78.7000	81.2000
25.9183	78.9000	81.0000
26.3527	79.0200	80.9000
26.7944	79.0700	80.8000
27.2435	79.0900	80.6000
27.7001	79.1400	80.5000
28.1644	79.2700	80.3000
28.6364	79.5200	80.2000
29.1164	79.8000	80.0000
29.6044	80.0500	79.8000
30.1005	80.2500	79.6000
30.6050	80.4100	79.4000
31.1180	80.5300	79.3000
31.6395	80.6400	79.1000
32.1698	80.7900	78.9000
32.7090	81.0300	78.7000
33.2572	81.3500	78.6000
33.8146	81.6700	78.4000
34.3813	81.9500	78.2000
34.9576	82.1800	78.0000
35.5435	82.3800	77.8000
36.1392	82.5700	77.6000
36.7449	82.8000	77.4000
37.3607	83.0900	77.2000
37.9869	83.3900	76.9000
38.6236	83.6600	76.7000
39.2709	83.8100	76.5000
39.9291	83.7900	76.3000
40.5983	83.6700	76.1000
41.2788	83.6200	75.8000
41.9706	83.6900	75.6000
42.6741	83.8700	75.4000
43.3893	84.0900	75.1000
44.1165	84.2300	74.9000
44.8559	84.2800	74.6000
45.6077	84.3200	74.3000
46.3721	84.3900	74.1000
47.1493	84.4600	73.8000
47.9395	84.5000	73.6000
48.7430	84.4900	73.3000
49.5600	84.4700	73.0000
50.3906	84.4900	72.8000
51.2351	84.5600	72.5000
52.0939	84.6200	72.2000
52.9670	84.6600	71.9000
53.8547	84.7000	71.6000
54.7573	84.8100	71.3000
55.6751	85.0100	70.9000
56.6082	85.2200	70.6000
57.5570	85.4200	70.3000
58.5216	85.6100	70.0000
59.5025	85.7900	69.7000
60.4997	85.9800	69.4000
61.5137	86.1500	69.0000
62.5447	86.2700	68.7000
63.5930	86.3500	68.4000
64.6588	86.4300	68.0000
65.7425	86.5200	67.6000
66.8444	86.6000	67.2000
67.9647	86.6500	66.8000
69.1038	86.6600	66.5000
70.2620	86.7000	66.1000
71.4396	86.7700	65.7000
72.6370	86.8400	65.3000
73.8544	86.8900	64.9000
75.0922	86.9700	64.5000
76.3508	87.1000	64.1000
77.6304	87.2300	63.7000
78.9315	87.3200	63.3000
80.2544	87.4000	62.8000
81.5995	87.5300	62.4000
82.9672	87.6400	61.9000
84.3577	87.6900	61.5000
85.7716	87.7700	61.0000
87.2091	87.9000	60.6000
88.6707	88.0000	60.1000
90.1569	88.0600	59.6000
91.6680	88.1400	59.1000
93.2043	88.2500	58.6000
94.7665	88.3300	58.1000
96.3548	88.4000	57.6000
97.9697	88.4600	57.1000
99.6117	88.4900	56.6000
101.2812	88.4900	56.1000
102.9787	88.5200	55.5000
104.7047	88.5500	55.0000
106.4595	88.5600	54.4000
108.2438	88.6000	53.9000
110.0580	88.6700	53.3000
111.9026	88.7400	52.8000
113.7781	88.8400	52.2000
115.6851	88.9300	51.6000
117.6240	89.0100	51.0000
119.5954	89.0500	50.4000
121.5998	88.9800	49.8000
123.6379	88.8200	49.2000
125.7101	88.7500	48.5000
127.8170	88.7300	47.9000
129.9592	88.7200	47.3000
132.1374	88.7300	46.6000
134.3520	88.7500	46.0000
136.6038	88.7600	45.3000
138.8933	88.8100	44.7000
141.2212	88.8600	44.0000
143.5881	88.9100	43.3000
145.9947	88.9500	42.7000
148.4416	89.0000	42.0000
150.9295	89.0400	41.3000
153.4591	89.0500	40.6000
156.0312	89.0500	39.9000
158.6463	89.0500	39.2000
161.3052	89.0200	38.4000
164.0087	88.9800	37.7000
166.7576	88.9200	37.0000
169.5525	88.8800	36.3000
172.3942	88.8800	35.6000
175.2836	88.9200	34.8000
178.2214	88.9800	34.1000
181.2084	89.0200	33.4000
184.2455	89.0500	32.6000
187.3335	89.0900	31.9000
190.4733	89.1300	31.2000
193.6656	89.1700	30.4000
196.9115	89.1900	29.7000
200.2118	89.1700	29.0000
203.5674	89.1600	28.3000
206.9792	89.1700	27.5000
210.4483	89.1700	26.8000
213.9754	89.1700	26.1000
217.5617	89.1800	25.4000
221.2081	89.2200	24.7000
224.9156	89.2700	24.0000
228.6852	89.3100	23.4000
232.5181	89.3100	22.7000
236.4151	89.2900	22.1000
240.3775	89.2500	21.4000
244.4063	89.2100	20.8000
248.5026	89.1600	20.2000
252.6676	89.1500	19.7000
256.9023	89.1300	19.2000
261.2081	89.0700	18.6000
265.5860	89.0200	18.1000
270.0373	88.9900	17.7000
274.5632	88.9900	17.3000
279.1649	88.9900	16.9000
283.8438	88.9800	16.5000
288.6011	88.9500	16.2000
293.4381	88.9100	15.9000
298.3562	88.8700	15.6000
303.3567	88.8700	15.5000
308.4410	88.9100	15.3000
313.6106	88.9400	15.2000
318.8668	88.9100	15.1000
324.2111	88.8100	15.0000
329.6449	88.7000	15.0000
335.1698	88.6300	15.1000
340.7874	88.6000	15.2000
346.4991	88.5900	15.3000
352.3065	88.5600	15.4000
358.2112	88.5400	15.6000
364.2149	88.5200	15.8000
370.3193	88.5100	16.0000
376.5259	88.4800	16.3000
382.8366	88.4400	16.5000
389.2530	88.4200	16.8000
395.7770	88.4200	17.0000
402.4103	88.4500	17.3000
409.1548	88.4500	17.5000
416.0123	88.4900	17.7000
422.9848	88.4700	17.9000
430.0741	88.4900	18.1000
437.2823	88.5900	18.2000
444.6112	88.7900	18.2000
452.0630	89.0000	18.2000
459.6397	89.0800	18.2000
467.3434	89.0800	18.1000
475.1762	89.0300	18.0000
483.1402	89.0200	17.9000
491.2378	89.0500	17.7000
499.4710	89.0900	17.5000
507.8423	89.1200	17.2000
516.3539	89.1500	16.9000
525.0081	89.1800	16.6000
533.8074	89.1900	16.3000
542.7541	89.2100	16.0000
551.8508	89.2100	15.7000
561.0999	89.2100	15.4000
570.5041	89.2000	15.1000
580.0659	89.1800	14.9000
589.7879	89.1600	14.7000
599.6729	89.1300	14.5000
609.7236	89.1000	14.4000
619.9427	89.0600	14.3000
630.3331	89.0200	14.3000
640.8976	88.9900	14.4000
651.6392	88.9500	14.6000
662.5609	88.9200	14.8000
673.6656	88.9000	15.1000
684.9564	88.8800	15.4000
696.4364	88.8800	15.8000
708.1088	88.8900	16.3000
719.9769	88.9100	16.8000
732.0439	88.9500	17.3000
744.3131	89.0100	17.8000
756.7880	89.0800	18.2000
769.4720	89.1700	18.6000
782.3685	89.2700	18.9000
795.4812	89.3900	19.1000
808.8137	89.5100	19.2000
822.3696	89.6400	19.2000
836.1527	89.7800	19.0000
850.1668	89.9100	18.7000
864.4158	90.0300	18.2000
878.9036	90.1500	17.6000
893.6343	90.2400	16.9000
908.6118	90.3200	16.1000
923.8404	90.3700	15.2000
939.3242	90.4000	14.3000
955.0675	90.3900	13.3000
971.0746	90.3600	12.5000
987.3501	90.3000	11.7000
1003.8983	90.2200	11.1000
1020.7239	90.1100	10.7000
1037.8315	90.0000	10.5000
1055.2258	89.8900	10.6000
1072.9116	89.7900	11.0000
1090.8939	89.7200	11.6000
1109.1775	89.6900	12.5000
1127.7676	89.7200	13.4000
1146.6693	89.8000	14.3000
1165.8877	89.9300	15.0000
1185.4283	90.1000	15.4000
1205.2964	90.3000	15.5000
1225.4974	90.4900	15.3000
1246.0371	90.6800	14.7000
1266.9209	90.8400	13.8000
1288.1549	90.9700	12.8000
1309.7446	91.0500	11.6000
1331.6963	91.0900	10.3000
1354.0158	91.1000	9.2000
1376.7095	91.0800	8.2000
1399.7835	91.0500	7.3000
1423.2442	91.0200	6.6000
1447.0981	91.0000	6.0000
1471.3518	90.9900	5.4000
1496.0120	90.9900	4.8000
1521.0856	91.0000	3.9000
1546.5793	91.0000	3.0000
1572.5004	90.9800	1.8000
1598.8559	90.9200	0.6000
1625.6531	90.8100	-0.6000
1652.8994	90.6600	-1.7000
1680.6024	90.4700	-2.5000
1708.7697	90.2800	-3.1000
1737.4091	90.0900	-3.3000
1766.5285	89.9300	-3.3000
1796.1360	89.8000	-3.3000
1826.2397	89.6800	-3.3000
1856.8479	89.5600	-3.5000
1887.9691	89.4100	-3.7000
1919.6120	89.2200	-3.8000
1951.7851	88.9900	-3.6000
1984.4975	88.7700	-2.9000
2017.7582	88.6000	-1.7000
2051.5763	88.5000	-0.4000
2085.9612	88.4600	0.9000
2120.9224	88.4600	1.9000
2156.4696	88.4500	2.7000
2192.6126	88.4200	3.6000
2229.3613	88.3900	4.7000
2266.7259	88.4100	6.2000
2304.7168	88.5100	7.8000
2343.3444	88.7000	9.2000
2382.6195	88.9500	10.2000
2422.5528	89.2200	10.8000
2463.1553	89.5100	11.2000
2504.4384	89.8300	11.4000
2546.4134	90.2400	11.3000
2589.0919	90.7000	10.3000
2632.4858	91.1800	8.2000
2676.6069	91.5800	4.9000
2721.4674	91.8000	0.7000
2767.0799	91.8200	-3.6000
2813.4568	91.6400	-7.1000
2860.6111	91.4200	-9.1000
2908.5556	91.4300	-9.6000
2957.3037	91.8900	-10.6000
3006.8689	92.7400	-14.9000
3057.2647	93.6000	-24.3000
3108.5052	94.1100	-38.9000
3160.6045	94.0100	-58.1000
3213.5770	93.1300	-81.5000
3267.4374	91.4700	-109.3000
3322.2004	89.1700	-142.3000
3377.8813	86.7700	51.2000
3434.4954	85.0200	140.4000
3492.0584	84.2100	107.9000
3550.5862	84.0800	87.1000
3610.0949	84.4600	76.7000
3670.6009	85.3600	71.5000
3732.1211	86.4800	67.4000
3794.6724	87.5300	63.1000
3858.2720	88.4100	58.9000
3922.9376	89.1700	55.1000
3988.6870	89.8400	51.4000
4055.5384	90.4000	47.7000
4123.5102	90.8600	44.5000
4192.6212	91.3300	41.6000
4262.8906	91.8500	38.4000
4334.3377	92.3200	34.4000
4406.9822	92.6300	29.9000
4480.8443	92.8300	25.9000
4555.9444	93.0200	22.2000
4632.3031	93.2600	18.6000
4709.9417	93.6800	14.4000
4788.8814	94.2000	6.9000
4869.1443	94.2200	-5.6000
4950.7523	92.8800	-20.4000
5033.7281	89.6300	-28.1000
5118.0947	85.6500	-13.8000
5203.8752	86.0500	16.4000
5291.0934	88.9800	25.7000
5379.7734	91.0400	22.9000
5469.9397	92.3800	16.6000
5561.6173	93.2900	7.9000
5654.8313	93.5700	-3.1000
5749.6077	92.9900	-13.9000
5845.9725	91.6900	-20.2000
5943.9525	90.4800	-19.8000
6043.5746	90.1300	-17.4000
6144.8664	90.0600	-18.6000
6247.8558	89.6200	-20.7000
6352.5714	89.1400	-20.4000
6459.0421	89.0600	-19.6000
6567.2972	89.1300	-21.6000
6677.3667	88.8200	-25.3000
6789.2810	88.1500	-27.4000
6903.0710	87.4500	-27.1000
7018.7682	86.9900	-25.2000
7136.4045	86.7500	-23.5000
7256.0123	86.6200	-22.3000
7377.6249	86.5400	-21.6000
7501.2757	86.3900	-21.2000
7626.9989	86.2400	-19.6000
7754.8293	86.3300	-16.6000
7884.8021	87.0100	-13.9000
8016.9533	88.1700	-15.4000
8151.3194	89.1700	-22.7000
8287.9375	89.5000	-34.4000
8426.8454	88.8700	-47.3000
8568.0814	87.2500	-57.1000
8711.6845	85.1700	-60.6000
8857.6945	83.2200	-57.4000
9006.1516	81.9800	-48.8000
9157.0969	81.8200	-38.8000
9310.5721	82.5700	-32.5000
9466.6196	83.8800	-30.8000
9625.2825	85.2900	-40.0000
9786.6046	84.5400	-52.9000
9950.6305	83.8600	-54.0000
10117.4050	83.7900	-63.3000
10286.9760	81.9600	-67.3000
10459.3880	82.1800	-62.5000
10634.6900	83.0600	-73.8000
10812.9300	82.1800	-90.5000
10994.1570	80.1300	-103.8000
11178.4220	77.3400	-111.2000
11365.7750	74.6400	-112.1000
11556.2680	72.1500	-110.8000
11749.9540	69.8200	-105.1000
11946.8860	68.3000	-97.1000
12147.1190	67.6100	-91.9000
12350.7080	67.0600	-93.7000
12557.7080	65.5900	-101.3000
12768.1790	62.9100	-108.3000
12982.1770	59.7900	-115.3000
13199.7610	55.8400	-134.7000
13420.9920	50.3300	-140.0000
13645.9310	47.1700	83.7000
13874.6410	48.9900	42.3000
14107.1830	52.2400	38.4000
14343.6230	55.5900	34.0000
14584.0250	56.8600	18.7000
14828.4570	54.3900	5.6000
15076.9860	51.5000	32.2000
15329.6800	52.8800	51.1000
15586.6090	54.3300	59.2000
15847.8440	56.0600	59.1000
16113.4580	57.4400	45.7000
16383.5240	57.1100	22.1000
16658.1150	54.0100	-5.8000
16937.3100	49.2900	-54.2000
17221.1830	45.0600	-146.2000
17509.8140	46.8900	141.1000
17803.2830	47.9200	115.5000
18101.6700	48.8800	114.7000
18405.0590	49.7400	125.2000
18713.5320	52.4400	133.8000
19027.1760	55.9700	129.5000
19346.0760	58.4800	110.8000
19670.3210	59.0500	90.3000
20000.0000	58.9700	81.8000