19.8660	83.4800	48.6000
20.1989	83.6800	48.9000
20.5375	83.8500	49.2000
20.8817	84.0000	49.5000
21.2317	84.1300	49.9000
21.5875	84.2400	50.2000
21.9493	84.3300	50.5000
22.3172	84.4100	50.8000
22.6913	84.4800	51.0000
23.0716	84.5500	51.3000
23.4583	84.6500	51.6000
23.8514	84.7900	51.9000
24.2512	84.9700	52.1000
24.6576	85.1400	52.4000
25.0709	85.2700	52.6000
25.4911	85.3600	52.9000
25.9183	85.4500	53.1000
26.3527	85.5400	53.3000
26.7944	85.6600	53.6000
27.2435	85.8000	53.8000
27.7001	85.9500	54.1000
28.1644	86.1000	54.3000
28.6364	86.2400	54.5000
29.1164	86.3700	54.6000
29.6044	86.4800	54.8000
30.1005	86.5700	55.0000
30.6050	86.6800	55.2000
31.1180	86.8200	55.3000
31.6395	87.0100	55.5000
32.1698	87.1800	55.7000
32.7090	87.3300	55.8000
33.2572	87.4400	56.0000
33.8146	87.5600	56.1000
34.3813	87.6800	56.2000
34.9576	87.8200	56.3000
35.5435	88.0100	56.4000
36.1392	88.2400	56.6000
36.7449	88.4600	56.7000
37.3607	88.6400	56.7000
37.9869	88.8000	56.8000
38.6236	88.9500	56.9000
39.2709	89.1200	57.0000
39.9291	89.3100	57.0000
40.5983	89.5000	57.1000
41.2788	89.6700	57.1000
41.9706	89.8000	57.2000
42.6741	89.8700	57.2000
43.3893	89.8900	57.2000
44.1165	89.8600	57.2000
44.8559	89.7500	57.2000
45.6077	89.6300	57.2000
46.3721	89.5500	57.2000
47.1493	89.5300	57.2000
47.9395	89.5500	57.2000
48.7430	89.6200	57.1000
49.5600	89.7100	57.1000
50.3906	89.7800	57.1000
51.2351	89.8300	57.0000
52.0939	89.8600	56.9000
52.9670	89.8700	56.9000
53.8547	89.8700	56.8000
54.7573	89.8700	56.7000
55.6751	89.8700	56.6000
56.6082	89.9000	56.5000
57.5570	90.0200	56.4000
58.5216	90.1800	56.2000
59.5025	90.2800	56.1000
60.4997	90.3000	56.0000
61.5137	90.3000	55.8000
62.5447	90.3600	55.6000
63.5930	90.4700	55.5000
64.6588	90.5400	55.3000
65.7425	90.5800	55.1000
66.8444	90.6800	54.9000
67.9647	90.8200	54.7000
69.1038	90.9300	54.5000
70.2620	91.0200	54.3000
71.4396	91.1300	54.1000
72.6370	91.2500	53.8000
73.8544	91.3300	53.6000
75.0922	91.4000	53.3000
76.3508	91.4800	53.1000
77.6304	91.5900	52.8000
78.9315	91.6700	52.6000
80.2544	91.7400	52.3000
81.5995	91.8500	51.9000
82.9672	91.9600	51.6000
84.3577	92.0000	51.3000
85.7716	92.0200	51.0000
87.2091	92.0500	50.7000
88.6707	92.0600	50.3000
90.1569	92.0700	50.0000
91.6680	92.1300	49.6000
93.2043	92.2400	49.2000
94.7665	92.3500	48.9000
96.3548	92.4100	48.5000
97.9697	92.4200	48.1000
99.6117	92.3700	47.7000
101.2812	92.2900	47.2000
102.9787	92.2500	46.8000
104.7047	92.2300	46.4000
106.4595	92.2700	45.9000
108.2438	92.3400	45.5000
110.0580	92.4000	45.1000
111.9026	92.4700	44.6000
113.7781	92.5800	44.1000
115.6851	92.6500	43.6000
117.6240	92.7400	43.1000
119.5954	92.7300	42.6000
121.5998	92.5100	42.1000
123.6379	92.2700	41.6000
125.7101	92.1300	41.1000
127.8170	92.0600	40.5000
129.9592	92.0500	40.0000
132.1374	92.0400	39.4000
134.3520	92.0300	38.9000
136.6038	92.0500	38.3000
138.8933	92.1000	37.7000
141.2212	92.1600	37.2000
143.5881	92.1900	36.6000
145.9947	92.2300	36.0000
148.4416	92.2900	35.4000
150.9295	92.3400	34.8000
153.4591	92.3600	34.2000
156.0312	92.3700	33.5000
158.6463	92.3600	32.9000
161.3052	92.2900	32.3000
164.0087	92.1800	31.7000
166.7576	92.0800	31.0000
169.5525	91.9900	30.4000
172.3942	91.9400	29.8000
175.2836	91.9400	29.1000
178.2214	91.9800	28.5000
181.2084	92.0200	27.8000
184.2455	92.0800	27.2000
187.3335	92.1600	26.6000
190.4733	92.2700	26.0000
193.6656	92.3700	25.3000
196.9115	92.4100	24.7000
200.2118	92.3900	24.1000
203.5674	92.3300	23.5000
206.9792	92.2900	22.9000
210.4483	92.2700	22.3000
213.9754	92.2500	21.7000
217.5617	92.2700	21.2000
221.2081	92.3800	20.6000
224.9156	92.5100	20.1000
228.6852	92.5400	19.6000
232.5181	92.4700	19.1000
236.4151	92.3700	18.6000
240.3775	92.3100	18.1000
244.4063	92.2100	17.7000
248.5026	92.1400	17.3000
252.6676	92.1200	16.9000
256.9023	92.1100	16.6000
261.2081	92.0800	16.3000
265.5860	92.0100	16.0000
270.0373	91.9600	15.7000
274.5632	91.9700	15.5000
279.1649	92.0000	15.4000
283.8438	92.0200	15.2000
288.6011	92.0000	15.1000
293.4381	91.9600	15.1000
298.3562	91.9500	15.1000
303.3567	92.0000	15.1000
308.4410	92.0700	15.1000
313.6106	92.1100	15.2000
318.8668	92.0800	15.4000
324.2111	91.9900	15.6000
329.6449	91.8700	15.8000
335.1698	91.8000	16.0000
340.7874	91.7600	16.2000
346.4991	91.7300	16.4000
352.3065	91.6900	16.7000
358.2112	91.6800	17.0000
364.2149	91.7100	17.2000
370.3193	91.7300	17.5000
376.5259	91.7400	17.7000
382.8366	91.7500	18.0000
389.2530	91.7600	18.2000
395.7770	91.7700	18.4000
402.4103	91.8100	18.5000
409.1548	91.8800	18.7000
416.0123	91.9600	18.7000
422.9848	92.0300	18.8000
430.0741	92.0600	18.8000
437.2823	92.0700	18.8000
444.6112	92.0800	18.7000
452.0630	92.1000	18.6000
459.6397	92.1300	18.5000
467.3434	92.1500	18.3000
475.1762	92.1600	18.1000
483.1402	92.1700	17.9000
491.2378	92.1800	17.7000
499.4710	92.1900	17.5000
507.8423	92.2000	17.3000
516.3539	92.2100	17.2000
525.0081	92.2300	17.0000
533.8074	92.2500	16.8000
542.7541	92.2700	16.7000
551.8508	92.2900	16.6000
561.0999	92.3100	16.4000
570.5041	92.3400	16.2000
580.0659	92.3600	16.0000
589.7879	92.3800	15.8000
599.6729	92.4000	15.6000
609.7236	92.4100	15.3000
619.9427	92.4300	15.0000
630.3331	92.4500	14.8000
640.8976	92.4600	14.5000
651.6392	92.4700	14.2000
662.5609	92.4700	13.8000
673.6656	92.4800	13.5000
684.9564	92.4700	13.1000
696.4364	92.4600	12.7000
708.1088	92.4400	12.3000
719.9769	92.4200	12.0000
732.0439	92.3900	11.6000
744.3131	92.3400	11.2000
756.7880	92.3000	10.8000
769.4720	92.2400	10.5000
782.3685	92.1800	10.3000
795.4812	92.1100	10.0000
808.8137	92.0300	9.9000
822.3696	91.9600	9.8000
836.1527	91.8800	9.7000
850.1668	91.8100	9.7000
864.4158	91.7300	9.8000
878.9036	91.6600	9.9000
893.6343	91.5900	10.0000
908.6118	91.5100	10.1000
923.8404	91.4400	10.2000
939.3242	91.3600	10.3000
955.0675	91.2700	10.5000
971.0746	91.1600	10.7000
987.3501	91.0500	11.0000
1003.8983	90.9200	11.5000
1020.7239	90.7900	12.1000
1037.8315	90.6500	13.0000
1055.2258	90.5300	14.2000
1072.9116	90.4400	15.7000
1090.8939	90.3900	17.4000
1109.1775	90.4000	19.3000
1127.7676	90.4800	21.2000
1146.6693	90.6300	23.0000
1165.8877	90.8500	24.5000
1185.4283	91.1200	25.6000
1205.2964	91.4100	26.3000
1225.4974	91.7100	26.4000
1246.0371	91.9900	26.1000
1266.9209	92.2400	25.4000
1288.1549	92.4400	24.4000
1309.7446	92.5900	23.2000
1331.6963	92.6900	22.0000
1354.0158	92.7400	20.8000
1376.7095	92.7500	19.7000
1399.7835	92.7300	18.7000
1423.2442	92.7100	17.9000
1447.0981	92.6800	17.2000
1471.3518	92.6600	16.5000
1496.0120	92.6500	15.8000
1521.0856	92.6400	14.9000
1546.5793	92.6000	13.9000
1572.5004	92.5400	12.6000
1598.8559	92.4300	11.3000
1625.6531	92.2600	10.0000
1652.8994	92.0300	8.8000
1680.6024	91.7600	7.9000
1708.7697	91.4400	7.4000
1737.4091	91.1100	7.2000
1766.5285	90.7800	7.4000
1796.1360	90.4700	7.9000
1826.2397	90.1700	8.5000
1856.8479	89.8800	9.2000
1887.9691	89.5700	9.9000
1919.6120	89.2300	10.8000
1951.7851	88.8500	11.9000
1984.4975	88.4300	13.5000
2017.7582	87.9900	15.8000
2051.5763	87.5600	18.9000
2085.9612	87.1900	22.9000
2120.9224	86.9300	27.8000
2156.4696	86.8300	33.2000
2192.6126	86.9200	38.8000
2229.3613	87.2100	44.1000
2266.7259	87.6400	48.6000
2304.7168	88.1600	52.1000
2343.3444	88.6900	54.8000
2382.6195	89.2000	56.9000
2422.5528	89.6900	58.6000
2463.1553	90.1700	60.0000
2504.4384	90.6600	61.1000
2546.4134	91.1500	61.9000
2589.0919	91.6300	62.4000
2632.4858	92.0800	62.5000
2676.6069	92.5100	62.3000
2721.4674	92.9000	62.0000
2767.0799	93.2500	61.5000
2813.4568	93.5600	61.0000
2860.6111	93.8300	60.6000
2908.5556	94.0700	60.3000
2957.3037	94.3000	60.3000
3006.8689	94.5500	60.6000
3057.2647	94.8600	61.2000
3108.5052	95.2600	61.7000
3160.6045	95.7500	61.9000
3213.5770	96.3100	61.3000
3267.4374	96.8600	59.8000
3322.2004	97.3300	57.4000
3377.8813	97.6600	54.6000
3434.4954	97.8400	51.9000
3492.0584	97.9100	49.8000
3550.5862	97.9200	48.4000
3610.0949	97.8900	48.0000
3670.6009	97.8200	49.1000
3732.1211	97.9200	53.4000
3794.6724	98.8500	60.1000
3858.2720	100.9200	63.1000
3922.9376	103.3600	57.3000
3988.6870	105.2000	43.3000
4055.5384	105.9100	25.2000
4123.5102	105.4800	7.3000
4192.6212	104.0500	-6.0000
4262.8906	102.3600	-11.9000
4334.3377	101.3200	-13.1000
4406.9822	100.8700	-15.9000
4480.8443	100.2000	-21.6000
4555.9444	98.9900	-26.4000
4632.3031	97.5200	-26.6000
4709.9417	96.5200	-21.6000
4788.8814	96.5600	-15.9000
4869.1443	97.2700	-15.6000
4950.7523	97.6600	-21.4000
5033.7281	97.3000	-28.8000
5118.0947	96.3700	-33.6000
5203.8752	95.4100	-34.8000
5291.0934	94.7600	-34.4000
5379.7734	94.4100	-34.6000
5469.9397	94.1200	-36.5000
5561.6173	93.6300	-39.6000
5654.8313	92.8500	-42.4000
5749.6077	91.8900	-43.0000
5845.9725	91.0600	-41.0000
5943.9525	90.7100	-37.4000
6043.5746	90.9800	-35.6000
6144.8664	91.4300	-39.1000
6247.8558	91.2900	-47.0000
6352.5714	90.1800	-54.6000
6459.0421	88.5600	-56.2000
6567.2972	87.6000	-52.0000
6677.3667	87.8500	-50.6000
6789.2810	87.9900	-59.0000
6903.0710	86.6300	-71.7000
7018.7682	83.5700	-78.0000
7136.4045	80.1300	-69.3000
7256.0123	78.6300	-48.7000
7377.6249	79.6000	-32.2000
7501.2757	81.1900	-30.8000
7626.9989	81.3000	-37.2000
7754.8293	80.2800	-38.6000
7884.8021	79.6000	-33.0000
8016.9533	80.0000	-26.5000
8151.3194	81.1700	-25.5000
8287.9375	82.3500	-32.1000
8426.8454	82.6500	-45.7000
8568.0814	81.3700	-60.5000
8711.6845	78.8400	-66.9000
8857.6945	76.5100	-63.1000
9006.1516	75.0900	-51.6000
9157.0969	75.7500	-35.3000
9310.5721	78.7800	-31.8000
9466.6196	81.1400	-47.9000
9625.2825	81.3800	-68.7000
9786.6046	80.8100	-84.4000
9950.6305	80.2300	-102.3000
10117.4050	78.3800	-121.3000
10286.9760	75.7100	-133.3000
10459.3880	73.1600	-140.6000
10634.6900	70.5800	-145.6000
10812.9300	67.6000	-147.4000
10994.1570	64.6200	-130.6000
11178.4220	67.8800	-105.0000
11365.7750	70.2000	-126.2000
11556.2680	67.4700	-155.8000
11749.9540	64.1400	-157.8000
11946.8860	65.0900	171.5000
12147.1190	64.2800	79.8000
12350.7080	64.4500	-25.2000
12557.7080	64.3200	-81.3000
12768.1790	62.4900	-102.3000
12982.1770	61.6300	-99.6000
13199.7610	61.4700	-94.1000
13420.9920	64.0900	-85.4000
13645.9310	66.4500	-106.7000
13874.6410	67.0700	-151.3000
14107.1830	66.2200	147.0000
14343.6230	64.3400	36.9000
14584.0250	61.1500	-85.4000
14828.4570	56.8000	5.1000
15076.9860	55.6400	119.7000
15329.6800	57.8500	76.0000
15586.6090	62.4000	51.3000
15847.8440	69.3400	20.8000
16113.4580	76.0500	-41.0000
16383.5240	77.9800	-123.6000
16658.1150	75.3100	143.9000
16937.3100	71.6500	119.1000
17221.1830	69.3100	84.1000
17509.8140	68.8000	45.3000
17803.2830	69.5600	-13.2000
18101.6700	71.1400	-94.5000
18405.0590	71.1200	179.0000
18713.5320	68.2400	116.9000
19027.1760	66.3800	83.3000
19346.0760	66.7000	47.9000
19670.3210	67.4400	13.9000
20000.0000	67.9700	-3.9000