19.8660	61.2300	125.1000
20.1989	61.2800	124.6000
20.5375	61.3800	124.0000
20.8817	61.6200	123.4000
21.2317	61.9700	122.9000
21.5875	62.3100	122.3000
21.9493	62.5400	121.7000
22.3172	62.6300	121.2000
22.6913	62.6600	120.6000
23.0716	62.6800	120.0000
23.4583	62.7200	119.5000
23.8514	62.8100	118.9000
24.2512	62.9700	118.4000
24.6576	63.1900	117.8000
25.0709	63.4700	117.3000
25.4911	63.8100	116.7000
25.9183	64.2000	116.2000
26.3527	64.6000	115.6000
26.7944	64.9900	115.0000
27.2435	65.3600	114.5000
27.7001	65.7500	113.9000
28.1644	66.1600	113.4000
28.6364	66.5900	112.8000
29.1164	67.0300	112.2000
29.6044	67.4700	111.7000
30.1005	67.9200	111.1000
30.6050	68.3700	110.6000
31.1180	68.8200	110.0000
31.6395	69.2600	109.5000
32.1698	69.6900	108.9000
32.7090	70.1000	108.4000
33.2572	70.5000	107.9000
33.8146	70.8800	107.4000
34.3813	71.2300	106.8000
34.9576	71.5500	106.3000
35.5435	71.8300	105.7000
36.1392	72.0800	105.2000
36.7449	72.3000	104.6000
37.3607	72.4900	104.1000
37.9869	72.6600	103.5000
38.6236	72.7900	103.0000
39.2709	72.8900	102.5000
39.9291	72.9500	102.0000
40.5983	72.9900	101.4000
41.2788	73.0300	100.9000
41.9706	73.0700	100.4000
42.6741	73.0900	99.9000
43.3893	73.1000	99.4000
44.1165	73.1100	98.8000
44.8559	73.1400	98.3000
45.6077	73.2100	97.8000
46.3721	73.3500	97.2000
47.1493	73.5200	96.7000
47.9395	73.7300	96.2000
48.7430	73.9400	95.7000
49.5600	74.1500	95.2000
50.3906	74.3500	94.7000
51.2351	74.5500	94.1000
52.0939	74.7600	93.6000
52.9670	74.9800	93.1000
53.8547	75.1800	92.5000
54.7573	75.3700	92.0000
55.6751	75.5700	91.5000
56.6082	75.8400	91.0000
57.5570	76.2200	90.5000
58.5216	76.7800	89.9000
59.5025	77.4000	89.4000
60.4997	77.5900	88.9000
61.5137	77.3700	88.4000
62.5447	77.2600	87.9000
63.5930	77.2400	87.4000
64.6588	77.1900	86.8000
65.7425	77.1000	86.3000
66.8444	77.0100	85.8000
67.9647	76.9400	85.2000
69.1038	76.9200	84.7000
70.2620	77.0300	84.1000
71.4396	77.2700	83.6000
72.6370	77.6200	83.1000
73.8544	78.0200	82.5000
75.0922	78.4400	82.0000
76.3508	78.8300	81.5000
77.6304	79.1800	80.9000
78.9315	79.4400	80.4000
80.2544	79.5700	79.8000
81.5995	79.5600	79.3000
82.9672	79.4000	78.7000
84.3577	79.1200	78.2000
85.7716	78.8000	77.6000
87.2091	78.5700	77.1000
88.6707	78.5600	76.5000
90.1569	78.8200	75.9000
91.6680	79.3300	75.3000
93.2043	79.9200	74.7000
94.7665	80.4100	74.2000
96.3548	80.6900	73.6000
97.9697	80.7300	73.0000
99.6117	80.6200	72.4000
101.2812	80.3600	71.8000
102.9787	80.0700	71.2000
104.7047	79.8500	70.7000
106.4595	79.8100	70.1000
108.2438	79.9400	69.5000
110.0580	80.2400	68.8000
111.9026	80.5900	68.2000
113.7781	80.9300	67.6000
115.6851	81.2200	67.0000
117.6240	81.4200	66.4000
119.5954	81.5000	65.8000
121.5998	81.4600	65.2000
123.6379	81.2500	64.5000
125.7101	80.9700	63.9000
127.8170	80.8400	63.2000
129.9592	80.9700	62.6000
132.1374	81.3400	62.0000
134.3520	81.7300	61.3000
136.6038	81.9000	60.7000
138.8933	81.8600	60.0000
141.2212	81.6600	59.3000
143.5881	81.5500	58.7000
145.9947	81.5800	58.0000
148.4416	81.7300	57.3000
150.9295	81.9000	56.7000
153.4591	82.0500	56.0000
156.0312	82.0800	55.3000
158.6463	82.0400	54.6000
161.3052	81.9700	53.9000
164.0087	81.8900	53.2000
166.7576	81.9200	52.5000
169.5525	82.1100	51.8000
172.3942	82.3200	51.2000
175.2836	82.3900	50.5000
178.2214	82.2600	49.8000
181.2084	82.1500	49.1000
184.2455	82.2100	48.4000
187.3335	82.3800	47.6000
190.4733	82.4900	47.0000
193.6656	82.5500	46.3000
196.9115	82.6000	45.6000
200.2118	82.6200	44.9000
203.5674	82.6300	44.2000
206.9792	82.7000	43.5000
210.4483	82.8000	42.8000
213.9754	82.8300	42.1000
217.5617	82.7900	41.4000
221.2081	82.8000	40.8000
224.9156	82.9000	40.1000
228.6852	82.9800	39.4000
232.5181	83.0000	38.8000
236.4151	82.9800	38.1000
240.3775	82.9700	37.5000
244.4063	82.9900	36.9000
248.5026	83.0100	36.3000
252.6676	83.0200	35.6000
256.9023	83.0400	35.1000
261.2081	83.0700	34.5000
265.5860	83.1000	33.9000
270.0373	83.1000	33.3000
274.5632	83.1000	32.8000
279.1649	83.1200	32.3000
283.8438	83.1600	31.8000
288.6011	83.1900	31.3000
293.4381	83.2000	30.8000
298.3562	83.2100	30.3000
303.3567	83.2300	29.9000
308.4410	83.2500	29.5000
313.6106	83.2700	29.1000
318.8668	83.2800	28.7000
324.2111	83.2700	28.4000
329.6449	83.2500	28.0000
335.1698	83.2400	27.7000
340.7874	83.2500	27.4000
346.4991	83.2500	27.1000
352.3065	83.2500	26.9000
358.2112	83.2600	26.6000
364.2149	83.2700	26.4000
370.3193	83.2800	26.2000
376.5259	83.2900	26.0000
382.8366	83.2800	25.8000
389.2530	83.2800	25.6000
395.7770	83.2900	25.4000
402.4103	83.3000	25.2000
409.1548	83.3000	25.1000
416.0123	83.2900	25.0000
422.9848	83.2800	24.8000
430.0741	83.3000	24.7000
437.2823	83.3200	24.5000
444.6112	83.3700	24.3000
452.0630	83.4400	24.1000
459.6397	83.4700	23.9000
467.3434	83.4800	23.8000
475.1762	83.4500	23.5000
483.1402	83.4500	23.3000
491.2378	83.4600	23.1000
499.4710	83.4700	22.8000
507.8423	83.4900	22.6000
516.3539	83.5100	22.3000
525.0081	83.5300	22.0000
533.8074	83.5500	21.8000
542.7541	83.5700	21.5000
551.8508	83.5800	21.2000
561.0999	83.5900	21.0000
570.5041	83.5900	20.7000
580.0659	83.6000	20.4000
589.7879	83.6000	20.2000
599.6729	83.6000	19.9000
609.7236	83.6000	19.7000
619.9427	83.6000	19.5000
630.3331	83.5900	19.3000
640.8976	83.5800	19.1000
651.6392	83.5700	18.9000
662.5609	83.5500	18.8000
673.6656	83.5400	18.6000
684.9564	83.5200	18.6000
696.4364	83.5000	18.5000
708.1088	83.4900	18.5000
719.9769	83.4700	18.6000
732.0439	83.4600	18.7000
744.3131	83.4600	18.9000
756.7880	83.4600	19.1000
769.4720	83.4800	19.4000
782.3685	83.5100	19.7000
795.4812	83.5500	20.0000
808.8137	83.6100	20.2000
822.3696	83.6900	20.4000
836.1527	83.7800	20.5000
850.1668	83.8800	20.5000
864.4158	83.9900	20.4000
878.9036	84.1000	20.1000
893.6343	84.2000	19.6000
908.6118	84.3000	19.0000
923.8404	84.3700	18.2000
939.3242	84.4200	17.3000
955.0675	84.4400	16.4000
971.0746	84.4300	15.4000
987.3501	84.3800	14.4000
1003.8983	84.3000	13.5000
1020.7239	84.1800	12.8000
1037.8315	84.0400	12.3000
1055.2258	83.8800	12.1000
1072.9116	83.7100	12.3000
1090.8939	83.5500	12.8000
1109.1775	83.4200	13.6000
1127.7676	83.3300	14.7000
1146.6693	83.3000	15.9000
1165.8877	83.3300	17.2000
1185.4283	83.4200	18.4000
1205.2964	83.5500	19.4000
1225.4974	83.7300	20.1000
1246.0371	83.9200	20.5000
1266.9209	84.1100	20.6000
1288.1549	84.3000	20.3000
1309.7446	84.4600	19.9000
1331.6963	84.6000	19.3000
1354.0158	84.7200	18.6000
1376.7095	84.8100	17.9000
1399.7835	84.8800	17.2000
1423.2442	84.9400	16.5000
1447.0981	84.9900	15.7000
1471.3518	85.0300	15.0000
1496.0120	85.0700	14.2000
1521.0856	85.0800	13.3000
1546.5793	85.0800	12.3000
1572.5004	85.0400	11.3000
1598.8559	84.9600	10.3000
1625.6531	84.8300	9.5000
1652.8994	84.6700	9.0000
1680.6024	84.5000	8.9000
1708.7697	84.3300	9.2000
1737.4091	84.2100	9.9000
1766.5285	84.1400	10.8000
1796.1360	84.1300	11.6000
1826.2397	84.1600	12.3000
1856.8479	84.1900	12.8000
1887.9691	84.2300	13.3000
1919.6120	84.2700	13.9000
1951.7851	84.3400	14.5000
1984.4975	84.4700	15.1000
2017.7582	84.6500	15.3000
2051.5763	84.8400	14.8000
2085.9612	84.9700	13.8000
2120.9224	84.9800	12.4000
2156.4696	84.8400	11.4000
2192.6126	84.6200	11.4000
2229.3613	84.4200	12.6000
2266.7259	84.3700	14.7000
2304.7168	84.5300	16.8000
2343.3444	84.8200	18.1000
2382.6195	85.1300	18.5000
2422.5528	85.3700	18.4000
2463.1553	85.5600	18.6000
2504.4384	85.8100	19.1000
2546.4134	86.2000	19.5000
2589.0919	86.6900	19.0000
2632.4858	87.1900	17.2000
2676.6069	87.5600	14.2000
2721.4674	87.7600	10.9000
2767.0799	87.8000	7.8000
2813.4568	87.7700	5.2000
2860.6111	87.7300	3.1000
2908.5556	87.7100	1.2000
2957.3037	87.6800	-0.8000
3006.8689	87.6200	-2.9000
3057.2647	87.5400	-4.8000
3108.5052	87.4500	-6.7000
3160.6045	87.3500	-8.7000
3213.5770	87.2100	-10.8000
3267.4374	87.0100	-13.1000
3322.2004	86.7200	-15.1000
3377.8813	86.3400	-16.6000
3434.4954	85.9400	-17.2000
3492.0584	85.6000	-17.2000
3550.5862	85.3500	-17.0000
3610.0949	85.1200	-17.2000
3670.6009	84.7800	-17.3000
3732.1211	84.3600	-16.5000
3794.6724	84.0400	-14.1000
3858.2720	83.9500	-11.1000
3922.9376	84.0900	-8.3000
3988.6870	84.4300	-6.1000
4055.5384	84.9700	-5.5000
4123.5102	85.5300	-7.2000
4192.6212	85.8700	-10.8000
4262.8906	85.9100	-14.9000
4334.3377	85.7600	-18.5000
4406.9822	85.4800	-21.9000
4480.8443	85.0600	-24.8000
4555.9444	84.5000	-27.0000
4632.3031	83.8100	-28.4000
4709.9417	82.9300	-28.2000
4788.8814	82.0500	-24.7000
4869.1443	81.6200	-18.6000
4950.7523	81.7200	-13.1000
5033.7281	82.0800	-9.2000
5118.0947	82.5700	-6.8000
5203.8752	83.1500	-6.2000
5291.0934	83.6500	-7.4000
5379.7734	83.9900	-9.6000
5469.9397	84.2100	-12.2000
5561.6173	84.3300	-15.6000
5654.8313	84.1800	-19.9000
5749.6077	83.6700	-23.1000
5845.9725	83.0500	-24.2000
5943.9525	82.4600	-24.2000
6043.5746	81.8000	-22.7000
6144.8664	81.3400	-18.7000
6247.8558	81.2900	-14.2000
6352.5714	81.4800	-10.3000
6459.0421	82.0300	-7.3000
6567.2972	82.7500	-7.7000
6677.3667	83.1500	-10.8000
6789.2810	83.1900	-14.3000
6903.0710	82.9300	-17.0000
7018.7682	82.5600	-18.0000
7136.4045	82.2600	-18.0000
7256.0123	81.9700	-17.9000
7377.6249	81.5900	-17.1000
7501.2757	81.2200	-14.3000
7626.9989	81.1600	-9.9000
7754.8293	81.5600	-5.9000
7884.8021	82.1900	-4.1000
8016.9533	82.8700	-4.6000
8151.3194	83.3700	-7.0000
8287.9375	83.6100	-10.5000
8426.8454	83.4500	-14.3000
8568.0814	82.9000	-15.8000
8711.6845	82.3200	-13.8000
8857.6945	82.1400	-8.9000
9006.1516	82.5000	-3.6000
9157.0969	83.3800	-0.1000
9310.5721	84.5400	-0.6000
9466.6196	85.4600	-5.5000
9625.2825	85.7400	-12.3000
9786.6046	85.4600	-17.6000
9950.6305	84.8200	-20.3000
10117.4050	84.0600	-17.5000
10286.9760	84.3300	-10.2000
10459.3880	85.6500	-7.3000
10634.6900	86.9400	-11.1000
10812.9300	87.6800	-17.7000
10994.1570	87.9700	-24.4000
11178.4220	87.8400	-30.0000
11365.7750	87.5400	-31.3000
11556.2680	87.9300	-29.1000
11749.9540	89.1800	-30.2000
11946.8860	90.6000	-37.5000
12147.1190	91.4600	-50.2000
12350.7080	91.4500	-64.1000
12557.7080	90.8200	-75.1000
12768.1790	90.2300	-83.4000
12982.1770	89.7600	-91.5000
13199.7610	89.4200	-100.7000
13420.9920	88.8900	-113.1000
13645.9310	87.7200	-127.6000
13874.6410	85.6300	-142.2000
14107.1830	82.5500	-153.3000
14343.6230	78.8700	-157.6000
14584.0250	74.8300	-155.9000
14828.4570	70.0400	-141.7000
15076.9860	67.4700	-105.9000
15329.6800	68.8900	-76.4000
15586.6090	71.1100	-62.6000
15847.8440	73.1500	-56.4000
16113.4580	74.8700	-56.7000
16383.5240	75.7700	-60.2000
16658.1150	76.1200	-63.2000
16937.3100	76.0700	-64.1000
17221.1830	76.2800	-62.4000
17509.8140	76.8800	-63.3000
17803.2830	77.0800	-67.4000
18101.6700	76.5400	-69.4000
18405.0590	76.3000	-65.6000
18713.5320	76.9900	-62.8000
19027.1760	77.6300	-64.5000
19346.0760	77.9000	-67.1000
19670.3210	78.1400	-68.0000
20000.0000	78.3800	-68.6000