14.9760	61.9700	-79.7000
15.2270	61.6500	-73.9000
15.4822	61.2700	-67.0000
15.7417	60.9300	-61.0000
16.0055	60.8300	-59.4000
16.2737	61.0900	-64.3000
16.5465	61.9000	-79.8000
16.8238	63.0300	-102.3000
17.1058	64.1500	-125.5000
17.3925	64.9700	-142.2000
17.6840	65.4100	-148.7000
17.9804	65.6000	-148.2000
18.2817	65.6900	-143.2000
18.5881	65.7700	-137.8000
18.8997	65.8700	-133.9000
19.2164	66.0100	-132.8000
19.5385	66.2200	-133.2000
19.8660	66.4900	-134.5000
20.1989	66.8000	-135.7000
20.5375	67.1400	-136.4000
20.8817	67.5000	-136.6000
21.2317	67.8900	-136.7000
21.5875	68.2800	-136.8000
21.9493	68.6500	-137.3000
22.3172	68.9900	-139.0000
22.6913	69.3000	-141.8000
23.0716	69.6400	-144.7000
23.4583	70.0200	-146.7000
23.8514	70.4700	-147.7000
24.2512	70.9500	-148.3000
24.6576	71.4000	-149.0000
25.0709	71.7600	-150.5000
25.4911	72.0400	-153.3000
25.9183	72.2900	-156.6000
26.3527	72.5400	-159.2000
26.7944	72.8000	-160.6000
27.2435	73.0600	-161.5000
27.7001	73.2800	-162.8000
28.1644	73.4400	-165.3000
28.6364	73.5800	-169.1000
29.1164	73.7500	-172.8000
29.6044	74.0300	-175.5000
30.1005	74.4100	-177.2000
30.6050	74.7600	-178.4000
31.1180	74.9900	-179.7000
31.6395	75.1300	151.9000
32.1698	75.2400	177.8000
32.7090	75.3500	175.9000
33.2572	75.4900	173.7000
33.8146	75.6900	171.5000
34.3813	76.0000	169.7000
34.9576	76.3600	167.9000
35.5435	76.7400	166.0000
36.1392	77.1100	163.9000
36.7449	77.4400	161.9000
37.3607	77.7500	159.9000
37.9869	78.0700	158.1000
38.6236	78.4000	156.5000
39.2709	78.6900	154.9000
39.9291	78.8800	153.2000
40.5983	79.0100	151.3000
41.2788	79.1400	149.2000
41.9706	79.3000	146.9000
42.6741	79.4300	143.9000
43.3893	79.5300	140.4000
44.1165	79.7000	137.3000
44.8559	79.9700	135.0000
45.6077	80.1900	133.5000
46.3721	80.3700	132.3000
47.1493	80.6800	131.2000
47.9395	81.1300	129.5000
48.7430	81.3700	126.8000
49.5600	81.3700	123.3000
50.3906	81.3200	120.4000
51.2351	81.2500	118.8000
52.0939	81.1500	118.3000
52.9670	81.1900	118.4000
53.8547	81.4000	118.4000
54.7573	81.5500	117.3000
55.6751	81.6500	115.2000
56.6082	81.8100	113.4000
57.5570	81.8900	112.5000
58.5216	82.1700	110.4000
59.5025	82.8900	105.6000
60.4997	83.2400	101.5000
61.5137	83.0300	100.3000
62.5447	82.8000	99.8000
63.5930	82.7600	99.1000
64.6588	82.7800	97.9000
65.7425	82.9000	96.8000
66.8444	83.0700	96.0000
67.9647	83.1900	95.4000
69.1038	83.2500	94.4000
70.2620	83.3000	92.6000
71.4396	83.3300	90.5000
72.6370	83.4000	88.5000
73.8544	83.5300	86.5000
75.0922	83.6700	84.5000
76.3508	83.7600	82.9000
77.6304	83.8400	81.3000
78.9315	83.9500	79.8000
80.2544	84.0400	78.5000
81.5995	84.0800	77.3000
82.9672	84.1200	75.9000
84.3577	84.2100	74.3000
85.7716	84.3000	72.6000
87.2091	84.3400	71.0000
88.6707	84.3500	70.0000
90.1569	84.4700	69.4000
91.6680	84.6300	68.7000
93.2043	84.7100	67.0000
94.7665	84.7800	64.4000
96.3548	84.7900	62.0000
97.9697	84.7200	60.0000
99.6117	84.6600	58.5000
101.2812	84.7100	57.8000
102.9787	84.9900	57.7000
104.7047	85.1900	57.0000
106.4595	85.1000	55.4000
108.2438	84.8500	54.2000
110.0580	84.7200	52.7000
111.9026	84.7100	50.8000
113.7781	84.7900	49.0000
115.6851	84.8800	47.7000
117.6240	84.8500	46.8000
119.5954	84.7100	45.5000
121.5998	84.6700	44.0000
123.6379	84.6900	43.1000
125.7101	84.7200	42.3000
127.8170	84.7200	41.5000
129.9592	84.6900	40.6000
132.1374	84.6100	39.4000
134.3520	84.5300	38.1000
136.6038	84.5100	36.9000
138.8933	84.5800	36.1000
141.2212	84.6200	35.5000
143.5881	84.5800	35.0000
145.9947	84.4900	34.3000
148.4416	84.4600	33.3000
150.9295	84.4800	32.3000
153.4591	84.4900	31.6000
156.0312	84.4500	30.7000
158.6463	84.4300	29.5000
161.3052	84.4300	28.1000
164.0087	84.3900	27.4000
166.7576	84.2900	27.0000
169.5525	84.1800	26.5000
172.3942	84.1500	25.6000
175.2836	84.1400	24.9000
178.2214	84.1100	24.7000
181.2084	84.0700	24.6000
184.2455	84.0800	23.9000
187.3335	84.1400	22.8000
190.4733	84.1600	22.0000
193.6656	84.1200	21.3000
196.9115	84.1000	20.5000
200.2118	84.1100	19.8000
203.5674	84.0800	19.2000
206.9792	84.0100	18.4000
210.4483	83.9800	17.7000
213.9754	83.9900	17.3000
217.5617	83.9700	17.0000
221.2081	83.9300	16.4000
224.9156	83.9300	15.7000
228.6852	83.9400	15.1000
232.5181	83.9000	14.5000
236.4151	83.8600	13.9000
240.3775	83.8100	13.3000
244.4063	83.7500	12.7000
248.5026	83.7800	12.0000
252.6676	83.7900	11.6000
256.9023	83.7200	10.9000
261.2081	83.6500	10.1000
265.5860	83.5700	9.7000
270.0373	83.4700	9.5000
274.5632	83.4300	9.2000
279.1649	83.4100	8.9000
283.8438	83.3900	8.6000
288.6011	83.3900	8.4000
293.4381	83.3700	8.2000
298.3562	83.3600	8.0000
303.3567	83.3200	7.6000
308.4410	83.2700	7.0000
313.6106	83.2500	6.3000
318.8668	83.2100	5.2000
324.2111	83.1400	4.0000
329.6449	82.9700	2.9000
335.1699	82.7700	2.2000
340.7874	82.5900	1.9000
346.4991	82.4000	1.8000
352.3065	82.2500	1.6000
358.2112	82.1000	1.5000
364.2149	81.9300	1.4000
370.3192	81.7500	1.3000
376.5259	81.5400	1.8000
382.8365	81.3400	2.7000
389.2530	81.2400	3.8000
395.7770	81.2100	4.9000
402.4103	81.2000	5.7000
409.1548	81.1700	6.4000
416.0123	81.1300	7.3000
422.9848	81.2300	8.1000
430.0741	81.4400	8.6000
437.2823	81.5700	8.7000
444.6112	81.7300	8.8000
452.0630	81.9700	8.4000
459.6397	82.2100	6.9000
467.3434	82.2900	4.5000
475.1762	82.1900	2.1000
483.1402	81.9600	0.4000
491.2378	81.7000	-0.5000
499.4710	81.4400	-0.8000
507.8423	81.2300	-0.4000
516.3539	81.1300	0.3000
525.0081	81.1200	0.5000
533.8074	81.1000	-0.1000
542.7541	80.9900	-1.1000
551.8508	80.7700	-1.5000
561.0999	80.5300	-1.2000
570.5041	80.3400	-0.3000
580.0659	80.2100	0.7000
589.7880	80.1300	2.1000
599.6729	80.1600	4.2000
609.7236	80.3600	6.1000
619.9428	80.7000	6.8000
630.3331	81.0000	6.2000
640.8976	81.2000	5.1000
651.6392	81.3300	4.0000
662.5608	81.4900	3.2000
673.6656	81.7200	2.0000
684.9564	81.9500	-0.3000
696.4364	82.0400	-3.6000
708.1088	81.9400	-7.1000
719.9769	81.7400	-10.1000
732.0439	81.4500	-13.0000
744.3132	81.0300	-15.4000
756.7880	80.5000	-16.8000
769.4720	79.9500	-17.4000
782.3685	79.3100	-17.1000
795.4812	78.5800	-14.8000
808.8137	78.0500	-9.6000
822.3696	78.0900	-3.5000
836.1527	78.5800	0.8000
850.1668	79.1800	2.7000
864.4158	79.7000	2.8000
878.9036	80.0700	2.0000
893.6343	80.3800	1.2000
908.6118	80.7100	0.3000
923.8403	81.0500	-1.5000
939.3242	81.3300	-4.2000
955.0674	81.4400	-7.6000
971.0747	81.3700	-11.1000
987.3501	81.1400	-14.1000
1003.8983	80.7900	-16.5000
1020.7239	80.3400	-18.1000
1037.8315	79.8300	-18.3000
1055.2258	79.3800	-17.5000
1072.9116	78.9900	-16.1000
1090.8939	78.6600	-13.7000
1109.1775	78.5000	-10.2000
1127.7676	78.5800	-6.5000
1146.6693	78.9200	-3.2000
1165.8877	79.4900	-0.6000
1185.4283	80.2700	0.1000
1205.2964	81.0300	-1.9000
1225.4974	81.5000	-6.0000
1246.0371	81.6600	-10.7000
1266.9209	81.5900	-14.9000
1288.1549	81.3900	-18.7000
1309.7446	81.0100	-22.0000
1331.6963	80.4400	-23.7000
1354.0157	79.8800	-23.6000
1376.7095	79.4400	-22.3000
1399.7834	79.0700	-20.2000
1423.2441	78.9100	-16.5000
1447.0981	79.1500	-12.4000
1471.3518	79.8100	-9.6000
1496.0120	80.6400	-9.6000
1521.0856	81.3900	-12.5000
1546.5793	81.9300	-17.7000
1572.5004	82.0800	-24.8000
1598.8560	81.6800	-31.8000
1625.6531	80.8100	-35.9000
1652.8994	79.8100	-36.1000
1680.6024	79.0300	-32.3000
1708.7697	78.9400	-26.6000
1737.4091	79.6100	-23.0000
1766.5284	80.4300	-23.5000
1796.1360	81.0500	-27.5000
1826.2397	81.2900	-33.5000
1856.8479	81.1000	-39.5000
1887.9691	80.5800	-43.9000
1919.6121	79.9100	-45.9000
1951.7852	79.3600	-45.7000
1984.4976	79.1800	-44.7000
2017.7582	79.2700	-45.3000
2051.5764	79.2700	-47.9000
2085.9612	79.0200	-50.8000
2120.9224	78.6400	-52.5000
2156.4695	78.3400	-53.5000
2192.6125	78.1500	-55.0000
2229.3613	77.8800	-57.3000
2266.7258	77.4700	-59.5000
2304.7168	76.9400	-60.7000
2343.3445	76.4800	-60.9000
2382.6194	76.1600	-61.3000
2422.5527	75.8600	-62.3000
2463.1553	75.5000	-63.7000
2504.4385	75.1000	-65.2000
2546.4133	74.5600	-66.8000
2589.0918	73.8100	-67.4000
2632.4858	73.0300	-65.4000
2676.6069	72.6800	-61.8000
2721.4673	72.8000	-60.2000
2767.0798	72.9300	-62.2000
2813.4568	72.5600	-66.2000
2860.6111	71.6200	-67.7000
2908.5557	70.6600	-65.0000
2957.3037	70.2200	-60.6000
3006.8689	70.2300	-57.9000
3057.2646	70.3000	-57.9000
3108.5051	70.0900	-59.8000
3160.6045	69.4400	-60.7000
3213.5769	68.6800	-57.5000
3267.4375	68.6100	-52.2000
3322.2004	69.1600	-51.1000
3377.8813	69.3800	-55.5000
3434.4954	68.8100	-60.7000
3492.0583	67.6700	-61.5000
3550.5862	66.8300	-57.9000
3610.0950	66.5700	-55.9000
3670.6008	66.1300	-56.2000
3732.1211	65.5200	-54.6000
3794.6724	65.2300	-52.6000
3858.2720	65.0400	-52.4000
3922.9375	64.9000	-53.7000
3988.6870	64.6200	-58.0000
4055.5383	63.7100	-63.6000
4123.5103	62.2100	-66.9000
4192.6211	60.6400	-66.6000
4262.8906	60.0700	-72.2000
4334.3379	59.3500	-97.5000
4406.9824	57.2900	-149.1000
4480.8442	55.2200	154.6000
4555.9443	54.8400	98.0000
4632.3032	55.5200	86.9000
4709.9419	58.8500	105.1000
4788.8813	61.7000	101.4000
4869.1445	63.1700	93.3000
4950.7524	64.6900	92.4000
5033.7280	66.8900	92.4000
5118.0947	68.6900	85.6000
5203.8750	69.6800	78.7000
5291.0933	70.8600	76.2000
5379.7734	72.6900	72.4000
5469.9399	74.0900	60.8000
5561.6172	74.3000	47.7000
5654.8315	74.1600	39.4000
5749.6079	74.1500	31.6000
5845.9727	73.7000	26.1000
5943.9526	73.7800	24.9000
6043.5747	74.4300	18.6000
6144.8662	74.2200	8.4000
6247.8560	73.3600	3.8000
6352.5713	73.1100	0.7000
6459.0420	72.8200	-5.1000
6567.2974	72.2400	-10.6000
6677.3667	71.6800	-15.9000
6789.2808	70.4700	-21.4000
6903.0708	68.8300	-17.2000
7018.7681	68.3000	-12.6000
7136.4043	67.8100	-9.7000
7256.0122	67.8900	-5.0000
7377.6250	68.2200	-4.6000
7501.2759	68.4100	-3.9000
7626.9990	68.9100	-5.6000
7754.8291	68.8800	-9.6000
7884.8022	68.9200	-10.7000
8016.9531	69.2000	-15.2000
8151.3193	68.9100	-19.8000
8287.9375	68.8000	-23.9000
8426.8457	68.4500	-28.5000
8568.0811	68.1700	-33.5000
8711.6846	67.7900	-39.3000
8857.6943	67.2700	-47.7000
9006.1514	65.9400	-56.7000
9157.0967	63.6900	-57.6000
9310.5723	61.5400	-47.7000
9466.6191	61.4400	-25.8000
9625.2822	63.5100	-19.4000
9786.6045	65.2000	-29.4000
9950.6309	65.2700	-47.2000
10117.4050	64.1400	-63.9000
10286.9760	61.6700	-71.9000
10459.3880	58.5000	-64.9000
10634.6900	56.0600	-39.7000
10812.9300	56.6200	-24.8000
10994.1570	57.0400	-26.2000
11178.4220	56.9000	-16.9000
11365.7750	59.3400	-4.1000
11556.2680	60.8000	-8.7000
11749.9540	62.0700	-12.3000
11946.8860	63.2900	-25.3000
12147.1190	64.2700	-43.9000
12350.7080	64.0800	-70.6000
12557.7080	61.7100	-92.3000
12768.1790	58.0600	-93.9000
12982.1770	54.5600	-77.8000
13199.7610	53.7100	-35.7000
13420.9920	56.1300	-19.3000
13645.9310	57.8600	-26.5000
13874.6410	58.8300	-36.9000
14107.1830	59.5400	-47.0000
14343.6230	60.1500	-58.2000
14584.0250	60.5300	-74.2000
14828.4570	60.0100	-95.0000
15076.9860	58.0600	-110.5000
15329.6800	55.4800	-117.3000
15586.6090	52.0400	-111.1000
15847.8440	49.3600	-98.8000
16113.4580	47.7100	-94.5000
16383.5240	46.5000	-89.5000
16658.1150	45.9100	-76.3000
16937.3110	48.0400	-41.6000
17221.1840	51.4900	-33.2000
17509.8140	52.9500	-54.3000
17803.2830	52.3300	-75.5000
18101.6700	50.8400	-84.6000
18405.0590	50.1200	-88.0000
18713.5310	51.2300	-85.1000
19027.1760	53.3700	-101.0000
19346.0760	54.2700	-132.0000
19670.3200	54.0400	-159.5000
20000.0000	54.0400	-172.9000