4.39453	69.93	-10.7
5.85938	55.5	-3.4
7.32422	67.01	7.2
8.78906	65.68	-23.3
10.25391	67.12	-35.4
11.71875	66.27	-88
13.18359	60.98	-170
14.64844	64.73	93.5
16.11328	69.63	36.1
17.57813	71.24	-8.5
19.04297	70.58	-50.8
20.50781	64.45	-83.2
21.97266	65.07	-48.8
23.4375	66.9	-98.9
24.90234	57.13	-151.6
26.36719	51.84	-79.3
27.83203	47.87	-18.3
29.29688	57.06	-40.7
30.76172	53.7	-53.3
32.22656	53.87	-34.7
33.69141	56.78	-23.5
35.15625	57.47	-37.9
36.62109	59.98	-23.6
38.08594	62.92	-55.5
39.55078	59.96	-74.4
41.01563	60.1	-73.9
42.48047	59.72	-81
43.94531	61.13	-100.4
45.41016	56.74	-140.3
46.875	44.92	-90.3
48.33984	53.83	-49
49.80469	58.8	-80.5
51.26953	55	-118.7
52.73438	49.46	-84.2
54.19922	52.57	-37.2
55.66406	61.03	-58.1
57.12891	61.16	-97.4
58.59375	59	-97.5
60.05859	61.06	-104.4
61.52344	61.77	-120.4
62.98828	60.88	-141.3
64.45313	58.58	-135
65.91797	61.89	-141.9
67.38281	61.55	-171.2
68.84766	58.64	174.4
70.3125	56.75	170.5
71.77734	54.82	163
73.24219	50.81	158.9
74.70703	46.47	-154
76.17188	53.51	-139.7
77.63672	54.76	-160.8
79.10156	53.36	-160.8
80.56641	54.48	-158.3
82.03125	54.93	-165.2
83.49609	53.99	-170.3
84.96094	53.58	-164.5
86.42578	53.36	-164.2
87.89063	53.76	-155
89.35547	54.35	-157.8
90.82031	54.5	-150.2
92.28516	55.67	-150.6
93.75	56.38	-148.4
95.21484	57.44	-152
96.67969	57.78	-154.9
98.14453	57.71	-158.3
99.60938	57.62	-153.5
101.07422	58.47	-152.2
102.53906	59.2	-151
104.00391	59.95	-153.6
105.46875	60.46	-153.9
106.93359	61.01	-157.7
108.39844	61	-157.4
109.86328	61.63	-157.3
111.32813	62.15	-157.1
112.79297	62.95	-159.8
114.25781	63.13	-162.6
115.72266	63.51	-163.2
117.1875	63.98	-165.2
118.65234	64.16	-168.3
120.11719	64.15	-167.9
121.58203	64.7	-167.6
123.04688	65.18	-169.2
124.51172	65.56	-171.5
125.97656	65.8	-173.3
127.44141	66.08	-175.2
128.90625	66.29	-176.9
130.37109	66.47	-179.1
131.83594	66.52	179.8
133.30078	66.67	178.3
134.76563	66.68	177.7
136.23047	66.86	177.4
137.69531	67.05	176.8
139.16016	67.2	175.7
140.625	67.3	175.3
142.08984	67.44	174.3
143.55469	67.46	174.2
145.01953	67.57	173.8
146.48438	67.57	174.4
147.94922	67.73	175.1
149.41406	67.88	176.3
150.87891	68.2	176.9
152.34375	68.43	177.7
153.80859	68.77	178.2
155.27344	69.05	179.1
156.73828	69.48	179.8
158.20313	69.9	-179.7
159.66797	70.42	-179.5
161.13281	70.95	-179.6
162.59766	71.56	179.3
164.0625	72.05	177.8
165.52734	72.55	175.9
166.99219	72.95	173.7
168.45703	73.33	171.4
169.92188	73.62	169.2
171.38672	73.95	166.9
172.85156	74.2	164.5
174.31641	74.44	162.1
175.78125	74.62	159.7
177.24609	74.82	157.4
178.71094	74.96	155.1
180.17578	75.11	152.8
181.64063	75.2	150.6
183.10547	75.31	148.4
184.57031	75.39	146.2
186.03516	75.46	144
187.5	75.48	141.7
188.96484	75.5	139.6
190.42969	75.47	137.5
191.89453	75.45	135.7
193.35938	75.4	133.8
194.82422	75.37	132
196.28906	75.29	130.1
197.75391	75.22	128.5
199.21875	75.11	126.7
200.68359	74.99	125.2
202.14844	74.82	123.6
203.61328	74.64	122.2
205.07813	74.4	121
206.54297	74.16	120.3
208.00781	73.9	119.8
209.47266	73.66	119.9
210.9375	73.43	120.2
212.40234	73.27	120.9
213.86719	73.14	121.6
215.33203	73.08	122.5
216.79688	73.04	123.3
218.26172	73.07	124.1
219.72656	73.12	124.6
221.19141	73.2	125
222.65625	73.29	125
224.12109	73.39	124.9
225.58594	73.48	124.4
227.05078	73.55	123.7
228.51563	73.56	122.6
229.98047	73.55	121.7
231.44531	73.47	120.5
232.91016	73.36	119.6
234.375	73.18	118.5
235.83984	72.96	117.9
237.30469	72.68	117.3
238.76953	72.36	117.4
240.23438	71.99	117.7
241.69922	71.65	119
243.16406	71.32	120.6
244.62891	71.04	122.9
246.09375	70.79	125.5
247.55859	70.65	128.7
249.02344	70.6	132
250.48828	70.68	135.5
251.95313	70.83	138.6
253.41797	71.06	141.5
254.88281	71.32	143.9
256.34766	71.65	146.2
257.8125	71.98	147.9
259.27734	72.36	149.5
260.74219	72.72	150.5
262.20703	73.1	151.3
263.67188	73.44	151.7
265.13672	73.77	151.9
266.60156	74.05	151.9
268.06641	74.33	152
269.53125	74.57	151.9
270.99609	74.81	152
272.46094	75.05	151.9
273.92578	75.29	152
275.39063	75.52	151.9
276.85547	75.77	151.8
278.32031	76.01	151.5
279.78516	76.26	151.2
281.25	76.49	150.6
282.71484	76.7	149.9
284.17969	76.88	149
285.64453	77.04	148.2
287.10938	77.15	147.4
288.57422	77.24	146.7
290.03906	77.31	146
291.50391	77.37	145.6
292.96875	77.41	145.2
294.43359	77.45	145.1
295.89844	77.49	145
297.36328	77.54	145.2
298.82813	77.6	145.4
300.29297	77.68	145.8
301.75781	77.77	146.2
303.22266	77.89	146.7
304.6875	78.01	147.1
306.15234	78.16	147.6
307.61719	78.32	148.1
309.08203	78.5	148.5
310.54688	78.69	149
312.01172	78.9	149.4
313.47656	79.13	149.7
314.94141	79.38	150
316.40625	79.65	150.1
317.87109	79.94	150.1
319.33594	80.24	149.9
320.80078	80.54	149.5
322.26563	80.84	148.9
323.73047	81.14	148.1
325.19531	81.42	147
326.66016	81.68	145.9
328.125	81.92	144.6
329.58984	82.14	143.2
331.05469	82.34	141.7
332.51953	82.51	140.2
333.98438	82.65	138.6
335.44922	82.77	137.1
336.91406	82.88	135.5
338.37891	82.96	134.1
339.84375	83.03	132.6
341.30859	83.08	131.3
342.77344	83.13	129.9
344.23828	83.16	128.7
345.70313	83.19	127.4
347.16797	83.21	126.3
348.63281	83.23	125.2
350.09766	83.25	124.1
351.5625	83.26	123
353.02734	83.27	122
354.49219	83.27	120.9
355.95703	83.27	120
357.42188	83.26	119
358.88672	83.24	118
360.35156	83.22	117.1
361.81641	83.2	116.2
363.28125	83.18	115.4
364.74609	83.15	114.5
366.21094	83.13	113.7
367.67578	83.1	112.8
369.14063	83.07	111.9
370.60547	83.03	111
372.07031	82.97	110.1
373.53516	82.9	109.1
375	82.82	108.2
376.46484	82.72	107.3
377.92969	82.6	106.4
379.39453	82.46	105.7
380.85938	82.31	105
382.32422	82.14	104.4
383.78906	81.96	103.9
385.25391	81.76	103.6
386.71875	81.55	103.5
388.18359	81.32	103.5
389.64844	81.09	103.7
391.11328	80.85	104.2
392.57813	80.61	105
394.04297	80.38	106
395.50781	80.17	107.4
396.97266	79.99	109.1
398.4375	79.84	111
399.90234	79.75	113.1
401.36719	79.71	115.3
402.83203	79.72	117.7
404.29688	79.8	119.9
405.76172	79.92	122.1
407.22656	80.1	124.1
408.69141	80.31	126
410.15625	80.55	127.5
411.62109	80.81	128.9
413.08594	81.09	130.1
414.55078	81.38	131
416.01563	81.69	131.7
417.48047	81.99	132.2
418.94531	82.29	132.5
420.41016	82.6	132.6
421.875	82.89	132.5
423.33984	83.18	132.3
424.80469	83.46	131.9
426.26953	83.72	131.3
427.73438	83.97	130.6
429.19922	84.2	129.8
430.66406	84.41	128.9
432.12891	84.6	128
433.59375	84.78	126.9
435.05859	84.93	125.9
436.52344	85.06	124.8
437.98828	85.17	123.7
439.45313	85.26	122.7
440.91797	85.34	121.7
442.38281	85.4	120.8
443.84766	85.46	119.9
445.3125	85.5	119.1
446.77734	85.54	118.3
448.24219	85.57	117.6
449.70703	85.6	117
451.17188	85.64	116.5
452.63672	85.67	116
454.10156	85.71	115.5
455.56641	85.75	115
457.03125	85.79	114.6
458.49609	85.83	114.1
459.96094	85.88	113.7
461.42578	85.92	113.4
462.89063	85.98	113
464.35547	86.03	112.6
465.82031	86.09	112.2
467.28516	86.15	111.7
468.75	86.22	111.2
470.21484	86.28	110.8
471.67969	86.34	110.2
473.14453	86.4	109.7
474.60938	86.46	109
476.07422	86.51	108.4
477.53906	86.56	107.7
479.00391	86.59	107
480.46875	86.62	106.3
481.93359	86.64	105.6
483.39844	86.65	104.9
484.86328	86.65	104.3
486.32813	86.65	103.7
487.79297	86.64	103.2
489.25781	86.63	102.6
490.72266	86.62	102.2
492.1875	86.61	101.7
493.65234	86.6	101.3
495.11719	86.59	100.9
496.58203	86.58	100.6
498.04688	86.58	100.2
499.51172	86.57	99.9
500.97656	86.56	99.5
502.44141	86.55	99.2
503.90625	86.55	98.9
505.37109	86.55	98.6
506.83594	86.54	98.2
508.30078	86.54	97.9
509.76563	86.54	97.6
511.23047	86.53	97.2
512.69531	86.52	96.8
514.16016	86.49	96.4
515.625	86.46	96.1
517.08984	86.43	95.8
518.55469	86.39	95.5
520.01953	86.34	95.3
521.48438	86.3	95.1
522.94922	86.25	95
524.41406	86.2	95
525.87891	86.15	95
527.34375	86.12	95.1
528.80859	86.09	95.3
530.27344	86.07	95.4
531.73828	86.05	95.6
533.20313	86.05	95.8
534.66797	86.04	96
536.13281	86.05	96.1
537.59766	86.06	96.2
539.0625	86.06	96.3
540.52734	86.07	96.4
541.99219	86.08	96.5
543.45703	86.08	96.6
544.92188	86.08	96.7
546.38672	86.08	96.8
547.85156	86.08	97
549.31641	86.08	97.2
550.78125	86.08	97.4
552.24609	86.08	97.6
553.71094	86.09	97.9
555.17578	86.1	98.2
556.64063	86.11	98.6
558.10547	86.14	99
559.57031	86.16	99.4
561.03516	86.2	99.8
562.5	86.24	100.2
563.96484	86.29	100.7
565.42969	86.36	101.1
566.89453	86.42	101.5
568.35938	86.5	101.9
569.82422	86.59	102.3
571.28906	86.68	102.7
572.75391	86.78	103
574.21875	86.89	103.3
575.68359	87	103.5
577.14844	87.12	103.7
578.61328	87.23	103.8
580.07813	87.36	104
581.54297	87.48	104
583.00781	87.61	104
584.47266	87.73	104
585.9375	87.86	103.9
587.40234	87.99	103.8
588.86719	88.12	103.7
590.33203	88.24	103.5
591.79688	88.37	103.2
593.26172	88.49	103
594.72656	88.62	102.7
596.19141	88.74	102.4
597.65625	88.87	102.1
599.12109	89	101.7
600.58594	89.13	101.2
602.05078	89.26	100.7
603.51563	89.38	100.2
604.98047	89.51	99.6
606.44531	89.63	98.9
607.91016	89.74	98.2
609.375	89.85	97.4
610.83984	89.95	96.6
612.30469	90.05	95.7
613.76953	90.13	94.7
615.23438	90.2	93.8
616.69922	90.26	92.8
618.16406	90.3	91.8
619.62891	90.33	90.8
621.09375	90.35	89.8
622.55859	90.36	88.8
624.02344	90.36	87.9
625.48828	90.35	87
626.95313	90.33	86.2
628.41797	90.3	85.4
629.88281	90.27	84.7
631.34766	90.23	84
632.8125	90.18	83.5
634.27734	90.14	82.9
635.74219	90.09	82.4
637.20703	90.04	82
638.67188	90	81.7
640.13672	89.96	81.4
641.60156	89.92	81.1
643.06641	89.88	80.9
644.53125	89.85	80.8
645.99609	89.83	80.7
647.46094	89.81	80.6
648.92578	89.8	80.5
650.39063	89.8	80.4
651.85547	89.8	80.4
653.32031	89.81	80.3
654.78516	89.83	80.3
656.25	89.86	80.2
657.71484	89.89	80.1
659.17969	89.93	80
660.64453	89.98	79.8
662.10938	90.03	79.6
663.57422	90.08	79.3
665.03906	90.13	79
666.50391	90.18	78.6
667.96875	90.24	78.2
669.43359	90.29	77.7
670.89844	90.34	77.2
672.36328	90.38	76.5
673.82813	90.41	75.9
675.29297	90.43	75.2
676.75781	90.45	74.5
678.22266	90.45	73.8
679.6875	90.45	73
681.15234	90.43	72.3
682.61719	90.41	71.6
684.08203	90.38	70.9
685.54688	90.34	70.2
687.01172	90.3	69.6
688.47656	90.25	69
689.94141	90.19	68.4
691.40625	90.13	67.9
692.87109	90.07	67.4
694.33594	90.01	66.9
695.80078	89.94	66.4
697.26563	89.87	65.9
698.73047	89.79	65.5
700.19531	89.71	65
701.66016	89.62	64.6
703.125	89.52	64.2
704.58984	89.42	63.9
706.05469	89.3	63.6
707.51953	89.18	63.3
708.98438	89.05	63.2
710.44922	88.91	63.1
711.91406	88.77	63.1
713.37891	88.62	63.3
714.84375	88.47	63.5
716.30859	88.32	63.9
717.77344	88.17	64.5
719.23828	88.03	65.2
720.70313	87.9	66
722.16797	87.78	67
723.63281	87.69	68.1
725.09766	87.62	69.3
726.5625	87.58	70.6
728.02734	87.57	72
729.49219	87.59	73.3
730.95703	87.64	74.6
732.42188	87.71	75.8
735.35156	87.93	78
738.28125	88.2	79.7
741.21094	88.52	80.8
744.14063	88.83	81.5
747.07031	89.14	81.7
750	89.42	81.7
752.92969	89.68	81.5
755.85938	89.92	81.1
758.78906	90.14	80.7
761.71875	90.35	80.2
764.64844	90.56	79.6
767.57813	90.77	79
770.50781	90.98	78.3
773.4375	91.2	77.4
776.36719	91.4	76.3
779.29688	91.6	75.1
782.22656	91.77	73.6
785.15625	91.92	72
788.08594	92.03	70.3
791.01563	92.1	68.6
793.94531	92.14	66.8
796.875	92.14	65.1
799.80469	92.11	63.4
802.73438	92.05	62
805.66406	91.98	60.6
808.59375	91.89	59.4
811.52344	91.8	58.4
814.45313	91.72	57.5
817.38281	91.63	56.7
820.3125	91.54	55.9
823.24219	91.46	55.2
826.17188	91.37	54.5
829.10156	91.27	53.8
832.03125	91.17	53.3
834.96094	91.07	52.7
837.89063	90.96	52.2
840.82031	90.84	51.8
843.75	90.71	51.5
846.67969	90.58	51.4
849.60938	90.45	51.4
852.53906	90.33	51.5
855.46875	90.22	51.8
858.39844	90.13	52.1
861.32813	90.06	52.6
864.25781	90.01	53
867.1875	89.98	53.5
870.11719	89.95	53.9
873.04688	89.94	54.3
875.97656	89.94	54.7
878.90625	89.94	55.1
881.83594	89.96	55.5
884.76563	89.98	55.9
887.69531	90	56.3
890.625	90.04	56.6
893.55469	90.09	57
896.48438	90.14	57.3
899.41406	90.19	57.5
902.34375	90.25	57.8
905.27344	90.32	58.1
908.20313	90.39	58.3
911.13281	90.48	58.6
914.0625	90.58	58.9
916.99219	90.69	59.1
919.92188	90.83	59.2
922.85156	90.97	59.2
925.78125	91.13	59.1
928.71094	91.3	58.8
931.64063	91.47	58.4
934.57031	91.63	57.7
937.5	91.78	56.9
940.42969	91.91	55.9
943.35938	92.03	54.8
946.28906	92.12	53.6
949.21875	92.18	52.4
952.14844	92.22	51.2
955.07813	92.24	49.9
958.00781	92.24	48.7
960.9375	92.22	47.5
963.86719	92.18	46.4
966.79688	92.13	45.3
969.72656	92.07	44.3
972.65625	91.99	43.4
975.58594	91.91	42.5
978.51563	91.82	41.7
981.44531	91.71	41
984.375	91.6	40.3
987.30469	91.47	39.7
990.23438	91.33	39.2
993.16406	91.17	38.9
996.09375	91.02	38.8
999.02344	90.87	38.9
1001.9531	90.73	39.1
1004.8828	90.62	39.5
1007.8125	90.53	39.9
1010.7422	90.45	40.4
1013.6719	90.39	41
1016.6016	90.34	41.6
1019.5313	90.32	42.1
1022.4609	90.31	42.7
1025.3906	90.32	43.3
1028.3203	90.35	43.7
1031.25	90.38	44.2
1034.1797	90.42	44.6
1037.1094	90.47	44.9
1040.0391	90.52	45.3
1042.9688	90.59	45.6
1045.8984	90.66	45.8
1048.8281	90.75	46
1051.7578	90.85	46
1054.6875	90.94	45.9
1057.6172	91.04	45.8
1060.5469	91.12	45.5
1063.4766	91.2	45.2
1066.4063	91.27	44.8
1069.3359	91.32	44.3
1072.2656	91.37	43.9
1075.1953	91.4	43.5
1078.125	91.43	43.1
1081.0547	91.46	42.7
1083.9844	91.48	42.3
1086.9141	91.5	42
1089.8438	91.52	41.7
1092.7734	91.53	41.4
1095.7031	91.56	41.2
1098.6328	91.59	40.9
1101.5625	91.63	40.7
1104.4922	91.67	40.4
1107.4219	91.73	40.1
1110.3516	91.78	39.7
1113.2813	91.84	39.2
1116.2109	91.89	38.6
1119.1406	91.94	37.9
1122.0703	91.97	37.2
1125	92	36.4
1127.9297	92.01	35.6
1130.8594	92.01	34.8
1133.7891	92	33.9
1136.7188	91.98	33.1
1139.6484	91.94	32.2
1142.5781	91.88	31.4
1145.5078	91.82	30.5
1148.4375	91.73	29.7
1151.3672	91.63	29
1154.2969	91.51	28.4
1157.2266	91.38	27.9
1160.1563	91.23	27.5
1163.0859	91.09	27.3
1166.0156	90.95	27.2
1168.9453	90.81	27.3
1171.875	90.69	27.5
1174.8047	90.57	27.8
1177.7344	90.46	28.3
1180.6641	90.38	28.8
1183.5938	90.31	29.4
1186.5234	90.27	30
1189.4531	90.25	30.7
1192.3828	90.25	31.2
1195.3125	90.27	31.8
1198.2422	90.3	32.2
1201.1719	90.34	32.6
1204.1016	90.4	32.9
1207.0313	90.45	33.1
1209.9609	90.51	33.1
1212.8906	90.57	33.1
1215.8203	90.63	33
1218.75	90.67	32.8
1221.6797	90.71	32.6
1224.6094	90.74	32.3
1227.5391	90.75	32.1
1230.4688	90.76	31.8
1233.3984	90.76	31.6
1236.3281	90.76	31.4
1239.2578	90.75	31.2
1242.1875	90.75	31.1
1245.1172	90.74	30.9
1248.0469	90.74	30.8
1250.9766	90.73	30.7
1253.9063	90.72	30.6
1256.8359	90.72	30.5
1259.7656	90.71	30.5
1262.6953	90.72	30.5
1265.625	90.73	30.5
1268.5547	90.75	30.5
1271.4844	90.78	30.4
1274.4141	90.82	30.3
1277.3438	90.85	30.1
1280.2734	90.89	29.9
1283.2031	90.92	29.5
1286.1328	90.94	29.1
1289.0625	90.96	28.7
1291.9922	90.97	28.3
1294.9219	90.97	27.8
1297.8516	90.96	27.3
1300.7813	90.94	26.8
1303.7109	90.91	26.3
1306.6406	90.87	25.9
1309.5703	90.82	25.5
1312.5	90.77	25.1
1315.4297	90.72	24.8
1318.3594	90.66	24.5
1321.2891	90.6	24.2
1324.2188	90.53	24
1327.1484	90.46	23.8
1330.0781	90.39	23.6
1333.0078	90.31	23.4
1335.9375	90.23	23.3
1338.8672	90.14	23.3
1341.7969	90.04	23.3
1344.7266	89.95	23.4
1347.6563	89.86	23.7
1350.5859	89.77	24
1353.5156	89.69	24.5
1356.4453	89.63	25
1359.375	89.57	25.6
1362.3047	89.54	26.2
1365.2344	89.52	26.9
1368.1641	89.53	27.6
1371.0938	89.56	28.3
1374.0234	89.61	28.8
1376.9531	89.67	29.3
1379.8828	89.73	29.7
1382.8125	89.81	29.9
1385.7422	89.88	30.1
1388.6719	89.96	30.2
1391.6016	90.03	30.2
1394.5313	90.1	30.1
1397.4609	90.17	29.9
1400.3906	90.23	29.7
1403.3203	90.28	29.3
1406.25	90.31	29
1409.1797	90.34	28.6
1412.1094	90.35	28.2
1415.0391	90.35	27.9
1417.9688	90.34	27.5
1420.8984	90.33	27.3
1423.8281	90.31	27
1426.7578	90.29	26.8
1429.6875	90.27	26.7
1432.6172	90.25	26.5
1435.5469	90.24	26.4
1438.4766	90.22	26.2
1441.4063	90.21	26.1
1444.3359	90.18	25.9
1447.2656	90.16	25.7
1450.1953	90.12	25.6
1453.125	90.08	25.5
1456.0547	90.04	25.5
1458.9844	90	25.5
1461.9141	89.96	25.6
1464.8438	89.93	25.7
1469.2383	89.9	25.9
1473.6328	89.88	26.1
1478.0273	89.87	26.3
1482.4219	89.87	26.4
1486.8164	89.87	26.4
1491.2109	89.86	26.4
1495.6055	89.83	26.4
1500	89.79	26.4
1504.3945	89.74	26.4
1508.7891	89.68	26.7
1513.1836	89.62	27.1
1517.5781	89.58	27.7
1521.9727	89.56	28.4
1526.3672	89.57	29.1
1530.7617	89.62	29.9
1535.1563	89.69	30.6
1539.5508	89.79	31.1
1543.9453	89.92	31.6
1548.3398	90.06	31.8
1552.7344	90.2	31.7
1557.1289	90.34	31.5
1561.5234	90.46	31
1565.918	90.56	30.5
1570.3125	90.63	29.8
1574.707	90.68	29
1579.1016	90.71	28.3
1583.4961	90.7	27.5
1587.8906	90.67	26.8
1592.2852	90.62	26.3
1596.6797	90.56	25.9
1601.0742	90.49	25.7
1605.4688	90.43	25.6
1609.8633	90.38	25.6
1614.2578	90.34	25.7
1618.6523	90.31	25.9
1623.0469	90.3	26
1627.4414	90.3	26
1631.8359	90.3	26.1
1636.2305	90.29	26.1
1640.625	90.29	26.2
1645.0195	90.28	26.2
1649.4141	90.28	26.3
1653.8086	90.28	26.3
1658.2031	90.28	26.4
1662.5977	90.28	26.5
1666.9922	90.29	26.6
1671.3867	90.3	26.7
1675.7813	90.32	26.8
1680.1758	90.34	26.9
1684.5703	90.36	27
1688.9648	90.38	27
1693.3594	90.4	27.1
1697.7539	90.43	27.2
1702.1484	90.46	27.2
1706.543	90.49	27.3
1710.9375	90.53	27.3
1715.332	90.58	27.3
1719.7266	90.63	27.3
1724.1211	90.69	27.2
1728.5156	90.74	27
1732.9102	90.8	26.8
1737.3047	90.86	26.4
1741.6992	90.9	26
1746.0938	90.93	25.4
1750.4883	90.94	24.8
1754.8828	90.92	24.3
1759.2773	90.88	23.9
1763.6719	90.84	23.5
1768.0664	90.79	23.3
1772.4609	90.75	23.1
1776.8555	90.71	23
1781.25	90.68	23
1785.6445	90.64	22.9
1790.0391	90.6	22.9
1794.4336	90.56	22.9
1798.8281	90.52	23
1803.2227	90.49	23.2
1807.6172	90.47	23.4
1812.0117	90.45	23.6
1816.4063	90.45	23.8
1820.8008	90.45	24
1825.1953	90.45	24.2
1829.5898	90.45	24.4
1833.9844	90.46	24.6
1838.3789	90.47	24.9
1842.7734	90.49	25.1
1847.168	90.52	25.4
1851.5625	90.56	25.6
1855.957	90.6	25.8
1860.3516	90.65	26
1864.7461	90.71	26.1
1869.1406	90.77	26.3
1873.5352	90.83	26.4
1877.9297	90.91	26.4
1882.3242	90.99	26.4
1886.7188	91.08	26.3
1891.1133	91.17	26.1
1895.5078	91.25	25.7
1899.9023	91.33	25.3
1904.2969	91.4	24.8
1908.6914	91.45	24.2
1913.0859	91.49	23.6
1917.4805	91.51	22.9
1921.875	91.52	22.3
1926.2695	91.51	21.7
1930.6641	91.48	21.1
1935.0586	91.45	20.6
1939.4531	91.4	20.1
1943.8477	91.35	19.8
1948.2422	91.3	19.6
1952.6367	91.26	19.5
1957.0313	91.23	19.4
1961.4258	91.2	19.3
1965.8203	91.18	19.2
1970.2148	91.17	19
1974.6094	91.15	18.8
1979.0039	91.12	18.7
1983.3984	91.09	18.5
1987.793	91.05	18.3
1992.1875	91	18.3
1996.582	90.96	18.3
2000.9766	90.92	18.4
2005.3711	90.89	18.5
2009.7656	90.87	18.7
2014.1602	90.86	18.9
2018.5547	90.86	19.1
2022.9492	90.86	19.2
2027.3438	90.88	19.3
2031.7383	90.89	19.3
2036.1328	90.9	19.4
2040.5273	90.91	19.4
2044.9219	90.93	19.4
2049.3164	90.94	19.4
2053.7109	90.96	19.4
2058.1055	90.99	19.4
2062.5	91.01	19.3
2066.8945	91.04	19.2
2071.2891	91.07	19
2075.6836	91.08	18.8
2080.0781	91.09	18.5
2084.4727	91.09	18.2
2088.8672	91.07	17.9
2093.2617	91.05	17.6
2097.6563	91.01	17.4
2102.0508	90.97	17.2
2106.4453	90.92	17.2
2110.8398	90.87	17.3
2115.2344	90.84	17.4
2119.6289	90.81	17.6
2124.0234	90.79	17.8
2128.418	90.79	18.1
2132.8125	90.79	18.3
2137.207	90.8	18.5
2141.6016	90.83	18.6
2145.9961	90.85	18.7
2150.3906	90.87	18.7
2154.7852	90.89	18.8
2159.1797	90.9	18.8
2163.5742	90.91	18.8
2167.9688	90.93	18.9
2172.3633	90.95	18.9
2176.7578	90.97	18.9
2181.1523	90.99	19
2185.5469	91.02	19.1
2189.9414	91.05	19.1
2194.3359	91.09	19.1
2198.7305	91.14	19
2204.5898	91.19	18.7
2210.4492	91.22	18.5
2216.3086	91.25	18.2
2222.168	91.27	18
2228.0273	91.29	17.8
2233.8867	91.32	17.6
2239.7461	91.35	17.3
2245.6055	91.39	17
2251.4648	91.43	16.5
2257.3242	91.45	15.9
2263.1836	91.44	15.2
2269.043	91.41	14.5
2274.9023	91.34	13.9
2280.7617	91.25	13.4
2286.6211	91.14	13
2292.4805	91.02	13
2298.3398	90.91	13.1
2304.1992	90.82	13.5
2310.0586	90.76	13.9
2315.918	90.72	14.3
2321.7773	90.7	14.7
2327.6367	90.68	15.2
2333.4961	90.68	15.6
2339.3555	90.7	16
2345.2148	90.72	16.3
2351.0742	90.75	16.6
2356.9336	90.79	16.8
2362.793	90.83	16.9
2368.6523	90.86	17
2374.5117	90.89	17
2380.3711	90.92	17.1
2386.2305	90.94	17.1
2392.0898	90.97	17.2
2397.9492	90.99	17.2
2403.8086	91.02	17.3
2409.668	91.05	17.4
2415.5273	91.1	17.4
2421.3867	91.15	17.4
2427.2461	91.2	17.3
2433.1055	91.25	17.1
2438.9648	91.28	16.7
2444.8242	91.28	16.4
2450.6836	91.27	16.2
2456.543	91.24	16.1
2462.4023	91.2	16.2
2468.2617	91.2	16.4
2474.1211	91.22	16.8
2479.9805	91.27	17
2485.8398	91.34	17.2
2491.6992	91.42	17.2
2497.5586	91.5	17.1
2503.418	91.57	16.8
2509.2773	91.63	16.4
2515.1367	91.67	16
2520.9961	91.7	15.5
2526.8555	91.72	15.1
2532.7148	91.72	14.7
2538.5742	91.71	14.3
2544.4336	91.7	14
2550.293	91.69	13.7
2556.1523	91.67	13.5
2562.0117	91.66	13.3
2567.8711	91.64	13.2
2573.7305	91.62	13.1
2579.5898	91.62	13
2585.4492	91.62	12.9
2591.3086	91.62	12.8
2597.168	91.61	12.7
2603.0273	91.6	12.6
2608.8867	91.6	12.5
2614.7461	91.6	12.5
2620.6055	91.59	12.4
2626.4648	91.59	12.3
2632.3242	91.58	12.3
2638.1836	91.56	12.4
2644.043	91.56	12.5
2649.9023	91.57	12.7
2655.7617	91.6	12.9
2661.6211	91.65	13
2667.4805	91.71	13
2673.3398	91.77	12.8
2679.1992	91.83	12.6
2685.0586	91.87	12.3
2690.918	91.9	11.9
2696.7773	91.93	11.6
2702.6367	91.94	11.2
2708.4961	91.96	10.9
2714.3555	91.96	10.5
2720.2148	91.96	10.1
2726.0742	91.95	9.8
2731.9336	91.93	9.4
2737.793	91.9	9.2
2743.6523	91.87	9
2749.5117	91.84	9
2755.3711	91.83	9
2761.2305	91.83	9
2767.0898	91.84	9
2772.9492	91.86	8.9
2778.8086	91.89	8.8
2784.668	91.91	8.5
2790.5273	91.92	8.3
2796.3867	91.92	8
2802.2461	91.91	7.8
2808.1055	91.91	7.6
2813.9648	91.91	7.4
2819.8242	91.91	7.2
2825.6836	91.91	7.1
2831.543	91.92	6.9
2837.4023	91.93	6.7
2843.2617	91.94	6.4
2849.1211	91.96	6.1
2854.9805	91.97	5.8
2860.8398	91.97	5.3
2866.6992	91.95	4.8
2872.5586	91.92	4.4
2878.418	91.88	3.9
2884.2773	91.83	3.6
2890.1367	91.78	3.3
2895.9961	91.72	3
2901.8555	91.65	2.8
2907.7148	91.57	2.7
2913.5742	91.5	2.7
2919.4336	91.43	2.8
2925.293	91.38	3
2931.1523	91.34	3.2
2938.4766	91.3	3.5
2945.8008	91.28	3.7
2953.125	91.28	4
2960.4492	91.28	4.1
2967.7734	91.29	4.2
2975.0977	91.3	4.3
2982.4219	91.31	4.3
2989.7461	91.31	4.2
2997.0703	91.32	4.2
3004.3945	91.33	4.2
3011.7188	91.34	4.1
3019.043	91.35	4
3026.3672	91.35	3.9
3033.6914	91.35	3.7
3041.0156	91.35	3.5
3048.3398	91.34	3.3
3055.6641	91.32	3.1
3062.9883	91.28	2.9
3070.3125	91.24	2.8
3077.6367	91.2	2.8
3084.9609	91.16	2.8
3092.2852	91.12	2.9
3099.6094	91.1	3.1
3106.9336	91.08	3.3
3114.2578	91.07	3.5
3121.582	91.08	3.7
3128.9063	91.1	3.9
3136.2305	91.13	4
3143.5547	91.16	4
3150.8789	91.18	3.9
3158.2031	91.2	3.8
3165.5273	91.22	3.7
3172.8516	91.23	3.6
3180.1758	91.25	3.5
3187.5	91.26	3.3
3194.8242	91.27	3.1
3202.1484	91.28	2.8
3209.4727	91.28	2.5
3216.7969	91.26	2.2
3224.1211	91.23	1.8
3231.4453	91.17	1.5
3238.7695	91.1	1.4
3246.0938	91.03	1.5
3253.418	90.99	1.8
3260.7422	90.96	2
3268.0664	90.95	2.2
3275.3906	90.95	2.4
3282.7148	90.95	2.5
3290.0391	90.94	2.5
3297.3633	90.94	2.6
3304.6875	90.94	2.7
3312.0117	90.94	2.8
3319.3359	90.95	3
3326.6602	90.97	3
3333.9844	90.99	3
3341.3086	91	3
3348.6328	91.01	2.9
3355.957	91.02	2.9
3363.2813	91.03	2.7
3370.6055	91.03	2.6
3377.9297	91.03	2.5
3385.2539	91.01	2.3
3392.5781	90.99	2.1
3399.9023	90.95	2.1
3407.2266	90.91	2.1
3414.5508	90.87	2.3
3421.875	90.84	2.5
3429.1992	90.83	2.8
3436.5234	90.84	3.1
3443.8477	90.87	3.3
3451.1719	90.89	3.4
3458.4961	90.91	3.4
3465.8203	90.93	3.4
3473.1445	90.94	3.4
3480.4688	90.95	3.4
3487.793	90.96	3.4
3495.1172	90.98	3.4
3502.4414	90.99	3.4
3509.7656	91	3.3
3517.0898	91	3.2
3524.4141	91	3.2
3531.7383	91	3.1
3539.0625	90.99	3.1
3546.3867	90.98	3
3553.7109	90.96	3
3561.0352	90.93	3
3568.3594	90.9	3.2
3575.6836	90.88	3.4
3583.0078	90.86	3.7
3590.332	90.86	4
3597.6563	90.87	4.4
3604.9805	90.9	4.8
3612.3047	90.95	5.1
3619.6289	91.01	5.3
3626.9531	91.07	5.5
3634.2773	91.13	5.5
3641.6016	91.18	5.5
3648.9258	91.23	5.4
3656.25	91.26	5.3
3663.5742	91.29	5.2
3672.3633	91.33	5.2
3681.1523	91.36	5.2
3689.9414	91.41	5.2
3698.7305	91.46	5.2
3707.5195	91.52	5.1
3716.3086	91.58	5
3725.0977	91.63	4.9
3733.8867	91.69	4.7
3742.6758	91.74	4.4
3751.4648	91.78	4.1
3760.2539	91.81	3.9
3769.043	91.85	3.7
3777.832	91.89	3.5
3786.6211	91.93	3.3
3795.4102	91.99	3.1
3804.1992	92.04	2.7
3812.9883	92.09	2.2
3821.7773	92.12	1.7
3830.5664	92.13	1.2
3839.3555	92.13	0.8
3848.1445	92.12	0.4
3856.9336	92.12	0.1
3865.7227	92.12	-0.1
3874.5117	92.13	-0.3
3883.3008	92.15	-0.6
3892.0898	92.17	-0.9
3900.8789	92.19	-1.2
3909.668	92.2	-1.6
3918.457	92.22	-2
3927.2461	92.22	-2.3
3936.0352	92.21	-2.7
3944.8242	92.21	-3
3953.6133	92.21	-3.2
3962.4023	92.23	-3.5
3971.1914	92.25	-3.8
3979.9805	92.27	-4.3
3988.7695	92.29	-4.8
3997.5586	92.3	-5.3
4006.3477	92.29	-6
4015.1367	92.27	-6.6
4023.9258	92.23	-7.1
4032.7148	92.19	-7.7
4041.5039	92.14	-8.1
4050.293	92.08	-8.5
4059.082	92.03	-8.8
4067.8711	91.98	-9.1
4076.6602	91.93	-9.4
4085.4492	91.89	-9.7
4094.2383	91.84	-10
4103.0273	91.79	-10.2
4111.8164	91.74	-10.5
4120.6055	91.69	-10.7
4129.3945	91.64	-11
4138.1836	91.58	-11.1
4146.9727	91.53	-11.3
4155.7617	91.49	-11.5
4164.5508	91.44	-11.7
4173.3398	91.38	-11.9
4182.1289	91.32	-12.1
4190.918	91.26	-12.3
4199.707	91.19	-12.4
4208.4961	91.12	-12.4
4217.2852	91.05	-12.5
4226.0742	90.99	-12.5
4234.8633	90.92	-12.5
4243.6523	90.86	-12.4
4252.4414	90.8	-12.3
4261.2305	90.75	-12.2
4270.0195	90.69	-12.1
4278.8086	90.64	-12
4287.5977	90.6	-11.9
4296.3867	90.55	-11.8
4305.1758	90.5	-11.7
4313.9648	90.44	-11.5
4322.7539	90.39	-11.3
4331.543	90.35	-11.1
4340.332	90.31	-10.8
4349.1211	90.28	-10.6
4357.9102	90.25	-10.4
4366.6992	90.21	-10.2
4375.4883	90.17	-10
4384.2773	90.13	-9.7
4393.0664	90.1	-9.3
4401.8555	90.08	-9
4412.1094	90.06	-8.5
4422.3633	90.06	-8.1
4432.6172	90.06	-7.7
4442.8711	90.08	-7.4
4453.125	90.09	-7.2
4463.3789	90.1	-7
4473.6328	90.1	-6.8
4483.8867	90.09	-6.6
4494.1406	90.09	-6.3
4504.3945	90.11	-6
4514.6484	90.13	-5.7
4524.9023	90.16	-5.5
4535.1563	90.18	-5.4
4545.4102	90.2	-5.2
4555.6641	90.22	-5
4565.918	90.25	-4.9
4576.1719	90.28	-4.7
4586.4258	90.32	-4.6
4596.6797	90.35	-4.6
4606.9336	90.38	-4.6
4617.1875	90.4	-4.6
4627.4414	90.42	-4.7
4637.6953	90.43	-4.7
4647.9492	90.44	-4.6
4658.2031	90.46	-4.5
4668.457	90.48	-4.5
4678.7109	90.51	-4.5
4688.9648	90.53	-4.5
4699.2188	90.56	-4.6
4709.4727	90.58	-4.6
4719.7266	90.59	-4.7
4729.9805	90.61	-4.8
4740.2344	90.62	-4.9
4750.4883	90.63	-4.9
4760.7422	90.64	-5
4770.9961	90.65	-5.1
4781.25	90.66	-5.2
4791.5039	90.66	-5.3
4801.7578	90.65	-5.3
4812.0117	90.65	-5.3
4822.2656	90.64	-5.3
4832.5195	90.65	-5.3
4842.7734	90.66	-5.3
4853.0273	90.66	-5.3
4863.2813	90.66	-5.3
4873.5352	90.65	-5.3
4883.7891	90.65	-5.2
4894.043	90.65	-5.1
4904.2969	90.66	-4.9
4914.5508	90.68	-4.8
4924.8047	90.72	-4.7
4935.0586	90.75	-4.7
4945.3125	90.78	-4.7
4955.5664	90.8	-4.8
4965.8203	90.81	-4.9
4976.0742	90.82	-4.9
4986.3281	90.83	-4.8
4996.582	90.85	-4.7
5006.8359	90.87	-4.6
5017.0898	90.91	-4.6
5027.3438	90.95	-4.6
5037.5977	90.99	-4.6
5047.8516	91.02	-4.7
5058.1055	91.05	-4.8
5068.3594	91.08	-4.8
5078.6133	91.11	-4.9
5088.8672	91.15	-5
5099.1211	91.19	-5
5109.375	91.24	-5.2
5119.6289	91.28	-5.4
5129.8828	91.32	-5.7
5141.6016	91.34	-6
5153.3203	91.36	-6.2
5165.0391	91.38	-6.4
5176.7578	91.41	-6.5
5188.4766	91.45	-6.7
5200.1953	91.49	-6.9
5211.9141	91.52	-7.2
5223.6328	91.56	-7.6
5235.3516	91.58	-8
5247.0703	91.6	-8.4
5258.7891	91.61	-8.7
5270.5078	91.62	-9
5282.2266	91.64	-9.4
5293.9453	91.66	-9.8
5305.6641	91.66	-10.3
5317.3828	91.65	-10.8
5329.1016	91.63	-11.1
5340.8203	91.61	-11.5
5352.5391	91.6	-11.7
5364.2578	91.59	-12.1
5375.9766	91.58	-12.4
5387.6953	91.57	-12.7
5399.4141	91.56	-13.1
5411.1328	91.54	-13.5
5422.8516	91.5	-13.9
5434.5703	91.47	-14.2
5446.2891	91.43	-14.5
5458.0078	91.39	-14.8
5469.7266	91.35	-15.1
5481.4453	91.3	-15.4
5493.1641	91.25	-15.6
5504.8828	91.19	-15.7
5516.6016	91.14	-15.8
5528.3203	91.1	-15.8
5540.0391	91.07	-15.8
5551.7578	91.05	-15.9
5563.4766	91.02	-16.1
5575.1953	90.98	-16.2
5586.9141	90.94	-16.3
5598.6328	90.89	-16.4
5610.3516	90.85	-16.4
5622.0703	90.81	-16.4
5633.7891	90.77	-16.4
5645.5078	90.74	-16.3
5657.2266	90.71	-16.3
5668.9453	90.68	-16.3
5680.6641	90.64	-16.3
5692.3828	90.6	-16.2
5704.1016	90.57	-16.1
5715.8203	90.55	-16
5727.5391	90.54	-15.9
5739.2578	90.52	-15.8
5750.9766	90.5	-15.8
5762.6953	90.48	-15.7
5774.4141	90.45	-15.7
5786.1328	90.43	-15.6
5797.8516	90.41	-15.4
5809.5703	90.39	-15.3
5821.2891	90.38	-15.1
5833.0078	90.37	-14.9
5844.7266	90.36	-14.8
5856.4453	90.36	-14.6
5868.1641	90.37	-14.4
5881.3477	90.39	-14.2
5894.5313	90.42	-14.2
5907.7148	90.44	-14.2
5920.8984	90.44	-14.3
5934.082	90.44	-14.3
5947.2656	90.44	-14.2
5960.4492	90.45	-14.1
5973.6328	90.46	-14.1
5986.8164	90.47	-14.1
6000	90.48	-14.1
6013.1836	90.48	-14.1
6026.3672	90.49	-14.1
6039.5508	90.5	-14.1
6052.7344	90.51	-14.1
6065.918	90.51	-14.1
6079.1016	90.52	-14.2
6092.2852	90.53	-14.2
6105.4688	90.54	-14.2
6118.6523	90.55	-14.2
6131.8359	90.57	-14.2
6145.0195	90.58	-14.2
6158.2031	90.6	-14.3
6171.3867	90.61	-14.4
6184.5703	90.62	-14.4
6197.7539	90.63	-14.4
6210.9375	90.65	-14.5
6224.1211	90.66	-14.6
6237.3047	90.67	-14.7
6250.4883	90.68	-14.8
6263.6719	90.69	-14.9
6276.8555	90.69	-14.9
6290.0391	90.7	-15
6303.2227	90.71	-15
6316.4063	90.73	-15
6329.5898	90.75	-15.1
6342.7734	90.77	-15.2
6355.957	90.78	-15.3
6369.1406	90.8	-15.4
6382.3242	90.82	-15.4
6395.5078	90.86	-15.5
6408.6914	90.89	-15.7
6421.875	90.91	-15.9
6435.0586	90.93	-16.1
6448.2422	90.95	-16.3
6461.4258	90.96	-16.5
6474.6094	90.99	-16.6
6487.793	91.02	-16.8
6500.9766	91.06	-17.1
6514.1602	91.09	-17.5
6527.3438	91.11	-17.8
6540.5273	91.12	-18.2
6553.7109	91.13	-18.6
6566.8945	91.14	-19
6580.0781	91.14	-19.4
6593.2617	91.15	-19.8
6607.9102	91.14	-20.3
6622.5586	91.14	-20.8
6637.207	91.12	-21.2
6651.8555	91.11	-21.7
6666.5039	91.1	-22.2
6681.1523	91.09	-22.7
6695.8008	91.07	-23.3
6710.4492	91.02	-23.9
6725.0977	90.97	-24.5
6739.7461	90.91	-25
6754.3945	90.84	-25.5
6769.043	90.77	-25.9
6783.6914	90.69	-26.4
6798.3398	90.61	-26.7
6812.9883	90.53	-27.1
6827.6367	90.43	-27.4
6842.2852	90.35	-27.6
6856.9336	90.26	-27.8
6871.582	90.16	-28
6886.2305	90.05	-28.2
6900.8789	89.94	-28.3
6915.5273	89.82	-28.3
6930.1758	89.71	-28.2
6944.8242	89.61	-28
6959.4727	89.51	-27.7
6974.1211	89.42	-27.4
6988.7695	89.33	-27.1
7003.418	89.25	-26.8
7018.0664	89.16	-26.4
7032.7148	89.09	-26
7047.3633	89.02	-25.5
7062.0117	88.96	-25
7076.6602	88.9	-24.4
7091.3086	88.86	-23.8
7105.957	88.83	-23.1
7120.6055	88.81	-22.4
7135.2539	88.82	-21.7
7149.9023	88.84	-21.2
7164.5508	88.85	-20.7
7179.1992	88.87	-20.1
7193.8477	88.91	-19.6
7208.4961	88.95	-19.2
7223.1445	89	-18.9
7237.793	89.04	-18.5
7252.4414	89.09	-18.3
7267.0898	89.13	-18
7281.7383	89.18	-17.8
7296.3867	89.24	-17.6
7311.0352	89.3	-17.4
7325.6836	89.36	-17.4
7341.7969	89.42	-17.3
7357.9102	89.47	-17.4
7374.0234	89.52	-17.4
7390.1367	89.57	-17.5
7406.25	89.61	-17.6
7422.3633	89.65	-17.7
7438.4766	89.69	-17.8
7454.5898	89.73	-17.9
7470.7031	89.78	-18
7486.8164	89.82	-18.3
7502.9297	89.85	-18.5
7519.043	89.87	-18.8
7535.1563	89.9	-19
7551.2695	89.92	-19.3
7567.3828	89.93	-19.6
7583.4961	89.93	-19.9
7599.6094	89.94	-20.1
7615.7227	89.94	-20.3
7631.8359	89.95	-20.6
7647.9492	89.96	-20.8
7664.0625	89.96	-21.1
7680.1758	89.95	-21.4
7696.2891	89.93	-21.7
7712.4023	89.92	-21.9
7728.5156	89.9	-22.2
7744.6289	89.88	-22.4
7760.7422	89.86	-22.5
7776.8555	89.85	-22.6
7792.9688	89.84	-22.8
7809.082	89.84	-23
7825.1953	89.82	-23.2
7841.3086	89.8	-23.5
7857.4219	89.78	-23.6
7873.5352	89.75	-23.8
7889.6484	89.73	-24
7905.7617	89.71	-24.1
7921.875	89.69	-24.3
7937.9883	89.66	-24.4
7954.1016	89.63	-24.6
7970.2148	89.6	-24.7
7986.3281	89.59	-24.8
8002.4414	89.56	-25
8018.5547	89.53	-25.1
8034.668	89.49	-25.2
8050.7813	89.45	-25.3
8066.8945	89.42	-25.3
8084.4727	89.39	-25.4
8102.0508	89.36	-25.5
8119.6289	89.32	-25.5
8137.207	89.29	-25.6
8154.7852	89.25	-25.6
8172.3633	89.21	-25.7
8189.9414	89.17	-25.8
8207.5195	89.12	-25.8
8225.0977	89.07	-25.7
8242.6758	89.03	-25.6
8260.2539	88.98	-25.5
8277.832	88.94	-25.5
8295.4102	88.89	-25.3
8312.9883	88.84	-25.1
8330.5664	88.79	-24.9
8348.1445	88.75	-24.6
8365.7227	88.71	-24.4
8383.3008	88.68	-24
8400.8789	88.65	-23.6
8418.457	88.64	-23.1
8436.0352	88.64	-22.7
8453.6133	88.65	-22.4
8471.1914	88.66	-22
8488.7695	88.66	-21.7
8506.3477	88.68	-21.3
8523.9258	88.7	-20.9
8541.5039	88.73	-20.6
8559.082	88.77	-20.2
8576.6602	88.82	-19.9
8594.2383	88.88	-19.7
8611.8164	88.93	-19.5
8629.3945	88.99	-19.3
8646.9727	89.05	-19.2
8664.5508	89.11	-19.2
8682.1289	89.17	-19.1
8699.707	89.24	-19.1
8717.2852	89.31	-19.1
8734.8633	89.38	-19.2
8752.4414	89.45	-19.3
8770.0195	89.52	-19.6
8787.5977	89.58	-19.9
8805.1758	89.63	-20.2
8824.2188	89.69	-20.5
8843.2617	89.74	-20.9
8862.3047	89.78	-21.3
8881.3477	89.82	-21.7
8900.3906	89.86	-22.2
8919.4336	89.89	-22.7
8938.4766	89.92	-23.2
8957.5195	89.94	-23.7
8976.5625	89.95	-24.3
8995.6055	89.95	-24.9
9014.6484	89.95	-25.4
9033.6914	89.94	-26
9052.7344	89.93	-26.5
9071.7773	89.91	-27.1
9090.8203	89.89	-27.7
9109.8633	89.86	-28.3
9128.9063	89.82	-28.9
9147.9492	89.76	-29.4
9166.9922	89.7	-30
9186.0352	89.63	-30.4
9205.0781	89.56	-30.9
9224.1211	89.48	-31.3
9243.1641	89.4	-31.7
9262.207	89.3	-32
9281.25	89.2	-32.3
9300.293	89.11	-32.5
9319.3359	89	-32.6
9338.3789	88.89	-32.7
9357.4219	88.78	-32.7
9376.4648	88.68	-32.6
9395.5078	88.58	-32.4
9414.5508	88.49	-32.2
9433.5938	88.4	-31.9
9452.6367	88.31	-31.6
9471.6797	88.23	-31.3
9490.7227	88.15	-30.9
9509.7656	88.08	-30.4
9528.8086	88.02	-29.8
9549.3164	87.98	-29.1
9569.8242	87.95	-28.5
9590.332	87.93	-27.9
9610.8398	87.92	-27.3
9631.3477	87.93	-26.7
9651.8555	87.95	-26.1
9672.3633	87.98	-25.5
9692.8711	88.02	-25
9713.3789	88.08	-24.5
9733.8867	88.14	-24.2
9754.3945	88.21	-23.9
9774.9023	88.28	-23.7
9795.4102	88.35	-23.6
9815.918	88.42	-23.5
9836.4258	88.49	-23.4
9856.9336	88.56	-23.5
9877.4414	88.63	-23.5
9897.9492	88.7	-23.7
9918.457	88.77	-23.9
9938.9648	88.83	-24.2
9959.4727	88.88	-24.5
9979.9805	88.93	-24.8
10000.488	88.98	-25.2
10020.996	89.02	-25.5
10041.504	89.06	-26
10062.012	89.09	-26.5
10082.52	89.11	-27
10103.027	89.12	-27.5
10123.535	89.12	-28.1
10144.043	89.12	-28.6
10164.551	89.1	-29.2
10185.059	89.08	-29.7
10205.566	89.05	-30.2
10226.074	89.02	-30.7
10246.582	88.98	-31.2
10267.09	88.92	-31.7
10289.063	88.86	-32.2
10311.035	88.79	-32.6
10333.008	88.72	-33
10354.98	88.65	-33.3
10376.953	88.56	-33.7
10398.926	88.47	-34
10420.898	88.38	-34.2
10442.871	88.28	-34.4
10464.844	88.17	-34.5
10486.816	88.06	-34.5
10508.789	87.96	-34.4
10530.762	87.86	-34.2
10552.734	87.76	-34
10574.707	87.66	-33.8
10596.68	87.57	-33.4
10618.652	87.49	-33
10640.625	87.41	-32.6
10662.598	87.35	-32
10684.57	87.3	-31.5
10706.543	87.26	-31
10728.516	87.23	-30.5
10750.488	87.2	-29.9
10772.461	87.18	-29.4
10794.434	87.17	-28.8
10816.406	87.17	-28.2
10838.379	87.19	-27.6
10860.352	87.22	-27
10882.324	87.27	-26.5
10904.297	87.32	-26.1
10926.27	87.37	-25.7
10948.242	87.43	-25.4
10970.215	87.5	-25.1
10992.188	87.58	-24.9
11015.625	87.67	-24.8
11039.063	87.76	-24.8
11062.5	87.84	-24.9
11085.938	87.92	-25.1
11109.375	87.99	-25.2
11132.813	88.07	-25.5
11156.25	88.14	-25.8
11179.688	88.21	-26.3
11203.125	88.26	-26.7
11226.563	88.32	-27.2
11250	88.36	-27.8
11273.438	88.4	-28.5
11296.875	88.42	-29.1
11320.313	88.44	-29.9
11343.75	88.44	-30.6
11367.188	88.42	-31.4
11390.625	88.4	-32.2
11414.063	88.35	-32.9
11437.5	88.3	-33.6
11460.938	88.24	-34.3
11484.375	88.17	-35
11507.813	88.08	-35.6
11531.25	87.99	-36.2
11554.688	87.89	-36.7
11578.125	87.78	-37.1
11601.563	87.66	-37.5
11625	87.55	-37.8
11648.438	87.43	-38.1
11671.875	87.3	-38.3
11695.313	87.17	-38.5
11718.75	87.04	-38.5
11743.652	86.9	-38.5
11768.555	86.76	-38.4
11793.457	86.62	-38.2
11818.359	86.5	-38
11843.262	86.37	-37.7
11868.164	86.24	-37.4
11893.066	86.12	-36.9
11917.969	86.01	-36.5
11942.871	85.91	-36
11967.773	85.8	-35.4
11992.676	85.7	-34.8
12017.578	85.61	-34.1
12042.48	85.52	-33.4
12067.383	85.44	-32.5
12092.285	85.37	-31.7
12117.188	85.32	-30.7
12142.09	85.28	-29.7
12166.992	85.26	-28.7
12191.895	85.26	-27.6
12216.797	85.28	-26.6
12241.699	85.32	-25.6
12266.602	85.38	-24.6
12291.504	85.45	-23.8
12316.406	85.54	-23
12341.309	85.64	-22.3
12366.211	85.76	-21.7
12391.113	85.88	-21.2
12416.016	86.01	-20.9
12440.918	86.15	-20.7
12465.82	86.28	-20.6
12492.188	86.41	-20.7
12518.555	86.54	-20.9
12544.922	86.66	-21.3
12571.289	86.76	-21.7
12597.656	86.85	-22.3
12624.023	86.93	-23
12650.391	86.98	-23.7
12676.758	87.01	-24.4
12703.125	87.02	-25.2
12729.492	87.01	-25.9
12755.859	86.98	-26.7
12782.227	86.94	-27.4
12808.594	86.88	-28
12834.961	86.8	-28.6
12861.328	86.7	-29.2
12887.695	86.59	-29.6
12914.063	86.47	-29.9
12940.43	86.34	-30.1
12966.797	86.2	-30.2
12993.164	86.06	-30.1
13019.531	85.91	-29.8
13045.898	85.78	-29.5
13072.266	85.64	-28.9
13098.633	85.52	-28.2
13125	85.42	-27.4
13151.367	85.34	-26.5
13177.734	85.27	-25.5
13204.102	85.22	-24.5
13231.934	85.19	-23.3
13259.766	85.19	-22.1
13287.598	85.21	-20.9
13315.43	85.26	-19.7
13343.262	85.33	-18.6
13371.094	85.43	-17.5
13398.926	85.55	-16.5
13426.758	85.69	-15.6
13454.59	85.84	-14.8
13482.422	86.02	-14.1
13510.254	86.2	-13.6
13538.086	86.39	-13.2
13565.918	86.59	-13
13593.75	86.79	-13
13621.582	86.99	-13
13649.414	87.19	-13.2
13677.246	87.38	-13.5
13705.078	87.57	-14
13732.91	87.76	-14.6
13760.742	87.93	-15.3
13788.574	88.09	-16.1
13816.406	88.24	-17
13844.238	88.37	-18
13872.07	88.49	-19.1
13899.902	88.59	-20.3
13927.734	88.68	-21.5
13957.031	88.74	-22.8
13986.328	88.79	-24.2
14015.625	88.82	-25.6
14044.922	88.82	-26.9
14074.219	88.8	-28.3
14103.516	88.76	-29.6
14132.813	88.7	-30.9
14162.109	88.61	-32.2
14191.406	88.51	-33.3
14220.703	88.39	-34.3
14250	88.25	-35.2
14279.297	88.1	-36
14308.594	87.94	-36.6
14337.891	87.78	-37
14367.188	87.62	-37.2
14396.484	87.46	-37.3
14425.781	87.32	-37.2
14455.078	87.19	-37
14484.375	87.08	-36.6
14513.672	87	-36.2
14542.969	86.95	-35.7
14572.266	86.93	-35.2
14601.563	86.93	-34.7
14630.859	86.97	-34.3
14660.156	87.03	-34
14690.918	87.12	-33.8
14721.68	87.23	-33.9
14752.441	87.35	-34.1
14783.203	87.47	-34.6
14813.965	87.6	-35.3
14844.727	87.72	-36.1
14875.488	87.83	-37.2
14906.25	87.92	-38.4
14937.012	88	-39.8
14967.773	88.05	-41.4
14998.535	88.09	-43
15029.297	88.09	-44.7
15060.059	88.08	-46.6
15090.82	88.03	-48.4
15121.582	87.96	-50.3
15152.344	87.85	-52.3
15183.105	87.72	-54.2
15213.867	87.55	-56.1
15244.629	87.34	-58
15275.391	87.11	-59.8
15306.152	86.84	-61.4
15336.914	86.54	-62.9
15367.676	86.22	-64.3
15398.438	85.88	-65.4
15430.664	85.49	-66.4
15462.891	85.08	-67.1
15495.117	84.66	-67.5
15527.344	84.25	-67.6
15559.57	83.83	-67.4
15591.797	83.43	-66.8
15624.023	83.05	-66
15656.25	82.71	-64.9
15688.477	82.4	-63.7
15720.703	82.14	-62.3
15752.93	81.91	-61
15785.156	81.73	-59.6
15817.383	81.57	-58.3
15849.609	81.44	-57.1
15881.836	81.33	-55.9
15914.063	81.24	-54.9
15946.289	81.15	-54
15978.516	81.07	-53.1
16010.742	80.99	-52.3
16042.969	80.92	-51.6
16075.195	80.84	-50.9
16107.422	80.77	-50.2
16139.648	80.71	-49.6
16173.34	80.65	-49
16207.031	80.6	-48.6
16240.723	80.54	-48.2
16274.414	80.49	-47.9
16308.105	80.43	-47.8
16341.797	80.36	-47.8
16375.488	80.27	-48
16409.18	80.14	-48.2
16442.871	80	-48.5
16476.563	79.82	-48.8
16510.254	79.6	-49.2
16543.945	79.35	-49.5
16577.637	79.06	-49.6
16611.328	78.73	-49.5
16645.02	78.38	-49.3
16678.711	77.99	-48.7
16712.402	77.59	-47.8
16746.094	77.18	-46.4
16779.785	76.79	-44.6
16813.477	76.44	-42.4
16847.168	76.13	-39.9
16882.324	75.87	-37
16917.48	75.68	-33.9
16952.637	75.56	-30.8
16987.793	75.5	-27.7
17022.949	75.49	-24.8
17058.105	75.52	-22.1
17093.262	75.59	-19.5
17128.418	75.68	-17.1
17163.574	75.79	-14.8
17198.73	75.92	-12.7
17233.887	76.06	-10.7
17269.043	76.22	-8.8
17304.199	76.39	-7.1
17339.355	76.57	-5.5
17374.512	76.76	-3.9
17409.668	76.98	-2.6
17444.824	77.2	-1.5
17479.98	77.42	-0.7
17515.137	77.63	-0.1
17550.293	77.83	0.3
17585.449	78.01	0.5
17622.07	78.16	0.5
17658.691	78.27	0.4
17695.313	78.35	0.2
17731.934	78.38	0
17768.555	78.37	-0.1
17805.176	78.32	-0.1
17841.797	78.24	0.1
17878.418	78.13	0.6
17915.039	78.02	1.4
17951.66	77.9	2.5
17988.281	77.81	4
18024.902	77.76	5.8
18061.523	77.75	7.8
18098.145	77.8	9.9
18134.766	77.91	12
18171.387	78.08	14
18208.008	78.29	15.8
18244.629	78.52	17.3
18281.25	78.77	18.6
18317.871	79.03	19.6
18355.957	79.3	20.5
18394.043	79.56	21.2
18432.129	79.82	21.8
18470.215	80.07	22.3
18508.301	80.32	22.7
18546.387	80.58	23
18584.473	80.82	23.3
18622.559	81.08	23.4
18660.645	81.33	23.4
18698.73	81.58	23.3
18736.816	81.84	23.1
18774.902	82.1	22.6
18812.988	82.35	22
18851.074	82.59	21.1
18889.16	82.8	19.9
18927.246	82.98	18.6
18965.332	83.13	17.2
19003.418	83.23	15.6
19041.504	83.28	14
19079.59	83.29	12.4
19119.141	83.26	10.8
19158.691	83.17	9.4
19198.242	83.03	8.1
19237.793	82.86	7.2
19277.344	82.65	6.6
19316.895	82.42	6.4
19356.445	82.18	6.7
19395.996	81.97	7.5
19435.547	81.79	8.8
19475.098	81.67	10.4
19514.648	81.62	12.2
19554.199	81.65	14.2
19593.75	81.75	16.1
19633.301	81.92	17.8
19672.852	82.14	19.2
19712.402	82.4	20.3
19751.953	82.69	21.1
19791.504	83	21.6
19832.52	83.33	21.7
19873.535	83.65	21.5
19914.551	83.97	20.9
19955.566	84.27	20.1
19996.582	84.55	18.9
20037.598	84.8	17.6
20078.613	85.03	16
20119.629	85.22	14.3
20160.645	85.38	12.4
20201.66	85.49	10.3
20242.676	85.55	8.2
20283.691	85.57	6
20324.707	85.52	3.9
20365.723	85.43	2
20406.738	85.28	0.2
20447.754	85.09	-1.3
20488.77	84.86	-2.5
20529.785	84.61	-3.3
20572.266	84.34	-3.6
20614.746	84.08	-3.4
20657.227	83.86	-2.8
20699.707	83.7	-1.8
20742.188	83.62	-0.6
20784.668	83.61	0.6
20827.148	83.68	1.6
20869.629	83.8	2.3
20912.109	83.95	2.7
20954.59	84.12	2.6
20997.07	84.27	2.2
21039.551	84.42	1.6
21082.031	84.54	0.7
21124.512	84.64	-0.4
21166.992	84.72	-1.5
21209.473	84.77	-2.7
21251.953	84.8	-4
21295.898	84.81	-5.4
21339.844	84.8	-6.8
21383.789	84.76	-8.2
21427.734	84.7	-9.7
21471.68	84.61	-11.2
21515.625	84.49	-12.7
21559.57	84.33	-14.2
21603.516	84.13	-15.6
21647.461	83.9	-16.9
21691.406	83.62	-18.1
21735.352	83.3	-18.9
21779.297	82.97	-19.5
21823.242	82.62	-19.8
21867.188	82.26	-19.8
21911.133	81.91	-19.5
21955.078	81.57	-18.9
21999.023	81.25	-18
22044.434	80.93	-16.9
22089.844	80.64	-15.5
22135.254	80.39	-13.8
22180.664	80.17	-11.9
22226.074	80.01	-9.8
22271.484	79.91	-7.5
22316.895	79.89	-5.1
22362.305	79.94	-2.9
22407.715	80.06	-0.9
22453.125	80.23	0.6
22498.535	80.42	1.7
22543.945	80.61	2.4
22589.355	80.77	2.7
22634.766	80.89	2.7
22680.176	80.95	2.7
22725.586	80.98	2.5
22772.461	80.96	2.5
22819.336	80.9	2.7
22866.211	80.84	3.1
22913.086	80.77	3.7
22959.961	80.71	4.5
23006.836	80.67	5.5
23053.711	80.66	6.6
23100.586	80.69	7.7
23147.461	80.74	8.7
23194.336	80.82	9.7
23241.211	80.92	10.5
23288.086	81.03	11.3
23334.961	81.15	11.9
23381.836	81.29	12.5
23428.711	81.43	13
23475.586	81.59	13.4
23523.926	81.76	13.7
23572.266	81.93	13.8
23620.605	82.1	13.9
23668.945	82.28	13.8
23717.285	82.45	13.6
23765.625	82.62	13.3
23813.965	82.78	12.8
23862.305	82.92	12.1
23910.645	83.05	11.3
23958.984	83.16	10.3
24007.324	83.24	9.1
24055.664	83.28	7.9
24104.004	83.28	6.5
24152.344	83.23	5.1
24200.684	83.12	3.7
24250.488	82.94	2.5
24300.293	82.69	1.6
24350.098	82.4	1.2
24399.902	82.08	1.5
24449.707	81.78	2.5
24499.512	81.54	4.3
24549.316	81.4	6.6
24599.121	81.39	9.1
24648.926	81.51	11.5
24698.73	81.75	13.4
24748.535	82.05	14.7
24798.34	82.39	15.4
24848.145	82.71	15.4
24897.949	83.01	14.9
24947.754	83.28	14
24999.023	83.5	12.9
25050.293	83.68	11.5
25101.563	83.82	10
25152.832	83.93	8.4
25204.102	84	6.8
25255.371	84.04	5
25306.641	84.03	3.2
25357.91	83.99	1.4
25409.18	83.89	-0.5
25460.449	83.74	-2.3
25511.719	83.52	-4.1
25562.988	83.24	-5.6
25614.258	82.89	-6.8
25665.527	82.48	-7.5
25718.262	82	-7.7
25770.996	81.51	-7.1
25823.73	81.03	-5.6
25876.465	80.62	-3.4
25929.199	80.31	-0.6
25981.934	80.12	2.6
26034.668	80.07	5.6
26087.402	80.12	8.4
26140.137	80.25	10.8
26192.871	80.42	12.7
26245.605	80.61	14.2
26298.34	80.8	15.3
26351.074	80.99	16.3
26403.809	81.18	17.1
26458.008	81.36	17.8
26512.207	81.53	18.4
26566.406	81.7	19
26620.605	81.84	19.6
26674.805	81.99	20.4
26729.004	82.13	21.3
26783.203	82.28	22.4
26837.402	82.47	23.8
26891.602	82.72	25.2
26945.801	83.02	26.6
27000	83.4	27.9
27054.199	83.85	28.8
27108.398	84.36	29.2
27164.063	84.91	28.9
27219.727	85.46	27.9
27275.391	85.99	26.3
27331.055	86.47	24.2
27386.719	86.9	21.6
27442.383	87.27	18.7
27498.047	87.57	15.6
27553.711	87.81	12.4
27609.375	87.99	9.2
27665.039	88.12	6.1
27720.703	88.21	3.1
27776.367	88.27	0.3
27832.031	88.3	-2.5
27889.16	88.31	-5.1
27946.289	88.31	-7.6
28003.418	88.3	-10
28060.547	88.29	-12.4
28117.676	88.26	-14.8
28174.805	88.23	-17.2
28231.934	88.18	-19.5
28289.063	88.12	-21.7
28346.191	88.05	-24
28403.32	87.98	-26.1
28460.449	87.92	-28.2
28517.578	87.87	-30.2
28574.707	87.85	-32.4
28633.301	87.84	-34.7
28691.895	87.84	-37.3
28750.488	87.84	-40.1
28809.082	87.83	-43.4
28867.676	87.79	-46.9
28926.27	87.7	-50.7
28984.863	87.57	-54.7
29043.457	87.37	-58.9
29102.051	87.12	-63.2
29160.645	86.8	-67.4
29219.238	86.43	-71.6
29277.832	86	-75.6
29336.426	85.51	-79.5
29396.484	84.97	-83.1
29456.543	84.38	-86.4
29516.602	83.77	-89.3
29576.66	83.16	-91.9
29636.719	82.55	-94.1
29696.777	81.96	-96.1
29756.836	81.41	-98
29816.895	80.89	-100
29876.953	80.39	-102.1
29937.012	79.91	-104.5
29997.07	79.44	-107.1
30057.129	78.96	-109.9
30118.652	78.48	-113
30180.176	78.02	-116.2
30241.699	77.58	-119.7
30303.223	77.16	-123.5
30364.746	76.76	-127.7
30426.27	76.36	-132.3
30487.793	75.95	-137.4
30549.316	75.52	-143
30610.84	75.04	-148.8
30672.363	74.53	-154.9
30733.887	74	-161
30795.41	73.47	-166.7
30858.398	72.99	-172.2
30921.387	72.62	-176.9
30984.375	72.43	179.1
31047.363	72.45	175.8
31110.352	72.7	172.8
31173.34	73.17	169.7
31236.328	73.8	166.3
31299.316	74.53	162.3
31362.305	75.29	157.6
31425.293	76.01	152.3
31488.281	76.68	146.5
31551.27	77.26	140.4
31615.723	77.76	134
31680.176	78.16	127.7
31744.629	78.49	121.7
31809.082	78.75	116.2
31873.535	78.98	111.1
31937.988	79.2	106.6
32002.441	79.42	102.4
32066.895	79.65	98.6
32131.348	79.87	94.9
32195.801	80.09	91.2
32260.254	80.27	87.5
32326.172	80.4	83.6
32392.09	80.46	79.8
32458.008	80.47	76.1
32523.926	80.41	72.6
32589.844	80.29	69.2
32655.762	80.13	66.2
32721.68	79.93	63.4
32787.598	79.68	61.1
32853.516	79.41	59.4
32919.434	79.13	58.3
32985.352	78.87	57.9
33052.734	78.65	58.2
33120.117	78.51	59.1
33187.5	78.45	60.3
33254.883	78.48	61.5
33322.266	78.58	62.7
33389.648	78.72	63.6
33457.031	78.89	64.2
33524.414	79.08	64.6
33591.797	79.28	64.5
33659.18	79.47	64.1
33726.563	79.63	63.4
33795.41	79.75	62.5
33864.258	79.83	61.6
33933.105	79.85	60.9
34001.953	79.85	60.5
34070.801	79.87	60.7
34139.648	79.93	61.4
34208.496	80.08	62.2
34277.344	80.32	63
34346.191	80.63	63.4
34415.039	80.98	63.3
34483.887	81.33	62.7
34554.199	81.67	61.6
34624.512	81.97	60.1
34694.824	82.22	58.4
34765.137	82.41	56.5
34835.449	82.54	54.7
34905.762	82.64	53
34976.074	82.7	51.6
35046.387	82.76	50.4
35116.699	82.82	49.3
35187.012	82.9	48.3
35258.789	82.97	47.2
35330.566	83.04	45.9
35402.344	83.08	44.6
35474.121	83.09	43.2
35545.898	83.09	42
35617.676	83.09	40.9
35689.453	83.1	40
35761.23	83.16	39.2
35833.008	83.28	38.4
35904.785	83.44	37.4
35978.027	83.65	36
36051.27	83.85	34.1
36124.512	84.01	31.8
36197.754	84.09	29.2
36270.996	84.08	26.4
36344.238	83.95	23.8
36417.48	83.72	21.5
36490.723	83.42	19.7
36563.965	83.08	18.5
36637.207	82.75	18
36711.914	82.47	18
36786.621	82.26	18.4
36861.328	82.14	18.8
36936.035	82.1	19.1
37010.742	82.12	19.2
37085.449	82.17	19
37160.156	82.23	18.5
37234.863	82.29	17.8
37309.57	82.34	16.9
37384.277	82.36	16
37460.449	82.37	14.9
37536.621	82.35	13.7
37612.793	82.31	12.5
37688.965	82.25	11.4
37765.137	82.19	10.4
37841.309	82.15	9.4
37917.48	82.13	8.4
37993.652	82.12	7.4
38069.824	82.1	6.3
38145.996	82.07	5.4
38223.633	82.03	4.8
38301.27	82.04	4.6
38378.906	82.13	4.5
38456.543	82.3	4.2
38534.18	82.55	3.5
38611.816	82.83	2
38689.453	83.09	-0.1
38767.09	83.3	-2.8
38844.727	83.47	-5.9
38923.828	83.6	-9.3
39002.93	83.7	-12.8
39082.031	83.79	-16.6
39161.133	83.88	-20.6
39240.234	83.97	-25.1
39319.336	84.05	-30.1
39398.438	84.11	-35.6
39477.539	84.14	-41.7
39556.641	84.13	-48.6
39637.207	84.05	-56.4
39717.773	83.88	-64.9
39798.34	83.62	-74.1
39878.906	83.27	-83.9
39959.473	82.87	-94.3
