19.8660	61.3300	-116.4000
20.1989	60.2900	-118.2000
20.5375	59.6700	-120.1000
20.8817	59.5400	-122.0000
21.2317	59.6200	-124.1000
21.5875	59.8600	-126.4000
21.9493	60.2300	-129.0000
22.3172	60.8200	-131.9000
22.6913	61.6000	-135.1000
23.0716	62.3800	-137.8000
23.4583	62.9600	-139.5000
23.8514	63.3300	-140.2000
24.2512	63.6100	-140.5000
24.6576	63.8800	-140.9000
25.0709	64.2100	-141.6000
25.4911	64.6100	-142.9000
25.9183	64.9400	-144.4000
26.3527	65.0400	-145.1000
26.7944	64.8400	-145.0000
27.2435	64.4000	-144.3000
27.7001	64.1800	-143.9000
28.1644	64.4700	-144.5000
28.6364	65.1800	-146.0000
29.1164	65.7700	-147.4000
29.6044	65.9100	-148.1000
30.1005	65.7000	-148.5000
30.6050	65.5900	-149.3000
31.1180	65.8000	-151.6000
31.6395	66.4200	-155.8000
32.1698	67.0000	-160.6000
32.7090	67.3400	-164.7000
33.2572	67.5900	-167.8000
33.8146	67.9000	-169.6000
34.3813	68.3900	-170.6000
34.9576	69.0000	-171.2000
35.5435	69.6700	-171.8000
36.1392	70.2500	-172.7000
36.7449	70.5700	-174.1000
37.3607	70.7000	-176.1000
37.9869	70.8400	-178.3000
38.6236	71.1700	-135.8000
39.2709	71.6200	178.4000
39.9291	71.9600	176.6000
40.5983	72.1600	175.3000
41.2788	72.3100	174.2000
41.9706	72.4700	173.2000
42.6741	72.7200	171.1000
43.3893	73.0700	168.0000
44.1165	73.3800	166.4000
44.8559	73.5000	166.9000
45.6077	73.3800	167.3000
46.3721	73.1000	165.6000
47.1493	73.2500	161.0000
47.9395	73.9200	155.2000
48.7430	74.4200	151.6000
49.5600	74.5800	150.0000
50.3906	74.5900	148.7000
51.2351	74.7900	147.3000
52.0939	75.4200	145.8000
52.9670	75.7900	143.9000
53.8547	75.7200	141.5000
54.7573	75.5600	140.3000
55.6751	75.4300	140.3000
56.6082	75.2600	140.3000
57.5570	75.4200	138.9000
58.5216	75.6100	137.7000
59.5025	75.4200	138.4000
60.4997	75.6600	137.7000
61.5137	76.6800	133.4000
62.5447	77.3900	130.0000
63.5930	77.7200	128.1000
64.6588	77.9400	127.0000
65.7425	78.0900	126.2000
66.8444	78.1200	124.7000
67.9647	77.9700	122.6000
69.1038	77.8400	120.7000
70.2620	77.8600	119.3000
71.4396	78.0100	118.1000
72.6370	78.2900	116.6000
73.8544	78.7600	114.9000
75.0922	79.0300	113.1000
76.3508	79.0400	111.6000
77.6304	79.1200	110.6000
78.9315	79.3300	109.6000
80.2544	79.4600	108.3000
81.5995	79.4500	106.3000
82.9672	79.4300	103.7000
84.3577	79.4900	101.7000
85.7716	79.6800	100.1000
87.2091	79.9400	98.9000
88.6707	80.1500	98.6000
90.1569	80.3000	99.0000
91.6680	80.4800	99.1000
93.2043	80.7100	97.9000
94.7665	80.8000	95.5000
96.3548	80.7100	93.8000
97.9697	80.7000	92.4000
99.6117	80.9900	90.8000
101.2812	81.1700	88.9000
102.9787	81.2500	87.1000
104.7047	81.3600	85.7000
106.4595	81.4500	84.4000
108.2438	81.5400	83.2000
110.0580	81.6200	81.7000
111.9026	81.7100	79.6000
113.7781	81.9300	77.2000
115.6851	82.2100	76.1000
117.6240	82.3400	75.6000
119.5954	82.3200	74.1000
121.5998	82.3300	71.8000
123.6379	82.3900	70.5000
125.7101	82.3200	69.9000
127.8170	82.2100	68.7000
129.9592	82.2800	67.2000
132.1374	82.4100	65.9000
134.3520	82.4400	63.9000
136.6038	82.4900	61.8000
138.8933	82.6100	60.4000
141.2212	82.7200	59.7000
143.5881	82.7500	59.4000
145.9947	82.7800	59.2000
148.4416	82.9500	58.3000
150.9295	83.1000	56.6000
153.4591	83.1100	55.3000
156.0312	83.0400	53.9000
158.6463	82.9600	51.6000
161.3052	82.9900	49.4000
164.0087	83.0500	48.1000
166.7576	83.0400	47.3000
169.5525	82.9800	46.3000
172.3942	83.0100	45.0000
175.2836	83.2200	44.1000
178.2214	83.4000	43.7000
181.2084	83.3100	43.7000
184.2455	83.0800	43.0000
187.3335	83.0600	41.4000
190.4733	83.1400	39.6000
193.6656	83.2200	38.3000
196.9115	83.2700	37.0000
200.2118	83.3100	35.9000
203.5674	83.3200	35.3000
206.9792	83.3000	35.0000
210.4483	83.2800	34.7000
213.9754	83.2900	33.8000
217.5617	83.3300	32.6000
221.2081	83.3700	31.4000
224.9156	83.4000	29.7000
228.6852	83.4800	28.1000
232.5181	83.5500	27.1000
236.4151	83.5500	26.6000
240.3775	83.4300	25.9000
244.4063	83.2800	24.2000
248.5026	83.2800	22.3000
252.6676	83.2900	21.4000
256.9023	83.2100	20.6000
261.2081	83.1600	19.8000
265.5860	83.0800	19.7000
270.0373	82.9500	19.4000
274.5632	82.8900	18.3000
279.1649	82.9200	17.1000
283.8438	82.9800	16.3000
288.6011	83.0100	16.1000
293.4381	83.0000	16.0000
298.3562	82.9900	15.4000
303.3567	82.9400	14.5000
308.4410	82.8700	13.5000
313.6106	82.8800	12.7000
318.8668	82.8900	12.2000
324.2111	82.8000	11.5000
329.6449	82.6700	10.5000
335.1698	82.6400	9.4000
340.7874	82.6400	8.5000
346.4991	82.6000	8.0000
352.3065	82.4800	7.6000
358.2112	82.3600	7.0000
364.2149	82.2800	6.2000
370.3193	82.2300	5.6000
376.5259	82.1700	5.4000
382.8366	82.0300	5.2000
389.2530	81.9500	4.7000
395.7770	81.9300	4.2000
402.4103	81.8500	4.9000
409.1548	81.7100	6.1000
416.0123	81.6400	7.4000
422.9848	81.7600	9.3000
430.0741	82.0400	11.1000
437.2823	82.3500	11.9000
444.6112	82.6700	11.6000
452.0630	82.9800	10.4000
459.6397	83.1600	8.3000
467.3434	83.1300	5.7000
475.1762	82.8900	3.7000
483.1402	82.5300	2.9000
491.2378	82.1300	3.4000
499.4710	81.7700	5.0000
507.8423	81.5300	7.5000
516.3539	81.4300	10.3000
525.0081	81.4300	12.1000
533.8074	81.5100	13.7000
542.7541	81.6600	15.1000
551.8508	81.8800	16.3000
561.0999	82.2300	17.1000
570.5041	82.6500	16.5000
580.0659	82.9600	14.4000
589.7879	83.0300	11.5000
599.6729	82.8700	9.2000
609.7236	82.6100	8.3000
619.9427	82.4200	8.4000
630.3331	82.3600	8.8000
640.8976	82.3300	8.8000
651.6392	82.2300	8.9000
662.5609	82.1500	9.8000
673.6656	82.2300	11.6000
684.9564	82.5700	12.7000
696.4364	82.9900	12.2000
708.1088	83.3000	10.4000
719.9769	83.5000	8.1000
732.0439	83.6300	5.4000
744.3131	83.6500	2.0000
756.7880	83.4300	-1.7000
769.4720	82.9700	-4.4000
782.3685	82.4000	-5.3000
795.4812	81.8800	-4.8000
808.8137	81.4600	-3.6000
822.3696	81.0900	-1.5000
836.1527	80.8800	1.8000
850.1668	81.0000	5.5000
864.4158	81.3800	7.8000
878.9036	81.8300	8.8000
893.6343	82.3300	8.9000
908.6118	82.9200	7.2000
923.8404	83.3500	3.0000
939.3242	83.3600	-2.5000
955.0675	82.9600	-7.1000
971.0746	82.3500	-9.5000
987.3501	81.7200	-10.0000
1003.8983	81.2100	-9.1000
1020.7239	80.9000	-7.8000
1037.8315	80.6900	-7.0000
1055.2258	80.4400	-6.5000
1072.9116	80.1000	-5.3000
1090.8939	79.8300	-2.9000
1109.1775	79.8100	0.1000
1127.7676	80.0000	1.9000
1146.6693	80.1700	2.3000
1165.8877	80.2000	2.2000
1185.4283	80.1700	2.5000
1205.2964	80.1500	2.8000
1225.4974	80.0500	3.0000
1246.0371	79.8800	4.1000
1266.9209	79.8100	6.3000
1288.1549	79.9700	8.9000
1309.7446	80.3500	10.4000
1331.6963	80.7400	10.0000
1354.0158	80.9200	8.6000
1376.7095	80.9200	7.4000
1399.7835	80.8400	7.0000
1423.2442	80.7800	7.3000
1447.0981	80.8000	8.1000
1471.3518	80.9300	8.7000
1496.0120	81.0900	8.8000
1521.0856	81.2400	8.7000
1546.5793	81.4000	8.4000
1572.5004	81.6000	7.9000
1598.8559	81.8300	6.6000
1625.6531	81.9700	4.2000
1652.8994	81.8900	1.3000
1680.6024	81.5800	-0.8000
1708.7697	81.1300	-1.3000
1737.4091	80.7400	0.3000
1766.5285	80.6900	3.2000
1796.1360	81.0200	4.8000
1826.2397	81.4000	4.1000
1856.8479	81.6100	1.8000
1887.9691	81.6300	-1.1000
1919.6120	81.4000	-4.3000
1951.7851	80.8700	-6.2000
1984.4975	80.2200	-5.4000
2017.7582	79.8100	-2.4000
2051.5763	79.8100	0.9000
2085.9612	80.0800	2.7000
2120.9224	80.3700	2.5000
2156.4696	80.4900	0.7000
2192.6126	80.3300	-1.5000
2229.3613	79.8800	-2.2000
2266.7259	79.3600	-0.5000
2304.7168	79.1500	3.3000
2343.3444	79.3700	6.9000
2382.6195	79.8300	8.2000
2422.5528	80.1300	6.9000
2463.1553	80.0600	5.2000
2504.4384	79.7600	5.5000
2546.4134	79.6400	8.2000
2589.0919	79.9200	10.7000
2632.4858	80.3500	11.0000
2676.6069	80.6000	9.9000
2721.4674	80.6400	8.6000
2767.0799	80.5800	8.2000
2813.4568	80.5700	8.9000
2860.6111	80.7200	9.6000
2908.5556	80.9400	9.5000
2957.3037	81.0600	8.8000
3006.8689	81.1300	8.5000
3057.2647	81.2700	8.6000
3108.5052	81.5300	8.2000
3160.6045	81.8000	6.7000
3213.5770	81.9300	4.2000
3267.4374	81.8800	1.7000
3322.2004	81.7300	-0.1000
3377.8813	81.5400	-1.6000
3434.4954	81.2400	-2.6000
3492.0584	80.9000	-2.4000
3550.5862	80.6500	-1.0000
3610.0949	80.5900	1.4000
3670.6009	80.8800	3.1000
3732.1211	81.2200	2.4000
3794.6724	81.2100	0.7000
3858.2720	81.0600	1.2000
3922.9376	81.2000	2.6000
3988.6870	81.4400	2.3000
4055.5384	81.5100	2.2000
4123.5102	81.6900	3.3000
4192.6212	82.1100	3.6000
4262.8906	82.4600	2.7000
4334.3377	82.7500	2.4000
4406.9822	83.3100	2.7000
4480.8443	84.0600	1.2000
4555.9444	84.7500	-1.6000
4632.3031	85.6000	-4.7000
4709.9417	86.6200	-10.7000
4788.8814	87.4200	-20.6000
4869.1443	87.7700	-33.3000
4950.7523	87.5500	-47.6000
5033.7281	86.5600	-60.5000
5118.0947	85.1000	-68.6000
5203.8752	83.7900	-74.2000
5291.0934	82.4600	-79.3000
5379.7734	81.1000	-82.8000
5469.9397	79.8000	-86.2000
5561.6173	78.2600	-88.7000
5654.8313	76.5400	-88.2000
5749.6077	74.9600	-85.0000
5845.9725	73.6700	-80.9000
5943.9525	72.6300	-76.3000
6043.5746	71.8800	-72.5000
6144.8664	71.0500	-69.2000
6247.8558	70.2100	-63.7000
6352.5714	69.8600	-57.4000
6459.0421	69.8300	-53.5000
6567.2972	69.7200	-51.6000
6677.3667	69.4300	-50.0000
6789.2810	69.1400	-47.3000
6903.0710	69.0900	-45.1000
7018.7682	69.0900	-44.3000
7136.4045	69.0600	-44.7000
7256.0123	68.9000	-45.6000
7377.6249	68.7400	-47.1000
7501.2757	68.3300	-49.5000
7626.9989	67.7700	-51.3000
7754.8293	66.8900	-53.2000
7884.8021	65.6400	-52.0000
8016.9533	64.3900	-46.9000
8151.3194	63.7700	-40.3000
8287.9375	63.4400	-36.6000
8426.8454	62.9100	-33.9000
8568.0814	62.2000	-26.6000
8711.6845	62.7900	-17.3000
8857.6945	63.5600	-18.0000
9006.1516	63.5000	-21.6000
9157.0969	62.8000	-22.5000
9310.5721	62.3400	-19.6000
9466.6196	62.3700	-18.9000
9625.2825	62.0100	-22.8000
9786.6046	60.3500	-23.0000
9950.6305	58.3600	-10.7000
10117.4050	58.0500	8.2000
10286.9760	59.3500	20.1000
10459.3880	60.7800	25.8000
10634.6900	62.1700	28.9000
10812.9300	63.6000	30.3000
10994.1570	65.1600	30.4000
11178.4220	66.9600	27.5000
11365.7750	68.6600	17.6000
11556.2680	69.6500	1.8000
11749.9540	69.6600	-16.4000
11946.8860	68.9400	-32.0000
12147.1190	67.9900	-45.9000
12350.7080	66.8300	-60.4000
12557.7080	65.1300	-75.5000
12768.1790	62.4000	-85.4000
12982.1770	59.0600	-83.4000
13199.7610	56.1600	-79.4000
13420.9920	53.3300	-76.3000
13645.9310	50.1300	-68.3000
13874.6410	46.6900	-39.6000
14107.1830	46.1100	-3.1000
14343.6230	47.8600	16.0000
14584.0250	50.0900	25.2000
14828.4570	51.9200	24.6000
15076.9860	52.7700	19.6000
15329.6800	53.5000	15.4000
15586.6090	54.0700	6.3000
15847.8440	53.0000	6.2000
16113.4580	53.3400	5.9000
16383.5240	53.1400	-4.0000
16658.1150	52.2800	-7.6000
16937.3100	52.3800	-17.2000
17221.1830	51.7800	-30.7000
17509.8140	50.3400	-41.4000
17803.2830	48.3100	-47.8000
18101.6700	45.6900	-49.3000
18405.0590	43.2100	-43.7000
18713.5320	40.7200	-43.6000
19027.1760	38.7200	-49.9000
19346.0760	37.1900	-60.7000
19670.3210	35.4300	-67.5000
20000.0000	34.6400	-60.5000