* This data was exported from the Dayton Audio Test System: DATS
*
* Piston Diameter = 210 mm
* f(s)= 25.2 Hz
* R(e)= 3.803 Ohms
* Z(max)= 30.57 Ohms
* Q(ms)= 4.004
* Q(es)= 0.5689
* Q(ts)= 0.4982
* V(as)= 60.7 liters     (2.144 cubic feet)
* L(e)= 2.96 mH
* n(0)= 0.1628 %
* SPL= 84.22 1W/1m
* M(ms)= 110.7 grams
* C(ms)= 0.36 mm/N
* BL= 10.82 
* K(r)= 0.33 
* X(r)= 0.4556 
* K(i)= 0.07005 
* X(i)= 0.6293 
*
*
Freq            Impedance       Phase
1.029    	3.809    	8.780    
1.059    	3.809    	8.780    
1.091    	3.809    	8.780    
1.122    	3.809    	8.780    
1.155    	3.809    	8.780    
1.189    	3.809    	8.780    
1.224    	3.809    	8.780    
1.260    	3.809    	8.780    
1.297    	3.809    	8.780    
1.335    	3.803    	9.698    
1.374    	3.803    	9.698    
1.414    	3.803    	9.698    
1.456    	3.803    	9.698    
1.498    	3.803    	9.698    
1.542    	3.803    	9.698    
1.587    	3.803    	9.698    
1.634    	3.803    	9.698    
1.682    	3.797    	10.577    
1.731    	3.797    	10.577    
1.782    	3.797    	10.577    
1.834    	3.797    	10.577    
1.888    	3.797    	10.577    
1.943    	3.797    	10.577    
2.000    	3.833    	11.919    
2.059    	3.833    	11.919    
2.119    	3.833    	11.919    
2.181    	3.833    	11.919    
2.245    	3.833    	11.919    
2.311    	3.833    	11.919    
2.378    	3.840    	13.442    
2.448    	3.840    	13.442    
2.520    	3.840    	13.442    
2.594    	3.840    	13.442    
2.670    	3.855    	15.035    
2.748    	3.855    	15.035    
2.828    	3.855    	15.035    
2.911    	3.855    	15.035    
2.997    	3.881    	16.364    
3.084    	3.881    	16.364    
3.175    	3.881    	16.364    
3.268    	3.881    	16.364    
3.364    	3.910    	17.672    
3.462    	3.910    	17.672    
3.564    	3.910    	17.672    
3.668    	3.957    	19.067    
3.775    	3.957    	19.067    
3.886    	3.957    	19.067    
4.000    	4.023    	20.449    
4.117    	4.023    	20.449    
4.238    	4.023    	20.449    
4.362    	4.077    	21.814    
4.490    	4.077    	21.814    
4.621    	4.077    	21.814    
4.757    	4.131    	23.189    
4.896    	4.131    	23.189    
5.040    	4.191    	24.550    
5.187    	4.191    	24.550    
5.339    	4.253    	25.873    
5.496    	4.253    	25.873    
5.657    	4.320    	27.190    
5.823    	4.320    	27.190    
5.993    	4.404    	28.493    
6.169    	4.404    	28.493    
6.350    	4.497    	29.752    
6.536    	4.497    	29.752    
6.727    	4.594    	30.968    
6.924    	4.594    	30.968    
7.127    	4.699    	32.124    
7.336    	4.814    	33.232    
7.551    	4.814    	33.232    
7.772    	4.932    	34.302    
8.000    	5.047    	35.300    
8.234    	5.047    	35.300    
8.476    	5.167    	36.221    
8.724    	5.298    	37.077    
8.980    	5.429    	37.896    
9.243    	5.429    	37.896    
9.514    	5.564    	38.707    
9.792    	5.709    	39.496    
10.079    	5.851    	40.258    
10.375    	5.989    	41.017    
10.679    	6.130    	41.779    
10.992    	6.280    	42.548    
11.314    	6.443    	43.322    
11.645    	6.614    	44.081    
11.986    	6.789    	44.832    
12.338    	6.972    	45.582    
12.699    	7.164    	46.318    
13.071    	7.369    	47.026    
13.454    	7.594    	47.694    
13.849    	7.831    	48.324    
14.254    	8.085    	48.921    
14.672    	8.542    	49.723    
15.102    	9.052    	50.422    
15.545    	9.396    	50.812    
16.000    	9.944    	51.218    
16.469    	10.579    	51.413    
16.951    	11.291    	51.350    
17.448    	12.065    	51.091    
17.959    	12.948    	50.600    
18.486    	13.875    	49.934    
19.027    	14.915    	48.980    
19.585    	16.374    	47.152    
20.159    	17.566    	45.383    
20.749    	18.858    	43.120    
21.357    	20.720    	39.349    
21.983    	22.864    	34.726    
22.627    	24.929    	28.969    
23.290    	26.496    	22.100    
23.973    	28.742    	13.901    
24.675    	30.278    	4.670    
25.398    	30.459    	-5.074    
26.143    	29.324    	-14.539    
26.909    	26.813    	-24.787    
27.697    	23.529    	-32.888    
28.509    	21.334    	-37.590    
29.344    	18.737    	-41.757    
30.204    	16.591    	-44.998    
31.089    	14.985    	-46.714    
32.000    	13.607    	-47.659    
32.938    	12.324    	-48.113    
33.903    	11.233    	-48.102    
34.896    	10.360    	-47.695    
35.919    	9.603    	-46.927    
36.971    	8.917    	-45.890    
38.055    	8.337    	-44.685    
39.170    	7.779    	-43.115    
40.317    	7.293    	-41.396    
41.499    	6.871    	-39.739    
42.715    	6.513    	-38.103    
43.967    	6.237    	-35.838    
45.255    	5.949    	-33.809    
46.581    	5.714    	-31.957    
47.946    	5.566    	-29.810    
49.351    	5.482    	-27.561    
50.797    	5.460    	-25.105    
52.285    	5.410    	-23.248    
53.817    	5.327    	-21.840    
55.394    	5.171    	-20.831    
57.018    	5.041    	-19.326    
58.688    	4.939    	-17.954    
60.408    	4.819    	-16.099    
62.178    	4.712    	-13.479    
64.000    	4.660    	-11.649    
65.875    	4.619    	-9.730    
67.806    	4.594    	-7.450    
69.792    	4.576    	-5.073    
71.838    	4.538    	-2.881    
73.943    	4.492    	-0.774    
76.109    	4.459    	1.169    
78.339    	4.482    	2.944    
80.635    	4.525    	4.999    
82.998    	4.558    	7.126    
85.430    	4.579    	8.948    
87.933    	4.622    	10.620    
90.510    	4.680    	12.297    
93.162    	4.738    	13.872    
95.892    	4.814    	15.707    
98.701    	4.871    	17.285    
101.594    	4.940    	18.720    
104.571    	5.020    	20.221    
107.635    	5.094    	21.611    
110.789    	5.184    	22.861    
114.035    	5.281    	24.115    
117.377    	5.357    	25.356    
120.816    	5.455    	26.457    
124.356    	5.563    	27.602    
128.000    	5.667    	28.662    
131.751    	5.776    	29.812    
135.611    	5.880    	30.799    
139.585    	6.000    	31.676    
143.675    	6.116    	32.725    
147.885    	6.232    	33.596    
152.219    	6.354    	34.445    
156.679    	6.487    	35.291    
161.270    	6.614    	36.162    
165.995    	6.753    	36.847    
170.860    	6.891    	37.633    
175.866    	7.029    	38.331    
181.019    	7.168    	38.828    
186.324    	7.315    	39.651    
191.783    	7.467    	40.304    
197.403    	7.623    	40.926    
203.187    	7.776    	41.553    
209.141    	7.937    	42.067    
215.269    	8.101    	42.688    
221.577    	8.271    	43.192    
228.070    	8.442    	43.709    
234.753    	8.605    	44.151    
241.632    	8.791    	44.662    
248.712    	8.967    	45.105    
256.000    	9.159    	45.560    
263.501    	9.349    	45.947    
271.223    	9.546    	46.367    
279.170    	9.746    	46.687    
287.350    	9.943    	47.062    
295.770    	10.141    	47.382    
304.437    	10.341    	47.761    
313.358    	10.552    	48.138    
322.540    	10.776    	48.465    
331.991    	10.997    	48.780    
341.719    	11.222    	49.086    
351.732    	11.458    	49.365    
362.039    	11.688    	49.634    
372.647    	11.931    	49.892    
383.567    	12.182    	50.176    
394.806    	12.436    	50.384    
406.375    	12.689    	50.632    
418.282    	12.957    	50.817    
430.539    	13.216    	51.051    
443.155    	13.498    	51.247    
456.140    	13.783    	51.364    
469.506    	14.049    	51.499    
483.264    	14.323    	51.661    
497.424    	14.610    	51.870    
512.000    	14.913    	52.044    
527.003    	15.237    	52.171    
542.445    	15.574    	52.277    
558.340    	15.905    	52.390    
574.701    	16.239    	52.427    
591.541    	16.595    	52.459    
608.874    	16.946    	52.358    
626.715    	17.277    	52.248    
645.080    	17.605    	52.079    
663.982    	17.895    	51.924    
683.438    	18.156    	51.846    
703.464    	18.399    	51.884    
724.077    	18.658    	52.044    
745.294    	18.952    	52.322    
767.133    	19.294    	52.604    
789.612    	19.664    	52.831    
812.749    	20.053    	53.017    
836.565    	20.459    	53.169    
861.078    	20.865    	53.284    
886.309    	21.281    	53.360    
912.280    	21.702    	53.459    
939.012    	22.126    	53.484    
966.527    	22.549    	53.554    
994.849    	23.001    	53.626    
1024.000    	23.437    	53.642    
1054.005    	23.898    	53.637    
1084.890    	24.366    	53.691    
1116.680    	24.831    	53.678    
1149.401    	25.301    	53.705    
1183.081    	25.786    	53.702    
1217.748    	26.273    	53.701    
1253.431    	26.773    	53.698    
1290.159    	27.275    	53.691    
1327.964    	27.788    	53.678    
1366.876    	28.313    	53.656    
1406.929    	28.834    	53.653    
1448.155    	29.385    	53.616    
1490.589    	29.923    	53.574    
1534.266    	30.481    	53.543    
1579.224    	31.037    	53.555    
1625.499    	31.608    	53.497    
1673.129    	32.194    	53.462    
1722.156    	32.783    	53.416    
1772.619    	33.394    	53.370    
1824.561    	34.014    	53.305    
1878.024    	34.650    	53.213    
1933.055    	35.273    	53.060    
1989.697    	35.874    	52.912    
2048.000    	36.426    	52.776    
2108.011    	37.025    	52.739    
2169.780    	37.623    	52.654    
2233.360    	38.172    	52.624    
2298.802    	38.771    	52.706    
2366.162    	39.447    	52.773    
2435.496    	40.130    	52.783    
2506.862    	40.829    	52.785    
2580.318    	41.547    	52.755    
2655.927    	42.269    	52.749    
2733.752    	42.994    	52.719    
2813.857    	43.727    	52.695    
2896.309    	44.462    	52.656    
2981.178    	45.210    	52.650    
3068.533    	45.970    	52.606    
3158.448    	46.742    	52.587    
3250.997    	47.520    	52.562    
3346.259    	48.305    	52.551    
3444.312    	49.099    	52.524    
3545.238    	49.909    	52.506    
3649.121    	50.725    	52.497    
3756.049    	51.552    	52.492    
3866.109    	52.394    	52.480    
3979.395    	53.245    	52.484    
4096.000    	54.106    	52.482    
4216.022    	54.978    	52.485    
4339.561    	55.869    	52.485    
4466.720    	56.749    	52.498    
4597.605    	57.665    	52.524    
4732.325    	58.587    	52.540    
4870.992    	59.517    	52.569    
5013.723    	60.464    	52.610    
5160.637    	61.428    	52.640    
5311.855    	62.411    	52.681    
5467.504    	63.401    	52.724    
5627.714    	64.408    	52.778    
5792.619    	65.433    	52.840    
5962.355    	66.473    	52.901    
6137.066    	67.535    	52.960    
6316.896    	68.612    	53.034    
6501.995    	69.708    	53.106    
6692.518    	70.823    	53.190    
6888.623    	71.959    	53.278    
7090.476    	73.120    	53.376    
7298.242    	74.305    	53.467    
7512.097    	75.510    	53.571    
7732.218    	76.735    	53.675    
7958.790    	77.984    	53.786    
8192.000    	79.256    	53.897    
8432.044    	80.567    	54.016    
8679.122    	81.900    	54.139    
8933.439    	83.255    	54.266    
9195.209    	84.636    	54.397    
9464.649    	86.050    	54.524    
9741.985    	87.477    	54.649    
10027.447    	88.924    	54.795    
10321.273    	90.430    	54.954    
10623.710    	91.946    	55.092    
10935.008    	93.506    	55.252    
11255.428    	95.116    	55.412    
11585.238    	96.756    	55.573    
11924.711    	98.439    	55.728    
12274.132    	100.159    	55.896    
12633.791    	101.920    	56.056    
13003.989    	103.718    	56.222    
13385.035    	105.547    	56.386    
13777.247    	107.420    	56.552    
14180.951    	109.336    	56.723    
14596.485    	111.296    	56.895    
15024.194    	113.294    	57.063    
15464.437    	115.346    	57.232    
15917.579    	117.449    	57.408    
16384.000    	119.591    	57.570    
16864.088    	121.780    	57.744    
17358.243    	123.976    	57.917    
17866.879    	126.153    	58.104    
18390.418    	128.316    	58.290    
18929.299    	130.466    	58.496    
19483.969    	132.624    	58.693    
20054.893    	134.749    	58.911    
20642.546    	136.754    	59.148    
