* This data was exported from DATS the Dayton Audio Test System
*
* Manufacturer:  
* Model:  
* Piston Diameter = 216.0 mm
* f(s)= 34.32 Hz
* R(e)= 7.35 Ohms
* Z(max)= 88.30 Ohms
* Q(ms)= 5.145
* Q(es)= 0.467
* Q(ts)= 0.428
* V(as)= 30.803 liters     (1.088 cubic feet)
* L(e)= 5.25 mH
* n(0)= 0.25 %
* SPL= 86.15 1W/1m
* M(ms)= 131.67 grams
* C(ms)= 0.16 mm/N
* BL= 21.14 
*
*
Freq            Impedance       Phase
1.029    	7.262    	3.835    
1.059    	7.262    	3.835    
1.091    	7.262    	3.835    
1.122    	7.262    	3.835    
1.155    	7.262    	3.835    
1.189    	7.262    	3.835    
1.224    	7.262    	3.835    
1.260    	7.262    	3.835    
1.297    	7.262    	3.835    
1.335    	7.377    	6.636    
1.374    	7.377    	6.636    
1.414    	7.377    	6.636    
1.456    	7.377    	6.636    
1.498    	7.377    	6.636    
1.542    	7.377    	6.636    
1.587    	7.377    	6.636    
1.634    	7.377    	6.636    
1.682    	7.377    	6.636    
1.731    	7.377    	6.636    
1.782    	7.377    	6.636    
1.834    	7.377    	6.636    
1.888    	7.377    	6.636    
1.943    	7.377    	6.636    
2.000    	7.502    	9.518    
2.059    	7.502    	9.518    
2.119    	7.502    	9.518    
2.181    	7.502    	9.518    
2.245    	7.502    	9.518    
2.311    	7.502    	9.518    
2.378    	7.502    	9.518    
2.448    	7.502    	9.518    
2.520    	7.502    	9.518    
2.594    	7.502    	9.518    
2.670    	7.649    	12.352    
2.748    	7.649    	12.352    
2.828    	7.649    	12.352    
2.911    	7.649    	12.352    
2.997    	7.649    	12.352    
3.084    	7.649    	12.352    
3.175    	7.649    	12.352    
3.268    	7.649    	12.352    
3.364    	7.819    	15.042    
3.462    	7.819    	15.042    
3.564    	7.819    	15.042    
3.668    	7.819    	15.042    
3.775    	7.819    	15.042    
3.886    	7.819    	15.042    
4.000    	8.019    	17.541    
4.117    	8.019    	17.541    
4.238    	8.019    	17.541    
4.362    	8.019    	17.541    
4.490    	8.019    	17.541    
4.621    	8.019    	17.541    
4.757    	8.222    	19.924    
4.896    	8.222    	19.924    
5.040    	8.222    	19.924    
5.187    	8.222    	19.924    
5.339    	8.454    	22.192    
5.496    	8.454    	22.192    
5.657    	8.454    	22.192    
5.823    	8.454    	22.192    
5.993    	8.690    	24.398    
6.169    	8.690    	24.398    
6.350    	8.690    	24.398    
6.536    	8.690    	24.398    
6.727    	8.963    	26.547    
6.924    	8.963    	26.547    
7.127    	8.963    	26.547    
7.336    	9.237    	28.604    
7.551    	9.237    	28.604    
7.772    	9.237    	28.604    
8.000    	9.554    	30.626    
8.234    	9.554    	30.626    
8.476    	9.554    	30.626    
8.724    	9.876    	32.471    
8.980    	9.876    	32.471    
9.243    	9.876    	32.471    
9.514    	10.239    	34.306    
9.792    	10.239    	34.306    
10.079    	10.603    	35.848    
10.375    	10.603    	35.848    
10.679    	10.995    	37.438    
10.992    	10.995    	37.438    
11.314    	11.408    	38.759    
11.645    	11.408    	38.759    
11.986    	11.827    	40.154    
12.338    	11.827    	40.154    
12.699    	12.283    	41.386    
13.071    	12.283    	41.386    
13.454    	12.737    	42.603    
13.849    	12.737    	42.603    
14.254    	13.216    	43.812    
14.672    	13.649    	45.286    
15.102    	13.649    	45.286    
15.545    	14.187    	46.480    
16.000    	14.766    	47.560    
16.469    	14.766    	47.560    
16.951    	15.448    	48.419    
17.448    	16.125    	49.543    
17.959    	16.858    	50.677    
18.486    	16.858    	50.677    
19.027    	17.663    	51.698    
19.585    	19.033    	52.984    
20.159    	19.550    	53.357    
20.749    	20.612    	54.106    
21.357    	21.748    	54.744    
21.983    	23.019    	55.292    
22.627    	24.423    	55.679    
23.290    	25.981    	55.879    
23.973    	27.675    	55.932    
24.675    	29.605    	55.810    
25.398    	31.764    	55.457    
26.143    	34.139    	54.945    
26.909    	36.885    	54.221    
27.697    	40.018    	53.114    
28.509    	43.592    	51.599    
29.344    	50.073    	48.477    
30.204    	57.714    	43.963    
31.089    	63.549    	39.887    
32.000    	73.352    	31.518    
32.938    	82.221    	20.469    
33.903    	87.323    	6.821    
34.896    	87.258    	-7.784    
35.919    	80.976    	-20.972    
36.971    	71.781    	-31.758    
38.055    	60.889    	-39.890    
39.170    	50.410    	-45.832    
40.317    	45.229    	-48.006    
41.499    	40.017    	-49.654    
42.715    	34.605    	-50.730    
43.967    	30.543    	-50.820    
45.255    	27.429    	-50.346    
46.581    	24.983    	-49.433    
47.946    	23.002    	-48.154    
49.351    	21.360    	-46.955    
50.797    	19.946    	-45.534    
52.285    	18.768    	-43.829    
53.817    	17.652    	-41.896    
55.394    	16.757    	-40.555    
57.018    	16.023    	-39.731    
58.688    	14.929    	-36.765    
60.408    	14.161    	-34.715    
62.178    	13.510    	-32.576    
64.000    	13.009    	-31.353    
65.875    	12.505    	-29.081    
67.806    	12.075    	-26.714    
69.792    	11.724    	-24.202    
71.838    	11.511    	-21.537    
73.943    	11.417    	-19.153    
76.109    	11.349    	-17.133    
78.339    	11.213    	-15.030    
80.635    	11.079    	-13.010    
82.998    	10.991    	-10.544    
85.430    	10.973    	-8.169    
87.933    	11.018    	-6.094    
90.510    	11.076    	-4.286    
93.162    	11.107    	-2.872    
95.892    	11.103    	-1.501    
98.701    	11.100    	-0.194    
101.594    	11.112    	1.255    
104.571    	11.133    	2.857    
107.635    	11.171    	4.488    
110.789    	11.252    	6.262    
114.035    	11.351    	7.758    
117.377    	11.443    	9.218    
120.816    	11.537    	10.661    
124.356    	11.670    	12.180    
128.000    	11.814    	13.433    
131.751    	11.971    	14.697    
135.611    	12.158    	16.082    
139.585    	12.340    	17.170    
143.675    	12.526    	18.138    
147.885    	12.694    	19.053    
152.219    	12.866    	20.090    
156.679    	13.075    	21.223    
161.270    	13.277    	22.203    
165.995    	13.492    	23.160    
170.860    	13.716    	24.070    
175.866    	13.986    	25.145    
181.019    	14.217    	25.884    
186.324    	14.457    	26.571    
191.783    	14.734    	27.262    
197.403    	15.009    	27.978    
203.187    	15.282    	28.612    
209.141    	15.592    	29.238    
215.269    	15.900    	29.778    
221.577    	16.203    	30.216    
228.070    	16.514    	30.607    
234.753    	16.816    	30.929    
241.632    	17.108    	31.217    
248.712    	17.409    	31.514    
256.000    	17.720    	31.772    
263.501    	18.050    	31.826    
271.223    	18.303    	31.664    
279.170    	18.422    	31.624    
287.350    	18.523    	31.923    
295.770    	18.671    	32.402    
304.437    	18.853    	32.932    
313.358    	19.082    	33.517    
322.540    	19.332    	34.060    
331.991    	19.606    	34.571    
341.719    	19.883    	35.037    
351.732    	20.180    	35.511    
362.039    	20.471    	35.948    
372.647    	20.779    	36.379    
383.567    	21.103    	36.804    
394.806    	21.439    	37.222    
406.375    	21.788    	37.619    
418.282    	22.140    	37.993    
430.539    	22.522    	38.378    
443.155    	22.933    	38.753    
456.140    	23.374    	39.066    
469.506    	23.864    	39.278    
483.264    	24.411    	39.288    
497.424    	24.950    	38.927    
512.000    	25.308    	38.139    
527.003    	25.306    	37.368    
542.445    	25.068    	37.334    
558.340    	24.936    	38.082    
574.701    	25.074    	39.125    
591.541    	25.392    	40.064    
608.874    	25.807    	40.814    
626.715    	26.247    	41.326    
645.080    	26.648    	41.765    
663.982    	27.042    	42.245    
683.438    	27.470    	42.716    
703.464    	27.893    	43.119    
724.077    	28.326    	43.524    
745.294    	28.775    	43.907    
767.133    	29.209    	44.252    
789.612    	29.632    	44.649    
812.749    	30.079    	45.082    
836.565    	30.551    	45.505    
861.078    	31.033    	45.916    
886.309    	31.531    	46.331    
912.280    	32.048    	46.743    
939.012    	32.574    	47.135    
966.527    	33.116    	47.524    
994.849    	33.670    	47.912    
1024.000    	34.241    	48.301    
1054.005    	34.836    	48.698    
1084.890    	35.438    	49.082    
1116.680    	36.046    	49.438    
1149.401    	36.665    	49.803    
1183.081    	37.299    	50.194    
1217.748    	37.962    	50.584    
1253.431    	38.645    	50.963    
1290.159    	39.357    	51.335    
1327.964    	40.083    	51.695    
1366.876    	40.822    	52.044    
1406.929    	41.583    	52.400    
1448.155    	42.363    	52.753    
1490.589    	43.163    	53.104    
1534.266    	43.993    	53.444    
1579.224    	44.846    	53.784    
1625.499    	45.724    	54.123    
1673.129    	46.629    	54.456    
1722.156    	47.558    	54.780    
1772.619    	48.514    	55.100    
1824.561    	49.502    	55.415    
1878.024    	50.541    	55.720    
1933.055    	51.630    	56.007    
1989.697    	52.770    	56.269    
2048.000    	54.018    	56.447    
2108.011    	55.189    	56.340    
2169.780    	55.985    	56.284    
2233.360    	56.701    	56.614    
2298.802    	57.748    	57.175    
2366.162    	59.013    	57.589    
2435.496    	60.311    	57.904    
2506.862    	61.630    	58.171    
2580.318    	62.967    	58.418    
2655.927    	64.331    	58.652    
2733.752    	65.729    	58.875    
2813.857    	67.163    	59.083    
2896.309    	68.635    	59.270    
2981.178    	70.138    	59.437    
3068.533    	71.650    	59.591    
3158.448    	73.170    	59.746    
3250.997    	74.716    	59.915    
3346.259    	76.314    	60.096    
3444.312    	77.961    	60.274    
3545.238    	79.665    	60.443    
3649.121    	81.414    	60.601    
3756.049    	83.202    	60.753    
3866.109    	85.042    	60.897    
3979.395    	86.929    	61.028    
4096.000    	88.859    	61.148    
4216.022    	90.833    	61.263    
4339.561    	92.850    	61.372    
4466.720    	94.913    	61.473    
4597.605    	97.025    	61.569    
4732.325    	99.186    	61.660    
4870.992    	101.398    	61.744    
5013.723    	103.663    	61.821    
5160.637    	105.981    	61.891    
5311.855    	108.351    	61.954    
5467.504    	110.778    	62.011    
5627.714    	113.252    	62.061    
5792.619    	115.780    	62.106    
5962.355    	118.376    	62.145    
6137.066    	121.025    	62.181    
6316.896    	123.736    	62.214    
6501.995    	126.514    	62.238    
6692.518    	129.354    	62.258    
6888.623    	132.258    	62.274    
7090.476    	135.229    	62.284    
7298.242    	138.268    	62.291    
7512.097    	141.375    	62.290    
7732.218    	144.552    	62.283    
7958.790    	147.801    	62.275    
8192.000    	151.126    	62.269    
8432.044    	154.536    	62.257    
8679.122    	158.032    	62.236    
8933.439    	161.608    	62.212    
9195.209    	165.264    	62.183    
9464.649    	169.013    	62.150    
9741.985    	172.850    	62.110    
10027.447    	176.764    	62.067    
10321.273    	180.785    	62.023    
10623.710    	184.909    	61.976    
10935.008    	189.149    	61.922    
11255.428    	193.495    	61.862    
11585.238    	197.945    	61.798    
11924.711    	202.518    	61.731    
12274.132    	207.220    	61.658    
12633.791    	212.046    	61.584    
13003.989    	217.002    	61.504    
13385.035    	222.107    	61.418    
13777.247    	227.348    	61.329    
14180.951    	232.736    	61.234    
14596.485    	238.264    	61.128    
15024.194    	243.926    	61.019    
15464.437    	249.755    	60.904    
15917.579    	255.734    	60.778    
16384.000    	261.855    	60.655    
16864.088    	268.133    	60.529    
17358.243    	274.607    	60.397    
17866.879    	281.242    	60.257    
18390.418    	288.075    	60.112    
18929.299    	295.114    	59.956    
19483.969    	301.979    	59.781    
20054.893    	306.749    	59.525    
20642.546    	298.433    	58.613    
