* This data was exported from DATS the Dayton Audio Test System
*
* Manufacturer:  
* Model:  
* Piston Diameter = 80 mm
* f(s)= 78.7 Hz
* R(e)= 3.72 Ohms
* Z(max)= 45.3 Ohms
* Q(ms)= 7.42
* Q(es)= 0.664
* Q(ts)= 0.61
* V(as)= 1.97 liters     (0.0694 cubic feet)
* L(e)= 0.76 mH
* n(0)= 0.138 %
* SPL= 83.5 1W/1m
* M(ms)= 7.38 grams
* C(ms)= 0.55 mm/N
* BL= 4.52 
* K(r)= 0 
* X(r)= 0 
* K(i)= 0 
* X(i)= 0 
*
*
Freq            Impedance       Phase
1.029    	3.718    	0.467    
1.059    	3.718    	0.467    
1.091    	3.718    	0.467    
1.122    	3.718    	0.467    
1.155    	3.718    	0.467    
1.189    	3.718    	0.467    
1.224    	3.718    	0.467    
1.260    	3.718    	0.467    
1.297    	3.718    	0.467    
1.335    	3.724    	1.560    
1.374    	3.724    	1.560    
1.414    	3.724    	1.560    
1.456    	3.724    	1.560    
1.498    	3.724    	1.560    
1.542    	3.724    	1.560    
1.587    	3.724    	1.560    
1.634    	3.724    	1.560    
1.682    	3.724    	1.560    
1.731    	3.724    	1.560    
1.782    	3.724    	1.560    
1.834    	3.724    	1.560    
1.888    	3.724    	1.560    
1.943    	3.724    	1.560    
2.000    	3.732    	2.527    
2.059    	3.732    	2.527    
2.119    	3.732    	2.527    
2.181    	3.732    	2.527    
2.245    	3.732    	2.527    
2.311    	3.732    	2.527    
2.378    	3.732    	2.527    
2.448    	3.732    	2.527    
2.520    	3.732    	2.527    
2.594    	3.732    	2.527    
2.670    	3.729    	3.258    
2.748    	3.729    	3.258    
2.828    	3.729    	3.258    
2.911    	3.729    	3.258    
2.997    	3.729    	3.258    
3.084    	3.729    	3.258    
3.175    	3.729    	3.258    
3.268    	3.729    	3.258    
3.364    	3.740    	4.076    
3.462    	3.740    	4.076    
3.564    	3.740    	4.076    
3.668    	3.740    	4.076    
3.775    	3.740    	4.076    
3.886    	3.740    	4.076    
4.000    	3.742    	4.847    
4.117    	3.742    	4.847    
4.238    	3.742    	4.847    
4.362    	3.742    	4.847    
4.490    	3.742    	4.847    
4.621    	3.742    	4.847    
4.757    	3.753    	5.692    
4.896    	3.753    	5.692    
5.040    	3.753    	5.692    
5.187    	3.753    	5.692    
5.339    	3.763    	6.467    
5.496    	3.763    	6.467    
5.657    	3.763    	6.467    
5.823    	3.763    	6.467    
5.993    	3.776    	7.244    
6.169    	3.776    	7.244    
6.350    	3.776    	7.244    
6.536    	3.776    	7.244    
6.727    	3.789    	7.958    
6.924    	3.789    	7.958    
7.127    	3.789    	7.958    
7.336    	3.800    	8.749    
7.551    	3.800    	8.749    
7.772    	3.800    	8.749    
8.000    	3.812    	9.551    
8.234    	3.812    	9.551    
8.476    	3.812    	9.551    
8.724    	3.826    	10.339    
8.980    	3.826    	10.339    
9.243    	3.826    	10.339    
9.514    	3.838    	11.142    
9.792    	3.838    	11.142    
10.079    	3.856    	11.880    
10.375    	3.856    	11.880    
10.679    	3.876    	12.664    
10.992    	3.876    	12.664    
11.314    	3.899    	13.387    
11.645    	3.899    	13.387    
11.986    	3.921    	14.123    
12.338    	3.921    	14.123    
12.699    	3.940    	14.817    
13.071    	3.940    	14.817    
13.454    	3.962    	15.500    
13.849    	3.962    	15.500    
14.254    	3.982    	16.229    
14.672    	4.003    	16.938    
15.102    	4.003    	16.938    
15.545    	4.024    	17.688    
16.000    	4.044    	18.398    
16.469    	4.044    	18.398    
16.951    	4.072    	19.178    
17.448    	4.098    	19.914    
17.959    	4.131    	20.658    
18.486    	4.131    	20.658    
19.027    	4.160    	21.394    
19.585    	4.211    	22.457    
20.159    	4.229    	22.800    
20.749    	4.265    	23.468    
21.357    	4.300    	24.097    
21.983    	4.334    	24.751    
22.627    	4.367    	25.387    
23.290    	4.400    	26.019    
23.973    	4.432    	26.698    
24.675    	4.467    	27.403    
25.398    	4.505    	28.126    
26.143    	4.545    	28.850    
26.909    	4.587    	29.602    
27.697    	4.635    	30.349    
28.509    	4.688    	31.069    
29.344    	4.770    	32.104    
30.204    	4.855    	33.087    
31.089    	4.912    	33.676    
32.000    	4.997    	34.572    
32.938    	5.083    	35.445    
33.903    	5.166    	36.323    
34.896    	5.249    	37.279    
35.919    	5.341    	38.276    
36.971    	5.443    	39.353    
38.055    	5.578    	40.601    
39.170    	5.749    	41.980    
40.317    	5.866    	42.791    
41.499    	6.019    	43.728    
42.715    	6.239    	44.917    
43.967    	6.468    	46.026    
45.255    	6.708    	47.072    
46.581    	6.957    	48.116    
47.946    	7.218    	49.152    
49.351    	7.500    	50.267    
50.797    	7.808    	51.455    
52.285    	8.152    	52.679    
53.817    	8.661    	54.243    
55.394    	9.256    	55.802    
57.018    	9.842    	56.953    
58.688    	10.944    	58.293    
60.408    	12.060    	58.906    
62.178    	13.343    	59.123    
64.000    	14.881    	58.780    
65.875    	17.130    	57.571    
67.806    	19.935    	55.403    
69.792    	23.490    	51.894    
71.838    	27.977    	46.575    
73.943    	33.500    	38.692    
76.109    	39.777    	26.422    
78.339    	44.658    	6.629    
80.635    	44.184    	-11.915    
82.998    	39.356    	-30.335    
85.430    	32.051    	-43.496    
87.933    	25.571    	-50.628    
90.510    	20.410    	-54.410    
93.162    	17.063    	-55.725    
95.892    	14.635    	-55.804    
98.701    	13.057    	-55.300    
101.594    	11.764    	-54.392    
104.571    	10.673    	-53.286    
107.635    	9.798    	-52.021    
110.789    	9.003    	-50.448    
114.035    	8.452    	-48.939    
117.377    	8.061    	-47.632    
120.816    	7.755    	-46.637    
124.356    	7.430    	-45.551    
128.000    	7.133    	-44.430    
131.751    	6.799    	-43.190    
135.611    	6.416    	-41.910    
139.585    	6.131    	-40.995    
143.675    	5.901    	-40.195    
147.885    	5.745    	-39.337    
152.219    	5.612    	-37.652    
156.679    	5.463    	-35.116    
161.270    	5.278    	-32.706    
165.995    	5.066    	-30.742    
170.860    	4.880    	-29.534    
175.866    	4.762    	-28.653    
181.019    	4.720    	-27.502    
186.324    	4.688    	-25.713    
191.783    	4.609    	-23.442    
197.403    	4.511    	-21.704    
203.187    	4.438    	-20.462    
209.141    	4.402    	-19.155    
215.269    	4.378    	-17.699    
221.577    	4.344    	-16.258    
228.070    	4.301    	-14.813    
234.753    	4.261    	-13.488    
241.632    	4.233    	-12.204    
248.712    	4.213    	-10.845    
256.000    	4.202    	-9.533    
263.501    	4.188    	-8.152    
271.223    	4.178    	-6.830    
279.170    	4.173    	-5.666    
287.350    	4.170    	-4.426    
295.770    	4.170    	-3.205    
304.437    	4.171    	-2.053    
313.358    	4.177    	-0.833    
322.540    	4.183    	0.326    
331.991    	4.193    	1.453    
341.719    	4.206    	2.517    
351.732    	4.220    	3.648    
362.039    	4.235    	4.692    
372.647    	4.253    	5.750    
383.567    	4.273    	6.802    
394.806    	4.295    	7.848    
406.375    	4.320    	8.881    
418.282    	4.348    	9.860    
430.539    	4.379    	10.856    
443.155    	4.410    	11.855    
456.140    	4.444    	12.798    
469.506    	4.481    	13.686    
483.264    	4.518    	14.582    
497.424    	4.554    	15.476    
512.000    	4.590    	16.378    
527.003    	4.631    	17.289    
542.445    	4.674    	18.175    
558.340    	4.721    	19.038    
574.701    	4.770    	19.904    
591.541    	4.820    	20.739    
608.874    	4.873    	21.567    
626.715    	4.928    	22.367    
645.080    	4.985    	23.153    
663.982    	5.044    	23.927    
683.438    	5.104    	24.691    
703.464    	5.167    	25.446    
724.077    	5.231    	26.198    
745.294    	5.295    	26.941    
767.133    	5.363    	27.670    
789.612    	5.437    	28.403    
812.749    	5.515    	29.104    
836.565    	5.598    	29.757    
861.078    	5.683    	30.326    
886.309    	5.762    	30.824    
912.280    	5.832    	31.332    
939.012    	5.900    	31.898    
966.527    	5.972    	32.511    
994.849    	6.043    	33.136    
1024.000    	6.115    	33.820    
1054.005    	6.200    	34.550    
1084.890    	6.293    	35.205    
1116.680    	6.382    	35.838    
1149.401    	6.476    	36.514    
1183.081    	6.582    	37.177    
1217.748    	6.692    	37.776    
1253.431    	6.801    	38.347    
1290.159    	6.913    	38.891    
1327.964    	7.023    	39.426    
1366.876    	7.133    	39.986    
1406.929    	7.251    	40.588    
1448.155    	7.379    	41.159    
1490.589    	7.510    	41.711    
1534.266    	7.645    	42.242    
1579.224    	7.784    	42.736    
1625.499    	7.930    	43.200    
1673.129    	8.077    	43.618    
1722.156    	8.225    	44.013    
1772.619    	8.367    	44.382    
1824.561    	8.510    	44.771    
1878.024    	8.653    	45.197    
1933.055    	8.804    	45.637    
1989.697    	8.959    	46.084    
2048.000    	9.124    	46.512    
2108.011    	9.293    	46.922    
2169.780    	9.465    	47.322    
2233.360    	9.639    	47.755    
2298.802    	9.824    	48.184    
2366.162    	10.017    	48.596    
2435.496    	10.217    	48.979    
2506.862    	10.424    	49.332    
2580.318    	10.637    	49.673    
2655.927    	10.854    	50.003    
2733.752    	11.078    	50.335    
2813.857    	11.318    	50.652    
2896.309    	11.572    	50.920    
2981.178    	11.841    	51.104    
3068.533    	12.117    	51.161    
3158.448    	12.377    	51.062    
3250.997    	12.596    	50.890    
3346.259    	12.776    	50.788    
3444.312    	12.931    	50.866    
3545.238    	13.090    	51.140    
3649.121    	13.279    	51.557    
3756.049    	13.503    	52.005    
3866.109    	13.757    	52.429    
3979.395    	14.031    	52.818    
4096.000    	14.321    	53.163    
4216.022    	14.620    	53.461    
4339.561    	14.928    	53.725    
4466.720    	15.248    	53.959    
4597.605    	15.573    	54.151    
4732.325    	15.900    	54.334    
4870.992    	16.242    	54.541    
5013.723    	16.620    	54.686    
5160.637    	17.014    	54.671    
5311.855    	17.375    	54.469    
5467.504    	17.663    	54.282    
5627.714    	17.924    	54.279    
5792.619    	18.211    	54.379    
5962.355    	18.496    	54.449    
6137.066    	18.753    	54.627    
6316.896    	19.037    	54.986    
6501.995    	19.384    	55.395    
6692.518    	19.779    	55.753    
6888.623    	20.203    	56.030    
7090.476    	20.636    	56.246    
7298.242    	21.069    	56.435    
7512.097    	21.512    	56.607    
7732.218    	21.963    	56.756    
7958.790    	22.422    	56.902    
8192.000    	22.893    	57.045    
8432.044    	23.375    	57.169    
8679.122    	23.868    	57.276    
8933.439    	24.374    	57.369    
9195.209    	24.887    	57.443    
9464.649    	25.404    	57.515    
9741.985    	25.930    	57.593    
10027.447    	26.471    	57.667    
10321.273    	27.027    	57.730    
10623.710    	27.602    	57.773    
10935.008    	28.190    	57.769    
11255.428    	28.757    	57.749    
11585.238    	29.320    	57.782    
11924.711    	29.920    	57.871    
12274.132    	30.590    	57.931    
12633.791    	31.301    	57.824    
13003.989    	31.898    	57.568    
13385.035    	32.391    	57.482    
13777.247    	32.933    	57.644    
14180.951    	33.595    	57.794    
14596.485    	34.284    	57.870    
15024.194    	34.985    	57.914    
15464.437    	35.695    	57.943    
15917.579    	36.413    	57.962    
16384.000    	37.138    	57.969    
16864.088    	37.862    	57.968    
17358.243    	38.584    	57.963    
17866.879    	39.311    	57.962    
18390.418    	40.041    	57.965    
18929.299    	40.769    	57.969    
19483.969    	41.508    	57.905    
20054.893    	42.304    	57.447    
20642.546    	43.358    	54.390    
