* This data was exported from DATS the Dayton Audio Test System
*
* Manufacturer:  
* Model:  
* Piston Diameter = 80 mm
* f(s)= 66.6 Hz
* R(e)= 7.72 Ohms
* Z(max)= 65.5 Ohms
* Q(ms)= 5.56
* Q(es)= 0.744
* Q(ts)= 0.656
* V(as)= 2.97 liters     (0.105 cubic feet)
* L(e)= 1.25 mH
* n(0)= 0.112 %
* SPL= 82.6 1W/1m
* M(ms)= 6.83 grams
* C(ms)= 0.84 mm/N
* BL= 5.45 
* K(r)= 0 
* X(r)= 0 
* K(i)= 0 
* X(i)= 0 
*
*
Freq            Impedance       Phase
1.029    	7.667    	0.671    
1.059    	7.667    	0.671    
1.091    	7.667    	0.671    
1.122    	7.667    	0.671    
1.155    	7.667    	0.671    
1.189    	7.667    	0.671    
1.224    	7.667    	0.671    
1.260    	7.667    	0.671    
1.297    	7.667    	0.671    
1.335    	7.709    	1.774    
1.374    	7.709    	1.774    
1.414    	7.709    	1.774    
1.456    	7.709    	1.774    
1.498    	7.709    	1.774    
1.542    	7.709    	1.774    
1.587    	7.709    	1.774    
1.634    	7.709    	1.774    
1.682    	7.709    	1.774    
1.731    	7.709    	1.774    
1.782    	7.709    	1.774    
1.834    	7.709    	1.774    
1.888    	7.709    	1.774    
1.943    	7.709    	1.774    
2.000    	7.737    	2.703    
2.059    	7.737    	2.703    
2.119    	7.737    	2.703    
2.181    	7.737    	2.703    
2.245    	7.737    	2.703    
2.311    	7.737    	2.703    
2.378    	7.737    	2.703    
2.448    	7.737    	2.703    
2.520    	7.737    	2.703    
2.594    	7.737    	2.703    
2.670    	7.735    	3.449    
2.748    	7.735    	3.449    
2.828    	7.735    	3.449    
2.911    	7.735    	3.449    
2.997    	7.735    	3.449    
3.084    	7.735    	3.449    
3.175    	7.735    	3.449    
3.268    	7.735    	3.449    
3.364    	7.753    	4.279    
3.462    	7.753    	4.279    
3.564    	7.753    	4.279    
3.668    	7.753    	4.279    
3.775    	7.753    	4.279    
3.886    	7.753    	4.279    
4.000    	7.764    	5.133    
4.117    	7.764    	5.133    
4.238    	7.764    	5.133    
4.362    	7.764    	5.133    
4.490    	7.764    	5.133    
4.621    	7.764    	5.133    
4.757    	7.793    	6.035    
4.896    	7.793    	6.035    
5.040    	7.793    	6.035    
5.187    	7.793    	6.035    
5.339    	7.827    	6.880    
5.496    	7.827    	6.880    
5.657    	7.827    	6.880    
5.823    	7.827    	6.880    
5.993    	7.872    	7.711    
6.169    	7.872    	7.711    
6.350    	7.872    	7.711    
6.536    	7.872    	7.711    
6.727    	7.910    	8.450    
6.924    	7.910    	8.450    
7.127    	7.910    	8.450    
7.336    	7.942    	9.213    
7.551    	7.942    	9.213    
7.772    	7.942    	9.213    
8.000    	7.969    	9.982    
8.234    	7.969    	9.982    
8.476    	7.969    	9.982    
8.724    	7.994    	10.779    
8.980    	7.994    	10.779    
9.243    	7.994    	10.779    
9.514    	8.020    	11.621    
9.792    	8.020    	11.621    
10.079    	8.053    	12.468    
10.375    	8.053    	12.468    
10.679    	8.098    	13.325    
10.992    	8.098    	13.325    
11.314    	8.154    	14.117    
11.645    	8.154    	14.117    
11.986    	8.216    	14.914    
12.338    	8.216    	14.914    
12.699    	8.282    	15.667    
13.071    	8.282    	15.667    
13.454    	8.346    	16.420    
13.849    	8.346    	16.420    
14.254    	8.405    	17.165    
14.672    	8.462    	17.907    
15.102    	8.462    	17.907    
15.545    	8.516    	18.645    
16.000    	8.565    	19.392    
16.469    	8.565    	19.392    
16.951    	8.622    	20.208    
17.448    	8.679    	21.011    
17.959    	8.742    	21.836    
18.486    	8.742    	21.836    
19.027    	8.802    	22.694    
19.585    	8.916    	23.928    
20.159    	8.960    	24.327    
20.749    	9.051    	25.108    
21.357    	9.143    	25.807    
21.983    	9.239    	26.520    
22.627    	9.347    	27.206    
23.290    	9.453    	27.823    
23.973    	9.551    	28.443    
24.675    	9.658    	29.109    
25.398    	9.765    	29.763    
26.143    	9.863    	30.419    
26.909    	9.965    	31.181    
27.697    	10.081    	31.981    
28.509    	10.203    	32.762    
29.344    	10.397    	34.063    
30.204    	10.635    	35.380    
31.089    	10.804    	36.187    
32.000    	11.081    	37.455    
32.938    	11.390    	38.558    
33.903    	11.692    	39.553    
34.896    	12.017    	40.500    
35.919    	12.325    	41.308    
36.971    	12.646    	42.180    
38.055    	13.045    	43.136    
39.170    	13.538    	44.396    
40.317    	13.898    	45.234    
41.499    	14.375    	46.337    
42.715    	15.115    	47.901    
43.967    	16.032    	49.527    
45.255    	17.158    	51.113    
46.581    	18.496    	52.538    
47.946    	20.105    	53.636    
49.351    	21.942    	54.280    
50.797    	24.078    	54.308    
52.285    	26.534    	53.747    
53.817    	30.159    	51.975    
55.394    	34.372    	49.256    
57.018    	38.270    	46.126    
58.688    	45.159    	39.752    
60.408    	51.362    	32.732    
62.178    	57.456    	24.276    
64.000    	62.382    	13.867    
65.875    	65.281    	-0.786    
67.806    	63.580    	-16.309    
69.792    	57.580    	-30.326    
71.838    	49.459    	-40.749    
73.943    	41.753    	-47.115    
76.109    	35.620    	-50.346    
78.339    	30.529    	-51.815    
80.635    	27.239    	-52.152    
82.998    	24.234    	-52.170    
85.430    	21.800    	-51.963    
87.933    	19.966    	-51.603    
90.510    	18.387    	-50.868    
93.162    	17.183    	-49.765    
95.892    	16.149    	-48.331    
98.701    	15.410    	-47.021    
101.594    	14.800    	-45.707    
104.571    	14.281    	-44.327    
107.635    	13.805    	-42.749    
110.789    	13.221    	-41.024    
114.035    	12.655    	-39.996    
117.377    	12.133    	-39.750    
120.816    	11.745    	-39.716    
124.356    	11.458    	-39.339    
128.000    	11.279    	-38.524    
131.751    	11.115    	-37.150    
135.611    	10.905    	-34.842    
139.585    	10.634    	-32.517    
143.675    	10.244    	-30.499    
147.885    	9.852    	-29.460    
152.219    	9.583    	-28.925    
156.679    	9.467    	-28.058    
161.270    	9.407    	-26.784    
165.995    	9.336    	-25.119    
170.860    	9.204    	-23.280    
175.866    	9.006    	-21.780    
181.019    	8.881    	-20.912    
186.324    	8.830    	-19.923    
191.783    	8.775    	-18.491    
197.403    	8.713    	-17.223    
203.187    	8.659    	-16.009    
209.141    	8.595    	-14.754    
215.269    	8.544    	-13.736    
221.577    	8.510    	-12.712    
228.070    	8.468    	-11.629    
234.753    	8.430    	-10.619    
241.632    	8.411    	-9.559    
248.712    	8.385    	-8.410    
256.000    	8.362    	-7.432    
263.501    	8.357    	-6.425    
271.223    	8.348    	-5.353    
279.170    	8.346    	-4.463    
287.350    	8.349    	-3.468    
295.770    	8.352    	-2.562    
304.437    	8.356    	-1.669    
313.358    	8.365    	-0.734    
322.540    	8.373    	0.176    
331.991    	8.386    	1.072    
341.719    	8.403    	1.934    
351.732    	8.424    	2.839    
362.039    	8.446    	3.674    
372.647    	8.473    	4.527    
383.567    	8.503    	5.377    
394.806    	8.535    	6.226    
406.375    	8.568    	7.046    
418.282    	8.604    	7.836    
430.539    	8.644    	8.649    
443.155    	8.687    	9.460    
456.140    	8.732    	10.233    
469.506    	8.780    	11.001    
483.264    	8.832    	11.793    
497.424    	8.887    	12.570    
512.000    	8.943    	13.323    
527.003    	9.005    	14.074    
542.445    	9.071    	14.795    
558.340    	9.137    	15.478    
574.701    	9.203    	16.173    
591.541    	9.267    	16.867    
608.874    	9.332    	17.568    
626.715    	9.400    	18.277    
645.080    	9.474    	18.999    
663.982    	9.555    	19.722    
683.438    	9.641    	20.435    
703.464    	9.729    	21.138    
724.077    	9.820    	21.835    
745.294    	9.917    	22.528    
767.133    	10.022    	23.224    
789.612    	10.140    	23.898    
812.749    	10.267    	24.482    
836.565    	10.389    	25.003    
861.078    	10.502    	25.472    
886.309    	10.601    	25.943    
912.280    	10.696    	26.464    
939.012    	10.798    	27.023    
966.527    	10.903    	27.544    
994.849    	10.995    	28.078    
1024.000    	11.085    	28.708    
1054.005    	11.191    	29.418    
1084.890    	11.317    	30.133    
1116.680    	11.457    	30.806    
1149.401    	11.604    	31.423    
1183.081    	11.748    	32.019    
1217.748    	11.894    	32.645    
1253.431    	12.051    	33.271    
1290.159    	12.214    	33.849    
1327.964    	12.378    	34.423    
1366.876    	12.545    	35.018    
1406.929    	12.722    	35.610    
1448.155    	12.909    	36.188    
1490.589    	13.102    	36.748    
1534.266    	13.300    	37.302    
1579.224    	13.505    	37.832    
1625.499    	13.722    	38.327    
1673.129    	13.943    	38.778    
1722.156    	14.164    	39.209    
1772.619    	14.377    	39.626    
1824.561    	14.591    	40.041    
1878.024    	14.805    	40.497    
1933.055    	15.024    	40.972    
1989.697    	15.250    	41.464    
2048.000    	15.493    	41.935    
2108.011    	15.746    	42.404    
2169.780    	16.007    	42.868    
2233.360    	16.275    	43.333    
2298.802    	16.552    	43.775    
2366.162    	16.835    	44.213    
2435.496    	17.126    	44.641    
2506.862    	17.428    	45.071    
2580.318    	17.743    	45.501    
2655.927    	18.070    	45.913    
2733.752    	18.408    	46.301    
2813.857    	18.752    	46.666    
2896.309    	19.102    	47.031    
2981.178    	19.472    	47.417    
3068.533    	19.871    	47.789    
3158.448    	20.296    	48.102    
3250.997    	20.746    	48.331    
3346.259    	21.217    	48.432    
3444.312    	21.671    	48.358    
3545.238    	22.054    	48.163    
3649.121    	22.335    	48.009    
3756.049    	22.553    	48.104    
3866.109    	22.798    	48.462    
3979.395    	23.121    	48.954    
4096.000    	23.511    	49.424    
4216.022    	23.940    	49.846    
4339.561    	24.393    	50.224    
4466.720    	24.875    	50.569    
4597.605    	25.381    	50.864    
4732.325    	25.900    	51.098    
4870.992    	26.416    	51.266    
5013.723    	26.912    	51.432    
5160.637    	27.413    	51.666    
5311.855    	27.970    	51.940    
5467.504    	28.598    	52.132    
5627.714    	29.265    	52.147    
5792.619    	29.896    	51.916    
5962.355    	30.358    	51.538    
6137.066    	30.616    	51.371    
6316.896    	30.852    	51.669    
6501.995    	31.255    	52.209    
6692.518    	31.784    	52.709    
6888.623    	32.371    	53.156    
7090.476    	33.018    	53.581    
7298.242    	33.716    	53.916    
7512.097    	34.430    	54.175    
7732.218    	35.153    	54.386    
7958.790    	35.877    	54.570    
8192.000    	36.605    	54.750    
8432.044    	37.351    	54.934    
8679.122    	38.120    	55.104    
8933.439    	38.907    	55.256    
9195.209    	39.716    	55.386    
9464.649    	40.538    	55.477    
9741.985    	41.346    	55.555    
10027.447    	42.154    	55.663    
10321.273    	42.994    	55.797    
10623.710    	43.868    	55.915    
10935.008    	44.767    	56.015    
11255.428    	45.685    	56.108    
11585.238    	46.633    	56.204    
11924.711    	47.620    	56.295    
12274.132    	48.663    	56.374    
12633.791    	49.822    	56.408    
13003.989    	51.050    	56.066    
13385.035    	51.780    	55.627    
13777.247    	52.292    	55.620    
14180.951    	53.115    	56.045    
14596.485    	54.209    	56.272    
15024.194    	55.304    	56.398    
15464.437    	56.414    	56.495    
15917.579    	57.541    	56.567    
16384.000    	58.680    	56.620    
16864.088    	59.819    	56.669    
17358.243    	60.964    	56.709    
17866.879    	62.109    	56.738    
18390.418    	63.255    	56.757    
18929.299    	64.396    	56.772    
19483.969    	65.603    	56.756    
20054.893    	67.285    	56.580    
20642.546    	72.423    	55.088    
