19.8660	68.9800	106.0000
20.1989	69.2700	105.5000
20.5375	69.5700	105.1000
20.8817	69.8900	104.7000
21.2317	70.2100	104.2000
21.5875	70.5000	103.8000
21.9493	70.7600	103.3000
22.3172	70.9700	102.9000
22.6913	71.1600	102.4000
23.0716	71.3500	102.0000
23.4583	71.5700	101.6000
23.8514	71.8500	101.1000
24.2512	72.1700	100.7000
24.6576	72.5000	100.3000
25.0709	72.8200	99.9000
25.4911	73.1300	99.4000
25.9183	73.4200	99.0000
26.3527	73.7000	98.6000
26.7944	73.9800	98.1000
27.2435	74.2500	97.7000
27.7001	74.5600	97.2000
28.1644	74.9200	96.8000
28.6364	75.3300	96.4000
29.1164	75.7400	96.0000
29.6044	76.1000	95.5000
30.1005	76.4200	95.1000
30.6050	76.7300	94.7000
31.1180	77.0600	94.2000
31.6395	77.4100	93.8000
32.1698	77.7600	93.4000
32.7090	78.1000	93.0000
33.2572	78.4200	92.6000
33.8146	78.7600	92.2000
34.3813	79.1100	91.8000
34.9576	79.4600	91.3000
35.5435	79.8200	90.9000
36.1392	80.1500	90.5000
36.7449	80.4500	90.1000
37.3607	80.7100	89.6000
37.9869	80.9600	89.2000
38.6236	81.2200	88.8000
39.2709	81.4900	88.4000
39.9291	81.7700	87.9000
40.5983	82.0300	87.5000
41.2788	82.2100	87.1000
41.9706	82.3500	86.6000
42.6741	82.4900	86.2000
43.3893	82.6800	85.8000
44.1165	82.8300	85.4000
44.8559	82.9200	84.9000
45.6077	82.9900	84.5000
46.3721	83.0600	84.1000
47.1493	83.1200	83.6000
47.9395	83.1900	83.2000
48.7430	83.3000	82.7000
49.5600	83.4500	82.3000
50.3906	83.6300	81.8000
51.2351	83.7700	81.4000
52.0939	83.8800	80.9000
52.9670	83.9800	80.5000
53.8547	84.0900	80.0000
54.7573	84.2000	79.6000
55.6751	84.3200	79.1000
56.6082	84.5200	78.7000
57.5570	84.8000	78.2000
58.5216	85.1500	77.7000
59.5025	85.4700	77.3000
60.4997	85.6000	76.8000
61.5137	85.6200	76.3000
62.5447	85.6900	75.8000
63.5930	85.7800	75.3000
64.6588	85.7700	74.8000
65.7425	85.5600	74.3000
66.8444	85.2300	73.9000
67.9647	84.9300	73.4000
69.1038	84.7300	72.9000
70.2620	84.5800	72.3000
71.4396	84.5400	71.8000
72.6370	84.6500	71.3000
73.8544	84.9300	70.8000
75.0922	85.2700	70.3000
76.3508	85.5400	69.7000
77.6304	85.7000	69.2000
78.9315	85.7700	68.7000
80.2544	85.8100	68.1000
81.5995	85.8300	67.6000
82.9672	85.8400	67.0000
84.3577	85.8300	66.4000
85.7716	85.8300	65.8000
87.2091	85.8400	65.3000
88.6707	85.8700	64.7000
90.1569	85.9400	64.1000
91.6680	86.1000	63.5000
93.2043	86.3000	62.9000
94.7665	86.5400	62.3000
96.3548	86.7900	61.7000
97.9697	86.9500	61.1000
99.6117	87.0300	60.5000
101.2812	87.0300	59.9000
102.9787	86.9600	59.2000
104.7047	86.8800	58.6000
106.4595	86.8300	57.9000
108.2438	86.8400	57.3000
110.0580	86.9300	56.6000
111.9026	87.0800	55.9000
113.7781	87.2400	55.2000
115.6851	87.3500	54.6000
117.6240	87.4200	53.9000
119.5954	87.4400	53.2000
121.5998	87.3300	52.5000
123.6379	87.1300	51.8000
125.7101	86.9800	51.0000
127.8170	86.8800	50.3000
129.9592	86.8500	49.6000
132.1374	86.9100	48.8000
134.3520	87.0100	48.1000
136.6038	87.1300	47.3000
138.8933	87.2000	46.6000
141.2212	87.1900	45.8000
143.5881	87.1100	45.0000
145.9947	87.0600	44.2000
148.4416	87.0900	43.4000
150.9295	87.1900	42.6000
153.4591	87.2800	41.8000
156.0312	87.3100	41.0000
158.6463	87.2900	40.2000
161.3052	87.2000	39.4000
164.0087	87.0800	38.5000
166.7576	86.9800	37.7000
169.5525	86.9300	36.9000
172.3942	86.9500	36.0000
175.2836	87.0100	35.1000
178.2214	87.0200	34.3000
181.2084	86.9600	33.4000
184.2455	86.9200	32.6000
187.3335	86.8800	31.7000
190.4733	86.8700	30.8000
193.6656	86.8900	30.0000
196.9115	86.9100	29.1000
200.2118	86.9400	28.2000
203.5674	86.9800	27.3000
206.9792	87.0200	26.5000
210.4483	87.0600	25.6000
213.9754	87.1000	24.7000
217.5617	87.1200	23.9000
221.2081	87.1300	23.0000
224.9156	87.1500	22.1000
228.6852	87.1700	21.2000
232.5181	87.1500	20.4000
236.4151	87.0800	19.5000
240.3775	87.0400	18.7000
244.4063	87.0400	17.9000
248.5026	87.0400	17.1000
252.6676	87.0300	16.3000
256.9023	87.0100	15.5000
261.2081	86.9600	14.8000
265.5860	86.9000	14.0000
270.0373	86.8300	13.3000
274.5632	86.7700	12.6000
279.1649	86.7400	11.9000
283.8438	86.7300	11.3000
288.6011	86.6900	10.6000
293.4381	86.6300	10.0000
298.3562	86.5900	9.5000
303.3567	86.5900	8.9000
308.4410	86.6100	8.5000
313.6106	86.6200	8.0000
318.8668	86.5900	7.6000
324.2111	86.5300	7.3000
329.6449	86.4400	7.0000
335.1698	86.3600	6.7000
340.7874	86.3000	6.5000
346.4991	86.2200	6.3000
352.3065	86.1300	6.2000
358.2112	86.0700	6.1000
364.2149	86.0300	6.1000
370.3193	86.0200	6.1000
376.5259	85.9900	6.2000
382.8366	85.9200	6.3000
389.2530	85.8300	6.4000
395.7770	85.7600	6.6000
402.4103	85.7300	6.8000
409.1548	85.7000	7.0000
416.0123	85.6700	7.3000
422.9848	85.6200	7.5000
430.0741	85.5800	7.8000
437.2823	85.5500	8.0000
444.6112	85.5400	8.3000
452.0630	85.4500	8.6000
459.6397	85.3700	8.9000
467.3434	85.2900	9.3000
475.1762	85.2100	9.7000
483.1402	85.1500	10.1000
491.2378	85.1200	10.5000
499.4710	85.1200	10.8000
507.8423	85.1400	11.1000
516.3539	85.1700	11.4000
525.0081	85.2300	11.5000
533.8074	85.2900	11.6000
542.7541	85.3800	11.5000
551.8508	85.4700	11.2000
561.0999	85.5600	10.9000
570.5041	85.6600	10.4000
580.0659	85.7600	9.7000
589.7879	85.8600	8.9000
599.6729	85.9600	8.0000
609.7236	86.0400	6.9000
619.9427	86.1000	5.8000
630.3331	86.1400	4.6000
640.8976	86.1700	3.5000
651.6392	86.1700	2.4000
662.5609	86.1600	1.3000
673.6656	86.1300	0.3000
684.9564	86.0900	-0.7000
696.4364	86.0300	-1.6000
708.1088	85.9600	-2.3000
719.9769	85.8900	-2.9000
732.0439	85.8200	-3.4000
744.3131	85.7500	-3.8000
756.7880	85.6800	-4.1000
769.4720	85.6300	-4.2000
782.3685	85.6000	-4.4000
795.4812	85.5900	-4.4000
808.8137	85.5900	-4.5000
822.3696	85.6200	-4.6000
836.1527	85.6500	-4.8000
850.1668	85.7000	-5.1000
864.4158	85.7600	-5.5000
878.9036	85.8100	-6.1000
893.6343	85.8600	-6.8000
908.6118	85.9000	-7.7000
923.8404	85.9100	-8.6000
939.3242	85.9000	-9.6000
955.0675	85.8700	-10.6000
971.0746	85.8100	-11.5000
987.3501	85.7300	-12.4000
1003.8983	85.6200	-13.1000
1020.7239	85.5000	-13.7000
1037.8315	85.3700	-14.0000
1055.2258	85.2500	-14.2000
1072.9116	85.1400	-14.1000
1090.8939	85.0500	-13.9000
1109.1775	84.9800	-13.5000
1127.7676	84.9500	-13.1000
1146.6693	84.9500	-12.7000
1165.8877	84.9700	-12.3000
1185.4283	85.0100	-12.1000
1205.2964	85.0600	-11.9000
1225.4974	85.1200	-11.8000
1246.0371	85.1900	-11.9000
1266.9209	85.2600	-11.9000
1288.1549	85.3400	-12.0000
1309.7446	85.4200	-12.1000
1331.6963	85.5200	-12.3000
1354.0158	85.6300	-12.6000
1376.7095	85.7600	-13.0000
1399.7835	85.8900	-13.5000
1423.2442	86.0200	-14.3000
1447.0981	86.1400	-15.2000
1471.3518	86.2500	-16.2000
1496.0120	86.3300	-17.4000
1521.0856	86.4000	-18.6000
1546.5793	86.4500	-19.8000
1572.5004	86.4900	-20.9000
1598.8559	86.5200	-22.0000
1625.6531	86.5500	-23.1000
1652.8994	86.5900	-24.2000
1680.6024	86.6400	-25.4000
1708.7697	86.7000	-26.7000
1737.4091	86.7500	-28.2000
1766.5285	86.7800	-29.9000
1796.1360	86.7900	-31.7000
1826.2397	86.7500	-33.6000
1856.8479	86.6600	-35.4000
1887.9691	86.5400	-37.1000
1919.6120	86.4000	-38.6000
1951.7851	86.2500	-39.7000
1984.4975	86.1300	-40.8000
2017.7582	86.0200	-41.8000
2051.5763	85.9200	-42.9000
2085.9612	85.8100	-44.3000
2120.9224	85.6500	-45.7000
2156.4696	85.4300	-46.9000
2192.6126	85.1800	-47.8000
2229.3613	84.9300	-48.1000
2266.7259	84.7200	-48.1000
2304.7168	84.5700	-47.9000
2343.3444	84.4700	-47.9000
2382.6195	84.3500	-48.2000
2422.5528	84.1900	-48.5000
2463.1553	84.0000	-48.4000
2504.4384	83.8300	-47.7000
2546.4134	83.7600	-46.6000
2589.0919	83.7900	-45.7000
2632.4858	83.8700	-45.3000
2676.6069	83.9400	-45.3000
2721.4674	83.9700	-45.4000
2767.0799	83.9900	-45.3000
2813.4568	84.0500	-45.0000
2860.6111	84.1800	-44.8000
2908.5556	84.3500	-45.0000
2957.3037	84.5000	-45.6000
3006.8689	84.6100	-46.5000
3057.2647	84.6700	-47.4000
3108.5052	84.7100	-48.0000
3160.6045	84.7400	-48.6000
3213.5770	84.7800	-48.9000
3267.4374	84.8200	-49.2000
3322.2004	84.8700	-49.3000
3377.8813	84.9300	-49.1000
3434.4954	85.0300	-48.5000
3492.0584	85.2100	-47.4000
3550.5862	85.5600	-46.2000
3610.0949	86.0900	-45.6000
3670.6009	86.7200	-46.3000
3732.1211	87.3300	-48.4000
3794.6724	87.8000	-51.4000
3858.2720	88.1200	-54.4000
3922.9376	88.3400	-56.6000
3988.6870	88.6400	-57.9000
4055.5384	89.1800	-58.8000
4123.5102	89.9900	-61.3000
4192.6212	90.8500	-66.6000
4262.8906	91.4300	-74.5000
4334.3377	91.5600	-83.2000
4406.9822	91.2600	-90.5000
4480.8443	90.8500	-95.2000
4555.9444	90.6600	-98.1000
4632.3031	90.7500	-101.2000
4709.9417	90.9200	-105.7000
4788.8814	91.0300	-111.3000
4869.1443	91.0200	-117.4000
4950.7523	90.8800	-123.8000
5033.7281	90.6200	-130.1000
5118.0947	90.2300	-136.3000
5203.8752	89.6700	-142.1000
5291.0934	88.9700	-146.7000
5379.7734	88.2900	-149.8000
5469.9397	87.7300	-152.0000
5561.6173	87.2700	-154.1000
5654.8313	86.8800	-156.0000
5749.6077	86.5900	-158.0000
5845.9725	86.3400	-160.1000
5943.9525	86.1600	-162.2000
6043.5746	86.1300	-164.7000
6144.8664	86.1400	-168.6000
6247.8558	86.0700	-173.6000
6352.5714	85.8200	-15.6000
6459.0421	85.3000	174.5000
6567.2972	84.6200	169.8000
6677.3667	83.9800	165.9000
6789.2810	83.2800	162.1000
6903.0710	82.4600	159.0000
7018.7682	81.5300	157.0000
7136.4045	80.5500	157.7000
7256.0123	79.9900	160.9000
7377.6249	79.9900	163.2000
7501.2757	80.2200	163.0000
7626.9989	80.4000	160.4000
7754.8293	80.4600	156.7000
7884.8021	80.3700	151.8000
8016.9533	79.9900	146.9000
8151.3194	79.4700	142.6000
8287.9375	78.7600	138.4000
8426.8454	77.7000	135.5000
8568.0814	76.4200	135.9000
8711.6845	75.3600	140.7000
8857.6945	74.7900	148.6000
9006.1516	74.9900	158.8000
9157.0969	76.1900	167.6000
9310.5721	78.0100	172.6000
9466.6196	80.2500	172.4000
9625.2825	82.4400	165.7000
9786.6046	84.0500	155.8000
9950.6305	85.5600	146.0000
10117.4050	87.3700	131.8000
10286.9760	88.2300	111.3000
10459.3880	88.1300	95.4000
10634.6900	88.7700	81.2000
10812.9300	89.2500	59.6000
10994.1570	88.6300	36.5000
11178.4220	87.2700	17.7000
11365.7750	86.1000	4.0000
11556.2680	85.7600	-10.0000
11749.9540	85.8500	-30.5000
11946.8860	85.5400	-60.9000
12147.1190	83.2400	-98.8000
12350.7080	78.4300	-123.0000
12557.7080	77.1200	-130.9000
12768.1790	77.7000	-159.1000
12982.1770	78.1100	157.6000
13199.7610	76.1300	99.8000
13420.9920	72.9800	58.6000
13645.9310	70.4400	29.4000
13874.6410	68.7500	7.8000
14107.1830	68.0000	-13.7000
14343.6230	67.0000	-41.4000
14584.0250	64.3800	-70.5000
14828.4570	60.4900	-91.9000
15076.9860	56.8400	-105.7000
15329.6800	54.0000	-120.9000
15586.6090	52.3300	-144.3000
15847.8440	51.9000	-27.1000
16113.4580	52.3200	122.0000
16383.5240	52.5400	63.2000
16658.1150	50.7900	17.3000
16937.3100	48.8900	-15.0000
17221.1830	47.6400	-67.0000
17509.8140	47.0600	-156.7000
17803.2830	49.0500	134.8000
18101.6700	51.4200	84.9000
18405.0590	52.8200	53.2000
18713.5320	53.2300	31.5000
19027.1760	53.5900	14.1000
19346.0760	53.2400	-4.8000
19670.3210	52.1000	-19.4000
20000.0000	51.2800	-26.2000