* This data was exported from DATS the Dayton Audio Test System
*
* Manufacturer:  
* Model:  
* Piston Diameter = 104 mm
* f(s)= 56.5 Hz
* R(e)= 7.84 Ohms
* Z(max)= 57.6 Ohms
* Q(ms)= 5
* Q(es)= 0.788
* Q(ts)= 0.681
* V(as)= 7.74 liters     (0.274 cubic feet)
* L(e)= 1.44 mH
* n(0)= 0.169 %
* SPL= 84.4 1W/1m
* M(ms)= 10.4 grams
* C(ms)= 0.76 mm/N
* BL= 6.05 
* K(r)= 0 
* X(r)= 0 
* K(i)= 0 
* X(i)= 0 
*
*
Freq            Impedance       Phase
1.029    	7.813    	0.892    
1.059    	7.813    	0.892    
1.091    	7.813    	0.892    
1.122    	7.813    	0.892    
1.155    	7.813    	0.892    
1.189    	7.813    	0.892    
1.224    	7.813    	0.892    
1.260    	7.813    	0.892    
1.297    	7.813    	0.892    
1.335    	7.840    	2.058    
1.374    	7.840    	2.058    
1.414    	7.840    	2.058    
1.456    	7.840    	2.058    
1.498    	7.840    	2.058    
1.542    	7.840    	2.058    
1.587    	7.840    	2.058    
1.634    	7.840    	2.058    
1.682    	7.840    	2.058    
1.731    	7.840    	2.058    
1.782    	7.840    	2.058    
1.834    	7.840    	2.058    
1.888    	7.840    	2.058    
1.943    	7.840    	2.058    
2.000    	7.866    	3.141    
2.059    	7.866    	3.141    
2.119    	7.866    	3.141    
2.181    	7.866    	3.141    
2.245    	7.866    	3.141    
2.311    	7.866    	3.141    
2.378    	7.866    	3.141    
2.448    	7.866    	3.141    
2.520    	7.866    	3.141    
2.594    	7.866    	3.141    
2.670    	7.879    	4.056    
2.748    	7.879    	4.056    
2.828    	7.879    	4.056    
2.911    	7.879    	4.056    
2.997    	7.879    	4.056    
3.084    	7.879    	4.056    
3.175    	7.879    	4.056    
3.268    	7.879    	4.056    
3.364    	7.910    	5.028    
3.462    	7.910    	5.028    
3.564    	7.910    	5.028    
3.668    	7.910    	5.028    
3.775    	7.910    	5.028    
3.886    	7.910    	5.028    
4.000    	7.934    	5.959    
4.117    	7.934    	5.959    
4.238    	7.934    	5.959    
4.362    	7.934    	5.959    
4.490    	7.934    	5.959    
4.621    	7.934    	5.959    
4.757    	7.973    	6.911    
4.896    	7.973    	6.911    
5.040    	7.973    	6.911    
5.187    	7.973    	6.911    
5.339    	8.013    	7.851    
5.496    	8.013    	7.851    
5.657    	8.013    	7.851    
5.823    	8.013    	7.851    
5.993    	8.061    	8.814    
6.169    	8.061    	8.814    
6.350    	8.061    	8.814    
6.536    	8.061    	8.814    
6.727    	8.106    	9.740    
6.924    	8.106    	9.740    
7.127    	8.106    	9.740    
7.336    	8.151    	10.691    
7.551    	8.151    	10.691    
7.772    	8.151    	10.691    
8.000    	8.198    	11.621    
8.234    	8.198    	11.621    
8.476    	8.198    	11.621    
8.724    	8.243    	12.515    
8.980    	8.243    	12.515    
9.243    	8.243    	12.515    
9.514    	8.289    	13.394    
9.792    	8.289    	13.394    
10.079    	8.339    	14.221    
10.375    	8.339    	14.221    
10.679    	8.397    	15.032    
10.992    	8.397    	15.032    
11.314    	8.461    	15.806    
11.645    	8.461    	15.806    
11.986    	8.529    	16.629    
12.338    	8.529    	16.629    
12.699    	8.603    	17.527    
13.071    	8.603    	17.527    
13.454    	8.682    	18.445    
13.849    	8.682    	18.445    
14.254    	8.761    	19.387    
14.672    	8.853    	20.339    
15.102    	8.853    	20.339    
15.545    	8.942    	21.281    
16.000    	9.028    	22.190    
16.469    	9.028    	22.190    
16.951    	9.129    	23.035    
17.448    	9.233    	23.780    
17.959    	9.343    	24.509    
18.486    	9.343    	24.509    
19.027    	9.437    	25.270    
19.585    	9.581    	26.422    
20.159    	9.630    	26.843    
20.749    	9.738    	27.645    
21.357    	9.844    	28.457    
21.983    	9.963    	29.358    
22.627    	10.102    	30.266    
23.290    	10.259    	31.132    
23.973    	10.423    	32.016    
24.675    	10.610    	32.893    
25.398    	10.817    	33.723    
26.143    	11.029    	34.449    
26.909    	11.240    	35.207    
27.697    	11.468    	35.970    
28.509    	11.698    	36.610    
29.344    	12.016    	37.628    
30.204    	12.361    	38.709    
31.089    	12.597    	39.351    
32.000    	12.958    	40.570    
32.938    	13.376    	41.808    
33.903    	13.827    	43.138    
34.896    	14.354    	44.552    
35.919    	14.979    	45.821    
36.971    	15.693    	47.106    
38.055    	16.755    	48.304    
39.170    	18.192    	49.329    
40.317    	19.255    	49.686    
41.499    	20.698    	49.868    
42.715    	22.916    	49.579    
43.967    	25.502    	48.702    
45.255    	28.467    	47.121    
46.581    	31.833    	44.900    
47.946    	35.551    	41.808    
49.351    	39.651    	37.854    
50.797    	43.943    	32.653    
52.285    	48.405    	26.253    
53.817    	53.435    	16.005    
55.394    	56.945    	3.634    
57.018    	57.479    	-7.277    
58.688    	53.682    	-22.811    
60.408    	48.079    	-32.848    
62.178    	41.874    	-40.310    
64.000    	36.240    	-44.754    
65.875    	30.817    	-47.716    
67.806    	26.852    	-49.196    
69.792    	23.873    	-49.848    
71.838    	21.613    	-49.889    
73.943    	19.888    	-49.448    
76.109    	18.536    	-48.611    
78.339    	17.250    	-47.402    
80.635    	16.279    	-46.210    
82.998    	15.285    	-44.826    
85.430    	14.432    	-43.545    
87.933    	13.758    	-42.458    
90.510    	13.165    	-41.248    
93.162    	12.706    	-39.885    
95.892    	12.284    	-38.188    
98.701    	11.948    	-36.654    
101.594    	11.642    	-35.098    
104.571    	11.377    	-33.669    
107.635    	11.158    	-32.264    
110.789    	10.926    	-30.706    
114.035    	10.714    	-29.580    
117.377    	10.513    	-29.019    
120.816    	10.361    	-28.595    
124.356    	10.233    	-27.727    
128.000    	10.113    	-26.495    
131.751    	9.939    	-25.033    
135.611    	9.716    	-23.491    
139.585    	9.564    	-22.238    
143.675    	9.416    	-21.051    
147.885    	9.284    	-20.157    
152.219    	9.190    	-19.294    
156.679    	9.148    	-18.040    
161.270    	9.076    	-16.646    
165.995    	8.980    	-15.453    
170.860    	8.920    	-14.464    
175.866    	8.882    	-13.293    
181.019    	8.826    	-12.209    
186.324    	8.775    	-11.279    
191.783    	8.761    	-10.219    
197.403    	8.747    	-9.165    
203.187    	8.723    	-8.202    
209.141    	8.716    	-7.227    
215.269    	8.712    	-6.259    
221.577    	8.701    	-5.396    
228.070    	8.690    	-4.575    
234.753    	8.684    	-3.740    
241.632    	8.681    	-2.896    
248.712    	8.680    	-1.999    
256.000    	8.687    	-1.132    
263.501    	8.696    	-0.266    
271.223    	8.713    	0.597    
279.170    	8.731    	1.358    
287.350    	8.753    	2.172    
295.770    	8.772    	2.951    
304.437    	8.793    	3.693    
313.358    	8.818    	4.488    
322.540    	8.846    	5.244    
331.991    	8.873    	6.016    
341.719    	8.904    	6.754    
351.732    	8.938    	7.529    
362.039    	8.974    	8.234    
372.647    	9.014    	8.963    
383.567    	9.058    	9.697    
394.806    	9.105    	10.425    
406.375    	9.155    	11.133    
418.282    	9.206    	11.796    
430.539    	9.258    	12.470    
443.155    	9.309    	13.152    
456.140    	9.362    	13.820    
469.506    	9.418    	14.481    
483.264    	9.478    	15.172    
497.424    	9.541    	15.854    
512.000    	9.605    	16.521    
527.003    	9.673    	17.200    
542.445    	9.747    	17.872    
558.340    	9.826    	18.532    
574.701    	9.909    	19.206    
591.541    	9.997    	19.874    
608.874    	10.095    	20.522    
626.715    	10.208    	21.082    
645.080    	10.321    	21.458    
663.982    	10.389    	21.800    
683.438    	10.429    	22.345    
703.464    	10.492    	23.072    
724.077    	10.585    	23.783    
745.294    	10.685    	24.447    
767.133    	10.790    	25.082    
789.612    	10.899    	25.708    
812.749    	11.013    	26.327    
836.565    	11.131    	26.941    
861.078    	11.255    	27.541    
886.309    	11.387    	28.130    
912.280    	11.523    	28.685    
939.012    	11.657    	29.224    
966.527    	11.798    	29.783    
994.849    	11.958    	30.314    
1024.000    	12.115    	30.648    
1054.005    	12.227    	30.960    
1084.890    	12.315    	31.447    
1116.680    	12.431    	32.094    
1149.401    	12.575    	32.730    
1183.081    	12.727    	33.347    
1217.748    	12.891    	33.940    
1253.431    	13.060    	34.507    
1290.159    	13.235    	35.072    
1327.964    	13.416    	35.637    
1366.876    	13.603    	36.196    
1406.929    	13.801    	36.750    
1448.155    	14.013    	37.291    
1490.589    	14.244    	37.796    
1534.266    	14.484    	38.193    
1579.224    	14.703    	38.476    
1625.499    	14.885    	38.727    
1673.129    	15.050    	39.147    
1722.156    	15.225    	39.675    
1772.619    	15.434    	40.255    
1824.561    	15.659    	40.806    
1878.024    	15.901    	41.341    
1933.055    	16.150    	41.848    
1989.697    	16.406    	42.347    
2048.000    	16.674    	42.825    
2108.011    	16.957    	43.288    
2169.780    	17.244    	43.704    
2233.360    	17.521    	44.109    
2298.802    	17.797    	44.555    
2366.162    	18.092    	45.032    
2435.496    	18.406    	45.494    
2506.862    	18.732    	45.919    
2580.318    	19.062    	46.347    
2655.927    	19.400    	46.775    
2733.752    	19.748    	47.191    
2813.857    	20.107    	47.596    
2896.309    	20.477    	48.004    
2981.178    	20.863    	48.415    
3068.533    	21.265    	48.821    
3158.448    	21.682    	49.217    
3250.997    	22.115    	49.599    
3346.259    	22.570    	49.975    
3444.312    	23.047    	50.330    
3545.238    	23.551    	50.657    
3649.121    	24.076    	50.951    
3756.049    	24.619    	51.239    
3866.109    	25.216    	51.538    
3979.395    	25.925    	51.758    
4096.000    	26.758    	51.644    
4216.022    	27.542    	50.845    
4339.561    	27.952    	49.692    
4466.720    	27.950    	48.899    
4597.605    	27.845    	49.018    
4732.325    	27.941    	49.729    
4870.992    	28.323    	50.528    
5013.723    	28.849    	51.111    
5160.637    	29.416    	51.515    
5311.855    	29.998    	51.772    
5467.504    	30.538    	51.899    
5627.714    	30.998    	52.037    
5792.619    	31.422    	52.327    
5962.355    	31.892    	52.772    
6137.066    	32.457    	53.271    
6316.896    	33.095    	53.690    
6501.995    	33.749    	54.043    
6692.518    	34.415    	54.406    
6888.623    	35.134    	54.765    
7090.476    	35.890    	55.070    
7298.242    	36.667    	55.318    
7512.097    	37.443    	55.515    
7732.218    	38.217    	55.711    
7958.790    	39.009    	55.923    
8192.000    	39.833    	56.124    
8432.044    	40.673    	56.301    
8679.122    	41.532    	56.470    
8933.439    	42.416    	56.633    
9195.209    	43.329    	56.779    
9464.649    	44.269    	56.891    
9741.985    	45.215    	56.961    
10027.447    	46.143    	57.006    
10321.273    	47.055    	57.090    
10623.710    	47.995    	57.230    
10935.008    	49.011    	57.397    
11255.428    	50.122    	57.544    
11585.238    	51.376    	57.615    
11924.711    	52.718    	57.314    
12274.132    	53.532    	56.814    
12633.791    	54.093    	56.766    
13003.989    	54.878    	57.177    
13385.035    	56.001    	57.464    
13777.247    	57.162    	57.684    
14180.951    	58.398    	57.827    
14596.485    	59.631    	57.914    
15024.194    	60.867    	57.990    
15464.437    	62.122    	58.058    
15917.579    	63.394    	58.114    
16384.000    	64.682    	58.159    
16864.088    	65.978    	58.196    
17358.243    	67.270    	58.225    
17866.879    	68.557    	58.252    
18390.418    	69.847    	58.281    
18929.299    	71.137    	58.311    
19483.969    	72.512    	58.374    
20054.893    	74.372    	58.714    
20642.546    	80.486    	60.706    
