20.1989	54.1200	150.4000
20.5375	55.2800	150.0000
20.8817	56.3800	149.5000
21.2317	57.3700	149.1000
21.5875	58.1800	148.6000
21.9493	58.7900	148.2000
22.3172	59.2000	147.7000
22.6913	59.4300	147.2000
23.0716	59.5000	146.7000
23.4583	59.4400	146.3000
23.8514	59.2700	145.8000
24.2512	59.0300	145.3000
24.6576	58.8200	144.8000
25.0709	58.7200	144.3000
25.4911	58.7300	143.8000
25.9183	58.8400	143.2000
26.3527	59.0300	142.7000
26.7944	59.2700	142.2000
27.2435	59.5500	141.7000
27.7001	59.8400	141.1000
28.1644	60.1500	140.6000
28.6364	60.4600	140.0000
29.1164	60.7800	139.5000
29.6044	61.1200	138.9000
30.1005	61.4700	138.3000
30.6050	61.8200	137.8000
31.1180	62.1500	137.2000
31.6395	62.4500	136.6000
32.1698	62.7500	136.0000
32.7090	63.0500	135.4000
33.2572	63.3500	134.8000
33.8146	63.6500	134.2000
34.3813	63.9400	133.6000
34.9576	64.2400	133.0000
35.5435	64.5300	132.4000
36.1392	64.8100	131.8000
36.7449	65.1100	131.2000
37.3607	65.4000	130.6000
37.9869	65.6800	130.0000
38.6236	65.9500	129.3000
39.2709	66.2000	128.7000
39.9291	66.4500	128.1000
40.5983	66.6700	127.4000
41.2788	66.8600	126.8000
41.9706	67.0100	126.1000
42.6741	67.1200	125.5000
43.3893	67.1900	124.8000
44.1165	67.2300	124.1000
44.8559	67.2900	123.5000
45.6077	67.5300	122.8000
46.3721	67.9800	122.1000
47.1493	68.4700	121.5000
47.9395	68.8900	120.8000
48.7430	69.2800	120.1000
49.5600	69.6600	119.4000
50.3906	70.0200	118.7000
51.2351	70.3500	118.0000
52.0939	70.6600	117.4000
52.9670	70.9700	116.7000
53.8547	71.2600	116.0000
54.7573	71.5400	115.3000
55.6751	71.8100	114.6000
56.6082	72.0600	113.9000
57.5570	72.2800	113.2000
58.5216	72.4500	112.5000
59.5025	72.6200	111.8000
60.4997	72.8800	111.1000
61.5137	73.2400	110.4000
62.5447	73.6000	109.7000
63.5930	73.9300	109.0000
64.6588	74.2400	108.2000
65.7425	74.5300	107.5000
66.8444	74.8100	106.8000
67.9647	75.0800	106.1000
69.1038	75.3500	105.4000
70.2620	75.6200	104.6000
71.4396	75.8800	103.9000
72.6370	76.1400	103.2000
73.8544	76.3900	102.5000
75.0922	76.6400	101.7000
76.3508	76.8800	101.0000
77.6304	77.1200	100.3000
78.9315	77.3600	99.5000
80.2544	77.6000	98.8000
81.5995	77.8300	98.0000
82.9672	78.0700	97.3000
84.3577	78.3100	96.6000
85.7716	78.5500	95.8000
87.2091	78.8000	95.1000
88.6707	79.0300	94.3000
90.1569	79.2600	93.6000
91.6680	79.4900	92.8000
93.2043	79.7200	92.0000
94.7665	79.9100	91.3000
96.3548	80.0800	90.5000
97.9697	80.2300	89.7000
99.6117	80.3600	89.0000
101.2812	80.4900	88.2000
102.9787	80.6300	87.4000
104.7047	80.7800	86.7000
106.4595	80.9500	85.9000
108.2438	81.1300	85.1000
110.0580	81.3200	84.3000
111.9026	81.5100	83.5000
113.7781	81.6800	82.7000
115.6851	81.8300	81.9000
117.6240	81.9600	81.1000
119.5954	82.0500	80.3000
121.5998	82.1200	79.5000
123.6379	82.1800	78.7000
125.7101	82.2300	77.9000
127.8170	82.2800	77.1000
129.9592	82.3300	76.3000
132.1374	82.3700	75.4000
134.3520	82.4000	74.6000
136.6038	82.4400	73.8000
138.8933	82.5000	72.9000
141.2212	82.5800	72.1000
143.5881	82.6600	71.2000
145.9947	82.7500	70.4000
148.4416	82.8300	69.5000
150.9295	82.8900	68.7000
153.4591	82.9300	67.8000
156.0312	82.9500	66.9000
158.6463	82.9500	66.1000
161.3052	82.9600	65.2000
164.0087	82.9700	64.3000
166.7576	82.9900	63.4000
169.5525	83.0400	62.5000
172.3942	83.1100	61.6000
175.2836	83.1800	60.7000
178.2214	83.2500	59.8000
181.2084	83.3100	58.9000
184.2455	83.3600	57.9000
187.3335	83.3900	57.0000
190.4733	83.4000	56.1000
193.6656	83.4100	55.2000
196.9115	83.4200	54.2000
200.2118	83.4500	53.3000
203.5674	83.4900	52.4000
206.9792	83.5300	51.5000
210.4483	83.5500	50.6000
213.9754	83.5700	49.7000
217.5617	83.5800	48.8000
221.2081	83.5900	47.9000
224.9156	83.5900	47.1000
228.6852	83.5800	46.2000
232.5181	83.5800	45.3000
236.4151	83.6100	44.4000
240.3775	83.6500	43.5000
244.4063	83.6500	42.6000
248.5026	83.6200	41.8000
252.6676	83.5700	40.9000
256.9023	83.5800	40.0000
261.2081	83.5900	39.2000
265.5860	83.6100	38.4000
270.0373	83.6200	37.6000
274.5632	83.6200	36.7000
279.1649	83.6000	35.8000
283.8438	83.5700	35.0000
288.6011	83.5500	34.2000
293.4381	83.6200	33.3000
298.3562	83.7200	32.5000
303.3567	83.7100	31.6000
308.4410	83.6600	30.8000
313.6106	83.6500	30.0000
318.8668	83.6500	29.2000
324.2111	83.6500	28.4000
329.6449	83.6300	27.7000
335.1698	83.6000	26.9000
340.7874	83.5600	26.2000
346.4991	83.5300	25.6000
352.3065	83.5200	24.9000
358.2112	83.5000	24.3000
364.2149	83.4800	23.7000
370.3193	83.4500	23.2000
376.5259	83.4100	22.7000
382.8366	83.3800	22.2000
389.2530	83.3500	21.7000
395.7770	83.3200	21.3000
402.4103	83.2900	20.9000
409.1548	83.2700	20.6000
416.0123	83.2400	20.3000
422.9848	83.2000	20.0000
430.0741	83.1700	19.7000
437.2823	83.1400	19.5000
444.6112	83.1200	19.3000
452.0630	83.1200	19.2000
459.6397	83.1100	19.1000
467.3434	83.1100	19.0000
475.1762	83.0900	18.9000
483.1402	83.0600	18.9000
491.2378	83.0400	18.9000
499.4710	83.0300	18.9000
507.8423	83.0300	18.8000
516.3539	83.0500	18.8000
525.0081	83.0700	18.7000
533.8074	83.0900	18.6000
542.7541	83.1200	18.4000
551.8508	83.1500	18.2000
561.0999	83.1800	18.0000
570.5041	83.2000	17.7000
580.0659	83.2200	17.4000
589.7879	83.2300	17.0000
599.6729	83.2300	16.7000
609.7236	83.2200	16.3000
619.9427	83.2100	15.9000
630.3331	83.1700	15.5000
640.8976	83.1300	15.1000
651.6392	83.0700	14.9000
662.5609	83.0000	14.7000
673.6656	82.9200	14.6000
684.9564	82.8500	14.6000
696.4364	82.7900	14.7000
708.1088	82.7200	14.9000
719.9769	82.6800	15.3000
732.0439	82.6400	15.6000
744.3131	82.6300	16.1000
756.7880	82.6300	16.6000
769.4720	82.6600	17.0000
782.3685	82.7100	17.4000
795.4812	82.7700	17.7000
808.8137	82.8500	17.9000
822.3696	82.9400	18.0000
836.1527	83.0300	17.9000
850.1668	83.1100	17.6000
864.4158	83.1800	17.2000
878.9036	83.2400	16.6000
893.6343	83.2700	16.0000
908.6118	83.2800	15.4000
923.8404	83.2500	14.7000
939.3242	83.2000	14.0000
955.0675	83.1200	13.5000
971.0746	83.0200	13.2000
987.3501	82.9000	13.0000
1003.8983	82.7700	13.1000
1020.7239	82.6400	13.4000
1037.8315	82.5200	14.0000
1055.2258	82.4200	14.8000
1072.9116	82.3500	15.9000
1090.8939	82.3200	17.0000
1109.1775	82.3300	18.2000
1127.7676	82.3800	19.5000
1146.6693	82.4600	20.6000
1165.8877	82.5800	21.7000
1185.4283	82.7200	22.7000
1205.2964	82.8900	23.5000
1225.4974	83.0800	24.2000
1246.0371	83.2900	24.8000
1266.9209	83.5200	25.1000
1288.1549	83.7600	25.2000
1309.7446	84.0100	25.1000
1331.6963	84.2500	24.7000
1354.0158	84.4800	24.0000
1376.7095	84.6900	23.1000
1399.7835	84.8600	22.1000
1423.2442	84.9900	21.0000
1447.0981	85.0900	19.9000
1471.3518	85.1700	19.0000
1496.0120	85.2400	18.2000
1521.0856	85.3200	17.7000
1546.5793	85.4300	17.2000
1572.5004	85.5800	16.8000
1598.8559	85.7800	16.1000
1625.6531	86.0200	15.1000
1652.8994	86.2700	13.6000
1680.6024	86.5100	11.7000
1708.7697	86.7200	9.2000
1737.4091	86.8700	6.2000
1766.5285	86.9500	2.9000
1796.1360	86.9500	-0.6000
1826.2397	86.8500	-4.3000
1856.8479	86.6500	-7.9000
1887.9691	86.3700	-11.5000
1919.6120	85.9900	-14.8000
1951.7851	85.5200	-17.9000
1984.4975	84.9700	-20.6000
2017.7582	84.3300	-22.9000
2051.5763	83.6100	-24.6000
2085.9612	82.7800	-25.7000
2120.9224	81.8600	-25.6000
2156.4696	80.8900	-24.1000
2192.6126	79.9500	-20.9000
2229.3613	79.1800	-15.9000
2266.7259	78.6900	-9.9000
2304.7168	78.4800	-4.1000
2343.3444	78.4400	1.0000
2382.6195	78.4400	5.3000
2422.5528	78.4400	9.7000
2463.1553	78.5100	14.7000
2504.4384	78.7700	19.9000
2546.4134	79.2800	24.4000
2589.0919	79.9100	27.5000
2632.4858	80.5400	29.0000
2676.6069	81.0600	29.7000
2721.4674	81.4800	30.1000
2767.0799	81.8700	30.6000
2813.4568	82.2700	31.2000
2860.6111	82.7100	31.5000
2908.5556	83.1400	31.3000
2957.3037	83.5400	30.9000
3006.8689	83.9300	30.4000
3057.2647	84.3600	29.7000
3108.5052	84.8200	28.4000
3160.6045	85.2400	26.3000
3213.5770	85.5500	23.4000
3267.4374	85.6900	20.3000
3322.2004	85.7000	17.6000
3377.8813	85.6600	15.5000
3434.4954	85.6200	13.8000
3492.0584	85.5700	12.1000
3550.5862	85.4700	10.4000
3610.0949	85.3000	9.1000
3670.6009	85.1500	8.4000
3732.1211	85.0500	7.8000
3794.6724	84.9200	6.9000
3858.2720	84.6700	6.2000
3922.9376	84.3500	6.7000
3988.6870	84.1300	8.5000
4055.5384	84.1100	10.8000
4123.5102	84.2200	12.7000
4192.6212	84.3900	14.5000
4262.8906	84.6900	16.3000
4334.3377	85.1300	17.4000
4406.9822	85.6300	17.5000
4480.8443	86.1500	16.6000
4555.9444	86.6600	14.5000
4632.3031	87.0700	11.3000
4709.9417	87.2900	7.3000
4788.8814	87.3100	3.3000
4869.1443	87.1800	-0.1000
4950.7523	86.9700	-2.8000
5033.7281	86.7600	-5.1000
5118.0947	86.5300	-7.4000
5203.8752	86.1700	-9.6000
5291.0934	85.7000	-11.2000
5379.7734	85.1600	-11.7000
5469.9397	84.6200	-11.0000
5561.6173	84.1500	-9.3000
5654.8313	83.7000	-6.8000
5749.6077	83.3500	-2.6000
5845.9725	83.3700	3.2000
5943.9525	83.8500	8.4000
6043.5746	84.6400	11.6000
6144.8664	85.5200	12.2000
6247.8558	86.2100	10.7000
6352.5714	86.6700	9.1000
6459.0421	87.1300	8.1000
6567.2972	87.7000	6.5000
6677.3667	88.3000	3.6000
6789.2810	88.8200	-0.8000
6903.0710	89.0900	-6.6000
7018.7682	89.0200	-12.2000
7136.4045	88.7300	-16.2000
7256.0123	88.4600	-18.5000
7377.6249	88.3800	-20.0000
7501.2757	88.3900	-22.5000
7626.9989	88.3100	-25.5000
7754.8293	88.1200	-28.6000
7884.8021	87.8100	-31.5000
8016.9533	87.4300	-33.5000
8151.3194	87.0800	-34.9000
8287.9375	86.6900	-36.1000
8426.8454	86.2000	-36.5000
8568.0814	85.7000	-35.3000
8711.6845	85.3500	-32.3000
8857.6945	85.3500	-28.2000
9006.1516	85.8000	-25.3000
9157.0969	86.3600	-25.0000
9310.5721	86.7600	-26.5000
9466.6196	86.9600	-28.3000
9625.2825	87.0500	-29.4000
9786.6046	87.2400	-29.7000
9950.6305	87.5400	-30.4000
10117.4050	87.8900	-31.4000
10286.9760	88.3700	-32.4000
10459.3880	89.0300	-34.9000
10634.6900	89.6700	-39.7000
10812.9300	90.1400	-46.4000
10994.1570	90.3600	-55.3000
11178.4220	89.9600	-66.3000
11365.7750	88.5200	-75.2000
11556.2680	86.3700	-76.2000
11749.9540	84.7300	-66.3000
11946.8860	84.6000	-51.5000
12147.1190	86.2900	-40.1000
12350.7080	88.5200	-39.2000
12557.7080	90.3400	-45.5000
12768.1790	91.3200	-55.4000
12982.1770	91.6400	-63.9000
13199.7610	91.9000	-70.4000
13420.9920	92.2900	-77.9000
13645.9310	92.3100	-87.3000
13874.6410	91.8200	-94.6000
14107.1830	91.4600	-97.7000
14343.6230	91.7200	-100.3000
14584.0250	92.4000	-106.9000
14828.4570	92.7000	-118.8000
15076.9860	92.1400	-132.1000
15329.6800	90.8300	-141.4000
15586.6090	89.5600	-145.2000
15847.8440	88.7500	-146.9000
16113.4580	88.1800	-148.1000
16383.5240	87.9700	-148.3000
16658.1150	88.1700	-150.3000
16937.3100	88.4900	-154.9000
17221.1830	88.7600	-163.4000
17509.8140	88.3700	-174.7000
17803.2830	87.3900	177.7000
18101.6700	86.4100	171.9000
18405.0590	85.4500	167.7000
18713.5320	84.7800	165.0000
19027.1760	84.2900	160.9000
19346.0760	83.7500	157.3000