* This data was exported from the Dayton Audio Test System: DATS
*
* Piston Diameter = 84.75 mm
* f(s)= 52.49 Hz
* R(e)= 3.295 Ohms
* Z(max)= 12.2 Ohms
* Q(ms)= 3.314
* Q(es)= 1.226
* Q(ts)= 0.8952
* V(as)= 2.039 liters     (0.07201 cubic feet)
* L(e)= 0.4757 mH
* n(0)= 0.02292 %
* SPL= 75.7 1W/1m
* M(ms)= 20.16 grams
* C(ms)= 0.456 mm/N
* BL= 4.226 
* K(r)= 0.1112 
* X(r)= 0.4375 
* K(i)= 0.8572 
* X(i)= 0.2087 
*
*
Freq            Impedance       Phase
1.029    	3.286    	2.417    
1.059    	3.286    	2.417    
1.091    	3.286    	2.417    
1.122    	3.286    	2.417    
1.155    	3.286    	2.417    
1.189    	3.286    	2.417    
1.224    	3.286    	2.417    
1.260    	3.286    	2.417    
1.297    	3.286    	2.417    
1.335    	3.285    	2.493    
1.374    	3.285    	2.493    
1.414    	3.285    	2.493    
1.456    	3.285    	2.493    
1.498    	3.285    	2.493    
1.542    	3.285    	2.493    
1.587    	3.285    	2.493    
1.634    	3.285    	2.493    
1.682    	3.286    	2.633    
1.731    	3.286    	2.633    
1.782    	3.286    	2.633    
1.834    	3.286    	2.633    
1.888    	3.286    	2.633    
1.943    	3.286    	2.633    
2.000    	3.287    	2.781    
2.059    	3.287    	2.781    
2.119    	3.287    	2.781    
2.181    	3.287    	2.781    
2.245    	3.287    	2.781    
2.311    	3.287    	2.781    
2.378    	3.290    	2.901    
2.448    	3.290    	2.901    
2.520    	3.290    	2.901    
2.594    	3.290    	2.901    
2.670    	3.295    	3.069    
2.748    	3.295    	3.069    
2.828    	3.295    	3.069    
2.911    	3.295    	3.069    
2.997    	3.301    	3.279    
3.084    	3.301    	3.279    
3.175    	3.301    	3.279    
3.268    	3.301    	3.279    
3.364    	3.309    	3.547    
3.462    	3.309    	3.547    
3.564    	3.309    	3.547    
3.668    	3.304    	3.812    
3.775    	3.304    	3.812    
3.886    	3.304    	3.812    
4.000    	3.300    	4.053    
4.117    	3.300    	4.053    
4.238    	3.300    	4.053    
4.362    	3.292    	4.315    
4.490    	3.292    	4.315    
4.621    	3.292    	4.315    
4.757    	3.298    	4.617    
4.896    	3.298    	4.617    
5.040    	3.308    	4.952    
5.187    	3.308    	4.952    
5.339    	3.317    	5.276    
5.496    	3.317    	5.276    
5.657    	3.322    	5.556    
5.823    	3.322    	5.556    
5.993    	3.323    	5.809    
6.169    	3.323    	5.809    
6.350    	3.327    	6.078    
6.536    	3.327    	6.078    
6.727    	3.334    	6.381    
6.924    	3.334    	6.381    
7.127    	3.342    	6.685    
7.336    	3.349    	6.978    
7.551    	3.349    	6.978    
7.772    	3.356    	7.282    
8.000    	3.362    	7.606    
8.234    	3.362    	7.606    
8.476    	3.370    	7.939    
8.724    	3.379    	8.264    
8.980    	3.387    	8.567    
9.243    	3.387    	8.567    
9.514    	3.392    	8.870    
9.792    	3.395    	9.191    
10.079    	3.401    	9.517    
10.375    	3.411    	9.850    
10.679    	3.422    	10.190    
10.992    	3.430    	10.536    
11.314    	3.438    	10.886    
11.645    	3.448    	11.225    
11.986    	3.458    	11.546    
12.338    	3.467    	11.861    
12.699    	3.474    	12.175    
13.071    	3.481    	12.487    
13.454    	3.491    	12.796    
13.849    	3.500    	13.103    
14.254    	3.509    	13.418    
14.672    	3.524    	13.911    
15.102    	3.543    	14.406    
15.545    	3.556    	14.736    
16.000    	3.570    	15.220    
16.469    	3.585    	15.691    
16.951    	3.605    	16.151    
17.448    	3.627    	16.610    
17.959    	3.644    	17.077    
18.486    	3.657    	17.575    
19.027    	3.678    	18.117    
19.585    	3.715    	18.831    
20.159    	3.742    	19.339    
20.749    	3.768    	19.832    
21.357    	3.805    	20.440    
21.983    	3.843    	21.040    
22.627    	3.884    	21.673    
23.290    	3.928    	22.312    
23.973    	3.976    	22.970    
24.675    	4.027    	23.655    
25.398    	4.076    	24.343    
26.143    	4.133    	25.043    
26.909    	4.214    	25.891    
27.697    	4.295    	26.737    
28.509    	4.373    	27.426    
29.344    	4.464    	28.251    
30.204    	4.579    	29.170    
31.089    	4.695    	29.847    
32.000    	4.826    	30.549    
32.938    	4.973    	31.295    
33.903    	5.145    	32.066    
34.896    	5.345    	32.829    
35.919    	5.575    	33.600    
36.971    	5.834    	34.286    
38.055    	6.135    	34.745    
39.170    	6.536    	34.892    
40.317    	6.987    	34.600    
41.499    	7.495    	33.857    
42.715    	8.056    	32.678    
43.967    	8.673    	30.598    
45.255    	9.407    	27.699    
46.581    	10.149    	24.093    
47.946    	10.840    	19.684    
49.351    	11.456    	14.407    
50.797    	11.965    	7.339    
52.285    	12.189    	-0.209    
53.817    	12.084    	-7.695    
55.394    	11.583    	-15.281    
57.018    	10.883    	-20.929    
58.688    	10.082    	-25.372    
60.408    	9.171    	-29.419    
62.178    	8.391    	-32.081    
64.000    	7.768    	-33.531    
65.875    	7.197    	-34.285    
67.806    	6.654    	-34.684    
69.792    	6.207    	-34.885    
71.838    	5.860    	-34.725    
73.943    	5.570    	-34.163    
76.109    	5.287    	-33.236    
78.339    	5.024    	-32.321    
80.635    	4.812    	-31.426    
82.998    	4.643    	-30.300    
85.430    	4.490    	-29.087    
87.933    	4.360    	-28.067    
90.510    	4.259    	-27.106    
93.162    	4.172    	-25.949    
95.892    	4.053    	-24.627    
98.701    	3.956    	-23.465    
101.594    	3.888    	-22.311    
104.571    	3.822    	-21.101    
107.635    	3.762    	-20.035    
110.789    	3.718    	-18.705    
114.035    	3.657    	-17.313    
117.377    	3.612    	-16.464    
120.816    	3.578    	-15.381    
124.356    	3.538    	-14.178    
128.000    	3.511    	-13.273    
131.751    	3.484    	-12.107    
135.611    	3.456    	-11.303    
139.585    	3.449    	-10.161    
143.675    	3.417    	-9.112    
147.885    	3.409    	-8.253    
152.219    	3.393    	-7.245    
156.679    	3.385    	-6.471    
161.270    	3.379    	-5.441    
165.995    	3.365    	-4.594    
170.860    	3.365    	-3.565    
175.866    	3.359    	-2.829    
181.019    	3.368    	-1.860    
186.324    	3.367    	-1.078    
191.783    	3.381    	-0.236    
197.403    	3.384    	0.446    
203.187    	3.392    	1.110    
209.141    	3.385    	1.719    
215.269    	3.378    	2.601    
221.577    	3.382    	3.459    
228.070    	3.396    	4.236    
234.753    	3.414    	5.112    
241.632    	3.431    	5.811    
248.712    	3.448    	6.344    
256.000    	3.458    	7.047    
263.501    	3.472    	7.771    
271.223    	3.489    	8.417    
279.170    	3.506    	9.124    
287.350    	3.533    	9.739    
295.770    	3.570    	10.446    
304.437    	3.612    	10.667    
313.358    	3.614    	10.592    
322.540    	3.597    	10.899    
331.991    	3.588    	11.658    
341.719    	3.593    	12.567    
351.732    	3.606    	13.320    
362.039    	3.621    	14.068    
372.647    	3.644    	14.805    
383.567    	3.661    	15.549    
394.806    	3.687    	16.247    
406.375    	3.718    	17.011    
418.282    	3.751    	17.709    
430.539    	3.776    	18.321    
443.155    	3.807    	18.971    
456.140    	3.841    	19.637    
469.506    	3.873    	20.254    
483.264    	3.907    	20.974    
497.424    	3.945    	21.588    
512.000    	3.984    	22.214    
527.003    	4.022    	22.760    
542.445    	4.063    	23.367    
558.340    	4.106    	23.985    
574.701    	4.150    	24.561    
591.541    	4.198    	25.157    
608.874    	4.246    	25.706    
626.715    	4.294    	26.274    
645.080    	4.349    	26.805    
663.982    	4.399    	27.363    
683.438    	4.455    	27.916    
703.464    	4.510    	28.433    
724.077    	4.572    	28.950    
745.294    	4.631    	29.427    
767.133    	4.702    	29.959    
789.612    	4.783    	30.308    
812.749    	4.833    	30.465    
836.565    	4.873    	30.998    
861.078    	4.940    	31.598    
886.309    	5.010    	32.046    
912.280    	5.087    	32.530    
939.012    	5.164    	32.928    
966.527    	5.244    	33.301    
994.849    	5.319    	33.696    
1024.000    	5.391    	34.035    
1054.005    	5.470    	34.388    
1084.890    	5.556    	34.771    
1116.680    	5.641    	35.098    
1149.401    	5.727    	35.396    
1183.081    	5.820    	35.719    
1217.748    	5.914    	36.024    
1253.431    	6.001    	36.264    
1290.159    	6.102    	36.562    
1327.964    	6.198    	36.807    
1366.876    	6.297    	37.065    
1406.929    	6.398    	37.264    
1448.155    	6.503    	37.462    
1490.589    	6.605    	37.652    
1534.266    	6.714    	37.826    
1579.224    	6.823    	38.046    
1625.499    	6.934    	38.173    
1673.129    	7.045    	38.333    
1722.156    	7.164    	38.480    
1772.619    	7.278    	38.567    
1824.561    	7.398    	38.678    
1878.024    	7.517    	38.774    
1933.055    	7.634    	38.805    
1989.697    	7.766    	38.943    
2048.000    	7.879    	39.006    
2108.011    	8.011    	39.061    
2169.780    	8.140    	39.109    
2233.360    	8.273    	39.152    
2298.802    	8.402    	39.163    
2366.162    	8.538    	39.162    
2435.496    	8.673    	39.170    
2506.862    	8.808    	39.178    
2580.318    	8.948    	39.139    
2655.927    	9.086    	39.106    
2733.752    	9.228    	39.061    
2813.857    	9.376    	39.023    
2896.309    	9.519    	38.963    
2981.178    	9.662    	38.920    
3068.533    	9.812    	38.817    
3158.448    	9.962    	38.716    
3250.997    	10.110    	38.644    
3346.259    	10.263    	38.535    
3444.312    	10.414    	38.414    
3545.238    	10.566    	38.288    
3649.121    	10.719    	38.181    
3756.049    	10.874    	38.063    
3866.109    	11.031    	37.908    
3979.395    	11.185    	37.783    
4096.000    	11.343    	37.630    
4216.022    	11.504    	37.490    
4339.561    	11.663    	37.334    
4466.720    	11.823    	37.164    
4597.605    	11.984    	37.007    
4732.325    	12.146    	36.841    
4870.992    	12.311    	36.659    
5013.723    	12.468    	36.496    
5160.637    	12.635    	36.294    
5311.855    	12.801    	36.095    
5467.504    	12.967    	35.910    
5627.714    	13.130    	35.707    
5792.619    	13.297    	35.533    
5962.355    	13.458    	35.332    
6137.066    	13.627    	35.112    
6316.896    	13.794    	34.905    
6501.995    	13.959    	34.694    
6692.518    	14.124    	34.473    
6888.623    	14.288    	34.265    
7090.476    	14.453    	34.053    
7298.242    	14.618    	33.851    
7512.097    	14.783    	33.630    
7732.218    	14.950    	33.430    
7958.790    	15.117    	33.208    
8192.000    	15.286    	32.990    
8432.044    	15.447    	32.785    
8679.122    	15.610    	32.562    
8933.439    	15.777    	32.345    
9195.209    	15.943    	32.126    
9464.649    	16.106    	31.911    
9741.985    	16.268    	31.704    
10027.447    	16.428    	31.479    
10321.273    	16.593    	31.279    
10623.710    	16.755    	31.066    
10935.008    	16.915    	30.863    
11255.428    	17.078    	30.655    
11585.238    	17.237    	30.443    
11924.711    	17.399    	30.247    
12274.132    	17.555    	30.043    
12633.791    	17.718    	29.851    
13003.989    	17.875    	29.657    
13385.035    	18.032    	29.466    
13777.247    	18.189    	29.270    
14180.951    	18.346    	29.083    
14596.485    	18.501    	28.890    
15024.194    	18.658    	28.731    
15464.437    	18.812    	28.541    
15917.579    	18.961    	28.366    
16384.000    	19.120    	28.199    
16864.088    	19.273    	28.028    
17358.243    	19.423    	27.872    
17866.879    	19.575    	27.705    
18390.418    	19.722    	27.564    
18929.299    	19.873    	27.419    
19483.969    	20.020    	27.273    
20054.893    	20.178    	27.131    
20642.546    	20.317    	27.019    
