20.1989	59.7500	141.4000
20.5375	59.8800	141.1000
20.8817	60.0300	140.8000
21.2317	60.1800	140.4000
21.5875	60.3400	140.0000
21.9493	60.5200	139.6000
22.3172	60.7100	139.1000
22.6913	60.9100	138.7000
23.0716	61.1200	138.2000
23.4583	61.3300	137.8000
23.8514	61.5600	137.3000
24.2512	61.8000	136.8000
24.6576	62.0400	136.3000
25.0709	62.2800	135.7000
25.4911	62.5200	135.2000
25.9183	62.7700	134.7000
26.3527	63.0200	134.1000
26.7944	63.2800	133.6000
27.2435	63.5400	133.0000
27.7001	63.8100	132.5000
28.1644	64.0800	131.9000
28.6364	64.3500	131.3000
29.1164	64.6300	130.8000
29.6044	64.9100	130.2000
30.1005	65.1900	129.6000
30.6050	65.4700	129.0000
31.1180	65.7500	128.4000
31.6395	66.0300	127.8000
32.1698	66.3100	127.2000
32.7090	66.6000	126.6000
33.2572	66.8700	126.0000
33.8146	67.1500	125.4000
34.3813	67.4200	124.8000
34.9576	67.6900	124.1000
35.5435	67.9500	123.5000
36.1392	68.2100	122.9000
36.7449	68.4600	122.3000
37.3607	68.7100	121.6000
37.9869	68.9600	121.0000
38.6236	69.2000	120.4000
39.2709	69.4400	119.7000
39.9291	69.6700	119.1000
40.5983	69.9100	118.5000
41.2788	70.1400	117.8000
41.9706	70.3800	117.2000
42.6741	70.6100	116.5000
43.3893	70.8600	115.9000
44.1165	71.1000	115.2000
44.8559	71.3500	114.6000
45.6077	71.6100	113.9000
46.3721	71.8600	113.3000
47.1493	72.1200	112.6000
47.9395	72.3900	112.0000
48.7430	72.6600	111.3000
49.5600	72.9200	110.7000
50.3906	73.1900	110.0000
51.2351	73.4500	109.3000
52.0939	73.7100	108.7000
52.9670	73.9500	108.0000
53.8547	74.1900	107.4000
54.7573	74.4200	106.7000
55.6751	74.6300	106.1000
56.6082	74.8400	105.4000
57.5570	75.0300	104.7000
58.5216	75.2100	104.1000
59.5025	75.3700	103.4000
60.4997	75.5300	102.8000
61.5137	75.6800	102.1000
62.5447	75.8200	101.4000
63.5930	75.9600	100.8000
64.6588	76.1000	100.1000
65.7425	76.2500	99.4000
66.8444	76.4000	98.8000
67.9647	76.5700	98.1000
69.1038	76.7600	97.4000
70.2620	76.9600	96.7000
71.4396	77.1700	96.1000
72.6370	77.3900	95.4000
73.8544	77.6100	94.7000
75.0922	77.8200	94.1000
76.3508	78.0300	93.4000
77.6304	78.2300	92.7000
78.9315	78.4200	92.0000
80.2544	78.5800	91.4000
81.5995	78.7400	90.7000
82.9672	78.8800	90.0000
84.3577	79.0000	89.4000
85.7716	79.1200	88.7000
87.2091	79.2300	88.0000
88.6707	79.3300	87.3000
90.1569	79.4200	86.7000
91.6680	79.5100	86.0000
93.2043	79.6000	85.4000
94.7665	79.6800	84.7000
96.3548	79.7700	84.1000
97.9697	79.8600	83.4000
99.6117	79.9500	82.8000
101.2812	80.0600	82.1000
102.9787	80.1700	81.5000
104.7047	80.2900	80.9000
106.4595	80.4200	80.3000
108.2438	80.5500	79.7000
110.0580	80.6800	79.2000
111.9026	80.8000	78.6000
113.7781	80.9000	78.1000
115.6851	80.9900	77.6000
117.6240	81.0500	77.2000
119.5954	81.1000	76.8000
121.5998	81.1300	76.5000
123.6379	81.1500	76.2000
125.7101	81.1500	75.8000
127.8170	81.1900	75.2000
129.9592	81.4000	74.2000
132.1374	81.6100	73.5000
134.3520	81.7500	72.8000
136.6038	81.8300	72.1000
138.8933	81.9100	71.4000
141.2212	82.0300	70.8000
143.5881	82.2700	70.0000
145.9947	82.5500	69.3000
148.4416	82.7800	68.5000
150.9295	82.8600	67.9000
153.4591	82.7300	67.1000
156.0312	82.4800	66.3000
158.6463	82.2400	65.6000
161.3052	82.1600	64.9000
164.0087	82.3000	64.1000
166.7576	82.5800	63.5000
169.5525	82.8600	62.7000
172.3942	83.0200	61.9000
175.2836	83.0500	61.2000
178.2214	83.0400	60.4000
181.2084	83.0100	59.6000
184.2455	82.9900	58.9000
187.3335	82.9900	58.1000
190.4733	83.0000	57.4000
193.6656	83.0200	56.6000
196.9115	83.0800	55.9000
200.2118	83.2100	55.1000
203.5674	83.3800	54.3000
206.9792	83.4900	53.5000
210.4483	83.4500	52.8000
213.9754	83.3100	52.1000
217.5617	83.2500	51.3000
221.2081	83.3400	50.5000
224.9156	83.4800	49.8000
228.6852	83.5700	49.0000
232.5181	83.5900	48.2000
236.4151	83.5900	47.5000
240.3775	83.5800	46.7000
244.4063	83.5400	45.9000
248.5026	83.5200	45.2000
252.6676	83.5200	44.5000
256.9023	83.6000	43.8000
261.2081	83.6900	43.1000
265.5860	83.6900	42.4000
270.0373	83.6400	41.6000
274.5632	83.6000	41.0000
279.1649	83.6300	40.3000
283.8438	83.6900	39.6000
288.6011	83.7300	38.9000
293.4381	83.7500	38.3000
298.3562	83.7600	37.7000
303.3567	83.7600	37.1000
308.4410	83.7800	36.4000
313.6106	83.8200	35.9000
318.8668	83.8600	35.3000
324.2111	83.8400	34.8000
329.6449	83.8000	34.3000
335.1698	83.7700	33.8000
340.7874	83.7600	33.3000
346.4991	83.7700	32.9000
352.3065	83.7700	32.5000
358.2112	83.7500	32.1000
364.2149	83.7400	31.8000
370.3193	83.7400	31.3000
376.5259	83.7400	31.1000
382.8366	83.7200	30.7000
389.2530	83.7100	30.5000
395.7770	83.6900	30.2000
402.4103	83.6800	29.9000
409.1548	83.6800	29.7000
416.0123	83.6800	29.6000
422.9848	83.6900	29.4000
430.0741	83.7100	29.3000
437.2823	83.7200	29.1000
444.6112	83.7300	28.9000
452.0630	83.7300	28.8000
459.6397	83.7200	28.7000
467.3434	83.7100	28.6000
475.1762	83.7000	28.5000
483.1402	83.7000	28.3000
491.2378	83.7000	28.2000
499.4710	83.7100	28.1000
507.8423	83.6900	28.0000
516.3539	83.6700	28.0000
525.0081	83.6600	27.8000
533.8074	83.6600	27.7000
542.7541	83.6500	27.5000
551.8508	83.6500	27.3000
561.0999	83.6400	27.1000
570.5041	83.6500	26.9000
580.0659	83.6500	26.6000
589.7879	83.6500	26.3000
599.6729	83.6700	26.0000
609.7236	83.6800	25.7000
619.9427	83.6900	25.5000
630.3331	83.7000	25.2000
640.8976	83.7000	24.9000
651.6392	83.7000	24.7000
662.5609	83.6900	24.5000
673.6656	83.6800	24.3000
684.9564	83.6700	24.2000
696.4364	83.6600	24.1000
708.1088	83.6500	24.0000
719.9769	83.6400	24.1000
732.0439	83.6400	24.1000
744.3131	83.6500	24.3000
756.7880	83.6600	24.4000
769.4720	83.6900	24.6000
782.3685	83.7300	24.7000
795.4812	83.7900	24.8000
808.8137	83.8600	24.9000
822.3696	83.9400	24.9000
836.1527	84.0200	24.8000
850.1668	84.1100	24.5000
864.4158	84.2100	24.2000
878.9036	84.2800	23.6000
893.6343	84.3500	22.9000
908.6118	84.3900	22.1000
923.8404	84.4100	21.3000
939.3242	84.4000	20.3000
955.0675	84.3500	19.4000
971.0746	84.2600	18.6000
987.3501	84.1500	17.9000
1003.8983	83.9900	17.5000
1020.7239	83.8200	17.4000
1037.8315	83.6300	17.7000
1055.2258	83.4600	18.4000
1072.9116	83.3200	19.6000
1090.8939	83.2300	21.0000
1109.1775	83.2200	22.7000
1127.7676	83.3000	24.4000
1146.6693	83.4700	26.0000
1165.8877	83.7000	27.2000
1185.4283	83.9900	28.0000
1205.2964	84.2800	28.2000
1225.4974	84.5800	28.0000
1246.0371	84.8500	27.3000
1266.9209	85.0800	26.2000
1288.1549	85.2600	25.0000
1309.7446	85.4000	23.6000
1331.6963	85.4800	22.2000
1354.0158	85.5400	20.8000
1376.7095	85.5500	19.6000
1399.7835	85.5600	18.4000
1423.2442	85.5500	17.4000
1447.0981	85.5400	16.3000
1471.3518	85.5200	15.3000
1496.0120	85.4900	14.1000
1521.0856	85.4200	12.9000
1546.5793	85.3300	11.7000
1572.5004	85.1800	10.6000
1598.8559	84.9800	9.7000
1625.6531	84.7400	9.2000
1652.8994	84.5000	9.3000
1680.6024	84.2700	9.9000
1708.7697	84.1100	10.8000
1737.4091	84.0300	12.0000
1766.5285	84.0300	13.0000
1796.1360	84.0800	13.6000
1826.2397	84.1200	13.8000
1856.8479	84.1300	13.7000
1887.9691	84.0800	13.7000
1919.6120	84.0200	14.0000
1951.7851	83.9800	14.7000
1984.4975	84.0000	15.5000
2017.7582	84.1100	16.0000
2051.5763	84.2600	16.0000
2085.9612	84.3800	15.1000
2120.9224	84.3800	13.8000
2156.4696	84.2200	12.6000
2192.6126	83.9500	12.2000
2229.3613	83.6300	13.1000
2266.7259	83.4100	15.2000
2304.7168	83.4100	17.8000
2343.3444	83.6100	19.9000
2382.6195	83.9000	20.9000
2422.5528	84.1600	21.0000
2463.1553	84.3200	20.7000
2504.4384	84.4300	20.6000
2546.4134	84.5600	20.8000
2589.0919	84.7700	20.9000
2632.4858	85.0200	20.3000
2676.6069	85.2200	18.8000
2721.4674	85.2900	16.9000
2767.0799	85.2000	15.1000
2813.4568	85.0100	14.3000
2860.6111	84.8400	14.5000
2908.5556	84.7700	15.3000
2957.3037	84.8300	16.0000
3006.8689	84.9600	16.2000
3057.2647	85.0700	15.9000
3108.5052	85.1700	15.3000
3160.6045	85.2600	14.7000
3213.5770	85.3400	13.7000
3267.4374	85.3600	12.3000
3322.2004	85.2900	10.9000
3377.8813	85.1400	10.1000
3434.4954	85.0100	10.0000
3492.0584	85.0000	10.1000
3550.5862	85.0900	9.5000
3610.0949	85.1200	7.8000
3670.6009	84.9600	5.6000
3732.1211	84.6100	4.1000
3794.6724	84.1500	4.0000
3858.2720	83.7200	5.3000
3922.9376	83.4100	7.7000
3988.6870	83.3300	10.6000
4055.5384	83.5000	13.4000
4123.5102	83.8300	14.7000
4192.6212	84.1100	14.5000
4262.8906	84.2300	13.4000
4334.3377	84.2200	12.5000
4406.9822	84.1100	12.1000
4480.8443	83.9700	12.5000
4555.9444	83.8600	13.7000
4632.3031	83.8900	15.5000
4709.9417	84.1200	17.2000
4788.8814	84.4600	17.8000
4869.1443	84.8000	17.2000
4950.7523	85.0400	15.8000
5033.7281	85.1800	14.0000
5118.0947	85.2300	12.2000
5203.8752	85.2100	10.5000
5291.0934	85.1400	8.5000
5379.7734	84.9300	6.7000
5469.9397	84.5900	5.7000
5561.6173	84.1800	5.7000
5654.8313	83.8300	6.9000
5749.6077	83.5500	8.9000
5845.9725	83.3900	11.7000
5943.9525	83.4600	15.2000
6043.5746	83.9000	18.4000
6144.8664	84.5400	19.6000
6247.8558	85.0900	18.3000
6352.5714	85.3700	15.7000
6459.0421	85.4700	13.3000
6567.2972	85.4900	11.2000
6677.3667	85.4100	9.0000
6789.2810	85.0900	7.2000
6903.0710	84.5600	7.8000
7018.7682	84.2500	11.5000
7136.4045	84.5500	16.0000
7256.0123	85.2700	18.1000
7377.6249	85.9500	16.7000
7501.2757	86.3500	13.3000
7626.9989	86.5000	9.8000
7754.8293	86.4800	6.8000
7884.8021	86.3400	4.0000
8016.9533	86.0400	2.0000
8151.3194	85.6000	2.1000
8287.9375	85.3900	4.7000
8426.8454	85.7000	7.6000
8568.0814	86.3400	8.1000
8711.6845	86.8400	5.5000
8857.6945	87.0100	1.6000
9006.1516	86.8900	-1.8000
9157.0969	86.6400	-3.4000
9310.5721	86.4700	-3.4000
9466.6196	86.6000	-2.1000
9625.2825	87.1700	-1.5000
9786.6046	87.9500	-3.7000
9950.6305	88.4900	-9.8000
10117.4050	88.4800	-17.6000
10286.9760	87.9600	-23.6000
10459.3880	87.2800	-26.0000
10634.6900	86.9000	-25.7000
10812.9300	87.0500	-25.6000
10994.1570	87.4700	-28.6000
11178.4220	87.6300	-35.0000
11365.7750	87.2800	-42.0000
11556.2680	86.4800	-47.0000
11749.9540	85.5600	-48.5000
11946.8860	84.9400	-47.4000
12147.1190	84.8600	-46.3000
12350.7080	85.1100	-47.8000
12557.7080	85.1800	-52.0000
12768.1790	84.9400	-56.0000
12982.1770	84.6700	-59.2000
13199.7610	84.6000	-62.7000
13420.9920	84.5600	-69.7000
13645.9310	84.0200	-79.1000
13874.6410	82.8500	-87.2000
14107.1830	80.9700	-89.9000
14343.6230	78.9200	-86.6000
14584.0250	77.4500	-79.8000
14828.4570	76.7600	-73.5000
15076.9860	76.3800	-68.8000
15329.6800	76.0900	-64.0000
15586.6090	76.2200	-58.2000
15847.8440	77.1200	-54.8000
16113.4580	78.0400	-57.9000
16383.5240	78.2600	-66.2000
16658.1150	77.7400	-74.2000
16937.3100	76.8600	-79.0000
17221.1830	76.0600	-83.6000
17509.8140	75.1000	-89.7000
17803.2830	73.5500	-93.2000
18101.6700	71.5200	-90.6000
18405.0590	69.9600	-86.2000
18713.5320	69.0500	-84.7000
19027.1760	68.1600	-84.5000
19346.0760	67.3000	-83.3000