20.1989	62.2000	133.3000
20.5375	62.4600	132.7000
20.8817	62.7100	132.2000
21.2317	62.9700	131.6000
21.5875	63.2200	131.0000
21.9493	63.4700	130.5000
22.3172	63.7100	129.9000
22.6913	63.9500	129.3000
23.0716	64.1900	128.7000
23.4583	64.4500	128.1000
23.8514	64.7100	127.5000
24.2512	64.9900	127.0000
24.6576	65.2800	126.4000
25.0709	65.5900	125.8000
25.4911	65.9100	125.2000
25.9183	66.2500	124.6000
26.3527	66.5900	124.0000
26.7944	66.9300	123.4000
27.2435	67.2800	122.8000
27.7001	67.6300	122.2000
28.1644	68.0100	121.6000
28.6364	68.3900	121.0000
29.1164	68.7900	120.4000
29.6044	69.2000	119.8000
30.1005	69.6200	119.1000
30.6050	70.0400	118.5000
31.1180	70.4600	117.9000
31.6395	70.8700	117.3000
32.1698	71.2600	116.7000
32.7090	71.6500	116.1000
33.2572	72.0200	115.5000
33.8146	72.3800	114.9000
34.3813	72.7200	114.3000
34.9576	73.0600	113.7000
35.5435	73.3900	113.1000
36.1392	73.7100	112.5000
36.7449	74.0100	111.9000
37.3607	74.2900	111.2000
37.9869	74.5500	110.6000
38.6236	74.7900	110.0000
39.2709	75.0100	109.4000
39.9291	75.2200	108.8000
40.5983	75.4100	108.2000
41.2788	75.5900	107.6000
41.9706	75.7600	107.0000
42.6741	75.9300	106.4000
43.3893	76.0900	105.8000
44.1165	76.2400	105.2000
44.8559	76.3900	104.6000
45.6077	76.5400	104.0000
46.3721	76.6800	103.4000
47.1493	76.8200	102.8000
47.9395	76.9400	102.2000
48.7430	77.0500	101.5000
49.5600	77.1200	100.9000
50.3906	77.1500	100.3000
51.2351	77.1500	99.7000
52.0939	77.1500	99.1000
52.9670	77.1700	98.5000
53.8547	77.2500	97.9000
54.7573	77.3600	97.3000
55.6751	77.5000	96.7000
56.6082	77.6500	96.1000
57.5570	77.8000	95.5000
58.5216	77.9400	94.9000
59.5025	78.0900	94.3000
60.4997	78.2800	93.7000
61.5137	78.5000	93.1000
62.5447	78.7200	92.5000
63.5930	78.9200	91.8000
64.6588	79.1200	91.2000
65.7425	79.3200	90.6000
66.8444	79.5100	90.0000
67.9647	79.7200	89.4000
69.1038	79.9300	88.8000
70.2620	80.1500	88.2000
71.4396	80.3900	87.5000
72.6370	80.6200	86.9000
73.8544	80.8500	86.3000
75.0922	81.0700	85.7000
76.3508	81.2600	85.0000
77.6304	81.4200	84.4000
78.9315	81.5500	83.8000
80.2544	81.6400	83.2000
81.5995	81.7100	82.5000
82.9672	81.7600	81.9000
84.3577	81.8000	81.2000
85.7716	81.8600	80.6000
87.2091	81.9500	80.0000
88.6707	82.0700	79.3000
90.1569	82.2200	78.7000
91.6680	82.4100	78.0000
93.2043	82.6100	77.4000
94.7665	82.8000	76.7000
96.3548	82.9500	76.1000
97.9697	83.0700	75.4000
99.6117	83.1500	74.7000
101.2812	83.2000	74.1000
102.9787	83.2300	73.4000
104.7047	83.2700	72.7000
106.4595	83.3300	72.0000
108.2438	83.4100	71.4000
110.0580	83.5200	70.7000
111.9026	83.6400	70.0000
113.7781	83.7400	69.3000
115.6851	83.8200	68.6000
117.6240	83.8600	67.9000
119.5954	83.8700	67.2000
121.5998	83.8900	66.5000
123.6379	83.9200	65.8000
125.7101	83.9500	65.1000
127.8170	84.0100	64.3000
129.9592	84.0800	63.6000
132.1374	84.1700	62.9000
134.3520	84.2600	62.2000
136.6038	84.3200	61.4000
138.8933	84.3600	60.7000
141.2212	84.4000	59.9000
143.5881	84.4400	59.2000
145.9947	84.4900	58.4000
148.4416	84.5500	57.6000
150.9295	84.6200	56.9000
153.4591	84.6700	56.1000
156.0312	84.7100	55.3000
158.6463	84.7300	54.6000
161.3052	84.7400	53.8000
164.0087	84.7400	53.0000
166.7576	84.7700	52.2000
169.5525	84.8000	51.4000
172.3942	84.8500	50.6000
175.2836	84.8900	49.8000
178.2214	84.9200	49.0000
181.2084	84.9600	48.2000
184.2455	85.0200	47.4000
187.3335	85.0900	46.6000
190.4733	85.1600	45.8000
193.6656	85.2200	45.0000
196.9115	85.2700	44.2000
200.2118	85.3000	43.4000
203.5674	85.3300	42.6000
206.9792	85.3700	41.9000
210.4483	85.4000	41.1000
213.9754	85.4100	40.4000
217.5617	85.4200	39.6000
221.2081	85.4400	38.9000
224.9156	85.4700	38.2000
228.6852	85.4900	37.4000
232.5181	85.5000	36.7000
236.4151	85.4900	36.0000
240.3775	85.4800	35.3000
244.4063	85.4700	34.5000
248.5026	85.4700	33.9000
252.6676	85.4600	33.2000
256.9023	85.4700	32.5000
261.2081	85.4800	31.9000
265.5860	85.4800	31.2000
270.0373	85.4500	30.6000
274.5632	85.4300	30.0000
279.1649	85.4300	29.4000
283.8438	85.4300	28.8000
288.6011	85.4600	28.2000
293.4381	85.4800	27.6000
298.3562	85.5100	27.0000
303.3567	85.5200	26.5000
308.4410	85.5100	25.9000
313.6106	85.5500	25.4000
318.8668	85.5700	24.9000
324.2111	85.5600	24.4000
329.6449	85.5200	23.9000
335.1699	85.4800	23.5000
340.7874	85.4600	23.1000
346.4991	85.4500	22.7000
352.3065	85.4400	22.3000
358.2112	85.4200	22.0000
364.2149	85.3900	21.7000
370.3192	85.3800	21.4000
376.5259	85.3700	21.1000
382.8365	85.3400	20.9000
389.2530	85.3200	20.7000
395.7770	85.3100	20.5000
402.4103	85.3200	20.3000
409.1548	85.3300	20.1000
416.0123	85.3400	20.0000
422.9848	85.3400	19.8000
430.0741	85.3300	19.7000
437.2823	85.3100	19.6000
444.6112	85.3000	19.4000
452.0630	85.2900	19.5000
459.6397	85.2800	19.5000
467.3434	85.2600	19.5000
475.1762	85.2300	19.4000
483.1402	85.2100	19.4000
491.2378	85.1900	19.4000
499.4710	85.1700	19.3000
507.8423	85.1600	19.2000
516.3539	85.1700	19.0000
525.0081	85.1700	18.9000
533.8074	85.1800	18.6000
542.7541	85.1900	18.4000
551.8508	85.1900	18.1000
561.0999	85.2000	17.8000
570.5041	85.2000	17.5000
580.0659	85.1900	17.2000
589.7880	85.1800	16.8000
599.6729	85.1600	16.5000
609.7236	85.1500	16.2000
619.9428	85.1400	15.9000
630.3331	85.1200	15.6000
640.8976	85.1000	15.4000
651.6392	85.0800	15.3000
662.5608	85.0600	15.2000
673.6656	85.0500	15.2000
684.9564	85.0500	15.2000
696.4364	85.0500	15.3000
708.1088	85.0700	15.4000
719.9769	85.1000	15.5000
732.0439	85.1400	15.6000
744.3132	85.1900	15.7000
756.7880	85.2600	15.7000
769.4720	85.3400	15.7000
782.3685	85.4200	15.5000
795.4812	85.5100	15.2000
808.8137	85.6100	14.9000
822.3696	85.7000	14.4000
836.1527	85.7900	13.7000
850.1668	85.8600	13.0000
864.4158	85.9200	12.1000
878.9036	85.9500	11.2000
893.6343	85.9700	10.2000
908.6118	85.9600	9.2000
923.8403	85.9200	8.2000
939.3242	85.8600	7.2000
955.0674	85.7700	6.4000
971.0747	85.6500	5.8000
987.3501	85.5300	5.3000
1003.8983	85.3900	5.0000
1020.7239	85.2500	5.0000
1037.8315	85.1200	5.3000
1055.2258	85.0200	5.8000
1072.9116	84.9600	6.6000
1090.8939	84.9300	7.4000
1109.1775	84.9600	8.3000
1127.7676	85.0300	9.0000
1146.6693	85.1400	9.7000
1165.8877	85.2900	10.1000
1185.4283	85.4700	10.2000
1205.2964	85.6600	10.1000
1225.4974	85.8400	9.6000
1246.0371	86.0200	8.8000
1266.9209	86.1700	7.8000
1288.1549	86.3000	6.6000
1309.7446	86.4000	5.2000
1331.6963	86.4600	3.6000
1354.0157	86.4800	1.9000
1376.7095	86.4500	0.3000
1399.7834	86.3800	-1.4000
1423.2441	86.2700	-2.9000
1447.0981	86.1200	-4.3000
1471.3518	85.9400	-5.5000
1496.0120	85.7400	-6.4000
1521.0856	85.5400	-7.0000
1546.5793	85.3500	-7.5000
1572.5004	85.1600	-7.8000
1598.8560	85.0000	-8.0000
1625.6531	84.8400	-8.3000
1652.8994	84.6800	-8.6000
1680.6024	84.5100	-8.9000
1708.7697	84.3100	-9.2000
1737.4091	84.0600	-9.5000
1766.5284	83.7800	-9.4000
1796.1360	83.4700	-9.0000
1826.2397	83.1500	-8.0000
1856.8479	82.8500	-6.3000
1887.9691	82.6100	-4.0000
1919.6121	82.4900	-1.3000
1951.7852	82.5200	1.6000
1984.4976	82.6900	4.1000
2017.7582	82.9700	5.8000
2051.5764	83.2700	6.5000
2085.9612	83.5200	6.3000
2120.9224	83.6600	5.6000
2156.4695	83.6700	4.8000
2192.6125	83.5800	4.5000
2229.3613	83.4400	4.9000
2266.7258	83.3400	6.0000
2304.7168	83.3300	7.6000
2343.3445	83.4000	9.3000
2382.6194	83.5300	10.7000
2422.5527	83.6900	12.1000
2463.1553	83.8900	13.5000
2504.4385	84.1800	14.9000
2546.4133	84.5600	15.8000
2589.0918	85.0200	15.9000
2632.4858	85.4600	15.0000
2676.6069	85.8000	13.4000
2721.4673	86.0200	11.4000
2767.0798	86.1300	9.7000
2813.4568	86.2000	8.5000
2860.6111	86.3000	7.5000
2908.5557	86.4300	6.6000
2957.3037	86.5600	5.3000
3006.8689	86.6600	3.8000
3057.2646	86.7200	2.3000
3108.5051	86.7500	1.0000
3160.6045	86.7900	-0.2000
3213.5769	86.8500	-1.6000
3267.4375	86.8900	-3.2000
3322.2004	86.8700	-5.1000
3377.8813	86.7600	-7.0000
3434.4954	86.5800	-8.3000
3492.0583	86.3900	-9.1000
3550.5862	86.2400	-9.5000
3610.0950	86.1200	-9.7000
3670.6008	86.0100	-9.6000
3732.1211	85.9800	-9.2000
3794.6724	86.0400	-9.2000
3858.2720	86.1000	-9.8000
3922.9375	86.0700	-10.7000
3988.6870	85.9600	-11.1000
4055.5383	85.9200	-10.9000
4123.5103	85.9900	-10.7000
4192.6211	86.0800	-11.3000
4262.8906	86.0800	-12.1000
4334.3379	86.0400	-12.5000
4406.9824	86.0500	-12.2000
4480.8442	86.2100	-12.0000
4555.9443	86.4800	-12.6000
4632.3032	86.7200	-14.6000
4709.9419	86.8000	-17.2000
4788.8813	86.7200	-19.8000
4869.1445	86.5500	-21.9000
4950.7524	86.3100	-23.4000
5033.7280	86.0400	-24.6000
5118.0947	85.7400	-25.3000
5203.8750	85.3700	-25.5000
5291.0933	84.9600	-24.3000
5379.7734	84.7100	-21.6000
5469.9399	84.8000	-18.3000
5561.6172	85.1800	-16.2000
5654.8315	85.6500	-16.1000
5749.6079	86.0200	-17.6000
5845.9727	86.2100	-19.6000
5943.9526	86.2600	-21.7000
6043.5747	86.1900	-23.5000
6144.8662	86.0200	-24.6000
6247.8560	85.7900	-24.6000
6352.5713	85.6400	-23.1000
6459.0420	85.7500	-20.8000
6567.2974	86.1500	-19.2000
6677.3667	86.6100	-19.3000
6789.2808	86.9500	-20.0000
6903.0708	87.2700	-20.3000
7018.7681	87.7000	-20.5000
7136.4043	88.2000	-21.4000
7256.0122	88.7100	-22.6000
7377.6250	89.3200	-24.2000
7501.2759	90.0600	-27.1000
7626.9990	90.7500	-31.8000
7754.8291	91.2600	-37.6000
7884.8022	91.6600	-43.9000
8016.9531	91.9200	-51.1000
8151.3193	91.9600	-58.7000
8287.9375	91.7400	-66.3000
8426.8457	91.2700	-73.4000
8568.0811	90.5500	-78.9000
8711.6846	89.8000	-81.8000
8857.6943	89.3000	-83.4000
9006.1514	88.9200	-84.7000
9157.0967	88.7200	-85.5000
9310.5723	88.7700	-87.0000
9466.6191	88.7500	-90.2000
9625.2822	88.6500	-92.8000
9786.6045	88.7400	-95.8000
9950.6309	88.8500	-100.5000
10117.4050	88.8400	-106.7000
10286.9760	88.5500	-114.3000
10459.3880	87.8000	-121.6000
10634.6900	86.8200	-126.7000
10812.9300	85.7200	-130.2000
10994.1570	84.5800	-130.3000
11178.4220	84.0100	-127.9000
11365.7750	83.7800	-127.1000
11556.2680	83.7100	-126.6000
11749.9540	83.8900	-127.8000
11946.8860	84.1300	-131.6000
12147.1190	84.1300	-138.5000
12350.7080	83.4200	-145.6000
12557.7080	82.4100	-148.5000
12768.1790	81.7300	-148.1000
12982.1770	81.5900	-147.6000
13199.7610	81.7900	-149.6000
13420.9920	81.8800	-156.0000
13645.9310	81.2500	-164.0000
13874.6410	80.1500	-168.2000
14107.1830	79.3400	-169.7000
14343.6230	78.8600	-171.4000
14584.0250	78.3900	-175.3000
14828.4570	77.6800	-179.2000
15076.9860	76.9100	178.1000
15329.6800	76.2500	177.2000
15586.6090	76.0300	175.9000
15847.8440	75.9900	171.0000
16113.4580	75.4100	163.2000
16383.5240	74.5400	156.7000
16658.1150	73.7200	150.0000
16937.3110	72.5900	141.4000
17221.1840	70.8400	133.3000
17509.8140	68.5700	127.6000
17803.2830	65.9800	125.9000
18101.6700	63.3000	130.5000
18405.0590	61.1700	140.4000
18713.5310	59.6900	151.2000
19027.1760	58.6500	163.2000
19346.0760	58.4000	175.8000