20.1989	57.7800	141.4000
20.5375	58.3900	140.9000
20.8817	58.9800	140.4000
21.2317	59.5400	139.9000
21.5875	60.0500	139.4000
21.9493	60.5000	138.9000
22.3172	60.8900	138.3000
22.6913	61.2200	137.8000
23.0716	61.5200	137.3000
23.4583	61.7900	136.7000
23.8514	62.0500	136.2000
24.2512	62.3000	135.6000
24.6576	62.5600	135.1000
25.0709	62.8300	134.5000
25.4911	63.1400	133.9000
25.9183	63.4800	133.3000
26.3527	63.8600	132.8000
26.7944	64.2900	132.2000
27.2435	64.7400	131.6000
27.7001	65.2200	131.0000
28.1644	65.7000	130.5000
28.6364	66.1900	129.9000
29.1164	66.6900	129.3000
29.6044	67.2100	128.7000
30.1005	67.7400	128.1000
30.6050	68.2900	127.5000
31.1180	68.8400	126.9000
31.6395	69.3900	126.3000
32.1698	69.9300	125.7000
32.7090	70.4400	125.1000
33.2572	70.9100	124.5000
33.8146	71.3500	123.9000
34.3813	71.7500	123.3000
34.9576	72.1100	122.7000
35.5435	72.4400	122.1000
36.1392	72.7500	121.5000
36.7449	73.0300	120.9000
37.3607	73.2800	120.3000
37.9869	73.4900	119.7000
38.6236	73.6600	119.1000
39.2709	73.7800	118.5000
39.9291	73.8800	117.9000
40.5983	73.9500	117.2000
41.2788	74.0000	116.6000
41.9706	74.0500	116.0000
42.6741	74.1100	115.4000
43.3893	74.2000	114.8000
44.1165	74.3100	114.2000
44.8559	74.4600	113.6000
45.6077	74.6400	112.9000
46.3721	74.8700	112.3000
47.1493	75.1300	111.7000
47.9395	75.4100	111.1000
48.7430	75.7000	110.5000
49.5600	76.0000	109.9000
50.3906	76.3100	109.3000
51.2351	76.6000	108.7000
52.0939	76.8800	108.0000
52.9670	77.1400	107.4000
53.8547	77.3900	106.8000
54.7573	77.6300	106.2000
55.6751	77.8700	105.6000
56.6082	78.1300	105.0000
57.5570	78.3900	104.4000
58.5216	78.6500	103.7000
59.5025	78.8900	103.1000
60.4997	79.0800	102.5000
61.5137	79.2200	101.9000
62.5447	79.3100	101.3000
63.5930	79.3500	100.7000
64.6588	79.3700	100.1000
65.7425	79.3700	99.4000
66.8444	79.4000	98.8000
67.9647	79.5000	98.2000
69.1038	79.7000	97.6000
70.2620	79.9800	97.0000
71.4396	80.3000	96.4000
72.6370	80.6400	95.8000
73.8544	80.9400	95.1000
75.0922	81.2000	94.5000
76.3508	81.3900	93.9000
77.6304	81.5000	93.3000
78.9315	81.5400	92.7000
80.2544	81.5200	92.1000
81.5995	81.4600	91.5000
82.9672	81.4100	90.8000
84.3577	81.4000	90.2000
85.7716	81.4800	89.6000
87.2091	81.7000	89.0000
88.6707	82.0500	88.3000
90.1569	82.4600	87.7000
91.6680	82.8600	87.1000
93.2043	83.2000	86.4000
94.7665	83.4300	85.8000
96.3548	83.5400	85.2000
97.9697	83.5600	84.5000
99.6117	83.5300	83.9000
101.2812	83.5000	83.3000
102.9787	83.5000	82.6000
104.7047	83.5800	82.0000
106.4595	83.7400	81.4000
108.2438	83.9600	80.7000
110.0580	84.1900	80.1000
111.9026	84.4100	79.4000
113.7781	84.5700	78.8000
115.6851	84.6800	78.1000
117.6240	84.7000	77.5000
119.5954	84.6700	76.8000
121.5998	84.6100	76.2000
123.6379	84.6100	75.5000
125.7101	84.7300	74.8000
127.8170	84.9400	74.1000
129.9592	85.1500	73.5000
132.1374	85.3100	72.8000
134.3520	85.3600	72.1000
136.6038	85.3500	71.4000
138.8933	85.3400	70.7000
141.2212	85.3800	70.1000
143.5881	85.4700	69.4000
145.9947	85.5900	68.7000
148.4416	85.7200	68.0000
150.9295	85.8600	67.3000
153.4591	85.9600	66.6000
156.0312	85.9900	65.9000
158.6463	85.9700	65.2000
161.3052	85.9600	64.4000
164.0087	86.0300	63.7000
166.7576	86.1500	63.0000
169.5525	86.2500	62.3000
172.3942	86.2800	61.6000
175.2836	86.2700	60.8000
178.2214	86.2800	60.1000
181.2084	86.3500	59.4000
184.2455	86.4500	58.6000
187.3335	86.5200	57.9000
190.4733	86.5800	57.2000
193.6656	86.6100	56.4000
196.9115	86.6200	55.7000
200.2118	86.6600	54.9000
203.5674	86.7300	54.2000
206.9792	86.8100	53.5000
210.4483	86.8200	52.8000
213.9754	86.7900	52.1000
217.5617	86.8200	51.3000
221.2081	86.9200	50.6000
224.9156	87.0100	49.9000
228.6852	87.0100	49.2000
232.5181	86.9800	48.5000
236.4151	87.0000	47.8000
240.3775	87.0900	47.1000
244.4063	87.1700	46.3000
248.5026	87.1400	45.7000
252.6676	87.1000	45.0000
256.9023	87.2100	44.3000
261.2081	87.2900	43.6000
265.5860	87.2300	43.0000
270.0373	87.1900	42.3000
274.5632	87.2400	41.7000
279.1649	87.3300	41.0000
283.8438	87.3400	40.3000
288.6011	87.3200	39.7000
293.4381	87.3900	39.1000
298.3562	87.4500	38.4000
303.3567	87.4400	37.8000
308.4410	87.4900	37.2000
313.6106	87.5900	36.6000
318.8668	87.6100	36.0000
324.2111	87.5800	35.5000
329.6449	87.5800	34.9000
335.1699	87.5800	34.4000
340.7874	87.5600	33.9000
346.4991	87.5700	33.4000
352.3065	87.5700	33.0000
358.2112	87.5500	32.5000
364.2149	87.5500	32.1000
370.3192	87.5700	31.7000
376.5259	87.5500	31.4000
382.8365	87.5300	31.0000
389.2530	87.5200	30.7000
395.7770	87.5200	30.4000
402.4103	87.5200	30.1000
409.1548	87.5300	29.8000
416.0123	87.5200	29.6000
422.9848	87.5100	29.3000
430.0741	87.4900	29.1000
437.2823	87.4800	28.9000
444.6112	87.4800	28.8000
452.0630	87.4900	28.6000
459.6397	87.4900	28.4000
467.3434	87.4800	28.3000
475.1762	87.4300	28.2000
483.1402	87.3800	28.1000
491.2378	87.3500	28.1000
499.4710	87.3200	28.1000
507.8423	87.3000	28.1000
516.3539	87.3000	28.1000
525.0081	87.3000	28.1000
533.8074	87.3100	28.1000
542.7541	87.3400	28.1000
551.8508	87.3700	28.0000
561.0999	87.4100	27.9000
570.5041	87.4600	27.8000
580.0659	87.5200	27.5000
589.7880	87.5800	27.2000
599.6729	87.6400	26.8000
609.7236	87.6900	26.3000
619.9428	87.7400	25.8000
630.3331	87.7800	25.3000
640.8976	87.8000	24.7000
651.6392	87.8200	24.2000
662.5608	87.8300	23.7000
673.6656	87.8400	23.2000
684.9564	87.8300	22.8000
696.4364	87.8200	22.4000
708.1088	87.8100	22.1000
719.9769	87.7900	21.9000
732.0439	87.7800	21.7000
744.3132	87.7700	21.6000
756.7880	87.7700	21.5000
769.4720	87.7800	21.5000
782.3685	87.7900	21.4000
795.4812	87.8300	21.4000
808.8137	87.8700	21.4000
822.3696	87.9200	21.2000
836.1527	87.9700	21.0000
850.1668	88.0300	20.8000
864.4158	88.0900	20.4000
878.9036	88.1400	19.9000
893.6343	88.1800	19.3000
908.6118	88.2000	18.7000
923.8403	88.2000	18.0000
939.3242	88.1800	17.3000
955.0674	88.1400	16.7000
971.0747	88.0700	16.2000
987.3501	87.9900	15.8000
1003.8983	87.9000	15.6000
1020.7239	87.8000	15.6000
1037.8315	87.7100	15.7000
1055.2258	87.6300	16.1000
1072.9116	87.5700	16.7000
1090.8939	87.5500	17.3000
1109.1775	87.5700	18.0000
1127.7676	87.6200	18.6000
1146.6693	87.6900	19.1000
1165.8877	87.7800	19.5000
1185.4283	87.8700	19.7000
1205.2964	87.9700	19.8000
1225.4974	88.0500	19.8000
1246.0371	88.1300	19.7000
1266.9209	88.2000	19.7000
1288.1549	88.2600	19.7000
1309.7446	88.3300	19.8000
1331.6963	88.4200	19.9000
1354.0157	88.5300	20.0000
1376.7095	88.6700	20.1000
1399.7834	88.8300	20.0000
1423.2441	89.0200	19.7000
1447.0981	89.2100	19.2000
1471.3518	89.4000	18.3000
1496.0120	89.5700	17.1000
1521.0856	89.7100	15.7000
1546.5793	89.8100	14.1000
1572.5004	89.8600	12.4000
1598.8560	89.8600	10.6000
1625.6531	89.8100	8.9000
1652.8994	89.7100	7.2000
1680.6024	89.5600	5.8000
1708.7697	89.3600	4.6000
1737.4091	89.1300	3.8000
1766.5284	88.8800	3.5000
1796.1360	88.6300	3.8000
1826.2397	88.4100	4.6000
1856.8479	88.2800	6.0000
1887.9691	88.2500	7.7000
1919.6121	88.3600	9.2000
1951.7852	88.5800	10.4000
1984.4976	88.8800	10.7000
2017.7582	89.1900	10.1000
2051.5764	89.4500	8.6000
2085.9612	89.5900	6.5000
2120.9224	89.6100	4.2000
2156.4695	89.4800	2.1000
2192.6125	89.2500	0.6000
2229.3613	88.9800	0.1000
2266.7258	88.7600	0.5000
2304.7168	88.6400	1.3000
2343.3445	88.6500	2.1000
2382.6194	88.7300	2.4000
2422.5527	88.8100	2.3000
2463.1553	88.8600	1.9000
2504.4385	88.9000	1.6000
2546.4133	88.9600	1.3000
2589.0918	89.0500	0.8000
2632.4858	89.1500	-0.2000
2676.6069	89.2100	-1.6000
2721.4673	89.1700	-3.2000
2767.0798	89.0300	-4.7000
2813.4568	88.8300	-5.7000
2860.6111	88.6300	-6.0000
2908.5557	88.4500	-5.9000
2957.3037	88.3200	-5.6000
3006.8689	88.2500	-5.0000
3057.2646	88.2400	-4.5000
3108.5051	88.3000	-4.1000
3160.6045	88.3900	-4.2000
3213.5769	88.4900	-4.8000
3267.4375	88.5500	-5.8000
3322.2004	88.5600	-7.0000
3377.8813	88.5200	-8.2000
3434.4954	88.4600	-9.3000
3492.0583	88.4200	-10.2000
3550.5862	88.3900	-11.4000
3610.0950	88.3500	-13.1000
3670.6008	88.2100	-15.2000
3732.1211	87.9100	-17.3000
3794.6724	87.5000	-18.6000
3858.2720	87.0200	-19.0000
3922.9375	86.5100	-18.4000
3988.6870	86.0200	-16.4000
4055.5383	85.7400	-12.8000
4123.5103	85.8200	-9.0000
4192.6211	86.1300	-7.0000
4262.8906	86.4000	-6.6000
4334.3379	86.5600	-6.9000
4406.9824	86.6700	-7.2000
4480.8442	86.7700	-7.8000
4555.9443	86.8000	-8.8000
4632.3032	86.7800	-9.7000
4709.9419	86.7300	-10.6000
4788.8813	86.6700	-11.7000
4869.1445	86.5400	-12.8000
4950.7524	86.3600	-13.7000
5033.7280	86.1400	-14.5000
5118.0947	85.8700	-15.3000
5203.8750	85.4900	-15.8000
5291.0933	85.0600	-15.5000
5379.7734	84.6400	-14.5000
5469.9399	84.1700	-12.8000
5561.6172	83.7500	-9.8000
5654.8315	83.5400	-5.8000
5749.6079	83.5100	-1.9000
5845.9727	83.6000	2.1000
5943.9526	83.8400	6.3000
6043.5747	84.2900	10.2000
6144.8662	84.9500	13.3000
6247.8560	85.7300	14.4000
6352.5713	86.4200	13.7000
6459.0420	86.9700	11.9000
6567.2974	87.3700	9.5000
6677.3667	87.6200	6.4000
6789.2808	87.6300	3.1000
6903.0708	87.3800	0.8000
7018.7681	87.0100	0.9000
7136.4043	86.8800	3.7000
7256.0122	87.1900	6.7000
7377.6250	87.7400	8.2000
7501.2759	88.3600	8.4000
7626.9990	89.0400	7.1000
7754.8291	89.6300	3.6000
7884.8022	89.8700	-1.0000
8016.9531	89.8400	-5.2000
8151.3193	89.6000	-8.5000
8287.9375	89.1700	-10.0000
8426.8457	88.7800	-8.3000
8568.0811	88.9000	-4.9000
8711.6846	89.4700	-2.9000
8857.6943	90.1900	-3.2000
9006.1514	90.9100	-5.7000
9157.0967	91.4600	-10.3000
9310.5723	91.6100	-15.7000
9466.6191	91.4900	-19.6000
9625.2822	91.3600	-22.3000
9786.6045	91.2800	-24.3000
9950.6309	91.2500	-26.2000
10117.4050	91.2200	-28.2000
10286.9760	91.1300	-29.4000
10459.3880	91.2400	-29.4000
10634.6900	91.5800	-30.1000
10812.9300	92.0000	-31.6000
10994.1570	92.4900	-34.3000
11178.4220	92.9300	-37.8000
11365.7750	93.4100	-41.7000
11556.2680	93.9100	-47.4000
11749.9540	94.1900	-54.4000
11946.8860	94.2700	-61.6000
12147.1190	94.1300	-68.5000
12350.7080	93.9900	-74.2000
12557.7080	94.0100	-80.5000
12768.1790	93.9400	-89.2000
12982.1770	93.3100	-99.7000
13199.7610	91.9700	-107.5000
13420.9920	90.5700	-109.9000
13645.9310	89.7200	-109.1000
13874.6410	89.4200	-109.5000
14107.1830	89.0900	-111.8000
14343.6230	88.6800	-113.7000
14584.0250	88.3700	-114.5000
14828.4570	88.6300	-115.1000
15076.9860	89.3400	-120.7000
15329.6800	89.6900	-133.2000
15586.6090	88.7900	-149.4000
15847.8440	86.5800	-161.4000
16113.4580	84.0500	-164.1000
16383.5240	82.2100	-161.4000
16658.1150	80.7400	-157.8000
16937.3110	79.4500	-151.8000
17221.1840	79.1000	-143.1000
17509.8140	79.8300	-139.0000
17803.2830	80.5300	-142.8000
18101.6700	80.4200	-151.0000
18405.0590	79.3200	-159.7000
18713.5310	77.3900	-163.1000
19027.1760	75.7600	-159.1000
19346.0760	75.0800	-152.2000