20.1989	66.4000	132.2000
20.5375	66.3100	131.7000
20.8817	66.2500	131.1000
21.2317	66.2100	130.6000
21.5875	66.2200	130.0000
21.9493	66.2900	129.4000
22.3172	66.4200	128.8000
22.6913	66.6200	128.3000
23.0716	66.8400	127.7000
23.4583	67.0600	127.1000
23.8514	67.2800	126.5000
24.2512	67.4800	125.9000
24.6576	67.6900	125.3000
25.0709	67.9200	124.7000
25.4911	68.1600	124.1000
25.9183	68.4500	123.6000
26.3527	68.8100	123.0000
26.7944	69.2400	122.4000
27.2435	69.7400	121.8000
27.7001	70.2900	121.2000
28.1644	70.8600	120.6000
28.6364	71.4400	120.0000
29.1164	72.0100	119.4000
29.6044	72.5700	118.8000
30.1005	73.1200	118.2000
30.6050	73.6600	117.6000
31.1180	74.2000	117.0000
31.6395	74.7400	116.4000
32.1698	75.2600	115.8000
32.7090	75.7700	115.2000
33.2572	76.2600	114.6000
33.8146	76.7100	114.0000
34.3813	77.1100	113.4000
34.9576	77.4700	112.8000
35.5435	77.7900	112.2000
36.1392	78.0800	111.6000
36.7449	78.3300	111.0000
37.3607	78.5300	110.4000
37.9869	78.6800	109.8000
38.6236	78.7800	109.2000
39.2709	78.8400	108.6000
39.9291	78.8600	108.0000
40.5983	78.8900	107.4000
41.2788	78.9100	106.8000
41.9706	78.9600	106.2000
42.6741	79.0400	105.6000
43.3893	79.1600	105.0000
44.1165	79.3300	104.4000
44.8559	79.5500	103.8000
45.6077	79.8400	103.2000
46.3721	80.1600	102.6000
47.1493	80.5200	102.0000
47.9395	80.8800	101.4000
48.7430	81.2500	100.8000
49.5600	81.5800	100.2000
50.3906	81.8800	99.6000
51.2351	82.1300	99.1000
52.0939	82.3300	98.5000
52.9670	82.5100	97.9000
53.8547	82.6900	97.3000
54.7573	82.8800	96.7000
55.6751	83.1000	96.1000
56.6082	83.3200	95.5000
57.5570	83.5300	94.9000
58.5216	83.7100	94.3000
59.5025	83.8500	93.7000
60.4997	83.9400	93.1000
61.5137	83.9800	92.5000
62.5447	83.9900	91.9000
63.5930	83.9800	91.3000
64.6588	83.9900	90.7000
65.7425	84.0600	90.1000
66.8444	84.2300	89.5000
67.9647	84.5200	88.9000
69.1038	84.9200	88.3000
70.2620	85.3800	87.7000
71.4396	85.8400	87.1000
72.6370	86.2600	86.5000
73.8544	86.6000	85.9000
75.0922	86.8500	85.2000
76.3508	87.0000	84.6000
77.6304	87.0700	84.0000
78.9315	87.0700	83.4000
80.2544	87.0300	82.8000
81.5995	86.9700	82.2000
82.9672	86.9500	81.5000
84.3577	87.0100	80.9000
85.7716	87.2200	80.3000
87.2091	87.5700	79.7000
88.6707	88.0000	79.0000
90.1569	88.4100	78.4000
91.6680	88.7300	77.7000
93.2043	88.9300	77.1000
94.7665	88.9700	76.5000
96.3548	88.9300	75.8000
97.9697	88.8200	75.2000
99.6117	88.7200	74.5000
101.2812	88.6800	73.9000
102.9787	88.7200	73.2000
104.7047	88.8700	72.5000
106.4595	89.0900	71.9000
108.2438	89.3400	71.2000
110.0580	89.5600	70.5000
111.9026	89.7300	69.8000
113.7781	89.8300	69.2000
115.6851	89.8400	68.5000
117.6240	89.7700	67.8000
119.5954	89.6400	67.1000
121.5998	89.5800	66.4000
123.6379	89.6700	65.7000
125.7101	89.9000	65.0000
127.8170	90.1500	64.3000
129.9592	90.3000	63.6000
132.1374	90.3200	62.8000
134.3520	90.2600	62.1000
136.6038	90.1900	61.4000
138.8933	90.2000	60.7000
141.2212	90.2900	59.9000
143.5881	90.4200	59.2000
145.9947	90.5800	58.4000
148.4416	90.7400	57.7000
150.9295	90.8300	56.9000
153.4591	90.8200	56.2000
156.0312	90.7100	55.4000
158.6463	90.6500	54.7000
161.3052	90.6900	53.9000
164.0087	90.8400	53.1000
166.7576	90.9700	52.4000
169.5525	91.0100	51.6000
172.3942	90.9600	50.8000
175.2836	90.9300	50.0000
178.2214	90.9700	49.2000
181.2084	91.0900	48.4000
184.2455	91.1900	47.6000
187.3335	91.2500	46.9000
190.4733	91.2700	46.1000
193.6656	91.2400	45.3000
196.9115	91.2400	44.5000
200.2118	91.3200	43.7000
203.5674	91.4300	42.9000
206.9792	91.4700	42.2000
210.4483	91.3800	41.4000
213.9754	91.3400	40.7000
217.5617	91.4200	40.0000
221.2081	91.5700	39.2000
224.9156	91.6100	38.5000
228.6852	91.5400	37.8000
232.5181	91.4700	37.0000
236.4151	91.4800	36.3000
240.3775	91.6600	35.6000
244.4063	91.6500	34.9000
248.5026	91.4300	34.2000
252.6676	91.4800	33.6000
256.9023	91.6500	32.9000
261.2081	91.6300	32.3000
265.5860	91.5200	31.6000
270.0373	91.4100	31.0000
274.5632	91.4700	30.4000
279.1649	91.5600	29.8000
283.8438	91.4900	29.1000
288.6011	91.4800	28.6000
293.4381	91.6000	28.0000
298.3562	91.5800	27.4000
303.3567	91.5300	26.9000
308.4410	91.5900	26.3000
313.6106	91.6900	25.8000
318.8668	91.6800	25.3000
324.2111	91.5900	24.8000
329.6449	91.6000	24.4000
335.1699	91.5600	24.0000
340.7874	91.5300	23.5000
346.4991	91.5700	23.2000
352.3065	91.5800	22.8000
358.2112	91.5400	22.5000
364.2149	91.6000	22.1000
370.3192	91.6300	21.8000
376.5259	91.6100	21.6000
382.8365	91.6200	21.3000
389.2530	91.6200	21.0000
395.7770	91.6400	20.8000
402.4103	91.6800	20.6000
409.1548	91.6700	20.4000
416.0123	91.6600	20.2000
422.9848	91.6700	20.0000
430.0741	91.6500	19.8000
437.2823	91.6500	19.7000
444.6112	91.6500	19.5000
452.0630	91.6700	19.3000
459.6397	91.6700	19.1000
467.3434	91.6700	18.8000
475.1762	91.6600	18.6000
483.1402	91.6500	18.5000
491.2378	91.6400	18.3000
499.4710	91.6300	18.1000
507.8423	91.6300	17.9000
516.3539	91.6300	17.8000
525.0081	91.6400	17.6000
533.8074	91.6500	17.4000
542.7541	91.6600	17.1000
551.8508	91.6800	16.9000
561.0999	91.7000	16.6000
570.5041	91.7200	16.3000
580.0659	91.7400	16.0000
589.7880	91.7600	15.6000
599.6729	91.7700	15.1000
609.7236	91.7700	14.6000
619.9428	91.7700	14.1000
630.3331	91.7600	13.6000
640.8976	91.7400	13.1000
651.6392	91.7000	12.7000
662.5608	91.6600	12.3000
673.6656	91.6100	11.9000
684.9564	91.5600	11.6000
696.4364	91.4900	11.4000
708.1088	91.4300	11.3000
719.9769	91.3700	11.3000
732.0439	91.3100	11.4000
744.3132	91.2600	11.5000
756.7880	91.2200	11.8000
769.4720	91.2000	12.1000
782.3685	91.1900	12.4000
795.4812	91.2000	12.7000
808.8137	91.2300	13.0000
822.3696	91.2700	13.2000
836.1527	91.3200	13.3000
850.1668	91.3800	13.3000
864.4158	91.4300	13.2000
878.9036	91.4800	12.9000
893.6343	91.5200	12.5000
908.6118	91.5500	12.1000
923.8403	91.5500	11.6000
939.3242	91.5300	11.1000
955.0674	91.4800	10.7000
971.0747	91.4100	10.4000
987.3501	91.3300	10.2000
1003.8983	91.2400	10.2000
1020.7239	91.1600	10.4000
1037.8315	91.0800	10.8000
1055.2258	91.0300	11.4000
1072.9116	91.0100	12.1000
1090.8939	91.0300	12.9000
1109.1775	91.0800	13.6000
1127.7676	91.1700	14.2000
1146.6693	91.2800	14.6000
1165.8877	91.3900	14.8000
1185.4283	91.5100	14.8000
1205.2964	91.6100	14.7000
1225.4974	91.7000	14.5000
1246.0371	91.7700	14.3000
1266.9209	91.8300	14.2000
1288.1549	91.8800	14.2000
1309.7446	91.9500	14.2000
1331.6963	92.0400	14.4000
1354.0157	92.1500	14.5000
1376.7095	92.3000	14.5000
1399.7834	92.4700	14.3000
1423.2441	92.6400	13.9000
1447.0981	92.8100	13.2000
1471.3518	92.9600	12.3000
1496.0120	93.0700	11.3000
1521.0856	93.1500	10.2000
1546.5793	93.2000	9.1000
1572.5004	93.2300	8.2000
1598.8560	93.2500	7.5000
1625.6531	93.2800	6.9000
1652.8994	93.3400	6.4000
1680.6024	93.4200	5.8000
1708.7697	93.5200	5.0000
1737.4091	93.6200	4.0000
1766.5284	93.7100	2.7000
1796.1360	93.7500	1.2000
1826.2397	93.7500	-0.4000
1856.8479	93.6900	-1.9000
1887.9691	93.6000	-3.3000
1919.6121	93.5000	-4.3000
1951.7852	93.4000	-5.1000
1984.4976	93.3300	-5.8000
2017.7582	93.2800	-6.6000
2051.5764	93.2400	-7.6000
2085.9612	93.1800	-8.9000
2120.9224	93.0600	-10.3000
2156.4695	92.8700	-11.6000
2192.6125	92.6100	-12.5000
2229.3613	92.3300	-12.9000
2266.7258	92.0800	-12.6000
2304.7168	91.8900	-11.9000
2343.3445	91.7800	-11.1000
2382.6194	91.7300	-10.5000
2422.5527	91.7100	-10.0000
2463.1553	91.6900	-9.5000
2504.4385	91.7000	-9.0000
2546.4133	91.7700	-8.5000
2589.0918	91.8900	-8.4000
2632.4858	92.0300	-8.8000
2676.6069	92.1300	-9.9000
2721.4673	92.1500	-11.2000
2767.0798	92.0600	-12.5000
2813.4568	91.8900	-13.5000
2860.6111	91.6800	-13.7000
2908.5557	91.5000	-13.4000
2957.3037	91.3800	-12.3000
3006.8689	91.3800	-10.9000
3057.2646	91.5400	-9.6000
3108.5051	91.8400	-8.9000
3160.6045	92.2100	-9.4000
3213.5769	92.5400	-11.0000
3267.4375	92.7800	-13.5000
3322.2004	92.8800	-16.3000
3377.8813	92.8900	-18.9000
3434.4954	92.8400	-21.5000
3492.0583	92.7600	-24.0000
3550.5862	92.6400	-26.7000
3610.0950	92.4400	-29.7000
3670.6008	92.1300	-32.6000
3732.1211	91.7200	-35.2000
3794.6724	91.2400	-37.4000
3858.2720	90.6900	-39.5000
3922.9375	90.0200	-41.3000
3988.6870	89.1800	-42.2000
4055.5383	88.2500	-41.6000
4123.5103	87.3800	-39.1000
4192.6211	86.6400	-35.3000
4262.8906	86.0400	-30.5000
4334.3379	85.6600	-24.8000
4406.9824	85.5300	-19.0000
4480.8442	85.5600	-13.4000
4555.9443	85.7600	-7.8000
4632.3032	86.2100	-2.9000
4709.9419	86.8000	0.3000
4788.8813	87.3100	1.9000
4869.1445	87.6700	3.0000
4950.7524	87.9600	4.3000
5033.7280	88.2200	6.0000
5118.0947	88.5600	8.1000
5203.8750	89.0600	10.0000
5291.0933	89.6400	11.0000
5379.7734	90.2200	11.3000
5469.9399	90.7700	11.3000
5561.6172	91.3400	11.1000
5654.8315	91.9800	10.6000
5749.6079	92.6800	9.2000
5845.9727	93.3100	6.5000
5943.9526	93.8100	3.7000
6043.5747	94.3500	0.8000
6144.8662	94.9900	-3.2000
6247.8560	95.5800	-9.0000
6352.5713	95.9200	-16.6000
6459.0420	95.8900	-24.7000
6567.2974	95.5300	-31.7000
6677.3667	94.9900	-37.4000
6789.2808	94.2400	-42.1000
6903.0708	93.2700	-45.0000
7018.7681	92.1500	-45.0000
7136.4043	91.1500	-41.3000
7256.0122	90.6700	-35.5000
7377.6250	90.6300	-30.2000
7501.2759	90.8500	-25.9000
7626.9990	91.2900	-22.3000
7754.8291	91.9300	-20.1000
7884.8022	92.6300	-19.8000
8016.9531	93.2100	-20.7000
8151.3193	93.6800	-21.8000
8287.9375	94.1200	-22.9000
8426.8457	94.5400	-23.8000
8568.0811	95.0700	-23.7000
8711.6846	96.0200	-23.3000
8857.6943	97.4600	-25.9000
9006.1514	98.8400	-33.5000
9157.0967	99.7200	-43.9000
9310.5723	100.1800	-54.6000
9466.6191	100.3500	-65.9000
9625.2822	100.0200	-77.3000
9786.6045	99.2800	-86.9000
9950.6309	98.2300	-94.3000
10117.4050	97.0300	-98.0000
10286.9760	96.0600	-98.5000
10459.3880	95.4700	-97.5000
10634.6900	95.2100	-96.1000
10812.9300	95.2900	-94.7000
10994.1570	95.8100	-94.2000
11178.4220	96.7900	-96.6000
11365.7750	97.9900	-104.5000
11556.2680	98.6900	-119.1000
11749.9540	98.2000	-135.2000
11946.8860	96.9100	-148.3000
12147.1190	94.9400	-157.1000
12350.7080	92.9400	-157.2000
12557.7080	92.0200	-153.7000
12768.1790	91.7500	-153.4000
12982.1770	91.4200	-156.5000
13199.7610	90.7500	-160.4000
13420.9920	89.9400	-162.4000
13645.9310	89.4000	-163.1000
13874.6410	89.1600	-165.4000
14107.1830	88.6100	-170.9000
14343.6230	87.5000	-174.9000
14584.0250	86.2000	-175.8000
14828.4570	84.9600	-172.3000
15076.9860	84.4900	-165.4000
15329.6800	84.8500	-160.0000
15586.6090	85.7700	-159.5000
15847.8440	86.6300	-163.4000
16113.4580	87.3800	-170.7000
16383.5240	87.6300	-33.8000
16658.1150	86.7100	164.4000
16937.3110	84.7900	158.5000
17221.1840	83.4300	161.8000
17509.8140	83.3700	165.4000
17803.2830	83.9100	163.6000
18101.6700	84.2700	156.8000
18405.0590	84.0000	146.5000
18713.5310	82.7200	137.0000
19027.1760	81.0200	135.9000
19346.0760	80.6700	139.5000