20.1989	65.3300	135.4000
20.5375	65.3600	134.9000
20.8817	65.3900	134.3000
21.2317	65.4300	133.8000
21.5875	65.5000	133.2000
21.9493	65.5800	132.6000
22.3172	65.7000	132.1000
22.6913	65.8700	131.5000
23.0716	66.1000	130.9000
23.4583	66.4200	130.3000
23.8514	66.8500	129.8000
24.2512	67.3600	129.2000
24.6576	67.8600	128.6000
25.0709	68.2800	128.0000
25.4911	68.6300	127.4000
25.9183	68.9400	126.8000
26.3527	69.2500	126.2000
26.7944	69.5900	125.6000
27.2435	69.9700	125.0000
27.7001	70.3900	124.4000
28.1644	70.8400	123.8000
28.6364	71.3100	123.2000
29.1164	71.7800	122.6000
29.6044	72.2500	122.0000
30.1005	72.7200	121.4000
30.6050	73.1900	120.8000
31.1180	73.6800	120.2000
31.6395	74.1800	119.6000
32.1698	74.6700	119.0000
32.7090	75.1300	118.4000
33.2572	75.5700	117.8000
33.8146	75.9800	117.2000
34.3813	76.3700	116.6000
34.9576	76.7300	116.0000
35.5435	77.0700	115.4000
36.1392	77.3800	114.8000
36.7449	77.6700	114.2000
37.3607	77.9100	113.6000
37.9869	78.1200	113.0000
38.6236	78.3000	112.4000
39.2709	78.4500	111.8000
39.9291	78.5800	111.2000
40.5983	78.6900	110.5000
41.2788	78.7800	109.9000
41.9706	78.8600	109.3000
42.6741	78.9700	108.7000
43.3893	79.1200	108.1000
44.1165	79.3000	107.5000
44.8559	79.4600	106.9000
45.6077	79.5800	106.3000
46.3721	79.6300	105.7000
47.1493	79.6900	105.1000
47.9395	79.7800	104.5000
48.7430	79.9100	103.9000
49.5600	80.0400	103.3000
50.3906	80.1600	102.7000
51.2351	80.2800	102.1000
52.0939	80.4300	101.5000
52.9670	80.6100	100.9000
53.8547	80.8100	100.3000
54.7573	81.0200	99.7000
55.6751	81.2400	99.1000
56.6082	81.4700	98.5000
57.5570	81.7000	97.9000
58.5216	81.9200	97.3000
59.5025	82.1100	96.7000
60.4997	82.2800	96.1000
61.5137	82.4300	95.5000
62.5447	82.5400	94.8000
63.5930	82.6300	94.2000
64.6588	82.7000	93.6000
65.7425	82.7700	93.0000
66.8444	82.8500	92.4000
67.9647	82.9800	91.8000
69.1038	83.1700	91.2000
70.2620	83.4200	90.6000
71.4396	83.7300	90.0000
72.6370	84.0600	89.4000
73.8544	84.3900	88.8000
75.0922	84.6900	88.2000
76.3508	84.9400	87.5000
77.6304	85.1300	86.9000
78.9315	85.2500	86.3000
80.2544	85.3000	85.7000
81.5995	85.3000	85.1000
82.9672	85.2700	84.4000
84.3577	85.2400	83.8000
85.7716	85.2500	83.2000
87.2091	85.3300	82.6000
88.6707	85.5100	81.9000
90.1569	85.7700	81.3000
91.6680	86.0700	80.7000
93.2043	86.3400	80.1000
94.7665	86.5600	79.4000
96.3548	86.6900	78.8000
97.9697	86.7200	78.1000
99.6117	86.6900	77.5000
101.2812	86.6400	76.9000
102.9787	86.6000	76.2000
104.7047	86.6100	75.5000
106.4595	86.7000	74.9000
108.2438	86.8400	74.2000
110.0580	87.0200	73.6000
111.9026	87.2100	72.9000
113.7781	87.3800	72.2000
115.6851	87.4900	71.6000
117.6240	87.5500	70.9000
119.5954	87.5400	70.2000
121.5998	87.4900	69.5000
123.6379	87.4500	68.8000
125.7101	87.4700	68.1000
127.8170	87.5700	67.5000
129.9592	87.7200	66.8000
132.1374	87.8700	66.1000
134.3520	87.9500	65.4000
136.6038	87.9700	64.6000
138.8933	87.9600	63.9000
141.2212	87.9600	63.2000
143.5881	88.0100	62.5000
145.9947	88.1000	61.8000
148.4416	88.2000	61.0000
150.9295	88.2900	60.3000
153.4591	88.3600	59.6000
156.0312	88.4000	58.8000
158.6463	88.4000	58.1000
161.3052	88.3800	57.4000
164.0087	88.4000	56.6000
166.7576	88.4700	55.9000
169.5525	88.5500	55.1000
172.3942	88.5900	54.4000
175.2836	88.6000	53.6000
178.2214	88.6100	52.9000
181.2084	88.6500	52.1000
184.2455	88.7200	51.3000
187.3335	88.7900	50.6000
190.4733	88.8300	49.8000
193.6656	88.8600	49.1000
196.9115	88.8800	48.3000
200.2118	88.9000	47.5000
203.5674	88.9500	46.8000
206.9792	89.0100	46.0000
210.4483	89.0300	45.3000
213.9754	89.0100	44.5000
217.5617	89.0300	43.8000
221.2081	89.1000	43.0000
224.9156	89.1700	42.3000
228.6852	89.1800	41.5000
232.5181	89.1500	40.8000
236.4151	89.1400	40.1000
240.3775	89.1900	39.3000
244.4063	89.2200	38.6000
248.5026	89.2000	37.9000
252.6676	89.1600	37.2000
256.9023	89.2200	36.5000
261.2081	89.2700	35.8000
265.5860	89.2100	35.1000
270.0373	89.1500	34.5000
274.5632	89.1600	33.9000
279.1649	89.2200	33.2000
283.8438	89.2100	32.6000
288.6011	89.1900	32.0000
293.4381	89.2400	31.4000
298.3562	89.2800	30.8000
303.3567	89.2700	30.2000
308.4410	89.3000	29.7000
313.6106	89.3700	29.2000
318.8668	89.3700	28.7000
324.2111	89.3100	28.3000
329.6449	89.2800	27.8000
335.1699	89.2600	27.4000
340.7874	89.2200	27.1000
346.4991	89.2200	26.7000
352.3065	89.2200	26.4000
358.2112	89.1900	26.1000
364.2149	89.1800	25.9000
370.3192	89.1800	25.6000
376.5259	89.1500	25.4000
382.8365	89.1300	25.2000
389.2530	89.1100	25.0000
395.7770	89.1100	24.9000
402.4103	89.1200	24.8000
409.1548	89.1300	24.7000
416.0123	89.1300	24.6000
422.9848	89.1400	24.5000
430.0741	89.1400	24.4000
437.2823	89.1500	24.4000
444.6112	89.1700	24.3000
452.0630	89.1900	24.3000
459.6397	89.2000	24.2000
467.3434	89.2000	24.2000
475.1762	89.1900	24.2000
483.1402	89.1800	24.2000
491.2378	89.1700	24.2000
499.4710	89.1700	24.2000
507.8423	89.1800	24.2000
516.3539	89.1900	24.2000
525.0081	89.2200	24.2000
533.8074	89.2500	24.1000
542.7541	89.2900	24.0000
551.8508	89.3300	23.9000
561.0999	89.3800	23.7000
570.5041	89.4200	23.5000
580.0659	89.4700	23.2000
589.7880	89.5100	22.9000
599.6729	89.5500	22.5000
609.7236	89.5800	22.1000
619.9428	89.6100	21.6000
630.3331	89.6200	21.2000
640.8976	89.6300	20.8000
651.6392	89.6200	20.4000
662.5608	89.6200	20.0000
673.6656	89.6000	19.8000
684.9564	89.5800	19.5000
696.4364	89.5600	19.4000
708.1088	89.5500	19.3000
719.9769	89.5300	19.3000
732.0439	89.5300	19.3000
744.3132	89.5300	19.5000
756.7880	89.5500	19.6000
769.4720	89.5800	19.8000
782.3685	89.6200	19.9000
795.4812	89.6800	20.0000
808.8137	89.7600	20.0000
822.3696	89.8400	20.0000
836.1527	89.9300	19.8000
850.1668	90.0100	19.5000
864.4158	90.1000	19.0000
878.9036	90.1700	18.4000
893.6343	90.2200	17.7000
908.6118	90.2500	17.0000
923.8403	90.2600	16.2000
939.3242	90.2400	15.4000
955.0674	90.2000	14.7000
971.0747	90.1300	14.1000
987.3501	90.0500	13.7000
1003.8983	89.9500	13.5000
1020.7239	89.8500	13.5000
1037.8315	89.7700	13.6000
1055.2258	89.7000	14.0000
1072.9116	89.6500	14.6000
1090.8939	89.6500	15.2000
1109.1775	89.6700	15.8000
1127.7676	89.7300	16.3000
1146.6693	89.8100	16.7000
1165.8877	89.9100	16.9000
1185.4283	90.0000	17.0000
1205.2964	90.1000	17.0000
1225.4974	90.1800	16.9000
1246.0371	90.2500	16.8000
1266.9209	90.3200	16.7000
1288.1549	90.3900	16.7000
1309.7446	90.4800	16.7000
1331.6963	90.5800	16.7000
1354.0157	90.6900	16.6000
1376.7095	90.8300	16.4000
1399.7834	90.9700	16.1000
1423.2441	91.1100	15.5000
1447.0981	91.2400	14.7000
1471.3518	91.3400	13.8000
1496.0120	91.4000	12.8000
1521.0856	91.4400	11.9000
1546.5793	91.4500	11.1000
1572.5004	91.4500	10.5000
1598.8560	91.4600	10.1000
1625.6531	91.4900	9.9000
1652.8994	91.5600	9.7000
1680.6024	91.6700	9.4000
1708.7697	91.8100	8.8000
1737.4091	91.9600	7.9000
1766.5284	92.1000	6.7000
1796.1360	92.2000	5.1000
1826.2397	92.2500	3.4000
1856.8479	92.2500	1.5000
1887.9691	92.1900	-0.3000
1919.6121	92.0900	-1.8000
1951.7852	91.9700	-3.2000
1984.4976	91.8300	-4.3000
2017.7582	91.7100	-5.3000
2051.5764	91.5900	-6.3000
2085.9612	91.4500	-7.4000
2120.9224	91.2900	-8.4000
2156.4695	91.0900	-9.3000
2192.6125	90.8500	-9.8000
2229.3613	90.6100	-9.9000
2266.7258	90.3900	-9.6000
2304.7168	90.2400	-9.0000
2343.3445	90.1600	-8.4000
2382.6194	90.1100	-8.0000
2422.5527	90.0700	-7.8000
2463.1553	90.0100	-7.7000
2504.4385	89.9400	-7.5000
2546.4133	89.8900	-7.2000
2589.0918	89.8700	-6.9000
2632.4858	89.8800	-6.7000
2676.6069	89.8700	-6.8000
2721.4673	89.8300	-7.0000
2767.0798	89.7400	-7.0000
2813.4568	89.6200	-6.6000
2860.6111	89.5100	-5.7000
2908.5557	89.4700	-4.3000
2957.3037	89.5500	-2.5000
3006.8689	89.7600	-0.8000
3057.2646	90.1200	0.3000
3108.5051	90.5700	0.5000
3160.6045	91.0400	-0.5000
3213.5769	91.4500	-2.6000
3267.4375	91.7400	-5.4000
3322.2004	91.9200	-8.5000
3377.8813	92.0000	-11.7000
3434.4954	92.0000	-14.8000
3492.0583	91.9400	-17.9000
3550.5862	91.8200	-21.0000
3610.0950	91.6400	-24.2000
3670.6008	91.3700	-27.4000
3732.1211	90.9900	-30.6000
3794.6724	90.5200	-33.5000
3858.2720	89.9300	-36.1000
3922.9375	89.2100	-38.2000
3988.6870	88.3500	-39.1000
4055.5383	87.4400	-38.5000
4123.5103	86.6100	-36.4000
4192.6211	85.8800	-33.2000
4262.8906	85.2500	-29.0000
4334.3379	84.8000	-23.8000
4406.9824	84.5900	-18.2000
4480.8442	84.5600	-12.8000
4555.9443	84.6800	-7.5000
4632.3032	85.0200	-2.7000
4709.9419	85.5000	0.7000
4788.8813	85.9400	2.8000
4869.1445	86.2900	4.4000
4950.7524	86.6000	5.9000
5033.7280	86.9100	7.4000
5118.0947	87.2600	8.9000
5203.8750	87.6200	9.9000
5291.0933	87.9600	10.9000
5379.7734	88.3100	12.3000
5469.9399	88.7700	13.9000
5561.6172	89.3500	15.1000
5654.8315	89.9900	15.9000
5749.6079	90.6800	15.8000
5845.9727	91.3400	15.2000
5943.9526	92.0100	14.7000
6043.5747	92.9000	14.0000
6144.8662	94.0700	11.3000
6247.8560	95.2800	5.0000
6352.5713	96.2200	-5.0000
6459.0420	96.5800	-17.3000
6567.2974	96.2900	-29.6000
6677.3667	95.4100	-40.0000
6789.2808	94.1100	-47.0000
6903.0708	92.6400	-50.0000
7018.7681	91.1800	-49.2000
7136.4043	90.0100	-44.5000
7256.0122	89.3600	-38.2000
7377.6250	89.1500	-32.1000
7501.2759	89.2200	-26.9000
7626.9990	89.5400	-22.7000
7754.8291	90.0500	-20.1000
7884.8022	90.5500	-19.3000
8016.9531	90.9200	-18.7000
8151.3193	91.3100	-17.7000
8287.9375	91.6800	-17.0000
8426.8457	91.9700	-15.1000
8568.0811	92.5200	-11.1000
8711.6846	93.7400	-7.4000
8857.6943	95.5100	-7.5000
9006.1514	97.4300	-13.0000
9157.0967	99.0700	-23.7000
9310.5723	100.0400	-36.9000
9466.6191	100.4900	-50.2000
9625.2822	100.4700	-63.3000
9786.6045	99.9800	-75.9000
9950.6309	98.8600	-86.4000
10117.4050	97.4600	-91.8000
10286.9760	96.3000	-93.6000
10459.3880	95.3700	-93.0000
10634.6900	94.8400	-90.0000
10812.9300	94.9500	-86.2000
10994.1570	95.6800	-84.6000
11178.4220	96.8500	-86.2000
11365.7750	98.4500	-93.4000
11556.2680	99.6100	-110.4000
11749.9540	99.0100	-129.9000
11946.8860	97.4400	-142.9000
12147.1190	95.5300	-151.1000
12350.7080	93.5600	-151.5000
12557.7080	92.5700	-147.2000
12768.1790	92.5400	-145.4000
12982.1770	92.6300	-148.4000
13199.7610	92.4100	-153.6000
13420.9920	91.9700	-159.2000
13645.9310	91.2500	-164.5000
13874.6410	90.4500	-168.8000
14107.1830	89.5100	-172.5000
14343.6230	88.6100	-174.9000
14584.0250	87.4400	-177.0000
14828.4570	86.2200	-173.8000
15076.9860	85.8700	-167.3000
15329.6800	86.5500	-163.1000
15586.6090	87.6500	-165.8000
15847.8440	88.2700	-174.4000
16113.4580	88.0100	175.9000
16383.5240	87.1700	168.2000
16658.1150	86.3100	163.8000
16937.3110	85.4900	161.8000
17221.1840	85.1300	162.0000
17509.8140	85.4200	160.3000
17803.2830	85.7900	153.9000
18101.6700	85.6600	143.1000
18405.0590	84.5500	132.5000
18713.5310	82.8400	127.6000
19027.1760	81.5300	129.8000
19346.0760	81.3400	133.3000