19.8660	75.8900	171.4000
20.1989	76.2700	169.6000
20.5375	76.7000	168.2000
20.8817	77.2000	167.2000
21.2317	77.7300	166.4000
21.5875	78.2100	165.5000
21.9493	78.5700	164.1000
22.3172	78.8200	161.7000
22.6913	78.9900	158.4000
23.0716	79.1000	155.0000
23.4583	79.1500	152.3000
23.8514	79.1600	150.5000
24.2512	79.1500	149.2000
24.6576	79.1600	148.1000
25.0709	79.2000	146.9000
25.4911	79.3100	145.6000
25.9183	79.4800	144.3000
26.3527	79.6700	143.1000
26.7944	79.8600	142.0000
27.2435	80.0400	141.1000
27.7001	80.2200	140.1000
28.1644	80.3900	138.9000
28.6364	80.5600	137.6000
29.1164	80.7300	136.3000
29.6044	80.9000	135.0000
30.1005	81.0600	133.6000
30.6050	81.2200	132.4000
31.1180	81.3800	131.2000
31.6395	81.5300	130.1000
32.1698	81.6900	129.0000
32.7090	81.8500	127.9000
33.2572	82.0200	126.8000
33.8146	82.2000	125.6000
34.3813	82.3900	124.4000
34.9576	82.5800	123.2000
35.5435	82.7600	121.9000
36.1392	82.9300	120.6000
36.7449	83.1000	119.2000
37.3607	83.2700	117.8000
37.9869	83.4500	116.4000
38.6236	83.6300	115.2000
39.2709	83.8000	113.9000
39.9291	83.9700	112.5000
40.5983	84.1200	111.0000
41.2788	84.2800	109.6000
41.9706	84.4400	108.2000
42.6741	84.6000	106.8000
43.3893	84.7700	105.3000
44.1165	84.9500	103.6000
44.8559	85.1000	101.6000
45.6077	85.1800	99.3000
46.3721	85.1800	96.8000
47.1493	85.1000	94.7000
47.9395	84.9600	93.2000
48.7430	84.8200	92.6000
49.5600	84.7500	92.5000
50.3906	84.7600	92.4000
51.2351	84.8400	92.4000
52.0939	84.9400	92.1000
52.9670	85.0600	91.7000
53.8547	85.1900	91.2000
54.7573	85.3200	90.7000
55.6751	85.4600	90.1000
56.6082	85.6000	89.5000
57.5570	85.7500	89.0000
58.5216	85.9600	88.5000
59.5025	86.2200	87.7000
60.4997	86.4100	86.2000
61.5137	86.5000	84.4000
62.5447	86.5400	82.9000
63.5930	86.5800	81.9000
64.6588	86.6400	81.0000
65.7425	86.7200	80.2000
66.8444	86.8000	79.4000
67.9647	86.9000	78.7000
69.1038	87.0000	77.9000
70.2620	87.1100	77.1000
71.4396	87.2100	76.3000
72.6370	87.3200	75.4000
73.8544	87.4300	74.5000
75.0922	87.5300	73.5000
76.3508	87.6400	72.6000
77.6304	87.7300	71.6000
78.9315	87.8300	70.7000
80.2544	87.9200	69.8000
81.5995	88.0100	68.8000
82.9672	88.1100	67.9000
84.3577	88.2100	66.9000
85.7716	88.3000	65.8000
87.2091	88.3800	64.8000
88.6707	88.4500	63.7000
90.1569	88.5100	62.5000
91.6680	88.5600	61.5000
93.2043	88.6100	60.5000
94.7665	88.6600	59.5000
96.3548	88.7100	58.6000
97.9697	88.7500	57.6000
99.6117	88.7900	56.7000
101.2812	88.8200	55.8000
102.9787	88.8400	54.9000
104.7047	88.8600	54.1000
106.4595	88.8900	53.4000
108.2438	88.9300	52.7000
110.0580	88.9800	51.9000
111.9026	89.0300	51.1000
113.7781	89.0800	50.1000
115.6851	89.0900	49.1000
117.6240	89.0800	48.2000
119.5954	89.0400	47.5000
121.5998	89.0300	47.1000
123.6379	89.0500	46.6000
125.7101	89.0800	46.1000
127.8170	89.1000	45.5000
129.9592	89.1300	45.0000
132.1374	89.1500	44.5000
134.3520	89.1800	44.0000
136.6038	89.2100	43.6000
138.8933	89.2600	43.1000
141.2212	89.3000	42.5000
143.5881	89.3400	42.0000
145.9947	89.3900	41.4000
148.4416	89.4300	40.8000
150.9295	89.4700	40.1000
153.4591	89.5000	39.4000
156.0312	89.5200	38.6000
158.6463	89.5200	37.9000
161.3052	89.5100	37.3000
164.0087	89.4900	36.8000
166.7576	89.4800	36.4000
169.5525	89.4800	36.1000
172.3942	89.5100	35.9000
175.2836	89.5500	35.5000
178.2214	89.6000	35.1000
181.2084	89.6400	34.5000
184.2455	89.6600	33.9000
187.3335	89.6700	33.3000
190.4733	89.6700	32.8000
193.6656	89.6800	32.3000
196.9115	89.6900	31.8000
200.2118	89.6900	31.3000
203.5674	89.6900	30.9000
206.9792	89.6900	30.4000
210.4483	89.6900	30.0000
213.9754	89.7000	29.6000
217.5617	89.7100	29.2000
221.2081	89.7200	28.7000
224.9156	89.7200	28.2000
228.6852	89.7100	27.7000
232.5181	89.6900	27.3000
236.4151	89.6700	27.0000
240.3775	89.6600	26.6000
244.4063	89.6400	26.3000
248.5026	89.6200	26.0000
252.6676	89.6000	25.7000
256.9023	89.5800	25.5000
261.2081	89.5600	25.2000
265.5860	89.5400	25.1000
270.0373	89.5400	25.0000
274.5632	89.5400	24.9000
279.1649	89.5500	24.7000
283.8438	89.5500	24.4000
288.6011	89.5400	24.2000
293.4381	89.5400	24.1000
298.3562	89.5500	23.9000
303.3567	89.5700	23.6000
308.4410	89.5900	23.3000
313.6106	89.5800	22.8000
318.8668	89.5600	22.4000
324.2111	89.5200	22.1000
329.6449	89.4700	21.9000
335.1698	89.4200	21.8000
340.7874	89.3800	21.7000
346.4991	89.3500	21.8000
352.3065	89.3300	21.8000
358.2112	89.3200	21.8000
364.2149	89.3000	21.8000
370.3193	89.2800	21.7000
376.5259	89.2600	21.7000
382.8366	89.2300	21.8000
389.2530	89.2000	22.0000
395.7770	89.2000	22.2000
402.4103	89.2100	22.5000
409.1548	89.2400	22.7000
416.0123	89.2700	22.8000
422.9848	89.3000	22.8000
430.0741	89.3300	22.8000
437.2823	89.3600	22.8000
444.6112	89.4100	22.8000
452.0630	89.4600	22.7000
459.6397	89.5100	22.3000
467.3434	89.5300	21.9000
475.1762	89.5200	21.5000
483.1402	89.5000	21.2000
491.2378	89.4700	20.9000
499.4710	89.4400	20.8000
507.8423	89.4000	20.8000
516.3539	89.3700	20.8000
525.0081	89.3600	21.0000
533.8074	89.3600	21.0000
542.7541	89.3800	21.0000
551.8508	89.3800	20.8000
561.0999	89.3700	20.7000
570.5041	89.3400	20.6000
580.0659	89.3200	20.9000
589.7879	89.2900	20.8000
599.6729	89.2100	20.5000
609.7236	89.0800	20.2000
619.9427	88.9100	20.1000
630.3331	88.7400	20.5000
640.8976	88.6000	20.9000
651.6392	88.4300	21.6000
662.5609	88.2700	22.8000
673.6656	88.2300	24.6000
684.9564	88.3400	26.3000
696.4364	88.5200	27.3000
708.1088	88.7200	27.9000
719.9769	88.9900	28.0000
732.0439	89.2800	27.1000
744.3131	89.4700	25.1000
756.7880	89.5000	22.6000
769.4720	89.3600	20.1000
782.3685	89.0700	18.4000
795.4812	88.6700	18.1000
808.8137	88.3100	19.5000
822.3696	88.1500	21.9000
836.1527	88.2400	24.2000
850.1668	88.4500	25.6000
864.4158	88.6300	26.6000
878.9036	88.8800	27.9000
893.6343	89.3600	28.9000
908.6118	89.9400	27.8000
923.8404	90.3200	24.4000
939.3242	90.3100	20.5000
955.0675	90.0600	18.1000
971.0746	89.8400	17.2000
987.3501	89.6900	16.7000
1003.8983	89.5900	16.3000
1020.7239	89.5600	15.9000
1037.8315	89.5200	14.7000
1055.2258	89.3100	13.2000
1072.9116	88.9500	12.7000
1090.8939	88.6000	13.5000
1109.1775	88.3800	15.3000
1127.7676	88.3200	16.9000
1146.6693	88.2800	18.0000
1165.8877	88.2100	19.6000
1185.4283	88.2800	21.8000
1205.2964	88.5400	23.4000
1225.4974	88.8400	23.9000
1246.0371	89.1000	23.5000
1266.9209	89.2500	22.6000
1288.1549	89.3000	21.7000
1309.7446	89.3200	21.2000
1331.6963	89.3400	20.8000
1354.0158	89.3500	20.1000
1376.7095	89.2600	19.5000
1399.7835	89.1400	19.8000
1423.2442	89.1100	20.2000
1447.0981	89.0600	20.5000
1471.3518	89.0100	21.2000
1496.0120	89.0400	22.3000
1521.0856	89.2000	23.3000
1546.5793	89.4100	23.3000
1572.5004	89.5500	22.7000
1598.8559	89.6000	21.7000
1625.6531	89.5000	20.7000
1652.8994	89.2800	20.7000
1680.6024	89.1100	22.3000
1708.7697	89.1500	24.4000
1737.4091	89.3700	26.4000
1766.5285	89.7600	27.4000
1796.1360	90.1900	27.1000
1826.2397	90.5100	25.3000
1856.8479	90.6500	22.8000
1887.9691	90.5900	20.2000
1919.6120	90.3000	18.4000
1951.7851	89.8800	18.6000
1984.4975	89.6800	20.9000
2017.7582	89.8000	22.8000
2051.5763	90.0200	23.3000
2085.9612	90.1700	23.1000
2120.9224	90.2400	22.4000
2156.4696	90.1600	21.6000
2192.6126	89.9300	22.0000
2229.3613	89.8200	24.2000
2266.7259	90.0300	26.7000
2304.7168	90.4000	27.6000
2343.3444	90.6400	27.2000
2382.6195	90.7300	26.9000
2422.5528	90.8100	27.7000
2463.1553	91.0700	29.1000
2504.4384	91.5200	29.8000
2546.4134	92.0200	29.0000
2589.0919	92.4100	26.9000
2632.4858	92.6000	24.3000
2676.6069	92.6500	22.2000
2721.4674	92.7300	20.8000
2767.0799	92.8700	19.2000
2813.4568	92.9500	16.8000
2860.6111	92.8800	14.2000
2908.5556	92.6800	12.3000
2957.3037	92.4300	11.4000
3006.8689	92.2500	11.2000
3057.2647	92.1500	11.1000
3108.5052	92.0900	10.8000
3160.6045	92.0000	10.6000
3213.5770	91.9000	10.5000
3267.4374	91.8100	10.6000
3322.2004	91.7000	10.9000
3377.8813	91.6000	12.0000
3434.4954	91.6700	13.7000
3492.0584	91.9200	14.9000
3550.5862	92.2300	15.1000
3610.0949	92.5000	14.6000
3670.6009	92.7700	13.9000
3732.1211	93.1200	12.4000
3794.6724	93.3700	9.2000
3858.2720	93.3100	5.1000
3922.9376	92.8700	2.3000
3988.6870	92.3400	2.4000
4055.5384	92.0900	4.3000
4123.5102	92.1200	5.8000
4192.6212	92.2400	6.3000
4262.8906	92.3500	6.2000
4334.3377	92.4000	5.8000
4406.9822	92.4000	5.6000
4480.8443	92.3900	5.7000
4555.9444	92.3900	6.0000
4632.3031	92.4000	6.7000
4709.9417	92.4600	8.0000
4788.8814	92.6800	9.8000
4869.1443	93.0900	11.4000
4950.7523	93.6900	12.4000
5033.7281	94.4400	12.1000
5118.0947	95.2400	10.0000
5203.8752	95.9500	5.9000
5291.0934	96.5100	0.4000
5379.7734	96.8500	-6.3000
5469.9397	96.9300	-13.5000
5561.6173	96.7800	-20.7000
5654.8313	96.4100	-27.4000
5749.6077	95.8800	-33.2000
5845.9725	95.2100	-38.6000
5943.9525	94.3300	-42.8000
6043.5746	93.2700	-44.9000
6144.8664	92.2700	-44.7000
6247.8558	91.4300	-43.3000
6352.5714	90.7900	-41.1000
6459.0421	90.3400	-39.4000
6567.2972	89.7900	-37.5000
6677.3667	89.5500	-33.2000
6789.2810	89.7400	-31.9000
6903.0710	89.5100	-32.7000
7018.7682	89.1000	-30.5000
7136.4045	89.1400	-27.5000
7256.0123	89.3200	-26.4000
7377.6249	89.4000	-26.2000
7501.2757	89.3500	-25.9000
7626.9989	89.3600	-24.1000
7754.8293	89.6700	-22.3000
7884.8021	90.1500	-21.9000
8016.9533	90.6100	-23.3000
8151.3194	91.0400	-25.4000
8287.9375	91.4100	-29.3000
8426.8454	91.4900	-34.3000
8568.0814	91.2300	-39.0000
8711.6845	90.7700	-42.0000
8857.6945	90.2400	-43.3000
9006.1516	89.8500	-42.8000
9157.0969	89.7600	-41.0000
9310.5721	90.2200	-40.5000
9466.6196	90.7500	-44.1000
9625.2825	90.8500	-50.5000
9786.6046	90.4600	-56.9000
9950.6305	89.7100	-61.2000
10117.4050	88.8400	-62.3000
10286.9760	88.3400	-60.5000
10459.3880	88.4100	-60.0000
10634.6900	88.6800	-62.7000
10812.9300	88.7400	-68.3000
10994.1570	88.4800	-75.2000
11178.4220	87.7800	-81.9000
11365.7750	86.6800	-86.6000
11556.2680	85.5100	-87.7000
11749.9540	84.7300	-88.7000
11946.8860	83.9700	-91.8000
12147.1190	82.8700	-95.3000
12350.7080	81.3400	-96.8000
12557.7080	79.5000	-94.0000
12768.1790	77.6500	-86.4000
12982.1770	76.3600	-74.6000
13199.7610	76.0800	-61.7000
13420.9920	76.8400	-51.8000
13645.9310	77.7000	-48.9000
13874.6410	78.0000	-48.6000
14107.1830	78.0500	-47.5000
14343.6230	78.2300	-45.7000
14584.0250	78.6100	-44.9000
14828.4570	79.0700	-46.4000
15076.9860	79.2200	-49.9000
15329.6800	79.0000	-52.6000
15586.6090	78.7200	-53.6000
15847.8440	78.6100	-54.8000
16113.4580	78.3300	-56.9000
16383.5240	77.8900	-57.3000
16658.1150	77.7600	-56.9000
16937.3100	77.7000	-58.6000
17221.1830	77.4200	-61.6000
17509.8140	76.8700	-63.7000
17803.2830	76.3600	-64.9000
18101.6700	75.7200	-66.1000
18405.0590	74.9800	-64.7000
18713.5320	74.4600	-62.0000
19027.1760	74.2800	-59.9000
19346.0760	74.3400	-60.0000
19670.3210	74.2100	-61.6000
20000.0000	74.1100	-61.7000