* This data was exported from DATS the Dayton Audio Test System
*
* Manufacturer:  
* Model:  
* Piston Diameter = 127.0 mm
* f(s)= 45.76 Hz
* R(e)= 6.29 Ohms
* Z(max)= 27.77 Ohms
* Q(ms)= 1.493
* Q(es)= 0.437
* Q(ts)= 0.338
* V(as)= 21.990 liters     (0.777 cubic feet)
* L(e)= 0.84 mH
* n(0)= 0.46 %
* SPL= 88.73 1W/1m
* M(ms)= 12.40 grams
* C(ms)= 0.98 mm/N
* BL= 7.16 
*
*
Freq            Impedance       Phase
1.029    	6.216    	1.619    
1.059    	6.216    	1.619    
1.091    	6.216    	1.619    
1.122    	6.216    	1.619    
1.155    	6.216    	1.619    
1.189    	6.216    	1.619    
1.224    	6.216    	1.619    
1.260    	6.216    	1.619    
1.297    	6.216    	1.619    
1.335    	6.290    	4.162    
1.374    	6.290    	4.162    
1.414    	6.290    	4.162    
1.456    	6.290    	4.162    
1.498    	6.290    	4.162    
1.542    	6.290    	4.162    
1.587    	6.290    	4.162    
1.634    	6.290    	4.162    
1.682    	6.290    	4.162    
1.731    	6.290    	4.162    
1.782    	6.290    	4.162    
1.834    	6.290    	4.162    
1.888    	6.290    	4.162    
1.943    	6.290    	4.162    
2.000    	6.364    	6.478    
2.059    	6.364    	6.478    
2.119    	6.364    	6.478    
2.181    	6.364    	6.478    
2.245    	6.364    	6.478    
2.311    	6.364    	6.478    
2.378    	6.364    	6.478    
2.448    	6.364    	6.478    
2.520    	6.364    	6.478    
2.594    	6.364    	6.478    
2.670    	6.429    	8.490    
2.748    	6.429    	8.490    
2.828    	6.429    	8.490    
2.911    	6.429    	8.490    
2.997    	6.429    	8.490    
3.084    	6.429    	8.490    
3.175    	6.429    	8.490    
3.268    	6.429    	8.490    
3.364    	6.518    	10.417    
3.462    	6.518    	10.417    
3.564    	6.518    	10.417    
3.668    	6.518    	10.417    
3.775    	6.518    	10.417    
3.886    	6.518    	10.417    
4.000    	6.609    	12.249    
4.117    	6.609    	12.249    
4.238    	6.609    	12.249    
4.362    	6.609    	12.249    
4.490    	6.609    	12.249    
4.621    	6.609    	12.249    
4.757    	6.711    	14.021    
4.896    	6.711    	14.021    
5.040    	6.711    	14.021    
5.187    	6.711    	14.021    
5.339    	6.828    	15.736    
5.496    	6.828    	15.736    
5.657    	6.828    	15.736    
5.823    	6.828    	15.736    
5.993    	6.957    	17.396    
6.169    	6.957    	17.396    
6.350    	6.957    	17.396    
6.536    	6.957    	17.396    
6.727    	7.098    	18.955    
6.924    	7.098    	18.955    
7.127    	7.098    	18.955    
7.336    	7.246    	20.494    
7.551    	7.246    	20.494    
7.772    	7.246    	20.494    
8.000    	7.407    	21.953    
8.234    	7.407    	21.953    
8.476    	7.407    	21.953    
8.724    	7.578    	23.340    
8.980    	7.578    	23.340    
9.243    	7.578    	23.340    
9.514    	7.756    	24.684    
9.792    	7.756    	24.684    
10.079    	7.946    	25.922    
10.375    	7.946    	25.922    
10.679    	8.146    	27.116    
10.992    	8.146    	27.116    
11.314    	8.354    	28.198    
11.645    	8.354    	28.198    
11.986    	8.576    	29.236    
12.338    	8.576    	29.236    
12.699    	8.807    	30.212    
13.071    	8.807    	30.212    
13.454    	9.052    	31.116    
13.849    	9.052    	31.116    
14.254    	9.306    	31.992    
14.672    	9.573    	32.800    
15.102    	9.573    	32.800    
15.545    	9.850    	33.534    
16.000    	10.130    	34.222    
16.469    	10.130    	34.222    
16.951    	10.428    	34.827    
17.448    	10.739    	35.386    
17.959    	11.054    	35.861    
18.486    	11.054    	35.861    
19.027    	11.385    	36.326    
19.585    	11.888    	36.835    
20.159    	12.069    	36.973    
20.749    	12.431    	37.186    
21.357    	12.795    	37.351    
21.983    	13.176    	37.476    
22.627    	13.578    	37.499    
23.290    	13.982    	37.438    
23.973    	14.402    	37.348    
24.675    	14.843    	37.171    
25.398    	15.296    	36.877    
26.143    	15.756    	36.541    
26.909    	16.240    	36.137    
27.697    	16.744    	35.639    
28.509    	17.245    	35.056    
29.344    	18.042    	34.101    
30.204    	18.864    	32.945    
31.089    	19.412    	32.107    
32.000    	20.283    	30.711    
32.938    	21.142    	29.130    
33.903    	22.006    	27.437    
34.896    	22.861    	25.554    
35.919    	23.663    	23.548    
36.971    	24.447    	21.394    
38.055    	25.246    	18.599    
39.170    	26.058    	15.208    
40.317    	26.486    	12.970    
41.499    	26.929    	10.204    
42.715    	27.387    	6.415    
43.967    	27.671    	2.582    
45.255    	27.773    	-1.210    
46.581    	27.695    	-4.861    
47.946    	27.440    	-8.320    
49.351    	27.033    	-11.554    
50.797    	26.496    	-14.558    
52.285    	25.871    	-17.320    
53.817    	25.003    	-20.457    
55.394    	24.093    	-23.288    
57.018    	23.355    	-25.322    
58.688    	22.279    	-27.967    
60.408    	21.431    	-29.805    
62.178    	20.625    	-31.390    
64.000    	19.873    	-32.664    
65.875    	19.021    	-33.917    
67.806    	18.214    	-34.897    
69.792    	17.453    	-35.677    
71.838    	16.741    	-36.311    
73.943    	16.090    	-36.837    
76.109    	15.481    	-37.284    
78.339    	14.858    	-37.664    
80.635    	14.385    	-37.815    
82.998    	13.894    	-37.796    
85.430    	13.439    	-37.650    
87.933    	13.023    	-37.461    
90.510    	12.589    	-37.254    
93.162    	12.211    	-36.969    
95.892    	11.857    	-36.578    
98.701    	11.560    	-36.199    
101.594    	11.236    	-35.734    
104.571    	10.917    	-35.186    
107.635    	10.655    	-34.716    
110.789    	10.409    	-34.283    
114.035    	10.193    	-33.840    
117.377    	9.960    	-33.263    
120.816    	9.725    	-32.646    
124.356    	9.486    	-32.001    
128.000    	9.302    	-31.359    
131.751    	9.131    	-30.609    
135.611    	8.937    	-29.724    
139.585    	8.778    	-29.047    
143.675    	8.627    	-28.330    
147.885    	8.492    	-27.551    
152.219    	8.353    	-26.653    
156.679    	8.217    	-25.770    
161.270    	8.108    	-24.981    
165.995    	8.001    	-24.143    
170.860    	7.899    	-23.316    
175.866    	7.799    	-22.441    
181.019    	7.720    	-21.636    
186.324    	7.644    	-20.800    
191.783    	7.561    	-19.883    
197.403    	7.490    	-19.038    
203.187    	7.428    	-18.213    
209.141    	7.369    	-17.315    
215.269    	7.314    	-16.463    
221.577    	7.265    	-15.653    
228.070    	7.220    	-14.809    
234.753    	7.181    	-13.993    
241.632    	7.143    	-13.192    
248.712    	7.106    	-12.354    
256.000    	7.074    	-11.549    
263.501    	7.046    	-10.731    
271.223    	7.021    	-9.901    
279.170    	7.002    	-9.157    
287.350    	6.983    	-8.331    
295.770    	6.966    	-7.550    
304.437    	6.955    	-6.805    
313.358    	6.948    	-6.015    
322.540    	6.943    	-5.270    
331.991    	6.937    	-4.525    
341.719    	6.934    	-3.804    
351.732    	6.935    	-3.046    
362.039    	6.938    	-2.338    
372.647    	6.942    	-1.647    
383.567    	6.947    	-0.944    
394.806    	6.954    	-0.237    
406.375    	6.963    	0.468    
418.282    	6.975    	1.140    
430.539    	6.989    	1.852    
443.155    	7.008    	2.555    
456.140    	7.028    	3.220    
469.506    	7.049    	3.875    
483.264    	7.073    	4.542    
497.424    	7.097    	5.198    
512.000    	7.125    	5.853    
527.003    	7.154    	6.531    
542.445    	7.186    	7.210    
558.340    	7.226    	7.917    
574.701    	7.290    	8.661    
591.541    	7.391    	9.115    
608.874    	7.447    	9.104    
626.715    	7.440    	9.222    
645.080    	7.420    	9.848    
663.982    	7.442    	10.595    
683.438    	7.476    	11.248    
703.464    	7.520    	11.867    
724.077    	7.568    	12.456    
745.294    	7.616    	13.028    
767.133    	7.670    	13.606    
789.612    	7.728    	14.142    
812.749    	7.785    	14.629    
836.565    	7.838    	15.132    
861.078    	7.893    	15.648    
886.309    	7.954    	16.164    
912.280    	8.020    	16.660    
939.012    	8.088    	17.097    
966.527    	8.147    	17.523    
994.849    	8.202    	18.013    
1024.000    	8.268    	18.560    
1054.005    	8.348    	19.081    
1084.890    	8.432    	19.555    
1116.680    	8.516    	19.997    
1149.401    	8.605    	20.421    
1183.081    	8.693    	20.824    
1217.748    	8.785    	21.203    
1253.431    	8.881    	21.551    
1290.159    	8.983    	21.884    
1327.964    	9.087    	22.131    
1366.876    	9.174    	22.312    
1406.929    	9.249    	22.565    
1448.155    	9.342    	22.931    
1490.589    	9.452    	23.173    
1534.266    	9.549    	23.300    
1579.224    	9.627    	23.406    
1625.499    	9.698    	23.554    
1673.129    	9.766    	23.745    
1722.156    	9.832    	23.966    
1772.619    	9.896    	24.227    
1824.561    	9.958    	24.524    
1878.024    	10.022    	24.864    
1933.055    	10.088    	25.228    
1989.697    	10.160    	25.637    
2048.000    	10.239    	26.081    
2108.011    	10.329    	26.557    
2169.780    	10.430    	27.030    
2233.360    	10.543    	27.469    
2298.802    	10.659    	27.876    
2366.162    	10.779    	28.268    
2435.496    	10.902    	28.640    
2506.862    	11.030    	28.992    
2580.318    	11.165    	29.328    
2655.927    	11.299    	29.645    
2733.752    	11.434    	29.955    
2813.857    	11.573    	30.256    
2896.309    	11.712    	30.537    
2981.178    	11.855    	30.817    
3068.533    	12.001    	31.097    
3158.448    	12.151    	31.361    
3250.997    	12.303    	31.613    
3346.259    	12.460    	31.845    
3444.312    	12.619    	32.063    
3545.238    	12.780    	32.259    
3649.121    	12.940    	32.437    
3756.049    	13.097    	32.596    
3866.109    	13.250    	32.759    
3979.395    	13.399    	32.933    
4096.000    	13.549    	33.144    
4216.022    	13.705    	33.391    
4339.561    	13.872    	33.642    
4466.720    	14.048    	33.875    
4597.605    	14.232    	34.087    
4732.325    	14.422    	34.287    
4870.992    	14.619    	34.472    
5013.723    	14.824    	34.618    
5160.637    	15.034    	34.694    
5311.855    	15.228    	34.659    
5467.504    	15.376    	34.620    
5627.714    	15.498    	34.758    
5792.619    	15.653    	35.066    
5962.355    	15.853    	35.356    
6137.066    	16.067    	35.558    
6316.896    	16.279    	35.706    
6501.995    	16.484    	35.812    
6692.518    	16.676    	35.924    
6888.623    	16.866    	36.080    
7090.476    	17.074    	36.267    
7298.242    	17.292    	36.437    
7512.097    	17.516    	36.569    
7732.218    	17.736    	36.667    
7958.790    	17.941    	36.772    
8192.000    	18.145    	36.931    
8432.044    	18.365    	37.109    
8679.122    	18.597    	37.264    
8933.439    	18.831    	37.402    
9195.209    	19.061    	37.536    
9464.649    	19.291    	37.680    
9741.985    	19.526    	37.833    
10027.447    	19.768    	37.976    
10321.273    	20.013    	38.103    
10623.710    	20.255    	38.239    
10935.008    	20.497    	38.390    
11255.428    	20.745    	38.547    
11585.238    	21.000    	38.699    
11924.711    	21.256    	38.850    
12274.132    	21.516    	39.006    
12633.791    	21.779    	39.170    
13003.989    	22.048    	39.337    
13385.035    	22.321    	39.504    
13777.247    	22.598    	39.671    
14180.951    	22.878    	39.840    
14596.485    	23.163    	40.012    
15024.194    	23.454    	40.183    
15464.437    	23.749    	40.353    
15917.579    	24.045    	40.524    
16384.000    	24.344    	40.702    
16864.088    	24.649    	40.888    
17358.243    	24.958    	41.076    
17866.879    	25.274    	41.270    
18390.418    	25.597    	41.465    
18929.299    	25.922    	41.662    
19483.969    	26.210    	41.872    
20054.893    	26.211    	42.090    
20642.546    	24.975    	41.947    
