20.1989	64.4900	123.0000
20.5375	64.5400	122.4000
20.8817	64.5900	121.9000
21.2317	64.6600	121.3000
21.5875	64.7400	120.8000
21.9493	64.8300	120.2000
22.3172	64.9400	119.6000
22.6913	65.0700	119.1000
23.0716	65.2300	118.5000
23.4583	65.4100	117.9000
23.8514	65.6100	117.4000
24.2512	65.8400	116.8000
24.6576	66.0900	116.2000
25.0709	66.3800	115.6000
25.4911	66.7000	115.1000
25.9183	67.0600	114.5000
26.3527	67.4600	113.9000
26.7944	67.9100	113.4000
27.2435	68.3900	112.8000
27.7001	68.9000	112.2000
28.1644	69.4300	111.7000
28.6364	69.9800	111.1000
29.1164	70.5300	110.5000
29.6044	71.0700	110.0000
30.1005	71.6200	109.4000
30.6050	72.1600	108.8000
31.1180	72.7000	108.3000
31.6395	73.2200	107.7000
32.1698	73.7300	107.1000
32.7090	74.2200	106.6000
33.2572	74.6800	106.0000
33.8146	75.1100	105.5000
34.3813	75.5000	104.9000
34.9576	75.8500	104.4000
35.5435	76.1600	103.8000
36.1392	76.4200	103.3000
36.7449	76.6500	102.7000
37.3607	76.8200	102.2000
37.9869	76.9500	101.6000
38.6236	77.0400	101.1000
39.2709	77.1000	100.5000
39.9291	77.1300	100.0000
40.5983	77.1400	99.4000
41.2788	77.1400	98.9000
41.9706	77.1600	98.3000
42.6741	77.2000	97.8000
43.3893	77.2900	97.2000
44.1165	77.4100	96.6000
44.8559	77.5900	96.1000
45.6077	77.8100	95.6000
46.3721	78.0800	95.0000
47.1493	78.3700	94.5000
47.9395	78.6800	93.9000
48.7430	78.9900	93.4000
49.5600	79.2800	92.8000
50.3906	79.5400	92.3000
51.2351	79.7600	91.7000
52.0939	79.9600	91.2000
52.9670	80.1400	90.6000
53.8547	80.3300	90.0000
54.7573	80.5400	89.5000
55.6751	80.7800	88.9000
56.6082	81.0300	88.4000
57.5570	81.2900	87.8000
58.5216	81.5200	87.3000
59.5025	81.7100	86.7000
60.4997	81.8200	86.2000
61.5137	81.8700	85.6000
62.5447	81.8700	85.1000
63.5930	81.8300	84.5000
64.6588	81.8100	83.9000
65.7425	81.8500	83.4000
66.8444	81.9800	82.8000
67.9647	82.2300	82.2000
69.1038	82.5800	81.6000
70.2620	82.9900	81.1000
71.4396	83.4200	80.5000
72.6370	83.8000	79.9000
73.8544	84.1200	79.3000
75.0922	84.3400	78.7000
76.3508	84.4800	78.2000
77.6304	84.5300	77.6000
78.9315	84.5200	77.0000
80.2544	84.4600	76.4000
81.5995	84.3900	75.8000
82.9672	84.3400	75.1000
84.3577	84.3700	74.5000
85.7716	84.5400	73.9000
87.2091	84.8600	73.3000
88.6707	85.2600	72.7000
90.1569	85.6500	72.0000
91.6680	85.9700	71.4000
93.2043	86.1600	70.8000
94.7665	86.2100	70.1000
96.3548	86.1700	69.5000
97.9697	86.0700	68.9000
99.6117	85.9600	68.2000
101.2812	85.9000	67.6000
102.9787	85.9300	66.9000
104.7047	86.0500	66.2000
106.4595	86.2600	65.5000
108.2438	86.4800	64.9000
110.0580	86.6900	64.2000
111.9026	86.8300	63.5000
113.7781	86.9000	62.8000
115.6851	86.9000	62.1000
117.6240	86.8000	61.4000
119.5954	86.6700	60.7000
121.5998	86.6000	60.0000
123.6379	86.6700	59.3000
125.7101	86.8700	58.5000
127.8170	87.0800	57.8000
129.9592	87.2000	57.1000
132.1374	87.2000	56.3000
134.3520	87.1200	55.6000
136.6038	87.0300	54.8000
138.8933	87.0100	54.1000
141.2212	87.0800	53.3000
143.5881	87.1800	52.5000
145.9947	87.3100	51.8000
148.4416	87.4500	51.0000
150.9295	87.5200	50.2000
153.4591	87.4900	49.4000
156.0312	87.3800	48.6000
158.6463	87.3000	47.8000
161.3052	87.3300	47.0000
164.0087	87.4600	46.2000
166.7576	87.5700	45.4000
169.5525	87.5900	44.6000
172.3942	87.5200	43.7000
175.2836	87.4700	42.9000
178.2214	87.5000	42.1000
181.2084	87.6000	41.2000
184.2455	87.6900	40.4000
187.3335	87.7500	39.5000
190.4733	87.7600	38.7000
193.6656	87.7300	37.8000
196.9115	87.7300	37.0000
200.2118	87.8000	36.1000
203.5674	87.8900	35.3000
206.9792	87.9100	34.5000
210.4483	87.8100	33.7000
213.9754	87.7700	32.9000
217.5617	87.8500	32.1000
221.2081	87.9900	31.3000
224.9156	88.0200	30.5000
228.6852	87.9500	29.7000
232.5181	87.8700	28.9000
236.4151	87.8800	28.1000
240.3775	88.0600	27.4000
244.4063	88.0500	26.6000
248.5026	87.8300	25.8000
252.6676	87.8800	25.1000
256.9023	88.0400	24.4000
261.2081	88.0100	23.6000
265.5860	87.8800	22.9000
270.0373	87.7800	22.2000
274.5632	87.8300	21.6000
279.1649	87.9100	20.9000
283.8438	87.8200	20.3000
288.6011	87.8000	19.6000
293.4381	87.9200	19.0000
298.3562	87.8900	18.3000
303.3567	87.8300	17.7000
308.4410	87.9000	17.2000
313.6106	88.0000	16.6000
318.8668	87.9800	16.1000
324.2111	87.8800	15.6000
329.6449	87.8700	15.2000
335.1699	87.8000	14.8000
340.7874	87.7200	14.4000
346.4991	87.7400	14.0000
352.3065	87.7200	13.7000
358.2112	87.6400	13.4000
364.2149	87.6400	13.2000
370.3192	87.6400	13.0000
376.5259	87.5700	12.8000
382.8365	87.5400	12.7000
389.2530	87.5000	12.6000
395.7770	87.4800	12.5000
402.4103	87.5000	12.4000
409.1548	87.4700	12.4000
416.0123	87.4300	12.4000
422.9848	87.4300	12.3000
430.0741	87.4000	12.3000
437.2823	87.3900	12.3000
444.6112	87.4000	12.3000
452.0630	87.4200	12.3000
459.6397	87.4400	12.3000
467.3434	87.4500	12.3000
475.1762	87.4700	12.3000
483.1402	87.4800	12.3000
491.2378	87.4900	12.3000
499.4710	87.5000	12.3000
507.8423	87.5200	12.3000
516.3539	87.5500	12.2000
525.0081	87.5800	12.1000
533.8074	87.6200	12.0000
542.7541	87.6600	11.8000
551.8508	87.7100	11.5000
561.0999	87.7600	11.2000
570.5041	87.8000	10.8000
580.0659	87.8500	10.3000
589.7880	87.8800	9.7000
599.6729	87.9100	9.0000
609.7236	87.9200	8.3000
619.9428	87.9100	7.5000
630.3331	87.8900	6.8000
640.8976	87.8600	6.1000
651.6392	87.8000	5.4000
662.5608	87.7400	4.8000
673.6656	87.6500	4.3000
684.9564	87.5600	3.9000
696.4364	87.4500	3.6000
708.1088	87.3400	3.6000
719.9769	87.2400	3.7000
732.0439	87.1400	3.9000
744.3132	87.0600	4.4000
756.7880	87.0000	5.0000
769.4720	86.9700	5.7000
782.3685	86.9800	6.5000
795.4812	87.0200	7.2000
808.8137	87.1000	7.9000
822.3696	87.2100	8.4000
836.1527	87.3500	8.8000
850.1668	87.5000	8.8000
864.4158	87.6600	8.7000
878.9036	87.8200	8.3000
893.6343	87.9600	7.6000
908.6118	88.0700	6.8000
923.8403	88.1600	5.8000
939.3242	88.2100	4.7000
955.0674	88.2200	3.5000
971.0747	88.2000	2.4000
987.3501	88.1300	1.4000
1003.8983	88.0400	0.5000
1020.7239	87.9200	-0.1000
1037.8315	87.7900	-0.4000
1055.2258	87.6600	-0.5000
1072.9116	87.5500	-0.3000
1090.8939	87.4600	0.2000
1109.1775	87.4100	0.8000
1127.7676	87.4000	1.5000
1146.6693	87.4400	2.2000
1165.8877	87.5200	2.8000
1185.4283	87.6200	3.2000
1205.2964	87.7400	3.4000
1225.4974	87.8600	3.4000
1246.0371	87.9900	3.3000
1266.9209	88.1100	3.1000
1288.1549	88.2300	2.8000
1309.7446	88.3400	2.4000
1331.6963	88.4600	2.1000
1354.0157	88.5800	1.7000
1376.7095	88.7200	1.2000
1399.7834	88.8600	0.7000
1423.2441	89.0200	0.0000
1447.0981	89.1800	-0.8000
1471.3518	89.3400	-1.8000
1496.0120	89.5000	-3.0000
1521.0856	89.6500	-4.4000
1546.5793	89.7900	-6.0000
1572.5004	89.9000	-7.7000
1598.8560	89.9900	-9.5000
1625.6531	90.0500	-11.5000
1652.8994	90.0800	-13.5000
1680.6024	90.0900	-15.6000
1708.7697	90.0600	-17.7000
1737.4091	90.0000	-19.9000
1766.5284	89.9100	-22.0000
1796.1360	89.7900	-24.2000
1826.2397	89.6200	-26.3000
1856.8479	89.4100	-28.3000
1887.9691	89.1500	-30.1000
1919.6121	88.8600	-31.7000
1951.7852	88.5400	-32.9000
1984.4976	88.2100	-33.8000
2017.7582	87.8900	-34.4000
2051.5764	87.5800	-34.7000
2085.9612	87.3000	-34.8000
2120.9224	87.0300	-34.9000
2156.4695	86.7400	-35.0000
2192.6125	86.4400	-34.8000
2229.3613	86.1200	-34.2000
2266.7258	85.8200	-33.1000
2304.7168	85.5800	-31.5000
2343.3445	85.4400	-29.7000
2382.6194	85.3800	-27.9000
2422.5527	85.3700	-26.3000
2463.1553	85.3800	-24.8000
2504.4385	85.4300	-22.9000
2546.4133	85.5900	-20.8000
2589.0918	85.9100	-18.8000
2632.4858	86.4000	-17.6000
2676.6069	86.9800	-17.8000
2721.4673	87.5300	-19.5000
2767.0798	87.9500	-22.5000
2813.4568	88.1800	-26.0000
2860.6111	88.2300	-29.6000
2908.5557	88.1400	-32.7000
2957.3037	87.9900	-35.1000
3006.8689	87.8400	-36.9000
3057.2646	87.7300	-38.4000
3108.5051	87.6800	-40.1000
3160.6045	87.6400	-42.3000
3213.5769	87.5500	-44.9000
3267.4375	87.3600	-47.9000
3322.2004	87.0800	-50.6000
3377.8813	86.7300	-53.2000
3434.4954	86.3300	-55.4000
3492.0583	85.8900	-57.3000
3550.5862	85.3900	-59.0000
3610.0950	84.8500	-60.3000
3670.6008	84.2500	-61.3000
3732.1211	83.5600	-61.6000
3794.6724	82.7900	-61.1000
3858.2720	82.0000	-59.0000
3922.9375	81.3000	-55.6000
3988.6870	80.7400	-51.4000
4055.5383	80.2800	-46.6000
4123.5103	79.9500	-41.0000
4192.6211	79.8200	-34.6000
4262.8906	79.9400	-27.9000
4334.3379	80.3900	-21.3000
4406.9824	81.2000	-16.2000
4480.8442	82.1900	-13.5000
4555.9443	83.1400	-12.9000
4632.3032	84.0100	-13.7000
4709.9419	84.8200	-15.7000
4788.8813	85.4800	-19.1000
4869.1445	85.8900	-23.3000
4950.7524	86.0600	-27.5000
5033.7280	86.0400	-31.1000
5118.0947	85.8600	-34.2000
5203.8750	85.5500	-36.3000
5291.0933	85.2100	-37.4000
5379.7734	84.8700	-37.7000
5469.9399	84.5200	-37.1000
5561.6172	84.2400	-35.0000
5654.8315	84.1400	-31.9000
5749.6079	84.2000	-28.2000
5845.9727	84.4300	-23.7000
5943.9526	84.8600	-18.5000
6043.5747	85.6000	-12.2000
6144.8662	86.9500	-6.2000
6247.8560	88.8200	-3.2000
6352.5713	91.0200	-3.5000
6459.0420	93.8000	-8.7000
6567.2974	96.7400	-24.4000
6677.3667	98.5800	-50.6000
6789.2808	98.4000	-81.1000
6903.0708	96.0000	-107.1000
7018.7681	92.2500	-119.3000
7136.4043	88.9700	-117.3000
7256.0122	86.6400	-110.0000
7377.6250	84.8500	-98.5000
7501.2759	84.0800	-83.0000
7626.9990	84.5200	-68.2000
7754.8291	85.8600	-57.9000
7884.8022	87.6200	-52.5000
8016.9531	89.5100	-51.5000
8151.3193	91.4100	-54.1000
8287.9375	93.3400	-59.4000
8426.8457	95.4500	-69.2000
8568.0811	97.1500	-86.5000
8711.6846	97.5700	-107.4000
8857.6943	96.8500	-125.3000
9006.1514	95.6500	-138.3000
9157.0967	94.2000	-147.3000
9310.5723	92.6300	-151.7000
9466.6191	91.3000	-151.3000
9625.2822	90.6500	-147.8000
9786.6045	90.8300	-144.4000
9950.6309	91.8000	-143.3000
10117.4050	93.5500	-149.2000
10286.9760	94.8800	-168.2000
10459.3880	94.3600	170.3000
10634.6900	92.0400	152.2000
10812.9300	89.1800	146.1000
10994.1570	86.8000	150.7000
11178.4220	85.9000	162.2000
11365.7750	86.7700	172.4000
11556.2680	89.0000	172.3000
11749.9540	91.4400	157.6000
11946.8860	92.1500	127.1000
12147.1190	88.9200	96.2000
12350.7080	83.4700	92.3000
12557.7080	80.6400	111.2000
12768.1790	81.3200	126.0000
12982.1770	82.7000	126.3000
13199.7610	83.3600	120.0000
13420.9920	83.4600	112.0000
13645.9310	83.1100	104.2000
13874.6410	82.7700	97.1000
14107.1830	82.1500	89.6000
14343.6230	81.3100	84.3000
14584.0250	80.6200	81.2000
14828.4570	80.4700	80.5000
15076.9860	81.6100	76.0000
15329.6800	82.1900	57.6000
15586.6090	80.7500	39.3000
15847.8440	78.4200	29.1000
16113.4580	76.1300	27.9000
16383.5240	74.6300	33.9000
16658.1150	74.8700	44.3000
16937.3110	77.5100	46.7000
17221.1840	80.0800	28.4000
17509.8140	80.0200	3.3000
17803.2830	78.5400	-13.0000
18101.6700	77.4100	-19.0000
18405.0590	78.4000	-25.8000
18713.5310	78.9800	-53.0000
19027.1760	76.4000	-76.2000
19346.0760	73.6500	-84.8000