20.1989	61.9800	127.8000
20.5375	63.1900	127.2000
20.8817	64.3400	126.7000
21.2317	65.3800	126.1000
21.5875	66.2400	125.5000
21.9493	66.8900	125.0000
22.3172	67.3400	124.4000
22.6913	67.6200	123.8000
23.0716	67.7900	123.2000
23.4583	67.9000	122.6000
23.8514	67.9900	122.1000
24.2512	68.0800	121.5000
24.6576	68.1900	120.9000
25.0709	68.3500	120.3000
25.4911	68.5500	119.7000
25.9183	68.8200	119.1000
26.3527	69.1400	118.5000
26.7944	69.5200	118.0000
27.2435	69.9300	117.4000
27.7001	70.3800	116.8000
28.1644	70.8300	116.2000
28.6364	71.2900	115.6000
29.1164	71.7700	115.0000
29.6044	72.2600	114.4000
30.1005	72.7700	113.8000
30.6050	73.2800	113.3000
31.1180	73.7800	112.7000
31.6395	74.2700	112.1000
32.1698	74.7400	111.5000
32.7090	75.2000	110.9000
33.2572	75.6400	110.3000
33.8146	76.0600	109.8000
34.3813	76.4400	109.2000
34.9576	76.7900	108.6000
35.5435	77.1000	108.0000
36.1392	77.3800	107.4000
36.7449	77.6300	106.8000
37.3607	77.8500	106.3000
37.9869	78.0100	105.7000
38.6236	78.1200	105.1000
39.2709	78.1800	104.5000
39.9291	78.2200	104.0000
40.5983	78.2200	103.4000
41.2788	78.2000	102.8000
41.9706	78.1600	102.2000
42.6741	78.0900	101.7000
43.3893	78.0000	101.1000
44.1165	77.9300	100.5000
44.8559	77.9400	99.9000
45.6077	78.1200	99.3000
46.3721	78.4800	98.8000
47.1493	78.8800	98.2000
47.9395	79.2500	97.6000
48.7430	79.5900	97.0000
49.5600	79.9100	96.5000
50.3906	80.2100	95.9000
51.2351	80.4700	95.3000
52.0939	80.7000	94.7000
52.9670	80.8900	94.2000
53.8547	81.0700	93.6000
54.7573	81.2500	93.0000
55.6751	81.4400	92.4000
56.6082	81.6500	91.9000
57.5570	81.8600	91.3000
58.5216	82.0600	90.7000
59.5025	82.2300	90.1000
60.4997	82.3900	89.6000
61.5137	82.5000	89.0000
62.5447	82.5600	88.4000
63.5930	82.5600	87.8000
64.6588	82.5300	87.2000
65.7425	82.5100	86.6000
66.8444	82.5300	86.0000
67.9647	82.6400	85.5000
69.1038	82.8600	84.9000
70.2620	83.1600	84.3000
71.4396	83.5100	83.7000
72.6370	83.8800	83.1000
73.8544	84.2200	82.5000
75.0922	84.5000	81.9000
76.3508	84.7100	81.3000
77.6304	84.8400	80.7000
78.9315	84.9000	80.1000
80.2544	84.8900	79.5000
81.5995	84.8400	78.8000
82.9672	84.7800	78.2000
84.3577	84.7600	77.6000
85.7716	84.8000	77.0000
87.2091	84.9700	76.4000
88.6707	85.2600	75.7000
90.1569	85.6300	75.1000
91.6680	85.9900	74.5000
93.2043	86.2900	73.8000
94.7665	86.4800	73.2000
96.3548	86.5700	72.5000
97.9697	86.5500	71.9000
99.6117	86.4800	71.2000
101.2812	86.4100	70.6000
102.9787	86.3700	69.9000
104.7047	86.3900	69.2000
106.4595	86.5000	68.6000
108.2438	86.6800	67.9000
110.0580	86.8800	67.2000
111.9026	87.0600	66.5000
113.7781	87.2000	65.8000
115.6851	87.2700	65.1000
117.6240	87.2600	64.4000
119.5954	87.1900	63.7000
121.5998	87.0900	63.0000
123.6379	87.0400	62.3000
125.7101	87.1000	61.6000
127.8170	87.2500	60.9000
129.9592	87.4300	60.1000
132.1374	87.5500	59.4000
134.3520	87.5700	58.7000
136.6038	87.5400	57.9000
138.8933	87.5100	57.2000
141.2212	87.5200	56.4000
143.5881	87.5900	55.6000
145.9947	87.6800	54.9000
148.4416	87.7900	54.1000
150.9295	87.9000	53.3000
153.4591	87.9700	52.6000
156.0312	87.9800	51.8000
158.6463	87.9400	51.0000
161.3052	87.9100	50.2000
164.0087	87.9500	49.4000
166.7576	88.0500	48.6000
169.5525	88.1300	47.8000
172.3942	88.1500	47.0000
175.2836	88.1400	46.1000
178.2214	88.1400	45.3000
181.2084	88.2000	44.5000
184.2455	88.2900	43.7000
187.3335	88.3600	42.8000
190.4733	88.4100	42.0000
193.6656	88.4300	41.2000
196.9115	88.4400	40.3000
200.2118	88.4600	39.5000
203.5674	88.5200	38.7000
206.9792	88.5700	37.9000
210.4483	88.5600	37.1000
213.9754	88.5300	36.3000
217.5617	88.5500	35.5000
221.2081	88.6400	34.6000
224.9156	88.7100	33.9000
228.6852	88.7000	33.1000
232.5181	88.6500	32.3000
236.4151	88.6500	31.5000
240.3775	88.7100	30.7000
244.4063	88.7400	29.9000
248.5026	88.6900	29.1000
252.6676	88.6400	28.4000
256.9023	88.7300	27.6000
261.2081	88.7700	26.9000
265.5860	88.6700	26.2000
270.0373	88.6000	25.4000
274.5632	88.6100	24.8000
279.1649	88.6700	24.1000
283.8438	88.6500	23.4000
288.6011	88.6200	22.7000
293.4381	88.6800	22.0000
298.3562	88.7200	21.4000
303.3567	88.6900	20.7000
308.4410	88.7300	20.1000
313.6106	88.8000	19.5000
318.8668	88.8000	19.0000
324.2111	88.7300	18.5000
329.6449	88.6900	18.0000
335.1699	88.6500	17.5000
340.7874	88.5900	17.0000
346.4991	88.5900	16.6000
352.3065	88.5800	16.2000
358.2112	88.5400	15.9000
364.2149	88.5200	15.6000
370.3192	88.5200	15.3000
376.5259	88.4800	15.0000
382.8365	88.4400	14.8000
389.2530	88.4200	14.5000
395.7770	88.4000	14.3000
402.4103	88.4000	14.2000
409.1548	88.3900	14.0000
416.0123	88.3700	13.9000
422.9848	88.3500	13.8000
430.0741	88.3200	13.7000
437.2823	88.3000	13.6000
444.6112	88.3000	13.4000
452.0630	88.3200	13.3000
459.6397	88.3400	13.2000
467.3434	88.3400	13.1000
475.1762	88.3600	13.0000
483.1402	88.3700	12.9000
491.2378	88.3900	12.7000
499.4710	88.4000	12.6000
507.8423	88.4200	12.5000
516.3539	88.4400	12.3000
525.0081	88.4700	12.2000
533.8074	88.5000	12.0000
542.7541	88.5400	11.7000
551.8508	88.5700	11.4000
561.0999	88.6100	11.1000
570.5041	88.6400	10.7000
580.0659	88.6600	10.3000
589.7880	88.6900	9.8000
599.6729	88.7000	9.3000
609.7236	88.7000	8.8000
619.9428	88.6900	8.3000
630.3331	88.6700	7.8000
640.8976	88.6300	7.4000
651.6392	88.5900	7.0000
662.5608	88.5500	6.6000
673.6656	88.4900	6.4000
684.9564	88.4300	6.3000
696.4364	88.3800	6.3000
708.1088	88.3300	6.3000
719.9769	88.2900	6.5000
732.0439	88.2600	6.8000
744.3132	88.2500	7.2000
756.7880	88.2700	7.6000
769.4720	88.3100	8.0000
782.3685	88.3800	8.4000
795.4812	88.4600	8.7000
808.8137	88.5700	8.8000
822.3696	88.7000	8.8000
836.1527	88.8300	8.6000
850.1668	88.9600	8.2000
864.4158	89.0800	7.6000
878.9036	89.1900	6.8000
893.6343	89.2700	5.9000
908.6118	89.3300	4.8000
923.8403	89.3600	3.7000
939.3242	89.3500	2.6000
955.0674	89.3000	1.5000
971.0747	89.2200	0.5000
987.3501	89.1100	-0.3000
1003.8983	88.9800	-0.9000
1020.7239	88.8300	-1.2000
1037.8315	88.6900	-1.1000
1055.2258	88.5600	-0.8000
1072.9116	88.4600	-0.3000
1090.8939	88.4100	0.5000
1109.1775	88.4100	1.3000
1127.7676	88.4500	2.1000
1146.6693	88.5300	2.8000
1165.8877	88.6500	3.4000
1185.4283	88.7900	3.6000
1205.2964	88.9400	3.7000
1225.4974	89.0800	3.6000
1246.0371	89.2200	3.3000
1266.9209	89.3500	2.9000
1288.1549	89.4700	2.5000
1309.7446	89.5900	2.0000
1331.6963	89.7200	1.5000
1354.0157	89.8400	1.0000
1376.7095	89.9700	0.4000
1399.7834	90.1100	-0.4000
1423.2441	90.2500	-1.2000
1447.0981	90.3900	-2.1000
1471.3518	90.5300	-3.1000
1496.0120	90.6600	-4.2000
1521.0856	90.7900	-5.5000
1546.5793	90.9200	-6.9000
1572.5004	91.0400	-8.4000
1598.8560	91.1600	-10.0000
1625.6531	91.2700	-11.8000
1652.8994	91.3600	-13.9000
1680.6024	91.4200	-16.1000
1708.7697	91.4500	-18.5000
1737.4091	91.4300	-21.1000
1766.5284	91.3500	-23.7000
1796.1360	91.2100	-26.3000
1826.2397	91.0100	-28.7000
1856.8479	90.7500	-31.0000
1887.9691	90.4400	-32.9000
1919.6121	90.1100	-34.3000
1951.7852	89.7700	-35.3000
1984.4976	89.4400	-36.0000
2017.7582	89.1400	-36.4000
2051.5764	88.8700	-36.7000
2085.9612	88.6000	-36.9000
2120.9224	88.3300	-37.1000
2156.4695	88.0300	-37.1000
2192.6125	87.7200	-36.8000
2229.3613	87.4100	-35.9000
2266.7258	87.1600	-34.5000
2304.7168	87.0000	-32.8000
2343.3445	86.9300	-31.0000
2382.6194	86.9500	-29.4000
2422.5527	87.0200	-28.0000
2463.1553	87.1300	-26.7000
2504.4385	87.3100	-25.4000
2546.4133	87.5900	-24.4000
2589.0918	87.9700	-24.0000
2632.4858	88.4100	-24.5000
2676.6069	88.8200	-26.3000
2721.4673	89.1400	-28.9000
2767.0798	89.3200	-32.1000
2813.4568	89.3600	-35.3000
2860.6111	89.2700	-38.3000
2908.5557	89.1000	-40.6000
2957.3037	88.9100	-42.4000
3006.8689	88.7400	-43.7000
3057.2646	88.6400	-44.8000
3108.5051	88.6000	-46.2000
3160.6045	88.5700	-48.0000
3213.5769	88.4900	-50.5000
3267.4375	88.3100	-53.2000
3322.2004	88.0300	-56.0000
3377.8813	87.6600	-58.3000
3434.4954	87.2400	-60.2000
3492.0583	86.8300	-61.6000
3550.5862	86.4200	-62.9000
3610.0950	86.0000	-64.2000
3670.6008	85.5000	-65.6000
3732.1211	84.8700	-66.4000
3794.6724	84.1600	-66.3000
3858.2720	83.4100	-64.9000
3922.9375	82.7100	-62.1000
3988.6870	82.1200	-58.0000
4055.5383	81.7200	-53.1000
4123.5103	81.4900	-47.8000
4192.6211	81.4100	-42.3000
4262.8906	81.5700	-36.4000
4334.3379	82.0200	-31.2000
4406.9824	82.6300	-27.7000
4480.8442	83.2600	-25.4000
4555.9443	83.9600	-23.7000
4632.3032	84.7900	-23.2000
4709.9419	85.6300	-24.7000
4788.8813	86.3300	-27.7000
4869.1445	86.8500	-31.7000
4950.7524	87.1600	-36.3000
5033.7280	87.2100	-41.1000
5118.0947	87.0100	-45.2000
5203.8750	86.6600	-48.3000
5291.0933	86.2000	-50.5000
5379.7734	85.6100	-51.3000
5469.9399	85.0300	-50.5000
5561.6172	84.5300	-48.6000
5654.8315	84.0700	-45.2000
5749.6079	83.9100	-39.7000
5845.9727	84.1600	-34.2000
5943.9526	84.5800	-29.2000
6043.5747	85.2000	-23.6000
6144.8662	86.2200	-17.9000
6247.8560	87.6500	-13.7000
6352.5713	89.3700	-12.4000
6459.0420	91.1600	-14.2000
6567.2974	93.0300	-18.6000
6677.3667	95.0000	-27.0000
6789.2808	96.8200	-40.8000
6903.0708	97.9800	-60.5000
7018.7681	97.8700	-83.2000
7136.4043	96.1900	-103.2000
7256.0122	93.4400	-113.5000
7377.6250	90.8900	-112.4000
7501.2759	89.2300	-105.1000
7626.9990	88.4600	-95.4000
7754.8291	88.6200	-85.9000
7884.8022	89.4000	-79.7000
8016.9531	90.3900	-76.8000
8151.3193	91.4800	-76.1000
8287.9375	92.6600	-77.4000
8426.8457	93.9000	-80.3000
8568.0811	95.3500	-84.6000
8711.6846	97.1100	-92.8000
8857.6943	98.7000	-107.7000
9006.1514	99.2500	-127.1000
9157.0967	98.7000	-145.1000
9310.5723	97.3600	-158.9000
9466.6191	95.6000	-166.3000
9625.2822	94.1400	-166.6000
9786.6045	93.5300	-163.6000
9950.6309	93.7900	-161.5000
10117.4050	94.6900	-163.0000
10286.9760	95.9600	-170.2000
10459.3880	97.0500	90.5000
10634.6900	96.9700	153.5000
10812.9300	95.1600	133.6000
10994.1570	92.1700	125.4000
11178.4220	89.8500	129.9000
11365.7750	89.2900	139.4000
11556.2680	90.2400	144.3000
11749.9540	91.8700	139.6000
11946.8860	93.2900	124.1000
12147.1190	93.1900	98.8000
12350.7080	90.1800	75.3000
12557.7080	85.8400	74.2000
12768.1790	84.1000	88.0000
12982.1770	84.4100	94.1000
13199.7610	84.6500	92.2000
13420.9920	84.4500	90.0000
13645.9310	84.5000	89.9000
13874.6410	85.4800	87.5000
14107.1830	86.4500	74.5000
14343.6230	85.9200	57.6000
14584.0250	84.2300	46.5000
14828.4570	82.6100	43.9000
15076.9860	81.9800	46.0000
15329.6800	82.8100	47.3000
15586.6090	84.6400	33.7000
15847.8440	84.1200	10.6000
16113.4580	82.0500	-5.7000
16383.5240	79.6800	-12.6000
16658.1150	77.6900	-14.1000
16937.3110	76.1600	-8.0000
17221.1840	76.9200	3.4000
17509.8140	80.1200	0.7000
17803.2830	81.7900	-24.3000
18101.6700	80.9700	-46.3000
18405.0590	79.7600	-58.4000
18713.5310	79.3800	-65.6000
19027.1760	80.5500	-77.4000
19346.0760	80.8500	-106.2000