20.1989	73.5500	82.6000
20.5375	73.6500	82.6000
20.8817	73.7500	82.5000
21.2317	73.8600	82.4000
21.5875	73.9800	82.3000
21.9493	74.1100	82.2000
22.3172	74.2400	82.1000
22.6913	74.3800	82.0000
23.0716	74.5300	81.8000
23.4583	74.6800	81.7000
23.8514	74.8500	81.6000
24.2512	75.0200	81.5000
24.6576	75.2000	81.3000
25.0709	75.3900	81.2000
25.4911	75.6000	81.0000
25.9183	75.8100	80.9000
26.3527	76.0400	80.7000
26.7944	76.2800	80.6000
27.2435	76.5300	80.4000
27.7001	76.7900	80.3000
28.1644	77.0600	80.1000
28.6364	77.3400	80.0000
29.1164	77.6200	79.8000
29.6044	77.9100	79.6000
30.1005	78.2100	79.4000
30.6050	78.5100	79.3000
31.1180	78.8000	79.1000
31.6395	79.0900	78.9000
32.1698	79.3800	78.7000
32.7090	79.6600	78.5000
33.2572	79.9300	78.3000
33.8146	80.1900	78.1000
34.3813	80.4300	77.9000
34.9576	80.6600	77.7000
35.5435	80.8800	77.5000
36.1392	81.0800	77.3000
36.7449	81.2600	77.1000
37.3607	81.4200	76.8000
37.9869	81.5700	76.6000
38.6236	81.7000	76.4000
39.2709	81.8100	76.2000
39.9291	81.9100	75.9000
40.5983	81.9900	75.7000
41.2788	82.0600	75.4000
41.9706	82.1100	75.2000
42.6741	82.1600	74.9000
43.3893	82.2000	74.7000
44.1165	82.2300	74.4000
44.8559	82.2700	74.2000
45.6077	82.3000	73.9000
46.3721	82.3500	73.6000
47.1493	82.4000	73.4000
47.9395	82.4700	73.1000
48.7430	82.5500	72.8000
49.5600	82.6400	72.5000
50.3906	82.7500	72.2000
51.2351	82.8600	71.9000
52.0939	82.9900	71.6000
52.9670	83.1200	71.3000
53.8547	83.2500	71.0000
54.7573	83.4000	70.7000
55.6751	83.5500	70.3000
56.6082	83.7000	70.0000
57.5570	83.8500	69.7000
58.5216	84.0000	69.4000
59.5025	84.1500	69.0000
60.4997	84.2900	68.7000
61.5137	84.4200	68.3000
62.5447	84.5400	68.0000
63.5930	84.6500	67.6000
64.6588	84.7500	67.2000
65.7425	84.8400	66.9000
66.8444	84.9200	66.5000
67.9647	84.9800	66.1000
69.1038	85.0400	65.7000
70.2620	85.1000	65.3000
71.4396	85.1600	64.9000
72.6370	85.2200	64.5000
73.8544	85.3000	64.1000
75.0922	85.3900	63.7000
76.3508	85.4900	63.3000
77.6304	85.6000	62.9000
78.9315	85.7200	62.5000
80.2544	85.8300	62.1000
81.5995	85.9400	61.7000
82.9672	86.0300	61.2000
84.3577	86.1100	60.8000
85.7716	86.1800	60.4000
87.2091	86.2400	60.0000
88.6707	86.2900	59.6000
90.1569	86.3400	59.2000
91.6680	86.3800	58.8000
93.2043	86.4300	58.4000
94.7665	86.4800	58.0000
96.3548	86.5400	57.7000
97.9697	86.5800	57.3000
99.6117	86.6300	57.0000
101.2812	86.6600	56.7000
102.9787	86.6700	56.5000
104.7047	86.6800	56.3000
106.4595	86.7500	56.0000
108.2438	86.7200	55.2000
110.0580	86.7500	54.6000
111.9026	86.8800	54.1000
113.7781	87.0700	53.5000
115.6851	87.2300	53.0000
117.6240	87.3000	52.4000
119.5954	87.3100	51.8000
121.5998	87.2900	51.2000
123.6379	87.2700	50.6000
125.7101	87.2400	50.0000
127.8170	87.1600	49.4000
129.9592	87.0700	48.7000
132.1374	87.0000	48.1000
134.3520	87.0100	47.5000
136.6038	87.0900	46.8000
138.8933	87.2200	46.2000
141.2212	87.3200	45.6000
143.5881	87.3500	44.9000
145.9947	87.3600	44.2000
148.4416	87.3800	43.5000
150.9295	87.4500	42.8000
153.4591	87.5400	42.1000
156.0312	87.5900	41.4000
158.6463	87.5700	40.7000
161.3052	87.5000	40.0000
164.0087	87.4200	39.3000
166.7576	87.3400	38.6000
169.5525	87.3100	37.8000
172.3942	87.3500	37.1000
175.2836	87.4500	36.3000
178.2214	87.5300	35.6000
181.2084	87.5700	34.9000
184.2455	87.5800	34.1000
187.3335	87.5900	33.4000
190.4733	87.6200	32.5000
193.6656	87.6600	31.8000
196.9115	87.6900	31.1000
200.2118	87.7000	30.3000
203.5674	87.7000	29.5000
206.9792	87.7100	28.8000
210.4483	87.7200	28.0000
213.9754	87.7300	27.3000
217.5617	87.7400	26.5000
221.2081	87.7800	25.8000
224.9156	87.8100	25.0000
228.6852	87.8400	24.2000
232.5181	87.8500	23.5000
236.4151	87.8400	22.8000
240.3775	87.8200	22.1000
244.4063	87.8000	21.3000
248.5026	87.7800	20.6000
252.6676	87.7700	20.0000
256.9023	87.7700	19.3000
261.2081	87.7700	18.6000
265.5860	87.7500	18.0000
270.0373	87.7200	17.4000
274.5632	87.7000	16.8000
279.1649	87.6900	16.2000
283.8438	87.6900	15.7000
288.6011	87.6900	15.1000
293.4381	87.7100	14.6000
298.3562	87.7200	14.2000
303.3567	87.7400	13.7000
308.4410	87.7500	13.3000
313.6106	87.7400	13.0000
318.8668	87.7000	12.6000
324.2111	87.6400	12.3000
329.6449	87.5700	12.0000
335.1698	87.5100	11.8000
340.7874	87.4700	11.6000
346.4991	87.4500	11.5000
352.3065	87.4100	11.4000
358.2112	87.3800	11.3000
364.2149	87.3500	11.2000
370.3193	87.3300	11.2000
376.5259	87.3100	11.2000
382.8366	87.2700	11.3000
389.2530	87.2300	11.3000
395.7770	87.1900	11.4000
402.4103	87.1600	11.5000
409.1548	87.1500	11.7000
416.0123	87.1400	11.7000
422.9848	87.1300	11.9000
430.0741	87.1300	12.0000
437.2823	87.1400	12.1000
444.6112	87.1500	12.2000
452.0630	87.1800	12.3000
459.6397	87.2100	12.4000
467.3434	87.2400	12.4000
475.1762	87.2700	12.4000
483.1402	87.3000	12.4000
491.2378	87.3400	12.4000
499.4710	87.3800	12.3000
507.8423	87.4200	12.2000
516.3539	87.4700	12.0000
525.0081	87.5200	11.9000
533.8074	87.5700	11.8000
542.7541	87.6300	11.7000
551.8508	87.7000	11.6000
561.0999	87.7700	11.6000
570.5041	87.8500	11.6000
580.0659	87.9300	11.6000
589.7879	88.0300	11.6000
599.6729	88.1000	11.3000
609.7236	88.1600	11.0000
619.9427	88.2200	10.8000
630.3331	88.2800	10.4000
640.8976	88.3300	10.0000
651.6392	88.3800	9.7000
662.5609	88.4200	9.4000
673.6656	88.4500	9.1000
684.9564	88.4900	8.7000
696.4364	88.5100	8.5000
708.1088	88.5400	8.3000
719.9769	88.5700	8.1000
732.0439	88.6000	7.9000
744.3131	88.6500	7.8000
756.7880	88.7100	7.8000
769.4720	88.7700	7.7000
782.3685	88.8400	7.6000
795.4812	88.9400	7.5000
808.8137	89.0500	7.4000
822.3696	89.1800	7.0000
836.1527	89.3000	6.7000
850.1668	89.4400	6.0000
864.4158	89.5800	5.3000
878.9036	89.7100	4.4000
893.6343	89.8200	3.4000
908.6118	89.9100	2.2000
923.8404	89.9900	0.9000
939.3242	90.0300	-0.5000
955.0675	90.0400	-2.0000
971.0746	90.0100	-3.4000
987.3501	89.9500	-4.7000
1003.8983	89.8600	-5.9000
1020.7239	89.7400	-6.8000
1037.8315	89.6100	-7.5000
1055.2258	89.4700	-7.8000
1072.9116	89.3600	-7.9000
1090.8939	89.2600	-7.6000
1109.1775	89.2200	-7.2000
1127.7676	89.2300	-6.6000
1146.6693	89.3100	-6.0000
1165.8877	89.4400	-5.6000
1185.4283	89.6100	-5.5000
1205.2964	89.8200	-5.7000
1225.4974	90.0400	-6.4000
1246.0371	90.2500	-7.3000
1266.9209	90.4500	-8.7000
1288.1549	90.6100	-10.1000
1309.7446	90.7500	-11.9000
1331.6963	90.8500	-13.7000
1354.0158	90.9200	-15.5000
1376.7095	90.9700	-17.5000
1399.7835	91.0100	-19.4000
1423.2442	91.0200	-21.5000
1447.0981	91.0300	-23.5000
1471.3518	91.0100	-25.8000
1496.0120	90.9700	-28.2000
1521.0856	90.8800	-30.8000
1546.5793	90.7300	-33.4000
1572.5004	90.5200	-36.0000
1598.8559	90.2200	-38.5000
1625.6531	89.8500	-40.6000
1652.8994	89.4200	-42.1000
1680.6024	88.9600	-42.9000
1708.7697	88.5100	-43.0000
1737.4091	88.1100	-42.4000
1766.5285	87.8100	-41.5000
1796.1360	87.5800	-40.6000
1826.2397	87.4300	-39.7000
1856.8479	87.3000	-39.1000
1887.9691	87.1800	-38.5000
1919.6120	87.0600	-37.8000
1951.7851	86.9900	-36.9000
1984.4975	86.9800	-36.0000
2017.7582	87.0500	-35.4000
2051.5763	87.1800	-35.3000
2085.9612	87.3000	-35.8000
2120.9224	87.3400	-36.9000
2156.4696	87.2900	-38.1000
2192.6126	87.1500	-39.0000
2229.3613	86.9900	-39.4000
2266.7259	86.8400	-39.3000
2304.7168	86.7700	-38.7000
2343.3444	86.7900	-38.3000
2382.6195	86.8400	-38.3000
2422.5528	86.9000	-38.5000
2463.1553	86.9400	-38.9000
2504.4384	86.9900	-39.3000
2546.4134	87.0600	-39.9000
2589.0919	87.1500	-40.7000
2632.4858	87.2300	-42.0000
2676.6069	87.2300	-43.8000
2721.4674	87.1300	-45.5000
2767.0799	86.9400	-46.8000
2813.4568	86.7300	-47.4000
2860.6111	86.5800	-47.5000
2908.5556	86.5100	-47.5000
2957.3037	86.5000	-48.0000
3006.8689	86.4700	-49.1000
3057.2647	86.3500	-50.5000
3108.5052	86.1100	-51.7000
3160.6045	85.7600	-52.3000
3213.5770	85.3700	-52.0000
3267.4374	84.9700	-50.4000
3322.2004	84.6600	-47.7000
3377.8813	84.5500	-44.0000
3434.4954	84.6900	-40.1000
3492.0584	85.0700	-36.6000
3550.5862	85.6000	-34.0000
3610.0949	86.2600	-32.0000
3670.6009	87.0700	-30.9000
3732.1211	87.9900	-31.2000
3794.6724	88.9400	-33.5000
3858.2720	89.7500	-37.8000
3922.9376	90.3300	-44.1000
3988.6870	90.5900	-51.1000
4055.5384	90.5400	-57.9000
4123.5102	90.2400	-63.8000
4192.6212	89.7700	-68.2000
4262.8906	89.2300	-71.1000
4334.3377	88.6500	-72.5000
4406.9822	88.1000	-72.3000
4480.8443	87.7000	-70.2000
4555.9444	87.6300	-67.0000
4632.3031	87.9800	-63.8000
4709.9417	88.6600	-62.0000
4788.8814	89.4700	-62.2000
4869.1443	90.2500	-64.3000
4950.7523	90.9400	-67.6000
5033.7281	91.5700	-71.6000
5118.0947	92.2500	-76.2000
5203.8752	92.9900	-82.3000
5291.0934	93.6200	-90.9000
5379.7734	93.9200	-102.0000
5469.9397	93.6700	-114.3000
5561.6173	92.8200	-125.3000
5654.8313	91.4200	-131.8000
5749.6077	89.7900	-132.3000
5845.9725	88.6100	-127.9000
5943.9525	88.4800	-123.0000
6043.5746	89.0600	-121.4000
6144.8664	89.6700	-124.2000
6247.8558	90.0200	-129.6000
6352.5714	90.1600	-135.7000
6459.0421	90.1300	-142.4000
6567.2972	89.9000	-149.7000
6677.3667	89.3400	-157.1000
6789.2810	88.4200	-162.3000
6903.0710	87.3100	-163.7000
7018.7682	86.4700	-162.1000
7136.4045	86.2200	-160.3000
7256.0123	86.2900	-160.1000
7377.6249	86.4400	-161.3000
7501.2757	86.6900	-163.0000
7626.9989	87.0700	-166.3000
7754.8293	87.3400	-171.9000
7884.8021	87.3100	-179.0000
8016.9533	86.9500	175.0000
8151.3194	86.4400	171.4000
8287.9375	86.2100	169.7000
8426.8454	86.4800	167.1000
8568.0814	86.8900	161.3000
8711.6845	87.0500	152.6000
8857.6945	86.8100	143.2000
9006.1516	86.2600	134.7000
9157.0969	85.5700	127.8000
9310.5721	84.9300	122.0000
9466.6196	84.4100	116.5000
9625.2825	84.0400	110.4000
9786.6046	83.7300	103.0000
9950.6305	83.3500	93.7000
10117.4050	82.6700	83.1000
10286.9760	81.6200	73.0000
10459.3880	80.2700	65.0000
10634.6900	78.8500	58.5000
10812.9300	77.5800	52.1000
10994.1570	76.3700	44.3000
11178.4220	74.9500	35.0000
11365.7750	73.0900	26.1000
11556.2680	70.6100	20.6000
11749.9540	67.4400	24.8000
11946.8860	64.0700	42.7000
12147.1190	62.6500	65.8000
12350.7080	64.0500	81.8000
12557.7080	65.6100	82.8000
12768.1790	66.2200	75.2000
12982.1770	65.9700	67.8000
13199.7610	65.3800	64.1000
13420.9920	65.0400	62.8000
13645.9310	65.0700	59.7000
13874.6410	65.0300	54.0000
14107.1830	64.7400	47.4000
14343.6230	64.2300	42.2000
14584.0250	63.7500	38.0000
14828.4570	63.3100	32.4000
15076.9860	62.6200	25.4000
15329.6800	61.5800	20.6000
15586.6090	60.7600	20.9000
15847.8440	60.7900	20.8000
16113.4580	61.0100	15.8000
16383.5240	60.6600	6.4000
16658.1150	59.7900	0.4000
16937.3100	59.3800	-3.2000
17221.1830	59.4100	-9.3000
17509.8140	59.1600	-19.4000
17803.2830	58.3800	-28.6000
18101.6700	57.7000	-35.3000
18405.0590	57.6900	-44.3000
18713.5320	57.4800	-59.4000
19027.1760	56.4800	-75.4000
19346.0760	54.6300	-88.4000