19.8660	79.9900	164.1000
20.1989	80.2300	162.6000
20.5375	80.4800	161.0000
20.8817	80.7400	159.4000
21.2317	81.0100	157.7000
21.5875	81.2700	156.0000
21.9493	81.5100	154.4000
22.3172	81.7200	152.7000
22.6913	81.9200	151.1000
23.0716	82.1100	149.5000
23.4583	82.3000	147.9000
23.8514	82.4900	146.4000
24.2512	82.6800	144.8000
24.6576	82.8700	143.3000
25.0709	83.0500	141.8000
25.4911	83.2300	140.4000
25.9183	83.4100	139.0000
26.3527	83.5800	137.6000
26.7944	83.7600	136.3000
27.2435	83.9500	135.0000
27.7001	84.1300	133.6000
28.1644	84.3000	132.2000
28.6364	84.4700	130.7000
29.1164	84.6300	129.3000
29.6044	84.8000	127.9000
30.1005	84.9700	126.6000
30.6050	85.1400	125.3000
31.1180	85.3200	124.0000
31.6395	85.4900	122.7000
32.1698	85.6700	121.4000
32.7090	85.8400	120.0000
33.2572	86.0200	118.7000
33.8146	86.1900	117.3000
34.3813	86.3500	116.0000
34.9576	86.5200	114.6000
35.5435	86.7000	113.2000
36.1392	86.8800	111.9000
36.7449	87.0600	110.4000
37.3607	87.2400	108.9000
37.9869	87.4100	107.4000
38.6236	87.5800	105.8000
39.2709	87.7400	104.2000
39.9291	87.8900	102.6000
40.5983	88.0400	101.0000
41.2788	88.1800	99.4000
41.9706	88.3100	97.7000
42.6741	88.4400	96.0000
43.3893	88.5600	94.3000
44.1165	88.6700	92.5000
44.8559	88.7700	90.8000
45.6077	88.8300	89.0000
46.3721	88.8800	87.4000
47.1493	88.9100	85.8000
47.9395	88.9300	84.4000
48.7430	88.9700	83.1000
49.5600	89.0200	81.9000
50.3906	89.0800	80.6000
51.2351	89.1300	79.2000
52.0939	89.1700	77.8000
52.9670	89.1900	76.5000
53.8547	89.1900	75.3000
54.7573	89.2000	74.2000
55.6751	89.2400	73.3000
56.6082	89.2900	72.2000
57.5570	89.3300	70.9000
58.5216	89.3100	69.5000
59.5025	89.2100	68.3000
60.4997	89.1400	68.0000
61.5137	89.1500	68.3000
62.5447	89.2600	68.3000
63.5930	89.4000	67.9000
64.6588	89.5200	67.1000
65.7425	89.6300	66.3000
66.8444	89.7200	65.3000
67.9647	89.8100	64.4000
69.1038	89.8800	63.5000
70.2620	89.9600	62.6000
71.4396	90.0300	61.7000
72.6370	90.1000	60.8000
73.8544	90.1600	59.9000
75.0922	90.2300	59.1000
76.3508	90.3000	58.2000
77.6304	90.3800	57.3000
78.9315	90.4600	56.4000
80.2544	90.5300	55.4000
81.5995	90.6000	54.5000
82.9672	90.6600	53.4000
84.3577	90.7100	52.3000
85.7716	90.7500	51.3000
87.2091	90.7700	50.3000
88.6707	90.8000	49.4000
90.1569	90.8300	48.5000
91.6680	90.8600	47.6000
93.2043	90.9000	46.7000
94.7665	90.9300	45.7000
96.3548	90.9500	44.7000
97.9697	90.9600	43.8000
99.6117	90.9600	42.8000
101.2812	90.9400	42.0000
102.9787	90.9200	41.2000
104.7047	90.9000	40.7000
106.4595	90.9100	40.2000
108.2438	90.9300	39.7000
110.0580	90.9800	39.1000
111.9026	91.0400	38.4000
113.7781	91.0900	37.4000
115.6851	91.1100	36.2000
117.6240	91.0800	35.0000
119.5954	90.9900	34.0000
121.5998	90.9000	33.5000
123.6379	90.8400	33.2000
125.7101	90.8100	33.0000
127.8170	90.8000	32.8000
129.9592	90.8000	32.5000
132.1374	90.8000	32.2000
134.3520	90.8100	31.9000
136.6038	90.8300	31.6000
138.8933	90.8500	31.3000
141.2212	90.8800	30.9000
143.5881	90.9100	30.4000
145.9947	90.9400	29.9000
148.4416	90.9700	29.4000
150.9295	90.9900	28.9000
153.4591	91.0100	28.3000
156.0312	91.0200	27.6000
158.6463	91.0100	26.9000
161.3052	90.9900	26.3000
164.0087	90.9400	25.7000
166.7576	90.8800	25.4000
169.5525	90.8400	25.1000
172.3942	90.8100	25.0000
175.2836	90.7900	25.0000
178.2214	90.7900	25.0000
181.2084	90.8000	25.0000
184.2455	90.8500	24.9000
187.3335	90.9100	24.7000
190.4733	90.9600	24.3000
193.6656	91.0000	23.8000
196.9115	91.0200	23.3000
200.2118	91.0400	22.8000
203.5674	91.0400	22.3000
206.9792	91.0400	21.8000
210.4483	91.0300	21.4000
213.9754	91.0400	21.0000
217.5617	91.0500	20.6000
221.2081	91.0500	20.2000
224.9156	91.0500	19.6000
228.6852	91.0200	19.0000
232.5181	90.9700	18.5000
236.4151	90.9100	18.2000
240.3775	90.8600	18.0000
244.4063	90.8200	17.9000
248.5026	90.7900	17.7000
252.6676	90.7600	17.6000
256.9023	90.7300	17.4000
261.2081	90.7000	17.3000
265.5860	90.6700	17.3000
270.0373	90.6500	17.4000
274.5632	90.6400	17.4000
279.1649	90.6400	17.5000
283.8438	90.6500	17.5000
288.6011	90.6700	17.5000
293.4381	90.7000	17.5000
298.3562	90.7500	17.4000
303.3567	90.8000	17.0000
308.4410	90.8200	16.4000
313.6106	90.8100	15.7000
318.8668	90.7500	15.2000
324.2111	90.6800	14.8000
329.6449	90.5900	14.7000
335.1698	90.5200	14.7000
340.7874	90.4700	14.9000
346.4991	90.4400	15.0000
352.3065	90.4200	15.2000
358.2112	90.4100	15.3000
364.2149	90.4000	15.4000
370.3193	90.3800	15.4000
376.5259	90.3500	15.4000
382.8366	90.3100	15.6000
389.2530	90.2700	15.9000
395.7770	90.2700	16.3000
402.4103	90.2900	16.8000
409.1548	90.3500	17.2000
416.0123	90.4200	17.4000
422.9848	90.4900	17.4000
430.0741	90.5500	17.2000
437.2823	90.6000	17.1000
444.6112	90.6700	17.0000
452.0630	90.7400	16.6000
459.6397	90.7800	15.9000
467.3434	90.7800	15.2000
475.1762	90.7400	14.5000
483.1402	90.6700	14.1000
491.2378	90.5900	14.0000
499.4710	90.5200	13.9000
507.8423	90.4600	14.0000
516.3539	90.4300	14.3000
525.0081	90.4200	14.5000
533.8074	90.4400	14.5000
542.7541	90.4600	14.4000
551.8508	90.4600	14.2000
561.0999	90.4500	13.8000
570.5041	90.4100	13.6000
580.0659	90.3600	13.4000
589.7879	90.3100	13.2000
599.6729	90.2600	13.2000
609.7236	90.2200	13.1000
619.9427	90.1800	13.0000
630.3331	90.1300	12.9000
640.8976	90.0800	12.7000
651.6392	90.1100	12.4000
662.5609	90.0800	12.7000
673.6656	90.0900	14.3000
684.9564	90.1700	15.6000
696.4364	90.3100	16.2000
708.1088	90.4400	16.8000
719.9769	90.7200	17.4000
732.0439	91.0900	16.6000
744.3131	91.3600	14.2000
756.7880	91.4300	11.1000
769.4720	91.3100	8.0000
782.3685	91.0100	5.2000
795.4812	90.5300	3.2000
808.8137	89.9400	2.8000
822.3696	89.3700	4.1000
836.1527	88.9500	6.5000
850.1668	88.6900	9.1000
864.4158	88.5100	11.8000
878.9036	88.4400	15.4000
893.6343	88.6900	19.2000
908.6118	89.2600	21.2000
923.8404	89.7400	20.1000
939.3242	89.8400	17.5000
955.0675	89.5900	16.0000
971.0746	89.2700	16.4000
987.3501	89.0300	18.0000
1003.8983	88.9300	20.5000
1020.7239	89.0700	23.2000
1037.8315	89.3600	24.4000
1055.2258	89.5100	24.3000
1072.9116	89.4800	24.6000
1090.8939	89.4200	26.1000
1109.1775	89.5100	28.4000
1127.7676	89.7900	30.4000
1146.6693	90.1000	31.5000
1165.8877	90.3900	32.5000
1185.4283	90.7900	33.5000
1205.2964	91.2500	33.4000
1225.4974	91.6200	32.2000
1246.0371	91.8700	30.7000
1266.9209	92.0200	29.2000
1288.1549	92.0900	28.1000
1309.7446	92.1800	27.6000
1331.6963	92.3100	26.9000
1354.0158	92.4300	25.8000
1376.7095	92.4400	24.8000
1399.7835	92.4200	24.5000
1423.2442	92.4800	24.8000
1447.0981	92.6400	24.9000
1471.3518	92.8600	24.8000
1496.0120	93.1200	24.1000
1521.0856	93.3600	22.7000
1546.5793	93.5400	20.9000
1572.5004	93.6500	18.7000
1598.8559	93.6900	16.3000
1625.6531	93.6200	13.8000
1652.8994	93.4200	11.7000
1680.6024	93.1500	10.3000
1708.7697	92.8600	9.8000
1737.4091	92.6300	10.1000
1766.5285	92.5200	10.6000
1796.1360	92.5200	10.8000
1826.2397	92.5400	10.2000
1856.8479	92.4600	9.2000
1887.9691	92.2900	8.3000
1919.6120	92.0200	7.7000
1951.7851	91.6900	8.2000
1984.4975	91.4400	9.8000
2017.7582	91.3600	11.4000
2051.5763	91.3600	12.6000
2085.9612	91.3600	13.5000
2120.9224	91.3700	14.1000
2156.4696	91.3000	14.4000
2192.6126	91.1100	15.2000
2229.3613	90.9000	17.4000
2266.7259	90.8600	20.6000
2304.7168	91.0400	23.9000
2343.3444	91.3500	26.6000
2382.6195	91.7400	28.9000
2422.5528	92.2200	30.9000
2463.1553	92.8000	32.3000
2504.4384	93.4700	32.6000
2546.4134	94.1100	31.6000
2589.0919	94.6500	29.5000
2632.4858	95.0400	26.9000
2676.6069	95.3000	24.2000
2721.4674	95.5000	21.9000
2767.0799	95.6700	19.5000
2813.4568	95.7800	17.1000
2860.6111	95.8000	14.7000
2908.5556	95.7500	12.9000
2957.3037	95.6800	11.9000
3006.8689	95.6600	11.6000
3057.2647	95.7500	11.6000
3108.5052	95.9400	11.8000
3160.6045	96.2700	12.0000
3213.5770	96.7900	11.8000
3267.4374	97.4600	10.0000
3322.2004	98.1000	6.2000
3377.8813	98.5400	0.6000
3434.4954	98.7100	-5.8000
3492.0584	98.6700	-12.0000
3550.5862	98.4500	-18.0000
3610.0949	98.0700	-23.5000
3670.6009	97.5400	-28.0000
3732.1211	96.9400	-31.5000
3794.6724	96.3300	-34.1000
3858.2720	95.7400	-36.0000
3922.9376	95.1700	-37.7000
3988.6870	94.5500	-38.9000
4055.5384	93.8900	-39.1000
4123.5102	93.3400	-38.1000
4192.6212	92.9300	-37.2000
4262.8906	92.5000	-36.2000
4334.3377	92.1200	-33.4000
4406.9822	92.2500	-29.5000
4480.8443	92.8300	-29.0000
4555.9444	93.1700	-32.6000
4632.3031	92.9500	-37.1000
4709.9417	92.3800	-39.0000
4788.8814	91.9400	-38.5000
4869.1443	91.7800	-38.0000
4950.7523	91.6900	-38.1000
5033.7281	91.6600	-38.5000
5118.0947	91.7100	-39.7000
5203.8752	91.6700	-42.3000
5291.0934	91.4200	-44.9000
5379.7734	91.1200	-46.6000
5469.9397	90.8500	-48.6000
5561.6173	90.4300	-50.6000
5654.8313	89.9300	-51.3000
5749.6077	89.6400	-51.0000
5845.9725	89.5200	-51.6000
5943.9525	89.4200	-53.4000
6043.5746	89.2200	-56.1000
6144.8664	88.7800	-58.9000
6247.8558	88.1900	-59.8000
6352.5714	87.9000	-59.6000
6459.0421	87.7800	-61.2000
6567.2972	87.5900	-63.7000
6677.3667	87.3600	-67.6000
6789.2810	86.7700	-72.1000
6903.0710	86.0500	-74.7000
7018.7682	85.5100	-78.0000
7136.4045	84.7600	-83.0000
7256.0123	83.6100	-87.3000
7377.6249	82.1000	-89.7000
7501.2757	80.2100	-87.9000
7626.9989	78.4400	-80.5000
7754.8293	77.3500	-70.7000
7884.8021	77.2000	-61.6000
8016.9533	77.7300	-57.0000
8151.3194	78.2300	-57.6000
8287.9375	78.4700	-62.2000
8426.8454	78.0500	-69.3000
8568.0814	76.9400	-75.5000
8711.6845	75.1400	-78.0000
8857.6945	73.0200	-74.4000
9006.1516	71.0800	-66.0000
9157.0969	69.8500	-55.7000
9310.5721	69.3500	-48.6000
9466.6196	68.9000	-45.7000
9625.2825	67.7300	-42.7000
9786.6046	66.0800	-32.3000
9950.6305	65.3400	-13.7000
10117.4050	66.3000	3.1000
10286.9760	67.8300	10.7000
10459.3880	68.8800	12.1000
10634.6900	69.5100	10.9000
10812.9300	69.8000	9.2000
10994.1570	69.7700	7.3000
11178.4220	69.4800	7.2000
11365.7750	69.2100	8.2000
11556.2680	68.9700	9.3000
11749.9540	68.7200	11.0000
11946.8860	68.6000	12.3000
12147.1190	68.5500	13.0000
12350.7080	68.3800	12.6000
12557.7080	67.9700	12.7000
12768.1790	67.4300	13.3000
12982.1770	66.7700	15.9000
13199.7610	66.6200	20.2000
13420.9920	66.9900	21.4000
13645.9310	67.1700	18.7000
13874.6410	66.8600	14.9000
14107.1830	66.1700	12.1000
14343.6230	65.2300	11.3000
14584.0250	64.5800	13.7000
14828.4570	64.5400	13.6000
15076.9860	64.3400	10.2000
15329.6800	64.1100	3.8000
15586.6090	63.2100	-4.3000
15847.8440	61.9000	-8.5000
16113.4580	60.5100	-13.3000
16383.5240	58.3400	-16.8000
16658.1150	55.8200	-13.8000
16937.3100	53.7400	-8.7000
17221.1830	51.8200	4.1000
17509.8140	51.5400	19.4000
17803.2830	51.5800	32.3000
18101.6700	52.9900	51.4000
18405.0590	55.6900	61.2000
18713.5320	57.7200	56.1000
19027.1760	58.5600	46.5000
19346.0760	58.6400	40.8000
19670.3210	58.5900	41.6000
20000.0000	58.6300	43.6000