19.8660	79.3100	155.4000
20.1989	79.5400	153.8000
20.5375	79.7700	152.3000
20.8817	79.9800	150.7000
21.2317	80.1700	149.1000
21.5875	80.3700	147.5000
21.9493	80.5600	146.0000
22.3172	80.7600	144.4000
22.6913	80.9500	142.9000
23.0716	81.1500	141.4000
23.4583	81.3300	140.0000
23.8514	81.5000	138.7000
24.2512	81.6700	137.4000
24.6576	81.8400	136.1000
25.0709	82.0000	134.7000
25.4911	82.1600	133.2000
25.9183	82.3200	131.7000
26.3527	82.4800	130.3000
26.7944	82.6400	128.9000
27.2435	82.8000	127.5000
27.7001	82.9600	126.2000
28.1644	83.1200	124.9000
28.6364	83.2800	123.6000
29.1164	83.4400	122.3000
29.6044	83.5900	121.0000
30.1005	83.7400	119.8000
30.6050	83.8800	118.5000
31.1180	84.0300	117.3000
31.6395	84.1800	116.0000
32.1698	84.3400	114.8000
32.7090	84.4900	113.6000
33.2572	84.6500	112.4000
33.8146	84.8000	111.2000
34.3813	84.9500	110.0000
34.9576	85.1100	108.8000
35.5435	85.2700	107.6000
36.1392	85.4300	106.3000
36.7449	85.6000	105.0000
37.3607	85.7600	103.8000
37.9869	85.9200	102.4000
38.6236	86.0800	101.1000
39.2709	86.2300	99.7000
39.9291	86.3800	98.3000
40.5983	86.5300	96.8000
41.2788	86.6600	95.2000
41.9706	86.7800	93.7000
42.6741	86.8900	92.2000
43.3893	86.9900	90.6000
44.1165	87.0800	89.1000
44.8559	87.1700	87.5000
45.6077	87.2400	86.0000
46.3721	87.2800	84.4000
47.1493	87.3100	83.1000
47.9395	87.3300	81.9000
48.7430	87.3500	80.9000
49.5600	87.4000	79.9000
50.3906	87.4600	78.9000
51.2351	87.5300	77.8000
52.0939	87.5800	76.7000
52.9670	87.6100	75.6000
53.8547	87.6200	74.7000
54.7573	87.6500	74.1000
55.6751	87.7200	73.6000
56.6082	87.8500	73.1000
57.5570	88.0200	72.2000
58.5216	88.2000	70.8000
59.5025	88.3200	68.7000
60.4997	88.2900	66.9000
61.5137	88.1800	65.9000
62.5447	88.1200	65.4000
63.5930	88.1200	65.0000
64.6588	88.1600	64.5000
65.7425	88.2200	64.1000
66.8444	88.2900	63.5000
67.9647	88.3600	62.9000
69.1038	88.4400	62.2000
70.2620	88.5200	61.5000
71.4396	88.6000	60.8000
72.6370	88.6700	60.1000
73.8544	88.7400	59.4000
75.0922	88.8200	58.7000
76.3508	88.9000	57.9000
77.6304	88.9800	57.2000
78.9315	89.0700	56.3000
80.2544	89.1500	55.5000
81.5995	89.2300	54.6000
82.9672	89.3100	53.6000
84.3577	89.3700	52.5000
85.7716	89.4100	51.5000
87.2091	89.4500	50.6000
88.6707	89.4800	49.7000
90.1569	89.5200	48.9000
91.6680	89.5600	48.0000
93.2043	89.6000	47.1000
94.7665	89.6300	46.2000
96.3548	89.6500	45.3000
97.9697	89.6600	44.4000
99.6117	89.6600	43.5000
101.2812	89.6400	42.7000
102.9787	89.6200	42.1000
104.7047	89.6100	41.6000
106.4595	89.6100	41.3000
108.2438	89.6400	40.9000
110.0580	89.6900	40.5000
111.9026	89.7600	40.0000
113.7781	89.8300	39.4000
115.6851	89.8900	38.6000
117.6240	89.9400	37.7000
119.5954	89.9700	36.8000
121.5998	89.9700	35.7000
123.6379	89.9300	34.8000
125.7101	89.8800	34.2000
127.8170	89.8400	33.7000
129.9592	89.8200	33.4000
132.1374	89.8100	33.0000
134.3520	89.8100	32.7000
136.6038	89.8300	32.4000
138.8933	89.8500	32.1000
141.2212	89.8800	31.7000
143.5881	89.9100	31.2000
145.9947	89.9500	30.7000
148.4416	89.9800	30.2000
150.9295	90.0000	29.5000
153.4591	90.0000	28.9000
156.0312	90.0000	28.3000
158.6463	89.9800	27.6000
161.3052	89.9400	27.0000
164.0087	89.8900	26.6000
166.7576	89.8300	26.3000
169.5525	89.7900	26.3000
172.3942	89.7700	26.3000
175.2836	89.7700	26.5000
178.2214	89.8100	26.6000
181.2084	89.8800	26.5000
184.2455	89.9600	26.2000
187.3335	90.0200	25.8000
190.4733	90.0600	25.4000
193.6656	90.1000	24.9000
196.9115	90.1300	24.3000
200.2118	90.1400	23.8000
203.5674	90.1500	23.4000
206.9792	90.1500	22.9000
210.4483	90.1600	22.5000
213.9754	90.1600	22.1000
217.5617	90.1800	21.7000
221.2081	90.1900	21.3000
224.9156	90.2000	20.7000
228.6852	90.1800	20.1000
232.5181	90.1400	19.6000
236.4151	90.1000	19.3000
240.3775	90.0600	19.0000
244.4063	90.0300	18.9000
248.5026	90.0100	18.7000
252.6676	89.9900	18.5000
256.9023	89.9600	18.3000
261.2081	89.9300	18.2000
265.5860	89.9000	18.2000
270.0373	89.8900	18.2000
274.5632	89.8900	18.3000
279.1649	89.9000	18.3000
283.8438	89.9100	18.3000
288.6011	89.9300	18.4000
293.4381	89.9600	18.4000
298.3562	90.0100	18.4000
303.3567	90.0800	18.2000
308.4410	90.1300	17.7000
313.6106	90.1400	17.2000
318.8668	90.1200	16.8000
324.2111	90.0900	16.5000
329.6449	90.0600	16.3000
335.1698	90.0400	16.3000
340.7874	90.0500	16.3000
346.4991	90.0700	16.3000
352.3065	90.1100	16.2000
358.2112	90.1400	16.0000
364.2149	90.1700	15.7000
370.3193	90.1900	15.3000
376.5259	90.1800	14.9000
382.8366	90.1600	14.6000
389.2530	90.1300	14.4000
395.7770	90.1200	14.4000
402.4103	90.1300	14.3000
409.1548	90.1500	14.1000
416.0123	90.1700	13.7000
422.9848	90.1600	13.2000
430.0741	90.1100	12.9000
437.2823	90.0600	12.8000
444.6112	90.0400	12.8000
452.0630	90.0500	12.7000
459.6397	90.0500	12.4000
467.3434	90.0300	12.0000
475.1762	89.9800	11.7000
483.1402	89.9100	11.5000
491.2378	89.8500	11.5000
499.4710	89.7900	11.5000
507.8423	89.7400	11.7000
516.3539	89.7100	11.9000
525.0081	89.7100	12.1000
533.8074	89.7200	12.2000
542.7541	89.7400	12.1000
551.8508	89.7400	11.9000
561.0999	89.7100	11.6000
570.5041	89.6700	11.4000
580.0659	89.6100	11.3000
589.7879	89.5500	11.3000
599.6729	89.5000	11.4000
609.7236	89.4500	11.6000
619.9427	89.4200	11.7000
630.3331	89.3900	11.9000
640.8976	89.3700	12.0000
651.6392	89.3400	12.1000
662.5609	89.3200	12.1000
673.6656	89.2900	12.1000
684.9564	89.2600	12.1000
696.4364	89.2400	12.0000
708.1088	89.2000	11.7000
719.9769	89.1300	11.4000
732.0439	89.0200	11.1000
744.3131	88.9000	10.9000
756.7880	88.7500	10.7000
769.4720	88.5800	10.8000
782.3685	88.3400	10.3000
795.4812	87.9900	9.4000
808.8137	87.5300	9.2000
822.3696	87.0800	10.0000
836.1527	86.8300	12.0000
850.1668	86.7100	13.7000
864.4158	86.6200	15.3000
878.9036	86.5400	17.2000
893.6343	86.6200	19.8000
908.6118	86.9600	21.5000
923.8404	87.3200	20.9000
939.3242	87.3900	19.0000
955.0675	87.1400	17.8000
971.0746	86.8300	18.6000
987.3501	86.6500	20.5000
1003.8983	86.6200	22.7000
1020.7239	86.7900	24.8000
1037.8315	87.0500	25.5000
1055.2258	87.1600	25.0000
1072.9116	87.0300	25.0000
1090.8939	86.8500	26.4000
1109.1775	86.8100	29.1000
1127.7676	87.0100	31.9000
1146.6693	87.3200	33.7000
1165.8877	87.5900	35.1000
1185.4283	87.9500	36.8000
1205.2964	88.4400	37.8000
1225.4974	88.9400	37.6000
1246.0371	89.3700	36.6000
1266.9209	89.7100	34.9000
1288.1549	89.9100	33.2000
1309.7446	90.0500	31.6000
1331.6963	90.1600	30.3000
1354.0158	90.2400	28.9000
1376.7095	90.2400	27.7000
1399.7835	90.2000	27.2000
1423.2442	90.2400	27.3000
1447.0981	90.3600	27.3000
1471.3518	90.5300	27.1000
1496.0120	90.7400	26.7000
1521.0856	90.9900	25.8000
1546.5793	91.2300	24.2000
1572.5004	91.4000	22.1000
1598.8559	91.4900	19.5000
1625.6531	91.4600	16.8000
1652.8994	91.2900	14.4000
1680.6024	91.0500	12.7000
1708.7697	90.8100	11.7000
1737.4091	90.5700	11.2000
1766.5285	90.4000	11.1000
1796.1360	90.3100	11.0000
1826.2397	90.2700	10.4000
1856.8479	90.1900	9.3000
1887.9691	90.0200	8.0000
1919.6120	89.7400	6.7000
1951.7851	89.3100	6.3000
1984.4975	88.8700	7.2000
2017.7582	88.5800	9.1000
2051.5763	88.4300	10.8000
2085.9612	88.3400	12.2000
2120.9224	88.2800	13.2000
2156.4696	88.1800	13.8000
2192.6126	87.9500	14.5000
2229.3613	87.6500	16.4000
2266.7259	87.4600	19.4000
2304.7168	87.4500	22.5000
2343.3444	87.5100	25.0000
2382.6195	87.5500	27.5000
2422.5528	87.5700	30.3000
2463.1553	87.6400	33.8000
2504.4384	87.8500	38.1000
2546.4134	88.2900	42.6000
2589.0919	88.9300	46.6000
2632.4858	89.7300	50.2000
2676.6069	90.7600	53.2000
2721.4674	92.0200	54.8000
2767.0799	93.3800	53.7000
2813.4568	94.6100	49.5000
2860.6111	95.5100	42.6000
2908.5556	96.0000	34.4000
2957.3037	96.0700	26.4000
3006.8689	95.8000	19.6000
3057.2647	95.3400	14.8000
3108.5052	94.8000	11.9000
3160.6045	94.2900	10.7000
3213.5770	93.8600	11.0000
3267.4374	93.6100	12.4000
3322.2004	93.5800	14.2000
3377.8813	93.7600	16.1000
3434.4954	94.1100	17.9000
3492.0584	94.7600	19.9000
3550.5862	95.7700	20.4000
3610.0949	96.9500	17.6000
3670.6009	97.9700	10.9000
3732.1211	98.5700	1.3000
3794.6724	98.6600	-9.5000
3858.2720	98.2400	-19.7000
3922.9376	97.4500	-27.9000
3988.6870	96.4600	-33.8000
4055.5384	95.3500	-37.4000
4123.5102	94.2200	-38.6000
4192.6212	93.2500	-38.0000
4262.8906	92.4800	-36.6000
4334.3377	91.8000	-34.3000
4406.9822	91.4200	-29.9000
4480.8443	91.7900	-25.6000
4555.9444	92.6000	-26.5000
4632.3031	92.9900	-32.9000
4709.9417	92.5800	-40.8000
4788.8814	91.4700	-45.1000
4869.1443	90.2000	-44.1000
4950.7523	89.3600	-39.9000
5033.7281	88.9900	-35.4000
5118.0947	89.0400	-31.1000
5203.8752	89.5200	-28.5000
5291.0934	90.1300	-29.1000
5379.7734	90.5700	-32.5000
5469.9397	90.6900	-37.7000
5561.6173	90.4000	-43.2000
5654.8313	89.7400	-47.2000
5749.6077	89.0000	-48.5000
5845.9725	88.4400	-48.6000
5943.9525	87.9500	-48.8000
6043.5746	87.4600	-48.3000
6144.8664	87.1100	-46.9000
6247.8558	86.9700	-45.4000
6352.5714	87.0600	-44.5000
6459.0421	87.3700	-45.3000
6567.2972	87.5800	-49.0000
6677.3667	87.4200	-53.6000
6789.2810	87.1000	-57.1000
6903.0710	86.8100	-60.7000
7018.7682	86.4500	-64.7000
7136.4045	86.0300	-69.4000
7256.0123	85.4400	-75.1000
7377.6249	84.5100	-81.0000
7501.2757	83.1700	-85.7000
7626.9989	81.4500	-87.4000
7754.8293	79.5200	-84.3000
7884.8021	77.8600	-76.9000
8016.9533	76.7800	-67.8000
8151.3194	76.4500	-58.9000
8287.9375	76.6400	-53.0000
8426.8454	76.9800	-50.2000
8568.0814	77.1600	-50.5000
8711.6845	76.9600	-51.2000
8857.6945	76.7300	-50.5000
9006.1516	76.8000	-49.3000
9157.0969	77.2500	-51.1000
9310.5721	77.4700	-57.9000
9466.6196	77.0900	-68.3000
9625.2825	75.7600	-78.8000
9786.6046	73.3800	-83.9000
9950.6305	70.2100	-75.9000
10117.4050	67.6900	-54.4000
10286.9760	67.4100	-35.4000
10459.3880	68.3200	-25.6000
10634.6900	69.1600	-23.3000
10812.9300	69.6400	-24.8000
10994.1570	69.6600	-27.8000
11178.4220	69.2800	-31.1000
11365.7750	68.3600	-31.9000
11556.2680	67.2300	-27.8000
11749.9540	66.6400	-20.4000
11946.8860	66.8000	-14.2000
12147.1190	67.3800	-12.4000
12350.7080	67.6400	-14.3000
12557.7080	67.4200	-18.0000
12768.1790	66.4800	-20.7000
12982.1770	65.1700	-17.6000
13199.7610	64.6000	-10.0000
13420.9920	64.9500	-4.1000
13645.9310	65.3800	-3.0000
13874.6410	65.3600	-4.3000
14107.1830	64.9600	-4.8000
14343.6230	64.7300	-2.2000
14584.0250	65.1400	1.2000
14828.4570	65.9500	0.4000
15076.9860	66.3300	-5.4000
15329.6800	66.1200	-12.5000
15586.6090	65.3900	-16.6000
15847.8440	64.7500	-17.8000
16113.4580	64.2700	-19.5000
16383.5240	63.6500	-22.2000
16658.1150	63.0600	-18.9000
16937.3100	63.6700	-19.9000
17221.1830	63.1400	-25.2000
17509.8140	62.6600	-27.1000
17803.2830	62.0500	-30.2000
18101.6700	60.9700	-29.3000
18405.0590	60.3400	-24.6000
18713.5320	60.6700	-20.0000
19027.1760	61.4100	-22.8000
19346.0760	61.4500	-30.1000
19670.3210	60.2200	-36.5000
20000.0000	59.2000	-37.3000