20.1989	72.3600	112.8000
20.5375	72.5200	112.3000
20.8817	72.6900	111.8000
21.2317	72.8600	111.3000
21.5875	73.0400	110.8000
21.9493	73.2200	110.3000
22.3172	73.4100	109.8000
22.6913	73.6100	109.3000
23.0716	73.8100	108.8000
23.4583	74.0300	108.3000
23.8514	74.2500	107.8000
24.2512	74.4800	107.3000
24.6576	74.7200	106.8000
25.0709	74.9900	106.3000
25.4911	75.2800	105.8000
25.9183	75.5900	105.3000
26.3527	75.9300	104.8000
26.7944	76.3100	104.3000
27.2435	76.7100	103.8000
27.7001	77.1400	103.3000
28.1644	77.6000	102.8000
28.6364	78.0800	102.4000
29.1164	78.5800	101.9000
29.6044	79.0800	101.4000
30.1005	79.5900	100.9000
30.6050	80.1100	100.4000
31.1180	80.6100	99.9000
31.6395	81.1100	99.4000
32.1698	81.6000	98.9000
32.7090	82.0800	98.5000
33.2572	82.5200	98.0000
33.8146	82.9500	97.5000
34.3813	83.3400	97.0000
34.9576	83.7000	96.5000
35.5435	84.0300	96.0000
36.1392	84.3100	95.6000
36.7449	84.5600	95.1000
37.3607	84.7700	94.6000
37.9869	84.9300	94.1000
38.6236	85.0500	93.6000
39.2709	85.1200	93.2000
39.9291	85.1500	92.7000
40.5983	85.1500	92.2000
41.2788	85.1200	91.7000
41.9706	85.0700	91.3000
42.6741	85.0100	90.8000
43.3893	84.9500	90.3000
44.1165	84.9100	89.8000
44.8559	84.8900	89.4000
45.6077	84.9200	88.9000
46.3721	85.0300	88.4000
47.1493	85.2000	87.9000
47.9395	85.4000	87.4000
48.7430	85.6300	86.9000
49.5600	85.8700	86.5000
50.3906	86.1000	86.0000
51.2351	86.3300	85.5000
52.0939	86.5500	85.0000
52.9670	86.7600	84.5000
53.8547	86.9600	84.0000
54.7573	87.1700	83.5000
55.6751	87.4000	83.0000
56.6082	87.6200	82.6000
57.5570	87.8500	82.0000
58.5216	88.0700	81.5000
59.5025	88.2600	81.0000
60.4997	88.4100	80.5000
61.5137	88.5000	80.0000
62.5447	88.5500	79.5000
63.5930	88.5600	79.0000
64.6588	88.5400	78.5000
65.7425	88.5400	78.0000
66.8444	88.5700	77.4000
67.9647	88.6800	76.9000
69.1038	88.8800	76.4000
70.2620	89.1500	75.9000
71.4396	89.4600	75.3000
72.6370	89.7900	74.8000
73.8544	90.0800	74.2000
75.0922	90.3100	73.7000
76.3508	90.4800	73.1000
77.6304	90.5700	72.6000
78.9315	90.5700	72.0000
80.2544	90.5200	71.4000
81.5995	90.4300	70.9000
82.9672	90.3200	70.3000
84.3577	90.2400	69.7000
85.7716	90.2400	69.1000
87.2091	90.3600	68.6000
88.6707	90.6100	68.0000
90.1569	90.9300	67.4000
91.6680	91.2600	66.8000
93.2043	91.5200	66.2000
94.7665	91.6900	65.6000
96.3548	91.7200	64.9000
97.9697	91.6700	64.3000
99.6117	91.5600	63.7000
101.2812	91.4400	63.0000
102.9787	91.3700	62.4000
104.7047	91.3600	61.8000
106.4595	91.4400	61.1000
108.2438	91.5800	60.4000
110.0580	91.7400	59.8000
111.9026	91.8900	59.1000
113.7781	91.9900	58.4000
115.6851	92.0100	57.8000
117.6240	91.9600	57.1000
119.5954	91.8400	56.4000
121.5998	91.6900	55.7000
123.6379	91.6100	55.0000
125.7101	91.6200	54.3000
127.8170	91.7500	53.5000
129.9592	91.8900	52.8000
132.1374	91.9700	52.1000
134.3520	91.9600	51.3000
136.6038	91.8900	50.6000
138.8933	91.8300	49.8000
141.2212	91.8300	49.1000
143.5881	91.8700	48.3000
145.9947	91.9300	47.5000
148.4416	92.0200	46.8000
150.9295	92.1000	46.0000
153.4591	92.1400	45.2000
156.0312	92.1200	44.4000
158.6463	92.0400	43.6000
161.3052	91.9800	42.8000
164.0087	91.9900	42.0000
166.7576	92.0500	41.2000
169.5525	92.0900	40.4000
172.3942	92.0900	39.6000
175.2836	92.0400	38.7000
178.2214	92.0200	37.9000
181.2084	92.0600	37.1000
184.2455	92.1400	36.2000
187.3335	92.1900	35.4000
190.4733	92.2200	34.6000
193.6656	92.2300	33.7000
196.9115	92.2300	32.9000
200.2118	92.2400	32.0000
203.5674	92.2900	31.2000
206.9792	92.3300	30.4000
210.4483	92.3000	29.6000
213.9754	92.2500	28.8000
217.5617	92.2600	28.0000
221.2081	92.3500	27.2000
224.9156	92.4100	26.5000
228.6852	92.3700	25.7000
232.5181	92.3200	24.9000
236.4151	92.3100	24.1000
240.3775	92.3400	23.3000
244.4063	92.3600	22.6000
248.5026	92.2700	21.9000
252.6676	92.2100	21.1000
256.9023	92.2900	20.5000
261.2081	92.3200	19.8000
265.5860	92.1900	19.1000
270.0373	92.0900	18.5000
274.5632	92.0900	17.8000
279.1649	92.1200	17.3000
283.8438	92.0900	16.7000
288.6011	92.0400	16.1000
293.4381	92.0900	15.5000
298.3562	92.1300	14.9000
303.3567	92.0800	14.4000
308.4410	92.1100	14.0000
313.6106	92.1900	13.5000
318.8668	92.1800	13.1000
324.2111	92.0900	12.7000
329.6449	92.0300	12.4000
335.1699	91.9600	12.1000
340.7874	91.8900	11.8000
346.4991	91.8800	11.6000
352.3065	91.8600	11.4000
358.2112	91.8000	11.2000
364.2149	91.7700	11.1000
370.3192	91.7600	11.0000
376.5259	91.7100	10.9000
382.8365	91.6600	10.9000
389.2530	91.6100	10.8000
395.7770	91.5800	10.8000
402.4103	91.5900	10.9000
409.1548	91.5900	10.9000
416.0123	91.6000	10.9000
422.9848	91.6200	10.9000
430.0741	91.6300	10.9000
437.2823	91.6600	10.9000
444.6112	91.6900	10.9000
452.0630	91.7300	10.9000
459.6397	91.7500	10.9000
467.3434	91.7500	10.8000
475.1762	91.7200	10.7000
483.1402	91.6900	10.6000
491.2378	91.6800	10.5000
499.4710	91.6700	10.4000
507.8423	91.6800	10.3000
516.3539	91.6900	10.1000
525.0081	91.7000	10.0000
533.8074	91.7200	9.8000
542.7541	91.7400	9.6000
551.8508	91.7700	9.3000
561.0999	91.7900	9.0000
570.5041	91.8100	8.7000
580.0659	91.8400	8.3000
589.7880	91.8600	8.0000
599.6729	91.8800	7.6000
609.7236	91.8900	7.1000
619.9428	91.9000	6.7000
630.3331	91.9100	6.3000
640.8976	91.9000	6.0000
651.6392	91.8900	5.7000
662.5608	91.8800	5.5000
673.6656	91.8700	5.3000
684.9564	91.8600	5.3000
696.4364	91.8500	5.3000
708.1088	91.8600	5.3000
719.9769	91.8700	5.5000
732.0439	91.9000	5.6000
744.3132	91.9500	5.8000
756.7880	92.0100	6.0000
769.4720	92.1000	6.1000
782.3685	92.2100	6.2000
795.4812	92.3300	6.1000
808.8137	92.4700	6.0000
822.3696	92.6100	5.6000
836.1527	92.7500	5.0000
850.1668	92.9000	4.3000
864.4158	93.0300	3.4000
878.9036	93.1400	2.4000
893.6343	93.2300	1.2000
908.6118	93.3000	0.0000
923.8403	93.3500	-1.4000
939.3242	93.3600	-2.7000
955.0674	93.3500	-4.0000
971.0747	93.3100	-5.3000
987.3501	93.2500	-6.4000
1003.8983	93.1800	-7.4000
1020.7239	93.1000	-8.2000
1037.8315	93.0100	-8.9000
1055.2258	92.9400	-9.4000
1072.9116	92.8800	-9.8000
1090.8939	92.8400	-10.1000
1109.1775	92.8200	-10.4000
1127.7676	92.8200	-10.8000
1146.6693	92.8400	-11.2000
1165.8877	92.8600	-11.8000
1185.4283	92.8800	-12.5000
1205.2964	92.8900	-13.3000
1225.4974	92.8800	-14.1000
1246.0371	92.8600	-15.0000
1266.9209	92.8200	-15.8000
1288.1549	92.7700	-16.4000
1309.7446	92.7200	-17.0000
1331.6963	92.6800	-17.4000
1354.0157	92.6400	-17.7000
1376.7095	92.6400	-18.0000
1399.7834	92.6600	-18.2000
1423.2441	92.7000	-18.5000
1447.0981	92.7700	-19.0000
1471.3518	92.8500	-19.5000
1496.0120	92.9500	-20.3000
1521.0856	93.0500	-21.3000
1546.5793	93.1500	-22.5000
1572.5004	93.2300	-23.9000
1598.8560	93.3000	-25.5000
1625.6531	93.3500	-27.3000
1652.8994	93.3600	-29.3000
1680.6024	93.3300	-31.4000
1708.7697	93.2500	-33.6000
1737.4091	93.1200	-35.8000
1766.5284	92.9500	-37.9000
1796.1360	92.7300	-39.8000
1826.2397	92.4800	-41.5000
1856.8479	92.2100	-42.9000
1887.9691	91.9300	-44.0000
1919.6121	91.6500	-44.9000
1951.7852	91.3900	-45.6000
1984.4976	91.1400	-46.1000
2017.7582	90.9200	-46.6000
2051.5764	90.7200	-47.1000
2085.9612	90.5300	-47.7000
2120.9224	90.3400	-48.4000
2156.4695	90.1300	-49.2000
2192.6125	89.9000	-50.0000
2229.3613	89.6300	-50.8000
2266.7258	89.3500	-51.3000
2304.7168	89.0400	-51.7000
2343.3445	88.7400	-51.8000
2382.6194	88.4300	-51.8000
2422.5527	88.1500	-51.5000
2463.1553	87.8900	-51.1000
2504.4385	87.6600	-50.7000
2546.4133	87.4600	-50.4000
2589.0918	87.2500	-50.6000
2632.4858	86.9700	-51.1000
2676.6069	86.5600	-51.6000
2721.4673	86.0000	-51.8000
2767.0798	85.3000	-50.8000
2813.4568	84.5300	-48.3000
2860.6111	83.8100	-43.8000
2908.5557	83.2800	-37.6000
2957.3037	83.0300	-30.1000
3006.8689	83.1300	-22.2000
3057.2646	83.5700	-15.0000
3108.5051	84.2600	-8.9000
3160.6045	85.1200	-4.3000
3213.5769	86.0800	-1.3000
3267.4375	87.0600	0.3000
3322.2004	88.0200	0.4000
3377.8813	88.9000	-0.5000
3434.4954	89.6800	-2.2000
3492.0583	90.3700	-4.4000
3550.5862	90.9900	-6.8000
3610.0950	91.5700	-9.5000
3670.6008	92.1000	-12.7000
3732.1211	92.5700	-16.4000
3794.6724	92.9500	-20.6000
3858.2720	93.2000	-25.1000
3922.9375	93.3400	-29.6000
3988.6870	93.3500	-34.3000
4055.5383	93.1800	-38.9000
4123.5103	92.8100	-42.7000
4192.6211	92.3000	-45.0000
4262.8906	91.7800	-45.3000
4334.3379	91.4000	-43.9000
4406.9824	91.2600	-41.4000
4480.8442	91.4200	-38.4000
4555.9443	91.9000	-36.3000
4632.3032	92.5200	-35.8000
4709.9419	93.1400	-36.8000
4788.8813	93.7300	-38.7000
4869.1445	94.3000	-41.5000
4950.7524	94.8100	-45.2000
5033.7280	95.2000	-49.9000
5118.0947	95.4100	-54.7000
5203.8750	95.5000	-59.2000
5291.0933	95.5400	-63.2000
5379.7734	95.5300	-66.9000
5469.9399	95.5000	-69.9000
5561.6172	95.5200	-72.4000
5654.8315	95.6000	-75.1000
5749.6079	95.6300	-78.0000
5845.9727	95.5800	-80.7000
5943.9526	95.4500	-82.4000
6043.5747	95.4500	-82.5000
6144.8662	95.8200	-82.1000
6247.8560	96.5000	-83.2000
6352.5713	97.3200	-86.3000
6459.0420	98.1900	-91.4000
6567.2974	99.0000	-98.9000
6677.3667	99.5200	-108.7000
6789.2808	99.5300	-119.4000
6903.0708	99.0200	-128.5000
7018.7681	98.3600	-134.4000
7136.4043	97.8900	-138.5000
7256.0122	97.5500	-142.4000
7377.6250	97.2500	-146.0000
7501.2759	97.0800	-149.2000
7626.9990	97.0000	-152.9000
7754.8291	96.9800	-156.8000
7884.8022	97.0900	-160.8000
8016.9531	97.4100	-166.0000
8151.3193	97.7800	-174.9000
8287.9375	97.7300	174.5000
8426.8457	96.9300	162.2000
8568.0811	95.4300	154.2000
8711.6846	93.9500	152.2000
8857.6943	93.0100	153.1000
9006.1514	92.5400	154.2000
9157.0967	92.4200	154.5000
9310.5723	92.5700	152.9000
9466.6191	92.8400	149.1000
9625.2822	93.1100	142.5000
9786.6045	93.0200	132.8000
9950.6309	92.2100	122.8000
10117.4050	90.8500	116.4000
10286.9760	89.4600	115.0000
10459.3880	88.5200	117.9000
10634.6900	88.4200	122.6000
10812.9300	89.2300	125.1000
10994.1570	90.5500	121.8000
11178.4220	91.8200	111.5000
11365.7750	92.2600	95.1000
11556.2680	91.5000	78.5000
11749.9540	89.9600	66.7000
11946.8860	88.1900	60.3000
12147.1190	86.5800	60.2000
12350.7080	85.9500	65.5000
12557.7080	86.8400	69.5000
12768.1790	88.7300	63.1000
12982.1770	89.8400	44.5000
13199.7610	89.0900	22.6000
13420.9920	86.8400	8.5000
13645.9310	84.6800	6.5000
13874.6410	84.0500	10.6000
14107.1830	84.9200	10.4000
14343.6230	86.4800	0.4000
14584.0250	87.2300	-21.2000
14828.4570	86.0700	-44.2000
15076.9860	83.9100	-59.2000
15329.6800	81.9300	-66.8000
15586.6090	80.5700	-69.9000
15847.8440	80.2900	-72.2000
16113.4580	80.9400	-79.2000
16383.5240	81.6500	-95.9000
16658.1150	80.9400	-118.7000
16937.3110	78.8200	-135.0000
17221.1840	76.9500	-143.1000
17509.8140	76.1200	-146.9000
17803.2830	76.2200	-159.2000
18101.6700	74.6900	111.2000
18405.0590	71.4100	173.6000
18713.5310	69.9800	-177.7000
19027.1760	71.1800	-175.2000
19346.0760	72.5000	174.8000