20.1989	42.4400	162.0000
20.5375	42.6400	161.7000
20.8817	42.8100	161.4000
21.2317	42.9400	161.1000
21.5875	43.0100	160.8000
21.9493	43.0000	160.5000
22.3172	42.8900	160.2000
22.6913	42.6900	159.9000
23.0716	42.3700	159.6000
23.4583	41.9200	159.3000
23.8514	41.3500	158.9000
24.2512	40.7800	158.6000
24.6576	40.4600	158.3000
25.0709	40.5000	158.0000
25.4911	41.0700	157.6000
25.9183	41.9600	157.3000
26.3527	42.9800	157.0000
26.7944	43.9800	156.6000
27.2435	44.8900	156.3000
27.7001	45.6700	155.9000
28.1644	46.3500	155.5000
28.6364	46.9800	155.2000
29.1164	47.6700	154.8000
29.6044	48.5100	154.4000
30.1005	49.4900	154.1000
30.6050	50.4800	153.7000
31.1180	51.3300	153.3000
31.6395	52.0500	152.9000
32.1698	52.6500	152.5000
32.7090	53.1900	152.1000
33.2572	53.7000	151.7000
33.8146	54.2300	151.3000
34.3813	54.7800	150.9000
34.9576	55.3300	150.5000
35.5435	55.8200	150.1000
36.1392	56.2200	149.6000
36.7449	56.5700	149.2000
37.3607	56.8700	148.8000
37.9869	57.1600	148.3000
38.6236	57.4300	147.9000
39.2709	57.6600	147.5000
39.9291	57.7900	147.0000
40.5983	57.8400	146.6000
41.2788	57.8500	146.1000
41.9706	57.8500	145.6000
42.6741	57.8400	145.2000
43.3893	57.8200	144.7000
44.1165	57.8000	144.3000
44.8559	57.7800	143.8000
45.6077	57.7900	143.3000
46.3721	57.8800	142.8000
47.1493	58.0700	142.4000
47.9395	58.4000	141.9000
48.7430	58.8200	141.4000
49.5600	59.2900	140.9000
50.3906	59.7700	140.4000
51.2351	60.2400	139.9000
52.0939	60.7100	139.4000
52.9670	61.1800	138.9000
53.8547	61.6700	138.4000
54.7573	62.1700	137.9000
55.6751	62.6800	137.4000
56.6082	63.1800	136.8000
57.5570	63.6700	136.3000
58.5216	64.1500	135.8000
59.5025	64.5800	135.3000
60.4997	64.9500	134.7000
61.5137	65.2400	134.2000
62.5447	65.4700	133.7000
63.5930	65.6500	133.1000
64.6588	65.8000	132.6000
65.7425	65.9700	132.0000
66.8444	66.2000	131.5000
67.9647	66.5300	131.0000
69.1038	66.9800	130.4000
70.2620	67.5000	129.9000
71.4396	68.0600	129.3000
72.6370	68.5900	128.8000
73.8544	69.0600	128.2000
75.0922	69.4500	127.6000
76.3508	69.7500	127.1000
77.6304	69.9700	126.5000
78.9315	70.1100	125.9000
80.2544	70.2000	125.3000
81.5995	70.2600	124.8000
82.9672	70.3500	124.2000
84.3577	70.5000	123.6000
85.7716	70.8000	123.0000
87.2091	71.2500	122.4000
88.6707	71.8200	121.8000
90.1569	72.4300	121.2000
91.6680	72.9900	120.6000
93.2043	73.4500	120.0000
94.7665	73.7800	119.4000
96.3548	74.0000	118.8000
97.9697	74.1700	118.2000
99.6117	74.3300	117.5000
101.2812	74.5300	116.9000
102.9787	74.8200	116.3000
104.7047	75.2000	115.6000
106.4595	75.6400	115.0000
108.2438	76.1100	114.3000
110.0580	76.5600	113.7000
111.9026	76.9700	113.0000
113.7781	77.3300	112.3000
115.6851	77.6400	111.7000
117.6240	77.9000	111.0000
119.5954	78.1300	110.3000
121.5998	78.4000	109.6000
123.6379	78.7500	108.9000
125.7101	79.1900	108.2000
127.8170	79.6600	107.5000
129.9592	80.0900	106.8000
132.1374	80.4300	106.1000
134.3520	80.7200	105.4000
136.6038	80.9900	104.6000
138.8933	81.3100	103.9000
141.2212	81.6600	103.1000
143.5881	82.0100	102.4000
145.9947	82.3500	101.6000
148.4416	82.6500	100.8000
150.9295	82.8900	100.0000
153.4591	83.0500	99.2000
156.0312	83.1600	98.4000
158.6463	83.2500	97.6000
161.3052	83.3500	96.8000
164.0087	83.4600	95.9000
166.7576	83.5600	95.1000
169.5525	83.6300	94.2000
172.3942	83.6600	93.4000
175.2836	83.6900	92.5000
178.2214	83.7400	91.6000
181.2084	83.7800	90.8000
184.2455	83.7800	89.9000
187.3335	83.7400	88.9000
190.4733	83.6900	88.0000
193.6656	83.6200	87.1000
196.9115	83.5500	86.2000
200.2118	83.4900	85.2000
203.5674	83.4300	84.3000
206.9792	83.3700	83.3000
210.4483	83.3500	82.3000
213.9754	83.3400	81.4000
217.5617	83.3100	80.4000
221.2081	83.2400	79.4000
224.9156	83.1900	78.4000
228.6852	83.1700	77.4000
232.5181	83.1800	76.4000
236.4151	83.1800	75.3000
240.3775	83.1800	74.3000
244.4063	83.2200	73.3000
248.5026	83.2600	72.2000
252.6676	83.2800	71.2000
256.9023	83.2600	70.2000
261.2081	83.2500	69.1000
265.5860	83.3000	68.1000
270.0373	83.3700	67.1000
274.5632	83.4000	66.1000
279.1649	83.4200	65.0000
283.8438	83.4600	64.0000
288.6011	83.4900	63.0000
293.4381	83.5000	62.0000
298.3562	83.5300	61.0000
303.3567	83.6000	60.1000
308.4410	83.6400	59.1000
313.6106	83.6400	58.2000
318.8668	83.6400	57.3000
324.2111	83.6700	56.4000
329.6449	83.6900	55.5000
335.1699	83.7000	54.7000
340.7874	83.7300	53.9000
346.4991	83.7300	53.1000
352.3065	83.7200	52.3000
358.2112	83.7200	51.6000
364.2149	83.7300	51.0000
370.3192	83.7200	50.3000
376.5259	83.7200	49.8000
382.8365	83.7100	49.2000
389.2530	83.6900	48.7000
395.7770	83.6900	48.3000
402.4103	83.6800	47.9000
409.1548	83.6500	47.5000
416.0123	83.6300	47.2000
422.9848	83.6200	47.0000
430.0741	83.6000	46.8000
437.2823	83.5800	46.6000
444.6112	83.5500	46.5000
452.0630	83.5400	46.5000
459.6397	83.5200	46.4000
467.3434	83.5000	46.4000
475.1762	83.4100	46.5000
483.1402	83.3100	46.7000
491.2378	83.2400	47.0000
499.4710	83.1900	47.3000
507.8423	83.1700	47.7000
516.3539	83.1800	48.0000
525.0081	83.2100	48.4000
533.8074	83.2700	48.7000
542.7541	83.3500	49.0000
551.8508	83.4500	49.1000
561.0999	83.5700	49.2000
570.5041	83.7100	49.2000
580.0659	83.8500	49.0000
589.7880	84.0100	48.7000
599.6729	84.1700	48.3000
609.7236	84.3000	47.8000
619.9428	84.4100	47.2000
630.3331	84.5100	46.7000
640.8976	84.6000	46.1000
651.6392	84.6800	45.5000
662.5608	84.7400	45.0000
673.6656	84.8000	44.5000
684.9564	84.8500	44.0000
696.4364	84.8800	43.7000
708.1088	84.9200	43.4000
719.9769	84.9600	43.1000
732.0439	84.9900	42.9000
744.3132	85.0400	42.8000
756.7880	85.0900	42.7000
769.4720	85.1500	42.7000
782.3685	85.2200	42.6000
795.4812	85.3000	42.6000
808.8137	85.3900	42.4000
822.3696	85.4900	42.2000
836.1527	85.5900	41.9000
850.1668	85.6900	41.5000
864.4158	85.7800	41.0000
878.9036	85.8600	40.4000
893.6343	85.9300	39.7000
908.6118	85.9700	39.0000
923.8403	86.0000	38.2000
939.3242	85.9900	37.4000
955.0674	85.9700	36.7000
971.0747	85.9200	36.2000
987.3501	85.8500	35.7000
1003.8983	85.7700	35.5000
1020.7239	85.6900	35.5000
1037.8315	85.6200	35.6000
1055.2258	85.5700	36.0000
1072.9116	85.5500	36.5000
1090.8939	85.5700	37.0000
1109.1775	85.6200	37.6000
1127.7676	85.7000	37.9000
1146.6693	85.8000	38.1000
1165.8877	85.9100	38.1000
1185.4283	86.0200	37.9000
1205.2964	86.1200	37.5000
1225.4974	86.2000	37.0000
1246.0371	86.2500	36.4000
1266.9209	86.2800	35.7000
1288.1549	86.2900	35.2000
1309.7446	86.2900	34.7000
1331.6963	86.2800	34.2000
1354.0157	86.2800	33.9000
1376.7095	86.2800	33.5000
1399.7834	86.3000	33.1000
1423.2441	86.3200	32.5000
1447.0981	86.3400	31.8000
1471.3518	86.3400	30.9000
1496.0120	86.3000	29.8000
1521.0856	86.2000	28.5000
1546.5793	86.0500	27.3000
1572.5004	85.8200	26.1000
1598.8560	85.5100	25.1000
1625.6531	85.1100	24.5000
1652.8994	84.6400	24.5000
1680.6024	84.0900	25.3000
1708.7697	83.5000	27.2000
1737.4091	82.9100	30.6000
1766.5284	82.4000	35.5000
1796.1360	82.0900	42.1000
1826.2397	82.1000	49.8000
1856.8479	82.5400	57.7000
1887.9691	83.3900	64.3000
1919.6121	84.5000	68.6000
1951.7852	85.7100	70.2000
1984.4976	86.8400	69.5000
2017.7582	87.8100	66.7000
2051.5764	88.5200	62.7000
2085.9612	88.9500	58.1000
2120.9224	89.0900	53.5000
2156.4695	88.9800	49.7000
2192.6125	88.7000	47.4000
2229.3613	88.3900	47.0000
2266.7258	88.2200	48.2000
2304.7168	88.2800	50.0000
2343.3445	88.5600	51.4000
2382.6194	88.9400	51.7000
2422.5527	89.2900	51.1000
2463.1553	89.5900	50.2000
2504.4385	89.8600	49.3000
2546.4133	90.1700	48.4000
2589.0918	90.5300	46.9000
2632.4858	90.8700	44.5000
2676.6069	91.1000	41.2000
2721.4673	91.1400	37.6000
2767.0798	90.9900	34.2000
2813.4568	90.6800	31.8000
2860.6111	90.3100	30.6000
2908.5557	89.9600	30.7000
2957.3037	89.7100	31.7000
3006.8689	89.6100	33.3000
3057.2646	89.7000	35.0000
3108.5051	89.9500	36.1000
3160.6045	90.2800	36.1000
3213.5769	90.5700	34.9000
3267.4375	90.7600	33.1000
3322.2004	90.8300	31.2000
3377.8813	90.8500	29.7000
3434.4954	90.8700	28.3000
3492.0583	90.9200	26.8000
3550.5862	90.9400	25.0000
3610.0950	90.8800	22.7000
3670.6008	90.6900	20.7000
3732.1211	90.3900	19.3000
3794.6724	90.0900	19.0000
3858.2720	89.8400	19.2000
3922.9375	89.6200	19.7000
3988.6870	89.4400	21.0000
4055.5383	89.4400	22.8000
4123.5103	89.6400	23.8000
4192.6211	89.8500	23.4000
4262.8906	89.9100	22.6000
4334.3379	89.9400	22.3000
4406.9824	90.0600	22.1000
4480.8442	90.2300	21.2000
4555.9443	90.3900	19.9000
4632.3032	90.5600	18.0000
4709.9419	90.6800	15.2000
4788.8813	90.6100	11.6000
4869.1445	90.2900	8.5000
4950.7524	89.8800	6.8000
5033.7280	89.5700	5.7000
5118.0947	89.2300	4.1000
5203.8750	88.7100	2.9000
5291.0933	88.2000	3.5000
5379.7734	87.8800	4.1000
5469.9399	87.5400	4.0000
5561.6172	87.0500	4.4000
5654.8315	86.5400	5.9000
5749.6079	86.0300	8.8000
5845.9727	85.7400	13.7000
5943.9526	85.9500	18.9000
6043.5747	86.4500	22.0000
6144.8662	87.0700	23.4000
6247.8560	87.7200	22.2000
6352.5713	88.1100	19.0000
6459.0420	88.2500	15.9000
6567.2974	88.3000	12.4000
6677.3667	88.1300	8.1000
6789.2808	87.5800	4.6000
6903.0708	86.8300	3.5000
7018.7681	86.2400	5.0000
7136.4043	85.9800	6.6000
7256.0122	85.8100	7.5000
7377.6250	85.6600	8.3000
7501.2759	85.6400	8.7000
7626.9990	85.6100	7.7000
7754.8291	85.3500	5.7000
7884.8022	84.8000	4.0000
8016.9531	84.0400	3.8000
8151.3193	83.2800	5.5000
8287.9375	82.6100	8.7000
8426.8457	82.0500	13.1000
8568.0811	81.7500	19.1000
8711.6846	81.8800	25.3000
8857.6943	82.3500	29.3000
9006.1514	82.8100	30.8000
9157.0967	83.0700	30.5000
9310.5723	83.1000	29.9000
9466.6191	82.9600	29.9000
9625.2822	82.8200	30.9000
9786.6045	82.7300	32.0000
9950.6309	82.6000	32.8000
10117.4050	82.4400	33.6000
10286.9760	82.2700	34.6000
10459.3880	82.1200	36.0000
10634.6900	82.0500	38.4000
10812.9300	82.0700	40.8000
10994.1570	82.0200	43.3000
11178.4220	82.0600	46.2000
11365.7750	82.3400	48.2000
11556.2680	82.7100	48.2000
11749.9540	82.9300	46.6000
11946.8860	82.7400	44.3000
12147.1190	82.1200	44.9000
12350.7080	81.6500	48.9000
12557.7080	81.7700	54.1000
12768.1790	82.2900	55.9000
12982.1770	82.4000	54.1000
13199.7610	81.8400	52.6000
13420.9920	80.8500	54.2000
13645.9310	80.0000	62.7000
13874.6410	80.3600	74.2000
14107.1830	81.4200	80.9000
14343.6230	82.2900	83.3000
14584.0250	82.8000	85.4000
14828.4570	83.4600	89.6000
15076.9860	84.5400	93.2000
15329.6800	85.8900	93.3000
15586.6090	86.9500	88.9000
15847.8440	87.3800	84.0000
16113.4580	87.6600	82.1000
16383.5240	88.3200	79.3000
16658.1150	88.6300	73.1000
16937.3110	88.2200	68.7000
17221.1840	87.7300	69.7000
17509.8140	87.8200	72.0000
17803.2830	88.1900	73.0000
18101.6700	88.6400	72.8000
18405.0590	89.1900	71.6000
18713.5310	89.6300	68.8000
19027.1760	89.9700	66.6000
19346.0760	90.3800	62.9000
19670.3200	90.4500	57.4000