5.00000	54.944	155.579
5.07273	55.052	155.516
5.14651	55.194	155.433
5.22137	55.383	155.323
5.29732	55.591	155.201
5.37437	55.821	155.065
5.45254	56.050	154.927
5.53185	56.280	154.787
5.61231	56.510	154.645
5.69394	56.740	154.501
5.77676	56.969	154.355
5.86079	57.199	154.206
5.94604	57.429	154.056
6.03252	57.658	153.903
6.12027	57.888	153.748
6.20929	58.118	153.590
6.29961	58.348	153.430
6.39124	58.577	153.268
6.48420	58.807	153.103
6.57851	59.037	152.936
6.67420	59.267	152.767
6.77128	59.496	152.595
6.86977	59.726	152.420
6.96969	59.956	152.243
7.07107	60.186	152.063
7.17392	60.415	151.880
7.27827	60.645	151.695
7.38413	60.875	151.507
7.49154	61.104	151.316
7.60050	61.334	151.122
7.71105	61.564	150.925
7.82321	61.794	150.726
7.93701	62.023	150.523
8.05245	62.253	150.317
8.16958	62.483	150.108
8.28841	62.713	149.896
8.40896	62.942	149.681
8.53128	63.172	149.463
8.65537	63.402	149.241
8.78126	63.631	149.015
8.90899	63.861	148.787
9.03857	64.091	148.555
9.17004	64.321	148.319
9.30342	64.550	148.080
9.43874	64.780	147.837
9.57603	65.010	147.590
9.71532	65.240	147.340
9.85663	65.469	147.085
10.0000	65.699	146.827
10.1455	65.929	146.565
10.2930	66.159	146.299
10.4427	66.388	146.028
10.5946	66.618	145.754
10.7487	66.848	145.475
10.9051	67.077	145.191
11.0637	67.307	144.904
11.2246	67.537	144.612
11.3879	67.767	144.315
11.5535	67.996	144.013
11.7216	68.226	143.707
11.8921	68.456	143.396
12.0650	68.686	143.080
12.2405	68.915	142.759
12.4186	69.145	142.432
12.5992	69.375	142.101
12.7825	69.605	141.764
12.9684	69.834	141.422
13.1570	70.064	141.074
13.3484	70.294	140.720
13.5426	70.523	140.360
13.7395	70.753	139.995
13.9394	70.983	139.623
14.1421	71.213	139.245
14.3478	71.442	138.861
14.5565	71.672	138.470
14.7683	71.902	138.073
14.9831	72.132	137.669
15.2010	72.361	137.258
15.4221	72.591	136.840
15.6464	72.821	136.414
15.8740	73.051	135.981
16.1049	73.280	135.541
16.3392	73.510	135.092
16.5768	73.740	134.635
16.8179	73.969	134.170
17.0626	74.199	133.696
17.3107	74.429	133.212
17.5625	74.659	132.720
17.8180	74.888	132.217
18.0771	75.118	131.703
18.3401	75.348	131.179
18.6068	75.578	130.642
18.8775	75.807	130.093
19.1521	76.037	129.529
19.4306	76.267	128.950
19.7133	76.497	128.351
20.0000	76.727	127.731
20.2909	76.957	127.078
20.5860	77.183	126.378
20.8855	77.405	125.633
21.1893	77.621	124.835
21.4975	77.830	124.014
21.8102	78.035	123.216
22.1274	78.237	122.460
22.4492	78.438	121.766
22.7758	78.641	121.137
23.1071	78.844	120.546
23.4432	79.050	119.978
23.7841	79.258	119.429
24.1301	79.471	118.909
24.4811	79.687	118.422
24.8372	79.905	117.972
25.1984	80.127	117.556
25.5649	80.353	117.175
25.9368	80.589	116.814
26.3141	80.837	116.449
26.6968	81.100	116.045
27.0851	81.378	115.556
27.4791	81.672	114.953
27.8788	81.974	114.229
28.2843	82.280	113.381
28.6957	82.588	112.421
29.1131	82.897	111.350
29.5365	83.207	110.159
29.9661	83.514	108.819
30.4020	83.819	107.302
30.8442	84.119	105.607
31.2929	84.413	103.752
31.7480	84.702	101.771
32.2098	84.991	99.717
32.6783	85.280	97.636
33.1536	85.570	95.549
33.6359	85.860	93.463
34.1251	86.151	91.377
34.6215	86.441	89.292
35.1250	86.731	87.206
35.6359	87.013	85.098
36.1543	87.283	82.907
36.6802	87.524	80.530
37.2137	87.730	77.854
37.7550	87.888	74.857
38.3041	87.979	71.586
38.8613	88.012	68.108
39.4265	87.997	64.519
40.0000	87.924	60.874
40.5818	87.793	57.193
41.1721	87.574	53.621
41.7710	87.277	50.292
42.3785	86.901	47.255
42.9949	86.448	44.694
43.6203	85.965	42.713
44.2548	85.470	41.245
44.8985	84.964	40.290
45.5515	84.465	39.866
46.2141	83.977	39.956
46.8863	83.524	40.551
47.5683	83.106	41.555
48.2602	82.730	42.933
48.9621	82.400	44.657
49.6743	82.117	46.715
50.3968	81.896	49.100
51.1299	81.744	51.781
51.8736	81.675	54.708
52.6281	81.714	57.722
53.3936	81.859	60.634
54.1702	82.103	63.296
54.9581	82.454	65.466
55.7575	82.875	66.997
56.5685	83.323	67.862
57.3914	83.778	68.024
58.2261	84.207	67.568
59.0730	84.585	66.576
59.9323	84.886	65.173
60.8040	85.106	63.528
61.6884	85.238	61.809
62.5857	85.281	60.174
63.4960	85.254	58.772
64.4196	85.167	57.765
65.3566	85.050	57.295
66.3073	84.945	57.409
67.2717	84.879	58.055
68.2502	84.888	59.057
69.2429	84.987	60.184
70.2501	85.170	61.177
71.2719	85.422	61.806
72.3086	85.704	62.005
73.3603	85.996	61.808
74.4274	86.294	61.217
75.5099	86.567	60.312
76.6083	86.812	59.176
77.7226	87.040	57.785
78.8531	87.229	56.142
80.0000	87.362	54.297
81.1636	87.428	52.298
82.3442	87.409	50.348
83.5419	87.305	48.644
84.7570	87.129	47.323
85.9899	86.915	46.609
87.2406	86.708	46.496
88.5096	86.531	46.875
89.7970	86.404	47.692
91.1031	86.337	48.765
92.4282	86.325	50.041
93.7726	86.377	51.476
95.1366	86.501	52.973
96.5204	86.709	54.439
97.9243	86.997	55.626
99.3486	87.357	56.414
100.794	87.766	56.691
102.260	88.187	56.441
103.747	88.612	55.718
105.256	89.035	54.503
106.787	89.432	52.799
108.340	89.796	50.637
109.916	90.120	47.998
111.515	90.366	44.955
113.137	90.521	41.603
114.783	90.567	38.088
116.452	90.491	34.555
118.146	90.281	31.198
119.865	89.938	28.316
121.608	89.500	26.143
123.377	89.006	24.820
125.171	88.497	24.542
126.992	88.056	25.284
128.839	87.720	26.771
130.713	87.507	28.762
132.615	87.428	30.924
134.543	87.479	32.938
136.500	87.635	34.589
138.486	87.874	35.665
140.500	88.154	36.037
142.544	88.428	35.780
144.617	88.664	34.937
146.721	88.825	33.659
148.855	88.888	32.212
151.020	88.864	30.774
153.217	88.749	29.589
155.445	88.566	28.889
157.706	88.366	28.815
160.000	88.180	29.476
162.327	88.071	30.796
164.688	88.087	32.508
167.084	88.239	34.161
169.514	88.524	35.299
171.980	88.885	35.589
174.481	89.250	34.954
177.019	89.559	33.560
179.594	89.754	31.710
182.206	89.829	29.747
184.856	89.795	27.988
187.545	89.694	26.641
190.273	89.581	25.769
193.041	89.486	25.268
195.849	89.425	24.993
198.697	89.399	24.784
201.587	89.392	24.550
204.520	89.398	24.284
207.494	89.419	23.964
210.512	89.452	23.519
213.574	89.486	22.858
216.681	89.500	21.939
219.833	89.449	20.863
223.030	89.308	19.876
226.274	89.090	19.282
229.565	88.826	19.362
232.905	88.586	20.278
236.292	88.445	21.898
239.729	88.457	23.791
243.216	88.615	25.376
246.754	88.865	26.236
250.343	89.135	26.229
253.984	89.348	25.478
257.678	89.440	24.368
261.426	89.415	23.407
265.229	89.314	22.940
269.087	89.201	23.164
273.001	89.162	23.953
276.972	89.235	24.791
281.000	89.379	25.243
285.088	89.532	25.186
289.234	89.628	24.825
293.441	89.653	24.583
297.709	89.644	24.760
302.040	89.674	25.546
306.433	89.823	26.599
310.890	90.098	27.312
315.412	90.460	27.349
320.000	90.855	26.434
324.655	91.191	24.665
329.377	91.427	22.364
334.168	91.544	19.785
339.028	91.533	17.247
343.959	91.423	14.956
348.962	91.241	13.034
354.038	91.009	11.575
359.188	90.753	10.612
364.412	90.494	10.160
369.713	90.259	10.181
375.090	90.062	10.604
380.546	89.925	11.308
386.081	89.859	12.106
391.697	89.853	12.810
397.394	89.885	13.320
403.175	89.939	13.617
409.039	90.000	13.667
414.989	90.048	13.510
421.025	90.058	13.273
427.149	90.033	13.165
433.362	90.002	13.313
439.665	89.994	13.764
446.060	90.059	14.348
452.548	90.206	14.670
459.131	90.389	14.495
465.809	90.568	13.770
472.584	90.686	12.577
479.458	90.720	11.219
486.432	90.681	9.898
493.507	90.584	8.721
500.686	90.444	7.809
507.968	90.278	7.235
515.357	90.104	7.029
522.853	89.946	7.195
530.458	89.828	7.664
538.174	89.777	8.241
546.002	89.774	8.643
553.943	89.790	8.766
562.001	89.783	8.647
570.175	89.739	8.462
578.469	89.661	8.359
586.883	89.562	8.459
595.419	89.471	8.807
604.080	89.401	9.300
612.866	89.348	9.890
621.780	89.321	10.555
630.824	89.310	11.231
640.000	89.316	11.910
649.309	89.333	12.568
658.753	89.355	13.215
668.335	89.381	13.921
678.056	89.426	14.756
687.919	89.508	15.703
697.925	89.651	16.627
708.077	89.850	17.289
718.376	90.069	17.511
728.825	90.275	17.312
739.426	90.438	16.810
750.181	90.544	16.215
761.093	90.612	15.726
772.163	90.672	15.451
783.394	90.754	15.307
794.789	90.860	15.151
806.349	90.992	14.875
818.078	91.135	14.316
829.977	91.265	13.411
842.050	91.359	12.229
854.298	91.394	10.868
866.724	91.346	9.515
879.330	91.221	8.432
892.120	91.042	7.862
905.097	90.856	7.910
918.262	90.722	8.549
931.618	90.684	9.527
945.169	90.747	10.442
958.917	90.889	11.024
972.864	91.067	11.119
987.015	91.242	10.755
1001.37	91.387	10.082
1015.94	91.497	9.230
1030.71	91.574	8.264
1045.71	91.622	7.221
1060.92	91.643	6.121
1076.35	91.631	4.965
1092.00	91.571	3.843
1107.89	91.472	2.832
1124.00	91.340	1.954
1140.35	91.180	1.283
1156.94	91.007	0.828
1173.77	90.826	0.624
1190.84	90.649	0.693
1208.16	90.484	1.022
1225.73	90.330	1.605
1243.56	90.204	2.384
1261.65	90.112	3.324
1280.00	90.054	4.386
1298.62	90.045	5.491
1317.51	90.080	6.558
1336.67	90.153	7.504
1356.11	90.260	8.253
1375.84	90.375	8.756
1395.85	90.487	9.078
1416.15	90.599	9.256
1436.75	90.699	9.305
1457.65	90.790	9.296
1478.85	90.881	9.252
1500.36	90.967	9.156
1522.19	91.049	8.996
1544.33	91.115	8.764
1566.79	91.156	8.563
1589.58	91.186	8.463
1612.70	91.210	8.505
1636.16	91.260	8.710
1659.95	91.344	8.917
1684.10	91.450	9.011
1708.60	91.583	8.918
1733.45	91.717	8.600
1758.66	91.839	8.108
1784.24	91.953	7.483
1810.19	92.050	6.729
1836.52	92.128	5.855
1863.24	92.174	4.872
1890.34	92.186	3.835
1917.83	92.156	2.819
1945.73	92.087	1.983
1974.03	91.998	1.362
2002.74	91.901	0.987
2031.87	91.816	0.861
2061.43	91.757	0.855
2091.41	91.720	0.874
2121.83	91.697	0.873
2152.69	91.673	0.840
2184.01	91.646	0.836
2215.77	91.620	0.868
2248.00	91.594	0.963
2280.70	91.576	1.123
2313.87	91.572	1.301
2347.53	91.577	1.491
2381.68	91.596	1.644
2416.32	91.622	1.736
2451.46	91.648	1.782
2487.12	91.673	1.780
2523.30	91.691	1.754
2560.00	91.698	1.759
2597.24	91.701	1.805
2635.01	91.701	1.903
2673.34	91.701	2.051
2712.23	91.701	2.250
2751.68	91.701	2.510
2791.70	91.701	2.847
2832.31	91.703	3.285
2873.50	91.711	3.855
2915.30	91.734	4.589
2957.70	91.786	5.461
3000.72	91.874	6.441
3044.37	92.007	7.410
3088.65	92.182	8.310
3133.58	92.383	9.103
3179.16	92.611	9.750
3225.40	92.864	10.239
3272.31	93.145	10.561
3319.91	93.462	10.658
3368.20	93.813	10.438
3417.19	94.177	9.827
3466.89	94.539	8.794
3517.32	94.864	7.345
3568.48	95.126	5.604
3620.39	95.333	3.702
3673.05	95.474	1.770
3726.47	95.558	-0.037
3780.67	95.616	-1.647
3835.67	95.654	-3.043
3891.46	95.689	-4.257
3948.06	95.728	-5.290
4005.49	95.787	-6.166
4063.75	95.875	-6.948
4122.86	96.003	-7.721
4182.82	96.173	-8.649
4243.66	96.372	-9.884
4305.39	96.581	-11.483
4368.01	96.775	-13.504
4431.55	96.921	-15.850
4496.01	97.007	-18.388
4561.40	97.015	-20.981
4627.75	96.945	-23.482
4695.06	96.812	-25.741
4763.35	96.630	-27.650
4832.64	96.418	-29.121
4902.93	96.217	-30.115
4974.24	96.047	-30.712
5046.60	95.919	-31.039
5120.00	95.839	-31.187
5194.47	95.806	-31.250
5270.03	95.812	-31.250
5346.68	95.869	-31.202
5424.45	95.983	-31.189
5503.35	96.166	-31.362
5583.40	96.416	-31.887
5664.61	96.707	-32.969
5747.01	96.989	-34.660
5830.60	97.224	-36.826
5915.41	97.387	-39.265
6001.45	97.476	-41.728
6088.74	97.513	-44.010
6177.30	97.562	-46.038
6267.15	97.651	-47.964
6358.31	97.809	-50.045
6450.80	98.018	-52.595
6544.62	98.233	-55.776
6639.82	98.404	-59.604
6736.40	98.467	-63.892
6834.38	98.402	-68.391
6933.79	98.214	-72.831
7034.64	97.905	-76.991
7136.96	97.534	-80.716
7240.77	97.144	-84.007
7346.09	96.762	-86.985
7452.94	96.403	-89.833
7561.35	96.053	-92.679
7671.33	95.674	-95.642
7782.91	95.242	-98.642
7896.12	94.734	-101.584
8010.97	94.135	-104.311
8127.49	93.447	-106.591
8245.71	92.688	-108.220
8365.65	91.866	-108.953
8487.33	91.058	-108.538
8610.78	90.326	-106.949
8736.03	89.738	-104.338
8863.09	89.354	-101.199
8992.01	89.174	-98.071
9122.80	89.171	-95.436
9255.50	89.302	-93.587
9390.12	89.530	-92.641
9526.70	89.813	-92.768
9665.27	90.093	-93.966
9805.86	90.316	-96.127
9948.49	90.426	-99.033
10093.2	90.386	-102.360
10240.0	90.197	-105.797
10388.9	89.873	-109.047
10540.1	89.455	-111.899
10693.4	88.997	-114.327
10848.9	88.521	-116.438
11006.7	88.028	-118.344
11166.8	87.504	-120.107
11329.2	86.919	-121.716
11494.0	86.258	-122.934
11661.2	85.546	-123.461
11830.8	84.841	-123.222
12002.9	84.185	-122.227
12177.5	83.622	-120.684
12354.6	83.163	-118.992
12534.3	82.778	-117.418
12716.6	82.441	-116.090
12901.6	82.106	-115.047
13089.2	81.752	-114.139
13279.6	81.377	-113.195
13472.8	80.966	-111.991
13668.8	80.564	-110.298
13867.6	80.219	-108.126
14069.3	79.957	-105.662
14273.9	79.803	-103.251
14481.5	79.738	-101.355
14692.2	79.703	-100.180
14905.9	79.642	-99.693
15122.7	79.500	-99.719
15342.7	79.238	-99.926
15565.8	78.849	-99.971
15792.2	78.345	-99.532
16021.9	77.745	-98.285
16255.0	77.094	-95.936
16491.4	76.437	-92.233
16731.3	75.854	-86.899
16974.7	75.437	-79.787
17221.6	75.291	-71.037
17472.1	75.523	-61.262
17726.2	76.185	-51.796
17984.0	77.277	-44.336
18245.6	78.694	-40.134
18511.0	80.211	-39.030
18780.2	81.698	-40.559
19053.4	83.029	-44.086
19330.5	84.120	-49.006
19611.7	84.908	-54.754
19897.0	85.395	-60.820
20186.4	85.627	-66.846
20480.0	85.637	-72.561
20777.9	85.489	-77.651
21080.1	85.279	-81.992
21386.7	85.039	-85.709
21697.8	84.799	-88.905
22013.4	84.560	-91.741
22333.6	84.320	-94.302
22658.4	84.080	-96.642
22988.0	83.840	-98.800
23322.4	83.601	-100.805
23661.6	83.361	-102.678
24005.8	83.121	-104.437
24355.0	82.882	-106.096
24709.2	82.642	-107.667
25068.6	82.402	-109.159
25433.2	82.163	-110.579
25803.2	81.923	-111.936
26178.5	81.683	-113.234
26559.3	81.444	-114.478
26945.6	81.204	-115.674
27337.5	80.964	-116.824
27735.2	80.724	-117.932
28138.6	80.485	-119.002
28547.9	80.245	-120.035
28963.1	80.005	-121.035
29384.4	79.766	-122.002
29811.8	79.526	-122.940
30245.4	79.286	-123.849
30685.3	79.047	-124.732
31131.7	78.807	-125.590
31584.5	78.567	-126.424
32043.9	78.327	-127.236
32510.0	78.088	-128.026
32982.8	77.848	-128.796
33462.6	77.608	-129.546
33949.3	77.369	-130.278
34443.1	77.129	-130.991
34944.1	76.889	-131.688
35452.4	76.650	-132.368
35968.0	76.410	-133.033
36491.2	76.170	-133.683
37022.0	75.930	-134.318
37560.5	75.691	-134.941
38106.8	75.473	-135.499
38661.1	75.276	-135.999
39223.4	75.129	-136.374
39793.9	75.015	-136.660
