5.0000	56.5100	127.0000
5.0838	55.7200	127.0000
5.1690	54.9100	127.1000
5.2556	54.1000	127.1000
5.3437	53.2700	127.1000
5.4333	52.4200	127.2000
5.5244	51.5700	127.2000
5.6169	50.6900	127.2000
5.7111	49.8100	127.2000
5.8068	48.9100	127.3000
5.9041	47.7800	127.3000
6.0031	46.3900	127.3000
6.1037	44.9900	127.4000
6.2060	43.6000	127.4000
6.3100	42.2400	127.5000
6.4158	40.9300	127.5000
6.5233	39.6700	127.5000
6.6326	38.5000	127.6000
6.7438	37.4300	127.6000
6.8568	36.4900	127.6000
6.9717	35.7100	127.7000
7.0886	35.1200	127.7000
7.2074	34.7400	127.8000
7.3282	34.6100	127.8000
7.4510	34.8300	127.8000
7.5759	35.4200	127.9000
7.7029	36.3300	127.9000
7.8320	37.4800	128.0000
7.9632	38.8100	128.0000
8.0967	40.2300	128.0000
8.2324	41.6500	128.1000
8.3704	42.9700	128.1000
8.5107	44.0700	128.2000
8.6533	44.8400	128.2000
8.7983	45.1400	128.3000
8.9458	45.1900	128.4000
9.0957	45.2300	128.5000
9.2482	45.2500	128.6000
9.4032	45.2700	128.8000
9.5608	45.2900	128.9000
9.7210	45.3100	129.1000
9.8840	45.3300	129.2000
10.0496	45.3700	129.3000
10.2180	45.4200	129.3000
10.3893	45.5400	125.0000
10.5634	45.8500	108.6000
10.7405	46.3100	82.4000
10.9205	46.9100	49.6000
11.1035	47.5900	13.5000
11.2896	48.3200	-22.1000
11.4788	49.0600	-53.0000
11.6712	49.7500	-74.8000
11.8668	50.4400	-86.8000
12.0657	51.2500	-97.7000
12.2680	52.1500	-107.6000
12.4736	53.0400	-116.4000
12.6826	53.8700	-123.8000
12.8952	54.5300	-129.7000
13.1113	54.9300	-133.8000
13.3311	55.0600	-136.3000
13.5545	55.1300	-138.5000
13.7817	55.1800	-140.5000
14.0127	55.2200	-142.1000
14.2475	55.2700	-143.3000
14.4863	55.3400	-144.1000
14.7291	55.4700	-144.2000
14.9760	55.8300	-143.5000
15.2270	56.4000	-142.3000
15.4822	57.0800	-140.9000
15.7417	57.7600	-139.7000
16.0055	58.2900	-138.9000
16.2737	58.6100	-138.8000
16.5465	58.8400	-139.0000
16.8238	59.0400	-139.2000
17.1058	59.2200	-139.6000
17.3925	59.4300	-140.1000
17.6840	59.6800	-140.6000
17.9804	59.9600	-141.8000
18.2817	60.2800	-143.5000
18.5881	60.6100	-145.6000
18.8997	60.9500	-147.7000
19.2164	61.3000	-149.9000
19.5385	61.7200	-152.2000
19.8660	62.1400	-154.8000
20.1989	62.5000	-157.5000
20.5375	62.7100	-160.4000
20.8817	62.8000	-164.1000
21.2317	62.8600	-168.5000
21.5875	62.9100	-172.3000
21.9493	63.0100	-174.0000
22.3172	63.4000	-174.0000
22.6913	64.1600	-173.9000
23.0716	64.9100	-173.8000
23.4583	65.2700	-173.8000
23.8514	65.3100	-174.8000
24.2512	65.3400	-176.9000
24.6576	65.3600	-178.8000
25.0709	65.4300	-166.2000
25.4911	65.6400	-53.5000
25.9183	65.9600	95.6000
26.3527	66.3400	174.9000
26.7944	66.8900	173.9000
27.2435	67.6000	171.6000
27.7001	68.1300	169.8000
28.1644	68.2700	169.8000
28.6364	68.3500	170.0000
29.1164	68.4100	170.3000
29.6044	68.4600	170.1000
30.1005	68.5100	169.2000
30.6050	68.5700	167.9000
31.1180	68.8000	166.8000
31.6395	69.3500	165.4000
32.1698	69.8900	164.3000
32.7090	70.2300	163.7000
33.2572	70.5200	163.3000
33.8146	70.7800	162.6000
34.3813	71.0100	160.6000
34.9576	71.2300	158.4000
35.5435	71.4400	157.0000
36.1392	71.6500	155.9000
36.7449	71.8600	154.9000
37.3607	72.0700	153.9000
37.9869	72.2800	153.0000
38.6236	72.5100	151.8000
39.2709	72.7600	150.6000
39.9291	72.9600	149.5000
40.5983	73.1200	148.4000
41.2788	73.3500	147.2000
41.9706	73.7000	145.8000
42.6741	74.0800	144.7000
43.3893	74.5400	144.0000
44.1165	74.7100	142.9000
44.8559	74.5600	139.6000
45.6077	74.5100	137.3000
46.3721	74.8600	136.4000
47.1493	74.9800	136.0000
47.9395	74.7800	135.9000
48.7430	75.0000	135.4000
49.5600	76.1000	133.7000
50.3906	76.1900	132.6000
51.2351	76.1600	131.7000
52.0939	76.4200	130.6000
52.9670	76.7000	129.2000
53.8547	76.8000	127.8000
54.7573	76.9300	126.5000
55.6751	77.0900	125.3000
56.6082	77.3100	124.5000
57.5570	77.4600	123.9000
58.5216	77.5700	123.4000
59.5025	78.1500	122.6000
60.4997	78.4100	121.8000
61.5137	78.4300	121.3000
62.5447	78.5300	120.3000
63.5930	78.7500	119.1000
64.6588	79.0300	117.9000
65.7425	79.2000	116.6000
66.8444	79.3300	115.3000
67.9647	79.4700	114.1000
69.1038	79.6000	113.2000
70.2620	79.7000	112.4000
71.4396	79.9000	111.1000
72.6370	80.0800	110.2000
73.8544	80.2700	109.0000
75.0922	80.5000	107.5000
76.3508	80.7100	106.6000
77.6304	80.8900	105.5000
78.9315	81.1000	104.2000
80.2544	81.2400	103.0000
81.5995	81.4000	101.7000
82.9672	81.5200	100.7000
84.3577	81.6900	99.5000
85.7716	81.8300	98.7000
87.2091	81.9900	97.9000
88.6707	82.2100	97.0000
90.1569	82.4200	95.9000
91.6680	82.6200	94.4000
93.2043	82.7700	93.0000
94.7665	82.9600	91.2000
96.3548	83.0000	89.9000
97.9697	83.1600	88.0000
99.6117	83.1100	86.5000
101.2812	83.0900	86.1000
102.9787	83.2900	85.5000
104.7047	83.4900	84.2000
106.4595	83.5800	82.5000
108.2438	83.6600	81.1000
110.0580	83.7200	79.9000
111.9026	83.7900	78.2000
113.7781	83.8200	77.5000
115.6851	83.9800	76.7000
117.6240	84.0200	75.6000
119.5954	83.9900	74.7000
121.5998	84.1300	75.1000
123.6379	84.3200	74.6000
125.7101	84.4600	73.3000
127.8170	84.4900	71.9000
129.9592	84.5000	70.7000
132.1374	84.5600	70.2000
134.3520	84.6500	69.6000
136.6038	84.8000	69.1000
138.8933	84.9800	68.5000
141.2212	85.1900	67.4000
143.5881	85.3200	66.2000
145.9947	85.4100	64.7000
148.4416	85.4800	63.4000
150.9295	85.5800	62.2000
153.4591	85.6200	61.5000
156.0312	85.6900	60.7000
158.6463	85.7800	59.9000
161.3052	85.8300	58.6000
164.0087	85.9100	57.5000
166.7576	85.9700	56.4000
169.5525	86.0400	55.3000
172.3942	86.1300	54.5000
175.2836	86.2300	53.7000
178.2214	86.3000	52.8000
181.2084	86.3100	51.9000
184.2455	86.3400	50.9000
187.3335	86.3800	50.0000
190.4733	86.4700	49.3000
193.6656	86.5800	48.5000
196.9115	86.6900	47.5000
200.2118	86.7700	46.2000
203.5674	86.8400	44.9000
206.9792	86.8600	43.9000
210.4483	86.8900	42.7000
213.9754	86.8700	41.9000
217.5617	86.8600	41.1000
221.2081	86.8900	40.2000
224.9156	86.9600	39.2000
228.6852	87.0200	38.5000
232.5181	87.0600	37.7000
236.4151	87.0900	37.0000
240.3775	87.0800	36.3000
244.4063	87.2000	35.5000
248.5026	87.2900	34.5000
252.6676	87.3900	33.2000
256.9023	87.4300	31.5000
261.2081	87.3700	29.9000
265.5860	87.2900	28.9000
270.0373	87.2100	28.4000
274.5632	87.1600	27.5000
279.1649	87.1300	26.7000
283.8438	87.0900	26.0000
288.6011	87.0200	25.6000
293.4381	86.9500	25.4000
298.3562	86.9100	25.0000
303.3567	86.8900	25.2000
308.4410	86.8700	25.3000
313.6106	86.9500	25.6000
318.8668	87.0900	25.3000
324.2111	87.1500	24.8000
329.6449	87.1300	24.5000
335.1698	87.1800	24.6000
340.7874	87.2900	24.8000
346.4991	87.3700	24.7000
352.3065	87.4400	24.7000
358.2112	87.5000	24.8000
364.2149	87.5800	24.9000
370.3193	87.6700	25.1000
376.5259	87.7100	25.5000
382.8366	87.7400	26.0000
389.2530	87.7800	25.9000
395.7770	87.7400	26.3000
402.4103	87.6100	26.7000
409.1548	87.4900	27.0000
416.0123	87.3300	26.9000
422.9848	87.1400	26.3000
430.0741	87.0200	25.6000
437.2823	86.9300	24.2000
444.6112	86.9300	22.7000
452.0630	87.0900	21.8000
459.6397	87.3000	21.3000
467.3434	87.3900	21.4000
475.1762	87.3300	22.0000
483.1402	87.1500	23.0000
491.2378	86.9400	23.2000
499.4710	86.9200	21.7000
507.8423	87.0000	20.1000
516.3539	87.0600	13.0000
525.0081	87.5100	15.8000
533.8074	88.1000	14.8000
542.7541	88.2800	11.3000
551.8508	87.9800	8.7000
561.0999	87.5700	9.0000
570.5041	87.4700	10.9000
580.0659	87.6000	11.6000
589.7879	87.5900	11.3000
599.6729	87.4800	12.4000
609.7236	87.6400	14.9000
619.9427	88.1800	16.1000
630.3331	88.7800	14.6000
640.8976	89.1900	10.8000
651.6392	89.2200	6.5000
662.5609	89.0200	2.8000
673.6656	88.6000	-0.2000
684.9564	88.0800	-1.0000
696.4364	87.7100	-0.7000
708.1088	87.4100	0.1000
719.9769	87.2600	1.7000
732.0439	87.3600	2.5000
744.3131	87.3500	1.7000
756.7880	87.1100	1.1000
769.4720	86.8000	2.1000
782.3685	86.6700	4.9000
795.4812	87.0000	7.4000
808.8137	87.4600	6.9000
822.3696	87.5800	4.3000
836.1527	87.4200	3.0000
850.1668	87.2600	2.5000
864.4158	87.0700	2.7000
878.9036	87.0200	3.6000
893.6343	86.9600	3.6000
908.6118	86.7900	5.1000
923.8404	86.9400	7.6000
939.3242	87.3400	8.2000
955.0675	87.5800	7.4000
971.0746	87.8500	7.0000
987.3501	88.1300	4.8000
1003.8983	88.1400	2.2000
1020.7239	88.0100	-0.4000
1037.8315	87.6300	-2.2000
1055.2258	87.1200	-1.8000
1072.9116	86.8400	1.1000
1090.8939	86.9600	3.4000
1109.1775	87.0700	5.1000
1127.7676	87.4200	7.2000
1146.6693	88.0300	7.2000
1165.8877	88.5000	4.6000
1185.4283	88.6100	1.2000
1205.2964	88.4700	-1.0000
1225.4974	88.4000	-1.8000
1246.0371	88.5100	-2.4000
1266.9209	88.7300	-4.7000
1288.1549	88.7400	-8.2000
1309.7446	88.5500	-12.1000
1331.6963	88.1100	-16.4000
1354.0158	87.1900	-20.3000
1376.7095	85.7000	-19.8000
1399.7835	84.5200	-10.8000
1423.2442	84.8500	-0.6000
1447.0981	85.7200	4.2000
1471.3518	86.6100	4.2000
1496.0120	87.0600	2.1000
1521.0856	87.2200	-0.9000
1546.5793	86.9000	-3.4000
1572.5004	86.4100	-1.1000
1598.8559	86.5500	2.5000
1625.6531	86.8500	4.2000
1652.8994	87.2500	6.4000
1680.6024	87.9800	6.7000
1708.7697	88.5100	4.4000
1737.4091	88.9100	1.8000
1766.5285	89.0800	-2.0000
1796.1360	88.9400	-4.5000
1826.2397	88.8800	-4.8000
1856.8479	89.1900	-5.6000
1887.9691	89.4700	-8.3000
1919.6120	89.5300	-12.0000
1951.7851	89.3700	-16.0000
1984.4975	88.8300	-18.5000
2017.7582	88.4400	-17.7000
2051.5763	88.4700	-17.2000
2085.9612	88.4600	-18.1000
2120.9224	88.4000	-19.2000
2156.4696	88.2200	-20.1000
2192.6126	88.0000	-19.1000
2229.3613	88.3100	-16.7000
2266.7259	89.0600	-18.4000
2304.7168	89.4500	-24.5000
2343.3444	89.0600	-31.7000
2382.6195	87.9400	-34.9000
2422.5528	87.1900	-30.6000
2463.1553	87.4800	-26.7000
2504.4384	88.0900	-28.7000
2546.4134	88.0300	-33.9000
2589.0919	87.3300	-36.5000
2632.4858	86.7500	-34.2000
2676.6069	86.9900	-30.6000
2721.4674	87.6500	-32.2000
2767.0799	87.8200	-37.5000
2813.4568	87.3600	-42.4000
2860.6111	86.6400	-43.9000
2908.5556	86.1600	-42.1000
2957.3037	86.1800	-40.7000
3006.8689	86.4800	-41.0000
3057.2647	86.6600	-44.8000
3108.5052	86.3600	-50.0000
3160.6045	85.5200	-52.6000
3213.5770	84.9900	-51.6000
3267.4374	84.7300	-52.3000
3322.2004	84.1200	-53.3000
3377.8813	83.7000	-51.0000
3434.4954	83.6600	-50.5000
3492.0584	83.3900	-51.5000
3550.5862	83.0100	-51.1000
3610.0949	82.6400	-51.2000
3670.6009	82.2000	-48.4000
3732.1211	82.5400	-46.4000
3794.6724	82.4000	-51.1000
3858.2720	81.1200	-49.7000
3922.9376	81.3500	-41.5000
3988.6870	81.7700	-43.6000
4055.5384	81.1200	-41.7000
4123.5102	81.6000	-36.6000
4192.6212	82.1400	-36.9000
4262.8906	82.5100	-37.5000
4334.3377	82.8300	-39.6000
4406.9822	82.9200	-41.6000
4480.8443	82.9600	-42.1000
4555.9444	83.5400	-42.5000
4632.3031	84.1600	-49.2000
4709.9417	83.6200	-57.2000
4788.8814	82.5800	-57.5000
4869.1443	82.9400	-53.0000
4950.7523	83.6700	-59.7000
5033.7281	82.8300	-65.1000
5118.0947	82.8400	-61.7000
5203.8752	83.6100	-67.0000
5291.0934	83.3300	-72.8000
5379.7734	83.6000	-74.4000
5469.9397	84.4000	-82.2000
5561.6173	84.6200	-94.1000
5654.8313	84.2900	-107.4000
5749.6077	83.6200	-118.9000
5845.9725	83.1600	-134.3000
5943.9525	81.4000	-152.2000
6043.5746	79.2700	-164.7000
6144.8664	77.5300	-178.6000
6247.8558	74.8500	171.1000
6352.5714	75.2200	152.8000
6459.0421	71.6700	119.8000
6567.2972	70.0800	114.5000
6677.3667	71.9400	92.0000
6789.2810	70.5900	48.4000
6903.0710	69.5400	65.6000
7018.7682	72.4900	35.8000
7136.4045	71.3600	26.3000
7256.0123	72.6100	14.7000
7377.6249	70.7400	5.0000
7501.2757	71.5200	3.7000
7626.9989	70.4000	10.5000
7754.8293	71.5200	2.3000
7884.8021	72.2700	-0.9000
8016.9533	71.7300	-3.8000
8151.3194	72.2800	-7.7000
8287.9375	71.4300	-12.2000
8426.8454	71.0100	-21.2000
8568.0814	71.1400	-9.1000
8711.6845	69.5200	-18.0000
8857.6945	71.5100	-9.1000
9006.1516	70.7900	-19.6000
9157.0969	71.8500	-22.7000
9310.5721	70.0300	-30.7000
9466.6196	69.1700	-31.6000
9625.2825	68.2800	-27.4000
9786.6046	67.8000	-23.9000
9950.6305	67.3500	-22.6000
10117.4050	67.7400	-20.5000
10286.9760	67.7600	-21.2000
10459.3880	67.0100	-26.7000
10634.6900	66.1700	-19.5000
10812.9300	67.0500	-10.5000
10994.1570	67.5100	-15.8000
11178.4220	68.1300	-26.1000
11365.7750	67.0400	-30.3000
11556.2680	66.3900	-16.6000
11749.9540	67.3300	-23.5000
11946.8860	68.3100	-24.3000
12147.1190	67.8000	-43.6000
12350.7080	64.5600	-52.3000
12557.7080	61.3600	-53.4000
12768.1790	62.3000	-15.4000
12982.1770	66.6000	-6.3000
13199.7610	64.9400	-48.4000
13420.9920	66.5000	-47.9000
13645.9310	64.4700	-78.5000
13874.6410	58.8900	1.1000
14107.1830	61.1600	-46.0000
14343.6230	59.0100	-39.3000
14584.0250	61.8400	-70.3000
14828.4570	55.9600	-97.4000
15076.9860	45.8800	-71.6000
15329.6800	41.8100	109.1000
15586.6090	57.5700	63.6000
15847.8440	56.0900	82.3000
16113.4580	60.6900	61.0000
16383.5240	63.4400	43.3000
16658.1150	65.1200	40.6000
16937.3100	68.0600	-5.0000
17221.1830	62.1300	-34.5000
17509.8140	60.8300	-21.3000
17803.2830	58.7600	-31.7000
18101.6700	58.0000	-33.7000
18405.0590	51.9100	-31.1000
18713.5320	57.0100	0.8000
19027.1760	58.8900	-5.8000
19346.0760	58.5800	-29.1000
19670.3210	54.7500	-32.4000
20000.0000	54.7200	-21.9000