19.8660	69.2000	-165.3000
20.1989	69.3500	-170.0000
20.5375	69.5000	-173.2000
20.8817	69.6400	-175.2000
21.2317	69.7700	-177.0000
21.5875	69.9200	-178.3000
21.9493	70.1200	-178.9000
22.3172	70.5600	-128.7000
22.6913	71.2700	-4.6000
23.0716	72.0100	123.9000
23.4583	72.5100	179.9000
23.8514	72.7600	179.0000
24.2512	72.9500	177.2000
24.6576	73.1400	175.4000
25.0709	73.3700	174.8000
25.4911	73.6400	174.6000
25.9183	73.9300	174.5000
26.3527	74.2300	174.2000
26.7944	74.5700	172.5000
27.2435	74.9300	169.3000
27.7001	75.2600	166.4000
28.1644	75.5100	165.2000
28.6364	75.7100	164.5000
29.1164	75.9200	163.8000
29.6044	76.2000	163.0000
30.1005	76.5700	162.2000
30.6050	76.9100	161.2000
31.1180	77.1400	159.6000
31.6395	77.3200	157.3000
32.1698	77.5100	155.3000
32.7090	77.7500	154.3000
33.2572	78.0100	153.5000
33.8146	78.2800	152.4000
34.3813	78.5500	151.0000
34.9576	78.8100	149.5000
35.5435	79.0600	148.1000
36.1392	79.3000	146.7000
36.7449	79.5400	145.5000
37.3607	79.7700	144.3000
37.9869	80.0100	143.2000
38.6236	80.2700	141.9000
39.2709	80.5300	140.6000
39.9291	80.7800	139.2000
40.5983	81.0100	137.9000
41.2788	81.2600	136.8000
41.9706	81.5100	135.8000
42.6741	81.7200	134.6000
43.3893	81.8600	132.8000
44.1165	81.9900	130.9000
44.8559	82.1500	129.1000
45.6077	82.3000	127.5000
46.3721	82.4500	126.2000
47.1493	82.6000	124.9000
47.9395	82.7300	123.4000
48.7430	82.9000	121.8000
49.5600	83.1100	120.1000
50.3906	83.2100	119.3000
51.2351	83.2900	118.8000
52.0939	83.6200	118.3000
52.9670	83.8300	117.4000
53.8547	83.8500	114.8000
54.7573	83.9500	113.7000
55.6751	84.1700	113.1000
56.6082	84.3000	111.8000
57.5570	84.4700	110.5000
58.5216	84.7300	109.5000
59.5025	85.0100	108.4000
60.4997	85.2100	107.4000
61.5137	85.3400	106.6000
62.5447	85.5300	105.5000
63.5930	85.7300	103.8000
64.6588	85.9100	101.9000
65.7425	86.0200	100.5000
66.8444	86.0900	98.8000
67.9647	86.1500	97.6000
69.1038	86.2100	96.8000
70.2620	86.3500	95.5000
71.4396	86.4800	94.5000
72.6370	86.6100	93.5000
73.8544	86.7000	92.6000
75.0922	86.8000	91.8000
76.3508	87.0700	90.8000
77.6304	87.3100	89.6000
78.9315	87.4400	87.5000
80.2544	87.4700	86.1000
81.5995	87.5500	85.0000
82.9672	87.6600	83.6000
84.3577	87.6800	82.2000
85.7716	87.7400	81.4000
87.2091	87.7800	80.3000
88.6707	87.7300	79.4000
90.1569	87.7500	79.4000
91.6680	87.9200	79.6000
93.2043	88.1400	79.0000
94.7665	88.3300	77.7000
96.3548	88.5500	76.4000
97.9697	88.7100	75.4000
99.6117	88.8700	74.0000
101.2812	88.9400	72.4000
102.9787	89.0400	71.2000
104.7047	89.0800	70.4000
106.4595	89.2000	69.6000
108.2438	89.3100	68.2000
110.0580	89.3800	67.1000
111.9026	89.5300	65.6000
113.7781	89.6700	64.3000
115.6851	89.6900	62.6000
117.6240	89.7500	61.6000
119.5954	89.9000	60.5000
121.5998	89.8900	59.5000
123.6379	89.8300	58.1000
125.7101	89.9200	57.6000
127.8170	89.9100	56.7000
129.9592	89.9300	55.7000
132.1374	90.0100	55.0000
134.3520	90.0700	54.1000
136.6038	90.2000	53.0000
138.8933	90.3000	52.0000
141.2212	90.3900	51.1000
143.5881	90.4000	49.9000
145.9947	90.4200	49.0000
148.4416	90.4500	48.1000
150.9295	90.5000	47.2000
153.4591	90.5900	46.2000
156.0312	90.6700	45.1000
158.6463	90.7400	44.0000
161.3052	90.7000	42.5000
164.0087	90.6500	41.4000
166.7576	90.6000	40.6000
169.5525	90.5800	39.9000
172.3942	90.6200	39.6000
175.2836	90.7000	39.1000
178.2214	90.7900	38.7000
181.2084	90.8700	38.1000
184.2455	90.9100	37.1000
187.3335	90.9300	36.0000
190.4733	90.9700	34.8000
193.6656	91.0100	33.6000
196.9115	91.0000	32.6000
200.2118	91.0000	31.7000
203.5674	90.9800	31.1000
206.9792	90.9400	30.5000
210.4483	90.9600	30.1000
213.9754	91.0100	29.6000
217.5617	91.0600	29.1000
221.2081	91.1200	28.3000
224.9156	91.2100	26.9000
228.6852	91.2400	25.7000
232.5181	91.2500	24.6000
236.4151	91.1900	23.7000
240.3775	91.1100	23.1000
244.4063	91.0500	22.4000
248.5026	91.0600	21.9000
252.6676	91.1200	21.2000
256.9023	91.1200	20.1000
261.2081	91.0100	19.3000
265.5860	90.9300	19.2000
270.0373	90.9800	19.5000
274.5632	91.0400	19.0000
279.1649	91.1100	18.1000
283.8438	91.1500	17.1000
288.6011	91.1300	16.1000
293.4381	91.1000	15.6000
298.3562	91.0600	14.9000
303.3567	91.0200	14.4000
308.4410	91.0000	14.1000
313.6106	91.0700	13.8000
318.8668	91.1500	12.9000
324.2111	91.1500	11.5000
329.6449	91.0200	10.8000
335.1698	90.9600	10.6000
340.7874	91.0100	10.1000
346.4991	90.9800	9.4000
352.3065	90.9300	8.9000
358.2112	90.8900	8.6000
364.2149	90.9000	8.4000
370.3193	90.9500	7.8000
376.5259	90.9300	7.3000
382.8366	90.9300	7.1000
389.2530	90.9700	6.0000
395.7770	90.9600	5.2000
402.4103	91.0200	32.4000
409.1548	90.9000	30.8000
416.0123	90.8000	30.5000
422.9848	90.8100	31.1000
430.0741	91.0500	31.8000
437.2823	91.4700	31.2000
444.6112	91.8700	29.1000
452.0630	92.1800	25.6000
459.6397	92.2500	20.8000
467.3434	91.9300	16.0000
475.1762	91.2800	12.9000
483.1402	90.5600	12.5000
491.2378	90.0200	14.2000
499.4710	89.7900	16.6000
507.8423	89.7800	18.0000
516.3539	89.7100	18.1000
525.0081	89.4200	18.7000
533.8074	89.2100	21.4000
542.7541	89.3100	24.3000
551.8508	89.5600	26.4000
561.0999	89.9600	27.9000
570.5041	90.5100	27.4000
580.0659	90.8400	24.4000
589.7879	90.7800	21.5000
599.6729	90.5600	20.2000
609.7236	90.4000	19.9000
619.9427	90.3300	19.8000
630.3331	90.2600	19.2000
640.8976	90.1000	18.6000
651.6392	89.8600	18.4000
662.5609	89.5800	19.7000
673.6656	89.5600	21.8000
684.9564	89.7100	23.1000
696.4364	89.8500	23.4000
708.1088	89.9900	23.4000
719.9769	90.0600	22.6000
732.0439	90.0500	22.1000
744.3131	89.9700	21.4000
756.7880	89.7600	21.5000
769.4720	89.6400	22.9000
782.3685	89.7000	23.8000
795.4812	89.7300	24.4000
808.8137	89.7500	24.9000
822.3696	89.7500	25.3000
836.1527	89.7500	26.6000
850.1668	89.9600	27.7000
864.4158	90.1600	27.3000
878.9036	90.1100	26.9000
893.6343	90.1200	28.5000
908.6118	90.4700	29.7000
923.8404	90.9400	28.4000
939.3242	91.0900	25.1000
955.0675	90.7800	22.0000
971.0746	90.2400	21.8000
987.3501	89.8700	24.1000
1003.8983	89.7600	27.5000
1020.7239	90.1200	31.0000
1037.8315	90.6900	30.9000
1055.2258	90.8700	29.1000
1072.9116	90.8500	28.6000
1090.8939	90.9100	28.9000
1109.1775	91.0200	29.3000
1127.7676	91.2900	29.1000
1146.6693	91.4800	27.1000
1165.8877	91.2700	25.0000
1185.4283	90.9600	26.0000
1205.2964	91.0100	27.3000
1225.4974	91.0100	28.3000
1246.0371	91.1400	30.4000
1266.9209	91.6500	31.5000
1288.1549	92.1200	30.3000
1309.7446	92.4400	27.9000
1331.6963	92.5400	24.9000
1354.0158	92.4600	22.7000
1376.7095	92.3600	20.9000
1399.7835	92.1600	19.3000
1423.2442	91.8600	19.1000
1447.0981	91.8200	20.1000
1471.3518	91.9300	19.6000
1496.0120	91.9400	18.6000
1521.0856	91.8800	17.7000
1546.5793	91.8900	17.0000
1572.5004	91.9000	15.2000
1598.8559	91.6500	13.1000
1625.6531	91.4500	12.0000
1652.8994	91.1000	9.9000
1680.6024	90.4700	9.2000
1708.7697	89.9000	10.1000
1737.4091	89.2300	12.5000
1766.5285	88.8100	17.5000
1796.1360	88.8600	23.9000
1826.2397	89.5100	27.5000
1856.8479	90.1000	28.3000
1887.9691	90.7400	26.7000
1919.6120	90.8800	22.2000
1951.7851	90.3600	18.2000
1984.4975	89.4100	19.2000
2017.7582	88.9900	25.1000
2051.5763	89.1900	30.1000
2085.9612	89.7400	34.0000
2120.9224	90.6100	34.2000
2156.4696	91.0300	30.4000
2192.6126	90.8000	26.9000
2229.3613	90.1900	26.8000
2266.7259	89.8800	31.2000
2304.7168	90.2900	35.7000
2343.3444	90.8800	37.0000
2382.6195	91.5400	36.9000
2422.5528	92.1300	33.1000
2463.1553	91.9700	27.3000
2504.4384	90.9800	26.0000
2546.4134	90.1800	33.0000
2589.0919	91.1900	43.3000
2632.4858	92.9400	42.1000
2676.6069	93.7900	34.9000
2721.4674	93.7700	27.7000
2767.0799	93.1400	25.4000
2813.4568	93.1200	28.6000
2860.6111	93.8500	28.0000
2908.5556	94.3600	23.4000
2957.3037	94.2700	18.9000
3006.8689	94.2100	17.9000
3057.2647	94.6700	16.2000
3108.5052	95.2300	11.1000
3160.6045	95.4100	3.1000
3213.5770	95.0500	-4.7000
3267.4374	94.4700	-10.0000
3322.2004	94.0800	-15.0000
3377.8813	93.5200	-21.8000
3434.4954	92.5100	-28.0000
3492.0584	91.3300	-31.6000
3550.5862	90.2600	-33.6000
3610.0949	89.3000	-35.6000
3670.6009	88.2300	-38.3000
3732.1211	86.8700	-40.7000
3794.6724	85.2500	-40.1000
3858.2720	83.8700	-36.6000
3922.9376	82.7100	-33.6000
3988.6870	81.4100	-29.3000
4055.5384	80.3200	-22.6000
4123.5102	79.5800	-15.3000
4192.6212	79.1500	-9.2000
4262.8906	78.5400	-3.2000
4334.3377	78.4400	4.1000
4406.9822	78.2300	6.7000
4480.8443	77.5900	13.9000
4555.9444	78.0500	21.0000
4632.3031	78.2800	21.9000
4709.9417	77.8800	24.0000
4788.8814	77.8600	29.3000
4869.1443	78.0800	28.5000
4950.7523	76.9800	30.0000
5033.7281	76.8200	37.4000
5118.0947	76.2900	39.2000
5203.8752	76.2300	52.5000
5291.0934	77.1900	50.6000
5379.7734	76.1800	59.1000
5469.9397	78.1400	63.3000
5561.6173	77.8100	57.1000
5654.8313	77.7300	64.0000
5749.6077	78.5500	61.5000
5845.9725	78.0600	58.3000
5943.9525	77.5000	58.9000
6043.5746	77.3900	62.5000
6144.8664	77.1700	59.2000
6247.8558	76.0200	66.0000
6352.5714	77.0700	67.6000
6459.0421	75.8400	65.6000
6567.2972	76.3100	75.7000
6677.3667	77.2100	70.1000
6789.2810	75.7600	68.2000
6903.0710	77.6000	77.2000
7018.7682	78.5300	53.9000
7136.4045	75.6600	46.3000
7256.0123	76.0600	41.3000
7377.6249	76.8800	10.7000
7501.2757	72.0300	-55.6000
7626.9989	63.2100	-103.5000
7754.8293	66.2300	-139.2000
7884.8021	68.1200	-173.0000
8016.9533	70.2300	-175.7000
8151.3194	71.6400	167.0000
8287.9375	71.7600	158.6000
8426.8454	71.4900	150.4000
8568.0814	70.0100	150.0000
8711.6845	69.6100	153.4000
8857.6945	69.2800	160.2000
9006.1516	69.5500	159.6000
9157.0969	69.5600	159.5000
9310.5721	68.0800	158.9000
9466.6196	67.6000	160.0000
9625.2825	66.4500	162.9000
9786.6046	64.8300	164.4000
9950.6305	62.7900	166.0000
10117.4050	54.2100	-97.4000
10286.9760	55.2500	-124.1000
10459.3880	61.4300	-77.4000
10634.6900	64.3100	-69.6000
10812.9300	67.2200	-67.1000
10994.1570	70.3700	-59.4000
11178.4220	73.0300	-53.9000
11365.7750	76.6800	-61.1000
11556.2680	83.9100	-78.3000
11749.9540	80.0500	177.7000
11946.8860	57.8900	-157.7000
12147.1190	70.5400	-49.6000
12350.7080	75.8600	-63.9000
12557.7080	76.9800	-75.4000
12768.1790	76.5600	-86.1000
12982.1770	76.4900	-93.1000
13199.7610	76.6000	-95.5000
13420.9920	76.0700	-101.3000
13645.9310	75.0700	-106.2000
13874.6410	73.1200	-109.5000
14107.1830	70.7600	-97.7000
14343.6230	71.3900	-80.9000
14584.0250	73.0800	-83.4000
14828.4570	73.5700	-91.4000
15076.9860	72.3000	-99.0000
15329.6800	70.7900	-97.6000
15586.6090	69.6400	-96.0000
15847.8440	68.7000	-98.9000
16113.4580	66.2100	-105.1000
16383.5240	63.3000	-99.0000
16658.1150	61.0900	-85.5000
16937.3100	59.9400	-68.6000
17221.1830	58.4400	-63.0000
17509.8140	56.0200	-53.1000
17803.2830	56.0800	-26.2000
18101.6700	55.7800	-29.3000
18405.0590	54.6200	-12.3000
18713.5320	52.2000	12.4000
19027.1760	54.9700	26.5000
19346.0760	56.3000	16.3000
19670.3210	52.1500	25.9000
20000.0000	51.8200	48.0000