5.0000	54.7100	-94.2000
5.0838	54.8700	-94.2000
5.1690	55.0900	-94.1000
5.2556	55.3200	-94.1000
5.3437	55.5600	-94.1000
5.4333	55.8100	-94.0000
5.5244	56.0600	-94.0000
5.6169	56.3100	-94.0000
5.7111	56.5700	-94.0000
5.8068	56.8400	-93.9000
5.9041	57.1300	-93.9000
6.0031	57.4400	-93.9000
6.1037	57.7600	-93.8000
6.2060	58.0900	-93.8000
6.3100	58.4100	-93.8000
6.4158	58.7300	-93.7000
6.5233	59.0500	-93.7000
6.6326	59.3600	-93.6000
6.7438	59.6600	-93.6000
6.8568	59.9500	-93.6000
6.9717	60.2300	-93.5000
7.0886	60.4900	-93.5000
7.2074	60.7400	-93.4000
7.3282	60.9600	-93.4000
7.4510	61.1600	-93.3000
7.5759	61.3400	-93.3000
7.7029	61.5000	-93.2000
7.8320	61.6500	-93.2000
7.9632	61.7900	-93.1000
8.0967	61.9400	-93.0000
8.2324	62.0800	-93.0000
8.3704	62.2400	-92.9000
8.5107	62.4200	-92.9000
8.6533	62.6300	-93.0000
8.7983	62.8900	-93.3000
8.9458	63.2000	-94.5000
9.0957	63.5700	-96.8000
9.2482	63.9900	-100.2000
9.4032	64.4600	-104.4000
9.5608	64.9500	-109.2000
9.7210	65.4500	-114.1000
9.8840	65.9400	-118.8000
10.0496	66.4000	-122.9000
10.2180	66.8100	-126.1000
10.3893	67.1900	-128.4000
10.5634	67.5300	-130.3000
10.7405	67.8600	-131.8000
10.9205	68.1700	-133.2000
11.1035	68.4800	-134.5000
11.2896	68.8000	-135.9000
11.4788	69.1400	-137.3000
11.6712	69.5000	-138.9000
11.8668	69.8900	-140.8000
12.0657	70.3200	-142.8000
12.2680	70.7800	-145.0000
12.4736	71.2400	-147.3000
12.6826	71.6800	-149.7000
12.8952	72.0800	-152.1000
13.1113	72.4100	-154.6000
13.3311	72.6900	-157.2000
13.5545	72.9200	-160.0000
13.7817	73.1200	-162.9000
14.0127	73.3100	-165.7000
14.2475	73.5000	-168.2000
14.4863	73.7000	-170.0000
14.7291	73.9100	-171.2000
14.9760	74.1400	-171.9000
15.2270	74.3700	-172.4000
15.4822	74.6200	-172.8000
15.7417	74.8900	-173.2000
16.0055	75.1800	-173.8000
16.2737	75.5000	-174.7000
16.5465	75.8500	-176.0000
16.8238	76.2300	-177.6000
17.1058	76.6100	-178.7000
17.3925	76.9500	179.4000
17.6840	77.2600	178.1000
17.9804	77.5300	177.2000
18.2817	77.7800	176.5000
18.5881	78.0100	175.7000
18.8997	78.2500	174.8000
19.2164	78.4900	173.6000
19.5385	78.7400	172.0000
19.8660	78.9800	170.1000
20.1989	79.2000	168.1000
20.5375	79.3800	166.3000
20.8817	79.5200	164.7000
21.2317	79.6400	163.2000
21.5875	79.7700	161.8000
21.9493	79.9200	160.4000
22.3172	80.1400	158.9000
22.6913	80.4100	157.4000
23.0716	80.7000	155.9000
23.4583	80.9900	154.5000
23.8514	81.2800	153.2000
24.2512	81.5500	151.9000
24.6576	81.7900	150.6000
25.0709	81.9800	149.3000
25.4911	82.1300	147.9000
25.9183	82.2800	146.6000
26.3527	82.4500	145.4000
26.7944	82.6900	144.3000
27.2435	82.9700	143.3000
27.7001	83.2700	142.2000
28.1644	83.5500	141.1000
28.6364	83.8100	139.9000
29.1164	84.0500	138.6000
29.6044	84.2500	137.1000
30.1005	84.4200	135.7000
30.6050	84.5900	134.2000
31.1180	84.7700	132.8000
31.6395	84.9600	131.5000
32.1698	85.1700	130.1000
32.7090	85.3900	128.8000
33.2572	85.6200	127.5000
33.8146	85.8400	126.2000
34.3813	86.0300	124.9000
34.9576	86.2300	123.6000
35.5435	86.4300	122.2000
36.1392	86.6400	120.9000
36.7449	86.8700	119.6000
37.3607	87.1000	118.2000
37.9869	87.3300	116.7000
38.6236	87.5300	115.1000
39.2709	87.7200	113.4000
39.9291	87.9200	111.7000
40.5983	88.1100	110.0000
41.2788	88.2800	108.4000
41.9706	88.4300	106.7000
42.6741	88.5600	105.1000
43.3893	88.7000	103.4000
44.1165	88.8300	101.6000
44.8559	88.9500	99.7000
45.6077	89.0500	97.8000
46.3721	89.1300	96.2000
47.1493	89.1800	94.9000
47.9395	89.2300	93.6000
48.7430	89.2800	92.0000
49.5600	89.3000	90.1000
50.3906	89.2800	88.4000
51.2351	89.2400	87.4000
52.0939	89.2400	87.1000
52.9670	89.3100	86.9000
53.8547	89.4400	86.5000
54.7573	89.5900	85.8000
55.6751	89.7600	85.0000
56.6082	89.9300	84.0000
57.5570	90.1200	82.8000
58.5216	90.2900	81.5000
59.5025	90.4300	80.4000
60.4997	90.5700	79.3000
61.5137	90.7100	78.1000
62.5447	90.8200	76.7000
63.5930	90.9200	75.3000
64.6588	91.0100	74.1000
65.7425	91.0800	73.1000
66.8444	91.1600	72.2000
67.9647	91.2500	71.3000
69.1038	91.3500	70.3000
70.2620	91.4300	69.2000
71.4396	91.5100	68.1000
72.6370	91.5900	67.2000
73.8544	91.6900	66.2000
75.0922	91.8200	65.1000
76.3508	91.9500	63.8000
77.6304	92.0700	62.5000
78.9315	92.1900	61.4000
80.2544	92.3000	60.2000
81.5995	92.4100	58.8000
82.9672	92.4900	57.3000
84.3577	92.5600	55.8000
85.7716	92.6100	54.5000
87.2091	92.6500	53.2000
88.6707	92.6800	51.8000
90.1569	92.7100	50.7000
91.6680	92.7500	49.8000
93.2043	92.8200	48.9000
94.7665	92.9000	47.8000
96.3548	92.9700	46.5000
97.9697	92.9900	45.3000
99.6117	92.9900	44.7000
101.2812	93.0500	42.9000
102.9787	93.0900	41.5000
104.7047	93.1300	40.2000
106.4595	93.1100	39.6000
108.2438	93.1200	39.2000
110.0580	93.1200	38.3000
111.9026	93.0200	35.6000
113.7781	93.0600	32.6000
115.6851	93.3100	32.0000
117.6240	93.4000	31.8000
119.5954	93.2900	31.0000
121.5998	93.2400	30.3000
123.6379	93.2700	29.5000
125.7101	93.3000	28.8000
127.8170	93.2600	28.4000
129.9592	93.2100	28.1000
132.1374	93.2100	27.4000
134.3520	93.3000	26.2000
136.6038	93.4400	25.3000
138.8933	93.5200	24.7000
141.2212	93.5100	23.4000
143.5881	93.5000	21.7000
145.9947	93.5000	20.2000
148.4416	93.4600	19.1000
150.9295	93.3900	18.5000
153.4591	93.3500	18.1000
156.0312	93.3700	17.4000
158.6463	93.4100	16.4000
161.3052	93.4100	15.2000
164.0087	93.3500	13.9000
166.7576	93.2500	13.0000
169.5525	93.1600	12.4000
172.3942	93.1200	12.0000
175.2836	93.1100	12.0000
178.2214	93.1100	11.9000
181.2084	93.1500	11.2000
184.2455	93.2100	10.3000
187.3335	93.2500	9.5000
190.4733	93.2800	8.6000
193.6656	93.3100	7.6000
196.9115	93.3100	6.4000
200.2118	93.2600	5.3000
203.5674	93.1600	4.4000
206.9792	93.0800	3.9000
210.4483	93.0500	3.5000
213.9754	93.0300	3.2000
217.5617	93.0600	2.7000
221.2081	93.1400	1.7000
224.9156	93.3000	0.0000
228.6852	93.3600	-1.4000
232.5181	93.2400	-1.9000
236.4151	93.0500	-2.5000
240.3775	92.9000	-3.2000
244.4063	92.8200	-3.8000
248.5026	92.8200	-4.3000
252.6676	92.8200	-5.0000
256.9023	92.7900	-6.0000
261.2081	92.7200	-7.0000
265.5860	92.6000	-7.6000
270.0373	92.4900	-7.9000
274.5632	92.4600	-8.3000
279.1649	92.4600	-9.0000
283.8438	92.4200	-9.9000
288.6011	92.3300	-10.6000
293.4381	92.2200	-11.0000
298.3562	92.1600	-11.4000
303.3567	92.1200	-11.7000
308.4410	92.1000	-11.9000
313.6106	92.1000	-12.3000
318.8668	92.0700	-13.1000
324.2111	91.9800	-14.2000
329.6449	91.8300	-14.8000
335.1698	91.7300	-15.0000
340.7874	91.7000	-15.0000
346.4991	91.6600	-15.5000
352.3065	91.5600	-16.1000
358.2112	91.4500	-16.2000
364.2149	91.3800	-16.0000
370.3193	91.3800	-16.0000
376.5259	91.3600	-16.2000
382.8366	91.3200	-16.4000
389.2530	91.3200	-16.5000
395.7770	91.3200	-16.6000
402.4103	91.3300	-16.8000
409.1548	91.3800	-16.9000
416.0123	91.4400	-17.2000
422.9848	91.4800	-17.8000
430.0741	91.5000	-18.8000
437.2823	91.5000	-19.9000
444.6112	91.4900	-20.8000
452.0630	91.4900	-21.5000
459.6397	91.4600	-22.7000
467.3434	91.3300	-24.0000
475.1762	91.1300	-24.8000
483.1402	90.9400	-24.9000
491.2378	90.8700	-24.7000
499.4710	90.8600	-24.6000
507.8423	90.7600	0.6000
516.3539	90.6600	0.0000
525.0081	90.4100	-0.5000
533.8074	90.0500	0.3000
542.7541	89.7800	2.6000
551.8508	89.7700	5.8000
561.0999	90.0600	8.3000
570.5041	90.4600	9.0000
580.0659	90.7400	8.0000
589.7879	90.8000	6.8000
599.6729	90.7500	6.6000
609.7236	90.8200	7.4000
619.9427	91.0900	7.7000
630.3331	91.3900	6.5000
640.8976	91.5000	4.1000
651.6392	91.3600	1.9000
662.5609	91.1200	0.9000
673.6656	90.9400	0.8000
684.9564	90.8300	0.8000
696.4364	90.7000	0.6000
708.1088	90.5100	0.7000
719.9769	90.3200	1.8000
732.0439	90.2600	3.6000
744.3131	90.3600	5.2000
756.7880	90.5500	6.5000
769.4720	90.8500	7.1000
782.3685	91.1900	6.6000
795.4812	91.4300	4.6000
808.8137	91.4400	2.1000
822.3696	91.2200	0.1000
836.1527	90.8600	-0.4000
850.1668	90.5400	0.6000
864.4158	90.3500	2.8000
878.9036	90.3800	5.9000
893.6343	90.7800	8.8000
908.6118	91.4300	9.5000
923.8404	91.9900	7.3000
939.3242	92.2300	3.8000
955.0675	92.1700	0.2000
971.0746	91.8600	-2.3000
987.3501	91.4400	-2.9000
1003.8983	91.1300	-1.7000
1020.7239	91.0600	0.2000
1037.8315	91.2000	1.5000
1055.2258	91.3800	1.9000
1072.9116	91.5600	1.9000
1090.8939	91.7400	1.4000
1109.1775	91.9000	0.5000
1127.7676	92.0100	-0.9000
1146.6693	92.0000	-2.4000
1165.8877	91.8600	-3.1000
1185.4283	91.7900	-2.8000
1205.2964	91.8900	-2.5000
1225.4974	92.0400	-2.9000
1246.0371	92.1800	-3.8000
1266.9209	92.2800	-5.3000
1288.1549	92.2900	-7.1000
1309.7446	92.1900	-8.8000
1331.6963	92.0200	-9.8000
1354.0158	91.8700	-10.4000
1376.7095	91.7500	-10.8000
1399.7835	91.6300	-11.1000
1423.2442	91.5200	-11.3000
1447.0981	91.3900	-11.5000
1471.3518	91.2200	-11.4000
1496.0120	91.0400	-10.6000
1521.0856	90.9700	-8.9000
1546.5793	91.0900	-7.2000
1572.5004	91.3000	-6.4000
1598.8559	91.5000	-6.3000
1625.6531	91.6500	-6.4000
1652.8994	91.7800	-6.3000
1680.6024	91.9700	-6.1000
1708.7697	92.2300	-6.1000
1737.4091	92.4900	-6.6000
1766.5285	92.7400	-7.4000
1796.1360	93.0000	-8.1000
1826.2397	93.3100	-9.0000
1856.8479	93.6600	-10.3000
1887.9691	94.0500	-12.3000
1919.6120	94.4000	-15.1000
1951.7851	94.6800	-18.5000
1984.4975	94.8900	-22.1000
2017.7582	95.0700	-26.1000
2051.5763	95.1800	-30.7000
2085.9612	95.1600	-35.6000
2120.9224	95.0300	-40.5000
2156.4696	94.7900	-45.3000
2192.6126	94.4700	-49.9000
2229.3613	94.0700	-54.2000
2266.7259	93.5900	-58.3000
2304.7168	93.0200	-62.0000
2343.3444	92.3900	-65.0000
2382.6195	91.7100	-67.4000
2422.5528	91.0100	-69.2000
2463.1553	90.3100	-70.4000
2504.4384	89.6100	-70.9000
2546.4134	88.9700	-70.9000
2589.0919	88.3500	-70.5000
2632.4858	87.8100	-69.5000
2676.6069	87.4000	-68.3000
2721.4674	87.1300	-67.5000
2767.0799	86.9000	-67.4000
2813.4568	86.6200	-67.8000
2860.6111	86.3300	-68.3000
2908.5556	86.0100	-69.0000
2957.3037	85.6300	-69.7000
3006.8689	85.2600	-70.1000
3057.2647	84.9100	-70.9000
3108.5052	84.5100	-72.2000
3160.6045	83.9900	-73.5000
3213.5770	83.3700	-74.6000
3267.4374	82.6100	-75.1000
3322.2004	81.7900	-74.3000
3377.8813	81.0200	-72.6000
3434.4954	80.2700	-70.4000
3492.0584	79.5900	-67.3000
3550.5862	79.0200	-63.9000
3610.0949	78.5100	-60.4000
3670.6009	77.9500	-56.1000
3732.1211	77.4600	-48.6000
3794.6724	77.9600	-36.2000
3858.2720	80.0100	-26.4000
3922.9376	82.3400	-27.9000
3988.6870	83.9500	-40.6000
4055.5384	84.5000	-60.0000
4123.5102	83.9400	-83.1000
4192.6212	82.2700	-109.0000
4262.8906	79.4700	-140.3000
4334.3377	75.7500	175.0000
4406.9822	73.0400	111.4000
4480.8443	74.0700	62.4000
4555.9444	76.8700	38.2000
4632.3031	79.5200	22.3000
4709.9417	81.5600	5.7000
4788.8814	82.7000	-13.6000
4869.1443	82.8200	-33.7000
4950.7523	81.9400	-51.5000
5033.7281	80.2700	-63.7000
5118.0947	78.3100	-69.6000
5203.8752	76.6200	-72.0000
5291.0934	75.4100	-75.4000
5379.7734	74.4000	-82.7000
5469.9397	73.2400	-95.2000
5561.6173	71.6600	-113.2000
5654.8313	69.7400	-137.0000
5749.6077	68.3800	-166.7000
5845.9725	68.8000	165.0000
5943.9525	70.8100	137.6000
6043.5746	73.5500	121.4000
6144.8664	76.8600	110.4000
6247.8558	79.9500	92.1000
6352.5714	81.7400	64.2000
6459.0421	81.6500	34.8000
6567.2972	79.8600	14.5000
6677.3667	77.5000	8.3000
6789.2810	75.8300	7.6000
6903.0710	74.5100	7.8000
7018.7682	73.4400	10.9000
7136.4045	72.9100	15.8000
7256.0123	73.0000	20.0000
7377.6249	73.3600	21.3000
7501.2757	73.6400	20.8000
7626.9989	73.8500	19.8000
7754.8293	74.1900	18.4000
7884.8021	74.6400	14.8000
8016.9533	74.9500	8.3000
8151.3194	74.8900	-0.3000
8287.9375	74.5000	-9.8000
8426.8454	73.7200	-20.6000
8568.0814	72.1500	-30.3000
8711.6845	69.6700	-31.7000
8857.6945	67.7400	-21.6000
9006.1516	67.7100	-17.4000
9157.0969	67.7800	-23.3000
9310.5721	67.4500	-32.1000
9466.6196	67.2500	-45.0000
9625.2825	66.8200	-64.8000
9786.6046	65.7100	-88.6000
9950.6305	64.2700	-110.3000
10117.4050	63.7500	-131.4000
10286.9760	63.8700	-154.0000
10459.3880	64.4700	-170.2000
10634.6900	66.2700	0.8000
10812.9300	68.6400	167.6000
10994.1570	70.2300	147.1000
11178.4220	70.5300	124.8000
11365.7750	69.9300	106.8000
11556.2680	68.9900	93.5000
11749.9540	67.7700	84.5000
11946.8860	66.6500	78.6000
12147.1190	65.7200	71.4000
12350.7080	64.3100	64.0000
12557.7080	62.6000	61.7000
12768.1790	61.1900	61.7000
12982.1770	59.9500	62.2000
13199.7610	59.0100	60.8000
13420.9920	57.5800	55.3000
13645.9310	55.3400	55.1000
13874.6410	52.8300	60.8000
14107.1830	50.7000	81.1000
14343.6230	51.1100	96.9000
14584.0250	52.3800	99.2000
14828.4570	53.2800	95.6000
15076.9860	54.3800	84.4000
15329.6800	54.3100	66.5000
15586.6090	54.5900	51.5000
15847.8440	56.0100	30.7000
16113.4580	56.7400	-1.3000
16383.5240	55.4100	-30.9000
16658.1150	53.3000	-45.9000
16937.3100	51.5500	-49.1000
17221.1830	51.2600	-49.4000
17509.8140	51.5600	-51.9000
17803.2830	52.2900	-54.0000
18101.6700	52.5400	-56.3000
18405.0590	52.3200	-56.2000
18713.5320	52.6500	-51.4000
19027.1760	54.0300	-52.8000
19346.0760	54.5800	-63.9000
19670.3210	53.5100	-72.6000
20000.0000	52.4600	-74.0000