19.8660	68.5400	133.6000
20.1989	67.8700	134.1000
20.5375	67.5700	135.9000
20.8817	67.6300	140.6000
21.2317	67.9200	148.0000
21.5875	68.2900	155.5000
21.9493	68.6300	160.5000
22.3172	68.9200	162.7000
22.6913	69.1800	163.5000
23.0716	69.4200	163.7000
23.4583	69.6700	163.1000
23.8514	69.9100	161.2000
24.2512	70.1600	158.2000
24.6576	70.3900	155.6000
25.0709	70.6000	154.5000
25.4911	70.7900	154.7000
25.9183	70.9600	155.4000
26.3527	71.1100	155.5000
26.7944	71.2500	154.3000
27.2435	71.3500	152.3000
27.7001	71.4000	150.7000
28.1644	71.3400	150.1000
28.6364	71.2200	150.2000
29.1164	71.1700	150.8000
29.6044	71.3700	151.8000
30.1005	71.8500	153.0000
30.6050	72.3600	153.7000
31.1180	72.7100	153.4000
31.6395	72.9600	152.1000
32.1698	73.2200	150.9000
32.7090	73.5700	150.3000
33.2572	73.9500	149.9000
33.8146	74.2600	149.1000
34.3813	74.4800	147.8000
34.9576	74.6600	146.5000
35.5435	74.8600	145.8000
36.1392	75.1100	145.6000
36.7449	75.4400	145.6000
37.3607	75.8700	145.4000
37.9869	76.3200	145.0000
38.6236	76.7200	143.8000
39.2709	77.1100	142.0000
39.9291	77.5700	139.9000
40.5983	78.0700	137.6000
41.2788	78.5100	134.7000
41.9706	78.8400	131.1000
42.6741	79.0800	127.2000
43.3893	79.2400	123.5000
44.1165	79.3400	119.8000
44.8559	79.3900	116.3000
45.6077	79.3800	113.1000
46.3721	79.3200	110.0000
47.1493	79.1800	106.8000
47.9395	78.9500	104.0000
48.7430	78.6400	102.4000
49.5600	78.3600	101.8000
50.3906	78.2600	101.6000
51.2351	78.2700	101.0000
52.0939	78.2400	99.8000
52.9670	78.1100	98.3000
53.8547	77.8800	97.2000
54.7573	77.5800	96.8000
55.6751	77.2800	97.5000
56.6082	77.0900	99.6000
57.5570	77.0900	102.5000
58.5216	77.2800	105.0000
59.5025	77.6200	106.7000
60.4997	78.0500	107.4000
61.5137	78.4900	107.4000
62.5447	78.9000	106.7000
63.5930	79.2200	105.8000
64.6588	79.4800	104.8000
65.7425	79.7200	103.8000
66.8444	79.9700	102.9000
67.9647	80.2000	102.0000
69.1038	80.4500	101.2000
70.2620	80.7300	100.3000
71.4396	81.0200	99.1000
72.6370	81.3100	97.6000
73.8544	81.5600	95.9000
75.0922	81.7700	94.1000
76.3508	81.9800	92.3000
77.6304	82.1800	90.5000
78.9315	82.3700	88.4000
80.2544	82.5400	86.3000
81.5995	82.6800	83.9000
82.9672	82.7700	81.1000
84.3577	82.7300	78.2000
85.7716	82.5700	75.9000
87.2091	82.3700	74.5000
88.6707	82.2100	73.7000
90.1569	82.1200	73.4000
91.6680	82.1000	73.2000
93.2043	82.1500	72.8000
94.7665	82.2300	71.8000
96.3548	82.2400	70.2000
97.9697	82.0900	68.4000
99.6117	81.7400	67.4000
101.2812	81.2900	68.4000
102.9787	80.9500	71.7000
104.7047	80.9700	76.5000
106.4595	81.4700	81.3000
108.2438	82.3400	84.4000
110.0580	83.3500	84.9000
111.9026	84.2600	82.5000
113.7781	84.8900	78.1000
115.6851	85.1800	73.2000
117.6240	85.2300	69.0000
119.5954	85.1900	66.1000
121.5998	85.1700	63.9000
123.6379	85.1800	62.0000
125.7101	85.1900	60.1000
127.8170	85.1800	58.2000
129.9592	85.1400	56.6000
132.1374	85.0700	55.1000
134.3520	85.0000	54.1000
136.6038	84.9500	53.4000
138.8933	84.9500	53.0000
141.2212	84.9900	52.5000
143.5881	85.0400	51.9000
145.9947	85.1300	51.5000
148.4416	85.2600	51.1000
150.9295	85.4700	50.4000
153.4591	85.7200	49.3000
156.0312	85.9800	47.3000
158.6463	86.1700	44.5000
161.3052	86.2100	41.1000
164.0087	86.0700	37.7000
166.7576	85.7500	35.1000
169.5525	85.3400	33.7000
172.3942	84.9200	33.6000
175.2836	84.6100	34.8000
178.2214	84.4700	36.6000
181.2084	84.5300	38.3000
184.2455	84.7100	39.5000
187.3335	84.9600	39.9000
190.4733	85.2100	39.7000
193.6656	85.4600	39.0000
196.9115	85.6600	37.8000
200.2118	85.7900	36.5000
203.5674	85.8700	35.2000
206.9792	85.9200	34.2000
210.4483	85.9800	33.4000
213.9754	86.0800	32.7000
217.5617	86.2100	32.0000
221.2081	86.4000	31.1000
224.9156	86.5900	29.6000
228.6852	86.7600	27.6000
232.5181	86.8500	25.2000
236.4151	86.8400	22.8000
240.3775	86.7300	20.7000
244.4063	86.5900	19.1000
248.5026	86.4600	18.1000
252.6676	86.4100	17.3000
256.9023	86.4300	16.4000
261.2081	86.4500	14.9000
265.5860	86.4400	13.0000
270.0373	86.3400	10.9000
274.5632	86.1500	8.9000
279.1649	85.8800	7.4000
283.8438	85.5500	6.5000
288.6011	85.2200	6.4000
293.4381	84.9300	7.0000
298.3562	84.7500	8.2000
303.3567	84.7100	9.6000
308.4410	84.8000	10.6000
313.6106	84.9800	11.1000
318.8668	85.2000	10.8000
324.2111	85.4000	9.4000
329.6449	85.4800	7.3000
335.1698	85.3900	5.1000
340.7874	85.1800	3.6000
346.4991	84.9300	2.9000
352.3065	84.7300	2.8000
358.2112	84.6000	3.0000
364.2149	84.5300	3.0000
370.3193	84.4800	2.8000
376.5259	84.4200	2.3000
382.8366	84.3100	1.9000
389.2530	84.1800	1.7000
395.7770	84.0700	1.7000
402.4103	83.9600	1.7000
409.1548	83.8400	1.6000
416.0123	83.6500	1.7000
422.9848	83.4300	2.7000
430.0741	83.2800	4.7000
437.2823	83.3200	7.2000
444.6112	83.5800	9.6000
452.0630	84.0500	10.9000
459.6397	84.5700	10.5000
467.3434	84.9800	8.4000
475.1762	85.1800	5.5000
483.1402	85.2100	2.7000
491.2378	85.1400	0.4000
499.4710	85.0200	-1.7000
507.8423	84.8400	-3.7000
516.3539	84.5600	-5.1000
525.0081	84.2500	-5.8000
533.8074	83.9600	-5.7000
542.7541	83.7400	-5.2000
551.8508	83.5900	-4.6000
561.0999	83.4900	-3.9000
570.5041	83.4400	-3.2000
580.0659	83.4200	-2.6000
589.7879	83.4300	-2.2000
599.6729	83.4600	-1.8000
609.7236	83.5300	-1.5000
619.9427	83.6500	-1.7000
630.3331	83.7300	-2.6000
640.8976	83.7100	-3.8000
651.6392	83.6000	-4.7000
662.5609	83.4200	-5.2000
673.6656	83.2200	-5.1000
684.9564	83.0400	-4.1000
696.4364	83.0100	-2.5000
708.1088	83.1700	-1.1000
719.9769	83.4100	-0.8000
732.0439	83.6100	-1.3000
744.3131	83.7600	-2.4000
756.7880	83.8300	-3.6000
769.4720	83.8400	-4.9000
782.3685	83.7700	-6.1000
795.4812	83.6700	-6.9000
808.8137	83.5800	-7.3000
822.3696	83.5200	-7.5000
836.1527	83.5100	-7.7000
850.1668	83.5300	-8.2000
864.4158	83.5500	-9.0000
878.9036	83.5300	-10.3000
893.6343	83.4300	-11.7000
908.6118	83.2400	-12.9000
923.8404	82.9900	-13.7000
939.3242	82.7000	-13.8000
955.0675	82.4700	-13.1000
971.0746	82.3500	-12.2000
987.3501	82.3000	-11.8000
1003.8983	82.2300	-11.8000
1020.7239	82.1000	-11.7000
1037.8315	81.9600	-11.2000
1055.2258	81.8500	-10.3000
1072.9116	81.8100	-9.4000
1090.8939	81.8300	-8.6000
1109.1775	81.8700	-8.2000
1127.7676	81.8900	-8.2000
1146.6693	81.8600	-8.3000
1165.8877	81.7700	-8.1000
1185.4283	81.6700	-7.4000
1205.2964	81.6500	-6.2000
1225.4974	81.7500	-5.0000
1246.0371	81.9300	-4.6000
1266.9209	82.0800	-4.9000
1288.1549	82.1600	-5.5000
1309.7446	82.1600	-5.9000
1331.6963	82.1600	-6.0000
1354.0158	82.1900	-6.0000
1376.7095	82.2400	-6.3000
1399.7835	82.2600	-6.8000
1423.2442	82.2400	-7.1000
1447.0981	82.2200	-7.3000
1471.3518	82.2400	-7.5000
1496.0120	82.2400	-7.9000
1521.0856	82.1900	-8.4000
1546.5793	82.0900	-8.6000
1572.5004	81.9900	-8.3000
1598.8559	81.9500	-7.6000
1625.6531	81.9900	-6.8000
1652.8994	82.1000	-6.2000
1680.6024	82.2600	-5.9000
1708.7697	82.4500	-6.2000
1737.4091	82.6100	-7.1000
1766.5285	82.6700	-8.3000
1796.1360	82.6600	-9.4000
1826.2397	82.6200	-10.1000
1856.8479	82.5900	-10.6000
1887.9691	82.5900	-11.0000
1919.6120	82.5800	-11.4000
1951.7851	82.5800	-11.7000
1984.4975	82.5900	-11.9000
2017.7582	82.6500	-12.2000
2051.5763	82.7300	-12.6000
2085.9612	82.8400	-13.3000
2120.9224	82.9300	-14.5000
2156.4696	82.9600	-16.0000
2192.6126	82.9200	-17.5000
2229.3613	82.8400	-18.6000
2266.7259	82.7500	-19.6000
2304.7168	82.6500	-20.4000
2343.3444	82.5600	-20.9000
2382.6195	82.5100	-21.3000
2422.5528	82.5200	-21.6000
2463.1553	82.6000	-22.3000
2504.4384	82.7000	-23.5000
2546.4134	82.7700	-25.3000
2589.0919	82.7900	-27.6000
2632.4858	82.7000	-30.3000
2676.6069	82.5000	-32.9000
2721.4674	82.2000	-35.3000
2767.0799	81.8200	-37.2000
2813.4568	81.4000	-38.4000
2860.6111	81.0000	-39.0000
2908.5556	80.6400	-39.3000
2957.3037	80.3000	-39.6000
3006.8689	79.9500	-39.9000
3057.2647	79.5600	-39.9000
3108.5052	79.1400	-39.4000
3160.6045	78.7400	-38.4000
3213.5770	78.3900	-36.7000
3267.4374	78.1300	-34.7000
3322.2004	77.9800	-32.8000
3377.8813	77.9000	-31.1000
3434.4954	77.8400	-29.6000
3492.0584	77.8000	-28.3000
3550.5862	77.7700	-26.9000
3610.0949	77.8000	-25.4000
3670.6009	77.9000	-24.1000
3732.1211	78.0500	-23.3000
3794.6724	78.1900	-23.0000
3858.2720	78.2900	-22.9000
3922.9376	78.3400	-22.7000
3988.6870	78.4300	-22.0000
4055.5384	78.6500	-21.1000
4123.5102	79.0300	-20.8000
4192.6212	79.4900	-21.5000
4262.8906	79.9400	-23.3000
4334.3377	80.3700	-26.0000
4406.9822	80.8200	-29.5000
4480.8443	81.3300	-34.4000
4555.9444	81.7900	-42.1000
4632.3031	81.9200	-52.9000
4709.9417	81.4300	-66.0000
4788.8814	80.1200	-78.1000
4869.1443	77.9600	-84.5000
4950.7523	75.2900	-81.5000
5033.7281	73.2200	-71.4000
5118.0947	72.7200	-62.6000
5203.8752	73.0200	-61.2000
5291.0934	72.9500	-66.9000
5379.7734	71.9300	-75.2000
5469.9397	69.7500	-78.5000
5561.6173	66.6000	-68.7000
5654.8313	63.8200	-46.2000
5749.6077	63.4600	-22.9000
5845.9725	64.6800	-7.3000
5943.9525	66.0200	1.1000
6043.5746	67.0700	5.5000
6144.8664	67.8200	8.3000
6247.8558	68.3900	10.9000
6352.5714	68.8700	13.6000
6459.0421	69.3000	16.4000
6567.2972	69.7000	19.8000
6677.3667	70.2100	24.1000
6789.2810	71.0900	29.2000
6903.0710	72.4800	33.0000
7018.7682	74.0000	32.2000
7136.4045	75.0000	26.3000
7256.0123	75.1900	19.4000
7377.6249	74.9500	16.9000
7501.2757	75.1200	17.8000
7626.9989	75.6600	17.0000
7754.8293	76.0200	14.3000
7884.8021	76.1900	11.9000
8016.9533	76.3100	10.4000
8151.3194	76.5700	9.6000
8287.9375	77.0300	7.8000
8426.8454	77.3800	3.7000
8568.0814	77.3700	-0.9000
8711.6845	77.1500	-4.1000
8857.6945	76.9100	-5.8000
9006.1516	76.7800	-6.6000
9157.0969	76.7500	-7.1000
9310.5721	76.8200	-6.8000
9466.6196	77.3100	-6.2000
9625.2825	78.1300	-8.7000
9786.6046	78.6200	-15.3000
9950.6305	78.6000	-22.3000
10117.4050	78.3700	-27.7000
10286.9760	78.1900	-32.0000
10459.3880	78.0900	-36.6000
10634.6900	77.9600	-42.1000
10812.9300	77.6600	-48.0000
10994.1570	77.2100	-53.4000
11178.4220	76.7300	-58.4000
11365.7750	76.2700	-63.6000
11556.2680	75.7500	-69.6000
11749.9540	75.0900	-76.2000
11946.8860	74.2100	-83.0000
12147.1190	73.0000	-89.1000
12350.7080	71.5000	-92.8000
12557.7080	69.9500	-94.7000
12768.1790	68.3700	-95.9000
12982.1770	66.6100	-94.4000
13199.7610	65.0000	-89.2000
13420.9920	64.0000	-83.8000
13645.9310	63.3400	-80.5000
13874.6410	62.5100	-77.8000
14107.1830	61.5100	-73.6000
14343.6230	60.6500	-68.2000
14584.0250	60.1500	-63.3000
14828.4570	59.9600	-58.6000
15076.9860	59.9000	-54.2000
15329.6800	59.8700	-50.3000
15586.6090	60.0900	-47.1000
15847.8440	60.5800	-46.2000
16113.4580	61.0000	-48.0000
16383.5240	61.1200	-51.7000
16658.1150	61.0000	-56.1000
16937.3100	60.8200	-60.3000
17221.1830	60.6400	-65.7000
17509.8140	60.2300	-74.1000
17803.2830	59.2100	-83.3000
18101.6700	57.5000	-87.7000
18405.0590	55.7300	-86.2000
18713.5320	54.4900	-86.7000
19027.1760	53.4300	-92.1000
19346.0760	52.3600	-97.2000
19670.3210	51.2200	-100.9000
20000.0000	50.5700	-102.9000