14.9760	55.5100	-165.7000
15.2270	57.3400	-164.9000
15.4822	59.2900	-164.0000
15.7417	60.8900	-163.2000
16.0055	61.8100	-162.9000
16.2737	61.9700	-163.7000
16.5465	61.5100	-165.9000
16.8238	60.6500	-169.1000
17.1058	59.7100	-172.4000
17.3925	58.9800	-174.6000
17.6840	58.7000	-174.3000
17.9804	58.7900	-171.6000
18.2817	59.1000	-166.9000
18.5881	59.5200	-162.0000
18.8997	59.9700	-158.5000
19.2164	60.4400	-157.2000
19.5385	60.9300	-157.1000
19.8660	61.4400	-157.7000
20.1989	61.9300	-158.6000
20.5375	62.3500	-159.7000
20.8817	62.7000	-161.0000
21.2317	63.0200	-162.4000
21.5875	63.3400	-163.7000
21.9493	63.6900	-164.5000
22.3172	64.1000	-164.9000
22.6913	64.5300	-165.1000
23.0716	64.9400	-165.4000
23.4583	65.2600	-166.0000
23.8514	65.4800	-167.6000
24.2512	65.6700	-170.1000
24.6576	65.8700	-172.7000
25.0709	66.1600	-174.5000
25.4911	66.5500	-175.8000
25.9183	66.9500	-176.8000
26.3527	67.2800	-178.3000
26.7944	67.5000	-16.7000
27.2435	67.6600	177.5000
27.7001	67.7800	174.9000
28.1644	67.8900	173.2000
28.6364	67.9900	172.1000
29.1164	68.1100	171.5000
29.6044	68.2500	171.2000
30.1005	68.4400	171.2000
30.6050	68.6800	171.0000
31.1180	68.9800	170.5000
31.6395	69.3200	169.3000
32.1698	69.6500	168.0000
32.7090	69.9300	166.8000
33.2572	70.1800	165.7000
33.8146	70.4200	164.7000
34.3813	70.6700	163.8000
34.9576	70.9400	162.8000
35.5435	71.2500	161.6000
36.1392	71.5900	160.3000
36.7449	71.9000	158.9000
37.3607	72.1800	157.2000
37.9869	72.4400	155.5000
38.6236	72.7000	153.8000
39.2709	72.9500	152.2000
39.9291	73.2000	150.7000
40.5983	73.4500	149.2000
41.2788	73.7300	147.6000
41.9706	74.0100	145.9000
42.6741	74.2600	143.8000
43.3893	74.4700	141.5000
44.1165	74.6400	139.2000
44.8559	74.7800	137.1000
45.6077	74.8900	135.3000
46.3721	74.9900	133.7000
47.1493	75.0800	132.3000
47.9395	75.2000	131.0000
48.7430	75.3700	129.8000
49.5600	75.6000	128.5000
50.3906	75.8400	126.9000
51.2351	76.0500	124.8000
52.0939	76.2000	122.3000
52.9670	76.2300	119.7000
53.8547	76.1800	117.5000
54.7573	76.0600	116.0000
55.6751	75.9300	115.4000
56.6082	75.8800	115.5000
57.5570	75.9600	116.0000
58.5216	76.1700	116.2000
59.5025	76.4400	115.9000
60.4997	76.6700	114.9000
61.5137	76.8700	114.0000
62.5447	77.0700	113.1000
63.5930	77.2800	112.1000
64.6588	77.5000	111.0000
65.7425	77.7000	109.8000
66.8444	77.8800	108.5000
67.9647	78.0400	107.2000
69.1038	78.1900	106.0000
70.2620	78.3400	105.0000
71.4396	78.5200	104.1000
72.6370	78.7300	103.1000
73.8544	78.9500	101.9000
75.0922	79.1800	100.6000
76.3508	79.3900	99.1000
77.6304	79.5900	97.5000
78.9315	79.7700	95.8000
80.2544	79.9300	94.0000
81.5995	80.0900	92.3000
82.9672	80.2200	90.4000
84.3577	80.3200	88.5000
85.7716	80.3900	86.7000
87.2091	80.4500	85.2000
88.6707	80.5300	83.8000
90.1569	80.6100	82.3000
91.6680	80.7000	80.8000
93.2043	80.7700	79.2000
94.7665	80.8200	77.6000
96.3548	80.8700	76.1000
97.9697	80.9200	74.7000
99.6117	80.9500	73.1000
101.2812	80.9500	71.6000
102.9787	80.9100	70.2000
104.7047	80.8600	69.3000
106.4595	80.8300	68.7000
108.2438	80.8600	68.3000
110.0580	80.9700	67.8000
111.9026	81.1100	66.9000
113.7781	81.2400	65.5000
115.6851	81.2800	63.6000
117.6240	81.2200	61.9000
119.5954	81.0800	61.2000
121.5998	81.0100	61.3000
123.6379	81.0800	61.5000
125.7101	81.2300	61.2000
127.8170	81.3900	60.4000
129.9592	81.4800	59.2000
132.1374	81.5200	58.1000
134.3520	81.5500	57.4000
136.6038	81.5900	56.8000
138.8933	81.6700	56.3000
141.2212	81.7700	55.7000
143.5881	81.8800	54.9000
145.9947	81.9900	54.1000
148.4416	82.1200	53.2000
150.9295	82.2500	52.2000
153.4591	82.3800	50.9000
156.0312	82.4900	49.3000
158.6463	82.5300	47.5000
161.3052	82.5200	45.7000
164.0087	82.4300	44.2000
166.7576	82.3100	43.2000
169.5525	82.1800	42.8000
172.3942	82.1000	42.8000
175.2836	82.0900	43.1000
178.2214	82.1700	43.5000
181.2084	82.3300	43.5000
184.2455	82.5100	43.1000
187.3335	82.7000	42.3000
190.4733	82.8700	41.2000
193.6656	83.0000	39.8000
196.9115	83.0900	38.3000
200.2118	83.1300	36.8000
203.5674	83.1400	35.6000
206.9792	83.1500	34.4000
210.4483	83.1700	33.5000
213.9754	83.2100	32.5000
217.5617	83.2600	31.4000
221.2081	83.3200	30.2000
224.9156	83.3700	28.7000
228.6852	83.3500	27.1000
232.5181	83.2800	25.6000
236.4151	83.1700	24.4000
240.3775	83.0700	23.7000
244.4063	83.0200	23.3000
248.5026	83.0200	22.8000
252.6676	83.0500	22.0000
256.9023	83.0700	20.8000
261.2081	83.0400	19.4000
265.5860	82.9500	18.1000
270.0373	82.8200	17.1000
274.5632	82.6800	16.5000
279.1649	82.5500	16.2000
283.8438	82.4500	16.0000
288.6011	82.3800	16.0000
293.4381	82.3500	16.0000
298.3562	82.3600	15.9000
303.3567	82.3900	15.7000
308.4410	82.4300	15.2000
313.6106	82.4500	14.5000
318.8668	82.4600	13.7000
324.2111	82.4300	12.9000
329.6449	82.3800	12.2000
335.1698	82.3300	11.6000
340.7874	82.3000	11.1000
346.4991	82.2800	10.4000
352.3065	82.2400	9.6000
358.2112	82.1600	8.7000
364.2149	82.0500	8.0000
370.3193	81.9200	7.6000
376.5259	81.7900	7.4000
382.8366	81.6700	7.4000
389.2530	81.5600	7.6000
395.7770	81.4600	8.1000
402.4103	81.4200	8.8000
409.1548	81.4500	9.4000
416.0123	81.5500	9.8000
422.9848	81.6900	9.8000
430.0741	81.8400	9.3000
437.2823	81.9800	8.4000
444.6112	82.0900	7.2000
452.0630	82.1800	5.6000
459.6397	82.2200	3.5000
467.3434	82.1700	1.0000
475.1762	81.9800	-1.5000
483.1402	81.6700	-3.6000
491.2378	81.2500	-4.9000
499.4710	80.7800	-5.3000
507.8423	80.3200	-4.7000
516.3539	79.9300	-3.1000
525.0081	79.7000	-0.9000
533.8074	79.6300	1.3000
542.7541	79.6800	3.2000
551.8508	79.8500	4.7000
561.0999	80.1100	5.4000
570.5041	80.3600	4.7000
580.0659	80.5000	3.1000
589.7879	80.4900	1.1000
599.6729	80.3100	-0.7000
609.7236	80.0000	-1.7000
619.9427	79.6600	-1.6000
630.3331	79.4000	-0.8000
640.8976	79.2100	0.2000
651.6392	79.0300	1.3000
662.5609	78.8900	3.0000
673.6656	78.8800	5.1000
684.9564	79.0000	6.8000
696.4364	79.1800	8.0000
708.1088	79.4200	8.9000
719.9769	79.7300	9.0000
732.0439	80.0500	7.9000
744.3131	80.2100	5.7000
756.7880	80.1400	3.2000
769.4720	79.9000	1.6000
782.3685	79.5600	1.1000
795.4812	79.1900	1.7000
808.8137	78.8900	3.9000
822.3696	78.7700	6.9000
836.1527	78.8900	10.3000
850.1668	79.2800	13.3000
864.4158	79.8300	14.9000
878.9036	80.4300	15.4000
893.6343	81.0800	14.6000
908.6118	81.7200	11.9000
923.8404	82.1400	6.9000
939.3242	82.1100	1.1000
955.0675	81.6800	-3.1000
971.0746	81.1500	-4.7000
987.3501	80.7700	-4.7000
1003.8983	80.6000	-4.4000
1020.7239	80.5600	-5.0000
1037.8315	80.4400	-6.5000
1055.2258	80.1300	-8.2000
1072.9116	79.6500	-8.7000
1090.8939	79.1200	-7.6000
1109.1775	78.7600	-4.9000
1127.7676	78.6700	-2.1000
1146.6693	78.6800	-0.3000
1165.8877	78.6800	1.3000
1185.4283	78.7100	3.1000
1205.2964	78.8200	4.9000
1225.4974	78.9700	6.5000
1246.0371	79.1700	7.9000
1266.9209	79.4300	9.1000
1288.1549	79.7600	10.1000
1309.7446	80.2000	10.3000
1331.6963	80.5900	9.1000
1354.0158	80.8200	7.1000
1376.7095	80.8700	5.3000
1399.7835	80.8800	4.6000
1423.2442	81.0000	4.2000
1447.0981	81.2000	3.3000
1471.3518	81.3800	1.6000
1496.0120	81.4400	-0.7000
1521.0856	81.3800	-2.8000
1546.5793	81.2700	-4.4000
1572.5004	81.1500	-5.8000
1598.8559	81.0200	-7.1000
1625.6531	80.8500	-8.5000
1652.8994	80.5600	-9.6000
1680.6024	80.2000	-9.6000
1708.7697	79.8800	-8.5000
1737.4091	79.7300	-6.3000
1766.5285	79.8500	-4.0000
1796.1360	80.1700	-3.1000
1826.2397	80.4600	-3.8000
1856.8479	80.6300	-5.2000
1887.9691	80.7100	-7.0000
1919.6120	80.6500	-9.0000
1951.7851	80.4100	-10.3000
1984.4975	80.1600	-10.1000
2017.7582	80.1000	-9.2000
2051.5763	80.1800	-8.7000
2085.9612	80.3000	-8.9000
2120.9224	80.4400	-9.9000
2156.4696	80.4500	-11.7000
2192.6126	80.2700	-13.1000
2229.3613	80.0400	-13.3000
2266.7259	79.9500	-12.6000
2304.7168	79.9800	-12.4000
2343.3444	80.0300	-12.4000
2382.6195	80.1400	-12.8000
2422.5528	80.2100	-13.8000
2463.1553	80.2200	-14.7000
2504.4384	80.2300	-15.5000
2546.4134	80.3000	-16.4000
2589.0919	80.3900	-17.9000
2632.4858	80.4000	-20.2000
2676.6069	80.2900	-22.6000
2721.4674	80.0800	-24.8000
2767.0799	79.7600	-26.5000
2813.4568	79.4300	-27.5000
2860.6111	79.1300	-28.1000
2908.5556	78.8300	-28.6000
2957.3037	78.5000	-28.7000
3006.8689	78.1800	-28.2000
3057.2647	77.9300	-27.3000
3108.5052	77.7900	-26.3000
3160.6045	77.7300	-25.7000
3213.5770	77.6400	-25.7000
3267.4374	77.5000	-25.6000
3322.2004	77.3700	-25.3000
3377.8813	77.2500	-24.9000
3434.4954	77.1800	-24.6000
3492.0584	77.1100	-24.5000
3550.5862	77.0200	-24.6000
3610.0949	76.9100	-24.7000
3670.6009	76.7800	-24.8000
3732.1211	76.6300	-24.8000
3794.6724	76.4500	-24.8000
3858.2720	76.2100	-24.5000
3922.9376	75.9300	-23.4000
3988.6870	75.7400	-21.2000
4055.5384	75.8100	-18.7000
4123.5102	76.0300	-17.6000
4192.6212	76.1600	-17.6000
4262.8906	76.1700	-17.5000
4334.3377	76.2400	-16.6000
4406.9822	76.4600	-16.1000
4480.8443	76.7200	-16.6000
4555.9444	76.8900	-18.0000
4632.3031	76.9700	-19.9000
4709.9417	76.9400	-21.8000
4788.8814	76.8000	-23.5000
4869.1443	76.6100	-24.4000
4950.7523	76.4700	-24.9000
5033.7281	76.4000	-25.4000
5118.0947	76.3100	-26.3000
5203.8752	76.1400	-27.1000
5291.0934	75.9500	-27.2000
5379.7734	75.8000	-27.1000
5469.9397	75.6400	-26.4000
5561.6173	75.6400	-24.4000
5654.8313	76.0600	-22.4000
5749.6077	76.7500	-22.6000
5845.9725	77.5300	-24.9000
5943.9525	78.4000	-30.1000
6043.5746	79.0900	-39.8000
6144.8664	79.1700	-53.1000
6247.8558	78.5000	-67.2000
6352.5714	77.1500	-79.8000
6459.0421	75.2200	-89.5000
6567.2972	72.6900	-94.4000
6677.3667	69.5700	-90.4000
6789.2810	66.5300	-71.9000
6903.0710	65.8500	-48.5000
7018.7682	67.6500	-40.2000
7136.4045	69.3600	-50.5000
7256.0123	69.7800	-78.3000
7377.6249	68.8300	-121.6000
7501.2757	67.5000	141.3000
7626.9989	67.8500	121.2000
7754.8293	69.0600	78.9000
7884.8021	70.0500	54.5000
8016.9533	70.8200	40.7000
8151.3194	71.4900	31.4000
8287.9375	71.9700	22.6000
8426.8454	71.7900	13.5000
8568.0814	70.7300	10.4000
8711.6845	69.9200	16.3000
8857.6945	70.4400	25.6000
9006.1516	71.7500	30.1000
9157.0969	72.9300	30.5000
9310.5721	74.0100	29.4000
9466.6196	75.1200	26.8000
9625.2825	76.0800	20.8000
9786.6046	76.4600	13.7000
9950.6305	76.6500	8.8000
10117.4050	76.9700	5.5000
10286.9760	77.5200	1.9000
10459.3880	78.1200	-3.2000
10634.6900	78.6800	-9.9000
10812.9300	79.1900	-18.3000
10994.1570	79.4200	-29.7000
11178.4220	78.9900	-41.9000
11365.7750	77.9600	-51.4000
11556.2680	76.6900	-56.9000
11749.9540	75.4600	-58.4000
11946.8860	74.7400	-58.0000
12147.1190	74.5200	-59.2000
12350.7080	74.3400	-62.6000
12557.7080	74.1700	-66.3000
12768.1790	74.1200	-71.0000
12982.1770	74.1100	-77.4000
13199.7610	74.0100	-87.0000
13420.9920	73.4100	-100.2000
13645.9310	71.9300	-113.7000
13874.6410	69.5200	-121.5000
14107.1830	66.7500	-121.2000
14343.6230	64.2100	-116.2000
14584.0250	62.1000	-109.2000
14828.4570	60.4700	-99.5000
15076.9860	59.4800	-88.5000
15329.6800	59.0500	-77.8000
15586.6090	59.2900	-69.2000
15847.8440	59.9000	-65.9000
16113.4580	60.3700	-65.3000
16383.5240	60.9200	-65.3000
16658.1150	61.6500	-70.4000
16937.3100	61.7200	-79.4000
17221.1830	61.1700	-87.7000
17509.8140	60.0900	-93.8000
17803.2830	58.8500	-97.5000
18101.6700	57.6100	-99.0000
18405.0590	56.2400	-99.3000
18713.5320	54.8800	-99.9000
19027.1760	54.1400	-101.0000
19346.0760	53.6100	-104.0000
19670.3210	53.0200	-107.8000
20000.0000	52.6900	-110.4000