5.00000	50.877	129.655
5.07273	50.965	129.634
5.14651	51.078	129.606
5.22137	51.230	129.569
5.29732	51.398	129.528
5.37437	51.584	129.482
5.45254	51.769	129.435
5.53185	51.954	129.388
5.61231	52.140	129.340
5.69394	52.325	129.291
5.77676	52.510	129.242
5.86079	52.695	129.192
5.94604	52.881	129.141
6.03252	53.066	129.089
6.12027	53.251	129.037
6.20929	53.437	128.984
6.29961	53.622	128.930
6.39124	53.807	128.875
6.48420	53.993	128.820
6.57851	54.178	128.764
6.67420	54.363	128.706
6.77128	54.548	128.648
6.86977	54.734	128.590
6.96969	54.919	128.530
7.07107	55.104	128.470
7.17392	55.290	128.408
7.27827	55.475	128.346
7.38413	55.660	128.283
7.49154	55.846	128.218
7.60050	56.031	128.153
7.71105	56.216	128.087
7.82321	56.401	128.020
7.93701	56.587	127.952
8.05245	56.772	127.883
8.16958	56.957	127.813
8.28841	57.143	127.742
8.40896	57.328	127.670
8.53128	57.513	127.597
8.65537	57.698	127.522
8.78126	57.884	127.447
8.90899	58.069	127.370
9.03857	58.254	127.293
9.17004	58.440	127.214
9.30342	58.625	127.134
9.43874	58.810	127.053
9.57603	58.996	126.970
9.71532	59.181	126.887
9.85663	59.366	126.802
10.0000	59.551	126.716
10.1455	59.737	126.629
10.2930	59.922	126.540
10.4427	60.107	126.450
10.5946	60.293	126.359
10.7487	60.478	126.266
10.9051	60.663	126.172
11.0637	60.849	126.077
11.2246	61.034	125.980
11.3879	61.219	125.881
11.5535	61.404	125.782
11.7216	61.590	125.680
11.8921	61.775	125.578
12.0650	61.960	125.473
12.2405	62.146	125.367
12.4186	62.331	125.260
12.5992	62.516	125.151
12.7825	62.702	125.040
12.9684	62.887	124.927
13.1570	63.072	124.813
13.3484	63.257	124.697
13.5426	63.443	124.580
13.7395	63.628	124.460
13.9394	63.813	124.339
14.1421	63.999	124.215
14.3478	64.184	124.090
14.5565	64.369	123.963
14.7683	64.555	123.834
14.9831	64.740	123.704
15.2010	64.925	123.571
15.4221	65.110	123.436
15.6464	65.296	123.299
15.8740	65.481	123.159
16.1049	65.666	123.018
16.3392	65.852	122.875
16.5768	66.037	122.729
16.8179	66.222	122.581
17.0626	66.407	122.431
17.3107	66.593	122.278
17.5625	66.778	122.123
17.8180	66.963	121.966
18.0771	67.149	121.806
18.3401	67.334	121.643
18.6068	67.519	121.478
18.8775	67.705	121.310
19.1521	67.890	121.140
19.4306	68.075	120.967
19.7133	68.260	120.791
20.0000	68.446	120.613
20.2909	68.631	120.431
20.5860	68.816	120.247
20.8855	69.002	120.059
21.1893	69.187	119.869
21.4975	69.372	119.675
21.8102	69.558	119.478
22.1274	69.743	119.278
22.4492	69.928	119.074
22.7758	70.113	118.868
23.1071	70.299	118.657
23.4432	70.484	118.443
23.7841	70.669	118.226
24.1301	70.855	118.005
24.4811	71.040	117.780
24.8372	71.225	117.551
25.1984	71.411	117.318
25.5649	71.596	117.081
25.9368	71.781	116.840
26.3141	71.966	116.594
26.6968	72.152	116.344
27.0851	72.337	116.090
27.4791	72.522	115.830
27.8788	72.708	115.567
28.2843	72.893	115.298
28.6957	73.078	115.024
29.1131	73.264	114.744
29.5365	73.449	114.460
29.9661	73.634	114.170
30.4020	73.819	113.874
30.8442	74.005	113.572
31.2929	74.190	113.263
31.7480	74.375	112.949
32.2098	74.561	112.628
32.6783	74.746	112.299
33.1536	74.931	111.964
33.6359	75.116	111.621
34.1251	75.302	111.270
34.6215	75.487	110.911
35.1250	75.672	110.543
35.6359	75.858	110.166
36.1543	76.043	109.779
36.6802	76.228	109.382
37.2137	76.414	108.975
37.7550	76.599	108.556
38.3041	76.784	108.124
38.8613	76.969	107.679
39.4265	77.155	107.220
40.0000	77.340	106.746
40.5818	77.525	106.254
41.1721	77.711	105.745
41.7710	77.896	105.214
42.3785	78.081	104.662
42.9949	78.267	104.083
43.6203	78.452	103.476
44.2548	78.637	102.835
44.8985	78.822	102.156
45.5515	79.008	101.430
46.2141	79.193	100.649
46.8863	79.378	99.798
47.5683	79.564	98.856
48.2602	79.749	97.787
48.9621	79.931	96.531
49.6743	80.095	95.035
50.3968	80.219	93.277
51.1299	80.261	91.330
51.8736	80.201	89.399
52.6281	80.047	87.718
53.3936	79.786	86.548
54.1702	79.468	86.221
54.9581	79.169	86.886
55.7575	78.921	88.462
56.5685	78.784	90.817
57.3914	78.804	93.567
58.2261	78.973	96.190
59.0730	79.256	98.359
59.9323	79.612	99.839
60.8040	79.969	100.705
61.6884	80.300	101.211
62.5857	80.606	101.587
63.4960	80.907	101.878
64.4196	81.216	102.083
65.3566	81.528	102.197
66.3073	81.856	102.201
67.2717	82.170	102.077
68.2502	82.469	101.926
69.2429	82.787	101.768
70.2501	83.121	101.548
71.2719	83.459	101.182
72.3086	83.817	100.625
73.3603	84.174	99.850
74.4274	84.501	98.862
75.5099	84.807	97.683
76.6083	85.087	96.418
77.7226	85.320	95.220
78.8531	85.568	94.110
80.0000	85.825	92.985
81.1636	86.069	91.762
82.3442	86.317	90.447
83.5419	86.538	88.972
84.7570	86.712	87.410
85.9899	86.852	85.943
87.2406	86.961	84.696
88.5096	87.074	83.666
89.7970	87.205	82.863
91.1031	87.364	82.199
92.4282	87.581	81.555
93.7726	87.847	80.770
95.1366	88.147	79.736
96.5204	88.471	78.267
97.9243	88.763	76.346
99.3486	88.995	74.121
100.794	89.163	71.692
102.260	89.250	69.209
103.747	89.272	66.910
105.256	89.259	64.908
106.787	89.233	63.235
108.340	89.223	61.754
109.916	89.225	60.380
111.515	89.240	59.062
113.137	89.269	57.672
114.783	89.285	56.222
116.452	89.283	54.765
118.146	89.257	53.339
119.865	89.209	51.992
121.608	89.147	50.728
123.377	89.053	49.553
125.171	88.936	48.620
126.992	88.808	48.021
128.839	88.680	47.775
130.713	88.582	47.996
132.615	88.559	48.522
134.543	88.622	49.116
136.500	88.785	49.420
138.486	89.002	49.173
140.500	89.214	48.480
142.544	89.414	47.400
144.617	89.564	46.024
146.721	89.648	44.611
148.855	89.706	43.225
151.020	89.736	41.854
153.217	89.747	40.480
155.445	89.745	39.126
157.706	89.722	37.732
160.000	89.665	36.355
162.327	89.562	35.063
164.688	89.400	33.972
167.084	89.200	33.335
169.514	89.002	33.235
171.980	88.834	33.638
174.481	88.745	34.495
177.019	88.760	35.496
179.594	88.877	36.254
182.206	89.052	36.558
184.856	89.233	36.413
187.545	89.415	35.897
190.273	89.559	35.058
193.041	89.647	34.126
195.849	89.720	33.202
198.697	89.763	32.310
201.587	89.773	31.495
204.520	89.773	30.769
207.494	89.746	30.217
210.512	89.719	29.884
213.574	89.716	29.668
216.681	89.726	29.577
219.833	89.776	29.593
223.030	89.874	29.485
226.274	90.006	29.145
229.565	90.156	28.569
232.905	90.306	27.662
236.292	90.430	26.477
239.729	90.501	25.225
243.216	90.543	23.958
246.754	90.560	22.698
250.343	90.545	21.531
253.984	90.525	20.457
257.678	90.498	19.389
261.426	90.452	18.341
265.229	90.391	17.372
269.087	90.320	16.463
273.001	90.232	15.632
276.972	90.120	14.911
281.000	89.996	14.374
285.088	89.874	14.015
289.234	89.740	13.929
293.441	89.627	14.188
297.709	89.562	14.721
302.040	89.550	15.406
306.433	89.594	16.078
310.890	89.709	16.463
315.412	89.861	16.418
320.000	90.015	15.850
324.655	90.140	14.886
329.377	90.208	13.663
334.168	90.204	12.436
339.028	90.145	11.384
343.959	90.041	10.639
348.962	89.932	10.283
354.038	89.850	10.197
359.188	89.795	10.247
364.412	89.772	10.373
369.713	89.775	10.474
375.090	89.802	10.536
380.546	89.849	10.509
386.081	89.902	10.411
391.697	89.976	10.237
397.394	90.058	9.917
403.175	90.144	9.399
409.039	90.230	8.664
414.989	90.283	7.704
421.025	90.289	6.634
427.149	90.225	5.685
433.362	90.118	5.078
439.665	90.017	4.909
446.060	89.955	5.118
452.548	89.986	5.462
459.131	90.084	5.551
465.809	90.202	5.238
472.584	90.314	4.543
479.458	90.378	3.530
486.432	90.389	2.391
493.507	90.363	1.312
500.686	90.309	0.325
507.968	90.236	-0.589
515.357	90.132	-1.364
522.853	90.008	-1.924
530.458	89.876	-2.231
538.174	89.754	-2.236
546.002	89.663	-1.983
553.943	89.625	-1.614
562.001	89.639	-1.312
570.175	89.681	-1.183
578.469	89.748	-1.230
586.883	89.818	-1.502
595.419	89.873	-1.935
604.080	89.921	-2.473
612.866	89.954	-3.125
621.780	89.970	-3.849
630.824	89.976	-4.589
640.000	89.973	-5.357
649.309	89.963	-6.162
658.753	89.943	-7.032
668.335	89.907	-7.984
678.056	89.849	-9.036
687.919	89.754	-10.181
697.925	89.610	-11.371
708.077	89.404	-12.457
718.376	89.125	-13.294
728.825	88.782	-13.664
739.426	88.405	-13.296
750.181	88.057	-12.044
761.093	87.803	-10.066
772.163	87.694	-7.696
783.394	87.723	-5.447
794.789	87.837	-3.684
806.349	87.982	-2.369
818.078	88.126	-1.314
829.977	88.264	-0.294
842.050	88.465	0.680
854.298	88.706	1.311
866.724	88.985	1.630
879.330	89.275	1.469
892.120	89.550	0.893
905.097	89.787	0.116
918.262	89.989	-0.985
931.618	90.150	-2.347
945.169	90.259	-3.901
958.917	90.281	-5.668
972.864	90.220	-7.312
987.015	90.094	-8.585
1001.37	89.953	-9.391
1015.94	89.810	-9.687
1030.71	89.748	-9.563
1045.71	89.729	-9.385
1060.92	89.753	-9.211
1076.35	89.820	-9.179
1092.00	89.872	-9.348
1107.89	89.935	-9.528
1124.00	90.037	-9.806
1140.35	90.139	-10.341
1156.94	90.265	-11.017
1173.77	90.394	-11.990
1190.84	90.494	-13.274
1208.16	90.543	-14.719
1225.73	90.536	-16.226
1243.56	90.452	-17.714
1261.65	90.311	-18.967
1280.00	90.121	-19.895
1298.62	89.908	-20.365
1317.51	89.719	-20.384
1336.67	89.580	-20.037
1356.11	89.519	-19.552
1375.84	89.524	-19.185
1395.85	89.557	-19.013
1416.15	89.617	-19.032
1436.75	89.677	-19.218
1457.65	89.726	-19.542
1478.85	89.764	-19.902
1500.36	89.813	-20.304
1522.19	89.854	-20.857
1544.33	89.854	-21.385
1566.79	89.847	-21.766
1589.58	89.839	-22.037
1612.70	89.820	-22.090
1636.16	89.852	-21.975
1659.95	89.920	-21.825
1684.10	90.065	-21.775
1708.60	90.253	-22.025
1733.45	90.450	-22.603
1758.66	90.665	-23.522
1784.24	90.849	-24.775
1810.19	90.992	-26.198
1836.52	91.124	-27.771
1863.24	91.217	-29.464
1890.34	91.296	-31.242
1917.83	91.338	-33.110
1945.73	91.318	-34.949
1974.03	91.252	-36.729
2002.74	91.143	-38.479
2031.87	91.016	-40.217
2061.43	90.900	-42.012
2091.41	90.789	-43.836
2121.83	90.686	-45.686
2152.69	90.565	-47.440
2184.01	90.404	-48.993
2215.77	90.207	-50.206
2248.00	90.018	-51.106
2280.70	89.852	-51.875
2313.87	89.705	-52.561
2347.53	89.591	-53.309
2381.68	89.488	-54.233
2416.32	89.368	-55.213
2451.46	89.238	-56.195
2487.12	89.092	-57.124
2523.30	88.941	-57.981
2560.00	88.782	-58.749
2597.24	88.621	-59.378
2635.01	88.470	-59.868
2673.34	88.345	-60.264
2712.23	88.251	-60.658
2751.68	88.190	-61.167
2791.70	88.142	-61.881
2832.31	88.094	-62.753
2873.50	88.050	-63.768
2915.30	87.999	-64.943
2957.70	87.945	-66.275
3000.72	87.875	-67.768
3044.37	87.767	-69.412
3088.65	87.616	-71.125
3133.58	87.409	-72.825
3179.16	87.149	-74.356
3225.40	86.853	-75.632
3272.31	86.531	-76.609
3319.91	86.208	-77.213
3368.20	85.916	-77.501
3417.19	85.665	-77.629
3466.89	85.458	-77.701
3517.32	85.299	-77.862
3568.48	85.166	-78.177
3620.39	85.048	-78.618
3673.05	84.943	-79.196
3726.47	84.837	-79.899
3780.67	84.722	-80.754
3835.67	84.594	-81.769
3891.46	84.439	-82.917
3948.06	84.244	-84.137
4005.49	84.026	-85.363
4063.75	83.787	-86.575
4122.86	83.524	-87.751
4182.82	83.257	-88.914
4243.66	82.982	-90.009
4305.39	82.698	-91.061
4368.01	82.395	-92.128
4431.55	82.067	-93.129
4496.01	81.723	-94.068
4561.40	81.352	-94.999
4627.75	80.956	-95.785
4695.06	80.540	-96.387
4763.35	80.089	-96.783
4832.64	79.623	-96.959
4902.93	79.137	-96.891
4974.24	78.639	-96.533
5046.60	78.158	-95.787
5120.00	77.724	-94.632
5194.47	77.368	-93.142
5270.03	77.125	-91.511
5346.68	77.005	-90.195
5424.45	76.977	-89.604
5503.35	76.987	-89.978
5583.40	76.967	-91.451
5664.61	76.818	-93.694
5747.01	76.484	-96.275
5830.60	75.896	-98.861
5915.41	75.033	-101.019
6001.45	73.919	-102.471
6088.74	72.582	-103.013
6177.30	71.081	-102.251
6267.15	69.476	-99.806
6358.31	67.780	-95.196
6450.80	66.054	-87.775
6544.62	64.440	-76.202
6639.82	63.255	-58.541
6736.40	62.981	-34.149
6834.38	63.977	-10.087
6933.79	65.854	4.665
7034.64	68.209	11.746
7136.96	70.546	12.975
7240.77	72.514	11.083
7346.09	74.162	7.363
7452.94	75.403	2.227
7561.35	76.211	-3.476
7671.33	76.673	-9.132
7782.91	76.779	-14.289
7896.12	76.592	-18.225
8010.97	76.235	-20.366
8127.49	75.902	-20.215
8245.71	75.786	-18.224
8365.65	76.050	-15.594
8487.33	76.630	-14.156
8610.78	77.313	-14.732
8736.03	77.968	-16.902
8863.09	78.460	-20.183
8992.01	78.756	-24.066
9122.80	78.916	-28.061
9255.50	78.940	-32.239
9390.12	78.808	-36.454
9526.70	78.483	-40.395
9665.27	77.970	-43.732
9805.86	77.296	-46.223
9948.49	76.486	-47.290
10093.2	75.668	-46.614
10240.0	74.974	-44.521
10388.9	74.498	-41.426
10540.1	74.367	-37.812
10693.4	74.648	-34.353
10848.9	75.280	-31.402
11006.7	76.163	-29.213
11166.8	77.125	-27.836
11329.2	78.037	-27.615
11494.0	78.796	-28.839
11661.2	79.349	-31.363
11830.8	79.666	-35.059
12002.9	79.740	-39.607
12177.5	79.591	-44.400
12354.6	79.266	-49.065
12534.3	78.804	-53.293
12716.6	78.219	-56.808
12901.6	77.544	-59.414
13089.2	76.851	-61.083
13279.6	76.172	-61.940
13472.8	75.533	-62.119
13668.8	74.961	-62.131
13867.6	74.340	-62.253
14069.3	73.573	-61.932
14273.9	72.629	-60.364
14481.5	71.633	-56.078
14692.2	70.876	-47.592
14905.9	70.705	-35.733
15122.7	71.274	-24.730
15342.7	72.429	-18.193
15565.8	73.771	-16.322
15792.2	75.028	-17.847
16021.9	76.033	-21.472
16255.0	76.727	-26.448
16491.4	77.099	-32.113
16731.3	77.186	-38.073
16974.7	76.968	-44.074
17221.6	76.424	-49.517
17472.1	75.579	-54.184
17726.2	74.379	-56.851
17984.0	72.964	-55.848
18245.6	71.768	-49.427
18511.0	71.152	-36.720
18780.2	71.553	-23.645
19053.4	72.677	-17.288
19330.5	73.922	-16.095
19611.7	75.012	-18.160
19897.0	75.730	-21.650
20186.4	76.097	-25.408
20480.0	76.230	-28.903
20777.9	76.204	-31.883
21080.1	76.130	-34.214
21386.7	76.034	-36.091
21697.8	75.938	-37.612
22013.4	75.842	-38.909
22333.6	75.746	-40.045
22658.4	75.650	-41.057
22988.0	75.554	-41.971
23322.4	75.458	-42.807
23661.6	75.362	-43.576
24005.8	75.266	-44.289
24355.0	75.170	-44.955
24709.2	75.074	-45.579
25068.6	74.978	-46.167
25433.2	74.882	-46.723
25803.2	74.786	-47.250
26178.5	74.690	-47.752
26559.3	74.594	-48.230
26945.6	74.498	-48.687
27337.5	74.402	-49.124
27735.2	74.306	-49.544
28138.6	74.210	-49.948
28547.9	74.115	-50.337
28963.1	74.019	-50.711
29384.4	73.923	-51.073
29811.8	73.827	-51.422
30245.4	73.731	-51.760
30685.3	73.635	-52.087
31131.7	73.539	-52.404
31584.5	73.443	-52.712
32043.9	73.347	-53.011
32510.0	73.251	-53.301
32982.8	73.155	-53.583
33462.6	73.059	-53.857
33949.3	72.963	-54.125
34443.1	72.867	-54.385
34944.1	72.771	-54.638
35452.4	72.675	-54.885
35968.0	72.579	-55.127
36491.2	72.483	-55.362
37022.0	72.387	-55.592
37560.5	72.291	-55.817
38106.8	72.204	-56.017
38661.1	72.126	-56.196
39223.4	72.067	-56.329
39793.9	72.022	-56.431
